GLS: deposited 0 into CPU regfile + read ports
SDF ERROR: /home/yousefzadeha/workspace/BCI_paper/sim/build_riscv_gls_5m_tuned_100/soc.icarus.sdf:225158: Cannot find u_dmem_icg in scope tb_fw_mnist.u_soc.
SDF ERROR: /home/yousefzadeha/workspace/BCI_paper/sim/build_riscv_gls_5m_tuned_100/soc.icarus.sdf:225167: Cannot find u_imem_icg in scope tb_fw_mnist.u_soc.
SDF ERROR: /home/yousefzadeha/workspace/BCI_paper/sim/build_riscv_gls_5m_tuned_100/soc.icarus.sdf:225176: Cannot find u_sleep in scope tb_fw_mnist.u_soc.
SDF: annotated /home/yousefzadeha/workspace/BCI_paper/sim/build_riscv_gls_5m_tuned_100/soc.icarus.sdf onto u_soc
VCD info: dumpfile /home/yousefzadeha/workspace/BCI_paper/sim/build_riscv_gls_5m_tuned_100/riscv_gls_5m_tuned_100.vcd opened for output.
WAVEFORM: dumping to /home/yousefzadeha/workspace/BCI_paper/sim/build_riscv_gls_5m_tuned_100/riscv_gls_5m_tuned_100.vcd (level=1)
CLK: period=200 ns  reset_cycles=64  sleep_cycles=10000
FW: loaded imem.hex and dmem.hex
TB: reset released at t=12800000
TB: power-on sleep — wake for init
TB: post-init sleep — hold 10000 cycles
GLS_PROGRESS cycle=2000 max=5000000
GLS_PROGRESS cycle=4000 max=5000000
GLS_PROGRESS cycle=6000 max=5000000
GLS_PROGRESS cycle=8000 max=5000000
GLS_PROGRESS cycle=10000 max=5000000
TB: wake for inference
GLS_PROGRESS cycle=12000 max=5000000
GLS_PROGRESS cycle=14000 max=5000000
GLS_PROGRESS cycle=16000 max=5000000
GLS_PROGRESS cycle=18000 max=5000000
GLS_PROGRESS cycle=20000 max=5000000
GLS_PROGRESS cycle=22000 max=5000000
GLS_PROGRESS cycle=24000 max=5000000
GLS_PROGRESS cycle=26000 max=5000000
GLS_PROGRESS cycle=28000 max=5000000
GLS_PROGRESS cycle=30000 max=5000000
GLS_PROGRESS cycle=32000 max=5000000
GLS_PROGRESS cycle=34000 max=5000000
GLS_PROGRESS cycle=36000 max=5000000
GLS_PROGRESS cycle=38000 max=5000000
GLS_PROGRESS cycle=40000 max=5000000
GLS_PROGRESS cycle=42000 max=5000000
GLS_PROGRESS cycle=44000 max=5000000
GLS_PROGRESS cycle=46000 max=5000000
GLS_PROGRESS cycle=48000 max=5000000
GLS_PROGRESS cycle=50000 max=5000000
GLS_PROGRESS cycle=52000 max=5000000
GLS_PROGRESS cycle=54000 max=5000000
GLS_PROGRESS cycle=56000 max=5000000
GLS_PROGRESS cycle=58000 max=5000000
GLS_PROGRESS cycle=60000 max=5000000
GLS_PROGRESS cycle=62000 max=5000000
GLS_PROGRESS cycle=64000 max=5000000
GLS_PROGRESS cycle=66000 max=5000000
GLS_PROGRESS cycle=68000 max=5000000
GLS_PROGRESS cycle=70000 max=5000000
GLS_PROGRESS cycle=72000 max=5000000
GLS_PROGRESS cycle=74000 max=5000000
GLS_PROGRESS cycle=76000 max=5000000
GLS_PROGRESS cycle=78000 max=5000000
GLS_PROGRESS cycle=80000 max=5000000
GLS_PROGRESS cycle=82000 max=5000000
GLS_PROGRESS cycle=84000 max=5000000
GLS_PROGRESS cycle=86000 max=5000000
GLS_PROGRESS cycle=88000 max=5000000
GLS_PROGRESS cycle=90000 max=5000000
GLS_PROGRESS cycle=92000 max=5000000
GLS_PROGRESS cycle=94000 max=5000000
GLS_PROGRESS cycle=96000 max=5000000
GLS_PROGRESS cycle=98000 max=5000000
GLS_PROGRESS cycle=100000 max=5000000
GLS_PROGRESS cycle=102000 max=5000000
GLS_PROGRESS cycle=104000 max=5000000
GLS_PROGRESS cycle=106000 max=5000000
GLS_PROGRESS cycle=108000 max=5000000
GLS_PROGRESS cycle=110000 max=5000000
GLS_PROGRESS cycle=112000 max=5000000
GLS_PROGRESS cycle=114000 max=5000000
GLS_PROGRESS cycle=116000 max=5000000
GLS_PROGRESS cycle=118000 max=5000000
GLS_PROGRESS cycle=120000 max=5000000
GLS_PROGRESS cycle=122000 max=5000000
GLS_PROGRESS cycle=124000 max=5000000
GLS_PROGRESS cycle=126000 max=5000000
GLS_PROGRESS cycle=128000 max=5000000
GLS_PROGRESS cycle=130000 max=5000000
GLS_PROGRESS cycle=132000 max=5000000
GLS_PROGRESS cycle=134000 max=5000000
GLS_PROGRESS cycle=136000 max=5000000
GLS_PROGRESS cycle=138000 max=5000000
GLS_PROGRESS cycle=140000 max=5000000
GLS_PROGRESS cycle=142000 max=5000000
GLS_PROGRESS cycle=144000 max=5000000
GLS_PROGRESS cycle=146000 max=5000000
GLS_PROGRESS cycle=148000 max=5000000
GLS_PROGRESS cycle=150000 max=5000000
GLS_PROGRESS cycle=152000 max=5000000
GLS_PROGRESS cycle=154000 max=5000000
GLS_PROGRESS cycle=156000 max=5000000
GLS_PROGRESS cycle=158000 max=5000000
GLS_PROGRESS cycle=160000 max=5000000
GLS_PROGRESS cycle=162000 max=5000000
GLS_PROGRESS cycle=164000 max=5000000
GLS_PROGRESS cycle=166000 max=5000000
GLS_PROGRESS cycle=168000 max=5000000
GLS_PROGRESS cycle=170000 max=5000000
GLS_PROGRESS cycle=172000 max=5000000
GLS_PROGRESS cycle=174000 max=5000000
GLS_PROGRESS cycle=176000 max=5000000
GLS_PROGRESS cycle=178000 max=5000000
GLS_PROGRESS cycle=180000 max=5000000
GLS_PROGRESS cycle=182000 max=5000000
GLS_PROGRESS cycle=184000 max=5000000
GLS_PROGRESS cycle=186000 max=5000000
GLS_PROGRESS cycle=188000 max=5000000
GLS_PROGRESS cycle=190000 max=5000000
GLS_PROGRESS cycle=192000 max=5000000
GLS_PROGRESS cycle=194000 max=5000000
GLS_PROGRESS cycle=196000 max=5000000
GLS_PROGRESS cycle=198000 max=5000000
GLS_PROGRESS cycle=200000 max=5000000
GLS_PROGRESS cycle=202000 max=5000000
GLS_PROGRESS cycle=204000 max=5000000
GLS_PROGRESS cycle=206000 max=5000000
GLS_PROGRESS cycle=208000 max=5000000
GLS_PROGRESS cycle=210000 max=5000000
GLS_PROGRESS cycle=212000 max=5000000
GLS_PROGRESS cycle=214000 max=5000000
GLS_PROGRESS cycle=216000 max=5000000
GLS_PROGRESS cycle=218000 max=5000000
GLS_PROGRESS cycle=220000 max=5000000
GLS_PROGRESS cycle=222000 max=5000000
GLS_PROGRESS cycle=224000 max=5000000
GLS_PROGRESS cycle=226000 max=5000000
GLS_PROGRESS cycle=228000 max=5000000
GLS_PROGRESS cycle=230000 max=5000000
GLS_PROGRESS cycle=232000 max=5000000
GLS_PROGRESS cycle=234000 max=5000000
GLS_PROGRESS cycle=236000 max=5000000
GLS_PROGRESS cycle=238000 max=5000000
GLS_PROGRESS cycle=240000 max=5000000
GLS_PROGRESS cycle=242000 max=5000000
GLS_PROGRESS cycle=244000 max=5000000
GLS_PROGRESS cycle=246000 max=5000000
GLS_PROGRESS cycle=248000 max=5000000
GLS_PROGRESS cycle=250000 max=5000000
GLS_PROGRESS cycle=252000 max=5000000
GLS_PROGRESS cycle=254000 max=5000000
GLS_PROGRESS cycle=256000 max=5000000
GLS_PROGRESS cycle=258000 max=5000000
GLS_PROGRESS cycle=260000 max=5000000
GLS_PROGRESS cycle=262000 max=5000000
GLS_PROGRESS cycle=264000 max=5000000
GLS_PROGRESS cycle=266000 max=5000000
GLS_PROGRESS cycle=268000 max=5000000
GLS_PROGRESS cycle=270000 max=5000000
GLS_PROGRESS cycle=272000 max=5000000
GLS_PROGRESS cycle=274000 max=5000000
GLS_PROGRESS cycle=276000 max=5000000
GLS_PROGRESS cycle=278000 max=5000000
GLS_PROGRESS cycle=280000 max=5000000
GLS_PROGRESS cycle=282000 max=5000000
GLS_PROGRESS cycle=284000 max=5000000
GLS_PROGRESS cycle=286000 max=5000000
GLS_PROGRESS cycle=288000 max=5000000
GLS_PROGRESS cycle=290000 max=5000000
GLS_PROGRESS cycle=292000 max=5000000
GLS_PROGRESS cycle=294000 max=5000000
GLS_PROGRESS cycle=296000 max=5000000
GLS_PROGRESS cycle=298000 max=5000000
GLS_PROGRESS cycle=300000 max=5000000
GLS_PROGRESS cycle=302000 max=5000000
GLS_PROGRESS cycle=304000 max=5000000
GLS_PROGRESS cycle=306000 max=5000000
GLS_PROGRESS cycle=308000 max=5000000
GLS_PROGRESS cycle=310000 max=5000000
GLS_PROGRESS cycle=312000 max=5000000
GLS_PROGRESS cycle=314000 max=5000000
GLS_PROGRESS cycle=316000 max=5000000
GLS_PROGRESS cycle=318000 max=5000000
GLS_PROGRESS cycle=320000 max=5000000
GLS_PROGRESS cycle=322000 max=5000000
GLS_PROGRESS cycle=324000 max=5000000
GLS_PROGRESS cycle=326000 max=5000000
GLS_PROGRESS cycle=328000 max=5000000
GLS_PROGRESS cycle=330000 max=5000000
GLS_PROGRESS cycle=332000 max=5000000
GLS_PROGRESS cycle=334000 max=5000000
GLS_PROGRESS cycle=336000 max=5000000
GLS_PROGRESS cycle=338000 max=5000000
GLS_PROGRESS cycle=340000 max=5000000
GLS_PROGRESS cycle=342000 max=5000000
GLS_PROGRESS cycle=344000 max=5000000
GLS_PROGRESS cycle=346000 max=5000000
GLS_PROGRESS cycle=348000 max=5000000
GLS_PROGRESS cycle=350000 max=5000000
GLS_PROGRESS cycle=352000 max=5000000
GLS_PROGRESS cycle=354000 max=5000000
GLS_PROGRESS cycle=356000 max=5000000
GLS_PROGRESS cycle=358000 max=5000000
GLS_PROGRESS cycle=360000 max=5000000
GLS_PROGRESS cycle=362000 max=5000000
GLS_PROGRESS cycle=364000 max=5000000
GLS_PROGRESS cycle=366000 max=5000000
GLS_PROGRESS cycle=368000 max=5000000
GLS_PROGRESS cycle=370000 max=5000000
GLS_PROGRESS cycle=372000 max=5000000
GLS_PROGRESS cycle=374000 max=5000000
GLS_PROGRESS cycle=376000 max=5000000
GLS_PROGRESS cycle=378000 max=5000000
GLS_PROGRESS cycle=380000 max=5000000
GLS_PROGRESS cycle=382000 max=5000000
GLS_PROGRESS cycle=384000 max=5000000
GLS_PROGRESS cycle=386000 max=5000000
GLS_PROGRESS cycle=388000 max=5000000
GLS_PROGRESS cycle=390000 max=5000000
GLS_PROGRESS cycle=392000 max=5000000
GLS_PROGRESS cycle=394000 max=5000000
GLS_PROGRESS cycle=396000 max=5000000
GLS_PROGRESS cycle=398000 max=5000000
GLS_PROGRESS cycle=400000 max=5000000
GLS_PROGRESS cycle=402000 max=5000000
GLS_PROGRESS cycle=404000 max=5000000
GLS_PROGRESS cycle=406000 max=5000000
GLS_PROGRESS cycle=408000 max=5000000
GLS_PROGRESS cycle=410000 max=5000000
GLS_PROGRESS cycle=412000 max=5000000
GLS_PROGRESS cycle=414000 max=5000000
GLS_PROGRESS cycle=416000 max=5000000
GLS_PROGRESS cycle=418000 max=5000000
GLS_PROGRESS cycle=420000 max=5000000
GLS_PROGRESS cycle=422000 max=5000000
GLS_PROGRESS cycle=424000 max=5000000
GLS_PROGRESS cycle=426000 max=5000000
GLS_PROGRESS cycle=428000 max=5000000
GLS_PROGRESS cycle=430000 max=5000000
GLS_PROGRESS cycle=432000 max=5000000
GLS_PROGRESS cycle=434000 max=5000000
GLS_PROGRESS cycle=436000 max=5000000
GLS_PROGRESS cycle=438000 max=5000000
GLS_PROGRESS cycle=440000 max=5000000
GLS_PROGRESS cycle=442000 max=5000000
GLS_PROGRESS cycle=444000 max=5000000
GLS_PROGRESS cycle=446000 max=5000000
GLS_PROGRESS cycle=448000 max=5000000
GLS_PROGRESS cycle=450000 max=5000000
GLS_PROGRESS cycle=452000 max=5000000
GLS_PROGRESS cycle=454000 max=5000000
GLS_PROGRESS cycle=456000 max=5000000
GLS_PROGRESS cycle=458000 max=5000000
GLS_PROGRESS cycle=460000 max=5000000
GLS_PROGRESS cycle=462000 max=5000000
GLS_PROGRESS cycle=464000 max=5000000
GLS_PROGRESS cycle=466000 max=5000000
GLS_PROGRESS cycle=468000 max=5000000
GLS_PROGRESS cycle=470000 max=5000000
GLS_PROGRESS cycle=472000 max=5000000
GLS_PROGRESS cycle=474000 max=5000000
GLS_PROGRESS cycle=476000 max=5000000
GLS_PROGRESS cycle=478000 max=5000000
GLS_PROGRESS cycle=480000 max=5000000
GLS_PROGRESS cycle=482000 max=5000000
GLS_PROGRESS cycle=484000 max=5000000
GLS_PROGRESS cycle=486000 max=5000000
GLS_PROGRESS cycle=488000 max=5000000
GLS_PROGRESS cycle=490000 max=5000000
GLS_PROGRESS cycle=492000 max=5000000
GLS_PROGRESS cycle=494000 max=5000000
GLS_PROGRESS cycle=496000 max=5000000
GLS_PROGRESS cycle=498000 max=5000000
GLS_PROGRESS cycle=500000 max=5000000
GLS_PROGRESS cycle=502000 max=5000000
GLS_PROGRESS cycle=504000 max=5000000
GLS_PROGRESS cycle=506000 max=5000000
GLS_PROGRESS cycle=508000 max=5000000
GLS_PROGRESS cycle=510000 max=5000000
GLS_PROGRESS cycle=512000 max=5000000
GLS_PROGRESS cycle=514000 max=5000000
GLS_PROGRESS cycle=516000 max=5000000
GLS_PROGRESS cycle=518000 max=5000000
GLS_PROGRESS cycle=520000 max=5000000
GLS_PROGRESS cycle=522000 max=5000000
GLS_PROGRESS cycle=524000 max=5000000
GLS_PROGRESS cycle=526000 max=5000000
GLS_PROGRESS cycle=528000 max=5000000
GLS_PROGRESS cycle=530000 max=5000000
GLS_PROGRESS cycle=532000 max=5000000
GLS_PROGRESS cycle=534000 max=5000000
GLS_PROGRESS cycle=536000 max=5000000
GLS_PROGRESS cycle=538000 max=5000000
GLS_PROGRESS cycle=540000 max=5000000
GLS_PROGRESS cycle=542000 max=5000000
GLS_PROGRESS cycle=544000 max=5000000
GLS_PROGRESS cycle=546000 max=5000000
GLS_PROGRESS cycle=548000 max=5000000
GLS_PROGRESS cycle=550000 max=5000000
TB: inference done (gpio_done) at t=110290500000
TB: post-infer sleep — hold 10000 cycles
GLS_PROGRESS cycle=552000 max=5000000
GLS_PROGRESS cycle=554000 max=5000000
GLS_PROGRESS cycle=556000 max=5000000
GLS_PROGRESS cycle=558000 max=5000000
GLS_PROGRESS cycle=560000 max=5000000
TB: wake for halt
PASS: digit=0  tohost=1  cycles~53  sram_clk_en=0
/home/yousefzadeha/workspace/BCI_paper/../skywater/simulation/tb_fw_mnist.v:177: $finish called at 112303500000 (1ps)

real	120m53.306s
user	118m43.747s
sys	0m40.303s
