     Internal    Switching      Leakage        Total
        Power        Power        Power        Power (Watts)
----------------------------------------------------
 9.000955e-07 2.090710e-06 1.226469e-11 2.990818e-06 clkbuf_0_core_clk
 4.461031e-07 1.429311e-06 7.179595e-12 1.875421e-06 clkbuf_4_3_0_core_clk
 2.989389e-07 1.439123e-06 1.107672e-11 1.738073e-06 clkbuf_0_w_clk
 3.465319e-07 1.358765e-06 1.117214e-11 1.705308e-06 clkbuf_0_v_clk
 4.386729e-07 8.944962e-07 7.179595e-12 1.333176e-06 clkbuf_4_15_0_core_clk
 4.384247e-07 8.899157e-07 7.179595e-12 1.328348e-06 clkbuf_4_5_0_core_clk
 4.383512e-07 8.868750e-07 7.179595e-12 1.325233e-06 clkbuf_4_1_0_core_clk
 4.376462e-07 8.556034e-07 7.179595e-12 1.293257e-06 clkbuf_4_14_0_core_clk
 4.372661e-07 8.405187e-07 7.179595e-12 1.277792e-06 clkbuf_4_9_0_core_clk
 4.372377e-07 8.400033e-07 7.179595e-12 1.277248e-06 clkbuf_4_12_0_core_clk
 4.367886e-07 8.268637e-07 7.179595e-12 1.263660e-06 clkbuf_4_2_0_core_clk
 4.358606e-07 7.923838e-07 7.179595e-12 1.228252e-06 clkbuf_4_0_0_core_clk
 4.355207e-07 7.799076e-07 7.179595e-12 1.215435e-06 clkbuf_4_7_0_core_clk
 4.353774e-07 7.690077e-07 7.179595e-12 1.204392e-06 clkbuf_4_8_0_core_clk
 4.348568e-07 7.545070e-07 7.179595e-12 1.189371e-06 clkbuf_4_4_0_core_clk
 8.700985e-07 3.028952e-07 1.232310e-11 1.173006e-06 clkbuf_0_clk
 4.342461e-07 7.266145e-07 7.179595e-12 1.160868e-06 clkbuf_4_13_0_core_clk
 4.342423e-07 7.261867e-07 7.179595e-12 1.160436e-06 clkbuf_4_11_0_core_clk
 4.339068e-07 7.188862e-07 7.179595e-12 1.152800e-06 clkbuf_4_6_0_core_clk
 4.332687e-07 6.892189e-07 7.179595e-12 1.122495e-06 clkbuf_4_10_0_core_clk
 8.567699e-07 2.623949e-07 1.232310e-11 1.119177e-06 clkbuf_1_0__f_clk
 8.421583e-07 1.271410e-07 1.232310e-11 9.693116e-07 clkbuf_1_1__f_clk
 1.046941e-07 6.115670e-07 7.017926e-12 7.162682e-07 fanout96
 1.703666e-07 4.585573e-07 6.987524e-12 6.289309e-07 clkbuf_4_10_0_v_clk
 4.091558e-07 1.928852e-07 8.297121e-12 6.020493e-07 u_icg
 1.685743e-07 4.088540e-07 6.987524e-12 5.774353e-07 clkbuf_4_3_0_v_clk
 1.692017e-07 4.018874e-07 6.987524e-12 5.710961e-07 clkbuf_4_9_0_v_clk
 1.683568e-07 3.984970e-07 6.987524e-12 5.668608e-07 clkbuf_4_2_0_v_clk
 1.681750e-07 3.852369e-07 6.987524e-12 5.534189e-07 clkbuf_4_5_0_v_clk
 1.680380e-07 3.818796e-07 6.987524e-12 5.499246e-07 clkbuf_4_0_0_v_clk
 1.686730e-07 3.779992e-07 6.987524e-12 5.466792e-07 clkbuf_4_8_0_v_clk
 3.013159e-07 2.428262e-07 8.821319e-12 5.441510e-07 u_icg_v
 1.680048e-07 3.745574e-07 6.987524e-12 5.425691e-07 clkbuf_4_6_0_v_clk
 1.683929e-07 3.727975e-07 6.987524e-12 5.411974e-07 clkbuf_4_15_0_v_clk
 1.680974e-07 3.651917e-07 6.987524e-12 5.332961e-07 clkbuf_4_13_0_v_clk
 1.673601e-07 3.474916e-07 6.987524e-12 5.148586e-07 clkbuf_4_4_0_v_clk
 7.397203e-08 4.406976e-07 4.697789e-12 5.146744e-07 fanout172
 1.673239e-07 3.467470e-07 6.987524e-12 5.140779e-07 clkbuf_4_1_0_v_clk
 1.679773e-07 3.459330e-07 6.987524e-12 5.139174e-07 clkbuf_4_11_0_v_clk
 1.675765e-07 3.313778e-07 6.987524e-12 4.989613e-07 clkbuf_4_14_0_v_clk
 2.778338e-07 2.200896e-07 8.864672e-12 4.979323e-07 u_icg_w
 1.669367e-07 3.241317e-07 6.987524e-12 4.910754e-07 clkbuf_4_7_0_v_clk
 1.670526e-07 3.154740e-07 6.987524e-12 4.825336e-07 clkbuf_4_12_0_v_clk
 7.454592e-08 3.762216e-07 4.697837e-12 4.507722e-07 fanout171
 7.421651e-08 3.643637e-07 4.503753e-12 4.385847e-07 fanout240
 1.437642e-07 2.906378e-07 6.970742e-12 4.344089e-07 clkbuf_4_3_0_w_clk
 1.431636e-07 2.585251e-07 6.970742e-12 4.016956e-07 clkbuf_4_6_0_w_clk
 3.956077e-07 0.000000e+00 7.179554e-12 3.956148e-07 clkload7
 7.473711e-08 3.126738e-07 4.504125e-12 3.874154e-07 fanout254
 7.591416e-08 3.043247e-07 4.504034e-12 3.802434e-07 fanout252
 1.426745e-07 2.325534e-07 6.970742e-12 3.752348e-07 clkbuf_4_9_0_w_clk
 1.425213e-07 2.270503e-07 6.970742e-12 3.695785e-07 clkbuf_4_2_0_w_clk
 1.425007e-07 2.259373e-07 6.970742e-12 3.684450e-07 clkbuf_4_1_0_w_clk
 7.486483e-08 2.874195e-07 4.504054e-12 3.622888e-07 fanout265
 7.487697e-08 2.847616e-07 4.504054e-12 3.596431e-07 fanout263
 4.242188e-08 3.137719e-07 4.775032e-12 3.561986e-07 fanout170
 1.422597e-07 2.116331e-07 6.970742e-12 3.538997e-07 clkbuf_4_11_0_w_clk
 1.419604e-07 1.978523e-07 6.970742e-12 3.398197e-07 clkbuf_4_7_0_w_clk
 7.466663e-08 2.650835e-07 4.503982e-12 3.397546e-07 fanout253
 1.418812e-07 1.943018e-07 6.970742e-12 3.361900e-07 clkbuf_4_0_0_w_clk
 1.418742e-07 1.938548e-07 6.970742e-12 3.357360e-07 clkbuf_4_4_0_w_clk
 1.418953e-07 1.932903e-07 6.970742e-12 3.351925e-07 clkbuf_4_14_0_w_clk
 1.418734e-07 1.923630e-07 6.970742e-12 3.342434e-07 clkbuf_4_8_0_w_clk
 1.417400e-07 1.863104e-07 6.970742e-12 3.280574e-07 clkbuf_4_12_0_w_clk
 1.416141e-07 1.804510e-07 6.970742e-12 3.220720e-07 clkbuf_4_5_0_w_clk
 1.414784e-07 1.729008e-07 6.970742e-12 3.143862e-07 clkbuf_4_13_0_w_clk
 1.414304e-07 1.701283e-07 6.970742e-12 3.115657e-07 clkbuf_4_10_0_w_clk
 1.411934e-07 1.581948e-07 6.970742e-12 2.993952e-07 clkbuf_4_15_0_w_clk
 4.207670e-08 2.224450e-07 3.980044e-12 2.645257e-07 fanout262
 4.228221e-08 2.195559e-07 7.156974e-12 2.618453e-07 fanout236
 4.211695e-08 2.046320e-07 4.775067e-12 2.467537e-07 fanout164
 4.213164e-08 2.013379e-07 4.775067e-12 2.434743e-07 fanout165
 4.254717e-08 1.779940e-07 4.775093e-12 2.205459e-07 fanout167
 4.225440e-08 1.684893e-07 4.775067e-12 2.107485e-07 fanout161
 4.275385e-08 1.657218e-07 4.775088e-12 2.084805e-07 fanout163
 1.712090e-08 1.686351e-07 4.733870e-12 1.857608e-07 fanout159
 3.812406e-08 1.368644e-07 7.060858e-12 1.749955e-07 fanout403
 1.040028e-08 1.607503e-07 4.533386e-12 1.711552e-07 fanout357
 1.570221e-07 0.000000e+00 6.810486e-12 1.570289e-07 clkload10
 1.533310e-07 0.000000e+00 6.987508e-12 1.533380e-07 clkload36
 1.531645e-07 0.000000e+00 6.987494e-12 1.531715e-07 clkload41
 2.201904e-08 1.264537e-07 4.718241e-12 1.484775e-07 fanout115
 3.360500e-08 1.147775e-07 7.035377e-12 1.483895e-07 fanout395
 3.359839e-08 1.130637e-07 7.035377e-12 1.466691e-07 fanout393
 1.766750e-08 1.265406e-07 4.758838e-12 1.442128e-07 fanout228
 3.044579e-08 1.121138e-07 6.944442e-12 1.425665e-07 fanout181
 2.030046e-08 1.172285e-07 4.827624e-12 1.375338e-07 fanout119
 2.870066e-08 1.080520e-07 7.397393e-12 1.367601e-07 fanout243
 9.503194e-09 1.244954e-07 3.710639e-12 1.340023e-07 fanout89
 1.779186e-08 1.154793e-07 4.710798e-12 1.332758e-07 fanout408
 1.327327e-07 0.000000e+00 6.970729e-12 1.327397e-07 clkload29
 1.323767e-07 0.000000e+00 6.970727e-12 1.323837e-07 clkload18
 2.167027e-08 1.074034e-07 6.944104e-12 1.290806e-07 fanout178
 2.186850e-08 1.061149e-07 7.435646e-12 1.279908e-07 fanout177
 1.696079e-08 1.066107e-07 4.732069e-12 1.235763e-07 fanout397
 2.048006e-08 9.984730e-08 4.827657e-12 1.203322e-07 fanout121
 2.038620e-08 9.835881e-08 4.827624e-12 1.187498e-07 fanout120
 1.715693e-08 9.778459e-08 4.469428e-12 1.149460e-07 fanout274
 1.898981e-08 9.379868e-08 4.612777e-12 1.127931e-07 fanout151
 2.092414e-08 9.124740e-08 4.628745e-12 1.121762e-07 fanout235
 1.823024e-08 9.252452e-08 4.685714e-12 1.107594e-07 fanout411
 1.635143e-08 9.298076e-08 4.495262e-12 1.093367e-07 fanout276
 1.881711e-08 9.019318e-08 4.612780e-12 1.090149e-07 fanout149
 2.146602e-08 8.706643e-08 4.632693e-12 1.085371e-07 fanout233
 1.614001e-08 9.236927e-08 4.588743e-12 1.085139e-07 fanout146
 1.694762e-08 8.819210e-08 4.733889e-12 1.051445e-07 fanout155
 1.695230e-08 8.761036e-08 4.733889e-12 1.045674e-07 fanout158
 1.695100e-08 8.740334e-08 4.616375e-12 1.043590e-07 fanout286
 1.628695e-08 8.794091e-08 4.495248e-12 1.042324e-07 fanout277
 2.045172e-08 8.280539e-08 4.827704e-12 1.032619e-07 fanout122
 1.687256e-08 8.577320e-08 4.585148e-12 1.026503e-07 fanout364
 1.629428e-08 8.609383e-08 4.495248e-12 1.023926e-07 fanout280
 1.715673e-08 8.484857e-08 4.733896e-12 1.020100e-07 fanout157
 1.690513e-08 8.466832e-08 4.616365e-12 1.015781e-07 fanout284
 1.406068e-08 8.740222e-08 4.467645e-12 1.014674e-07 fanout154
 1.888359e-08 8.144292e-08 4.612752e-12 1.003311e-07 fanout152
 1.740511e-08 8.154211e-08 4.560674e-12 9.895179e-08 fanout124
 1.510305e-08 8.353365e-08 4.850196e-12 9.864156e-08 fanout110
 1.697595e-08 8.112173e-08 4.733889e-12 9.810241e-08 fanout156
 1.698825e-08 7.859050e-08 4.616375e-12 9.558337e-08 fanout285
 1.702824e-08 7.838827e-08 4.585161e-12 9.542109e-08 fanout371
 1.753299e-08 7.714126e-08 4.758854e-12 9.467901e-08 fanout227
 1.695506e-08 7.581939e-08 4.585166e-12 9.277903e-08 fanout368
 1.133351e-08 8.138490e-08 4.445224e-12 9.272286e-08 fanout99
 1.694652e-08 7.430993e-08 4.616365e-12 9.126106e-08 fanout283
 1.696467e-08 7.350845e-08 4.585166e-12 9.047771e-08 fanout366
 1.652149e-08 7.230991e-08 4.706276e-12 8.883610e-08 fanout382
 1.348056e-08 7.514604e-08 4.758854e-12 8.863137e-08 fanout226
 1.205041e-08 7.571924e-08 4.353606e-12 8.777400e-08 hold60
 1.644952e-08 7.131903e-08 4.706297e-12 8.777325e-08 fanout376
 1.652654e-08 7.122373e-08 4.706276e-12 8.775498e-08 fanout383
 1.640593e-08 7.125027e-08 4.706282e-12 8.766090e-08 fanout378
 1.723105e-08 6.846788e-08 4.732096e-12 8.570366e-08 fanout400
 1.652176e-08 6.908038e-08 4.495261e-12 8.560664e-08 fanout278
 9.729647e-09 7.343436e-08 3.710678e-12 8.316772e-08 fanout88
 1.178270e-08 7.062310e-08 4.370549e-12 8.241017e-08 fanout135
 1.654179e-08 6.497909e-08 4.706278e-12 8.152558e-08 fanout391
 8.085691e-08 0.000000e+00 4.047281e-12 8.086096e-08 clkload15
 1.182933e-08 6.851148e-08 4.353628e-12 8.034517e-08 fanout195
 1.662336e-08 6.294179e-08 4.706275e-12 7.956986e-08 fanout387
 7.910143e-08 0.000000e+00 4.772769e-12 7.910621e-08 clkload31
 1.662712e-08 6.220418e-08 4.706275e-12 7.883600e-08 fanout386
 1.092811e-08 6.682627e-08 3.956927e-12 7.775833e-08 fanout271
 1.186177e-08 6.537548e-08 4.847909e-12 7.724210e-08 fanout201
 1.639992e-08 6.007056e-08 4.495248e-12 7.647498e-08 fanout281
 1.355996e-08 6.252814e-08 4.758886e-12 7.609285e-08 fanout224
 9.788119e-09 6.611756e-08 3.710655e-12 7.590939e-08 fanout90
 1.187173e-08 6.277784e-08 4.847909e-12 7.465442e-08 fanout205
 1.096555e-08 6.360450e-08 4.533392e-12 7.457458e-08 fanout358
 1.416025e-08 5.989366e-08 4.467645e-12 7.405838e-08 fanout153
 1.086751e-08 6.261970e-08 4.850196e-12 7.349207e-08 fanout111
 1.187058e-08 6.147736e-08 4.353625e-12 7.335229e-08 fanout190
 1.188145e-08 6.042936e-08 4.847909e-12 7.231566e-08 fanout212
 1.086073e-08 6.050789e-08 4.533406e-12 7.137315e-08 fanout356
 1.654868e-08 5.421181e-08 4.706283e-12 7.076519e-08 fanout381
 1.187794e-08 5.866982e-08 4.353613e-12 7.055211e-08 fanout199
 1.187957e-08 5.838265e-08 4.847925e-12 7.026706e-08 fanout207
 1.098535e-08 5.925056e-08 4.533392e-12 7.024044e-08 fanout359
 1.195184e-08 5.747616e-08 4.847920e-12 6.943285e-08 fanout204
 6.850750e-08 0.000000e+00 4.787028e-12 6.851229e-08 clkload16
 6.850049e-08 0.000000e+00 4.787029e-12 6.850528e-08 clkload22
 1.188150e-08 5.625223e-08 4.830963e-12 6.813856e-08 fanout138
 1.246636e-08 5.536791e-08 4.406863e-12 6.783868e-08 fanout180
 1.199181e-08 5.440893e-08 4.847935e-12 6.640558e-08 fanout206
 6.763735e-09 5.674608e-08 3.740645e-12 6.351355e-08 fanout137
 1.200821e-08 5.067827e-08 4.353619e-12 6.269084e-08 fanout198
 9.519301e-09 5.304963e-08 4.181663e-12 6.257311e-08 fanout288
 9.794208e-09 5.086809e-08 3.710716e-12 6.066600e-08 fanout80
 9.831127e-09 5.064755e-08 3.710688e-12 6.048239e-08 fanout84
 1.103653e-08 4.795709e-08 4.533392e-12 5.899815e-08 fanout360
 9.837750e-09 4.915652e-08 3.710688e-12 5.899798e-08 fanout86
 5.865909e-08 0.000000e+00 1.451888e-13 5.865924e-08 clkload6
 5.754487e-08 0.000000e+00 1.451868e-13 5.754502e-08 clkload2
 8.887558e-09 4.822179e-08 4.598541e-12 5.711394e-08 fanout145
 1.138065e-08 4.374053e-08 4.402458e-12 5.512559e-08 fanout246
 1.071597e-08 4.314847e-08 4.113648e-12 5.386856e-08 fanout131
 9.650283e-09 4.414084e-08 4.389269e-12 5.379551e-08 fanout396
 1.020255e-08 4.332556e-08 4.306057e-12 5.353242e-08 fanout412
 9.821134e-09 4.343017e-08 3.710716e-12 5.325501e-08 fanout82
 9.850096e-09 4.259766e-08 3.710639e-12 5.245146e-08 fanout91
 1.036193e-08 4.169850e-08 4.118508e-12 5.206455e-08 fanout132
 9.280235e-09 4.046304e-08 4.342957e-12 4.974762e-08 fanout385
 6.683409e-09 4.257629e-08 3.710295e-12 4.926341e-08 fanout185
 5.573318e-09 4.257251e-08 4.843064e-12 4.815067e-08 fanout142
 8.219049e-09 3.953386e-08 3.837257e-12 4.775675e-08 fanout244
 9.787533e-09 3.581874e-08 4.161075e-12 4.561043e-08 fanout133
 9.285215e-09 3.532324e-08 4.342957e-12 4.461279e-08 fanout389
 9.561971e-09 3.411672e-08 4.125691e-12 4.368281e-08 fanout367
 9.652545e-09 3.394856e-08 4.389269e-12 4.360549e-08 fanout394
 4.244894e-08 0.000000e+00 3.805315e-12 4.245274e-08 clkload3
 4.192438e-08 0.000000e+00 3.805760e-12 4.192819e-08 clkload9
 4.573054e-09 3.451203e-08 4.634457e-12 3.908972e-08 fanout72
 6.021716e-09 3.132629e-08 3.777876e-12 3.735179e-08 fanout242
 6.177381e-09 3.003452e-08 4.032796e-12 3.621593e-08 fanout361
 6.742051e-09 2.757514e-08 4.597099e-12 3.432179e-08 fanout210
 4.254504e-09 2.907585e-08 4.352748e-12 3.333471e-08 fanout231
 3.134257e-08 0.000000e+00 2.730187e-12 3.134530e-08 clkload44
 4.262791e-09 2.673703e-08 4.352748e-12 3.100418e-08 fanout230
 5.566721e-09 2.490406e-08 4.647756e-12 3.047543e-08 fanout65
 6.142007e-09 2.115571e-08 4.866478e-12 2.730258e-08 fanout74
 4.303197e-09 2.253834e-08 4.352750e-12 2.684589e-08 fanout229
 2.665959e-08 0.000000e+00 1.567550e-12 2.666116e-08 clkload0
 2.232314e-08 0.000000e+00 1.148133e-13 2.232325e-08 clkload42
 2.231054e-08 0.000000e+00 1.148146e-13 2.231065e-08 clkload32
 2.197922e-08 0.000000e+00 1.148141e-13 2.197934e-08 clkload33
 2.005444e-08 0.000000e+00 1.121611e-13 2.005455e-08 clkload20
 1.999182e-08 0.000000e+00 1.121608e-13 1.999193e-08 clkload27
 1.966260e-08 0.000000e+00 1.121600e-13 1.966271e-08 clkload24
 1.627023e-08 0.000000e+00 1.868622e-12 1.627210e-08 clkload45
 1.624402e-08 0.000000e+00 1.868680e-12 1.624589e-08 clkload35
 1.422773e-08 0.000000e+00 1.699431e-12 1.422943e-08 clkload25
 1.421988e-08 0.000000e+00 1.699444e-12 1.422158e-08 clkload28
 1.416800e-08 0.000000e+00 1.699411e-12 1.416970e-08 clkload23
 1.416505e-08 0.000000e+00 1.699444e-12 1.416675e-08 clkload19
 1.413928e-08 0.000000e+00 1.699391e-12 1.414098e-08 clkload26
 2.460663e-09 1.122827e-08 4.604345e-12 1.369353e-08 fanout134
 7.975853e-10 2.388447e-09 4.361182e-12 3.190394e-09 fanout215
 5.325189e-10 2.087082e-09 3.756681e-12 2.623358e-09 fanout217
 3.661043e-10 1.499411e-09 3.766246e-12 1.869282e-09 fanout216
 3.115228e-10 1.185840e-09 3.715732e-12 1.501078e-09 fanout220
 1.696347e-10 1.240505e-09 3.919423e-12 1.414059e-09 fanout294
 1.741457e-10 1.141989e-09 3.919422e-12 1.320054e-09 fanout296
 1.945476e-10 7.658272e-10 3.704325e-12 9.640791e-10 fanout218
 1.041865e-10 8.055110e-10 1.181000e-12 9.108785e-10 _9369_
 1.039671e-10 8.051272e-10 1.181000e-12 9.102754e-10 _9364_
 1.041617e-10 7.234019e-10 1.181000e-12 8.287446e-10 _9366_
 8.474214e-11 6.469637e-10 3.912486e-12 7.356183e-10 fanout290
 8.719050e-11 6.033541e-10 3.912486e-12 6.944571e-10 fanout292
 1.044448e-10 5.735147e-10 1.181000e-12 6.791405e-10 _9368_
 1.041078e-10 5.456027e-10 1.181000e-12 6.508915e-10 _9367_
 1.044577e-10 5.446867e-10 1.181000e-12 6.503255e-10 _9361_
 8.496300e-11 5.443508e-10 3.912486e-12 6.332262e-10 fanout291
 5.225698e-11 4.447618e-10 1.181000e-12 4.981998e-10 _9371_
 5.224417e-11 3.685381e-10 1.181000e-12 4.219632e-10 _9370_
 5.213829e-11 3.551286e-10 1.181000e-12 4.084479e-10 _9377_
 5.201855e-11 3.474391e-10 1.181000e-12 4.006386e-10 _9374_
 1.046693e-10 2.719830e-10 1.181000e-12 3.778333e-10 _9360_
 5.223579e-11 3.189188e-10 1.181000e-12 3.723356e-10 _9373_
 5.223273e-11 3.000662e-10 1.181000e-12 3.534800e-10 _9372_
 5.223047e-11 2.864488e-10 1.181000e-12 3.398602e-10 _9375_
 5.211030e-11 2.845731e-10 1.181000e-12 3.378643e-10 _9376_
 5.210363e-11 2.677454e-10 1.181000e-12 3.210301e-10 _9379_
 1.043063e-10 1.920503e-10 1.181000e-12 2.975376e-10 _9362_
 1.045094e-10 1.542515e-10 1.181000e-12 2.599419e-10 _9363_
 1.038523e-10 1.468395e-10 1.181000e-12 2.518727e-10 _9365_
 5.210711e-11 1.939367e-10 1.181000e-12 2.472248e-10 _9378_
 1.779054e-12 1.332859e-11 4.325351e-12 1.943299e-11 fanout355
 1.004035e-12 5.818851e-12 3.659571e-12 1.048246e-11 fanout314
 1.002974e-12 5.717654e-12 3.659571e-12 1.038020e-11 fanout307
 1.006379e-12 5.170618e-12 3.659571e-12 9.836568e-12 fanout309
 1.010411e-12 5.148226e-12 3.659571e-12 9.818209e-12 fanout311
 1.006394e-12 4.812417e-12 3.659571e-12 9.478382e-12 fanout332
 1.008417e-12 4.499360e-12 3.659571e-12 9.167347e-12 fanout324
 1.017933e-12 4.414312e-12 3.659571e-12 9.091816e-12 fanout349
 1.006713e-12 4.354002e-12 3.659571e-12 9.020286e-12 fanout325
 1.016102e-12 4.224573e-12 3.659571e-12 8.900246e-12 fanout323
 1.014372e-12 4.117844e-12 3.659571e-12 8.791787e-12 fanout351
 1.006856e-12 3.903312e-12 3.659571e-12 8.569739e-12 fanout327
 1.007586e-12 3.776053e-12 3.659571e-12 8.443210e-12 fanout353
 1.007866e-12 3.724611e-12 3.659571e-12 8.392047e-12 fanout333
 1.007262e-12 3.699342e-12 3.659571e-12 8.366174e-12 fanout334
 5.948482e-13 2.842296e-12 4.876300e-12 8.313444e-12 fanout305
 1.007858e-12 3.636634e-12 3.659571e-12 8.304063e-12 fanout330
 1.007412e-12 3.513915e-12 3.659571e-12 8.180898e-12 fanout343
 5.956302e-13 2.651452e-12 4.876300e-12 8.123382e-12 fanout304
 1.006444e-12 3.403196e-12 3.659571e-12 8.069210e-12 fanout345
 5.964217e-13 2.458468e-12 4.876300e-12 7.931189e-12 fanout303
 3.369679e-13 2.633025e-12 4.648000e-12 7.617992e-12 fanout302
 3.537903e-19 2.994889e-18 4.876185e-12 4.876189e-12 fanout436
 3.572845e-19 1.617691e-18 4.876185e-12 4.876188e-12 fanout428
 3.580261e-19 1.995780e-18 4.876185e-12 4.876188e-12 fanout431
 3.552237e-19 1.735105e-18 4.876185e-12 4.876188e-12 fanout434
 3.621506e-19 1.299282e-18 4.876185e-12 4.876187e-12 fanout426
 3.618737e-19 1.357046e-18 4.876185e-12 4.876187e-12 fanout427
 3.609504e-19 1.390102e-18 4.876185e-12 4.876187e-12 fanout433
 1.444883e-19 6.077014e-19 4.647795e-12 4.647796e-12 input9
 3.522104e-19 2.360175e-18 4.325314e-12 4.325317e-12 fanout415
 3.533135e-19 2.054447e-18 4.325314e-12 4.325317e-12 fanout416
 3.545696e-19 2.067908e-18 4.325314e-12 4.325317e-12 fanout419
 3.560904e-19 1.693076e-18 4.325314e-12 4.325316e-12 fanout421
 1.981813e-19 2.014882e-18 3.659505e-12 3.659507e-12 fanout418
 2.015335e-19 8.983812e-19 3.659505e-12 3.659506e-12 fanout417
 1.176152e-15 1.090757e-14 1.181000e-12 1.193084e-12 input3
 1.003144e-15 7.060807e-15 1.181000e-12 1.189064e-12 input5
 1.081435e-15 6.286229e-15 1.181000e-12 1.188368e-12 input1
 1.136439e-15 4.598730e-15 1.181000e-12 1.186735e-12 input2
 6.620779e-16 1.910194e-15 1.181000e-12 1.183572e-12 input7
 1.153099e-15 1.356207e-15 1.181000e-12 1.183509e-12 input4
 5.584292e-16 4.185088e-16 1.181000e-12 1.181977e-12 input6
