     Internal    Switching      Leakage        Total
        Power        Power        Power        Power (Watts)
----------------------------------------------------
 8.932420e-07 1.998117e-06 1.226075e-11 2.891371e-06 clkbuf_0_core_clk
 3.402981e-07 1.748222e-06 1.116301e-11 2.088532e-06 clkbuf_0_v_clk
 2.927609e-07 1.667609e-06 1.106878e-11 1.960381e-06 clkbuf_0_w_clk
 4.403659e-07 9.878885e-07 7.178886e-12 1.428261e-06 clkbuf_4_13_0_core_clk
 4.396524e-07 9.586338e-07 7.178886e-12 1.398293e-06 clkbuf_4_10_0_core_clk
 4.389876e-07 9.254675e-07 7.178886e-12 1.364462e-06 clkbuf_4_7_0_core_clk
 4.385365e-07 9.132691e-07 7.178886e-12 1.351813e-06 clkbuf_4_0_0_core_clk
 4.382818e-07 9.087677e-07 7.178886e-12 1.347057e-06 clkbuf_4_15_0_core_clk
 4.382626e-07 9.084978e-07 7.178886e-12 1.346768e-06 clkbuf_4_12_0_core_clk
 4.375580e-07 8.759361e-07 7.178886e-12 1.313501e-06 clkbuf_4_2_0_core_clk
 4.373832e-07 8.653565e-07 7.178886e-12 1.302747e-06 clkbuf_4_6_0_core_clk
 4.372779e-07 8.654246e-07 7.178886e-12 1.302710e-06 clkbuf_4_3_0_core_clk
 4.370847e-07 8.598772e-07 7.178886e-12 1.296969e-06 clkbuf_4_8_0_core_clk
 4.366129e-07 8.454644e-07 7.178886e-12 1.282084e-06 clkbuf_4_14_0_core_clk
 4.367221e-07 8.449438e-07 7.178886e-12 1.281673e-06 clkbuf_4_1_0_core_clk
 4.360012e-07 8.209678e-07 7.178886e-12 1.256976e-06 clkbuf_4_11_0_core_clk
 3.339866e-07 9.149829e-07 1.116250e-11 1.248981e-06 clkbuf_3_0__f_v_clk
 3.341779e-07 9.037580e-07 1.116250e-11 1.237947e-06 clkbuf_3_7__f_v_clk
 4.348965e-07 7.770997e-07 7.178886e-12 1.212003e-06 clkbuf_4_9_0_core_clk
 3.338080e-07 8.758116e-07 1.116250e-11 1.209631e-06 clkbuf_3_2__f_v_clk
 4.348355e-07 7.695601e-07 7.178886e-12 1.204403e-06 clkbuf_4_5_0_core_clk
 3.340578e-07 8.586571e-07 1.116250e-11 1.192726e-06 clkbuf_3_5__f_v_clk
 3.340485e-07 8.524851e-07 1.116250e-11 1.186545e-06 clkbuf_3_6__f_v_clk
 4.340941e-07 7.416479e-07 7.178886e-12 1.175749e-06 clkbuf_4_4_0_core_clk
 3.338751e-07 8.369534e-07 1.116250e-11 1.170840e-06 clkbuf_3_1__f_v_clk
 8.683273e-07 2.846145e-07 1.232310e-11 1.152954e-06 clkbuf_0_clk
 3.336304e-07 8.115584e-07 1.116250e-11 1.145200e-06 clkbuf_3_3__f_v_clk
 3.337995e-07 7.698439e-07 1.116250e-11 1.103655e-06 clkbuf_3_4__f_v_clk
 8.502756e-07 2.010658e-07 1.232310e-11 1.051354e-06 clkbuf_1_0__f_clk
 8.395270e-07 1.005329e-07 1.232310e-11 9.400722e-07 clkbuf_1_1__f_clk
 2.874231e-07 6.463010e-07 1.106828e-11 9.337352e-07 clkbuf_3_1__f_w_clk
 2.864931e-07 6.220817e-07 1.106828e-11 9.085859e-07 clkbuf_3_3__f_w_clk
 2.867168e-07 5.927374e-07 1.106828e-11 8.794653e-07 clkbuf_3_6__f_w_clk
 2.872499e-07 5.753870e-07 1.106828e-11 8.626481e-07 clkbuf_3_0__f_w_clk
 2.867997e-07 5.694908e-07 1.106828e-11 8.563016e-07 clkbuf_3_7__f_w_clk
 4.181609e-07 4.226017e-07 8.299096e-12 8.407709e-07 u_icg
 2.865955e-07 5.309089e-07 1.106828e-11 8.175156e-07 clkbuf_3_4__f_w_clk
 2.855947e-07 5.272671e-07 1.106828e-11 8.128729e-07 clkbuf_3_2__f_w_clk
 2.862207e-07 5.220650e-07 1.106828e-11 8.082969e-07 clkbuf_3_5__f_w_clk
 3.220466e-08 6.607017e-07 4.917693e-12 6.929113e-07 _10699_
 3.002734e-07 3.814059e-07 8.825313e-12 6.816882e-07 u_icg_v
 2.764958e-07 3.886288e-07 8.868057e-12 6.651335e-07 u_icg_w
 7.335170e-08 4.585327e-07 4.501927e-12 5.318889e-07 fanout509
 7.335836e-08 4.571419e-07 4.501927e-12 5.305048e-07 fanout496
 8.112787e-08 4.414869e-07 7.396278e-12 5.226221e-07 fanout174
 4.053823e-08 4.820469e-07 4.776229e-12 5.225899e-07 fanout259
 7.352219e-08 4.211953e-07 4.501927e-12 4.947220e-07 fanout536
 7.332073e-08 4.130207e-07 4.699781e-12 4.863462e-07 fanout327
 6.716252e-08 4.091213e-07 7.330438e-12 4.762911e-07 fanout288
 7.336081e-08 3.901299e-07 4.699876e-12 4.634954e-07 fanout316
 7.361458e-08 3.787825e-07 4.502057e-12 4.524016e-07 fanout532
 7.351491e-08 3.667919e-07 4.699783e-12 4.403115e-07 fanout307
 1.658395e-07 2.736042e-07 6.985857e-12 4.394507e-07 clkbuf_leaf_3_v_clk
 7.347935e-08 3.646998e-07 4.502061e-12 4.381836e-07 fanout495
 1.454504e-07 2.922338e-07 6.969307e-12 4.376911e-07 clkbuf_leaf_3_w_clk
 7.369289e-08 3.606044e-07 4.502057e-12 4.343018e-07 fanout520
 7.406228e-08 3.536872e-07 4.699923e-12 4.277542e-07 fanout317
 7.357911e-08 3.463424e-07 4.699787e-12 4.199262e-07 fanout334
 7.380788e-08 3.458986e-07 4.699849e-12 4.197111e-07 fanout326
 7.429858e-08 3.384844e-07 4.699842e-12 4.127877e-07 fanout311
 7.361989e-08 3.390898e-07 4.699781e-12 4.127144e-07 fanout330
 7.400186e-08 3.375811e-07 4.699846e-12 4.115877e-07 fanout313
 7.414716e-08 3.342945e-07 4.502096e-12 4.084461e-07 fanout519
 7.364952e-08 3.338528e-07 4.699783e-12 4.075070e-07 fanout312
 7.365918e-08 3.209190e-07 4.502061e-12 3.945827e-07 fanout492
 7.373279e-08 3.138870e-07 4.699783e-12 3.876245e-07 fanout308
 1.440535e-07 2.410069e-07 6.969307e-12 3.850674e-07 clkbuf_leaf_1_w_clk
 7.417908e-08 3.095720e-07 4.502098e-12 3.837556e-07 fanout529
 1.644819e-07 2.176688e-07 6.985854e-12 3.821577e-07 clkbuf_leaf_56_v_clk
 1.437709e-07 2.306779e-07 6.969307e-12 3.744557e-07 clkbuf_leaf_2_w_clk
 1.644917e-07 2.089468e-07 6.985860e-12 3.734455e-07 clkbuf_leaf_94_v_clk
 7.402311e-08 2.987834e-07 4.502110e-12 3.728111e-07 fanout489
 1.641776e-07 2.084823e-07 6.985857e-12 3.726669e-07 clkbuf_leaf_6_v_clk
 7.401969e-08 2.974030e-07 4.502111e-12 3.714271e-07 fanout521
 1.436823e-07 2.277355e-07 6.969307e-12 3.714248e-07 clkbuf_leaf_7_w_clk
 1.643502e-07 2.057673e-07 6.985857e-12 3.701245e-07 clkbuf_leaf_37_v_clk
 7.432398e-08 2.957503e-07 4.502101e-12 3.700788e-07 fanout494
 7.429963e-08 2.940855e-07 4.699845e-12 3.683898e-07 fanout305
 1.435909e-07 2.240523e-07 6.969307e-12 3.676502e-07 clkbuf_leaf_5_w_clk
 1.640732e-07 2.028857e-07 6.985857e-12 3.669659e-07 clkbuf_leaf_101_v_clk
 1.645241e-07 2.020709e-07 6.985863e-12 3.666020e-07 clkbuf_leaf_83_v_clk
 1.435041e-07 2.209370e-07 6.969307e-12 3.644481e-07 clkbuf_leaf_80_w_clk
 1.641970e-07 1.991936e-07 6.985857e-12 3.633976e-07 clkbuf_leaf_41_v_clk
 1.644300e-07 1.981598e-07 6.985863e-12 3.625967e-07 clkbuf_leaf_85_v_clk
 1.640953e-07 1.984810e-07 6.985861e-12 3.625833e-07 clkbuf_leaf_9_v_clk
 1.641892e-07 1.976479e-07 6.985860e-12 3.618441e-07 clkbuf_leaf_92_v_clk
 1.639713e-07 1.974868e-07 6.985854e-12 3.614651e-07 clkbuf_leaf_48_v_clk
 7.447122e-08 2.859126e-07 4.699842e-12 3.603885e-07 fanout332
 7.384603e-08 2.862016e-07 4.699781e-12 3.600523e-07 fanout323
 7.437025e-08 2.856363e-07 4.502101e-12 3.600110e-07 fanout493
 1.640269e-07 1.939518e-07 6.985857e-12 3.579857e-07 clkbuf_leaf_31_v_clk
 7.459207e-08 2.823095e-07 4.699833e-12 3.569062e-07 fanout343
 7.383747e-08 2.830167e-07 4.699787e-12 3.568589e-07 fanout336
 1.638417e-07 1.925709e-07 6.985854e-12 3.564197e-07 clkbuf_leaf_65_v_clk
 1.640633e-07 1.921016e-07 6.985860e-12 3.561720e-07 clkbuf_leaf_96_v_clk
 7.452417e-08 2.811239e-07 4.502201e-12 3.556526e-07 fanout514
 1.639140e-07 1.882420e-07 6.985857e-12 3.521629e-07 clkbuf_leaf_42_v_clk
 7.438383e-08 2.765090e-07 4.502109e-12 3.508973e-07 fanout501
 1.430052e-07 2.036250e-07 6.969314e-12 3.466372e-07 clkbuf_leaf_49_w_clk
 7.469776e-08 2.714285e-07 4.502098e-12 3.461307e-07 fanout491
 7.384897e-08 2.719962e-07 4.502061e-12 3.458497e-07 fanout487
 1.430025e-07 2.027510e-07 6.969307e-12 3.457605e-07 clkbuf_leaf_4_w_clk
 7.426468e-08 2.711255e-07 4.502108e-12 3.453947e-07 fanout525
 1.640245e-07 1.812194e-07 6.985863e-12 3.452509e-07 clkbuf_leaf_67_v_clk
 1.636986e-07 1.809928e-07 6.985856e-12 3.446984e-07 clkbuf_leaf_60_v_clk
 1.635079e-07 1.805308e-07 6.985854e-12 3.440457e-07 clkbuf_leaf_53_v_clk
 1.639404e-07 1.798735e-07 6.985863e-12 3.438209e-07 clkbuf_leaf_82_v_clk
 1.636396e-07 1.797762e-07 6.985856e-12 3.434228e-07 clkbuf_leaf_68_v_clk
 1.637065e-07 1.784456e-07 6.985860e-12 3.421591e-07 clkbuf_leaf_95_v_clk
 7.406927e-08 2.676653e-07 4.699780e-12 3.417393e-07 fanout339
 1.635382e-07 1.767827e-07 6.985861e-12 3.403279e-07 clkbuf_leaf_19_v_clk
 1.634460e-07 1.768656e-07 6.985854e-12 3.403185e-07 clkbuf_leaf_55_v_clk
 1.635759e-07 1.756782e-07 6.985856e-12 3.392612e-07 clkbuf_leaf_70_v_clk
 1.634958e-07 1.751495e-07 6.985861e-12 3.386523e-07 clkbuf_leaf_20_v_clk
 1.633131e-07 1.738659e-07 6.985857e-12 3.371860e-07 clkbuf_leaf_0_v_clk
 1.637985e-07 1.731562e-07 6.985863e-12 3.369616e-07 clkbuf_leaf_88_v_clk
 1.635774e-07 1.733548e-07 6.985860e-12 3.369392e-07 clkbuf_leaf_97_v_clk
 1.633376e-07 1.731267e-07 6.985854e-12 3.364713e-07 clkbuf_leaf_59_v_clk
 1.633449e-07 1.729350e-07 6.985854e-12 3.362869e-07 clkbuf_leaf_47_v_clk
 1.635074e-07 1.727001e-07 6.985857e-12 3.362144e-07 clkbuf_leaf_40_v_clk
 1.637616e-07 1.723519e-07 6.985863e-12 3.361205e-07 clkbuf_leaf_79_v_clk
 1.633369e-07 1.724928e-07 6.985854e-12 3.358367e-07 clkbuf_leaf_54_v_clk
 1.635543e-07 1.717854e-07 6.985865e-12 3.353467e-07 clkbuf_leaf_28_v_clk
 1.634575e-07 1.718467e-07 6.985857e-12 3.353112e-07 clkbuf_leaf_39_v_clk
 1.634635e-07 1.717991e-07 6.985857e-12 3.352696e-07 clkbuf_leaf_32_v_clk
 1.634425e-07 1.706638e-07 6.985856e-12 3.341133e-07 clkbuf_leaf_64_v_clk
 1.634541e-07 1.704744e-07 6.985857e-12 3.339355e-07 clkbuf_leaf_43_v_clk
 1.634215e-07 1.701704e-07 6.985857e-12 3.335989e-07 clkbuf_leaf_38_v_clk
 1.632340e-07 1.700940e-07 6.985857e-12 3.333351e-07 clkbuf_leaf_103_v_clk
 1.424798e-07 1.906683e-07 6.969319e-12 3.331551e-07 clkbuf_leaf_28_w_clk
 1.632443e-07 1.694386e-07 6.985854e-12 3.326898e-07 clkbuf_leaf_58_v_clk
 1.634450e-07 1.687013e-07 6.985860e-12 3.321532e-07 clkbuf_leaf_91_v_clk
 1.633800e-07 1.675503e-07 6.985857e-12 3.309373e-07 clkbuf_leaf_44_v_clk
 1.634627e-07 1.662062e-07 6.985865e-12 3.296759e-07 clkbuf_leaf_22_v_clk
 1.635802e-07 1.658229e-07 6.985863e-12 3.294101e-07 clkbuf_leaf_81_v_clk
 1.631248e-07 1.652078e-07 6.985854e-12 3.283396e-07 clkbuf_leaf_51_v_clk
 1.631395e-07 1.648279e-07 6.985854e-12 3.279744e-07 clkbuf_leaf_46_v_clk
 1.633537e-07 1.638036e-07 6.985865e-12 3.271643e-07 clkbuf_leaf_27_v_clk
 1.631801e-07 1.628145e-07 6.985861e-12 3.260016e-07 clkbuf_leaf_15_v_clk
 1.632553e-07 1.618327e-07 6.985860e-12 3.250949e-07 clkbuf_leaf_84_v_clk
 1.632920e-07 1.617284e-07 6.985865e-12 3.250274e-07 clkbuf_leaf_29_v_clk
 1.630243e-07 1.619122e-07 6.985857e-12 3.249435e-07 clkbuf_leaf_1_v_clk
 7.418571e-08 2.506459e-07 4.502130e-12 3.248361e-07 fanout510
 1.423918e-07 1.810688e-07 6.969314e-12 3.234675e-07 clkbuf_leaf_45_w_clk
 1.631713e-07 1.601952e-07 6.985856e-12 3.233736e-07 clkbuf_leaf_62_v_clk
 1.630063e-07 1.601713e-07 6.985854e-12 3.231846e-07 clkbuf_leaf_57_v_clk
 1.632204e-07 1.577444e-07 6.985865e-12 3.209719e-07 clkbuf_leaf_25_v_clk
 1.629137e-07 1.573513e-07 6.985857e-12 3.202720e-07 clkbuf_leaf_100_v_clk
 1.630827e-07 1.570835e-07 6.985856e-12 3.201731e-07 clkbuf_leaf_72_v_clk
 1.422887e-07 1.773657e-07 6.969314e-12 3.196614e-07 clkbuf_leaf_44_w_clk
 1.422725e-07 1.768346e-07 6.969314e-12 3.191140e-07 clkbuf_leaf_48_w_clk
 1.630641e-07 1.559588e-07 6.985856e-12 3.190299e-07 clkbuf_leaf_71_v_clk
 1.422240e-07 1.767102e-07 6.969315e-12 3.189411e-07 clkbuf_leaf_50_w_clk
 1.630790e-07 1.558362e-07 6.985857e-12 3.189221e-07 clkbuf_leaf_45_v_clk
 1.422924e-07 1.765591e-07 6.969307e-12 3.188585e-07 clkbuf_leaf_6_w_clk
 1.628450e-07 1.555420e-07 6.985857e-12 3.183940e-07 clkbuf_leaf_105_v_clk
 1.628236e-07 1.552757e-07 6.985857e-12 3.181063e-07 clkbuf_leaf_5_v_clk
 1.631253e-07 1.545954e-07 6.985865e-12 3.177277e-07 clkbuf_leaf_24_v_clk
 1.628397e-07 1.542770e-07 6.985854e-12 3.171237e-07 clkbuf_leaf_52_v_clk
 1.628618e-07 1.541325e-07 6.985854e-12 3.170013e-07 clkbuf_leaf_49_v_clk
 1.629915e-07 1.536163e-07 6.985856e-12 3.166148e-07 clkbuf_leaf_73_v_clk
 1.627994e-07 1.537947e-07 6.985857e-12 3.166011e-07 clkbuf_leaf_106_v_clk
 1.628223e-07 1.535982e-07 6.985854e-12 3.164275e-07 clkbuf_leaf_50_v_clk
 1.629537e-07 1.528887e-07 6.985856e-12 3.158493e-07 clkbuf_leaf_75_v_clk
 1.632101e-07 1.505796e-07 6.985863e-12 3.137967e-07 clkbuf_leaf_66_v_clk
 1.421420e-07 1.710941e-07 6.969307e-12 3.132430e-07 clkbuf_leaf_0_w_clk
 1.420484e-07 1.704537e-07 6.969315e-12 3.125091e-07 clkbuf_leaf_37_w_clk
 1.628829e-07 1.495090e-07 6.985856e-12 3.123989e-07 clkbuf_leaf_61_v_clk
 1.629054e-07 1.493255e-07 6.985857e-12 3.122379e-07 clkbuf_leaf_36_v_clk
 1.626929e-07 1.486369e-07 6.985857e-12 3.113367e-07 clkbuf_leaf_2_v_clk
 1.629294e-07 1.479992e-07 6.985865e-12 3.109356e-07 clkbuf_leaf_30_v_clk
 1.420507e-07 1.688016e-07 6.969314e-12 3.108593e-07 clkbuf_leaf_42_w_clk
 7.554819e-08 2.352197e-07 1.157511e-11 3.107794e-07 fanout753
 1.628322e-07 1.474680e-07 6.985857e-12 3.103073e-07 clkbuf_leaf_33_v_clk
 1.626302e-07 1.474676e-07 6.985857e-12 3.101048e-07 clkbuf_leaf_4_v_clk
 1.419881e-07 1.679634e-07 6.969315e-12 3.099584e-07 clkbuf_leaf_34_w_clk
 1.627689e-07 1.466687e-07 6.985861e-12 3.094447e-07 clkbuf_leaf_13_v_clk
 1.628191e-07 1.465564e-07 6.985856e-12 3.093825e-07 clkbuf_leaf_63_v_clk
 1.418450e-07 1.671507e-07 6.969319e-12 3.090027e-07 clkbuf_leaf_29_w_clk
 1.628081e-07 1.428845e-07 6.985865e-12 3.056996e-07 clkbuf_leaf_26_v_clk
 1.418538e-07 1.632157e-07 6.969315e-12 3.050764e-07 clkbuf_leaf_38_w_clk
 1.627564e-07 1.421280e-07 6.985860e-12 3.048914e-07 clkbuf_leaf_90_v_clk
 1.628164e-07 1.415461e-07 6.985865e-12 3.043695e-07 clkbuf_leaf_21_v_clk
 1.417161e-07 1.623180e-07 6.969319e-12 3.040410e-07 clkbuf_leaf_23_w_clk
 1.626573e-07 1.410741e-07 6.985856e-12 3.037384e-07 clkbuf_leaf_74_v_clk
 1.417989e-07 1.610685e-07 6.969315e-12 3.028744e-07 clkbuf_leaf_40_w_clk
 1.624394e-07 1.401235e-07 6.985857e-12 3.025699e-07 clkbuf_leaf_11_v_clk
 1.625786e-07 1.397167e-07 6.985861e-12 3.023023e-07 clkbuf_leaf_7_v_clk
 1.626749e-07 1.395057e-07 6.985860e-12 3.021876e-07 clkbuf_leaf_93_v_clk
 1.625949e-07 1.390743e-07 6.985856e-12 3.016762e-07 clkbuf_leaf_76_v_clk
 1.627841e-07 1.361137e-07 6.985863e-12 2.989047e-07 clkbuf_leaf_87_v_clk
 1.624936e-07 1.358712e-07 6.985861e-12 2.983718e-07 clkbuf_leaf_12_v_clk
 1.627645e-07 1.351976e-07 6.985863e-12 2.979691e-07 clkbuf_leaf_80_v_clk
 1.624794e-07 1.354750e-07 6.985861e-12 2.979614e-07 clkbuf_leaf_16_v_clk
 1.625767e-07 1.348776e-07 6.985860e-12 2.974613e-07 clkbuf_leaf_99_v_clk
 1.622804e-07 1.327110e-07 6.985857e-12 2.949984e-07 clkbuf_leaf_102_v_clk
 1.415853e-07 1.532163e-07 6.969315e-12 2.948086e-07 clkbuf_leaf_51_w_clk
 1.416095e-07 1.525823e-07 6.969314e-12 2.941988e-07 clkbuf_leaf_41_w_clk
 1.414235e-07 1.510015e-07 6.969319e-12 2.924320e-07 clkbuf_leaf_24_w_clk
 1.623269e-07 1.298653e-07 6.985861e-12 2.921992e-07 clkbuf_leaf_23_v_clk
 1.623467e-07 1.295976e-07 6.985856e-12 2.919513e-07 clkbuf_leaf_77_v_clk
 1.622009e-07 1.296183e-07 6.985857e-12 2.918261e-07 clkbuf_leaf_104_v_clk
 1.414938e-07 1.499417e-07 6.969315e-12 2.914424e-07 clkbuf_leaf_39_w_clk
 1.622332e-07 1.274523e-07 6.985861e-12 2.896925e-07 clkbuf_leaf_14_v_clk
 1.413348e-07 1.478952e-07 6.969319e-12 2.892370e-07 clkbuf_leaf_26_w_clk
 1.414752e-07 1.475195e-07 6.969314e-12 2.890017e-07 clkbuf_leaf_43_w_clk
 1.621162e-07 1.261105e-07 6.985861e-12 2.882337e-07 clkbuf_leaf_17_v_clk
 1.412422e-07 1.469565e-07 6.969303e-12 2.882057e-07 clkbuf_leaf_73_w_clk
 1.622025e-07 1.259504e-07 6.985860e-12 2.881600e-07 clkbuf_leaf_98_v_clk
 1.412735e-07 1.456498e-07 6.969319e-12 2.869303e-07 clkbuf_leaf_25_w_clk
 1.415423e-07 1.453779e-07 6.969323e-12 2.869272e-07 clkbuf_leaf_13_w_clk
 1.413722e-07 1.453672e-07 6.969315e-12 2.867463e-07 clkbuf_leaf_33_w_clk
 1.619617e-07 1.242595e-07 6.985861e-12 2.862282e-07 clkbuf_leaf_18_v_clk
 1.414808e-07 1.430304e-07 6.969323e-12 2.845182e-07 clkbuf_leaf_11_w_clk
 1.413298e-07 1.422101e-07 6.969314e-12 2.835469e-07 clkbuf_leaf_46_w_clk
 1.617931e-07 1.209499e-07 6.985860e-12 2.827500e-07 clkbuf_leaf_89_v_clk
 1.410673e-07 1.412827e-07 6.969303e-12 2.823569e-07 clkbuf_leaf_78_w_clk
 1.618459e-07 1.191674e-07 6.985863e-12 2.810203e-07 clkbuf_leaf_78_v_clk
 1.411721e-07 1.378768e-07 6.969315e-12 2.790558e-07 clkbuf_leaf_35_w_clk
 1.411567e-07 1.328082e-07 6.969309e-12 2.739719e-07 clkbuf_leaf_64_w_clk
 1.411367e-07 1.317385e-07 6.969309e-12 2.728822e-07 clkbuf_leaf_53_w_clk
 1.408926e-07 1.317276e-07 6.969319e-12 2.726271e-07 clkbuf_leaf_27_w_clk
 1.408161e-07 1.312543e-07 6.969303e-12 2.720774e-07 clkbuf_leaf_79_w_clk
 1.410904e-07 1.289740e-07 6.969323e-12 2.700713e-07 clkbuf_leaf_14_w_clk
 1.410469e-07 1.287745e-07 6.969309e-12 2.698283e-07 clkbuf_leaf_65_w_clk
 1.408928e-07 1.278481e-07 6.969315e-12 2.687478e-07 clkbuf_leaf_36_w_clk
 1.605794e-07 1.078143e-07 6.985861e-12 2.684007e-07 clkbuf_leaf_8_v_clk
 1.410286e-07 1.267298e-07 6.969323e-12 2.677653e-07 clkbuf_leaf_16_w_clk
 1.406862e-07 1.262912e-07 6.969303e-12 2.669844e-07 clkbuf_leaf_74_w_clk
 1.406218e-07 1.240034e-07 6.969303e-12 2.646322e-07 clkbuf_leaf_70_w_clk
 1.603641e-07 1.037984e-07 6.985865e-12 2.641696e-07 clkbuf_leaf_34_v_clk
 1.406700e-07 1.233071e-07 6.969319e-12 2.639840e-07 clkbuf_leaf_22_w_clk
 1.409563e-07 1.225595e-07 6.969310e-12 2.635228e-07 clkbuf_leaf_55_w_clk
 1.409096e-07 1.223218e-07 6.969323e-12 2.632383e-07 clkbuf_leaf_12_w_clk
 1.601566e-07 1.025504e-07 6.985856e-12 2.627140e-07 clkbuf_leaf_69_v_clk
 1.408346e-07 1.207626e-07 6.969309e-12 2.616042e-07 clkbuf_leaf_66_w_clk
 1.408566e-07 1.205080e-07 6.969323e-12 2.613716e-07 clkbuf_leaf_15_w_clk
 1.405386e-07 1.206627e-07 6.969303e-12 2.612083e-07 clkbuf_leaf_72_w_clk
 3.923776e-08 2.211694e-07 7.164564e-12 2.604143e-07 fanout465
 1.407577e-07 1.184266e-07 6.969309e-12 2.591912e-07 clkbuf_leaf_63_w_clk
 1.407797e-07 1.175571e-07 6.969323e-12 2.583437e-07 clkbuf_leaf_19_w_clk
 1.407255e-07 1.169401e-07 6.969309e-12 2.576726e-07 clkbuf_leaf_62_w_clk
 1.407427e-07 1.162415e-07 6.969323e-12 2.569912e-07 clkbuf_leaf_20_w_clk
 1.407773e-07 1.160779e-07 6.969310e-12 2.568622e-07 clkbuf_leaf_56_w_clk
 1.407008e-07 1.159166e-07 6.969309e-12 2.566244e-07 clkbuf_leaf_69_w_clk
 1.406944e-07 1.156631e-07 6.969309e-12 2.563645e-07 clkbuf_leaf_52_w_clk
 1.406919e-07 1.129423e-07 6.969310e-12 2.536412e-07 clkbuf_leaf_57_w_clk
 1.406123e-07 1.124313e-07 6.969309e-12 2.530505e-07 clkbuf_leaf_68_w_clk
 4.170002e-08 2.113363e-07 3.976661e-12 2.530403e-07 fanout513
 1.401222e-07 1.090474e-07 6.969303e-12 2.491766e-07 clkbuf_leaf_77_w_clk
 1.401084e-07 1.087680e-07 6.969303e-12 2.488834e-07 clkbuf_leaf_9_w_clk
 1.403643e-07 1.076349e-07 6.969310e-12 2.480062e-07 clkbuf_leaf_61_w_clk
 1.400266e-07 1.069507e-07 6.969319e-12 2.469842e-07 clkbuf_leaf_30_w_clk
 1.402532e-07 1.063807e-07 6.969310e-12 2.466408e-07 clkbuf_leaf_60_w_clk
 1.400946e-07 1.044885e-07 6.969310e-12 2.445900e-07 clkbuf_leaf_58_w_clk
 1.397332e-07 1.044167e-07 6.969303e-12 2.441569e-07 clkbuf_leaf_76_w_clk
 1.397522e-07 1.038533e-07 6.969319e-12 2.436125e-07 clkbuf_leaf_32_w_clk
 4.172644e-08 2.003861e-07 4.776229e-12 2.421173e-07 fanout260
 3.237569e-08 2.079342e-07 7.370278e-12 2.403173e-07 fanout249
 4.148669e-08 1.985858e-07 4.331487e-12 2.400768e-07 fanout320
 1.392277e-07 9.838771e-08 6.969303e-12 2.376223e-07 clkbuf_leaf_71_w_clk
 1.392945e-07 9.600575e-08 6.969309e-12 2.353072e-07 clkbuf_leaf_67_w_clk
 1.392011e-07 9.465653e-08 6.969323e-12 2.338646e-07 clkbuf_leaf_10_w_clk
 1.390417e-07 9.281705e-08 6.969323e-12 2.318657e-07 clkbuf_leaf_17_w_clk
 4.165910e-08 1.871518e-07 3.976681e-12 2.288149e-07 fanout526
 4.152948e-08 1.871005e-07 4.776303e-12 2.286348e-07 fanout256
 4.159273e-08 1.856674e-07 3.976589e-12 2.272642e-07 fanout535
 1.383205e-07 8.770852e-08 6.969303e-12 2.260360e-07 clkbuf_leaf_75_w_clk
 1.384535e-07 8.576354e-08 6.969310e-12 2.242240e-07 clkbuf_leaf_47_w_clk
 3.477419e-08 1.882619e-07 7.326716e-12 2.230435e-07 fanout150
 1.383418e-07 8.440669e-08 6.969310e-12 2.227554e-07 clkbuf_leaf_59_w_clk
 1.380087e-07 8.060313e-08 6.969310e-12 2.186188e-07 clkbuf_leaf_54_w_clk
 4.224518e-08 1.727778e-07 4.776318e-12 2.150278e-07 fanout255
 4.170670e-08 1.730161e-07 4.331434e-12 2.147272e-07 fanout314
 4.188028e-08 1.722455e-07 4.331423e-12 2.141301e-07 fanout329
 4.157849e-08 1.698213e-07 4.331314e-12 2.114041e-07 fanout340
 3.405549e-08 1.764796e-07 7.212189e-12 2.105423e-07 hold34
 4.208220e-08 1.654978e-07 4.776320e-12 2.075847e-07 fanout257
 4.168118e-08 1.623725e-07 3.976681e-12 2.040577e-07 fanout524
 4.172805e-08 1.606674e-07 3.976721e-12 2.023995e-07 fanout512
 3.346988e-08 1.687187e-07 7.153285e-12 2.021957e-07 fanout463
 4.173766e-08 1.551106e-07 3.976664e-12 1.968523e-07 fanout531
 4.188855e-08 1.542867e-07 4.776293e-12 1.961800e-07 fanout261
 4.151373e-08 1.540286e-07 4.331317e-12 1.955467e-07 fanout325
 4.149880e-08 1.538483e-07 4.331327e-12 1.953514e-07 fanout337
 2.484446e-08 1.686400e-07 7.140850e-12 1.934916e-07 fanout142
 3.294341e-08 1.522400e-07 7.212179e-12 1.851906e-07 fanout726
 3.498809e-08 1.471247e-07 7.158934e-12 1.821200e-07 fanout470
 3.160412e-08 1.500616e-07 7.009498e-12 1.816727e-07 fanout251
 3.320178e-08 1.475896e-07 7.167661e-12 1.807986e-07 fanout550
 2.889787e-08 1.510898e-07 7.348590e-12 1.799950e-07 fanout224
 3.504036e-08 1.421015e-07 7.057939e-12 1.771489e-07 fanout760
 1.726874e-08 1.588431e-07 4.809107e-12 1.761167e-07 fanout275
 4.156461e-08 1.343440e-07 4.331314e-12 1.759129e-07 fanout342
 3.299807e-08 1.375089e-07 7.346574e-12 1.705143e-07 fanout539
 2.764928e-08 1.419117e-07 7.456691e-12 1.695685e-07 fanout480
 3.529583e-08 1.336443e-07 7.087121e-12 1.689472e-07 fanout764
 3.048665e-08 1.323546e-07 7.388412e-12 1.628487e-07 fanout292
 2.835382e-08 1.341195e-07 4.808392e-12 1.624781e-07 fanout214
 1.562163e-07 0.000000e+00 6.804808e-12 1.562231e-07 clkload6
 1.522900e-07 0.000000e+00 6.985861e-12 1.522970e-07 clkload140
 1.522617e-07 0.000000e+00 6.985861e-12 1.522687e-07 clkload135
 1.522498e-07 0.000000e+00 6.985851e-12 1.522568e-07 clkload159
 1.522475e-07 0.000000e+00 6.985861e-12 1.522545e-07 clkload136
 1.522214e-07 0.000000e+00 6.985860e-12 1.522284e-07 clkload138
 1.521870e-07 0.000000e+00 6.985859e-12 1.521939e-07 clkload145
 1.521837e-07 0.000000e+00 6.985859e-12 1.521907e-07 clkload150
 1.521693e-07 0.000000e+00 6.985854e-12 1.521763e-07 clkload131
 1.521625e-07 0.000000e+00 6.985855e-12 1.521695e-07 clkload130
 1.521473e-07 0.000000e+00 6.985857e-12 1.521543e-07 clkload143
 1.520748e-07 0.000000e+00 6.985845e-12 1.520818e-07 clkload178
 1.520674e-07 0.000000e+00 6.985850e-12 1.520743e-07 clkload171
 1.520494e-07 0.000000e+00 6.985849e-12 1.520563e-07 clkload106
 3.214339e-08 1.177404e-07 7.436604e-12 1.498913e-07 fanout462
 2.659501e-08 1.173319e-07 7.407928e-12 1.439343e-07 fanout468
 1.997209e-08 1.224606e-07 4.828198e-12 1.424375e-07 fanout176
 2.358066e-08 1.187242e-07 4.468601e-12 1.423094e-07 fanout254
 3.371979e-08 1.081742e-07 7.033243e-12 1.419010e-07 fanout746
 2.146897e-08 1.182512e-07 6.932988e-12 1.397271e-07 fanout229
 2.729540e-08 1.121736e-07 7.031117e-12 1.394760e-07 fanout225
 2.278168e-08 1.161620e-07 7.481093e-12 1.389512e-07 fanout397
 1.616585e-08 1.187366e-07 6.961097e-12 1.349094e-07 fanout220
 1.669909e-08 1.173362e-07 4.493082e-12 1.340398e-07 fanout548
 1.940797e-08 1.144150e-07 4.758060e-12 1.338278e-07 fanout287
 2.294542e-08 1.097907e-07 6.961301e-12 1.327431e-07 fanout235
 3.380401e-08 9.892624e-08 7.033253e-12 1.327373e-07 fanout745
 3.290705e-08 9.934389e-08 7.212145e-12 1.322582e-07 fanout723
 1.671019e-08 1.151289e-07 4.733927e-12 1.318439e-07 fanout751
 1.313880e-07 0.000000e+00 6.969311e-12 1.313950e-07 clkload71
 1.313321e-07 0.000000e+00 6.969323e-12 1.313390e-07 clkload44
 1.312707e-07 0.000000e+00 6.969323e-12 1.312776e-07 clkload42
 1.311080e-07 0.000000e+00 6.969309e-12 1.311150e-07 clkload87
 1.305101e-07 0.000000e+00 6.969309e-12 1.305171e-07 clkload19
 1.304676e-07 0.000000e+00 6.969315e-12 1.304746e-07 clkload21
 1.903590e-08 1.087995e-07 4.758072e-12 1.278401e-07 fanout281
 2.722447e-08 9.848580e-08 7.418371e-12 1.257177e-07 fanout233
 2.004418e-08 1.052939e-07 4.828198e-12 1.253429e-07 fanout175
 1.625749e-08 1.043018e-07 4.708405e-12 1.205640e-07 fanout743
 1.118003e-08 1.092120e-07 4.649271e-12 1.203967e-07 fanout119
 7.862037e-09 1.115811e-07 4.270783e-12 1.194475e-07 _10363_
 1.906353e-08 9.787460e-08 4.758088e-12 1.169429e-07 fanout285
 1.903876e-08 9.583421e-08 4.712512e-12 1.148777e-07 fanout755
 2.110345e-08 9.109628e-08 7.107524e-12 1.122068e-07 fanout551
 1.628152e-08 9.509599e-08 4.447439e-12 1.113820e-07 fanout250
 1.994991e-08 9.078221e-08 4.622283e-12 1.107367e-07 fanout466
 1.676949e-08 9.252467e-08 4.619654e-12 1.092988e-07 fanout549
 1.998286e-08 8.429109e-08 7.374882e-12 1.042813e-07 fanout277
 1.944755e-08 8.367857e-08 7.351316e-12 1.031335e-07 fanout445
 2.055897e-08 8.210511e-08 7.442258e-12 1.026715e-07 fanout477
 1.608147e-08 8.566439e-08 4.708415e-12 1.017506e-07 fanout738
 1.608563e-08 8.465543e-08 4.708415e-12 1.007458e-07 fanout742
 1.608888e-08 8.389158e-08 4.708415e-12 9.998517e-08 fanout739
 1.609416e-08 8.250843e-08 4.708415e-12 9.860729e-08 fanout734
 1.939374e-08 7.854878e-08 4.712498e-12 9.794723e-08 hold5
 1.604093e-08 8.094717e-08 4.708428e-12 9.699281e-08 fanout732
 1.729337e-08 7.892575e-08 4.809127e-12 9.622394e-08 fanout271
 1.622433e-08 7.934834e-08 4.708424e-12 9.557738e-08 fanout733
 1.699160e-08 7.839503e-08 4.639369e-12 9.539126e-08 fanout459
 1.927451e-08 7.540718e-08 4.758105e-12 9.468645e-08 fanout283
 1.351791e-08 7.749633e-08 4.769506e-12 9.101900e-08 fanout296
 1.656804e-08 7.439821e-08 7.435050e-12 9.097368e-08 fanout263
 1.125580e-08 7.816342e-08 4.649291e-12 8.942386e-08 fanout118
 1.613307e-08 7.260002e-08 4.708415e-12 8.873780e-08 fanout740
 1.732349e-08 7.077033e-08 4.809127e-12 8.809862e-08 fanout272
 1.610909e-08 7.156503e-08 4.493092e-12 8.767860e-08 fanout543
 1.684706e-08 7.013237e-08 4.581826e-12 8.698402e-08 fanout721
 1.204818e-08 7.440856e-08 4.365159e-12 8.646111e-08 fanout166
 1.167142e-08 7.381286e-08 4.848328e-12 8.548913e-08 fanout110
 1.345400e-08 7.181597e-08 4.844260e-12 8.527482e-08 fanout168
 1.166300e-08 7.171341e-08 4.848287e-12 8.338125e-08 fanout432
 1.727270e-08 6.453127e-08 4.733889e-12 8.180871e-08 fanout747
 1.335735e-08 6.798276e-08 4.844253e-12 8.134496e-08 fanout171
 1.072049e-08 7.026757e-08 4.530732e-12 8.099259e-08 fanout718
 1.442591e-08 6.652800e-08 7.481148e-12 8.096140e-08 fanout152
 8.089039e-08 0.000000e+00 4.042461e-12 8.089443e-08 clkload11
 8.076206e-08 0.000000e+00 4.042438e-12 8.076610e-08 clkload4
 1.252540e-08 6.699621e-08 6.935770e-12 7.952855e-08 fanout158
 1.209160e-08 6.659833e-08 4.374332e-12 7.869430e-08 fanout348
 7.862307e-08 0.000000e+00 4.774174e-12 7.862785e-08 clkload121
 7.859446e-08 0.000000e+00 4.774178e-12 7.859924e-08 clkload161
 7.857784e-08 0.000000e+00 4.774178e-12 7.858262e-08 clkload153
 7.857194e-08 0.000000e+00 4.774174e-12 7.857672e-08 clkload126
 7.856488e-08 0.000000e+00 4.774171e-12 7.856966e-08 clkload134
 7.855228e-08 0.000000e+00 4.774178e-12 7.855706e-08 clkload170
 7.855218e-08 0.000000e+00 4.774170e-12 7.855695e-08 clkload139
 7.853546e-08 0.000000e+00 4.774172e-12 7.854023e-08 clkload148
 7.853079e-08 0.000000e+00 4.774180e-12 7.853556e-08 clkload151
 1.011960e-08 6.837355e-08 4.463551e-12 7.849761e-08 fanout448
 7.846927e-08 0.000000e+00 4.774181e-12 7.847405e-08 clkload103
 7.786031e-08 0.000000e+00 4.774174e-12 7.786509e-08 clkload96
 7.780288e-08 0.000000e+00 4.774172e-12 7.780766e-08 clkload91
 1.169415e-08 6.432484e-08 4.848287e-12 7.602383e-08 fanout416
 1.654066e-08 5.773201e-08 7.435050e-12 7.428010e-08 fanout264
 1.400021e-08 5.912403e-08 7.445050e-12 7.313169e-08 fanout242
 1.358395e-08 5.894529e-08 4.769530e-12 7.253401e-08 fanout295
 1.074296e-08 6.145510e-08 4.435894e-12 7.220249e-08 fanout280
 1.171045e-08 6.015996e-08 4.848287e-12 7.187525e-08 fanout423
 1.677940e-08 5.452744e-08 4.708403e-12 7.131155e-08 fanout744
 1.172139e-08 5.757572e-08 4.848287e-12 6.930196e-08 fanout407
 1.174428e-08 5.747043e-08 4.848300e-12 6.921955e-08 fanout425
 1.624010e-08 5.225197e-08 4.708424e-12 6.849678e-08 fanout736
 1.187615e-08 5.607144e-08 4.353272e-12 6.795195e-08 fanout359
 1.139458e-08 5.644744e-08 4.649289e-12 6.784666e-08 fanout120
 6.780144e-08 0.000000e+00 4.788238e-12 6.780623e-08 clkload70
 6.733080e-08 0.000000e+00 4.788226e-12 6.733558e-08 clkload17
 1.175153e-08 5.549800e-08 4.848300e-12 6.725438e-08 fanout431
 9.865702e-09 5.722881e-08 4.737979e-12 6.709925e-08 fanout450
 9.850281e-09 5.704719e-08 4.463556e-12 6.690193e-08 fanout446
 1.141863e-08 5.500310e-08 4.649287e-12 6.642637e-08 fanout123
 1.178069e-08 5.426120e-08 4.353261e-12 6.604625e-08 fanout396
 9.878693e-09 5.598883e-08 4.737993e-12 6.587226e-08 fanout456
 1.176909e-08 5.390670e-08 4.353261e-12 6.568014e-08 fanout384
 1.178928e-08 5.386448e-08 4.374335e-12 6.565813e-08 fanout347
 1.188448e-08 5.294308e-08 4.353266e-12 6.483192e-08 fanout378
 1.181914e-08 5.220930e-08 4.848304e-12 6.403329e-08 fanout417
 1.189359e-08 5.198255e-08 4.353272e-12 6.388049e-08 fanout367
 1.076655e-08 5.306998e-08 4.435894e-12 6.384097e-08 fanout282
 9.908569e-09 5.377141e-08 4.737993e-12 6.368472e-08 fanout449
 1.186906e-08 5.138326e-08 4.353268e-12 6.325667e-08 fanout395
 1.176448e-08 5.139176e-08 4.353272e-12 6.316059e-08 fanout388
 1.179236e-08 5.132151e-08 4.353275e-12 6.311823e-08 fanout390
 9.884845e-09 5.280548e-08 4.737979e-12 6.269507e-08 fanout452
 1.182317e-08 5.071966e-08 4.353272e-12 6.254718e-08 fanout374
 1.179747e-08 5.017957e-08 4.353275e-12 6.198140e-08 fanout391
 1.177443e-08 4.981485e-08 4.848300e-12 6.159413e-08 fanout428
 1.177206e-08 4.962889e-08 4.353272e-12 6.140531e-08 fanout386
 9.942671e-09 5.133668e-08 4.737993e-12 6.128409e-08 fanout451
 1.177497e-08 4.921244e-08 4.353263e-12 6.099176e-08 fanout360
 1.187595e-08 4.907065e-08 4.353274e-12 6.095095e-08 fanout382
 1.180304e-08 4.903560e-08 4.855160e-12 6.084349e-08 fanout84
 1.186761e-08 4.855539e-08 4.848304e-12 6.042785e-08 fanout410
 6.027398e-08 0.000000e+00 5.279685e-12 6.027926e-08 clkload94
 1.139708e-08 4.883645e-08 4.649299e-12 6.023818e-08 fanout117
 1.192491e-08 4.739168e-08 4.353270e-12 5.932094e-08 fanout353
 1.178290e-08 4.725230e-08 4.848300e-12 5.904005e-08 fanout403
 1.178155e-08 4.722243e-08 4.827232e-12 5.900881e-08 fanout104
 1.192036e-08 4.645003e-08 4.353272e-12 5.837474e-08 fanout368
 1.191146e-08 4.634273e-08 4.353274e-12 5.825854e-08 fanout394
 1.182279e-08 4.605422e-08 4.374335e-12 5.788139e-08 fanout346
 3.220472e-08 2.520140e-08 7.212186e-12 5.741334e-08 fanout728
 9.417415e-09 4.787760e-08 4.119678e-12 5.729914e-08 fanout727
 8.048991e-09 4.914786e-08 6.881844e-12 5.720373e-08 fanout181
 1.190406e-08 4.521171e-08 4.353274e-12 5.712012e-08 fanout361
 1.179302e-08 4.521765e-08 4.848300e-12 5.701552e-08 fanout426
 1.181826e-08 4.503503e-08 4.353274e-12 5.685764e-08 fanout356
 1.181656e-08 4.443706e-08 4.827203e-12 5.625845e-08 fanout208
 1.182167e-08 4.420733e-08 4.353274e-12 5.603335e-08 fanout355
 1.192895e-08 4.381263e-08 4.353266e-12 5.574593e-08 fanout377
 1.189396e-08 4.380329e-08 4.353278e-12 5.570161e-08 fanout358
 8.361434e-09 4.705476e-08 6.897599e-12 5.542309e-08 fanout240
 9.612921e-09 4.576318e-08 3.709886e-12 5.537981e-08 fanout103
 9.668855e-09 4.519538e-08 3.709904e-12 5.486794e-08 fanout98
 1.190577e-08 4.217838e-08 4.353274e-12 5.408851e-08 fanout381
 1.191196e-08 4.101069e-08 4.353276e-12 5.292700e-08 fanout370
 5.195277e-08 0.000000e+00 5.148741e-12 5.195792e-08 clkload27
 5.190904e-08 0.000000e+00 5.148730e-12 5.191418e-08 clkload25
 9.687742e-09 4.084920e-08 3.709917e-12 5.054066e-08 fanout97
 9.089997e-09 3.974914e-08 3.960506e-12 4.884310e-08 fanout545
 5.319944e-09 4.314514e-08 6.880537e-12 4.847196e-08 fanout183
 9.758206e-09 3.809877e-08 3.709900e-12 4.786068e-08 fanout92
 9.987593e-09 3.701239e-08 4.738003e-12 4.700473e-08 fanout455
 9.677287e-09 3.694324e-08 3.709904e-12 4.662424e-08 fanout99
 9.843983e-09 3.645295e-08 4.527500e-12 4.630146e-08 fanout268
 8.527595e-09 3.769061e-08 7.482098e-12 4.622569e-08 fanout442
 9.046086e-09 3.586452e-08 4.160034e-12 4.491477e-08 fanout302
 1.051978e-08 3.436412e-08 4.864362e-12 4.488876e-08 fanout134
 8.437635e-09 3.559920e-08 7.482097e-12 4.404432e-08 fanout441
 9.672992e-09 3.420548e-08 3.709904e-12 4.388218e-08 fanout101
 9.623093e-09 3.407891e-08 3.709886e-12 4.370571e-08 fanout95
 9.622738e-09 3.340674e-08 3.709886e-12 4.303318e-08 fanout94
 4.178061e-08 0.000000e+00 3.798579e-12 4.178441e-08 clkload3
 8.049188e-09 3.371460e-08 4.174497e-12 4.176796e-08 fanout301
 8.599208e-09 3.284658e-08 4.194035e-12 4.144998e-08 fanout298
 7.647968e-09 3.376260e-08 7.498962e-12 4.141807e-08 fanout217
 6.418258e-09 3.469462e-08 4.240731e-12 4.111712e-08 fanout121
 6.613656e-09 3.431575e-08 3.709645e-12 4.093312e-08 fanout375
 1.060838e-08 3.018421e-08 4.864360e-12 4.079746e-08 fanout135
 6.648562e-09 3.411198e-08 4.597764e-12 4.076514e-08 fanout418
 7.405583e-09 3.294878e-08 4.629207e-12 4.035899e-08 fanout82
 7.451287e-09 3.207368e-08 4.211094e-12 3.952918e-08 fanout304
 6.623930e-09 3.288946e-08 4.597841e-12 3.951799e-08 fanout206
 7.752135e-09 3.107246e-08 4.194023e-12 3.882879e-08 fanout352
 3.879899e-08 0.000000e+00 4.489998e-12 3.880348e-08 clkload18
 6.910140e-09 3.169329e-08 7.506710e-12 3.861093e-08 fanout182
 6.096991e-09 3.195380e-08 4.028034e-12 3.805481e-08 fanout717
 6.645975e-09 3.102257e-08 4.597766e-12 3.767314e-08 fanout411
 7.167069e-09 2.916888e-08 7.493272e-12 3.634344e-08 fanout290
 6.693603e-09 2.938326e-08 3.709659e-12 3.608057e-08 fanout362
 6.660962e-09 2.838875e-08 3.709661e-12 3.505342e-08 fanout372
 6.630287e-09 2.798681e-08 3.709645e-12 3.462081e-08 fanout365
 6.635672e-09 2.749515e-08 3.709643e-12 3.413453e-08 fanout379
 5.819080e-09 2.811610e-08 6.878954e-12 3.394205e-08 fanout139
 6.682413e-09 2.717667e-08 4.597778e-12 3.386368e-08 fanout430
 6.630220e-09 2.636095e-08 3.709645e-12 3.299488e-08 fanout354
 6.641780e-09 2.606484e-08 3.709643e-12 3.271033e-08 fanout393
 3.230988e-08 0.000000e+00 2.718936e-12 3.231260e-08 clkload141
 6.663281e-09 2.561171e-08 4.559970e-12 3.227955e-08 fanout105
 3.199763e-08 0.000000e+00 2.718909e-12 3.200035e-08 clkload144
 3.188049e-08 0.000000e+00 2.718896e-12 3.188320e-08 clkload129
 3.181883e-08 0.000000e+00 2.718909e-12 3.182155e-08 clkload149
 3.179579e-08 0.000000e+00 2.718887e-12 3.179851e-08 clkload116
 3.174621e-08 0.000000e+00 2.718860e-12 3.174893e-08 clkload100
 3.173753e-08 0.000000e+00 2.718909e-12 3.174025e-08 clkload142
 3.171543e-08 0.000000e+00 2.718838e-12 3.171815e-08 clkload182
 3.170976e-08 0.000000e+00 2.718860e-12 3.171248e-08 clkload102
 3.162775e-08 0.000000e+00 2.718843e-12 3.163046e-08 clkload173
 3.161959e-08 0.000000e+00 2.718851e-12 3.162231e-08 clkload169
 5.900194e-09 2.449593e-08 4.626588e-12 3.040075e-08 fanout133
 6.396183e-09 2.390342e-08 4.338124e-12 3.030394e-08 fanout130
 2.791589e-08 0.000000e+00 2.605350e-12 2.791850e-08 clkload36
 2.779329e-08 0.000000e+00 2.605502e-12 2.779590e-08 clkload41
 2.776472e-08 0.000000e+00 2.605395e-12 2.776732e-08 clkload65
 2.748964e-08 0.000000e+00 2.605346e-12 2.749224e-08 clkload31
 2.744853e-08 0.000000e+00 2.605395e-12 2.745114e-08 clkload59
 2.740930e-08 0.000000e+00 2.605453e-12 2.741190e-08 clkload50
 2.738876e-08 0.000000e+00 2.605493e-12 2.739136e-08 clkload46
 2.725674e-08 0.000000e+00 2.605439e-12 2.725935e-08 clkload52
 2.720327e-08 0.000000e+00 2.605404e-12 2.720587e-08 clkload81
 2.716437e-08 0.000000e+00 2.605404e-12 2.716697e-08 clkload76
 2.716244e-08 0.000000e+00 2.605404e-12 2.716504e-08 clkload85
 6.668622e-09 2.029796e-08 3.747577e-12 2.697033e-08 fanout86
 2.686695e-08 0.000000e+00 1.567550e-12 2.686852e-08 clkload0
 4.284411e-09 2.146111e-08 4.352403e-12 2.574988e-08 fanout440
 5.154231e-09 2.005540e-08 4.623718e-12 2.521426e-08 fanout80
 2.443578e-08 0.000000e+00 1.145527e-13 2.443589e-08 clkload157
 2.430585e-08 0.000000e+00 1.145533e-13 2.430596e-08 clkload122
 2.390391e-08 0.000000e+00 1.145531e-13 2.390403e-08 clkload119
 2.384758e-08 0.000000e+00 1.145525e-13 2.384769e-08 clkload163
 2.379182e-08 0.000000e+00 1.145536e-13 2.379193e-08 clkload146
 2.367304e-08 0.000000e+00 1.145523e-13 2.367316e-08 clkload154
 2.367019e-08 0.000000e+00 1.145531e-13 2.367030e-08 clkload124
 2.360408e-08 0.000000e+00 1.145518e-13 2.360420e-08 clkload180
 2.358308e-08 0.000000e+00 1.145523e-13 2.358320e-08 clkload110
 2.356327e-08 0.000000e+00 1.145523e-13 2.356339e-08 clkload105
 2.351477e-08 0.000000e+00 1.145523e-13 2.351488e-08 clkload99
 2.351381e-08 0.000000e+00 1.145529e-13 2.351392e-08 clkload112
 2.343263e-08 0.000000e+00 1.145518e-13 2.343275e-08 clkload187
 2.341005e-08 0.000000e+00 1.145523e-13 2.341017e-08 clkload164
 2.339978e-08 0.000000e+00 1.145516e-13 2.339989e-08 clkload184
 2.317612e-08 0.000000e+00 1.145514e-13 2.317623e-08 clkload189
 2.141724e-08 0.000000e+00 1.145533e-13 2.141736e-08 clkload97
 2.138327e-08 0.000000e+00 1.145538e-13 2.138339e-08 clkload93
 2.130703e-08 0.000000e+00 1.119362e-13 2.130715e-08 clkload69
 2.121444e-08 0.000000e+00 1.119362e-13 2.121455e-08 clkload73
 2.101437e-08 0.000000e+00 1.119384e-13 2.101448e-08 clkload47
 4.822049e-09 1.615772e-08 4.338409e-12 2.098411e-08 fanout145
 2.085472e-08 0.000000e+00 1.119349e-13 2.085483e-08 clkload33
 2.060852e-08 0.000000e+00 1.119348e-13 2.060863e-08 clkload38
 2.056976e-08 0.000000e+00 1.119359e-13 2.056987e-08 clkload66
 2.053231e-08 0.000000e+00 1.119359e-13 2.053242e-08 clkload67
 2.047132e-08 0.000000e+00 1.119382e-13 2.047143e-08 clkload43
 1.962420e-08 0.000000e+00 1.119357e-13 1.962431e-08 clkload90
 2.105270e-09 1.691737e-08 3.692429e-12 1.902633e-08 wire78
 1.879151e-08 0.000000e+00 1.119361e-13 1.879162e-08 clkload20
 2.213563e-09 1.445047e-08 4.871297e-12 1.666891e-08 fanout141
 1.647065e-08 0.000000e+00 1.852002e-12 1.647250e-08 clkload132
 1.645972e-08 0.000000e+00 1.852002e-12 1.646157e-08 clkload127
 1.644885e-08 0.000000e+00 1.851963e-12 1.645070e-08 clkload162
 1.644362e-08 0.000000e+00 1.851963e-12 1.644547e-08 clkload160
 1.644328e-08 0.000000e+00 1.852048e-12 1.644514e-08 clkload133
 1.643974e-08 0.000000e+00 1.852061e-12 1.644159e-08 clkload137
 1.642170e-08 0.000000e+00 1.851950e-12 1.642355e-08 clkload152
 1.637255e-08 0.000000e+00 1.851976e-12 1.637440e-08 clkload115
 1.636887e-08 0.000000e+00 1.851937e-12 1.637072e-08 clkload108
 1.636548e-08 0.000000e+00 1.851937e-12 1.636733e-08 clkload155
 1.636127e-08 0.000000e+00 1.851904e-12 1.636312e-08 clkload177
 1.634056e-08 0.000000e+00 1.851917e-12 1.634241e-08 clkload183
 1.634048e-08 0.000000e+00 1.851937e-12 1.634234e-08 clkload156
 1.632062e-08 0.000000e+00 1.851937e-12 1.632247e-08 clkload172
 5.766835e-09 9.565607e-09 1.181000e-12 1.533362e-08 max_cap199
 2.025221e-09 1.285981e-08 4.871300e-12 1.488990e-08 fanout140
 1.446372e-08 0.000000e+00 1.685120e-12 1.446541e-08 clkload68
 1.426416e-08 0.000000e+00 1.685107e-12 1.426585e-08 clkload72
 1.425512e-08 0.000000e+00 1.685022e-12 1.425680e-08 clkload37
 1.419816e-08 0.000000e+00 1.685088e-12 1.419984e-08 clkload61
 1.417062e-08 0.000000e+00 1.685016e-12 1.417231e-08 clkload35
 1.415796e-08 0.000000e+00 1.685074e-12 1.415964e-08 clkload60
 1.415749e-08 0.000000e+00 1.685003e-12 1.415918e-08 clkload40
 1.413072e-08 0.000000e+00 1.685003e-12 1.413241e-08 clkload39
 1.411566e-08 0.000000e+00 1.685153e-12 1.411735e-08 clkload54
 1.407636e-08 0.000000e+00 1.685140e-12 1.407805e-08 clkload51
 1.406332e-08 0.000000e+00 1.685140e-12 1.406501e-08 clkload56
 1.405561e-08 0.000000e+00 1.685101e-12 1.405730e-08 clkload79
 1.403950e-08 0.000000e+00 1.685101e-12 1.404119e-08 clkload89
 3.531096e-09 9.762912e-09 3.682495e-12 1.329769e-08 fanout128
 2.847642e-09 9.298774e-09 4.616733e-12 1.215103e-08 fanout210
 2.710640e-09 9.257064e-09 3.682998e-12 1.197139e-08 fanout146
 4.584421e-09 6.266845e-09 1.181000e-12 1.085245e-08 max_cap185
 1.480584e-09 7.684726e-09 4.632553e-12 9.169943e-09 fanout160
 8.222679e-10 6.000679e-09 3.683076e-12 6.826630e-09 wire75
 2.620091e-09 4.027993e-09 1.181000e-12 6.649266e-09 max_cap197
 2.227631e-09 3.342393e-09 1.181000e-12 5.571205e-09 max_cap187
 1.064527e-09 4.331254e-09 3.666018e-12 5.399448e-09 max_cap74
 7.779248e-10 4.560428e-09 4.873404e-12 5.343227e-09 fanout164
 1.757024e-09 3.405342e-09 1.181000e-12 5.163546e-09 max_cap193
 5.248136e-10 4.018542e-09 3.668766e-12 4.547024e-09 wire68
 5.627192e-10 3.476152e-09 6.865860e-12 4.045737e-09 fanout138
 5.538170e-10 2.526078e-09 3.668767e-12 3.083564e-09 max_cap69
 3.557510e-10 2.374183e-09 3.663281e-12 2.733598e-09 max_cap73
 2.238899e-10 9.015313e-10 4.057312e-12 1.129479e-09 fanout555
 1.496435e-10 4.921145e-10 4.455931e-12 6.462139e-10 fanout557
 8.241229e-11 2.802718e-10 3.893838e-12 3.665779e-10 fanout556
 6.499079e-11 2.481050e-10 3.679888e-12 3.167756e-10 fanout434
 1.293985e-10 1.236567e-10 1.181000e-12 2.542362e-10 _21859_
 1.293458e-10 9.607756e-11 1.181000e-12 2.266044e-10 _21854_
 1.289908e-10 8.924993e-11 1.181000e-12 2.194217e-10 _21860_
 1.289656e-10 8.712049e-11 1.181000e-12 2.172671e-10 _21855_
 1.287167e-10 8.055339e-11 1.181000e-12 2.104511e-10 _21861_
 1.286226e-10 7.855122e-11 1.181000e-12 2.083548e-10 _21862_
 1.285076e-10 7.610829e-11 1.181000e-12 2.057969e-10 _21857_
 1.283112e-10 6.405991e-11 1.181000e-12 1.935521e-10 _21856_
 1.282577e-10 6.280908e-11 1.181000e-12 1.922478e-10 _21858_
 1.275824e-10 5.642357e-11 1.181000e-12 1.851870e-10 _21863_
 4.921703e-11 5.499322e-11 1.181000e-12 1.053913e-10 _21845_
 4.875973e-11 2.821991e-11 1.181000e-12 7.816064e-11 _21846_
 4.870982e-11 2.722998e-11 1.181000e-12 7.712080e-11 _21847_
 4.868831e-11 2.680388e-11 1.181000e-12 7.667320e-11 _21851_
 4.856152e-11 2.428802e-11 1.181000e-12 7.403054e-11 _21848_
 4.852592e-11 2.358186e-11 1.181000e-12 7.328878e-11 _21844_
 4.849255e-11 2.292019e-11 1.181000e-12 7.259374e-11 _21853_
 4.848369e-11 2.274429e-11 1.181000e-12 7.240897e-11 _21850_
 4.843292e-11 2.173711e-11 1.181000e-12 7.135103e-11 _21849_
 4.842776e-11 2.163485e-11 1.181000e-12 7.124361e-11 _21852_
 2.934415e-12 2.903842e-11 3.659315e-12 3.563215e-11 wire70
 2.964012e-12 2.218719e-11 3.659315e-12 2.881052e-11 max_cap71
 1.000736e-12 5.823645e-12 3.659568e-12 1.048395e-11 fanout652
 9.919303e-13 5.661125e-12 3.659568e-12 1.031262e-11 fanout621
 9.923978e-13 5.161327e-12 3.659568e-12 9.813293e-12 fanout594
 9.923980e-13 5.049039e-12 3.659568e-12 9.701006e-12 fanout682
 9.966421e-13 5.000441e-12 3.659568e-12 9.656651e-12 fanout593
 9.927484e-13 4.998172e-12 3.659568e-12 9.650489e-12 fanout702
 9.929233e-13 4.932648e-12 3.659568e-12 9.585138e-12 fanout710
 9.941731e-13 4.921881e-12 3.659568e-12 9.575622e-12 fanout586
 9.936638e-13 4.814486e-12 3.659568e-12 9.467718e-12 fanout648
 1.009747e-12 4.733579e-12 3.659568e-12 9.402893e-12 fanout637
 9.940991e-13 4.656534e-12 3.659568e-12 9.310202e-12 fanout650
 9.929011e-13 4.654068e-12 3.659568e-12 9.306536e-12 fanout599
 9.991799e-13 4.603936e-12 3.659568e-12 9.262684e-12 fanout703
 1.002869e-12 4.515036e-12 3.659568e-12 9.177473e-12 fanout605
 9.970497e-13 4.477686e-12 3.659568e-12 9.134303e-12 fanout711
 1.003862e-12 4.470806e-12 3.659568e-12 9.134235e-12 fanout629
 1.011051e-12 4.429548e-12 3.659568e-12 9.100167e-12 fanout636
 9.996542e-13 4.422002e-12 3.659568e-12 9.081224e-12 fanout707
 1.007991e-12 4.406821e-12 3.659568e-12 9.074379e-12 fanout661
 1.011298e-12 4.371931e-12 3.659568e-12 9.042798e-12 fanout633
 9.995314e-13 4.380839e-12 3.659568e-12 9.039939e-12 fanout688
 9.941796e-13 4.361029e-12 3.659568e-12 9.014777e-12 fanout669
 9.949727e-13 4.341933e-12 3.659568e-12 8.996474e-12 fanout645
 9.953992e-13 4.333963e-12 3.659568e-12 8.988930e-12 fanout609
 1.006680e-12 4.320016e-12 3.659568e-12 8.986263e-12 fanout671
 1.006590e-12 4.300386e-12 3.659568e-12 8.966545e-12 fanout571
 9.999137e-13 4.294922e-12 3.659568e-12 8.954403e-12 fanout583
 1.007627e-12 4.277623e-12 3.659568e-12 8.944818e-12 fanout584
 1.001081e-12 4.233305e-12 3.659568e-12 8.893955e-12 fanout646
 9.961588e-13 4.229388e-12 3.659568e-12 8.885115e-12 fanout617
 1.003883e-12 4.211433e-12 3.659568e-12 8.874883e-12 fanout604
 1.009481e-12 4.157636e-12 3.659568e-12 8.826684e-12 fanout685
 1.007689e-12 4.157532e-12 3.659568e-12 8.824790e-12 fanout585
 1.005562e-12 4.133536e-12 3.659568e-12 8.798666e-12 fanout642
 1.011635e-12 4.124880e-12 3.659568e-12 8.796082e-12 fanout624
 9.942414e-13 4.098227e-12 3.659568e-12 8.752036e-12 fanout690
 9.945095e-13 4.094315e-12 3.659568e-12 8.748393e-12 fanout660
 1.004607e-12 4.059103e-12 3.659568e-12 8.723278e-12 fanout663
 1.006634e-12 4.045812e-12 3.659568e-12 8.712015e-12 fanout678
 9.959997e-13 4.051878e-12 3.659568e-12 8.707445e-12 fanout619
 9.945715e-13 4.044335e-12 3.659568e-12 8.698474e-12 fanout680
 1.001783e-12 4.035239e-12 3.659568e-12 8.696590e-12 fanout649
 9.975828e-13 4.027779e-12 3.659568e-12 8.684930e-12 fanout643
 9.988140e-13 4.021087e-12 3.659568e-12 8.679469e-12 fanout576
 1.005202e-12 4.008326e-12 3.659568e-12 8.673095e-12 fanout578
 9.962732e-13 4.013919e-12 3.659568e-12 8.669759e-12 fanout697
 1.005187e-12 4.002065e-12 3.659568e-12 8.666820e-12 fanout574
 1.011415e-12 3.989677e-12 3.659568e-12 8.660660e-12 fanout666
 1.000679e-12 3.949570e-12 3.659568e-12 8.609818e-12 fanout647
 9.962400e-13 3.945247e-12 3.659568e-12 8.601056e-12 fanout698
 9.942208e-13 3.940793e-12 3.659568e-12 8.594582e-12 fanout689
 9.958719e-13 3.930506e-12 3.659568e-12 8.585945e-12 fanout612
 1.005675e-12 3.906633e-12 3.659568e-12 8.571876e-12 fanout607
 1.007060e-12 3.879907e-12 3.659568e-12 8.546535e-12 fanout595
 9.938920e-13 3.867950e-12 3.659568e-12 8.521409e-12 fanout572
 1.006206e-12 3.835184e-12 3.659568e-12 8.500957e-12 fanout676
 9.948828e-13 3.822536e-12 3.659568e-12 8.476986e-12 fanout684
 1.002597e-12 3.760195e-12 3.659568e-12 8.422360e-12 fanout634
 9.989134e-13 3.762958e-12 3.659568e-12 8.421439e-12 fanout658
 6.108643e-13 2.926852e-12 4.876300e-12 8.414016e-12 fanout565
 9.993037e-13 3.720383e-12 3.659568e-12 8.379254e-12 fanout701
 9.993977e-13 3.716361e-12 3.659568e-12 8.375326e-12 fanout589
 9.948353e-13 3.710257e-12 3.659568e-12 8.364661e-12 fanout602
 9.944862e-13 3.702981e-12 3.659568e-12 8.357036e-12 fanout679
 6.086982e-13 2.865178e-12 4.876300e-12 8.350176e-12 fanout562
 9.995659e-13 3.655421e-12 3.659568e-12 8.314554e-12 fanout706
 1.008029e-12 3.630191e-12 3.659568e-12 8.297789e-12 fanout581
 9.950030e-13 3.619941e-12 3.659568e-12 8.274511e-12 fanout615
 9.944116e-13 3.606319e-12 3.659568e-12 8.260299e-12 fanout662
 1.001335e-12 3.544236e-12 3.659568e-12 8.205138e-12 fanout628
 1.006432e-12 3.513843e-12 3.659568e-12 8.179842e-12 fanout597
 1.005588e-12 3.506993e-12 3.659568e-12 8.172149e-12 fanout674
 1.002523e-12 3.385267e-12 3.659568e-12 8.047358e-12 fanout623
 1.006136e-12 3.369265e-12 3.659568e-12 8.034969e-12 fanout598
 5.935709e-13 2.466366e-12 4.876300e-12 7.936237e-12 fanout566
 9.994513e-13 3.178385e-12 3.659568e-12 7.837404e-12 fanout667
 5.932040e-13 2.358575e-12 4.876300e-12 7.828078e-12 fanout564
 9.963611e-13 3.163639e-12 3.659568e-12 7.819568e-12 fanout626
 9.963562e-13 3.152836e-12 3.659568e-12 7.808761e-12 fanout638
 5.963848e-13 2.258108e-12 4.876300e-12 7.730793e-12 fanout567
 9.967065e-13 2.614290e-12 3.659568e-12 7.270564e-12 fanout641
 3.338807e-13 1.362068e-12 4.648000e-12 6.343948e-12 fanout569
 3.349391e-13 1.290880e-12 4.648000e-12 6.273819e-12 fanout568
 3.521245e-19 2.340165e-18 4.876188e-12 4.876190e-12 fanout836
 3.536736e-19 1.772739e-18 4.876188e-12 4.876190e-12 fanout799
 3.533137e-19 1.878127e-18 4.876188e-12 4.876190e-12 fanout800
 3.524757e-19 1.654806e-18 4.876188e-12 4.876190e-12 fanout803
 3.566560e-19 1.597291e-18 4.876188e-12 4.876190e-12 fanout805
 3.553642e-19 1.777604e-18 4.876188e-12 4.876190e-12 fanout813
 3.517752e-19 1.601227e-18 4.876188e-12 4.876190e-12 fanout826
 3.591365e-19 1.336524e-18 4.876188e-12 4.876189e-12 fanout795
 3.600267e-19 1.339137e-18 4.876188e-12 4.876189e-12 fanout796
 3.551363e-19 1.176337e-18 4.876188e-12 4.876189e-12 fanout797
 3.558350e-19 1.550079e-18 4.876188e-12 4.876189e-12 fanout802
 3.571631e-19 1.491369e-18 4.876188e-12 4.876189e-12 fanout806
 3.573695e-19 1.448863e-18 4.876188e-12 4.876189e-12 fanout807
 3.570752e-19 1.271509e-18 4.876188e-12 4.876189e-12 fanout810
 3.564476e-19 1.405162e-18 4.876188e-12 4.876189e-12 fanout811
 3.528259e-19 1.540337e-18 4.876188e-12 4.876189e-12 fanout814
 3.554184e-19 1.398546e-18 4.876188e-12 4.876189e-12 fanout816
 3.581544e-19 1.339708e-18 4.876188e-12 4.876189e-12 fanout819
 3.532742e-19 1.465632e-18 4.876188e-12 4.876189e-12 fanout820
 3.571875e-19 1.536071e-18 4.876188e-12 4.876189e-12 fanout823
 3.562548e-19 1.452621e-18 4.876188e-12 4.876189e-12 fanout824
 3.575365e-19 1.273720e-18 4.876188e-12 4.876189e-12 fanout825
 3.559483e-19 1.323968e-18 4.876188e-12 4.876189e-12 fanout827
 3.522720e-19 1.475320e-18 4.876188e-12 4.876189e-12 fanout832
 3.558324e-19 1.329153e-18 4.876188e-12 4.876189e-12 fanout833
 3.573583e-19 1.152422e-18 4.876188e-12 4.876189e-12 fanout829
 2.005946e-19 9.156965e-19 4.647798e-12 4.647799e-12 fanout812
 2.005826e-19 1.013245e-18 4.647798e-12 4.647799e-12 fanout818
 1.993447e-19 9.970050e-19 4.647798e-12 4.647799e-12 fanout834
 1.999208e-19 8.520394e-19 4.647798e-12 4.647799e-12 fanout817
 3.522371e-19 2.074304e-18 4.325312e-12 4.325315e-12 fanout775
 3.491097e-19 2.397243e-18 4.325312e-12 4.325315e-12 fanout780
 3.512522e-19 2.084324e-18 4.325312e-12 4.325315e-12 fanout788
 3.504408e-19 2.065103e-18 4.325312e-12 4.325315e-12 fanout793
 3.522700e-19 1.652225e-18 4.325312e-12 4.325314e-12 fanout769
 3.506325e-19 1.874408e-18 4.325312e-12 4.325314e-12 fanout776
 3.546628e-19 1.639793e-18 4.325312e-12 4.325314e-12 fanout777
 3.509425e-19 1.791830e-18 4.325312e-12 4.325314e-12 fanout779
 3.562422e-19 1.469892e-18 4.325312e-12 4.325314e-12 fanout768
 3.545110e-19 1.306017e-18 4.325312e-12 4.325314e-12 fanout773
 3.540353e-19 1.376123e-18 4.325312e-12 4.325314e-12 fanout787
 6.042726e-13 1.978267e-12 1.181000e-12 3.763540e-12 fanout699
 1.982122e-19 1.127144e-18 3.659502e-12 3.659503e-12 fanout771
 1.992130e-19 8.948812e-19 3.659502e-12 3.659503e-12 fanout786
 1.997740e-19 6.833410e-19 3.659502e-12 3.659502e-12 fanout784
 1.234413e-15 1.658623e-15 1.181000e-12 1.183893e-12 input3
 1.142515e-15 1.435412e-15 1.181000e-12 1.183578e-12 input2
 1.037506e-15 1.184230e-15 1.181000e-12 1.183222e-12 input5
 1.107609e-15 1.106078e-15 1.181000e-12 1.183214e-12 input1
 1.138154e-15 8.360063e-16 1.181000e-12 1.182974e-12 input4
 6.604360e-16 8.197592e-16 1.181000e-12 1.182480e-12 input7
 5.524049e-16 8.283335e-16 1.181000e-12 1.182381e-12 input6
