     Internal    Switching      Leakage        Total
        Power        Power        Power        Power (Watts)
----------------------------------------------------
 8.699067e-06 3.009813e-06 1.232310e-11 1.170889e-05 clkbuf_0_clk
 8.399576e-06 1.059037e-06 1.232310e-11 9.458626e-06 clkbuf_1_0__f_clk
 8.396496e-06 1.028559e-06 1.232310e-11 9.425068e-06 clkbuf_1_1__f_clk
 1.354578e-06 6.126259e-09 9.133649e-12 1.360714e-06 u_icg
 2.720596e-07 0.000000e+00 1.567550e-12 2.720612e-07 clkload0
 5.216619e-09 3.969420e-08 1.047984e-11 4.492130e-08 clkbuf_3_0__f_core_clk
 5.187996e-09 2.336415e-08 1.047984e-11 2.856262e-08 clkbuf_3_3__f_core_clk
 5.142964e-09 1.840778e-08 1.047984e-11 2.356122e-08 clkbuf_0_core_clk
 5.164442e-09 1.748470e-08 1.047984e-11 2.265962e-08 clkbuf_3_7__f_core_clk
 5.167285e-09 1.488142e-08 1.047984e-11 2.005919e-08 clkbuf_3_4__f_core_clk
 5.177065e-09 1.446668e-08 1.047984e-11 1.965422e-08 clkbuf_3_2__f_core_clk
 5.213727e-09 1.426759e-08 1.047984e-11 1.949180e-08 clkbuf_3_1__f_core_clk
 5.158821e-09 1.343748e-08 1.047984e-11 1.860678e-08 clkbuf_3_6__f_core_clk
 5.104061e-09 8.290016e-09 1.047984e-11 1.340456e-08 clkbuf_3_5__f_core_clk
 2.563983e-09 8.190953e-09 6.865882e-12 1.076180e-08 clkbuf_2_3_0_core_clk
 1.551876e-09 8.975914e-09 1.047911e-11 1.053827e-08 clkbuf_2_3__f_vg_clk[0]
 2.563126e-09 7.699462e-09 6.865882e-12 1.026945e-08 clkbuf_2_2_0_core_clk
 1.532118e-09 8.189166e-09 1.047911e-11 9.731762e-09 clkbuf_2_1__f_vg_clk[1]
 2.560433e-09 6.734731e-09 6.865882e-12 9.302029e-09 clkbuf_2_1_0_core_clk
 1.557037e-09 7.382395e-09 1.047911e-11 8.949911e-09 clkbuf_1_0__f_vg_clk[3]
 1.523893e-09 6.986681e-09 1.047911e-11 8.521053e-09 clkbuf_0_vg_clk[1]
 1.556544e-09 6.949493e-09 1.047911e-11 8.516515e-09 clkbuf_1_1__f_vg_clk[3]
 1.548146e-09 6.822423e-09 1.047911e-11 8.381048e-09 clkbuf_2_1__f_vg_clk[0]
 7.646568e-10 7.343294e-09 6.865754e-12 8.114815e-09 clkbuf_leaf_10_vg_clk[0]
 1.548095e-09 6.277944e-09 1.047911e-11 7.836518e-09 clkbuf_2_3__f_vg_clk[2]
 7.655240e-10 6.721167e-09 6.865754e-12 7.493557e-09 clkbuf_leaf_9_vg_clk[0]
 1.525582e-09 5.248982e-09 1.047911e-11 6.785043e-09 clkbuf_2_2__f_vg_clk[1]
 1.525070e-09 5.180558e-09 1.047911e-11 6.716108e-09 clkbuf_2_0__f_vg_clk[1]
 7.656680e-10 5.844657e-09 6.865754e-12 6.617190e-09 clkbuf_leaf_16_vg_clk[1]
 2.499208e-09 4.093673e-09 6.865882e-12 6.599747e-09 clkbuf_2_0_0_core_clk
 1.546245e-09 5.013433e-09 1.047911e-11 6.570157e-09 clkbuf_2_2__f_vg_clk[0]
 1.546278e-09 4.992277e-09 1.047911e-11 6.549035e-09 clkbuf_2_1__f_vg_clk[2]
 2.512778e-09 3.978305e-09 6.865882e-12 6.497949e-09 clkbuf_leaf_50_core_clk
 2.509757e-09 3.928243e-09 6.865882e-12 6.444866e-09 clkbuf_leaf_47_core_clk
 2.511242e-09 3.920383e-09 6.865882e-12 6.438490e-09 clkbuf_leaf_56_core_clk
 2.509837e-09 3.864390e-09 6.865882e-12 6.381093e-09 clkbuf_leaf_59_core_clk
 7.629499e-10 5.557744e-09 6.865754e-12 6.327559e-09 clkbuf_leaf_12_vg_clk[0]
 2.478061e-09 3.805857e-09 6.865882e-12 6.290784e-09 clkbuf_leaf_57_core_clk
 7.129708e-10 5.494587e-09 7.513953e-12 6.215072e-09 fanout995
 2.503629e-09 3.671728e-09 6.865882e-12 6.182223e-09 clkbuf_leaf_41_core_clk
 2.474695e-09 3.678381e-09 6.865882e-12 6.159942e-09 clkbuf_leaf_26_core_clk
 2.474092e-09 3.641855e-09 6.865882e-12 6.122813e-09 clkbuf_leaf_25_core_clk
 3.484885e-10 5.764600e-09 4.325324e-12 6.117414e-09 fanout998
 2.472307e-09 3.602347e-09 6.865882e-12 6.081521e-09 clkbuf_leaf_35_core_clk
 3.542611e-10 5.712044e-09 7.514001e-12 6.073819e-09 fanout271
 2.500785e-09 3.503373e-09 6.865882e-12 6.011025e-09 clkbuf_leaf_51_core_clk
 1.544633e-09 4.446171e-09 1.047911e-11 6.001283e-09 clkbuf_2_0__f_vg_clk[0]
 2.500321e-09 3.488478e-09 6.865882e-12 5.995665e-09 clkbuf_leaf_52_core_clk
 2.497133e-09 3.434389e-09 6.865882e-12 5.938388e-09 clkbuf_leaf_44_core_clk
 7.654209e-10 5.112404e-09 6.865754e-12 5.884691e-09 clkbuf_leaf_20_vg_clk[0]
 2.468870e-09 3.370453e-09 6.865882e-12 5.846189e-09 clkbuf_leaf_29_core_clk
 2.496065e-09 3.319652e-09 6.865882e-12 5.822583e-09 clkbuf_leaf_60_core_clk
 2.470708e-09 3.336051e-09 6.865882e-12 5.813624e-09 clkbuf_leaf_55_core_clk
 2.467478e-09 3.337055e-09 6.865882e-12 5.811399e-09 clkbuf_leaf_32_core_clk
 2.494116e-09 3.240319e-09 6.865882e-12 5.741300e-09 clkbuf_leaf_45_core_clk
 2.465888e-09 3.188976e-09 6.865882e-12 5.661730e-09 clkbuf_leaf_64_core_clk
 2.491882e-09 3.156280e-09 6.865882e-12 5.655028e-09 clkbuf_leaf_53_core_clk
 2.489637e-09 3.133097e-09 6.865882e-12 5.629600e-09 clkbuf_leaf_49_core_clk
 2.490727e-09 3.106223e-09 6.865882e-12 5.603816e-09 clkbuf_leaf_46_core_clk
 2.465117e-09 3.083442e-09 6.865882e-12 5.555425e-09 clkbuf_leaf_65_core_clk
 2.461782e-09 3.074565e-09 6.865882e-12 5.543213e-09 clkbuf_leaf_37_core_clk
 1.544809e-09 3.959221e-09 1.047911e-11 5.514509e-09 clkbuf_2_0__f_vg_clk[2]
 2.486574e-09 3.017477e-09 6.865882e-12 5.510917e-09 clkbuf_leaf_43_core_clk
 2.484435e-09 2.940618e-09 6.865882e-12 5.431918e-09 clkbuf_leaf_34_core_clk
 2.462102e-09 2.944971e-09 6.865882e-12 5.413939e-09 clkbuf_leaf_63_core_clk
 2.459318e-09 2.925078e-09 6.865882e-12 5.391262e-09 clkbuf_leaf_62_core_clk
 1.521542e-09 3.853332e-09 1.047911e-11 5.385353e-09 clkbuf_0_vg_clk[2]
 1.515819e-09 3.845970e-09 1.047911e-11 5.372268e-09 clkbuf_0_vg_clk[0]
 2.483373e-09 2.877730e-09 6.865882e-12 5.367969e-09 clkbuf_leaf_40_core_clk
 2.482376e-09 2.844400e-09 6.865882e-12 5.333642e-09 clkbuf_leaf_48_core_clk
 2.458107e-09 2.861537e-09 6.865882e-12 5.326510e-09 clkbuf_leaf_24_core_clk
 2.482213e-09 2.830930e-09 6.865882e-12 5.320010e-09 clkbuf_leaf_39_core_clk
 1.685034e-10 5.142481e-09 4.325390e-12 5.315310e-09 fanout448
 2.483076e-09 2.808521e-09 6.865882e-12 5.298463e-09 clkbuf_leaf_61_core_clk
 2.455186e-09 2.772057e-09 6.865882e-12 5.234109e-09 clkbuf_leaf_33_core_clk
 7.664003e-10 4.454138e-09 6.865754e-12 5.227404e-09 clkbuf_leaf_17_vg_clk[0]
 3.507346e-10 4.836449e-09 4.325324e-12 5.191509e-09 fanout974
 2.477594e-09 2.663073e-09 6.865882e-12 5.147533e-09 clkbuf_leaf_42_core_clk
 3.510951e-10 4.781996e-09 4.325324e-12 5.137416e-09 fanout979
 2.460347e-09 2.666747e-09 6.865882e-12 5.133961e-09 clkbuf_leaf_58_core_clk
 1.521573e-09 3.553409e-09 1.047911e-11 5.085461e-09 clkbuf_2_3__f_vg_clk[1]
 2.475776e-09 2.587199e-09 6.865882e-12 5.069841e-09 clkbuf_leaf_36_core_clk
 1.544122e-09 3.487869e-09 1.047911e-11 5.042470e-09 clkbuf_2_2__f_vg_clk[2]
 3.520490e-10 4.673203e-09 4.325324e-12 5.029577e-09 fanout994
 2.458006e-09 2.559116e-09 6.865882e-12 5.023988e-09 clkbuf_leaf_54_core_clk
 3.644239e-10 4.651752e-09 6.865753e-12 5.023042e-09 fanout230
 3.713637e-10 4.634221e-09 6.865921e-12 5.012450e-09 fanout450
 7.656792e-10 4.231307e-09 6.865754e-12 5.003852e-09 clkbuf_leaf_18_vg_clk[0]
 2.464896e-09 2.516531e-09 6.865882e-12 4.988292e-09 clkbuf_leaf_7_core_clk
 2.450491e-09 2.506292e-09 6.865882e-12 4.963649e-09 clkbuf_leaf_30_core_clk
 7.721730e-10 4.172041e-09 6.865754e-12 4.951080e-09 clkbuf_leaf_5_vg_clk[0]
 2.463876e-09 2.480188e-09 6.865882e-12 4.950930e-09 clkbuf_leaf_9_core_clk
 7.621607e-10 4.143527e-09 6.865754e-12 4.912553e-09 clkbuf_leaf_23_vg_clk[1]
 2.471844e-09 2.425859e-09 6.865882e-12 4.904569e-09 clkbuf_leaf_38_core_clk
 2.447716e-09 2.407136e-09 6.865882e-12 4.861718e-09 clkbuf_leaf_31_core_clk
 3.663115e-10 4.485538e-09 7.514043e-12 4.859363e-09 fanout424
 3.664541e-10 4.459471e-09 7.514043e-12 4.833439e-09 fanout352
 1.273871e-09 3.536603e-09 8.986266e-12 4.819460e-09 u_icg_v0
 1.712505e-10 4.632972e-09 4.325390e-12 4.808548e-09 fanout431
 3.544736e-10 4.438918e-09 4.325324e-12 4.797717e-09 fanout991
 7.716255e-10 3.970111e-09 6.865754e-12 4.748602e-09 clkbuf_leaf_1_vg_clk[1]
 7.715076e-10 3.904993e-09 6.865754e-12 4.683367e-09 clkbuf_leaf_0_vg_clk[1]
 2.486335e-09 2.189169e-09 6.865882e-12 4.682370e-09 clkbuf_leaf_12_core_clk
 3.665966e-10 4.287500e-09 6.865753e-12 4.660962e-09 fanout201
 1.274292e-09 3.352306e-09 8.986266e-12 4.635584e-09 u_icg_v1
 3.556324e-10 4.255531e-09 4.325324e-12 4.615489e-09 fanout980
 2.455898e-09 2.139397e-09 6.865882e-12 4.602160e-09 clkbuf_leaf_69_core_clk
 3.673489e-10 4.213544e-09 7.514043e-12 4.588407e-09 fanout218
 2.483267e-09 2.080544e-09 6.865882e-12 4.570677e-09 clkbuf_leaf_17_core_clk
 7.614441e-10 3.796298e-09 6.865754e-12 4.564608e-09 clkbuf_leaf_15_vg_clk[1]
 7.748289e-10 3.764727e-09 6.865754e-12 4.546421e-09 clkbuf_leaf_0_vg_clk[0]
 2.454324e-09 2.076484e-09 6.865882e-12 4.537674e-09 clkbuf_leaf_3_core_clk
 2.453967e-09 2.071302e-09 6.865882e-12 4.532136e-09 clkbuf_leaf_10_core_clk
 2.481967e-09 2.031126e-09 6.865882e-12 4.519959e-09 clkbuf_leaf_13_core_clk
 7.626303e-10 3.706682e-09 6.865754e-12 4.476178e-09 clkbuf_leaf_19_vg_clk[3]
 7.743949e-10 3.650027e-09 6.865754e-12 4.431287e-09 clkbuf_leaf_26_vg_clk[0]
 2.457778e-09 1.956209e-09 6.865882e-12 4.420853e-09 clkbuf_leaf_15_core_clk
 2.457675e-09 1.952814e-09 6.865882e-12 4.417355e-09 clkbuf_leaf_27_core_clk
 2.450676e-09 1.937879e-09 6.865882e-12 4.395421e-09 clkbuf_leaf_6_core_clk
 7.627063e-10 3.625810e-09 6.865754e-12 4.395382e-09 clkbuf_leaf_22_vg_clk[3]
 7.710903e-10 3.496752e-09 6.865754e-12 4.274708e-09 clkbuf_leaf_6_vg_clk[0]
 7.596435e-10 3.506649e-09 6.865754e-12 4.273159e-09 clkbuf_leaf_8_vg_clk[0]
 1.727560e-10 4.081658e-09 4.876254e-12 4.259290e-09 fanout332
 1.277389e-09 2.959278e-09 8.986266e-12 4.245653e-09 u_icg_v3
 7.704400e-10 3.456665e-09 6.865754e-12 4.233971e-09 clkbuf_leaf_6_vg_clk[1]
 3.678334e-10 3.846758e-09 7.514043e-12 4.222106e-09 fanout297
 2.437528e-09 1.772847e-09 6.865882e-12 4.217241e-09 clkbuf_leaf_8_core_clk
 7.789595e-10 3.427780e-09 6.865754e-12 4.213605e-09 clkbuf_leaf_7_vg_clk[2]
 7.716327e-10 3.419012e-09 6.865754e-12 4.197510e-09 clkbuf_leaf_20_vg_clk[2]
 1.511076e-09 2.673535e-09 1.047911e-11 4.195090e-09 clkbuf_0_vg_clk[3]
 2.433621e-09 1.723166e-09 6.865882e-12 4.163653e-09 clkbuf_leaf_5_core_clk
 1.275507e-09 2.844467e-09 8.986266e-12 4.128960e-09 u_icg_v2
 3.725743e-10 3.741395e-09 6.865753e-12 4.120835e-09 fanout411
 1.736099e-10 3.937031e-09 4.876254e-12 4.115517e-09 fanout423
 3.723902e-10 3.672294e-09 7.514043e-12 4.052198e-09 fanout198
 7.616148e-10 3.232305e-09 6.865754e-12 4.000785e-09 clkbuf_leaf_20_vg_clk[3]
 7.699921e-10 3.220574e-09 6.865754e-12 3.997432e-09 clkbuf_leaf_2_vg_clk[1]
 1.755548e-10 3.814347e-09 4.876219e-12 3.994778e-09 fanout319
 7.661479e-10 3.218221e-09 6.865754e-12 3.991234e-09 clkbuf_leaf_11_vg_clk[2]
 7.661375e-10 3.215168e-09 6.865754e-12 3.988171e-09 clkbuf_leaf_13_vg_clk[2]
 3.633351e-10 3.602409e-09 6.865921e-12 3.972610e-09 fanout436
 3.632396e-10 3.553277e-09 7.514001e-12 3.924031e-09 fanout243
 3.813750e-10 3.527591e-09 7.514043e-12 3.916480e-09 fanout365
 7.736622e-10 3.133783e-09 6.865754e-12 3.914311e-09 clkbuf_leaf_27_vg_clk[0]
 7.736556e-10 3.131823e-09 6.865754e-12 3.912344e-09 clkbuf_leaf_28_vg_clk[0]
 1.752233e-10 3.686351e-09 4.876254e-12 3.866450e-09 fanout407
 7.613694e-10 3.059590e-09 6.865754e-12 3.827825e-09 clkbuf_leaf_21_vg_clk[3]
 2.413216e-09 1.399664e-09 6.865882e-12 3.819745e-09 clkbuf_leaf_21_core_clk
 3.842876e-10 3.426425e-09 6.865753e-12 3.817578e-09 fanout304
 7.709297e-10 3.030964e-09 6.865754e-12 3.808759e-09 clkbuf_leaf_21_vg_clk[2]
 7.772425e-10 3.023080e-09 6.865754e-12 3.807188e-09 clkbuf_leaf_12_vg_clk[1]
 3.636508e-10 3.435669e-09 7.513875e-12 3.806834e-09 fanout399
 3.698554e-10 3.415386e-09 7.514043e-12 3.792755e-09 fanout347
 7.598487e-10 3.020198e-09 6.865754e-12 3.786912e-09 clkbuf_leaf_22_vg_clk[1]
 2.413717e-09 1.364863e-09 6.865882e-12 3.785446e-09 clkbuf_leaf_4_core_clk
 1.760031e-10 3.596802e-09 4.876254e-12 3.777681e-09 fanout364
 3.638388e-10 3.390906e-09 6.865795e-12 3.761610e-09 fanout180
 3.592913e-10 3.395613e-09 4.325324e-12 3.759229e-09 hold4487
 1.756967e-10 3.575440e-09 4.876254e-12 3.756013e-09 fanout351
 3.743308e-10 3.372000e-09 7.513875e-12 3.753844e-09 fanout193
 7.760025e-10 2.942274e-09 6.865754e-12 3.725142e-09 clkbuf_leaf_2_vg_clk[2]
 7.784847e-10 2.926759e-09 6.865754e-12 3.712109e-09 clkbuf_leaf_3_vg_clk[2]
 3.731483e-10 3.307710e-09 6.865753e-12 3.687724e-09 fanout331
 2.403181e-09 1.277582e-09 6.865882e-12 3.687629e-09 clkbuf_leaf_22_core_clk
 3.649377e-10 3.286472e-09 6.865795e-12 3.658276e-09 fanout274
 7.697404e-10 2.874445e-09 6.865754e-12 3.651051e-09 clkbuf_leaf_28_vg_clk[1]
 7.654639e-10 2.874150e-09 6.865754e-12 3.646480e-09 clkbuf_leaf_18_vg_clk[2]
 3.646863e-10 3.258464e-09 6.865795e-12 3.630017e-09 fanout403
 3.815450e-10 3.233770e-09 7.514001e-12 3.622829e-09 hold123
 2.396674e-09 1.204539e-09 6.865882e-12 3.608078e-09 clkbuf_leaf_16_core_clk
 1.823404e-10 3.413188e-09 4.325390e-12 3.599853e-09 fanout449
 3.659977e-10 3.220463e-09 7.514001e-12 3.593975e-09 fanout338
 2.398499e-09 1.183751e-09 6.865882e-12 3.589115e-09 clkbuf_leaf_1_core_clk
 3.651147e-10 3.216588e-09 6.865921e-12 3.588569e-09 fanout210
 3.736953e-10 3.207218e-09 6.865753e-12 3.587779e-09 fanout303
 3.637282e-10 3.210478e-09 7.514001e-12 3.581720e-09 fanout404
 3.720918e-10 3.187192e-09 6.865753e-12 3.566149e-09 fanout213
 2.396197e-09 1.154094e-09 6.865882e-12 3.557156e-09 clkbuf_leaf_0_core_clk
 2.394551e-09 1.132578e-09 6.865882e-12 3.533995e-09 clkbuf_leaf_70_core_clk
 7.781440e-10 2.736083e-09 6.865754e-12 3.521093e-09 clkbuf_leaf_5_vg_clk[2]
 7.607151e-10 2.751650e-09 6.865754e-12 3.519231e-09 clkbuf_leaf_23_vg_clk[3]
 7.781502e-10 2.731875e-09 6.865754e-12 3.516891e-09 clkbuf_leaf_6_vg_clk[2]
 3.639483e-10 3.139195e-09 6.865795e-12 3.510009e-09 fanout316
 2.388340e-09 1.104213e-09 6.865882e-12 3.499419e-09 clkbuf_leaf_19_core_clk
 1.755037e-10 3.311519e-09 4.876219e-12 3.491899e-09 fanout270
 7.703810e-10 2.690248e-09 6.865754e-12 3.467495e-09 clkbuf_leaf_24_vg_clk[2]
 3.710806e-10 3.085100e-09 6.865753e-12 3.463046e-09 fanout205
 3.739188e-10 3.080552e-09 6.865753e-12 3.461337e-09 fanout323
 7.690152e-10 2.660914e-09 6.865754e-12 3.436795e-09 clkbuf_leaf_4_vg_clk[1]
 3.818919e-10 3.024539e-09 7.514001e-12 3.413945e-09 hold26
 3.712796e-10 3.033657e-09 6.865753e-12 3.411802e-09 fanout482
 7.760154e-10 2.615592e-09 6.865754e-12 3.398474e-09 clkbuf_leaf_11_vg_clk[1]
 7.618793e-10 2.600182e-09 6.865754e-12 3.368927e-09 clkbuf_leaf_3_vg_clk[3]
 7.601390e-10 2.593998e-09 6.865754e-12 3.361003e-09 clkbuf_leaf_26_vg_clk[3]
 7.603326e-10 2.593133e-09 6.865754e-12 3.360332e-09 clkbuf_leaf_0_vg_clk[3]
 3.609286e-10 2.973450e-09 4.325324e-12 3.338704e-09 fanout985
 7.702013e-10 2.558704e-09 6.865754e-12 3.335771e-09 clkbuf_leaf_25_vg_clk[2]
 7.764002e-10 2.550671e-09 6.865754e-12 3.333937e-09 clkbuf_leaf_13_vg_clk[1]
 3.816077e-10 2.913770e-09 7.513875e-12 3.302892e-09 fanout378
 1.859374e-10 3.068839e-09 4.325390e-12 3.259102e-09 fanout432
 7.612799e-10 2.483055e-09 6.865754e-12 3.251200e-09 clkbuf_leaf_5_vg_clk[3]
 2.372299e-09 8.696088e-10 6.865882e-12 3.248774e-09 clkbuf_leaf_2_core_clk
 1.703231e-10 3.071445e-09 4.325324e-12 3.246094e-09 fanout950
 7.585910e-10 2.462906e-09 6.865754e-12 3.228363e-09 clkbuf_leaf_19_vg_clk[1]
 7.590773e-10 2.456879e-09 6.865754e-12 3.222822e-09 clkbuf_leaf_13_vg_clk[3]
 7.753556e-10 2.429110e-09 6.865754e-12 3.211332e-09 clkbuf_leaf_1_vg_clk[2]
 2.369061e-09 8.297226e-10 6.865882e-12 3.205649e-09 clkbuf_leaf_68_core_clk
 3.697140e-10 2.813166e-09 7.514043e-12 3.190394e-09 fanout324
 3.732796e-10 2.786468e-09 6.865795e-12 3.166613e-09 fanout337
 3.646247e-10 2.756299e-09 6.865921e-12 3.127789e-09 fanout400
 1.800056e-10 2.938934e-09 4.876254e-12 3.123816e-09 fanout310
 1.775320e-10 2.910395e-09 4.876219e-12 3.092803e-09 fanout459
 3.749294e-10 2.706071e-09 6.865753e-12 3.087866e-09 fanout464
 1.831629e-10 2.891675e-09 4.325390e-12 3.079163e-09 fanout413
 1.856539e-10 2.880733e-09 4.325390e-12 3.070713e-09 fanout446
 7.594226e-10 2.287859e-09 6.865754e-12 3.054147e-09 clkbuf_leaf_27_vg_clk[3]
 7.696694e-10 2.269699e-09 6.865754e-12 3.046235e-09 clkbuf_leaf_19_vg_clk[2]
 2.356732e-09 6.812791e-10 6.865882e-12 3.044877e-09 clkbuf_leaf_67_core_clk
 7.612025e-10 2.271743e-09 6.865754e-12 3.039811e-09 clkbuf_leaf_10_vg_clk[3]
 7.595945e-10 2.258609e-09 6.865754e-12 3.025069e-09 clkbuf_leaf_2_vg_clk[3]
 1.789896e-10 2.809973e-09 4.876219e-12 2.993839e-09 fanout269
 1.816373e-10 2.800363e-09 4.876254e-12 2.986877e-09 fanout384
 7.594749e-10 2.209825e-09 6.865754e-12 2.976166e-09 clkbuf_leaf_1_vg_clk[3]
 3.767944e-10 2.584451e-09 6.865753e-12 2.968111e-09 fanout390
 1.849796e-10 2.737144e-09 4.325390e-12 2.926449e-09 fanout429
 7.591570e-10 2.138483e-09 6.865754e-12 2.904506e-09 clkbuf_leaf_24_vg_clk[3]
 7.590324e-10 2.102366e-09 6.865754e-12 2.868265e-09 clkbuf_leaf_25_vg_clk[3]
 3.629719e-10 2.492227e-09 4.325324e-12 2.859524e-09 fanout964
 1.798060e-10 2.656061e-09 4.876219e-12 2.840744e-09 fanout317
 3.630018e-10 2.460982e-09 4.325324e-12 2.828310e-09 fanout963
 7.736652e-10 1.982116e-09 6.865754e-12 2.762647e-09 clkbuf_leaf_34_vg_clk[2]
 1.840730e-10 2.560795e-09 4.325390e-12 2.749194e-09 fanout208
 1.824351e-10 2.559607e-09 4.876254e-12 2.746919e-09 fanout216
 1.832482e-10 2.547173e-09 4.876254e-12 2.735297e-09 fanout422
 1.831661e-10 2.506960e-09 4.876254e-12 2.695003e-09 fanout330
 1.843260e-10 2.492723e-09 4.876254e-12 2.681926e-09 fanout405
 1.744640e-10 2.473881e-09 4.325324e-12 2.652671e-09 fanout936
 2.008119e-10 2.444737e-09 4.325341e-12 2.649874e-09 hold60
 1.809819e-10 2.421555e-09 4.876219e-12 2.607413e-09 fanout240
 7.631662e-10 1.835998e-09 6.865754e-12 2.606030e-09 clkbuf_leaf_5_vg_clk[1]
 1.002465e-10 2.493853e-09 4.647919e-12 2.598748e-09 fanout349
 3.030726e-10 2.233816e-09 6.865831e-12 2.543755e-09 fanout163
 1.842197e-10 2.331086e-09 4.876254e-12 2.520182e-09 fanout483
 7.522666e-10 1.759739e-09 6.865754e-12 2.518871e-09 clkbuf_leaf_18_vg_clk[1]
 7.511595e-10 1.742892e-09 6.865754e-12 2.500917e-09 clkbuf_leaf_11_vg_clk[0]
 7.515985e-10 1.740660e-09 6.865754e-12 2.499125e-09 clkbuf_leaf_15_vg_clk[0]
 7.514816e-10 1.734267e-09 6.865754e-12 2.492614e-09 clkbuf_leaf_13_vg_clk[0]
 7.518928e-10 1.720586e-09 6.865754e-12 2.479344e-09 clkbuf_leaf_12_vg_clk[3]
 3.644303e-10 2.102030e-09 4.325324e-12 2.470786e-09 fanout982
 7.599181e-10 1.700280e-09 6.865754e-12 2.467064e-09 clkbuf_leaf_7_vg_clk[1]
 7.510026e-10 1.693012e-09 6.865754e-12 2.450880e-09 clkbuf_leaf_20_vg_clk[1]
 7.508174e-10 1.668705e-09 6.865754e-12 2.426388e-09 clkbuf_leaf_14_vg_clk[3]
 7.503004e-10 1.668901e-09 6.865754e-12 2.426068e-09 clkbuf_leaf_14_vg_clk[0]
 7.573195e-10 1.576480e-09 6.865754e-12 2.340666e-09 clkbuf_leaf_25_vg_clk[1]
 7.492710e-10 1.581632e-09 6.865754e-12 2.337769e-09 clkbuf_leaf_8_vg_clk[3]
 2.320630e-09 0.000000e+00 6.865882e-12 2.327496e-09 clkload39
 2.318533e-09 0.000000e+00 6.865882e-12 2.325399e-09 clkload41
 7.492457e-10 1.567048e-09 6.865754e-12 2.323159e-09 clkbuf_leaf_7_vg_clk[3]
 7.568808e-10 1.558638e-09 6.865754e-12 2.322385e-09 clkbuf_leaf_26_vg_clk[1]
 1.827693e-10 2.128167e-09 4.876219e-12 2.315813e-09 fanout301
 2.307853e-09 0.000000e+00 6.865882e-12 2.314719e-09 clkload28
 2.305020e-09 0.000000e+00 6.865882e-12 2.311885e-09 clkload16
 7.639963e-10 1.529654e-09 6.865754e-12 2.300516e-09 clkbuf_leaf_8_vg_clk[2]
 7.522978e-10 1.512953e-09 6.865754e-12 2.272117e-09 clkbuf_leaf_14_vg_clk[2]
 7.609700e-10 1.501154e-09 6.865754e-12 2.268990e-09 clkbuf_leaf_32_vg_clk[2]
 7.480895e-10 1.498050e-09 6.865754e-12 2.253005e-09 clkbuf_leaf_6_vg_clk[3]
 7.615535e-10 1.478057e-09 6.865754e-12 2.246477e-09 clkbuf_leaf_10_vg_clk[1]
 7.477169e-10 1.484000e-09 6.865754e-12 2.238583e-09 clkbuf_leaf_18_vg_clk[3]
 1.855873e-10 2.043955e-09 4.876254e-12 2.234419e-09 fanout215
 7.473135e-10 1.480236e-09 6.865754e-12 2.234415e-09 clkbuf_leaf_23_vg_clk[0]
 1.771873e-10 2.046602e-09 4.325324e-12 2.228114e-09 fanout958
 7.513182e-10 1.469368e-09 6.865754e-12 2.227552e-09 clkbuf_leaf_17_vg_clk[2]
 7.476151e-10 1.467307e-09 6.865754e-12 2.221788e-09 clkbuf_leaf_16_vg_clk[3]
 7.544293e-10 1.449893e-09 6.865754e-12 2.211188e-09 clkbuf_leaf_4_vg_clk[0]
 1.891136e-10 2.004420e-09 4.876254e-12 2.198410e-09 fanout333
 1.887385e-10 1.996717e-09 4.876254e-12 2.190332e-09 fanout328
 2.094057e-10 1.966206e-09 4.325320e-12 2.179937e-09 hold405
 1.860261e-10 1.988198e-09 4.876254e-12 2.179100e-09 fanout220
 1.895464e-10 1.962355e-09 4.876111e-12 2.156778e-09 hold37
 1.982208e-10 1.947100e-09 4.876198e-12 2.150196e-09 hold17
 7.598982e-10 1.372873e-09 6.865754e-12 2.139637e-09 clkbuf_leaf_9_vg_clk[2]
 1.806737e-10 1.944817e-09 7.514071e-12 2.133004e-09 fanout612
 1.890687e-10 1.925742e-09 4.876194e-12 2.119687e-09 hold615
 7.466063e-10 1.362578e-09 6.865754e-12 2.116050e-09 clkbuf_leaf_4_vg_clk[3]
 1.861444e-10 1.915561e-09 4.876254e-12 2.106581e-09 fanout200
 7.447791e-10 1.352995e-09 6.865754e-12 2.104640e-09 clkbuf_leaf_21_vg_clk[0]
 7.524495e-10 1.337516e-09 6.865754e-12 2.096831e-09 clkbuf_leaf_26_vg_clk[2]
 7.464485e-10 1.339582e-09 6.865754e-12 2.092897e-09 clkbuf_leaf_9_vg_clk[3]
 1.836290e-10 1.897503e-09 4.876219e-12 2.086008e-09 fanout235
 1.928796e-10 1.888199e-09 4.325342e-12 2.085404e-09 hold633
 7.514665e-10 1.323067e-09 6.865754e-12 2.081399e-09 clkbuf_leaf_24_vg_clk[1]
 7.481599e-10 1.324553e-09 6.865754e-12 2.079579e-09 clkbuf_leaf_12_vg_clk[2]
 1.894897e-10 1.885695e-09 4.325390e-12 2.079510e-09 fanout359
 1.779695e-10 1.891154e-09 4.325324e-12 2.073449e-09 fanout932
 1.915854e-10 1.863418e-09 4.325390e-12 2.059329e-09 fanout395
 1.838706e-10 1.869877e-09 4.876219e-12 2.058624e-09 fanout239
 7.514352e-10 1.294141e-09 6.865754e-12 2.052442e-09 clkbuf_leaf_22_vg_clk[2]
 1.897160e-10 1.856975e-09 4.325390e-12 2.051016e-09 fanout188
 7.456006e-10 1.297548e-09 6.865754e-12 2.050014e-09 clkbuf_leaf_11_vg_clk[3]
 1.842935e-10 1.854035e-09 4.876219e-12 2.043205e-09 fanout309
 1.892254e-10 1.848292e-09 4.876254e-12 2.042394e-09 fanout348
 7.572381e-10 1.274726e-09 6.865754e-12 2.038830e-09 clkbuf_leaf_4_vg_clk[2]
 7.501010e-10 1.280996e-09 6.865754e-12 2.037962e-09 clkbuf_leaf_3_vg_clk[1]
 1.923939e-10 1.835460e-09 4.876254e-12 2.032730e-09 fanout292
 1.907326e-10 1.835252e-09 4.876254e-12 2.030861e-09 fanout195
 7.507286e-10 1.270098e-09 6.865754e-12 2.027692e-09 clkbuf_leaf_1_vg_clk[0]
 2.095985e-10 1.806832e-09 4.876217e-12 2.021306e-09 hold1236
 1.616976e-10 1.852676e-09 4.876223e-12 2.019250e-09 hold441
 7.435442e-10 1.261177e-09 6.865754e-12 2.011588e-09 clkbuf_leaf_22_vg_clk[0]
 2.109805e-10 1.795010e-09 4.325326e-12 2.010316e-09 hold1226
 2.024591e-10 1.798288e-09 4.876195e-12 2.005623e-09 hold1454
 7.543551e-10 1.243561e-09 6.865754e-12 2.004782e-09 clkbuf_leaf_31_vg_clk[2]
 2.114649e-10 1.772086e-09 4.876206e-12 1.988427e-09 hold1126
 1.836787e-10 1.796018e-09 4.876219e-12 1.984573e-09 fanout268
 7.490695e-10 1.222882e-09 6.865754e-12 1.978817e-09 clkbuf_leaf_3_vg_clk[0]
 7.425627e-10 1.215109e-09 6.865754e-12 1.964537e-09 clkbuf_leaf_17_vg_clk[3]
 1.870789e-10 1.770959e-09 4.876254e-12 1.962914e-09 fanout203
 2.091622e-10 1.748812e-09 4.876217e-12 1.962850e-09 hold374
 1.869733e-10 1.768878e-09 4.876254e-12 1.960728e-09 fanout281
 7.453011e-10 1.194277e-09 6.865754e-12 1.946444e-09 clkbuf_leaf_16_vg_clk[2]
 2.209875e-10 1.704482e-09 4.325329e-12 1.929795e-09 hold2073
 7.523277e-10 1.166488e-09 6.865754e-12 1.925682e-09 clkbuf_leaf_33_vg_clk[2]
 1.811104e-10 1.738344e-09 4.325312e-12 1.923779e-09 hold1604
 1.900882e-10 1.721435e-09 4.325390e-12 1.915849e-09 fanout372
 7.421895e-10 1.165904e-09 6.865754e-12 1.914959e-09 clkbuf_leaf_19_vg_clk[0]
 1.785282e-10 1.724585e-09 4.325324e-12 1.907438e-09 fanout937
 1.881604e-10 1.704600e-09 4.325390e-12 1.897085e-09 fanout207
 7.426013e-10 1.146065e-09 6.865754e-12 1.895532e-09 clkbuf_leaf_16_vg_clk[0]
 7.475546e-10 1.132065e-09 6.865754e-12 1.886486e-09 clkbuf_leaf_28_vg_clk[2]
 1.857375e-10 1.691707e-09 4.876219e-12 1.882321e-09 fanout233
 7.494526e-10 1.123627e-09 6.865754e-12 1.879945e-09 clkbuf_leaf_24_vg_clk[0]
 1.875883e-10 1.684626e-09 4.876254e-12 1.877091e-09 fanout480
 7.492087e-10 1.118391e-09 6.865754e-12 1.874466e-09 clkbuf_leaf_25_vg_clk[0]
 7.472288e-10 1.119080e-09 6.865754e-12 1.873175e-09 clkbuf_leaf_23_vg_clk[2]
 1.787351e-10 1.672940e-09 4.325324e-12 1.856000e-09 fanout941
 7.456247e-10 1.086860e-09 6.865754e-12 1.839350e-09 clkbuf_leaf_8_vg_clk[1]
 7.454786e-10 1.082837e-09 6.865754e-12 1.835181e-09 clkbuf_leaf_9_vg_clk[1]
 7.428999e-10 1.084204e-09 6.865754e-12 1.833970e-09 clkbuf_leaf_10_vg_clk[2]
 7.396508e-10 1.082272e-09 6.865754e-12 1.828789e-09 clkbuf_leaf_21_vg_clk[1]
 1.848121e-10 1.639529e-09 4.325331e-12 1.828666e-09 hold533
 1.872551e-10 1.632595e-09 4.876254e-12 1.824726e-09 fanout295
 2.854744e-10 1.521837e-09 6.865805e-12 1.814177e-09 fanout154
 7.456729e-10 1.059352e-09 6.865754e-12 1.811891e-09 clkbuf_leaf_7_vg_clk[0]
 1.873156e-10 1.611072e-09 4.876254e-12 1.803264e-09 fanout421
 1.899748e-10 1.599525e-09 4.325327e-12 1.793825e-09 hold2286
 7.489822e-10 1.031255e-09 6.865754e-12 1.787102e-09 clkbuf_leaf_29_vg_clk[2]
 1.870928e-10 1.593604e-09 4.876219e-12 1.785573e-09 fanout401
 7.398122e-10 1.021025e-09 6.865754e-12 1.767703e-09 clkbuf_leaf_15_vg_clk[3]
 1.782454e-10 1.579206e-09 7.513953e-12 1.764966e-09 fanout902
 8.669578e-11 1.671469e-09 4.325224e-12 1.762490e-09 fanout717
 1.747530e-09 0.000000e+00 1.002208e-11 1.757552e-09 clkload1
 1.875539e-10 1.556684e-09 4.876219e-12 1.749114e-09 fanout273
 1.910287e-10 1.553562e-09 4.325390e-12 1.748916e-09 fanout392
 1.681948e-10 1.564672e-09 4.325315e-12 1.737192e-09 hold2785
 1.666073e-10 1.555955e-09 4.325334e-12 1.726888e-09 hold368
 8.728471e-11 1.634512e-09 4.325224e-12 1.726122e-09 fanout652
 2.529655e-10 1.462279e-09 7.514028e-12 1.722759e-09 fanout757
 1.786733e-10 1.530519e-09 4.876205e-12 1.714069e-09 hold31
 1.882609e-10 1.513869e-09 4.876254e-12 1.707006e-09 fanout284
 1.911208e-10 1.510596e-09 4.325390e-12 1.706042e-09 fanout417
 1.873880e-10 1.502866e-09 4.876219e-12 1.695130e-09 fanout402
 1.794387e-10 1.510665e-09 4.325324e-12 1.694429e-09 fanout946
 1.853012e-10 1.492283e-09 4.876195e-12 1.682461e-09 hold1724
 1.854385e-10 1.484497e-09 4.876219e-12 1.674812e-09 fanout306
 1.798123e-10 1.485615e-09 4.325324e-12 1.669753e-09 fanout925
 1.853960e-10 1.479360e-09 4.325390e-12 1.669081e-09 fanout434
 1.883765e-10 1.474988e-09 4.876254e-12 1.668241e-09 fanout409
 7.471639e-10 9.139969e-10 6.865754e-12 1.668026e-09 clkbuf_leaf_14_vg_clk[1]
 1.883474e-10 1.466371e-09 4.876254e-12 1.659594e-09 fanout344
 7.364490e-10 9.141025e-10 6.865754e-12 1.657417e-09 clkbuf_leaf_17_vg_clk[1]
 1.950103e-10 1.454212e-09 4.325352e-12 1.653547e-09 hold1086
 1.883887e-10 1.456282e-09 4.876254e-12 1.649547e-09 fanout345
 1.933495e-10 1.444391e-09 4.876204e-12 1.642616e-09 hold1641
 8.757595e-11 1.548223e-09 4.876234e-12 1.640675e-09 fanout688
 1.885276e-10 1.445692e-09 4.876254e-12 1.639095e-09 fanout325
 1.882018e-10 1.442924e-09 4.876254e-12 1.636002e-09 fanout294
 1.698771e-10 1.459406e-09 4.876226e-12 1.634160e-09 hold1717
 1.793123e-10 1.449373e-09 4.325324e-12 1.633011e-09 fanout931
 1.888148e-10 1.425179e-09 4.876254e-12 1.618870e-09 fanout462
 7.446513e-10 8.666735e-10 6.865754e-12 1.618191e-09 clkbuf_leaf_0_vg_clk[2]
 1.671248e-10 1.429797e-09 4.325327e-12 1.601247e-09 hold2477
 1.856166e-10 1.409648e-09 4.876219e-12 1.600141e-09 fanout335
 1.887114e-10 1.396412e-09 4.876254e-12 1.590000e-09 fanout289
 8.823894e-11 1.495065e-09 4.325224e-12 1.587630e-09 fanout647
 1.889226e-10 1.392413e-09 4.876254e-12 1.586212e-09 fanout366
 1.729897e-10 1.401361e-09 4.876201e-12 1.579227e-09 hold1824
 1.829178e-10 1.385998e-09 6.865777e-12 1.575781e-09 fanout694
 7.434234e-10 8.133070e-10 6.865754e-12 1.563596e-09 clkbuf_leaf_30_vg_clk[2]
 1.829049e-10 1.373834e-09 4.876180e-12 1.561616e-09 hold4689
 7.366248e-10 8.008601e-10 6.865754e-12 1.544351e-09 clkbuf_leaf_15_vg_clk[2]
 1.697582e-10 1.367712e-09 4.325315e-12 1.541796e-09 hold1592
 1.702622e-10 1.365866e-09 4.876212e-12 1.541005e-09 hold1891
 1.859225e-10 1.349562e-09 4.325390e-12 1.539810e-09 fanout397
 2.052108e-10 1.328974e-09 4.876181e-12 1.539061e-09 hold1461
 1.626599e-10 1.366774e-09 4.876223e-12 1.534310e-09 hold300
 1.835423e-10 1.338905e-09 7.513953e-12 1.529962e-09 fanout916
 1.954060e-10 1.314229e-09 4.325314e-12 1.513960e-09 hold1052
 7.381080e-10 7.434722e-10 6.865754e-12 1.488446e-09 clkbuf_leaf_27_vg_clk[2]
 1.802699e-10 1.301308e-09 4.325324e-12 1.485903e-09 fanout947
 1.948892e-10 1.280074e-09 4.876211e-12 1.479839e-09 hold855
 8.890419e-11 1.340899e-09 4.876234e-12 1.434679e-09 fanout693
 1.804410e-10 1.246929e-09 4.325324e-12 1.431695e-09 fanout942
 1.664723e-10 1.258629e-09 4.325315e-12 1.429426e-09 hold87
 1.808717e-10 1.228150e-09 4.325324e-12 1.413347e-09 fanout920
 8.905210e-11 1.293861e-09 4.325224e-12 1.387238e-09 fanout738
 8.947260e-11 1.265515e-09 4.325224e-12 1.359313e-09 fanout609
 1.089086e-10 1.246053e-09 3.659642e-12 1.358621e-09 fanout184
 8.935925e-11 1.258436e-09 4.325224e-12 1.352121e-09 fanout627
 8.959508e-11 1.246565e-09 4.876234e-12 1.341036e-09 fanout673
 1.927725e-10 1.142541e-09 4.325337e-12 1.339639e-09 hold4695
 8.645966e-11 1.247933e-09 4.325324e-12 1.338718e-09 fanout914
 8.972378e-11 1.227579e-09 4.876234e-12 1.322179e-09 fanout667
 8.936921e-11 1.221203e-09 4.325224e-12 1.314898e-09 fanout605
 8.955178e-11 1.218403e-09 4.325224e-12 1.312280e-09 fanout731
 1.782894e-10 1.116405e-09 4.876197e-12 1.299571e-09 hold4691
 8.998378e-11 1.202950e-09 4.325224e-12 1.297259e-09 fanout588
 8.958127e-11 1.200450e-09 4.325224e-12 1.294356e-09 fanout603
 1.039698e-10 1.184675e-09 4.647854e-12 1.293293e-09 fanout237
 9.011231e-11 1.184613e-09 4.325224e-12 1.279051e-09 fanout592
 1.726604e-10 1.090054e-09 4.876204e-12 1.267590e-09 hold4639
 8.979791e-11 1.169715e-09 4.325224e-12 1.263838e-09 fanout591
 8.989673e-11 1.167715e-09 4.876234e-12 1.262488e-09 fanout686
 9.014692e-11 1.166946e-09 4.325224e-12 1.261419e-09 fanout716
 8.982377e-11 1.163312e-09 4.876234e-12 1.258012e-09 fanout672
 9.097554e-11 1.150162e-09 4.325224e-12 1.245463e-09 fanout631
 9.128335e-11 1.147546e-09 4.325224e-12 1.243154e-09 fanout711
 9.001833e-11 1.135370e-09 4.325224e-12 1.229714e-09 fanout604
 9.017405e-11 1.113936e-09 4.325224e-12 1.208436e-09 fanout646
 9.085067e-11 1.108271e-09 6.865751e-12 1.205988e-09 fanout1033
 1.198672e-09 0.000000e+00 4.876145e-12 1.203549e-09 clkload47
 1.198111e-09 0.000000e+00 4.876145e-12 1.202987e-09 clkload48
 1.196896e-09 0.000000e+00 4.876145e-12 1.201773e-09 clkload45
 1.196784e-09 0.000000e+00 4.876145e-12 1.201661e-09 clkload46
 1.193725e-09 0.000000e+00 4.876145e-12 1.198601e-09 clkload43
 1.193594e-09 0.000000e+00 4.876145e-12 1.198470e-09 clkload44
 1.190349e-09 0.000000e+00 4.876145e-12 1.195225e-09 clkload6
 1.177362e-09 0.000000e+00 4.876145e-12 1.182238e-09 clkload2
 9.039492e-11 1.080888e-09 4.325224e-12 1.175608e-09 fanout715
 9.052225e-11 1.076581e-09 4.876234e-12 1.171979e-09 fanout685
 1.432765e-10 1.020802e-09 4.876172e-12 1.168954e-09 fanout876
 9.152117e-11 1.071553e-09 4.325224e-12 1.167399e-09 fanout630
 2.077034e-10 9.104841e-10 3.659524e-12 1.121847e-09 fanout989
 1.063779e-10 1.001517e-09 4.647919e-12 1.112543e-09 fanout367
 1.821181e-10 9.250857e-10 4.325324e-12 1.111529e-09 fanout918
 4.935190e-11 1.012319e-09 3.659343e-12 1.065330e-09 fanout730
 4.990116e-11 9.978003e-10 4.647881e-12 1.052349e-09 fanout687
 9.106738e-11 9.458111e-10 4.325224e-12 1.041204e-09 fanout732
 9.198554e-11 9.384582e-10 4.325224e-12 1.034769e-09 fanout629
 9.117321e-11 9.297416e-10 4.325224e-12 1.025240e-09 fanout727
 9.118301e-11 9.291805e-10 4.876234e-12 1.025240e-09 fanout677
 2.120094e-10 7.978451e-10 4.876184e-12 1.014731e-09 fanout866
 9.107211e-11 9.121386e-10 4.325224e-12 1.007536e-09 fanout644
 9.119952e-11 8.987233e-10 4.325224e-12 9.942480e-10 fanout601
 9.120678e-11 8.758659e-10 4.325224e-12 9.713979e-10 fanout602
 5.094739e-11 9.121766e-10 3.659343e-12 9.667832e-10 fanout710
 9.151145e-11 8.691868e-10 4.325224e-12 9.650234e-10 fanout633
 9.158722e-11 8.679566e-10 4.325224e-12 9.638690e-10 fanout714
 9.170217e-11 8.611990e-10 4.325224e-12 9.572264e-10 fanout590
 9.126065e-11 8.615212e-10 4.325224e-12 9.571071e-10 fanout608
 9.130288e-11 8.601445e-10 4.325224e-12 9.557726e-10 fanout643
 1.041029e-10 8.272751e-10 6.865908e-12 9.382439e-10 fanout1044
 4.356150e-11 8.891372e-10 4.876256e-12 9.375749e-10 fanout1026
 9.134388e-11 8.394990e-10 4.325224e-12 9.351682e-10 fanout625
 1.964914e-10 7.264478e-10 4.325392e-12 9.272645e-10 hold36
 9.168266e-11 8.278142e-10 4.325224e-12 9.238221e-10 fanout617
 1.903708e-10 7.188298e-10 4.325326e-12 9.135259e-10 hold35
 9.154615e-11 8.013428e-10 4.876234e-12 8.977652e-10 fanout670
 9.271941e-11 7.967689e-10 4.325224e-12 8.938135e-10 fanout709
 9.158598e-11 7.940138e-10 4.325224e-12 8.899250e-10 fanout599
 9.188980e-11 7.915382e-10 4.876234e-12 8.883042e-10 fanout666
 1.451024e-10 7.360169e-10 4.876178e-12 8.859954e-10 fanout164
 1.316236e-10 7.485952e-10 4.325261e-12 8.845440e-10 hold151
 8.892963e-11 7.838669e-10 4.325324e-12 8.771218e-10 fanout893
 1.451727e-10 7.200506e-10 4.876178e-12 8.700994e-10 fanout165
 9.185987e-11 7.719662e-10 4.325224e-12 8.681513e-10 fanout701
 1.451950e-10 7.166931e-10 4.325324e-12 8.662134e-10 fanout136
 9.189940e-11 7.655436e-10 4.876234e-12 8.623192e-10 fanout680
 9.170487e-11 7.646986e-10 4.325224e-12 8.607287e-10 fanout713
 9.194592e-11 7.624508e-10 4.325224e-12 8.587220e-10 fanout581
 9.172497e-11 7.607723e-10 4.325224e-12 8.568225e-10 fanout641
 8.909922e-11 7.617303e-10 4.325324e-12 8.551548e-10 fanout895
 1.452422e-10 7.038239e-10 4.325324e-12 8.533914e-10 fanout135
 9.189932e-11 7.546098e-10 4.325224e-12 8.508343e-10 fanout720
 1.034861e-10 7.390586e-10 6.865805e-12 8.494105e-10 fanout752
 9.193965e-11 7.520315e-10 4.325224e-12 8.482964e-10 fanout706
 1.448707e-10 6.855807e-10 4.876178e-12 8.353276e-10 fanout881
 9.182215e-11 7.358154e-10 4.325224e-12 8.319628e-10 fanout623
 9.201569e-11 7.347256e-10 4.876234e-12 8.316174e-10 fanout683
 9.198956e-11 7.344693e-10 4.876234e-12 8.313351e-10 fanout660
 9.200662e-11 7.278304e-10 4.325224e-12 8.241622e-10 fanout724
 9.187508e-11 7.268782e-10 4.325224e-12 8.230784e-10 fanout616
 9.180096e-11 7.200141e-10 4.325224e-12 8.161403e-10 fanout586
 9.218429e-11 7.108605e-10 4.325224e-12 8.073701e-10 fanout707
 9.219222e-11 7.106941e-10 4.325224e-12 8.072115e-10 fanout594
 4.446591e-11 7.569609e-10 4.325246e-12 8.057521e-10 fanout839
 1.449912e-10 6.536964e-10 4.876178e-12 8.035638e-10 fanout884
 9.754426e-11 6.965669e-10 4.647825e-12 7.987589e-10 fanout872
 9.188496e-11 7.008785e-10 4.325224e-12 7.970887e-10 fanout640
 1.891540e-10 6.003761e-10 4.876256e-12 7.944063e-10 hold66
 9.213307e-11 6.940463e-10 4.325224e-12 7.905046e-10 fanout725
 9.297139e-11 6.931349e-10 4.325224e-12 7.904316e-10 fanout733
 9.223794e-11 6.924559e-10 4.325224e-12 7.890190e-10 fanout576
 8.922602e-11 6.950144e-10 4.325324e-12 7.885657e-10 fanout906
 9.205735e-11 6.918195e-10 4.325224e-12 7.882021e-10 fanout700
 8.924559e-11 6.906009e-10 4.325324e-12 7.841718e-10 fanout904
 8.921212e-11 6.877356e-10 4.325324e-12 7.812730e-10 fanout905
 9.201757e-11 6.816277e-10 4.325224e-12 7.779705e-10 fanout607
 1.575232e-10 6.158589e-10 4.325314e-12 7.777075e-10 hold200
 9.196029e-11 6.790875e-10 4.876234e-12 7.759240e-10 fanout676
 9.210593e-11 6.762183e-10 4.876234e-12 7.732004e-10 fanout665
 9.199182e-11 6.670900e-10 4.325224e-12 7.634071e-10 fanout611
 9.224620e-11 6.645137e-10 4.325224e-12 7.610851e-10 fanout610
 9.230480e-11 6.635620e-10 4.876234e-12 7.607430e-10 fanout657
 9.218983e-11 6.634016e-10 4.325224e-12 7.599166e-10 fanout704
 9.225527e-11 6.632780e-10 4.325224e-12 7.598585e-10 fanout699
 9.208403e-11 6.580794e-10 4.876234e-12 7.550397e-10 fanout689
 9.240750e-11 6.576284e-10 4.876234e-12 7.549121e-10 fanout669
 9.357193e-11 6.553921e-10 4.325224e-12 7.532892e-10 fanout583
 9.173737e-11 6.519477e-10 6.865751e-12 7.505508e-10 fanout1030
 9.273792e-11 6.494814e-10 4.325224e-12 7.465445e-10 fanout651
 9.211166e-11 6.458890e-10 4.876234e-12 7.428769e-10 fanout692
 9.236898e-11 6.385750e-10 4.876234e-12 7.358202e-10 fanout656
 9.233495e-11 6.250870e-10 4.876234e-12 7.222982e-10 fanout684
 9.243886e-11 6.244143e-10 4.876234e-12 7.217293e-10 fanout678
 4.506100e-11 6.689373e-10 4.325246e-12 7.183236e-10 fanout837
 9.240624e-11 6.213067e-10 4.325224e-12 7.180381e-10 fanout574
 9.242552e-11 6.190038e-10 4.876234e-12 7.163056e-10 fanout675
 4.693892e-11 6.591575e-10 7.514045e-12 7.136104e-10 fanout853
 9.221808e-11 6.152839e-10 4.325224e-12 7.118272e-10 fanout600
 9.257577e-11 6.102083e-10 4.325224e-12 7.071093e-10 fanout573
 9.300542e-11 6.085756e-10 4.325224e-12 7.059063e-10 fanout613
 9.251238e-11 6.046010e-10 4.876234e-12 7.019896e-10 fanout661
 9.260671e-11 6.020485e-10 4.325224e-12 6.989804e-10 fanout619
 6.888730e-10 0.000000e+00 6.865754e-12 6.957387e-10 clkload150
 6.884972e-10 0.000000e+00 6.865754e-12 6.953629e-10 clkload122
 6.879776e-10 0.000000e+00 6.865754e-12 6.948433e-10 clkload133
 6.864834e-10 0.000000e+00 6.865754e-12 6.933492e-10 clkload83
 6.860519e-10 0.000000e+00 6.865754e-12 6.929176e-10 clkload85
 6.856322e-10 0.000000e+00 6.865754e-12 6.924979e-10 clkload88
 6.855584e-10 0.000000e+00 6.865754e-12 6.924242e-10 clkload105
 6.854776e-10 0.000000e+00 6.865754e-12 6.923433e-10 clkload117
 6.852907e-10 0.000000e+00 6.865754e-12 6.921564e-10 clkload146
 9.227046e-11 5.951269e-10 4.325224e-12 6.917226e-10 fanout638
 9.264103e-11 5.935324e-10 4.325224e-12 6.904986e-10 fanout578
 9.246514e-11 5.902179e-10 4.325224e-12 6.870082e-10 fanout719
 9.234923e-11 5.862318e-10 4.325224e-12 6.829063e-10 fanout597
 9.270653e-11 5.812458e-10 4.325224e-12 6.782775e-10 fanout635
 9.259343e-11 5.806663e-10 4.876234e-12 6.781359e-10 fanout691
 5.155069e-11 6.196272e-10 4.325379e-12 6.755033e-10 fanout830
 9.267329e-11 5.709114e-10 4.876234e-12 6.684610e-10 fanout658
 8.706426e-11 5.687080e-10 7.513953e-12 6.632861e-10 fanout890
 9.323834e-11 5.620637e-10 4.325224e-12 6.596273e-10 fanout697
 9.280731e-11 5.531070e-10 4.325224e-12 6.502395e-10 fanout618
 8.957916e-11 5.541910e-10 4.325324e-12 6.480955e-10 fanout897
 9.279545e-11 5.446125e-10 4.876234e-12 6.422841e-10 fanout654
 9.289040e-11 5.342338e-10 4.325224e-12 6.314494e-10 fanout736
 1.452293e-10 4.677501e-10 4.876178e-12 6.178556e-10 fanout886
 9.265617e-11 5.176669e-10 4.325224e-12 6.146483e-10 fanout614
 9.290759e-11 5.156506e-10 4.325224e-12 6.128834e-10 fanout702
 9.277597e-11 5.131818e-10 4.325224e-12 6.102830e-10 fanout722
 9.273838e-11 5.113661e-10 4.325224e-12 6.084296e-10 fanout698
 8.415062e-11 5.142128e-10 4.647780e-12 6.030113e-10 fanout885
 9.904814e-11 4.761219e-10 4.647825e-12 5.798179e-10 fanout870
 7.368617e-11 4.888658e-10 4.325459e-12 5.668774e-10 hold1920
 5.032443e-11 4.946165e-10 3.659524e-12 5.486004e-10 fanout908
 5.202357e-11 4.788783e-10 4.876211e-12 5.357780e-10 fanout755
 4.624067e-11 4.838602e-10 4.876212e-12 5.349771e-10 fanout525
 3.488643e-10 1.796003e-10 4.325326e-12 5.327899e-10 fanout865
 4.748985e-11 4.774240e-10 7.514045e-12 5.324279e-10 fanout849
 5.200549e-11 4.570937e-10 3.659343e-12 5.127586e-10 fanout705
 4.636183e-11 4.387158e-10 4.876256e-12 4.899539e-10 fanout1022
 5.216169e-11 4.331674e-10 4.325379e-12 4.896544e-10 fanout829
 4.850711e-10 0.000000e+00 1.896050e-12 4.869672e-10 clkload53
 4.784991e-10 0.000000e+00 1.896050e-12 4.803952e-10 clkload7
 4.784782e-10 0.000000e+00 1.896050e-12 4.803742e-10 clkload23
 4.781667e-10 0.000000e+00 1.896050e-12 4.800627e-10 clkload29
 4.781195e-10 0.000000e+00 1.896050e-12 4.800156e-10 clkload19
 4.764897e-10 0.000000e+00 1.896050e-12 4.783858e-10 clkload11
 4.760156e-10 0.000000e+00 1.896050e-12 4.779117e-10 clkload17
 4.755260e-10 0.000000e+00 1.896050e-12 4.774220e-10 clkload34
 4.746932e-10 0.000000e+00 1.896050e-12 4.765893e-10 clkload36
 4.745194e-10 0.000000e+00 1.896050e-12 4.764155e-10 clkload31
 4.708783e-10 0.000000e+00 1.896050e-12 4.727743e-10 clkload3
 4.807598e-11 4.176594e-10 6.865751e-12 4.726011e-10 fanout1010
 5.245389e-11 4.042108e-10 4.325379e-12 4.609901e-10 fanout831
 4.652486e-11 3.978067e-10 4.876256e-12 4.492079e-10 fanout1021
 4.374355e-11 3.818721e-10 4.325466e-12 4.299412e-10 hold4327
 7.393167e-11 3.445422e-10 4.325459e-12 4.227993e-10 hold1781
 4.810798e-11 3.658304e-10 6.865751e-12 4.208042e-10 fanout1013
 4.757083e-11 3.586578e-10 7.514045e-12 4.137427e-10 fanout848
 4.809176e-11 3.560304e-10 6.865751e-12 4.109879e-10 fanout1015
 8.175083e-11 3.208566e-10 4.647780e-12 4.072553e-10 fanout883
 2.493798e-11 3.744933e-10 6.865751e-12 4.062970e-10 fanout1007
 5.232562e-11 3.431586e-10 4.647881e-12 4.001321e-10 fanout679
 4.691963e-11 3.292347e-10 4.876256e-12 3.810306e-10 fanout1018
 8.184286e-11 2.899467e-10 4.647780e-12 3.764373e-10 fanout888
 9.009080e-11 2.809093e-10 4.325324e-12 3.753254e-10 fanout913
 3.658045e-10 0.000000e+00 9.557792e-14 3.659001e-10 clkload50
 3.584572e-10 0.000000e+00 4.876254e-12 3.633335e-10 clkload160
 3.620576e-10 0.000000e+00 9.557792e-14 3.621531e-10 clkload51
 2.503468e-11 3.288841e-10 7.514045e-12 3.614329e-10 fanout859
 3.553033e-10 0.000000e+00 4.876254e-12 3.601795e-10 clkload111
 3.551875e-10 0.000000e+00 4.876254e-12 3.600638e-10 clkload121
 3.599025e-10 0.000000e+00 9.557792e-14 3.599981e-10 clkload55
 3.548423e-10 0.000000e+00 4.876254e-12 3.597186e-10 clkload79
 3.546573e-10 0.000000e+00 4.876254e-12 3.595336e-10 clkload132
 3.534693e-10 0.000000e+00 4.876254e-12 3.583455e-10 clkload137
 3.533439e-10 0.000000e+00 4.876254e-12 3.582202e-10 clkload97
 3.529937e-10 0.000000e+00 4.876254e-12 3.578700e-10 clkload115
 3.528034e-10 0.000000e+00 4.876254e-12 3.576796e-10 clkload138
 8.169043e-11 2.711174e-10 4.647770e-12 3.574556e-10 fanout874
 3.525652e-10 0.000000e+00 4.876254e-12 3.574414e-10 clkload64
 3.525165e-10 0.000000e+00 4.876254e-12 3.573928e-10 clkload157
 3.524638e-10 0.000000e+00 4.876254e-12 3.573400e-10 clkload63
 3.524591e-10 0.000000e+00 4.876254e-12 3.573354e-10 clkload142
 3.523855e-10 0.000000e+00 4.876254e-12 3.572617e-10 clkload128
 4.757721e-11 3.006231e-10 7.514045e-12 3.557143e-10 fanout851
 3.533624e-10 0.000000e+00 9.557792e-14 3.534580e-10 clkload5
 3.528909e-10 0.000000e+00 9.557792e-14 3.529865e-10 clkload22
 4.787852e-11 2.799970e-10 7.514045e-12 3.353895e-10 fanout847
 5.304062e-11 2.656796e-10 4.325379e-12 3.230456e-10 fanout820
 5.251732e-11 2.579074e-10 4.647881e-12 3.150726e-10 fanout668
 5.278500e-11 2.469296e-10 3.659343e-12 3.033739e-10 fanout636
 4.756677e-11 2.471188e-10 4.325379e-12 2.990110e-10 fanout814
 1.766129e-10 1.171819e-10 4.325326e-12 2.981201e-10 fanout864
 5.298817e-11 2.409885e-10 3.659343e-12 2.976361e-10 fanout735
 5.312203e-11 2.391899e-10 4.325379e-12 2.966373e-10 fanout818
 5.362776e-11 2.356766e-10 3.659343e-12 2.929637e-10 fanout708
 2.851569e-10 0.000000e+00 4.330429e-12 2.894873e-10 clkload159
 5.303916e-11 2.299333e-10 3.659343e-12 2.866318e-10 fanout587
 5.282563e-11 2.291844e-10 3.659343e-12 2.856694e-10 fanout595
 5.260840e-11 2.284528e-10 3.659343e-12 2.847206e-10 fanout575
 2.777973e-10 0.000000e+00 4.330429e-12 2.821277e-10 clkload100
 2.771226e-10 0.000000e+00 4.330429e-12 2.814531e-10 clkload90
 2.770309e-10 0.000000e+00 4.330429e-12 2.813613e-10 clkload112
 2.527802e-11 2.481455e-10 7.514045e-12 2.809376e-10 fanout858
 2.765207e-10 0.000000e+00 4.330429e-12 2.808511e-10 clkload86
 2.756040e-10 0.000000e+00 4.330429e-12 2.799344e-10 clkload124
 2.746352e-10 0.000000e+00 4.330429e-12 2.789657e-10 clkload89
 2.743324e-10 0.000000e+00 4.330429e-12 2.786628e-10 clkload158
 2.737395e-10 0.000000e+00 4.330429e-12 2.780699e-10 clkload147
 5.292895e-11 2.204073e-10 4.647881e-12 2.779841e-10 fanout662
 2.733088e-10 0.000000e+00 4.330429e-12 2.776392e-10 clkload61
 2.726716e-10 0.000000e+00 4.330429e-12 2.770021e-10 clkload68
 2.701377e-10 0.000000e+00 4.330429e-12 2.744682e-10 clkload161
 5.303307e-11 2.154943e-10 3.659343e-12 2.721867e-10 fanout621
 5.312580e-11 2.151640e-10 3.659343e-12 2.719492e-10 fanout734
 2.642993e-11 2.395187e-10 3.659383e-12 2.696080e-10 fanout841
 2.577706e-10 0.000000e+00 6.418383e-13 2.584124e-10 clkload40
 2.561670e-10 0.000000e+00 6.418383e-13 2.568088e-10 clkload42
 5.273638e-11 1.947438e-10 3.659343e-12 2.511396e-10 fanout726
 5.286660e-11 1.944951e-10 3.659343e-12 2.510211e-10 fanout584
 2.497186e-10 0.000000e+00 6.418383e-13 2.503605e-10 clkload54
 2.485407e-10 0.000000e+00 6.418383e-13 2.491826e-10 clkload52
 2.473032e-10 0.000000e+00 6.418383e-13 2.479451e-10 clkload25
 2.465197e-10 0.000000e+00 6.418383e-13 2.471615e-10 clkload4
 2.462129e-10 0.000000e+00 6.418383e-13 2.468547e-10 clkload26
 2.461632e-10 0.000000e+00 6.418383e-13 2.468050e-10 clkload10
 2.460555e-10 0.000000e+00 6.418383e-13 2.466974e-10 clkload9
 5.261771e-11 1.798421e-10 3.659343e-12 2.361191e-10 fanout723
 5.259694e-11 1.778192e-10 3.659343e-12 2.340755e-10 fanout639
 2.533441e-11 1.947404e-10 6.865751e-12 2.269406e-10 fanout1005
 2.403188e-11 1.957502e-10 4.325246e-12 2.241073e-10 fanout854
 4.758138e-11 1.676254e-10 4.876124e-12 2.200829e-10 fanout815
 2.530479e-11 1.556346e-10 4.876294e-12 1.858157e-10 hold71
 2.528544e-11 1.286867e-10 6.865751e-12 1.608379e-10 fanout1003
 1.427483e-11 1.394396e-10 6.865725e-12 1.605801e-10 fanout801
 1.387051e-11 1.373257e-10 6.865751e-12 1.580619e-10 fanout487
 3.011742e-11 1.203974e-10 3.659623e-12 1.541744e-10 fanout819
 1.416743e-11 1.322482e-10 7.514071e-12 1.539297e-10 fanout797
 1.409218e-11 1.293488e-10 7.514071e-12 1.509551e-10 fanout553
 1.483247e-10 0.000000e+00 1.895172e-12 1.502199e-10 clkload116
 1.476105e-10 0.000000e+00 1.895172e-12 1.495057e-10 clkload65
 1.457132e-10 0.000000e+00 1.895172e-12 1.476084e-10 clkload66
 1.448077e-10 0.000000e+00 1.895172e-12 1.467029e-10 clkload69
 1.419321e-10 0.000000e+00 1.895172e-12 1.438273e-10 clkload92
 1.418723e-10 0.000000e+00 1.895172e-12 1.437675e-10 clkload149
 1.413655e-10 0.000000e+00 1.895172e-12 1.432607e-10 clkload93
 1.384376e-11 1.224937e-10 4.647975e-12 1.409855e-10 fanout469
 1.454835e-11 1.186609e-10 7.513994e-12 1.407233e-10 fanout743
 1.406125e-11 1.185779e-10 6.865751e-12 1.395049e-10 fanout486
 1.447122e-11 1.100736e-10 6.865725e-12 1.314105e-10 fanout564
 4.502557e-11 7.917423e-11 1.181000e-12 1.253808e-10 max_cap532
 3.002848e-11 9.002649e-11 4.647682e-12 1.247027e-10 fanout1040
 1.272855e-11 1.054410e-10 4.876256e-12 1.230458e-10 fanout1004
 1.406492e-11 9.891111e-11 7.514071e-12 1.204901e-10 fanout549
 2.797533e-11 8.402323e-11 4.647979e-12 1.166465e-10 fanout176
 4.855757e-11 6.629763e-11 1.181000e-12 1.160362e-10 max_cap492
 1.397397e-11 8.903184e-11 6.865725e-12 1.098715e-10 fanout765
 1.402484e-11 8.644980e-11 7.514071e-12 1.079887e-10 fanout761
 6.907451e-12 9.167739e-11 4.876278e-12 1.034611e-10 fanout810
 1.390416e-11 8.324717e-11 4.647842e-12 1.017992e-10 hold4501
 1.016076e-10 0.000000e+00 9.555768e-14 1.017032e-10 clkload109
 1.404079e-11 7.995400e-11 7.514071e-12 1.015089e-10 fanout777
 1.008243e-10 0.000000e+00 9.555768e-14 1.009198e-10 clkload156
 1.728986e-11 7.896449e-11 4.647803e-12 1.009021e-10 hold4224
 9.995960e-11 0.000000e+00 9.555768e-14 1.000552e-10 clkload74
 9.647999e-11 0.000000e+00 9.555768e-14 9.657555e-11 clkload140
 9.606928e-11 0.000000e+00 9.555768e-14 9.616484e-11 clkload102
 9.578417e-11 0.000000e+00 9.555768e-14 9.587973e-11 clkload127
 9.550066e-11 0.000000e+00 9.555768e-14 9.559621e-11 clkload110
 9.493321e-11 0.000000e+00 9.555768e-14 9.502877e-11 clkload56
 1.290929e-11 7.567619e-11 4.325249e-12 9.291073e-11 fanout817
 1.291193e-11 7.493488e-11 4.325296e-12 9.217211e-11 fanout267
 2.499500e-11 6.086342e-11 4.876290e-12 9.073471e-11 hold9
 1.723591e-11 6.712060e-11 4.647980e-12 8.900449e-11 fanout515
 1.292750e-11 6.851373e-11 4.876183e-12 8.631741e-11 fanout491
 1.726656e-11 5.964629e-11 4.647980e-12 8.156083e-11 fanout511
 1.732270e-11 5.919024e-11 4.647980e-12 8.116092e-11 fanout517
 7.953697e-11 0.000000e+00 6.405474e-13 8.017752e-11 clkload148
 7.028638e-12 6.775257e-11 4.876278e-12 7.965749e-11 fanout784
 1.296073e-11 6.131404e-11 4.876183e-12 7.915096e-11 fanout490
 7.792221e-11 0.000000e+00 6.405474e-13 7.856276e-11 clkload119
 1.729860e-11 5.654582e-11 4.647980e-12 7.849241e-11 fanout513
 7.242955e-12 6.587160e-11 4.325224e-12 7.743978e-11 fanout782
 7.524857e-11 0.000000e+00 6.405474e-13 7.588912e-11 clkload145
 1.405824e-11 5.717418e-11 4.647975e-12 7.588039e-11 fanout477
 7.322062e-11 0.000000e+00 6.405474e-13 7.386117e-11 clkload99
 7.059274e-12 6.181643e-11 4.876299e-12 7.375200e-11 fanout127
 7.301046e-11 0.000000e+00 6.405474e-13 7.365101e-11 clkload114
 4.416136e-11 2.719702e-11 1.181000e-12 7.253938e-11 max_cap522
 7.059096e-12 6.012514e-11 4.876278e-12 7.206052e-11 fanout791
 1.730389e-11 4.958397e-11 4.647983e-12 7.153585e-11 fanout521
 3.889101e-12 5.979999e-11 4.647960e-12 6.833706e-11 max_cap812
 1.346072e-11 4.551191e-11 4.876253e-12 6.384888e-11 hold4468
 1.395692e-11 4.462131e-11 4.647975e-12 6.322621e-11 fanout475
 1.404447e-11 4.095824e-11 7.514071e-12 6.251678e-11 fanout778
 7.091705e-12 4.977391e-11 4.876278e-12 6.174190e-11 fanout773
 8.644000e-12 4.706140e-11 4.876271e-12 6.058167e-11 fanout256
 1.386410e-11 4.196694e-11 4.647975e-12 6.047902e-11 fanout467
 7.121240e-12 4.796570e-11 4.325203e-12 5.941214e-11 fanout133
 8.814120e-12 4.605654e-11 4.325229e-12 5.919589e-11 fanout260
 1.403610e-11 4.007316e-11 4.647975e-12 5.875723e-11 fanout471
 7.127913e-12 4.625137e-11 4.325203e-12 5.770449e-11 fanout132
 8.624599e-12 4.374663e-11 4.876271e-12 5.724750e-11 fanout257
 1.079666e-11 4.155059e-11 4.647973e-12 5.699522e-11 fanout499
 7.174466e-12 4.493630e-11 4.876183e-12 5.698695e-11 fanout1036
 1.075916e-11 4.132431e-11 4.647978e-12 5.673145e-11 fanout540
 7.126065e-12 4.526842e-11 4.325290e-12 5.671977e-11 fanout740
 1.080673e-11 4.074661e-11 4.647978e-12 5.620132e-11 fanout538
 7.145429e-12 4.376328e-11 4.876299e-12 5.578501e-11 fanout253
 7.116896e-12 4.376293e-11 4.876278e-12 5.575610e-11 fanout560
 7.423882e-12 4.345551e-11 4.876183e-12 5.575558e-11 fanout1038
 1.085477e-11 3.908197e-11 4.647978e-12 5.458472e-11 fanout534
 1.073636e-11 3.872092e-11 4.647978e-12 5.410526e-11 fanout544
 1.080023e-11 3.849711e-11 4.647978e-12 5.394531e-11 fanout542
 1.070062e-11 3.791574e-11 4.647973e-12 5.326433e-11 fanout503
 1.070207e-11 3.779338e-11 4.647973e-12 5.314342e-11 fanout501
 7.327220e-12 4.029329e-11 4.876299e-12 5.249681e-11 fanout171
 7.178480e-12 4.014555e-11 4.876299e-12 5.220033e-11 fanout170
 7.122072e-12 4.069723e-11 4.325224e-12 5.214453e-11 fanout776
 7.138660e-12 3.949144e-11 4.325203e-12 5.095531e-11 fanout246
 7.153769e-12 3.876897e-11 4.876299e-12 5.079904e-11 fanout570
 7.168866e-12 3.870825e-11 4.876299e-12 5.075342e-11 fanout252
 7.175506e-12 3.902271e-11 4.325366e-12 5.052358e-11 fanout744
 1.068983e-11 3.503656e-11 4.647973e-12 5.037436e-11 fanout497
 7.230832e-12 3.866559e-11 4.325203e-12 5.022162e-11 fanout169
 1.060147e-11 3.484448e-11 4.647973e-12 5.009393e-11 fanout495
 7.290803e-12 3.770920e-11 4.876278e-12 4.987628e-11 hold40
 1.062047e-11 3.435273e-11 4.647973e-12 4.962117e-11 fanout505
 7.140373e-12 3.784137e-11 4.325203e-12 4.930694e-11 fanout250
 7.263742e-12 3.712171e-11 4.876278e-12 4.926173e-11 fanout562
 7.160389e-12 3.720047e-11 4.876299e-12 4.923716e-11 fanout567
 7.201181e-12 3.708747e-11 4.876299e-12 4.916495e-11 fanout569
 7.181698e-12 3.765768e-11 4.325366e-12 4.916475e-11 fanout745
 4.813241e-12 4.067496e-11 3.659351e-12 4.914755e-11 fanout265
 7.148565e-12 3.721685e-11 4.325203e-12 4.869062e-11 fanout109
 7.216330e-12 3.581461e-11 4.876299e-12 4.790724e-11 fanout566
 2.730516e-12 3.761021e-11 7.514097e-12 4.785482e-11 fanout151
 7.152875e-12 3.609235e-11 4.325203e-12 4.757043e-11 fanout110
 2.752769e-12 3.159005e-11 7.514097e-12 4.185691e-11 fanout150
 7.203467e-12 2.856232e-11 4.876278e-12 4.064206e-11 fanout788
 7.206161e-12 2.782457e-11 4.876278e-12 3.990701e-11 fanout768
 7.392587e-12 2.672268e-11 4.647983e-12 3.876325e-11 fanout546
 7.201662e-12 2.631594e-11 4.876299e-12 3.839390e-11 fanout125
 2.787416e-12 2.793400e-11 7.514097e-12 3.823552e-11 fanout159
 4.847315e-12 2.863338e-11 3.659351e-12 3.714005e-11 fanout266
 1.630763e-11 1.946461e-11 1.181000e-12 3.695324e-11 max_cap177
 7.188313e-12 2.543838e-11 4.325224e-12 3.695192e-11 fanout548
 2.791990e-12 2.622920e-11 7.514097e-12 3.653529e-11 fanout158
 7.198999e-12 2.461409e-11 4.325203e-12 3.613830e-11 fanout244
 4.032240e-12 2.714651e-11 4.647997e-12 3.582674e-11 fanout568
 4.029407e-12 2.772868e-11 3.659306e-12 3.541740e-11 fanout247
 7.397273e-12 2.241583e-11 4.647978e-12 3.446108e-11 fanout507
 4.094061e-12 2.668062e-11 3.659306e-12 3.443399e-11 fanout111
 4.848894e-12 2.448394e-11 3.659351e-12 3.299219e-11 fanout263
 2.805234e-12 2.216204e-11 7.514097e-12 3.248137e-11 fanout138
 2.798211e-12 2.137938e-11 6.865699e-12 3.104329e-11 fanout162
 2.792955e-12 2.061515e-11 7.514097e-12 3.092220e-11 fanout156
 1.672336e-11 9.123311e-12 4.647980e-12 3.049465e-11 fanout509
 4.866163e-12 2.117567e-11 3.659351e-12 2.970119e-11 fanout258
 2.857104e-12 1.850090e-11 7.514097e-12 2.887210e-11 fanout148
 1.371648e-11 9.759488e-12 4.647980e-12 2.812395e-11 fanout479
 1.648951e-11 5.279087e-12 4.647980e-12 2.641657e-11 fanout519
 1.366320e-11 7.316930e-12 4.647975e-12 2.562810e-11 fanout473
 4.062957e-12 1.777008e-11 3.659306e-12 2.549234e-11 fanout249
 4.099748e-12 1.412274e-11 3.659598e-12 2.188208e-11 fanout746
 1.050820e-11 5.755250e-12 4.647978e-12 2.091143e-11 fanout536
 1.421643e-12 8.998342e-12 4.325202e-12 1.474519e-11 fanout130
 1.423282e-12 8.544729e-12 4.325202e-12 1.429321e-11 fanout129
 2.297579e-19 1.827183e-18 1.416722e-11 1.416722e-11 max_cap1051
 8.141415e-13 7.118435e-12 4.648000e-12 1.258058e-11 max_cap146
 1.495208e-12 5.009438e-12 4.876300e-12 1.138095e-11 fanout861
 8.285368e-13 6.467242e-12 3.659304e-12 1.095508e-11 fanout131
 8.104510e-13 3.407161e-12 4.648000e-12 8.865612e-12 max_cap152
 1.111625e-19 1.093529e-18 7.514067e-12 7.514067e-12 fanout1151
 0.000000e+00 0.000000e+00 4.876300e-12 4.876300e-12 fanout168
 0.000000e+00 0.000000e+00 4.876300e-12 4.876300e-12 fanout173
 0.000000e+00 0.000000e+00 4.876300e-12 4.876300e-12 fanout174
 5.546084e-20 7.778849e-19 4.876272e-12 4.876273e-12 fanout1236
 5.599128e-20 6.786933e-19 4.876272e-12 4.876273e-12 fanout1248
 5.707314e-20 3.477486e-19 4.876272e-12 4.876273e-12 fanout1164
 5.770671e-20 3.001666e-19 4.876272e-12 4.876273e-12 fanout1167
 5.777592e-20 2.851264e-19 4.876272e-12 4.876273e-12 fanout1169
 5.717370e-20 2.882382e-19 4.876272e-12 4.876273e-12 fanout1171
 5.701353e-20 3.658566e-19 4.876272e-12 4.876273e-12 fanout1176
 5.684204e-20 4.079754e-19 4.876272e-12 4.876273e-12 fanout1177
 5.677903e-20 3.806341e-19 4.876272e-12 4.876273e-12 fanout1180
 5.719944e-20 3.198093e-19 4.876272e-12 4.876273e-12 fanout1186
 5.747770e-20 3.320270e-19 4.876272e-12 4.876273e-12 fanout1189
 5.726694e-20 3.063988e-19 4.876272e-12 4.876273e-12 fanout1190
 5.681821e-20 3.608338e-19 4.876272e-12 4.876273e-12 fanout1192
 5.682960e-20 3.845189e-19 4.876272e-12 4.876273e-12 fanout1216
 5.669458e-20 4.180568e-19 4.876272e-12 4.876273e-12 fanout1217
 5.670052e-20 4.165178e-19 4.876272e-12 4.876273e-12 fanout1218
 5.668075e-20 4.357347e-19 4.876272e-12 4.876273e-12 fanout1227
 5.605683e-20 5.577616e-19 4.876272e-12 4.876273e-12 fanout1230
 5.678624e-20 5.119078e-19 4.876272e-12 4.876273e-12 fanout1232
 5.629053e-20 5.207669e-19 4.876272e-12 4.876273e-12 fanout1233
 5.686766e-20 4.886468e-19 4.876272e-12 4.876273e-12 fanout1234
 5.780717e-20 2.159520e-19 4.876272e-12 4.876273e-12 fanout1235
 1.153086e-19 6.129434e-19 4.876230e-12 4.876230e-12 fanout1154
 2.298663e-19 1.064791e-18 4.876202e-12 4.876204e-12 fanout1157
 0.000000e+00 0.000000e+00 4.648000e-12 4.648000e-12 input23
 0.000000e+00 0.000000e+00 4.648000e-12 4.648000e-12 input24
 0.000000e+00 0.000000e+00 4.648000e-12 4.648000e-12 input25
 0.000000e+00 0.000000e+00 4.648000e-12 4.648000e-12 input26
 0.000000e+00 0.000000e+00 4.648000e-12 4.648000e-12 input27
 0.000000e+00 0.000000e+00 4.648000e-12 4.648000e-12 input28
 0.000000e+00 0.000000e+00 4.648000e-12 4.648000e-12 input29
 0.000000e+00 0.000000e+00 4.648000e-12 4.648000e-12 input30
 0.000000e+00 0.000000e+00 4.648000e-12 4.648000e-12 input31
 0.000000e+00 0.000000e+00 4.648000e-12 4.648000e-12 input32
 0.000000e+00 0.000000e+00 4.648000e-12 4.648000e-12 input33
 0.000000e+00 0.000000e+00 4.648000e-12 4.648000e-12 input34
 0.000000e+00 0.000000e+00 4.648000e-12 4.648000e-12 input35
 0.000000e+00 0.000000e+00 4.648000e-12 4.648000e-12 input36
 0.000000e+00 0.000000e+00 4.648000e-12 4.648000e-12 input37
 0.000000e+00 0.000000e+00 4.648000e-12 4.648000e-12 input38
 0.000000e+00 0.000000e+00 4.648000e-12 4.648000e-12 input39
 0.000000e+00 0.000000e+00 4.648000e-12 4.648000e-12 input40
 0.000000e+00 0.000000e+00 4.648000e-12 4.648000e-12 input41
 0.000000e+00 0.000000e+00 4.648000e-12 4.648000e-12 input42
 0.000000e+00 0.000000e+00 4.648000e-12 4.648000e-12 input43
 0.000000e+00 0.000000e+00 4.648000e-12 4.648000e-12 input44
 0.000000e+00 0.000000e+00 4.648000e-12 4.648000e-12 input45
 0.000000e+00 0.000000e+00 4.648000e-12 4.648000e-12 input46
 0.000000e+00 0.000000e+00 4.648000e-12 4.648000e-12 input48
 0.000000e+00 0.000000e+00 4.648000e-12 4.648000e-12 input49
 0.000000e+00 0.000000e+00 4.648000e-12 4.648000e-12 input50
 0.000000e+00 0.000000e+00 4.648000e-12 4.648000e-12 input51
 0.000000e+00 0.000000e+00 4.648000e-12 4.648000e-12 input52
 0.000000e+00 0.000000e+00 4.648000e-12 4.648000e-12 input53
 0.000000e+00 0.000000e+00 4.648000e-12 4.648000e-12 input54
 3.054614e-20 6.746643e-19 4.647951e-12 4.647952e-12 fanout1238
 3.043078e-20 6.332489e-19 4.647951e-12 4.647952e-12 fanout1249
 3.230043e-20 6.683281e-19 4.647951e-12 4.647952e-12 input10
 3.219325e-20 2.375049e-19 4.647951e-12 4.647951e-12 fanout1175
 3.209821e-20 2.674881e-19 4.647951e-12 4.647951e-12 fanout1184
 3.204757e-20 2.835191e-19 4.647951e-12 4.647951e-12 fanout1197
 3.254855e-20 2.045611e-19 4.647951e-12 4.647951e-12 fanout1213
 3.252250e-20 1.007414e-19 4.647951e-12 4.647951e-12 fanout1165
 3.231140e-20 1.588264e-19 4.647951e-12 4.647951e-12 fanout1170
 3.233743e-20 1.488223e-19 4.647951e-12 4.647951e-12 fanout1172
 3.246221e-20 1.560068e-19 4.647951e-12 4.647951e-12 fanout1188
 3.304302e-20 1.095309e-19 4.647951e-12 4.647951e-12 fanout1199
 3.259797e-20 1.493011e-19 4.647951e-12 4.647951e-12 fanout1209
 3.264465e-20 1.303239e-19 4.647951e-12 4.647951e-12 fanout1215
 3.258009e-20 1.522677e-19 4.647951e-12 4.647951e-12 fanout1219
 3.332243e-20 1.340454e-19 4.647951e-12 4.647951e-12 fanout1237
 3.279893e-20 1.224407e-19 4.647951e-12 4.647951e-12 fanout1252
 6.515143e-20 3.094475e-19 4.647874e-12 4.647874e-12 fanout1156
 6.964364e-20 3.211180e-19 4.647874e-12 4.647874e-12 input6
 1.296892e-19 4.707145e-19 4.647825e-12 4.647825e-12 fanout1158
 6.947819e-20 3.557148e-19 4.647790e-12 4.647790e-12 input1
 5.472595e-20 8.414020e-19 4.325228e-12 4.325229e-12 fanout1067
 5.529631e-20 7.088359e-19 4.325228e-12 4.325229e-12 fanout1113
 5.426811e-20 8.746997e-19 4.325228e-12 4.325229e-12 fanout1120
 5.577343e-20 6.306799e-19 4.325228e-12 4.325229e-12 fanout1139
 5.634042e-20 7.425248e-19 4.325228e-12 4.325229e-12 fanout1140
 5.408086e-20 9.025981e-19 4.325228e-12 4.325229e-12 fanout1150
 5.839679e-20 3.198522e-19 4.325228e-12 4.325228e-12 fanout1049
 5.742225e-20 2.798219e-19 4.325228e-12 4.325228e-12 fanout1052
 5.650214e-20 4.797218e-19 4.325228e-12 4.325228e-12 fanout1058
 5.671901e-20 4.084214e-19 4.325228e-12 4.325228e-12 fanout1060
 5.726633e-20 3.046671e-19 4.325228e-12 4.325228e-12 fanout1061
 5.694379e-20 3.495887e-19 4.325228e-12 4.325228e-12 fanout1063
 5.660344e-20 4.439284e-19 4.325228e-12 4.325228e-12 fanout1064
 5.677447e-20 4.005149e-19 4.325228e-12 4.325228e-12 fanout1076
 5.635883e-20 4.982169e-19 4.325228e-12 4.325228e-12 fanout1077
 5.635600e-20 5.045092e-19 4.325228e-12 4.325228e-12 fanout1078
 5.659245e-20 4.350855e-19 4.325228e-12 4.325228e-12 fanout1079
 5.629845e-20 4.966416e-19 4.325228e-12 4.325228e-12 fanout1096
 5.599072e-20 5.760107e-19 4.325228e-12 4.325228e-12 fanout1108
 5.667184e-20 4.148697e-19 4.325228e-12 4.325228e-12 fanout1109
 5.610102e-20 5.563298e-19 4.325228e-12 4.325228e-12 fanout1110
 5.636689e-20 4.782469e-19 4.325228e-12 4.325228e-12 fanout1112
 5.642880e-20 4.627800e-19 4.325228e-12 4.325228e-12 fanout1123
 5.812309e-20 2.191973e-19 4.325228e-12 4.325228e-12 fanout1136
 0.000000e+00 0.000000e+00 4.325200e-12 4.325200e-12 fanout167
 0.000000e+00 0.000000e+00 4.325200e-12 4.325200e-12 fanout172
 3.495387e-20 1.240845e-19 3.659577e-12 3.659577e-12 input7
 9.700746e-20 7.015769e-19 3.659534e-12 3.659535e-12 fanout1161
 1.040484e-19 5.691515e-19 3.659485e-12 3.659486e-12 input2
 3.020424e-20 8.109510e-19 3.659349e-12 3.659350e-12 fanout1137
 2.971325e-20 8.219188e-19 3.659349e-12 3.659350e-12 fanout1141
 3.216283e-20 2.567636e-19 3.659349e-12 3.659350e-12 fanout1080
 3.222353e-20 2.174344e-19 3.659349e-12 3.659350e-12 fanout1091
 3.234234e-20 1.931172e-19 3.659349e-12 3.659350e-12 fanout1092
 3.184831e-20 3.293301e-19 3.659349e-12 3.659350e-12 fanout1107
 3.253906e-20 2.070984e-19 3.659349e-12 3.659350e-12 fanout1149
 3.243776e-20 1.037427e-19 3.659349e-12 3.659349e-12 fanout1053
 3.261843e-20 1.203799e-19 3.659349e-12 3.659349e-12 fanout1065
 3.236148e-20 1.390305e-19 3.659349e-12 3.659349e-12 fanout1073
 3.248017e-20 1.510086e-19 3.659349e-12 3.659349e-12 fanout1083
 3.258001e-20 1.370932e-19 3.659349e-12 3.659349e-12 fanout1085
 3.233015e-20 1.087924e-19 3.659349e-12 3.659349e-12 fanout1089
 3.282107e-20 1.183309e-19 3.659349e-12 3.659349e-12 fanout1099
 3.245128e-20 1.211449e-19 3.659349e-12 3.659349e-12 fanout1100
 3.275200e-20 1.539559e-19 3.659349e-12 3.659349e-12 fanout1114
 3.267424e-20 1.113933e-19 3.659349e-12 3.659349e-12 fanout1118
 3.252417e-20 1.443994e-19 3.659349e-12 3.659349e-12 fanout1128
 3.251072e-20 1.483609e-19 3.659349e-12 3.659349e-12 fanout1130
 3.254047e-20 1.396356e-19 3.659349e-12 3.659349e-12 fanout1132
 3.372757e-20 1.013090e-19 3.659349e-12 3.659349e-12 fanout1135
 3.284645e-20 1.212199e-19 3.659349e-12 3.659349e-12 fanout1145
 4.321608e-20 4.428727e-20 1.181000e-12 1.181000e-12 input11
 0.000000e+00 0.000000e+00 1.181000e-12 1.181000e-12 input12
 0.000000e+00 0.000000e+00 1.181000e-12 1.181000e-12 input14
 0.000000e+00 0.000000e+00 1.181000e-12 1.181000e-12 input15
 0.000000e+00 0.000000e+00 1.181000e-12 1.181000e-12 input16
