     Internal    Switching      Leakage        Total
        Power        Power        Power        Power (Watts)
----------------------------------------------------
 9.090199e-07 4.595395e-06 1.232255e-11 5.504427e-06 clkbuf_4_12__f_core_clk
 4.588433e-07 4.872549e-06 7.189803e-12 5.331400e-06 clkbuf_leaf_166_core_clk
 9.094035e-07 3.582516e-06 1.232255e-11 4.491931e-06 clkbuf_4_9__f_core_clk
 9.093135e-07 3.553877e-06 1.232255e-11 4.463203e-06 clkbuf_4_8__f_core_clk
 9.050699e-07 2.938440e-06 1.232255e-11 3.843522e-06 clkbuf_4_15__f_core_clk
 8.964975e-07 2.921613e-06 1.232255e-11 3.818123e-06 clkbuf_0_core_clk
 9.028229e-07 2.493173e-06 1.232255e-11 3.396008e-06 clkbuf_4_5__f_core_clk
 9.070897e-07 2.452796e-06 1.232255e-11 3.359898e-06 clkbuf_4_11__f_core_clk
 9.064985e-07 2.353077e-06 1.232255e-11 3.259587e-06 clkbuf_4_0__f_core_clk
 9.068320e-07 2.339141e-06 1.232255e-11 3.245985e-06 clkbuf_4_10__f_core_clk
 9.021168e-07 2.327176e-06 1.232255e-11 3.229306e-06 clkbuf_4_6__f_core_clk
 9.036882e-07 2.303965e-06 1.232255e-11 3.207665e-06 clkbuf_4_14__f_core_clk
 9.020866e-07 2.293614e-06 1.232255e-11 3.195713e-06 clkbuf_4_7__f_core_clk
 9.020598e-07 2.232012e-06 1.232255e-11 3.134084e-06 clkbuf_4_4__f_core_clk
 9.061408e-07 2.180087e-06 1.232255e-11 3.086240e-06 clkbuf_4_1__f_core_clk
 9.032005e-07 2.117981e-06 1.232255e-11 3.021194e-06 clkbuf_4_13__f_core_clk
 4.576397e-07 2.529029e-06 7.186561e-12 2.986676e-06 clkbuf_2_1_0_core_clk
 9.057555e-07 2.046023e-06 1.232255e-11 2.951791e-06 clkbuf_4_2__f_core_clk
 4.242876e-07 2.513739e-06 8.267942e-12 2.938034e-06 u_icg
 4.577633e-07 2.333355e-06 7.186561e-12 2.791126e-06 clkbuf_2_3_0_core_clk
 9.052579e-07 1.876992e-06 1.232255e-11 2.782262e-06 clkbuf_4_3__f_core_clk
 4.567158e-07 2.164470e-06 7.186561e-12 2.621193e-06 clkbuf_2_0_0_core_clk
 4.574457e-07 2.136839e-06 7.186561e-12 2.594292e-06 clkbuf_2_2_0_core_clk
 4.579810e-07 1.159151e-06 7.189803e-12 1.617139e-06 clkbuf_leaf_172_core_clk
 4.570894e-07 1.121495e-06 7.189803e-12 1.578592e-06 clkbuf_leaf_168_core_clk
 4.566501e-07 1.105200e-06 7.189803e-12 1.561857e-06 clkbuf_leaf_169_core_clk
 4.556370e-07 1.066737e-06 7.189803e-12 1.522381e-06 clkbuf_leaf_171_core_clk
 4.552078e-07 1.052507e-06 7.189803e-12 1.507722e-06 clkbuf_leaf_173_core_clk
 4.549085e-07 1.032324e-06 7.189803e-12 1.487240e-06 clkbuf_leaf_152_core_clk
 4.513352e-07 1.016026e-06 7.189803e-12 1.467369e-06 clkbuf_leaf_38_core_clk
 4.525571e-07 9.449776e-07 7.189803e-12 1.397542e-06 clkbuf_leaf_167_core_clk
 4.524129e-07 9.378006e-07 7.189803e-12 1.390221e-06 clkbuf_leaf_165_core_clk
 4.489036e-07 9.189937e-07 7.189803e-12 1.367904e-06 clkbuf_leaf_36_core_clk
 4.512349e-07 8.878737e-07 7.189803e-12 1.339116e-06 clkbuf_leaf_151_core_clk
 4.511401e-07 8.854651e-07 7.189803e-12 1.336612e-06 clkbuf_leaf_150_core_clk
 4.508445e-07 8.834549e-07 7.189803e-12 1.334307e-06 clkbuf_leaf_174_core_clk
 4.508735e-07 8.814548e-07 7.189803e-12 1.332336e-06 clkbuf_leaf_170_core_clk
 4.508972e-07 8.744450e-07 7.189803e-12 1.325349e-06 clkbuf_leaf_141_core_clk
 4.472655e-07 8.765532e-07 7.189803e-12 1.323826e-06 clkbuf_leaf_25_core_clk
 4.472093e-07 8.734446e-07 7.189803e-12 1.320661e-06 clkbuf_leaf_23_core_clk
 4.502059e-07 8.526092e-07 7.189803e-12 1.302822e-06 clkbuf_leaf_164_core_clk
 2.111610e-07 1.090359e-06 7.418987e-12 1.301527e-06 fanout125
 4.499441e-07 8.413081e-07 7.189803e-12 1.291259e-06 clkbuf_leaf_154_core_clk
 4.501000e-07 8.381483e-07 7.189803e-12 1.288255e-06 clkbuf_leaf_43_core_clk
 4.490435e-07 8.318640e-07 7.189803e-12 1.280915e-06 clkbuf_leaf_95_core_clk
 4.466326e-07 8.327292e-07 7.189803e-12 1.279369e-06 clkbuf_leaf_34_core_clk
 4.483142e-07 8.310085e-07 7.189803e-12 1.279330e-06 clkbuf_leaf_120_core_clk
 4.465975e-07 8.314471e-07 7.189803e-12 1.278052e-06 clkbuf_leaf_37_core_clk
 4.505625e-07 8.254220e-07 7.189803e-12 1.275992e-06 clkbuf_leaf_21_core_clk
 4.463556e-07 8.266549e-07 7.189803e-12 1.273018e-06 clkbuf_leaf_31_core_clk
 4.495960e-07 8.185416e-07 7.189803e-12 1.268145e-06 clkbuf_leaf_42_core_clk
 4.459440e-07 8.157041e-07 7.189803e-12 1.261655e-06 clkbuf_leaf_29_core_clk
 4.492138e-07 8.117140e-07 7.189803e-12 1.260935e-06 clkbuf_leaf_149_core_clk
 4.461158e-07 8.128024e-07 7.189803e-12 1.258925e-06 clkbuf_leaf_26_core_clk
 4.491216e-07 8.087094e-07 7.189803e-12 1.257838e-06 clkbuf_leaf_153_core_clk
 4.415733e-07 8.078688e-07 7.189803e-12 1.249449e-06 clkbuf_leaf_19_core_clk
 4.489881e-07 7.956597e-07 7.189803e-12 1.244655e-06 clkbuf_leaf_41_core_clk
 4.489337e-07 7.934568e-07 7.189803e-12 1.242398e-06 clkbuf_leaf_39_core_clk
 4.475885e-07 7.944556e-07 7.189803e-12 1.242051e-06 clkbuf_leaf_94_core_clk
 4.494487e-07 7.825446e-07 7.189803e-12 1.232000e-06 clkbuf_leaf_14_core_clk
 4.493172e-07 7.779180e-07 7.189803e-12 1.227242e-06 clkbuf_leaf_16_core_clk
 4.483346e-07 7.780332e-07 7.189803e-12 1.226375e-06 clkbuf_leaf_145_core_clk
 4.493666e-07 7.756895e-07 7.189803e-12 1.225063e-06 clkbuf_leaf_158_core_clk
 4.438159e-07 7.795458e-07 7.189803e-12 1.223369e-06 clkbuf_leaf_81_core_clk
 4.478103e-07 7.748265e-07 7.189803e-12 1.222644e-06 clkbuf_leaf_65_core_clk
 4.481607e-07 7.714733e-07 7.189803e-12 1.219641e-06 clkbuf_leaf_148_core_clk
 4.452750e-07 7.733374e-07 7.189803e-12 1.218620e-06 clkbuf_leaf_35_core_clk
 4.410497e-07 7.764917e-07 7.189803e-12 1.217549e-06 clkbuf_leaf_47_core_clk
 1.821422e-07 1.030227e-06 7.440605e-12 1.212377e-06 fanout117
 4.487987e-07 7.597789e-07 7.189803e-12 1.208585e-06 clkbuf_leaf_12_core_clk
 6.558302e-08 1.142959e-06 7.216143e-12 1.208549e-06 fanout1306
 4.449504e-07 7.633958e-07 7.189803e-12 1.208353e-06 clkbuf_leaf_27_core_clk
 4.435521e-07 7.644183e-07 7.189803e-12 1.207978e-06 clkbuf_leaf_82_core_clk
 4.448094e-07 7.596307e-07 7.189803e-12 1.204447e-06 clkbuf_leaf_32_core_clk
 4.479409e-07 7.551444e-07 7.189803e-12 1.203092e-06 clkbuf_leaf_133_core_clk
 4.476163e-07 7.505298e-07 7.189803e-12 1.198153e-06 clkbuf_leaf_147_core_clk
 4.406686e-07 7.564009e-07 7.189803e-12 1.197077e-06 clkbuf_leaf_48_core_clk
 4.477089e-07 7.480660e-07 7.189803e-12 1.195782e-06 clkbuf_leaf_53_core_clk
 4.493733e-07 7.457071e-07 7.189803e-12 1.195088e-06 clkbuf_leaf_130_core_clk
 4.483391e-07 7.403207e-07 7.189803e-12 1.188667e-06 clkbuf_leaf_15_core_clk
 8.709687e-07 3.145296e-07 1.232310e-11 1.185511e-06 clkbuf_0_clk
 4.481430e-07 7.359866e-07 7.189803e-12 1.184137e-06 clkbuf_leaf_10_core_clk
 4.404229e-07 7.427211e-07 7.189803e-12 1.183151e-06 clkbuf_leaf_50_core_clk
 4.472710e-07 7.346024e-07 7.189803e-12 1.181881e-06 clkbuf_leaf_77_core_clk
 4.429786e-07 7.388032e-07 7.189803e-12 1.181789e-06 clkbuf_leaf_83_core_clk
 4.480999e-07 7.326113e-07 7.189803e-12 1.180718e-06 clkbuf_leaf_22_core_clk
 4.464707e-07 7.316449e-07 7.189803e-12 1.178123e-06 clkbuf_leaf_105_core_clk
 4.472648e-07 7.291278e-07 7.189803e-12 1.176400e-06 clkbuf_leaf_45_core_clk
 4.402402e-07 7.352038e-07 7.189803e-12 1.175451e-06 clkbuf_leaf_18_core_clk
 4.479605e-07 7.270658e-07 7.189803e-12 1.175033e-06 clkbuf_leaf_13_core_clk
 4.439811e-07 7.302024e-07 7.189803e-12 1.174191e-06 clkbuf_leaf_30_core_clk
 4.471984e-07 7.263781e-07 7.189803e-12 1.173584e-06 clkbuf_leaf_135_core_clk
 4.477259e-07 7.204746e-07 7.189803e-12 1.168208e-06 clkbuf_leaf_9_core_clk
 4.466889e-07 7.158552e-07 7.189803e-12 1.162551e-06 clkbuf_leaf_156_core_clk
 4.470149e-07 7.150325e-07 7.189803e-12 1.162055e-06 clkbuf_leaf_121_core_clk
 4.459504e-07 7.109621e-07 7.189803e-12 1.156920e-06 clkbuf_leaf_107_core_clk
 1.667163e-07 9.898945e-07 7.439877e-12 1.156618e-06 fanout119
 4.473630e-07 7.061972e-07 7.189803e-12 1.153567e-06 clkbuf_leaf_11_core_clk
 4.466121e-07 7.036858e-07 7.189803e-12 1.150305e-06 clkbuf_leaf_136_core_clk
 4.464957e-07 7.028328e-07 7.189803e-12 1.149336e-06 clkbuf_leaf_142_core_clk
 4.422008e-07 7.042941e-07 7.189803e-12 1.146502e-06 clkbuf_leaf_79_core_clk
 4.458550e-07 6.986786e-07 7.189803e-12 1.144541e-06 clkbuf_leaf_64_core_clk
 4.463601e-07 6.935026e-07 7.189803e-12 1.139870e-06 clkbuf_leaf_46_core_clk
 4.430842e-07 6.957645e-07 7.189803e-12 1.138856e-06 clkbuf_leaf_24_core_clk
 4.454379e-07 6.902845e-07 7.189803e-12 1.135730e-06 clkbuf_leaf_106_core_clk
 4.476522e-07 6.814788e-07 7.189803e-12 1.129138e-06 clkbuf_leaf_123_core_clk
 4.418119e-07 6.866827e-07 7.189803e-12 1.128502e-06 clkbuf_leaf_84_core_clk
 4.454029e-07 6.823042e-07 7.189803e-12 1.127714e-06 clkbuf_leaf_69_core_clk
 4.460213e-07 6.808640e-07 7.189803e-12 1.126893e-06 clkbuf_leaf_44_core_clk
 4.458189e-07 6.788510e-07 7.189803e-12 1.124677e-06 clkbuf_leaf_99_core_clk
 4.445783e-07 6.797763e-07 7.189803e-12 1.124362e-06 clkbuf_leaf_90_core_clk
 4.457982e-07 6.743744e-07 7.189803e-12 1.120180e-06 clkbuf_leaf_52_core_clk
 4.448723e-07 6.746370e-07 7.189803e-12 1.119516e-06 clkbuf_leaf_102_core_clk
 4.472628e-07 6.676835e-07 7.189803e-12 1.114954e-06 clkbuf_leaf_122_core_clk
 4.454494e-07 6.660284e-07 7.189803e-12 1.111485e-06 clkbuf_leaf_73_core_clk
 4.449461e-07 6.642426e-07 7.189803e-12 1.109196e-06 clkbuf_leaf_67_core_clk
 4.448964e-07 6.624959e-07 7.189803e-12 1.107399e-06 clkbuf_leaf_66_core_clk
 4.422662e-07 6.593767e-07 7.189803e-12 1.101650e-06 clkbuf_leaf_28_core_clk
 4.468908e-07 6.538742e-07 7.189803e-12 1.100772e-06 clkbuf_leaf_129_core_clk
 4.451786e-07 6.552866e-07 7.189803e-12 1.100472e-06 clkbuf_leaf_71_core_clk
 4.442230e-07 6.561368e-07 7.189803e-12 1.100367e-06 clkbuf_leaf_96_core_clk
 4.438911e-07 6.538627e-07 7.189803e-12 1.097761e-06 clkbuf_leaf_89_core_clk
 4.451356e-07 6.523684e-07 7.189803e-12 1.097511e-06 clkbuf_leaf_101_core_clk
 4.452027e-07 6.506765e-07 7.189803e-12 1.095886e-06 clkbuf_leaf_138_core_clk
 4.410493e-07 6.529212e-07 7.189803e-12 1.093978e-06 clkbuf_leaf_97_core_clk
 4.409687e-07 6.522745e-07 7.189803e-12 1.093250e-06 clkbuf_leaf_87_core_clk
 4.450911e-07 6.477822e-07 7.189803e-12 1.092880e-06 clkbuf_leaf_143_core_clk
 4.409066e-07 6.496215e-07 7.189803e-12 1.090535e-06 clkbuf_leaf_86_core_clk
 4.448809e-07 6.450678e-07 7.189803e-12 1.089956e-06 clkbuf_leaf_155_core_clk
 4.437325e-07 6.443496e-07 7.189803e-12 1.088089e-06 clkbuf_leaf_91_core_clk
 4.450594e-07 6.394837e-07 7.189803e-12 1.084550e-06 clkbuf_leaf_118_core_clk
 4.447174e-07 6.371425e-07 7.189803e-12 1.081867e-06 clkbuf_leaf_80_core_clk
 4.450272e-07 6.361504e-07 7.189803e-12 1.081185e-06 clkbuf_leaf_115_core_clk
 4.442693e-07 6.360125e-07 7.189803e-12 1.080289e-06 clkbuf_leaf_59_core_clk
 4.447840e-07 6.349625e-07 7.189803e-12 1.079754e-06 clkbuf_leaf_137_core_clk
 4.439178e-07 6.340845e-07 7.189803e-12 1.078009e-06 clkbuf_leaf_104_core_clk
 4.441174e-07 6.321480e-07 7.189803e-12 1.076273e-06 clkbuf_leaf_70_core_clk
 4.406389e-07 6.344820e-07 7.189803e-12 1.075128e-06 clkbuf_leaf_93_core_clk
 4.453624e-07 6.286165e-07 7.189803e-12 1.073986e-06 clkbuf_leaf_17_core_clk
 4.448912e-07 6.285038e-07 7.189803e-12 1.073402e-06 clkbuf_leaf_110_core_clk
 4.454205e-07 6.265535e-07 7.189803e-12 1.071981e-06 clkbuf_leaf_157_core_clk
 4.444464e-07 6.255574e-07 7.189803e-12 1.070011e-06 clkbuf_leaf_100_core_clk
 8.518496e-07 2.176474e-07 1.232310e-11 1.069509e-06 clkbuf_1_1__f_clk
 4.460564e-07 6.231683e-07 7.189803e-12 1.069232e-06 clkbuf_leaf_131_core_clk
 4.452688e-07 6.217820e-07 7.189803e-12 1.067058e-06 clkbuf_leaf_159_core_clk
 4.435336e-07 6.221271e-07 7.189803e-12 1.065668e-06 clkbuf_leaf_103_core_clk
 4.453451e-07 6.192365e-07 7.189803e-12 1.064589e-06 clkbuf_leaf_163_core_clk
 4.444080e-07 6.193143e-07 7.189803e-12 1.063730e-06 clkbuf_leaf_134_core_clk
 4.403776e-07 6.230635e-07 7.189803e-12 1.063448e-06 clkbuf_leaf_98_core_clk
 4.459254e-07 6.172306e-07 7.189803e-12 1.063163e-06 clkbuf_leaf_125_core_clk
 4.459192e-07 6.171338e-07 7.189803e-12 1.063060e-06 clkbuf_leaf_127_core_clk
 4.403017e-07 6.224773e-07 7.189803e-12 1.062786e-06 clkbuf_leaf_56_core_clk
 4.442767e-07 6.142995e-07 7.189803e-12 1.058583e-06 clkbuf_leaf_132_core_clk
 1.507089e-07 9.046903e-07 7.064208e-12 1.055406e-06 fanout388
 4.440627e-07 6.112991e-07 7.189803e-12 1.055369e-06 clkbuf_leaf_74_core_clk
 4.456613e-07 6.081410e-07 7.189803e-12 1.053809e-06 clkbuf_leaf_126_core_clk
 4.401613e-07 6.129116e-07 7.189803e-12 1.053080e-06 clkbuf_leaf_92_core_clk
 4.439838e-07 6.078611e-07 7.189803e-12 1.051852e-06 clkbuf_leaf_75_core_clk
 4.440530e-07 6.061015e-07 7.189803e-12 1.050162e-06 clkbuf_leaf_49_core_clk
 4.455601e-07 6.041262e-07 7.189803e-12 1.049693e-06 clkbuf_leaf_128_core_clk
 4.439073e-07 6.044967e-07 7.189803e-12 1.048411e-06 clkbuf_leaf_76_core_clk
 4.441174e-07 6.020904e-07 7.189803e-12 1.046215e-06 clkbuf_leaf_116_core_clk
 4.437999e-07 5.993087e-07 7.189803e-12 1.043116e-06 clkbuf_leaf_146_core_clk
 4.398381e-07 6.018040e-07 7.189803e-12 1.041649e-06 clkbuf_leaf_54_core_clk
 4.447241e-07 5.956493e-07 7.189803e-12 1.040381e-06 clkbuf_leaf_161_core_clk
 4.432267e-07 5.959119e-07 7.189803e-12 1.039146e-06 clkbuf_leaf_68_core_clk
 4.436852e-07 5.914690e-07 7.189803e-12 1.035161e-06 clkbuf_leaf_40_core_clk
 4.407568e-07 5.894269e-07 7.189803e-12 1.030191e-06 clkbuf_leaf_33_core_clk
 4.437538e-07 5.843351e-07 7.189803e-12 1.028096e-06 clkbuf_leaf_112_core_clk
 4.433197e-07 5.801264e-07 7.189803e-12 1.023453e-06 clkbuf_leaf_144_core_clk
 4.371572e-07 5.800421e-07 7.189803e-12 1.017206e-06 clkbuf_leaf_20_core_clk
 4.426670e-07 5.736961e-07 7.189803e-12 1.016370e-06 clkbuf_leaf_58_core_clk
 4.434342e-07 5.728518e-07 7.189803e-12 1.016293e-06 clkbuf_leaf_109_core_clk
 4.433105e-07 5.682515e-07 7.189803e-12 1.011569e-06 clkbuf_leaf_108_core_clk
 1.354082e-07 8.754212e-07 7.316588e-12 1.010837e-06 fanout1239
 4.431639e-07 5.661108e-07 7.189803e-12 1.009282e-06 clkbuf_leaf_117_core_clk
 4.424440e-07 5.653277e-07 7.189803e-12 1.007779e-06 clkbuf_leaf_61_core_clk
 1.354109e-07 8.703585e-07 7.316588e-12 1.005777e-06 fanout1233
 4.389988e-07 5.641720e-07 7.189803e-12 1.003178e-06 clkbuf_leaf_55_core_clk
 4.436411e-07 5.552124e-07 7.189803e-12 9.988606e-07 clkbuf_leaf_162_core_clk
 4.421726e-07 5.545088e-07 7.189803e-12 9.966885e-07 clkbuf_leaf_57_core_clk
 4.429264e-07 5.536527e-07 7.189803e-12 9.965862e-07 clkbuf_leaf_119_core_clk
 4.428898e-07 5.519477e-07 7.189803e-12 9.948446e-07 clkbuf_leaf_111_core_clk
 4.420831e-07 5.513597e-07 7.189803e-12 9.934500e-07 clkbuf_leaf_60_core_clk
 4.426032e-07 5.497349e-07 7.189803e-12 9.923452e-07 clkbuf_leaf_140_core_clk
 4.365575e-07 5.504513e-07 7.189803e-12 9.870159e-07 clkbuf_leaf_8_core_clk
 4.365366e-07 5.447058e-07 7.189803e-12 9.812495e-07 clkbuf_leaf_51_core_clk
 4.424730e-07 5.356600e-07 7.189803e-12 9.781402e-07 clkbuf_leaf_113_core_clk
 4.416634e-07 5.346827e-07 7.189803e-12 9.763534e-07 clkbuf_leaf_63_core_clk
 4.421774e-07 5.327917e-07 7.189803e-12 9.749763e-07 clkbuf_leaf_139_core_clk
 4.429931e-07 5.312483e-07 7.189803e-12 9.742486e-07 clkbuf_leaf_160_core_clk
 4.423359e-07 5.315591e-07 7.189803e-12 9.739022e-07 clkbuf_leaf_114_core_clk
 4.383503e-07 5.344864e-07 7.189803e-12 9.728438e-07 clkbuf_leaf_6_core_clk
 4.419058e-07 5.273315e-07 7.189803e-12 9.692444e-07 clkbuf_leaf_78_core_clk
 4.417850e-07 5.247314e-07 7.189803e-12 9.665235e-07 clkbuf_leaf_72_core_clk
 4.412260e-07 5.173628e-07 7.189803e-12 9.585959e-07 clkbuf_leaf_62_core_clk
 4.380398e-07 5.192063e-07 7.189803e-12 9.572533e-07 clkbuf_leaf_85_core_clk
 4.419558e-07 5.146582e-07 7.189803e-12 9.566212e-07 clkbuf_leaf_0_core_clk
 4.378920e-07 5.184831e-07 7.189803e-12 9.563822e-07 clkbuf_leaf_7_core_clk
 1.779424e-07 7.691503e-07 4.598013e-12 9.470974e-07 fanout306
 4.377414e-07 5.079877e-07 7.189803e-12 9.457362e-07 clkbuf_leaf_88_core_clk
 1.522026e-07 7.844818e-07 7.440364e-12 9.366918e-07 fanout115
 1.461959e-07 7.774179e-07 7.063887e-12 9.236209e-07 fanout386
 8.378271e-07 8.576841e-08 1.232310e-11 9.236078e-07 clkbuf_1_0__f_clk
 1.619010e-07 7.520817e-07 4.605770e-12 9.139873e-07 fanout310
 1.425499e-07 7.678170e-07 4.585499e-12 9.103715e-07 fanout412
 1.362412e-07 7.710111e-07 4.599712e-12 9.072568e-07 fanout414
 4.400478e-07 4.430908e-07 7.189803e-12 8.831457e-07 clkbuf_leaf_1_core_clk
 1.380111e-07 7.438568e-07 7.315603e-12 8.818753e-07 fanout1235
 1.393572e-07 7.382598e-07 4.588527e-12 8.776215e-07 fanout348
 1.396674e-07 7.364725e-07 4.595732e-12 8.761445e-07 fanout410
 4.397067e-07 4.307477e-07 7.189803e-12 8.704615e-07 clkbuf_leaf_3_core_clk
 4.406961e-07 4.251148e-07 7.189803e-12 8.658181e-07 clkbuf_leaf_124_core_clk
 4.394852e-07 4.225990e-07 7.189803e-12 8.620914e-07 clkbuf_leaf_4_core_clk
 1.356235e-07 7.263268e-07 7.316588e-12 8.619576e-07 fanout1236
 1.552443e-07 7.065406e-07 4.603127e-12 8.617895e-07 fanout312
 4.393765e-07 4.178779e-07 7.189803e-12 8.572615e-07 clkbuf_leaf_2_core_clk
 1.496242e-07 7.054789e-07 4.605329e-12 8.551077e-07 fanout346
 1.357272e-07 7.086462e-07 4.604652e-12 8.443780e-07 fanout314
 4.389587e-07 4.029563e-07 7.189803e-12 8.419221e-07 clkbuf_leaf_5_core_clk
 1.509496e-07 6.676363e-07 4.593057e-12 8.185905e-07 fanout344
 1.539050e-07 6.492391e-07 4.606566e-12 8.031487e-07 fanout366
 1.267408e-07 6.756646e-07 4.599093e-12 8.024101e-07 fanout408
 1.518508e-07 6.464014e-07 4.594184e-12 7.982567e-07 fanout342
 1.357606e-07 6.522462e-07 4.593785e-12 7.880114e-07 fanout420
 1.371579e-07 6.480203e-07 7.315603e-12 7.851855e-07 fanout1238
 1.292975e-07 6.468322e-07 4.591201e-12 7.761343e-07 fanout350
 1.274881e-07 6.310969e-07 4.596304e-12 7.585896e-07 fanout368
 1.236850e-07 6.303693e-07 4.605263e-12 7.540589e-07 fanout338
 1.428456e-07 5.988946e-07 4.583427e-12 7.417448e-07 fanout418
 1.323267e-07 6.047044e-07 4.608128e-12 7.370358e-07 fanout416
 1.233544e-07 6.110227e-07 4.606775e-12 7.343817e-07 fanout340
 1.121957e-07 6.114404e-07 7.069384e-12 7.236431e-07 fanout400
 1.509195e-07 5.723036e-07 4.593743e-12 7.232278e-07 fanout364
 1.118389e-07 6.004109e-07 4.601656e-12 7.122545e-07 fanout422
 1.328404e-07 5.780734e-07 4.615116e-12 7.109183e-07 fanout127
 1.538097e-07 5.534403e-07 4.598650e-12 7.072545e-07 fanout131
 1.061214e-07 5.908205e-07 4.601353e-12 6.969465e-07 fanout362
 1.342139e-07 5.585434e-07 4.607887e-12 6.927619e-07 fanout129
 1.190369e-07 5.679407e-07 4.610615e-12 6.869822e-07 fanout352
 1.084351e-07 5.640092e-07 4.606284e-12 6.724489e-07 fanout300
 1.235711e-07 5.455157e-07 4.604994e-12 6.690913e-07 fanout302
 6.872926e-08 5.757587e-07 4.493910e-12 6.444925e-07 fanout1303
 5.683780e-08 5.865469e-07 7.270443e-12 6.433920e-07 fanout1318
 1.147264e-07 5.279281e-07 4.595380e-12 6.426591e-07 fanout316
 9.364408e-08 5.460013e-07 4.588746e-12 6.396500e-07 fanout402
 1.174135e-07 5.064446e-07 4.599687e-12 6.238627e-07 fanout304
 1.267510e-07 4.938337e-07 4.598078e-12 6.205893e-07 fanout336
 6.889034e-08 5.430809e-07 4.493910e-12 6.119757e-07 fanout1287
 9.070757e-08 5.146421e-07 7.063461e-12 6.053567e-07 fanout392
 8.043710e-08 5.100928e-07 4.126289e-12 5.905340e-07 fanout413
 8.477795e-08 4.837231e-07 4.139848e-12 5.685052e-07 fanout345
 8.302305e-08 4.692143e-07 4.141079e-12 5.522415e-07 fanout365
 7.405161e-08 4.630212e-07 6.973523e-12 5.370798e-07 fanout1340
 9.389844e-08 4.268413e-07 4.599884e-12 5.207444e-07 fanout406
 1.104433e-07 4.064422e-07 4.148740e-12 5.168896e-07 fanout307
 8.173881e-08 4.348780e-07 4.358821e-12 5.166212e-07 fanout326
 8.735324e-08 4.281550e-07 4.164084e-12 5.155124e-07 fanout367
 8.688163e-08 4.169729e-07 4.141870e-12 5.038586e-07 fanout343
 6.921628e-08 4.341986e-07 4.493073e-12 5.034194e-07 fanout1292
 8.637050e-08 4.122462e-07 4.149883e-12 4.986208e-07 fanout132
 8.849606e-08 3.872553e-07 4.157915e-12 4.757555e-07 fanout313
 8.092616e-08 3.894679e-07 4.151787e-12 4.703982e-07 fanout415
 9.503763e-08 3.705578e-07 4.162656e-12 4.655996e-07 fanout311
 8.604724e-08 3.706082e-07 4.144590e-12 4.566596e-07 fanout309
 8.722172e-08 3.691291e-07 4.161866e-12 4.563549e-07 fanout347
 7.463299e-08 3.771818e-07 4.136518e-12 4.518189e-07 fanout351
 6.968600e-08 3.757307e-07 4.493073e-12 4.454212e-07 fanout1281
 6.944123e-08 3.740554e-07 4.493073e-12 4.435011e-07 fanout1302
 9.515350e-08 3.466953e-07 4.158766e-12 4.418530e-07 fanout134
 7.652230e-08 3.623422e-07 4.166454e-12 4.388687e-07 fanout130
 6.977931e-08 3.666418e-07 4.493073e-12 4.364256e-07 fanout1234
 6.973102e-08 3.649005e-07 4.493910e-12 4.346360e-07 fanout1231
 1.550182e-08 4.173716e-07 6.890330e-12 4.328803e-07 fanout689
 6.966967e-08 3.630192e-07 4.161746e-12 4.326931e-07 fanout339
 7.046023e-08 3.601903e-07 4.493073e-12 4.306551e-07 fanout1283
 7.399255e-08 3.564083e-07 4.570333e-12 4.304054e-07 fanout332
 6.958844e-08 3.592254e-07 4.493910e-12 4.288183e-07 fanout1248
 8.376931e-08 3.433157e-07 4.141155e-12 4.270892e-07 fanout421
 7.003411e-08 3.565751e-07 4.493073e-12 4.266137e-07 fanout1256
 6.691917e-08 3.565384e-07 4.171349e-12 4.234618e-07 fanout353
 7.025608e-08 3.522538e-07 4.493073e-12 4.225144e-07 fanout1251
 8.093540e-08 3.391309e-07 4.144648e-12 4.200705e-07 fanout411
 6.953435e-08 3.496395e-07 4.493073e-12 4.191784e-07 fanout1295
 8.075937e-08 3.367901e-07 4.566707e-12 4.175541e-07 fanout296
 8.311231e-08 3.336590e-07 4.131723e-12 4.167755e-07 fanout349
 6.980557e-08 3.464484e-07 4.493073e-12 4.162585e-07 fanout1278
 6.982718e-08 3.460074e-07 4.493073e-12 4.158391e-07 fanout1260
 6.964317e-08 3.454723e-07 4.493910e-12 4.151199e-07 fanout1273
 6.981944e-08 3.450440e-07 4.493073e-12 4.148680e-07 fanout1265
 7.016440e-08 3.439071e-07 4.493073e-12 4.140759e-07 fanout1301
 7.052454e-08 3.434058e-07 4.493910e-12 4.139348e-07 fanout1290
 5.977135e-08 3.530916e-07 4.154732e-12 4.128671e-07 fanout363
 8.265295e-08 3.281600e-07 4.611284e-12 4.108175e-07 fanout298
 7.033333e-08 3.403258e-07 4.493073e-12 4.106637e-07 fanout1264
 7.214899e-08 3.380249e-07 4.148857e-12 4.101780e-07 fanout337
 4.100918e-07 0.000000e+00 7.189803e-12 4.100990e-07 clkload24
 4.100563e-07 0.000000e+00 7.189803e-12 4.100634e-07 clkload23
 4.092747e-07 0.000000e+00 7.189803e-12 4.092819e-07 clkload102
 4.091650e-07 0.000000e+00 7.189803e-12 4.091721e-07 clkload90
 4.091234e-07 0.000000e+00 7.189803e-12 4.091306e-07 clkload37
 4.090885e-07 0.000000e+00 7.189803e-12 4.090957e-07 clkload118
 4.090736e-07 0.000000e+00 7.189803e-12 4.090807e-07 clkload32
 4.089570e-07 0.000000e+00 7.189803e-12 4.089642e-07 clkload117
 4.089141e-07 0.000000e+00 7.189803e-12 4.089213e-07 clkload85
 4.087852e-07 0.000000e+00 7.189803e-12 4.087924e-07 clkload86
 4.087464e-07 0.000000e+00 7.189803e-12 4.087536e-07 clkload131
 8.093632e-08 3.277992e-07 4.687079e-12 4.087402e-07 fanout358
 4.086770e-07 0.000000e+00 7.189803e-12 4.086842e-07 clkload135
 4.086579e-07 0.000000e+00 7.189803e-12 4.086651e-07 clkload133
 4.086082e-07 0.000000e+00 7.189803e-12 4.086154e-07 clkload139
 4.074659e-07 0.000000e+00 7.189803e-12 4.074731e-07 clkload3
 4.069537e-07 0.000000e+00 7.189803e-12 4.069609e-07 clkload4
 6.986364e-08 3.347591e-07 4.493073e-12 4.046272e-07 fanout1266
 6.968494e-08 3.337448e-07 4.493910e-12 4.034342e-07 fanout1258
 7.169777e-08 3.309364e-07 4.610145e-12 4.026388e-07 fanout334
 6.969677e-08 3.325681e-07 4.493910e-12 4.022694e-07 fanout1246
 6.963133e-08 3.311327e-07 4.493073e-12 4.007685e-07 fanout1285
 7.372148e-08 3.247511e-07 4.145673e-12 3.984767e-07 fanout369
 7.929643e-08 3.175137e-07 4.166886e-12 3.968143e-07 fanout417
 7.040831e-08 3.256388e-07 4.493910e-12 3.960516e-07 fanout1300
 6.972554e-08 3.259925e-07 4.493910e-12 3.957225e-07 fanout1271
 6.989919e-08 3.256328e-07 4.493073e-12 3.955365e-07 fanout1267
 7.012310e-08 3.240994e-07 4.493073e-12 3.942270e-07 fanout1250
 6.962989e-08 3.241420e-07 4.493073e-12 3.937764e-07 fanout1294
 8.236965e-08 3.100321e-07 4.122571e-12 3.924058e-07 fanout419
 7.039252e-08 3.217103e-07 4.493073e-12 3.921073e-07 fanout1253
 7.046727e-08 3.199654e-07 4.493073e-12 3.904372e-07 fanout1243
 6.306818e-08 3.255586e-07 4.155276e-12 3.886309e-07 fanout423
 7.036039e-08 3.165988e-07 4.493073e-12 3.869636e-07 fanout1247
 5.522755e-08 3.310897e-07 4.843136e-12 3.863221e-07 fanout320
 6.112432e-08 3.237527e-07 4.631143e-12 3.848817e-07 fanout404
 7.384870e-08 3.100733e-07 4.150677e-12 3.839262e-07 fanout409
 7.004633e-08 3.134673e-07 4.164460e-12 3.835178e-07 fanout341
 7.253609e-08 3.106747e-07 4.493653e-12 3.832153e-07 fanout278
 7.029556e-08 3.103302e-07 4.493910e-12 3.806303e-07 fanout1280
 7.018178e-08 3.098334e-07 4.493073e-12 3.800197e-07 fanout1249
 7.031597e-08 3.095712e-07 4.493073e-12 3.798917e-07 fanout1297
 7.031977e-08 3.084473e-07 4.493073e-12 3.787716e-07 fanout1298
 6.972603e-08 3.067154e-07 4.493073e-12 3.764459e-07 fanout1274
 5.593648e-08 3.200449e-07 4.132114e-12 3.759855e-07 fanout403
 7.764038e-08 2.969024e-07 4.160650e-12 3.745469e-07 fanout315
 1.833751e-08 3.535716e-07 7.485655e-12 3.719166e-07 fanout570
 2.144767e-08 3.493016e-07 3.957097e-12 3.707532e-07 wire858
 6.982395e-08 3.003470e-07 4.493910e-12 3.701754e-07 fanout1272
 6.972424e-08 2.990867e-07 4.493073e-12 3.688154e-07 fanout1288
 3.775814e-08 3.304025e-07 4.613051e-12 3.681652e-07 fanout259
 4.623939e-08 3.213338e-07 4.621248e-12 3.675779e-07 fanout268
 6.976229e-08 2.962108e-07 4.493073e-12 3.659776e-07 fanout1276
 7.068925e-08 2.892083e-07 4.493073e-12 3.599020e-07 fanout1293
 7.062101e-08 2.865106e-07 4.493073e-12 3.571361e-07 fanout1244
 6.584326e-08 2.906254e-07 4.363992e-12 3.564730e-07 fanout318
 3.714477e-08 3.191922e-07 6.973523e-12 3.563440e-07 fanout1337
 7.939715e-08 2.743865e-07 4.179422e-12 3.537879e-07 fanout128
 6.827207e-08 2.802057e-07 4.151744e-12 3.484819e-07 fanout305
 7.514409e-08 2.679285e-07 4.387456e-12 3.430769e-07 fanout121
 6.460047e-08 2.757293e-07 4.358824e-12 3.403341e-07 fanout354
 7.013723e-08 2.686820e-07 4.493073e-12 3.388238e-07 fanout1261
 4.936324e-08 2.890041e-07 6.904297e-12 3.383742e-07 fanout324
 1.837351e-08 3.198430e-07 7.485639e-12 3.382240e-07 fanout683
 5.701394e-08 2.782036e-07 4.364344e-12 3.352219e-07 fanout288
 1.870596e-08 3.155485e-07 7.485779e-12 3.342619e-07 fanout547
 5.825657e-08 2.740829e-07 4.358437e-12 3.323438e-07 fanout111
 1.876161e-08 3.045407e-07 7.485779e-12 3.233098e-07 fanout694
 4.591180e-08 2.728975e-07 4.708215e-12 3.188140e-07 fanout393
 1.872413e-08 2.975678e-07 7.485779e-12 3.162994e-07 fanout536
 6.954630e-08 2.449833e-07 4.161265e-12 3.145338e-07 fanout303
 6.377118e-08 2.484975e-07 4.364183e-12 3.122730e-07 fanout292
 3.515449e-08 2.756656e-07 4.493491e-12 3.108246e-07 fanout1221
 1.880550e-08 2.881998e-07 7.485779e-12 3.070128e-07 fanout671
 3.049728e-07 0.000000e+00 1.141049e-11 3.049842e-07 clkload18
 3.045050e-07 0.000000e+00 1.141049e-11 3.045164e-07 clkload11
 3.044734e-07 0.000000e+00 1.141049e-11 3.044848e-07 clkload14
 3.043709e-07 0.000000e+00 1.141049e-11 3.043823e-07 clkload16
 3.043368e-07 0.000000e+00 1.141049e-11 3.043482e-07 clkload20
 3.042238e-07 0.000000e+00 1.141049e-11 3.042352e-07 clkload15
 3.041080e-07 0.000000e+00 1.141049e-11 3.041194e-07 clkload12
 3.040681e-07 0.000000e+00 1.141049e-11 3.040795e-07 clkload13
 3.036865e-07 0.000000e+00 1.141049e-11 3.036979e-07 clkload17
 3.035904e-07 0.000000e+00 1.141049e-11 3.036018e-07 clkload19
 4.590478e-08 2.575811e-07 4.364286e-12 3.034902e-07 fanout290
 5.022860e-08 2.511792e-07 3.771897e-12 3.014115e-07 fanout124
 6.487222e-08 2.277174e-07 4.144017e-12 2.925937e-07 fanout317
 5.936225e-08 2.329280e-07 4.184387e-12 2.922944e-07 fanout361
 1.822306e-08 2.713543e-07 4.830478e-12 2.895821e-07 fanout1056
 1.676750e-08 2.715998e-07 7.489468e-12 2.883748e-07 fanout619
 1.647303e-08 2.713523e-07 7.489468e-12 2.878328e-07 fanout633
 5.328647e-08 2.330015e-07 4.152096e-12 2.862921e-07 fanout407
 3.481780e-08 2.513844e-07 4.837470e-12 2.862071e-07 fanout286
 1.886082e-08 2.667429e-07 7.485779e-12 2.856112e-07 fanout708
 1.643781e-08 2.677072e-07 7.489591e-12 2.841525e-07 fanout616
 6.335505e-08 2.207575e-07 4.143758e-12 2.841167e-07 fanout136
 3.433804e-08 2.492461e-07 4.837566e-12 2.835890e-07 fanout282
 3.791608e-08 2.452246e-07 4.784657e-12 2.831454e-07 fanout1341
 1.654002e-08 2.603796e-07 6.890207e-12 2.769265e-07 fanout538
 6.303505e-08 2.084226e-07 4.163577e-12 2.714618e-07 fanout301
 1.650230e-08 2.547833e-07 6.890207e-12 2.712925e-07 fanout572
 4.405032e-08 2.250690e-07 3.771734e-12 2.691231e-07 fanout116
 1.651340e-08 2.521498e-07 6.890084e-12 2.686701e-07 fanout717
 1.900003e-08 2.457226e-07 7.485779e-12 2.647301e-07 fanout715
 1.656216e-08 2.477825e-07 6.890207e-12 2.643515e-07 fanout673
 1.680295e-08 2.454225e-07 7.063308e-12 2.622325e-07 fanout1198
 1.661072e-08 2.444835e-07 6.890207e-12 2.611011e-07 fanout685
 1.658590e-08 2.442344e-07 6.890330e-12 2.608272e-07 fanout696
 1.651799e-08 2.434172e-07 6.890207e-12 2.599421e-07 fanout710
 4.289889e-08 2.127712e-07 4.493294e-12 2.556746e-07 fanout394
 1.662386e-08 2.378116e-07 6.890207e-12 2.544423e-07 fanout549
 3.302188e-08 2.208876e-07 4.688316e-12 2.539142e-07 fanout1309
 3.956874e-08 2.113847e-07 3.961974e-12 2.509574e-07 fanout1257
 1.663109e-08 2.333416e-07 6.890207e-12 2.499796e-07 fanout498
 1.661769e-08 2.264555e-07 7.489468e-12 2.430807e-07 fanout595
 1.850424e-08 2.239586e-07 4.370814e-12 2.424673e-07 fanout1075
 1.725549e-08 2.236519e-07 6.914962e-12 2.409143e-07 fanout1164
 1.853410e-08 2.192645e-07 4.462687e-12 2.378030e-07 fanout1014
 3.410725e-08 1.930865e-07 7.316588e-12 2.272011e-07 fanout1217
 5.050151e-08 1.760575e-07 3.771936e-12 2.265628e-07 fanout372
 1.917428e-08 2.065541e-07 7.485762e-12 2.257359e-07 fanout496
 4.646585e-08 1.747892e-07 4.172549e-12 2.212592e-07 fanout299
 1.671374e-08 2.014916e-07 7.489591e-12 2.182128e-07 fanout564
 4.188430e-08 1.755640e-07 4.099080e-12 2.174524e-07 fanout333
 4.620589e-08 1.700221e-07 4.092575e-12 2.162321e-07 fanout297
 3.758691e-08 1.784579e-07 6.919342e-12 2.160517e-07 fanout978
 3.481727e-08 1.794288e-07 4.493491e-12 2.142505e-07 fanout1226
 3.063442e-08 1.823201e-07 4.616545e-12 2.129591e-07 fanout217
 3.881985e-08 1.738046e-07 4.601017e-12 2.126291e-07 fanout246
 2.116822e-07 0.000000e+00 4.600832e-12 2.116869e-07 clkload22
 2.116258e-07 0.000000e+00 4.600832e-12 2.116305e-07 clkload21
 4.043747e-08 1.711273e-07 4.170504e-12 2.115689e-07 fanout335
 2.109620e-07 0.000000e+00 4.600832e-12 2.109666e-07 clkload38
 2.108098e-07 0.000000e+00 4.600832e-12 2.108144e-07 clkload140
 3.944865e-08 1.695580e-07 3.960472e-12 2.090106e-07 fanout1279
 3.973806e-08 1.689689e-07 3.960472e-12 2.087109e-07 fanout1245
 1.249406e-08 1.940525e-07 7.514037e-12 2.065541e-07 fanout446
 3.890521e-08 1.665006e-07 4.358090e-12 2.054102e-07 fanout328
 3.975035e-08 1.633241e-07 3.961974e-12 2.030784e-07 fanout1259
 3.962428e-08 1.611685e-07 3.960472e-12 2.007968e-07 fanout1299
 4.124229e-08 1.579493e-07 3.961513e-12 1.991956e-07 fanout279
 1.728057e-08 1.815938e-07 6.890084e-12 1.988813e-07 fanout699
 1.867952e-08 1.789680e-07 4.371043e-12 1.976519e-07 fanout1033
 1.953432e-08 1.772643e-07 7.485655e-12 1.968061e-07 fanout485
 1.927357e-08 1.735114e-07 7.485779e-12 1.927924e-07 fanout493
 1.711619e-08 1.748270e-07 6.890207e-12 1.919501e-07 fanout487
 3.938572e-08 1.522879e-07 3.960472e-12 1.916776e-07 fanout1286
 3.497201e-08 1.553815e-07 4.208177e-12 1.903577e-07 fanout405
 3.341211e-08 1.563694e-07 3.718928e-12 1.897852e-07 fanout112
 3.722386e-08 1.505689e-07 3.728894e-12 1.877965e-07 fanout319
 1.871663e-08 1.690239e-07 4.370814e-12 1.877449e-07 fanout950
 3.658327e-08 1.493575e-07 3.719624e-12 1.859445e-07 fanout355
 4.545014e-08 1.400879e-07 4.308528e-12 1.855424e-07 fanout359
 2.797266e-08 1.573147e-07 4.153283e-12 1.852916e-07 fanout215
 1.695882e-08 1.674448e-07 6.890207e-12 1.844105e-07 fanout677
 4.209884e-08 1.369580e-07 3.770990e-12 1.790606e-07 fanout122
 3.590351e-08 1.427630e-07 3.729237e-12 1.786702e-07 fanout293
 3.437109e-08 1.428697e-07 4.578444e-12 1.772453e-07 fanout1305
 3.064727e-08 1.461855e-07 4.616659e-12 1.768373e-07 fanout220
 1.879671e-08 1.573567e-07 4.462687e-12 1.761579e-07 fanout1021
 1.697683e-08 1.584685e-07 7.489468e-12 1.754528e-07 fanout558
 1.940197e-08 1.523055e-07 7.485779e-12 1.717150e-07 fanout565
 1.937572e-08 1.523227e-07 7.485639e-12 1.717059e-07 fanout675
 1.885686e-08 1.507551e-07 4.830478e-12 1.696168e-07 fanout1064
 1.700883e-08 1.523789e-07 6.890207e-12 1.693946e-07 fanout585
 1.940577e-08 1.496894e-07 7.485655e-12 1.691026e-07 fanout520
 1.970777e-08 1.481430e-07 7.485779e-12 1.678582e-07 fanout697
 1.886573e-08 1.489260e-07 4.371043e-12 1.677961e-07 fanout1080
 1.630226e-07 0.000000e+00 6.891436e-12 1.630295e-07 clkload158
 1.630017e-07 0.000000e+00 6.891436e-12 1.630086e-07 clkload29
 1.628967e-07 0.000000e+00 6.891436e-12 1.629036e-07 clkload10
 1.628733e-07 0.000000e+00 6.891436e-12 1.628802e-07 clkload145
 2.683963e-08 1.358371e-07 4.153469e-12 1.626808e-07 fanout214
 1.624259e-07 0.000000e+00 6.891436e-12 1.624328e-07 clkload153
 1.622767e-07 0.000000e+00 6.891436e-12 1.622836e-07 clkload1
 1.622139e-07 0.000000e+00 6.891436e-12 1.622208e-07 clkload149
 1.619853e-07 0.000000e+00 6.891436e-12 1.619922e-07 clkload9
 1.617638e-07 0.000000e+00 6.891436e-12 1.617707e-07 clkload64
 1.613932e-07 0.000000e+00 6.891436e-12 1.614001e-07 clkload71
 1.611324e-07 0.000000e+00 6.891436e-12 1.611393e-07 clkload68
 1.611158e-07 0.000000e+00 6.891436e-12 1.611227e-07 clkload69
 3.125566e-08 1.292797e-07 4.708081e-12 1.605400e-07 fanout398
 1.930080e-08 1.397301e-07 7.485779e-12 1.590384e-07 fanout551
 2.448896e-08 1.302895e-07 4.163090e-12 1.547826e-07 fanout232
 3.251479e-08 1.214645e-07 3.729527e-12 1.539830e-07 fanout289
 3.348487e-08 1.204173e-07 4.688716e-12 1.539068e-07 fanout1307
 1.700698e-08 1.355780e-07 6.890207e-12 1.525919e-07 fanout561
 1.934158e-08 1.318702e-07 7.485779e-12 1.512192e-07 fanout507
 3.506601e-09 1.476040e-07 5.181614e-12 1.511158e-07 _06692_
 1.886550e-08 1.297409e-07 4.371043e-12 1.486107e-07 fanout1039
 1.931876e-08 1.286736e-07 7.485779e-12 1.479998e-07 fanout490
 3.094501e-08 1.166766e-07 4.616659e-12 1.476263e-07 fanout221
 2.762542e-08 1.198998e-07 3.729421e-12 1.475289e-07 fanout291
 1.903502e-08 1.255635e-07 4.738835e-12 1.446033e-07 fanout993
 2.574881e-08 1.184704e-07 4.153517e-12 1.442234e-07 fanout213
 1.894268e-08 1.244530e-07 4.371043e-12 1.434001e-07 fanout1038
 1.709881e-08 1.256885e-07 6.890208e-12 1.427942e-07 fanout522
 1.898534e-08 1.235987e-07 4.371043e-12 1.425884e-07 fanout953
 1.938328e-08 1.228047e-07 7.485779e-12 1.421954e-07 fanout664
 1.686606e-08 1.247653e-07 7.489591e-12 1.416388e-07 fanout669
 1.931633e-08 1.220465e-07 7.485779e-12 1.413703e-07 fanout722
 1.605009e-08 1.252766e-07 4.364744e-12 1.413310e-07 fanout390
 1.889436e-08 1.218667e-07 4.371043e-12 1.407654e-07 fanout1070
 1.718892e-08 1.233997e-07 6.890207e-12 1.405955e-07 fanout567
 1.904686e-08 1.214919e-07 4.830478e-12 1.405436e-07 fanout1050
 1.917961e-08 1.210721e-07 4.738835e-12 1.402565e-07 fanout991
 2.148935e-08 1.165154e-07 3.729152e-12 1.380085e-07 fanout281
 1.618651e-08 1.215358e-07 4.143737e-12 1.377264e-07 fanout277
 1.894995e-08 1.186440e-07 4.738835e-12 1.375987e-07 fanout1005
 1.897466e-08 1.180233e-07 4.830478e-12 1.370028e-07 fanout973
 1.892124e-08 1.173648e-07 4.371043e-12 1.362904e-07 fanout1029
 1.705162e-08 1.179214e-07 6.890207e-12 1.349799e-07 fanout575
 1.901241e-08 1.149784e-07 4.830478e-12 1.339956e-07 fanout1103
 2.820243e-08 1.057850e-07 4.532293e-12 1.339920e-07 fanout1310
 1.900579e-08 1.147432e-07 4.739064e-12 1.337538e-07 fanout984
 1.908653e-08 1.142787e-07 4.371043e-12 1.333696e-07 fanout1073
 2.199519e-08 1.112594e-07 4.163391e-12 1.332587e-07 fanout229
 2.227541e-08 1.109396e-07 4.163206e-12 1.332192e-07 fanout231
 1.891487e-08 1.137109e-07 4.370814e-12 1.326301e-07 fanout951
 1.707937e-08 1.146671e-07 6.890207e-12 1.317533e-07 fanout555
 2.080258e-08 1.103443e-07 4.175832e-12 1.311510e-07 fanout254
 2.526115e-08 1.057175e-07 4.190696e-12 1.309828e-07 fanout263
 1.693267e-08 1.136124e-07 6.890207e-12 1.305519e-07 fanout545
 1.903447e-08 1.112198e-07 4.739064e-12 1.302590e-07 fanout999
 1.900267e-08 1.105356e-07 4.830478e-12 1.295431e-07 fanout1102
 1.902374e-08 1.103987e-07 4.830478e-12 1.294273e-07 fanout1090
 9.242131e-09 1.197088e-07 7.325382e-12 1.289582e-07 fanout892
 1.915571e-08 1.095601e-07 4.371044e-12 1.287201e-07 fanout1085
 2.185480e-08 1.062185e-07 3.718306e-12 1.280771e-07 fanout329
 1.913425e-08 1.089115e-07 4.371044e-12 1.280501e-07 fanout1081
 1.896378e-08 1.087277e-07 4.371043e-12 1.276958e-07 fanout946
 1.930185e-08 1.078564e-07 7.485779e-12 1.271658e-07 fanout539
 1.913412e-08 1.069670e-07 4.371043e-12 1.261055e-07 fanout1045
 3.780443e-08 8.818503e-08 1.401482e-11 1.260035e-07 wire883
 1.900136e-08 1.068331e-07 4.462687e-12 1.258390e-07 fanout1015
 1.909601e-08 1.065505e-07 4.738835e-12 1.256512e-07 fanout998
 1.896541e-08 1.066010e-07 4.830707e-12 1.255712e-07 fanout1051
 1.897653e-08 1.054666e-07 4.371043e-12 1.244475e-07 fanout949
 1.699687e-08 1.074384e-07 6.890207e-12 1.244422e-07 fanout713
 1.904617e-08 1.050542e-07 4.739064e-12 1.241051e-07 fanout985
 2.453755e-08 9.955912e-08 3.960868e-12 1.241006e-07 fanout395
 1.922535e-08 1.047250e-07 4.371043e-12 1.239547e-07 fanout1040
 1.932680e-08 1.043928e-07 7.485779e-12 1.237270e-07 fanout691
 1.907349e-08 1.040579e-07 4.371043e-12 1.231357e-07 fanout1046
 1.933275e-08 1.037569e-07 7.485796e-12 1.230972e-07 fanout698
 9.571696e-09 1.131475e-07 4.784771e-12 1.227240e-07 fanout1331
 1.705822e-08 1.056455e-07 6.890207e-12 1.227106e-07 fanout630
 2.402639e-08 9.852069e-08 4.202209e-12 1.225513e-07 fanout238
 1.900217e-08 1.035272e-07 4.830707e-12 1.225342e-07 fanout1063
 1.905215e-08 1.034260e-07 4.371043e-12 1.224825e-07 fanout1076
 1.910966e-08 1.031827e-07 4.738835e-12 1.222971e-07 fanout988
 1.906615e-08 1.020559e-07 4.371043e-12 1.211264e-07 fanout1082
 1.717333e-08 1.037180e-07 6.890207e-12 1.208982e-07 fanout613
 1.906096e-08 1.016869e-07 4.830478e-12 1.207527e-07 fanout1096
 1.918787e-08 1.013120e-07 4.738835e-12 1.205046e-07 fanout1003
 2.288047e-08 9.699304e-08 4.154129e-12 1.198777e-07 fanout243
 1.903713e-08 1.006453e-07 4.830478e-12 1.196873e-07 fanout1098
 1.901215e-08 1.006331e-07 4.830707e-12 1.196501e-07 fanout1057
 1.700508e-08 1.022352e-07 6.890207e-12 1.192471e-07 fanout700
 1.921274e-08 9.987647e-08 4.371043e-12 1.190936e-07 fanout962
 1.859996e-08 1.004781e-07 7.406385e-12 1.190855e-07 fanout1209
 1.897418e-08 1.000398e-07 4.462687e-12 1.190185e-07 fanout1012
 2.288016e-08 9.541555e-08 4.154129e-12 1.182999e-07 fanout249
 2.401727e-08 9.406126e-08 4.202209e-12 1.180827e-07 fanout236
 1.915897e-08 9.873109e-08 4.462687e-12 1.178945e-07 fanout1008
 1.908584e-08 9.787341e-08 4.739064e-12 1.169640e-07 fanout1004
 1.940807e-08 9.739183e-08 7.485655e-12 1.168074e-07 fanout589
 2.552041e-08 9.088248e-08 4.202278e-12 1.164071e-07 fanout241
 2.810756e-08 8.825167e-08 4.532293e-12 1.163638e-07 fanout1311
 1.908620e-08 9.714066e-08 4.371043e-12 1.162312e-07 fanout1087
 1.920228e-08 9.690760e-08 4.371272e-12 1.161143e-07 fanout1023
 1.928023e-08 9.658442e-08 4.371043e-12 1.158690e-07 fanout1078
 1.929008e-08 9.634592e-08 4.830707e-12 1.156408e-07 fanout971
 1.910756e-08 9.578687e-08 4.830478e-12 1.148993e-07 fanout1053
 1.907569e-08 9.560043e-08 4.830707e-12 1.146810e-07 fanout1100
 1.738731e-08 9.728362e-08 6.890084e-12 1.146778e-07 fanout541
 1.708021e-08 9.732074e-08 6.890207e-12 1.144078e-07 fanout666
 1.912069e-08 9.502084e-08 4.830707e-12 1.141464e-07 fanout967
 2.298102e-08 9.076988e-08 4.154129e-12 1.137551e-07 fanout247
 1.909208e-08 9.449416e-08 4.371043e-12 1.135906e-07 fanout958
 1.909227e-08 9.438042e-08 4.371043e-12 1.134771e-07 fanout963
 1.926357e-08 9.402203e-08 4.738835e-12 1.132903e-07 fanout986
 1.699610e-08 9.570206e-08 7.489468e-12 1.127057e-07 fanout598
 2.009343e-08 9.223255e-08 4.177149e-12 1.123302e-07 fanout204
 1.912798e-08 9.319552e-08 4.371272e-12 1.123279e-07 fanout1031
 1.907838e-08 9.314864e-08 4.371272e-12 1.122314e-07 fanout1037
 1.691677e-08 9.400718e-08 6.890330e-12 1.109308e-07 fanout591
 1.917268e-08 9.100106e-08 4.371043e-12 1.101781e-07 fanout945
 2.400130e-08 8.615070e-08 4.202209e-12 1.101562e-07 fanout240
 1.936756e-08 9.006673e-08 4.371043e-12 1.094387e-07 fanout1034
 1.050085e-08 9.796023e-08 4.364662e-12 1.084654e-07 fanout475
 2.073335e-08 8.760019e-08 4.177283e-12 1.083377e-07 fanout207
 1.911874e-08 8.911974e-08 4.371043e-12 1.082429e-07 fanout1083
 1.913117e-08 8.886676e-08 4.371043e-12 1.080023e-07 fanout1067
 1.920057e-08 8.869617e-08 4.371044e-12 1.079011e-07 fanout1044
 1.926731e-08 8.832934e-08 4.371043e-12 1.076010e-07 fanout957
 1.913800e-08 8.844980e-08 4.371043e-12 1.075922e-07 fanout1041
 1.914935e-08 8.666699e-08 4.371272e-12 1.058207e-07 fanout1027
 1.906500e-08 8.617936e-08 4.830707e-12 1.052492e-07 fanout1061
 1.715913e-08 8.767803e-08 4.052131e-12 1.048412e-07 fanout1326
 2.261841e-08 8.194800e-08 4.163206e-12 1.045706e-07 fanout225
 2.298084e-08 8.121813e-08 4.154129e-12 1.042031e-07 fanout245
 1.912778e-08 8.485302e-08 4.371043e-12 1.039852e-07 fanout1079
 1.709658e-08 8.650745e-08 4.052784e-12 1.036081e-07 fanout1324
 1.927857e-08 8.418903e-08 4.830478e-12 1.034724e-07 fanout1099
 1.914693e-08 8.406359e-08 4.830478e-12 1.032153e-07 fanout1052
 1.916784e-08 8.365438e-08 4.371272e-12 1.028266e-07 fanout1030
 1.876352e-08 8.401283e-08 7.406250e-12 1.027838e-07 fanout1205
 1.937771e-08 8.243599e-08 4.371044e-12 1.018181e-07 fanout947
 2.105355e-08 8.070814e-08 4.175832e-12 1.017659e-07 fanout256
 1.925546e-08 8.235858e-08 4.830707e-12 1.016189e-07 fanout975
 2.105315e-08 8.007984e-08 4.175832e-12 1.011372e-07 fanout258
 1.937138e-08 8.141508e-08 4.830478e-12 1.007913e-07 fanout974
 1.918929e-08 8.149100e-08 4.462687e-12 1.006847e-07 fanout1017
 1.926173e-08 8.070820e-08 4.830707e-12 9.997476e-08 fanout1095
 1.910961e-08 8.069065e-08 4.371043e-12 9.980463e-08 fanout1036
 1.926395e-08 8.025099e-08 4.738835e-12 9.951968e-08 fanout1001
 1.919111e-08 7.988180e-08 4.371044e-12 9.907728e-08 fanout1072
 1.611052e-08 8.271841e-08 4.143643e-12 9.883308e-08 fanout270
 1.695627e-08 8.152268e-08 6.914962e-12 9.848586e-08 fanout1142
 1.915466e-08 7.889477e-08 4.830478e-12 9.805426e-08 fanout1094
 1.917001e-08 7.837099e-08 4.371043e-12 9.754537e-08 fanout955
 1.808220e-08 7.826331e-08 4.346207e-12 9.634986e-08 fanout399
 2.039307e-08 7.585073e-08 4.177155e-12 9.624798e-08 fanout206
 1.909518e-08 7.690803e-08 4.462916e-12 9.600767e-08 fanout1019
 1.930664e-08 7.655240e-08 4.739064e-12 9.586378e-08 fanout994
 1.919778e-08 7.606937e-08 4.738835e-12 9.527189e-08 fanout982
 1.918237e-08 7.575002e-08 4.830707e-12 9.493722e-08 fanout977
 1.010289e-08 8.450861e-08 4.349375e-12 9.461585e-08 fanout705
 1.920517e-08 7.532343e-08 4.371044e-12 9.453297e-08 fanout1071
 2.104953e-08 7.282161e-08 4.175832e-12 9.387532e-08 fanout252
 1.612620e-08 7.679393e-08 4.143643e-12 9.292427e-08 fanout276
 1.933002e-08 7.285657e-08 4.830707e-12 9.219141e-08 fanout970
 1.591882e-08 7.585393e-08 4.030835e-12 9.177678e-08 fanout1316
 1.240277e-08 7.737978e-08 4.369862e-12 8.978692e-08 fanout182
 1.881338e-08 6.972031e-08 4.311466e-12 8.853801e-08 fanout1308
 1.749837e-08 6.917964e-08 4.708240e-12 8.668272e-08 fanout1199
 8.474013e-08 0.000000e+00 4.117637e-12 8.474425e-08 clkload84
 8.460428e-08 0.000000e+00 4.117637e-12 8.460840e-08 clkload114
 8.456673e-08 0.000000e+00 4.117637e-12 8.457085e-08 clkload95
 8.429164e-08 0.000000e+00 4.117637e-12 8.429576e-08 clkload92
 8.417921e-08 0.000000e+00 4.117637e-12 8.418333e-08 clkload57
 8.398175e-08 0.000000e+00 4.117637e-12 8.398587e-08 clkload147
 8.393612e-08 0.000000e+00 4.117637e-12 8.394024e-08 clkload157
 8.379391e-08 0.000000e+00 4.117637e-12 8.379804e-08 clkload151
 8.362761e-08 0.000000e+00 4.117637e-12 8.363173e-08 clkload150
 8.350965e-08 0.000000e+00 4.117637e-12 8.351377e-08 clkload161
 1.749720e-08 6.578417e-08 4.182191e-12 8.328556e-08 fanout222
 9.451238e-09 7.325472e-08 4.416751e-12 8.271039e-08 fanout1208
 9.428515e-09 7.214604e-08 4.416751e-12 8.157897e-08 fanout1211
 9.339208e-09 7.024821e-08 7.325382e-12 7.959475e-08 fanout891
 1.341444e-08 6.603243e-08 4.042066e-12 7.945091e-08 fanout198
 1.342113e-08 6.398555e-08 4.042066e-12 7.741072e-08 fanout194
 1.246618e-08 6.385125e-08 4.369862e-12 7.632180e-08 fanout176
 1.060586e-08 6.567204e-08 4.329178e-12 7.628223e-08 fanout425
 9.428664e-09 6.615475e-08 4.784657e-12 7.558820e-08 fanout1329
 1.006918e-08 6.518979e-08 4.349256e-12 7.526333e-08 fanout543
 1.605276e-08 5.909418e-08 4.030835e-12 7.515097e-08 fanout1315
 9.826580e-09 6.307033e-08 4.349256e-12 7.290126e-08 fanout560
 9.827207e-09 6.291537e-08 4.349256e-12 7.274692e-08 fanout559
 1.064257e-08 6.138388e-08 4.364830e-12 7.203081e-08 fanout142
 1.057056e-08 6.026101e-08 4.364801e-12 7.083593e-08 fanout155
 1.240395e-08 5.801305e-08 4.369776e-12 7.042136e-08 fanout180
 9.922077e-09 5.956532e-08 4.349271e-12 6.949174e-08 fanout554
 1.079359e-08 5.844630e-08 3.741545e-12 6.924363e-08 fanout1074
 9.910617e-09 5.922564e-08 4.349271e-12 6.914060e-08 fanout562
 9.488025e-09 5.773851e-08 4.784771e-12 6.723131e-08 fanout1328
 8.664234e-09 5.827604e-08 4.618786e-12 6.694489e-08 fanout1128
 1.242051e-08 5.440714e-08 4.369776e-12 6.683202e-08 fanout177
 1.078632e-08 5.577645e-08 4.565793e-12 6.656734e-08 fanout1059
 1.283187e-08 5.342847e-08 4.042108e-12 6.626438e-08 fanout197
 1.077662e-08 5.503016e-08 4.401381e-12 6.581118e-08 fanout983
 1.079587e-08 5.480337e-08 4.565793e-12 6.560381e-08 fanout1093
 1.243982e-08 5.306428e-08 4.369878e-12 6.550847e-08 fanout178
 1.066023e-08 5.461376e-08 4.364828e-12 6.527835e-08 fanout148
 1.069728e-08 5.419140e-08 4.364726e-12 6.489305e-08 fanout138
 1.077007e-08 5.411644e-08 3.741545e-12 6.489025e-08 fanout1026
 8.678438e-09 5.555856e-08 4.834430e-12 6.424183e-08 fanout1146
 8.727726e-09 5.522101e-08 4.834535e-12 6.395356e-08 fanout1172
 1.076919e-08 5.309250e-08 4.401381e-12 6.386609e-08 fanout995
 1.377752e-08 4.897502e-08 3.914114e-12 6.275646e-08 fanout190
 1.060520e-08 5.181382e-08 4.364900e-12 6.242338e-08 fanout152
 6.238165e-08 0.000000e+00 1.468093e-13 6.238180e-08 clkload93
 6.232420e-08 0.000000e+00 1.468093e-13 6.232435e-08 clkload46
 6.178472e-08 0.000000e+00 1.468093e-13 6.178487e-08 clkload82
 6.138414e-08 0.000000e+00 1.468093e-13 6.138429e-08 clkload31
 6.136905e-08 0.000000e+00 1.468093e-13 6.136920e-08 clkload39
 1.080994e-08 5.049894e-08 4.565793e-12 6.131345e-08 fanout1091
 1.027177e-08 5.096322e-08 4.664152e-12 6.123965e-08 fanout1189
 6.113989e-08 0.000000e+00 1.468093e-13 6.114004e-08 clkload100
 1.176949e-08 4.924911e-08 4.364772e-12 6.102296e-08 fanout160
 6.089564e-08 0.000000e+00 1.468093e-13 6.089579e-08 clkload144
 8.684565e-09 5.207090e-08 4.834430e-12 6.076030e-08 fanout1134
 6.064773e-08 0.000000e+00 1.468093e-13 6.064788e-08 clkload137
 1.078094e-08 4.975260e-08 3.741545e-12 6.053729e-08 fanout1066
 1.079675e-08 4.965226e-08 4.401381e-12 6.045342e-08 fanout987
 6.045200e-08 0.000000e+00 1.468093e-13 6.045215e-08 clkload127
 1.067771e-08 4.962852e-08 4.364828e-12 6.031059e-08 fanout147
 6.024070e-08 0.000000e+00 1.468093e-13 6.024085e-08 clkload125
 6.005189e-08 0.000000e+00 1.468093e-13 6.005204e-08 clkload154
 1.068491e-08 4.931969e-08 4.364828e-12 6.000897e-08 fanout144
 5.993984e-08 0.000000e+00 1.468093e-13 5.993999e-08 clkload159
 1.080052e-08 4.906998e-08 3.741135e-12 5.987425e-08 fanout952
 1.082511e-08 4.805571e-08 3.905959e-12 5.888472e-08 fanout1013
 8.753111e-09 4.960946e-08 4.834430e-12 5.836741e-08 fanout1114
 1.085482e-08 4.743563e-08 3.741546e-12 5.829419e-08 fanout1086
 5.762942e-08 0.000000e+00 1.468093e-13 5.762957e-08 clkload7
 1.084404e-08 4.676077e-08 4.401381e-12 5.760922e-08 fanout1002
 1.070344e-08 4.651987e-08 4.364830e-12 5.722767e-08 fanout137
 1.071920e-08 4.623221e-08 4.364773e-12 5.695577e-08 fanout375
 8.740249e-09 4.820995e-08 4.834430e-12 5.695503e-08 fanout1162
 1.034061e-08 4.629372e-08 4.537634e-12 5.663886e-08 fanout922
 8.671657e-09 4.787146e-08 4.834535e-12 5.654796e-08 fanout1163
 1.086871e-08 4.554255e-08 4.565793e-12 5.641582e-08 fanout972
 1.063038e-08 4.554245e-08 4.364801e-12 5.617720e-08 fanout150
 1.085019e-08 4.450033e-08 3.741546e-12 5.535426e-08 fanout961
 1.087762e-08 4.418381e-08 4.401381e-12 5.506582e-08 fanout992
 1.083307e-08 4.408475e-08 3.905959e-12 5.492173e-08 fanout1007
 1.091250e-08 4.375735e-08 3.741546e-12 5.467359e-08 fanout943
 8.709678e-09 4.573044e-08 4.834430e-12 5.444496e-08 fanout1137
 1.087619e-08 4.352121e-08 3.741546e-12 5.440114e-08 fanout944
 1.082109e-08 4.326202e-08 3.741545e-12 5.408685e-08 fanout1077
 8.750848e-09 4.525625e-08 4.834058e-12 5.401193e-08 fanout1180
 4.772042e-09 4.780525e-08 7.460196e-12 5.258476e-08 fanout940
 1.059808e-08 4.162227e-08 4.364866e-12 5.222472e-08 fanout377
 1.083410e-08 4.106035e-08 3.741545e-12 5.189819e-08 fanout1043
 1.076881e-08 4.094696e-08 4.364733e-12 5.172014e-08 fanout140
 1.086869e-08 4.071927e-08 3.741545e-12 5.159171e-08 fanout1035
 8.789178e-09 4.262959e-08 4.834430e-12 5.142360e-08 fanout1119
 8.796744e-09 4.241777e-08 4.834535e-12 5.121935e-08 fanout1118
 8.711230e-09 4.228737e-08 4.834163e-12 5.100343e-08 fanout1178
 8.769536e-09 4.121195e-08 4.834430e-12 4.998632e-08 fanout1161
 5.944371e-09 4.353381e-08 3.666427e-12 4.948185e-08 fanout431
 5.992336e-09 4.181545e-08 3.730146e-12 4.781152e-08 fanout457
 8.833436e-09 3.610496e-08 4.660179e-12 4.494306e-08 fanout1190
 1.082474e-08 3.322401e-08 3.905959e-12 4.405266e-08 fanout1011
 6.181720e-09 3.775635e-08 3.729894e-12 4.394180e-08 fanout385
 4.384339e-08 0.000000e+00 3.909176e-12 4.384729e-08 clkload43
 4.380402e-08 0.000000e+00 3.909176e-12 4.380793e-08 clkload48
 4.375306e-08 0.000000e+00 3.909176e-12 4.375697e-08 clkload44
 4.370460e-08 0.000000e+00 3.909176e-12 4.370850e-08 clkload36
 4.369197e-08 0.000000e+00 3.909176e-12 4.369588e-08 clkload103
 4.368490e-08 0.000000e+00 3.909176e-12 4.368881e-08 clkload34
 4.368482e-08 0.000000e+00 3.909176e-12 4.368873e-08 clkload35
 4.366676e-08 0.000000e+00 3.909176e-12 4.367067e-08 clkload108
 4.364644e-08 0.000000e+00 3.909176e-12 4.365035e-08 clkload49
 4.362857e-08 0.000000e+00 3.909176e-12 4.363248e-08 clkload78
 4.361089e-08 0.000000e+00 3.909176e-12 4.361480e-08 clkload98
 4.361009e-08 0.000000e+00 3.909176e-12 4.361400e-08 clkload91
 4.357702e-08 0.000000e+00 3.909176e-12 4.358093e-08 clkload120
 4.355968e-08 0.000000e+00 3.909176e-12 4.356359e-08 clkload87
 4.343963e-08 0.000000e+00 3.909176e-12 4.344354e-08 clkload126
 4.335447e-08 0.000000e+00 3.909176e-12 4.335838e-08 clkload156
 4.334780e-08 0.000000e+00 3.909176e-12 4.335170e-08 clkload55
 4.333984e-08 0.000000e+00 3.909176e-12 4.334375e-08 clkload141
 8.815661e-09 3.444548e-08 4.834058e-12 4.326597e-08 fanout1179
 1.086868e-08 3.203638e-08 4.565793e-12 4.290963e-08 fanout966
 5.972140e-09 3.655222e-08 3.666617e-12 4.252802e-08 fanout429
 8.771996e-09 3.347990e-08 4.834535e-12 4.225673e-08 fanout1153
 7.714437e-09 3.425137e-08 3.730209e-12 4.196954e-08 fanout174
 7.515255e-09 3.439542e-08 3.730185e-12 4.191440e-08 fanout169
 6.573980e-09 3.472598e-08 3.730299e-12 4.130369e-08 fanout159
 6.121597e-09 3.503069e-08 3.730097e-12 4.115602e-08 fanout476
 8.851377e-09 3.224338e-08 4.660179e-12 4.109942e-08 fanout1191
 8.841714e-09 3.171238e-08 4.834535e-12 4.055893e-08 fanout1170
 2.211568e-09 3.785889e-08 6.869035e-12 4.007733e-08 fanout761
 6.039378e-09 3.381925e-08 3.666414e-12 3.986230e-08 fanout426
 5.092752e-09 3.464111e-08 4.573071e-12 3.973844e-08 fanout1155
 6.010020e-09 3.318446e-08 3.666612e-12 3.919815e-08 fanout433
 6.026824e-09 3.237919e-08 3.730211e-12 3.840975e-08 fanout141
 6.037291e-09 3.129488e-08 3.729876e-12 3.733590e-08 fanout463
 6.049381e-09 3.125695e-08 3.729868e-12 3.731006e-08 fanout468
 4.711654e-09 3.236700e-08 1.049787e-11 3.708915e-08 fanout737
 6.103438e-09 3.094425e-08 4.325295e-12 3.705201e-08 fanout451
 6.032014e-09 3.051857e-08 3.730211e-12 3.655432e-08 fanout139
 7.519929e-09 2.895364e-08 3.730185e-12 3.647730e-08 fanout171
 6.145919e-09 2.986203e-08 3.730090e-12 3.601167e-08 fanout459
 6.114847e-09 2.963952e-08 3.729886e-12 3.575810e-08 fanout464
 6.809291e-09 2.824805e-08 7.007202e-12 3.506434e-08 fanout886
 1.680085e-08 1.819365e-08 1.181000e-12 3.499569e-08 max_cap860
 5.969677e-09 2.890343e-08 3.730463e-12 3.487684e-08 fanout378
 6.058949e-09 2.862589e-08 3.729868e-12 3.468858e-08 fanout466
 1.721392e-08 1.746726e-08 1.181000e-12 3.468237e-08 max_cap859
 6.077880e-09 2.816942e-08 3.729887e-12 3.425103e-08 fanout462
 6.055896e-09 2.814538e-08 3.666439e-12 3.420494e-08 fanout428
 4.714092e-09 2.933314e-08 6.919544e-12 3.405415e-08 fanout904
 2.275712e-09 3.158352e-08 6.869052e-12 3.386610e-08 fanout773
 7.012663e-09 2.666323e-08 3.739454e-12 3.367963e-08 fanout179
 4.994528e-09 2.822804e-08 4.572884e-12 3.322715e-08 fanout1141
 4.654503e-09 2.834041e-08 6.892588e-12 3.300180e-08 fanout890
 4.651109e-09 2.816710e-08 7.460163e-12 3.282566e-08 fanout939
 4.644191e-09 2.812531e-08 6.919577e-12 3.277642e-08 fanout905
 7.516792e-09 2.510279e-08 3.730185e-12 3.262331e-08 fanout173
 6.081486e-09 2.645277e-08 3.666437e-12 3.253793e-08 fanout424
 4.958607e-09 2.686691e-08 4.573071e-12 3.183009e-08 fanout1157
 2.789429e-09 2.722703e-08 6.865723e-12 3.002333e-08 fanout448
 5.127246e-09 2.488722e-08 4.573071e-12 3.001904e-08 fanout1152
 5.992439e-09 2.399825e-08 3.730345e-12 2.999442e-08 fanout151
 5.832657e-09 2.390842e-08 4.267397e-12 2.974534e-08 fanout1188
 2.306554e-09 2.742015e-08 6.869052e-12 2.973358e-08 fanout806
 5.980617e-09 2.353307e-08 3.730463e-12 2.951742e-08 fanout376
 5.001177e-09 2.436338e-08 4.047070e-12 2.936860e-08 fanout1193
 5.820460e-09 2.349520e-08 4.040417e-12 2.931970e-08 fanout927
 2.311541e-09 2.686396e-08 6.869052e-12 2.918237e-08 fanout804
 4.926094e-09 2.401094e-08 4.572884e-12 2.894161e-08 fanout1120
 4.435127e-09 2.439804e-08 3.729856e-12 2.883689e-08 fanout1350
 4.916978e-09 2.379644e-08 4.573071e-12 2.871799e-08 fanout1171
 4.512576e-09 2.382588e-08 7.334498e-12 2.834579e-08 fanout1202
 6.611956e-09 2.153728e-08 3.730299e-12 2.815296e-08 fanout157
 2.313619e-09 2.560850e-08 6.869052e-12 2.792899e-08 fanout814
 2.313308e-09 2.551573e-08 6.869052e-12 2.783590e-08 fanout791
 4.446775e-09 2.337917e-08 3.729856e-12 2.782967e-08 fanout1354
 4.603820e-09 2.291707e-08 7.045277e-12 2.752794e-08 fanout1343
 2.681147e-08 0.000000e+00 1.567550e-12 2.681303e-08 clkload0
 4.463541e-09 2.212040e-08 3.729856e-12 2.658767e-08 fanout1351
 4.416295e-09 2.195098e-08 3.729856e-12 2.637101e-08 fanout1352
 4.453216e-09 2.150916e-08 3.729856e-12 2.596611e-08 fanout1356
 4.918136e-09 2.091051e-08 4.185820e-12 2.583283e-08 fanout1127
 4.947386e-09 2.080504e-08 4.572216e-12 2.575699e-08 fanout1176
 2.324235e-09 2.307279e-08 6.869052e-12 2.540389e-08 fanout767
 4.962055e-09 2.036062e-08 4.047070e-12 2.532672e-08 fanout1192
 2.325027e-09 2.298193e-08 6.869052e-12 2.531383e-08 fanout812
 4.452172e-09 2.053000e-08 3.729856e-12 2.498590e-08 fanout1358
 2.317828e-09 2.250856e-08 6.869052e-12 2.483325e-08 fanout769
 7.721526e-09 1.575074e-08 1.181000e-12 2.347345e-08 wire855
 4.172447e-09 1.886753e-08 7.251143e-12 2.304722e-08 fanout930
 2.351030e-09 1.953713e-08 6.869052e-12 2.189503e-08 fanout775
 2.311962e-09 1.949238e-08 6.869035e-12 2.181122e-08 fanout764
 3.488587e-09 1.823179e-08 4.756033e-12 2.172513e-08 fanout885
 2.328029e-09 1.931543e-08 6.869052e-12 2.165033e-08 fanout728
 2.357777e-09 1.916388e-08 6.869052e-12 2.152853e-08 fanout749
 1.126981e-09 2.013342e-08 4.873436e-12 2.126528e-08 fanout794
 4.929472e-09 1.617660e-08 4.047258e-12 2.111012e-08 fanout1194
 2.357399e-09 1.781926e-08 6.869052e-12 2.018353e-08 fanout843
 2.358428e-09 1.751489e-08 4.371072e-12 1.987769e-08 fanout908
 2.366111e-09 1.581486e-08 4.371014e-12 1.818535e-08 fanout901
 2.311170e-09 1.551656e-08 6.869052e-12 1.783460e-08 fanout838
 2.027634e-09 1.569148e-08 7.511260e-12 1.772663e-08 fanout638
 2.332535e-09 1.515512e-08 6.869052e-12 1.749452e-08 fanout733
 2.377432e-09 1.473931e-08 6.869052e-12 1.712361e-08 fanout748
 2.916429e-09 1.417897e-08 4.325244e-12 1.709972e-08 fanout439
 4.781342e-09 1.228874e-08 1.399857e-11 1.708408e-08 max_cap1183
 2.336490e-09 1.453799e-08 6.869052e-12 1.688135e-08 fanout724
 2.354556e-09 1.433682e-08 6.869052e-12 1.669825e-08 fanout777
 7.632500e-09 8.537287e-09 1.181000e-12 1.617097e-08 max_cap854
 2.706301e-09 1.327800e-08 1.181000e-12 1.598548e-08 fanout1353
 2.377610e-09 1.313392e-08 4.371072e-12 1.551590e-08 fanout907
 2.342249e-09 1.312915e-08 6.869052e-12 1.547827e-08 fanout837
 2.367349e-09 1.299888e-08 6.869035e-12 1.537309e-08 fanout857
 2.339250e-09 1.289577e-08 6.869052e-12 1.524189e-08 fanout758
 2.380393e-09 1.228806e-08 6.869052e-12 1.467533e-08 fanout842
 2.424472e-09 1.222643e-08 7.298427e-12 1.465820e-08 fanout933
 2.346151e-09 1.229287e-08 6.869052e-12 1.464589e-08 fanout727
 2.336752e-09 1.228283e-08 6.869035e-12 1.462645e-08 fanout736
 2.340903e-09 1.215581e-08 6.869035e-12 1.450358e-08 fanout831
 2.399384e-09 1.180888e-08 6.869052e-12 1.421513e-08 fanout763
 2.420591e-09 1.172762e-08 6.869035e-12 1.415508e-08 fanout798
 2.383009e-09 1.172068e-08 6.869052e-12 1.411056e-08 fanout774
 2.367894e-09 1.166049e-08 6.869052e-12 1.403525e-08 fanout757
 2.323739e-09 1.160694e-08 6.869052e-12 1.393755e-08 fanout740
 2.390355e-09 1.151532e-08 6.869052e-12 1.391255e-08 fanout829
 2.375332e-09 1.115298e-08 6.869052e-12 1.353518e-08 fanout832
 2.407619e-09 1.073848e-08 6.869052e-12 1.315297e-08 fanout795
 2.408691e-09 1.062664e-08 6.869052e-12 1.304220e-08 fanout808
 2.367476e-09 1.064954e-08 6.869052e-12 1.302389e-08 fanout821
 2.145269e-09 1.069330e-08 4.548703e-12 1.284312e-08 fanout928
 2.355563e-09 1.026880e-08 6.869035e-12 1.263123e-08 fanout784
 2.324823e-09 1.019511e-08 6.869035e-12 1.252680e-08 fanout819
 2.340685e-09 1.013878e-08 6.869052e-12 1.248633e-08 fanout778
 1.183856e-09 1.009058e-08 4.873164e-12 1.127931e-08 fanout644
 1.770724e-09 8.722592e-09 4.328927e-12 1.049765e-08 fanout442
 1.178335e-09 8.763273e-09 4.416865e-12 9.946024e-09 fanout898
 1.773986e-09 7.987536e-09 4.328927e-12 9.765850e-09 fanout441
 1.184467e-09 8.049416e-09 4.873450e-12 9.238756e-09 fanout848
 1.186701e-09 7.690812e-09 4.873436e-12 8.882387e-09 fanout845
 1.185578e-09 7.608556e-09 4.873450e-12 8.799007e-09 fanout793
 1.524462e-09 7.214217e-09 4.872591e-12 8.743552e-09 fanout915
 1.186196e-09 6.640422e-09 4.873464e-12 7.831492e-09 fanout790
 1.207369e-09 6.549673e-09 4.060276e-12 7.761102e-09 fanout929
 1.296016e-09 6.322750e-09 4.374176e-12 7.623139e-09 fanout1344
 1.192990e-09 6.312526e-09 4.873464e-12 7.510390e-09 fanout746
 1.548006e-09 5.889157e-09 4.328930e-12 7.441491e-09 fanout474
 1.190908e-09 6.228338e-09 4.873450e-12 7.424119e-09 fanout792
 1.553473e-09 5.832182e-09 4.328930e-12 7.389985e-09 fanout473
 1.531270e-09 5.535723e-09 4.872591e-12 7.071865e-09 fanout916
 1.540400e-09 5.501201e-09 4.872609e-12 7.046474e-09 fanout917
 1.356941e-09 5.266481e-09 3.664502e-12 6.627087e-09 fanout868
 1.192382e-09 5.346136e-09 4.873450e-12 6.543391e-09 fanout772
 1.198457e-09 5.189531e-09 4.873436e-12 6.392861e-09 fanout874
 2.837003e-10 6.044038e-09 6.865708e-12 6.334604e-09 fanout444
 9.934296e-10 5.245044e-09 4.327613e-12 6.242800e-09 fanout637
 1.289695e-09 4.559489e-09 3.933163e-12 5.853117e-09 fanout1203
 6.865890e-10 4.079863e-09 4.303760e-12 4.770756e-09 fanout1241
 6.790292e-10 3.518250e-09 3.664926e-12 4.200944e-09 fanout650
 6.809638e-10 3.223380e-09 4.642862e-12 3.908986e-09 fanout873
 8.640353e-10 3.025160e-09 4.641379e-12 3.893837e-09 fanout918
 6.788570e-10 3.024317e-09 3.664952e-12 3.706839e-09 fanout647
 6.782205e-10 2.680653e-09 4.642374e-12 3.363516e-09 fanout645
 5.097495e-10 2.666558e-09 3.659582e-12 3.179967e-09 fanout472
 3.905113e-10 2.702440e-09 7.513544e-12 3.100464e-09 fanout641
 6.819477e-10 1.793736e-09 3.664926e-12 2.479349e-09 fanout651
 8.446349e-10 1.483104e-09 1.181000e-12 2.328920e-09 wire818
 8.276603e-10 1.261721e-09 1.181000e-12 2.090563e-09 max_cap817
 1.200725e-10 1.616220e-09 7.514074e-12 1.743806e-09 fanout449
 1.976590e-10 1.038741e-09 4.325675e-12 1.240726e-09 fanout640
 6.164387e-11 3.132887e-10 4.325221e-12 3.792578e-10 fanout450
 3.590393e-18 3.088511e-17 1.416548e-11 1.416552e-11 fanout1372
 3.601216e-18 2.465098e-17 1.416548e-11 1.416551e-11 max_cap1364
 1.527997e-12 6.172661e-12 4.876300e-12 1.257696e-11 fanout913
 3.467631e-18 2.985505e-17 1.048072e-11 1.048075e-11 fanout1385
 1.741714e-18 8.778979e-18 7.513762e-12 7.513773e-12 fanout1370
 8.890455e-19 6.210098e-18 4.876013e-12 4.876020e-12 fanout1380
 8.914449e-19 4.238064e-18 4.876013e-12 4.876018e-12 fanout1384
 1.765834e-16 8.524549e-16 4.787777e-12 4.788807e-12 fanout1374
 3.266106e-16 1.973117e-15 4.667990e-12 4.670289e-12 fanout1360
 0.000000e+00 0.000000e+00 4.648000e-12 4.648000e-12 input23
 0.000000e+00 0.000000e+00 4.648000e-12 4.648000e-12 input24
 0.000000e+00 0.000000e+00 4.648000e-12 4.648000e-12 input25
 0.000000e+00 0.000000e+00 4.648000e-12 4.648000e-12 input26
 0.000000e+00 0.000000e+00 4.648000e-12 4.648000e-12 input27
 0.000000e+00 0.000000e+00 4.648000e-12 4.648000e-12 input28
 0.000000e+00 0.000000e+00 4.648000e-12 4.648000e-12 input29
 0.000000e+00 0.000000e+00 4.648000e-12 4.648000e-12 input30
 0.000000e+00 0.000000e+00 4.648000e-12 4.648000e-12 input33
 0.000000e+00 0.000000e+00 4.648000e-12 4.648000e-12 input34
 0.000000e+00 0.000000e+00 4.648000e-12 4.648000e-12 input36
 0.000000e+00 0.000000e+00 4.648000e-12 4.648000e-12 input37
 0.000000e+00 0.000000e+00 4.648000e-12 4.648000e-12 input38
 0.000000e+00 0.000000e+00 4.648000e-12 4.648000e-12 input39
 0.000000e+00 0.000000e+00 4.648000e-12 4.648000e-12 input40
 0.000000e+00 0.000000e+00 4.648000e-12 4.648000e-12 input41
 0.000000e+00 0.000000e+00 4.648000e-12 4.648000e-12 input42
 0.000000e+00 0.000000e+00 4.648000e-12 4.648000e-12 input43
 0.000000e+00 0.000000e+00 4.648000e-12 4.648000e-12 input44
 0.000000e+00 0.000000e+00 4.648000e-12 4.648000e-12 input45
 0.000000e+00 0.000000e+00 4.648000e-12 4.648000e-12 input46
 0.000000e+00 0.000000e+00 4.648000e-12 4.648000e-12 input48
 0.000000e+00 0.000000e+00 4.648000e-12 4.648000e-12 input49
 0.000000e+00 0.000000e+00 4.648000e-12 4.648000e-12 input50
 0.000000e+00 0.000000e+00 4.648000e-12 4.648000e-12 input51
 0.000000e+00 0.000000e+00 4.648000e-12 4.648000e-12 input52
 0.000000e+00 0.000000e+00 4.648000e-12 4.648000e-12 input53
 0.000000e+00 0.000000e+00 4.648000e-12 4.648000e-12 input54
 0.000000e+00 0.000000e+00 4.648000e-12 4.648000e-12 input9
 5.098577e-19 2.115392e-18 4.647486e-12 4.647489e-12 fanout1383
 1.581540e-15 1.083551e-14 4.629249e-12 4.641666e-12 input8
 2.090881e-16 8.308796e-16 4.540305e-12 4.541345e-12 input7
 8.974058e-19 3.899372e-18 4.325487e-12 4.325491e-12 fanout1365
 9.030466e-19 3.325220e-18 4.325487e-12 4.325491e-12 fanout1367
 2.252576e-16 1.257825e-15 4.191304e-12 4.192788e-12 input4
 2.206887e-16 1.223401e-15 4.130510e-12 4.131954e-12 input2
 2.268150e-16 1.087766e-15 4.070281e-12 4.071595e-12 input1
 1.917228e-16 1.220510e-15 4.033019e-12 4.034431e-12 input5
 8.977201e-17 7.407901e-17 1.181000e-12 1.181164e-12 input11
 6.425051e-17 8.144155e-17 1.181000e-12 1.181146e-12 input6
 0.000000e+00 0.000000e+00 1.181000e-12 1.181000e-12 input12
 0.000000e+00 0.000000e+00 1.181000e-12 1.181000e-12 input13
 0.000000e+00 0.000000e+00 1.181000e-12 1.181000e-12 input14
 0.000000e+00 0.000000e+00 1.181000e-12 1.181000e-12 input15
 0.000000e+00 0.000000e+00 1.181000e-12 1.181000e-12 input16
 0.000000e+00 0.000000e+00 1.181000e-12 1.181000e-12 input17
 0.000000e+00 0.000000e+00 1.181000e-12 1.181000e-12 input18
 0.000000e+00 0.000000e+00 1.181000e-12 1.181000e-12 input19
 0.000000e+00 0.000000e+00 1.181000e-12 1.181000e-12 input20
 0.000000e+00 0.000000e+00 1.181000e-12 1.181000e-12 input21
 0.000000e+00 0.000000e+00 1.181000e-12 1.181000e-12 input22
 0.000000e+00 0.000000e+00 1.181000e-12 1.181000e-12 input55
