     Internal    Switching      Leakage        Total
        Power        Power        Power        Power (Watts)
----------------------------------------------------
 8.866508e-07 1.693454e-06 1.224874e-11 2.580117e-06 clkbuf_0_core_clk
 3.168061e-07 1.580089e-06 1.111640e-11 1.896907e-06 clkbuf_0_v_clk
 4.397076e-07 1.004502e-06 7.176829e-12 1.444216e-06 clkbuf_4_7_0_core_clk
 2.608062e-07 1.177161e-06 1.100391e-11 1.437978e-06 clkbuf_0_w_clk
 4.391045e-07 9.817677e-07 7.176829e-12 1.420879e-06 clkbuf_4_0_0_core_clk
 4.385523e-07 9.620014e-07 7.176829e-12 1.400561e-06 clkbuf_4_2_0_core_clk
 4.361420e-07 8.743446e-07 7.176829e-12 1.310494e-06 clkbuf_4_5_0_core_clk
 4.358214e-07 8.623797e-07 7.176829e-12 1.298208e-06 clkbuf_4_3_0_core_clk
 4.358436e-07 8.621182e-07 7.176829e-12 1.297969e-06 clkbuf_4_14_0_core_clk
 4.356039e-07 8.533677e-07 7.176829e-12 1.288979e-06 clkbuf_4_15_0_core_clk
 4.351075e-07 8.352354e-07 7.176829e-12 1.270350e-06 clkbuf_4_13_0_core_clk
 4.348822e-07 8.283372e-07 7.176829e-12 1.263227e-06 clkbuf_4_4_0_core_clk
 4.347080e-07 8.221741e-07 7.176829e-12 1.256889e-06 clkbuf_4_6_0_core_clk
 4.342392e-07 8.035477e-07 7.176829e-12 1.237794e-06 clkbuf_4_11_0_core_clk
 4.334090e-07 7.741311e-07 7.176829e-12 1.207547e-06 clkbuf_4_1_0_core_clk
 4.333096e-07 7.697030e-07 7.176829e-12 1.203020e-06 clkbuf_4_9_0_core_clk
 4.329724e-07 7.575949e-07 7.176829e-12 1.190574e-06 clkbuf_4_8_0_core_clk
 4.327888e-07 7.506857e-07 7.176829e-12 1.183482e-06 clkbuf_4_12_0_core_clk
 4.325493e-07 7.419678e-07 7.176829e-12 1.174524e-06 clkbuf_4_10_0_core_clk
 8.696510e-07 2.980892e-07 1.232310e-11 1.167752e-06 clkbuf_0_clk
 3.114312e-07 8.014317e-07 1.111640e-11 1.112874e-06 clkbuf_3_6__f_v_clk
 8.545402e-07 2.414228e-07 1.232310e-11 1.095975e-06 clkbuf_1_0__f_clk
 3.112679e-07 7.354735e-07 1.111640e-11 1.046752e-06 clkbuf_3_4__f_v_clk
 3.110949e-07 6.608186e-07 1.111640e-11 9.719246e-07 clkbuf_3_7__f_v_clk
 3.109121e-07 6.413315e-07 1.111640e-11 9.522547e-07 clkbuf_3_3__f_v_clk
 8.396977e-07 1.031322e-07 1.232310e-11 9.428423e-07 clkbuf_1_1__f_clk
 3.108863e-07 6.280317e-07 1.111640e-11 9.389291e-07 clkbuf_3_1__f_v_clk
 3.108339e-07 6.010827e-07 1.111640e-11 9.119277e-07 clkbuf_3_0__f_v_clk
 3.104408e-07 5.815668e-07 1.111640e-11 8.920188e-07 clkbuf_3_2__f_v_clk
 3.102945e-07 5.746235e-07 1.111640e-11 8.849291e-07 clkbuf_3_5__f_v_clk
 4.178765e-07 4.432091e-07 8.305114e-12 8.610940e-07 u_icg
 2.568509e-07 5.612064e-07 1.100391e-11 8.180684e-07 clkbuf_3_6__f_w_clk
 2.557072e-07 4.603795e-07 1.100391e-11 7.160977e-07 clkbuf_3_0__f_w_clk
 2.551843e-07 4.486646e-07 1.100391e-11 7.038600e-07 clkbuf_3_7__f_w_clk
 2.551619e-07 4.464962e-07 1.100391e-11 7.016691e-07 clkbuf_3_1__f_w_clk
 2.550468e-07 4.453486e-07 1.100391e-11 7.004064e-07 clkbuf_3_3__f_w_clk
 6.380744e-08 5.954316e-07 4.482177e-12 6.592435e-07 fanout434
 9.491074e-08 5.615578e-07 7.002063e-12 6.564755e-07 fanout104
 2.529534e-07 3.915530e-07 1.100391e-11 6.445174e-07 clkbuf_3_5__f_w_clk
 2.763238e-07 3.644556e-07 8.846001e-12 6.407882e-07 u_icg_v
 2.525477e-07 3.822582e-07 1.100391e-11 6.348170e-07 clkbuf_3_2__f_w_clk
 2.522463e-07 3.732663e-07 1.100391e-11 6.255236e-07 clkbuf_3_4__f_w_clk
 2.591837e-07 2.945171e-07 8.896741e-12 5.537098e-07 u_icg_w
 6.549323e-08 4.657418e-07 4.480832e-12 5.312396e-07 hold6
 6.473942e-08 3.680105e-07 4.482177e-12 4.327544e-07 fanout405
 6.731342e-08 3.568193e-07 7.417285e-12 4.241402e-07 fanout156
 6.480679e-08 3.571878e-07 4.720667e-12 4.219993e-07 fanout276
 6.484937e-08 3.427229e-07 4.482177e-12 4.075768e-07 fanout422
 6.485540e-08 3.396927e-07 4.482177e-12 4.045526e-07 fanout409
 6.454220e-08 3.313297e-07 4.482177e-12 3.958764e-07 fanout416
 6.490954e-08 3.303025e-07 4.720667e-12 3.952167e-07 fanout291
 6.492709e-08 3.194695e-07 4.720667e-12 3.844013e-07 fanout282
 6.506772e-08 3.175576e-07 4.482177e-12 3.826298e-07 fanout417
 6.460229e-08 3.145204e-07 4.482177e-12 3.791272e-07 fanout433
 6.497742e-08 3.112323e-07 4.482177e-12 3.762142e-07 fanout408
 6.513221e-08 3.103810e-07 4.482177e-12 3.755177e-07 fanout403
 6.498998e-08 3.041218e-07 4.720667e-12 3.691165e-07 fanout274
 6.489634e-08 3.033439e-07 4.720667e-12 3.682449e-07 fanout289
 6.570139e-08 3.007556e-07 4.482177e-12 3.664615e-07 fanout428
 6.505671e-08 2.948478e-07 4.720667e-12 3.599092e-07 fanout293
 6.494332e-08 2.902012e-07 4.720667e-12 3.551492e-07 fanout285
 6.552293e-08 2.818931e-07 4.720667e-12 3.474207e-07 fanout281
 6.548051e-08 2.813295e-07 4.720667e-12 3.468147e-07 fanout288
 6.552861e-08 2.812374e-07 4.720667e-12 3.467707e-07 fanout279
 1.537371e-07 1.926700e-07 6.977780e-12 3.464141e-07 clkbuf_leaf_72_v_clk
 6.513028e-08 2.746099e-07 4.482177e-12 3.397446e-07 fanout425
 1.535767e-07 1.851882e-07 6.977780e-12 3.387719e-07 clkbuf_leaf_0_v_clk
 1.535163e-07 1.850978e-07 6.977780e-12 3.386211e-07 clkbuf_leaf_69_v_clk
 1.529453e-07 1.772475e-07 6.977780e-12 3.301997e-07 clkbuf_leaf_57_v_clk
 1.527298e-07 1.771830e-07 6.977780e-12 3.299198e-07 clkbuf_leaf_26_v_clk
 6.560611e-08 2.638209e-07 4.720667e-12 3.294318e-07 fanout280
 6.851338e-08 2.592491e-07 1.200644e-11 3.277745e-07 fanout372
 3.820104e-08 2.855799e-07 6.920039e-12 3.237879e-07 fanout201
 1.531656e-07 1.663126e-07 6.977780e-12 3.194851e-07 clkbuf_leaf_46_v_clk
 1.526339e-07 1.663894e-07 6.977780e-12 3.190303e-07 clkbuf_leaf_55_v_clk
 6.589544e-08 2.517348e-07 4.720667e-12 3.176350e-07 fanout287
 6.548893e-08 2.513469e-07 4.482177e-12 3.168403e-07 fanout411
 1.526120e-07 1.639732e-07 6.977780e-12 3.165922e-07 clkbuf_leaf_56_v_clk
 1.529250e-07 1.634587e-07 6.977780e-12 3.163906e-07 clkbuf_leaf_68_v_clk
 1.529305e-07 1.634212e-07 6.977780e-12 3.163587e-07 clkbuf_leaf_71_v_clk
 1.522776e-07 1.620578e-07 6.977780e-12 3.143425e-07 clkbuf_leaf_19_v_clk
 6.576666e-08 2.484866e-07 4.482177e-12 3.142578e-07 fanout399
 6.536271e-08 2.484325e-07 4.482177e-12 3.137997e-07 fanout419
 1.522963e-07 1.605253e-07 6.977780e-12 3.128286e-07 clkbuf_leaf_31_v_clk
 1.528538e-07 1.587241e-07 6.977780e-12 3.115850e-07 clkbuf_leaf_76_v_clk
 1.523915e-07 1.588571e-07 6.977780e-12 3.112556e-07 clkbuf_leaf_61_v_clk
 1.521856e-07 1.578429e-07 6.977780e-12 3.100355e-07 clkbuf_leaf_23_v_clk
 1.527475e-07 1.569395e-07 6.977780e-12 3.096941e-07 clkbuf_leaf_67_v_clk
 6.598572e-08 2.416958e-07 4.482177e-12 3.076860e-07 fanout429
 1.520898e-07 1.524444e-07 6.977780e-12 3.045412e-07 clkbuf_leaf_33_v_clk
 6.565724e-08 2.369402e-07 4.482177e-12 3.026019e-07 fanout414
 1.521851e-07 1.503582e-07 6.977780e-12 3.025502e-07 clkbuf_leaf_60_v_clk
 1.519767e-07 1.486307e-07 6.977780e-12 3.006144e-07 clkbuf_leaf_27_v_clk
 1.524119e-07 1.475715e-07 6.977780e-12 2.999904e-07 clkbuf_leaf_43_v_clk
 6.730840e-08 2.315660e-07 1.269173e-11 2.988871e-07 fanout360
 1.524511e-07 1.459960e-07 6.977780e-12 2.984540e-07 clkbuf_leaf_70_v_clk
 1.518503e-07 1.454069e-07 6.977780e-12 2.972642e-07 clkbuf_leaf_20_v_clk
 1.519865e-07 1.438284e-07 6.977780e-12 2.958219e-07 clkbuf_leaf_62_v_clk
 1.525151e-07 1.428973e-07 6.977780e-12 2.954194e-07 clkbuf_leaf_48_v_clk
 1.524898e-07 1.418483e-07 6.977780e-12 2.943451e-07 clkbuf_leaf_47_v_clk
 1.517553e-07 1.409192e-07 6.977780e-12 2.926816e-07 clkbuf_leaf_25_v_clk
 1.517599e-07 1.408620e-07 6.977780e-12 2.926290e-07 clkbuf_leaf_24_v_clk
 1.521592e-07 1.404420e-07 6.977780e-12 2.926082e-07 clkbuf_leaf_39_v_clk
 6.600571e-08 2.248927e-07 4.482177e-12 2.909029e-07 fanout406
 1.523567e-07 1.372006e-07 6.977780e-12 2.895644e-07 clkbuf_leaf_49_v_clk
 1.523152e-07 1.358076e-07 6.977780e-12 2.881297e-07 clkbuf_leaf_52_v_clk
 1.520365e-07 1.351625e-07 6.977780e-12 2.872060e-07 clkbuf_leaf_37_v_clk
 1.521535e-07 1.334084e-07 6.977780e-12 2.855690e-07 clkbuf_leaf_2_v_clk
 1.521749e-07 1.322091e-07 6.977780e-12 2.843910e-07 clkbuf_leaf_6_v_clk
 1.515736e-07 1.325705e-07 6.977780e-12 2.841510e-07 clkbuf_leaf_32_v_clk
 1.520224e-07 1.320984e-07 6.977780e-12 2.841278e-07 clkbuf_leaf_13_v_clk
 1.521702e-07 1.305513e-07 6.977780e-12 2.827285e-07 clkbuf_leaf_51_v_clk
 1.516362e-07 1.307811e-07 6.977780e-12 2.824243e-07 clkbuf_leaf_64_v_clk
 1.520311e-07 1.303258e-07 6.977780e-12 2.823639e-07 clkbuf_leaf_73_v_clk
 1.516656e-07 1.296222e-07 6.977780e-12 2.812949e-07 clkbuf_leaf_58_v_clk
 1.520715e-07 1.287213e-07 6.977780e-12 2.807998e-07 clkbuf_leaf_4_v_clk
 1.521117e-07 1.283461e-07 6.977780e-12 2.804648e-07 clkbuf_leaf_50_v_clk
 1.518404e-07 1.274239e-07 6.977780e-12 2.792713e-07 clkbuf_leaf_36_v_clk
 1.519997e-07 1.259399e-07 6.977780e-12 2.779465e-07 clkbuf_leaf_5_v_clk
 1.519311e-07 1.252675e-07 6.977780e-12 2.772056e-07 clkbuf_leaf_1_v_clk
 1.519281e-07 1.249713e-07 6.977780e-12 2.769064e-07 clkbuf_leaf_79_v_clk
 1.266081e-07 1.502115e-07 6.958006e-12 2.768266e-07 clkbuf_leaf_25_w_clk
 1.518724e-07 1.228981e-07 6.977780e-12 2.747774e-07 clkbuf_leaf_78_v_clk
 1.513105e-07 1.231887e-07 6.977780e-12 2.745062e-07 clkbuf_leaf_28_v_clk
 1.518567e-07 1.225365e-07 6.977780e-12 2.744002e-07 clkbuf_leaf_75_v_clk
 1.516308e-07 1.211620e-07 6.977780e-12 2.727998e-07 clkbuf_leaf_41_v_clk
 1.512079e-07 1.202927e-07 6.977780e-12 2.715075e-07 clkbuf_leaf_21_v_clk
 1.268024e-07 1.434830e-07 6.958006e-12 2.702924e-07 clkbuf_leaf_46_w_clk
 1.514642e-07 1.170637e-07 6.977780e-12 2.685350e-07 clkbuf_leaf_15_v_clk
 1.513431e-07 1.164252e-07 6.977780e-12 2.677753e-07 clkbuf_leaf_38_v_clk
 1.267248e-07 1.407968e-07 6.958006e-12 2.675285e-07 clkbuf_leaf_48_w_clk
 1.512853e-07 1.152765e-07 6.977780e-12 2.665689e-07 clkbuf_leaf_35_v_clk
 1.513920e-07 1.145552e-07 6.977780e-12 2.659542e-07 clkbuf_leaf_3_v_clk
 1.511824e-07 1.140139e-07 6.977780e-12 2.652033e-07 clkbuf_leaf_34_v_clk
 1.511597e-07 1.136061e-07 6.977780e-12 2.647728e-07 clkbuf_leaf_16_v_clk
 1.510725e-07 1.126821e-07 6.977780e-12 2.637615e-07 clkbuf_leaf_44_v_clk
 1.508169e-07 1.127629e-07 6.977780e-12 2.635868e-07 clkbuf_leaf_59_v_clk
 1.512285e-07 1.120179e-07 6.977780e-12 2.632534e-07 clkbuf_leaf_53_v_clk
 1.262147e-07 1.351494e-07 6.958006e-12 2.613711e-07 clkbuf_leaf_13_w_clk
 1.505444e-07 1.099969e-07 6.977780e-12 2.605483e-07 clkbuf_leaf_63_v_clk
 1.261597e-07 1.338508e-07 6.958006e-12 2.600175e-07 clkbuf_leaf_32_w_clk
 1.506647e-07 1.087157e-07 6.977780e-12 2.593874e-07 clkbuf_leaf_42_v_clk
 1.260724e-07 1.306117e-07 6.958006e-12 2.566910e-07 clkbuf_leaf_30_w_clk
 1.257166e-07 1.308309e-07 6.958006e-12 2.565545e-07 clkbuf_leaf_34_w_clk
 1.501352e-07 1.063641e-07 6.977780e-12 2.565063e-07 clkbuf_leaf_30_v_clk
 1.260440e-07 1.298307e-07 6.958006e-12 2.558817e-07 clkbuf_leaf_26_w_clk
 1.504685e-07 1.047848e-07 6.977780e-12 2.552603e-07 clkbuf_leaf_74_v_clk
 2.969536e-08 2.252043e-07 7.375877e-12 2.549070e-07 fanout230
 1.503673e-07 1.044256e-07 6.977780e-12 2.547999e-07 clkbuf_leaf_17_v_clk
 1.504792e-07 1.039267e-07 6.977780e-12 2.544129e-07 clkbuf_leaf_8_v_clk
 1.503397e-07 1.039914e-07 6.977780e-12 2.543381e-07 clkbuf_leaf_14_v_clk
 1.263637e-07 1.276894e-07 6.958006e-12 2.540602e-07 clkbuf_leaf_50_w_clk
 1.502149e-07 1.034081e-07 6.977780e-12 2.536300e-07 clkbuf_leaf_40_v_clk
 1.259760e-07 1.272258e-07 6.958006e-12 2.532088e-07 clkbuf_leaf_28_w_clk
 1.259630e-07 1.267766e-07 6.958006e-12 2.527465e-07 clkbuf_leaf_54_w_clk
 1.501806e-07 1.004977e-07 6.977780e-12 2.506853e-07 clkbuf_leaf_10_v_clk
 1.262489e-07 1.237369e-07 6.958006e-12 2.499928e-07 clkbuf_leaf_47_w_clk
 3.649431e-08 2.134259e-07 4.368788e-12 2.499246e-07 fanout277
 1.258715e-07 1.234281e-07 6.958006e-12 2.493066e-07 clkbuf_leaf_33_w_clk
 1.261950e-07 1.217910e-07 6.958006e-12 2.479930e-07 clkbuf_leaf_45_w_clk
 1.495358e-07 9.704769e-08 6.977780e-12 2.465905e-07 clkbuf_leaf_54_v_clk
 1.497452e-07 9.545580e-08 6.977780e-12 2.452080e-07 clkbuf_leaf_9_v_clk
 1.496177e-07 9.530635e-08 6.977780e-12 2.449311e-07 clkbuf_leaf_12_v_clk
 1.495420e-07 9.366140e-08 6.977780e-12 2.432104e-07 clkbuf_leaf_77_v_clk
 1.495150e-07 9.279314e-08 6.977780e-12 2.423151e-07 clkbuf_leaf_7_v_clk
 1.259930e-07 1.145270e-07 6.958006e-12 2.405270e-07 clkbuf_leaf_49_w_clk
 1.487125e-07 8.959797e-08 6.977780e-12 2.383174e-07 clkbuf_leaf_29_v_clk
 5.521850e-08 1.829133e-07 1.110380e-11 2.381429e-07 fanout334
 3.420176e-08 2.033669e-07 4.794013e-12 2.375734e-07 fanout225
 1.258936e-07 1.109189e-07 6.958006e-12 2.368194e-07 clkbuf_leaf_51_w_clk
 1.255026e-07 1.100095e-07 6.958006e-12 2.355191e-07 clkbuf_leaf_29_w_clk
 1.257503e-07 1.089473e-07 6.958006e-12 2.347046e-07 clkbuf_leaf_38_w_clk
 1.487724e-07 8.580099e-08 6.977780e-12 2.345803e-07 clkbuf_leaf_18_v_clk
 1.254693e-07 1.088349e-07 6.958006e-12 2.343112e-07 clkbuf_leaf_2_w_clk
 1.253958e-07 1.084346e-07 6.958006e-12 2.338373e-07 clkbuf_leaf_63_w_clk
 1.485601e-07 8.311001e-08 6.977780e-12 2.316771e-07 clkbuf_leaf_11_v_clk
 1.254007e-07 1.062137e-07 6.958006e-12 2.316214e-07 clkbuf_leaf_56_w_clk
 1.256350e-07 1.048865e-07 6.958006e-12 2.305285e-07 clkbuf_leaf_42_w_clk
 1.253385e-07 1.042749e-07 6.958006e-12 2.296204e-07 clkbuf_leaf_27_w_clk
 3.655052e-08 1.927996e-07 3.940924e-12 2.293540e-07 fanout412
 1.253152e-07 1.032519e-07 6.958006e-12 2.285741e-07 clkbuf_leaf_31_w_clk
 1.255630e-07 1.022202e-07 6.958006e-12 2.277901e-07 clkbuf_leaf_39_w_clk
 1.251998e-07 1.010817e-07 6.958006e-12 2.262884e-07 clkbuf_leaf_61_w_clk
 1.255068e-07 9.858195e-08 6.958006e-12 2.240957e-07 clkbuf_leaf_9_w_clk
 1.248514e-07 9.878595e-08 6.958006e-12 2.236443e-07 clkbuf_leaf_22_w_clk
 1.250330e-07 9.732906e-08 6.958006e-12 2.223690e-07 clkbuf_leaf_1_w_clk
 1.252527e-07 9.612940e-08 6.958006e-12 2.213891e-07 clkbuf_leaf_37_w_clk
 1.246775e-07 9.642453e-08 6.958006e-12 2.211089e-07 clkbuf_leaf_23_w_clk
 1.245323e-07 9.478562e-08 6.958006e-12 2.193249e-07 clkbuf_leaf_35_w_clk
 1.248041e-07 9.409847e-08 6.958006e-12 2.189095e-07 clkbuf_leaf_55_w_clk
 1.246850e-07 9.333878e-08 6.958006e-12 2.180307e-07 clkbuf_leaf_58_w_clk
 1.247067e-07 9.293220e-08 6.958006e-12 2.176459e-07 clkbuf_leaf_57_w_clk
 1.246277e-07 9.195731e-08 6.958006e-12 2.165920e-07 clkbuf_leaf_14_w_clk
 3.669090e-08 1.792081e-07 4.368788e-12 2.159033e-07 fanout290
 2.960160e-08 1.862482e-07 7.302554e-12 2.158571e-07 fanout340
 1.242619e-07 9.156213e-08 6.958006e-12 2.158310e-07 clkbuf_leaf_24_w_clk
 1.242222e-07 9.110991e-08 6.958006e-12 2.153391e-07 clkbuf_leaf_19_w_clk
 1.239798e-07 8.832000e-08 6.958006e-12 2.123067e-07 clkbuf_leaf_18_w_clk
 2.930387e-08 1.827105e-07 7.346136e-12 2.120217e-07 fanout226
 1.241733e-07 8.676990e-08 6.958006e-12 2.109501e-07 clkbuf_leaf_12_w_clk
 1.243883e-07 8.650284e-08 6.958006e-12 2.108981e-07 clkbuf_leaf_41_w_clk
 2.844338e-08 1.808633e-07 6.905248e-12 2.093136e-07 fanout490
 1.238212e-07 8.350800e-08 6.958006e-12 2.073361e-07 clkbuf_leaf_64_w_clk
 2.962700e-08 1.776572e-07 6.908175e-12 2.072911e-07 fanout155
 1.238365e-07 8.286069e-08 6.958006e-12 2.067042e-07 clkbuf_leaf_4_w_clk
 3.433022e-08 1.713349e-07 4.794013e-12 2.056699e-07 fanout223
 1.239165e-07 8.080882e-08 6.958006e-12 2.047323e-07 clkbuf_leaf_6_w_clk
 1.233126e-07 8.046726e-08 6.958006e-12 2.037868e-07 clkbuf_leaf_20_w_clk
 1.235294e-07 8.008845e-08 6.958006e-12 2.036248e-07 clkbuf_leaf_62_w_clk
 1.237794e-07 7.925703e-08 6.958006e-12 2.030434e-07 clkbuf_leaf_8_w_clk
 1.232283e-07 7.950351e-08 6.958006e-12 2.027388e-07 clkbuf_leaf_21_w_clk
 1.237122e-07 7.851109e-08 6.958006e-12 2.022302e-07 clkbuf_leaf_10_w_clk
 1.234639e-07 7.873343e-08 6.958006e-12 2.022043e-07 clkbuf_leaf_15_w_clk
 1.233986e-07 7.867964e-08 6.958006e-12 2.020852e-07 clkbuf_leaf_0_w_clk
 1.232321e-07 7.673021e-08 6.958006e-12 1.999693e-07 clkbuf_leaf_59_w_clk
 1.233641e-07 7.464828e-08 6.958006e-12 1.980193e-07 clkbuf_leaf_11_w_clk
 1.231894e-07 7.311861e-08 6.958006e-12 1.963149e-07 clkbuf_leaf_44_w_clk
 1.232050e-07 7.290814e-08 6.958006e-12 1.961201e-07 clkbuf_leaf_7_w_clk
 3.439848e-08 1.600033e-07 4.794013e-12 1.944066e-07 fanout219
 3.424123e-08 1.601327e-07 7.100460e-12 1.943810e-07 fanout510
 3.558401e-08 1.560893e-07 7.053239e-12 1.916804e-07 fanout701
 3.664755e-08 1.548842e-07 3.940924e-12 1.915357e-07 fanout410
 3.698708e-08 1.481930e-07 4.368788e-12 1.851844e-07 fanout284
 1.217140e-07 5.935838e-08 6.958006e-12 1.810793e-07 clkbuf_leaf_60_w_clk
 3.447869e-08 1.425838e-07 7.100460e-12 1.770696e-07 fanout511
 3.553844e-08 1.411222e-07 7.055770e-12 1.766677e-07 fanout234
 2.820536e-08 1.440035e-07 7.474432e-12 1.722163e-07 hold29
 3.039672e-08 1.385892e-07 7.359108e-12 1.689933e-07 fanout348
 3.023690e-08 1.370871e-07 7.077126e-12 1.673311e-07 fanout339
 3.016737e-08 1.356732e-07 7.165636e-12 1.658477e-07 fanout237
 3.557404e-08 1.270623e-07 7.053239e-12 1.626434e-07 fanout698
 3.024851e-08 1.320506e-07 7.214044e-12 1.623063e-07 fanout239
 3.664889e-08 1.245093e-07 3.940924e-12 1.611621e-07 fanout424
 2.715142e-08 1.317548e-07 7.406803e-12 1.589136e-07 fanout361
 3.533617e-08 1.213928e-07 7.048652e-12 1.567360e-07 fanout691
 3.672661e-08 1.190223e-07 3.940924e-12 1.557528e-07 fanout404
 1.553099e-07 0.000000e+00 6.788899e-12 1.553167e-07 clkload12
 1.552687e-07 0.000000e+00 6.788899e-12 1.552755e-07 clkload8
 1.551696e-07 0.000000e+00 6.788899e-12 1.551764e-07 clkload2
 1.549806e-07 0.000000e+00 6.788899e-12 1.549874e-07 clkload11
 1.547989e-07 0.000000e+00 6.788899e-12 1.548057e-07 clkload13
 1.547046e-07 0.000000e+00 6.788899e-12 1.547114e-07 clkload15
 1.633463e-08 1.366780e-07 4.836568e-12 1.530175e-07 fanout151
 3.042046e-08 1.206201e-07 7.020572e-12 1.510476e-07 fanout354
 1.422234e-07 0.000000e+00 6.977780e-12 1.422304e-07 clkload93
 1.422202e-07 0.000000e+00 6.977780e-12 1.422272e-07 clkload96
 1.421625e-07 0.000000e+00 6.977780e-12 1.421695e-07 clkload94
 1.421226e-07 0.000000e+00 6.977780e-12 1.421296e-07 clkload92
 1.421223e-07 0.000000e+00 6.977780e-12 1.421293e-07 clkload135
 1.421107e-07 0.000000e+00 6.977780e-12 1.421176e-07 clkload100
 1.419982e-07 0.000000e+00 6.977780e-12 1.420052e-07 clkload99
 1.419874e-07 0.000000e+00 6.977780e-12 1.419944e-07 clkload131
 1.419734e-07 0.000000e+00 6.977780e-12 1.419803e-07 clkload133
 1.418861e-07 0.000000e+00 6.977780e-12 1.418931e-07 clkload117
 1.418550e-07 0.000000e+00 6.977780e-12 1.418620e-07 clkload113
 1.418478e-07 0.000000e+00 6.977780e-12 1.418548e-07 clkload109
 1.418307e-07 0.000000e+00 6.977780e-12 1.418376e-07 clkload138
 1.418196e-07 0.000000e+00 6.977780e-12 1.418266e-07 clkload107
 1.417819e-07 0.000000e+00 6.977780e-12 1.417888e-07 clkload108
 1.417663e-07 0.000000e+00 6.977780e-12 1.417733e-07 clkload82
 2.714648e-08 1.135357e-07 7.406803e-12 1.406896e-07 fanout362
 2.354592e-08 1.165898e-07 7.409651e-12 1.401432e-07 fanout231
 3.187562e-08 1.080304e-07 1.378245e-11 1.399198e-07 fanout327
 2.629067e-08 9.991054e-08 6.999611e-12 1.262082e-07 fanout688
 1.790344e-08 1.081131e-07 4.676768e-12 1.260212e-07 fanout515
 2.575748e-08 9.718274e-08 6.999611e-12 1.229472e-07 fanout683
 2.184039e-08 1.009887e-07 7.436387e-12 1.228365e-07 fanout177
 1.741434e-08 1.045804e-07 4.524833e-12 1.219993e-07 fanout638
 1.895083e-08 1.006235e-07 7.436307e-12 1.195818e-07 fanout382
 1.929620e-08 9.960768e-08 7.442635e-12 1.189113e-07 fanout369
 2.239017e-08 9.608100e-08 7.418827e-12 1.184786e-07 fanout244
 1.171080e-07 0.000000e+00 6.958006e-12 1.171149e-07 clkload35
 1.169575e-07 0.000000e+00 6.958006e-12 1.169645e-07 clkload25
 1.169040e-07 0.000000e+00 6.958006e-12 1.169109e-07 clkload36
 1.167924e-07 0.000000e+00 6.958006e-12 1.167993e-07 clkload63
 1.167708e-07 0.000000e+00 6.958006e-12 1.167778e-07 clkload58
 1.746720e-08 9.650829e-08 6.945588e-12 1.139824e-07 fanout251
 2.418938e-08 8.887119e-08 7.071906e-12 1.130676e-07 fanout517
 6.034387e-09 1.047372e-07 2.813223e-12 1.107744e-07 _07960_
 1.327799e-08 9.738906e-08 4.602817e-12 1.106716e-07 fanout143
 2.191595e-08 8.779219e-08 7.418827e-12 1.097156e-07 fanout243
 2.672511e-08 8.260189e-08 7.010763e-12 1.093340e-07 fanout678
 1.563019e-08 9.324280e-08 6.932062e-12 1.088799e-07 fanout208
 2.638588e-08 8.245694e-08 7.380069e-12 1.088502e-07 fanout493
 1.739848e-08 9.112905e-08 4.676768e-12 1.085322e-07 fanout512
 1.734153e-08 9.084499e-08 4.524833e-12 1.081910e-07 fanout641
 1.734734e-08 8.937526e-08 4.524833e-12 1.067271e-07 fanout644
 1.660535e-08 8.922274e-08 4.836568e-12 1.058329e-07 fanout145
 2.594583e-08 7.946976e-08 7.368916e-12 1.054230e-07 fanout506
 1.745115e-08 8.518003e-08 6.945588e-12 1.026381e-07 fanout253
 1.864247e-08 8.348075e-08 7.393673e-12 1.021306e-07 fanout190
 1.737681e-08 8.463052e-08 4.676768e-12 1.020120e-07 fanout514
 1.315272e-08 8.885046e-08 4.762483e-12 1.020079e-07 fanout690
 1.736882e-08 8.420313e-08 4.524833e-12 1.015765e-07 fanout639
 1.747192e-08 8.326326e-08 4.524833e-12 1.007397e-07 fanout640
 1.396212e-08 8.668156e-08 4.596363e-12 1.006483e-07 fanout157
 1.919783e-08 7.924206e-08 6.937045e-12 9.844682e-08 fanout371
 1.392821e-08 8.440610e-08 4.842686e-12 9.833916e-08 fanout471
 1.222679e-08 8.556807e-08 4.500564e-12 9.779936e-08 fanout637
 1.931347e-08 7.774914e-08 7.438205e-12 9.707005e-08 fanout385
 1.739874e-08 7.929555e-08 4.524833e-12 9.669882e-08 fanout645
 1.739037e-08 7.894214e-08 4.524833e-12 9.633703e-08 fanout649
 1.966497e-08 7.623876e-08 7.438205e-12 9.591117e-08 fanout386
 1.548040e-08 8.040370e-08 4.744667e-12 9.588885e-08 fanout350
 1.762844e-08 7.719797e-08 4.524833e-12 9.483094e-08 fanout647
 1.335878e-08 8.090087e-08 4.602817e-12 9.426425e-08 fanout140
 1.225034e-08 7.958512e-08 4.500564e-12 9.183996e-08 fanout636
 2.087208e-08 7.026557e-08 7.432985e-12 9.114508e-08 fanout343
 1.317164e-08 7.657567e-08 4.753004e-12 8.975206e-08 fanout667
 1.390800e-08 7.583485e-08 6.930876e-12 8.974977e-08 fanout182
 1.324517e-08 7.577415e-08 4.602817e-12 8.902393e-08 fanout137
 1.759797e-08 7.102458e-08 4.524833e-12 8.862708e-08 fanout648
 1.372976e-08 7.393073e-08 6.930876e-12 8.766742e-08 fanout183
 1.403952e-08 7.215512e-08 4.358915e-12 8.619899e-08 fanout442
 1.326610e-08 7.261438e-08 4.439118e-12 8.588493e-08 fanout492
 1.332458e-08 7.166741e-08 4.753004e-12 8.499674e-08 fanout661
 1.077939e-08 7.393776e-08 4.779021e-12 8.472193e-08 fanout326
 1.400123e-08 7.054534e-08 4.842686e-12 8.455142e-08 fanout480
 1.557783e-08 6.881049e-08 4.580229e-12 8.439290e-08 fanout238
 1.537871e-08 6.723323e-08 4.621372e-12 8.261656e-08 fanout236
 1.551265e-08 6.627868e-08 4.744667e-12 8.179607e-08 fanout353
 1.494839e-08 6.600848e-08 6.944164e-12 8.096381e-08 fanout187
 1.821703e-08 6.234274e-08 7.447223e-12 8.056723e-08 fanout364
 8.024935e-08 0.000000e+00 4.028655e-12 8.025338e-08 clkload4
 1.328555e-08 6.604412e-08 4.602817e-12 7.933428e-08 fanout139
 1.416433e-08 6.495135e-08 4.358915e-12 7.912004e-08 fanout453
 1.426787e-08 6.469453e-08 4.358915e-12 7.896676e-08 fanout448
 1.416079e-08 6.295883e-08 4.814248e-12 7.712443e-08 fanout395
 1.404406e-08 6.222560e-08 4.387352e-12 7.627404e-08 fanout392
 1.331450e-08 6.264021e-08 4.753004e-12 7.595946e-08 fanout654
 1.407431e-08 6.146101e-08 4.814248e-12 7.554014e-08 fanout99
 1.322274e-08 6.146804e-08 4.753004e-12 7.469554e-08 fanout675
 1.404579e-08 5.970811e-08 4.842686e-12 7.375874e-08 fanout476
 7.328503e-08 0.000000e+00 4.781038e-12 7.328981e-08 clkload88
 7.327483e-08 0.000000e+00 4.781038e-12 7.327961e-08 clkload98
 7.325204e-08 0.000000e+00 4.781038e-12 7.325682e-08 clkload132
 7.324883e-08 0.000000e+00 4.781038e-12 7.325361e-08 clkload89
 7.324142e-08 0.000000e+00 4.781038e-12 7.324621e-08 clkload90
 7.324086e-08 0.000000e+00 4.781038e-12 7.324564e-08 clkload97
 7.322338e-08 0.000000e+00 4.781038e-12 7.322816e-08 clkload134
 7.321158e-08 0.000000e+00 4.781038e-12 7.321636e-08 clkload119
 7.317768e-08 0.000000e+00 4.781038e-12 7.318246e-08 clkload127
 7.316505e-08 0.000000e+00 4.781038e-12 7.316984e-08 clkload103
 7.313939e-08 0.000000e+00 4.781038e-12 7.314417e-08 clkload123
 7.312405e-08 0.000000e+00 4.781038e-12 7.312883e-08 clkload83
 1.419512e-08 5.833833e-08 4.358915e-12 7.253781e-08 fanout452
 1.323020e-08 5.926623e-08 4.753004e-12 7.250119e-08 fanout677
 1.410296e-08 5.800679e-08 4.358915e-12 7.211410e-08 fanout460
 1.416165e-08 5.780209e-08 4.842686e-12 7.196859e-08 fanout479
 1.406556e-08 5.776796e-08 4.358915e-12 7.183788e-08 fanout443
 1.232998e-08 5.936105e-08 4.500564e-12 7.169553e-08 fanout631
 1.406485e-08 5.716178e-08 4.387352e-12 7.123101e-08 fanout391
 1.376683e-08 5.728954e-08 7.448805e-12 7.106381e-08 fanout312
 1.415956e-08 5.671327e-08 4.358915e-12 7.087719e-08 fanout437
 1.451105e-08 5.606194e-08 4.388596e-12 7.057739e-08 fanout86
 1.410296e-08 5.584504e-08 4.387352e-12 6.995238e-08 fanout106
 9.775246e-09 6.007910e-08 4.427555e-12 6.985877e-08 fanout114
 9.484476e-09 5.932085e-08 4.774046e-12 6.881010e-08 fanout198
 1.345839e-08 5.507951e-08 4.762483e-12 6.854266e-08 fanout680
 1.340920e-08 5.486437e-08 4.753004e-12 6.827833e-08 fanout655
 1.059311e-08 5.767691e-08 4.779021e-12 6.827481e-08 fanout322
 1.325453e-08 5.498755e-08 4.448597e-12 6.824653e-08 fanout497
 1.418270e-08 5.334477e-08 4.842686e-12 6.753232e-08 fanout477
 1.429045e-08 5.302847e-08 4.388596e-12 6.732331e-08 fanout83
 1.236729e-08 5.484143e-08 4.701037e-12 6.721342e-08 fanout518
 9.224290e-09 5.796449e-08 6.900502e-12 6.719568e-08 fanout144
 9.478166e-09 5.762587e-08 4.385941e-12 6.710842e-08 fanout368
 9.493140e-09 5.744415e-08 4.774046e-12 6.694206e-08 fanout194
 1.430067e-08 5.227870e-08 4.358915e-12 6.658372e-08 fanout439
 1.403443e-08 5.204864e-08 4.358915e-12 6.608742e-08 fanout456
 1.430482e-08 5.146702e-08 4.358915e-12 6.577619e-08 fanout440
 1.330021e-08 5.240442e-08 4.753004e-12 6.570938e-08 fanout671
 1.054167e-08 5.500629e-08 4.779021e-12 6.555273e-08 fanout324
 1.331357e-08 5.152384e-08 4.753004e-12 6.484217e-08 fanout673
 1.334217e-08 5.067676e-08 4.602817e-12 6.402352e-08 fanout141
 1.052925e-08 5.280534e-08 4.779021e-12 6.333936e-08 fanout321
 1.431561e-08 4.896204e-08 4.814248e-12 6.328246e-08 fanout101
 1.333379e-08 4.965858e-08 4.762483e-12 6.299714e-08 fanout686
 9.482435e-09 5.247271e-08 4.427555e-12 6.195957e-08 fanout112
 1.063632e-08 5.089112e-08 4.779021e-12 6.153222e-08 fanout320
 9.483672e-09 5.190057e-08 4.774046e-12 6.138902e-08 fanout195
 1.341081e-08 4.724986e-08 4.753004e-12 6.066541e-08 fanout670
 6.044289e-08 0.000000e+00 4.797845e-12 6.044769e-08 clkload38
 6.042632e-08 0.000000e+00 4.797845e-12 6.043111e-08 clkload37
 6.040507e-08 0.000000e+00 4.797845e-12 6.040987e-08 clkload30
 6.036753e-08 0.000000e+00 4.797845e-12 6.037232e-08 clkload41
 6.033860e-08 0.000000e+00 4.797845e-12 6.034340e-08 clkload50
 6.032268e-08 0.000000e+00 4.797845e-12 6.032748e-08 clkload29
 6.032264e-08 0.000000e+00 4.797845e-12 6.032744e-08 clkload49
 6.026269e-08 0.000000e+00 4.797845e-12 6.026749e-08 clkload40
 6.023096e-08 0.000000e+00 4.797845e-12 6.023576e-08 clkload60
 5.993225e-08 0.000000e+00 4.797845e-12 5.993704e-08 clkload22
 5.991656e-08 0.000000e+00 4.797845e-12 5.992135e-08 clkload16
 9.528729e-09 4.987367e-08 4.774046e-12 5.940717e-08 fanout192
 8.474853e-09 4.880881e-08 6.907542e-12 5.729057e-08 fanout134
 9.539174e-09 4.764887e-08 4.774046e-12 5.719282e-08 fanout191
 9.504348e-09 4.705149e-08 4.774046e-12 5.656061e-08 fanout197
 8.710556e-09 4.683805e-08 7.472138e-12 5.555608e-08 fanout132
 9.530302e-09 4.364275e-08 4.774046e-12 5.317782e-08 fanout193
 8.781680e-09 4.410542e-08 4.116834e-12 5.289122e-08 fanout241
 8.094182e-09 4.439067e-08 4.382713e-12 5.248924e-08 fanout328
 8.339545e-09 4.408767e-08 4.798316e-12 5.243201e-08 fanout215
 1.031096e-08 4.105613e-08 4.039041e-12 5.137113e-08 fanout261
 8.948401e-09 4.134894e-08 4.808400e-12 5.030214e-08 fanout249
 1.001234e-08 4.023352e-08 4.039765e-12 5.024991e-08 fanout270
 1.081865e-08 3.785122e-08 4.025653e-12 4.867390e-08 fanout262
 8.311854e-09 3.994166e-08 4.798316e-12 4.825831e-08 fanout211
 8.732198e-09 3.946991e-08 3.895636e-12 4.820601e-08 fanout349
 8.951424e-09 3.822730e-08 4.808400e-12 4.718353e-08 fanout252
 9.282005e-09 3.741413e-08 4.065575e-12 4.670019e-08 fanout264
 9.594991e-09 3.655389e-08 4.086199e-12 4.615296e-08 fanout265
 1.021244e-08 3.575245e-08 4.049051e-12 4.596894e-08 fanout271
 7.914292e-09 3.787493e-08 3.722017e-12 4.579295e-08 fanout98
 1.001543e-08 3.577118e-08 4.049896e-12 4.579066e-08 fanout269
 8.371249e-09 3.707268e-08 4.798316e-12 4.544873e-08 fanout214
 9.064291e-09 3.604151e-08 3.977289e-12 4.510978e-08 fanout266
 6.227863e-09 3.870717e-08 7.487404e-12 4.494252e-08 fanout135
 7.938260e-09 3.662428e-08 4.587695e-12 4.456713e-08 fanout482
 7.972809e-09 3.643220e-08 3.722017e-12 4.440873e-08 fanout97
 9.596331e-09 3.461879e-08 4.049293e-12 4.421917e-08 fanout268
 9.505086e-09 3.465306e-08 4.084873e-12 4.416223e-08 fanout267
 8.925076e-09 3.465525e-08 4.393201e-12 4.358472e-08 fanout246
 1.392048e-08 2.944740e-08 4.358915e-12 4.337224e-08 fanout465
 7.474728e-09 3.515195e-08 4.426801e-12 4.263110e-08 fanout674
 8.011990e-09 3.405249e-08 4.587695e-12 4.206907e-08 fanout487
 7.924450e-09 3.320281e-08 3.719787e-12 4.113098e-08 fanout444
 8.020224e-09 3.256819e-08 3.722017e-12 4.059213e-08 fanout89
 7.910046e-09 3.131860e-08 4.587695e-12 3.923323e-08 fanout473
 7.962072e-09 3.117086e-08 4.587695e-12 3.913752e-08 fanout484
 7.924560e-09 3.109783e-08 3.722017e-12 3.902611e-08 fanout90
 7.985644e-09 3.080203e-08 3.722017e-12 3.879140e-08 fanout96
 7.976215e-09 2.991208e-08 3.722017e-12 3.789201e-08 fanout92
 8.852706e-09 2.885501e-08 3.954493e-12 3.771167e-08 fanout263
 7.961798e-09 2.939768e-08 3.719787e-12 3.736320e-08 fanout441
 7.943954e-09 2.903915e-08 3.722017e-12 3.698683e-08 fanout87
 8.031682e-09 2.841291e-08 4.536677e-12 3.644913e-08 fanout102
 7.922563e-09 2.774865e-08 4.587695e-12 3.567580e-08 fanout467
 7.959295e-09 2.768263e-08 3.719787e-12 3.564564e-08 fanout436
 7.939861e-09 2.727517e-08 3.719787e-12 3.521875e-08 fanout449
 7.928360e-09 2.725548e-08 3.770804e-12 3.518761e-08 fanout393
 7.980199e-09 2.708506e-08 4.536677e-12 3.506979e-08 fanout103
 5.987774e-09 2.854333e-08 4.473477e-12 3.453558e-08 fanout323
 7.970960e-09 2.655061e-08 3.722017e-12 3.452529e-08 fanout94
 1.702717e-09 3.058828e-08 6.164676e-12 3.229716e-08 _14472_
 7.489735e-09 2.438085e-08 3.880680e-12 3.187446e-08 fanout499
 7.982410e-09 2.368297e-08 4.536677e-12 3.166992e-08 fanout100
 3.023455e-08 0.000000e+00 2.663497e-12 3.023721e-08 clkload125
 3.020307e-08 0.000000e+00 2.663497e-12 3.020573e-08 clkload78
 3.010025e-08 0.000000e+00 2.663497e-12 3.010291e-08 clkload102
 2.980980e-08 0.000000e+00 2.663497e-12 2.981247e-08 clkload118
 2.966487e-08 0.000000e+00 2.663497e-12 2.966753e-08 clkload120
 2.962431e-08 0.000000e+00 2.663497e-12 2.962698e-08 clkload86
 2.921055e-08 0.000000e+00 2.663497e-12 2.921322e-08 clkload72
 6.015698e-09 2.293789e-08 7.493731e-12 2.896108e-08 fanout176
 5.026332e-09 2.358011e-08 7.494997e-12 2.861394e-08 fanout178
 4.688173e-09 2.322304e-08 4.508092e-12 2.791572e-08 fanout216
 2.673025e-08 0.000000e+00 1.567550e-12 2.673182e-08 clkload0
 2.453833e-08 0.000000e+00 2.527877e-12 2.454085e-08 clkload34
 2.441759e-08 0.000000e+00 2.527877e-12 2.442011e-08 clkload62
 2.438898e-08 0.000000e+00 2.527877e-12 2.439150e-08 clkload31
 2.431190e-08 0.000000e+00 2.527877e-12 2.431442e-08 clkload44
 2.383782e-08 0.000000e+00 2.527877e-12 2.384034e-08 clkload21
 2.249939e-08 0.000000e+00 1.132758e-13 2.249950e-08 clkload126
 2.242261e-08 0.000000e+00 1.132758e-13 2.242272e-08 clkload110
 2.235404e-08 0.000000e+00 1.132758e-13 2.235415e-08 clkload106
 3.132472e-09 1.862833e-08 4.347890e-12 2.176515e-08 fanout136
 4.198990e-09 1.653984e-08 4.337200e-12 2.074317e-08 fanout299
 4.994373e-09 1.553984e-08 4.861510e-12 2.053907e-08 fanout78
 2.286010e-09 1.675424e-08 4.862585e-12 1.904511e-08 fanout123
 1.853257e-08 0.000000e+00 1.101483e-13 1.853268e-08 clkload53
 1.846090e-08 0.000000e+00 1.101483e-13 1.846101e-08 clkload54
 6.124451e-09 1.224843e-08 1.181000e-12 1.837406e-08 max_cap166
 1.837115e-08 0.000000e+00 1.101483e-13 1.837126e-08 clkload48
 1.826554e-08 0.000000e+00 1.101483e-13 1.826565e-08 clkload66
 1.825814e-08 0.000000e+00 1.101483e-13 1.825825e-08 clkload51
 1.824675e-08 0.000000e+00 1.101483e-13 1.824686e-08 clkload33
 1.808318e-08 0.000000e+00 1.101483e-13 1.808329e-08 clkload42
 1.794566e-08 0.000000e+00 1.101483e-13 1.794577e-08 clkload67
 1.709051e-08 0.000000e+00 1.101483e-13 1.709062e-08 clkload20
 3.434493e-09 1.308262e-08 3.692770e-12 1.652081e-08 fanout173
 2.644034e-09 1.316135e-08 6.873847e-12 1.581226e-08 fanout119
 1.562113e-08 0.000000e+00 1.770540e-12 1.562291e-08 clkload91
 1.544374e-08 0.000000e+00 1.770540e-12 1.544551e-08 clkload137
 1.540383e-08 0.000000e+00 1.770540e-12 1.540560e-08 clkload139
 1.534080e-08 0.000000e+00 1.770540e-12 1.534257e-08 clkload80
 1.534000e-08 0.000000e+00 1.770540e-12 1.534178e-08 clkload75
 1.533936e-08 0.000000e+00 1.770540e-12 1.534113e-08 clkload124
 1.533069e-08 0.000000e+00 1.770540e-12 1.533246e-08 clkload115
 1.532497e-08 0.000000e+00 1.770540e-12 1.532674e-08 clkload116
 1.532462e-08 0.000000e+00 1.770540e-12 1.532639e-08 clkload105
 1.531607e-08 0.000000e+00 1.770540e-12 1.531784e-08 clkload128
 1.530763e-08 0.000000e+00 1.770540e-12 1.530940e-08 clkload114
 1.529422e-08 0.000000e+00 1.770540e-12 1.529599e-08 clkload121
 1.528494e-08 0.000000e+00 1.770540e-12 1.528671e-08 clkload84
 1.526355e-08 0.000000e+00 1.770540e-12 1.526532e-08 clkload129
 1.525540e-08 0.000000e+00 1.770540e-12 1.525717e-08 clkload81
 1.523793e-08 0.000000e+00 1.770540e-12 1.523970e-08 clkload85
 1.519720e-08 0.000000e+00 1.770540e-12 1.519897e-08 clkload104
 1.892506e-09 1.213272e-08 6.872264e-12 1.403210e-08 fanout122
 3.415097e-09 9.872023e-09 4.614712e-12 1.329173e-08 fanout172
 1.286262e-08 0.000000e+00 1.571080e-12 1.286419e-08 clkload26
 1.284135e-08 0.000000e+00 1.571080e-12 1.284292e-08 clkload23
 1.279779e-08 0.000000e+00 1.571080e-12 1.279936e-08 clkload39
 1.268054e-08 0.000000e+00 1.571080e-12 1.268211e-08 clkload32
 1.265198e-08 0.000000e+00 1.571080e-12 1.265355e-08 clkload24
 1.261613e-08 0.000000e+00 1.571080e-12 1.261770e-08 clkload64
 2.785422e-09 9.361176e-09 4.621466e-12 1.215122e-08 fanout81
 1.296917e-09 7.727555e-09 4.623395e-12 9.029096e-09 fanout124
 2.274446e-09 6.164678e-09 3.680226e-12 8.442804e-09 max_cap118
 1.129707e-09 4.444918e-09 4.155549e-12 5.578780e-09 fanout303
 7.654358e-10 4.305318e-09 3.683844e-12 5.074437e-09 max_cap74
 7.048833e-10 2.955295e-09 3.769719e-12 3.663948e-09 fanout308
 7.512754e-10 2.461110e-09 4.369806e-12 3.216756e-09 fanout302
 6.138078e-10 2.518316e-09 4.637628e-12 3.136761e-09 fanout109
 6.042615e-10 2.454946e-09 3.843050e-12 3.063050e-09 fanout306
 6.864967e-10 2.349954e-09 4.637145e-12 3.041088e-09 fanout129
 3.835243e-10 2.262841e-09 3.678900e-12 2.650044e-09 max_cap67
 4.686666e-10 1.825120e-09 3.874891e-12 2.297661e-09 fanout304
 1.763001e-10 1.685406e-09 3.668406e-12 1.865374e-09 wire71
 3.364482e-10 1.402265e-09 3.705434e-12 1.742419e-09 fanout305
 2.692948e-10 1.019727e-09 3.712670e-12 1.292735e-09 fanout301
 9.771195e-11 9.473584e-10 3.662979e-12 1.048733e-09 wire68
 2.115811e-10 8.150809e-10 3.670457e-12 1.030333e-09 max_cap73
 1.788581e-10 8.383577e-10 3.668406e-12 1.020884e-09 max_cap72
 2.859089e-10 3.041684e-10 1.181000e-12 5.912582e-10 _16724_
 9.976023e-11 4.525680e-10 3.662979e-12 5.559913e-10 max_cap69
 2.835386e-10 1.712956e-10 1.181000e-12 4.560152e-10 _16726_
 2.878557e-10 1.602918e-10 1.181000e-12 4.493285e-10 _16728_
 2.835428e-10 1.640638e-10 1.181000e-12 4.487876e-10 _16722_
 2.832280e-10 1.576761e-10 1.181000e-12 4.420851e-10 _16727_
 2.822531e-10 1.433525e-10 1.181000e-12 4.267866e-10 _16725_
 2.825088e-10 1.430747e-10 1.181000e-12 4.267645e-10 _16720_
 2.824832e-10 1.425578e-10 1.181000e-12 4.262220e-10 _16723_
 2.820874e-10 1.345243e-10 1.181000e-12 4.177926e-10 _16721_
 2.812363e-10 1.212347e-10 1.181000e-12 4.036520e-10 _16729_
 1.737020e-10 9.723170e-11 1.181000e-12 2.721147e-10 _16713_
 4.121290e-11 2.212613e-10 7.512003e-12 2.699862e-10 fanout571
 1.734830e-10 9.273363e-11 1.181000e-12 2.673976e-10 _16718_
 1.731612e-10 8.614170e-11 1.181000e-12 2.604839e-10 _16712_
 1.730129e-10 8.309822e-11 1.181000e-12 2.572921e-10 _16710_
 1.728980e-10 8.074505e-11 1.181000e-12 2.548241e-10 _16714_
 1.728924e-10 8.062567e-11 1.181000e-12 2.546990e-10 _16715_
 1.724927e-10 7.898369e-11 1.181000e-12 2.526574e-10 _16711_
 1.724195e-10 7.722402e-11 1.181000e-12 2.508245e-10 _16716_
 1.725863e-10 7.435181e-11 1.181000e-12 2.481191e-10 _16719_
 1.723083e-10 7.455767e-11 1.181000e-12 2.480470e-10 _16717_
 1.182430e-11 6.882831e-11 3.662497e-12 8.431510e-11 fanout618
 1.186498e-11 5.619487e-11 3.662497e-12 7.172234e-11 fanout544
 1.187662e-11 5.520844e-11 3.662497e-12 7.074755e-11 fanout613
 1.197941e-11 5.332849e-11 3.662497e-12 6.897040e-11 fanout598
 1.191566e-11 5.157910e-11 3.662497e-12 6.715725e-11 fanout603
 1.196119e-11 5.143654e-11 3.662497e-12 6.706021e-11 fanout533
 1.199641e-11 5.139603e-11 3.662497e-12 6.705493e-11 fanout545
 1.200061e-11 5.136059e-11 3.662497e-12 6.702370e-11 fanout584
 1.199058e-11 5.135575e-11 3.662497e-12 6.700882e-11 fanout535
 1.188183e-11 5.116321e-11 3.662497e-12 6.670754e-11 fanout549
 1.187321e-11 5.098347e-11 3.662497e-12 6.651917e-11 fanout562
 1.194457e-11 5.039712e-11 3.662497e-12 6.600418e-11 fanout595
 1.198949e-11 5.035136e-11 3.662497e-12 6.600334e-11 fanout602
 1.186763e-11 5.032211e-11 3.662497e-12 6.585223e-11 fanout616
 1.204604e-11 5.001063e-11 3.662497e-12 6.571916e-11 fanout554
 1.187395e-11 4.987040e-11 3.662497e-12 6.540685e-11 fanout622
 1.188287e-11 4.981430e-11 3.662497e-12 6.535967e-11 fanout547
 1.199214e-11 4.954513e-11 3.662497e-12 6.519976e-11 fanout561
 1.196129e-11 4.940471e-11 3.662497e-12 6.502849e-11 fanout572
 1.187320e-11 4.947574e-11 3.662497e-12 6.501143e-11 fanout565
 1.207591e-11 4.902118e-11 3.662497e-12 6.475959e-11 fanout610
 1.186913e-11 4.917671e-11 3.662497e-12 6.470833e-11 fanout585
 1.189686e-11 4.859051e-11 3.662497e-12 6.414986e-11 fanout550
 1.198859e-11 4.848646e-11 3.662497e-12 6.413755e-11 fanout534
 1.203470e-11 4.795149e-11 3.662497e-12 6.364868e-11 fanout538
 1.198847e-11 4.787679e-11 3.662497e-12 6.352775e-11 fanout548
 1.206997e-11 4.612630e-11 3.662497e-12 6.185877e-11 fanout611
 1.195703e-11 4.590666e-11 3.662497e-12 6.152618e-11 fanout543
 1.194756e-11 4.536458e-11 3.662497e-12 6.097464e-11 fanout590
 1.201231e-11 4.459604e-11 3.662497e-12 6.027084e-11 fanout542
 1.190628e-11 4.468492e-11 3.662497e-12 6.025369e-11 fanout563
 1.205809e-11 4.451628e-11 3.662497e-12 6.023686e-11 fanout624
 1.198119e-11 4.384042e-11 3.662497e-12 5.948411e-11 fanout559
 1.186984e-11 4.326813e-11 3.662497e-12 5.880046e-11 fanout581
 1.189901e-11 4.315463e-11 3.662497e-12 5.871614e-11 fanout619
 1.186818e-11 4.307538e-11 3.662497e-12 5.860606e-11 fanout589
 1.189976e-11 4.297868e-11 3.662497e-12 5.854094e-11 fanout556
 1.202509e-11 4.087905e-11 3.662497e-12 5.656664e-11 fanout580
 1.188052e-11 4.102236e-11 3.662497e-12 5.656537e-11 fanout609
 1.206933e-11 4.007783e-11 3.662497e-12 5.580967e-11 fanout625
 1.194377e-11 4.005715e-11 3.662497e-12 5.566342e-11 fanout591
 1.192129e-11 3.982849e-11 3.662497e-12 5.541228e-11 fanout568
 1.195016e-11 3.867647e-11 3.662497e-12 5.428912e-11 fanout612
 1.195232e-11 3.721201e-11 3.662497e-12 5.282684e-11 fanout575
 1.187233e-11 3.682469e-11 3.662497e-12 5.235952e-11 fanout626
 7.288699e-12 3.281163e-11 4.876300e-12 4.497663e-11 fanout525
 7.261869e-12 3.217376e-11 4.876300e-12 4.431193e-11 fanout528
 7.071432e-12 2.971539e-11 4.876300e-12 4.166312e-11 fanout531
 7.074607e-12 2.904673e-11 4.876300e-12 4.099764e-11 fanout529
 7.098892e-12 2.827963e-11 4.876300e-12 4.025483e-11 fanout527
 7.130558e-12 2.557504e-11 4.876300e-12 3.758190e-11 fanout530
 1.174636e-11 1.144505e-11 3.662497e-12 2.685391e-11 fanout594
 2.794630e-18 1.555916e-17 4.874955e-12 4.874973e-12 fanout745
 2.806094e-18 1.348794e-17 4.874955e-12 4.874972e-12 fanout728
 2.847603e-18 1.259003e-17 4.874955e-12 4.874971e-12 fanout734
 2.821555e-18 1.184972e-17 4.874955e-12 4.874970e-12 fanout744
 2.822514e-18 1.154843e-17 4.874955e-12 4.874969e-12 fanout741
 2.850316e-18 1.152004e-17 4.874955e-12 4.874969e-12 fanout746
 2.851121e-18 1.135637e-17 4.874955e-12 4.874969e-12 fanout755
 2.860150e-18 1.104961e-17 4.874955e-12 4.874969e-12 fanout732
 2.855138e-18 1.109207e-17 4.874955e-12 4.874969e-12 fanout736
 2.852806e-18 1.104518e-17 4.874955e-12 4.874969e-12 fanout747
 2.829614e-18 1.106857e-17 4.874955e-12 4.874969e-12 fanout748
 2.828930e-18 1.121633e-17 4.874955e-12 4.874969e-12 fanout750
 2.813087e-18 1.111692e-17 4.874955e-12 4.874969e-12 fanout756
 2.856743e-18 1.077317e-17 4.874955e-12 4.874968e-12 fanout735
 2.833173e-18 1.081652e-17 4.874955e-12 4.874968e-12 fanout737
 2.815128e-18 1.051982e-17 4.874955e-12 4.874968e-12 fanout738
 2.838992e-18 1.076202e-17 4.874955e-12 4.874968e-12 fanout739
 2.852801e-18 1.015221e-17 4.874955e-12 4.874968e-12 fanout743
 2.818548e-18 9.956199e-18 4.874955e-12 4.874968e-12 fanout727
 1.602820e-18 5.576095e-18 4.645587e-12 4.645595e-12 fanout733
 1.587303e-18 5.338553e-18 4.645587e-12 4.645594e-12 fanout742
 1.589208e-18 4.905188e-18 4.645587e-12 4.645594e-12 fanout749
 2.792340e-18 1.640131e-17 4.326544e-12 4.326563e-12 fanout712
 2.797928e-18 1.529474e-17 4.326544e-12 4.326563e-12 fanout723
 2.813492e-18 1.231889e-17 4.326544e-12 4.326560e-12 fanout711
 2.815517e-18 1.252474e-17 4.326544e-12 4.326560e-12 fanout715
 2.810495e-18 1.202220e-17 4.326544e-12 4.326559e-12 fanout708
 2.817748e-18 1.182603e-17 4.326544e-12 4.326559e-12 fanout713
 2.805225e-18 1.141234e-17 4.326544e-12 4.326559e-12 fanout718
 2.823639e-18 1.026053e-17 4.326544e-12 4.326557e-12 fanout709
 1.576280e-18 1.017316e-17 3.661712e-12 3.661724e-12 fanout719
 1.585676e-18 5.794954e-18 3.661712e-12 3.661720e-12 fanout716
 1.052768e-15 2.017197e-15 1.181000e-12 1.184070e-12 input10
 9.741892e-16 1.374722e-15 1.181000e-12 1.183349e-12 input3
 6.611311e-16 1.654327e-15 1.181000e-12 1.183315e-12 input7
 9.641760e-16 8.782210e-16 1.181000e-12 1.182842e-12 input2
 5.898092e-16 1.086735e-15 1.181000e-12 1.182676e-12 input6
 9.670084e-16 6.458295e-16 1.181000e-12 1.182613e-12 input1
 8.723141e-16 7.317177e-16 1.181000e-12 1.182604e-12 input5
 8.844065e-16 5.356482e-16 1.181000e-12 1.182420e-12 input4
 0.000000e+00 0.000000e+00 1.181000e-12 1.181000e-12 input11
