     Internal    Switching      Leakage        Total
        Power        Power        Power        Power (Watts)
----------------------------------------------------
 1.696055e-06 4.352921e-06 8.414957e-11 6.049061e-06 clkbuf_0_core_clk
 5.803992e-07 2.267650e-06 8.248666e-11 2.848132e-06 clkbuf_0_w_clk
 6.568504e-07 2.146223e-06 8.261174e-11 2.803156e-06 clkbuf_0_v_clk
 1.715701e-06 7.813553e-07 8.422650e-11 2.497141e-06 clkbuf_0_clk
 1.689423e-06 5.355880e-07 8.422650e-11 2.225095e-06 clkbuf_1_0__f_clk
 8.071017e-07 1.411594e-06 4.547768e-11 2.218741e-06 clkbuf_4_12_0_core_clk
 8.065843e-07 1.370356e-06 4.547768e-11 2.176985e-06 clkbuf_4_7_0_core_clk
 8.065352e-07 1.366468e-06 4.547768e-11 2.173049e-06 clkbuf_4_1_0_core_clk
 8.056034e-07 1.292142e-06 4.547768e-11 2.097791e-06 clkbuf_4_2_0_core_clk
 8.054196e-07 1.277500e-06 4.547768e-11 2.082965e-06 clkbuf_4_4_0_core_clk
 8.051595e-07 1.256738e-06 4.547768e-11 2.061943e-06 clkbuf_4_14_0_core_clk
 8.047475e-07 1.223881e-06 4.547768e-11 2.028674e-06 clkbuf_4_9_0_core_clk
 8.047281e-07 1.222348e-06 4.547768e-11 2.027121e-06 clkbuf_4_10_0_core_clk
 8.047083e-07 1.220762e-06 4.547768e-11 2.025516e-06 clkbuf_4_6_0_core_clk
 8.046330e-07 1.214782e-06 4.547768e-11 2.019460e-06 clkbuf_4_5_0_core_clk
 8.046113e-07 1.213032e-06 4.547768e-11 2.017689e-06 clkbuf_4_15_0_core_clk
 8.045101e-07 1.204983e-06 4.547768e-11 2.009539e-06 clkbuf_4_0_0_core_clk
 8.043934e-07 1.195663e-06 4.547768e-11 2.000101e-06 clkbuf_4_11_0_core_clk
 8.043584e-07 1.192844e-06 4.547768e-11 1.997248e-06 clkbuf_4_13_0_core_clk
 8.040402e-07 1.167492e-06 4.547768e-11 1.971578e-06 clkbuf_4_3_0_core_clk
 6.593627e-07 1.274153e-06 8.261174e-11 1.933598e-06 clkbuf_4_13__f_v_clk
 8.035589e-07 1.129105e-06 4.547768e-11 1.932709e-06 clkbuf_4_8_0_core_clk
 6.593754e-07 1.268634e-06 8.261174e-11 1.928091e-06 clkbuf_4_2__f_v_clk
 6.575941e-07 1.213308e-06 8.261174e-11 1.870985e-06 clkbuf_4_14__f_v_clk
 6.578234e-07 1.160928e-06 8.261174e-11 1.818834e-06 clkbuf_4_3__f_v_clk
 1.674022e-06 1.398404e-07 8.422650e-11 1.813946e-06 clkbuf_1_1__f_clk
 6.572258e-07 1.126242e-06 8.261174e-11 1.783550e-06 clkbuf_4_1__f_v_clk
 6.558145e-07 1.089449e-06 8.261174e-11 1.745346e-06 clkbuf_4_15__f_v_clk
 6.560719e-07 1.045710e-06 8.261174e-11 1.701865e-06 clkbuf_4_12__f_v_clk
 6.550042e-07 9.806525e-07 8.261174e-11 1.635739e-06 clkbuf_4_4__f_v_clk
 6.546140e-07 9.449382e-07 8.261174e-11 1.599635e-06 clkbuf_4_0__f_v_clk
 6.538336e-07 8.993666e-07 8.261174e-11 1.553283e-06 clkbuf_4_5__f_v_clk
 6.541160e-07 8.900342e-07 8.261174e-11 1.544233e-06 clkbuf_4_9__f_v_clk
 6.537064e-07 8.616202e-07 8.261174e-11 1.515409e-06 clkbuf_4_8__f_v_clk
 5.647458e-07 9.310083e-07 8.248666e-11 1.495837e-06 clkbuf_3_7__f_w_clk
 6.527812e-07 8.056107e-07 8.261174e-11 1.458475e-06 clkbuf_4_7__f_v_clk
 5.638190e-07 8.602188e-07 8.248666e-11 1.424120e-06 clkbuf_3_2__f_w_clk
 6.524658e-07 7.687890e-07 8.261174e-11 1.421337e-06 clkbuf_4_10__f_v_clk
 5.636952e-07 8.506315e-07 8.248666e-11 1.414409e-06 clkbuf_3_3__f_w_clk
 5.635467e-07 8.397861e-07 8.248666e-11 1.403415e-06 clkbuf_3_1__f_w_clk
 5.634797e-07 8.345864e-07 8.248666e-11 1.398149e-06 clkbuf_3_5__f_w_clk
 5.633775e-07 8.268046e-07 8.248666e-11 1.390265e-06 clkbuf_3_0__f_w_clk
 6.518061e-07 7.230540e-07 8.261174e-11 1.374943e-06 clkbuf_4_11__f_v_clk
 1.402330e-07 1.197151e-06 2.450523e-11 1.337408e-06 fanout360
 5.625146e-07 7.613472e-07 8.248666e-11 1.323944e-06 clkbuf_3_4__f_w_clk
 5.624988e-07 7.602718e-07 8.248666e-11 1.322853e-06 clkbuf_3_6__f_w_clk
 6.500103e-07 6.261513e-07 8.261174e-11 1.276244e-06 clkbuf_4_6__f_v_clk
 1.393057e-07 7.990714e-07 2.450523e-11 9.384015e-07 fanout346
 1.371729e-07 7.133763e-07 2.558264e-11 8.505747e-07 fanout531
 1.368331e-07 6.668083e-07 2.558877e-11 8.036670e-07 fanout512
 1.386586e-07 6.521203e-07 2.450523e-11 7.908034e-07 fanout352
 1.388828e-07 6.421035e-07 2.558877e-11 7.810119e-07 fanout511
 3.135348e-07 4.482153e-07 4.460963e-11 7.617948e-07 clkbuf_3_7_0_v_clk
 3.129472e-07 3.986304e-07 4.460963e-11 7.116222e-07 clkbuf_3_2_0_v_clk
 3.128283e-07 3.902016e-07 4.460963e-11 7.030745e-07 clkbuf_3_0_0_v_clk
 3.127963e-07 3.900328e-07 4.460963e-11 7.028736e-07 clkbuf_3_6_0_v_clk
 3.127542e-07 3.843198e-07 4.460963e-11 6.971187e-07 clkbuf_3_1_0_v_clk
 3.127057e-07 3.796328e-07 4.460963e-11 6.923831e-07 clkbuf_3_3_0_v_clk
 3.125726e-07 3.714503e-07 4.460963e-11 6.840675e-07 clkbuf_3_4_0_v_clk
 3.124869e-07 3.648303e-07 4.460963e-11 6.773618e-07 clkbuf_3_5_0_v_clk
 1.386208e-07 5.356252e-07 2.558877e-11 6.742716e-07 fanout507
 1.385756e-07 5.329129e-07 2.450523e-11 6.715130e-07 fanout343
 1.380520e-07 5.271729e-07 2.558877e-11 6.652505e-07 fanout516
 1.386385e-07 5.261634e-07 2.450523e-11 6.648265e-07 fanout337
 1.385195e-07 5.247414e-07 2.450523e-11 6.632854e-07 fanout342
 1.393860e-07 5.201364e-07 2.558877e-11 6.595480e-07 fanout514
 1.385909e-07 5.193863e-07 2.450523e-11 6.580017e-07 fanout336
 1.388780e-07 5.117116e-07 2.558877e-11 6.506152e-07 fanout510
 1.393138e-07 5.103712e-07 2.558877e-11 6.497106e-07 fanout515
 1.378828e-07 4.742732e-07 2.450523e-11 6.121805e-07 fanout353
 1.381643e-07 4.591467e-07 2.558264e-11 5.973366e-07 fanout520
 2.743425e-07 2.415849e-07 4.453902e-11 5.159719e-07 clkbuf_leaf_16_w_clk
 2.742234e-07 2.372127e-07 4.453902e-11 5.114807e-07 clkbuf_leaf_14_w_clk
 2.742024e-07 2.364409e-07 4.453902e-11 5.106878e-07 clkbuf_leaf_17_w_clk
 2.735447e-07 2.129230e-07 4.453902e-11 4.865123e-07 clkbuf_leaf_2_w_clk
 2.734481e-07 2.087486e-07 4.453902e-11 4.822413e-07 clkbuf_leaf_15_w_clk
 3.105336e-07 1.681806e-07 4.460963e-11 4.787588e-07 clkbuf_leaf_130_v_clk
 3.107988e-07 1.656086e-07 4.460963e-11 4.764520e-07 clkbuf_leaf_60_v_clk
 3.115031e-07 1.646019e-07 4.460963e-11 4.761496e-07 clkbuf_leaf_42_v_clk
 3.101338e-07 1.651490e-07 4.460963e-11 4.753274e-07 clkbuf_leaf_135_v_clk
 3.103875e-07 1.626915e-07 4.460963e-11 4.731237e-07 clkbuf_leaf_126_v_clk
 3.103483e-07 1.612142e-07 4.460963e-11 4.716071e-07 clkbuf_leaf_119_v_clk
 2.731416e-07 1.974998e-07 4.453902e-11 4.706860e-07 clkbuf_leaf_11_w_clk
 3.112839e-07 1.567016e-07 4.460963e-11 4.680301e-07 clkbuf_leaf_37_v_clk
 3.102303e-07 1.567804e-07 4.460963e-11 4.670553e-07 clkbuf_leaf_129_v_clk
 2.730182e-07 1.935768e-07 4.453902e-11 4.666395e-07 clkbuf_leaf_63_w_clk
 2.729982e-07 1.928422e-07 4.453902e-11 4.658849e-07 clkbuf_leaf_1_w_clk
 3.111879e-07 1.532588e-07 4.460963e-11 4.644913e-07 clkbuf_leaf_46_v_clk
 3.101770e-07 1.508865e-07 4.460963e-11 4.611081e-07 clkbuf_leaf_16_v_clk
 2.728571e-07 1.870546e-07 4.453902e-11 4.599562e-07 clkbuf_leaf_13_w_clk
 2.728555e-07 1.869999e-07 4.453902e-11 4.599000e-07 clkbuf_leaf_12_w_clk
 3.103616e-07 1.494008e-07 4.460963e-11 4.598070e-07 clkbuf_leaf_64_v_clk
 2.728639e-07 1.866877e-07 4.453902e-11 4.595962e-07 clkbuf_leaf_60_w_clk
 3.100324e-07 1.493400e-07 4.460963e-11 4.594170e-07 clkbuf_leaf_128_v_clk
 3.100221e-07 1.489560e-07 4.460963e-11 4.590227e-07 clkbuf_leaf_125_v_clk
 3.100940e-07 1.477763e-07 4.460963e-11 4.579148e-07 clkbuf_leaf_1_v_clk
 2.727734e-07 1.845870e-07 4.453902e-11 4.574050e-07 clkbuf_leaf_4_w_clk
 3.109855e-07 1.423988e-07 4.460963e-11 4.534289e-07 clkbuf_leaf_97_v_clk
 3.107236e-07 1.426134e-07 4.460963e-11 4.533816e-07 clkbuf_leaf_107_v_clk
 2.728962e-07 1.803553e-07 4.453902e-11 4.532960e-07 clkbuf_leaf_34_w_clk
 2.726958e-07 1.805217e-07 4.453902e-11 4.532621e-07 clkbuf_leaf_50_w_clk
 3.096919e-07 1.424859e-07 4.460963e-11 4.522224e-07 clkbuf_leaf_96_v_clk
 3.094802e-07 1.402478e-07 4.460963e-11 4.497727e-07 clkbuf_leaf_117_v_clk
 2.725619e-07 1.768099e-07 4.453902e-11 4.494163e-07 clkbuf_leaf_64_w_clk
 3.098608e-07 1.390496e-07 4.460963e-11 4.489550e-07 clkbuf_leaf_3_v_clk
 3.109905e-07 1.378108e-07 4.460963e-11 4.488459e-07 clkbuf_leaf_86_v_clk
 3.112593e-07 1.369186e-07 4.460963e-11 4.482225e-07 clkbuf_leaf_32_v_clk
 3.096541e-07 1.351191e-07 4.460963e-11 4.448178e-07 clkbuf_leaf_131_v_clk
 3.094951e-07 1.350174e-07 4.460963e-11 4.445572e-07 clkbuf_leaf_74_v_clk
 3.111383e-07 1.326546e-07 4.460963e-11 4.438375e-07 clkbuf_leaf_30_v_clk
 3.099331e-07 1.335123e-07 4.460963e-11 4.434900e-07 clkbuf_leaf_67_v_clk
 7.223577e-08 3.709869e-07 4.606598e-11 4.432687e-07 fanout562
 2.723663e-07 1.696275e-07 4.453902e-11 4.420383e-07 clkbuf_leaf_0_w_clk
 3.110882e-07 1.308914e-07 4.460963e-11 4.420243e-07 clkbuf_leaf_35_v_clk
 3.096639e-07 1.316835e-07 4.460963e-11 4.413920e-07 clkbuf_leaf_151_v_clk
 3.092440e-07 1.316827e-07 4.460963e-11 4.409713e-07 clkbuf_leaf_55_v_clk
 2.723671e-07 1.684626e-07 4.453902e-11 4.408743e-07 clkbuf_leaf_51_w_clk
 3.092507e-07 1.315219e-07 4.460963e-11 4.408172e-07 clkbuf_leaf_146_v_clk
 3.098613e-07 1.308516e-07 4.460963e-11 4.407575e-07 clkbuf_leaf_61_v_clk
 3.097331e-07 1.307517e-07 4.460963e-11 4.405295e-07 clkbuf_leaf_77_v_clk
 2.720286e-07 1.672792e-07 4.453902e-11 4.393523e-07 clkbuf_leaf_21_w_clk
 3.091990e-07 1.300415e-07 4.460963e-11 4.392851e-07 clkbuf_leaf_43_v_clk
 2.725086e-07 1.662640e-07 4.453902e-11 4.388172e-07 clkbuf_leaf_30_w_clk
 3.091798e-07 1.288063e-07 4.460963e-11 4.380307e-07 clkbuf_leaf_116_v_clk
 3.091631e-07 1.285951e-07 4.460963e-11 4.378028e-07 clkbuf_leaf_51_v_clk
 3.091604e-07 1.285568e-07 4.460963e-11 4.377618e-07 clkbuf_leaf_44_v_clk
 3.091493e-07 1.276488e-07 4.460963e-11 4.368428e-07 clkbuf_leaf_138_v_clk
 2.722423e-07 1.638840e-07 4.453902e-11 4.361708e-07 clkbuf_leaf_58_w_clk
 3.104819e-07 1.243429e-07 4.460963e-11 4.348694e-07 clkbuf_leaf_98_v_clk
 3.090609e-07 1.247649e-07 4.460963e-11 4.338705e-07 clkbuf_leaf_53_v_clk
 3.090546e-07 1.244427e-07 4.460963e-11 4.335419e-07 clkbuf_leaf_48_v_clk
 3.108476e-07 1.224145e-07 4.460963e-11 4.333068e-07 clkbuf_leaf_29_v_clk
 3.105530e-07 1.222089e-07 4.460963e-11 4.328065e-07 clkbuf_leaf_87_v_clk
 3.108273e-07 1.217012e-07 4.460963e-11 4.325732e-07 clkbuf_leaf_31_v_clk
 3.096394e-07 1.226252e-07 4.460963e-11 4.323092e-07 clkbuf_leaf_59_v_clk
 3.105386e-07 1.216933e-07 4.460963e-11 4.322765e-07 clkbuf_leaf_91_v_clk
 3.090194e-07 1.231924e-07 4.460963e-11 4.322564e-07 clkbuf_leaf_54_v_clk
 3.090318e-07 1.231625e-07 4.460963e-11 4.322390e-07 clkbuf_leaf_134_v_clk
 3.089787e-07 1.215644e-07 4.460963e-11 4.305877e-07 clkbuf_leaf_52_v_clk
 3.103593e-07 1.199479e-07 4.460963e-11 4.303519e-07 clkbuf_leaf_100_v_clk
 3.089708e-07 1.212874e-07 4.460963e-11 4.303029e-07 clkbuf_leaf_50_v_clk
 3.095783e-07 1.203583e-07 4.460963e-11 4.299812e-07 clkbuf_leaf_57_v_clk
 3.089691e-07 1.207680e-07 4.460963e-11 4.297817e-07 clkbuf_leaf_137_v_clk
 2.722531e-07 1.569761e-07 4.453902e-11 4.292737e-07 clkbuf_leaf_32_w_clk
 3.093368e-07 1.194394e-07 4.460963e-11 4.288209e-07 clkbuf_leaf_17_v_clk
 6.963839e-08 3.589941e-07 4.593550e-11 4.286784e-07 max_cap556
 3.099399e-07 1.180977e-07 4.460963e-11 4.280822e-07 clkbuf_leaf_25_v_clk
 2.722045e-07 1.551868e-07 4.453902e-11 4.274358e-07 clkbuf_leaf_5_w_clk
 3.088958e-07 1.184588e-07 4.460963e-11 4.273992e-07 clkbuf_leaf_45_v_clk
 3.089073e-07 1.184147e-07 4.460963e-11 4.273666e-07 clkbuf_leaf_133_v_clk
 3.092913e-07 1.177376e-07 4.460963e-11 4.270735e-07 clkbuf_leaf_2_v_clk
 3.099082e-07 1.169463e-07 4.460963e-11 4.268992e-07 clkbuf_leaf_19_v_clk
 3.089680e-07 1.150636e-07 4.460963e-11 4.240762e-07 clkbuf_leaf_80_v_clk
 3.097031e-07 1.142078e-07 4.460963e-11 4.239556e-07 clkbuf_leaf_143_v_clk
 2.721009e-07 1.514424e-07 4.453902e-11 4.235879e-07 clkbuf_leaf_29_w_clk
 3.092833e-07 1.139830e-07 4.460963e-11 4.233110e-07 clkbuf_leaf_75_v_clk
 2.720706e-07 1.503398e-07 4.453902e-11 4.224549e-07 clkbuf_leaf_28_w_clk
 6.676542e-08 3.554369e-07 4.609253e-11 4.222484e-07 fanout559
 3.087660e-07 1.130589e-07 4.460963e-11 4.218695e-07 clkbuf_leaf_144_v_clk
 2.715547e-07 1.496501e-07 4.453902e-11 4.212493e-07 clkbuf_leaf_18_w_clk
 3.097782e-07 1.113076e-07 4.460963e-11 4.211304e-07 clkbuf_leaf_104_v_clk
 3.088892e-07 1.120864e-07 4.460963e-11 4.210202e-07 clkbuf_leaf_94_v_clk
 3.097726e-07 1.111043e-07 4.460963e-11 4.209215e-07 clkbuf_leaf_106_v_clk
 3.092123e-07 1.113363e-07 4.460963e-11 4.205933e-07 clkbuf_leaf_65_v_clk
 3.087112e-07 1.113529e-07 4.460963e-11 4.201087e-07 clkbuf_leaf_49_v_clk
 3.099569e-07 1.089419e-07 4.460963e-11 4.189435e-07 clkbuf_leaf_39_v_clk
 3.086899e-07 1.101398e-07 4.460963e-11 4.188744e-07 clkbuf_leaf_140_v_clk
 3.101694e-07 1.085334e-07 4.460963e-11 4.187475e-07 clkbuf_leaf_99_v_clk
 3.090729e-07 1.095648e-07 4.460963e-11 4.186823e-07 clkbuf_leaf_5_v_clk
 3.100353e-07 1.083332e-07 4.460963e-11 4.184131e-07 clkbuf_leaf_92_v_clk
 2.717675e-07 1.464664e-07 4.453902e-11 4.182784e-07 clkbuf_leaf_62_w_clk
 3.094479e-07 1.084700e-07 4.460963e-11 4.179626e-07 clkbuf_leaf_21_v_clk
 3.088033e-07 1.088308e-07 4.460963e-11 4.176787e-07 clkbuf_leaf_78_v_clk
 3.097467e-07 1.072057e-07 4.460963e-11 4.169970e-07 clkbuf_leaf_111_v_clk
 3.090980e-07 1.070766e-07 4.460963e-11 4.162192e-07 clkbuf_leaf_72_v_clk
 2.714125e-07 1.443653e-07 4.453902e-11 4.158224e-07 clkbuf_leaf_24_w_clk
 3.100692e-07 1.049560e-07 4.460963e-11 4.150698e-07 clkbuf_leaf_89_v_clk
 3.089764e-07 1.059514e-07 4.460963e-11 4.149725e-07 clkbuf_leaf_7_v_clk
 2.718589e-07 1.426263e-07 4.453902e-11 4.145298e-07 clkbuf_leaf_6_w_clk
 2.713724e-07 1.428701e-07 4.453902e-11 4.142870e-07 clkbuf_leaf_19_w_clk
 3.085593e-07 1.051506e-07 4.460963e-11 4.137545e-07 clkbuf_leaf_132_v_clk
 3.095738e-07 1.038794e-07 4.460963e-11 4.134978e-07 clkbuf_leaf_102_v_clk
 3.093166e-07 1.036389e-07 4.460963e-11 4.130000e-07 clkbuf_leaf_14_v_clk
 3.094082e-07 1.034089e-07 4.460963e-11 4.128617e-07 clkbuf_leaf_152_v_clk
 3.094037e-07 1.032424e-07 4.460963e-11 4.126907e-07 clkbuf_leaf_145_v_clk
 3.096287e-07 1.029246e-07 4.460963e-11 4.125979e-07 clkbuf_leaf_120_v_clk
 3.095165e-07 1.017908e-07 4.460963e-11 4.113519e-07 clkbuf_leaf_105_v_clk
 2.712784e-07 1.393756e-07 4.453902e-11 4.106986e-07 clkbuf_leaf_25_w_clk
 3.093466e-07 1.011557e-07 4.460963e-11 4.105470e-07 clkbuf_leaf_154_v_clk
 3.094412e-07 9.994510e-08 4.460963e-11 4.094310e-07 clkbuf_leaf_27_v_clk
 3.084329e-07 1.007590e-07 4.460963e-11 4.092366e-07 clkbuf_leaf_56_v_clk
 3.096889e-07 9.929642e-08 4.460963e-11 4.090299e-07 clkbuf_leaf_41_v_clk
 3.101678e-07 9.846356e-08 4.460963e-11 4.086760e-07 clkbuf_leaf_34_v_clk
 2.715122e-07 1.370991e-07 4.453902e-11 4.086558e-07 clkbuf_leaf_61_w_clk
 3.094189e-07 9.913326e-08 4.460963e-11 4.085968e-07 clkbuf_leaf_28_v_clk
 3.084178e-07 9.978577e-08 4.460963e-11 4.082482e-07 clkbuf_leaf_139_v_clk
 3.085574e-07 9.952756e-08 4.460963e-11 4.081296e-07 clkbuf_leaf_85_v_clk
 6.602286e-08 3.413217e-07 4.494925e-11 4.073895e-07 fanout762
 3.094083e-07 9.785666e-08 4.460963e-11 4.073096e-07 clkbuf_leaf_123_v_clk
 2.711671e-07 1.352315e-07 4.453902e-11 4.064431e-07 clkbuf_leaf_20_w_clk
 3.093753e-07 9.665685e-08 4.460963e-11 4.060768e-07 clkbuf_leaf_118_v_clk
 3.096836e-07 9.572391e-08 4.460963e-11 4.054521e-07 clkbuf_leaf_101_v_clk
 3.093908e-07 9.430125e-08 4.460963e-11 4.037367e-07 clkbuf_leaf_121_v_clk
 2.715612e-07 1.318020e-07 4.453902e-11 4.034078e-07 clkbuf_leaf_9_w_clk
 3.093022e-07 9.399582e-08 4.460963e-11 4.033427e-07 clkbuf_leaf_122_v_clk
 3.090595e-07 9.418725e-08 4.460963e-11 4.032913e-07 clkbuf_leaf_10_v_clk
 7.583181e-08 3.273582e-07 1.678040e-11 4.032068e-07 fanout341
 3.084234e-07 9.445807e-08 4.460963e-11 4.029261e-07 clkbuf_leaf_90_v_clk
 3.088673e-07 9.399798e-08 4.460963e-11 4.029099e-07 clkbuf_leaf_58_v_clk
 3.090461e-07 9.369322e-08 4.460963e-11 4.027839e-07 clkbuf_leaf_18_v_clk
 2.713509e-07 1.311821e-07 4.453902e-11 4.025775e-07 clkbuf_leaf_56_w_clk
 3.093241e-07 9.188808e-08 4.460963e-11 4.012568e-07 clkbuf_leaf_113_v_clk
 2.712848e-07 1.287601e-07 4.453902e-11 4.000894e-07 clkbuf_leaf_55_w_clk
 3.083488e-07 9.163178e-08 4.460963e-11 4.000252e-07 clkbuf_leaf_84_v_clk
 7.022494e-08 3.281312e-07 4.510628e-11 3.984013e-07 wire769
 2.711455e-07 1.271559e-07 4.453902e-11 3.983459e-07 clkbuf_leaf_46_w_clk
 2.711425e-07 1.270432e-07 4.453902e-11 3.982302e-07 clkbuf_leaf_47_w_clk
 3.086093e-07 8.885817e-08 4.460963e-11 3.975121e-07 clkbuf_leaf_76_v_clk
 3.089912e-07 8.814155e-08 4.460963e-11 3.971774e-07 clkbuf_leaf_0_v_clk
 2.713869e-07 1.254626e-07 4.453902e-11 3.968940e-07 clkbuf_leaf_8_w_clk
 3.091748e-07 8.647830e-08 4.460963e-11 3.956977e-07 clkbuf_leaf_115_v_clk
 2.713296e-07 1.234034e-07 4.453902e-11 3.947775e-07 clkbuf_leaf_33_w_clk
 3.082048e-07 8.618408e-08 4.460963e-11 3.944335e-07 clkbuf_leaf_73_v_clk
 2.710321e-07 1.229776e-07 4.453902e-11 3.940542e-07 clkbuf_leaf_40_w_clk
 3.088122e-07 8.509404e-08 4.460963e-11 3.939508e-07 clkbuf_leaf_11_v_clk
 3.088840e-07 8.421473e-08 4.460963e-11 3.931434e-07 clkbuf_leaf_147_v_clk
 2.710790e-07 1.212089e-07 4.453902e-11 3.923324e-07 clkbuf_leaf_57_w_clk
 2.712633e-07 1.209949e-07 4.453902e-11 3.923028e-07 clkbuf_leaf_31_w_clk
 2.707897e-07 1.211788e-07 4.453902e-11 3.920130e-07 clkbuf_leaf_27_w_clk
 3.087591e-07 8.314089e-08 4.460963e-11 3.919446e-07 clkbuf_leaf_12_v_clk
 2.709711e-07 1.207290e-07 4.453902e-11 3.917446e-07 clkbuf_leaf_52_w_clk
 3.089565e-07 8.229495e-08 4.460963e-11 3.912961e-07 clkbuf_leaf_26_v_clk
 3.093910e-07 8.077698e-08 4.460963e-11 3.902126e-07 clkbuf_leaf_93_v_clk
 3.083009e-07 8.067072e-08 4.460963e-11 3.890162e-07 clkbuf_leaf_6_v_clk
 3.086801e-07 8.023743e-08 4.460963e-11 3.889622e-07 clkbuf_leaf_8_v_clk
 3.082845e-07 8.005210e-08 4.460963e-11 3.883812e-07 clkbuf_leaf_153_v_clk
 5.807341e-08 3.296045e-07 4.541611e-11 3.877234e-07 fanout277
 6.953843e-08 3.177236e-07 4.510628e-11 3.873072e-07 wire771
 3.080061e-07 7.866495e-08 4.460963e-11 3.867157e-07 clkbuf_leaf_82_v_clk
 3.081880e-07 7.648102e-08 4.460963e-11 3.847137e-07 clkbuf_leaf_4_v_clk
 3.087715e-07 7.588681e-08 4.460963e-11 3.847030e-07 clkbuf_leaf_33_v_clk
 3.087640e-07 7.570172e-08 4.460963e-11 3.845104e-07 clkbuf_leaf_24_v_clk
 2.705924e-07 1.138546e-07 4.453902e-11 3.844916e-07 clkbuf_leaf_23_w_clk
 2.707741e-07 1.134669e-07 4.453902e-11 3.842855e-07 clkbuf_leaf_42_w_clk
 3.082395e-07 7.555109e-08 4.460963e-11 3.838352e-07 clkbuf_leaf_70_v_clk
 3.835497e-07 0.000000e+00 2.499993e-11 3.835748e-07 clkload1
 3.835221e-07 0.000000e+00 2.499993e-11 3.835471e-07 clkload5
 3.833612e-07 0.000000e+00 2.499993e-11 3.833862e-07 clkload4
 3.085050e-07 7.469691e-08 4.460963e-11 3.832466e-07 clkbuf_leaf_13_v_clk
 3.084976e-07 7.451321e-08 4.460963e-11 3.830554e-07 clkbuf_leaf_22_v_clk
 2.705465e-07 1.121501e-07 4.453902e-11 3.827412e-07 clkbuf_leaf_26_w_clk
 3.077927e-07 7.248786e-08 4.460963e-11 3.803252e-07 clkbuf_leaf_81_v_clk
 2.709380e-07 1.091476e-07 4.453902e-11 3.801302e-07 clkbuf_leaf_7_w_clk
 2.705161e-07 1.039607e-07 4.453902e-11 3.745213e-07 clkbuf_leaf_54_w_clk
 2.705122e-07 1.038178e-07 4.453902e-11 3.743746e-07 clkbuf_leaf_43_w_clk
 6.557959e-08 3.051459e-07 4.545989e-11 3.707709e-07 max_cap290
 6.395616e-08 3.056157e-07 4.627752e-11 3.696181e-07 fanout182
 7.260996e-08 2.954286e-07 4.606598e-11 3.680846e-07 max_cap561
 2.702841e-07 9.541263e-08 4.453902e-11 3.657413e-07 clkbuf_leaf_44_w_clk
 7.128950e-08 2.910810e-07 4.610524e-11 3.624166e-07 max_cap173
 7.288765e-08 2.883499e-07 4.497580e-11 3.612825e-07 max_cap759
 6.505040e-08 2.961199e-07 4.627752e-11 3.612166e-07 max_cap181
 6.972575e-08 2.909011e-07 4.610524e-11 3.606730e-07 fanout171
 2.701228e-07 8.845564e-08 4.453902e-11 3.586229e-07 clkbuf_leaf_48_w_clk
 6.296893e-08 2.937901e-07 4.481537e-11 3.568039e-07 fanout753
 2.700078e-07 8.422907e-08 4.453902e-11 3.542814e-07 clkbuf_leaf_38_w_clk
 2.699058e-07 8.047004e-08 4.453902e-11 3.504204e-07 clkbuf_leaf_49_w_clk
 2.698591e-07 7.875156e-08 4.453902e-11 3.486552e-07 clkbuf_leaf_36_w_clk
 7.519360e-08 2.734044e-07 1.678040e-11 3.486148e-07 fanout351
 7.247072e-08 2.760848e-07 4.497580e-11 3.486005e-07 max_cap757
 2.698497e-07 7.840696e-08 4.453902e-11 3.483012e-07 clkbuf_leaf_39_w_clk
 6.238396e-08 2.855260e-07 4.547457e-11 3.479554e-07 fanout250
 6.637715e-08 2.812060e-07 4.494925e-11 3.476281e-07 wire764
 6.748274e-08 2.797289e-07 4.533420e-11 3.472569e-07 fanout240
 2.696835e-07 7.229141e-08 4.453902e-11 3.420194e-07 clkbuf_leaf_37_w_clk
 6.154261e-08 2.776556e-07 4.634587e-11 3.392446e-07 fanout278
 6.245650e-08 2.764786e-07 4.540509e-11 3.389806e-07 fanout254
 5.807347e-08 2.808052e-07 4.562567e-11 3.389243e-07 fanout488
 6.355090e-08 2.738668e-07 4.563669e-11 3.374633e-07 max_cap485
 6.390640e-08 2.723519e-07 4.476425e-11 3.363031e-07 fanout185
 6.168518e-08 2.721112e-07 4.469591e-11 3.338410e-07 max_cap279
 6.168816e-08 2.692255e-07 4.565759e-11 3.309593e-07 fanout501
 6.382135e-08 2.616842e-07 4.476425e-11 3.255503e-07 fanout184
 7.066160e-08 2.536712e-07 4.491846e-11 3.243777e-07 fanout149
 7.501357e-08 2.485193e-07 1.678040e-11 3.235497e-07 fanout340
 6.135774e-08 2.592155e-07 4.538419e-11 3.206186e-07 fanout298
 6.212689e-08 2.545539e-07 4.622640e-11 3.167270e-07 fanout565
 7.499823e-08 2.410735e-07 1.678040e-11 3.160885e-07 fanout356
 6.529516e-08 2.492203e-07 4.558189e-11 3.145610e-07 max_cap496
 6.926681e-08 2.427097e-07 4.593550e-11 3.120225e-07 max_cap552
 7.500488e-08 2.347590e-07 1.665853e-11 3.097805e-07 fanout522
 3.059517e-07 0.000000e+00 4.460963e-11 3.059963e-07 clkload72
 6.212746e-08 2.422837e-07 4.622640e-11 3.044574e-07 fanout566
 5.659045e-08 2.468026e-07 4.460751e-11 3.034376e-07 wire260
 5.745730e-08 2.449435e-07 4.637044e-11 3.024472e-07 max_cap500
 5.127349e-08 2.509072e-07 4.652182e-11 3.022272e-07 max_cap494
 6.379724e-08 2.378727e-07 4.476425e-11 3.017147e-07 fanout183
 5.572520e-08 2.441432e-07 4.643427e-11 2.999148e-07 fanout487
 6.034454e-08 2.379072e-07 4.601571e-11 2.982978e-07 fanout130
 5.134515e-08 2.465715e-07 4.649161e-11 2.979632e-07 fanout287
 6.520099e-08 2.309679e-07 4.494925e-11 2.962139e-07 fanout761
 6.273908e-08 2.260454e-07 4.622640e-11 2.888307e-07 max_cap564
 7.518465e-08 2.110356e-07 1.665853e-11 2.862369e-07 fanout542
 2.839975e-07 0.000000e+00 3.346057e-11 2.840310e-07 clkload3
 2.838819e-07 0.000000e+00 3.346057e-11 2.839153e-07 clkload13
 2.838719e-07 0.000000e+00 3.346057e-11 2.839053e-07 clkload11
 2.837449e-07 0.000000e+00 3.346057e-11 2.837783e-07 clkload9
 2.835945e-07 0.000000e+00 3.346057e-11 2.836279e-07 clkload14
 4.467218e-08 2.361589e-07 4.445697e-11 2.808755e-07 fanout280
 6.647616e-08 2.115033e-07 4.609253e-11 2.780255e-07 max_cap558
 4.286836e-08 2.337363e-07 4.662209e-11 2.766513e-07 fanout215
 5.524848e-08 2.170167e-07 4.643427e-11 2.723117e-07 fanout486
 5.055731e-08 2.207991e-07 4.638965e-11 2.714028e-07 fanout209
 4.725918e-08 2.239708e-07 4.649245e-11 2.712765e-07 max_cap504
 5.047873e-08 2.191189e-07 4.465214e-11 2.696423e-07 fanout212
 5.273226e-08 2.152039e-07 4.457023e-11 2.679807e-07 max_cap294
 5.758254e-08 2.102795e-07 4.562567e-11 2.679076e-07 fanout489
 5.017501e-08 2.173628e-07 4.451995e-11 2.675824e-07 fanout283
 6.814442e-08 1.962192e-07 4.570758e-11 2.644093e-07 max_cap465
 4.763287e-08 2.167113e-07 4.655544e-11 2.643907e-07 fanout300
 6.184396e-08 1.999847e-07 4.481537e-11 2.618735e-07 fanout747
 5.651968e-08 2.037225e-07 4.493174e-11 2.602872e-07 fanout125
 5.275750e-08 2.071530e-07 4.647155e-11 2.599569e-07 max_cap292
 5.718523e-08 2.012111e-07 4.605073e-11 2.584424e-07 fanout577
 5.718055e-08 2.006364e-07 4.605073e-11 2.578630e-07 fanout572
 6.280975e-08 1.947586e-07 4.481537e-11 2.576132e-07 max_cap752
 4.361987e-08 2.096967e-07 4.659554e-11 2.533632e-07 fanout178
 5.606357e-08 1.939946e-07 4.467134e-11 2.501029e-07 fanout295
 3.488859e-08 2.123721e-07 2.568015e-11 2.472864e-07 fanout175
 4.990667e-08 1.962903e-07 4.652182e-11 2.462435e-07 fanout492
 5.728518e-08 1.758113e-07 4.499105e-11 2.331415e-07 fanout736
 4.520363e-08 1.861601e-07 4.447646e-11 2.314082e-07 fanout303
 4.736484e-08 1.749963e-07 4.448635e-11 2.224057e-07 max_cap302
 2.973749e-08 1.911683e-07 2.507524e-11 2.209309e-07 fanout709
 5.700375e-08 1.522178e-07 4.499105e-11 2.092666e-07 fanout715
 4.522574e-08 1.639877e-07 4.656108e-11 2.092601e-07 max_cap252
 2.843507e-08 1.803690e-07 2.447248e-11 2.088285e-07 fanout743
 3.286728e-08 1.691305e-07 4.671247e-11 2.020445e-07 fanout257
 2.838938e-08 1.702831e-07 2.447248e-11 1.986969e-07 fanout733
 4.145494e-08 1.546980e-07 4.656532e-11 1.961995e-07 fanout284
 3.793024e-08 1.555349e-07 4.580642e-11 1.935109e-07 fanout116
 2.908928e-08 1.592539e-07 2.501830e-11 1.883682e-07 fanout584
 2.917620e-08 1.577209e-07 2.501830e-11 1.869221e-07 fanout580
 3.076520e-08 1.556317e-07 2.489861e-11 1.864218e-07 fanout297
 3.488675e-08 1.507878e-07 2.568015e-11 1.857002e-07 fanout174
 3.229131e-08 1.517977e-07 4.637129e-11 1.841353e-07 fanout124
 3.201634e-08 1.484038e-07 2.422666e-11 1.804443e-07 fanout186
 2.016291e-08 1.597505e-07 2.360706e-11 1.799370e-07 fanout440
 2.477096e-08 1.541036e-07 2.591556e-11 1.789005e-07 fanout241
 4.006678e-08 1.373095e-07 4.440981e-11 1.774207e-07 max_cap208
 3.113202e-08 1.399505e-07 4.439032e-11 1.711269e-07 fanout304
 2.034830e-08 1.505707e-07 2.648648e-11 1.709454e-07 fanout397
 1.702499e-07 0.000000e+00 4.663740e-11 1.702965e-07 clkload67
 2.473124e-08 1.429300e-07 2.417799e-11 1.676854e-07 fanout467
 3.974866e-08 1.274147e-07 4.440500e-11 1.672078e-07 fanout286
 2.918713e-08 1.378439e-07 2.507524e-11 1.670561e-07 fanout699
 2.989735e-08 1.369298e-07 4.452843e-11 1.668717e-07 fanout153
 2.923143e-08 1.356957e-07 2.507524e-11 1.649522e-07 fanout696
 3.529745e-08 1.291959e-07 2.569974e-11 1.645191e-07 fanout151
 3.780355e-08 1.264456e-07 4.523535e-11 1.642943e-07 fanout587
 3.343555e-08 1.307433e-07 2.459738e-11 1.642035e-07 fanout772
 3.758757e-08 1.242879e-07 4.665146e-11 1.619222e-07 fanout490
 3.758373e-08 1.218833e-07 4.439032e-11 1.595114e-07 fanout282
 3.059130e-08 1.277912e-07 2.489861e-11 1.584074e-07 fanout299
 2.477615e-08 1.327454e-07 2.417799e-11 1.575457e-07 fanout470
 2.468787e-08 1.321159e-07 2.417799e-11 1.568279e-07 fanout468
 2.825837e-08 1.282477e-07 2.447248e-11 1.565306e-07 fanout742
 3.204961e-08 1.223472e-07 4.637129e-11 1.544431e-07 fanout221
 2.038751e-08 1.328273e-07 2.360706e-11 1.532384e-07 fanout417
 1.512908e-07 0.000000e+00 2.405906e-11 1.513149e-07 clkload157
 1.512804e-07 0.000000e+00 2.405906e-11 1.513044e-07 clkload110
 1.512796e-07 0.000000e+00 2.405906e-11 1.513036e-07 clkload114
 1.512787e-07 0.000000e+00 2.405906e-11 1.513027e-07 clkload165
 1.512741e-07 0.000000e+00 2.405906e-11 1.512981e-07 clkload82
 1.512655e-07 0.000000e+00 2.405906e-11 1.512895e-07 clkload158
 1.512645e-07 0.000000e+00 2.405906e-11 1.512885e-07 clkload137
 1.512619e-07 0.000000e+00 2.405906e-11 1.512860e-07 clkload89
 1.512598e-07 0.000000e+00 2.405906e-11 1.512839e-07 clkload84
 1.512571e-07 0.000000e+00 2.405906e-11 1.512812e-07 clkload111
 1.512435e-07 0.000000e+00 2.405906e-11 1.512676e-07 clkload126
 1.512401e-07 0.000000e+00 2.405906e-11 1.512642e-07 clkload154
 1.512369e-07 0.000000e+00 2.405906e-11 1.512609e-07 clkload75
 1.512327e-07 0.000000e+00 2.405906e-11 1.512567e-07 clkload167
 1.512253e-07 0.000000e+00 2.405906e-11 1.512493e-07 clkload125
 1.512171e-07 0.000000e+00 2.405906e-11 1.512412e-07 clkload128
 1.512135e-07 0.000000e+00 2.405906e-11 1.512375e-07 clkload134
 1.512124e-07 0.000000e+00 2.405906e-11 1.512364e-07 clkload161
 1.511977e-07 0.000000e+00 2.405906e-11 1.512218e-07 clkload112
 1.511931e-07 0.000000e+00 2.405906e-11 1.512172e-07 clkload79
 1.511829e-07 0.000000e+00 2.405906e-11 1.512070e-07 clkload136
 1.511686e-07 0.000000e+00 2.405906e-11 1.511927e-07 clkload121
 1.511592e-07 0.000000e+00 2.405906e-11 1.511833e-07 clkload97
 1.511572e-07 0.000000e+00 2.405906e-11 1.511813e-07 clkload164
 1.511533e-07 0.000000e+00 2.405906e-11 1.511774e-07 clkload162
 1.511493e-07 0.000000e+00 2.405906e-11 1.511734e-07 clkload76
 1.511354e-07 0.000000e+00 2.405906e-11 1.511595e-07 clkload81
 1.511277e-07 0.000000e+00 2.405906e-11 1.511518e-07 clkload117
 1.511253e-07 0.000000e+00 2.405906e-11 1.511494e-07 clkload115
 1.511237e-07 0.000000e+00 2.405906e-11 1.511478e-07 clkload94
 1.511007e-07 0.000000e+00 2.405906e-11 1.511248e-07 clkload95
 1.510927e-07 0.000000e+00 2.405906e-11 1.511167e-07 clkload143
 1.510924e-07 0.000000e+00 2.405906e-11 1.511164e-07 clkload141
 1.510909e-07 0.000000e+00 2.405906e-11 1.511149e-07 clkload116
 1.510766e-07 0.000000e+00 2.405906e-11 1.511006e-07 clkload118
 2.852456e-08 1.220277e-07 2.447248e-11 1.505767e-07 fanout717
 3.561195e-08 1.145693e-07 2.560269e-11 1.502069e-07 fanout313
 2.832780e-08 1.209162e-07 2.447248e-11 1.492685e-07 fanout729
 1.488883e-07 0.000000e+00 4.661198e-11 1.489349e-07 clkload20
 2.819150e-08 1.197046e-07 2.447248e-11 1.479206e-07 fanout740
 2.953303e-08 1.183137e-07 2.507524e-11 1.478718e-07 fanout705
 3.357226e-08 1.133872e-07 2.514228e-11 1.469846e-07 fanout327
 2.979675e-08 1.164454e-07 4.452843e-11 1.462867e-07 fanout152
 2.723385e-08 1.181629e-07 2.489708e-11 1.454216e-07 fanout237
 3.370628e-08 1.107170e-07 2.508657e-11 1.444483e-07 fanout326
 3.702597e-08 1.068078e-07 2.553076e-11 1.438593e-07 fanout319
 1.894131e-08 1.243605e-07 2.535626e-11 1.433272e-07 fanout119
 2.734481e-08 1.147624e-07 4.677516e-11 1.421540e-07 fanout128
 2.824431e-08 1.126708e-07 2.447248e-11 1.409396e-07 fanout713
 2.947912e-08 1.106845e-07 2.507524e-11 1.401887e-07 fanout707
 1.379346e-07 0.000000e+00 1.997119e-11 1.379546e-07 clkload12
 2.525620e-08 1.113481e-07 2.410513e-11 1.366284e-07 fanout214
 3.264649e-08 1.038159e-07 2.508350e-11 1.364875e-07 fanout323
 3.369609e-08 1.025962e-07 2.517351e-11 1.363174e-07 fanout318
 2.859139e-08 1.060807e-07 2.447248e-11 1.346965e-07 fanout737
 2.860160e-08 1.045954e-07 2.562106e-11 1.332227e-07 fanout576
 3.096442e-08 1.013757e-07 2.428207e-11 1.323644e-07 fanout745
 1.320474e-07 0.000000e+00 2.398253e-11 1.320713e-07 clkload37
 1.320192e-07 0.000000e+00 2.398253e-11 1.320432e-07 clkload36
 1.320187e-07 0.000000e+00 2.398253e-11 1.320427e-07 clkload40
 1.319625e-07 0.000000e+00 2.398253e-11 1.319865e-07 clkload39
 1.319477e-07 0.000000e+00 2.398253e-11 1.319717e-07 clkload46
 1.318605e-07 0.000000e+00 2.398253e-11 1.318845e-07 clkload54
 1.317635e-07 0.000000e+00 2.398253e-11 1.317875e-07 clkload23
 1.317225e-07 0.000000e+00 2.398253e-11 1.317465e-07 clkload33
 1.614733e-08 1.155573e-07 2.596852e-11 1.317306e-07 fanout222
 2.815410e-08 1.031467e-07 2.562106e-11 1.313264e-07 fanout569
 1.977275e-08 1.107372e-07 2.540831e-11 1.305354e-07 fanout132
 2.869487e-08 1.017526e-07 2.447248e-11 1.304719e-07 fanout719
 2.981914e-08 9.988777e-08 2.514565e-11 1.297321e-07 fanout321
 3.595875e-08 9.321970e-08 2.525524e-11 1.292037e-07 fanout329
 1.672694e-08 1.119612e-07 9.867150e-12 1.286980e-07 _09350_
 3.080519e-08 9.779038e-08 2.507922e-11 1.286207e-07 fanout330
 2.600782e-08 1.024924e-07 4.663056e-11 1.285469e-07 fanout262
 3.356950e-08 9.462794e-08 2.514993e-11 1.282226e-07 fanout324
 1.993473e-08 1.066367e-07 2.648648e-11 1.265979e-07 fanout382
 2.463696e-08 1.015641e-07 2.429431e-11 1.262254e-07 fanout203
 3.188486e-08 9.334202e-08 2.500239e-11 1.252519e-07 fanout315
 2.811845e-08 9.608175e-08 2.447248e-11 1.242247e-07 fanout711
 1.870184e-08 1.046893e-07 2.535626e-11 1.234165e-07 fanout687
 3.292214e-08 8.681385e-08 2.505534e-11 1.197610e-07 fanout306
 6.396009e-09 1.126520e-07 1.662798e-11 1.190647e-07 _09007_
 3.247696e-08 8.630918e-08 2.513065e-11 1.188113e-07 fanout311
 1.928641e-08 9.878840e-08 2.627219e-11 1.181011e-07 fanout491
 2.031756e-08 9.727913e-08 2.635668e-11 1.176230e-07 fanout362
 1.754141e-08 9.963102e-08 4.685537e-11 1.172193e-07 fanout115
 3.099521e-08 8.341825e-08 2.509147e-11 1.144386e-07 fanout334
 2.847739e-08 8.512301e-08 2.447248e-11 1.136249e-07 fanout724
 1.852864e-08 9.487874e-08 4.684380e-11 1.134542e-07 fanout160
 1.901783e-08 9.357781e-08 2.473728e-11 1.126204e-07 fanout112
 1.111843e-07 0.000000e+00 3.325220e-11 1.112176e-07 clkload69
 1.701533e-08 9.335815e-08 4.682600e-11 1.104203e-07 fanout463
 1.955239e-08 9.007243e-08 2.468524e-11 1.096495e-07 fanout122
 1.991907e-08 8.744951e-08 2.360706e-11 1.073922e-07 fanout414
 1.758770e-08 8.976418e-08 2.434728e-11 1.073762e-07 fanout480
 1.671007e-08 8.978347e-08 9.869638e-12 1.065034e-07 _09347_
 1.884515e-08 8.736259e-08 2.535626e-11 1.062331e-07 fanout682
 1.786387e-08 8.666269e-08 4.685791e-11 1.045734e-07 fanout162
 1.983453e-08 8.383766e-08 2.360706e-11 1.036958e-07 fanout416
 2.012214e-08 8.261874e-08 2.360706e-11 1.027645e-07 fanout439
 1.301796e-08 8.938481e-08 2.384400e-11 1.024266e-07 fanout276
 2.032099e-08 8.202715e-08 2.360706e-11 1.023717e-07 fanout430
 1.978149e-08 8.208742e-08 2.648648e-11 1.018954e-07 fanout377
 2.032073e-08 8.110649e-08 2.360706e-11 1.014508e-07 fanout434
 2.027391e-08 8.074431e-08 2.635714e-11 1.010446e-07 fanout108
 2.000782e-08 8.071538e-08 2.648648e-11 1.007497e-07 fanout380
 2.029478e-08 7.906219e-08 2.648648e-11 9.938346e-08 fanout373
 1.751505e-08 8.157716e-08 2.434728e-11 9.911656e-08 fanout476
 1.762024e-08 8.121927e-08 2.434728e-11 9.886386e-08 fanout472
 2.020071e-08 7.820911e-08 2.373686e-11 9.843357e-08 fanout97
 1.873241e-08 7.882905e-08 2.535626e-11 9.758682e-08 fanout684
 9.697528e-08 0.000000e+00 3.323525e-11 9.700852e-08 clkload21
 2.015968e-08 7.681736e-08 2.635102e-11 9.700340e-08 fanout106
 9.696338e-08 0.000000e+00 3.323525e-11 9.699661e-08 clkload17
 9.693538e-08 0.000000e+00 3.323525e-11 9.696861e-08 clkload19
 2.030514e-08 7.522792e-08 2.648648e-11 9.555955e-08 fanout391
 1.999582e-08 7.541256e-08 2.648648e-11 9.543487e-08 fanout394
 2.017373e-08 7.510427e-08 2.360706e-11 9.530161e-08 fanout402
 2.017936e-08 7.469791e-08 2.360706e-11 9.490088e-08 fanout412
 1.898723e-08 7.542696e-08 2.535626e-11 9.443955e-08 fanout683
 1.865241e-08 7.517438e-08 2.535626e-11 9.385216e-08 fanout679
 1.301888e-08 7.974563e-08 2.624954e-11 9.279076e-08 fanout266
 2.015485e-08 7.240723e-08 2.360706e-11 9.258569e-08 fanout399
 2.018984e-08 7.207770e-08 2.373686e-11 9.229129e-08 fanout363
 1.256099e-08 7.935619e-08 2.629178e-11 9.194347e-08 fanout199
 2.025022e-08 7.110936e-08 2.648648e-11 9.138608e-08 fanout376
 6.138251e-09 8.455439e-08 1.318603e-11 9.070583e-08 _09010_
 2.024496e-08 6.995359e-08 2.360706e-11 9.022215e-08 fanout406
 2.027462e-08 6.941842e-08 2.360706e-11 8.971664e-08 fanout398
 2.015683e-08 6.952085e-08 2.648648e-11 8.970417e-08 fanout381
 2.020231e-08 6.915165e-08 2.648648e-11 8.938045e-08 fanout389
 1.867572e-08 7.055445e-08 2.535626e-11 8.925552e-08 fanout691
 2.028751e-08 6.837313e-08 2.360706e-11 8.868424e-08 fanout407
 2.021809e-08 6.843938e-08 2.360706e-11 8.868108e-08 fanout427
 1.354844e-08 7.348778e-08 2.639556e-11 8.706262e-08 fanout159
 1.345902e-08 7.335275e-08 4.689237e-11 8.685866e-08 fanout143
 2.020059e-08 6.653580e-08 2.360706e-11 8.675999e-08 fanout422
 1.878742e-08 6.781244e-08 2.535626e-11 8.662521e-08 fanout689
 2.021258e-08 6.540365e-08 2.360706e-11 8.563983e-08 fanout433
 8.360234e-08 0.000000e+00 1.683086e-11 8.361918e-08 clkload108
 8.358633e-08 0.000000e+00 1.683086e-11 8.360316e-08 clkload106
 8.357630e-08 0.000000e+00 1.683086e-11 8.359314e-08 clkload77
 8.357365e-08 0.000000e+00 1.683086e-11 8.359049e-08 clkload107
 8.355424e-08 0.000000e+00 1.683086e-11 8.357107e-08 clkload159
 8.355124e-08 0.000000e+00 1.683086e-11 8.356808e-08 clkload109
 8.354129e-08 0.000000e+00 1.683086e-11 8.355813e-08 clkload130
 8.353788e-08 0.000000e+00 1.683086e-11 8.355472e-08 clkload113
 8.353374e-08 0.000000e+00 1.683086e-11 8.355057e-08 clkload160
 8.353106e-08 0.000000e+00 1.683086e-11 8.354790e-08 clkload129
 8.352839e-08 0.000000e+00 1.683086e-11 8.354522e-08 clkload127
 8.352632e-08 0.000000e+00 1.683086e-11 8.354315e-08 clkload78
 8.351796e-08 0.000000e+00 1.683086e-11 8.353479e-08 clkload85
 8.351536e-08 0.000000e+00 1.683086e-11 8.353219e-08 clkload166
 8.351522e-08 0.000000e+00 1.683086e-11 8.353205e-08 clkload131
 8.350963e-08 0.000000e+00 1.683086e-11 8.352647e-08 clkload155
 8.350860e-08 0.000000e+00 1.683086e-11 8.352543e-08 clkload83
 8.349350e-08 0.000000e+00 1.683086e-11 8.351033e-08 clkload156
 8.348500e-08 0.000000e+00 1.683086e-11 8.350183e-08 clkload133
 8.348301e-08 0.000000e+00 1.683086e-11 8.349984e-08 clkload87
 8.348132e-08 0.000000e+00 1.683086e-11 8.349816e-08 clkload138
 8.347956e-08 0.000000e+00 1.683086e-11 8.349639e-08 clkload135
 8.347357e-08 0.000000e+00 1.683086e-11 8.349040e-08 clkload132
 8.345805e-08 0.000000e+00 1.683086e-11 8.347488e-08 clkload144
 8.345399e-08 0.000000e+00 1.683086e-11 8.347082e-08 clkload168
 8.345128e-08 0.000000e+00 1.683086e-11 8.346812e-08 clkload88
 8.342527e-08 0.000000e+00 1.683086e-11 8.344210e-08 clkload124
 8.342251e-08 0.000000e+00 1.683086e-11 8.343935e-08 clkload163
 8.340962e-08 0.000000e+00 1.683086e-11 8.342646e-08 clkload80
 8.340604e-08 0.000000e+00 1.683086e-11 8.342288e-08 clkload142
 8.340155e-08 0.000000e+00 1.683086e-11 8.341838e-08 clkload86
 8.339808e-08 0.000000e+00 1.683086e-11 8.341492e-08 clkload123
 8.338915e-08 0.000000e+00 1.683086e-11 8.340599e-08 clkload120
 1.577155e-08 6.742206e-08 2.596852e-11 8.321959e-08 fanout216
 8.297169e-08 0.000000e+00 1.683086e-11 8.298852e-08 clkload70
 1.998038e-08 6.214000e-08 2.648648e-11 8.214687e-08 fanout395
 1.061682e-08 6.996927e-08 2.377727e-11 8.060987e-08 fanout145
 1.285238e-08 6.748767e-08 2.384400e-11 8.036389e-08 fanout268
 1.674794e-08 6.262564e-08 9.839641e-12 7.938342e-08 _08950_
 1.607052e-08 6.026539e-08 2.412503e-11 7.636003e-08 fanout231
 1.291214e-08 6.198857e-08 2.384400e-11 7.492455e-08 fanout273
 1.281798e-08 6.097131e-08 2.384400e-11 7.381313e-08 fanout274
 7.300926e-08 0.000000e+00 1.683952e-11 7.302610e-08 clkload42
 7.299241e-08 0.000000e+00 1.683952e-11 7.300925e-08 clkload41
 7.297815e-08 0.000000e+00 1.683952e-11 7.299499e-08 clkload43
 7.296715e-08 0.000000e+00 1.683952e-11 7.298399e-08 clkload44
 7.290215e-08 0.000000e+00 1.683952e-11 7.291899e-08 clkload35
 7.286665e-08 0.000000e+00 1.683952e-11 7.288349e-08 clkload38
 7.282534e-08 0.000000e+00 1.683952e-11 7.284218e-08 clkload60
 7.282145e-08 0.000000e+00 1.683952e-11 7.283829e-08 clkload63
 7.280774e-08 0.000000e+00 1.683952e-11 7.282458e-08 clkload59
 7.273265e-08 0.000000e+00 1.683952e-11 7.274949e-08 clkload58
 7.272419e-08 0.000000e+00 1.683952e-11 7.274103e-08 clkload32
 7.238341e-08 0.000000e+00 1.683952e-11 7.240025e-08 clkload16
 1.301500e-08 5.715161e-08 2.384400e-11 7.019046e-08 fanout270
 1.055624e-08 5.616861e-08 2.377727e-11 6.674863e-08 fanout146
 1.118076e-08 5.106051e-08 2.358380e-11 6.226485e-08 fanout114
 1.103096e-08 4.793901e-08 1.655695e-11 5.898653e-08 fanout92
 5.769357e-09 5.257808e-08 1.322994e-11 5.836067e-08 _09098_
 1.102417e-08 4.707136e-08 1.655695e-11 5.811209e-08 fanout91
 1.106081e-08 4.680171e-08 2.358380e-11 5.788610e-08 fanout113
 9.989804e-09 4.769253e-08 4.691581e-11 5.772925e-08 fanout164
 1.100156e-08 4.665198e-08 1.655630e-11 5.767010e-08 fanout387
 1.643369e-08 4.028055e-08 2.376717e-11 5.673800e-08 fanout322
 7.556118e-09 4.904381e-08 1.323059e-11 5.661315e-08 _09161_
 8.397262e-09 4.702395e-08 2.363216e-11 5.544485e-08 fanout194
 1.100473e-08 4.425542e-08 1.655695e-11 5.527670e-08 fanout86
 1.096824e-08 4.320940e-08 1.688199e-11 5.419452e-08 fanout431
 7.329431e-09 4.604674e-08 1.322324e-11 5.338939e-08 fanout93
 4.099487e-09 4.883461e-08 1.314865e-11 5.294725e-08 _12111_
 1.095467e-08 4.170186e-08 1.688199e-11 5.267342e-08 fanout409
 8.035209e-09 4.444262e-08 9.854049e-12 5.248769e-08 _13201_
 1.098235e-08 4.119077e-08 1.686731e-11 5.218999e-08 fanout364
 1.480377e-08 3.709479e-08 1.673057e-11 5.191529e-08 fanout332
 1.097263e-08 4.019005e-08 1.655695e-11 5.117924e-08 fanout84
 1.097003e-08 3.970116e-08 1.657162e-11 5.068777e-08 fanout107
 4.890376e-08 0.000000e+00 1.985853e-11 4.892362e-08 clkload55
 4.886682e-08 0.000000e+00 1.985853e-11 4.888668e-08 clkload57
 4.878144e-08 0.000000e+00 1.985853e-11 4.880130e-08 clkload25
 4.874449e-08 0.000000e+00 1.985853e-11 4.876435e-08 clkload26
 4.865431e-08 0.000000e+00 1.985853e-11 4.867417e-08 clkload29
 4.835444e-08 0.000000e+00 1.985853e-11 4.837430e-08 clkload56
 4.791967e-08 0.000000e+00 1.985853e-11 4.793953e-08 clkload47
 1.091591e-08 3.687145e-08 1.688199e-11 4.780425e-08 fanout419
 3.938328e-09 4.341245e-08 1.316560e-11 4.736394e-08 _09015_
 1.090867e-08 3.599409e-08 1.688199e-11 4.691964e-08 fanout421
 5.588980e-09 4.109756e-08 1.322740e-11 4.669977e-08 _09133_
 8.251826e-09 3.798554e-08 9.854422e-12 4.624722e-08 _14403_
 5.244105e-09 4.070152e-08 1.323060e-11 4.595885e-08 _09179_
 1.093863e-08 3.492658e-08 1.688199e-11 4.588209e-08 fanout408
 5.048588e-09 4.072280e-08 1.322755e-11 4.578461e-08 _09195_
 1.092671e-08 3.451248e-08 1.688199e-11 4.545607e-08 fanout401
 3.817049e-08 6.395404e-09 2.599239e-11 4.459189e-08 output12
 3.873283e-08 5.079736e-09 2.388732e-11 4.383646e-08 output16
 8.263659e-09 3.536233e-08 9.854184e-12 4.363584e-08 _13633_
 4.246580e-09 3.774232e-08 1.322418e-11 4.200212e-08 _09227_
 3.112830e-08 1.053505e-08 2.580351e-11 4.168915e-08 output14
 5.875929e-09 3.566356e-08 9.855184e-12 4.154934e-08 _11633_
 6.607502e-09 3.483234e-08 9.854930e-12 4.144969e-08 _11854_
 1.089579e-08 3.045933e-08 1.655695e-11 4.137168e-08 fanout88
 3.372538e-09 3.734216e-08 9.852998e-12 4.072455e-08 _09253_
 6.346380e-09 3.310498e-08 9.855583e-12 3.946121e-08 _11861_
 6.691688e-09 3.240315e-08 9.856786e-12 3.910469e-08 _12081_
 3.743011e-09 3.497004e-08 9.854447e-12 3.872291e-08 _09041_
 6.320326e-09 3.238860e-08 9.853117e-12 3.871878e-08 _11850_
 7.539018e-09 3.107307e-08 9.855854e-12 3.862194e-08 _13427_
 7.158953e-09 3.030680e-08 9.855236e-12 3.747561e-08 _13963_
 7.559169e-09 2.897882e-08 2.352319e-11 3.656152e-08 fanout99
 7.079425e-09 2.929284e-08 9.854651e-12 3.638212e-08 _13637_
 4.872368e-09 3.109209e-08 2.642924e-11 3.599089e-08 max_cap66
 6.527938e-09 2.858122e-08 9.854338e-12 3.511902e-08 _11626_
 5.976347e-09 2.888495e-08 9.855134e-12 3.487115e-08 _14861_
 8.721079e-09 2.589807e-08 9.853524e-12 3.462901e-08 _12857_
 4.227231e-09 2.999850e-08 9.856565e-12 3.423559e-08 _09048_
 4.334032e-09 2.987022e-08 9.855617e-12 3.421411e-08 _09170_
 3.836954e-09 3.022750e-08 9.854328e-12 3.407430e-08 _09106_
 6.481401e-09 2.723018e-08 9.851930e-12 3.372143e-08 _14196_
 6.064941e-09 2.719499e-08 9.855455e-12 3.326979e-08 _14741_
 7.545837e-09 2.557486e-08 9.855066e-12 3.313055e-08 _13208_
 3.846113e-09 2.915223e-08 9.854600e-12 3.300820e-08 _09131_
 4.575535e-09 2.818061e-08 9.854388e-12 3.276600e-08 _09096_
 6.026151e-09 2.671156e-08 9.855828e-12 3.274757e-08 _13645_
 4.545410e-09 2.802801e-08 9.854193e-12 3.258327e-08 _09194_
 6.105252e-09 2.578332e-08 9.853905e-12 3.189843e-08 _13967_
 4.058303e-09 2.771094e-08 9.852592e-12 3.177909e-08 _09032_
 5.099068e-09 2.661343e-08 9.855667e-12 3.172235e-08 _12190_
 3.846373e-09 2.783664e-08 9.853778e-12 3.169287e-08 _09254_
 3.893489e-09 2.770506e-08 9.854786e-12 3.160840e-08 _09239_
 6.034085e-09 2.541969e-08 9.855507e-12 3.146363e-08 _14407_
 7.916510e-09 2.332985e-08 9.855701e-12 3.125621e-08 _12306_
 3.165278e-09 2.761392e-08 9.852930e-12 3.078905e-08 _09189_
 8.014490e-09 2.262475e-08 9.853989e-12 3.064910e-08 _12301_
 6.651531e-09 2.384911e-08 9.857067e-12 3.051050e-08 _12528_
 7.270822e-09 2.317474e-08 1.322324e-11 3.045879e-08 fanout87
 3.930943e-09 2.625089e-08 1.318993e-11 3.019502e-08 _09115_
 4.834234e-09 2.518618e-08 9.858803e-12 3.003027e-08 _12980_
 2.533858e-09 2.741621e-08 9.890909e-12 2.995996e-08 _09342_
 4.623087e-09 2.530812e-08 9.854532e-12 2.994106e-08 _09056_
 5.366709e-09 2.427902e-08 2.349655e-11 2.966923e-08 fanout142
 5.507537e-09 2.407935e-08 2.350421e-11 2.961039e-08 fanout137
 5.761528e-09 2.352877e-08 9.857337e-12 2.930015e-08 _14415_
 6.096818e-09 2.307683e-08 9.856380e-12 2.918351e-08 _14298_
 3.627929e-09 2.530028e-08 9.851854e-12 2.893806e-08 _09023_
 2.497471e-09 2.631198e-08 9.818371e-12 2.881927e-08 _09014_
 3.508580e-09 2.516359e-08 9.853693e-12 2.868203e-08 _09144_
 6.675963e-09 2.190118e-08 9.854041e-12 2.858699e-08 _12073_
 5.593851e-09 2.256754e-08 9.854168e-12 2.817124e-08 _14853_
 5.500703e-09 2.265426e-08 9.855210e-12 2.816482e-08 _14749_
 3.569231e-09 2.456415e-08 9.855143e-12 2.814324e-08 _09261_
 3.071572e-09 2.493343e-08 9.851998e-12 2.801485e-08 _09165_
 5.342620e-09 2.236684e-08 2.659699e-11 2.773606e-08 fanout140
 5.950320e-09 2.141380e-08 9.854726e-12 2.737398e-08 _11405_
 3.362519e-09 2.360659e-08 9.854405e-12 2.697896e-08 _09079_
 7.064803e-09 1.933648e-08 9.855228e-12 2.641114e-08 _13419_
 4.059120e-09 2.220975e-08 9.857880e-12 2.627872e-08 _09156_
 5.310642e-09 2.087149e-08 9.855769e-12 2.619199e-08 _11413_
 3.562233e-09 2.260843e-08 9.855490e-12 2.618051e-08 _09024_
 5.049802e-09 2.104207e-08 9.855228e-12 2.610172e-08 _12758_
 6.730022e-09 1.914664e-08 9.854770e-12 2.588652e-08 _11738_
 5.552795e-09 1.984041e-08 2.658934e-11 2.541979e-08 fanout187
 3.503025e-09 2.171490e-08 9.872278e-12 2.522780e-08 _15451_
 2.906391e-09 2.214440e-08 9.853769e-12 2.506065e-08 _09033_
 3.325178e-09 2.164516e-08 9.852608e-12 2.498019e-08 _09058_
 4.749719e-09 2.006326e-08 9.857490e-12 2.482283e-08 _13096_
 5.445939e-09 1.927314e-08 9.854193e-12 2.472893e-08 _14084_
 4.940494e-09 1.972622e-08 4.695479e-11 2.471366e-08 fanout168
 5.122760e-09 1.938954e-08 9.853804e-12 2.452215e-08 _13975_
 3.295797e-09 2.117718e-08 9.853676e-12 2.448284e-08 _09235_
 7.556197e-09 1.689633e-08 9.854497e-12 2.446238e-08 _11746_
 2.435388e-08 0.000000e+00 1.316944e-11 2.436705e-08 clkload18
 4.578037e-09 1.956867e-08 9.856456e-12 2.415656e-08 _12536_
 3.609916e-09 2.027223e-08 9.856303e-12 2.389200e-08 _09257_
 1.939625e-08 4.370523e-09 2.360706e-11 2.379038e-08 output15
 4.974397e-09 1.879404e-08 9.876574e-12 2.377831e-08 _11866_
 2.462294e-09 2.121667e-08 9.821160e-12 2.368879e-08 _15550_
 5.467499e-09 1.811795e-08 2.350267e-11 2.360895e-08 fanout190
 3.507697e-09 1.998953e-08 9.874761e-12 2.350710e-08 _16945_
 3.504474e-09 1.977414e-08 9.849312e-12 2.328847e-08 _12650_
 3.929157e-09 1.933298e-08 9.854938e-12 2.327200e-08 _09122_
 5.918522e-09 1.676536e-08 9.853099e-12 2.269373e-08 _14077_
 5.533549e-09 1.703777e-08 2.350421e-11 2.259482e-08 fanout138
 2.853763e-09 1.963539e-08 9.853778e-12 2.249900e-08 _09049_
 2.909172e-09 1.940692e-08 9.852922e-12 2.232594e-08 _09135_
 4.374876e-09 1.792263e-08 9.857296e-12 2.230737e-08 _14188_
 3.636418e-09 1.825754e-08 9.852914e-12 2.190381e-08 _09127_
 3.493264e-09 1.816864e-08 9.853490e-12 2.167176e-08 _09059_
 4.384866e-09 1.718701e-08 9.856905e-12 2.158174e-08 _14637_
 3.135582e-09 1.838986e-08 9.854320e-12 2.153530e-08 _09143_
 2.181036e-09 1.923066e-08 9.854168e-12 2.142155e-08 _09169_
 3.402706e-09 1.753656e-08 9.852787e-12 2.094912e-08 _09045_
 7.721251e-09 1.306241e-08 1.344542e-11 2.079710e-08 wire98
 3.565143e-09 1.718505e-08 9.874574e-12 2.076006e-08 _12521_
 3.047870e-09 1.755056e-08 9.848167e-12 2.060828e-08 _12424_
 4.951044e-09 1.524586e-08 9.873685e-12 2.020677e-08 _11743_
 3.915368e-09 1.620880e-08 9.837482e-12 2.013401e-08 _09012_
 3.079405e-09 1.695354e-08 9.853252e-12 2.004280e-08 _09109_
 7.019425e-09 1.235213e-08 9.853176e-12 1.938141e-08 _14305_
 2.754494e-09 1.655842e-08 9.854617e-12 1.932276e-08 _09229_
 5.208149e-09 1.404453e-08 9.858414e-12 1.926254e-08 _12197_
 2.557095e-09 1.668355e-08 9.852414e-12 1.925050e-08 _09188_
 4.040754e-09 1.517563e-08 9.842193e-12 1.922623e-08 _09013_
 3.457499e-09 1.556238e-08 9.838736e-12 1.902972e-08 _09009_
 3.456990e-09 1.554731e-08 9.888786e-12 1.901419e-08 _11638_
 6.336455e-09 1.251080e-08 9.855896e-12 1.885711e-08 _12868_
 3.543761e-09 1.518515e-08 9.853879e-12 1.873876e-08 _09099_
 2.951504e-09 1.569212e-08 9.882303e-12 1.865351e-08 _15558_
 2.966409e-09 1.549785e-08 9.866981e-12 1.847412e-08 _10438_
 2.352284e-09 1.600040e-08 9.856048e-12 1.836254e-08 _09205_
 2.404417e-09 1.589624e-08 9.853812e-12 1.831051e-08 _09164_
 3.130440e-09 1.513858e-08 9.852667e-12 1.827887e-08 _09171_
 2.986692e-09 1.498116e-08 9.854811e-12 1.797770e-08 _09196_
 3.333633e-09 1.443623e-08 9.889236e-12 1.777975e-08 _14310_
 2.635552e-09 1.497344e-08 9.853431e-12 1.761885e-08 _09057_
 2.269966e-09 1.518918e-08 9.851184e-12 1.746899e-08 _09092_
 2.693787e-09 1.467683e-08 9.854955e-12 1.738047e-08 _09052_
 3.411620e-09 1.386659e-08 9.852829e-12 1.728806e-08 _09241_
 3.667638e-09 1.359670e-08 9.853337e-12 1.727419e-08 _13084_
 2.973072e-09 1.425539e-08 9.855236e-12 1.723832e-08 _09247_
 4.025569e-09 1.316789e-08 9.861346e-12 1.720332e-08 _08951_
 3.363030e-09 1.375092e-08 9.854490e-12 1.712380e-08 _09233_
 2.553571e-09 1.453258e-08 9.855202e-12 1.709600e-08 _09226_
 2.569984e-09 1.449509e-08 9.854642e-12 1.707493e-08 _09256_
 3.519216e-09 1.317923e-08 9.853566e-12 1.670830e-08 _13852_
 2.400309e-09 1.425709e-08 9.849583e-12 1.666725e-08 _09072_
 2.503289e-09 1.406422e-08 9.852065e-12 1.657736e-08 _09065_
 1.955385e-09 1.454300e-08 1.324594e-11 1.651163e-08 _09094_
 2.960775e-09 1.349125e-08 9.856541e-12 1.646189e-08 _10010_
 2.894245e-09 1.355671e-08 9.840456e-12 1.646080e-08 _09116_
 1.925158e-09 1.451593e-08 9.853320e-12 1.645094e-08 _09121_
 3.123071e-09 1.317194e-08 9.845709e-12 1.630486e-08 _13757_
 2.793754e-09 1.348700e-08 9.854726e-12 1.629061e-08 _09125_
 3.217766e-09 1.304341e-08 9.855625e-12 1.627103e-08 _09107_
 2.067479e-09 1.412259e-08 9.853955e-12 1.619993e-08 _09088_
 2.341366e-09 1.371321e-08 9.854168e-12 1.606443e-08 _09263_
 2.651450e-09 1.337486e-08 9.852168e-12 1.603617e-08 _09136_
 1.956823e-09 1.405232e-08 1.330588e-11 1.602245e-08 _15060_
 2.970264e-09 1.300020e-08 9.851812e-12 1.598031e-08 _09220_
 3.082189e-09 1.282581e-08 9.854422e-12 1.591786e-08 _10942_
 4.635468e-09 1.120542e-08 9.875592e-12 1.585076e-08 _13433_
 2.563156e-09 1.320630e-08 9.855134e-12 1.577931e-08 _09082_
 3.936934e-09 1.168689e-08 2.551637e-11 1.564934e-08 fanout458
 2.286600e-09 1.334488e-08 9.854473e-12 1.564133e-08 _09064_
 2.253528e-09 1.337540e-08 9.854278e-12 1.563878e-08 _09163_
 1.585279e-09 1.400436e-08 1.322828e-11 1.560287e-08 _08964_
 3.229315e-09 1.236362e-08 9.855532e-12 1.560279e-08 _09126_
 3.164202e-09 1.222320e-08 9.855939e-12 1.539726e-08 _09218_
 2.883778e-09 1.250263e-08 9.854041e-12 1.539626e-08 _09174_
 2.310712e-09 1.307460e-08 9.852642e-12 1.539517e-08 _09181_
 2.569442e-09 1.278893e-08 9.853948e-12 1.536822e-08 _09240_
 2.020427e-09 1.331965e-08 9.852567e-12 1.534993e-08 _09100_
 5.197759e-09 1.005396e-08 9.857363e-12 1.526158e-08 _12861_
 3.372163e-09 1.182178e-08 9.855516e-12 1.520380e-08 _10523_
 3.011964e-09 1.211613e-08 9.852507e-12 1.513794e-08 _09142_
 4.474294e-09 1.057508e-08 9.873794e-12 1.505925e-08 _13424_
 3.258283e-09 1.147341e-08 9.855600e-12 1.474155e-08 _09081_
 2.725533e-09 1.197039e-08 9.874379e-12 1.470579e-08 _10050_
 3.095312e-09 1.154149e-08 9.854006e-12 1.464666e-08 _10484_
 2.912816e-09 1.171520e-08 9.854177e-12 1.463787e-08 _09213_
 2.833610e-09 1.178856e-08 9.843024e-12 1.463201e-08 _09118_
 2.485635e-09 1.199056e-08 9.892083e-12 1.448609e-08 _12985_
 1.818062e-09 1.262160e-08 9.854346e-12 1.444952e-08 _09140_
 2.470768e-09 1.196020e-08 9.854092e-12 1.444083e-08 _09036_
 1.881910e-09 1.245925e-08 9.851490e-12 1.435102e-08 _09151_
 3.118348e-09 1.121120e-08 9.877404e-12 1.433943e-08 _14858_
 2.582510e-09 1.173343e-08 9.855913e-12 1.432580e-08 _10901_
 1.758095e-09 1.238925e-08 9.848930e-12 1.415720e-08 _09155_
 2.711688e-09 1.143414e-08 9.877955e-12 1.415570e-08 _10304_
 2.425922e-09 1.162860e-08 9.854262e-12 1.406438e-08 _09228_
 2.558867e-09 1.147731e-08 9.831871e-12 1.404601e-08 _11969_
 2.884372e-09 1.112327e-08 9.889566e-12 1.401753e-08 _12078_
 2.517352e-09 1.148429e-08 9.853448e-12 1.401149e-08 _09187_
 2.526203e-09 1.141879e-08 9.853193e-12 1.395484e-08 _09202_
 2.888652e-09 1.100056e-08 9.856269e-12 1.389906e-08 _10355_
 3.475673e-09 1.031326e-08 9.852388e-12 1.379879e-08 _09204_
 2.480224e-09 1.126929e-08 2.660097e-11 1.377612e-08 fanout169
 2.522425e-09 1.121492e-08 9.853328e-12 1.374720e-08 _09134_
 2.426671e-09 1.121031e-08 9.854523e-12 1.364684e-08 _09108_
 4.591772e-09 8.942244e-09 9.875786e-12 1.354389e-08 _13214_
 1.908665e-09 1.156237e-08 9.848049e-12 1.348088e-08 _10886_
 3.920636e-09 9.464610e-09 9.879363e-12 1.339513e-08 _14193_
 2.945994e-09 1.032228e-08 9.855863e-12 1.327813e-08 _10397_
 3.307601e-09 9.953582e-09 9.878642e-12 1.327106e-08 _14867_
 3.318346e-09 9.927057e-09 9.883794e-12 1.325529e-08 _14090_
 1.235640e-08 8.334743e-10 2.506728e-11 1.321494e-08 output17
 1.813148e-09 1.133354e-08 9.850320e-12 1.315654e-08 _09130_
 2.234610e-09 1.079538e-08 9.854447e-12 1.303984e-08 _09249_
 2.162366e-09 1.082587e-08 9.856024e-12 1.299809e-08 _09025_
 2.684399e-09 1.029956e-08 9.850363e-12 1.299381e-08 _09113_
 1.398473e-09 1.150517e-08 1.322767e-11 1.291688e-08 _09120_
 2.333950e-09 1.052316e-08 9.853575e-12 1.286697e-08 _09035_
 1.786766e-09 1.106432e-08 9.849448e-12 1.286093e-08 _09950_
 1.146455e-08 1.302937e-09 2.654587e-11 1.279403e-08 output13
 3.712434e-09 9.021299e-09 9.856083e-12 1.274359e-08 _09965_
 4.360823e-09 8.351336e-09 9.861329e-12 1.272202e-08 _08954_
 1.521170e-09 1.117119e-08 9.850150e-12 1.270221e-08 _09269_
 2.998781e-09 9.538007e-09 1.689362e-11 1.255368e-08 fanout139
 2.099557e-09 1.041922e-08 9.852159e-12 1.252863e-08 _09051_
 2.258303e-09 1.018135e-08 9.891999e-12 1.244954e-08 _12086_
 1.153840e-08 8.601729e-10 2.505473e-11 1.242363e-08 output52
 1.660742e-09 1.071765e-08 9.852744e-12 1.238824e-08 _10087_
 1.812117e-09 1.051831e-08 9.849677e-12 1.234028e-08 _10927_
 2.708038e-09 9.555420e-09 9.851846e-12 1.227331e-08 _09067_
 2.253205e-09 9.945229e-09 9.854922e-12 1.220829e-08 _09180_
 2.254436e-09 9.874566e-09 9.850566e-12 1.213885e-08 _09089_
 1.223436e-09 1.089974e-08 1.323298e-11 1.213641e-08 _09216_
 2.570985e-09 9.384919e-09 9.854210e-12 1.196576e-08 _10775_
 3.715049e-09 8.180399e-09 9.854520e-12 1.190530e-08 _15944_
 3.943790e-09 7.886477e-09 9.876159e-12 1.184014e-08 _12542_
 3.400441e-09 8.417953e-09 9.880723e-12 1.182827e-08 _17188_
 2.742828e-09 9.066701e-09 9.851201e-12 1.181938e-08 _09212_
 2.978195e-09 8.774015e-09 9.852574e-12 1.176206e-08 _09221_
 2.890208e-09 8.836550e-09 9.857159e-12 1.173662e-08 _10730_
 4.393442e-09 7.327002e-09 9.856007e-12 1.173030e-08 _13088_
 2.532746e-09 9.134800e-09 9.854049e-12 1.167740e-08 _09210_
 2.387630e-09 9.248433e-09 9.852294e-12 1.164592e-08 _09068_
 3.234068e-09 8.307171e-09 9.854955e-12 1.155109e-08 _09749_
 2.595140e-09 8.877574e-09 9.854464e-12 1.148257e-08 _09203_
 2.506939e-09 8.926490e-09 9.855083e-12 1.144328e-08 _10815_
 2.184544e-09 9.157104e-09 9.853795e-12 1.135150e-08 _09043_
 2.259750e-09 9.054446e-09 9.852473e-12 1.132405e-08 _09243_
 2.585818e-09 8.665022e-09 9.854447e-12 1.126069e-08 _09831_
 4.046195e-09 7.131948e-09 9.848621e-12 1.118799e-08 _16951_
 2.108091e-09 9.060999e-09 9.892999e-12 1.117898e-08 _13093_
 1.837307e-09 9.247175e-09 9.855744e-12 1.109434e-08 _09200_
 2.672070e-09 8.313693e-09 9.889176e-12 1.099565e-08 _13642_
 1.308760e-09 9.620399e-09 1.321888e-11 1.094238e-08 _09237_
 1.885880e-09 9.040276e-09 9.854888e-12 1.093601e-08 _09084_
 2.221164e-09 8.629550e-09 9.853117e-12 1.086057e-08 _09027_
 2.263542e-09 8.563886e-09 9.855600e-12 1.083728e-08 _09083_
 3.970012e-09 6.743023e-09 9.851316e-12 1.072289e-08 _15900_
 1.812587e-09 8.830358e-09 9.853625e-12 1.065280e-08 _09255_
 4.238246e-09 6.361804e-09 9.844062e-12 1.060989e-08 _16201_
 4.194752e-09 6.388832e-09 9.839248e-12 1.059342e-08 _17451_
 4.244291e-09 6.289770e-09 9.875024e-12 1.054394e-08 _13651_
 2.486510e-09 8.001801e-09 9.853701e-12 1.049816e-08 _09173_
 2.776128e-09 7.649999e-09 9.857575e-12 1.043598e-08 _10143_
 1.953806e-09 8.404592e-09 9.854405e-12 1.036825e-08 _09034_
 1.880713e-09 8.442361e-09 9.852888e-12 1.033293e-08 _09271_
 3.737210e-09 6.582855e-09 9.856291e-12 1.032992e-08 _15913_
 1.790559e-09 8.520897e-09 9.835575e-12 1.032129e-08 _09074_
 4.108538e-09 6.130729e-09 9.844799e-12 1.024911e-08 _16979_
 3.767603e-09 6.464818e-09 9.855693e-12 1.024228e-08 _08953_
 1.614208e-09 8.612217e-09 9.856227e-12 1.023628e-08 _09078_
 2.727055e-09 7.481085e-09 9.890718e-12 1.021803e-08 _14755_
 2.939891e-09 7.218544e-09 9.853448e-12 1.016829e-08 _09878_
 1.837209e-09 8.290050e-09 9.853820e-12 1.013711e-08 _09026_
 3.970241e-09 6.124127e-09 9.851130e-12 1.010422e-08 _17177_
 8.897546e-09 1.168341e-09 2.499412e-11 1.009088e-08 output57
 4.044356e-09 6.020053e-09 9.853410e-12 1.007426e-08 _17347_
 3.889474e-09 6.135503e-09 9.854401e-12 1.003483e-08 _17844_
 3.961870e-09 6.027479e-09 9.851986e-12 9.999201e-09 _16842_
 3.723046e-09 6.206539e-09 9.851214e-12 9.939436e-09 _17505_
 2.638851e-09 7.285315e-09 9.851116e-12 9.934016e-09 _09272_
 3.771349e-09 6.145452e-09 9.854181e-12 9.926655e-09 _17874_
 1.744999e-09 8.065403e-09 9.848888e-12 9.820251e-09 _09734_
 2.082782e-09 7.644052e-09 9.851312e-12 9.736685e-09 _09103_
 2.639628e-09 7.077257e-09 9.890592e-12 9.726776e-09 _14412_
 7.603218e-09 2.046305e-09 2.504524e-11 9.674569e-09 output60
 9.577279e-10 8.674093e-09 9.855439e-12 9.641676e-09 _08977_
 2.451803e-09 7.174398e-09 9.880159e-12 9.636081e-09 _11847_
 3.946198e-09 5.618454e-09 9.850808e-12 9.574503e-09 _17672_
 2.853216e-09 6.709577e-09 9.878871e-12 9.572672e-09 _11398_
 1.039026e-09 8.480645e-09 1.322806e-11 9.532898e-09 _08976_
 4.037835e-09 5.478678e-09 9.877981e-12 9.526391e-09 _12203_
 4.405047e-09 5.102844e-09 9.846053e-12 9.517738e-09 _17153_
 2.481571e-09 7.019412e-09 9.871574e-12 9.510853e-09 _10650_
 8.453960e-09 1.030666e-09 2.513463e-11 9.509761e-09 output58
 3.767638e-09 5.728530e-09 9.856155e-12 9.506024e-09 _16768_
 4.022454e-09 5.469777e-09 9.853748e-12 9.502084e-09 _16469_
 2.290034e-09 7.171915e-09 9.859041e-12 9.471807e-09 _09922_
 1.830188e-09 7.618915e-09 9.816092e-12 9.458919e-09 _14630_
 4.103707e-09 5.344489e-09 9.847239e-12 9.458043e-09 _16896_
 4.369794e-09 5.073717e-09 9.848113e-12 9.453359e-09 _16687_
 2.558720e-09 6.884361e-09 9.853642e-12 9.452934e-09 _09650_
 2.896664e-09 6.483370e-09 9.824981e-12 9.389859e-09 _08952_
 3.700058e-09 5.670854e-09 9.850112e-12 9.380763e-09 _17037_
 3.978111e-09 5.369409e-09 9.851986e-12 9.357372e-09 _15807_
 2.564652e-09 6.770592e-09 9.891278e-12 9.345135e-09 _13981_
 2.230158e-09 7.103837e-09 9.857600e-12 9.343853e-09 _10270_
 3.506950e-09 5.820156e-09 9.852180e-12 9.336959e-09 _17423_
 4.198871e-09 5.107168e-09 9.846875e-12 9.315886e-09 _16290_
 1.174575e-09 8.119071e-09 1.323313e-11 9.306879e-09 _09224_
 3.919398e-09 5.356818e-09 9.852332e-12 9.286069e-09 _16760_
 2.253048e-09 7.018961e-09 9.891422e-12 9.281901e-09 _11410_
 1.335462e-09 7.926255e-09 9.854193e-12 9.271571e-09 _09270_
 1.613194e-09 7.602353e-09 9.836083e-12 9.225383e-09 _09073_
 8.613685e-09 5.856902e-10 2.495799e-11 9.224333e-09 output33
 3.649050e-09 5.563125e-09 9.852341e-12 9.222028e-09 _15448_
 2.604334e-09 6.598178e-09 9.853684e-12 9.212365e-09 _09182_
 3.754181e-09 5.434070e-09 9.878723e-12 9.198130e-09 _16270_
 2.231320e-09 6.889610e-09 9.891871e-12 9.130821e-09 _14746_
 9.061925e-10 8.202755e-09 1.323503e-11 9.122182e-09 _08962_
 3.204777e-09 5.902399e-09 9.883714e-12 9.117059e-09 _17811_
 4.248575e-09 4.850280e-09 9.849723e-12 9.108705e-09 _16427_
 3.925961e-09 5.170799e-09 9.853935e-12 9.106615e-09 _17092_
 4.136724e-09 4.910485e-09 9.848985e-12 9.057058e-09 _16220_
 1.682915e-09 7.350002e-09 9.850855e-12 9.042768e-09 _09158_
 3.290650e-09 5.728743e-09 9.881977e-12 9.029275e-09 _15342_
 1.116568e-09 7.873677e-09 1.321043e-11 9.003456e-09 _09154_
 3.684093e-09 5.295727e-09 9.848925e-12 8.989669e-09 _17562_
 1.755044e-09 7.214194e-09 9.853396e-12 8.979091e-09 _09066_
 3.072136e-09 5.875889e-09 9.889617e-12 8.957915e-09 _12764_
 2.567196e-09 6.261780e-09 9.856159e-12 8.838831e-09 _09789_
 3.813740e-09 5.005012e-09 9.855773e-12 8.828608e-09 _17881_
 3.626187e-09 5.168086e-09 9.850723e-12 8.804125e-09 _15423_
 3.534743e-09 5.253913e-09 9.851901e-12 8.798509e-09 _16969_
 3.676542e-09 5.111094e-09 9.855867e-12 8.797493e-09 _17378_
 7.983942e-09 7.659358e-10 2.520106e-11 8.775078e-09 output41
 1.449521e-09 7.307192e-09 9.845938e-12 8.766559e-09 _09862_
 9.855898e-10 7.719141e-09 1.653892e-11 8.721270e-09 _09085_
 3.862931e-09 4.838714e-09 9.876485e-12 8.711522e-09 _16648_
 3.271466e-09 5.415199e-09 9.880071e-12 8.696546e-09 _17543_
 1.944614e-09 6.740725e-09 9.853625e-12 8.695193e-09 _09996_
 1.835800e-09 6.812858e-09 9.848108e-12 8.658507e-09 _09637_
 2.117739e-09 6.521018e-09 9.858617e-12 8.648616e-09 _10232_
 8.032092e-09 5.635507e-10 2.497636e-11 8.620620e-09 output28
 3.919697e-09 4.658952e-09 9.850985e-12 8.588500e-09 _17011_
 2.967180e-09 5.577899e-09 9.824134e-12 8.554903e-09 _08955_
 7.212659e-09 1.308696e-09 2.507585e-11 8.546432e-09 output35
 3.573977e-09 4.945172e-09 9.879943e-12 8.529030e-09 _16657_
 2.706253e-09 5.689118e-09 9.884799e-12 8.405256e-09 _15231_
 4.010941e-09 4.370384e-09 9.851028e-12 8.391176e-09 _17439_
 3.834536e-09 4.529523e-09 9.851986e-12 8.373910e-09 _15996_
 3.551783e-09 4.812227e-09 9.879621e-12 8.373889e-09 _17224_
 1.842745e-09 6.502397e-09 9.852905e-12 8.354994e-09 _09242_
 3.796456e-09 4.509604e-09 9.851621e-12 8.315912e-09 _16329_
 3.876021e-09 4.428460e-09 9.853621e-12 8.314334e-09 _16748_
 4.043423e-09 4.186151e-09 9.849392e-12 8.239422e-09 _17232_
 4.310294e-09 3.892779e-09 9.841240e-12 8.212915e-09 _17103_
 2.215697e-09 5.978523e-09 1.678362e-11 8.211004e-09 fanout446
 1.705362e-09 6.494163e-09 9.893414e-12 8.209418e-09 _12755_
 9.890864e-10 7.190052e-09 9.861041e-12 8.189000e-09 _09245_
 4.095111e-09 4.046185e-09 9.851181e-12 8.151146e-09 _17785_
 4.056354e-09 4.068066e-09 9.846706e-12 8.134267e-09 _15726_
 3.908302e-09 4.211739e-09 9.854239e-12 8.129896e-09 _15957_
 3.889022e-09 4.217506e-09 9.851783e-12 8.116380e-09 _16676_
 3.747804e-09 4.337910e-09 9.852121e-12 8.095566e-09 _17406_
 2.028414e-09 6.019131e-09 2.624219e-11 8.073788e-09 fanout455
 2.255961e-09 5.764953e-09 9.858600e-12 8.030772e-09 _10690_
 6.330254e-09 1.673045e-09 2.500575e-11 8.028304e-09 output59
 3.595950e-09 4.390353e-09 9.878757e-12 7.996181e-09 _17047_
 3.952422e-09 4.029756e-09 9.847612e-12 7.992024e-09 _17595_
 1.875361e-09 6.098448e-09 9.854083e-12 7.983664e-09 _09262_
 4.206409e-09 3.767188e-09 9.848469e-12 7.983446e-09 _16300_
 3.635632e-09 4.309618e-09 9.855299e-12 7.955105e-09 _17690_
 4.092052e-09 3.836446e-09 9.843070e-12 7.938341e-09 _15530_
 2.004794e-09 5.902518e-09 9.855032e-12 7.917168e-09 _09614_
 4.133556e-09 3.738702e-09 9.850044e-12 7.882108e-09 _16609_
 2.637480e-09 5.231931e-09 9.855066e-12 7.879267e-09 _09150_
 1.416787e-09 6.434465e-09 9.851125e-12 7.861103e-09 _09273_
 3.247219e-09 4.579398e-09 9.882393e-12 7.836500e-09 _15610_
 1.145913e-09 6.677444e-09 9.852176e-12 7.833210e-09 _08979_
 4.034708e-09 3.767358e-09 9.849663e-12 7.811915e-09 _16865_
 4.183223e-09 3.611736e-09 9.848867e-12 7.804808e-09 _16246_
 3.716431e-09 4.074908e-09 9.879359e-12 7.801218e-09 _16233_
 2.996039e-09 4.695846e-09 9.884011e-12 7.701769e-09 _17623_
 2.001560e-09 5.677547e-09 9.819354e-12 7.688927e-09 _15409_
 3.981610e-09 3.692872e-09 9.853968e-12 7.684336e-09 _15650_
 3.712486e-09 3.954631e-09 9.878206e-12 7.676995e-09 _15981_
 2.257060e-09 5.372047e-09 9.892464e-12 7.639000e-09 _14530_
 3.313885e-09 4.305141e-09 9.880511e-12 7.628906e-09 _16044_
 3.635698e-09 3.938649e-09 9.852274e-12 7.584199e-09 _17708_
 2.205303e-09 5.331189e-09 9.854456e-12 7.546346e-09 _10102_
 3.492811e-09 4.026552e-09 9.878807e-12 7.529241e-09 _17553_
 3.843974e-09 3.664983e-09 9.855096e-12 7.518812e-09 _16442_
 1.846797e-09 5.633982e-09 9.849862e-12 7.490629e-09 _09159_
 3.476037e-09 4.004359e-09 9.852986e-12 7.490249e-09 _16086_
 3.837050e-09 3.621972e-09 9.854315e-12 7.468876e-09 _16497_
 2.160257e-09 5.241448e-09 9.856702e-12 7.411561e-09 _10568_
 8.737415e-10 6.474613e-09 9.850303e-12 7.358205e-09 _09077_
 3.803789e-09 3.534950e-09 9.854554e-12 7.348593e-09 _17654_
 3.922650e-09 3.411326e-09 9.851037e-12 7.343827e-09 _16023_
 3.512843e-09 3.820010e-09 9.855748e-12 7.342709e-09 _17430_
 3.852797e-09 3.454604e-09 9.850968e-12 7.317252e-09 _16885_
 1.926333e-09 5.368415e-09 9.892456e-12 7.304640e-09 _13972_
 3.302705e-09 3.986964e-09 9.881468e-12 7.299550e-09 _16874_
 3.315746e-09 3.897536e-09 9.882723e-12 7.223164e-09 _16280_
 3.799413e-09 3.407441e-09 9.845833e-12 7.216700e-09 _17021_
 2.675426e-09 4.505304e-09 9.886223e-12 7.190616e-09 _16929_
 3.792605e-09 3.384548e-09 9.852315e-12 7.187005e-09 _17586_
 1.904139e-09 5.251492e-09 2.621250e-11 7.181843e-09 fanout459
 3.740305e-09 3.415032e-09 9.853257e-12 7.165191e-09 _15764_
 3.138904e-09 3.988975e-09 9.884061e-12 7.137763e-09 _16620_
 1.708390e-09 5.399428e-09 9.851278e-12 7.117670e-09 _10382_
 6.947640e-09 1.273477e-10 2.493687e-11 7.099925e-09 output34
 3.703615e-09 3.351904e-09 9.850257e-12 7.065370e-09 _16078_
 3.228000e-09 3.810086e-09 9.856180e-12 7.047941e-09 _17388_
 2.979073e-09 4.053639e-09 9.884104e-12 7.042596e-09 _16308_
 2.636621e-09 4.368252e-09 9.886494e-12 7.014759e-09 _17491_
 3.628352e-09 3.351613e-09 9.879926e-12 6.989844e-09 _17206_
 1.191776e-09 5.758711e-09 9.895744e-12 6.960382e-09 _13101_
 3.171716e-09 3.771170e-09 9.881977e-12 6.952767e-09 _16168_
 3.697080e-09 3.234677e-09 9.853977e-12 6.941610e-09 _17902_
 6.517682e-09 3.844262e-10 2.487473e-11 6.926983e-09 output38
 3.134850e-09 3.715643e-09 9.882095e-12 6.860375e-09 _16988_
 2.319704e-09 4.525318e-09 9.854015e-12 6.854876e-09 _09172_
 1.622317e-09 5.205939e-09 9.853701e-12 6.838110e-09 _09148_
 2.976449e-09 3.842832e-09 9.884892e-12 6.829166e-09 _16394_
 1.501373e-09 5.310575e-09 9.850057e-12 6.821797e-09 _09090_
 1.745307e-09 5.038167e-09 2.615311e-11 6.809628e-09 fanout456
 3.438738e-09 3.353668e-09 9.856146e-12 6.802261e-09 _17300_
 3.403729e-09 3.346330e-09 9.857393e-12 6.759917e-09 _17262_
 3.247373e-09 3.495407e-09 9.881613e-12 6.752661e-09 _17112_
 2.555276e-09 4.184815e-09 9.853533e-12 6.749945e-09 _09234_
 2.797708e-09 3.916239e-09 9.885528e-12 6.723833e-09 _17463_
 3.561217e-09 3.042803e-09 9.852468e-12 6.613873e-09 _16367_
 2.965534e-09 3.631464e-09 9.884155e-12 6.606882e-09 _15205_
 3.362377e-09 3.207278e-09 9.853587e-12 6.579509e-09 _16138_
 2.209361e-09 4.315903e-09 9.855804e-12 6.535120e-09 _09248_
 3.341764e-09 3.171044e-09 9.854511e-12 6.522663e-09 _17499_
 2.473920e-09 4.030825e-09 9.887486e-12 6.514634e-09 _16340_
 3.362284e-09 3.122015e-09 9.881638e-12 6.494181e-09 _16576_
 2.772151e-09 3.689649e-09 9.885782e-12 6.471686e-09 _17829_
 2.886288e-09 3.568991e-09 9.890676e-12 6.465170e-09 _11419_
 3.405594e-09 3.045862e-09 9.879875e-12 6.461336e-09 _16404_
 1.733272e-09 4.715227e-09 9.849389e-12 6.458349e-09 _09091_
 3.002107e-09 3.432127e-09 9.882290e-12 6.444117e-09 _17835_
 2.845573e-09 3.549048e-09 9.850787e-12 6.404471e-09 _15734_
 1.094851e-09 5.287133e-09 9.878024e-12 6.391862e-09 _14620_
 3.257894e-09 3.090393e-09 9.880841e-12 6.358167e-09 _15776_
 3.130550e-09 3.199448e-09 9.883002e-12 6.339881e-09 _17077_
 2.239142e-09 4.083081e-09 9.888697e-12 6.332111e-09 _16782_
 2.404000e-09 3.908025e-09 9.886960e-12 6.321911e-09 _15891_
 3.179050e-09 3.131543e-09 9.881723e-12 6.320475e-09 _15637_
 1.540796e-09 4.759497e-09 9.852194e-12 6.310145e-09 _09558_
 2.977049e-09 3.267020e-09 9.882528e-12 6.253952e-09 _17569_
 2.808863e-09 3.428317e-09 9.885283e-12 6.247066e-09 _15671_
 3.307824e-09 2.926606e-09 9.881197e-12 6.244310e-09 _16640_
 3.282729e-09 2.902688e-09 9.882697e-12 6.195299e-09 _17631_
 1.627116e-09 4.555169e-09 9.858210e-12 6.192143e-09 _10861_
 2.719867e-09 3.449927e-09 9.891541e-12 6.179686e-09 _12874_
 3.138745e-09 3.019880e-09 9.882850e-12 6.168508e-09 _17794_
 2.663809e-09 3.435350e-09 9.886257e-12 6.109046e-09 _15834_
 1.153212e-09 4.913281e-09 9.853176e-12 6.076347e-09 _08967_
 2.915374e-09 3.137598e-09 9.884078e-12 6.062856e-09 _17324_
 6.527245e-10 5.368379e-09 1.319345e-11 6.034297e-09 _09145_
 2.677850e-09 3.318431e-09 9.886697e-12 6.006168e-09 _16096_
 1.920242e-09 4.022815e-09 9.852811e-12 5.952911e-09 _10760_
 2.099055e-09 3.843883e-09 9.849490e-12 5.952787e-09 _10509_
 2.903062e-09 3.028171e-09 9.884985e-12 5.941118e-09 _17603_
 2.768187e-09 3.158080e-09 9.885096e-12 5.936151e-09 _15881_
 2.374653e-09 3.462659e-09 9.887672e-12 5.847201e-09 _15256_
 2.959918e-09 2.871382e-09 9.883977e-12 5.841184e-09 _17163_
 6.349444e-10 5.180504e-09 1.324157e-11 5.828690e-09 _08973_
 2.555587e-09 3.241642e-09 9.886307e-12 5.807115e-09 _16738_
 1.680511e-09 4.105243e-09 9.893701e-12 5.795647e-09 _14634_
 2.807692e-09 2.974329e-09 9.883800e-12 5.791904e-09 _16180_
 1.352660e-09 4.425965e-09 9.894923e-12 5.788519e-09 _12533_
 1.377691e-09 4.383977e-09 2.637811e-11 5.788046e-09 fanout443
 1.129446e-09 4.613009e-09 9.895608e-12 5.752350e-09 _14626_
 2.964192e-09 2.776585e-09 9.883349e-12 5.750659e-09 _17195_
 2.571634e-09 3.160966e-09 9.886664e-12 5.742487e-09 _17612_
 2.771360e-09 2.958180e-09 9.885960e-12 5.739426e-09 _15855_
 1.817020e-09 3.911801e-09 9.890549e-12 5.738711e-09 _15130_
 2.596501e-09 3.101422e-09 9.891074e-12 5.707814e-09 _11752_
 5.003599e-09 6.446696e-10 2.504126e-11 5.673310e-09 output36
 2.876562e-09 2.779102e-09 9.884960e-12 5.665548e-09 _17645_
 2.543439e-09 3.055128e-09 9.887282e-12 5.608454e-09 _17639_
 2.182020e-09 3.377565e-09 9.852625e-12 5.569437e-09 _09149_
 2.914968e-09 2.608712e-09 9.856910e-12 5.533537e-09 _17752_
 1.432756e-09 4.061731e-09 9.816464e-12 5.504303e-09 _15544_
 2.336741e-09 3.124578e-09 9.887774e-12 5.471207e-09 _16564_
 2.867705e-09 2.582039e-09 9.884545e-12 5.459628e-09 _17820_
 2.837897e-09 2.570611e-09 9.885291e-12 5.418394e-09 _15590_
 2.141965e-09 3.262381e-09 9.853490e-12 5.414200e-09 _09211_
 1.869394e-09 3.530359e-09 9.890485e-12 5.409643e-09 _17518_
 2.830582e-09 2.553461e-09 9.885461e-12 5.393928e-09 _16856_
 2.537541e-09 2.786887e-09 9.886113e-12 5.334314e-09 _17681_
 2.323251e-09 2.976487e-09 9.888587e-12 5.309627e-09 _17055_
 2.282291e-09 3.015374e-09 9.892617e-12 5.307558e-09 _14421_
 2.484801e-09 2.808283e-09 9.887044e-12 5.302971e-09 _16455_
 1.201036e-09 4.086003e-09 9.815125e-12 5.296854e-09 _16458_
 4.991542e-09 2.701520e-10 2.504034e-11 5.286734e-09 output61
 2.668141e-09 2.591139e-09 9.885969e-12 5.269166e-09 _16377_
 2.769746e-09 2.470143e-09 9.885672e-12 5.249775e-09 _16488_
 2.471558e-09 2.763761e-09 9.886571e-12 5.245206e-09 _17370_
 2.722929e-09 2.494333e-09 9.885332e-12 5.227147e-09 _16704_
 6.070646e-10 4.533548e-09 1.669910e-11 5.157311e-09 _09244_
 2.737398e-10 4.853507e-09 9.852592e-12 5.137099e-09 _08961_
 2.618475e-09 2.485168e-09 9.884537e-12 5.113527e-09 _15555_
 4.382433e-09 6.489931e-10 2.516708e-11 5.056593e-09 output62
 7.424604e-10 4.294073e-09 9.895532e-12 5.046429e-09 _16385_
 1.613842e-09 3.258499e-09 9.894252e-12 4.882236e-09 _14643_
 1.984812e-09 2.845897e-09 9.890282e-12 4.840599e-09 _17309_
 5.962352e-10 4.223126e-09 1.318613e-11 4.832548e-09 _09086_
 2.550829e-09 2.230936e-09 9.886756e-12 4.791652e-09 _15715_
 5.768515e-10 4.133464e-09 9.855760e-12 4.720171e-09 _08975_
 2.276528e-09 2.402496e-09 9.888028e-12 4.688912e-09 _17714_
 4.372162e-09 2.378040e-10 2.508748e-11 4.635054e-09 output37
 2.415092e-09 2.208489e-09 9.888112e-12 4.633469e-09 _17762_
 2.350302e-09 2.261771e-09 9.887358e-12 4.621960e-09 _16480_
 7.682625e-10 3.774420e-09 9.859667e-12 4.552542e-09 _09129_
 2.290445e-09 2.187382e-09 9.887825e-12 4.487715e-09 _15934_
 1.703802e-09 2.766164e-09 9.891367e-12 4.479857e-09 _17272_
 1.499337e-09 2.965408e-09 9.852447e-12 4.474597e-09 _10595_
 2.292418e-09 2.140834e-09 9.888596e-12 4.443141e-09 _17397_
 1.447513e-09 2.948885e-09 9.892320e-12 4.406290e-09 _15563_
 1.920923e-09 2.462594e-09 9.890672e-12 4.393407e-09 _17483_
 1.744084e-09 2.635150e-09 9.849100e-12 4.389083e-09 _10044_
 2.174735e-09 2.184947e-09 9.888545e-12 4.369570e-09 _16728_
 4.989054e-10 3.822998e-09 9.838855e-12 4.331742e-09 _09061_
 1.948428e-09 2.337187e-09 9.890146e-12 4.295505e-09 _17895_
 3.286636e-10 3.882499e-09 1.647595e-11 4.227639e-09 _10750_
 1.094770e-09 3.084586e-09 9.848549e-12 4.189205e-09 _09816_
 2.180826e-09 1.985726e-09 9.889172e-12 4.176441e-09 _16129_
 1.929227e-09 2.198789e-09 9.890070e-12 4.137905e-09 _16816_
 1.640994e-09 2.476371e-09 9.818380e-12 4.127183e-09 _11949_
 1.784013e-09 2.277846e-09 9.890867e-12 4.071750e-09 _17511_
 6.548100e-10 3.365959e-09 9.854456e-12 4.030623e-09 _08963_
 1.573596e-09 2.430043e-09 9.894482e-12 4.013534e-09 _14202_
 1.876246e-09 2.030052e-09 9.890469e-12 3.916188e-09 _17292_
 8.980052e-10 2.880456e-09 9.851592e-12 3.788313e-09 _08978_
 5.199617e-10 3.257219e-09 9.818549e-12 3.786999e-09 _10844_
 1.428370e-09 2.317671e-09 9.893228e-12 3.755934e-09 _15675_
 5.139805e-10 3.066977e-09 9.819490e-12 3.590777e-09 _10553_
 4.744481e-10 3.032936e-09 9.867701e-12 3.517251e-09 _09215_
 7.609601e-10 2.535954e-09 9.812312e-12 3.306726e-09 _11241_
 2.159371e-10 3.045480e-09 1.320664e-11 3.274623e-09 _08959_
 1.563567e-09 1.631146e-09 9.892121e-12 3.204605e-09 _17767_
 8.320518e-10 2.299106e-09 2.531065e-11 3.156468e-09 fanout593
 3.057093e-09 6.829583e-11 2.528524e-11 3.150674e-09 output39
 3.765654e-10 2.704092e-09 1.672432e-11 3.097382e-09 _09190_
 7.664575e-10 2.273327e-09 2.642617e-11 3.066211e-09 fanout442
 4.518292e-10 2.530312e-09 9.842973e-12 2.991984e-09 _09054_
 4.446211e-10 2.476248e-09 9.837006e-12 2.930706e-09 _09147_
 2.681813e-10 2.609177e-09 1.330208e-11 2.890661e-09 _09037_
 2.273258e-10 2.627503e-09 1.320664e-11 2.868035e-09 _08958_
 3.705020e-10 2.484318e-09 9.836871e-12 2.864657e-09 _09162_
 5.432473e-10 2.306420e-09 9.864498e-12 2.859532e-09 _09191_
 4.490739e-10 2.384395e-09 9.844599e-12 2.843313e-09 _09038_
 2.456255e-10 2.531556e-09 1.330835e-11 2.790490e-09 _09236_
 1.302547e-09 1.440447e-09 9.893113e-12 2.752887e-09 _17282_
 4.946418e-10 2.218511e-09 9.842125e-12 2.722995e-09 _09047_
 1.106895e-09 1.578751e-09 9.836057e-12 2.695482e-09 _09775_
 4.385191e-10 2.237865e-09 9.862295e-12 2.686246e-09 _10755_
 4.246123e-10 2.227619e-09 9.828049e-12 2.662059e-09 _09266_
 3.824382e-10 2.246107e-09 9.854431e-12 2.638399e-09 _10413_
 1.054530e-09 1.564908e-09 9.857067e-12 2.629295e-09 _08966_
 4.307394e-10 2.174845e-09 9.811405e-12 2.615396e-09 _11091_
 2.074714e-09 4.923096e-10 2.497300e-11 2.591996e-09 output63
 1.864878e-10 2.382595e-09 9.844540e-12 2.578927e-09 _08960_
 6.025747e-10 1.731446e-09 2.646444e-11 2.360485e-09 fanout444
 4.835192e-10 1.809442e-09 9.838855e-12 2.302800e-09 _09060_
 1.187968e-09 1.059549e-09 9.894164e-12 2.257412e-09 _17774_
 8.843858e-10 1.310004e-09 9.822863e-12 2.204212e-09 _10676_
 2.241425e-10 1.945166e-09 1.330718e-11 2.182616e-09 _09198_
 3.655748e-10 1.714372e-09 9.867930e-12 2.089815e-09 _09259_
 3.764074e-10 1.631845e-09 9.832074e-12 2.018084e-09 _09184_
 1.781974e-09 1.439792e-10 2.531433e-11 1.951268e-09 output40
 3.310554e-10 1.527303e-09 9.842397e-12 1.868201e-09 _09167_
 1.383043e-09 4.375595e-10 2.468217e-11 1.845285e-09 output64
 4.103342e-10 1.416283e-09 9.837176e-12 1.836455e-09 _09146_
 4.029952e-10 1.418811e-09 1.337906e-11 1.835185e-09 fanout590
 3.572713e-10 1.446738e-09 9.876812e-12 1.813886e-09 _09080_
 2.047756e-10 1.451792e-09 1.330722e-11 1.669875e-09 _09175_
 1.077029e-09 5.487561e-10 2.465432e-11 1.650440e-09 output56
 1.985152e-10 1.427327e-09 1.330476e-11 1.639147e-09 _09258_
 2.520829e-10 1.347602e-09 9.887727e-12 1.609572e-09 _09214_
 3.348168e-10 1.246524e-09 9.898117e-12 1.591239e-09 _10984_
 1.609311e-10 1.385327e-09 1.324298e-11 1.559501e-09 _08968_
 1.360287e-09 9.510976e-11 2.551361e-11 1.480911e-09 output18
 1.485712e-10 1.295590e-09 1.330474e-11 1.457465e-09 _09028_
 1.413922e-10 1.291053e-09 1.330162e-11 1.445747e-09 _09053_
 3.532748e-10 1.000404e-09 2.654954e-11 1.380229e-09 fanout441
 1.070475e-09 1.853924e-10 2.465432e-11 1.280521e-09 output44
 1.070585e-09 1.734697e-10 2.465432e-11 1.268709e-09 output42
 1.805080e-10 1.075096e-09 9.867558e-12 1.265471e-09 _08971_
 2.303000e-10 1.013182e-09 9.840939e-12 1.253323e-09 _09132_
 1.076743e-09 1.499769e-10 2.465432e-11 1.251374e-09 output47
 1.078103e-09 1.352142e-10 2.465432e-11 1.237971e-09 output45
 2.027815e-10 1.016082e-09 9.867150e-12 1.228731e-09 _10335_
 1.407725e-10 1.070698e-09 9.843770e-12 1.221315e-09 _08957_
 1.074963e-09 1.209762e-10 2.465432e-11 1.220594e-09 output50
 1.076915e-09 1.174915e-10 2.465432e-11 1.219061e-09 output54
 1.615694e-10 1.040184e-09 1.324298e-11 1.214996e-09 _08969_
 1.075252e-09 1.075869e-10 2.465432e-11 1.207493e-09 output51
 1.076023e-09 1.021398e-10 2.465432e-11 1.202817e-09 output53
 1.079857e-09 9.679602e-11 2.465432e-11 1.201308e-09 output48
 1.068102e-09 9.816017e-11 2.465432e-11 1.190916e-09 output43
 1.075221e-09 8.758281e-11 2.465432e-11 1.187458e-09 output46
 1.074821e-09 7.189046e-11 2.465432e-11 1.171366e-09 output49
 1.171472e-10 1.029948e-09 1.330686e-11 1.160402e-09 _09046_
 1.072668e-09 6.017212e-11 2.465432e-11 1.157494e-09 output55
 2.014103e-10 8.973079e-10 9.835439e-12 1.108554e-09 _09138_
 1.502978e-10 9.009010e-10 9.894625e-12 1.061093e-09 _09764_
 3.981696e-10 6.224688e-10 1.337906e-11 1.034018e-09 _18745_
 3.983741e-10 6.108905e-10 1.337906e-11 1.022644e-09 _18741_
 2.085613e-10 7.761133e-10 9.885261e-12 9.945600e-10 _09222_
 3.979852e-10 5.731230e-10 1.337906e-11 9.844874e-10 _18738_
 3.976285e-10 5.695635e-10 1.337906e-11 9.805711e-10 _18742_
 1.460980e-10 8.076421e-10 9.890711e-12 9.636308e-10 _09101_
 3.976239e-10 5.380388e-10 1.337906e-11 9.490418e-10 _18737_
 3.971903e-10 5.267207e-10 1.337906e-11 9.372900e-10 _18740_
 3.971416e-10 5.219600e-10 1.337906e-11 9.324806e-10 _18743_
 7.870106e-10 1.050395e-10 2.531065e-11 9.173608e-10 output27
 3.969770e-10 5.058710e-10 1.337906e-11 9.162270e-10 _18744_
 7.877141e-10 9.794252e-11 2.531065e-11 9.109673e-10 output24
 7.892012e-10 8.871021e-11 2.531065e-11 9.032221e-10 output29
 3.970595e-10 4.832246e-10 1.337906e-11 8.936631e-10 _18736_
 7.873299e-10 8.102162e-11 2.531065e-11 8.936622e-10 output31
 7.873473e-10 7.932821e-11 2.531065e-11 8.919862e-10 output25
 7.879227e-10 5.791859e-11 2.531065e-11 8.711520e-10 output21
 7.845939e-10 5.729108e-11 2.531065e-11 8.671956e-10 output23
 7.872016e-10 4.503685e-11 2.531065e-11 8.575491e-10 output30
 7.806859e-10 4.068646e-11 2.531065e-11 8.466830e-10 output20
 7.857963e-10 2.442260e-11 2.531065e-11 8.355295e-10 output22
 1.725621e-10 6.525087e-10 9.890837e-12 8.349616e-10 _09093_
 7.800857e-10 2.251259e-11 2.531065e-11 8.279090e-10 output32
 7.825369e-10 1.948368e-11 2.531065e-11 8.273312e-10 output26
 7.796281e-10 1.426714e-11 2.531065e-11 8.192059e-10 output19
 7.035509e-11 7.337178e-10 1.331157e-11 8.173844e-10 _09019_
 3.953331e-10 3.180063e-10 1.337906e-11 7.267185e-10 _18739_
 2.909381e-10 4.183971e-10 1.332307e-11 7.226582e-10 _18731_
 2.905971e-10 3.831399e-10 1.332307e-11 6.870600e-10 _18728_
 2.906529e-10 3.536181e-10 1.332307e-11 6.575940e-10 _18732_
 2.898478e-10 3.056472e-10 1.332307e-11 6.088181e-10 _18729_
 2.899904e-10 2.947955e-10 1.332307e-11 5.981090e-10 _18735_
 2.896828e-10 2.885766e-10 1.332307e-11 5.915825e-10 _18730_
 8.699699e-11 4.825403e-10 9.890295e-12 5.794276e-10 _09250_
 5.417682e-11 5.071499e-10 1.331362e-11 5.746403e-10 _09137_
 2.893844e-10 2.577177e-10 1.332307e-11 5.604252e-10 _18727_
 1.326314e-10 4.134996e-10 9.815244e-12 5.559462e-10 _10117_
 2.891095e-10 2.248472e-10 1.332307e-11 5.272797e-10 _18734_
 2.729513e-10 2.439484e-10 9.898129e-12 5.267978e-10 _10293_
 2.888906e-10 2.148034e-10 1.332307e-11 5.170170e-10 _18733_
 2.887047e-10 2.135714e-10 1.332307e-11 5.155992e-10 _18726_
 7.533194e-11 4.090423e-10 9.820973e-12 4.941952e-10 _11155_
 6.240208e-11 3.712031e-10 9.810651e-12 4.434159e-10 _08991_
 5.011808e-11 2.698210e-10 2.663587e-11 3.465749e-10 fanout69
 5.998957e-11 2.372289e-10 9.812404e-12 3.070309e-10 _09114_
 5.662212e-11 2.359936e-10 9.896625e-12 3.025123e-10 _10452_
 2.607235e-11 2.598892e-10 1.314023e-11 2.991018e-10 _08994_
 3.577242e-11 2.176696e-10 9.812328e-12 2.632543e-10 _09070_
 4.055060e-11 2.086454e-10 9.810667e-12 2.590066e-10 _08984_
 2.848931e-11 2.181563e-10 9.895676e-12 2.565413e-10 _09160_
 4.451987e-11 1.820670e-10 9.810702e-12 2.363975e-10 _08983_
 3.040109e-11 1.346079e-10 2.663189e-11 1.916409e-10 fanout654
 2.163363e-11 1.397864e-10 9.810583e-12 1.712307e-10 _08992_
 3.036225e-11 1.130466e-10 2.663189e-11 1.700408e-10 fanout653
 2.988541e-11 1.093979e-10 2.663189e-11 1.659152e-10 fanout660
 3.029727e-11 9.870334e-11 2.663189e-11 1.556325e-10 fanout638
 3.036087e-11 9.680408e-11 2.663189e-11 1.537968e-10 fanout673
 2.978304e-11 9.654887e-11 2.663189e-11 1.529638e-10 fanout659
 1.672332e-11 1.185102e-10 9.810583e-12 1.450441e-10 _08985_
 2.065442e-11 1.048239e-10 9.810633e-12 1.352889e-10 _08980_
 3.561577e-11 7.191048e-11 9.810608e-12 1.173369e-10 _08993_
 1.647391e-11 6.384127e-11 1.653986e-11 9.685504e-11 fanout639
 1.648474e-11 6.103298e-11 1.653986e-11 9.405758e-11 fanout630
 9.484040e-12 6.775334e-11 1.673385e-11 9.397123e-11 _09110_
 1.641889e-11 5.775604e-11 1.653986e-11 9.071478e-11 fanout670
 1.589200e-11 6.448867e-11 9.810600e-12 9.019127e-11 _08981_
 1.645902e-11 5.641768e-11 1.653986e-11 8.941656e-11 fanout672
 1.640525e-11 5.600483e-11 1.653986e-11 8.894993e-11 fanout661
 1.639596e-11 5.480931e-11 1.653986e-11 8.774513e-11 fanout675
 1.640274e-11 5.379481e-11 1.653986e-11 8.673741e-11 fanout616
 1.642587e-11 5.348086e-11 1.653986e-11 8.644657e-11 fanout669
 1.643579e-11 5.274825e-11 1.653986e-11 8.572390e-11 fanout615
 1.012323e-11 3.859560e-11 2.345400e-11 7.217283e-11 fanout596
 1.020528e-11 3.841396e-11 2.345400e-11 7.207324e-11 fanout595
 1.009636e-11 3.479765e-11 2.345400e-11 6.834801e-11 fanout597
 1.011958e-11 3.093689e-11 2.345400e-11 6.451047e-11 fanout600
 1.595077e-11 3.078279e-11 9.810625e-12 5.654418e-11 _08982_
 6.308560e-12 2.829746e-11 9.810549e-12 4.441657e-11 _08986_
 5.456421e-12 1.691716e-11 1.689930e-11 3.927288e-11 fanout602
 3.645720e-12 1.567137e-11 9.898473e-12 2.921556e-11 _09152_
 1.262123e-12 1.740251e-11 9.810540e-12 2.847517e-11 _11364_
 4.001763e-18 2.154798e-17 2.663388e-11 2.663390e-11 fanout774
 3.997695e-18 2.204577e-17 2.346012e-11 2.346015e-11 fanout797
 3.980265e-18 1.762818e-17 2.346012e-11 2.346015e-11 fanout807
 4.034183e-18 1.534490e-17 2.346012e-11 2.346014e-11 fanout804
 4.050876e-18 1.340033e-17 2.346012e-11 2.346014e-11 fanout782
 4.024292e-18 1.360861e-17 2.346012e-11 2.346014e-11 fanout801
 1.253752e-12 1.008000e-11 9.810540e-12 2.114429e-11 _09005_
 1.618446e-18 2.551014e-17 1.980068e-11 1.980070e-11 _09018_
 1.248935e-12 8.217044e-12 9.810540e-12 1.927652e-11 _08987_
 1.241091e-12 7.462281e-12 9.810540e-12 1.851391e-11 _09004_
 1.261001e-12 6.581309e-12 9.810540e-12 1.765285e-11 _09001_
 1.270171e-12 6.046770e-12 9.810540e-12 1.712748e-11 _08998_
 2.192277e-18 7.699391e-18 1.689861e-11 1.689862e-11 fanout792
 2.196346e-18 8.617606e-18 1.689861e-11 1.689862e-11 fanout818
 1.254820e-12 5.809545e-12 9.810540e-12 1.687490e-11 _08999_
 1.246824e-12 5.789441e-12 9.810540e-12 1.684681e-11 _09000_
 1.226629e-12 5.420623e-12 9.810540e-12 1.645779e-11 _08988_
 2.351470e-12 4.075001e-12 9.810757e-12 1.623723e-11 _09437_
 1.253198e-12 4.861380e-12 9.810540e-12 1.592512e-11 _09002_
 1.250420e-12 4.719281e-12 9.810540e-12 1.578024e-11 _08997_
 1.250016e-12 4.586201e-12 9.810540e-12 1.564676e-11 _08996_
 1.233483e-12 4.301856e-12 9.810540e-12 1.534588e-11 _08995_
 1.246417e-12 3.631558e-12 9.810540e-12 1.468851e-11 _09003_
 1.522397e-15 5.232643e-15 1.345542e-11 1.346218e-11 input10
 8.943019e-15 4.006023e-14 1.339724e-11 1.344624e-11 input8
 9.670618e-16 2.865867e-15 1.343714e-11 1.344097e-11 input6
 2.128682e-15 5.440330e-15 1.336323e-11 1.337080e-11 input4
 1.166947e-15 3.222718e-15 1.334550e-11 1.334989e-11 input7
 2.192326e-15 3.446605e-15 1.334399e-11 1.334963e-11 input2
 2.343698e-15 4.576865e-15 1.333993e-11 1.334685e-11 input3
 1.875586e-15 4.033138e-15 1.332533e-11 1.333123e-11 input5
 2.168026e-15 4.206713e-15 1.331976e-11 1.332614e-11 input1
 0.000000e+00 0.000000e+00 9.898740e-12 9.898740e-12 _10674_
 2.916171e-15 3.300489e-14 9.837872e-12 9.873793e-12 _09017_
