     Internal    Switching      Leakage        Total
        Power        Power        Power        Power (Watts)
----------------------------------------------------
 4.435512e-06 4.189585e-05 7.148307e-12 4.633137e-05 clkbuf_2_1_0_core_clk
 8.737100e-06 3.721618e-05 1.226512e-11 4.595329e-05 clkbuf_0_core_clk
 4.439642e-06 4.069346e-05 7.148307e-12 4.513311e-05 clkbuf_2_0_0_core_clk
 4.432329e-06 3.823786e-05 7.148307e-12 4.267020e-05 clkbuf_2_2_0_core_clk
 4.431123e-06 3.812112e-05 7.148307e-12 4.255226e-05 clkbuf_2_3_0_core_clk
 8.673228e-06 3.275705e-05 1.226512e-11 4.143028e-05 clkbuf_5_6__f_core_clk
 8.674886e-06 3.184540e-05 1.226512e-11 4.052030e-05 clkbuf_5_16__f_core_clk
 8.684035e-06 3.163616e-05 1.226512e-11 4.032021e-05 clkbuf_5_25__f_core_clk
 8.682410e-06 3.082049e-05 1.226512e-11 3.950291e-05 clkbuf_5_24__f_core_clk
 8.673292e-06 3.049488e-05 1.226512e-11 3.916819e-05 clkbuf_5_26__f_core_clk
 8.661487e-06 3.026886e-05 1.226512e-11 3.893036e-05 clkbuf_5_12__f_core_clk
 8.681565e-06 3.019139e-05 1.226512e-11 3.887297e-05 clkbuf_5_18__f_core_clk
 8.649875e-06 3.005972e-05 1.226512e-11 3.870960e-05 clkbuf_5_5__f_core_clk
 8.654756e-06 2.856067e-05 1.226512e-11 3.721543e-05 clkbuf_5_15__f_core_clk
 8.664296e-06 2.767358e-05 1.226512e-11 3.633788e-05 clkbuf_5_29__f_core_clk
 8.675746e-06 2.755998e-05 1.226512e-11 3.623574e-05 clkbuf_5_19__f_core_clk
 8.665916e-06 2.754860e-05 1.226512e-11 3.621453e-05 clkbuf_5_17__f_core_clk
 8.649873e-06 2.699874e-05 1.226512e-11 3.564862e-05 clkbuf_5_13__f_core_clk
 8.639608e-06 2.594162e-05 1.226512e-11 3.458124e-05 clkbuf_5_7__f_core_clk
 8.663485e-06 2.587145e-05 1.226512e-11 3.453495e-05 clkbuf_5_27__f_core_clk
 8.654442e-06 2.565239e-05 1.226512e-11 3.430684e-05 clkbuf_5_2__f_core_clk
 8.654943e-06 2.564673e-05 1.226512e-11 3.430169e-05 clkbuf_5_3__f_core_clk
 8.659460e-06 2.560161e-05 1.226512e-11 3.426108e-05 clkbuf_5_28__f_core_clk
 8.660561e-06 2.550804e-05 1.226512e-11 3.416861e-05 clkbuf_5_31__f_core_clk
 8.640292e-06 2.524534e-05 1.226512e-11 3.388565e-05 clkbuf_5_4__f_core_clk
 8.648630e-06 2.474906e-05 1.226512e-11 3.339770e-05 clkbuf_5_9__f_core_clk
 8.648423e-06 2.470269e-05 1.226512e-11 3.335113e-05 clkbuf_5_8__f_core_clk
 8.666640e-06 2.461106e-05 1.226512e-11 3.327771e-05 clkbuf_5_23__f_core_clk
 8.658569e-06 2.418829e-05 1.226512e-11 3.284687e-05 clkbuf_5_30__f_core_clk
 8.642606e-06 2.355664e-05 1.226512e-11 3.219926e-05 clkbuf_5_1__f_core_clk
 8.643656e-06 2.324064e-05 1.226512e-11 3.188431e-05 clkbuf_5_14__f_core_clk
 8.645308e-06 2.311564e-05 1.226512e-11 3.176096e-05 clkbuf_5_11__f_core_clk
 8.663535e-06 2.299760e-05 1.226512e-11 3.166114e-05 clkbuf_5_22__f_core_clk
 8.657438e-06 2.213083e-05 1.226512e-11 3.078828e-05 clkbuf_5_21__f_core_clk
 8.640101e-06 2.190799e-05 1.226512e-11 3.054810e-05 clkbuf_5_0__f_core_clk
 8.656051e-06 2.187446e-05 1.226512e-11 3.053053e-05 clkbuf_5_20__f_core_clk
 8.640781e-06 2.104102e-05 1.226512e-11 2.968182e-05 clkbuf_5_10__f_core_clk
 4.220315e-06 2.049635e-05 8.296883e-12 2.471667e-05 u_icg
 2.984744e-06 1.687675e-05 1.316295e-11 1.986151e-05 fanout368
 2.955989e-06 1.683657e-05 1.148168e-11 1.979257e-05 fanout369
 3.032474e-06 1.587277e-05 1.295948e-11 1.890525e-05 fanout1711
 2.984385e-06 1.563537e-05 1.295948e-11 1.861977e-05 max_cap1576
 2.966410e-06 1.374870e-05 1.168536e-11 1.671512e-05 fanout503
 2.957860e-06 1.375258e-05 1.295948e-11 1.671045e-05 fanout1708
 2.958753e-06 1.369558e-05 1.168536e-11 1.665434e-05 fanout504
 4.356421e-06 8.285306e-06 7.179708e-12 1.264173e-05 clkbuf_leaf_199_core_clk
 4.357668e-06 8.219231e-06 7.179708e-12 1.257691e-05 clkbuf_leaf_374_core_clk
 4.351906e-06 7.983956e-06 7.179708e-12 1.233587e-05 clkbuf_leaf_363_core_clk
 4.356877e-06 7.904933e-06 7.179708e-12 1.226182e-05 clkbuf_leaf_372_core_clk
 4.355066e-06 7.833019e-06 7.179708e-12 1.218809e-05 clkbuf_leaf_367_core_clk
 4.345551e-06 7.740295e-06 7.179708e-12 1.208585e-05 clkbuf_leaf_364_core_clk
 4.340578e-06 7.666584e-06 7.179708e-12 1.200717e-05 clkbuf_leaf_190_core_clk
 1.473279e-06 1.050496e-05 7.299095e-12 1.197825e-05 fanout1573
 4.344957e-06 7.447316e-06 7.179708e-12 1.179228e-05 clkbuf_leaf_371_core_clk
 4.337542e-06 7.429590e-06 7.179708e-12 1.176714e-05 clkbuf_leaf_373_core_clk
 4.334855e-06 7.329042e-06 7.179708e-12 1.166390e-05 clkbuf_leaf_362_core_clk
 4.334173e-06 7.295633e-06 7.179708e-12 1.162981e-05 clkbuf_leaf_365_core_clk
 8.684020e-06 2.850205e-06 1.232310e-11 1.153424e-05 clkbuf_0_clk
 4.326350e-06 7.128341e-06 7.179708e-12 1.145470e-05 clkbuf_leaf_191_core_clk
 1.674170e-06 9.773274e-06 7.272743e-12 1.144745e-05 fanout652
 4.329049e-06 7.094535e-06 7.179708e-12 1.142359e-05 clkbuf_leaf_1_core_clk
 4.325141e-06 7.081290e-06 7.179708e-12 1.140644e-05 clkbuf_leaf_173_core_clk
 4.328076e-06 7.071996e-06 7.179708e-12 1.140008e-05 clkbuf_leaf_360_core_clk
 4.327282e-06 7.051843e-06 7.179708e-12 1.137913e-05 clkbuf_leaf_358_core_clk
 4.324162e-06 7.043696e-06 7.179708e-12 1.136787e-05 clkbuf_leaf_192_core_clk
 4.326697e-06 7.006964e-06 7.179708e-12 1.133367e-05 clkbuf_leaf_375_core_clk
 4.321401e-06 6.917895e-06 7.179708e-12 1.123930e-05 clkbuf_leaf_171_core_clk
 4.327926e-06 6.792130e-06 7.179708e-12 1.112006e-05 clkbuf_leaf_353_core_clk
 4.312012e-06 6.758269e-06 7.179708e-12 1.107029e-05 clkbuf_leaf_345_core_clk
 4.312824e-06 6.623128e-06 7.179708e-12 1.093596e-05 clkbuf_leaf_116_core_clk
 4.323143e-06 6.609053e-06 7.179708e-12 1.093220e-05 clkbuf_leaf_376_core_clk
 4.306860e-06 6.579347e-06 7.179708e-12 1.088621e-05 clkbuf_leaf_347_core_clk
 4.311878e-06 6.552059e-06 7.179708e-12 1.086394e-05 clkbuf_leaf_188_core_clk
 4.311096e-06 6.518746e-06 7.179708e-12 1.082985e-05 clkbuf_leaf_189_core_clk
 4.310027e-06 6.486344e-06 7.179708e-12 1.079638e-05 clkbuf_leaf_174_core_clk
 4.319457e-06 6.464740e-06 7.179708e-12 1.078420e-05 clkbuf_leaf_370_core_clk
 4.304159e-06 6.448078e-06 7.179708e-12 1.075224e-05 clkbuf_leaf_339_core_clk
 4.292504e-06 6.458107e-06 7.179708e-12 1.075062e-05 clkbuf_leaf_256_core_clk
 4.307965e-06 6.385096e-06 7.179708e-12 1.069307e-05 clkbuf_leaf_172_core_clk
 4.303035e-06 6.382416e-06 7.179708e-12 1.068546e-05 clkbuf_leaf_175_core_clk
 4.306591e-06 6.343015e-06 7.179708e-12 1.064961e-05 clkbuf_leaf_170_core_clk
 4.306811e-06 6.335254e-06 7.179708e-12 1.064207e-05 clkbuf_leaf_200_core_clk
 4.300597e-06 6.311361e-06 7.179708e-12 1.061197e-05 clkbuf_leaf_156_core_clk
 4.299645e-06 6.279250e-06 7.179708e-12 1.057890e-05 clkbuf_leaf_344_core_clk
 1.685120e-06 8.893757e-06 7.106809e-12 1.057888e-05 fanout620
 4.284524e-06 6.191102e-06 7.179708e-12 1.047563e-05 clkbuf_leaf_249_core_clk
 4.305382e-06 6.148678e-06 7.179708e-12 1.045407e-05 clkbuf_leaf_271_core_clk
 4.310048e-06 6.102050e-06 7.179708e-12 1.041210e-05 clkbuf_leaf_368_core_clk
 4.285571e-06 6.035978e-06 7.179708e-12 1.032156e-05 clkbuf_leaf_162_core_clk
 1.476362e-06 8.818780e-06 7.309700e-12 1.029515e-05 fanout1565
 4.306884e-06 5.983527e-06 7.179708e-12 1.029042e-05 clkbuf_leaf_351_core_clk
 4.292185e-06 5.967237e-06 7.179708e-12 1.025943e-05 clkbuf_leaf_340_core_clk
 1.690553e-06 8.568768e-06 7.106809e-12 1.025933e-05 fanout589
 1.483127e-06 8.774329e-06 7.067191e-12 1.025746e-05 fanout1730
 4.291664e-06 5.955560e-06 7.179708e-12 1.024723e-05 clkbuf_leaf_343_core_clk
 4.300371e-06 5.933987e-06 7.179708e-12 1.023437e-05 clkbuf_leaf_263_core_clk
 1.479418e-06 8.748927e-06 7.327993e-12 1.022835e-05 fanout366
 4.297330e-06 5.873130e-06 7.179708e-12 1.017047e-05 clkbuf_leaf_361_core_clk
 4.275606e-06 5.808104e-06 7.179708e-12 1.008372e-05 clkbuf_leaf_252_core_clk
 4.301505e-06 5.774442e-06 7.179708e-12 1.007595e-05 clkbuf_leaf_366_core_clk
 4.279871e-06 5.790582e-06 7.179708e-12 1.007046e-05 clkbuf_leaf_150_core_clk
 4.286573e-06 5.781636e-06 7.179708e-12 1.006822e-05 clkbuf_leaf_197_core_clk
 4.299065e-06 5.722838e-06 7.179708e-12 1.002191e-05 clkbuf_leaf_104_core_clk
 4.274564e-06 5.741729e-06 7.179708e-12 1.001630e-05 clkbuf_leaf_254_core_clk
 4.286138e-06 5.700286e-06 7.179708e-12 9.986432e-06 clkbuf_leaf_183_core_clk
 1.455559e-06 8.509090e-06 7.077795e-12 9.964656e-06 fanout1740
 4.267180e-06 5.675686e-06 7.179708e-12 9.942873e-06 clkbuf_leaf_224_core_clk
 4.283087e-06 5.651333e-06 7.179708e-12 9.934427e-06 clkbuf_leaf_201_core_clk
 1.472010e-06 8.418499e-06 7.077795e-12 9.890517e-06 fanout2188
 1.472773e-06 8.406119e-06 7.327993e-12 9.878900e-06 fanout367
 4.284210e-06 5.592463e-06 7.179708e-12 9.876680e-06 clkbuf_leaf_9_core_clk
 4.281477e-06 5.561627e-06 7.179708e-12 9.843112e-06 clkbuf_leaf_350_core_clk
 4.262811e-06 5.573904e-06 7.179708e-12 9.836722e-06 clkbuf_leaf_59_core_clk
 1.510974e-06 8.317190e-06 7.064564e-12 9.828172e-06 fanout375
 4.261889e-06 5.564999e-06 7.179708e-12 9.826896e-06 clkbuf_leaf_58_core_clk
 4.293888e-06 5.529425e-06 7.179708e-12 9.823320e-06 clkbuf_leaf_92_core_clk
 4.281515e-06 5.537761e-06 7.179708e-12 9.819283e-06 clkbuf_leaf_338_core_clk
 4.265112e-06 5.543481e-06 7.179708e-12 9.808600e-06 clkbuf_leaf_13_core_clk
 1.472536e-06 8.332131e-06 7.301757e-12 9.804674e-06 fanout497
 4.269200e-06 5.489842e-06 7.179708e-12 9.759049e-06 clkbuf_leaf_257_core_clk
 4.267710e-06 5.487148e-06 7.179708e-12 9.754865e-06 clkbuf_leaf_250_core_clk
 4.272129e-06 5.481016e-06 7.179708e-12 9.753152e-06 clkbuf_leaf_80_core_clk
 4.291106e-06 5.420987e-06 7.179708e-12 9.712100e-06 clkbuf_leaf_93_core_clk
 4.291171e-06 5.420098e-06 7.179708e-12 9.711276e-06 clkbuf_leaf_89_core_clk
 4.278209e-06 5.431078e-06 7.179708e-12 9.709294e-06 clkbuf_leaf_349_core_clk
 4.277747e-06 5.408756e-06 7.179708e-12 9.686511e-06 clkbuf_leaf_348_core_clk
 4.260914e-06 5.398971e-06 7.179708e-12 9.659892e-06 clkbuf_leaf_225_core_clk
 8.417349e-06 1.221437e-06 1.232310e-11 9.638798e-06 clkbuf_1_0__f_clk
 4.260454e-06 5.351053e-06 7.179708e-12 9.611515e-06 clkbuf_leaf_218_core_clk
 4.276162e-06 5.335075e-06 7.179708e-12 9.611244e-06 clkbuf_leaf_341_core_clk
 4.261120e-06 5.347974e-06 7.179708e-12 9.609101e-06 clkbuf_leaf_214_core_clk
 4.275299e-06 5.328846e-06 7.179708e-12 9.604152e-06 clkbuf_leaf_202_core_clk
 4.279470e-06 5.294804e-06 7.179708e-12 9.574281e-06 clkbuf_leaf_113_core_clk
 8.410027e-06 1.152079e-06 1.232310e-11 9.562119e-06 clkbuf_1_1__f_clk
 4.259969e-06 5.298666e-06 7.179708e-12 9.558642e-06 clkbuf_leaf_209_core_clk
 4.273821e-06 5.265800e-06 7.179708e-12 9.539628e-06 clkbuf_leaf_212_core_clk
 4.277998e-06 5.250877e-06 7.179708e-12 9.528881e-06 clkbuf_leaf_111_core_clk
 4.285335e-06 5.192419e-06 7.179708e-12 9.477761e-06 clkbuf_leaf_91_core_clk
 4.271988e-06 5.205093e-06 7.179708e-12 9.477088e-06 clkbuf_leaf_195_core_clk
 4.276927e-06 5.195618e-06 7.179708e-12 9.472553e-06 clkbuf_leaf_119_core_clk
 1.471454e-06 7.993122e-06 7.299095e-12 9.464584e-06 fanout1552
 1.486052e-06 7.973397e-06 7.077795e-12 9.459457e-06 fanout1723
 4.275376e-06 5.153055e-06 7.179708e-12 9.428439e-06 clkbuf_leaf_295_core_clk
 4.263644e-06 5.134470e-06 7.179708e-12 9.398121e-06 clkbuf_leaf_74_core_clk
 4.274582e-06 5.106161e-06 7.179708e-12 9.380750e-06 clkbuf_leaf_110_core_clk
 4.259637e-06 5.101021e-06 7.179708e-12 9.360665e-06 clkbuf_leaf_259_core_clk
 4.255118e-06 5.102871e-06 7.179708e-12 9.357997e-06 clkbuf_leaf_216_core_clk
 4.272728e-06 5.038976e-06 7.179708e-12 9.311711e-06 clkbuf_leaf_308_core_clk
 4.267857e-06 5.040980e-06 7.179708e-12 9.308845e-06 clkbuf_leaf_203_core_clk
 4.252050e-06 5.052737e-06 7.179708e-12 9.304795e-06 clkbuf_leaf_16_core_clk
 4.257887e-06 5.042673e-06 7.179708e-12 9.300567e-06 clkbuf_leaf_255_core_clk
 4.261213e-06 5.029125e-06 7.179708e-12 9.290345e-06 clkbuf_leaf_160_core_clk
 4.251903e-06 4.998443e-06 7.179708e-12 9.250353e-06 clkbuf_leaf_220_core_clk
 4.252748e-06 4.997244e-06 7.179708e-12 9.249999e-06 clkbuf_leaf_217_core_clk
 4.275721e-06 4.973188e-06 7.179708e-12 9.248916e-06 clkbuf_leaf_262_core_clk
 4.268236e-06 4.978779e-06 7.179708e-12 9.247022e-06 clkbuf_leaf_180_core_clk
 4.249278e-06 4.980658e-06 7.179708e-12 9.229943e-06 clkbuf_leaf_60_core_clk
 1.474988e-06 7.744355e-06 7.067191e-12 9.219350e-06 fanout1724
 4.270193e-06 4.943787e-06 7.179708e-12 9.213987e-06 clkbuf_leaf_310_core_clk
 4.273996e-06 4.918043e-06 7.179708e-12 9.192046e-06 clkbuf_leaf_274_core_clk
 4.251206e-06 4.940028e-06 7.179708e-12 9.191241e-06 clkbuf_leaf_215_core_clk
 4.269735e-06 4.918204e-06 7.179708e-12 9.187946e-06 clkbuf_leaf_313_core_clk
 4.264868e-06 4.918863e-06 7.179708e-12 9.183738e-06 clkbuf_leaf_193_core_clk
 4.248448e-06 4.929708e-06 7.179708e-12 9.178164e-06 clkbuf_leaf_23_core_clk
 4.254719e-06 4.919020e-06 7.179708e-12 9.173746e-06 clkbuf_leaf_253_core_clk
 4.264630e-06 4.903709e-06 7.179708e-12 9.168347e-06 clkbuf_leaf_198_core_clk
 4.250650e-06 4.907724e-06 7.179708e-12 9.158382e-06 clkbuf_leaf_12_core_clk
 4.253117e-06 4.865966e-06 7.179708e-12 9.119090e-06 clkbuf_leaf_248_core_clk
 4.280154e-06 4.838374e-06 7.179708e-12 9.118536e-06 clkbuf_leaf_282_core_clk
 4.267847e-06 4.848845e-06 7.179708e-12 9.116699e-06 clkbuf_leaf_302_core_clk
 4.253452e-06 4.833403e-06 7.179708e-12 9.086863e-06 clkbuf_leaf_266_core_clk
 4.271647e-06 4.811600e-06 7.179708e-12 9.083255e-06 clkbuf_leaf_265_core_clk
 4.262750e-06 4.806805e-06 7.179708e-12 9.069563e-06 clkbuf_leaf_210_core_clk
 4.262028e-06 4.802014e-06 7.179708e-12 9.064050e-06 clkbuf_leaf_194_core_clk
 4.266397e-06 4.794853e-06 7.179708e-12 9.061258e-06 clkbuf_leaf_303_core_clk
 4.262336e-06 4.796623e-06 7.179708e-12 9.058966e-06 clkbuf_leaf_211_core_clk
 4.245345e-06 4.810691e-06 7.179708e-12 9.056043e-06 clkbuf_leaf_69_core_clk
 4.263536e-06 4.775355e-06 7.179708e-12 9.038898e-06 clkbuf_leaf_3_core_clk
 4.263125e-06 4.775000e-06 7.179708e-12 9.038131e-06 clkbuf_leaf_182_core_clk
 4.270094e-06 4.763852e-06 7.179708e-12 9.033954e-06 clkbuf_leaf_276_core_clk
 4.269888e-06 4.762183e-06 7.179708e-12 9.032079e-06 clkbuf_leaf_272_core_clk
 1.482407e-06 7.549046e-06 7.299088e-12 9.031460e-06 fanout1555
 4.265654e-06 4.760324e-06 7.179708e-12 9.025985e-06 clkbuf_leaf_301_core_clk
 4.265290e-06 4.757472e-06 7.179708e-12 9.022770e-06 clkbuf_leaf_108_core_clk
 4.262563e-06 4.723296e-06 7.179708e-12 8.985866e-06 clkbuf_leaf_8_core_clk
 4.272309e-06 4.701753e-06 7.179708e-12 8.974070e-06 clkbuf_leaf_103_core_clk
 4.259734e-06 4.701648e-06 7.179708e-12 8.961390e-06 clkbuf_leaf_213_core_clk
 4.252999e-06 4.707172e-06 7.179708e-12 8.960178e-06 clkbuf_leaf_82_core_clk
 4.260241e-06 4.696930e-06 7.179708e-12 8.957178e-06 clkbuf_leaf_342_core_clk
 4.260845e-06 4.690726e-06 7.179708e-12 8.951579e-06 clkbuf_leaf_178_core_clk
 4.263537e-06 4.671183e-06 7.179708e-12 8.934727e-06 clkbuf_leaf_118_core_clk
 4.240898e-06 4.686696e-06 7.179708e-12 8.927602e-06 clkbuf_leaf_52_core_clk
 4.242229e-06 4.667606e-06 7.179708e-12 8.909842e-06 clkbuf_leaf_22_core_clk
 4.240281e-06 4.663788e-06 7.179708e-12 8.904076e-06 clkbuf_leaf_53_core_clk
 4.252474e-06 4.650198e-06 7.179708e-12 8.902679e-06 clkbuf_leaf_67_core_clk
 4.262330e-06 4.632548e-06 7.179708e-12 8.894885e-06 clkbuf_leaf_311_core_clk
 4.258824e-06 4.591888e-06 7.179708e-12 8.850719e-06 clkbuf_leaf_2_core_clk
 1.469222e-06 7.363572e-06 7.327993e-12 8.832802e-06 fanout357
 4.256505e-06 4.572216e-06 7.179708e-12 8.828729e-06 clkbuf_leaf_196_core_clk
 4.257027e-06 4.569431e-06 7.179708e-12 8.826466e-06 clkbuf_leaf_167_core_clk
 1.473241e-06 7.350542e-06 7.327993e-12 8.823790e-06 fanout359
 4.268607e-06 4.551253e-06 7.179708e-12 8.819869e-06 clkbuf_leaf_94_core_clk
 4.240964e-06 4.562959e-06 7.179708e-12 8.803931e-06 clkbuf_leaf_222_core_clk
 4.245892e-06 4.551622e-06 7.179708e-12 8.797521e-06 clkbuf_leaf_247_core_clk
 4.256917e-06 4.531531e-06 7.179708e-12 8.788455e-06 clkbuf_leaf_186_core_clk
 4.239386e-06 4.546991e-06 7.179708e-12 8.786385e-06 clkbuf_leaf_24_core_clk
 4.259891e-06 4.526170e-06 7.179708e-12 8.786068e-06 clkbuf_leaf_307_core_clk
 4.245042e-06 4.539023e-06 7.179708e-12 8.784073e-06 clkbuf_leaf_251_core_clk
 4.258489e-06 4.506590e-06 7.179708e-12 8.765086e-06 clkbuf_leaf_304_core_clk
 4.263456e-06 4.494533e-06 7.179708e-12 8.757996e-06 clkbuf_leaf_264_core_clk
 4.266055e-06 4.453842e-06 7.179708e-12 8.719904e-06 clkbuf_leaf_88_core_clk
 4.239684e-06 4.477130e-06 7.179708e-12 8.716821e-06 clkbuf_leaf_221_core_clk
 4.247774e-06 4.469025e-06 7.179708e-12 8.716806e-06 clkbuf_leaf_152_core_clk
 4.237149e-06 4.458896e-06 7.179708e-12 8.696052e-06 clkbuf_leaf_62_core_clk
 4.254994e-06 4.432929e-06 7.179708e-12 8.687930e-06 clkbuf_leaf_11_core_clk
 4.238172e-06 4.442071e-06 7.179708e-12 8.680250e-06 clkbuf_leaf_223_core_clk
 4.247194e-06 4.432238e-06 7.179708e-12 8.679439e-06 clkbuf_leaf_154_core_clk
 4.254000e-06 4.421876e-06 7.179708e-12 8.675883e-06 clkbuf_leaf_177_core_clk
 4.246617e-06 4.428988e-06 7.179708e-12 8.675612e-06 clkbuf_leaf_151_core_clk
 4.268573e-06 4.406236e-06 7.179708e-12 8.674817e-06 clkbuf_leaf_296_core_clk
 4.254949e-06 4.419784e-06 7.179708e-12 8.674740e-06 clkbuf_leaf_7_core_clk
 4.246514e-06 4.418254e-06 7.179708e-12 8.664776e-06 clkbuf_leaf_79_core_clk
 4.256451e-06 4.403661e-06 7.179708e-12 8.660119e-06 clkbuf_leaf_107_core_clk
 4.253753e-06 4.405487e-06 7.179708e-12 8.659247e-06 clkbuf_leaf_184_core_clk
 4.256520e-06 4.393915e-06 7.179708e-12 8.650442e-06 clkbuf_leaf_305_core_clk
 4.254211e-06 4.395323e-06 7.179708e-12 8.649542e-06 clkbuf_leaf_378_core_clk
 4.256224e-06 4.388919e-06 7.179708e-12 8.645151e-06 clkbuf_leaf_309_core_clk
 4.260733e-06 4.373345e-06 7.179708e-12 8.634086e-06 clkbuf_leaf_288_core_clk
 4.255652e-06 4.375802e-06 7.179708e-12 8.631461e-06 clkbuf_leaf_106_core_clk
 4.260371e-06 4.368381e-06 7.179708e-12 8.628760e-06 clkbuf_leaf_286_core_clk
 4.255587e-06 4.356490e-06 7.179708e-12 8.612084e-06 clkbuf_leaf_115_core_clk
 4.238270e-06 4.371901e-06 7.179708e-12 8.610177e-06 clkbuf_leaf_15_core_clk
 4.251695e-06 4.354261e-06 7.179708e-12 8.605963e-06 clkbuf_leaf_163_core_clk
 4.241829e-06 4.362140e-06 7.179708e-12 8.603976e-06 clkbuf_leaf_260_core_clk
 4.255233e-06 4.341155e-06 7.179708e-12 8.596395e-06 clkbuf_leaf_114_core_clk
 4.236033e-06 4.348776e-06 7.179708e-12 8.584816e-06 clkbuf_leaf_17_core_clk
 4.251357e-06 4.332376e-06 7.179708e-12 8.583741e-06 clkbuf_leaf_143_core_clk
 4.237081e-06 4.330309e-06 7.179708e-12 8.567397e-06 clkbuf_leaf_208_core_clk
 4.244335e-06 4.320138e-06 7.179708e-12 8.564481e-06 clkbuf_leaf_153_core_clk
 4.244228e-06 4.310404e-06 7.179708e-12 8.554640e-06 clkbuf_leaf_157_core_clk
 4.250914e-06 4.296877e-06 7.179708e-12 8.547799e-06 clkbuf_leaf_179_core_clk
 4.243181e-06 4.285636e-06 7.179708e-12 8.528825e-06 clkbuf_leaf_81_core_clk
 4.242680e-06 4.273569e-06 7.179708e-12 8.516256e-06 clkbuf_leaf_161_core_clk
 4.257256e-06 4.252359e-06 7.179708e-12 8.509623e-06 clkbuf_leaf_261_core_clk
 4.257357e-06 4.226628e-06 7.179708e-12 8.483992e-06 clkbuf_leaf_102_core_clk
 4.232336e-06 4.244080e-06 7.179708e-12 8.476423e-06 clkbuf_leaf_21_core_clk
 4.230575e-06 4.245142e-06 7.179708e-12 8.475725e-06 clkbuf_leaf_54_core_clk
 4.256678e-06 4.206146e-06 7.179708e-12 8.462831e-06 clkbuf_leaf_122_core_clk
 4.233722e-06 4.228500e-06 7.179708e-12 8.462229e-06 clkbuf_leaf_226_core_clk
 4.255801e-06 4.193263e-06 7.179708e-12 8.449071e-06 clkbuf_leaf_269_core_clk
 4.251559e-06 4.194682e-06 7.179708e-12 8.446248e-06 clkbuf_leaf_112_core_clk
 4.255191e-06 4.173801e-06 7.179708e-12 8.428999e-06 clkbuf_leaf_273_core_clk
 4.233383e-06 4.183902e-06 7.179708e-12 8.417292e-06 clkbuf_leaf_219_core_clk
 4.248080e-06 4.166725e-06 7.179708e-12 8.414812e-06 clkbuf_leaf_380_core_clk
 4.240286e-06 4.168726e-06 7.179708e-12 8.409019e-06 clkbuf_leaf_149_core_clk
 4.250130e-06 4.140841e-06 7.179708e-12 8.390978e-06 clkbuf_leaf_117_core_clk
 1.474811e-06 6.891302e-06 7.077795e-12 8.366121e-06 fanout1161
 4.246372e-06 4.111218e-06 7.179708e-12 8.357598e-06 clkbuf_leaf_187_core_clk
 4.239042e-06 4.089552e-06 7.179708e-12 8.328601e-06 clkbuf_leaf_68_core_clk
 4.228199e-06 4.088100e-06 7.179708e-12 8.316307e-06 clkbuf_leaf_57_core_clk
 4.244492e-06 4.068483e-06 7.179708e-12 8.312982e-06 clkbuf_leaf_145_core_clk
 4.237360e-06 4.060742e-06 7.179708e-12 8.298110e-06 clkbuf_leaf_77_core_clk
 4.246629e-06 4.036204e-06 7.179708e-12 8.282840e-06 clkbuf_leaf_294_core_clk
 4.228943e-06 4.049330e-06 7.179708e-12 8.278279e-06 clkbuf_leaf_19_core_clk
 4.226955e-06 4.043874e-06 7.179708e-12 8.270837e-06 clkbuf_leaf_49_core_clk
 4.227436e-06 4.039786e-06 7.179708e-12 8.267229e-06 clkbuf_leaf_61_core_clk
 4.242794e-06 4.009771e-06 7.179708e-12 8.252571e-06 clkbuf_leaf_354_core_clk
 4.250535e-06 3.982110e-06 7.179708e-12 8.232653e-06 clkbuf_leaf_285_core_clk
 4.254151e-06 3.973365e-06 7.179708e-12 8.227524e-06 clkbuf_leaf_83_core_clk
 4.235912e-06 3.989261e-06 7.179708e-12 8.225181e-06 clkbuf_leaf_159_core_clk
 4.225275e-06 3.994452e-06 7.179708e-12 8.219735e-06 clkbuf_leaf_51_core_clk
 4.228682e-06 3.973692e-06 7.179708e-12 8.202382e-06 clkbuf_leaf_14_core_clk
 4.245252e-06 3.956064e-06 7.179708e-12 8.201323e-06 clkbuf_leaf_300_core_clk
 4.249490e-06 3.949982e-06 7.179708e-12 8.199479e-06 clkbuf_leaf_292_core_clk
 4.256540e-06 3.941233e-06 7.179708e-12 8.197781e-06 clkbuf_leaf_281_core_clk
 4.224525e-06 3.958311e-06 7.179708e-12 8.182843e-06 clkbuf_leaf_56_core_clk
 4.248847e-06 3.906564e-06 7.179708e-12 8.155419e-06 clkbuf_leaf_123_core_clk
 4.233640e-06 3.911545e-06 7.179708e-12 8.145193e-06 clkbuf_leaf_75_core_clk
 4.251254e-06 3.877056e-06 7.179708e-12 8.128318e-06 clkbuf_leaf_90_core_clk
 4.248223e-06 3.869591e-06 7.179708e-12 8.117821e-06 clkbuf_leaf_109_core_clk
 4.247736e-06 3.869875e-06 7.179708e-12 8.117619e-06 clkbuf_leaf_284_core_clk
 4.230249e-06 3.877899e-06 7.179708e-12 8.108155e-06 clkbuf_leaf_258_core_clk
 4.222583e-06 3.871464e-06 7.179708e-12 8.094054e-06 clkbuf_leaf_55_core_clk
 4.253656e-06 3.835514e-06 7.179708e-12 8.089178e-06 clkbuf_leaf_298_core_clk
 4.239590e-06 3.825488e-06 7.179708e-12 8.065084e-06 clkbuf_leaf_0_core_clk
 4.232023e-06 3.827319e-06 7.179708e-12 8.059350e-06 clkbuf_leaf_65_core_clk
 4.252560e-06 3.790538e-06 7.179708e-12 8.043105e-06 clkbuf_leaf_279_core_clk
 4.222831e-06 3.810230e-06 7.179708e-12 8.033068e-06 clkbuf_leaf_25_core_clk
 4.238914e-06 3.792217e-06 7.179708e-12 8.031138e-06 clkbuf_leaf_4_core_clk
 4.231440e-06 3.796048e-06 7.179708e-12 8.027495e-06 clkbuf_leaf_66_core_clk
 4.248653e-06 3.777813e-06 7.179708e-12 8.026473e-06 clkbuf_leaf_105_core_clk
 4.221448e-06 3.804235e-06 7.179708e-12 8.025690e-06 clkbuf_leaf_50_core_clk
 4.241067e-06 3.781538e-06 7.179708e-12 8.022612e-06 clkbuf_leaf_306_core_clk
 4.236669e-06 3.765193e-06 7.179708e-12 8.001870e-06 clkbuf_leaf_206_core_clk
 4.244147e-06 3.713926e-06 7.179708e-12 7.958081e-06 clkbuf_leaf_287_core_clk
 4.246230e-06 3.686643e-06 7.179708e-12 7.932880e-06 clkbuf_leaf_87_core_clk
 4.246696e-06 3.668218e-06 7.179708e-12 7.914921e-06 clkbuf_leaf_95_core_clk
 4.228137e-06 3.676652e-06 7.179708e-12 7.904796e-06 clkbuf_leaf_78_core_clk
 4.235068e-06 3.659528e-06 7.179708e-12 7.894603e-06 clkbuf_leaf_185_core_clk
 4.221558e-06 3.666719e-06 7.179708e-12 7.888284e-06 clkbuf_leaf_267_core_clk
 4.221533e-06 3.664248e-06 7.179708e-12 7.885788e-06 clkbuf_leaf_268_core_clk
 4.235949e-06 3.609250e-06 7.179708e-12 7.845207e-06 clkbuf_leaf_314_core_clk
 4.232778e-06 3.605372e-06 7.179708e-12 7.838157e-06 clkbuf_leaf_357_core_clk
 4.232465e-06 3.590872e-06 7.179708e-12 7.823344e-06 clkbuf_leaf_355_core_clk
 4.233535e-06 3.577602e-06 7.179708e-12 7.811144e-06 clkbuf_leaf_10_core_clk
 4.233130e-06 3.551878e-06 7.179708e-12 7.785015e-06 clkbuf_leaf_379_core_clk
 4.225514e-06 3.546298e-06 7.179708e-12 7.771819e-06 clkbuf_leaf_158_core_clk
 1.218043e-06 6.539137e-06 1.110944e-11 7.757191e-06 fanout330
 4.242215e-06 3.506427e-06 7.179708e-12 7.748649e-06 clkbuf_leaf_97_core_clk
 4.217874e-06 3.511016e-06 7.179708e-12 7.728898e-06 clkbuf_leaf_322_core_clk
 4.224072e-06 3.498419e-06 7.179708e-12 7.722498e-06 clkbuf_leaf_64_core_clk
 4.217877e-06 3.502449e-06 7.179708e-12 7.720333e-06 clkbuf_leaf_6_core_clk
 4.241227e-06 3.459762e-06 7.179708e-12 7.700996e-06 clkbuf_leaf_86_core_clk
 4.240735e-06 3.457301e-06 7.179708e-12 7.698042e-06 clkbuf_leaf_84_core_clk
 4.223572e-06 3.469685e-06 7.179708e-12 7.693265e-06 clkbuf_leaf_155_core_clk
 4.236195e-06 3.437111e-06 7.179708e-12 7.673312e-06 clkbuf_leaf_275_core_clk
 4.222268e-06 3.447026e-06 7.179708e-12 7.669301e-06 clkbuf_leaf_99_core_clk
 4.222547e-06 3.438860e-06 7.179708e-12 7.661414e-06 clkbuf_leaf_164_core_clk
 4.242678e-06 3.413118e-06 7.179708e-12 7.655804e-06 clkbuf_leaf_280_core_clk
 4.230162e-06 3.387248e-06 7.179708e-12 7.617417e-06 clkbuf_leaf_319_core_clk
 4.239031e-06 3.375768e-06 7.179708e-12 7.614807e-06 clkbuf_leaf_85_core_clk
 4.241569e-06 3.369993e-06 7.179708e-12 7.611569e-06 clkbuf_leaf_283_core_clk
 4.221017e-06 3.372979e-06 7.179708e-12 7.594004e-06 clkbuf_leaf_63_core_clk
 4.229341e-06 3.289932e-06 7.179708e-12 7.519281e-06 clkbuf_leaf_277_core_clk
 1.189154e-06 6.317531e-06 1.226215e-11 7.506697e-06 wire339
 4.221334e-06 3.280637e-06 7.179708e-12 7.501978e-06 clkbuf_leaf_346_core_clk
 4.220845e-06 3.276405e-06 7.179708e-12 7.497258e-06 clkbuf_leaf_356_core_clk
 4.206730e-06 3.276316e-06 7.179708e-12 7.483053e-06 clkbuf_leaf_26_core_clk
 4.207019e-06 3.269737e-06 7.179708e-12 7.476763e-06 clkbuf_leaf_18_core_clk
 4.219803e-06 3.249578e-06 7.179708e-12 7.469389e-06 clkbuf_leaf_377_core_clk
 4.228688e-06 3.233263e-06 7.179708e-12 7.461958e-06 clkbuf_leaf_96_core_clk
 4.230870e-06 3.228728e-06 7.179708e-12 7.459606e-06 clkbuf_leaf_297_core_clk
 4.205775e-06 3.243895e-06 7.179708e-12 7.449677e-06 clkbuf_leaf_321_core_clk
 4.228486e-06 3.199722e-06 7.179708e-12 7.428214e-06 clkbuf_leaf_278_core_clk
 4.221986e-06 3.202542e-06 7.179708e-12 7.424535e-06 clkbuf_leaf_293_core_clk
 4.223255e-06 3.170718e-06 7.179708e-12 7.393980e-06 clkbuf_leaf_76_core_clk
 4.214679e-06 3.170487e-06 7.179708e-12 7.385174e-06 clkbuf_leaf_312_core_clk
 4.210106e-06 3.148718e-06 7.179708e-12 7.358831e-06 clkbuf_leaf_336_core_clk
 4.216147e-06 3.127579e-06 7.179708e-12 7.343733e-06 clkbuf_leaf_124_core_clk
 4.221671e-06 3.120207e-06 7.179708e-12 7.341885e-06 clkbuf_leaf_299_core_clk
 4.194431e-06 3.116269e-06 7.179708e-12 7.310708e-06 clkbuf_leaf_20_core_clk
 8.525835e-07 6.434085e-06 4.529105e-12 7.286673e-06 fanout640
 4.208709e-06 3.043121e-06 7.179708e-12 7.251837e-06 clkbuf_leaf_291_core_clk
 4.195028e-06 3.031211e-06 7.179708e-12 7.226246e-06 clkbuf_leaf_127_core_clk
 4.199845e-06 3.021378e-06 7.179708e-12 7.221230e-06 clkbuf_leaf_335_core_clk
 4.202009e-06 3.015611e-06 7.179708e-12 7.217627e-06 clkbuf_leaf_317_core_clk
 4.201505e-06 3.010590e-06 7.179708e-12 7.212102e-06 clkbuf_leaf_315_core_clk
 4.200434e-06 2.995027e-06 7.179708e-12 7.195469e-06 clkbuf_leaf_318_core_clk
 4.183824e-06 2.895872e-06 7.179708e-12 7.079704e-06 clkbuf_leaf_130_core_clk
 8.422879e-07 6.187139e-06 4.530338e-12 7.029431e-06 fanout683
 8.159882e-07 6.061288e-06 1.101655e-11 6.877287e-06 fanout333
 4.168086e-06 2.707497e-06 7.179708e-12 6.875590e-06 clkbuf_leaf_70_core_clk
 4.149741e-06 2.556976e-06 7.179708e-12 6.706724e-06 clkbuf_leaf_230_core_clk
 4.149570e-06 2.531672e-06 7.179708e-12 6.681249e-06 clkbuf_leaf_241_core_clk
 4.146865e-06 2.502571e-06 7.179708e-12 6.649443e-06 clkbuf_leaf_325_core_clk
 8.484678e-07 5.768392e-06 4.671371e-12 6.616864e-06 fanout519
 4.143178e-06 2.451771e-06 7.179708e-12 6.594956e-06 clkbuf_leaf_290_core_clk
 4.145397e-06 2.423393e-06 7.179708e-12 6.568797e-06 clkbuf_leaf_72_core_clk
 4.158067e-06 2.395882e-06 7.179708e-12 6.553956e-06 clkbuf_leaf_100_core_clk
 4.141250e-06 2.350223e-06 7.179708e-12 6.491480e-06 clkbuf_leaf_238_core_clk
 4.129919e-06 2.303628e-06 7.179708e-12 6.433555e-06 clkbuf_leaf_138_core_clk
 8.493635e-07 5.516250e-06 4.681618e-12 6.365618e-06 fanout517
 4.123380e-06 2.202724e-06 7.179708e-12 6.326111e-06 clkbuf_leaf_39_core_clk
 4.122727e-06 2.197883e-06 7.179708e-12 6.320618e-06 clkbuf_leaf_37_core_clk
 4.116741e-06 2.154634e-06 7.179708e-12 6.271383e-06 clkbuf_leaf_359_core_clk
 4.123941e-06 2.137695e-06 7.179708e-12 6.261643e-06 clkbuf_leaf_243_core_clk
 4.114492e-06 2.098192e-06 7.179708e-12 6.212692e-06 clkbuf_leaf_133_core_clk
 8.099281e-07 5.355629e-06 1.100595e-11 6.165568e-06 fanout1239
 4.118485e-06 2.039604e-06 7.179708e-12 6.158096e-06 clkbuf_leaf_35_core_clk
 7.424672e-07 5.414877e-06 4.483378e-12 6.157349e-06 fanout363
 4.109248e-06 2.030796e-06 7.179708e-12 6.140051e-06 clkbuf_leaf_231_core_clk
 4.107690e-06 1.959328e-06 7.179708e-12 6.067025e-06 clkbuf_leaf_71_core_clk
 8.480364e-07 5.217105e-06 1.220612e-11 6.065154e-06 fanout1477
 4.102009e-06 1.952124e-06 7.179708e-12 6.054141e-06 clkbuf_leaf_168_core_clk
 4.106887e-06 1.939862e-06 7.179708e-12 6.046756e-06 clkbuf_leaf_126_core_clk
 4.100285e-06 1.928457e-06 7.179708e-12 6.028749e-06 clkbuf_leaf_207_core_clk
 4.100945e-06 1.922204e-06 7.179708e-12 6.023156e-06 clkbuf_leaf_36_core_clk
 7.437593e-07 5.270720e-06 4.498927e-12 6.014484e-06 fanout1562
 8.552085e-07 5.140374e-06 4.530344e-12 5.995587e-06 fanout645
 4.097742e-06 1.889078e-06 7.179708e-12 5.986828e-06 clkbuf_leaf_235_core_clk
 4.094171e-06 1.863208e-06 7.179708e-12 5.957387e-06 clkbuf_leaf_5_core_clk
 7.449720e-07 5.146376e-06 4.696032e-12 5.891352e-06 fanout1726
 7.455675e-07 5.122864e-06 4.696032e-12 5.868435e-06 fanout2187
 4.087051e-06 1.770594e-06 7.179708e-12 5.857652e-06 clkbuf_leaf_332_core_clk
 7.465059e-07 5.083656e-06 4.498927e-12 5.830166e-06 fanout1542
 4.090641e-06 1.725562e-06 7.179708e-12 5.816210e-06 clkbuf_leaf_239_core_clk
 7.459978e-07 5.067272e-06 4.705045e-12 5.813275e-06 fanout1736
 8.496536e-07 4.887539e-06 4.529111e-12 5.737198e-06 fanout669
 8.513345e-07 4.867270e-06 4.530338e-12 5.718608e-06 fanout657
 7.451607e-07 4.961570e-06 4.507947e-12 5.706735e-06 fanout1561
 8.510100e-07 4.837523e-06 4.672604e-12 5.688537e-06 fanout587
 9.129369e-07 4.769596e-06 1.250334e-11 5.682545e-06 fanout467
 7.473078e-07 4.903877e-06 4.696032e-12 5.651189e-06 fanout1166
 7.454815e-07 4.883104e-06 4.705045e-12 5.628590e-06 fanout1739
 8.512083e-07 4.767341e-06 4.672604e-12 5.618554e-06 fanout615
 4.069347e-06 1.534720e-06 7.179708e-12 5.604074e-06 clkbuf_leaf_169_core_clk
 4.068545e-06 1.523613e-06 7.179708e-12 5.592166e-06 clkbuf_leaf_205_core_clk
 4.072096e-06 1.476397e-06 7.179708e-12 5.548499e-06 clkbuf_leaf_27_core_clk
 8.500684e-07 4.694070e-06 4.530338e-12 5.544142e-06 fanout629
 8.517531e-07 4.687208e-06 4.529111e-12 5.538966e-06 fanout627
 8.520875e-07 4.686602e-06 4.529111e-12 5.538694e-06 fanout666
 8.505488e-07 4.654709e-06 4.672604e-12 5.505262e-06 fanout578
 4.062160e-06 1.442482e-06 7.179708e-12 5.504650e-06 clkbuf_leaf_204_core_clk
 7.476272e-07 4.756399e-06 4.498927e-12 5.504031e-06 fanout1545
 7.479245e-07 4.751295e-06 4.696032e-12 5.499224e-06 fanout1165
 7.489265e-07 4.736770e-06 4.507947e-12 5.485701e-06 fanout1570
 7.473654e-07 4.693209e-06 4.696032e-12 5.440579e-06 fanout1157
 8.530549e-07 4.572108e-06 4.529111e-12 5.425167e-06 fanout675
 8.544964e-07 4.567221e-06 4.672604e-12 5.421722e-06 fanout591
 7.520615e-07 4.667053e-06 4.507947e-12 5.419119e-06 fanout1536
 8.578912e-07 4.537017e-06 4.671371e-12 5.394913e-06 fanout529
 4.059566e-06 1.316197e-06 7.179708e-12 5.375770e-06 clkbuf_leaf_30_core_clk
 8.657789e-07 4.501416e-06 4.671371e-12 5.367199e-06 fanout617
 8.519135e-07 4.512096e-06 4.529111e-12 5.364014e-06 fanout651
 8.525279e-07 4.504109e-06 4.529105e-12 5.356642e-06 fanout99
 7.456748e-07 4.609736e-06 4.705045e-12 5.355415e-06 fanout1170
 4.051346e-06 1.303793e-06 7.179708e-12 5.355147e-06 clkbuf_leaf_134_core_clk
 8.530291e-07 4.474555e-06 4.681618e-12 5.327589e-06 fanout531
 8.562774e-07 4.454173e-06 4.672604e-12 5.310455e-06 fanout539
 8.531388e-07 4.449986e-06 4.681618e-12 5.303129e-06 fanout533
 8.535256e-07 4.436735e-06 4.529111e-12 5.290266e-06 fanout646
 8.585134e-07 4.425024e-06 4.681618e-12 5.283542e-06 fanout538
 8.527680e-07 4.421282e-06 4.671371e-12 5.274055e-06 fanout516
 7.701379e-07 4.502662e-06 4.698911e-12 5.272805e-06 fanout379
 8.536966e-07 4.418925e-06 4.671371e-12 5.272626e-06 fanout546
 7.450000e-07 4.516092e-06 4.696032e-12 5.261096e-06 fanout1174
 8.535477e-07 4.407286e-06 4.529105e-12 5.260838e-06 fanout117
 8.569203e-07 4.395197e-06 4.671371e-12 5.252122e-06 fanout614
 7.477765e-07 4.500447e-06 4.507940e-12 5.248228e-06 fanout1539
 8.540612e-07 4.388966e-06 4.671371e-12 5.243032e-06 fanout535
 4.041913e-06 1.191012e-06 7.179708e-12 5.232931e-06 clkbuf_leaf_330_core_clk
 8.657266e-07 4.359077e-06 4.671371e-12 5.224808e-06 fanout513
 8.537356e-07 4.361077e-06 4.529111e-12 5.214817e-06 fanout647
 8.540871e-07 4.340597e-06 4.530344e-12 5.194688e-06 fanout678
 8.579602e-07 4.329470e-06 4.529111e-12 5.187435e-06 fanout681
 8.670063e-07 4.312128e-06 4.529118e-12 5.179138e-06 fanout191
 7.495796e-07 4.426349e-06 4.705045e-12 5.175933e-06 fanout1173
 7.468587e-07 4.414785e-06 4.507947e-12 5.161648e-06 fanout1563
 8.545809e-07 4.301203e-06 4.681618e-12 5.155788e-06 fanout552
 8.534577e-07 4.293880e-06 4.530344e-12 5.147342e-06 fanout643
 8.732393e-07 4.268496e-06 4.530314e-12 5.141739e-06 fanout212
 8.541767e-07 4.275747e-06 4.529105e-12 5.129928e-06 fanout112
 7.489293e-07 4.380710e-06 4.498927e-12 5.129644e-06 fanout1547
 8.543979e-07 4.274918e-06 4.529093e-12 5.129321e-06 fanout92
 8.517038e-07 4.277550e-06 4.529111e-12 5.129258e-06 fanout680
 6.405646e-07 4.483054e-06 1.254188e-11 5.123631e-06 fanout1458
 7.487213e-07 4.355799e-06 4.705045e-12 5.104524e-06 fanout1163
 8.560024e-07 4.247329e-06 4.529105e-12 5.103336e-06 fanout192
 6.862695e-07 4.404489e-06 1.109339e-11 5.090769e-06 max_cap407
 7.494761e-07 4.340785e-06 4.507947e-12 5.090266e-06 fanout1557
 8.546718e-07 4.235285e-06 4.529080e-12 5.089962e-06 fanout90
 8.613158e-07 4.225990e-06 4.681618e-12 5.087310e-06 fanout564
 8.537241e-07 4.225245e-06 4.529105e-12 5.078973e-06 fanout95
 9.465591e-07 4.132125e-06 1.332916e-11 5.078697e-06 fanout1447
 8.549007e-07 4.217017e-06 4.672604e-12 5.071922e-06 fanout576
 8.596070e-07 4.196968e-06 4.681618e-12 5.056580e-06 fanout558
 8.559058e-07 4.193118e-06 4.681618e-12 5.049028e-06 fanout606
 8.544803e-07 4.187958e-06 4.681618e-12 5.042443e-06 fanout505
 7.482500e-07 4.294051e-06 4.507947e-12 5.042306e-06 fanout1560
 9.572167e-07 4.075204e-06 1.325055e-11 5.032434e-06 wire1247
 8.550996e-07 4.177248e-06 4.681618e-12 5.032352e-06 fanout554
 8.575937e-07 4.170518e-06 4.671371e-12 5.028116e-06 fanout580
 7.513294e-07 4.273575e-06 4.507947e-12 5.024909e-06 fanout1546
 8.544660e-07 4.151541e-06 4.672604e-12 5.006012e-06 fanout570
 8.543679e-07 4.146048e-06 4.529105e-12 5.000420e-06 fanout87
 8.668779e-07 4.132604e-06 4.671371e-12 4.999486e-06 fanout512
 8.541859e-07 4.143050e-06 4.671371e-12 4.997240e-06 fanout522
 8.938371e-07 4.085523e-06 4.530135e-12 4.979364e-06 fanout186
 7.501874e-07 4.225759e-06 4.507947e-12 4.975951e-06 fanout1568
 8.549100e-07 4.110434e-06 4.671371e-12 4.965349e-06 fanout565
 8.577983e-07 4.103394e-06 4.672604e-12 4.961196e-06 fanout540
 8.620225e-07 4.079473e-06 4.529105e-12 4.941500e-06 fanout108
 8.554125e-07 4.085914e-06 4.529105e-12 4.941331e-06 fanout66
 8.544121e-07 4.085388e-06 4.671371e-12 4.939805e-06 fanout520
 9.583449e-07 3.981039e-06 1.330989e-11 4.939398e-06 fanout1449
 8.582633e-07 4.076060e-06 4.671371e-12 4.934328e-06 fanout611
 8.564468e-07 4.059030e-06 4.681618e-12 4.915481e-06 fanout605
 8.536175e-07 4.061315e-06 4.529111e-12 4.914937e-06 fanout650
 7.220579e-07 4.187789e-06 1.216180e-11 4.909859e-06 fanout1199
 8.547245e-07 4.012322e-06 4.671371e-12 4.867051e-06 fanout523
 8.550410e-07 4.011450e-06 4.672604e-12 4.866495e-06 fanout571
 8.584865e-07 4.004905e-06 4.672604e-12 4.863396e-06 fanout526
 8.562602e-07 3.994642e-06 4.529111e-12 4.850906e-06 fanout662
 7.503001e-07 4.099790e-06 4.705045e-12 4.850095e-06 fanout1167
 8.621826e-07 3.986557e-06 4.671371e-12 4.848744e-06 fanout510
 8.546128e-07 3.963005e-06 4.529111e-12 4.817623e-06 fanout671
 8.559699e-07 3.955954e-06 4.671371e-12 4.811929e-06 fanout507
 7.561648e-07 4.025020e-06 4.696032e-12 4.781189e-06 fanout203
 8.460070e-07 3.932209e-06 1.171701e-11 4.778228e-06 max_cap1076
 8.692822e-07 3.907519e-06 4.530344e-12 4.776806e-06 fanout189
 7.505125e-07 4.024252e-06 4.696032e-12 4.774769e-06 fanout1728
 8.889035e-07 3.885396e-06 1.331100e-11 4.774313e-06 max_cap1219
 7.504564e-07 3.999815e-06 4.507947e-12 4.750276e-06 fanout1569
 7.495995e-07 3.998219e-06 4.696032e-12 4.747823e-06 fanout1160
 8.577339e-07 3.885859e-06 4.671371e-12 4.743598e-06 fanout532
 8.557080e-07 3.819219e-06 4.529111e-12 4.674932e-06 fanout637
 7.522864e-07 3.873672e-06 4.498927e-12 4.625962e-06 fanout1538
 8.102858e-07 3.795785e-06 1.330527e-11 4.606085e-06 max_cap479
 7.639846e-07 3.792638e-06 4.696032e-12 4.556627e-06 fanout1180
 7.507602e-07 3.801205e-06 4.705045e-12 4.551970e-06 fanout1171
 7.511803e-07 3.799152e-06 4.507947e-12 4.550336e-06 fanout1544
 7.494327e-07 3.789454e-06 4.498927e-12 4.538892e-06 fanout1559
 7.560079e-07 3.779472e-06 4.507947e-12 4.535485e-06 fanout1537
 6.554132e-07 3.818336e-06 1.225976e-11 4.473761e-06 fanout1675
 7.521819e-07 3.675925e-06 4.507947e-12 4.428111e-06 fanout1550
 8.926982e-07 3.481217e-06 1.331100e-11 4.373929e-06 max_cap1216
 7.514448e-07 3.591300e-06 4.705045e-12 4.342750e-06 fanout1182
 4.178541e-07 3.915288e-06 7.263806e-12 4.333149e-06 max_cap403
 5.336215e-07 3.798018e-06 7.103727e-12 4.331647e-06 max_cap460
 7.534990e-07 3.570756e-06 4.507947e-12 4.324260e-06 fanout1566
 7.545546e-07 3.557767e-06 4.507947e-12 4.312326e-06 fanout1553
 7.582807e-07 3.501128e-06 4.507947e-12 4.259413e-06 fanout1549
 7.509796e-07 3.506286e-06 4.507947e-12 4.257270e-06 fanout1541
 8.301089e-07 3.384723e-06 1.276038e-11 4.214845e-06 fanout767
 8.611045e-07 3.322808e-06 4.672604e-12 4.183917e-06 fanout585
 8.570666e-07 3.321531e-06 4.671371e-12 4.178602e-06 fanout515
 8.628841e-07 3.292518e-06 4.681618e-12 4.155407e-06 fanout590
 8.653583e-07 3.288449e-06 4.681618e-12 4.153812e-06 fanout569
 6.842899e-07 3.428927e-06 1.381711e-11 4.113230e-06 fanout432
 8.589803e-07 3.253355e-06 4.529105e-12 4.112339e-06 fanout190
 8.636998e-07 3.228741e-06 4.671371e-12 4.092445e-06 fanout530
 8.740971e-07 3.216134e-06 4.529105e-12 4.090236e-06 fanout632
 8.629722e-07 3.203930e-06 4.529105e-12 4.066907e-06 fanout78
 7.645595e-07 3.292236e-06 1.114526e-11 4.056807e-06 fanout421
 6.353833e-07 3.420909e-06 1.310188e-11 4.056305e-06 wire742
 3.980528e-06 0.000000e+00 7.179708e-12 3.980535e-06 clkload196
 3.978068e-06 0.000000e+00 7.179708e-12 3.978075e-06 clkload197
 3.977489e-06 0.000000e+00 7.179708e-12 3.977496e-06 clkload202
 3.976450e-06 0.000000e+00 7.179708e-12 3.976458e-06 clkload200
 3.975681e-06 0.000000e+00 7.179708e-12 3.975688e-06 clkload63
 3.975336e-06 0.000000e+00 7.179708e-12 3.975343e-06 clkload126
 3.975086e-06 0.000000e+00 7.179708e-12 3.975093e-06 clkload113
 3.974323e-06 0.000000e+00 7.179708e-12 3.974330e-06 clkload128
 3.973376e-06 0.000000e+00 7.179708e-12 3.973383e-06 clkload121
 3.972499e-06 0.000000e+00 7.179708e-12 3.972506e-06 clkload125
 3.971222e-06 0.000000e+00 7.179708e-12 3.971229e-06 clkload180
 3.969830e-06 0.000000e+00 7.148307e-12 3.969837e-06 clkload88
 3.968909e-06 0.000000e+00 7.179708e-12 3.968916e-06 clkload255
 3.968635e-06 0.000000e+00 7.179708e-12 3.968642e-06 clkload264
 3.967088e-06 0.000000e+00 7.148307e-12 3.967095e-06 clkload78
 3.966680e-06 0.000000e+00 7.179708e-12 3.966687e-06 clkload299
 3.966255e-06 0.000000e+00 7.179708e-12 3.966262e-06 clkload257
 3.966131e-06 0.000000e+00 7.179708e-12 3.966139e-06 clkload271
 8.622828e-07 3.050740e-06 4.671371e-12 3.913027e-06 fanout612
 5.555934e-07 3.339426e-06 6.954389e-12 3.895027e-06 max_cap456
 8.641775e-07 3.021695e-06 4.672604e-12 3.885877e-06 fanout545
 6.326451e-07 3.245386e-06 1.254188e-11 3.878044e-06 fanout1457
 7.337513e-07 3.137024e-06 1.354827e-11 3.870789e-06 fanout1280
 7.804314e-07 3.086360e-06 1.160119e-11 3.866803e-06 fanout2174
 6.019628e-07 3.215127e-06 1.368936e-11 3.817104e-06 fanout1243
 8.634410e-07 2.950634e-06 4.520110e-12 3.814079e-06 fanout82
 8.609227e-07 2.949899e-06 4.672604e-12 3.810826e-06 fanout541
 8.615399e-07 2.922850e-06 4.529105e-12 3.784394e-06 fanout185
 5.647629e-07 3.206792e-06 1.111039e-11 3.771567e-06 max_cap1272
 6.089555e-07 3.143454e-06 1.102002e-11 3.752420e-06 fanout334
 6.679912e-07 3.032416e-06 1.362321e-11 3.700420e-06 max_cap1275
 4.802981e-07 3.185617e-06 4.282560e-12 3.665919e-06 fanout583
 4.790950e-07 3.185860e-06 4.025127e-12 3.664959e-06 fanout655
 7.818775e-07 2.844572e-06 1.304365e-11 3.626462e-06 fanout1582
 4.804498e-07 3.142997e-06 4.025127e-12 3.623451e-06 fanout670
 1.542574e-07 3.457380e-06 9.074842e-12 3.611646e-06 _21769_
 6.754578e-07 2.897558e-06 1.193707e-11 3.573028e-06 fanout1032
 6.571839e-07 2.912959e-06 1.102163e-11 3.570153e-06 max_cap1279
 6.436517e-07 2.910280e-06 1.309523e-11 3.553945e-06 fanout743
 7.340354e-07 2.813571e-06 1.184922e-11 3.547618e-06 max_cap1062
 4.806340e-07 3.047400e-06 4.027328e-12 3.528038e-06 fanout656
 5.783994e-07 2.923343e-06 1.108873e-11 3.501753e-06 wire787
 4.305687e-07 2.998705e-06 1.091521e-11 3.429285e-06 fanout1041
 4.794062e-07 2.932769e-06 4.282560e-12 3.412180e-06 fanout506
 7.138208e-07 2.694619e-06 1.171945e-11 3.408451e-06 fanout2182
 4.804824e-07 2.922523e-06 4.280348e-12 3.403010e-06 fanout568
 4.796140e-07 2.912569e-06 4.025127e-12 3.392187e-06 fanout677
 6.008959e-07 2.772221e-06 1.366852e-11 3.373130e-06 fanout1505
 6.118107e-07 2.735540e-06 1.124796e-11 3.347362e-06 fanout1517
 5.812356e-07 2.760327e-06 1.095012e-11 3.341573e-06 max_cap1266
 5.902925e-07 2.739537e-06 1.107643e-11 3.329841e-06 fanout805
 5.938629e-07 2.731870e-06 1.249117e-11 3.325745e-06 fanout1194
 4.809586e-07 2.837969e-06 4.025127e-12 3.318932e-06 fanout636
 5.100578e-07 2.799541e-06 7.267078e-12 3.309606e-06 max_cap442
 4.812696e-07 2.826696e-06 4.027328e-12 3.307969e-06 fanout663
 6.669444e-07 2.614287e-06 1.248952e-11 3.281244e-06 fanout1485
 6.802144e-07 2.600226e-06 1.250722e-11 3.280453e-06 max_cap1425
 4.801373e-07 2.711428e-06 4.025127e-12 3.191569e-06 fanout674
 4.817013e-07 2.689364e-06 4.027328e-12 3.171070e-06 fanout661
 7.734721e-07 2.384774e-06 1.304365e-11 3.158259e-06 fanout1581
 5.696013e-07 2.581342e-06 1.352644e-11 3.150957e-06 max_cap1513
 5.913432e-07 2.526634e-06 1.347610e-11 3.117990e-06 max_cap1491
 1.356825e-07 2.975657e-06 5.794745e-12 3.111345e-06 _21741_
 4.596064e-07 2.650505e-06 7.261775e-12 3.110118e-06 max_cap702
 1.590288e-07 2.949376e-06 8.687144e-12 3.108414e-06 _21392_
 4.818687e-07 2.604133e-06 4.282560e-12 3.086006e-06 fanout594
 4.405281e-07 2.645202e-06 7.231695e-12 3.085738e-06 max_cap455
 4.249798e-07 2.653406e-06 4.011522e-12 3.078390e-06 wire396
 3.076244e-06 0.000000e+00 1.136722e-11 3.076255e-06 clkload6
 3.060418e-06 0.000000e+00 1.136722e-11 3.060430e-06 clkload22
 5.181795e-07 2.540592e-06 1.070101e-11 3.058782e-06 fanout764
 3.028978e-06 0.000000e+00 1.136722e-11 3.028989e-06 clkload13
 4.247322e-07 2.603593e-06 4.324590e-12 3.028329e-06 fanout1176
 3.020519e-06 0.000000e+00 1.136722e-11 3.020531e-06 clkload7
 4.806402e-07 2.514902e-06 4.025127e-12 2.995546e-06 fanout682
 4.828091e-07 2.448664e-06 4.280348e-12 2.931477e-06 fanout581
 4.219669e-07 2.488949e-06 4.324590e-12 2.910920e-06 fanout1735
 4.066546e-07 2.472545e-06 7.225776e-12 2.879207e-06 max_cap465
 4.593590e-07 2.407072e-06 1.194017e-11 2.866443e-06 fanout798
 3.188800e-07 2.517181e-06 7.200802e-12 2.836069e-06 fanout2068
 4.868854e-07 2.336072e-06 1.097232e-11 2.822968e-06 fanout1534
 3.844679e-07 2.393138e-06 7.104234e-12 2.777613e-06 max_cap408
 5.036309e-07 2.260294e-06 1.364529e-11 2.763939e-06 max_cap1523
 4.821180e-07 2.251682e-06 4.298731e-12 2.733804e-06 fanout543
 4.828912e-07 2.246986e-06 4.280348e-12 2.729882e-06 fanout521
 4.831124e-07 2.213365e-06 4.027339e-12 2.696481e-06 fanout642
 3.318360e-07 2.355621e-06 7.027274e-12 2.687464e-06 max_cap302
 4.821047e-07 2.204829e-06 4.298731e-12 2.686938e-06 fanout553
 3.590597e-07 2.303978e-06 7.006390e-12 2.663045e-06 fanout1128
 5.554347e-07 2.100001e-06 1.111072e-11 2.655447e-06 fanout1271
 5.086076e-07 2.136951e-06 1.364529e-11 2.645572e-06 max_cap1521
 3.268145e-07 2.252175e-06 6.982323e-12 2.578997e-06 max_cap706
 3.609499e-07 2.205961e-06 7.107020e-12 2.566918e-06 max_cap1063
 4.880376e-07 2.063482e-06 4.298731e-12 2.551524e-06 fanout596
 3.160312e-07 2.200914e-06 6.973293e-12 2.516952e-06 max_cap457
 5.247123e-07 1.975954e-06 1.356853e-11 2.500680e-06 fanout1471
 4.834823e-07 2.001095e-06 4.280348e-12 2.484582e-06 fanout525
 6.121423e-07 1.839231e-06 1.164492e-11 2.451385e-06 fanout2073
 4.832598e-07 1.957058e-06 4.025127e-12 2.440322e-06 fanout638
 4.839552e-07 1.943211e-06 4.280348e-12 2.427171e-06 fanout600
 3.512209e-07 2.056650e-06 7.006259e-12 2.407878e-06 fanout1109
 4.939993e-07 1.908039e-06 1.367252e-11 2.402052e-06 fanout1530
 3.191282e-07 2.055654e-06 7.178765e-12 2.374790e-06 fanout1636
 4.843420e-07 1.876249e-06 4.298731e-12 2.360595e-06 fanout593
 4.861432e-07 1.858406e-06 4.280348e-12 2.344553e-06 fanout511
 3.798657e-07 1.960947e-06 6.950936e-12 2.340819e-06 fanout1288
 3.706738e-07 1.947300e-06 6.934986e-12 2.317981e-06 max_cap328
 2.624590e-07 2.053272e-06 7.157527e-12 2.315738e-06 max_cap1200
 3.196404e-07 1.966599e-06 7.293060e-12 2.286247e-06 max_cap725
 4.836691e-07 1.800851e-06 4.025127e-12 2.284525e-06 fanout626
 4.825644e-07 1.785829e-06 4.298731e-12 2.268397e-06 fanout514
 5.027958e-07 1.721295e-06 1.099955e-11 2.224102e-06 max_cap1525
 4.832325e-07 1.680406e-06 4.282560e-12 2.163642e-06 fanout572
 3.498480e-07 1.794681e-06 7.006259e-12 2.144536e-06 fanout1116
 3.028197e-07 1.826212e-06 6.959736e-12 2.129038e-06 max_cap773
 4.828944e-07 1.618102e-06 4.025127e-12 2.101001e-06 fanout648
 3.556263e-07 1.742963e-06 7.036014e-12 2.098596e-06 fanout2161
 3.668668e-07 1.724457e-06 7.405267e-12 2.091331e-06 fanout1281
 4.013360e-07 1.679789e-06 1.084935e-11 2.081136e-06 fanout1003
 4.817471e-07 1.593571e-06 4.027328e-12 2.075322e-06 fanout633
 4.242516e-07 1.644555e-06 4.340761e-12 2.068811e-06 fanout1164
 2.060315e-06 0.000000e+00 4.609412e-12 2.060320e-06 clkload91
 2.059975e-06 0.000000e+00 4.609412e-12 2.059979e-06 clkload233
 2.059443e-06 0.000000e+00 4.609412e-12 2.059448e-06 clkload235
 2.059157e-06 0.000000e+00 4.609412e-12 2.059162e-06 clkload236
 2.058687e-06 0.000000e+00 4.609412e-12 2.058692e-06 clkload137
 2.057757e-06 0.000000e+00 4.609412e-12 2.057762e-06 clkload190
 2.057672e-06 0.000000e+00 4.609412e-12 2.057677e-06 clkload237
 2.057353e-06 0.000000e+00 4.609412e-12 2.057358e-06 clkload232
 2.057096e-06 0.000000e+00 4.609412e-12 2.057101e-06 clkload231
 2.056766e-06 0.000000e+00 4.609412e-12 2.056770e-06 clkload92
 2.056722e-06 0.000000e+00 4.609412e-12 2.056727e-06 clkload191
 2.056301e-06 0.000000e+00 4.609412e-12 2.056306e-06 clkload136
 2.056268e-06 0.000000e+00 4.609412e-12 2.056272e-06 clkload234
 2.055281e-06 0.000000e+00 4.609412e-12 2.055286e-06 clkload238
 2.053493e-06 0.000000e+00 4.609412e-12 2.053498e-06 clkload195
 2.052561e-06 0.000000e+00 4.609412e-12 2.052565e-06 clkload199
 2.051981e-06 0.000000e+00 4.609412e-12 2.051986e-06 clkload201
 2.051826e-06 0.000000e+00 4.636101e-12 2.051830e-06 clkload131
 2.051174e-06 0.000000e+00 4.609412e-12 2.051178e-06 clkload61
 2.051124e-06 0.000000e+00 4.609412e-12 2.051128e-06 clkload105
 2.050379e-06 0.000000e+00 4.609412e-12 2.050383e-06 clkload117
 2.050358e-06 0.000000e+00 4.609412e-12 2.050363e-06 clkload80
 2.050313e-06 0.000000e+00 4.609412e-12 2.050318e-06 clkload186
 2.049664e-06 0.000000e+00 4.609412e-12 2.049669e-06 clkload188
 2.049389e-06 0.000000e+00 4.609412e-12 2.049394e-06 clkload115
 2.049373e-06 0.000000e+00 4.636101e-12 2.049378e-06 clkload175
 2.048795e-06 0.000000e+00 4.636101e-12 2.048800e-06 clkload81
 2.048670e-06 0.000000e+00 4.609412e-12 2.048675e-06 clkload182
 2.047636e-06 0.000000e+00 4.636101e-12 2.047640e-06 clkload171
 2.046490e-06 0.000000e+00 4.636101e-12 2.046495e-06 clkload143
 3.185256e-07 1.725502e-06 7.178765e-12 2.044035e-06 fanout1663
 2.043868e-06 0.000000e+00 4.609412e-12 2.043872e-06 clkload35
 3.277134e-07 1.705234e-06 6.966626e-12 2.032955e-06 max_cap803
 2.026753e-06 0.000000e+00 4.609412e-12 2.026758e-06 clkload15
 2.964465e-07 1.700153e-06 6.939505e-12 1.996606e-06 max_cap447
 6.755184e-07 1.318155e-06 7.039242e-12 1.993681e-06 wire296
 3.040466e-07 1.684846e-06 7.070686e-12 1.988900e-06 fanout2093
 3.201778e-07 1.665023e-06 7.178765e-12 1.985208e-06 fanout1667
 3.307526e-07 1.642786e-06 1.077161e-11 1.973549e-06 max_cap1079
 3.178084e-07 1.629806e-06 7.198510e-12 1.947622e-06 fanout2067
 2.948386e-07 1.594886e-06 7.217325e-12 1.889732e-06 fanout1192
 3.047373e-07 1.550908e-06 7.308873e-12 1.855652e-06 fanout1624
 4.273851e-07 1.404718e-06 4.340761e-12 1.832107e-06 fanout1181
 1.934021e-07 1.634005e-06 7.256219e-12 1.827414e-06 fanout1964
 3.134932e-07 1.512260e-06 7.381359e-12 1.825761e-06 fanout1230
 2.796781e-07 1.530464e-06 6.945641e-12 1.810149e-06 max_cap722
 3.047395e-07 1.478768e-06 7.308873e-12 1.783515e-06 fanout1613
 3.017176e-07 1.459107e-06 7.219443e-12 1.760832e-06 fanout1195
 2.450977e-07 1.511157e-06 1.068198e-11 1.756265e-06 fanout404
 3.067281e-07 1.424112e-06 7.308873e-12 1.730848e-06 fanout1600
 3.023418e-07 1.427581e-06 7.068496e-12 1.729930e-06 fanout2137
 3.186270e-07 1.404406e-06 7.178765e-12 1.723040e-06 fanout1629
 2.361883e-07 1.462863e-06 6.934014e-12 1.699058e-06 max_cap752
 2.037671e-07 1.468625e-06 4.501473e-12 1.672396e-06 hold492
 3.059986e-07 1.352908e-06 7.308873e-12 1.658913e-06 fanout1595
 3.074738e-07 1.334989e-06 7.308865e-12 1.642470e-06 fanout1614
 3.067572e-07 1.334953e-06 7.070686e-12 1.641717e-06 fanout2155
 1.629279e-06 0.000000e+00 6.811656e-12 1.629286e-06 clkload23
 8.802281e-08 1.540904e-06 3.229049e-12 1.628930e-06 _20788_
 2.071625e-07 1.419532e-06 6.935182e-12 1.626701e-06 max_cap707
 3.044173e-07 1.315945e-06 7.070686e-12 1.620369e-06 fanout2149
 3.054122e-07 1.298097e-06 7.308873e-12 1.603517e-06 fanout1616
 3.065636e-07 1.285502e-06 7.070686e-12 1.592072e-06 fanout2100
 1.591297e-06 0.000000e+00 6.811656e-12 1.591304e-06 clkload51
 1.585819e-06 0.000000e+00 6.811656e-12 1.585826e-06 clkload2
 1.584104e-06 0.000000e+00 6.811656e-12 1.584111e-06 clkload50
 1.583798e-06 0.000000e+00 6.811656e-12 1.583804e-06 clkload11
 1.582990e-06 0.000000e+00 6.811656e-12 1.582997e-06 clkload56
 1.576019e-06 0.000000e+00 6.811656e-12 1.576026e-06 clkload33
 1.574484e-06 0.000000e+00 6.811656e-12 1.574490e-06 clkload283
 1.574240e-06 0.000000e+00 6.811656e-12 1.574247e-06 clkload285
 1.573680e-06 0.000000e+00 6.811656e-12 1.573687e-06 clkload10
 1.573363e-06 0.000000e+00 6.811656e-12 1.573370e-06 clkload289
 1.573268e-06 0.000000e+00 6.811656e-12 1.573275e-06 clkload288
 1.571139e-06 0.000000e+00 6.811656e-12 1.571146e-06 clkload284
 1.927052e-07 1.378150e-06 4.380380e-12 1.570860e-06 wire298
 1.570483e-06 0.000000e+00 6.811656e-12 1.570490e-06 clkload46
 1.569908e-06 0.000000e+00 6.811656e-12 1.569915e-06 clkload291
 1.568764e-06 0.000000e+00 6.811656e-12 1.568771e-06 clkload41
 1.568152e-06 0.000000e+00 6.811656e-12 1.568159e-06 clkload45
 1.763432e-07 1.371460e-06 4.756832e-12 1.547808e-06 fanout1113
 3.049635e-07 1.236480e-06 7.070686e-12 1.541450e-06 fanout2113
 3.075291e-07 1.223149e-06 7.070686e-12 1.530685e-06 fanout2109
 3.199493e-07 1.210499e-06 7.178765e-12 1.530456e-06 fanout1626
 3.092312e-07 1.220197e-06 7.070686e-12 1.529435e-06 fanout2080
 3.053844e-07 1.222065e-06 7.070686e-12 1.527457e-06 fanout2126
 3.044275e-07 1.214005e-06 7.070686e-12 1.518440e-06 fanout2144
 2.043211e-07 1.310462e-06 6.928131e-12 1.514790e-06 max_cap741
 3.072439e-07 1.205647e-06 7.070686e-12 1.512898e-06 fanout2098
 3.060156e-07 1.201902e-06 7.070686e-12 1.507925e-06 fanout2139
 3.056792e-07 1.201292e-06 7.068496e-12 1.506978e-06 fanout2081
 3.069566e-07 1.193757e-06 7.070686e-12 1.500720e-06 fanout2089
 3.071661e-07 1.191983e-06 7.070686e-12 1.499156e-06 fanout2122
 3.049015e-07 1.192328e-06 7.070686e-12 1.497237e-06 fanout2106
 3.057107e-07 1.189623e-06 7.070686e-12 1.495341e-06 fanout2082
 1.764814e-07 1.315670e-06 4.756832e-12 1.492156e-06 fanout1126
 2.396806e-07 1.247013e-06 1.063721e-11 1.486704e-06 fanout1020
 3.043358e-07 1.181653e-06 7.070686e-12 1.485996e-06 fanout2147
 3.076208e-07 1.173201e-06 7.070686e-12 1.480829e-06 fanout2141
 3.079358e-07 1.171020e-06 7.070686e-12 1.478963e-06 fanout2134
 3.088510e-07 1.154710e-06 7.070686e-12 1.463568e-06 fanout2116
 1.985078e-07 1.259922e-06 7.370776e-12 1.458437e-06 fanout489
 1.982098e-07 1.258182e-06 7.370768e-12 1.456399e-06 fanout481
 3.048243e-07 1.147199e-06 7.070686e-12 1.452031e-06 fanout2104
 3.052025e-07 1.109043e-06 7.308865e-12 1.414252e-06 fanout1621
 1.767505e-07 1.231380e-06 4.756832e-12 1.408135e-06 fanout1122
 3.070789e-07 1.096686e-06 7.070686e-12 1.403772e-06 fanout2086
 3.067759e-07 1.095349e-06 7.070686e-12 1.402132e-06 fanout2088
 1.607147e-07 1.226059e-06 4.444675e-12 1.386778e-06 wire271
 1.769154e-07 1.203679e-06 4.756832e-12 1.380599e-06 fanout1107
 1.770183e-07 1.185227e-06 4.756832e-12 1.362250e-06 fanout1106
 3.060244e-07 1.050727e-06 7.068496e-12 1.356759e-06 fanout2102
 1.990268e-07 1.155199e-06 7.369361e-12 1.354234e-06 fanout488
 1.721407e-07 1.174309e-06 4.382474e-12 1.346454e-06 fanout295
 2.012754e-07 1.145035e-06 7.484845e-12 1.346318e-06 fanout868
 2.057837e-07 1.116622e-06 7.486296e-12 1.322413e-06 fanout846
 1.934243e-07 1.110210e-06 7.123348e-12 1.303642e-06 fanout1704
 1.614020e-07 1.140296e-06 4.591490e-12 1.301702e-06 fanout2046
 1.777327e-07 1.118324e-06 4.756721e-12 1.296061e-06 fanout1115
 1.946886e-07 1.098642e-06 7.123348e-12 1.293337e-06 fanout1687
 6.247961e-08 1.225102e-06 6.088084e-12 1.287588e-06 _21859_
 1.775672e-07 1.105870e-06 4.756721e-12 1.283442e-06 fanout1095
 1.989321e-07 1.081343e-06 7.370768e-12 1.280283e-06 fanout484
 1.608713e-07 1.115947e-06 4.591484e-12 1.276823e-06 fanout2006
 1.612130e-07 1.105874e-06 4.610213e-12 1.267092e-06 fanout1653
 1.606233e-07 1.092184e-06 4.593432e-12 1.252812e-06 fanout2037
 1.608583e-07 1.090359e-06 4.610213e-12 1.251222e-06 fanout1673
 1.953436e-07 1.055577e-06 7.124747e-12 1.250928e-06 fanout1702
 1.612801e-07 1.089066e-06 4.610213e-12 1.250351e-06 fanout1657
 1.608567e-07 1.084201e-06 4.610213e-12 1.245063e-06 fanout1635
 1.612843e-07 1.081063e-06 4.610213e-12 1.242352e-06 fanout1637
 1.956868e-07 1.025796e-06 7.123348e-12 1.221490e-06 fanout1701
 1.946461e-07 1.025890e-06 7.124747e-12 1.220543e-06 fanout1690
 1.775047e-07 1.036247e-06 4.756832e-12 1.213756e-06 fanout1103
 1.953383e-07 1.013100e-06 7.124747e-12 1.208446e-06 fanout1698
 1.953151e-07 1.012565e-06 7.123348e-12 1.207888e-06 fanout1680
 1.613981e-07 1.041994e-06 4.610213e-12 1.203397e-06 fanout1666
 1.626619e-07 1.032956e-06 4.591490e-12 1.195622e-06 fanout1987
 1.620242e-07 1.028765e-06 4.591490e-12 1.190794e-06 fanout2035
 1.610807e-07 1.025945e-06 4.591490e-12 1.187030e-06 fanout2032
 1.955264e-07 9.832795e-07 7.124747e-12 1.178813e-06 fanout1694
 1.404316e-07 1.035905e-06 4.437839e-12 1.176341e-06 wire351
 1.609438e-07 1.012958e-06 4.610213e-12 1.173906e-06 fanout1649
 1.619467e-07 1.011225e-06 4.591490e-12 1.173176e-06 fanout2048
 1.614737e-07 1.003644e-06 4.591490e-12 1.165122e-06 fanout2018
 1.623546e-07 1.001764e-06 4.591490e-12 1.164123e-06 fanout1999
 1.840768e-07 9.752459e-07 7.372110e-12 1.159330e-06 fanout1090
 1.931894e-07 9.643791e-07 7.256219e-12 1.157576e-06 fanout1970
 1.616803e-07 9.949773e-07 4.610213e-12 1.156662e-06 fanout1659
 1.847972e-07 9.718041e-07 7.373075e-12 1.156609e-06 fanout1083
 1.620048e-07 9.887505e-07 4.591490e-12 1.150760e-06 fanout1995
 1.615759e-07 9.873413e-07 4.591490e-12 1.148922e-06 fanout2017
 1.541939e-07 9.925254e-07 4.702073e-12 1.146724e-06 fanout2115
 1.614965e-07 9.849796e-07 4.591490e-12 1.146481e-06 fanout2057
 1.615119e-07 9.843146e-07 4.610213e-12 1.145831e-06 fanout1662
 1.942676e-07 9.513486e-07 7.254819e-12 1.145624e-06 fanout1976
 1.624244e-07 9.820783e-07 4.591490e-12 1.144507e-06 fanout2043
 1.939217e-07 9.432361e-07 7.254819e-12 1.137165e-06 fanout1983
 1.947934e-07 9.419887e-07 7.124747e-12 1.136789e-06 fanout1677
 1.617332e-07 9.738581e-07 4.591490e-12 1.135596e-06 fanout2016
 1.616629e-07 9.724639e-07 4.610213e-12 1.134131e-06 fanout1646
 1.618686e-07 9.717153e-07 4.593432e-12 1.133588e-06 fanout2008
 1.616033e-07 9.713891e-07 4.610213e-12 1.132997e-06 fanout1643
 1.610805e-07 9.712257e-07 4.593432e-12 1.132311e-06 fanout2045
 1.622890e-07 9.691298e-07 4.591490e-12 1.131423e-06 fanout2034
 1.616079e-07 9.640613e-07 4.591490e-12 1.125674e-06 fanout2002
 1.611106e-07 9.625815e-07 4.593432e-12 1.123697e-06 fanout2060
 5.721288e-08 1.063530e-06 4.659462e-12 1.120747e-06 _24660_
 1.613282e-07 9.563820e-07 4.610213e-12 1.117715e-06 fanout1650
 1.547244e-07 9.570830e-07 4.499630e-12 1.111812e-06 fanout1601
 1.841353e-07 9.273016e-07 7.373075e-12 1.111444e-06 fanout1091
 1.616047e-07 9.496315e-07 4.591490e-12 1.111241e-06 fanout2061
 1.840178e-07 9.255755e-07 7.372110e-12 1.109601e-06 fanout1088
 1.617680e-07 9.471681e-07 4.610213e-12 1.108941e-06 fanout1668
 1.547164e-07 9.504438e-07 4.499636e-12 1.105165e-06 fanout1620
 1.616661e-07 9.427423e-07 4.591490e-12 1.104413e-06 fanout2058
 1.619628e-07 9.403893e-07 4.610213e-12 1.102357e-06 fanout1642
 1.621577e-07 9.399447e-07 4.591490e-12 1.102107e-06 fanout2022
 1.552325e-07 9.439308e-07 4.702073e-12 1.099168e-06 fanout2123
 1.299808e-07 9.635253e-07 4.433824e-12 1.093510e-06 wire299
 1.623215e-07 9.298945e-07 4.591490e-12 1.092220e-06 fanout1992
 1.637036e-07 9.279883e-07 6.909424e-12 1.091699e-06 max_cap714
 1.953066e-07 8.913718e-07 7.256212e-12 1.086686e-06 fanout1952
 1.941874e-07 8.920343e-07 7.256212e-12 1.086229e-06 fanout1958
 1.614381e-07 9.246110e-07 4.593432e-12 1.086054e-06 fanout2005
 1.614406e-07 9.237133e-07 4.593432e-12 1.085158e-06 fanout1989
 1.854219e-07 8.983075e-07 7.373075e-12 1.083737e-06 fanout1087
 1.618263e-07 9.190662e-07 4.610213e-12 1.080897e-06 fanout1632
 1.618597e-07 9.180769e-07 4.591490e-12 1.079941e-06 fanout2009
 2.222177e-07 8.544628e-07 1.064043e-11 1.076691e-06 max_cap796
 1.624010e-07 9.132044e-07 4.591490e-12 1.075610e-06 fanout1991
 1.547152e-07 9.176354e-07 4.702073e-12 1.072355e-06 fanout2103
 1.613231e-07 9.071547e-07 4.593432e-12 1.068482e-06 fanout2053
 1.615370e-07 9.062592e-07 4.591490e-12 1.067801e-06 fanout2030
 1.615077e-07 9.062805e-07 4.593432e-12 1.067793e-06 fanout1993
 1.621014e-07 8.943298e-07 4.591490e-12 1.056436e-06 fanout2040
 1.616801e-07 8.945273e-07 4.591490e-12 1.056212e-06 fanout2050
 1.615884e-07 8.929994e-07 4.591490e-12 1.054592e-06 fanout2033
 1.955000e-07 8.469016e-07 7.256212e-12 1.042409e-06 fanout1951
 1.616376e-07 8.801713e-07 4.591490e-12 1.041814e-06 fanout2036
 1.620731e-07 8.695474e-07 4.591490e-12 1.031625e-06 fanout2024
 1.618921e-07 8.634807e-07 4.610213e-12 1.025377e-06 fanout1665
 1.549236e-07 8.652314e-07 4.703936e-12 1.020160e-06 fanout2092
 1.622836e-07 8.541646e-07 4.591490e-12 1.016453e-06 fanout2042
 1.549526e-07 8.595453e-07 4.702073e-12 1.014502e-06 fanout2105
 1.630308e-07 8.507671e-07 4.591490e-12 1.013802e-06 fanout2019
 1.622921e-07 8.479510e-07 4.591490e-12 1.010248e-06 fanout2044
 1.621402e-07 8.436259e-07 4.591490e-12 1.005771e-06 fanout2065
 1.550448e-07 8.477646e-07 4.702073e-12 1.002814e-06 fanout2124
 1.626371e-07 8.399647e-07 4.591490e-12 1.002606e-06 fanout2001
 1.621543e-07 8.380716e-07 4.591490e-12 1.000230e-06 fanout2020
 1.549517e-07 8.435680e-07 4.703936e-12 9.985243e-07 fanout2099
 1.621763e-07 8.247310e-07 4.591490e-12 9.869118e-07 fanout2003
 1.618333e-07 8.235985e-07 4.610213e-12 9.854365e-07 fanout1651
 1.624076e-07 8.089411e-07 4.610213e-12 9.713534e-07 fanout1638
 1.621609e-07 7.982974e-07 4.591484e-12 9.604628e-07 fanout2015
 1.626308e-07 7.931507e-07 4.591490e-12 9.557860e-07 fanout2054
 1.621193e-07 7.804602e-07 4.591490e-12 9.425841e-07 fanout2051
 1.999642e-07 7.329746e-07 4.496547e-12 9.329434e-07 fanout1393
 1.553313e-07 7.703343e-07 4.499630e-12 9.256701e-07 fanout1618
 2.061898e-07 7.192578e-07 4.558685e-12 9.254521e-07 fanout1329
 1.552586e-07 7.700002e-07 4.499630e-12 9.252632e-07 fanout1607
 2.199298e-07 6.921061e-07 4.534648e-12 9.120404e-07 fanout1331
 1.332835e-07 7.781337e-07 6.902468e-12 9.114241e-07 max_cap1039
 1.621138e-07 7.483165e-07 4.593432e-12 9.104349e-07 fanout1988
 1.554014e-07 7.480874e-07 4.499630e-12 9.034932e-07 fanout1605
 1.992613e-07 6.959029e-07 4.507885e-12 8.951687e-07 fanout1400
 1.989755e-07 6.936822e-07 4.498767e-12 8.926622e-07 fanout1385
 1.626815e-07 7.224546e-07 4.610213e-12 8.851407e-07 fanout1647
 1.025749e-07 7.721368e-07 4.381999e-12 8.747161e-07 fanout1417
 1.928203e-07 6.746060e-07 4.475826e-12 8.674307e-07 fanout1304
 2.024434e-07 6.618849e-07 4.507885e-12 8.643328e-07 fanout1401
 1.970918e-07 6.525744e-07 4.516639e-12 8.496707e-07 fanout1349
 2.066076e-07 6.348195e-07 4.692468e-12 8.414319e-07 fanout1296
 8.356487e-07 0.000000e+00 4.048403e-12 8.356527e-07 clkload127
 8.344977e-07 0.000000e+00 4.048403e-12 8.345017e-07 clkload120
 8.324201e-07 0.000000e+00 4.048403e-12 8.324241e-07 clkload85
 2.011665e-07 6.306926e-07 4.520585e-12 8.318637e-07 fanout1308
 8.314708e-07 0.000000e+00 4.048403e-12 8.314748e-07 clkload90
 8.310362e-07 0.000000e+00 4.048403e-12 8.310402e-07 clkload176
 8.307050e-07 0.000000e+00 4.048403e-12 8.307090e-07 clkload282
 8.305169e-07 0.000000e+00 4.048403e-12 8.305209e-07 clkload276
 8.303177e-07 0.000000e+00 4.048403e-12 8.303217e-07 clkload177
 8.289782e-07 0.000000e+00 4.048403e-12 8.289822e-07 clkload67
 8.286264e-07 0.000000e+00 4.048403e-12 8.286304e-07 clkload163
 8.281227e-07 0.000000e+00 4.048403e-12 8.281268e-07 clkload94
 1.939116e-07 6.337619e-07 4.507268e-12 8.276780e-07 fanout1353
 8.275787e-07 0.000000e+00 4.048403e-12 8.275827e-07 clkload164
 8.267348e-07 0.000000e+00 4.048403e-12 8.267389e-07 clkload216
 8.264520e-07 0.000000e+00 4.048403e-12 8.264560e-07 clkload252
 2.007243e-07 6.256068e-07 4.541053e-12 8.263356e-07 fanout1319
 8.250967e-07 0.000000e+00 4.048403e-12 8.251008e-07 clkload248
 8.250730e-07 0.000000e+00 3.833043e-12 8.250768e-07 clkload174
 8.238339e-07 0.000000e+00 4.048403e-12 8.238379e-07 clkload221
 8.237584e-07 0.000000e+00 4.048403e-12 8.237624e-07 clkload147
 8.228139e-07 0.000000e+00 4.048403e-12 8.228180e-07 clkload253
 8.220866e-07 0.000000e+00 3.833043e-12 8.220904e-07 clkload156
 8.217914e-07 0.000000e+00 3.833043e-12 8.217953e-07 clkload159
 8.213802e-07 0.000000e+00 4.048403e-12 8.213843e-07 clkload209
 8.198681e-07 0.000000e+00 4.048403e-12 8.198722e-07 clkload251
 8.195492e-07 0.000000e+00 3.833043e-12 8.195530e-07 clkload157
 1.907784e-07 6.276975e-07 4.521208e-12 8.184805e-07 fanout1352
 8.171456e-07 0.000000e+00 4.048403e-12 8.171496e-07 clkload49
 1.556778e-07 6.587528e-07 4.703936e-12 8.144353e-07 fanout2095
 1.019341e-07 7.100141e-07 4.348837e-12 8.119525e-07 fanout872
 1.946728e-07 6.152625e-07 4.514062e-12 8.099398e-07 fanout1316
 2.017979e-07 6.079705e-07 4.483101e-12 8.097730e-07 fanout1364
 1.850900e-07 6.146773e-07 4.467084e-12 7.997717e-07 fanout1402
 1.930535e-07 6.059619e-07 4.504926e-12 7.990199e-07 fanout1347
 2.000982e-07 5.943479e-07 4.557206e-12 7.944506e-07 fanout1295
 1.021261e-07 6.843952e-07 4.350064e-12 7.865257e-07 fanout873
 1.889701e-07 5.948975e-07 4.482978e-12 7.838721e-07 fanout1325
 1.020802e-07 6.813673e-07 4.852873e-12 7.834524e-07 fanout985
 1.674162e-07 6.118029e-07 4.822404e-12 7.792239e-07 fanout68
 1.022710e-07 6.727098e-07 4.851640e-12 7.749856e-07 fanout915
 1.951753e-07 5.792095e-07 4.504562e-12 7.743893e-07 fanout1368
 1.832435e-07 5.876626e-07 4.675194e-12 7.709107e-07 fanout1396
 9.813824e-08 6.679873e-07 4.544382e-12 7.661300e-07 fanout1967
 9.822333e-08 6.662080e-07 4.544388e-12 7.644359e-07 fanout1962
 1.022729e-07 6.559834e-07 4.350064e-12 7.582607e-07 fanout844
 1.908497e-07 5.637433e-07 4.523791e-12 7.545975e-07 fanout1312
 9.278389e-08 6.616014e-07 4.445882e-12 7.543897e-07 fanout1093
 1.877251e-07 5.483756e-07 4.526503e-12 7.361053e-07 fanout1306
 1.023587e-07 6.336405e-07 4.852873e-12 7.360040e-07 fanout921
 9.829546e-08 6.347649e-07 4.545572e-12 7.330649e-07 fanout1965
 1.024910e-07 6.288028e-07 4.350064e-12 7.312981e-07 fanout840
 1.024950e-07 6.153099e-07 4.350070e-12 7.178093e-07 fanout910
 1.025779e-07 6.122609e-07 4.852873e-12 7.148436e-07 fanout920
 9.878647e-08 6.082628e-07 4.544388e-12 7.070538e-07 fanout1955
 1.025201e-07 6.014095e-07 4.852873e-12 7.039344e-07 fanout990
 9.835158e-08 6.027097e-07 4.657315e-12 7.010659e-07 fanout1696
 9.860543e-08 5.938018e-07 4.657315e-12 6.924119e-07 fanout1686
 1.031783e-07 5.875527e-07 4.852873e-12 6.907358e-07 fanout954
 1.034037e-07 5.856177e-07 4.348837e-12 6.890258e-07 fanout880
 1.025606e-07 5.860668e-07 4.852873e-12 6.886323e-07 fanout968
 1.564740e-07 5.281422e-07 4.702073e-12 6.846208e-07 fanout2091
 1.009092e-07 5.796832e-07 4.447017e-12 6.805969e-07 fanout487
 1.028180e-07 5.764629e-07 4.350070e-12 6.792853e-07 fanout907
 9.834115e-08 5.777986e-07 4.545572e-12 6.761443e-07 fanout1957
 1.027816e-07 5.722871e-07 4.852873e-12 6.750736e-07 fanout944
 1.023338e-07 5.720870e-07 4.348837e-12 6.744252e-07 fanout853
 9.883895e-08 5.746670e-07 4.545572e-12 6.735105e-07 fanout1971
 1.026192e-07 5.702274e-07 4.820937e-12 6.728515e-07 fanout1013
 1.549208e-07 5.172996e-07 4.433052e-12 6.722248e-07 fanout1370
 9.141493e-08 5.796522e-07 4.137037e-12 6.710713e-07 fanout2052
 1.082194e-07 5.626615e-07 4.382597e-12 6.708853e-07 fanout290
 9.101777e-08 5.775169e-07 4.137037e-12 6.685388e-07 fanout2031
 1.028080e-07 5.656096e-07 4.852873e-12 6.684225e-07 fanout916
 1.024967e-07 5.647419e-07 4.348837e-12 6.672430e-07 fanout870
 1.736622e-07 4.927642e-07 4.477935e-12 6.664308e-07 fanout1343
 1.023932e-07 5.628742e-07 4.852873e-12 6.652723e-07 fanout938
 1.028275e-07 5.567183e-07 4.851640e-12 6.595507e-07 fanout925
 1.027200e-07 5.557357e-07 4.348837e-12 6.584600e-07 fanout828
 1.027710e-07 5.534549e-07 4.348837e-12 6.562303e-07 fanout875
 1.034520e-07 5.498442e-07 4.852873e-12 6.533010e-07 fanout947
 1.027830e-07 5.493354e-07 4.851640e-12 6.521232e-07 fanout956
 1.033014e-07 5.486422e-07 4.348837e-12 6.519479e-07 fanout866
 1.027885e-07 5.477950e-07 4.348837e-12 6.505879e-07 fanout855
 1.028730e-07 5.472523e-07 4.854106e-12 6.501301e-07 fanout962
 1.187717e-07 5.304419e-07 4.020448e-12 6.492177e-07 fanout1382
 1.005285e-07 5.483564e-07 4.433470e-12 6.488893e-07 fanout1118
 1.026845e-07 5.440560e-07 4.348837e-12 6.467449e-07 fanout867
 9.121464e-08 5.549580e-07 4.170628e-12 6.461768e-07 fanout1645
 6.443008e-07 0.000000e+00 1.452127e-13 6.443009e-07 clkload204
 9.108256e-08 5.501386e-07 4.170628e-12 6.412253e-07 fanout1655
 1.028019e-07 5.330753e-07 4.852873e-12 6.358821e-07 fanout986
 1.027681e-07 5.318757e-07 4.852873e-12 6.346487e-07 fanout922
 1.027559e-07 5.317469e-07 4.852873e-12 6.345077e-07 fanout946
 1.028419e-07 5.306176e-07 4.852873e-12 6.334644e-07 fanout941
 1.029141e-07 5.289933e-07 4.852873e-12 6.319122e-07 fanout919
 1.494222e-07 4.812044e-07 4.344035e-12 6.306310e-07 fanout265
 6.292538e-07 0.000000e+00 1.452127e-13 6.292540e-07 clkload110
 6.287755e-07 0.000000e+00 1.452127e-13 6.287757e-07 clkload108
 1.025535e-07 5.250723e-07 4.348837e-12 6.276302e-07 fanout903
 9.152989e-08 5.348550e-07 4.137037e-12 6.263890e-07 fanout1998
 6.251111e-07 0.000000e+00 1.452127e-13 6.251112e-07 clkload59
 6.247103e-07 0.000000e+00 1.452127e-13 6.247105e-07 clkload129
 1.481199e-07 4.762244e-07 4.343369e-12 6.243487e-07 fanout263
 1.025014e-07 5.218279e-07 4.852873e-12 6.243342e-07 fanout978
 6.219975e-07 0.000000e+00 1.452127e-13 6.219976e-07 clkload111
 1.118515e-07 5.094561e-07 4.276820e-12 6.213119e-07 fanout1317
 6.192689e-07 0.000000e+00 1.452127e-13 6.192691e-07 clkload185
 1.031135e-07 5.157020e-07 4.852873e-12 6.188203e-07 fanout957
 6.176017e-07 0.000000e+00 1.452127e-13 6.176019e-07 clkload178
 6.174084e-07 0.000000e+00 1.452127e-13 6.174086e-07 clkload89
 1.028010e-07 5.144843e-07 4.852873e-12 6.172901e-07 fanout949
 9.885503e-08 5.174375e-07 4.544388e-12 6.162971e-07 fanout1959
 6.159348e-07 0.000000e+00 1.452127e-13 6.159350e-07 clkload169
 6.150965e-07 0.000000e+00 1.452127e-13 6.150967e-07 clkload173
 6.150831e-07 0.000000e+00 1.452127e-13 6.150833e-07 clkload184
 6.148986e-07 0.000000e+00 1.452127e-13 6.148987e-07 clkload84
 6.140647e-07 0.000000e+00 1.452127e-13 6.140648e-07 clkload270
 6.118208e-07 0.000000e+00 1.452127e-13 6.118210e-07 clkload98
 6.117791e-07 0.000000e+00 1.452127e-13 6.117793e-07 clkload73
 6.116220e-07 0.000000e+00 1.452127e-13 6.116222e-07 clkload294
 6.113443e-07 0.000000e+00 1.452127e-13 6.113444e-07 clkload71
 6.112456e-07 0.000000e+00 1.452127e-13 6.112458e-07 clkload272
 9.903138e-08 5.121984e-07 4.656125e-12 6.112344e-07 fanout1695
 6.112123e-07 0.000000e+00 1.452127e-13 6.112124e-07 clkload275
 1.032530e-07 5.079440e-07 4.852873e-12 6.112018e-07 fanout967
 6.109533e-07 0.000000e+00 1.452127e-13 6.109535e-07 clkload140
 6.109166e-07 0.000000e+00 1.452127e-13 6.109168e-07 clkload250
 6.104398e-07 0.000000e+00 1.452127e-13 6.104400e-07 clkload302
 6.104185e-07 0.000000e+00 1.402463e-13 6.104186e-07 clkload100
 1.029383e-07 5.070823e-07 4.852873e-12 6.100254e-07 fanout942
 6.098975e-07 0.000000e+00 1.452127e-13 6.098977e-07 clkload256
 6.087361e-07 0.000000e+00 1.452127e-13 6.087363e-07 clkload213
 6.085305e-07 0.000000e+00 1.452127e-13 6.085306e-07 clkload265
 6.081582e-07 0.000000e+00 1.452127e-13 6.081584e-07 clkload69
 6.080092e-07 0.000000e+00 1.452127e-13 6.080094e-07 clkload144
 6.079735e-07 0.000000e+00 1.402463e-13 6.079736e-07 clkload165
 6.078089e-07 0.000000e+00 1.402463e-13 6.078091e-07 clkload95
 6.073555e-07 0.000000e+00 1.452127e-13 6.073557e-07 clkload262
 6.068199e-07 0.000000e+00 1.402463e-13 6.068200e-07 clkload96
 9.117209e-08 5.153131e-07 4.137037e-12 6.064893e-07 fanout2029
 6.063067e-07 0.000000e+00 1.452127e-13 6.063069e-07 clkload145
 6.056942e-07 0.000000e+00 1.452127e-13 6.056944e-07 clkload139
 1.029517e-07 5.026330e-07 4.350070e-12 6.055891e-07 fanout888
 6.055607e-07 0.000000e+00 1.452127e-13 6.055608e-07 clkload242
 6.048896e-07 0.000000e+00 1.452127e-13 6.048898e-07 clkload244
 6.048103e-07 0.000000e+00 1.452127e-13 6.048105e-07 clkload247
 6.046920e-07 0.000000e+00 1.402463e-13 6.046921e-07 clkload101
 1.030593e-07 5.012666e-07 4.854106e-12 6.043308e-07 fanout961
 6.032379e-07 0.000000e+00 1.452127e-13 6.032380e-07 clkload230
 1.035234e-07 4.994644e-07 4.348837e-12 6.029921e-07 fanout865
 1.004806e-07 5.023795e-07 4.433470e-12 6.028645e-07 fanout1124
 6.026463e-07 0.000000e+00 1.452127e-13 6.026464e-07 clkload223
 6.006782e-07 0.000000e+00 1.452127e-13 6.006783e-07 clkload211
 5.960951e-07 0.000000e+00 1.402463e-13 5.960952e-07 clkload153
 1.184726e-07 4.756258e-07 4.861060e-12 5.941034e-07 fanout312
 1.035174e-07 4.895234e-07 4.350070e-12 5.930451e-07 fanout874
 1.029142e-07 4.900082e-07 4.350064e-12 5.929268e-07 fanout881
 5.915926e-07 0.000000e+00 1.452127e-13 5.915928e-07 clkload48
 1.154015e-07 4.721366e-07 3.995894e-12 5.875420e-07 fanout1337
 1.028031e-07 4.836850e-07 6.895795e-12 5.864950e-07 max_cap788
 1.205336e-07 4.644867e-07 4.001867e-12 5.850243e-07 fanout1408
 1.029450e-07 4.818700e-07 4.350064e-12 5.848194e-07 fanout883
 5.836923e-07 0.000000e+00 1.452127e-13 5.836925e-07 clkload290
 1.128351e-07 4.670313e-07 3.995894e-12 5.798704e-07 fanout1359
 1.030632e-07 4.766150e-07 4.852873e-12 5.796830e-07 fanout972
 1.026910e-07 4.705559e-07 4.852873e-12 5.732517e-07 fanout979
 1.203210e-07 4.456496e-07 4.005627e-12 5.659746e-07 fanout1322
 1.188464e-07 4.464529e-07 3.970676e-12 5.653033e-07 fanout1358
 8.928259e-08 4.665165e-07 4.338264e-12 5.558034e-07 fanout141
 5.554672e-07 0.000000e+00 1.452127e-13 5.554674e-07 clkload21
 5.554185e-07 0.000000e+00 1.452127e-13 5.554187e-07 clkload8
 1.153610e-07 4.326351e-07 3.995894e-12 5.480001e-07 fanout1338
 1.237982e-07 4.240136e-07 4.035059e-12 5.478158e-07 fanout1332
 1.031694e-07 4.420877e-07 4.852873e-12 5.452619e-07 fanout991
 1.131722e-07 4.309044e-07 3.965367e-12 5.440806e-07 fanout1390
 1.102918e-07 4.333439e-07 4.015360e-12 5.436397e-07 fanout1398
 1.089576e-07 4.344687e-07 3.985939e-12 5.434302e-07 fanout1354
 1.175106e-07 4.247310e-07 4.036154e-12 5.422456e-07 fanout1356
 1.160127e-07 4.215905e-07 4.859537e-12 5.376081e-07 fanout308
 1.049696e-07 4.298346e-07 4.010958e-12 5.348083e-07 fanout1351
 1.132684e-07 4.163458e-07 3.960732e-12 5.296182e-07 fanout1412
 1.087377e-07 4.152414e-07 3.981736e-12 5.239831e-07 fanout1348
 1.051368e-07 4.108537e-07 4.000318e-12 5.159944e-07 fanout1415
 1.109801e-07 3.987276e-07 4.335794e-12 5.097120e-07 fanout1381
 6.075543e-08 4.463798e-07 3.762273e-12 5.071390e-07 fanout288
 1.096472e-07 3.932989e-07 3.966716e-12 5.029501e-07 fanout1392
 1.162825e-07 3.865190e-07 4.318197e-12 5.028059e-07 fanout1297
 1.029075e-07 3.990342e-07 3.996137e-12 5.019457e-07 fanout1300
 9.919929e-08 3.985260e-07 3.916258e-12 4.977292e-07 fanout1298
 1.179479e-07 3.790096e-07 3.991260e-12 4.969614e-07 fanout1410
 1.056646e-07 3.856834e-07 4.348837e-12 4.913524e-07 fanout107
 1.156421e-07 3.734685e-07 4.859537e-12 4.891154e-07 fanout309
 1.163429e-07 3.727579e-07 4.000539e-12 4.891048e-07 fanout1336
 5.763475e-08 4.303720e-07 4.605970e-12 4.880113e-07 fanout980
 1.059515e-07 3.781072e-07 4.852873e-12 4.840635e-07 fanout65
 5.764864e-08 4.224902e-07 3.701706e-12 4.801425e-07 fanout854
 1.131383e-07 3.630256e-07 3.965367e-12 4.761679e-07 fanout1391
 1.054943e-07 3.670065e-07 4.350052e-12 4.725051e-07 fanout98
 5.776505e-08 4.134178e-07 4.605970e-12 4.711874e-07 fanout940
 1.078524e-07 3.597098e-07 4.015581e-12 4.675663e-07 fanout1313
 1.125999e-07 3.522884e-07 3.992156e-12 4.648923e-07 fanout1324
 9.454051e-08 3.686514e-07 3.762273e-12 4.631956e-07 fanout292
 5.776870e-08 4.019466e-07 3.701706e-12 4.597190e-07 fanout904
 9.312770e-08 3.651120e-07 3.906757e-12 4.582436e-07 fanout1315
 9.914492e-08 3.508074e-07 3.916258e-12 4.499563e-07 fanout1299
 1.126170e-07 3.345232e-07 3.995894e-12 4.471441e-07 fanout1360
 4.425085e-07 0.000000e+00 3.807352e-12 4.425123e-07 clkload194
 4.423121e-07 0.000000e+00 3.807352e-12 4.423159e-07 clkload192
 5.775739e-08 3.840180e-07 4.605970e-12 4.417800e-07 fanout976
 4.379214e-07 0.000000e+00 3.807352e-12 4.379252e-07 clkload193
 4.367729e-07 0.000000e+00 3.490617e-12 4.367764e-07 clkload135
 1.064007e-07 3.271764e-07 3.942361e-12 4.335811e-07 fanout1326
 1.031100e-07 3.299892e-07 4.851640e-12 4.331041e-07 fanout933
 1.028389e-07 3.291002e-07 4.853107e-12 4.319440e-07 fanout83
 5.872637e-08 3.729262e-07 4.546885e-12 4.316571e-07 fanout282
 4.306581e-07 0.000000e+00 3.807352e-12 4.306619e-07 clkload106
 4.301795e-07 0.000000e+00 3.807352e-12 4.301833e-07 clkload122
 4.301264e-07 0.000000e+00 3.807352e-12 4.301302e-07 clkload60
 4.301164e-07 0.000000e+00 3.807352e-12 4.301202e-07 clkload62
 4.300847e-07 0.000000e+00 3.490617e-12 4.300882e-07 clkload133
 4.299662e-07 0.000000e+00 3.807352e-12 4.299700e-07 clkload116
 4.298326e-07 0.000000e+00 3.807352e-12 4.298364e-07 clkload26
 4.297605e-07 0.000000e+00 3.807352e-12 4.297643e-07 clkload198
 4.294429e-07 0.000000e+00 3.490617e-12 4.294464e-07 clkload134
 4.292942e-07 0.000000e+00 3.807352e-12 4.292980e-07 clkload107
 4.287997e-07 0.000000e+00 3.807352e-12 4.288035e-07 clkload119
 4.286753e-07 0.000000e+00 3.807352e-12 4.286791e-07 clkload123
 4.285253e-07 0.000000e+00 3.807352e-12 4.285291e-07 clkload183
 4.283837e-07 0.000000e+00 3.807352e-12 4.283875e-07 clkload124
 4.275569e-07 0.000000e+00 3.807352e-12 4.275607e-07 clkload86
 4.275344e-07 0.000000e+00 3.807352e-12 4.275383e-07 clkload187
 4.275048e-07 0.000000e+00 3.807352e-12 4.275086e-07 clkload277
 1.081242e-07 3.186970e-07 4.027748e-12 4.268252e-07 fanout1334
 4.267950e-07 0.000000e+00 3.807352e-12 4.267988e-07 clkload249
 4.265634e-07 0.000000e+00 3.807352e-12 4.265672e-07 clkload295
 4.264239e-07 0.000000e+00 3.807352e-12 4.264277e-07 clkload87
 4.262903e-07 0.000000e+00 3.807352e-12 4.262941e-07 clkload66
 4.262483e-07 0.000000e+00 3.807352e-12 4.262521e-07 clkload263
 4.258477e-07 0.000000e+00 3.490617e-12 4.258512e-07 clkload103
 4.258110e-07 0.000000e+00 3.807352e-12 4.258148e-07 clkload77
 4.256052e-07 0.000000e+00 3.490617e-12 4.256087e-07 clkload172
 9.174845e-08 3.337162e-07 4.137037e-12 4.254688e-07 fanout2025
 4.253432e-07 0.000000e+00 3.807352e-12 4.253471e-07 clkload243
 4.252761e-07 0.000000e+00 3.490617e-12 4.252796e-07 clkload93
 4.248079e-07 0.000000e+00 3.807352e-12 4.248117e-07 clkload240
 4.246859e-07 0.000000e+00 3.807352e-12 4.246897e-07 clkload241
 4.242983e-07 0.000000e+00 3.807352e-12 4.243021e-07 clkload210
 1.101264e-07 3.139761e-07 4.015360e-12 4.241065e-07 fanout1399
 4.236553e-07 0.000000e+00 3.490617e-12 4.236588e-07 clkload155
 5.799383e-08 3.581810e-07 3.701706e-12 4.161785e-07 fanout879
 1.131358e-07 3.022313e-07 4.009830e-12 4.153711e-07 fanout1309
 5.793052e-08 3.559407e-07 4.603758e-12 4.138759e-07 fanout981
 5.791204e-08 3.555066e-07 3.701706e-12 4.134224e-07 fanout900
 1.056523e-07 3.070238e-07 3.950546e-12 4.126801e-07 fanout1375
 8.423113e-08 3.275687e-07 3.692647e-12 4.118035e-07 fanout264
 9.176946e-08 3.170292e-07 4.137037e-12 4.088028e-07 fanout2010
 1.067396e-07 2.989387e-07 3.944131e-12 4.056822e-07 fanout1367
 5.797343e-08 3.471400e-07 4.605970e-12 4.051181e-07 fanout934
 9.243210e-08 3.090269e-07 4.339084e-12 4.014634e-07 fanout392
 5.798697e-08 3.429189e-07 4.605970e-12 4.009105e-07 fanout929
 5.789543e-08 3.420662e-07 4.605970e-12 3.999663e-07 fanout964
 8.470185e-08 3.141262e-07 4.347918e-12 3.988324e-07 fanout306
 5.809978e-08 3.364414e-07 3.703918e-12 3.945449e-07 fanout852
 5.808951e-08 3.295098e-07 4.603758e-12 3.876039e-07 fanout960
 9.701909e-08 2.781674e-07 3.981958e-12 3.751905e-07 fanout1340
 4.968814e-08 3.231044e-07 4.358029e-12 3.727969e-07 fanout1444
 7.124745e-08 2.995342e-07 3.703055e-12 3.707853e-07 fanout322
 7.148068e-08 2.964529e-07 3.703077e-12 3.679373e-07 fanout313
 8.694488e-08 2.732502e-07 3.852793e-12 3.601989e-07 fanout1371
 7.148083e-08 2.780111e-07 3.703077e-12 3.494957e-07 fanout317
 5.829108e-08 2.911210e-07 4.605970e-12 3.494167e-07 fanout955
 6.686899e-08 2.824113e-07 4.617108e-12 3.492849e-07 fanout311
 5.797666e-08 2.911526e-07 3.703907e-12 3.491329e-07 fanout845
 7.203909e-08 2.713304e-07 3.703210e-12 3.433731e-07 fanout316
 5.824770e-08 2.744902e-07 3.703907e-12 3.327416e-07 fanout886
 7.572539e-08 2.564584e-07 4.157643e-12 3.321879e-07 fanout125
 5.604252e-08 2.697800e-07 4.052534e-12 3.258266e-07 fanout1961
 7.148103e-08 2.515108e-07 3.703077e-12 3.229955e-07 fanout314
 7.123428e-08 2.481241e-07 3.703055e-12 3.193620e-07 fanout321
 7.220125e-08 2.357665e-07 3.703199e-12 3.079715e-07 fanout319
 5.105741e-08 2.532960e-07 4.857256e-12 3.043582e-07 fanout691
 5.819726e-08 2.449929e-07 4.603758e-12 3.031948e-07 fanout928
 5.824475e-08 2.418503e-07 4.548676e-12 3.000996e-07 fanout1009
 6.779789e-08 2.305716e-07 4.345255e-12 2.983739e-07 fanout386
 6.840484e-08 2.272613e-07 1.181000e-12 2.956673e-07 fanout1365
 5.811557e-08 2.364312e-07 3.701706e-12 2.945505e-07 fanout899
 5.818992e-08 2.356654e-07 4.603758e-12 2.938599e-07 fanout926
 4.715548e-08 2.397502e-07 4.331470e-12 2.869101e-07 fanout134
 5.907878e-08 2.273161e-07 4.546885e-12 2.863995e-07 fanout277
 5.834173e-08 2.209714e-07 3.701706e-12 2.793168e-07 fanout891
 5.814215e-08 2.202335e-07 4.605970e-12 2.783802e-07 fanout970
 5.834114e-08 2.158838e-07 3.701706e-12 2.742286e-07 fanout896
 2.713817e-07 0.000000e+00 1.567550e-12 2.713832e-07 clkload0
 5.834156e-08 2.127479e-07 3.701706e-12 2.710932e-07 fanout894
 5.819976e-08 2.073336e-07 3.703918e-12 2.655371e-07 fanout909
 5.928494e-08 1.950184e-07 4.546652e-12 2.543078e-07 fanout274
 5.817904e-08 1.923244e-07 3.703918e-12 2.505072e-07 fanout859
 5.799769e-08 1.909889e-07 4.605970e-12 2.489912e-07 fanout939
 4.382011e-08 1.645819e-07 1.181000e-12 2.084032e-07 fanout320
 4.132871e-08 1.602578e-07 4.864610e-12 2.015914e-07 fanout686
 3.806860e-08 1.501197e-07 3.695280e-12 1.881919e-07 fanout385
 3.787891e-08 1.249209e-07 4.612441e-12 1.628044e-07 fanout390
 3.846905e-08 1.147529e-07 4.044604e-12 1.532260e-07 fanout258
 2.865491e-08 1.184528e-07 3.693665e-12 1.471114e-07 fanout694
 2.857590e-08 1.170882e-07 4.615062e-12 1.456687e-07 fanout267
 6.205843e-08 7.361664e-08 1.181000e-12 1.356762e-07 max_cap827
 6.090221e-08 6.450968e-08 1.181000e-12 1.254131e-07 max_cap825
 2.395079e-08 9.995418e-08 4.627063e-12 1.239096e-07 fanout690
 5.075980e-08 7.294562e-08 1.181000e-12 1.237066e-07 max_cap819
 6.233834e-08 4.417963e-08 1.181000e-12 1.065192e-07 max_cap824
 4.803517e-08 5.562314e-08 1.181000e-12 1.036595e-07 wire399
 1.526721e-08 7.153418e-08 4.325687e-12 8.680572e-08 fanout138
 1.805433e-08 6.741767e-08 3.896571e-12 8.547589e-08 fanout1767
 1.145872e-08 6.213867e-08 4.325465e-12 7.360173e-08 fanout227
 1.474493e-08 5.060993e-08 3.661158e-12 6.535851e-08 fanout127
 1.290419e-08 5.182046e-08 3.886616e-12 6.472854e-08 fanout1752
 1.138611e-08 4.807081e-08 3.856973e-12 5.946078e-08 fanout1749
 1.289292e-08 4.163544e-08 4.841535e-12 5.453320e-08 fanout251
 1.003185e-08 4.142538e-08 3.660063e-12 5.146089e-08 fanout158
 8.425596e-09 4.037783e-08 4.325533e-12 4.880776e-08 fanout180
 1.325291e-08 3.144348e-08 3.668989e-12 4.470007e-08 max_cap238
 6.022430e-09 3.719205e-08 4.632007e-12 4.321911e-08 fanout237
 8.897872e-09 2.974143e-08 3.833746e-12 3.864313e-08 fanout1759
 7.271629e-09 3.067838e-08 3.775126e-12 3.795378e-08 fanout1755
 7.253590e-09 2.625251e-08 4.585630e-12 3.351069e-08 fanout252
 1.621157e-08 1.700340e-08 1.181000e-12 3.321615e-08 max_cap136
 8.634894e-09 1.466703e-08 1.181000e-12 2.330310e-08 wire247
 8.673067e-09 1.081470e-08 1.181000e-12 1.948895e-08 max_cap246
 7.691360e-09 1.167752e-08 1.181000e-12 1.937006e-08 max_cap261
 4.612918e-09 1.474188e-08 4.361155e-12 1.935916e-08 fanout1757
 3.500951e-09 1.524147e-08 3.692393e-12 1.874612e-08 fanout1765
 2.308377e-09 1.618017e-08 4.251171e-12 1.849280e-08 fanout1772
 2.929392e-09 1.320395e-08 3.701242e-12 1.613704e-08 fanout1756
 2.269153e-09 1.088205e-08 4.840419e-12 1.315605e-08 fanout1769
 2.194336e-09 1.054914e-08 4.325422e-12 1.274781e-08 fanout224
 5.923309e-09 5.985040e-09 1.181000e-12 1.190953e-08 max_cap159
 2.267963e-09 9.551345e-09 4.251171e-12 1.182356e-08 fanout1770
 1.713928e-09 7.115119e-09 3.675360e-12 8.832722e-09 fanout1762
 2.641916e-09 4.006113e-09 1.181000e-12 6.649210e-09 max_cap248
 2.834447e-09 3.499390e-09 1.181000e-12 6.335018e-09 max_cap260
 6.444503e-10 3.153636e-09 4.325416e-12 3.802412e-09 fanout164
 9.502786e-10 2.653263e-09 3.659731e-12 3.607201e-09 max_cap148
 3.807713e-10 2.989026e-09 4.328480e-12 3.374125e-09 fanout1844
 1.355018e-09 1.286653e-09 1.181000e-12 2.642852e-09 _42920_
 3.822680e-10 2.253913e-09 4.328480e-12 2.640509e-09 fanout1941
 1.350860e-09 8.467418e-10 1.181000e-12 2.198782e-09 _42915_
 1.352303e-09 8.325254e-10 1.181000e-12 2.186010e-09 _42921_
 1.340093e-09 7.325824e-10 1.181000e-12 2.073857e-09 _42919_
 1.339591e-09 7.217099e-10 1.181000e-12 2.062482e-09 _42914_
 1.340790e-09 6.318291e-10 1.181000e-12 1.973800e-09 _42917_
 1.333967e-09 6.001953e-10 1.181000e-12 1.935343e-09 _42916_
 1.338873e-09 5.909079e-10 1.181000e-12 1.930962e-09 _42918_
 2.157128e-10 1.645063e-09 3.665184e-12 1.864441e-09 fanout1859
 2.163682e-10 1.544032e-09 3.665195e-12 1.764066e-09 fanout1937
 2.169251e-10 1.537975e-09 3.665195e-12 1.758565e-09 fanout1865
 2.160247e-10 1.499092e-09 3.665184e-12 1.718782e-09 fanout1851
 2.189978e-10 1.474739e-09 3.665206e-12 1.697402e-09 fanout1783
 2.162186e-10 1.455661e-09 3.665195e-12 1.675545e-09 fanout1923
 2.164698e-10 1.433731e-09 3.665195e-12 1.653866e-09 fanout1886
 2.162371e-10 1.400874e-09 3.665195e-12 1.620776e-09 fanout1835
 2.160957e-10 1.388055e-09 3.665195e-12 1.607816e-09 fanout1874
 2.165187e-10 1.364358e-09 3.665184e-12 1.584542e-09 fanout1852
 2.167625e-10 1.359829e-09 3.665184e-12 1.580257e-09 fanout1802
 2.165851e-10 1.355536e-09 3.665195e-12 1.575787e-09 fanout1841
 2.178668e-10 1.346400e-09 3.665184e-12 1.567932e-09 fanout1924
 2.167286e-10 1.343125e-09 3.665195e-12 1.563519e-09 fanout1871
 2.172608e-10 1.327095e-09 3.665195e-12 1.548021e-09 fanout1889
 7.449745e-10 7.879786e-10 1.181000e-12 1.534134e-09 _42924_
 2.172812e-10 1.202107e-09 3.665195e-12 1.423053e-09 fanout1927
 2.168084e-10 1.188999e-09 3.665195e-12 1.409472e-09 fanout1840
 2.166133e-10 1.176198e-09 3.665195e-12 1.396476e-09 fanout1885
 2.174613e-10 1.169063e-09 3.665184e-12 1.390190e-09 fanout1808
 2.172944e-10 1.165252e-09 3.665184e-12 1.386211e-09 fanout1816
 2.171068e-10 1.165077e-09 3.665195e-12 1.385849e-09 fanout1890
 7.427724e-10 6.188977e-10 1.181000e-12 1.362851e-09 _42929_
 2.167438e-10 1.139099e-09 3.665206e-12 1.359508e-09 fanout1782
 2.169924e-10 1.132129e-09 3.665184e-12 1.352786e-09 fanout1801
 2.179661e-10 1.129906e-09 3.665195e-12 1.351537e-09 fanout1881
 2.172313e-10 1.129341e-09 3.665195e-12 1.350237e-09 fanout1825
 2.170261e-10 1.108640e-09 3.665195e-12 1.329332e-09 fanout1821
 2.168219e-10 1.093997e-09 3.665195e-12 1.314484e-09 fanout1921
 2.192558e-10 1.073626e-09 3.665195e-12 1.296547e-09 fanout1857
 2.200265e-10 1.069261e-09 3.665195e-12 1.292953e-09 fanout1792
 2.185109e-10 1.068685e-09 3.665195e-12 1.290861e-09 fanout1819
 2.173585e-10 1.067887e-09 3.665206e-12 1.288910e-09 fanout1797
 2.176568e-10 1.066044e-09 3.665195e-12 1.287366e-09 fanout1829
 2.181469e-10 1.058075e-09 3.665195e-12 1.279887e-09 fanout1799
 2.175020e-10 1.048720e-09 3.665195e-12 1.269887e-09 fanout1833
 2.194505e-10 1.036814e-09 3.665195e-12 1.259930e-09 fanout1846
 2.196850e-10 1.036251e-09 3.665195e-12 1.259601e-09 fanout1899
 2.201689e-10 1.033160e-09 3.665195e-12 1.256994e-09 fanout1791
 2.183444e-10 1.024320e-09 3.665184e-12 1.246329e-09 fanout1812
 2.191966e-10 1.021689e-09 3.665195e-12 1.244551e-09 fanout1861
 2.200007e-10 1.018957e-09 3.665195e-12 1.242622e-09 fanout1853
 2.205267e-10 1.017954e-09 3.665195e-12 1.242146e-09 fanout1868
 7.411435e-10 4.941463e-10 1.181000e-12 1.236471e-09 _42923_
 2.173680e-10 1.015382e-09 3.665195e-12 1.236415e-09 fanout1870
 2.176593e-10 1.012376e-09 3.665195e-12 1.233700e-09 fanout1862
 2.182075e-10 1.000750e-09 3.665206e-12 1.222623e-09 fanout1926
 7.401942e-10 4.712846e-10 1.181000e-12 1.212660e-09 _42922_
 2.176122e-10 9.893922e-10 3.665195e-12 1.210670e-09 fanout1826
 2.198792e-10 9.835840e-10 3.665195e-12 1.207128e-09 fanout1900
 2.177151e-10 9.841923e-10 3.665195e-12 1.205573e-09 fanout1813
 2.171545e-10 9.843862e-10 3.665195e-12 1.205206e-09 fanout1850
 2.177385e-10 9.761221e-10 3.665195e-12 1.197526e-09 fanout1814
 2.173111e-10 9.675011e-10 3.665195e-12 1.188477e-09 fanout1858
 2.177853e-10 9.637838e-10 3.665195e-12 1.185234e-09 fanout1822
 2.174071e-10 9.573674e-10 3.665184e-12 1.178440e-09 fanout1848
 2.176419e-10 9.549556e-10 3.665195e-12 1.176263e-09 fanout1907
 2.176463e-10 9.434389e-10 3.665195e-12 1.164750e-09 fanout1895
 2.188175e-10 9.344979e-10 3.665195e-12 1.156981e-09 fanout1838
 2.174977e-10 9.351483e-10 3.665184e-12 1.156311e-09 fanout1790
 2.179499e-10 9.318406e-10 3.665195e-12 1.153456e-09 fanout1910
 2.174740e-10 9.312167e-10 3.665184e-12 1.152356e-09 fanout1845
 2.185721e-10 9.143483e-10 3.665195e-12 1.136586e-09 fanout1884
 2.209208e-10 9.080024e-10 3.665195e-12 1.132588e-09 fanout1930
 2.181899e-10 9.090749e-10 3.665195e-12 1.130930e-09 fanout1902
 2.172098e-10 8.974927e-10 3.665195e-12 1.118368e-09 fanout1878
 2.186518e-10 8.937546e-10 3.665195e-12 1.116072e-09 fanout1892
 7.357745e-10 3.734710e-10 1.181000e-12 1.110427e-09 _42927_
 2.178344e-10 8.859184e-10 3.665195e-12 1.107418e-09 fanout1933
 2.177561e-10 8.845238e-10 3.665195e-12 1.105945e-09 fanout1817
 2.180983e-10 8.841224e-10 3.665206e-12 1.105886e-09 fanout1795
 2.197896e-10 8.801781e-10 3.665206e-12 1.103633e-09 fanout1906
 2.188914e-10 8.675108e-10 3.665206e-12 1.090067e-09 fanout1836
 2.210714e-10 8.596051e-10 3.665195e-12 1.084342e-09 fanout1903
 2.173844e-10 8.623113e-10 3.665195e-12 1.083361e-09 fanout1855
 2.185073e-10 8.608179e-10 3.665195e-12 1.082990e-09 fanout1880
 7.358590e-10 3.418182e-10 1.181000e-12 1.078858e-09 _42925_
 7.343339e-10 3.416043e-10 1.181000e-12 1.077119e-09 _42926_
 2.195597e-10 8.528437e-10 3.665195e-12 1.076069e-09 fanout1849
 7.356737e-10 3.368062e-10 1.181000e-12 1.073661e-09 _42928_
 2.173696e-10 8.388431e-10 3.665195e-12 1.059878e-09 fanout1856
 2.174566e-10 8.354445e-10 3.665184e-12 1.056566e-09 fanout1794
 2.181084e-10 8.236970e-10 3.665184e-12 1.045471e-09 fanout1807
 2.180642e-10 8.094926e-10 3.665195e-12 1.031222e-09 fanout1830
 2.198256e-10 7.943988e-10 3.665206e-12 1.017890e-09 fanout1883
 2.177618e-10 7.962804e-10 3.665195e-12 1.017707e-09 fanout1938
 2.174987e-10 7.922876e-10 3.665195e-12 1.013451e-09 fanout1869
 2.208539e-10 7.887668e-10 3.665195e-12 1.013286e-09 fanout1931
 2.172222e-10 7.597927e-10 3.665195e-12 9.806801e-10 fanout1932
 2.181756e-10 7.390524e-10 3.665195e-12 9.608931e-10 fanout1784
 3.124810e-10 4.172782e-10 1.181000e-12 7.309401e-10 max_cap249
 1.297668e-10 5.334708e-10 4.876300e-12 6.681138e-10 fanout1779
 1.314109e-10 4.606887e-10 4.876300e-12 5.969759e-10 fanout1773
 1.289064e-10 4.405705e-10 4.876300e-12 5.743532e-10 fanout1774
 1.333816e-10 4.241522e-10 4.876300e-12 5.624101e-10 fanout1776
 7.293825e-11 3.269929e-10 4.648000e-12 4.045792e-10 fanout1778
 7.263603e-11 3.213520e-10 4.648000e-12 3.986360e-10 fanout1775
 7.504915e-11 3.078364e-10 4.648000e-12 3.875335e-10 fanout218
 3.049383e-17 1.827761e-16 1.049531e-11 1.049552e-11 fanout2394
 1.512756e-17 9.634897e-17 7.511190e-12 7.511302e-12 fanout2235
 1.506363e-17 8.550199e-17 7.511190e-12 7.511291e-12 fanout2273
 1.513355e-17 7.734583e-17 7.511190e-12 7.511283e-12 fanout2311
 1.517669e-17 8.589240e-17 6.868601e-12 6.868702e-12 fanout2372
 7.609363e-18 5.262294e-17 4.873834e-12 4.873894e-12 fanout2380
 7.650393e-18 4.956418e-17 4.873834e-12 4.873891e-12 fanout2366
 7.621720e-18 4.956143e-17 4.873834e-12 4.873891e-12 fanout2381
 7.664738e-18 4.862559e-17 4.873834e-12 4.873890e-12 fanout2371
 7.683841e-18 4.627026e-17 4.873834e-12 4.873888e-12 fanout2387
 7.677299e-18 4.564838e-17 4.873834e-12 4.873887e-12 fanout2370
 7.789288e-18 4.530728e-17 4.873834e-12 4.873887e-12 fanout2367
 7.679279e-18 4.426742e-17 4.873834e-12 4.873886e-12 fanout2365
 7.726553e-18 4.410119e-17 4.873834e-12 4.873886e-12 fanout2391
 7.666768e-18 4.289821e-17 4.873834e-12 4.873885e-12 fanout2386
 7.698879e-18 4.226491e-17 4.873834e-12 4.873884e-12 fanout2359
 7.688296e-18 4.199038e-17 4.873834e-12 4.873884e-12 fanout2363
 7.734480e-18 4.220128e-17 4.873834e-12 4.873884e-12 fanout2390
 7.726037e-18 4.188346e-17 4.873834e-12 4.873883e-12 fanout2358
 7.728315e-18 4.185204e-17 4.873834e-12 4.873883e-12 fanout2389
 7.680132e-18 4.002280e-17 4.873834e-12 4.873882e-12 fanout2393
 7.716932e-18 3.789737e-17 4.873834e-12 4.873880e-12 fanout2356
 7.745699e-18 3.777075e-17 4.873834e-12 4.873880e-12 fanout2357
 4.334999e-18 2.534756e-17 4.643576e-12 4.643605e-12 fanout2384
 4.342080e-18 2.207847e-17 4.643576e-12 4.643602e-12 fanout2364
 4.351005e-18 1.549488e-17 4.643576e-12 4.643596e-12 fanout2368
 7.625500e-18 5.569629e-17 4.327672e-12 4.327735e-12 fanout2234
 7.654148e-18 4.831028e-17 4.327678e-12 4.327734e-12 fanout2308
 7.641696e-18 5.205744e-17 4.327672e-12 4.327732e-12 fanout2224
 7.701055e-18 4.566440e-17 4.327678e-12 4.327732e-12 fanout2313
 7.650737e-18 5.064338e-17 4.327672e-12 4.327730e-12 fanout2309
 7.684452e-18 4.366721e-17 4.327678e-12 4.327730e-12 fanout2221
 7.692417e-18 4.301522e-17 4.327678e-12 4.327729e-12 fanout2303
 7.694150e-18 4.255361e-17 4.327678e-12 4.327729e-12 fanout2277
 7.687589e-18 4.255314e-17 4.327678e-12 4.327729e-12 fanout2317
 7.703305e-18 4.123405e-17 4.327678e-12 4.327727e-12 fanout2236
 7.702853e-18 4.133777e-17 4.327678e-12 4.327727e-12 fanout2238
 7.663190e-18 4.775576e-17 4.327672e-12 4.327727e-12 fanout2284
 7.758972e-18 4.113233e-17 4.327678e-12 4.327727e-12 fanout2289
 7.661216e-18 4.785597e-17 4.327672e-12 4.327727e-12 fanout2321
 7.672255e-18 4.723983e-17 4.327672e-12 4.327727e-12 fanout2338
 7.730763e-18 4.029904e-17 4.327678e-12 4.327727e-12 fanout2260
 7.699946e-18 4.061617e-17 4.327678e-12 4.327727e-12 fanout2326
 7.742320e-18 4.009149e-17 4.327678e-12 4.327726e-12 fanout2249
 7.703580e-18 4.013149e-17 4.327678e-12 4.327726e-12 fanout2281
 7.716036e-18 3.990452e-17 4.327678e-12 4.327726e-12 fanout2312
 7.679561e-18 4.614161e-17 4.327672e-12 4.327726e-12 fanout2197
 7.687462e-18 3.937612e-17 4.327678e-12 4.327726e-12 fanout2216
 7.706395e-18 3.952440e-17 4.327678e-12 4.327726e-12 fanout2270
 7.702746e-18 3.913977e-17 4.327678e-12 4.327725e-12 fanout2220
 7.704727e-18 3.907312e-17 4.327678e-12 4.327725e-12 fanout2241
 7.703903e-18 3.922173e-17 4.327678e-12 4.327725e-12 fanout2329
 7.770658e-18 3.872141e-17 4.327678e-12 4.327725e-12 fanout2288
 7.711141e-18 3.847102e-17 4.327678e-12 4.327724e-12 fanout2225
 7.707662e-18 3.814687e-17 4.327678e-12 4.327724e-12 fanout2232
 7.710296e-18 3.846590e-17 4.327678e-12 4.327724e-12 fanout2283
 7.711788e-18 3.827798e-17 4.327678e-12 4.327724e-12 fanout2306
 7.712452e-18 3.796504e-17 4.327678e-12 4.327724e-12 fanout2345
 7.686487e-18 4.404150e-17 4.327672e-12 4.327724e-12 fanout2315
 7.775262e-18 3.704533e-17 4.327678e-12 4.327723e-12 fanout2214
 7.695986e-18 3.713915e-17 4.327678e-12 4.327723e-12 fanout2215
 7.779706e-18 3.672801e-17 4.327678e-12 4.327723e-12 fanout2286
 7.696300e-18 3.714442e-17 4.327678e-12 4.327723e-12 fanout2298
 7.714337e-18 3.696689e-17 4.327678e-12 4.327723e-12 fanout2332
 7.702406e-18 3.644738e-17 4.327678e-12 4.327723e-12 fanout2255
 7.743646e-18 3.663327e-17 4.327678e-12 4.327723e-12 fanout2290
 7.758050e-18 3.638282e-17 4.327678e-12 4.327723e-12 fanout2323
 7.720669e-18 3.603095e-17 4.327678e-12 4.327722e-12 fanout2301
 7.781007e-18 3.600557e-17 4.327678e-12 4.327722e-12 fanout2330
 7.686044e-18 4.214896e-17 4.327672e-12 4.327722e-12 fanout2261
 7.687019e-18 4.211086e-17 4.327672e-12 4.327722e-12 fanout2272
 7.720450e-18 3.570975e-17 4.327678e-12 4.327722e-12 fanout2295
 7.773578e-18 3.484838e-17 4.327678e-12 4.327721e-12 fanout2278
 7.725262e-18 3.492591e-17 4.327678e-12 4.327721e-12 fanout2300
 7.730725e-18 3.463351e-17 4.327678e-12 4.327721e-12 fanout2347
 7.763226e-18 3.456289e-17 4.327678e-12 4.327721e-12 fanout2351
 7.777476e-18 3.416269e-17 4.327678e-12 4.327720e-12 fanout2240
 7.712017e-18 4.088450e-17 4.327672e-12 4.327720e-12 fanout2264
 7.758931e-18 3.372709e-17 4.327678e-12 4.327720e-12 fanout2316
 7.721951e-18 3.853795e-17 4.327672e-12 4.327718e-12 fanout2265
 7.751873e-18 2.875350e-17 4.327678e-12 4.327715e-12 fanout2339
 7.754632e-18 2.769168e-17 4.327678e-12 4.327714e-12 fanout2341
 7.778705e-18 2.719341e-17 4.327678e-12 4.327714e-12 fanout2257
 7.811867e-18 2.716726e-17 4.327678e-12 4.327714e-12 fanout2331
 1.943264e-15 1.025109e-14 4.212326e-12 4.224520e-12 input4
 1.906749e-15 9.205656e-15 4.152709e-12 4.163822e-12 input2
 2.118118e-15 1.033102e-14 4.145189e-12 4.157638e-12 input3
 1.954435e-15 9.227193e-15 4.091102e-12 4.102284e-12 input1
 1.660810e-15 8.651265e-15 4.081038e-12 4.091350e-12 input5
 4.332560e-18 2.803724e-17 3.663746e-12 3.663779e-12 fanout2218
 4.345049e-18 2.763153e-17 3.663746e-12 3.663778e-12 fanout2256
 4.343041e-18 2.752108e-17 3.663746e-12 3.663778e-12 fanout2202
 4.371085e-18 2.546029e-17 3.663746e-12 3.663776e-12 fanout2293
 4.336401e-18 2.559348e-17 3.663746e-12 3.663776e-12 fanout2348
 4.354288e-18 2.380111e-17 3.663746e-12 3.663775e-12 fanout2208
 4.334172e-18 2.357811e-17 3.663746e-12 3.663774e-12 fanout2297
 4.366897e-18 2.230057e-17 3.663746e-12 3.663773e-12 fanout2325
 4.376055e-18 2.145368e-17 3.663746e-12 3.663772e-12 fanout2280
 4.361223e-18 2.089089e-17 3.663746e-12 3.663772e-12 fanout2314
 4.368721e-18 1.935064e-17 3.663746e-12 3.663770e-12 fanout2294
 4.371670e-18 1.906181e-17 3.663746e-12 3.663770e-12 fanout2350
 4.358488e-18 1.820536e-17 3.663746e-12 3.663769e-12 fanout2198
 4.357752e-18 1.782361e-17 3.663746e-12 3.663769e-12 fanout2337
 4.381257e-18 1.716738e-17 3.663746e-12 3.663768e-12 fanout2328
 4.358064e-18 1.677880e-17 3.663746e-12 3.663768e-12 fanout2199
 4.370908e-18 1.680927e-17 3.663746e-12 3.663768e-12 fanout2206
 4.367631e-18 1.642266e-17 3.663746e-12 3.663767e-12 fanout2205
 4.330829e-18 2.745279e-17 3.663735e-12 3.663767e-12 fanout2212
 4.354740e-18 1.621043e-17 3.663746e-12 3.663767e-12 fanout2239
 4.360027e-18 1.562523e-17 3.663746e-12 3.663766e-12 fanout2231
 4.332809e-18 2.674672e-17 3.663735e-12 3.663766e-12 fanout2320
 4.359945e-18 1.536872e-17 3.663746e-12 3.663766e-12 fanout2222
 4.357873e-18 1.454938e-17 3.663746e-12 3.663765e-12 fanout2196
 4.367694e-18 1.419591e-17 3.663746e-12 3.663765e-12 fanout2276
 4.357222e-18 1.383653e-17 3.663746e-12 3.663765e-12 fanout2195
 4.404601e-18 1.395648e-17 3.663746e-12 3.663765e-12 fanout2204
 4.395019e-18 1.390868e-17 3.663746e-12 3.663765e-12 fanout2336
 4.340709e-18 2.375194e-17 3.663735e-12 3.663763e-12 fanout2209
 4.357751e-18 1.203875e-17 3.663735e-12 3.663752e-12 fanout2266
 3.390560e-18 6.166487e-17 1.914699e-12 1.914764e-12 _20796_
 5.533944e-16 5.148787e-16 1.181000e-12 1.182068e-12 input6
