     Internal    Switching      Leakage        Total
        Power        Power        Power        Power (Watts)
----------------------------------------------------
 8.710552e-07 3.131200e-07 1.232310e-11 1.184187e-06 clkbuf_0_clk
 8.420150e-07 1.264379e-07 1.232310e-11 9.684652e-07 clkbuf_1_1__f_clk
 8.380954e-07 8.831262e-08 1.232310e-11 9.264203e-07 clkbuf_1_0__f_clk
 1.354243e-07 6.306215e-11 9.134016e-12 1.354965e-07 u_icg
 2.712204e-08 0.000000e+00 1.567550e-12 2.712360e-08 clkload0
 6.255445e-11 3.574400e-10 1.047892e-11 4.304734e-10 clkbuf_0_w_clk
 6.494932e-11 3.089837e-10 1.047893e-11 3.844119e-10 clkbuf_0_v_clk
 9.684754e-11 1.442400e-10 1.047899e-11 2.515665e-10 clkbuf_1_1__f_core_clk
 9.590823e-11 1.229108e-10 1.047899e-11 2.292981e-10 clkbuf_1_0__f_core_clk
 6.492602e-11 1.518442e-10 1.047893e-11 2.272492e-10 clkbuf_4_3__f_v_clk
 6.491301e-11 1.456644e-10 1.047893e-11 2.210564e-10 clkbuf_4_1__f_v_clk
 6.500408e-11 1.409748e-10 1.047893e-11 2.164578e-10 clkbuf_4_4__f_v_clk
 6.513217e-11 1.371353e-10 1.047893e-11 2.127464e-10 clkbuf_4_11__f_v_clk
 6.512514e-11 1.366118e-10 1.047893e-11 2.122158e-10 clkbuf_4_8__f_v_clk
 6.499488e-11 1.347549e-10 1.047893e-11 2.102287e-10 clkbuf_4_6__f_v_clk
 4.949131e-11 1.519072e-10 6.865734e-12 2.082643e-10 clkbuf_leaf_9_core_clk
 4.936472e-11 1.516684e-10 6.865734e-12 2.078989e-10 clkbuf_leaf_3_core_clk
 6.489242e-11 1.322252e-10 1.047893e-11 2.075966e-10 clkbuf_4_2__f_v_clk
 4.936459e-11 1.511225e-10 6.865734e-12 2.073529e-10 clkbuf_leaf_2_core_clk
 6.498165e-11 1.259307e-10 1.047893e-11 2.013912e-10 clkbuf_4_7__f_v_clk
 4.948589e-11 1.438717e-10 6.865734e-12 2.002233e-10 clkbuf_leaf_1_core_clk
 6.498514e-11 1.244080e-10 1.047893e-11 1.998720e-10 clkbuf_4_13__f_v_clk
 6.498523e-11 1.237516e-10 1.047893e-11 1.992158e-10 clkbuf_4_12__f_v_clk
 6.498921e-11 1.231679e-10 1.047893e-11 1.986360e-10 clkbuf_4_14__f_v_clk
 9.400652e-11 9.273155e-11 1.047899e-11 1.972171e-10 clkbuf_0_core_clk
 6.495735e-11 1.213152e-10 1.047893e-11 1.967515e-10 clkbuf_4_5__f_v_clk
 6.371452e-11 1.174393e-10 1.047892e-11 1.916327e-10 clkbuf_4_6__f_w_clk
 4.936150e-11 1.343707e-10 6.865734e-12 1.905979e-10 clkbuf_leaf_4_core_clk
 6.482455e-11 1.148535e-10 1.047893e-11 1.901570e-10 clkbuf_4_10__f_v_clk
 4.948649e-11 1.320351e-10 6.865734e-12 1.883874e-10 clkbuf_leaf_11_core_clk
 4.948668e-11 1.312934e-10 6.865734e-12 1.876459e-10 clkbuf_leaf_0_core_clk
 6.353774e-11 1.134142e-10 1.047892e-11 1.874309e-10 clkbuf_4_7__f_w_clk
 4.948736e-11 1.306203e-10 6.865734e-12 1.869734e-10 clkbuf_leaf_10_core_clk
 4.936066e-11 1.286724e-10 6.865734e-12 1.848988e-10 clkbuf_leaf_5_core_clk
 6.440083e-11 1.047384e-10 1.047893e-11 1.796182e-10 clkbuf_4_9__f_v_clk
 4.922323e-11 1.234244e-10 6.865734e-12 1.795133e-10 clkbuf_leaf_6_core_clk
 4.921509e-11 1.231623e-10 6.865734e-12 1.792431e-10 clkbuf_leaf_7_core_clk
 6.314056e-11 1.053140e-10 1.047892e-11 1.789335e-10 clkbuf_4_9__f_w_clk
 6.315174e-11 1.045544e-10 1.047892e-11 1.781851e-10 clkbuf_4_3__f_w_clk
 6.412963e-11 1.035497e-10 1.047893e-11 1.781582e-10 clkbuf_4_0__f_v_clk
 6.307067e-11 1.032179e-10 1.047892e-11 1.767675e-10 clkbuf_4_14__f_w_clk
 6.288457e-11 9.847450e-11 1.047892e-11 1.718380e-10 clkbuf_4_2__f_w_clk
 6.288662e-11 9.836595e-11 1.047892e-11 1.717315e-10 clkbuf_4_13__f_w_clk
 6.264189e-11 9.393835e-11 1.047892e-11 1.670592e-10 clkbuf_4_8__f_w_clk
 6.266548e-11 9.358535e-11 1.047892e-11 1.667297e-10 clkbuf_4_10__f_w_clk
 6.264112e-11 9.275113e-11 1.047892e-11 1.658712e-10 clkbuf_4_12__f_w_clk
 6.262153e-11 9.258413e-11 1.047892e-11 1.656846e-10 clkbuf_4_11__f_w_clk
 6.255343e-11 9.153253e-11 1.047892e-11 1.645649e-10 clkbuf_4_4__f_w_clk
 3.210028e-11 1.246949e-10 6.865722e-12 1.636609e-10 clkbuf_2_0_0_v_clk
 6.239981e-11 8.928028e-11 1.047892e-11 1.621590e-10 clkbuf_4_1__f_w_clk
 6.236281e-11 8.842740e-11 1.047892e-11 1.612691e-10 clkbuf_4_0__f_w_clk
 6.237488e-11 8.744544e-11 1.047892e-11 1.602992e-10 clkbuf_4_5__f_w_clk
 6.236930e-11 8.720358e-11 1.047892e-11 1.600518e-10 clkbuf_4_15__f_w_clk
 6.351410e-11 8.597283e-11 1.047893e-11 1.599658e-10 clkbuf_4_15__f_v_clk
 3.209500e-11 1.174367e-10 6.865722e-12 1.563974e-10 clkbuf_2_1_0_v_clk
 3.208743e-11 1.165309e-10 6.865722e-12 1.554841e-10 clkbuf_2_3_0_v_clk
 4.850423e-11 9.738555e-11 6.865734e-12 1.527555e-10 clkbuf_leaf_8_core_clk
 3.756692e-11 1.045491e-10 8.986267e-12 1.511023e-10 u_icg_w
 3.205044e-11 1.073459e-10 6.865722e-12 1.462621e-10 clkbuf_2_2_0_v_clk
 3.827973e-11 9.152680e-11 8.986267e-12 1.387928e-10 u_icg_v
 3.096780e-11 4.790943e-11 6.865722e-12 8.574295e-11 clkbuf_leaf_100_w_clk
 3.081834e-11 4.351181e-11 6.865722e-12 8.119588e-11 clkbuf_leaf_112_w_clk
 3.012695e-11 4.366186e-11 6.865722e-12 8.065454e-11 clkbuf_3_0_0_w_clk
 3.171720e-11 4.102394e-11 6.865722e-12 7.960686e-11 clkbuf_leaf_98_v_clk
 3.165923e-11 4.007518e-11 6.865722e-12 7.860013e-11 clkbuf_leaf_30_v_clk
 3.076497e-11 4.070538e-11 6.865722e-12 7.833607e-11 clkbuf_leaf_99_w_clk
 3.066558e-11 4.076654e-11 6.865722e-12 7.829784e-11 clkbuf_leaf_28_w_clk
 3.066459e-11 4.071105e-11 6.865722e-12 7.824136e-11 clkbuf_leaf_30_w_clk
 3.075454e-11 4.031515e-11 6.865722e-12 7.793542e-11 clkbuf_leaf_97_w_clk
 3.008539e-11 4.090117e-11 6.865722e-12 7.785229e-11 clkbuf_3_4_0_w_clk
 3.158459e-11 3.840619e-11 6.865722e-12 7.685651e-11 clkbuf_leaf_154_v_clk
 3.004850e-11 3.938444e-11 6.865722e-12 7.629867e-11 clkbuf_3_2_0_w_clk
 3.162440e-11 3.774639e-11 6.865722e-12 7.623651e-11 clkbuf_leaf_93_v_clk
 3.005897e-11 3.930455e-11 6.865722e-12 7.622925e-11 clkbuf_3_7_0_w_clk
 3.070748e-11 3.861873e-11 6.865722e-12 7.619193e-11 clkbuf_leaf_93_w_clk
 3.068317e-11 3.857635e-11 6.865722e-12 7.612525e-11 clkbuf_leaf_54_w_clk
 3.156438e-11 3.755086e-11 6.865722e-12 7.598096e-11 clkbuf_leaf_157_v_clk
 3.157105e-11 3.670809e-11 6.865722e-12 7.514487e-11 clkbuf_leaf_28_v_clk
 3.003607e-11 3.805876e-11 6.865722e-12 7.496056e-11 clkbuf_3_5_0_w_clk
 3.153229e-11 3.646174e-11 6.865722e-12 7.485975e-11 clkbuf_leaf_152_v_clk
 3.001577e-11 3.750815e-11 6.865722e-12 7.438964e-11 clkbuf_3_3_0_w_clk
 3.001900e-11 3.747347e-11 6.865722e-12 7.435819e-11 clkbuf_3_1_0_w_clk
 3.157476e-11 3.584183e-11 6.865722e-12 7.428232e-11 clkbuf_leaf_100_v_clk
 3.156906e-11 3.584640e-11 6.865722e-12 7.428119e-11 clkbuf_leaf_89_v_clk
 3.001957e-11 3.713838e-11 6.865722e-12 7.402367e-11 clkbuf_3_6_0_w_clk
 3.062193e-11 3.644556e-11 6.865722e-12 7.393321e-11 clkbuf_leaf_51_w_clk
 3.156270e-11 3.536248e-11 6.865722e-12 7.379091e-11 clkbuf_leaf_97_v_clk
 3.160048e-11 3.531838e-11 6.865722e-12 7.378458e-11 clkbuf_leaf_53_v_clk
 3.053370e-11 3.610580e-11 6.865722e-12 7.350522e-11 clkbuf_leaf_36_w_clk
 3.064745e-11 3.547353e-11 6.865722e-12 7.298671e-11 clkbuf_leaf_14_w_clk
 3.149081e-11 3.433383e-11 6.865722e-12 7.269037e-11 clkbuf_leaf_146_v_clk
 9.072116e-12 5.609490e-11 7.514087e-12 7.268110e-11 fanout649
 3.150389e-11 3.425585e-11 6.865722e-12 7.262547e-11 clkbuf_leaf_33_v_clk
 3.153238e-11 3.421612e-11 6.865722e-12 7.261422e-11 clkbuf_leaf_126_v_clk
 3.147354e-11 3.414397e-11 6.865722e-12 7.248323e-11 clkbuf_leaf_159_v_clk
 3.057831e-11 3.486246e-11 6.865722e-12 7.230650e-11 clkbuf_leaf_111_w_clk
 3.149784e-11 3.389993e-11 6.865722e-12 7.226349e-11 clkbuf_leaf_116_v_clk
 3.049936e-11 3.480280e-11 6.865722e-12 7.216789e-11 clkbuf_leaf_35_w_clk
 3.061629e-11 3.459828e-11 6.865722e-12 7.208029e-11 clkbuf_leaf_123_w_clk
 3.056840e-11 3.445793e-11 6.865722e-12 7.189205e-11 clkbuf_leaf_49_w_clk
 3.056673e-11 3.440236e-11 6.865722e-12 7.183481e-11 clkbuf_leaf_56_w_clk
 3.048876e-11 3.445055e-11 6.865722e-12 7.180503e-11 clkbuf_leaf_34_w_clk
 3.143993e-11 3.288320e-11 6.865722e-12 7.118886e-11 clkbuf_leaf_162_v_clk
 3.153280e-11 3.273453e-11 6.865722e-12 7.113306e-11 clkbuf_leaf_47_v_clk
 3.141438e-11 3.283703e-11 6.865722e-12 7.111713e-11 clkbuf_leaf_18_v_clk
 3.158557e-11 3.263808e-11 6.865722e-12 7.108938e-11 clkbuf_leaf_160_v_clk
 3.058447e-11 3.350266e-11 6.865722e-12 7.095286e-11 clkbuf_leaf_0_w_clk
 3.145858e-11 3.256271e-11 6.865722e-12 7.088702e-11 clkbuf_leaf_120_v_clk
 3.146158e-11 3.255098e-11 6.865722e-12 7.087828e-11 clkbuf_leaf_38_v_clk
 3.149025e-11 3.251280e-11 6.865722e-12 7.086878e-11 clkbuf_leaf_66_v_clk
 3.053768e-11 3.335882e-11 6.865722e-12 7.076222e-11 clkbuf_leaf_55_w_clk
 3.055762e-11 3.329909e-11 6.865722e-12 7.072243e-11 clkbuf_leaf_96_w_clk
 3.056122e-11 3.323408e-11 6.865722e-12 7.066101e-11 clkbuf_leaf_78_w_clk
 3.148152e-11 3.229080e-11 6.865722e-12 7.063804e-11 clkbuf_leaf_102_v_clk
 3.050913e-11 3.317116e-11 6.865722e-12 7.054601e-11 clkbuf_leaf_68_w_clk
 3.045684e-11 3.319815e-11 6.865722e-12 7.052071e-11 clkbuf_leaf_32_w_clk
 3.150123e-11 3.184739e-11 6.865722e-12 7.021433e-11 clkbuf_leaf_63_v_clk
 3.142645e-11 3.184842e-11 6.865722e-12 7.014059e-11 clkbuf_leaf_144_v_clk
 3.146643e-11 3.178528e-11 6.865722e-12 7.011743e-11 clkbuf_leaf_124_v_clk
 3.144588e-11 3.176539e-11 6.865722e-12 7.007699e-11 clkbuf_leaf_110_v_clk
 9.615256e-12 5.357984e-11 6.865712e-12 7.006080e-11 hold9
 3.140814e-11 3.175381e-11 6.865722e-12 7.002767e-11 clkbuf_leaf_156_v_clk
 3.140783e-11 3.167241e-11 6.865722e-12 6.994596e-11 clkbuf_leaf_153_v_clk
 3.055736e-11 3.243047e-11 6.865722e-12 6.985355e-11 clkbuf_leaf_4_w_clk
 3.051052e-11 3.245091e-11 6.865722e-12 6.982715e-11 clkbuf_leaf_116_w_clk
 3.143306e-11 3.125276e-11 6.865722e-12 6.955155e-11 clkbuf_leaf_122_v_clk
 3.144637e-11 3.117452e-11 6.865722e-12 6.948662e-11 clkbuf_leaf_101_v_clk
 3.144631e-11 3.104892e-11 6.865722e-12 6.936095e-11 clkbuf_leaf_130_v_clk
 3.153922e-11 3.089442e-11 6.865722e-12 6.929936e-11 clkbuf_leaf_166_v_clk
 3.138804e-11 3.101209e-11 6.865722e-12 6.926585e-11 clkbuf_leaf_155_v_clk
 3.138605e-11 3.085494e-11 6.865722e-12 6.910671e-11 clkbuf_leaf_161_v_clk
 3.053149e-11 3.154965e-11 6.865722e-12 6.894687e-11 clkbuf_leaf_8_w_clk
 3.053089e-11 3.150766e-11 6.865722e-12 6.890428e-11 clkbuf_leaf_122_w_clk
 3.141387e-11 3.059026e-11 6.865722e-12 6.886986e-11 clkbuf_leaf_111_v_clk
 3.140514e-11 3.048177e-11 6.865722e-12 6.875262e-11 clkbuf_leaf_25_v_clk
 3.137569e-11 3.047372e-11 6.865722e-12 6.871514e-11 clkbuf_leaf_151_v_clk
 3.140533e-11 3.042029e-11 6.865722e-12 6.869134e-11 clkbuf_leaf_114_v_clk
 3.047882e-11 3.133272e-11 6.865722e-12 6.867727e-11 clkbuf_leaf_113_w_clk
 3.047843e-11 3.128758e-11 6.865722e-12 6.863173e-11 clkbuf_leaf_53_w_clk
 3.141818e-11 3.029004e-11 6.865722e-12 6.857395e-11 clkbuf_leaf_96_v_clk
 3.137074e-11 3.028856e-11 6.865722e-12 6.852503e-11 clkbuf_leaf_158_v_clk
 3.138417e-11 3.024902e-11 6.865722e-12 6.849892e-11 clkbuf_leaf_141_v_clk
 3.050018e-11 3.110617e-11 6.865722e-12 6.847208e-11 clkbuf_leaf_45_w_clk
 3.142114e-11 3.014456e-11 6.865722e-12 6.843142e-11 clkbuf_leaf_123_v_clk
 3.142109e-11 3.013924e-11 6.865722e-12 6.842606e-11 clkbuf_leaf_107_v_clk
 3.138005e-11 3.015255e-11 6.865722e-12 6.839833e-11 clkbuf_leaf_145_v_clk
 3.141023e-11 3.002401e-11 6.865722e-12 6.829997e-11 clkbuf_leaf_88_v_clk
 3.039633e-11 3.098907e-11 6.865722e-12 6.825112e-11 clkbuf_leaf_31_w_clk
 3.141642e-11 2.990636e-11 6.865722e-12 6.818850e-11 clkbuf_leaf_104_v_clk
 3.136743e-11 2.966315e-11 6.865722e-12 6.789631e-11 clkbuf_leaf_143_v_clk
 3.045523e-11 3.043866e-11 6.865722e-12 6.775961e-11 clkbuf_leaf_110_w_clk
 3.047753e-11 3.039383e-11 6.865722e-12 6.773709e-11 clkbuf_leaf_101_w_clk
 3.050955e-11 3.033030e-11 6.865722e-12 6.770557e-11 clkbuf_leaf_61_w_clk
 3.137445e-11 2.938781e-11 6.865722e-12 6.762798e-11 clkbuf_leaf_26_v_clk
 3.137441e-11 2.933525e-11 6.865722e-12 6.757538e-11 clkbuf_leaf_36_v_clk
 3.143080e-11 2.924282e-11 6.865722e-12 6.753934e-11 clkbuf_leaf_48_v_clk
 3.137109e-11 2.920926e-11 6.865722e-12 6.744607e-11 clkbuf_leaf_37_v_clk
 3.046778e-11 3.007202e-11 6.865722e-12 6.740553e-11 clkbuf_leaf_98_w_clk
 3.044080e-11 3.000892e-11 6.865722e-12 6.731544e-11 clkbuf_leaf_114_w_clk
 3.041891e-11 2.993205e-11 6.865722e-12 6.721668e-11 clkbuf_leaf_67_w_clk
 3.134918e-11 2.897023e-11 6.865722e-12 6.718513e-11 clkbuf_leaf_142_v_clk
 3.138083e-11 2.886570e-11 6.865722e-12 6.711225e-11 clkbuf_leaf_95_v_clk
 3.036506e-11 2.986270e-11 6.865722e-12 6.709349e-11 clkbuf_leaf_29_w_clk
 3.137947e-11 2.878049e-11 6.865722e-12 6.702568e-11 clkbuf_leaf_94_v_clk
 3.135638e-11 2.878468e-11 6.865722e-12 6.700678e-11 clkbuf_leaf_35_v_clk
 3.135614e-11 2.875888e-11 6.865722e-12 6.698075e-11 clkbuf_leaf_34_v_clk
 3.138201e-11 2.872762e-11 6.865722e-12 6.697535e-11 clkbuf_leaf_128_v_clk
 3.130571e-11 2.875219e-11 6.865722e-12 6.692363e-11 clkbuf_leaf_17_v_clk
 3.130286e-11 2.852527e-11 6.865722e-12 6.669385e-11 clkbuf_leaf_14_v_clk
 3.042421e-11 2.934614e-11 6.865722e-12 6.663607e-11 clkbuf_leaf_118_w_clk
 3.140642e-11 2.816115e-11 6.865722e-12 6.643330e-11 clkbuf_leaf_50_v_clk
 3.135046e-11 2.820569e-11 6.865722e-12 6.642187e-11 clkbuf_leaf_125_v_clk
 3.044168e-11 2.904463e-11 6.865722e-12 6.635203e-11 clkbuf_leaf_47_w_clk
 3.135416e-11 2.813091e-11 6.865722e-12 6.635079e-11 clkbuf_leaf_12_v_clk
 3.136141e-11 2.804521e-11 6.865722e-12 6.627233e-11 clkbuf_leaf_92_v_clk
 3.041317e-11 2.894528e-11 6.865722e-12 6.622417e-11 clkbuf_leaf_117_w_clk
 3.136216e-11 2.785565e-11 6.865722e-12 6.608353e-11 clkbuf_leaf_69_v_clk
 3.135786e-11 2.778336e-11 6.865722e-12 6.600694e-11 clkbuf_leaf_103_v_clk
 3.045184e-11 2.867825e-11 6.865722e-12 6.599581e-11 clkbuf_leaf_6_w_clk
 3.040052e-11 2.850173e-11 6.865722e-12 6.576797e-11 clkbuf_leaf_50_w_clk
 3.127892e-11 2.760247e-11 6.865722e-12 6.574712e-11 clkbuf_leaf_22_v_clk
 3.043813e-11 2.830646e-11 6.865722e-12 6.561032e-11 clkbuf_leaf_1_w_clk
 3.135108e-11 2.736619e-11 6.865722e-12 6.558299e-11 clkbuf_leaf_74_v_clk
 3.143086e-11 2.722308e-11 6.865722e-12 6.551967e-11 clkbuf_leaf_45_v_clk
 3.132515e-11 2.726085e-11 6.865722e-12 6.545172e-11 clkbuf_leaf_121_v_clk
 3.131385e-11 2.719366e-11 6.865722e-12 6.537323e-11 clkbuf_leaf_29_v_clk
 3.133743e-11 2.708297e-11 6.865722e-12 6.528612e-11 clkbuf_leaf_129_v_clk
 3.043680e-11 2.794263e-11 6.865722e-12 6.524515e-11 clkbuf_leaf_25_w_clk
 3.133304e-11 2.703989e-11 6.865722e-12 6.523865e-11 clkbuf_leaf_99_v_clk
 3.130616e-11 2.690083e-11 6.865722e-12 6.507270e-11 clkbuf_leaf_62_v_clk
 3.132848e-11 2.686932e-11 6.865722e-12 6.506352e-11 clkbuf_leaf_91_v_clk
 3.031106e-11 2.785745e-11 6.865722e-12 6.503423e-11 clkbuf_leaf_38_w_clk
 3.040892e-11 2.771349e-11 6.865722e-12 6.498813e-11 clkbuf_leaf_17_w_clk
 3.128707e-11 2.677536e-11 6.865722e-12 6.492815e-11 clkbuf_leaf_138_v_clk
 3.041989e-11 2.760922e-11 6.865722e-12 6.489483e-11 clkbuf_leaf_120_w_clk
 3.132271e-11 2.658206e-11 6.865722e-12 6.477049e-11 clkbuf_leaf_127_v_clk
 3.041432e-11 2.740354e-11 6.865722e-12 6.468358e-11 clkbuf_leaf_119_w_clk
 3.129082e-11 2.631820e-11 6.865722e-12 6.447474e-11 clkbuf_leaf_59_v_clk
 3.033859e-11 2.721330e-11 6.865722e-12 6.441762e-11 clkbuf_leaf_108_w_clk
 3.140403e-11 2.614682e-11 6.865722e-12 6.441657e-11 clkbuf_leaf_163_v_clk
 3.127340e-11 2.624031e-11 6.865722e-12 6.437943e-11 clkbuf_leaf_147_v_clk
 3.128683e-11 2.619826e-11 6.865722e-12 6.435081e-11 clkbuf_leaf_118_v_clk
 3.038494e-11 2.692641e-11 6.865722e-12 6.417707e-11 clkbuf_leaf_82_w_clk
 3.038206e-11 2.679770e-11 6.865722e-12 6.404549e-11 clkbuf_leaf_81_w_clk
 3.130697e-11 2.584153e-11 6.865722e-12 6.401423e-11 clkbuf_leaf_65_v_clk
 3.130751e-11 2.582157e-11 6.865722e-12 6.399480e-11 clkbuf_leaf_73_v_clk
 3.040799e-11 2.671996e-11 6.865722e-12 6.399367e-11 clkbuf_leaf_60_w_clk
 3.123030e-11 2.581140e-11 6.865722e-12 6.390742e-11 clkbuf_leaf_15_v_clk
 3.040510e-11 2.661680e-11 6.865722e-12 6.388762e-11 clkbuf_leaf_59_w_clk
 3.127698e-11 2.560928e-11 6.865722e-12 6.375198e-11 clkbuf_leaf_115_v_clk
 3.129488e-11 2.553925e-11 6.865722e-12 6.369986e-11 clkbuf_leaf_131_v_clk
 3.034587e-11 2.648562e-11 6.865722e-12 6.369721e-11 clkbuf_leaf_52_w_clk
 3.128275e-11 2.554181e-11 6.865722e-12 6.369029e-11 clkbuf_leaf_4_v_clk
 3.126859e-11 2.548426e-11 6.865722e-12 6.361858e-11 clkbuf_leaf_58_v_clk
 3.036611e-11 2.631153e-11 6.865722e-12 6.354337e-11 clkbuf_leaf_71_w_clk
 3.031923e-11 2.635395e-11 6.865722e-12 6.353890e-11 clkbuf_leaf_70_w_clk
 3.138155e-11 2.523316e-11 6.865722e-12 6.348044e-11 clkbuf_leaf_169_v_clk
 3.036570e-11 2.623308e-11 6.865722e-12 6.346451e-11 clkbuf_leaf_79_w_clk
 3.126931e-11 2.532379e-11 6.865722e-12 6.345882e-11 clkbuf_leaf_112_v_clk
 3.038219e-11 2.618586e-11 6.865722e-12 6.343378e-11 clkbuf_leaf_5_w_clk
 3.137676e-11 2.518545e-11 6.865722e-12 6.342794e-11 clkbuf_leaf_165_v_clk
 3.031530e-11 2.621214e-11 6.865722e-12 6.339317e-11 clkbuf_leaf_69_w_clk
 3.121602e-11 2.523025e-11 6.865722e-12 6.331199e-11 clkbuf_leaf_7_v_clk
 3.125971e-11 2.517976e-11 6.865722e-12 6.330519e-11 clkbuf_leaf_70_v_clk
 4.779283e-12 5.419940e-11 4.325239e-12 6.330392e-11 fanout684
 3.037466e-11 2.590803e-11 6.865722e-12 6.314842e-11 clkbuf_leaf_121_w_clk
 3.120699e-11 2.501726e-11 6.865722e-12 6.308997e-11 clkbuf_leaf_16_v_clk
 3.125317e-11 2.495519e-11 6.865722e-12 6.307408e-11 clkbuf_leaf_119_v_clk
 3.030480e-11 2.584312e-11 6.865722e-12 6.301364e-11 clkbuf_leaf_65_w_clk
 3.120717e-11 2.489376e-11 6.865722e-12 6.296665e-11 clkbuf_leaf_19_v_clk
 3.123207e-11 2.470589e-11 6.865722e-12 6.280369e-11 clkbuf_leaf_148_v_clk
 3.127327e-11 2.458833e-11 6.865722e-12 6.272732e-11 clkbuf_leaf_79_v_clk
 3.034601e-11 2.547387e-11 6.865722e-12 6.268560e-11 clkbuf_leaf_16_w_clk
 3.031680e-11 2.548987e-11 6.865722e-12 6.267240e-11 clkbuf_leaf_115_w_clk
 3.033907e-11 2.535794e-11 6.865722e-12 6.256273e-11 clkbuf_leaf_48_w_clk
 3.125691e-11 2.441451e-11 6.865722e-12 6.253714e-11 clkbuf_leaf_80_v_clk
 3.133082e-11 2.429592e-11 6.865722e-12 6.249246e-11 clkbuf_leaf_42_v_clk
 3.122260e-11 2.438450e-11 6.865722e-12 6.247282e-11 clkbuf_leaf_31_v_clk
 3.023629e-11 2.520565e-11 6.865722e-12 6.230766e-11 clkbuf_leaf_33_w_clk
 3.028080e-11 2.514714e-11 6.865722e-12 6.229366e-11 clkbuf_leaf_109_w_clk
 3.121914e-11 2.406494e-11 6.865722e-12 6.214981e-11 clkbuf_leaf_90_v_clk
 3.122099e-11 2.398911e-11 6.865722e-12 6.207582e-11 clkbuf_leaf_75_v_clk
 3.119360e-11 2.384093e-11 6.865722e-12 6.190025e-11 clkbuf_leaf_170_v_clk
 3.113266e-11 2.382678e-11 6.865722e-12 6.182516e-11 clkbuf_leaf_13_v_clk
 3.031923e-11 2.456769e-11 6.865722e-12 6.175264e-11 clkbuf_leaf_80_w_clk
 3.031845e-11 2.454385e-11 6.865722e-12 6.172803e-11 clkbuf_leaf_84_w_clk
 3.118589e-11 2.361862e-11 6.865722e-12 6.167023e-11 clkbuf_leaf_105_v_clk
 3.115764e-11 2.360357e-11 6.865722e-12 6.162693e-11 clkbuf_leaf_117_v_clk
 3.034113e-11 2.435363e-11 6.865722e-12 6.156048e-11 clkbuf_leaf_58_w_clk
 3.033477e-11 2.433508e-11 6.865722e-12 6.153557e-11 clkbuf_leaf_27_w_clk
 3.115294e-11 2.338536e-11 6.865722e-12 6.140403e-11 clkbuf_leaf_6_v_clk
 3.116597e-11 2.335903e-11 6.865722e-12 6.139073e-11 clkbuf_leaf_77_v_clk
 3.032542e-11 2.418676e-11 6.865722e-12 6.137790e-11 clkbuf_leaf_7_w_clk
 3.115423e-11 2.326230e-11 6.865722e-12 6.128225e-11 clkbuf_leaf_106_v_clk
 3.111389e-11 2.326494e-11 6.865722e-12 6.124454e-11 clkbuf_leaf_149_v_clk
 3.114166e-11 2.323650e-11 6.865722e-12 6.124388e-11 clkbuf_leaf_1_v_clk
 3.112469e-11 2.323803e-11 6.865722e-12 6.122843e-11 clkbuf_leaf_32_v_clk
 3.024741e-11 2.394271e-11 6.865722e-12 6.105585e-11 clkbuf_leaf_106_w_clk
 3.031839e-11 2.375056e-11 6.865722e-12 6.093467e-11 clkbuf_leaf_24_w_clk
 3.031233e-11 2.373790e-11 6.865722e-12 6.091595e-11 clkbuf_leaf_2_w_clk
 3.113477e-11 2.267431e-11 6.865722e-12 6.067481e-11 clkbuf_leaf_49_v_clk
 3.022087e-11 2.346423e-11 6.865722e-12 6.055083e-11 clkbuf_leaf_64_w_clk
 3.108484e-11 2.258973e-11 6.865722e-12 6.054028e-11 clkbuf_leaf_9_v_clk
 3.105402e-11 2.252718e-11 6.865722e-12 6.044692e-11 clkbuf_leaf_140_v_clk
 3.116550e-11 2.238178e-11 6.865722e-12 6.041301e-11 clkbuf_leaf_167_v_clk
 3.106330e-11 2.221128e-11 6.865722e-12 6.014030e-11 clkbuf_leaf_113_v_clk
 3.104867e-11 2.217236e-11 6.865722e-12 6.008676e-11 clkbuf_leaf_11_v_clk
 3.113720e-11 2.207260e-11 6.865722e-12 6.007553e-11 clkbuf_leaf_168_v_clk
 3.104579e-11 2.203436e-11 6.865722e-12 5.994587e-11 clkbuf_leaf_109_v_clk
 3.021039e-11 2.277109e-11 6.865722e-12 5.984720e-11 clkbuf_leaf_19_w_clk
 3.103715e-11 2.188415e-11 6.865722e-12 5.978703e-11 clkbuf_leaf_82_v_clk
 3.101711e-11 2.181894e-11 6.865722e-12 5.970177e-11 clkbuf_leaf_2_v_clk
 3.018322e-11 2.246710e-11 6.865722e-12 5.951604e-11 clkbuf_leaf_15_w_clk
 3.101921e-11 2.155321e-11 6.865722e-12 5.943814e-11 clkbuf_leaf_135_v_clk
 3.102520e-11 2.144990e-11 6.865722e-12 5.934082e-11 clkbuf_leaf_64_v_clk
 3.112940e-11 2.119084e-11 6.865722e-12 5.918597e-11 clkbuf_leaf_84_v_clk
 3.095750e-11 2.127428e-11 6.865722e-12 5.909750e-11 clkbuf_leaf_54_v_clk
 3.016029e-11 2.199281e-11 6.865722e-12 5.901882e-11 clkbuf_leaf_26_w_clk
 3.015157e-11 2.195639e-11 6.865722e-12 5.897368e-11 clkbuf_leaf_3_w_clk
 3.094369e-11 2.111365e-11 6.865722e-12 5.892306e-11 clkbuf_leaf_57_v_clk
 3.103484e-11 2.094650e-11 6.865722e-12 5.884706e-11 clkbuf_leaf_164_v_clk
 3.089467e-11 2.103808e-11 6.865722e-12 5.879847e-11 clkbuf_leaf_27_v_clk
 3.011792e-11 2.174744e-11 6.865722e-12 5.873108e-11 clkbuf_leaf_20_w_clk
 3.087107e-11 2.073358e-11 6.865722e-12 5.847037e-11 clkbuf_leaf_8_v_clk
 3.099463e-11 2.053820e-11 6.865722e-12 5.839854e-11 clkbuf_leaf_46_v_clk
 3.106381e-11 2.045795e-11 6.865722e-12 5.838748e-11 clkbuf_leaf_86_v_clk
 3.091075e-11 2.056105e-11 6.865722e-12 5.833752e-11 clkbuf_leaf_0_v_clk
 3.088757e-11 2.045297e-11 6.865722e-12 5.820626e-11 clkbuf_leaf_60_v_clk
 3.084939e-11 2.048807e-11 6.865722e-12 5.820317e-11 clkbuf_leaf_20_v_clk
 3.090627e-11 2.042736e-11 6.865722e-12 5.819936e-11 clkbuf_leaf_108_v_clk
 3.006025e-11 2.114383e-11 6.865722e-12 5.806981e-11 clkbuf_leaf_44_w_clk
 3.088435e-11 2.028025e-11 6.865722e-12 5.803032e-11 clkbuf_leaf_5_v_clk
 3.088533e-11 2.027134e-11 6.865722e-12 5.802240e-11 clkbuf_leaf_10_v_clk
 3.087244e-11 2.028307e-11 6.865722e-12 5.802123e-11 clkbuf_leaf_56_v_clk
 3.089692e-11 2.014691e-11 6.865722e-12 5.790955e-11 clkbuf_leaf_133_v_clk
 3.082400e-11 2.020428e-11 6.865722e-12 5.789400e-11 clkbuf_leaf_21_v_clk
 6.784964e-12 4.349982e-11 7.514090e-12 5.779888e-11 fanout234
 3.084369e-11 1.994896e-11 6.865722e-12 5.765837e-11 clkbuf_leaf_68_v_clk
 3.002404e-11 2.072088e-11 6.865722e-12 5.761065e-11 clkbuf_leaf_83_w_clk
 3.092071e-11 1.972629e-11 6.865722e-12 5.751272e-11 clkbuf_leaf_39_v_clk
 3.082319e-11 1.971003e-11 6.865722e-12 5.739895e-11 clkbuf_leaf_61_v_clk
 3.000662e-11 2.050830e-11 6.865722e-12 5.738065e-11 clkbuf_leaf_22_w_clk
 3.000407e-11 2.022246e-11 6.865722e-12 5.709225e-11 clkbuf_leaf_62_w_clk
 3.078456e-11 1.926018e-11 6.865722e-12 5.691046e-11 clkbuf_leaf_71_v_clk
 3.093708e-11 1.908304e-11 6.865722e-12 5.688584e-11 clkbuf_leaf_85_v_clk
 2.996513e-11 2.004431e-11 6.865722e-12 5.687516e-11 clkbuf_leaf_18_w_clk
 2.991039e-11 1.999771e-11 6.865722e-12 5.677382e-11 clkbuf_leaf_9_w_clk
 3.080105e-11 1.904803e-11 6.865722e-12 5.671481e-11 clkbuf_leaf_132_v_clk
 2.985249e-11 1.991298e-11 6.865722e-12 5.663119e-11 clkbuf_leaf_41_w_clk
 2.993515e-11 1.975483e-11 6.865722e-12 5.655570e-11 clkbuf_leaf_46_w_clk
 3.080596e-11 1.888005e-11 6.865722e-12 5.655173e-11 clkbuf_leaf_51_v_clk
 2.993127e-11 1.971947e-11 6.865722e-12 5.651647e-11 clkbuf_leaf_87_w_clk
 2.994588e-11 1.963601e-11 6.865722e-12 5.644761e-11 clkbuf_leaf_23_w_clk
 2.982166e-11 1.957580e-11 6.865722e-12 5.626318e-11 clkbuf_leaf_13_w_clk
 3.072872e-11 1.860975e-11 6.865722e-12 5.620419e-11 clkbuf_leaf_55_v_clk
 2.986716e-11 1.946508e-11 6.865722e-12 5.619796e-11 clkbuf_leaf_73_w_clk
 7.073675e-12 4.160620e-11 7.514087e-12 5.619396e-11 fanout371
 3.077456e-11 1.854447e-11 6.865722e-12 5.618475e-11 clkbuf_leaf_52_v_clk
 3.071772e-11 1.834272e-11 6.865722e-12 5.592617e-11 clkbuf_leaf_3_v_clk
 3.085494e-11 1.819911e-11 6.865722e-12 5.591978e-11 clkbuf_leaf_78_v_clk
 3.082821e-11 1.789688e-11 6.865722e-12 5.559082e-11 clkbuf_leaf_83_v_clk
 2.985396e-11 1.886801e-11 6.865722e-12 5.558769e-11 clkbuf_leaf_91_w_clk
 2.975602e-11 1.880388e-11 6.865722e-12 5.542562e-11 clkbuf_leaf_37_w_clk
 2.978085e-11 1.849361e-11 6.865722e-12 5.514018e-11 clkbuf_leaf_66_w_clk
 3.063476e-11 1.751825e-11 6.865722e-12 5.501873e-11 clkbuf_leaf_72_v_clk
 2.969162e-11 1.808929e-11 6.865722e-12 5.464663e-11 clkbuf_leaf_43_w_clk
 3.061965e-11 1.705709e-11 6.865722e-12 5.454246e-11 clkbuf_leaf_76_v_clk
 3.073735e-11 1.690553e-11 6.865722e-12 5.450860e-11 clkbuf_leaf_81_v_clk
 2.970077e-11 1.767048e-11 6.865722e-12 5.423698e-11 clkbuf_leaf_75_w_clk
 3.059756e-11 1.670934e-11 6.865722e-12 5.417262e-11 clkbuf_leaf_137_v_clk
 2.971305e-11 1.729194e-11 6.865722e-12 5.387071e-11 clkbuf_leaf_74_w_clk
 2.970594e-11 1.721483e-11 6.865722e-12 5.378649e-11 clkbuf_leaf_89_w_clk
 3.056103e-11 1.628444e-11 6.865722e-12 5.371120e-11 clkbuf_leaf_136_v_clk
 2.959700e-11 1.697793e-11 6.865722e-12 5.344065e-11 clkbuf_leaf_40_w_clk
 3.053663e-11 1.601105e-11 6.865722e-12 5.341340e-11 clkbuf_leaf_150_v_clk
 2.963146e-11 1.688881e-11 6.865722e-12 5.338599e-11 clkbuf_leaf_105_w_clk
 2.964913e-11 1.659139e-11 6.865722e-12 5.310624e-11 clkbuf_leaf_90_w_clk
 3.055967e-11 1.565645e-11 6.865722e-12 5.308185e-11 clkbuf_leaf_41_v_clk
 3.061050e-11 1.552513e-11 6.865722e-12 5.300135e-11 clkbuf_leaf_87_v_clk
 2.957594e-11 1.625794e-11 6.865722e-12 5.269960e-11 clkbuf_leaf_76_w_clk
 3.048570e-11 1.483216e-11 6.865722e-12 5.218358e-11 clkbuf_leaf_40_v_clk
 2.956672e-11 1.567662e-11 6.865722e-12 5.210907e-11 clkbuf_leaf_85_w_clk
 3.044874e-11 1.438811e-11 6.865722e-12 5.170258e-11 clkbuf_leaf_43_v_clk
 2.927920e-11 1.290852e-11 6.865722e-12 4.905345e-11 clkbuf_leaf_104_w_clk
 2.921780e-11 1.261482e-11 6.865722e-12 4.869834e-11 clkbuf_leaf_42_w_clk
 2.919677e-11 1.237475e-11 6.865722e-12 4.843724e-11 clkbuf_leaf_39_w_clk
 5.164068e-12 2.853763e-11 1.416735e-11 4.786905e-11 fanout646
 2.914398e-11 1.137339e-11 6.865722e-12 4.738309e-11 clkbuf_leaf_103_w_clk
 2.914119e-11 1.134405e-11 6.865722e-12 4.735096e-11 clkbuf_leaf_77_w_clk
 6.781504e-12 3.223309e-11 7.514090e-12 4.652869e-11 fanout235
 4.545270e-12 3.320977e-11 4.876289e-12 4.263133e-11 fanout447
 3.233163e-11 0.000000e+00 1.002145e-11 4.235308e-11 clkload11
 3.403204e-12 3.132187e-11 4.876292e-12 3.960136e-11 fanout370
 5.085162e-12 2.342179e-11 1.047884e-11 3.898579e-11 fanout401
 4.832716e-12 2.962490e-11 4.325239e-12 3.878286e-11 fanout676
 4.563809e-12 2.907082e-11 4.876289e-12 3.851092e-11 fanout436
 4.574038e-12 2.827855e-11 4.876289e-12 3.772888e-11 fanout464
 5.071938e-12 1.802718e-11 1.416735e-11 3.726647e-11 fanout717
 4.561370e-12 2.779442e-11 4.876289e-12 3.723209e-11 fanout438
 4.715406e-12 2.717382e-11 4.876289e-12 3.676551e-11 fanout744
 4.841356e-12 2.727738e-11 4.325239e-12 3.644398e-11 fanout677
 2.934943e-11 0.000000e+00 6.865722e-12 3.621516e-11 clkload258
 2.932558e-11 0.000000e+00 6.865722e-12 3.619130e-11 clkload223
 2.931676e-11 0.000000e+00 6.865722e-12 3.618248e-11 clkload136
 2.930971e-11 0.000000e+00 6.865722e-12 3.617543e-11 clkload165
 2.930906e-11 0.000000e+00 6.865722e-12 3.617479e-11 clkload257
 2.930558e-11 0.000000e+00 6.865722e-12 3.617130e-11 clkload222
 2.930185e-11 0.000000e+00 6.865722e-12 3.616757e-11 clkload201
 2.929351e-11 0.000000e+00 6.865722e-12 3.615923e-11 clkload216
 2.929144e-11 0.000000e+00 6.865722e-12 3.615716e-11 clkload218
 2.929085e-11 0.000000e+00 6.865722e-12 3.615657e-11 clkload134
 2.928395e-11 0.000000e+00 6.865722e-12 3.614968e-11 clkload256
 2.928147e-11 0.000000e+00 6.865722e-12 3.614720e-11 clkload214
 2.926577e-11 0.000000e+00 6.865722e-12 3.613149e-11 clkload140
 2.925642e-11 0.000000e+00 6.865722e-12 3.612214e-11 clkload139
 2.925240e-11 0.000000e+00 6.865722e-12 3.611812e-11 clkload248
 2.924386e-11 0.000000e+00 6.865722e-12 3.610958e-11 clkload123
 2.924384e-11 0.000000e+00 6.865722e-12 3.610956e-11 clkload120
 2.923493e-11 0.000000e+00 6.865722e-12 3.610065e-11 clkload247
 2.923276e-11 0.000000e+00 6.865722e-12 3.609848e-11 clkload246
 2.922825e-11 0.000000e+00 6.865722e-12 3.609398e-11 clkload148
 2.922726e-11 0.000000e+00 6.865722e-12 3.609299e-11 clkload206
 2.922338e-11 0.000000e+00 6.865722e-12 3.608910e-11 clkload183
 2.922285e-11 0.000000e+00 6.865722e-12 3.608857e-11 clkload231
 2.921587e-11 0.000000e+00 6.865722e-12 3.608159e-11 clkload212
 2.921549e-11 0.000000e+00 6.865722e-12 3.608121e-11 clkload159
 2.921331e-11 0.000000e+00 6.865722e-12 3.607903e-11 clkload226
 2.921302e-11 0.000000e+00 6.865722e-12 3.607875e-11 clkload200
 2.919437e-11 0.000000e+00 6.865722e-12 3.606010e-11 clkload191
 2.834635e-11 0.000000e+00 6.865722e-12 3.521208e-11 clkload52
 2.834389e-11 0.000000e+00 6.865722e-12 3.520961e-11 clkload55
 2.828345e-11 0.000000e+00 6.865722e-12 3.514918e-11 clkload56
 2.821734e-11 0.000000e+00 6.865722e-12 3.508306e-11 clkload77
 2.821044e-11 0.000000e+00 6.865722e-12 3.507616e-11 clkload76
 2.820921e-11 0.000000e+00 6.865722e-12 3.507493e-11 clkload86
 2.820741e-11 0.000000e+00 6.865722e-12 3.507314e-11 clkload79
 2.820475e-11 0.000000e+00 6.865722e-12 3.507047e-11 clkload41
 2.818830e-11 0.000000e+00 6.865722e-12 3.505402e-11 clkload83
 2.818721e-11 0.000000e+00 6.865722e-12 3.505293e-11 clkload30
 5.039551e-12 1.948990e-11 1.047885e-11 3.500830e-11 fanout1004
 2.807953e-11 0.000000e+00 6.865722e-12 3.494525e-11 clkload18
 2.805213e-11 0.000000e+00 6.865722e-12 3.491785e-11 clkload16
 5.059831e-12 1.564837e-11 1.416735e-11 3.487555e-11 fanout645
 5.167268e-12 1.550977e-11 1.416734e-11 3.484437e-11 fanout399
 4.742309e-12 2.501736e-11 4.876289e-12 3.463596e-11 fanout743
 4.906115e-12 2.534808e-11 4.325239e-12 3.457943e-11 fanout658
 4.880397e-12 2.525610e-11 4.325239e-12 3.446174e-11 fanout673
 4.924367e-12 2.482966e-11 4.325239e-12 3.407926e-11 fanout690
 4.587605e-12 2.444343e-11 4.876289e-12 3.390732e-11 fanout465
 4.622972e-12 2.372991e-11 4.876289e-12 3.322917e-11 fanout430
 5.092672e-12 1.760512e-11 1.047888e-11 3.317667e-11 fanout1006
 4.648116e-12 2.363673e-11 4.876289e-12 3.316114e-11 fanout469
 4.929687e-12 2.375592e-11 4.325239e-12 3.301085e-11 fanout688
 4.594147e-12 2.339553e-11 4.876289e-12 3.286597e-11 fanout459
 2.575213e-12 2.297493e-11 6.865708e-12 3.241585e-11 fanout1005
 2.807793e-12 1.885912e-11 1.047884e-11 3.214575e-11 fanout639
 4.596237e-12 2.261428e-11 4.876289e-12 3.208681e-11 fanout441
 4.600109e-12 2.258790e-11 4.876289e-12 3.206430e-11 fanout437
 5.046808e-12 1.631842e-11 1.047889e-11 3.184412e-11 fanout631
 4.640740e-12 2.212656e-11 4.876289e-12 3.164359e-11 fanout456
 4.892193e-12 2.226651e-11 4.325239e-12 3.148394e-11 fanout675
 4.641975e-12 2.185875e-11 4.876289e-12 3.137701e-11 fanout457
 4.899696e-12 2.214580e-11 4.325239e-12 3.137073e-11 fanout701
 4.887777e-12 2.180502e-11 4.325239e-12 3.101803e-11 fanout691
 4.937923e-12 2.172746e-11 4.325239e-12 3.099062e-11 fanout661
 3.370626e-12 2.071700e-11 6.865704e-12 3.095333e-11 fanout356
 4.602273e-12 2.144111e-11 4.876289e-12 3.091967e-11 fanout461
 4.911383e-12 2.163782e-11 4.325239e-12 3.087444e-11 fanout702
 4.617959e-12 2.121043e-11 4.876289e-12 3.070468e-11 fanout450
 4.634094e-12 2.116025e-11 4.876289e-12 3.067063e-11 fanout454
 4.642579e-12 2.089781e-11 4.876289e-12 3.041668e-11 fanout460
 4.587601e-12 2.093420e-11 4.876289e-12 3.039809e-11 fanout443
 5.046349e-12 1.477578e-11 1.047884e-11 3.030096e-11 fanout997
 4.895943e-12 2.102251e-11 4.325239e-12 3.024370e-11 fanout697
 4.604278e-12 2.064282e-11 4.876289e-12 3.012338e-11 fanout440
 4.599559e-12 2.049731e-11 4.876289e-12 2.997316e-11 fanout458
 4.599650e-12 2.047815e-11 4.876289e-12 2.995409e-11 fanout432
 4.925505e-12 2.046408e-11 4.325239e-12 2.971482e-11 fanout693
 4.601372e-12 2.019936e-11 4.876289e-12 2.967702e-11 fanout434
 4.928137e-12 2.040064e-11 4.325239e-12 2.965402e-11 fanout651
 4.930376e-12 2.030936e-11 4.325239e-12 2.956498e-11 fanout689
 4.901392e-12 2.033210e-11 4.325239e-12 2.955873e-11 fanout663
 4.926556e-12 2.030492e-11 4.325239e-12 2.955671e-11 fanout678
 2.557358e-12 1.990530e-11 6.865705e-12 2.932836e-11 fanout1000
 4.918409e-12 1.973625e-11 4.325239e-12 2.897990e-11 fanout712
 4.904246e-12 1.943660e-11 4.325239e-12 2.866608e-11 fanout707
 4.930997e-12 1.929819e-11 4.325239e-12 2.855443e-11 fanout679
 4.970247e-12 1.922336e-11 4.325239e-12 2.851885e-11 fanout706
 4.976261e-12 1.919329e-11 4.325239e-12 2.849478e-11 fanout694
 4.612491e-12 1.886480e-11 4.876289e-12 2.835358e-11 fanout462
 4.932720e-12 1.867926e-11 4.325239e-12 2.793722e-11 fanout695
 4.907371e-12 1.864856e-11 4.325239e-12 2.788117e-11 fanout708
 4.614853e-12 1.837103e-11 4.876289e-12 2.786218e-11 fanout470
 4.953267e-12 1.850248e-11 4.325239e-12 2.778098e-11 fanout659
 4.626950e-12 1.816610e-11 4.876289e-12 2.766933e-11 fanout448
 4.656713e-12 1.800074e-11 4.876289e-12 2.753374e-11 fanout445
 4.920531e-12 1.825683e-11 4.325239e-12 2.750260e-11 fanout664
 4.954925e-12 1.821593e-11 4.325239e-12 2.749610e-11 fanout674
 4.928569e-12 1.814589e-11 4.325239e-12 2.739970e-11 fanout681
 4.929016e-12 1.804837e-11 4.325239e-12 2.730262e-11 fanout682
 2.229001e-11 0.000000e+00 4.876271e-12 2.716628e-11 clkload3
 3.423058e-12 1.882598e-11 4.876292e-12 2.712533e-11 fanout367
 4.910329e-12 1.788818e-11 4.325239e-12 2.712375e-11 fanout670
 4.939786e-12 1.782840e-11 4.325239e-12 2.709342e-11 fanout652
 2.800963e-12 1.004705e-11 1.416729e-11 2.701530e-11 fanout610
 4.663426e-12 1.734879e-11 4.876289e-12 2.688850e-11 fanout439
 3.457495e-12 1.851341e-11 4.876292e-12 2.684720e-11 fanout363
 2.841548e-12 9.705342e-12 1.416737e-11 2.671426e-11 fanout643
 4.955969e-12 1.732537e-11 4.325239e-12 2.660657e-11 fanout687
 4.620902e-12 1.684991e-11 4.876289e-12 2.634710e-11 fanout463
 2.801758e-12 9.287974e-12 1.416736e-11 2.625709e-11 fanout332
 3.433871e-12 1.815860e-11 4.325208e-12 2.591768e-11 fanout233
 3.427864e-12 1.756254e-11 4.876292e-12 2.586670e-11 fanout369
 4.917189e-12 1.642275e-11 4.325239e-12 2.566517e-11 fanout703
 3.473325e-12 1.687188e-11 4.876292e-12 2.522150e-11 fanout359
 2.562290e-12 1.538121e-11 6.865705e-12 2.480921e-11 hold23
 3.432066e-12 1.643380e-11 4.876292e-12 2.474216e-11 fanout366
 3.477088e-12 1.624254e-11 4.876292e-12 2.459592e-11 fanout365
 3.464418e-12 1.620038e-11 4.876292e-12 2.454109e-11 fanout362
 2.540177e-12 1.431413e-11 7.514091e-12 2.436840e-11 fanout721
 2.796878e-12 1.094339e-11 1.047882e-11 2.421909e-11 fanout212
 2.879392e-12 1.042729e-11 1.047881e-11 2.378549e-11 fanout580
 3.485625e-12 1.459945e-11 4.876292e-12 2.296136e-11 fanout361
 2.621396e-12 1.342915e-11 6.865708e-12 2.291625e-11 hold53
 3.482909e-12 1.450028e-11 4.876292e-12 2.285948e-11 fanout358
 2.614340e-12 1.330916e-11 6.865716e-12 2.278922e-11 hold19
 2.536337e-12 1.264094e-11 7.514082e-12 2.269136e-11 fanout636
 2.799971e-12 1.609938e-11 3.659369e-12 2.255872e-11 fanout667
 2.545703e-12 1.249331e-11 7.514081e-12 2.255309e-11 fanout724
 2.531228e-12 1.288551e-11 6.865709e-12 2.228245e-11 fanout413
 2.516251e-12 1.286998e-11 6.865717e-12 2.225194e-11 fanout198
 2.556944e-12 1.168117e-11 7.514081e-12 2.175220e-11 fanout723
 2.541052e-12 1.158392e-11 7.514084e-12 2.163906e-11 fanout253
 2.534628e-12 1.146689e-11 7.514091e-12 2.151561e-11 fanout644
 1.709853e-11 0.000000e+00 4.330269e-12 2.142880e-11 clkload10
 2.754488e-12 1.483353e-11 3.659369e-12 2.124739e-11 fanout713
 2.536694e-12 1.170937e-11 6.865709e-12 2.111177e-11 fanout405
 1.710378e-12 5.133354e-12 1.416716e-11 2.101090e-11 fanout349
 2.595147e-12 1.372127e-11 4.647980e-12 2.096439e-11 fanout452
 1.455315e-12 1.168005e-11 7.514092e-12 2.064946e-11 fanout333
 2.750320e-12 1.423299e-11 3.659369e-12 2.064268e-11 fanout698
 2.628244e-12 1.114486e-11 6.865708e-12 2.063882e-11 hold28
 2.040591e-12 1.066615e-11 7.514054e-12 2.022080e-11 fanout605
 1.435717e-12 1.122768e-11 7.514096e-12 2.017750e-11 fanout146
 2.765925e-12 1.373666e-11 3.659369e-12 2.016196e-11 fanout657
 1.512237e-11 0.000000e+00 4.876281e-12 1.999865e-11 clkload254
 1.511544e-11 0.000000e+00 4.876281e-12 1.999172e-11 clkload219
 1.510784e-11 0.000000e+00 4.876281e-12 1.998412e-11 clkload166
 1.510641e-11 0.000000e+00 4.876281e-12 1.998269e-11 clkload135
 1.510485e-11 0.000000e+00 4.876281e-12 1.998113e-11 clkload141
 1.509805e-11 0.000000e+00 4.876281e-12 1.997433e-11 clkload143
 1.509547e-11 0.000000e+00 4.876281e-12 1.997175e-11 clkload251
 1.509387e-11 0.000000e+00 4.876281e-12 1.997015e-11 clkload217
 1.509382e-11 0.000000e+00 4.876281e-12 1.997010e-11 clkload137
 1.509047e-11 0.000000e+00 4.876281e-12 1.996675e-11 clkload220
 1.508912e-11 0.000000e+00 4.876281e-12 1.996540e-11 clkload227
 1.508897e-11 0.000000e+00 4.876281e-12 1.996525e-11 clkload153
 1.508790e-11 0.000000e+00 4.876281e-12 1.996418e-11 clkload142
 1.508708e-11 0.000000e+00 4.876281e-12 1.996336e-11 clkload186
 1.508479e-11 0.000000e+00 4.876281e-12 1.996107e-11 clkload158
 1.508423e-11 0.000000e+00 4.876281e-12 1.996051e-11 clkload228
 1.508347e-11 0.000000e+00 4.876281e-12 1.995975e-11 clkload157
 1.507836e-11 0.000000e+00 4.876281e-12 1.995464e-11 clkload245
 1.507810e-11 0.000000e+00 4.876281e-12 1.995437e-11 clkload117
 1.507725e-11 0.000000e+00 4.876281e-12 1.995353e-11 clkload149
 1.507427e-11 0.000000e+00 4.876281e-12 1.995056e-11 clkload161
 1.507223e-11 0.000000e+00 4.876281e-12 1.994851e-11 clkload211
 2.541421e-12 1.050579e-11 6.865705e-12 1.991292e-11 fanout992
 1.497938e-11 0.000000e+00 4.876281e-12 1.985566e-11 clkload114
 1.497783e-11 0.000000e+00 4.876281e-12 1.985411e-11 clkload115
 2.529658e-12 1.033985e-11 6.865716e-12 1.973523e-11 fanout985
 2.778434e-12 1.327392e-11 3.659369e-12 1.971173e-11 fanout686
 1.459941e-11 0.000000e+00 4.876282e-12 1.947570e-11 clkload72
 1.459378e-11 0.000000e+00 4.876282e-12 1.947006e-11 clkload53
 1.458603e-11 0.000000e+00 4.876282e-12 1.946231e-11 clkload75
 1.458261e-11 0.000000e+00 4.876282e-12 1.945889e-11 clkload51
 1.458114e-11 0.000000e+00 4.876282e-12 1.945742e-11 clkload54
 1.456526e-11 0.000000e+00 4.876282e-12 1.944154e-11 clkload40
 1.455706e-11 0.000000e+00 4.876282e-12 1.943334e-11 clkload49
 1.455438e-11 0.000000e+00 4.876282e-12 1.943066e-11 clkload85
 1.454544e-11 0.000000e+00 4.876282e-12 1.942172e-11 clkload98
 1.454496e-11 0.000000e+00 4.876282e-12 1.942124e-11 clkload20
 1.453993e-11 0.000000e+00 4.876282e-12 1.941621e-11 clkload47
 1.452842e-11 0.000000e+00 4.876282e-12 1.940470e-11 clkload57
 1.449414e-11 0.000000e+00 4.876282e-12 1.937042e-11 clkload12
 1.408401e-12 1.085907e-11 6.865705e-12 1.913318e-11 max_cap409
 2.525898e-12 9.739794e-12 6.865705e-12 1.913140e-11 fanout995
 2.795875e-12 1.250911e-11 3.659369e-12 1.896436e-11 fanout669
 2.543046e-12 8.645661e-12 6.865716e-12 1.805442e-11 fanout978
 2.542656e-12 8.495696e-12 6.865716e-12 1.790407e-11 fanout979
 2.568897e-12 8.356353e-12 6.865716e-12 1.779096e-11 fanout986
 1.417862e-12 8.857628e-12 7.514087e-12 1.778958e-11 fanout338
 2.534095e-12 7.722993e-12 7.514081e-12 1.777117e-11 fanout728
 2.540249e-12 8.331048e-12 6.865716e-12 1.773701e-11 fanout972
 1.966342e-12 8.795718e-12 6.865759e-12 1.762782e-11 fanout394
 1.733043e-12 1.097007e-11 4.876296e-12 1.757941e-11 fanout215
 1.405082e-12 9.113894e-12 6.865703e-12 1.738468e-11 fanout160
 5.655844e-13 2.459479e-12 1.416739e-11 1.719245e-11 fanout346
 1.451091e-12 8.800136e-12 6.865709e-12 1.711694e-11 fanout341
 1.414840e-12 7.783364e-12 7.514091e-12 1.671229e-11 fanout342
 5.714297e-13 1.949836e-12 1.416739e-11 1.668865e-11 fanout219
 1.716706e-12 1.002804e-11 4.876296e-12 1.662104e-11 fanout223
 2.591864e-12 9.345443e-12 4.647980e-12 1.658529e-11 fanout435
 1.453307e-12 7.597871e-12 7.514073e-12 1.656525e-11 fanout250
 1.434102e-12 8.197945e-12 6.865703e-12 1.649775e-11 fanout326
 1.412346e-12 7.531841e-12 7.514087e-12 1.645827e-11 fanout418
 2.779656e-12 9.928552e-12 3.659369e-12 1.636758e-11 fanout660
 2.762446e-12 9.826849e-12 3.659369e-12 1.624867e-11 fanout665
 1.153511e-12 8.169959e-12 6.865701e-12 1.618917e-11 fanout170
 1.398026e-12 7.903185e-12 6.865703e-12 1.616692e-11 fanout143
 1.397160e-12 7.864883e-12 6.865703e-12 1.612775e-11 fanout163
 1.734108e-12 9.473823e-12 4.876296e-12 1.608423e-11 fanout227
 2.756692e-12 9.642041e-12 3.659369e-12 1.605810e-11 fanout709
 1.408197e-12 7.737130e-12 6.865703e-12 1.601103e-11 fanout195
 1.976505e-12 7.062922e-12 6.865743e-12 1.590517e-11 fanout606
 1.409549e-12 6.905513e-12 7.514092e-12 1.582915e-11 fanout628
 1.147877e-11 0.000000e+00 4.330179e-12 1.580895e-11 clkload106
 1.147631e-11 0.000000e+00 4.330179e-12 1.580649e-11 clkload112
 2.589440e-12 8.520173e-12 4.647980e-12 1.575759e-11 fanout444
 1.454920e-12 6.762785e-12 7.514092e-12 1.573180e-11 fanout642
 1.987367e-12 9.041011e-12 4.647985e-12 1.567636e-11 fanout360
 1.457319e-12 7.310438e-12 6.865716e-12 1.563347e-11 hold33
 1.401383e-12 7.278620e-12 6.865703e-12 1.554571e-11 fanout255
 1.408996e-12 6.347334e-12 7.514092e-12 1.527042e-11 fanout375
 1.128716e-12 7.005432e-12 6.865701e-12 1.499985e-11 fanout167
 1.433930e-12 6.673841e-12 6.865703e-12 1.497347e-11 fanout216
 2.770532e-12 8.443087e-12 3.659369e-12 1.487299e-11 fanout654
 1.409560e-12 5.647468e-12 7.514094e-12 1.457112e-11 fanout391
 1.735729e-12 7.941331e-12 4.876296e-12 1.455336e-11 fanout225
 1.408733e-12 6.163844e-12 6.865704e-12 1.443828e-11 fanout386
 1.417721e-12 6.067692e-12 6.865716e-12 1.435113e-11 fanout1013
 1.721948e-12 7.718070e-12 4.876296e-12 1.431631e-11 fanout229
 1.403423e-12 6.027166e-12 6.865703e-12 1.429629e-11 fanout257
 1.409307e-12 5.982962e-12 6.865703e-12 1.425797e-11 fanout325
 8.406119e-13 6.529954e-12 6.865758e-12 1.423632e-11 fanout740
 3.203754e-13 7.419914e-12 6.341761e-12 1.408205e-11 _23974_
 1.284918e-12 7.812351e-12 4.876286e-12 1.397355e-11 fanout983
 1.957071e-12 7.213507e-12 4.647985e-12 1.381856e-11 fanout368
 1.126616e-12 5.797139e-12 6.865701e-12 1.378946e-11 fanout168
 8.417144e-13 5.240619e-12 7.514048e-12 1.359638e-11 fanout618
 8.443437e-13 5.775111e-12 6.865748e-12 1.348520e-11 fanout626
 1.717623e-12 7.328941e-12 4.325204e-12 1.337177e-11 fanout232
 1.301581e-12 6.809248e-12 4.876286e-12 1.298712e-11 fanout984
 1.428046e-12 4.625544e-12 6.865701e-12 1.291929e-11 fanout550
 7.036862e-13 7.334388e-12 4.876286e-12 1.291436e-11 fanout1012
 9.943611e-13 6.710087e-12 4.876254e-12 1.258070e-11 fanout738
 7.109765e-13 6.852388e-12 4.876296e-12 1.243966e-11 fanout381
 8.710103e-13 4.038926e-12 7.514039e-12 1.242398e-11 fanout955
 7.011844e-13 6.917978e-12 4.325203e-12 1.194437e-11 fanout329
 1.302793e-12 6.045375e-12 4.325210e-12 1.167338e-11 fanout408
 8.585255e-13 3.293096e-12 7.514058e-12 1.166568e-11 fanout350
 8.471161e-13 3.932119e-12 6.865748e-12 1.164498e-11 fanout620
 8.459901e-13 3.865203e-12 6.865738e-12 1.157693e-11 fanout351
 1.010027e-12 5.651759e-12 4.876263e-12 1.153805e-11 fanout608
 1.294961e-12 5.305899e-12 4.876286e-12 1.147715e-11 fanout630
 1.297630e-12 5.222841e-12 4.876286e-12 1.139676e-11 fanout981
 7.130913e-13 5.641384e-12 4.876299e-12 1.123077e-11 hold162
 9.987455e-13 5.209216e-12 4.876249e-12 1.108421e-11 fanout395
 1.003422e-12 5.306827e-12 4.325248e-12 1.063550e-11 fanout970
 1.013021e-12 5.036451e-12 4.325248e-12 1.037472e-11 fanout963
 1.009788e-12 5.027568e-12 4.325248e-12 1.036260e-11 fanout968
 7.209312e-13 4.724842e-12 4.876297e-12 1.032207e-11 fanout217
 2.816524e-13 2.932986e-12 6.865699e-12 1.008034e-11 fanout145
 9.817078e-13 4.300383e-12 4.647992e-12 9.930083e-12 fanout228
 1.006521e-12 3.975951e-12 4.876254e-12 9.858727e-12 fanout736
 7.196625e-13 4.211488e-12 4.876299e-12 9.807450e-12 fanout567
 7.200495e-13 4.140804e-12 4.876296e-12 9.737150e-12 fanout382
 7.168919e-13 4.094889e-12 4.876299e-12 9.688079e-12 fanout566
 2.831315e-13 2.457413e-12 6.865699e-12 9.606245e-12 fanout200
 7.141389e-13 4.523565e-12 4.325203e-12 9.562908e-12 fanout514
 7.126338e-13 3.935249e-12 4.876296e-12 9.524178e-12 fanout379
 7.219702e-13 3.889265e-12 4.876292e-12 9.487527e-12 fanout426
 7.168486e-13 3.886987e-12 4.876292e-12 9.480127e-12 fanout419
 7.165361e-13 3.788554e-12 4.876299e-12 9.381389e-12 fanout538
 7.193022e-13 3.720171e-12 4.876299e-12 9.315772e-12 fanout560
 2.831647e-13 1.500911e-12 7.514097e-12 9.298173e-12 fanout347
 7.210676e-13 3.529626e-12 4.876292e-12 9.126986e-12 fanout424
 7.187981e-13 4.078359e-12 4.325203e-12 9.122360e-12 fanout482
 7.232106e-13 3.516425e-12 4.876296e-12 9.115932e-12 fanout384
 2.854757e-13 1.305193e-12 7.514097e-12 9.104766e-12 fanout244
 7.195038e-13 3.470785e-12 4.876299e-12 9.066587e-12 fanout559
 2.853589e-13 1.253906e-12 7.514097e-12 9.053361e-12 fanout243
 2.887942e-13 1.201992e-12 7.514097e-12 9.004883e-12 fanout245
 7.204799e-13 3.406967e-12 4.876299e-12 9.003746e-12 fanout575
 7.217647e-13 3.378931e-12 4.876292e-12 8.976988e-12 fanout427
 7.187295e-13 3.334752e-12 4.876299e-12 8.929781e-12 fanout539
 2.793800e-13 1.738219e-12 6.865699e-12 8.883299e-12 fanout162
 7.249174e-13 3.256240e-12 4.876299e-12 8.857456e-12 fanout574
 7.201143e-13 3.204179e-12 4.876299e-12 8.800592e-12 fanout323
 2.800178e-13 1.608166e-12 6.865699e-12 8.753883e-12 fanout247
 2.832463e-13 1.592095e-12 6.865699e-12 8.741041e-12 fanout196
 1.008355e-12 3.399993e-12 4.325248e-12 8.733595e-12 fanout959
 7.228611e-13 3.118019e-12 4.876299e-12 8.717178e-12 fanout540
 7.169049e-13 3.105286e-12 4.876299e-12 8.698490e-12 fanout552
 7.258332e-13 3.077572e-12 4.876299e-12 8.679705e-12 fanout573
 7.197609e-13 3.058757e-12 4.876299e-12 8.654816e-12 fanout534
 7.206434e-13 3.557401e-12 4.325203e-12 8.603248e-12 fanout484
 7.222142e-13 3.551608e-12 4.325203e-12 8.599025e-12 fanout476
 7.243463e-13 3.483315e-12 4.325203e-12 8.532865e-12 fanout515
 7.235094e-13 3.430388e-12 4.325203e-12 8.479101e-12 fanout528
 2.810382e-13 1.319003e-12 6.865699e-12 8.465741e-12 fanout220
 7.194543e-13 3.401431e-12 4.325210e-12 8.446096e-12 fanout417
 7.226864e-13 2.841826e-12 4.876299e-12 8.440811e-12 fanout531
 7.213173e-13 3.390416e-12 4.325203e-12 8.436937e-12 fanout507
 7.222189e-13 2.835611e-12 4.876299e-12 8.434128e-12 fanout556
 7.277883e-13 2.824127e-12 4.876299e-12 8.428213e-12 fanout553
 7.182527e-13 3.368385e-12 4.325203e-12 8.411841e-12 fanout504
 7.182189e-13 3.366478e-12 4.325203e-12 8.409900e-12 fanout506
 7.221614e-13 3.353521e-12 4.325203e-12 8.400886e-12 fanout499
 7.246645e-13 2.789935e-12 4.876299e-12 8.390897e-12 fanout108
 7.182627e-13 3.331170e-12 4.325203e-12 8.374636e-12 fanout519
 7.299388e-13 2.755978e-12 4.876299e-12 8.362215e-12 fanout557
 7.262283e-13 3.309827e-12 4.325203e-12 8.361260e-12 fanout494
 7.219809e-13 2.759222e-12 4.876299e-12 8.357501e-12 fanout319
 7.235645e-13 2.718592e-12 4.876299e-12 8.318455e-12 fanout562
 5.792776e-13 2.847986e-12 4.876299e-12 8.303562e-12 fanout209
 5.793873e-13 2.804045e-12 4.876299e-12 8.259731e-12 fanout211
 7.246087e-13 3.179437e-12 4.325203e-12 8.229249e-12 fanout475
 7.193822e-13 3.162546e-12 4.325203e-12 8.207131e-12 fanout495
 7.305057e-13 3.143980e-12 4.325203e-12 8.199689e-12 fanout99
 7.248790e-13 3.115902e-12 4.325203e-12 8.165984e-12 fanout483
 7.191358e-13 3.113201e-12 4.325203e-12 8.157541e-12 fanout509
 7.228066e-13 3.108115e-12 4.325203e-12 8.156125e-12 fanout311
 6.238688e-12 0.000000e+00 1.894955e-12 8.133644e-12 clkload210
 6.231615e-12 0.000000e+00 1.894955e-12 8.126571e-12 clkload209
 7.265400e-13 3.069035e-12 4.325203e-12 8.120778e-12 fanout520
 7.251176e-13 3.067297e-12 4.325203e-12 8.117618e-12 fanout95
 7.230416e-13 2.493809e-12 4.876299e-12 8.093149e-12 fanout572
 7.263969e-13 3.037684e-12 4.325203e-12 8.089284e-12 fanout518
 4.350417e-13 2.762259e-12 4.876259e-12 8.073559e-12 fanout623
 6.177788e-12 0.000000e+00 1.894955e-12 8.072744e-12 clkload213
 5.789852e-13 2.613806e-12 4.876299e-12 8.069090e-12 fanout208
 7.162558e-13 3.025058e-12 4.325208e-12 8.066521e-12 fanout602
 6.164782e-12 0.000000e+00 1.894955e-12 8.059737e-12 clkload182
 6.151405e-12 0.000000e+00 1.894955e-12 8.046360e-12 clkload207
 7.291587e-13 3.653351e-12 3.659328e-12 8.041838e-12 fanout730
 7.269682e-13 2.983648e-12 4.325203e-12 8.035820e-12 fanout493
 6.136527e-12 0.000000e+00 1.894955e-12 8.031482e-12 clkload194
 6.130057e-12 0.000000e+00 1.894955e-12 8.025012e-12 clkload175
 4.352412e-13 2.696407e-12 4.876259e-12 8.007907e-12 fanout625
 6.112556e-12 0.000000e+00 1.894955e-12 8.007511e-12 clkload177
 6.110280e-12 0.000000e+00 1.894955e-12 8.005235e-12 clkload172
 6.108332e-12 0.000000e+00 1.894955e-12 8.003287e-12 clkload174
 6.107399e-12 0.000000e+00 1.894955e-12 8.002355e-12 clkload176
 6.093595e-12 0.000000e+00 1.894955e-12 7.988551e-12 clkload238
 6.085854e-12 0.000000e+00 1.894955e-12 7.980810e-12 clkload239
 6.084586e-12 0.000000e+00 1.894955e-12 7.979542e-12 clkload130
 6.083695e-12 0.000000e+00 1.894955e-12 7.978651e-12 clkload173
 6.083607e-12 0.000000e+00 1.894955e-12 7.978562e-12 clkload124
 6.080997e-12 0.000000e+00 1.894955e-12 7.975952e-12 clkload243
 7.258874e-13 2.890337e-12 4.325203e-12 7.941428e-12 fanout474
 6.007647e-12 0.000000e+00 1.894950e-12 7.902597e-12 clkload96
 7.268979e-13 2.840788e-12 4.325203e-12 7.892889e-12 fanout527
 7.246129e-13 2.840545e-12 4.325203e-12 7.890362e-12 fanout524
 5.987433e-12 0.000000e+00 1.894950e-12 7.882382e-12 clkload101
 5.960904e-12 0.000000e+00 1.894950e-12 7.855853e-12 clkload80
 7.232349e-13 2.803526e-12 4.325203e-12 7.851964e-12 fanout480
 7.270376e-13 2.765851e-12 4.325203e-12 7.818092e-12 fanout491
 7.277346e-13 2.756267e-12 4.325203e-12 7.809205e-12 fanout502
 5.897156e-12 0.000000e+00 1.894950e-12 7.792106e-12 clkload29
 5.895048e-12 0.000000e+00 1.894950e-12 7.789998e-12 clkload81
 5.881515e-12 0.000000e+00 1.894950e-12 7.776465e-12 clkload22
 5.865242e-12 0.000000e+00 1.894950e-12 7.760192e-12 clkload31
 5.860943e-12 0.000000e+00 1.894950e-12 7.755893e-12 clkload92
 5.850162e-12 0.000000e+00 1.894950e-12 7.745112e-12 clkload60
 7.211462e-13 2.696095e-12 4.325203e-12 7.742445e-12 fanout496
 5.843375e-12 0.000000e+00 1.894950e-12 7.738325e-12 clkload94
 5.843215e-12 0.000000e+00 1.894950e-12 7.738165e-12 clkload88
 7.211560e-13 2.689417e-12 4.325203e-12 7.735776e-12 fanout498
 7.238347e-13 2.663763e-12 4.325203e-12 7.712801e-12 fanout478
 5.809974e-12 0.000000e+00 1.894950e-12 7.704924e-12 clkload68
 7.284480e-13 2.613686e-12 4.325203e-12 7.667337e-12 fanout505
 5.769269e-12 0.000000e+00 1.894950e-12 7.664218e-12 clkload19
 7.275191e-13 2.496471e-12 4.325203e-12 7.549194e-12 fanout516
 7.279101e-13 2.488124e-12 4.325203e-12 7.541238e-12 fanout489
 1.130312e-19 5.548698e-19 7.514067e-12 7.514068e-12 fanout1039
 1.132263e-19 6.586791e-19 7.514067e-12 7.514068e-12 fanout1070
 7.245241e-13 2.394588e-12 4.325203e-12 7.444315e-12 fanout473
 7.241806e-13 2.378307e-12 4.325203e-12 7.427691e-12 fanout512
 7.298904e-13 2.359816e-12 4.325203e-12 7.414909e-12 fanout93
 7.218706e-13 2.363624e-12 4.325203e-12 7.410699e-12 fanout481
 7.284851e-13 2.352439e-12 4.325203e-12 7.406127e-12 fanout485
 4.321149e-13 2.594089e-12 4.325256e-12 7.351460e-12 fanout176
 4.039871e-13 2.113306e-12 4.647997e-12 7.165290e-12 fanout548
 4.074550e-13 2.101477e-12 4.647997e-12 7.156929e-12 fanout111
 4.294480e-13 2.344136e-12 4.325236e-12 7.098820e-12 fanout867
 4.294320e-13 2.333559e-12 4.325236e-12 7.088228e-12 fanout901
 4.302195e-13 2.254231e-12 4.325256e-12 7.009706e-12 fanout172
 4.060542e-13 1.951800e-12 4.647997e-12 7.005852e-12 fanout561
 4.087660e-13 1.862119e-12 4.647997e-12 6.918882e-12 fanout554
 4.104894e-13 1.849392e-12 4.647997e-12 6.907878e-12 fanout536
 4.094379e-13 1.824339e-12 4.647997e-12 6.881775e-12 fanout551
 4.053510e-13 1.826554e-12 4.647997e-12 6.879902e-12 fanout571
 1.129036e-19 4.904442e-19 6.865732e-12 6.865732e-12 fanout1087
 1.129648e-19 5.221523e-19 6.865732e-12 6.865732e-12 fanout1135
 4.105678e-13 1.801805e-12 4.647997e-12 6.860370e-12 fanout555
 4.346527e-13 2.045882e-12 4.325256e-12 6.805790e-12 fanout177
 4.337832e-13 2.042096e-12 4.325236e-12 6.801115e-12 fanout851
 4.087109e-13 1.737501e-12 4.647997e-12 6.794209e-12 fanout103
 4.309390e-13 2.030115e-12 4.325256e-12 6.786310e-12 fanout179
 4.066932e-13 1.697239e-12 4.647997e-12 6.751930e-12 fanout565
 4.312347e-13 1.961164e-12 4.325256e-12 6.717655e-12 fanout174
 4.057422e-13 1.662034e-12 4.647992e-12 6.715768e-12 fanout380
 4.066389e-13 1.629867e-12 4.647997e-12 6.684503e-12 fanout563
 4.061557e-13 1.622600e-12 4.647997e-12 6.676752e-12 fanout558
 4.056422e-13 1.578297e-12 4.647997e-12 6.631936e-12 fanout578
 5.826583e-13 2.306681e-12 3.659398e-12 6.548737e-12 fanout589
 4.083134e-13 1.489291e-12 4.647997e-12 6.545602e-12 fanout107
 4.068498e-13 1.489932e-12 4.647997e-12 6.544779e-12 fanout541
 6.447730e-12 0.000000e+00 9.555448e-14 6.543285e-12 clkload1
 4.407811e-13 1.476734e-12 4.325258e-12 6.242773e-12 hold647
 6.130377e-12 0.000000e+00 9.555448e-14 6.225931e-12 clkload6
 4.041136e-13 2.154926e-12 3.659306e-12 6.218345e-12 fanout510
 4.096423e-13 2.146154e-12 3.659306e-12 6.215103e-12 fanout314
 4.049712e-13 2.079235e-12 3.659306e-12 6.143512e-12 fanout526
 4.060742e-13 2.018310e-12 3.659306e-12 6.083690e-12 fanout477
 4.416493e-13 1.307089e-12 4.325257e-12 6.073995e-12 fanout588
 4.091844e-13 1.876278e-12 3.659306e-12 5.944768e-12 fanout98
 1.470690e-13 8.934621e-13 4.876300e-12 5.916831e-12 fanout202
 4.073291e-13 1.818044e-12 3.659306e-12 5.884679e-12 fanout521
 4.104124e-13 1.787979e-12 3.659306e-12 5.857698e-12 fanout132
 1.432102e-13 8.244682e-13 4.876300e-12 5.843978e-12 fanout260
 4.103789e-13 1.739787e-12 3.659306e-12 5.809472e-12 fanout127
 4.103367e-13 1.671440e-12 3.659306e-12 5.741083e-12 fanout129
 4.104275e-13 1.608910e-12 3.659306e-12 5.678643e-12 fanout130
 1.441981e-13 6.525300e-13 4.876300e-12 5.673028e-12 fanout90
 4.094596e-13 1.571606e-12 3.659306e-12 5.640372e-12 fanout135
 1.472685e-13 6.029439e-13 4.876300e-12 5.626512e-12 fanout755
 4.096871e-13 1.556049e-12 3.659306e-12 5.625042e-12 fanout128
 4.093237e-13 1.553462e-12 3.659306e-12 5.622091e-12 fanout126
 4.070651e-13 1.526321e-12 3.659306e-12 5.592692e-12 fanout133
 4.090382e-13 1.520713e-12 3.659306e-12 5.589057e-12 fanout131
 4.093213e-13 1.502644e-12 3.659306e-12 5.571271e-12 fanout136
 1.454999e-13 5.414395e-13 4.876300e-12 5.563239e-12 fanout100
 1.455476e-13 5.348843e-13 4.876300e-12 5.556732e-12 fanout757
 1.458944e-13 5.321075e-13 4.876300e-12 5.554302e-12 fanout761
 1.484115e-13 5.102788e-13 4.876300e-12 5.534990e-12 fanout592
 1.452769e-13 5.015970e-13 4.876300e-12 5.523174e-12 fanout153
 1.447737e-13 4.641215e-13 4.876300e-12 5.485195e-12 fanout66
 1.458714e-13 4.471936e-13 4.876300e-12 5.469365e-12 fanout756
 4.063805e-13 1.389209e-12 3.659306e-12 5.454895e-12 fanout479
 7.600784e-14 1.488734e-12 3.659303e-12 5.224045e-12 wire76
 2.425555e-13 1.274170e-12 3.659365e-12 5.176090e-12 fanout827
 2.425952e-13 1.258987e-12 3.659365e-12 5.160947e-12 fanout818
 2.438355e-13 1.213549e-12 3.659365e-12 5.116749e-12 fanout900
 1.448820e-13 6.280435e-13 4.325202e-12 5.098128e-12 fanout141
 2.446921e-13 1.170862e-12 3.659365e-12 5.074920e-12 fanout883
 8.236784e-14 3.427447e-13 4.648000e-12 5.073113e-12 fanout747
 2.448909e-13 1.168475e-12 3.659365e-12 5.072731e-12 fanout868
 8.496899e-14 3.323559e-13 4.648000e-12 5.065325e-12 fanout184
 2.440305e-13 1.152361e-12 3.659365e-12 5.055757e-12 fanout888
 8.231970e-14 3.253142e-13 4.648000e-12 5.055634e-12 fanout123
 2.455855e-13 1.147315e-12 3.659365e-12 5.052266e-12 fanout913
 2.461814e-13 1.144394e-12 3.659365e-12 5.049941e-12 fanout816
 8.268669e-14 3.151359e-13 4.648000e-12 5.045822e-12 fanout581
 7.692713e-14 1.308285e-12 3.659303e-12 5.044515e-12 wire71
 2.450467e-13 1.137264e-12 3.659365e-12 5.041676e-12 fanout770
 8.228667e-14 3.113647e-13 4.648000e-12 5.041651e-12 fanout182
 2.450684e-13 1.136687e-12 3.659365e-12 5.041121e-12 fanout928
 1.485128e-13 5.634587e-13 4.325202e-12 5.037174e-12 fanout190
 8.156269e-14 3.063830e-13 4.648000e-12 5.035946e-12 fanout751
 8.197956e-14 3.002825e-13 4.648000e-12 5.030262e-12 fanout121
 2.462418e-13 1.119659e-12 3.659365e-12 5.025267e-12 fanout811
 2.451128e-13 1.118370e-12 3.659365e-12 5.022848e-12 fanout772
 1.451200e-13 5.503642e-13 4.325202e-12 5.020686e-12 fanout139
 2.441416e-13 1.116985e-12 3.659365e-12 5.020492e-12 fanout894
 2.437833e-13 1.117017e-12 3.659365e-12 5.020165e-12 fanout783
 8.190328e-14 2.862020e-13 4.648000e-12 5.016105e-12 fanout183
 2.441570e-13 1.112560e-12 3.659365e-12 5.016083e-12 fanout870
 2.450735e-13 1.107940e-12 3.659365e-12 5.012379e-12 fanout844
 7.737520e-14 1.272690e-12 3.659303e-12 5.009369e-12 wire79
 2.460291e-13 1.103094e-12 3.659365e-12 5.008488e-12 fanout820
 2.433116e-13 1.105207e-12 3.659365e-12 5.007884e-12 fanout775
 2.436375e-13 1.103310e-12 3.659365e-12 5.006313e-12 fanout929
 2.463317e-13 1.099130e-12 3.659365e-12 5.004827e-12 fanout789
 2.433059e-13 1.100859e-12 3.659365e-12 5.003531e-12 fanout804
 2.434040e-13 1.100308e-12 3.659365e-12 5.003077e-12 fanout944
 2.441233e-13 1.094104e-12 3.659365e-12 4.997593e-12 fanout860
 2.441608e-13 1.086069e-12 3.659365e-12 4.989595e-12 fanout858
 2.430935e-13 1.081121e-12 3.659365e-12 4.983580e-12 fanout796
 2.472061e-13 1.073027e-12 3.659365e-12 4.979598e-12 fanout895
 2.468539e-13 1.064774e-12 3.659365e-12 4.970994e-12 fanout884
 1.443757e-13 4.904453e-13 4.325202e-12 4.960023e-12 fanout151
 2.457184e-13 1.054291e-12 3.659365e-12 4.959374e-12 fanout773
 2.505285e-13 1.044447e-12 3.659387e-12 4.954363e-12 fanout593
 2.464407e-13 1.045660e-12 3.659365e-12 4.951465e-12 fanout781
 2.464719e-13 1.044511e-12 3.659365e-12 4.950348e-12 fanout824
 2.457284e-13 1.043020e-12 3.659365e-12 4.948114e-12 fanout830
 2.457590e-13 1.042447e-12 3.659365e-12 4.947571e-12 fanout911
 2.453851e-13 1.040733e-12 3.659365e-12 4.945483e-12 fanout767
 2.431585e-13 1.042063e-12 3.659365e-12 4.944587e-12 fanout831
 2.453924e-13 1.039667e-12 3.659365e-12 4.944425e-12 fanout774
 2.432470e-13 1.030287e-12 3.659365e-12 4.932899e-12 fanout921
 2.454247e-13 1.024798e-12 3.659365e-12 4.929588e-12 fanout819
 2.465882e-13 1.021921e-12 3.659365e-12 4.927875e-12 fanout871
 2.498578e-13 1.014821e-12 3.659405e-12 4.924084e-12 fanout594
 2.435126e-13 1.015552e-12 3.659365e-12 4.918430e-12 fanout792
 2.451366e-13 1.012929e-12 3.659365e-12 4.917431e-12 fanout910
 2.481279e-13 1.003044e-12 3.659368e-12 4.910540e-12 fanout599
 2.448294e-13 9.946088e-13 3.659365e-12 4.898804e-12 fanout853
 2.438697e-13 9.935455e-13 3.659365e-12 4.896780e-12 fanout919
 2.440118e-13 9.927146e-13 3.659365e-12 4.896092e-12 fanout778
 2.459195e-13 9.897362e-13 3.659365e-12 4.895021e-12 fanout918
 2.454360e-13 9.865696e-13 3.659365e-12 4.891371e-12 fanout857
 2.458497e-13 9.859470e-13 3.659365e-12 4.891162e-12 fanout794
 2.460529e-13 9.855299e-13 3.659365e-12 4.890948e-12 fanout892
 2.463300e-13 9.851779e-13 3.659365e-12 4.890873e-12 fanout930
 2.469247e-13 9.821367e-13 3.659365e-12 4.888427e-12 fanout797
 2.456692e-13 9.797519e-13 3.659365e-12 4.884786e-12 fanout806
 2.465577e-13 9.753848e-13 3.659365e-12 4.881308e-12 fanout833
 2.435631e-13 9.765078e-13 3.659365e-12 4.879436e-12 fanout942
 2.452412e-13 9.747019e-13 3.659365e-12 4.879308e-12 fanout893
 5.819291e-20 2.381316e-19 4.876273e-12 4.876273e-12 fanout1072
 5.789849e-20 2.582663e-19 4.876273e-12 4.876273e-12 fanout1074
 5.843906e-20 2.112577e-19 4.876273e-12 4.876273e-12 fanout1076
 5.832055e-20 2.352078e-19 4.876273e-12 4.876273e-12 fanout1077
 5.816803e-20 2.437586e-19 4.876273e-12 4.876273e-12 fanout1079
 5.781115e-20 2.405129e-19 4.876273e-12 4.876273e-12 fanout1081
 5.788298e-20 2.237785e-19 4.876273e-12 4.876273e-12 fanout1082
 5.775166e-20 2.853297e-19 4.876273e-12 4.876273e-12 fanout1084
 5.738507e-20 2.977572e-19 4.876273e-12 4.876273e-12 fanout1085
 5.826013e-20 1.914436e-19 4.876273e-12 4.876273e-12 fanout1088
 5.779544e-20 2.470976e-19 4.876273e-12 4.876273e-12 fanout1089
 5.784554e-20 1.951849e-19 4.876273e-12 4.876273e-12 fanout1090
 5.823468e-20 2.367878e-19 4.876273e-12 4.876273e-12 fanout1092
 5.777174e-20 2.526778e-19 4.876273e-12 4.876273e-12 fanout1093
 5.810970e-20 2.452159e-19 4.876273e-12 4.876273e-12 fanout1095
 5.813094e-20 2.116414e-19 4.876273e-12 4.876273e-12 fanout1096
 5.789005e-20 2.918201e-19 4.876273e-12 4.876273e-12 fanout1098
 5.750557e-20 2.661535e-19 4.876273e-12 4.876273e-12 fanout1099
 5.798835e-20 2.158833e-19 4.876273e-12 4.876273e-12 fanout1100
 5.787502e-20 2.421122e-19 4.876273e-12 4.876273e-12 fanout1101
 5.822171e-20 2.001559e-19 4.876273e-12 4.876273e-12 fanout1102
 5.776399e-20 2.677849e-19 4.876273e-12 4.876273e-12 fanout1103
 5.731949e-20 3.107600e-19 4.876273e-12 4.876273e-12 fanout1104
 5.753467e-20 2.545162e-19 4.876273e-12 4.876273e-12 fanout1106
 5.830028e-20 2.218739e-19 4.876273e-12 4.876273e-12 fanout1108
 5.753621e-20 2.542306e-19 4.876273e-12 4.876273e-12 fanout1109
 5.805089e-20 2.319158e-19 4.876273e-12 4.876273e-12 fanout1111
 5.831415e-20 1.985064e-19 4.876273e-12 4.876273e-12 fanout1113
 5.797609e-20 2.487432e-19 4.876273e-12 4.876273e-12 fanout1115
 5.774432e-20 2.873764e-19 4.876273e-12 4.876273e-12 fanout1116
 5.815584e-20 2.386472e-19 4.876273e-12 4.876273e-12 fanout1117
 5.778900e-20 2.183081e-19 4.876273e-12 4.876273e-12 fanout1120
 5.781722e-20 2.052892e-19 4.876273e-12 4.876273e-12 fanout1122
 5.752171e-20 3.318443e-19 4.876273e-12 4.876273e-12 fanout1125
 5.758253e-20 2.712040e-19 4.876273e-12 4.876273e-12 fanout1126
 5.773030e-20 2.361034e-19 4.876273e-12 4.876273e-12 fanout1128
 5.809909e-20 1.839849e-19 4.876273e-12 4.876273e-12 fanout1130
 5.830067e-20 2.584383e-19 4.876273e-12 4.876273e-12 fanout1133
 2.464219e-13 9.654974e-13 3.659365e-12 4.871285e-12 fanout937
 2.455864e-13 9.627518e-13 3.659365e-12 4.867703e-12 fanout904
 2.458990e-13 9.619396e-13 3.659365e-12 4.867204e-12 fanout777
 2.469218e-13 9.583255e-13 3.659365e-12 4.864613e-12 fanout907
 2.452044e-13 9.593577e-13 3.659365e-12 4.863927e-12 fanout850
 4.762240e-12 0.000000e+00 9.555269e-14 4.857792e-12 clkload249
 2.443410e-13 9.533886e-13 3.659365e-12 4.857095e-12 fanout821
 2.456221e-13 9.518044e-13 3.659365e-12 4.856792e-12 fanout828
 2.465497e-13 9.473862e-13 3.659365e-12 4.853301e-12 fanout939
 2.452636e-13 9.481410e-13 3.659365e-12 4.852770e-12 fanout843
 2.460645e-13 9.467979e-13 3.659365e-12 4.852228e-12 fanout776
 2.463906e-13 9.416421e-13 3.659365e-12 4.847398e-12 fanout812
 2.502160e-13 9.360311e-13 3.659383e-12 4.845630e-12 fanout600
 2.455943e-13 9.384214e-13 3.659365e-12 4.843381e-12 fanout763
 2.434862e-13 9.401923e-13 3.659365e-12 4.843044e-12 fanout809
 2.442754e-13 9.376665e-13 3.659365e-12 4.841307e-12 fanout897
 2.442025e-13 9.358583e-13 3.659365e-12 4.839426e-12 fanout866
 2.435522e-13 9.362194e-13 3.659365e-12 4.839137e-12 fanout931
 2.450559e-13 9.339833e-13 3.659365e-12 4.838404e-12 fanout839
 2.468292e-13 9.297080e-13 3.659365e-12 4.835903e-12 fanout800
 2.451558e-13 9.278713e-13 3.659365e-12 4.832392e-12 fanout782
 2.443044e-13 9.275202e-13 3.659365e-12 4.831190e-12 fanout825
 2.512262e-13 9.150100e-13 3.659383e-12 4.825619e-12 fanout601
 2.443596e-13 9.189092e-13 3.659365e-12 4.822634e-12 fanout813
 2.460134e-13 9.166278e-13 3.659365e-12 4.822007e-12 fanout874
 2.455321e-13 9.095130e-13 3.659365e-12 4.814411e-12 fanout905
 2.449527e-13 9.087127e-13 3.659365e-12 4.813031e-12 fanout887
 2.443449e-13 9.089993e-13 3.659365e-12 4.812709e-12 fanout817
 2.442483e-13 9.086182e-13 3.659365e-12 4.812232e-12 fanout878
 2.451951e-13 8.985328e-13 3.659365e-12 4.803093e-12 fanout803
 2.450864e-13 8.795029e-13 3.659365e-12 4.783954e-12 fanout771
 4.680160e-12 0.000000e+00 9.555269e-14 4.775713e-12 clkload152
 2.436222e-13 8.705146e-13 3.659365e-12 4.773502e-12 fanout934
 2.451248e-13 8.660511e-13 3.659365e-12 4.770541e-12 fanout769
 2.448791e-13 8.623406e-13 3.659365e-12 4.766585e-12 fanout885
 4.669337e-12 0.000000e+00 9.555269e-14 4.764889e-12 clkload119
 4.667213e-12 0.000000e+00 9.555269e-14 4.762766e-12 clkload145
 2.456957e-13 8.574420e-13 3.659365e-12 4.762503e-12 fanout852
 2.450368e-13 8.533800e-13 3.659365e-12 4.757782e-12 fanout845
 2.454859e-13 8.489605e-13 3.659365e-12 4.753812e-12 fanout908
 2.434780e-13 8.494641e-13 3.659365e-12 4.752307e-12 fanout802
 2.457518e-13 8.369389e-13 3.659365e-12 4.742056e-12 fanout889
 4.645370e-12 0.000000e+00 9.555269e-14 4.740923e-12 clkload253
 2.503140e-13 8.268746e-13 3.659368e-12 4.736557e-12 fanout598
 2.453953e-13 8.304245e-13 3.659365e-12 4.735185e-12 fanout829
 4.626713e-12 0.000000e+00 9.555269e-14 4.722265e-12 clkload156
 2.439083e-13 8.061057e-13 3.659365e-12 4.709380e-12 fanout780
 4.608089e-12 0.000000e+00 9.555269e-14 4.703641e-12 clkload164
 4.603200e-12 0.000000e+00 9.555269e-14 4.698753e-12 clkload229
 4.581022e-12 0.000000e+00 9.555269e-14 4.676574e-12 clkload163
 2.449087e-13 7.686659e-13 3.659365e-12 4.672940e-12 fanout869
 4.572461e-12 0.000000e+00 9.555269e-14 4.668013e-12 clkload144
 4.556039e-12 0.000000e+00 9.555269e-14 4.651592e-12 clkload179
 3.238153e-20 1.864860e-19 4.647950e-12 4.647951e-12 fanout1124
 3.251763e-20 1.010986e-19 4.647950e-12 4.647950e-12 fanout1091
 3.235858e-20 1.748888e-19 4.647950e-12 4.647950e-12 fanout1094
 3.264076e-20 1.288586e-19 4.647950e-12 4.647950e-12 fanout1097
 3.274795e-20 1.167863e-19 4.647950e-12 4.647950e-12 fanout1114
 3.249229e-20 1.353693e-19 4.647950e-12 4.647950e-12 fanout1123
 3.246281e-20 1.417305e-19 4.647950e-12 4.647950e-12 fanout1129
 3.246312e-20 1.414885e-19 4.647950e-12 4.647950e-12 fanout1131
 4.539944e-12 0.000000e+00 9.555269e-14 4.635497e-12 clkload196
 4.535198e-12 0.000000e+00 9.555269e-14 4.630751e-12 clkload199
 4.533954e-12 0.000000e+00 9.555269e-14 4.629506e-12 clkload198
 4.533192e-12 0.000000e+00 9.555269e-14 4.628745e-12 clkload190
 4.521361e-12 0.000000e+00 9.555269e-14 4.616914e-12 clkload189
 4.520191e-12 0.000000e+00 9.555256e-14 4.615744e-12 clkload48
 4.517733e-12 0.000000e+00 9.555269e-14 4.613285e-12 clkload132
 4.516042e-12 0.000000e+00 9.555269e-14 4.611595e-12 clkload127
 4.508853e-12 0.000000e+00 9.555269e-14 4.604405e-12 clkload126
 4.506690e-12 0.000000e+00 9.555256e-14 4.602242e-12 clkload105
 4.495602e-12 0.000000e+00 9.555269e-14 4.591155e-12 clkload133
 4.470406e-12 0.000000e+00 9.555269e-14 4.565959e-12 clkload240
 4.466623e-12 0.000000e+00 9.555256e-14 4.562176e-12 clkload45
 4.465137e-12 0.000000e+00 9.555269e-14 4.560689e-12 clkload235
 4.465134e-12 0.000000e+00 9.555269e-14 4.560687e-12 clkload242
 4.443714e-12 0.000000e+00 9.555269e-14 4.539267e-12 clkload236
 4.429518e-12 0.000000e+00 9.555256e-14 4.525070e-12 clkload95
 4.413560e-12 0.000000e+00 9.555256e-14 4.509113e-12 clkload50
 4.395593e-12 0.000000e+00 9.555256e-14 4.491145e-12 clkload100
 4.393033e-12 0.000000e+00 9.555256e-14 4.488585e-12 clkload103
 4.391918e-12 0.000000e+00 9.555256e-14 4.487470e-12 clkload104
 4.365388e-12 0.000000e+00 9.555256e-14 4.460940e-12 clkload38
 4.357059e-12 0.000000e+00 9.555256e-14 4.452612e-12 clkload97
 4.309739e-12 0.000000e+00 9.555256e-14 4.405291e-12 clkload62
 8.056498e-14 6.603251e-13 3.659303e-12 4.400193e-12 wire74
 4.287653e-12 0.000000e+00 9.555256e-14 4.383205e-12 clkload90
 5.809308e-20 2.525314e-19 4.325227e-12 4.325228e-12 fanout1029
 5.745913e-20 3.281781e-19 4.325227e-12 4.325228e-12 fanout1033
 5.761336e-20 2.417270e-19 4.325227e-12 4.325228e-12 fanout1040
 5.765569e-20 2.316064e-19 4.325227e-12 4.325228e-12 fanout1041
 5.797993e-20 2.414840e-19 4.325227e-12 4.325228e-12 fanout1044
 5.739071e-20 2.916692e-19 4.325227e-12 4.325228e-12 fanout1045
 5.760573e-20 2.349513e-19 4.325227e-12 4.325228e-12 fanout1047
 5.702970e-20 3.625048e-19 4.325227e-12 4.325228e-12 fanout1052
 5.771638e-20 2.157654e-19 4.325227e-12 4.325228e-12 fanout1053
 5.752960e-20 2.613750e-19 4.325227e-12 4.325228e-12 fanout1058
 5.711983e-20 3.386738e-19 4.325227e-12 4.325228e-12 fanout1063
 5.752443e-20 2.915388e-19 4.325227e-12 4.325228e-12 fanout1064
 5.752778e-20 2.650640e-19 4.325227e-12 4.325228e-12 fanout1066
 5.754672e-20 2.379658e-19 4.325227e-12 4.325228e-12 fanout1068
 5.702133e-20 3.626748e-19 4.325227e-12 4.325228e-12 fanout1069
 4.136475e-12 0.000000e+00 9.555269e-14 4.232028e-12 clkload107
 4.119092e-12 0.000000e+00 9.555256e-14 4.214645e-12 clkload17
 8.129082e-14 4.050362e-13 3.659303e-12 4.145630e-12 max_cap75
 8.253649e-14 3.792130e-13 3.659303e-12 4.121053e-12 fanout150
 8.134849e-14 3.679655e-13 3.659303e-12 4.108618e-12 max_cap72
 8.168234e-14 3.445055e-13 3.659303e-12 4.085491e-12 max_cap81
 8.149820e-14 3.122323e-13 3.659303e-12 4.053034e-12 fanout118
 8.176017e-14 3.074073e-13 3.659303e-12 4.048471e-12 max_cap77
 8.207751e-14 2.882162e-13 3.659303e-12 4.029597e-12 fanout189
 8.164133e-14 2.820071e-13 3.659303e-12 4.022952e-12 fanout148
 8.155968e-14 2.777017e-13 3.659303e-12 4.018565e-12 max_cap85
 8.146089e-14 2.708267e-13 3.659303e-12 4.011591e-12 fanout116
 8.116135e-14 2.593257e-13 3.659303e-12 3.999791e-12 fanout152
 8.145841e-14 2.580106e-13 3.659303e-12 3.998772e-12 max_cap82
 8.153689e-14 1.950540e-13 3.659303e-12 3.935894e-12 max_cap83
 8.145772e-14 1.950927e-13 3.659303e-12 3.935854e-12 max_cap65
 8.174196e-14 1.864983e-13 3.659303e-12 3.927544e-12 max_cap70
 3.241076e-12 0.000000e+00 6.402289e-13 3.881305e-12 clkload255
 3.208031e-12 0.000000e+00 6.402289e-13 3.848259e-12 clkload221
 3.205140e-12 0.000000e+00 6.402289e-13 3.845368e-12 clkload138
 3.203743e-12 0.000000e+00 6.402289e-13 3.843972e-12 clkload205
 3.185576e-12 0.000000e+00 6.402289e-13 3.825805e-12 clkload233
 3.174598e-12 0.000000e+00 6.402289e-13 3.814827e-12 clkload230
 3.173337e-12 0.000000e+00 6.402289e-13 3.813566e-12 clkload250
 3.164688e-12 0.000000e+00 6.402289e-13 3.804917e-12 clkload252
 3.161418e-12 0.000000e+00 6.402289e-13 3.801646e-12 clkload150
 3.161013e-12 0.000000e+00 6.402289e-13 3.801242e-12 clkload147
 3.160243e-12 0.000000e+00 6.402289e-13 3.800472e-12 clkload244
 3.159174e-12 0.000000e+00 6.402289e-13 3.799403e-12 clkload118
 3.159000e-12 0.000000e+00 6.402289e-13 3.799229e-12 clkload162
 3.158155e-12 0.000000e+00 6.402289e-13 3.798384e-12 clkload185
 3.157396e-12 0.000000e+00 6.402289e-13 3.797625e-12 clkload155
 3.157238e-12 0.000000e+00 6.402289e-13 3.797467e-12 clkload225
 3.156889e-12 0.000000e+00 6.402289e-13 3.797118e-12 clkload187
 3.154102e-12 0.000000e+00 6.402289e-13 3.794331e-12 clkload208
 3.147728e-12 0.000000e+00 6.402289e-13 3.787956e-12 clkload171
 3.146362e-12 0.000000e+00 6.402289e-13 3.786591e-12 clkload188
 3.144427e-12 0.000000e+00 6.402289e-13 3.784656e-12 clkload184
 3.142401e-12 0.000000e+00 6.402289e-13 3.782630e-12 clkload178
 3.137834e-12 0.000000e+00 6.402289e-13 3.778063e-12 clkload195
 3.131884e-12 0.000000e+00 6.402289e-13 3.772113e-12 clkload125
 3.128826e-12 0.000000e+00 6.402289e-13 3.769055e-12 clkload129
 3.124500e-12 0.000000e+00 6.402207e-13 3.764721e-12 clkload74
 3.118148e-12 0.000000e+00 6.402207e-13 3.758369e-12 clkload73
 3.117710e-12 0.000000e+00 6.402207e-13 3.757931e-12 clkload87
 3.089014e-12 0.000000e+00 6.402207e-13 3.729234e-12 clkload44
 3.088839e-12 0.000000e+00 6.402207e-13 3.729060e-12 clkload39
 3.073549e-12 0.000000e+00 6.402289e-13 3.713778e-12 clkload108
 3.068918e-12 0.000000e+00 6.402207e-13 3.709139e-12 clkload26
 3.062747e-12 0.000000e+00 6.402207e-13 3.702968e-12 clkload42
 3.052343e-12 0.000000e+00 6.402207e-13 3.692564e-12 clkload25
 3.046072e-12 0.000000e+00 6.402207e-13 3.686293e-12 clkload27
 3.045946e-12 0.000000e+00 6.402207e-13 3.686167e-12 clkload99
 3.040732e-12 0.000000e+00 6.402207e-13 3.680953e-12 clkload21
 3.023146e-12 0.000000e+00 6.402207e-13 3.663367e-12 clkload32
 3.271864e-20 1.050882e-19 3.659349e-12 3.659349e-12 fanout1016
 3.272643e-20 1.091495e-19 3.659349e-12 3.659349e-12 fanout1017
 3.273334e-20 1.127626e-19 3.659349e-12 3.659349e-12 fanout1018
 3.275625e-20 1.369982e-19 3.659349e-12 3.659349e-12 fanout1020
 3.260001e-20 1.100461e-19 3.659349e-12 3.659349e-12 fanout1022
 3.261183e-20 1.269447e-19 3.659349e-12 3.659349e-12 fanout1023
 3.274694e-20 1.241592e-19 3.659349e-12 3.659349e-12 fanout1025
 3.274519e-20 1.389577e-19 3.659349e-12 3.659349e-12 fanout1026
 3.287367e-20 1.427760e-19 3.659349e-12 3.659349e-12 fanout1027
 3.273854e-20 1.198268e-19 3.659349e-12 3.659349e-12 fanout1028
 3.254874e-20 1.441942e-19 3.659349e-12 3.659349e-12 fanout1030
 3.278418e-20 1.185973e-19 3.659349e-12 3.659349e-12 fanout1035
 3.254930e-20 1.289792e-19 3.659349e-12 3.659349e-12 fanout1036
 3.255489e-20 1.361968e-19 3.659349e-12 3.659349e-12 fanout1038
 3.242634e-20 1.338038e-19 3.659349e-12 3.659349e-12 fanout1050
 3.236245e-20 1.674146e-19 3.659349e-12 3.659349e-12 fanout1057
 3.226675e-20 1.825707e-19 3.659349e-12 3.659349e-12 fanout1065
 3.013414e-12 0.000000e+00 6.402207e-13 3.653635e-12 clkload66
 2.985280e-12 0.000000e+00 6.402207e-13 3.625500e-12 clkload14
 2.689164e-12 0.000000e+00 2.365397e-13 2.925704e-12 clkload2
 2.688266e-12 0.000000e+00 2.365397e-13 2.924806e-12 clkload4
 4.456725e-13 6.052170e-13 1.181000e-12 2.231889e-12 max_cap287
 1.490054e-13 5.321669e-13 1.181000e-12 1.862172e-12 fanout764
 1.490591e-13 5.122146e-13 1.181000e-12 1.842274e-12 fanout856
 2.477965e-13 3.926593e-13 1.181000e-12 1.821456e-12 max_cap298
 1.486335e-13 4.249925e-13 1.181000e-12 1.754626e-12 fanout890
 1.487757e-13 2.383716e-13 1.181000e-12 1.568147e-12 max_cap301
 4.952883e-14 6.819092e-14 1.181000e-12 1.298720e-12 max_cap290
 4.927128e-14 4.948354e-14 1.181000e-12 1.279755e-12 wire185
 4.915214e-14 4.765411e-14 1.181000e-12 1.277806e-12 _28800_
 4.903100e-14 3.509116e-14 1.181000e-12 1.265122e-12 _28784_
 4.900676e-14 3.380951e-14 1.181000e-12 1.263816e-12 _28797_
 4.876931e-14 3.163895e-14 1.181000e-12 1.261408e-12 _28789_
 4.873429e-14 3.077920e-14 1.181000e-12 1.260513e-12 _28792_
 4.879375e-14 2.821368e-14 1.181000e-12 1.258007e-12 _28795_
 4.860850e-14 2.769254e-14 1.181000e-12 1.257301e-12 _28791_
 4.874440e-14 2.591381e-14 1.181000e-12 1.255658e-12 _28794_
 4.866006e-14 2.544059e-14 1.181000e-12 1.255101e-12 _28802_
 4.867752e-14 2.457737e-14 1.181000e-12 1.254255e-12 _28801_
 4.858989e-14 2.398431e-14 1.181000e-12 1.253574e-12 _28796_
 4.856508e-14 2.329642e-14 1.181000e-12 1.252861e-12 _28787_
 4.840243e-14 2.313722e-14 1.181000e-12 1.252540e-12 _28785_
 4.851730e-14 2.247754e-14 1.181000e-12 1.251995e-12 _28799_
 4.852475e-14 2.246409e-14 1.181000e-12 1.251989e-12 _28793_
 4.852224e-14 2.241245e-14 1.181000e-12 1.251935e-12 _28786_
 4.850583e-14 2.207371e-14 1.181000e-12 1.251579e-12 _28788_
 4.849035e-14 2.191841e-14 1.181000e-12 1.251409e-12 _28803_
 4.843873e-14 2.084700e-14 1.181000e-12 1.250286e-12 _28798_
 4.828802e-14 2.078904e-14 1.181000e-12 1.250077e-12 _28790_
 8.644075e-20 7.753464e-20 1.181000e-12 1.181000e-12 input5
 1.988137e-20 7.388854e-20 1.181000e-12 1.181000e-12 fanout1019
 4.320100e-20 3.769500e-20 1.181000e-12 1.181000e-12 input1
 6.483188e-20 5.098322e-20 1.181000e-12 1.181000e-12 input2
 6.488811e-20 8.751171e-20 1.181000e-12 1.181000e-12 input3
 8.619844e-20 4.822205e-20 1.181000e-12 1.181000e-12 input4
 4.318253e-20 7.818902e-20 1.181000e-12 1.181000e-12 input10
 4.323649e-20 4.717112e-20 1.181000e-12 1.181000e-12 input6
 2.161520e-20 1.958253e-20 1.181000e-12 1.181000e-12 input7
