     Internal    Switching      Leakage        Total
        Power        Power        Power        Power (Watts)
----------------------------------------------------
 8.709687e-07 3.145296e-07 1.232310e-11 1.185511e-06 clkbuf_0_clk
 8.518496e-07 2.176474e-07 1.232310e-11 1.069509e-06 clkbuf_1_1__f_clk
 8.378271e-07 8.576841e-08 1.232310e-11 9.236078e-07 clkbuf_1_0__f_clk
 1.360633e-07 5.662965e-09 9.132302e-12 1.417354e-07 u_icg
 2.681147e-08 0.000000e+00 1.567550e-12 2.681303e-08 clkload0
 2.047846e-09 1.035253e-08 1.048294e-11 1.241086e-08 clkbuf_4_12__f_core_clk
 1.033685e-09 1.097691e-08 6.866427e-12 1.201746e-08 clkbuf_leaf_166_core_clk
 2.048710e-09 8.070713e-09 1.048294e-11 1.012991e-08 clkbuf_4_9__f_core_clk
 2.048507e-09 8.006195e-09 1.048294e-11 1.006519e-08 clkbuf_4_8__f_core_clk
 2.038947e-09 6.619735e-09 1.048294e-11 8.669166e-09 clkbuf_4_15__f_core_clk
 2.019635e-09 6.581828e-09 1.048294e-11 8.611946e-09 clkbuf_0_core_clk
 2.033885e-09 5.616635e-09 1.048294e-11 7.661002e-09 clkbuf_4_5__f_core_clk
 2.043497e-09 5.525672e-09 1.048294e-11 7.579652e-09 clkbuf_4_11__f_core_clk
 2.042165e-09 5.301025e-09 1.048294e-11 7.353672e-09 clkbuf_4_0__f_core_clk
 2.042917e-09 5.269631e-09 1.048294e-11 7.323030e-09 clkbuf_4_10__f_core_clk
 2.032294e-09 5.242677e-09 1.048294e-11 7.285454e-09 clkbuf_4_6__f_core_clk
 2.035834e-09 5.190385e-09 1.048294e-11 7.236702e-09 clkbuf_4_14__f_core_clk
 2.032226e-09 5.167067e-09 1.048294e-11 7.209776e-09 clkbuf_4_7__f_core_clk
 2.032166e-09 5.028291e-09 1.048294e-11 7.070939e-09 clkbuf_4_4__f_core_clk
 2.041360e-09 4.911313e-09 1.048294e-11 6.963155e-09 clkbuf_4_1__f_core_clk
 2.034735e-09 4.771401e-09 1.048294e-11 6.816620e-09 clkbuf_4_13__f_core_clk
 1.030974e-09 5.697411e-09 6.866420e-12 6.735251e-09 clkbuf_2_1_0_core_clk
 2.040491e-09 4.609294e-09 1.048294e-11 6.660268e-09 clkbuf_4_2__f_core_clk
 1.031252e-09 5.256597e-09 6.866420e-12 6.294715e-09 clkbuf_2_3_0_core_clk
 2.039370e-09 4.228498e-09 1.048294e-11 6.278351e-09 clkbuf_4_3__f_core_clk
 1.028892e-09 4.876131e-09 6.866420e-12 5.911890e-09 clkbuf_2_0_0_core_clk
 1.030536e-09 4.813884e-09 6.866420e-12 5.851287e-09 clkbuf_2_2_0_core_clk
 1.031742e-09 2.611343e-09 6.866427e-12 3.649952e-09 clkbuf_leaf_172_core_clk
 1.029734e-09 2.526511e-09 6.866427e-12 3.563111e-09 clkbuf_leaf_168_core_clk
 5.733035e-10 2.960331e-09 7.513428e-12 3.541148e-09 fanout125
 1.028744e-09 2.489800e-09 6.866427e-12 3.525411e-09 clkbuf_leaf_169_core_clk
 5.270442e-10 2.981051e-09 7.513430e-12 3.515609e-09 fanout117
 1.026462e-09 2.403151e-09 6.866427e-12 3.436479e-09 clkbuf_leaf_171_core_clk
 1.025495e-09 2.371094e-09 6.866427e-12 3.403455e-09 clkbuf_leaf_173_core_clk
 1.024821e-09 2.325626e-09 6.866427e-12 3.357313e-09 clkbuf_leaf_152_core_clk
 1.016771e-09 2.288910e-09 6.866427e-12 3.312548e-09 clkbuf_leaf_38_core_clk
 4.654708e-10 2.763778e-09 7.513428e-12 3.236762e-09 fanout119
 1.019523e-09 2.128851e-09 6.866427e-12 3.155241e-09 clkbuf_leaf_167_core_clk
 1.019198e-09 2.112683e-09 6.866427e-12 3.138748e-09 clkbuf_leaf_165_core_clk
 1.011293e-09 2.070314e-09 6.866427e-12 3.088474e-09 clkbuf_leaf_36_core_clk
 1.016545e-09 2.000207e-09 6.866427e-12 3.023619e-09 clkbuf_leaf_151_core_clk
 1.016331e-09 1.994781e-09 6.866427e-12 3.017979e-09 clkbuf_leaf_150_core_clk
 1.015665e-09 1.990252e-09 6.866427e-12 3.012784e-09 clkbuf_leaf_174_core_clk
 1.015730e-09 1.985747e-09 6.866427e-12 3.008344e-09 clkbuf_leaf_170_core_clk
 4.269067e-10 2.562677e-09 7.513676e-12 2.997098e-09 fanout388
 1.015784e-09 1.969955e-09 6.866427e-12 2.992606e-09 clkbuf_leaf_141_core_clk
 1.007602e-09 1.974704e-09 6.866427e-12 2.989173e-09 clkbuf_leaf_25_core_clk
 1.007476e-09 1.967701e-09 6.866427e-12 2.982044e-09 clkbuf_leaf_23_core_clk
 1.014227e-09 1.920763e-09 6.866427e-12 2.941856e-09 clkbuf_leaf_164_core_clk
 1.591026e-10 2.772786e-09 6.866243e-12 2.938755e-09 fanout1306
 4.732050e-10 2.438991e-09 7.513429e-12 2.919709e-09 fanout115
 1.013637e-09 1.895304e-09 6.866427e-12 2.915807e-09 clkbuf_leaf_154_core_clk
 1.013988e-09 1.888186e-09 6.866427e-12 2.909040e-09 clkbuf_leaf_43_core_clk
 4.567912e-10 2.429053e-09 7.513676e-12 2.893358e-09 fanout386
 1.011608e-09 1.874028e-09 6.866427e-12 2.892503e-09 clkbuf_leaf_95_core_clk
 1.006176e-09 1.875977e-09 6.866427e-12 2.889020e-09 clkbuf_leaf_34_core_clk
 1.009965e-09 1.872101e-09 6.866427e-12 2.888932e-09 clkbuf_leaf_120_core_clk
 1.006097e-09 1.873089e-09 6.866427e-12 2.886053e-09 clkbuf_leaf_37_core_clk
 1.015030e-09 1.859516e-09 6.866427e-12 2.881412e-09 clkbuf_leaf_21_core_clk
 1.005553e-09 1.862293e-09 6.866427e-12 2.874712e-09 clkbuf_leaf_31_core_clk
 1.012853e-09 1.844015e-09 6.866427e-12 2.863735e-09 clkbuf_leaf_42_core_clk
 1.004625e-09 1.837623e-09 6.866427e-12 2.849115e-09 clkbuf_leaf_29_core_clk
 1.011992e-09 1.828634e-09 6.866427e-12 2.847492e-09 clkbuf_leaf_149_core_clk
 1.005013e-09 1.831086e-09 6.866427e-12 2.842965e-09 clkbuf_leaf_26_core_clk
 1.011784e-09 1.821865e-09 6.866427e-12 2.840516e-09 clkbuf_leaf_153_core_clk
 9.947789e-10 1.819972e-09 6.866427e-12 2.821617e-09 clkbuf_leaf_19_core_clk
 1.011483e-09 1.792467e-09 6.866427e-12 2.810817e-09 clkbuf_leaf_41_core_clk
 1.011360e-09 1.787504e-09 6.866427e-12 2.805731e-09 clkbuf_leaf_39_core_clk
 1.008330e-09 1.789754e-09 6.866427e-12 2.804951e-09 clkbuf_leaf_94_core_clk
 1.012521e-09 1.762921e-09 6.866427e-12 2.782309e-09 clkbuf_leaf_14_core_clk
 1.012224e-09 1.752498e-09 6.866427e-12 2.771589e-09 clkbuf_leaf_16_core_clk
 1.010011e-09 1.752758e-09 6.866427e-12 2.769635e-09 clkbuf_leaf_145_core_clk
 1.012336e-09 1.747478e-09 6.866427e-12 2.766680e-09 clkbuf_leaf_158_core_clk
 9.998311e-10 1.756165e-09 6.866427e-12 2.762863e-09 clkbuf_leaf_81_core_clk
 1.008830e-09 1.745534e-09 6.866427e-12 2.761230e-09 clkbuf_leaf_65_core_clk
 1.009619e-09 1.737980e-09 6.866427e-12 2.754465e-09 clkbuf_leaf_148_core_clk
 1.003118e-09 1.742179e-09 6.866427e-12 2.752164e-09 clkbuf_leaf_35_core_clk
 9.935994e-10 1.749285e-09 6.866427e-12 2.749751e-09 clkbuf_leaf_47_core_clk
 1.011056e-09 1.711634e-09 6.866427e-12 2.729557e-09 clkbuf_leaf_12_core_clk
 1.002387e-09 1.719783e-09 6.866427e-12 2.729036e-09 clkbuf_leaf_27_core_clk
 9.992368e-10 1.722086e-09 6.866427e-12 2.728189e-09 clkbuf_leaf_82_core_clk
 1.002069e-09 1.711301e-09 6.866427e-12 2.720236e-09 clkbuf_leaf_32_core_clk
 1.009124e-09 1.701194e-09 6.866427e-12 2.717184e-09 clkbuf_leaf_133_core_clk
 1.008393e-09 1.690798e-09 6.866427e-12 2.706057e-09 clkbuf_leaf_147_core_clk
 9.927408e-10 1.704024e-09 6.866427e-12 2.703632e-09 clkbuf_leaf_48_core_clk
 1.008601e-09 1.685247e-09 6.866427e-12 2.700715e-09 clkbuf_leaf_53_core_clk
 1.012351e-09 1.679933e-09 6.866427e-12 2.699151e-09 clkbuf_leaf_130_core_clk
 1.010021e-09 1.667799e-09 6.866427e-12 2.684687e-09 clkbuf_leaf_15_core_clk
 1.009579e-09 1.658035e-09 6.866427e-12 2.674481e-09 clkbuf_leaf_10_core_clk
 9.921872e-10 1.673206e-09 6.866427e-12 2.672260e-09 clkbuf_leaf_50_core_clk
 1.007615e-09 1.654917e-09 6.866427e-12 2.669398e-09 clkbuf_leaf_77_core_clk
 9.979448e-10 1.664380e-09 6.866427e-12 2.669192e-09 clkbuf_leaf_83_core_clk
 1.009482e-09 1.650431e-09 6.866427e-12 2.666780e-09 clkbuf_leaf_22_core_clk
 1.005812e-09 1.648254e-09 6.866427e-12 2.660932e-09 clkbuf_leaf_105_core_clk
 1.007601e-09 1.642583e-09 6.866427e-12 2.657051e-09 clkbuf_leaf_45_core_clk
 9.917758e-10 1.656271e-09 6.866427e-12 2.654914e-09 clkbuf_leaf_18_core_clk
 1.009168e-09 1.637938e-09 6.866427e-12 2.653973e-09 clkbuf_leaf_13_core_clk
 1.000203e-09 1.645004e-09 6.866427e-12 2.652074e-09 clkbuf_leaf_30_core_clk
 1.007451e-09 1.636389e-09 6.866427e-12 2.650707e-09 clkbuf_leaf_135_core_clk
 1.008640e-09 1.623090e-09 6.866427e-12 2.638596e-09 clkbuf_leaf_9_core_clk
 1.006303e-09 1.612683e-09 6.866427e-12 2.625853e-09 clkbuf_leaf_156_core_clk
 1.007038e-09 1.610829e-09 6.866427e-12 2.624734e-09 clkbuf_leaf_121_core_clk
 1.004640e-09 1.601660e-09 6.866427e-12 2.613166e-09 clkbuf_leaf_107_core_clk
 1.007822e-09 1.590925e-09 6.866427e-12 2.605614e-09 clkbuf_leaf_11_core_clk
 1.006131e-09 1.585268e-09 6.866427e-12 2.598265e-09 clkbuf_leaf_136_core_clk
 1.005868e-09 1.583346e-09 6.866427e-12 2.596081e-09 clkbuf_leaf_142_core_clk
 9.961927e-10 1.586638e-09 6.866427e-12 2.589697e-09 clkbuf_leaf_79_core_clk
 1.004425e-09 1.573987e-09 6.866427e-12 2.585279e-09 clkbuf_leaf_64_core_clk
 1.005563e-09 1.562327e-09 6.866427e-12 2.574756e-09 clkbuf_leaf_46_core_clk
 9.981826e-10 1.567422e-09 6.866427e-12 2.572472e-09 clkbuf_leaf_24_core_clk
 1.003485e-09 1.555077e-09 6.866427e-12 2.565429e-09 clkbuf_leaf_106_core_clk
 1.008473e-09 1.535240e-09 6.866427e-12 2.550580e-09 clkbuf_leaf_123_core_clk
 9.953164e-10 1.546963e-09 6.866427e-12 2.549146e-09 clkbuf_leaf_84_core_clk
 1.003406e-09 1.537099e-09 6.866427e-12 2.547372e-09 clkbuf_leaf_69_core_clk
 1.004800e-09 1.533855e-09 6.866427e-12 2.545521e-09 clkbuf_leaf_44_core_clk
 3.696078e-10 2.163921e-09 7.513726e-12 2.541042e-09 fanout324
 1.004343e-09 1.529320e-09 6.866427e-12 2.540530e-09 clkbuf_leaf_99_core_clk
 1.001549e-09 1.531404e-09 6.866427e-12 2.539819e-09 clkbuf_leaf_90_core_clk
 1.004297e-09 1.519235e-09 6.866427e-12 2.530398e-09 clkbuf_leaf_52_core_clk
 1.002211e-09 1.519826e-09 6.866427e-12 2.528904e-09 clkbuf_leaf_102_core_clk
 1.007596e-09 1.504161e-09 6.866427e-12 2.518624e-09 clkbuf_leaf_122_core_clk
 1.003511e-09 1.500433e-09 6.866427e-12 2.510810e-09 clkbuf_leaf_73_core_clk
 3.749767e-10 2.127482e-09 7.513675e-12 2.509973e-09 fanout392
 1.002377e-09 1.496410e-09 6.866427e-12 2.505653e-09 clkbuf_leaf_67_core_clk
 1.002265e-09 1.492475e-09 6.866427e-12 2.501606e-09 clkbuf_leaf_66_core_clk
 9.963399e-10 1.485448e-09 6.866427e-12 2.488654e-09 clkbuf_leaf_28_core_clk
 1.006758e-09 1.473052e-09 6.866427e-12 2.486677e-09 clkbuf_leaf_129_core_clk
 1.002901e-09 1.476233e-09 6.866427e-12 2.486001e-09 clkbuf_leaf_71_core_clk
 1.000748e-09 1.478149e-09 6.866427e-12 2.485764e-09 clkbuf_leaf_96_core_clk
 1.000001e-09 1.473026e-09 6.866427e-12 2.479893e-09 clkbuf_leaf_89_core_clk
 1.002804e-09 1.469659e-09 6.866427e-12 2.479330e-09 clkbuf_leaf_101_core_clk
 1.002955e-09 1.465848e-09 6.866427e-12 2.475670e-09 clkbuf_leaf_138_core_clk
 9.935985e-10 1.470905e-09 6.866427e-12 2.471370e-09 clkbuf_leaf_97_core_clk
 9.934168e-10 1.469448e-09 6.866427e-12 2.469731e-09 clkbuf_leaf_87_core_clk
 1.002704e-09 1.459328e-09 6.866427e-12 2.468898e-09 clkbuf_leaf_143_core_clk
 9.932770e-10 1.463471e-09 6.866427e-12 2.463615e-09 clkbuf_leaf_86_core_clk
 1.002230e-09 1.453213e-09 6.866427e-12 2.462309e-09 clkbuf_leaf_155_core_clk
 9.996434e-10 1.451595e-09 6.866427e-12 2.458104e-09 clkbuf_leaf_91_core_clk
 1.002632e-09 1.440633e-09 6.866427e-12 2.450132e-09 clkbuf_leaf_118_core_clk
 1.001862e-09 1.435358e-09 6.866427e-12 2.444087e-09 clkbuf_leaf_80_core_clk
 1.002560e-09 1.433123e-09 6.866427e-12 2.442550e-09 clkbuf_leaf_115_core_clk
 1.000853e-09 1.432813e-09 6.866427e-12 2.440532e-09 clkbuf_leaf_59_core_clk
 1.002012e-09 1.430447e-09 6.866427e-12 2.439326e-09 clkbuf_leaf_137_core_clk
 1.000061e-09 1.428469e-09 6.866427e-12 2.435396e-09 clkbuf_leaf_104_core_clk
 1.000510e-09 1.424107e-09 6.866427e-12 2.431484e-09 clkbuf_leaf_70_core_clk
 9.926739e-10 1.429365e-09 6.866427e-12 2.428905e-09 clkbuf_leaf_93_core_clk
 1.003315e-09 1.416151e-09 6.866427e-12 2.426333e-09 clkbuf_leaf_17_core_clk
 1.002254e-09 1.415897e-09 6.866427e-12 2.425017e-09 clkbuf_leaf_110_core_clk
 1.003446e-09 1.411503e-09 6.866427e-12 2.421816e-09 clkbuf_leaf_157_core_clk
 1.001252e-09 1.409260e-09 6.866427e-12 2.417378e-09 clkbuf_leaf_100_core_clk
 1.004879e-09 1.403877e-09 6.866427e-12 2.415622e-09 clkbuf_leaf_131_core_clk
 1.003104e-09 1.400754e-09 6.866427e-12 2.410725e-09 clkbuf_leaf_159_core_clk
 9.991952e-10 1.401532e-09 6.866427e-12 2.407593e-09 clkbuf_leaf_103_core_clk
 1.003276e-09 1.395020e-09 6.866427e-12 2.405162e-09 clkbuf_leaf_163_core_clk
 1.001165e-09 1.395195e-09 6.866427e-12 2.403227e-09 clkbuf_leaf_134_core_clk
 9.920854e-10 1.403641e-09 6.866427e-12 2.402593e-09 clkbuf_leaf_98_core_clk
 1.004584e-09 1.390501e-09 6.866427e-12 2.401951e-09 clkbuf_leaf_125_core_clk
 1.004569e-09 1.390283e-09 6.866427e-12 2.401719e-09 clkbuf_leaf_127_core_clk
 9.919143e-10 1.402320e-09 6.866427e-12 2.401101e-09 clkbuf_leaf_56_core_clk
 1.000869e-09 1.383898e-09 6.866427e-12 2.391633e-09 clkbuf_leaf_132_core_clk
 1.000387e-09 1.377138e-09 6.866427e-12 2.384392e-09 clkbuf_leaf_74_core_clk
 1.003988e-09 1.370024e-09 6.866427e-12 2.380879e-09 clkbuf_leaf_126_core_clk
 9.915980e-10 1.380771e-09 6.866427e-12 2.379235e-09 clkbuf_leaf_92_core_clk
 1.000209e-09 1.369393e-09 6.866427e-12 2.376469e-09 clkbuf_leaf_75_core_clk
 1.000365e-09 1.365429e-09 6.866427e-12 2.372661e-09 clkbuf_leaf_49_core_clk
 1.003760e-09 1.360979e-09 6.866427e-12 2.371606e-09 clkbuf_leaf_128_core_clk
 1.000037e-09 1.361814e-09 6.866427e-12 2.368717e-09 clkbuf_leaf_76_core_clk
 1.000510e-09 1.356393e-09 6.866427e-12 2.363770e-09 clkbuf_leaf_116_core_clk
 9.997951e-10 1.350126e-09 6.866427e-12 2.356788e-09 clkbuf_leaf_146_core_clk
 9.908699e-10 1.355748e-09 6.866427e-12 2.353484e-09 clkbuf_leaf_54_core_clk
 1.001877e-09 1.341882e-09 6.866427e-12 2.350626e-09 clkbuf_leaf_161_core_clk
 9.985037e-10 1.342474e-09 6.866427e-12 2.347844e-09 clkbuf_leaf_68_core_clk
 9.995367e-10 1.332465e-09 6.866427e-12 2.338868e-09 clkbuf_leaf_40_core_clk
 9.929397e-10 1.327864e-09 6.866427e-12 2.327671e-09 clkbuf_leaf_33_core_clk
 9.996911e-10 1.316393e-09 6.866427e-12 2.322951e-09 clkbuf_leaf_112_core_clk
 9.987133e-10 1.306912e-09 6.866427e-12 2.312492e-09 clkbuf_leaf_144_core_clk
 9.848303e-10 1.306722e-09 6.866427e-12 2.298419e-09 clkbuf_leaf_20_core_clk
 9.972430e-10 1.292426e-09 6.866427e-12 2.296535e-09 clkbuf_leaf_58_core_clk
 9.989712e-10 1.290524e-09 6.866427e-12 2.296362e-09 clkbuf_leaf_109_core_clk
 9.986926e-10 1.280160e-09 6.866427e-12 2.285720e-09 clkbuf_leaf_108_core_clk
 9.983623e-10 1.275338e-09 6.866427e-12 2.280566e-09 clkbuf_leaf_117_core_clk
 9.967405e-10 1.273574e-09 6.866427e-12 2.277181e-09 clkbuf_leaf_61_core_clk
 9.889791e-10 1.270970e-09 6.866427e-12 2.266816e-09 clkbuf_leaf_55_core_clk
 9.994373e-10 1.250786e-09 6.866427e-12 2.257090e-09 clkbuf_leaf_162_core_clk
 9.961290e-10 1.249201e-09 6.866427e-12 2.252196e-09 clkbuf_leaf_57_core_clk
 9.978273e-10 1.247272e-09 6.866427e-12 2.251966e-09 clkbuf_leaf_119_core_clk
 9.977449e-10 1.243431e-09 6.866427e-12 2.248042e-09 clkbuf_leaf_111_core_clk
 9.959276e-10 1.242106e-09 6.866427e-12 2.244900e-09 clkbuf_leaf_60_core_clk
 9.970991e-10 1.238446e-09 6.866427e-12 2.242412e-09 clkbuf_leaf_140_core_clk
 9.834793e-10 1.240060e-09 6.866427e-12 2.230406e-09 clkbuf_leaf_8_core_clk
 9.834323e-10 1.227116e-09 6.866427e-12 2.217415e-09 clkbuf_leaf_51_core_clk
 9.968057e-10 1.206738e-09 6.866427e-12 2.210411e-09 clkbuf_leaf_113_core_clk
 9.949820e-10 1.204536e-09 6.866427e-12 2.206385e-09 clkbuf_leaf_63_core_clk
 9.961399e-10 1.200276e-09 6.866427e-12 2.203283e-09 clkbuf_leaf_139_core_clk
 9.979775e-10 1.196799e-09 6.866427e-12 2.201643e-09 clkbuf_leaf_160_core_clk
 9.964970e-10 1.197499e-09 6.866427e-12 2.200863e-09 clkbuf_leaf_114_core_clk
 9.875182e-10 1.204094e-09 6.866427e-12 2.198479e-09 clkbuf_leaf_6_core_clk
 9.955280e-10 1.187976e-09 6.866427e-12 2.190370e-09 clkbuf_leaf_78_core_clk
 9.952560e-10 1.182118e-09 6.866427e-12 2.184240e-09 clkbuf_leaf_72_core_clk
 9.939967e-10 1.165518e-09 6.866427e-12 2.166381e-09 clkbuf_leaf_62_core_clk
 9.868187e-10 1.169671e-09 6.866427e-12 2.163356e-09 clkbuf_leaf_85_core_clk
 3.340781e-10 1.820648e-09 7.513675e-12 2.162240e-09 fanout400
 9.956408e-10 1.159425e-09 6.866427e-12 2.161932e-09 clkbuf_leaf_0_core_clk
 9.864857e-10 1.168042e-09 6.866427e-12 2.161394e-09 clkbuf_leaf_7_core_clk
 9.861464e-10 1.144398e-09 6.866427e-12 2.137411e-09 clkbuf_leaf_88_core_clk
 2.833862e-10 1.832107e-09 7.513507e-12 2.123007e-09 fanout1239
 2.833919e-10 1.821511e-09 7.513507e-12 2.112417e-09 fanout1233
 3.888493e-10 1.680789e-09 4.875623e-12 2.074514e-09 fanout306
 9.913423e-10 9.981976e-10 6.866427e-12 1.996407e-09 clkbuf_leaf_1_core_clk
 2.962160e-10 1.676334e-09 4.875712e-12 1.977426e-09 fanout414
 9.905738e-10 9.703910e-10 6.866427e-12 1.967831e-09 clkbuf_leaf_3_core_clk
 3.126737e-10 1.648743e-09 4.325731e-12 1.965742e-09 fanout410
 9.928028e-10 9.577013e-10 6.866427e-12 1.957371e-09 clkbuf_leaf_124_core_clk
 9.900749e-10 9.520336e-10 6.866427e-12 1.948975e-09 clkbuf_leaf_4_core_clk
 9.898299e-10 9.413977e-10 6.866427e-12 1.938094e-09 clkbuf_leaf_2_core_clk
 9.888887e-10 9.077824e-10 6.866427e-12 1.903538e-09 clkbuf_leaf_5_core_clk
 2.888337e-10 1.556765e-09 7.513506e-12 1.853112e-09 fanout1235
 3.319835e-10 1.510908e-09 4.875953e-12 1.847767e-09 fanout312
 2.838368e-10 1.520078e-09 7.513507e-12 1.811428e-09 fanout1236
 2.799934e-10 1.508129e-09 4.875810e-12 1.792999e-09 fanout412
 3.158022e-10 1.467002e-09 4.875916e-12 1.787680e-09 fanout310
 2.852549e-10 1.489346e-09 4.875976e-12 1.779477e-09 fanout314
 3.341620e-10 1.409642e-09 4.325615e-12 1.748130e-09 fanout366
 2.059789e-10 1.495118e-09 4.875828e-12 1.705973e-09 fanout282
 3.116929e-10 1.378589e-09 4.326093e-12 1.694608e-09 fanout344
 2.649077e-10 1.403378e-09 4.325753e-12 1.672611e-09 fanout348
 2.899470e-10 1.367102e-09 4.326082e-12 1.661375e-09 fanout346
 2.848157e-10 1.368364e-09 4.875389e-12 1.658055e-09 fanout420
 2.870481e-10 1.356195e-09 7.513506e-12 1.650757e-09 fanout1238
 3.126336e-10 1.330825e-09 4.875563e-12 1.648334e-09 fanout342
 2.494594e-10 1.388841e-09 4.325902e-12 1.642626e-09 fanout362
 9.853424e-11 1.530392e-09 7.514089e-12 1.636441e-09 fanout446
 2.717645e-10 1.359547e-09 4.326040e-12 1.635638e-09 fanout350
 2.729524e-10 1.352040e-09 4.875871e-12 1.629869e-09 fanout340
 2.560886e-10 1.365227e-09 4.325643e-12 1.625641e-09 fanout408
 2.609030e-10 1.357048e-09 4.325770e-12 1.622277e-09 fanout300
 1.967384e-10 1.420451e-09 4.875827e-12 1.622065e-09 fanout286
 2.632821e-10 1.341835e-09 4.325814e-12 1.609443e-09 fanout338
 2.635893e-10 1.304831e-09 4.325653e-12 1.572746e-09 fanout368
 2.241706e-10 1.343905e-09 4.325517e-12 1.572401e-09 fanout320
 2.926973e-10 1.273713e-09 4.326154e-12 1.570737e-09 fanout127
 2.780208e-10 1.270495e-09 4.875673e-12 1.553391e-09 fanout416
 2.428037e-10 1.303500e-09 4.325853e-12 1.550630e-09 fanout422
 2.241603e-10 1.306990e-09 4.875948e-12 1.536026e-09 fanout402
 3.315814e-10 1.193101e-09 4.875574e-12 1.529558e-09 fanout131
 2.894732e-10 1.213645e-09 4.325555e-12 1.507444e-09 fanout418
 3.109707e-10 1.179235e-09 4.875717e-12 1.495082e-09 fanout364
 2.708108e-10 1.195519e-09 4.875927e-12 1.471206e-09 fanout302
 2.769502e-10 1.152553e-09 4.875696e-12 1.434379e-09 fanout129
 2.589007e-10 1.116727e-09 4.325952e-12 1.379954e-09 fanout304
 2.064106e-10 1.158212e-09 4.325682e-12 1.368948e-09 fanout290
 1.438386e-10 1.204965e-09 4.325705e-12 1.353129e-09 fanout1303
 2.324822e-10 1.109203e-09 4.875699e-12 1.346561e-09 fanout352
 2.377988e-10 1.094262e-09 4.325737e-12 1.336386e-09 fanout316
 2.704595e-10 1.053735e-09 4.875997e-12 1.329071e-09 fanout336
 1.165165e-10 1.202411e-09 6.866301e-12 1.325794e-09 fanout1318
 1.897951e-10 1.128133e-09 4.325561e-12 1.322254e-09 fanout393
 2.027163e-10 1.078519e-09 4.875992e-12 1.286111e-09 fanout326
 1.441757e-10 1.136575e-09 4.325705e-12 1.285077e-09 fanout1287
 2.143201e-10 1.045790e-09 4.325683e-12 1.264436e-09 fanout288
 2.328514e-10 9.710583e-10 4.325682e-12 1.208235e-09 fanout296
 2.202846e-10 9.723138e-10 4.325680e-12 1.196924e-09 fanout318
 1.998433e-10 9.911886e-10 4.875948e-12 1.195908e-09 fanout394
 1.773933e-10 1.012165e-09 3.660902e-12 1.193219e-09 fanout345
 1.572199e-10 9.970118e-10 4.647122e-12 1.158879e-09 fanout413
 1.902007e-10 9.322535e-10 3.660044e-12 1.126114e-09 fanout367
 2.451792e-10 8.741935e-10 4.325769e-12 1.123698e-09 fanout121
 2.280007e-10 8.884516e-10 4.325682e-12 1.120778e-09 fanout292
 2.359238e-10 8.682228e-10 4.646786e-12 1.108793e-09 fanout307
 1.644696e-10 9.295191e-10 4.646955e-12 1.098636e-09 fanout365
 1.855693e-10 8.857219e-10 4.646697e-12 1.075938e-09 fanout132
 2.065261e-10 8.542331e-10 4.325561e-12 1.065085e-09 fanout398
 1.448578e-10 9.087035e-10 4.325703e-12 1.057887e-09 fanout1292
 1.432682e-10 8.958107e-10 6.865906e-12 1.045945e-09 fanout1340
 1.783160e-10 8.557960e-10 4.646679e-12 1.038759e-09 fanout343
 1.780125e-10 8.375051e-10 4.875992e-12 1.020394e-09 fanout111
 1.883488e-10 8.242069e-10 4.647378e-12 1.017203e-09 fanout313
 1.727744e-10 8.314994e-10 4.646946e-12 1.008921e-09 fanout415
 2.152580e-10 7.843005e-10 4.646727e-12 1.004205e-09 fanout134
 1.889411e-10 8.086018e-10 4.875991e-12 1.002419e-09 fanout328
 1.706498e-10 8.219881e-10 4.875992e-12 9.975138e-10 fanout332
 1.856475e-10 7.995898e-10 4.646659e-12 9.898840e-10 fanout309
 1.448348e-10 8.286833e-10 4.647368e-12 9.781654e-10 fanout403
 1.405044e-10 8.300119e-10 3.660561e-12 9.741769e-10 fanout363
 1.560351e-10 7.885734e-10 3.660806e-12 9.482694e-10 fanout351
 3.358135e-11 9.041458e-10 6.865751e-12 9.445928e-10 fanout689
 1.809333e-10 7.581363e-10 3.660253e-12 9.427299e-10 fanout411
 1.458409e-10 7.863401e-10 4.325703e-12 9.365067e-10 fanout1281
 1.453286e-10 7.828339e-10 4.325703e-12 9.324882e-10 fanout1302
 9.238574e-10 0.000000e+00 6.866427e-12 9.307238e-10 clkload24
 9.237772e-10 0.000000e+00 6.866427e-12 9.306436e-10 clkload23
 9.220166e-10 0.000000e+00 6.866427e-12 9.288831e-10 clkload102
 9.217692e-10 0.000000e+00 6.866427e-12 9.286357e-10 clkload90
 9.216756e-10 0.000000e+00 6.866427e-12 9.285421e-10 clkload37
 9.215969e-10 0.000000e+00 6.866427e-12 9.284634e-10 clkload118
 9.215634e-10 0.000000e+00 6.866427e-12 9.284298e-10 clkload32
 9.213008e-10 0.000000e+00 6.866427e-12 9.281673e-10 clkload117
 9.212042e-10 0.000000e+00 6.866427e-12 9.280706e-10 clkload85
 9.209137e-10 0.000000e+00 6.866427e-12 9.277801e-10 clkload86
 9.208264e-10 0.000000e+00 6.866427e-12 9.276929e-10 clkload131
 9.206700e-10 0.000000e+00 6.866427e-12 9.275365e-10 clkload135
 9.206269e-10 0.000000e+00 6.866427e-12 9.274934e-10 clkload133
 9.205151e-10 0.000000e+00 6.866427e-12 9.273815e-10 clkload139
 1.749776e-10 7.468435e-10 4.875992e-12 9.266971e-10 fanout354
 9.179417e-10 0.000000e+00 6.866427e-12 9.248081e-10 clkload3
 1.483023e-10 7.727408e-10 3.660401e-12 9.247035e-10 fanout339
 9.167878e-10 0.000000e+00 6.866427e-12 9.236543e-10 clkload4
 1.655830e-10 7.527031e-10 4.325539e-12 9.226115e-10 fanout406
 1.872926e-10 7.302656e-10 4.647311e-12 9.222055e-10 fanout311
 1.460362e-10 7.673185e-10 4.325703e-12 9.176804e-10 fanout1234
 1.459351e-10 7.636742e-10 4.325705e-12 9.139350e-10 fanout1231
 1.580895e-10 7.485726e-10 4.646916e-12 9.113091e-10 fanout130
 1.474612e-10 7.538168e-10 4.325703e-12 9.056037e-10 fanout1283
 1.456367e-10 7.517973e-10 4.325705e-12 9.017597e-10 fanout1248
 1.465694e-10 7.462507e-10 4.325703e-12 8.971459e-10 fanout1256
 1.794560e-10 7.125005e-10 4.325683e-12 8.962822e-10 fanout298
 1.764466e-10 7.146245e-10 4.875739e-12 8.959469e-10 fanout358
 1.740702e-10 7.134001e-10 4.646366e-12 8.921167e-10 fanout421
 1.470340e-10 7.372070e-10 4.325703e-12 8.885666e-10 fanout1251
 1.687882e-10 7.143248e-10 3.660883e-12 8.867739e-10 fanout347
 1.394093e-10 7.383988e-10 4.875948e-12 8.826840e-10 fanout404
 1.455235e-10 7.317357e-10 4.325703e-12 8.815849e-10 fanout1295
 1.460911e-10 7.250573e-10 4.325703e-12 8.754742e-10 fanout1278
 1.461363e-10 7.241343e-10 4.325703e-12 8.745963e-10 fanout1260
 1.457512e-10 7.230144e-10 4.325705e-12 8.730913e-10 fanout1273
 1.461202e-10 7.221181e-10 4.325703e-12 8.725640e-10 fanout1265
 1.468421e-10 7.197387e-10 4.325703e-12 8.709065e-10 fanout1301
 1.475958e-10 7.186895e-10 4.325705e-12 8.706110e-10 fanout1290
 1.516401e-10 7.104482e-10 4.647457e-12 8.667357e-10 fanout337
 1.471956e-10 7.122438e-10 4.325703e-12 8.637651e-10 fanout1264
 1.401784e-10 7.162221e-10 3.660322e-12 8.600608e-10 fanout116
 1.615059e-10 6.917356e-10 4.875948e-12 8.581174e-10 fanout278
 1.462126e-10 7.005935e-10 4.325703e-12 8.511319e-10 fanout1266
 1.543462e-10 6.907214e-10 4.647231e-12 8.497148e-10 fanout341
 1.458387e-10 6.984707e-10 4.325705e-12 8.486351e-10 fanout1258
 1.369218e-10 7.067920e-10 3.660470e-12 8.473743e-10 fanout423
 1.458634e-10 6.960082e-10 4.325705e-12 8.461973e-10 fanout1246
 4.128580e-11 7.960455e-10 7.513911e-12 8.448452e-10 fanout570
 1.457265e-10 6.930040e-10 4.325703e-12 8.430562e-10 fanout1285
 1.487923e-10 6.867829e-10 4.875993e-12 8.404513e-10 fanout334
 1.473525e-10 6.815063e-10 4.325705e-12 8.331846e-10 fanout1300
 1.459236e-10 6.822465e-10 4.325705e-12 8.324959e-10 fanout1271
 1.462871e-10 6.814937e-10 4.325703e-12 8.321064e-10 fanout1267
 1.306949e-10 6.963290e-10 4.646922e-12 8.316708e-10 fanout353
 1.467557e-10 6.782846e-10 4.325703e-12 8.293660e-10 fanout1250
 1.457234e-10 6.783737e-10 4.325703e-12 8.284229e-10 fanout1294
 8.414951e-11 7.363499e-10 4.876152e-12 8.253756e-10 fanout259
 1.473195e-10 6.732846e-10 4.325703e-12 8.249298e-10 fanout1253
 1.514031e-10 6.669471e-10 3.660113e-12 8.220103e-10 fanout369
 1.474759e-10 6.696328e-10 4.325703e-12 8.214345e-10 fanout1243
 1.472523e-10 6.625871e-10 4.325703e-12 8.141651e-10 fanout1247
 1.694622e-10 6.378408e-10 3.659938e-12 8.109630e-10 fanout419
 1.607495e-10 6.436627e-10 4.646876e-12 8.090590e-10 fanout417
 1.602970e-10 6.435211e-10 3.660292e-12 8.074784e-10 fanout349
 1.471166e-10 6.494680e-10 4.325705e-12 8.009103e-10 fanout1280
 1.468785e-10 6.484284e-10 4.325703e-12 7.996326e-10 fanout1249
 1.471593e-10 6.478796e-10 4.325703e-12 7.993646e-10 fanout1297
 1.471673e-10 6.455275e-10 4.325703e-12 7.970205e-10 fanout1298
 1.319136e-10 6.596631e-10 3.660322e-12 7.952370e-10 fanout124
 1.638168e-10 6.264472e-10 4.647420e-12 7.949114e-10 fanout315
 1.459247e-10 6.419028e-10 4.325703e-12 7.921532e-10 fanout1274
 1.212669e-10 6.575099e-10 3.660163e-12 7.824370e-10 fanout281
 1.461296e-10 6.285749e-10 4.325705e-12 7.790301e-10 fanout1272
 1.459209e-10 6.259373e-10 4.325703e-12 7.761840e-10 fanout1288
 1.476656e-10 6.200134e-10 3.660095e-12 7.713391e-10 fanout409
 1.460005e-10 6.199186e-10 4.325703e-12 7.702448e-10 fanout1276
 1.499638e-10 6.154890e-10 3.660649e-12 7.691135e-10 fanout305
 4.136688e-11 7.201075e-10 7.513911e-12 7.689883e-10 fanout683
 1.699283e-10 5.872507e-10 3.661012e-12 7.608401e-10 fanout128
 4.211536e-11 7.104387e-10 7.513912e-12 7.600680e-10 fanout547
 1.479405e-10 6.052635e-10 4.325703e-12 7.575298e-10 fanout1293
 1.477977e-10 5.996177e-10 4.325703e-12 7.517412e-10 fanout1244
 4.224064e-11 6.856553e-10 7.513912e-12 7.354099e-10 fanout694
 4.215627e-11 6.699563e-10 7.513912e-12 7.196265e-10 fanout536
 1.467852e-10 5.623055e-10 4.325703e-12 7.134165e-10 fanout1261
 7.241852e-11 6.223063e-10 6.865906e-12 7.015907e-10 fanout1337
 4.233946e-11 6.488648e-10 7.513912e-12 6.987182e-10 fanout671
 6.870445e-10 0.000000e+00 1.002442e-11 6.970690e-10 clkload18
 6.859907e-10 0.000000e+00 1.002442e-11 6.960151e-10 clkload11
 6.859195e-10 0.000000e+00 1.002442e-11 6.959440e-10 clkload14
 6.856886e-10 0.000000e+00 1.002442e-11 6.957130e-10 clkload16
 6.856117e-10 0.000000e+00 1.002442e-11 6.956362e-10 clkload20
 6.853573e-10 0.000000e+00 1.002442e-11 6.953818e-10 clkload15
 6.850963e-10 0.000000e+00 1.002442e-11 6.951207e-10 clkload12
 6.850064e-10 0.000000e+00 1.002442e-11 6.950309e-10 clkload13
 3.994705e-11 6.505865e-10 3.659749e-12 6.941933e-10 wire858
 6.841468e-10 0.000000e+00 1.002442e-11 6.941712e-10 clkload17
 6.839302e-10 0.000000e+00 1.002442e-11 6.939546e-10 clkload19
 1.523989e-10 5.368394e-10 4.647330e-12 6.938857e-10 fanout303
 8.575629e-11 5.959507e-10 4.876152e-12 6.865832e-10 fanout268
 1.259981e-10 5.468566e-10 3.660165e-12 6.765149e-10 fanout291
 7.328551e-11 5.746717e-10 4.325704e-12 6.522829e-10 fanout1221
 4.246401e-11 6.005557e-10 7.513912e-12 6.505337e-10 fanout708
 1.304321e-10 5.117947e-10 4.646992e-12 6.468738e-10 fanout361
 1.487446e-10 4.918174e-10 3.660323e-12 6.442223e-10 fanout301
 1.283656e-10 5.104197e-10 3.660165e-12 6.424455e-10 fanout293
 3.632319e-11 5.883626e-10 7.514048e-12 6.321998e-10 fanout619
 1.245358e-10 5.037420e-10 3.660162e-12 6.319380e-10 fanout319
 1.177943e-10 5.098366e-10 3.659947e-12 6.312909e-10 fanout399
 3.568527e-11 5.878263e-10 7.514048e-12 6.310257e-10 fanout633
 1.061367e-10 5.158449e-10 4.647445e-12 6.266291e-10 fanout329
 3.560899e-11 5.799299e-10 7.514048e-12 6.230530e-10 fanout616
 1.371398e-10 4.778569e-10 3.660687e-12 6.186574e-10 fanout136
 1.309341e-10 4.817932e-10 3.660164e-12 6.163874e-10 fanout297
 1.339662e-10 4.702539e-10 3.660264e-12 6.078803e-10 fanout317
 3.583041e-11 5.640564e-10 6.865751e-12 6.067525e-10 fanout538
 4.277743e-11 5.532299e-10 7.513912e-12 6.035213e-10 fanout715
 3.574869e-11 5.519333e-10 6.865751e-12 5.945477e-10 fanout572
 3.577274e-11 5.462283e-10 6.865751e-12 5.888668e-10 fanout717
 1.155144e-10 4.686905e-10 4.647368e-12 5.888523e-10 fanout395
 1.373596e-10 4.468647e-10 3.660321e-12 5.878846e-10 fanout122
 1.232077e-10 4.602634e-10 3.660166e-12 5.871312e-10 fanout289
 3.587835e-11 5.367674e-10 6.865751e-12 5.795115e-10 fanout673
 1.002881e-10 4.693507e-10 4.647446e-12 5.742862e-10 fanout112
 3.598356e-11 5.296209e-10 6.865751e-12 5.724702e-10 fanout685
 3.592979e-11 5.290813e-10 6.865751e-12 5.718769e-10 fanout696
 3.578267e-11 5.273111e-10 6.865751e-12 5.699595e-10 fanout710
 3.552819e-11 5.290400e-10 4.876212e-12 5.694444e-10 fanout1056
 3.601202e-11 5.151677e-10 6.865751e-12 5.580454e-10 fanout549
 7.335654e-11 4.744379e-10 4.876124e-12 5.526705e-10 fanout1341
 3.602768e-11 5.054845e-10 6.865751e-12 5.483779e-10 fanout498
 3.420549e-11 4.996026e-10 6.866282e-12 5.406743e-10 fanout1198
 1.027868e-10 4.308456e-10 4.647448e-12 5.382799e-10 fanout333
 3.599864e-11 4.905672e-10 7.514048e-12 5.340799e-10 fanout595
 6.857193e-11 4.586864e-10 4.875910e-12 5.321342e-10 fanout1309
 8.281061e-11 4.423921e-10 3.660205e-12 5.288628e-10 fanout1257
 3.738030e-11 4.844938e-10 6.865803e-12 5.287399e-10 fanout1164
 5.826001e-11 4.547397e-10 4.326231e-12 5.173259e-10 fanout390
 4.316976e-11 4.650443e-10 7.513912e-12 5.157280e-10 fanout496
 1.125053e-10 3.922141e-10 3.660321e-12 5.083797e-10 fanout372
 9.891588e-11 4.038410e-10 4.647447e-12 5.074044e-10 fanout355
 9.371055e-11 4.097606e-10 3.659908e-12 5.071311e-10 fanout407
 1.008866e-10 3.795019e-10 3.660166e-12 4.840487e-10 fanout299
 4.768790e-10 0.000000e+00 4.875681e-12 4.817547e-10 clkload22
 4.767520e-10 0.000000e+00 4.875681e-12 4.816276e-10 clkload21
 3.620671e-11 4.364881e-10 7.514048e-12 4.802089e-10 fanout564
 4.752565e-10 0.000000e+00 4.875681e-12 4.801322e-10 clkload38
 4.749137e-10 0.000000e+00 4.875681e-12 4.797893e-10 clkload140
 7.054577e-11 3.993707e-10 7.513507e-12 4.774300e-10 fanout1217
 3.607639e-11 4.366362e-10 4.325296e-12 4.770379e-10 fanout1075
 3.613461e-11 4.274843e-10 4.325472e-12 4.679444e-10 fanout1014
 7.258251e-11 3.740498e-10 4.325704e-12 4.509580e-10 fanout1226
 4.398037e-11 3.991000e-10 7.513911e-12 4.505943e-10 fanout485
 9.176018e-11 3.514221e-10 4.647368e-12 4.478297e-10 fanout279
 8.080584e-11 3.590223e-10 4.647369e-12 4.444755e-10 fanout405
 8.391873e-11 3.551356e-10 4.647450e-12 4.437017e-10 fanout335
 4.339330e-11 3.906505e-10 7.513912e-12 4.415577e-10 fanout493
 8.255927e-11 3.548558e-10 3.660202e-12 4.410753e-10 fanout1279
 8.316496e-11 3.536230e-10 3.660202e-12 4.404482e-10 fanout1245
 3.743465e-11 3.933840e-10 6.865751e-12 4.376844e-10 fanout699
 8.338331e-11 3.465978e-10 4.875838e-12 4.348569e-10 fanout1305
 7.752630e-11 3.471016e-10 4.326253e-12 4.289541e-10 fanout246
 8.319068e-11 3.418093e-10 3.660205e-12 4.286602e-10 fanout1259
 7.328052e-11 3.479266e-10 6.865802e-12 4.280730e-10 fanout978
 8.292684e-11 3.372981e-10 3.660202e-12 4.238852e-10 fanout1299
 3.707854e-11 3.787251e-10 6.865751e-12 4.226693e-10 fanout487
 9.908437e-11 3.054011e-10 4.646994e-12 4.091325e-10 fanout359
 3.673764e-11 3.627331e-10 6.865751e-12 4.063365e-10 fanout677
 5.755491e-11 3.425368e-10 4.876119e-12 4.049678e-10 fanout217
 8.242758e-11 3.187125e-10 3.660202e-12 4.048003e-10 fanout1286
 4.368238e-11 3.429069e-10 7.513912e-12 3.941032e-10 fanout565
 4.362328e-11 3.429454e-10 7.513911e-12 3.940826e-10 fanout675
 3.641812e-11 3.489211e-10 4.325297e-12 3.896645e-10 fanout1033
 4.369095e-11 3.370167e-10 7.513911e-12 3.882216e-10 fanout520
 3.677664e-11 3.432880e-10 7.514048e-12 3.875786e-10 fanout558
 4.437088e-11 3.335351e-10 7.513912e-12 3.854199e-10 fanout697
 3.684597e-11 3.300961e-10 6.865751e-12 3.738078e-10 fanout585
 3.672584e-10 0.000000e+00 4.335750e-12 3.715941e-10 clkload158
 3.672112e-10 0.000000e+00 4.335750e-12 3.715469e-10 clkload29
 3.669747e-10 0.000000e+00 4.335750e-12 3.713105e-10 clkload10
 3.669220e-10 0.000000e+00 4.335750e-12 3.712577e-10 clkload145
 3.649047e-11 3.295338e-10 4.325296e-12 3.703496e-10 fanout950
 3.659141e-10 0.000000e+00 4.335750e-12 3.702499e-10 clkload153
 3.655778e-10 0.000000e+00 4.335750e-12 3.699136e-10 clkload1
 3.654365e-10 0.000000e+00 4.335750e-12 3.697723e-10 clkload149
 3.649214e-10 0.000000e+00 4.335750e-12 3.692572e-10 clkload9
 3.644224e-10 0.000000e+00 4.335750e-12 3.687582e-10 clkload64
 3.357797e-11 3.277476e-10 6.865699e-12 3.681913e-10 fanout448
 3.635875e-10 0.000000e+00 4.335750e-12 3.679233e-10 clkload71
 3.630000e-10 0.000000e+00 4.335750e-12 3.673358e-10 clkload68
 3.629627e-10 0.000000e+00 4.335750e-12 3.672985e-10 clkload69
 4.345461e-11 3.145940e-10 7.513912e-12 3.655625e-10 fanout551
 5.254521e-11 2.955078e-10 4.647705e-12 3.527007e-10 fanout215
 4.354641e-11 2.968978e-10 7.513912e-12 3.479581e-10 fanout507
 3.664661e-11 3.067872e-10 4.325472e-12 3.477592e-10 fanout1021
 4.349504e-11 2.897009e-10 7.513912e-12 3.407099e-10 fanout490
 5.793836e-11 2.763621e-10 4.876119e-12 3.391766e-10 fanout220
 3.684196e-11 2.937007e-10 6.865751e-12 3.374084e-10 fanout561
 3.676388e-11 2.939164e-10 4.876212e-12 3.355565e-10 fanout1064
 3.678117e-11 2.903504e-10 4.325297e-12 3.314568e-10 fanout1080
 4.364030e-11 2.764874e-10 7.513912e-12 3.276416e-10 fanout664
 4.348957e-11 2.747805e-10 7.513912e-12 3.257840e-10 fanout722
 6.953334e-11 2.500538e-10 4.875910e-12 3.244630e-10 fanout1307
 3.090635e-11 2.883188e-10 4.326231e-12 3.235513e-10 fanout475
 3.725003e-11 2.796905e-10 3.661240e-12 3.206017e-10 fanout277
 4.975677e-11 2.647227e-10 4.647705e-12 3.191272e-10 fanout232
 3.704090e-11 2.722771e-10 6.865751e-12 3.161837e-10 fanout522
 3.653669e-11 2.702771e-10 7.514048e-12 3.143279e-10 fanout669
 7.150427e-12 3.009842e-10 4.331634e-12 3.124663e-10 _06692_
 3.723610e-11 2.673189e-10 6.865751e-12 3.114208e-10 fanout567
 4.947772e-11 2.504098e-10 4.647705e-12 3.045353e-10 fanout214
 3.693866e-11 2.554512e-10 6.865751e-12 2.992556e-10 fanout575
 3.678072e-11 2.529465e-10 4.325297e-12 2.940525e-10 fanout1039
 4.345697e-11 2.428324e-10 7.513912e-12 2.938032e-10 fanout539
 3.699877e-11 2.484015e-10 6.865751e-12 2.922660e-10 fanout555
 4.549793e-11 2.413372e-10 4.647735e-12 2.914828e-10 fanout254
 4.709639e-11 2.382300e-10 4.647705e-12 2.899741e-10 fanout229
 3.668098e-11 2.461168e-10 6.865751e-12 2.896635e-10 fanout545
 3.711122e-11 2.448023e-10 4.876036e-12 2.867895e-10 fanout993
 4.351314e-11 2.350341e-10 7.513912e-12 2.860611e-10 fanout691
 3.915025e-11 2.424204e-10 4.325215e-12 2.858958e-10 fanout425
 4.698096e-11 2.339822e-10 4.647705e-12 2.856109e-10 fanout231
 4.352653e-11 2.336026e-10 7.513912e-12 2.846430e-10 fanout698
 3.693119e-11 2.426371e-10 4.325297e-12 2.838936e-10 fanout1038
 5.817228e-11 2.193357e-10 4.876119e-12 2.823841e-10 fanout221
 3.701437e-11 2.409716e-10 4.325297e-12 2.823112e-10 fanout953
 5.781451e-11 2.168576e-10 4.875789e-12 2.795479e-10 fanout1310
 3.713430e-11 2.368641e-10 4.876212e-12 2.788746e-10 fanout1050
 3.683697e-11 2.375948e-10 4.325297e-12 2.787571e-10 fanout1070
 3.739312e-11 2.360457e-10 4.876036e-12 2.783148e-10 fanout991
 3.682005e-11 2.327423e-10 6.865751e-12 2.764281e-10 fanout713
 3.694537e-11 2.313117e-10 4.876036e-12 2.731331e-10 fanout1005
 3.695296e-11 2.288583e-10 6.865751e-12 2.726770e-10 fanout630
 3.699354e-11 2.301016e-10 4.876212e-12 2.719714e-10 fanout973
 4.369612e-11 2.192719e-10 7.513911e-12 2.704819e-10 fanout589
 1.884594e-11 2.441022e-10 7.513727e-12 2.704619e-10 fanout892
 3.688940e-11 2.288178e-10 4.325297e-12 2.700324e-10 fanout1029
 3.720233e-11 2.246828e-10 6.865751e-12 2.687509e-10 fanout613
 4.715097e-11 2.169419e-10 4.647705e-12 2.687405e-10 fanout213
 5.153689e-11 2.113280e-10 4.647734e-12 2.675126e-10 fanout238
 3.706713e-11 2.241651e-10 4.876212e-12 2.661085e-10 fanout1103
 3.705424e-11 2.237067e-10 4.876036e-12 2.656370e-10 fanout984
 3.683786e-11 2.214705e-10 6.865751e-12 2.651741e-10 fanout700
 3.721165e-11 2.228010e-10 4.325297e-12 2.643379e-10 fanout1073
 7.483285e-11 1.745599e-10 1.416711e-11 2.635598e-10 wire883
 3.826436e-11 2.207000e-10 4.326232e-12 2.632906e-10 fanout142
 3.687696e-11 2.216940e-10 4.325296e-12 2.628963e-10 fanout951
 3.711015e-11 2.168372e-10 4.876036e-12 2.588234e-10 fanout999
 5.151733e-11 2.017625e-10 4.647734e-12 2.579275e-10 fanout236
 3.704816e-11 2.155034e-10 4.876212e-12 2.574278e-10 fanout1102
 3.708923e-11 2.152365e-10 4.876212e-12 2.572019e-10 fanout1090
 3.766587e-11 2.107441e-10 6.865751e-12 2.552757e-10 fanout541
 3.734653e-11 2.136014e-10 4.325297e-12 2.552732e-10 fanout1085
 3.700061e-11 2.108245e-10 6.865751e-12 2.546908e-10 fanout666
 3.730469e-11 2.123370e-10 4.325297e-12 2.539670e-10 fanout1081
 3.697233e-11 2.119786e-10 4.325297e-12 2.532762e-10 fanout946
 4.760619e-11 2.018083e-10 3.661190e-12 2.530757e-10 fanout243
 3.681841e-11 2.073179e-10 7.514048e-12 2.516504e-10 fanout598
 3.730442e-11 2.085460e-10 4.325297e-12 2.501757e-10 fanout1045
 3.723013e-11 2.077339e-10 4.876036e-12 2.498401e-10 fanout998
 4.760555e-11 1.985261e-10 3.661190e-12 2.497929e-10 fanout249
 3.697551e-11 2.078323e-10 4.876212e-12 2.496841e-10 fanout1051
 3.704559e-11 2.082849e-10 4.325472e-12 2.496560e-10 fanout1015
 1.894692e-11 2.239724e-10 4.876124e-12 2.477955e-10 fanout1331
 4.684972e-11 1.960653e-10 4.647735e-12 2.475628e-10 fanout263
 3.664655e-11 2.036463e-10 6.865751e-12 2.471587e-10 fanout591
 3.699719e-11 2.056206e-10 4.325297e-12 2.469431e-10 fanout949
 3.713296e-11 2.048166e-10 4.876036e-12 2.468256e-10 fanout985
 3.748230e-11 2.041748e-10 4.325297e-12 2.459824e-10 fanout1040
 3.718622e-11 2.028742e-10 4.325297e-12 2.443857e-10 fanout1046
 3.704718e-11 2.018395e-10 4.876212e-12 2.437629e-10 fanout1063
 5.762002e-11 1.809144e-10 4.875789e-12 2.434103e-10 fanout1311
 5.232839e-11 1.863503e-10 4.647734e-12 2.433264e-10 fanout241
 3.725674e-11 2.011680e-10 4.876036e-12 2.433008e-10 fanout988
 3.681811e-11 1.988937e-10 7.513883e-12 2.432257e-10 fanout1209
 3.714462e-11 2.016422e-10 4.325297e-12 2.431121e-10 fanout1076
 5.148306e-11 1.847942e-10 4.647734e-12 2.409250e-10 fanout240
 3.717192e-11 1.989711e-10 4.325297e-12 2.404683e-10 fanout1082
 3.716179e-11 1.982518e-10 4.876212e-12 2.402898e-10 fanout1096
 3.740923e-11 1.975208e-10 4.876036e-12 2.398061e-10 fanout1003
 4.760482e-11 1.880284e-10 3.661190e-12 2.392944e-10 fanout247
 3.832786e-11 1.963587e-10 4.326232e-12 2.390128e-10 fanout148
 3.711534e-11 1.962210e-10 4.876212e-12 2.382126e-10 fanout1098
 3.706663e-11 1.961972e-10 4.876212e-12 2.381401e-10 fanout1057
 3.846109e-11 1.948402e-10 4.326231e-12 2.376275e-10 fanout138
 3.745771e-11 1.947220e-10 4.325297e-12 2.365050e-10 fanout962
 3.699260e-11 1.950405e-10 4.325472e-12 2.363586e-10 fanout1012
 3.735288e-11 1.924890e-10 4.325472e-12 2.341673e-10 fanout1008
 3.721029e-11 1.908168e-10 4.876036e-12 2.329031e-10 fanout1004
 3.142366e-11 1.960495e-10 4.326232e-12 2.317994e-10 fanout182
 4.692090e-11 1.798698e-10 4.647735e-12 2.314385e-10 fanout256
 3.707517e-11 1.903600e-10 3.661240e-12 2.310964e-10 fanout270
 3.721100e-11 1.893882e-10 4.325297e-12 2.309245e-10 fanout1087
 3.743731e-11 1.889338e-10 4.325297e-12 2.306964e-10 fanout1023
 3.760848e-11 1.878388e-10 4.876212e-12 2.303235e-10 fanout971
 3.758929e-11 1.883037e-10 4.325297e-12 2.302183e-10 fanout1078
 4.692001e-11 1.784696e-10 4.647735e-12 2.300373e-10 fanout258
 3.725265e-11 1.867488e-10 4.876212e-12 2.288777e-10 fanout1053
 3.719051e-11 1.863853e-10 4.876212e-12 2.284521e-10 fanout1100
 3.727825e-11 1.852553e-10 4.876212e-12 2.274098e-10 fanout967
 3.722246e-11 1.842285e-10 4.325297e-12 2.257763e-10 fanout958
 3.755680e-11 1.833080e-10 4.876036e-12 2.257409e-10 fanout986
 3.722285e-11 1.840068e-10 4.325297e-12 2.255549e-10 fanout963
 3.729246e-11 1.816967e-10 4.325297e-12 2.233144e-10 fanout1031
 3.719575e-11 1.816053e-10 4.325297e-12 2.231263e-10 fanout1037
 4.704848e-11 1.704597e-10 4.647705e-12 2.221559e-10 fanout225
 3.839070e-11 1.784347e-10 4.326232e-12 2.211517e-10 fanout147
 3.673212e-11 1.766013e-10 6.865803e-12 2.201993e-10 fanout1142
 3.841661e-11 1.773244e-10 4.326232e-12 2.200672e-10 fanout144
 4.760446e-11 1.682421e-10 3.661190e-12 2.195077e-10 fanout245
 3.737961e-11 1.774183e-10 4.325297e-12 2.191232e-10 fanout945
 3.775956e-11 1.755967e-10 4.325297e-12 2.176815e-10 fanout1034
 3.711125e-11 1.767260e-10 3.661240e-12 2.174985e-10 fanout276
 2.274605e-11 1.902661e-10 4.325360e-12 2.173375e-10 fanout705
 3.727444e-11 1.737504e-10 4.325297e-12 2.153501e-10 fanout1083
 3.729868e-11 1.732572e-10 4.325297e-12 2.148812e-10 fanout1067
 3.140918e-11 1.790585e-10 4.326232e-12 2.147939e-10 fanout155
 3.743398e-11 1.729246e-10 4.325297e-12 2.146839e-10 fanout1044
 3.756410e-11 1.722094e-10 4.325297e-12 2.140988e-10 fanout957
 3.731200e-11 1.724443e-10 4.325297e-12 2.140816e-10 fanout1041
 4.691194e-11 1.622936e-10 4.647735e-12 2.138532e-10 fanout252
 3.895366e-11 1.680082e-10 4.326232e-12 2.112881e-10 fanout375
 3.714188e-11 1.663011e-10 7.513883e-12 2.109569e-10 fanout1205
 3.733411e-11 1.689685e-10 4.325297e-12 2.106278e-10 fanout1027
 3.848321e-11 1.672578e-10 4.326232e-12 2.100673e-10 fanout137
 3.716968e-11 1.680178e-10 4.876212e-12 2.100636e-10 fanout1061
 3.729207e-11 1.654319e-10 4.325297e-12 2.070492e-10 fanout1079
 3.758605e-11 1.641373e-10 4.876212e-12 2.065996e-10 fanout1099
 3.732940e-11 1.638928e-10 4.876212e-12 2.060984e-10 fanout1052
 3.276174e-11 1.674027e-10 4.647122e-12 2.048116e-10 fanout1326
 3.737017e-11 1.630950e-10 4.325297e-12 2.047904e-10 fanout1030
 3.754099e-11 1.605686e-10 4.876212e-12 2.029858e-10 fanout975
 3.777933e-11 1.607196e-10 4.325297e-12 2.028242e-10 fanout947
 3.264232e-11 1.651678e-10 4.647123e-12 2.024572e-10 fanout1324
 3.776700e-11 1.587292e-10 4.876212e-12 2.013724e-10 fanout974
 3.741199e-11 1.588772e-10 4.325472e-12 2.006146e-10 fanout1017
 3.755322e-11 1.573510e-10 4.876212e-12 1.997804e-10 fanout1095
 3.725664e-11 1.573168e-10 4.325297e-12 1.988987e-10 fanout1036
 3.755755e-11 1.564596e-10 4.876036e-12 1.988932e-10 fanout1001
 3.158432e-11 1.617736e-10 4.326232e-12 1.976841e-10 fanout176
 3.741555e-11 1.557398e-10 4.325297e-12 1.974807e-10 fanout1072
 3.734447e-11 1.538155e-10 4.876212e-12 1.960362e-10 fanout1094
 3.737440e-11 1.527943e-10 4.325297e-12 1.944940e-10 fanout955
 3.851353e-11 1.512557e-10 4.326232e-12 1.940955e-10 fanout377
 1.909031e-10 0.000000e+00 1.899789e-12 1.928029e-10 clkload84
 3.263331e-11 1.554993e-10 4.647082e-12 1.927797e-10 fanout1316
 1.905970e-10 0.000000e+00 1.899789e-12 1.924968e-10 clkload114
 1.905124e-10 0.000000e+00 1.899789e-12 1.924122e-10 clkload95
 1.898927e-10 0.000000e+00 1.899789e-12 1.917925e-10 clkload92
 3.764078e-11 1.492487e-10 4.876036e-12 1.917655e-10 fanout994
 1.896394e-10 0.000000e+00 1.899789e-12 1.915392e-10 clkload57
 3.722851e-11 1.499421e-10 4.325473e-12 1.914961e-10 fanout1019
 1.891946e-10 0.000000e+00 1.899789e-12 1.910944e-10 clkload147
 1.890918e-10 0.000000e+00 1.899789e-12 1.909916e-10 clkload157
 1.887714e-10 0.000000e+00 1.899789e-12 1.906712e-10 clkload151
 3.742854e-11 1.483070e-10 4.876036e-12 1.906116e-10 fanout982
 1.883968e-10 0.000000e+00 1.899789e-12 1.902966e-10 clkload150
 3.871826e-11 1.472210e-10 4.326231e-12 1.902655e-10 fanout140
 1.881310e-10 0.000000e+00 1.899789e-12 1.900308e-10 clkload161
 3.739849e-11 1.476844e-10 4.876212e-12 1.899591e-10 fanout977
 3.151211e-11 1.539587e-10 4.326232e-12 1.897970e-10 fanout152
 3.744295e-11 1.468527e-10 4.325297e-12 1.886209e-10 fanout1071
 3.906713e-11 1.447784e-10 4.647301e-12 1.884928e-10 fanout1308
 2.217778e-11 1.624198e-10 3.659326e-12 1.882569e-10 fanout431
 3.768636e-11 1.420432e-10 4.876212e-12 1.846058e-10 fanout970
 3.173142e-11 1.484073e-10 4.326232e-12 1.844649e-10 fanout180
 3.619278e-11 1.430878e-10 4.875804e-12 1.841564e-10 fanout1199
 3.413392e-11 1.428325e-10 4.326232e-12 1.812926e-10 fanout160
 3.177378e-11 1.391827e-10 4.326232e-12 1.752828e-10 fanout177
 2.267017e-11 1.467709e-10 4.325360e-12 1.737665e-10 fanout543
 3.186955e-11 1.359453e-10 4.326232e-12 1.721410e-10 fanout178
 3.158693e-11 1.353240e-10 4.326232e-12 1.712372e-10 fanout150
 1.904389e-11 1.432455e-10 7.513727e-12 1.698031e-10 fanout891
 2.212396e-11 1.419991e-10 4.325360e-12 1.684484e-10 fanout560
 2.212537e-11 1.416502e-10 4.325360e-12 1.681009e-10 fanout559
 1.870847e-11 1.450058e-10 4.325384e-12 1.680396e-10 fanout1208
 1.866349e-11 1.428112e-10 4.325384e-12 1.658000e-10 fanout1211
 2.225630e-11 1.362187e-10 3.659328e-12 1.621343e-10 fanout429
 2.233897e-11 1.341078e-10 4.325360e-12 1.607721e-10 fanout554
 3.267684e-11 1.228550e-10 4.647676e-12 1.601795e-10 fanout222
 2.231317e-11 1.333430e-10 4.325360e-12 1.599815e-10 fanout562
 3.290789e-11 1.211421e-10 4.647082e-12 1.586971e-10 fanout1315
 2.159794e-11 1.319147e-10 3.661149e-12 1.571738e-10 fanout385
 1.866379e-11 1.309515e-10 4.876124e-12 1.544914e-10 fanout1329
 2.229363e-11 1.248397e-10 3.659326e-12 1.507926e-10 fanout426
 2.239747e-11 1.236681e-10 3.659328e-12 1.497249e-10 fanout433
 1.769597e-11 1.234852e-10 3.661150e-12 1.448423e-10 fanout457
 1.879997e-11 1.203557e-10 4.876212e-12 1.440319e-10 fanout1146
 1.890674e-11 1.196244e-10 4.876212e-12 1.434074e-10 fanout1172
 2.166889e-11 1.164164e-10 3.661150e-12 1.417464e-10 fanout141
 2.456908e-11 1.127766e-10 3.661219e-12 1.410069e-10 fanout204
 2.621819e-11 1.107741e-10 3.661219e-12 1.406535e-10 fanout207
 1.405338e-10 0.000000e+00 9.566416e-14 1.406294e-10 clkload93
 1.763764e-11 1.186316e-10 4.325967e-12 1.405952e-10 fanout1128
 1.404043e-10 0.000000e+00 9.566416e-14 1.405000e-10 clkload46
 1.391890e-10 0.000000e+00 9.566416e-14 1.392846e-10 clkload82
 2.104348e-11 1.139486e-10 3.659473e-12 1.386515e-10 fanout1074
 1.382866e-10 0.000000e+00 9.566416e-14 1.383822e-10 clkload31
 1.382526e-10 0.000000e+00 9.566416e-14 1.383482e-10 clkload39
 1.878129e-11 1.142918e-10 4.876124e-12 1.379492e-10 fanout1328
 1.377363e-10 0.000000e+00 9.566416e-14 1.378320e-10 clkload100
 2.238580e-11 1.110667e-10 4.326020e-12 1.377786e-10 fanout1189
 2.162192e-11 1.120793e-10 3.661149e-12 1.373624e-10 fanout463
 1.371861e-10 0.000000e+00 9.566416e-14 1.372817e-10 clkload144
 2.166522e-11 1.119434e-10 3.661149e-12 1.372698e-10 fanout468
 1.366276e-10 0.000000e+00 9.566416e-14 1.367232e-10 clkload137
 1.881324e-11 1.128004e-10 4.876212e-12 1.364899e-10 fanout1134
 1.361866e-10 0.000000e+00 9.566416e-14 1.362823e-10 clkload127
 1.357106e-10 0.000000e+00 9.566416e-14 1.358063e-10 clkload125
 1.352852e-10 0.000000e+00 9.566416e-14 1.353809e-10 clkload154
 1.350328e-10 0.000000e+00 9.566416e-14 1.351285e-10 clkload159
 2.168755e-11 1.097267e-10 3.661150e-12 1.350754e-10 fanout139
 2.102932e-11 1.087434e-10 4.647842e-12 1.344205e-10 fanout1059
 2.101040e-11 1.072884e-10 4.647526e-12 1.329463e-10 fanout983
 2.374966e-11 1.054462e-10 3.661150e-12 1.328571e-10 fanout174
 2.314692e-11 1.059376e-10 3.661150e-12 1.327457e-10 fanout169
 2.104794e-11 1.068462e-10 4.647842e-12 1.325420e-10 fanout1093
 2.189968e-11 1.061508e-10 3.661149e-12 1.317117e-10 fanout464
 1.896173e-11 1.074682e-10 4.876212e-12 1.313062e-10 fanout1114
 2.169386e-11 1.050353e-10 3.661150e-12 1.303904e-10 fanout378
 2.099763e-11 1.055070e-10 3.659473e-12 1.301641e-10 fanout1026
 1.298279e-10 0.000000e+00 9.566416e-14 1.299236e-10 clkload7
 2.235461e-11 1.038953e-10 3.659326e-12 1.299092e-10 fanout428
 2.099593e-11 1.035107e-10 4.647526e-12 1.291541e-10 fanout995
 1.893387e-11 1.044365e-10 4.876212e-12 1.282466e-10 fanout1162
 2.169948e-11 1.025206e-10 3.661149e-12 1.278813e-10 fanout466
 1.878528e-11 1.037032e-10 4.876212e-12 1.273647e-10 fanout1163
 2.176728e-11 1.008858e-10 3.661149e-12 1.263142e-10 fanout462
 2.580081e-11 9.596448e-11 3.661219e-12 1.254265e-10 fanout206
 1.932314e-11 1.020713e-10 3.661150e-12 1.250556e-10 fanout159
 2.107536e-11 9.845418e-11 4.647842e-12 1.241774e-10 fanout1091
 1.788758e-11 1.023612e-10 3.661150e-12 1.239100e-10 fanout476
 2.244907e-11 9.764722e-11 3.659326e-12 1.237556e-10 fanout424
 1.886765e-11 9.906517e-11 4.876212e-12 1.228090e-10 fanout1137
 2.104966e-11 9.680347e-11 4.647526e-12 1.225007e-10 fanout987
 2.138642e-11 9.574450e-11 4.875591e-12 1.220065e-10 fanout922
 2.101884e-11 9.699910e-11 3.659473e-12 1.216774e-10 fanout1066
 1.030001e-11 1.031832e-10 7.513986e-12 1.209972e-10 fanout940
 2.105701e-11 9.566823e-11 3.659472e-12 1.203847e-10 fanout952
 1.883903e-11 9.551333e-11 4.325209e-12 1.186776e-10 fanout451
 2.110494e-11 9.369079e-11 3.659789e-12 1.184555e-10 fanout1013
 2.116288e-11 9.248186e-11 3.659473e-12 1.173042e-10 fanout1086
 2.114186e-11 9.116614e-11 4.647526e-12 1.169555e-10 fanout1002
 1.903987e-11 9.234783e-11 4.876212e-12 1.162639e-10 fanout1119
 2.316131e-11 8.917697e-11 3.661150e-12 1.159994e-10 fanout171
 1.905625e-11 9.188898e-11 4.876212e-12 1.158214e-10 fanout1118
 1.781396e-11 9.212742e-11 4.876069e-12 1.148174e-10 fanout1180
 2.118994e-11 8.879106e-11 4.647842e-12 1.146288e-10 fanout972
 1.869228e-11 9.201249e-11 3.661150e-12 1.143659e-10 fanout198
 1.899731e-11 8.927683e-11 4.876212e-12 1.131504e-10 fanout1161
 2.120731e-11 8.614202e-11 4.647526e-12 1.119968e-10 fanout992
 2.115385e-11 8.675911e-11 3.659473e-12 1.115724e-10 fanout961
 1.870159e-11 8.916028e-11 3.661150e-12 1.115230e-10 fanout194
 1.653927e-11 9.098402e-11 3.661150e-12 1.111844e-10 fanout1350
 2.173362e-11 8.551939e-11 3.661150e-12 1.109142e-10 fanout376
 2.112047e-11 8.594889e-11 3.659789e-12 1.107291e-10 fanout1007
 2.127533e-11 8.531057e-11 3.659473e-12 1.102454e-10 fanout943
 2.120454e-11 8.485019e-11 3.659473e-12 1.097142e-10 fanout944
 1.804855e-11 8.769500e-11 3.661150e-12 1.094047e-10 fanout459
 2.109710e-11 8.434487e-11 3.659473e-12 1.091015e-10 fanout1077
 2.310883e-11 8.214505e-11 3.661150e-12 1.089150e-10 fanout190
 1.773331e-11 8.608371e-11 4.876069e-12 1.086931e-10 fanout1178
 1.658271e-11 8.718450e-11 3.661150e-12 1.074284e-10 fanout1354
 2.112246e-11 8.005244e-11 3.659473e-12 1.048344e-10 fanout1043
 2.118991e-11 7.938745e-11 3.659473e-12 1.042368e-10 fanout1035
 2.314119e-11 7.728141e-11 3.661150e-12 1.040837e-10 fanout173
 5.300564e-12 9.073808e-11 6.865705e-12 1.029044e-10 fanout761
 1.664523e-11 8.249037e-11 3.661150e-12 1.027967e-10 fanout1351
 1.646904e-11 8.185859e-11 3.661150e-12 1.019888e-10 fanout1352
 1.913574e-11 7.821364e-11 4.325912e-12 1.016753e-10 fanout1190
 1.660673e-11 8.021098e-11 3.661150e-12 1.004789e-10 fanout1356
 9.877064e-11 0.000000e+00 6.473382e-13 9.941797e-11 clkload43
 1.129263e-11 7.757543e-11 1.047884e-11 9.934689e-11 fanout737
 9.868196e-11 0.000000e+00 6.473382e-13 9.932929e-11 clkload48
 9.856716e-11 0.000000e+00 6.473382e-13 9.921450e-11 clkload44
 9.845797e-11 0.000000e+00 6.473382e-13 9.910531e-11 clkload36
 9.842954e-11 0.000000e+00 6.473382e-13 9.907688e-11 clkload103
 9.841360e-11 0.000000e+00 6.473382e-13 9.906094e-11 clkload34
 9.841343e-11 0.000000e+00 6.473382e-13 9.906077e-11 clkload35
 9.837274e-11 0.000000e+00 6.473382e-13 9.902008e-11 clkload108
 9.832697e-11 0.000000e+00 6.473382e-13 9.897431e-11 clkload49
 9.828671e-11 0.000000e+00 6.473382e-13 9.893404e-11 clkload78
 9.824688e-11 0.000000e+00 6.473382e-13 9.889422e-11 clkload98
 9.824508e-11 0.000000e+00 6.473382e-13 9.889242e-11 clkload91
 9.817058e-11 0.000000e+00 6.473382e-13 9.881792e-11 clkload120
 9.813152e-11 0.000000e+00 6.473382e-13 9.877885e-11 clkload87
 9.786107e-11 0.000000e+00 6.473382e-13 9.850840e-11 clkload126
 9.766921e-11 0.000000e+00 6.473382e-13 9.831655e-11 clkload156
 9.765418e-11 0.000000e+00 6.473382e-13 9.830151e-11 clkload55
 9.763625e-11 0.000000e+00 6.473382e-13 9.828358e-11 clkload141
 1.660283e-11 7.655952e-11 3.661150e-12 9.682349e-11 fanout1358
 1.900264e-11 7.252701e-11 4.876212e-12 9.640587e-11 fanout1153
 1.788050e-11 7.444959e-11 3.661150e-12 9.599123e-11 fanout197
 1.917461e-11 6.984836e-11 4.325912e-12 9.334888e-11 fanout1191
 1.794590e-11 7.012010e-11 4.876069e-12 9.294208e-11 fanout1179
 1.780583e-11 7.130799e-11 3.661150e-12 9.277498e-11 fanout151
 1.915367e-11 6.869805e-11 4.876212e-12 9.272793e-11 fanout1170
 1.103235e-11 7.504252e-11 4.647843e-12 9.072271e-11 fanout1155
 1.793959e-11 6.820910e-11 3.661150e-12 8.980983e-11 fanout179
 2.110422e-11 6.477448e-11 3.659789e-12 8.953849e-11 fanout1011
 2.118988e-11 6.245904e-11 4.647842e-12 8.829677e-11 fanout966
 5.454299e-12 7.569761e-11 6.865705e-12 8.801761e-11 fanout773
 1.938443e-11 6.314135e-11 3.661150e-12 8.618693e-11 fanout157
 1.464377e-11 6.074903e-11 6.866249e-12 8.225905e-11 fanout886
 1.017493e-11 6.331288e-11 6.865802e-12 8.035361e-11 fanout904
 1.003899e-11 6.079608e-11 7.513986e-12 7.834905e-11 fanout939
 5.528219e-12 6.571910e-11 6.865705e-12 7.811302e-11 fanout806
 1.004631e-11 6.117015e-11 6.865751e-12 7.808221e-11 fanout890
 1.002406e-11 6.070589e-11 6.865803e-12 7.759575e-11 fanout905
 5.540172e-12 6.438605e-11 6.865705e-12 7.679193e-11 fanout804
 1.081957e-11 6.114999e-11 4.647842e-12 7.661740e-11 fanout1141
 3.544940e-11 3.838817e-11 1.181000e-12 7.501857e-11 max_cap860
 3.632097e-11 3.685550e-11 1.181000e-12 7.435746e-11 max_cap859
 5.545154e-12 6.137704e-11 6.865705e-12 7.378789e-11 fanout814
 1.074176e-11 5.820138e-11 4.647843e-12 7.359099e-11 fanout1157
 5.544408e-12 6.115467e-11 6.865705e-12 7.356478e-11 fanout791
 1.025226e-11 5.413074e-11 7.513870e-12 7.189687e-11 fanout1202
 1.110708e-11 5.391282e-11 4.647843e-12 6.966774e-11 fanout1152
 2.252802e-11 4.595374e-11 1.181000e-12 6.966276e-11 wire855
 1.045956e-11 5.206600e-11 6.865920e-12 6.939148e-11 fanout1343
 1.271141e-11 5.210484e-11 3.660770e-12 6.847702e-11 fanout1188
 1.083397e-11 5.277802e-11 4.646737e-12 6.825873e-11 fanout1193
 5.570598e-12 5.529957e-11 6.865705e-12 6.773587e-11 fanout767
 5.572494e-12 5.508181e-11 6.865705e-12 6.752000e-11 fanout812
 1.067132e-11 5.201454e-11 4.647842e-12 6.733371e-11 fanout1120
 1.065158e-11 5.154987e-11 4.647843e-12 6.684929e-11 fanout1171
 5.555240e-12 5.394725e-11 6.865705e-12 6.636819e-11 fanout769
 1.203786e-11 4.859269e-11 4.646727e-12 6.527727e-11 fanout927
 1.008979e-11 4.562538e-11 7.513320e-12 6.322849e-11 fanout930
 1.009221e-11 4.951571e-11 1.181000e-12 6.078892e-11 fanout1353
 1.074922e-11 4.410690e-11 4.646737e-12 5.950286e-11 fanout1192
 5.634819e-12 4.682551e-11 6.865705e-12 5.932604e-11 fanout775
 5.541180e-12 4.671826e-11 6.865705e-12 5.912514e-11 fanout764
 5.579690e-12 4.629415e-11 6.865705e-12 5.873954e-11 fanout728
 5.650989e-12 4.593093e-11 6.865705e-12 5.844762e-11 fanout749
 5.818563e-12 4.502877e-11 7.514084e-12 5.836142e-11 fanout638
 1.007131e-11 4.235248e-11 4.647585e-12 5.707137e-11 fanout1176
 1.001177e-11 4.256719e-11 3.660676e-12 5.623964e-11 fanout1127
 2.701085e-12 4.825466e-11 4.876294e-12 5.583204e-11 fanout794
 5.650082e-12 4.270821e-11 6.865705e-12 5.522399e-11 fanout843
 7.502406e-12 3.920850e-11 4.875832e-12 5.158674e-11 fanout885
 1.067864e-11 3.504312e-11 4.646737e-12 5.036850e-11 fanout1194
 5.539283e-12 3.718922e-11 6.865705e-12 4.959421e-11 fanout838
 5.590490e-12 3.632294e-11 6.865705e-12 4.877914e-11 fanout733
 2.226828e-11 2.490806e-11 1.181000e-12 4.835734e-11 max_cap854
 5.698097e-12 3.532635e-11 6.865705e-12 4.789015e-11 fanout748
 5.599968e-12 3.484384e-11 6.865705e-12 4.730952e-11 fanout724
 5.090449e-12 3.780427e-11 4.325297e-12 4.722002e-11 fanout908
 5.643268e-12 3.436170e-11 6.865705e-12 4.687067e-11 fanout777
 5.613772e-12 3.146721e-11 6.865705e-12 4.394669e-11 fanout837
 5.673930e-12 3.115498e-11 6.865705e-12 4.369462e-11 fanout857
 5.107032e-12 3.413492e-11 4.325297e-12 4.356725e-11 fanout901
 5.606583e-12 3.090786e-11 6.865705e-12 4.338015e-11 fanout758
 5.810838e-12 2.930364e-11 7.513675e-12 4.262815e-11 fanout933
 3.962461e-12 3.377398e-11 4.876185e-12 4.261263e-11 fanout644
 5.705194e-12 2.945134e-11 6.865705e-12 4.202224e-11 fanout842
 5.623125e-12 2.946286e-11 6.865705e-12 4.195169e-11 fanout727
 5.600596e-12 2.943881e-11 6.865705e-12 4.190511e-11 fanout736
 5.610545e-12 2.913437e-11 6.865705e-12 4.161062e-11 fanout831
 5.750710e-12 2.830286e-11 6.865705e-12 4.091928e-11 fanout763
 5.801538e-12 2.810811e-11 6.865705e-12 4.077535e-11 fanout798
 5.711463e-12 2.809148e-11 6.865705e-12 4.066865e-11 fanout774
 5.675236e-12 2.794722e-11 6.865705e-12 4.048816e-11 fanout757
 5.569407e-12 2.781887e-11 6.865705e-12 4.025398e-11 fanout740
 5.729069e-12 2.759928e-11 6.865705e-12 4.019406e-11 fanout829
 5.693063e-12 2.673085e-11 6.865705e-12 3.928962e-11 fanout832
 6.892948e-12 1.771587e-11 1.416116e-11 3.876998e-11 max_cap1183
 5.770446e-12 2.573739e-11 6.865705e-12 3.837354e-11 fanout795
 5.773015e-12 2.546933e-11 6.865705e-12 3.810805e-11 fanout808
 5.674235e-12 2.552423e-11 6.865705e-12 3.806417e-11 fanout821
 5.131852e-12 2.834835e-11 4.325297e-12 3.780550e-11 fanout907
 5.645682e-12 2.461168e-11 6.865705e-12 3.712307e-11 fanout784
 5.572007e-12 2.443507e-11 6.865705e-12 3.687278e-11 fanout819
 5.610024e-12 2.430006e-11 6.865705e-12 3.677579e-11 fanout778
 5.187680e-12 2.585850e-11 4.325862e-12 3.537204e-11 fanout928
 1.078500e-12 2.297670e-11 6.865699e-12 3.092089e-11 fanout444
 2.824168e-12 2.100332e-11 4.325384e-12 2.815288e-11 fanout898
 2.838864e-12 1.929239e-11 4.876294e-12 2.700755e-11 fanout848
 2.844220e-12 1.843291e-11 4.876294e-12 2.615342e-11 fanout845
 2.841526e-12 1.823576e-11 4.876294e-12 2.595358e-11 fanout793
 1.124456e-12 1.513558e-11 7.514090e-12 2.377413e-11 fanout449
 2.843009e-12 1.591539e-11 4.876294e-12 2.363470e-11 fanout790
 2.859292e-12 1.512951e-11 4.876294e-12 2.286510e-11 fanout746
 2.854301e-12 1.492773e-11 4.876294e-12 2.265833e-11 fanout792
 2.919653e-12 1.583839e-11 3.660488e-12 2.241853e-11 fanout929
 2.850777e-12 1.505134e-11 4.325214e-12 2.222733e-11 fanout637
 2.944457e-12 1.436485e-11 4.647665e-12 2.195697e-11 fanout1344
 2.888191e-12 1.422724e-11 4.325214e-12 2.144065e-11 fanout442
 2.866440e-12 1.356487e-11 4.876294e-12 2.130760e-11 fanout915
 2.857834e-12 1.281332e-11 4.876294e-12 2.054745e-11 fanout772
 2.893511e-12 1.302831e-11 4.325214e-12 2.024703e-11 fanout441
 2.872396e-12 1.243798e-11 4.876294e-12 2.018667e-11 fanout874
 2.910709e-12 1.107336e-11 4.325214e-12 1.830928e-11 fanout474
 2.920990e-12 1.096623e-11 4.325214e-12 1.821244e-11 fanout473
 2.879241e-12 1.040880e-11 4.876294e-12 1.816433e-11 fanout916
 2.896409e-12 1.034389e-11 4.876294e-12 1.811659e-11 fanout917
 2.928832e-12 1.136721e-11 3.659325e-12 1.795537e-11 fanout868
 2.272765e-12 1.177586e-11 3.659508e-12 1.770814e-11 fanout650
 2.930097e-12 1.035884e-11 3.659650e-12 1.694859e-11 fanout1203
 1.127363e-12 7.801646e-12 7.514100e-12 1.644311e-11 fanout641
 1.645578e-12 9.778388e-12 4.647339e-12 1.607131e-11 fanout1241
 2.272189e-12 1.012263e-11 3.659508e-12 1.605433e-11 fanout647
 2.270058e-12 8.972360e-12 4.647793e-12 1.589021e-11 fanout645
 1.378556e-18 1.185855e-17 1.416666e-11 1.416668e-11 fanout1372
 1.382711e-18 9.464912e-18 1.416666e-11 1.416667e-11 max_cap1364
 1.632096e-12 7.725616e-12 4.647990e-12 1.400570e-11 fanout873
 1.624642e-12 5.688198e-12 4.647990e-12 1.196083e-11 fanout918
 2.282533e-12 6.003778e-12 3.659508e-12 1.194582e-11 fanout651
 1.331421e-18 1.146305e-17 1.047954e-11 1.047955e-11 fanout1385
 5.706199e-13 2.998732e-12 4.325200e-12 7.894551e-12 fanout640
 5.772827e-13 2.933887e-12 4.325208e-12 7.836378e-12 fanout450
 5.866832e-13 2.370029e-12 4.876300e-12 7.833012e-12 fanout913
 5.733661e-13 2.787566e-12 4.325208e-12 7.686141e-12 fanout439
 6.687429e-19 3.370748e-18 7.513970e-12 7.513975e-12 fanout1370
 1.823066e-12 3.201144e-12 1.181000e-12 6.205210e-12 wire818
 3.345670e-13 1.750158e-12 3.659315e-12 5.744040e-12 fanout472
 1.786428e-12 2.723309e-12 1.181000e-12 5.690737e-12 max_cap817
 3.413550e-19 2.384409e-18 4.876190e-12 4.876193e-12 fanout1380
 3.422763e-19 1.627233e-18 4.876190e-12 4.876192e-12 fanout1384
 5.916262e-19 2.856071e-18 4.876019e-12 4.876023e-12 fanout1374
 3.368237e-18 2.307660e-17 4.875761e-12 4.875787e-12 input8
 0.000000e+00 0.000000e+00 4.648000e-12 4.648000e-12 input23
 0.000000e+00 0.000000e+00 4.648000e-12 4.648000e-12 input24
 0.000000e+00 0.000000e+00 4.648000e-12 4.648000e-12 input25
 0.000000e+00 0.000000e+00 4.648000e-12 4.648000e-12 input26
 0.000000e+00 0.000000e+00 4.648000e-12 4.648000e-12 input27
 0.000000e+00 0.000000e+00 4.648000e-12 4.648000e-12 input28
 0.000000e+00 0.000000e+00 4.648000e-12 4.648000e-12 input29
 0.000000e+00 0.000000e+00 4.648000e-12 4.648000e-12 input30
 0.000000e+00 0.000000e+00 4.648000e-12 4.648000e-12 input33
 0.000000e+00 0.000000e+00 4.648000e-12 4.648000e-12 input34
 0.000000e+00 0.000000e+00 4.648000e-12 4.648000e-12 input36
 0.000000e+00 0.000000e+00 4.648000e-12 4.648000e-12 input37
 0.000000e+00 0.000000e+00 4.648000e-12 4.648000e-12 input38
 0.000000e+00 0.000000e+00 4.648000e-12 4.648000e-12 input39
 0.000000e+00 0.000000e+00 4.648000e-12 4.648000e-12 input40
 0.000000e+00 0.000000e+00 4.648000e-12 4.648000e-12 input41
 0.000000e+00 0.000000e+00 4.648000e-12 4.648000e-12 input42
 0.000000e+00 0.000000e+00 4.648000e-12 4.648000e-12 input43
 0.000000e+00 0.000000e+00 4.648000e-12 4.648000e-12 input44
 0.000000e+00 0.000000e+00 4.648000e-12 4.648000e-12 input45
 0.000000e+00 0.000000e+00 4.648000e-12 4.648000e-12 input46
 0.000000e+00 0.000000e+00 4.648000e-12 4.648000e-12 input48
 0.000000e+00 0.000000e+00 4.648000e-12 4.648000e-12 input49
 0.000000e+00 0.000000e+00 4.648000e-12 4.648000e-12 input50
 0.000000e+00 0.000000e+00 4.648000e-12 4.648000e-12 input51
 0.000000e+00 0.000000e+00 4.648000e-12 4.648000e-12 input52
 0.000000e+00 0.000000e+00 4.648000e-12 4.648000e-12 input53
 0.000000e+00 0.000000e+00 4.648000e-12 4.648000e-12 input54
 0.000000e+00 0.000000e+00 4.648000e-12 4.648000e-12 input9
 1.957633e-19 8.122191e-19 4.647803e-12 4.647803e-12 fanout1383
 5.535293e-19 3.090876e-18 4.647665e-12 4.647668e-12 input4
 5.514101e-19 3.510283e-18 4.647300e-12 4.647304e-12 input5
 2.777904e-19 1.332235e-18 4.647162e-12 4.647163e-12 input1
 2.425403e-19 9.638129e-19 4.325815e-12 4.325817e-12 input7
 1.055789e-18 6.378221e-18 4.325590e-12 4.325598e-12 fanout1360
 3.445650e-19 1.497190e-18 4.325310e-12 4.325312e-12 fanout1365
 3.467308e-19 1.276741e-18 4.325310e-12 4.325312e-12 fanout1367
 4.153667e-19 2.302610e-18 3.660040e-12 3.660042e-12 input2
 1.723421e-19 1.422151e-19 1.181000e-12 1.181000e-12 input11
 1.725133e-19 2.186715e-19 1.181000e-12 1.181000e-12 input6
 0.000000e+00 0.000000e+00 1.181000e-12 1.181000e-12 input12
 0.000000e+00 0.000000e+00 1.181000e-12 1.181000e-12 input13
 0.000000e+00 0.000000e+00 1.181000e-12 1.181000e-12 input14
 0.000000e+00 0.000000e+00 1.181000e-12 1.181000e-12 input15
 0.000000e+00 0.000000e+00 1.181000e-12 1.181000e-12 input16
 0.000000e+00 0.000000e+00 1.181000e-12 1.181000e-12 input17
 0.000000e+00 0.000000e+00 1.181000e-12 1.181000e-12 input18
 0.000000e+00 0.000000e+00 1.181000e-12 1.181000e-12 input19
 0.000000e+00 0.000000e+00 1.181000e-12 1.181000e-12 input20
 0.000000e+00 0.000000e+00 1.181000e-12 1.181000e-12 input21
 0.000000e+00 0.000000e+00 1.181000e-12 1.181000e-12 input22
 0.000000e+00 0.000000e+00 1.181000e-12 1.181000e-12 input55
