     Internal    Switching      Leakage        Total
        Power        Power        Power        Power (Watts)
----------------------------------------------------
 8.705753e-06 3.092095e-06 1.232310e-11 1.179786e-05 clkbuf_0_clk
 8.478541e-06 1.802869e-06 1.232310e-11 1.028142e-05 clkbuf_1_1__f_clk
 8.383768e-06 9.083258e-07 1.232310e-11 9.292106e-06 clkbuf_1_0__f_clk
 1.355053e-06 9.001013e-09 9.133755e-12 1.364063e-06 u_icg
 2.693700e-07 0.000000e+00 1.567550e-12 2.693716e-07 clkload0
 3.956032e-09 2.193775e-08 1.047959e-11 2.590426e-08 clkbuf_0_core_clk
 3.992901e-09 1.247502e-08 1.047959e-11 1.647840e-08 clkbuf_4_2__f_core_clk
 4.000900e-09 1.237736e-08 1.047959e-11 1.638874e-08 clkbuf_4_13__f_core_clk
 3.991659e-09 1.162385e-08 1.047959e-11 1.562599e-08 clkbuf_4_1__f_core_clk
 4.009660e-09 1.148058e-08 1.047959e-11 1.550072e-08 clkbuf_4_8__f_core_clk
 3.990902e-09 1.123037e-08 1.047959e-11 1.523176e-08 clkbuf_4_0__f_core_clk
 4.009251e-09 1.114626e-08 1.047959e-11 1.516599e-08 clkbuf_4_9__f_core_clk
 3.998747e-09 1.094245e-08 1.047959e-11 1.495168e-08 clkbuf_4_12__f_core_clk
 4.010884e-09 1.092345e-08 1.047959e-11 1.494481e-08 clkbuf_4_7__f_core_clk
 3.989785e-09 1.065408e-08 1.047959e-11 1.465435e-08 clkbuf_4_3__f_core_clk
 3.998057e-09 1.053121e-08 1.047959e-11 1.453975e-08 clkbuf_4_14__f_core_clk
 3.997999e-09 1.050351e-08 1.047959e-11 1.451199e-08 clkbuf_4_15__f_core_clk
 4.008225e-09 1.046825e-08 1.047959e-11 1.448695e-08 clkbuf_4_11__f_core_clk
 4.009773e-09 1.005322e-08 1.047959e-11 1.407347e-08 clkbuf_4_6__f_core_clk
 4.007072e-09 9.611970e-09 1.047959e-11 1.362952e-08 clkbuf_4_10__f_core_clk
 4.008760e-09 9.337339e-09 1.047959e-11 1.335658e-08 clkbuf_4_4__f_core_clk
 4.006826e-09 7.879358e-09 1.047959e-11 1.189666e-08 clkbuf_4_5__f_core_clk
 1.967167e-09 7.398094e-09 6.865825e-12 9.372127e-09 clkbuf_2_0_0_core_clk
 1.966241e-09 6.823846e-09 6.865825e-12 8.796952e-09 clkbuf_2_3_0_core_clk
 1.964791e-09 6.050783e-09 6.865825e-12 8.022440e-09 clkbuf_2_2_0_core_clk
 1.963731e-09 5.896903e-09 6.865825e-12 7.867500e-09 clkbuf_2_1_0_core_clk
 1.990591e-09 4.734872e-09 6.865839e-12 6.732329e-09 clkbuf_leaf_1_core_clk
 1.989869e-09 4.708894e-09 6.865839e-12 6.705629e-09 clkbuf_leaf_0_core_clk
 1.981158e-09 4.360980e-09 6.865839e-12 6.349004e-09 clkbuf_leaf_178_core_clk
 1.972421e-09 4.014629e-09 6.865839e-12 5.993915e-09 clkbuf_leaf_2_core_clk
 1.972029e-09 3.999044e-09 6.865839e-12 5.977938e-09 clkbuf_leaf_4_core_clk
 1.971667e-09 3.984043e-09 6.865839e-12 5.962575e-09 clkbuf_leaf_3_core_clk
 1.965534e-09 3.744325e-09 6.865839e-12 5.716724e-09 clkbuf_leaf_180_core_clk
 1.965100e-09 3.721798e-09 6.865839e-12 5.693763e-09 clkbuf_leaf_6_core_clk
 1.962029e-09 3.672120e-09 6.865839e-12 5.641015e-09 clkbuf_leaf_9_core_clk
 1.963145e-09 3.650466e-09 6.865839e-12 5.620477e-09 clkbuf_leaf_184_core_clk
 1.962848e-09 3.639493e-09 6.865839e-12 5.609206e-09 clkbuf_leaf_182_core_clk
 1.962555e-09 3.628265e-09 6.865839e-12 5.597685e-09 clkbuf_leaf_183_core_clk
 1.958101e-09 3.446758e-09 6.865839e-12 5.411724e-09 clkbuf_leaf_5_core_clk
 1.956365e-09 3.446150e-09 6.865839e-12 5.409380e-09 clkbuf_leaf_11_core_clk
 1.955184e-09 3.397004e-09 6.865839e-12 5.359054e-09 clkbuf_leaf_8_core_clk
 1.954768e-09 3.393377e-09 6.865839e-12 5.355011e-09 clkbuf_leaf_13_core_clk
 1.952277e-09 3.289913e-09 6.865839e-12 5.249056e-09 clkbuf_leaf_15_core_clk
 1.956926e-09 3.285191e-09 6.865839e-12 5.248983e-09 clkbuf_leaf_105_core_clk
 1.953006e-09 3.248008e-09 6.865839e-12 5.207879e-09 clkbuf_leaf_181_core_clk
 1.948403e-09 3.137530e-09 6.865839e-12 5.092799e-09 clkbuf_leaf_14_core_clk
 1.952481e-09 3.106579e-09 6.865839e-12 5.065926e-09 clkbuf_leaf_123_core_clk
 1.945501e-09 3.011159e-09 6.865839e-12 4.963526e-09 clkbuf_leaf_18_core_clk
 1.944332e-09 3.001498e-09 6.865839e-12 4.952695e-09 clkbuf_leaf_49_core_clk
 1.943293e-09 2.923261e-09 6.865839e-12 4.873420e-09 clkbuf_leaf_10_core_clk
 1.943138e-09 2.918922e-09 6.865839e-12 4.868926e-09 clkbuf_leaf_12_core_clk
 1.947736e-09 2.913067e-09 6.865839e-12 4.867669e-09 clkbuf_leaf_126_core_clk
 1.947305e-09 2.902255e-09 6.865839e-12 4.856425e-09 clkbuf_leaf_121_core_clk
 1.945979e-09 2.858017e-09 6.865839e-12 4.810861e-09 clkbuf_leaf_104_core_clk
 1.946024e-09 2.849871e-09 6.865839e-12 4.802761e-09 clkbuf_leaf_118_core_clk
 1.941977e-09 2.852262e-09 6.865839e-12 4.801105e-09 clkbuf_leaf_141_core_clk
 1.936322e-09 2.784052e-09 6.865839e-12 4.727239e-09 clkbuf_leaf_177_core_clk
 1.939489e-09 2.744957e-09 6.865839e-12 4.691312e-09 clkbuf_leaf_143_core_clk
 1.942629e-09 2.716489e-09 6.865839e-12 4.665983e-09 clkbuf_leaf_122_core_clk
 1.941995e-09 2.704088e-09 6.865839e-12 4.652948e-09 clkbuf_leaf_97_core_clk
 1.937620e-09 2.694432e-09 6.865839e-12 4.638918e-09 clkbuf_leaf_7_core_clk
 1.941601e-09 2.675148e-09 6.865839e-12 4.623614e-09 clkbuf_leaf_125_core_clk
 1.932891e-09 2.654097e-09 6.865839e-12 4.593854e-09 clkbuf_leaf_173_core_clk
 1.940228e-09 2.622202e-09 6.865839e-12 4.569296e-09 clkbuf_leaf_129_core_clk
 1.933986e-09 2.587908e-09 6.865839e-12 4.528760e-09 clkbuf_leaf_50_core_clk
 1.929853e-09 2.548541e-09 6.865839e-12 4.485260e-09 clkbuf_leaf_168_core_clk
 1.934514e-09 2.531249e-09 6.865839e-12 4.472628e-09 clkbuf_leaf_55_core_clk
 1.937209e-09 2.525304e-09 6.865839e-12 4.469379e-09 clkbuf_leaf_101_core_clk
 1.934262e-09 2.527734e-09 6.865839e-12 4.468862e-09 clkbuf_leaf_53_core_clk
 1.930441e-09 2.521239e-09 6.865839e-12 4.458546e-09 clkbuf_leaf_84_core_clk
 1.932214e-09 2.489055e-09 6.865839e-12 4.428135e-09 clkbuf_leaf_17_core_clk
 1.931981e-09 2.458214e-09 6.865839e-12 4.397060e-09 clkbuf_leaf_146_core_clk
 1.935197e-09 2.436587e-09 6.865839e-12 4.378649e-09 clkbuf_leaf_124_core_clk
 1.934438e-09 2.427212e-09 6.865839e-12 4.368515e-09 clkbuf_leaf_106_core_clk
 1.934646e-09 2.424087e-09 6.865839e-12 4.365599e-09 clkbuf_leaf_98_core_clk
 1.938931e-09 2.412712e-09 6.865839e-12 4.358510e-09 clkbuf_leaf_35_core_clk
 1.926227e-09 2.396407e-09 6.865839e-12 4.329499e-09 clkbuf_leaf_169_core_clk
 1.928628e-09 2.393261e-09 6.865839e-12 4.328755e-09 clkbuf_leaf_47_core_clk
 1.926402e-09 2.388952e-09 6.865839e-12 4.322219e-09 clkbuf_leaf_171_core_clk
 1.930093e-09 2.381246e-09 6.865839e-12 4.318205e-09 clkbuf_leaf_52_core_clk
 1.931255e-09 2.362480e-09 6.865839e-12 4.300601e-09 clkbuf_leaf_58_core_clk
 1.925921e-09 2.367158e-09 6.865839e-12 4.299945e-09 clkbuf_leaf_172_core_clk
 1.928905e-09 2.358735e-09 6.865839e-12 4.294506e-09 clkbuf_leaf_51_core_clk
 1.927824e-09 2.358876e-09 6.865839e-12 4.293566e-09 clkbuf_leaf_45_core_clk
 1.929635e-09 2.355417e-09 6.865839e-12 4.291918e-09 clkbuf_leaf_54_core_clk
 1.925791e-09 2.352553e-09 6.865839e-12 4.285210e-09 clkbuf_leaf_175_core_clk
 1.932934e-09 2.339413e-09 6.865839e-12 4.279213e-09 clkbuf_leaf_94_core_clk
 1.924986e-09 2.345215e-09 6.865839e-12 4.277067e-09 clkbuf_leaf_153_core_clk
 1.925667e-09 2.326109e-09 6.865839e-12 4.258641e-09 clkbuf_leaf_78_core_clk
 1.935873e-09 2.301197e-09 6.865839e-12 4.243935e-09 clkbuf_leaf_31_core_clk
 1.925030e-09 2.305147e-09 6.865839e-12 4.237042e-09 clkbuf_leaf_71_core_clk
 1.924877e-09 2.297402e-09 6.865839e-12 4.229145e-09 clkbuf_leaf_70_core_clk
 1.927848e-09 2.288131e-09 6.865839e-12 4.222844e-09 clkbuf_leaf_147_core_clk
 1.928118e-09 2.276070e-09 6.865839e-12 4.211054e-09 clkbuf_leaf_56_core_clk
 1.924084e-09 2.266751e-09 6.865839e-12 4.197701e-09 clkbuf_leaf_77_core_clk
 1.930636e-09 2.253382e-09 6.865839e-12 4.190883e-09 clkbuf_leaf_87_core_clk
 1.926725e-09 2.249209e-09 6.865839e-12 4.182799e-09 clkbuf_leaf_139_core_clk
 1.922691e-09 2.247122e-09 6.865839e-12 4.176679e-09 clkbuf_leaf_170_core_clk
 1.933199e-09 2.233268e-09 6.865839e-12 4.173334e-09 clkbuf_leaf_132_core_clk
 1.925584e-09 2.209326e-09 6.865839e-12 4.141776e-09 clkbuf_leaf_151_core_clk
 1.933004e-09 2.193844e-09 6.865839e-12 4.133714e-09 clkbuf_leaf_32_core_clk
 1.925180e-09 2.191115e-09 6.865839e-12 4.123160e-09 clkbuf_leaf_149_core_clk
 1.931697e-09 2.177001e-09 6.865839e-12 4.115563e-09 clkbuf_leaf_127_core_clk
 1.930802e-09 2.152747e-09 6.865839e-12 4.090414e-09 clkbuf_leaf_137_core_clk
 1.922839e-09 2.152286e-09 6.865839e-12 4.081991e-09 clkbuf_leaf_44_core_clk
 1.927268e-09 2.140728e-09 6.865839e-12 4.074862e-09 clkbuf_leaf_102_core_clk
 1.927581e-09 2.138783e-09 6.865839e-12 4.073229e-09 clkbuf_leaf_96_core_clk
 1.925041e-09 2.130342e-09 6.865839e-12 4.062249e-09 clkbuf_leaf_57_core_clk
 1.919962e-09 2.120063e-09 6.865839e-12 4.046891e-09 clkbuf_leaf_174_core_clk
 1.920474e-09 2.118099e-09 6.865839e-12 4.045439e-09 clkbuf_leaf_85_core_clk
 1.926864e-09 2.107263e-09 6.865839e-12 4.040992e-09 clkbuf_leaf_86_core_clk
 1.926816e-09 2.103540e-09 6.865839e-12 4.037221e-09 clkbuf_leaf_82_core_clk
 7.475504e-10 3.272427e-09 1.047910e-11 4.030456e-09 fanout768
 1.929327e-09 2.086270e-09 6.865839e-12 4.022462e-09 clkbuf_leaf_128_core_clk
 1.918770e-09 2.095497e-09 6.865839e-12 4.021133e-09 clkbuf_leaf_167_core_clk
 1.930138e-09 2.081884e-09 6.865839e-12 4.018887e-09 clkbuf_leaf_38_core_clk
 1.926281e-09 2.080693e-09 6.865839e-12 4.013839e-09 clkbuf_leaf_90_core_clk
 1.922478e-09 2.082466e-09 6.865839e-12 4.011810e-09 clkbuf_leaf_154_core_clk
 1.919244e-09 2.073064e-09 6.865839e-12 3.999174e-09 clkbuf_leaf_74_core_clk
 1.921504e-09 2.046846e-09 6.865839e-12 3.975215e-09 clkbuf_leaf_148_core_clk
 1.925201e-09 2.041000e-09 6.865839e-12 3.973066e-09 clkbuf_leaf_95_core_clk
 1.924725e-09 2.041135e-09 6.865839e-12 3.972726e-09 clkbuf_leaf_103_core_clk
 1.927938e-09 2.033106e-09 6.865839e-12 3.967909e-09 clkbuf_leaf_134_core_clk
 1.920988e-09 2.022397e-09 6.865839e-12 3.950251e-09 clkbuf_leaf_150_core_clk
 1.932073e-09 1.995583e-09 6.865839e-12 3.934522e-09 clkbuf_leaf_36_core_clk
 1.920011e-09 1.987735e-09 6.865839e-12 3.914612e-09 clkbuf_leaf_152_core_clk
 1.916469e-09 1.982311e-09 6.865839e-12 3.905646e-09 clkbuf_leaf_179_core_clk
 1.923134e-09 1.960274e-09 6.865839e-12 3.890274e-09 clkbuf_leaf_92_core_clk
 1.916682e-09 1.957003e-09 6.865839e-12 3.880550e-09 clkbuf_leaf_79_core_clk
 1.916657e-09 1.953451e-09 6.865839e-12 3.876974e-09 clkbuf_leaf_81_core_clk
 1.926262e-09 1.935106e-09 6.865839e-12 3.868233e-09 clkbuf_leaf_34_core_clk
 1.925762e-09 1.916920e-09 6.865839e-12 3.849548e-09 clkbuf_leaf_28_core_clk
 1.925332e-09 1.900204e-09 6.865839e-12 3.832402e-09 clkbuf_leaf_33_core_clk
 1.921640e-09 1.902415e-09 6.865839e-12 3.830921e-09 clkbuf_leaf_88_core_clk
 1.924260e-09 1.895535e-09 6.865839e-12 3.826661e-09 clkbuf_leaf_135_core_clk
 1.913786e-09 1.894224e-09 6.865839e-12 3.814876e-09 clkbuf_leaf_166_core_clk
 1.920547e-09 1.885760e-09 6.865839e-12 3.813172e-09 clkbuf_leaf_109_core_clk
 1.921138e-09 1.883403e-09 6.865839e-12 3.811406e-09 clkbuf_leaf_91_core_clk
 1.914597e-09 1.884033e-09 6.865839e-12 3.805495e-09 clkbuf_leaf_73_core_clk
 1.917291e-09 1.876773e-09 6.865839e-12 3.800930e-09 clkbuf_leaf_140_core_clk
 1.920172e-09 1.843992e-09 6.865839e-12 3.771029e-09 clkbuf_leaf_93_core_clk
 1.919598e-09 1.842398e-09 6.865839e-12 3.768861e-09 clkbuf_leaf_99_core_clk
 1.919326e-09 1.830788e-09 6.865839e-12 3.756980e-09 clkbuf_leaf_100_core_clk
 1.913552e-09 1.834141e-09 6.865839e-12 3.754558e-09 clkbuf_leaf_76_core_clk
 1.922017e-09 1.816253e-09 6.865839e-12 3.745137e-09 clkbuf_leaf_133_core_clk
 1.912036e-09 1.825748e-09 6.865839e-12 3.744649e-09 clkbuf_leaf_156_core_clk
 1.913496e-09 1.824254e-09 6.865839e-12 3.744616e-09 clkbuf_leaf_80_core_clk
 1.918779e-09 1.791066e-09 6.865839e-12 3.716711e-09 clkbuf_leaf_83_core_clk
 1.912171e-09 1.774694e-09 6.865839e-12 3.693731e-09 clkbuf_leaf_75_core_clk
 1.925374e-09 1.749294e-09 6.865839e-12 3.681534e-09 clkbuf_leaf_39_core_clk
 1.925159e-09 1.742284e-09 6.865839e-12 3.674309e-09 clkbuf_leaf_40_core_clk
 1.920507e-09 1.718688e-09 6.865839e-12 3.646061e-09 clkbuf_leaf_30_core_clk
 1.916080e-09 1.687205e-09 6.865839e-12 3.610151e-09 clkbuf_leaf_89_core_clk
 1.923420e-09 1.677751e-09 6.865839e-12 3.608037e-09 clkbuf_leaf_41_core_clk
 1.923244e-09 1.672743e-09 6.865839e-12 3.602853e-09 clkbuf_leaf_46_core_clk
 1.917658e-09 1.646473e-09 6.865839e-12 3.570997e-09 clkbuf_leaf_136_core_clk
 1.908583e-09 1.639850e-09 6.865839e-12 3.555299e-09 clkbuf_leaf_72_core_clk
 1.915656e-09 1.574973e-09 6.865839e-12 3.497495e-09 clkbuf_leaf_142_core_clk
 1.915232e-09 1.559264e-09 6.865839e-12 3.481362e-09 clkbuf_leaf_138_core_clk
 1.919614e-09 1.538675e-09 6.865839e-12 3.465155e-09 clkbuf_leaf_37_core_clk
 1.906209e-09 1.537160e-09 6.865839e-12 3.450235e-09 clkbuf_leaf_69_core_clk
 1.889434e-09 1.263108e-09 6.865839e-12 3.159408e-09 clkbuf_leaf_111_core_clk
 1.885183e-09 1.210385e-09 6.865839e-12 3.102434e-09 clkbuf_leaf_66_core_clk
 1.881550e-09 1.167150e-09 6.865839e-12 3.055566e-09 clkbuf_leaf_65_core_clk
 1.888081e-09 1.154630e-09 6.865839e-12 3.049577e-09 clkbuf_leaf_42_core_clk
 1.884182e-09 1.109429e-09 6.865839e-12 3.000477e-09 clkbuf_leaf_43_core_clk
 1.874892e-09 1.087131e-09 6.865839e-12 2.968888e-09 clkbuf_leaf_63_core_clk
 1.871933e-09 1.056306e-09 6.865839e-12 2.935105e-09 clkbuf_leaf_117_core_clk
 1.869897e-09 1.018883e-09 6.865839e-12 2.895646e-09 clkbuf_leaf_165_core_clk
 1.867710e-09 1.006817e-09 6.865839e-12 2.881393e-09 clkbuf_leaf_115_core_clk
 3.747396e-10 2.451974e-09 6.865751e-12 2.833580e-09 fanout765
 1.863298e-09 9.387995e-10 6.865839e-12 2.808964e-09 clkbuf_leaf_163_core_clk
 1.861355e-09 9.248226e-10 6.865839e-12 2.793043e-09 clkbuf_leaf_113_core_clk
 1.860647e-09 8.907280e-10 6.865839e-12 2.758241e-09 clkbuf_leaf_61_core_clk
 1.858457e-09 8.816072e-10 6.865839e-12 2.746930e-09 clkbuf_leaf_21_core_clk
 1.855615e-09 8.591085e-10 6.865839e-12 2.721589e-09 clkbuf_leaf_131_core_clk
 1.848620e-09 7.746269e-10 6.865839e-12 2.630112e-09 clkbuf_leaf_159_core_clk
 1.848269e-09 7.586250e-10 6.865839e-12 2.613760e-09 clkbuf_leaf_164_core_clk
 3.687520e-10 2.224235e-09 6.865751e-12 2.599853e-09 fanout343
 1.842184e-09 6.973161e-10 6.865839e-12 2.546366e-09 clkbuf_leaf_116_core_clk
 1.842461e-09 6.738878e-10 6.865839e-12 2.523215e-09 clkbuf_leaf_60_core_clk
 3.949275e-10 2.095013e-09 7.513917e-12 2.497454e-09 fanout662
 3.721190e-10 2.112578e-09 7.514042e-12 2.492211e-09 fanout180
 3.701347e-10 2.109526e-09 6.865749e-12 2.486527e-09 fanout437
 1.839317e-09 6.365810e-10 6.865839e-12 2.482764e-09 clkbuf_leaf_27_core_clk
 1.832032e-09 5.636938e-10 6.865839e-12 2.402592e-09 clkbuf_leaf_20_core_clk
 3.728895e-10 1.942270e-09 6.865751e-12 2.322025e-09 fanout431
 3.714920e-10 1.870841e-09 6.865751e-12 2.249199e-09 fanout770
 1.818200e-09 3.923079e-10 6.865839e-12 2.217373e-09 clkbuf_leaf_24_core_clk
 1.801182e-09 0.000000e+00 6.865839e-12 1.808048e-09 clkload106
 1.799414e-09 0.000000e+00 6.865839e-12 1.806279e-09 clkload103
 1.792630e-09 0.000000e+00 6.865839e-12 1.799495e-09 clkload87
 1.791812e-09 0.000000e+00 6.865839e-12 1.798678e-09 clkload114
 1.791624e-09 0.000000e+00 6.865839e-12 1.798490e-09 clkload108
 1.791528e-09 0.000000e+00 6.865839e-12 1.798394e-09 clkload115
 1.790982e-09 0.000000e+00 6.865839e-12 1.797848e-09 clkload76
 1.790690e-09 0.000000e+00 6.865839e-12 1.797556e-09 clkload126
 1.790089e-09 0.000000e+00 6.865839e-12 1.796955e-09 clkload43
 1.778894e-09 0.000000e+00 6.865839e-12 1.785760e-09 clkload1
 2.104317e-10 1.501122e-09 4.325259e-12 1.715879e-09 fanout422
 1.991295e-10 1.391652e-09 4.325355e-12 1.595107e-09 fanout660
 2.108287e-10 1.348455e-09 4.325259e-12 1.563609e-09 fanout403
 2.111240e-10 1.321151e-09 4.325259e-12 1.536600e-09 fanout408
 1.994832e-10 1.320402e-09 4.325355e-12 1.524210e-09 fanout666
 2.114551e-10 1.304004e-09 4.876253e-12 1.520335e-09 fanout395
 2.107922e-10 1.263477e-09 4.876250e-12 1.479145e-09 fanout348
 1.879866e-10 1.268647e-09 4.325248e-12 1.460959e-09 fanout181
 1.880908e-10 1.225117e-09 4.876256e-12 1.418084e-09 fanout789
 2.118433e-10 1.183775e-09 4.325261e-12 1.399943e-09 fanout426
 1.884279e-10 1.186509e-09 4.876258e-12 1.379813e-09 fanout341
 1.882548e-10 1.182386e-09 4.876256e-12 1.375517e-09 fanout767
 1.882714e-10 1.179549e-09 4.876256e-12 1.372697e-09 fanout794
 1.881706e-10 1.177588e-09 4.876256e-12 1.370635e-09 fanout342
 2.117988e-10 1.148511e-09 4.325261e-12 1.364635e-09 fanout412
 2.113820e-10 1.131348e-09 4.876250e-12 1.347606e-09 fanout364
 1.886414e-10 1.153517e-09 4.876256e-12 1.347034e-09 fanout779
 1.333791e-09 0.000000e+00 1.002190e-11 1.343812e-09 clkload21
 1.891374e-10 1.140093e-09 4.876256e-12 1.334106e-09 fanout769
 2.156789e-10 1.112475e-09 4.325259e-12 1.332479e-09 fanout83
 2.119359e-10 1.115160e-09 4.325261e-12 1.331421e-09 fanout409
 1.887105e-10 1.127961e-09 4.325253e-12 1.320997e-09 fanout756
 2.133012e-10 1.096702e-09 4.876253e-12 1.314879e-09 fanout363
 1.887149e-10 1.112743e-09 4.876258e-12 1.306334e-09 fanout790
 2.926181e-10 9.834795e-10 1.416708e-11 1.290265e-09 fanout571
 1.888684e-10 1.095708e-09 4.876256e-12 1.289453e-09 fanout777
 2.012894e-10 1.063125e-09 1.047898e-11 1.274893e-09 fanout562
 1.888610e-10 1.078340e-09 4.876256e-12 1.272077e-09 fanout787
 2.141840e-10 1.052610e-09 4.876250e-12 1.271670e-09 fanout359
 1.887414e-10 1.072676e-09 4.876256e-12 1.266294e-09 fanout776
 1.901581e-10 1.070954e-09 4.876256e-12 1.265988e-09 fanout785
 2.124356e-10 1.040219e-09 4.325261e-12 1.256980e-09 fanout425
 2.122270e-10 1.026003e-09 4.876253e-12 1.243107e-09 fanout352
 2.125791e-10 1.017065e-09 4.876250e-12 1.234521e-09 fanout391
 2.121568e-10 1.007613e-09 4.325259e-12 1.224095e-09 fanout406
 1.888526e-10 1.024798e-09 4.325253e-12 1.217976e-09 fanout758
 1.897662e-10 1.011647e-09 4.876256e-12 1.206290e-09 fanout784
 1.904393e-10 1.009671e-09 4.876256e-12 1.204987e-09 fanout782
 1.897811e-10 9.914622e-10 4.876256e-12 1.186120e-09 fanout774
 1.892653e-10 9.675595e-10 4.876258e-12 1.161701e-09 fanout793
 1.892968e-10 9.355557e-10 4.876256e-12 1.129729e-09 fanout786
 1.894118e-10 9.284303e-10 4.876258e-12 1.122718e-09 fanout792
 2.016465e-10 8.933454e-10 1.416719e-11 1.109159e-09 fanout283
 1.897818e-10 9.097172e-10 4.876256e-12 1.104375e-09 fanout771
 2.026448e-10 8.356512e-10 1.416693e-11 1.052463e-09 fanout586
 1.190523e-10 9.050781e-10 4.647915e-12 1.028778e-09 fanout349
 1.190673e-10 8.574416e-10 4.647915e-12 9.811569e-10 fanout368
 2.136750e-10 7.587134e-10 4.876250e-12 9.772646e-10 fanout394
 1.455337e-10 8.197877e-10 7.514043e-12 9.728354e-10 fanout249
 2.011575e-10 7.558900e-10 1.416719e-11 9.712147e-10 fanout575
 9.301362e-10 0.000000e+00 4.876181e-12 9.350124e-10 clkload48
 9.293226e-10 0.000000e+00 4.876181e-12 9.341987e-10 clkload85
 9.290060e-10 0.000000e+00 4.876181e-12 9.338822e-10 clkload84
 9.278048e-10 0.000000e+00 4.876181e-12 9.326809e-10 clkload104
 9.273962e-10 0.000000e+00 4.876181e-12 9.322724e-10 clkload105
 9.255000e-10 0.000000e+00 4.876181e-12 9.303762e-10 clkload56
 9.254064e-10 0.000000e+00 4.876181e-12 9.302825e-10 clkload89
 9.253122e-10 0.000000e+00 4.876181e-12 9.301883e-10 clkload55
 9.250820e-10 0.000000e+00 4.876181e-12 9.299581e-10 clkload86
 9.242676e-10 0.000000e+00 4.876181e-12 9.291437e-10 clkload119
 9.235642e-10 0.000000e+00 4.876181e-12 9.284403e-10 clkload75
 2.080146e-10 6.920144e-10 1.416693e-11 9.141959e-10 max_cap585
 2.055947e-10 6.764683e-10 1.047921e-11 8.925422e-10 fanout297
 1.192840e-10 7.638872e-10 4.647911e-12 8.878190e-10 fanout386
 1.196991e-10 7.309985e-10 3.659406e-12 8.543570e-10 fanout404
 1.065690e-10 7.023735e-10 3.659386e-12 8.126019e-10 fanout179
 1.053182e-10 6.602179e-10 6.865732e-12 7.724018e-10 fanout981
 1.005725e-10 6.326495e-10 6.865732e-12 7.400877e-10 max_cap242
 1.017237e-10 6.191597e-10 6.865758e-12 7.277492e-10 fanout984
 7.181400e-10 0.000000e+00 4.331101e-12 7.224711e-10 clkload71
 7.174665e-10 0.000000e+00 4.331101e-12 7.217976e-10 clkload7
 7.155145e-10 0.000000e+00 4.331101e-12 7.198456e-10 clkload72
 7.148266e-10 0.000000e+00 4.331101e-12 7.191577e-10 clkload99
 7.120893e-10 0.000000e+00 4.331101e-12 7.164204e-10 clkload100
 7.118489e-10 0.000000e+00 4.331101e-12 7.161799e-10 clkload25
 7.108187e-10 0.000000e+00 4.331101e-12 7.151498e-10 clkload95
 7.103322e-10 0.000000e+00 4.331101e-12 7.146633e-10 clkload29
 1.009678e-10 6.014006e-10 7.514024e-12 7.098824e-10 fanout209
 7.016117e-10 0.000000e+00 4.331101e-12 7.059427e-10 clkload5
 1.198783e-10 5.731561e-10 4.647911e-12 6.976823e-10 fanout378
 1.017446e-10 5.880457e-10 6.865738e-12 6.966560e-10 fanout550
 1.004779e-10 5.861157e-10 6.865771e-12 6.934593e-10 fanout300
 1.201575e-10 5.675616e-10 4.647915e-12 6.923669e-10 fanout351
 1.069825e-10 5.780654e-10 3.659386e-12 6.887073e-10 fanout175
 1.051775e-10 5.614711e-10 6.865725e-12 6.735144e-10 fanout975
 1.199215e-10 5.485347e-10 4.647915e-12 6.731041e-10 fanout361
 1.208858e-10 5.463505e-10 4.647911e-12 6.718842e-10 fanout360
 1.070512e-10 5.507959e-10 4.647921e-12 6.624951e-10 fanout775
 1.203003e-10 5.239058e-10 4.647915e-12 6.488540e-10 fanout353
 1.112483e-10 5.234451e-10 1.047887e-11 6.451723e-10 fanout556
 1.015568e-10 5.359910e-10 6.865764e-12 6.444136e-10 fanout229
 1.114237e-10 5.223632e-10 1.047902e-11 6.442659e-10 fanout553
 1.002667e-10 5.357460e-10 6.865712e-12 6.428784e-10 fanout194
 1.200382e-10 4.979718e-10 4.647915e-12 6.226579e-10 fanout370
 1.017653e-10 5.139900e-10 6.865758e-12 6.226211e-10 fanout985
 1.122813e-10 4.996619e-10 1.047935e-11 6.224225e-10 fanout591
 1.044757e-10 5.009262e-10 6.865738e-12 6.122676e-10 fanout508
 1.010046e-10 4.911145e-10 7.514025e-12 5.996331e-10 fanout742
 1.121213e-10 4.526160e-10 1.416678e-11 5.789041e-10 fanout593
 1.022240e-10 4.367583e-10 7.514024e-12 5.464963e-10 fanout741
 2.277966e-11 5.103853e-10 6.341280e-12 5.395063e-10 _20641_
 1.129645e-10 4.125657e-10 1.047891e-11 5.360091e-10 fanout582
 1.200728e-10 4.026700e-10 4.647911e-12 5.273907e-10 fanout392
 1.204431e-10 4.004952e-10 3.659406e-12 5.245977e-10 fanout415
 7.901493e-11 4.302947e-10 6.865914e-12 5.161755e-10 fanout748
 1.017508e-10 4.064851e-10 6.865732e-12 5.151016e-10 fanout976
 1.017195e-10 3.955983e-10 6.865725e-12 5.041835e-10 fanout966
 1.130277e-10 3.782349e-10 1.047891e-11 5.017415e-10 fanout545
 7.934645e-11 4.142809e-10 6.865914e-12 5.004933e-10 fanout746
 7.904918e-11 4.101404e-10 7.513895e-12 4.967035e-10 fanout516
 5.638873e-11 4.279112e-10 7.514083e-12 4.918140e-10 fanout463
 1.017649e-10 3.808695e-10 7.514024e-12 4.901485e-10 fanout718
 5.111364e-11 4.314936e-10 4.876245e-12 4.874835e-10 fanout245
 1.129294e-10 3.601469e-10 1.416734e-11 4.872436e-10 fanout565
 1.016362e-10 3.767415e-10 6.865725e-12 4.852434e-10 fanout972
 1.028238e-10 3.687066e-10 6.865725e-12 4.783962e-10 fanout964
 1.015168e-10 3.360742e-10 6.865725e-12 4.444567e-10 fanout974
 1.022467e-10 3.310369e-10 6.865764e-12 4.401494e-10 fanout946
 5.812667e-11 3.711738e-10 7.514069e-12 4.368146e-10 fanout259
 5.149088e-11 3.798988e-10 4.325258e-12 4.357149e-10 fanout560
 5.781369e-11 3.645956e-10 6.865718e-12 4.292750e-10 fanout282
 5.739290e-11 3.630504e-10 6.865705e-12 4.273090e-10 fanout691
 5.125479e-11 3.554832e-10 4.325265e-12 4.110632e-10 fanout728
 5.114064e-11 3.464414e-10 4.876245e-12 4.024583e-10 fanout963
 5.129005e-11 3.460643e-10 4.876245e-12 4.022306e-10 fanout909
 5.635868e-11 3.367658e-10 7.514004e-12 4.006385e-10 fanout239
 5.135036e-11 3.426474e-10 4.325265e-12 3.983230e-10 fanout228
 5.123352e-11 3.396643e-10 4.325270e-12 3.952231e-10 fanout294
 1.750579e-11 3.696467e-10 6.340262e-12 3.934927e-10 _11027_
 5.645291e-11 3.279728e-10 7.514069e-12 3.919398e-10 fanout256
 5.651878e-11 3.258840e-10 6.865712e-12 3.892685e-10 fanout203
 5.134358e-11 3.297225e-10 4.325265e-12 3.853913e-10 fanout717
 7.616435e-11 3.043920e-10 4.325210e-12 3.848816e-10 fanout112
 6.762169e-11 3.014045e-10 1.048013e-11 3.795063e-10 fanout751
 3.748813e-10 0.000000e+00 1.895755e-12 3.767770e-10 clkload93
 3.743607e-10 0.000000e+00 1.895755e-12 3.762565e-10 clkload135
 3.732909e-10 0.000000e+00 1.895755e-12 3.751867e-10 clkload137
 3.732330e-10 0.000000e+00 1.895755e-12 3.751288e-10 clkload53
 3.730327e-10 0.000000e+00 1.895755e-12 3.749285e-10 clkload54
 3.727118e-10 0.000000e+00 1.895755e-12 3.746075e-10 clkload82
 3.727016e-10 0.000000e+00 1.895755e-12 3.745974e-10 clkload47
 3.719365e-10 0.000000e+00 1.895755e-12 3.738322e-10 clkload44
 3.712380e-10 0.000000e+00 1.895755e-12 3.731337e-10 clkload73
 3.712179e-10 0.000000e+00 1.895755e-12 3.731137e-10 clkload40
 5.600144e-11 3.101724e-10 6.865712e-12 3.730396e-10 fanout291
 3.706811e-10 0.000000e+00 1.895755e-12 3.725769e-10 clkload62
 3.706555e-10 0.000000e+00 1.895755e-12 3.725513e-10 clkload35
 3.704798e-10 0.000000e+00 1.895755e-12 3.723755e-10 clkload63
 3.703165e-10 0.000000e+00 1.895755e-12 3.722123e-10 clkload8
 5.143055e-11 3.146600e-10 4.325265e-12 3.704158e-10 fanout721
 3.683306e-10 0.000000e+00 1.895755e-12 3.702263e-10 clkload96
 3.682849e-10 0.000000e+00 1.895755e-12 3.701806e-10 clkload101
 3.669831e-10 0.000000e+00 1.895755e-12 3.688788e-10 clkload26
 5.141863e-11 3.113371e-10 4.325265e-12 3.670810e-10 fanout719
 5.136095e-11 3.045068e-10 4.876245e-12 3.607440e-10 fanout952
 5.143967e-11 3.042574e-10 4.325265e-12 3.600223e-10 fanout736
 5.174195e-11 3.029677e-10 4.876245e-12 3.595858e-10 fanout911
 5.137760e-11 3.000297e-10 4.876245e-12 3.562835e-10 fanout959
 5.640595e-11 2.908577e-10 7.514069e-12 3.547777e-10 fanout258
 5.603544e-11 2.900408e-10 6.865725e-12 3.529420e-10 fanout252
 5.154770e-11 2.955843e-10 4.325265e-12 3.514572e-10 fanout725
 5.143174e-11 2.904650e-10 4.876245e-12 3.467729e-10 fanout925
 5.157795e-11 2.866216e-10 4.325265e-12 3.425248e-10 fanout714
 5.221143e-11 2.800250e-10 4.876245e-12 3.371127e-10 fanout921
 5.196244e-11 2.786366e-10 4.325265e-12 3.349243e-10 fanout739
 5.156881e-11 2.776687e-10 4.876245e-12 3.341137e-10 fanout934
 3.541373e-11 2.942500e-10 3.659682e-12 3.333234e-10 wire173
 5.156293e-11 2.764048e-10 4.876245e-12 3.328439e-10 fanout948
 5.170562e-11 2.752633e-10 4.876245e-12 3.318452e-10 fanout957
 5.147375e-11 2.744388e-10 4.876272e-12 3.307888e-10 fanout980
 5.632322e-11 2.651549e-10 6.865764e-12 3.283439e-10 fanout991
 2.198568e-11 3.014567e-10 3.659509e-12 3.271018e-10 fanout192
 5.164551e-11 2.691132e-10 4.876245e-12 3.256350e-10 fanout936
 5.188366e-11 2.647459e-10 4.876245e-12 3.215058e-10 fanout947
 5.167038e-11 2.630646e-10 4.876245e-12 3.196113e-10 fanout937
 5.177932e-11 2.630637e-10 4.325264e-12 3.191682e-10 fanout724
 5.193575e-11 2.593927e-10 4.876245e-12 3.162047e-10 fanout918
 5.180790e-11 2.578920e-10 4.876245e-12 3.145762e-10 fanout960
 5.154316e-11 2.567175e-10 4.876245e-12 3.131369e-10 fanout954
 1.277834e-11 2.927464e-10 6.341636e-12 3.118664e-10 _19278_
 5.651143e-11 2.440535e-10 6.865745e-12 3.074307e-10 fanout285
 5.233246e-11 2.485513e-10 4.876245e-12 3.057600e-10 fanout923
 3.979657e-11 2.578911e-10 4.876117e-12 3.025638e-10 fanout745
 5.194669e-11 2.446751e-10 4.876245e-12 3.014980e-10 fanout928
 6.513455e-11 2.305860e-10 4.325397e-12 3.000460e-10 fanout646
 6.540222e-11 2.273845e-10 4.325407e-12 2.971122e-10 fanout620
 5.686384e-11 2.316676e-10 7.514077e-12 2.960455e-10 fanout543
 3.983393e-11 2.481270e-10 4.876117e-12 2.928370e-10 fanout743
 2.908034e-10 0.000000e+00 9.557113e-14 2.908990e-10 clkload59
 5.205450e-11 2.332678e-10 4.876245e-12 2.901985e-10 fanout916
 5.634636e-11 2.203998e-10 4.647911e-12 2.813941e-10 fanout627
 2.806664e-10 0.000000e+00 9.557113e-14 2.807619e-10 clkload92
 2.783365e-10 0.000000e+00 9.557113e-14 2.784321e-10 clkload112
 2.764113e-10 0.000000e+00 9.557113e-14 2.765068e-10 clkload118
 2.756345e-10 0.000000e+00 9.557113e-14 2.757300e-10 clkload128
 2.739331e-10 0.000000e+00 9.557113e-14 2.740286e-10 clkload79
 6.522020e-11 2.035443e-10 4.325385e-12 2.730898e-10 fanout640
 2.728429e-10 0.000000e+00 9.557113e-14 2.729384e-10 clkload77
 5.171861e-11 2.157967e-10 4.876245e-12 2.723916e-10 fanout926
 2.720568e-10 0.000000e+00 9.557113e-14 2.721523e-10 clkload45
 2.716516e-10 0.000000e+00 9.557113e-14 2.717471e-10 clkload41
 2.713948e-10 0.000000e+00 9.557113e-14 2.714903e-10 clkload123
 2.702659e-10 0.000000e+00 9.557113e-14 2.703615e-10 clkload69
 5.184119e-11 2.113930e-10 4.876245e-12 2.681105e-10 fanout924
 2.658163e-10 0.000000e+00 9.557113e-14 2.659118e-10 clkload98
 5.224306e-11 2.080045e-10 4.876245e-12 2.651238e-10 fanout953
 4.007596e-11 2.176255e-10 4.325375e-12 2.620269e-10 fanout514
 3.370285e-11 2.182376e-10 7.513856e-12 2.594543e-10 fanout897
 5.281261e-11 2.007496e-10 4.876245e-12 2.584385e-10 fanout913
 3.358092e-11 2.138192e-10 7.513927e-12 2.549141e-10 fanout892
 2.833669e-11 2.203779e-10 4.876283e-12 2.535909e-10 fanout264
 5.216014e-11 1.958914e-10 4.876245e-12 2.529278e-10 fanout920
 2.230806e-11 2.267004e-10 3.659509e-12 2.526680e-10 fanout188
 5.254741e-11 1.954504e-10 4.325210e-12 2.523230e-10 fanout106
 2.517624e-10 0.000000e+00 9.557113e-14 2.518580e-10 clkload9
 2.838951e-11 2.143187e-10 4.876295e-12 2.475845e-10 fanout699
 5.204276e-11 1.901679e-10 4.876245e-12 2.470869e-10 fanout951
 4.018819e-11 2.005612e-10 4.876118e-12 2.456255e-10 fanout747
 2.890155e-11 2.081833e-10 4.876267e-12 2.419611e-10 fanout331
 4.281664e-11 1.940645e-10 4.647989e-12 2.415291e-10 fanout77
 5.220785e-11 1.807356e-10 4.876245e-12 2.378197e-10 fanout912
 2.243852e-11 2.084569e-10 3.659509e-12 2.345549e-10 fanout193
 3.381957e-11 1.923627e-10 7.513856e-12 2.336961e-10 fanout893
 5.237417e-11 1.759577e-10 4.876245e-12 2.332081e-10 fanout914
 2.859708e-11 1.983367e-10 4.876267e-12 2.318101e-10 fanout313
 2.878986e-11 1.972506e-10 4.325210e-12 2.303656e-10 fanout70
 2.842480e-11 1.968529e-10 4.876283e-12 2.301540e-10 fanout276
 2.247256e-11 2.012938e-10 3.659509e-12 2.274259e-10 fanout189
 2.850450e-11 1.910233e-10 4.876267e-12 2.244041e-10 fanout328
 2.855747e-11 1.906650e-10 4.876284e-12 2.240987e-10 fanout277
 2.844821e-11 1.893378e-10 4.876284e-12 2.226622e-10 fanout275
 2.852229e-11 1.885776e-10 4.876267e-12 2.219761e-10 fanout318
 2.847268e-11 1.869336e-10 4.876283e-12 2.202826e-10 fanout274
 2.912684e-11 1.859720e-10 4.647902e-12 2.197468e-10 fanout927
 2.855024e-11 1.819378e-10 4.876284e-12 2.153643e-10 fanout272
 2.850758e-11 1.819680e-10 4.876267e-12 2.153518e-10 fanout316
 2.855609e-11 1.803550e-10 4.876283e-12 2.137874e-10 fanout262
 2.851487e-11 1.809178e-10 4.325214e-12 2.137579e-10 fanout477
 2.849090e-11 1.800215e-10 4.876295e-12 2.133887e-10 fanout676
 2.854134e-11 1.802716e-10 4.325215e-12 2.131382e-10 fanout456
 2.837438e-11 1.802890e-10 4.325226e-12 2.129886e-10 fanout198
 2.856130e-11 1.780183e-10 4.876284e-12 2.114559e-10 fanout280
 2.846562e-11 1.784186e-10 4.325215e-12 2.112094e-10 fanout450
 2.856444e-11 1.769108e-10 4.325215e-12 2.098005e-10 fanout445
 2.853263e-11 1.758279e-10 4.876267e-12 2.092368e-10 fanout312
 3.359885e-11 1.661593e-10 6.865932e-12 2.066241e-10 fanout749
 2.859928e-11 1.713633e-10 4.876283e-12 2.048388e-10 fanout260
 3.612264e-11 1.647594e-10 3.659603e-12 2.045417e-10 fanout624
 2.859875e-11 1.706269e-10 4.876284e-12 2.041020e-10 fanout268
 2.874850e-11 1.703743e-10 4.876284e-12 2.039991e-10 fanout266
 4.202694e-11 1.577193e-10 3.659319e-12 2.034056e-10 fanout94
 2.855697e-11 1.698646e-10 4.876267e-12 2.032978e-10 fanout317
 3.663389e-11 1.613810e-10 3.659622e-12 2.016746e-10 fanout630
 2.911595e-11 1.677331e-10 3.659415e-12 2.005085e-10 fanout737
 3.603411e-11 1.583886e-10 3.659652e-12 1.980824e-10 fanout614
 4.161789e-11 1.521199e-10 4.325363e-12 1.980632e-10 fanout797
 4.169217e-11 1.511321e-10 4.325418e-12 1.971496e-10 fanout648
 2.861448e-11 1.628751e-10 4.876294e-12 1.963659e-10 fanout675
 1.937215e-10 0.000000e+00 6.414054e-13 1.943629e-10 clkload60
 3.594693e-11 1.546527e-10 3.659632e-12 1.942592e-10 fanout610
 1.935390e-10 0.000000e+00 6.414054e-13 1.941804e-10 clkload57
 1.931347e-10 0.000000e+00 6.414054e-13 1.937761e-10 clkload90
 1.929648e-10 0.000000e+00 6.414054e-13 1.936062e-10 clkload138
 1.926400e-10 0.000000e+00 6.414054e-13 1.932814e-10 clkload136
 1.926280e-10 0.000000e+00 6.414054e-13 1.932694e-10 clkload83
 2.856514e-11 1.598078e-10 4.876295e-12 1.932492e-10 fanout686
 1.923516e-10 0.000000e+00 6.414054e-13 1.929930e-10 clkload52
 1.921716e-10 0.000000e+00 6.414054e-13 1.928130e-10 clkload133
 1.920519e-10 0.000000e+00 6.414054e-13 1.926933e-10 clkload51
 1.918443e-10 0.000000e+00 6.414054e-13 1.924857e-10 clkload42
 1.910340e-10 0.000000e+00 6.414054e-13 1.916754e-10 clkload122
 1.908890e-10 0.000000e+00 6.414054e-13 1.915304e-10 clkload46
 2.877843e-11 1.572494e-10 4.876267e-12 1.909040e-10 fanout314
 3.645609e-11 1.494990e-10 3.659642e-12 1.896147e-10 fanout656
 2.865728e-11 1.560122e-10 4.876267e-12 1.895458e-10 fanout311
 3.607626e-11 1.494287e-10 3.659642e-12 1.891646e-10 fanout594
 2.863772e-11 1.552640e-10 4.876289e-12 1.887780e-10 fanout497
 2.856656e-11 1.545539e-10 4.876294e-12 1.879967e-10 fanout696
 2.877563e-11 1.542158e-10 4.876289e-12 1.878677e-10 fanout492
 2.860921e-11 1.547435e-10 4.325215e-12 1.876779e-10 fanout455
 2.883267e-11 1.537057e-10 4.876267e-12 1.874146e-10 fanout319
 2.256743e-11 1.609960e-10 3.659642e-12 1.872231e-10 fanout899
 2.857104e-11 1.534743e-10 4.876294e-12 1.869216e-10 fanout693
 2.882729e-11 1.531109e-10 4.876284e-12 1.868145e-10 fanout265
 2.864214e-11 1.530958e-10 4.876294e-12 1.866143e-10 fanout706
 2.858178e-11 1.527821e-10 4.876267e-12 1.862401e-10 fanout327
 2.863086e-11 1.522181e-10 4.876267e-12 1.857252e-10 fanout315
 2.855444e-11 1.528131e-10 4.325215e-12 1.856927e-10 fanout461
 2.876960e-11 1.507825e-10 4.876294e-12 1.844284e-10 fanout679
 2.866062e-11 1.496744e-10 4.876283e-12 1.832113e-10 fanout271
 2.914819e-11 1.486942e-10 4.647902e-12 1.824903e-10 fanout942
 2.251608e-11 1.559874e-10 3.659509e-12 1.821630e-10 fanout184
 2.857396e-11 1.483133e-10 4.325220e-12 1.812124e-10 fanout711
 2.861946e-11 1.471804e-10 4.876283e-12 1.806761e-10 fanout267
 3.667340e-11 1.399694e-10 3.659672e-12 1.803025e-10 fanout621
 2.869308e-11 1.460338e-10 4.876267e-12 1.796031e-10 fanout320
 3.662013e-11 1.358631e-10 3.659622e-12 1.761429e-10 fanout653
 2.913820e-11 1.430605e-10 3.659415e-12 1.758581e-10 fanout723
 3.711299e-11 1.349986e-10 3.659652e-12 1.757712e-10 fanout601
 2.859005e-11 1.422259e-10 4.325215e-12 1.751412e-10 fanout478
 2.926428e-11 1.411679e-10 4.647902e-12 1.750801e-10 fanout929
 3.614730e-11 1.344269e-10 3.659652e-12 1.742338e-10 fanout616
 2.882042e-11 1.387110e-10 4.876294e-12 1.724077e-10 fanout671
 3.670580e-11 1.316354e-10 3.659652e-12 1.720008e-10 fanout639
 3.665851e-11 1.287404e-10 3.659622e-12 1.690585e-10 fanout631
 1.695547e-11 1.452690e-10 4.876135e-12 1.671007e-10 fanout538
 2.974803e-11 1.322523e-10 4.647922e-12 1.666482e-10 fanout612
 2.922649e-11 1.311323e-10 4.647901e-12 1.650067e-10 fanout961
 1.601031e-11 1.452737e-10 3.659326e-12 1.649434e-10 fanout442
 2.873321e-11 1.281765e-10 4.876294e-12 1.617860e-10 fanout689
 2.920370e-11 1.283570e-10 3.659415e-12 1.612201e-10 fanout729
 2.911528e-11 1.262210e-10 4.647901e-12 1.599842e-10 fanout956
 1.702458e-11 1.300950e-10 4.876135e-12 1.519957e-10 fanout533
 2.872809e-11 1.133798e-10 4.325215e-12 1.464331e-10 fanout475
 1.700762e-11 1.236242e-10 4.876135e-12 1.455079e-10 fanout536
 4.255220e-11 9.852012e-11 3.659319e-12 1.447316e-10 max_cap103
 1.609835e-11 1.217818e-10 3.659325e-12 1.415395e-10 fanout479
 1.609836e-11 1.185162e-10 3.659336e-12 1.382739e-10 fanout712
 2.881572e-11 1.043411e-10 4.876294e-12 1.380331e-10 fanout702
 1.615294e-11 1.124755e-10 4.647990e-12 1.332764e-10 fanout695
 3.015926e-11 9.729131e-11 4.647911e-12 1.320985e-10 fanout599
 1.607140e-11 1.105587e-10 3.659326e-12 1.302894e-10 fanout485
 2.244229e-11 9.725382e-11 1.047880e-11 1.301749e-10 fanout590
 1.708494e-11 1.070098e-10 4.876135e-12 1.289709e-10 fanout532
 1.609802e-11 1.089341e-10 3.659326e-12 1.286914e-10 fanout476
 1.610191e-11 1.089166e-10 3.659326e-12 1.286778e-10 fanout469
 1.711844e-11 1.052292e-10 4.876135e-12 1.272237e-10 fanout539
 1.615077e-11 1.068003e-10 3.659325e-12 1.266104e-10 fanout489
 2.346390e-11 9.918188e-11 3.659622e-12 1.263054e-10 fanout602
 1.709229e-11 1.008466e-10 4.876135e-12 1.228150e-10 fanout537
 2.336335e-11 9.519845e-11 3.659602e-12 1.222214e-10 fanout632
 1.612153e-11 1.021998e-10 3.659326e-12 1.219806e-10 fanout459
 1.619008e-11 1.011229e-10 4.647990e-12 1.219609e-10 fanout703
 2.910682e-11 8.786014e-11 4.876294e-12 1.218433e-10 fanout154
 1.717685e-11 9.864025e-11 4.876135e-12 1.206932e-10 fanout524
 1.613581e-11 9.904377e-11 3.659326e-12 1.188389e-10 fanout470
 1.713830e-11 9.647408e-11 4.325347e-12 1.179377e-10 fanout847
 2.881052e-11 8.457928e-11 4.325210e-12 1.177150e-10 wire115
 2.268790e-11 9.135907e-11 3.659509e-12 1.177065e-10 fanout186
 1.618111e-11 9.683544e-11 4.647940e-12 1.176645e-10 fanout321
 2.296904e-11 8.726687e-11 3.659583e-12 1.138955e-10 fanout608
 1.720292e-11 9.140133e-11 4.876135e-12 1.134804e-10 fanout527
 2.335593e-11 8.582529e-11 3.659602e-12 1.128408e-10 fanout633
 1.714700e-11 9.061821e-11 4.876135e-12 1.126414e-10 fanout530
 1.617749e-11 8.982682e-11 4.647972e-12 1.106523e-10 fanout278
 1.722066e-11 8.823686e-11 4.876135e-12 1.103337e-10 fanout521
 1.630852e-11 9.006660e-11 3.659318e-12 1.100344e-10 max_cap117
 1.720599e-11 8.718645e-11 4.876135e-12 1.092686e-10 fanout520
 1.621272e-11 8.912580e-11 3.659325e-12 1.089978e-10 fanout482
 1.621725e-11 8.744300e-11 4.647990e-12 1.083083e-10 fanout685
 1.616119e-11 8.739370e-11 4.647990e-12 1.082029e-10 fanout674
 1.722955e-11 8.455407e-11 4.876135e-12 1.066598e-10 fanout526
 1.720311e-11 8.448492e-11 4.876135e-12 1.065642e-10 fanout540
 1.621882e-11 8.448517e-11 4.647990e-12 1.053520e-10 fanout704
 1.621359e-11 8.397704e-11 3.659318e-12 1.038499e-10 wire116
 1.617391e-11 8.342795e-11 3.659338e-12 1.032612e-10 fanout163
 1.626668e-11 8.026105e-11 4.647990e-12 1.011757e-10 fanout678
 2.346931e-11 7.236028e-11 3.659622e-12 9.948921e-11 fanout603
 1.619023e-11 7.536774e-11 3.659326e-12 9.521729e-11 fanout441
 1.627989e-11 7.472260e-11 3.659337e-12 9.466183e-11 fanout162
 1.621290e-11 6.995909e-11 3.659326e-12 8.983132e-11 fanout449
 9.742442e-12 7.054118e-11 3.659563e-12 8.394319e-11 fanout839
 1.617011e-11 6.308217e-11 3.659326e-12 8.291161e-11 fanout487
 1.621038e-11 6.201962e-11 3.659326e-12 8.188933e-11 fanout447
 1.624847e-11 6.026316e-11 4.647980e-12 8.115961e-11 fanout494
 1.618513e-11 5.935420e-11 4.647990e-12 8.018732e-11 fanout698
 1.132569e-11 6.092883e-11 6.865699e-12 7.912023e-11 fanout501
 1.123920e-11 6.022392e-11 6.865699e-12 7.832882e-11 fanout205
 9.657634e-12 6.342493e-11 3.659563e-12 7.674213e-11 fanout880
 1.126376e-11 5.802545e-11 6.865699e-12 7.615491e-11 fanout499
 1.619534e-11 5.597893e-11 3.659326e-12 7.583359e-11 fanout467
 1.767731e-11 5.373762e-11 4.325352e-12 7.574028e-11 fanout798
 9.663327e-12 6.084357e-11 4.647704e-12 7.515460e-11 fanout531
 1.618775e-11 5.397886e-11 4.647990e-12 7.481460e-11 fanout688
 9.780203e-12 6.082377e-11 3.659563e-12 7.426354e-11 fanout834
 9.673012e-12 5.749352e-11 3.659563e-12 7.082609e-11 fanout887
 9.733156e-12 5.027477e-11 3.659563e-12 6.366749e-11 fanout833
 9.714837e-12 5.015876e-11 3.659563e-12 6.353316e-11 fanout868
 9.703576e-12 4.972965e-11 3.659563e-12 6.309279e-11 fanout855
 9.717244e-12 4.933502e-11 3.659563e-12 6.271183e-11 fanout870
 9.734154e-12 4.885983e-11 3.659563e-12 6.225354e-11 fanout848
 9.730046e-12 4.832982e-11 3.659563e-12 6.171943e-11 fanout862
 9.830761e-12 4.612406e-11 3.659563e-12 5.961438e-11 fanout829
 9.727477e-12 4.587957e-11 3.659563e-12 5.926661e-11 fanout864
 9.718813e-12 4.559182e-11 3.659563e-12 5.897020e-11 fanout878
 9.720372e-12 4.469164e-11 3.659564e-12 5.807157e-11 fanout844
 9.703269e-12 4.428135e-11 3.659564e-12 5.764418e-11 fanout838
 9.728420e-12 4.422100e-11 3.659563e-12 5.760898e-11 fanout850
 9.769277e-12 4.409935e-11 3.659563e-12 5.752819e-11 fanout832
 9.727809e-12 4.412583e-11 3.659563e-12 5.751321e-11 fanout824
 9.856009e-12 4.320326e-11 3.659564e-12 5.671883e-11 fanout814
 9.772831e-12 4.313076e-11 3.659563e-12 5.656315e-11 fanout867
 9.826005e-12 4.298972e-11 3.659563e-12 5.647529e-11 fanout858
 9.731520e-12 4.282485e-11 3.659563e-12 5.621594e-11 fanout821
 9.732062e-12 4.267092e-11 3.659563e-12 5.606254e-11 fanout885
 9.725155e-12 4.256629e-11 3.659563e-12 5.595101e-11 fanout872
 9.751822e-12 4.225075e-11 3.659564e-12 5.566213e-11 fanout826
 9.734409e-12 4.183798e-11 3.659563e-12 5.523195e-11 fanout881
 9.735496e-12 4.176166e-11 3.659563e-12 5.515672e-11 fanout851
 9.739563e-12 4.174835e-11 3.659563e-12 5.514747e-11 fanout869
 9.787964e-12 4.168786e-11 3.659563e-12 5.513539e-11 fanout861
 9.809590e-12 4.162261e-11 3.659564e-12 5.509176e-11 fanout843
 9.812356e-12 4.152465e-11 3.659564e-12 5.499657e-11 fanout837
 9.856099e-12 4.113697e-11 3.659563e-12 5.465263e-11 fanout835
 9.715681e-12 4.076445e-11 3.659563e-12 5.413970e-11 fanout860
 9.817823e-12 4.036465e-11 3.659563e-12 5.384204e-11 fanout866
 9.828934e-12 3.973825e-11 3.659563e-12 5.322675e-11 fanout859
 9.824528e-12 3.909874e-11 3.659563e-12 5.258283e-11 fanout841
 9.730136e-12 3.856796e-11 3.659563e-12 5.195766e-11 fanout877
 9.865294e-12 3.780218e-11 3.659563e-12 5.132704e-11 fanout888
 5.684120e-12 4.020752e-11 4.876300e-12 5.076795e-11 fanout500
 9.731853e-12 3.712855e-11 3.659563e-12 5.051997e-11 fanout883
 9.757309e-12 3.710103e-11 3.659564e-12 5.051790e-11 fanout822
 9.754379e-12 3.705971e-11 3.659563e-12 5.047365e-11 fanout836
 9.753440e-12 3.702140e-11 3.659563e-12 5.043440e-11 fanout840
 1.010273e-11 3.515693e-11 3.659583e-12 4.891924e-11 fanout605
 9.746990e-12 3.501370e-11 3.659563e-12 4.842026e-11 fanout890
 9.758944e-12 3.341873e-11 3.659563e-12 4.683724e-11 fanout849
 9.734846e-12 3.191539e-11 3.659563e-12 4.530979e-11 fanout820
 5.726436e-12 3.456037e-11 4.876300e-12 4.516311e-11 fanout334
 9.850507e-12 3.039159e-11 3.659563e-12 4.390166e-11 fanout889
 9.724482e-12 3.043991e-11 3.659563e-12 4.382395e-11 fanout856
 5.876310e-12 3.198658e-11 4.325209e-12 4.218810e-11 fanout71
 5.738838e-12 2.551979e-11 4.876300e-12 3.613493e-11 fanout810
 5.840985e-12 2.297815e-11 4.876300e-12 3.369544e-11 fanout812
 5.925762e-12 2.247816e-11 1.181000e-12 2.958492e-11 fanout818
 3.321648e-12 2.189830e-11 3.659317e-12 2.887927e-11 fanout108
 5.938670e-12 1.970746e-11 1.181000e-12 2.682713e-11 fanout865
 3.309519e-12 1.736162e-11 4.648000e-12 2.531914e-11 fanout141
 3.296723e-12 1.694077e-11 4.648000e-12 2.488549e-11 fanout132
 3.301709e-12 1.663358e-11 4.648000e-12 2.458328e-11 fanout134
 3.374408e-12 1.533440e-11 4.648000e-12 2.335681e-11 fanout220
 3.226704e-12 1.600247e-11 3.659316e-12 2.288849e-11 fanout74
 3.302161e-12 1.565416e-11 3.659316e-12 2.261564e-11 fanout218
 3.236201e-12 1.491717e-11 3.659316e-12 2.181269e-11 fanout72
 3.264922e-12 1.316542e-11 3.659316e-12 2.008966e-11 fanout216
 3.282997e-12 1.143980e-11 4.648000e-12 1.937080e-11 fanout606
 3.355795e-12 1.087457e-11 4.648000e-12 1.887836e-11 fanout807
 5.834540e-12 3.009958e-12 1.181000e-12 1.002550e-11 _22766_
 5.824456e-12 2.798422e-12 1.181000e-12 9.803877e-12 _22769_
 5.824052e-12 2.758316e-12 1.181000e-12 9.763368e-12 _22767_
 5.819373e-12 2.691806e-12 1.181000e-12 9.692178e-12 _22768_
 5.820561e-12 2.686123e-12 1.181000e-12 9.687685e-12 _22771_
 5.816692e-12 2.635580e-12 1.181000e-12 9.633272e-12 _22765_
 5.809215e-12 2.478719e-12 1.181000e-12 9.468934e-12 _22772_
 5.807182e-12 2.409392e-12 1.181000e-12 9.397574e-12 _22770_
 6.788216e-19 4.316350e-18 7.513969e-12 7.513975e-12 fanout1026
 6.772091e-19 3.556650e-18 7.513969e-12 7.513974e-12 fanout1075
 2.009106e-12 3.187339e-12 1.181000e-12 6.377445e-12 max_cap153
 2.016358e-12 2.755437e-12 1.181000e-12 5.952795e-12 max_cap709
 1.965755e-12 2.158963e-12 1.181000e-12 5.305718e-12 _22757_
 1.964663e-12 2.056629e-12 1.181000e-12 5.202293e-12 _22763_
 3.399982e-19 2.654205e-18 4.876190e-12 4.876193e-12 fanout1078
 3.413511e-19 2.313552e-18 4.876190e-12 4.876192e-12 fanout1079
 3.418043e-19 2.325533e-18 4.876190e-12 4.876192e-12 fanout1087
 3.421341e-19 2.213014e-18 4.876190e-12 4.876192e-12 fanout1090
 3.412048e-19 2.436254e-18 4.876190e-12 4.876192e-12 fanout1094
 3.427774e-19 1.970665e-18 4.876190e-12 4.876192e-12 fanout1080
 3.436485e-19 1.912124e-18 4.876190e-12 4.876192e-12 fanout1081
 3.432013e-19 2.020682e-18 4.876190e-12 4.876192e-12 fanout1082
 3.437088e-19 1.854338e-18 4.876190e-12 4.876192e-12 fanout1092
 1.885460e-18 2.242227e-17 4.647921e-12 4.647945e-12 input8
 1.956136e-12 1.284874e-12 1.181000e-12 4.422010e-12 _22764_
 3.407750e-19 2.400996e-18 4.325311e-12 4.325314e-12 fanout1050
 3.472617e-19 1.752417e-18 4.325311e-12 4.325313e-12 fanout1004
 3.436291e-19 1.885867e-18 4.325311e-12 4.325313e-12 fanout1008
 3.443190e-19 1.662769e-18 4.325311e-12 4.325313e-12 fanout1017
 3.433250e-19 1.946966e-18 4.325311e-12 4.325313e-12 fanout1021
 3.443205e-19 1.740601e-18 4.325311e-12 4.325313e-12 fanout1027
 3.426968e-19 2.024834e-18 4.325311e-12 4.325313e-12 fanout1041
 3.415645e-19 2.524922e-18 4.325310e-12 4.325313e-12 fanout1058
 3.441305e-19 1.846424e-18 4.325311e-12 4.325313e-12 fanout1061
 3.448362e-19 1.662583e-18 4.325311e-12 4.325313e-12 fanout1063
 3.460272e-19 1.694023e-18 4.325311e-12 4.325313e-12 fanout1072
 3.439863e-19 1.860553e-18 4.325311e-12 4.325313e-12 fanout1073
 3.467493e-19 1.821571e-18 4.325311e-12 4.325313e-12 fanout993
 3.415649e-19 2.225257e-18 4.325310e-12 4.325313e-12 fanout1002
 3.486822e-19 1.243293e-18 4.325311e-12 4.325313e-12 fanout1003
 3.448638e-19 1.585845e-18 4.325311e-12 4.325313e-12 fanout1005
 3.414831e-19 2.230134e-18 4.325310e-12 4.325313e-12 fanout1025
 3.464372e-19 1.247635e-18 4.325311e-12 4.325313e-12 fanout1052
 3.422001e-19 2.042876e-18 4.325310e-12 4.325312e-12 fanout1014
 1.951558e-12 1.183735e-12 1.181000e-12 4.316292e-12 _22761_
 1.946678e-12 1.075780e-12 1.181000e-12 4.203458e-12 _22758_
 1.945173e-12 1.042336e-12 1.181000e-12 4.168509e-12 _22760_
 1.938608e-12 8.971526e-13 1.181000e-12 4.016760e-12 _22762_
 1.934876e-12 8.147365e-13 1.181000e-12 3.930612e-12 _22759_
 1.892956e-19 2.456176e-18 3.659499e-12 3.659502e-12 fanout997
 1.918274e-19 1.842276e-18 3.659499e-12 3.659502e-12 fanout998
 1.933421e-19 1.375554e-18 3.659498e-12 3.659500e-12 fanout1047
 1.942023e-19 1.052819e-18 3.659498e-12 3.659500e-12 fanout1031
 1.934735e-19 1.124823e-18 3.659498e-12 3.659500e-12 fanout1054
 1.937123e-19 1.033260e-18 3.659498e-12 3.659500e-12 fanout1057
 1.936903e-19 1.134696e-18 3.659498e-12 3.659500e-12 fanout1070
 1.947239e-19 6.445553e-19 3.659498e-12 3.659499e-12 fanout1023
 1.951237e-19 5.557139e-19 3.659498e-12 3.659499e-12 fanout1043
 1.941345e-19 7.905137e-19 3.659498e-12 3.659499e-12 fanout1045
 1.953510e-19 8.021750e-19 3.659498e-12 3.659499e-12 fanout1056
 1.946348e-19 6.642113e-19 3.659498e-12 3.659499e-12 fanout1068
 1.948157e-19 8.858980e-19 3.659498e-12 3.659499e-12 fanout995
 1.580065e-19 2.071814e-18 1.181000e-12 1.181002e-12 input6
 3.377296e-19 1.588357e-18 1.181000e-12 1.181002e-12 input5
 2.589839e-19 4.751197e-19 1.181000e-12 1.181001e-12 input3
 2.591174e-19 4.399413e-19 1.181000e-12 1.181001e-12 input2
 3.457357e-19 4.035502e-19 1.181000e-12 1.181001e-12 input4
 1.727952e-19 2.765255e-19 1.181000e-12 1.181000e-12 input10
 8.498569e-20 3.178020e-19 1.181000e-12 1.181000e-12 input7
 1.728266e-19 1.432554e-19 1.181000e-12 1.181000e-12 input1
