     Internal    Switching      Leakage        Total
        Power        Power        Power        Power (Watts)
----------------------------------------------------
 9.086836e-07 4.593695e-06 1.232185e-11 5.502391e-06 clkbuf_4_12__f_core_clk
 4.586735e-07 4.870746e-06 7.189680e-12 5.329427e-06 clkbuf_leaf_166_core_clk
 9.090670e-07 3.581190e-06 1.232185e-11 4.490269e-06 clkbuf_4_9__f_core_clk
 9.089771e-07 3.552562e-06 1.232185e-11 4.461551e-06 clkbuf_4_8__f_core_clk
 9.047350e-07 2.937353e-06 1.232185e-11 3.842100e-06 clkbuf_4_15__f_core_clk
 8.961658e-07 2.920532e-06 1.232185e-11 3.816710e-06 clkbuf_0_core_clk
 9.024889e-07 2.492250e-06 1.232185e-11 3.394752e-06 clkbuf_4_5__f_core_clk
 9.067541e-07 2.451888e-06 1.232185e-11 3.358654e-06 clkbuf_4_11__f_core_clk
 9.061631e-07 2.352206e-06 1.232185e-11 3.258381e-06 clkbuf_4_0__f_core_clk
 9.064965e-07 2.338275e-06 1.232185e-11 3.244784e-06 clkbuf_4_10__f_core_clk
 9.017830e-07 2.326315e-06 1.232185e-11 3.228111e-06 clkbuf_4_6__f_core_clk
 9.033539e-07 2.303112e-06 1.232185e-11 3.206478e-06 clkbuf_4_14__f_core_clk
 9.017529e-07 2.292765e-06 1.232185e-11 3.194530e-06 clkbuf_4_7__f_core_clk
 9.017260e-07 2.231186e-06 1.232185e-11 3.132925e-06 clkbuf_4_4__f_core_clk
 9.058056e-07 2.179280e-06 1.232185e-11 3.085098e-06 clkbuf_4_1__f_core_clk
 9.028663e-07 2.117198e-06 1.232185e-11 3.020077e-06 clkbuf_4_13__f_core_clk
 4.574704e-07 2.528093e-06 7.189680e-12 2.985571e-06 clkbuf_2_1_0_core_clk
 9.054203e-07 2.045266e-06 1.232185e-11 2.950699e-06 clkbuf_4_2__f_core_clk
 4.241908e-07 2.512808e-06 8.268297e-12 2.937007e-06 u_icg
 4.575939e-07 2.332492e-06 7.189680e-12 2.790093e-06 clkbuf_2_3_0_core_clk
 9.049230e-07 1.876297e-06 1.232185e-11 2.781233e-06 clkbuf_4_3__f_core_clk
 4.565468e-07 2.163669e-06 7.189680e-12 2.620224e-06 clkbuf_2_0_0_core_clk
 4.572764e-07 2.136049e-06 7.189680e-12 2.593333e-06 clkbuf_2_2_0_core_clk
 4.578115e-07 1.158723e-06 7.189680e-12 1.616541e-06 clkbuf_leaf_172_core_clk
 4.569203e-07 1.121080e-06 7.189680e-12 1.578008e-06 clkbuf_leaf_168_core_clk
 4.564812e-07 1.104791e-06 7.189680e-12 1.561279e-06 clkbuf_leaf_169_core_clk
 4.554684e-07 1.066342e-06 7.189680e-12 1.521818e-06 clkbuf_leaf_171_core_clk
 4.550394e-07 1.052117e-06 7.189680e-12 1.507164e-06 clkbuf_leaf_173_core_clk
 4.547402e-07 1.031942e-06 7.189680e-12 1.486689e-06 clkbuf_leaf_152_core_clk
 4.511682e-07 1.015650e-06 7.189680e-12 1.466826e-06 clkbuf_leaf_38_core_clk
 4.523896e-07 9.446280e-07 7.189680e-12 1.397025e-06 clkbuf_leaf_167_core_clk
 4.522455e-07 9.374536e-07 7.189680e-12 1.389706e-06 clkbuf_leaf_165_core_clk
 4.487376e-07 9.186537e-07 7.189680e-12 1.367398e-06 clkbuf_leaf_36_core_clk
 4.510680e-07 8.875452e-07 7.189680e-12 1.338620e-06 clkbuf_leaf_151_core_clk
 4.509732e-07 8.851375e-07 7.189680e-12 1.336118e-06 clkbuf_leaf_150_core_clk
 4.506776e-07 8.831280e-07 7.189680e-12 1.333813e-06 clkbuf_leaf_174_core_clk
 4.507067e-07 8.811287e-07 7.189680e-12 1.331843e-06 clkbuf_leaf_170_core_clk
 4.507304e-07 8.741215e-07 7.189680e-12 1.324859e-06 clkbuf_leaf_141_core_clk
 4.471000e-07 8.762289e-07 7.189680e-12 1.323336e-06 clkbuf_leaf_25_core_clk
 4.470438e-07 8.731215e-07 7.189680e-12 1.320172e-06 clkbuf_leaf_23_core_clk
 4.500394e-07 8.522937e-07 7.189680e-12 1.302340e-06 clkbuf_leaf_164_core_clk
 4.497776e-07 8.409968e-07 7.189680e-12 1.290782e-06 clkbuf_leaf_154_core_clk
 4.499335e-07 8.378382e-07 7.189680e-12 1.287779e-06 clkbuf_leaf_43_core_clk
 4.488773e-07 8.315562e-07 7.189680e-12 1.280441e-06 clkbuf_leaf_95_core_clk
 4.464673e-07 8.324211e-07 7.189680e-12 1.278896e-06 clkbuf_leaf_34_core_clk
 4.481484e-07 8.307010e-07 7.189680e-12 1.278857e-06 clkbuf_leaf_120_core_clk
 4.464322e-07 8.311394e-07 7.189680e-12 1.277579e-06 clkbuf_leaf_37_core_clk
 4.503958e-07 8.251166e-07 7.189680e-12 1.275519e-06 clkbuf_leaf_21_core_clk
 4.461905e-07 8.263490e-07 7.189680e-12 1.272547e-06 clkbuf_leaf_31_core_clk
 4.494296e-07 8.182387e-07 7.189680e-12 1.267676e-06 clkbuf_leaf_42_core_clk
 4.457790e-07 8.154023e-07 7.189680e-12 1.261188e-06 clkbuf_leaf_29_core_clk
 4.490476e-07 8.114137e-07 7.189680e-12 1.260468e-06 clkbuf_leaf_149_core_clk
 4.459508e-07 8.125016e-07 7.189680e-12 1.258460e-06 clkbuf_leaf_26_core_clk
 4.489555e-07 8.084102e-07 7.189680e-12 1.257373e-06 clkbuf_leaf_153_core_clk
 4.414099e-07 8.075700e-07 7.189680e-12 1.248987e-06 clkbuf_leaf_19_core_clk
 4.488220e-07 7.953653e-07 7.189680e-12 1.244195e-06 clkbuf_leaf_41_core_clk
 4.487676e-07 7.931632e-07 7.189680e-12 1.241938e-06 clkbuf_leaf_39_core_clk
 4.474229e-07 7.941617e-07 7.189680e-12 1.241592e-06 clkbuf_leaf_94_core_clk
 4.492825e-07 7.822550e-07 7.189680e-12 1.231545e-06 clkbuf_leaf_14_core_clk
 4.491509e-07 7.776302e-07 7.189680e-12 1.226788e-06 clkbuf_leaf_16_core_clk
 4.481687e-07 7.777454e-07 7.189680e-12 1.225921e-06 clkbuf_leaf_145_core_clk
 4.492004e-07 7.754025e-07 7.189680e-12 1.224610e-06 clkbuf_leaf_158_core_clk
 4.436517e-07 7.792573e-07 7.189680e-12 1.222916e-06 clkbuf_leaf_81_core_clk
 4.476446e-07 7.745398e-07 7.189680e-12 1.222192e-06 clkbuf_leaf_65_core_clk
 4.479948e-07 7.711879e-07 7.189680e-12 1.219190e-06 clkbuf_leaf_148_core_clk
 4.451103e-07 7.730513e-07 7.189680e-12 1.218169e-06 clkbuf_leaf_35_core_clk
 4.408865e-07 7.762044e-07 7.189680e-12 1.217098e-06 clkbuf_leaf_47_core_clk
 4.486326e-07 7.594978e-07 7.189680e-12 1.208138e-06 clkbuf_leaf_12_core_clk
 4.447858e-07 7.631133e-07 7.189680e-12 1.207906e-06 clkbuf_leaf_27_core_clk
 4.433880e-07 7.641355e-07 7.189680e-12 1.207531e-06 clkbuf_leaf_82_core_clk
 4.446449e-07 7.593496e-07 7.189680e-12 1.204002e-06 clkbuf_leaf_32_core_clk
 4.477752e-07 7.548650e-07 7.189680e-12 1.202647e-06 clkbuf_leaf_133_core_clk
 4.474507e-07 7.502521e-07 7.189680e-12 1.197710e-06 clkbuf_leaf_147_core_clk
 4.405055e-07 7.561210e-07 7.189680e-12 1.196634e-06 clkbuf_leaf_48_core_clk
 4.475433e-07 7.477892e-07 7.189680e-12 1.195340e-06 clkbuf_leaf_53_core_clk
 4.492071e-07 7.454312e-07 7.189680e-12 1.194645e-06 clkbuf_leaf_130_core_clk
 4.481732e-07 7.400469e-07 7.189680e-12 1.188227e-06 clkbuf_leaf_15_core_clk
 8.709687e-07 3.145296e-07 1.232310e-11 1.185511e-06 clkbuf_0_clk
 4.479772e-07 7.357143e-07 7.189680e-12 1.183699e-06 clkbuf_leaf_10_core_clk
 4.402599e-07 7.424463e-07 7.189680e-12 1.182713e-06 clkbuf_leaf_50_core_clk
 4.471055e-07 7.343306e-07 7.189680e-12 1.181443e-06 clkbuf_leaf_77_core_clk
 4.428147e-07 7.385298e-07 7.189680e-12 1.181352e-06 clkbuf_leaf_83_core_clk
 4.479341e-07 7.323403e-07 7.189680e-12 1.180282e-06 clkbuf_leaf_22_core_clk
 4.463055e-07 7.313742e-07 7.189680e-12 1.177687e-06 clkbuf_leaf_105_core_clk
 4.470993e-07 7.288580e-07 7.189680e-12 1.175964e-06 clkbuf_leaf_45_core_clk
 4.400773e-07 7.349317e-07 7.189680e-12 1.175016e-06 clkbuf_leaf_18_core_clk
 4.477948e-07 7.267967e-07 7.189680e-12 1.174599e-06 clkbuf_leaf_13_core_clk
 4.438168e-07 7.299322e-07 7.189680e-12 1.173756e-06 clkbuf_leaf_30_core_clk
 4.470329e-07 7.261094e-07 7.189680e-12 1.173149e-06 clkbuf_leaf_135_core_clk
 4.475603e-07 7.202080e-07 7.189680e-12 1.167776e-06 clkbuf_leaf_9_core_clk
 4.465236e-07 7.155903e-07 7.189680e-12 1.162121e-06 clkbuf_leaf_156_core_clk
 4.468495e-07 7.147679e-07 7.189680e-12 1.161624e-06 clkbuf_leaf_121_core_clk
 4.457854e-07 7.106990e-07 7.189680e-12 1.156492e-06 clkbuf_leaf_107_core_clk
 4.471974e-07 7.059359e-07 7.189680e-12 1.153140e-06 clkbuf_leaf_11_core_clk
 4.464469e-07 7.034255e-07 7.189680e-12 1.149879e-06 clkbuf_leaf_136_core_clk
 4.463305e-07 7.025727e-07 7.189680e-12 1.148910e-06 clkbuf_leaf_142_core_clk
 4.420372e-07 7.040335e-07 7.189680e-12 1.146078e-06 clkbuf_leaf_79_core_clk
 4.456900e-07 6.984201e-07 7.189680e-12 1.144117e-06 clkbuf_leaf_64_core_clk
 4.461949e-07 6.932460e-07 7.189680e-12 1.139448e-06 clkbuf_leaf_46_core_clk
 4.429202e-07 6.955071e-07 7.189680e-12 1.138434e-06 clkbuf_leaf_24_core_clk
 4.452731e-07 6.900291e-07 7.189680e-12 1.135309e-06 clkbuf_leaf_106_core_clk
 4.474865e-07 6.812267e-07 7.189680e-12 1.128720e-06 clkbuf_leaf_123_core_clk
 4.416484e-07 6.864286e-07 7.189680e-12 1.128084e-06 clkbuf_leaf_84_core_clk
 4.452381e-07 6.820517e-07 7.189680e-12 1.127297e-06 clkbuf_leaf_69_core_clk
 4.458563e-07 6.806121e-07 7.189680e-12 1.126476e-06 clkbuf_leaf_44_core_clk
 4.456539e-07 6.785998e-07 7.189680e-12 1.124261e-06 clkbuf_leaf_99_core_clk
 4.444138e-07 6.795248e-07 7.189680e-12 1.123946e-06 clkbuf_leaf_90_core_clk
 4.456332e-07 6.741249e-07 7.189680e-12 1.119765e-06 clkbuf_leaf_52_core_clk
 4.447077e-07 6.743873e-07 7.189680e-12 1.119102e-06 clkbuf_leaf_102_core_clk
 4.470973e-07 6.674365e-07 7.189680e-12 1.114541e-06 clkbuf_leaf_122_core_clk
 4.452846e-07 6.657820e-07 7.189680e-12 1.111074e-06 clkbuf_leaf_73_core_clk
 4.447815e-07 6.639968e-07 7.189680e-12 1.108785e-06 clkbuf_leaf_67_core_clk
 6.016668e-08 1.048565e-06 7.227250e-12 1.108739e-06 fanout1306
 4.447318e-07 6.622508e-07 7.189680e-12 1.106990e-06 clkbuf_leaf_66_core_clk
 4.421026e-07 6.591327e-07 7.189680e-12 1.101242e-06 clkbuf_leaf_28_core_clk
 4.467254e-07 6.536323e-07 7.189680e-12 1.100365e-06 clkbuf_leaf_129_core_clk
 4.450139e-07 6.550441e-07 7.189680e-12 1.100065e-06 clkbuf_leaf_71_core_clk
 4.440586e-07 6.558940e-07 7.189680e-12 1.099960e-06 clkbuf_leaf_96_core_clk
 4.437269e-07 6.536208e-07 7.189680e-12 1.097355e-06 clkbuf_leaf_89_core_clk
 4.449709e-07 6.521270e-07 7.189680e-12 1.097105e-06 clkbuf_leaf_101_core_clk
 4.450380e-07 6.504357e-07 7.189680e-12 1.095481e-06 clkbuf_leaf_138_core_clk
 4.408861e-07 6.526796e-07 7.189680e-12 1.093573e-06 clkbuf_leaf_97_core_clk
 4.408055e-07 6.520331e-07 7.189680e-12 1.092846e-06 clkbuf_leaf_87_core_clk
 4.449264e-07 6.475425e-07 7.189680e-12 1.092476e-06 clkbuf_leaf_143_core_clk
 4.407435e-07 6.493811e-07 7.189680e-12 1.090132e-06 clkbuf_leaf_86_core_clk
 4.447163e-07 6.448291e-07 7.189680e-12 1.089553e-06 clkbuf_leaf_155_core_clk
 4.435684e-07 6.441112e-07 7.189680e-12 1.087687e-06 clkbuf_leaf_91_core_clk
 4.448947e-07 6.392470e-07 7.189680e-12 1.084149e-06 clkbuf_leaf_118_core_clk
 4.445528e-07 6.369068e-07 7.189680e-12 1.081467e-06 clkbuf_leaf_80_core_clk
 4.448625e-07 6.359150e-07 7.189680e-12 1.080785e-06 clkbuf_leaf_115_core_clk
 4.441049e-07 6.357772e-07 7.189680e-12 1.079889e-06 clkbuf_leaf_59_core_clk
 4.446194e-07 6.347276e-07 7.189680e-12 1.079354e-06 clkbuf_leaf_137_core_clk
 4.437536e-07 6.338498e-07 7.189680e-12 1.077611e-06 clkbuf_leaf_104_core_clk
 4.439531e-07 6.319142e-07 7.189680e-12 1.075874e-06 clkbuf_leaf_70_core_clk
 4.404758e-07 6.342473e-07 7.189680e-12 1.074730e-06 clkbuf_leaf_93_core_clk
 4.451976e-07 6.283839e-07 7.189680e-12 1.073589e-06 clkbuf_leaf_17_core_clk
 4.447266e-07 6.282713e-07 7.189680e-12 1.073005e-06 clkbuf_leaf_110_core_clk
 4.452557e-07 6.263216e-07 7.189680e-12 1.071584e-06 clkbuf_leaf_157_core_clk
 4.442819e-07 6.253260e-07 7.189680e-12 1.069615e-06 clkbuf_leaf_100_core_clk
 8.518496e-07 2.176474e-07 1.232310e-11 1.069509e-06 clkbuf_1_1__f_clk
 4.458913e-07 6.229377e-07 7.189680e-12 1.068836e-06 clkbuf_leaf_131_core_clk
 4.451040e-07 6.215520e-07 7.189680e-12 1.066663e-06 clkbuf_leaf_159_core_clk
 4.433695e-07 6.218969e-07 7.189680e-12 1.065274e-06 clkbuf_leaf_103_core_clk
 4.451804e-07 6.190074e-07 7.189680e-12 1.064195e-06 clkbuf_leaf_163_core_clk
 4.442436e-07 6.190852e-07 7.189680e-12 1.063336e-06 clkbuf_leaf_134_core_clk
 4.402147e-07 6.228329e-07 7.189680e-12 1.063055e-06 clkbuf_leaf_98_core_clk
 4.457604e-07 6.170022e-07 7.189680e-12 1.062770e-06 clkbuf_leaf_125_core_clk
 4.457542e-07 6.169055e-07 7.189680e-12 1.062667e-06 clkbuf_leaf_127_core_clk
 4.401388e-07 6.222469e-07 7.189680e-12 1.062393e-06 clkbuf_leaf_56_core_clk
 4.441123e-07 6.140722e-07 7.189680e-12 1.058192e-06 clkbuf_leaf_132_core_clk
 4.438984e-07 6.110729e-07 7.189680e-12 1.054978e-06 clkbuf_leaf_74_core_clk
 4.454964e-07 6.079160e-07 7.189680e-12 1.053420e-06 clkbuf_leaf_126_core_clk
 4.399985e-07 6.126849e-07 7.189680e-12 1.052690e-06 clkbuf_leaf_92_core_clk
 4.438195e-07 6.076361e-07 7.189680e-12 1.051463e-06 clkbuf_leaf_75_core_clk
 4.438887e-07 6.058772e-07 7.189680e-12 1.049773e-06 clkbuf_leaf_49_core_clk
 4.453952e-07 6.039027e-07 7.189680e-12 1.049305e-06 clkbuf_leaf_128_core_clk
 4.437431e-07 6.042731e-07 7.189680e-12 1.048023e-06 clkbuf_leaf_76_core_clk
 4.439531e-07 6.018676e-07 7.189680e-12 1.045828e-06 clkbuf_leaf_116_core_clk
 4.436357e-07 5.990870e-07 7.189680e-12 1.042730e-06 clkbuf_leaf_146_core_clk
 4.396754e-07 6.015813e-07 7.189680e-12 1.041264e-06 clkbuf_leaf_54_core_clk
 4.445596e-07 5.954289e-07 7.189680e-12 1.039996e-06 clkbuf_leaf_161_core_clk
 4.430627e-07 5.956914e-07 7.189680e-12 1.038761e-06 clkbuf_leaf_68_core_clk
 4.435211e-07 5.912501e-07 7.189680e-12 1.034778e-06 clkbuf_leaf_40_core_clk
 4.405938e-07 5.892088e-07 7.189680e-12 1.029810e-06 clkbuf_leaf_33_core_clk
 4.435896e-07 5.841188e-07 7.189680e-12 1.027716e-06 clkbuf_leaf_112_core_clk
 4.431557e-07 5.799118e-07 7.189680e-12 1.023075e-06 clkbuf_leaf_144_core_clk
 4.369954e-07 5.798275e-07 7.189680e-12 1.016830e-06 clkbuf_leaf_20_core_clk
 4.425033e-07 5.734838e-07 7.189680e-12 1.015994e-06 clkbuf_leaf_58_core_clk
 4.432702e-07 5.726399e-07 7.189680e-12 1.015917e-06 clkbuf_leaf_109_core_clk
 4.431465e-07 5.680412e-07 7.189680e-12 1.011195e-06 clkbuf_leaf_108_core_clk
 4.429999e-07 5.659013e-07 7.189680e-12 1.008908e-06 clkbuf_leaf_117_core_clk
 4.422803e-07 5.651185e-07 7.189680e-12 1.007406e-06 clkbuf_leaf_61_core_clk
 4.388363e-07 5.639632e-07 7.189680e-12 1.002807e-06 clkbuf_leaf_55_core_clk
 4.434769e-07 5.550070e-07 7.189680e-12 9.984911e-07 clkbuf_leaf_162_core_clk
 4.420090e-07 5.543037e-07 7.189680e-12 9.963197e-07 clkbuf_leaf_57_core_clk
 4.427625e-07 5.534478e-07 7.189680e-12 9.962175e-07 clkbuf_leaf_119_core_clk
 4.427260e-07 5.517434e-07 7.189680e-12 9.944765e-07 clkbuf_leaf_111_core_clk
 4.419196e-07 5.511557e-07 7.189680e-12 9.930824e-07 clkbuf_leaf_60_core_clk
 4.424394e-07 5.495315e-07 7.189680e-12 9.919780e-07 clkbuf_leaf_140_core_clk
 4.363959e-07 5.502477e-07 7.189680e-12 9.866508e-07 clkbuf_leaf_8_core_clk
 4.363751e-07 5.445042e-07 7.189680e-12 9.808865e-07 clkbuf_leaf_51_core_clk
 4.423093e-07 5.354619e-07 7.189680e-12 9.777783e-07 clkbuf_leaf_113_core_clk
 4.415000e-07 5.344849e-07 7.189680e-12 9.759921e-07 clkbuf_leaf_63_core_clk
 4.420138e-07 5.325945e-07 7.189680e-12 9.746155e-07 clkbuf_leaf_139_core_clk
 4.428292e-07 5.310517e-07 7.189680e-12 9.738881e-07 clkbuf_leaf_160_core_clk
 4.421722e-07 5.313624e-07 7.189680e-12 9.735418e-07 clkbuf_leaf_114_core_clk
 4.381881e-07 5.342886e-07 7.189680e-12 9.724839e-07 clkbuf_leaf_6_core_clk
 4.417423e-07 5.271364e-07 7.189680e-12 9.688858e-07 clkbuf_leaf_78_core_clk
 4.416216e-07 5.245372e-07 7.189680e-12 9.661659e-07 clkbuf_leaf_72_core_clk
 4.410628e-07 5.171713e-07 7.189680e-12 9.582412e-07 clkbuf_leaf_62_core_clk
 4.378778e-07 5.190142e-07 7.189680e-12 9.568990e-07 clkbuf_leaf_85_core_clk
 4.417923e-07 5.144677e-07 7.189680e-12 9.562672e-07 clkbuf_leaf_0_core_clk
 4.377300e-07 5.182912e-07 7.189680e-12 9.560284e-07 clkbuf_leaf_7_core_clk
 4.375794e-07 5.077998e-07 7.189680e-12 9.453863e-07 clkbuf_leaf_88_core_clk
 1.251421e-07 8.090501e-07 7.330933e-12 9.341995e-07 fanout1239
 1.251446e-07 8.043712e-07 7.330933e-12 9.295231e-07 fanout1233
 8.378271e-07 8.576841e-08 1.232310e-11 9.236078e-07 clkbuf_1_0__f_clk
 4.398850e-07 4.429268e-07 7.189680e-12 8.828190e-07 clkbuf_leaf_1_core_clk
 4.395440e-07 4.305883e-07 7.189680e-12 8.701395e-07 clkbuf_leaf_3_core_clk
 4.405330e-07 4.249576e-07 7.189680e-12 8.654978e-07 clkbuf_leaf_124_core_clk
 4.393226e-07 4.224426e-07 7.189680e-12 8.617724e-07 clkbuf_leaf_4_core_clk
 4.392139e-07 4.177233e-07 7.189680e-12 8.569443e-07 clkbuf_leaf_2_core_clk
 4.387963e-07 4.028072e-07 7.189680e-12 8.416106e-07 clkbuf_leaf_5_core_clk
 1.275477e-07 6.874604e-07 7.330933e-12 8.150154e-07 fanout1235
 1.253410e-07 6.712594e-07 7.330933e-12 7.966078e-07 fanout1236
 1.267591e-07 5.988898e-07 7.330933e-12 7.256563e-07 fanout1238
 8.408607e-08 5.257635e-07 6.988129e-12 6.098566e-07 fanout1340
 6.351847e-08 5.321069e-07 4.480880e-12 5.956299e-07 fanout1303
 4.999355e-08 5.159165e-07 7.269335e-12 5.659173e-07 fanout1318
 6.366734e-08 5.019065e-07 4.480880e-12 5.655784e-07 fanout1287
 6.396856e-08 4.012794e-07 4.480880e-12 4.652524e-07 fanout1292
 6.440268e-08 3.472442e-07 4.480880e-12 4.116514e-07 fanout1281
 4.099401e-07 0.000000e+00 7.189680e-12 4.099473e-07 clkload24
 4.099045e-07 0.000000e+00 7.189680e-12 4.099117e-07 clkload23
 6.417646e-08 3.456959e-07 4.480880e-12 4.098769e-07 fanout1302
 4.091233e-07 0.000000e+00 7.189680e-12 4.091305e-07 clkload102
 4.090136e-07 0.000000e+00 7.189680e-12 4.090207e-07 clkload90
 4.089720e-07 0.000000e+00 7.189680e-12 4.089792e-07 clkload37
 4.089371e-07 0.000000e+00 7.189680e-12 4.089443e-07 clkload118
 4.089222e-07 0.000000e+00 7.189680e-12 4.089294e-07 clkload32
 4.088057e-07 0.000000e+00 7.189680e-12 4.088129e-07 clkload117
 4.087628e-07 0.000000e+00 7.189680e-12 4.087700e-07 clkload85
 4.086339e-07 0.000000e+00 7.189680e-12 4.086411e-07 clkload86
 4.085952e-07 0.000000e+00 7.189680e-12 4.086024e-07 clkload131
 4.085258e-07 0.000000e+00 7.189680e-12 4.085330e-07 clkload135
 4.085067e-07 0.000000e+00 7.189680e-12 4.085139e-07 clkload133
 4.084571e-07 0.000000e+00 7.189680e-12 4.084642e-07 clkload139
 4.073152e-07 0.000000e+00 7.189680e-12 4.073224e-07 clkload3
 4.068031e-07 0.000000e+00 7.189680e-12 4.068103e-07 clkload4
 4.217983e-08 3.624594e-07 6.988129e-12 4.046462e-07 fanout1337
 6.448891e-08 3.388444e-07 4.480880e-12 4.033378e-07 fanout1234
 6.444428e-08 3.372351e-07 4.480880e-12 4.016838e-07 fanout1231
 1.432453e-08 3.856742e-07 6.888464e-12 4.000057e-07 fanout689
 6.511821e-08 3.328821e-07 4.480880e-12 3.980048e-07 fanout1283
 6.431251e-08 3.319903e-07 4.480880e-12 3.963073e-07 fanout1248
 6.472439e-08 3.295410e-07 4.480880e-12 3.942698e-07 fanout1256
 6.492953e-08 3.255473e-07 4.480880e-12 3.904813e-07 fanout1251
 6.426252e-08 3.231312e-07 4.480880e-12 3.873982e-07 fanout1295
 6.451318e-08 3.201820e-07 4.480880e-12 3.846997e-07 fanout1278
 6.453315e-08 3.197744e-07 4.480880e-12 3.843120e-07 fanout1260
 6.436309e-08 3.192799e-07 4.480880e-12 3.836475e-07 fanout1273
 6.452600e-08 3.188841e-07 4.480880e-12 3.834146e-07 fanout1265
 6.484481e-08 3.178333e-07 4.480880e-12 3.826826e-07 fanout1301
 6.517764e-08 3.173700e-07 4.480880e-12 3.825522e-07 fanout1290
 6.500093e-08 3.145236e-07 4.480880e-12 3.795290e-07 fanout1264
 6.456684e-08 3.093789e-07 4.480880e-12 3.739503e-07 fanout1266
 6.440170e-08 3.084415e-07 4.480880e-12 3.728477e-07 fanout1258
 6.441262e-08 3.073541e-07 4.480880e-12 3.717712e-07 fanout1246
 6.435215e-08 3.060275e-07 4.480880e-12 3.703841e-07 fanout1285
 6.507022e-08 3.009501e-07 4.480880e-12 3.660248e-07 fanout1300
 6.443922e-08 3.012770e-07 4.480880e-12 3.657207e-07 fanout1271
 6.459970e-08 3.009445e-07 4.480880e-12 3.655487e-07 fanout1267
 6.480663e-08 2.995274e-07 4.480880e-12 3.643385e-07 fanout1250
 6.435081e-08 2.995668e-07 4.480880e-12 3.639221e-07 fanout1294
 6.505563e-08 2.973194e-07 4.480880e-12 3.623796e-07 fanout1253
 6.512470e-08 2.957068e-07 4.480880e-12 3.608360e-07 fanout1243
 6.502594e-08 2.925955e-07 4.480880e-12 3.576259e-07 fanout1247
 1.741860e-08 3.358539e-07 7.486744e-12 3.532800e-07 fanout570
 6.496602e-08 2.868022e-07 4.480880e-12 3.517727e-07 fanout1280
 6.486086e-08 2.863430e-07 4.480880e-12 3.512084e-07 fanout1249
 6.498488e-08 2.861007e-07 4.480880e-12 3.510901e-07 fanout1297
 6.498839e-08 2.850620e-07 4.480880e-12 3.500549e-07 fanout1298
 6.443967e-08 2.834614e-07 4.480880e-12 3.479055e-07 fanout1274
 6.453016e-08 2.775758e-07 4.480880e-12 3.421105e-07 fanout1272
 6.443802e-08 2.764111e-07 4.480880e-12 3.408536e-07 fanout1288
 6.447318e-08 2.737532e-07 4.480880e-12 3.382309e-07 fanout1276
 6.532986e-08 2.672816e-07 4.480880e-12 3.326160e-07 fanout1293
 6.526680e-08 2.647885e-07 4.480880e-12 3.300598e-07 fanout1244
 2.069323e-08 3.081369e-07 4.824271e-12 3.288349e-07 fanout1056
 4.305395e-08 2.784541e-07 4.772242e-12 3.215128e-07 fanout1341
 1.745281e-08 3.038155e-07 7.486744e-12 3.212758e-07 fanout683
 1.776859e-08 2.997361e-07 7.486744e-12 3.175122e-07 fanout547
 6.481969e-08 2.483116e-07 4.480880e-12 3.131358e-07 fanout1261
 1.782145e-08 2.892800e-07 7.486744e-12 3.071089e-07 fanout694
 3.048600e-07 0.000000e+00 1.140996e-11 3.048713e-07 clkload18
 3.043923e-07 0.000000e+00 1.140996e-11 3.044037e-07 clkload11
 3.043608e-07 0.000000e+00 1.140996e-11 3.043722e-07 clkload14
 3.042583e-07 0.000000e+00 1.140996e-11 3.042697e-07 clkload16
 3.042242e-07 0.000000e+00 1.140996e-11 3.042356e-07 clkload20
 3.041113e-07 0.000000e+00 1.140996e-11 3.041227e-07 clkload15
 3.039955e-07 0.000000e+00 1.140996e-11 3.040069e-07 clkload12
 3.039556e-07 0.000000e+00 1.140996e-11 3.039670e-07 clkload13
 3.035742e-07 0.000000e+00 1.140996e-11 3.035856e-07 clkload17
 3.034781e-07 0.000000e+00 1.140996e-11 3.034895e-07 clkload19
 1.778585e-08 2.826565e-07 7.486744e-12 3.004498e-07 fanout536
 1.786314e-08 2.737579e-07 7.486744e-12 2.916285e-07 fanout671
 3.248823e-08 2.547580e-07 4.480880e-12 2.872507e-07 fanout1221
 4.509440e-08 2.328511e-07 7.438327e-12 2.779530e-07 fanout125
 2.101253e-08 2.543167e-07 4.377278e-12 2.753336e-07 fanout1075
 1.791569e-08 2.533762e-07 7.486744e-12 2.712994e-07 fanout708
 2.104644e-08 2.489863e-07 4.481335e-12 2.700372e-07 fanout1014
 1.549409e-08 2.509731e-07 7.491336e-12 2.664747e-07 fanout619
 1.522198e-08 2.507444e-07 7.491336e-12 2.659739e-07 fanout633
 1.518944e-08 2.473761e-07 7.491336e-12 2.625730e-07 fanout616
 1.528389e-08 2.406050e-07 6.888464e-12 2.558958e-07 fanout538
 1.804792e-08 2.334093e-07 7.486744e-12 2.514647e-07 fanout715
 1.524903e-08 2.354338e-07 6.888464e-12 2.506897e-07 fanout572
 1.525929e-08 2.330002e-07 6.888464e-12 2.482664e-07 fanout717
 3.538376e-08 2.100945e-07 7.453477e-12 2.454857e-07 fanout119
 4.268190e-08 2.026483e-07 6.926914e-12 2.453371e-07 fanout978
 1.530434e-08 2.289646e-07 6.888464e-12 2.442758e-07 fanout673
 1.552563e-08 2.267661e-07 7.048809e-12 2.422988e-07 fanout1198
 1.534922e-08 2.259162e-07 6.888464e-12 2.412723e-07 fanout685
 1.532628e-08 2.256860e-07 6.888464e-12 2.410192e-07 fanout696
 1.526353e-08 2.249309e-07 6.888464e-12 2.402013e-07 fanout710
 3.583788e-08 2.027051e-07 7.453477e-12 2.385504e-07 fanout117
 3.059881e-08 2.046793e-07 4.698784e-12 2.352828e-07 fanout1309
 1.536136e-08 2.197510e-07 6.888464e-12 2.351192e-07 fanout549
 3.656879e-08 1.953583e-07 3.938598e-12 2.319311e-07 fanout1257
 1.536804e-08 2.156205e-07 6.888464e-12 2.309954e-07 fanout498
 3.615664e-08 1.941081e-07 4.592872e-12 2.302694e-07 fanout422
 3.456297e-08 1.955975e-07 4.612416e-12 2.301650e-07 fanout414
 3.475966e-08 1.935210e-07 4.597555e-12 2.282853e-07 fanout362
 1.316690e-08 2.144390e-07 3.946299e-12 2.276099e-07 wire858
 3.550348e-08 1.912325e-07 4.576971e-12 2.267406e-07 fanout412
 1.535565e-08 2.092573e-07 7.491336e-12 2.246205e-07 fanout595
 2.121157e-08 2.032275e-07 4.377278e-12 2.244434e-07 fanout1033
 1.595171e-08 2.067535e-07 6.911228e-12 2.227121e-07 fanout1164
 3.559985e-08 1.858706e-07 4.602693e-12 2.214751e-07 fanout314
 3.499873e-08 1.854096e-07 4.591377e-12 2.204129e-07 fanout348
 3.510941e-08 1.851335e-07 4.593490e-12 2.202475e-07 fanout410
 3.527836e-08 1.818316e-07 7.453477e-12 2.171174e-07 fanout115
 2.224569e-08 1.946608e-07 4.646982e-12 2.169111e-07 fanout259
 3.470454e-08 1.805105e-07 4.602466e-12 2.152196e-07 fanout300
 1.821345e-08 1.962036e-07 7.486744e-12 2.144245e-07 fanout496
 2.125371e-08 1.919354e-07 4.377278e-12 2.131935e-07 fanout950
 3.344028e-08 1.782726e-07 4.591345e-12 2.117174e-07 fanout408
 2.116039e-07 0.000000e+00 4.600937e-12 2.116085e-07 clkload22
 2.115475e-07 0.000000e+00 4.600937e-12 2.115521e-07 clkload21
 3.552960e-08 1.758801e-07 4.592742e-12 2.114143e-07 fanout368
 3.465868e-08 1.766403e-07 4.606042e-12 2.113036e-07 fanout338
 2.108840e-07 0.000000e+00 4.600937e-12 2.108886e-07 clkload38
 2.107318e-07 0.000000e+00 4.600937e-12 2.107364e-07 clkload140
 3.623353e-08 1.740798e-07 4.596450e-12 2.103179e-07 fanout420
 3.151850e-08 1.784312e-07 7.330933e-12 2.099570e-07 fanout1217
 3.514080e-08 1.740662e-07 4.604352e-12 2.092116e-07 fanout340
 3.316672e-08 1.756717e-07 4.667599e-12 2.088431e-07 fanout404
 3.431626e-08 1.716729e-07 4.582142e-12 2.059937e-07 fanout350
 3.563053e-08 1.699979e-07 4.606758e-12 2.056331e-07 fanout352
 3.577165e-08 1.661708e-07 4.614692e-12 2.019470e-07 fanout310
 1.544441e-08 1.861892e-07 7.491336e-12 2.016411e-07 fanout564
 2.134465e-08 1.786868e-07 4.481335e-12 2.000359e-07 fanout1021
 3.479913e-08 1.640781e-07 4.612579e-12 1.988819e-07 fanout346
 3.217658e-08 1.658202e-07 4.480880e-12 1.980012e-07 fanout1226
 3.552164e-08 1.623262e-07 4.606107e-12 1.978524e-07 fanout416
 3.527228e-08 1.623099e-07 4.589979e-12 1.975867e-07 fanout316
 3.547802e-08 1.614659e-07 4.604546e-12 1.969485e-07 fanout312
 3.645780e-08 1.567027e-07 3.938598e-12 1.931645e-07 fanout1279
 3.672527e-08 1.561583e-07 3.938598e-12 1.928875e-07 fanout1245
 2.141295e-08 1.711902e-07 4.824271e-12 1.926080e-07 fanout1064
 3.581214e-08 1.547969e-07 4.593165e-12 1.906136e-07 fanout306
 2.142302e-08 1.691132e-07 4.377278e-12 1.905406e-07 fanout1080
 3.375983e-08 1.558257e-07 4.605912e-12 1.895901e-07 fanout334
 3.487637e-08 1.542550e-07 4.595246e-12 1.891360e-07 fanout344
 3.492161e-08 1.541646e-07 4.601100e-12 1.890908e-07 fanout302
 3.591181e-08 1.528701e-07 4.600514e-12 1.887865e-07 fanout342
 3.536316e-08 1.525334e-07 4.608546e-12 1.879012e-07 fanout304
 3.673663e-08 1.509414e-07 3.938598e-12 1.876820e-07 fanout1259
 1.855545e-08 1.683815e-07 7.486744e-12 1.869444e-07 fanout485
 2.732241e-08 1.593061e-07 4.608579e-12 1.866331e-07 fanout402
 3.662012e-08 1.489493e-07 3.938598e-12 1.855734e-07 fanout1299
 3.566991e-08 1.484435e-07 4.616513e-12 1.841181e-07 fanout129
 1.596820e-08 1.678027e-07 6.888464e-12 1.837778e-07 fanout699
 1.830776e-08 1.648166e-07 7.486744e-12 1.831318e-07 fanout493
 3.298255e-08 1.499313e-07 4.602921e-12 1.829184e-07 fanout406
 3.518854e-08 1.475315e-07 4.566663e-12 1.827246e-07 fanout418
 3.461992e-08 1.460421e-07 4.600710e-12 1.806666e-07 fanout366
 3.370397e-08 1.466675e-07 4.626659e-12 1.803761e-07 fanout127
 1.581629e-08 1.615497e-07 6.888464e-12 1.773729e-07 fanout487
 3.639964e-08 1.407420e-07 3.938598e-12 1.771456e-07 fanout1286
 2.176794e-08 1.512731e-07 4.594563e-12 1.730456e-07 fanout268
 2.959631e-08 1.425599e-07 4.521463e-12 1.721607e-07 fanout332
 3.982858e-09 1.676512e-07 5.297579e-12 1.716393e-07 _06692_
 3.435349e-08 1.363949e-07 4.594271e-12 1.707530e-07 fanout298
 1.567088e-08 1.547281e-07 6.888464e-12 1.704059e-07 fanout677
 3.544440e-08 1.344091e-07 4.607376e-12 1.698581e-07 fanout364
 2.142276e-08 1.473275e-07 4.377278e-12 1.687546e-07 fanout1039
 3.430036e-08 1.336374e-07 4.589165e-12 1.679423e-07 fanout336
 2.161526e-08 1.425839e-07 4.720213e-12 1.642039e-07 fanout993
 1.842972e-08 1.446734e-07 7.486744e-12 1.631106e-07 fanout565
 1.840479e-08 1.446897e-07 7.486744e-12 1.631019e-07 fanout675
 1.629623e-07 0.000000e+00 6.890463e-12 1.629692e-07 clkload158
 1.629414e-07 0.000000e+00 6.890463e-12 1.629483e-07 clkload29
 1.628364e-07 0.000000e+00 6.890463e-12 1.628433e-07 clkload10
 2.151040e-08 1.413229e-07 4.377278e-12 1.628376e-07 fanout1038
 1.628131e-07 0.000000e+00 6.890463e-12 1.628199e-07 clkload145
 3.153247e-08 1.310704e-07 4.569004e-12 1.626074e-07 fanout1305
 1.623658e-07 0.000000e+00 6.890463e-12 1.623727e-07 clkload153
 1.622166e-07 0.000000e+00 6.890463e-12 1.622235e-07 clkload1
 1.621539e-07 0.000000e+00 6.890463e-12 1.621608e-07 clkload149
 1.568752e-08 1.464336e-07 7.491336e-12 1.621286e-07 fanout558
 1.619254e-07 0.000000e+00 6.890463e-12 1.619322e-07 clkload9
 2.155885e-08 1.403528e-07 4.377278e-12 1.619160e-07 fanout953
 1.617039e-07 0.000000e+00 6.890463e-12 1.617108e-07 clkload64
 1.613335e-07 0.000000e+00 6.890463e-12 1.613404e-07 clkload71
 1.610728e-07 0.000000e+00 6.890463e-12 1.610797e-07 clkload68
 1.610562e-07 0.000000e+00 6.890463e-12 1.610631e-07 clkload69
 1.843334e-08 1.421883e-07 7.486744e-12 1.606292e-07 fanout520
 3.484598e-08 1.253833e-07 4.591539e-12 1.602339e-07 fanout131
 2.145553e-08 1.383860e-07 4.377278e-12 1.598459e-07 fanout1070
 2.162870e-08 1.379604e-07 4.824271e-12 1.595939e-07 fanout1050
 1.872020e-08 1.407195e-07 7.486744e-12 1.594471e-07 fanout697
 2.177945e-08 1.374837e-07 4.720213e-12 1.592679e-07 fanout991
 3.125626e-08 1.265906e-07 4.651275e-12 1.578515e-07 fanout358
 1.571709e-08 1.408064e-07 6.888464e-12 1.565304e-07 fanout585
 2.151866e-08 1.347264e-07 4.720213e-12 1.562498e-07 fanout1005
 2.154672e-08 1.340216e-07 4.824271e-12 1.555731e-07 fanout973
 2.148606e-08 1.332738e-07 4.377278e-12 1.547643e-07 fanout1029
 2.973720e-08 1.240128e-07 4.555281e-12 1.537546e-07 fanout296
 2.158958e-08 1.305639e-07 4.824271e-12 1.521583e-07 fanout1103
 2.158207e-08 1.302969e-07 4.720213e-12 1.518837e-07 fanout984
 2.183008e-08 1.299212e-07 4.631536e-12 1.517559e-07 fanout217
 2.167375e-08 1.297694e-07 4.377278e-12 1.514475e-07 fanout1073
 1.833363e-08 1.327281e-07 7.486744e-12 1.510692e-07 fanout551
 2.147882e-08 1.291247e-07 4.377278e-12 1.506078e-07 fanout951
 2.161464e-08 1.262958e-07 4.720213e-12 1.479152e-07 fanout999
 2.157853e-08 1.255190e-07 4.824271e-12 1.471023e-07 fanout1102
 2.160245e-08 1.253635e-07 4.824271e-12 1.469708e-07 fanout1090
 1.993566e-08 1.264222e-07 4.110989e-12 1.463620e-07 fanout413
 2.175231e-08 1.244112e-07 4.377278e-12 1.461678e-07 fanout1085
 2.172794e-08 1.236747e-07 4.377278e-12 1.454070e-07 fanout1081
 2.153436e-08 1.234659e-07 4.377278e-12 1.450047e-07 fanout946
 1.837236e-08 1.252621e-07 7.486744e-12 1.436419e-07 fanout507
 2.172779e-08 1.214666e-07 4.377278e-12 1.431988e-07 fanout1045
 4.291882e-08 1.001152e-07 1.399328e-11 1.430480e-07 wire883
 2.157703e-08 1.213146e-07 4.481335e-12 1.428961e-07 fanout1015
 2.168452e-08 1.209936e-07 4.720213e-12 1.426829e-07 fanout998
 3.102782e-08 1.115813e-07 4.698784e-12 1.426138e-07 fanout1307
 2.153621e-08 1.210510e-07 4.824271e-12 1.425920e-07 fanout1051
 2.154884e-08 1.197628e-07 4.377278e-12 1.413160e-07 fanout949
 1.571538e-08 1.252815e-07 6.888464e-12 1.410038e-07 fanout561
 2.162792e-08 1.192945e-07 4.720213e-12 1.409271e-07 fanout985
 2.183139e-08 1.189207e-07 4.377278e-12 1.407564e-07 fanout1040
 1.835068e-08 1.222257e-07 7.486744e-12 1.405839e-07 fanout490
 2.165894e-08 1.181631e-07 4.377278e-12 1.398264e-07 fanout1046
 1.087000e-08 1.284948e-07 4.772242e-12 1.393696e-07 fanout1331
 2.157796e-08 1.175605e-07 4.824271e-12 1.391433e-07 fanout1063
 2.163471e-08 1.174456e-07 4.377278e-12 1.390846e-07 fanout1076
 2.170001e-08 1.171694e-07 4.720213e-12 1.388741e-07 fanout988
 2.165061e-08 1.158898e-07 4.377278e-12 1.375448e-07 fanout1082
 2.164471e-08 1.154708e-07 4.824271e-12 1.371204e-07 fanout1096
 2.178883e-08 1.150451e-07 4.720213e-12 1.368386e-07 fanout1003
 2.161766e-08 1.142880e-07 4.824271e-12 1.359105e-07 fanout1098
 2.158929e-08 1.142742e-07 4.824271e-12 1.358683e-07 fanout1057
 2.112286e-08 1.141070e-07 7.391612e-12 1.352372e-07 fanout1209
 2.181707e-08 1.134149e-07 4.377278e-12 1.352364e-07 fanout962
 1.957788e-08 1.156538e-07 4.147918e-12 1.352359e-07 fanout363
 2.154617e-08 1.136004e-07 4.481335e-12 1.351511e-07 fanout1012
 1.841197e-08 1.166508e-07 7.486744e-12 1.350703e-07 fanout664
 1.917492e-08 1.151051e-07 7.105968e-12 1.342871e-07 fanout388
 1.834838e-08 1.159307e-07 7.486744e-12 1.342866e-07 fanout722
 2.175601e-08 1.121143e-07 4.481335e-12 1.338748e-07 fanout1008
 2.167296e-08 1.111404e-07 4.720213e-12 1.328180e-07 fanout1004
 2.167338e-08 1.103083e-07 4.377278e-12 1.319860e-07 fanout1087
 1.580024e-08 1.161430e-07 6.888464e-12 1.319502e-07 fanout522
 2.180519e-08 1.100436e-07 4.377278e-12 1.318532e-07 fanout1023
 1.978975e-08 1.118441e-07 4.165537e-12 1.316380e-07 fanout365
 2.189371e-08 1.096766e-07 4.377278e-12 1.315747e-07 fanout1078
 2.190489e-08 1.094058e-07 4.824271e-12 1.313155e-07 fanout971
 1.955881e-08 1.115980e-07 4.143776e-12 1.311609e-07 fanout345
 1.558516e-08 1.152900e-07 7.491336e-12 1.308826e-07 fanout669
 2.169763e-08 1.087710e-07 4.824271e-12 1.304734e-07 fanout1053
 2.166144e-08 1.085593e-07 4.824271e-12 1.302255e-07 fanout1100
 1.588350e-08 1.140281e-07 6.888464e-12 1.299185e-07 fanout567
 2.171254e-08 1.079011e-07 4.824271e-12 1.296185e-07 fanout967
 2.168005e-08 1.073030e-07 4.377278e-12 1.289875e-07 fanout958
 2.168027e-08 1.071739e-07 4.377278e-12 1.288585e-07 fanout963
 2.187479e-08 1.067669e-07 4.720213e-12 1.286464e-07 fanout986
 2.172082e-08 1.058284e-07 4.377278e-12 1.275536e-07 fanout1031
 2.166449e-08 1.057751e-07 4.377278e-12 1.274440e-07 fanout1037
 1.906785e-08 1.081841e-07 7.105968e-12 1.272591e-07 fanout392
 2.197551e-08 1.048218e-07 4.631536e-12 1.268019e-07 fanout220
 2.003047e-08 1.067203e-07 4.164428e-12 1.267549e-07 fanout353
 2.038944e-08 1.052505e-07 4.139517e-12 1.256441e-07 fanout423
 2.177158e-08 1.033364e-07 4.377278e-12 1.251124e-07 fanout945
 1.575663e-08 1.089658e-07 6.888464e-12 1.247293e-07 fanout575
 2.199288e-08 1.022755e-07 4.377278e-12 1.242727e-07 fanout1034
 2.171032e-08 1.012001e-07 4.377278e-12 1.229148e-07 fanout1083
 2.172444e-08 1.009128e-07 4.377278e-12 1.226417e-07 fanout1067
 2.180325e-08 1.007191e-07 4.377278e-12 1.225268e-07 fanout1044
 2.187903e-08 1.003026e-07 4.377278e-12 1.221860e-07 fanout957
 2.173220e-08 1.004394e-07 4.377278e-12 1.221759e-07 fanout1041
 1.928922e-08 1.025732e-07 7.105968e-12 1.218695e-07 fanout386
 1.578227e-08 1.059586e-07 6.888464e-12 1.217478e-07 fanout555
 1.952264e-08 1.017242e-07 4.163145e-12 1.212510e-07 fanout339
 1.879415e-08 1.024237e-07 7.105968e-12 1.212250e-07 fanout400
 1.833462e-08 1.024517e-07 7.486744e-12 1.207938e-07 fanout539
 1.564671e-08 1.049841e-07 6.888464e-12 1.206377e-07 fanout545
 2.174508e-08 9.841489e-08 4.377278e-12 1.201643e-07 fanout1027
 2.164930e-08 9.786116e-08 4.824271e-12 1.195153e-07 fanout1061
 2.167329e-08 9.703589e-08 4.575443e-12 1.187138e-07 fanout246
 2.172059e-08 9.635503e-08 4.377278e-12 1.180800e-07 fanout1079
 2.480637e-08 9.304669e-08 4.533235e-12 1.178576e-07 fanout1310
 1.835832e-08 9.916157e-08 7.486744e-12 1.175274e-07 fanout691
 2.189182e-08 9.560102e-08 4.824271e-12 1.174977e-07 fanout1099
 1.937658e-08 9.792574e-08 4.120265e-12 1.173064e-07 fanout351
 2.174234e-08 9.545858e-08 4.824271e-12 1.172057e-07 fanout1052
 2.018450e-08 9.687190e-08 4.153228e-12 1.170606e-07 fanout343
 1.836397e-08 9.855761e-08 7.486744e-12 1.169291e-07 fanout698
 2.176608e-08 9.499391e-08 4.377278e-12 1.167644e-07 fanout1030
 2.130861e-08 9.540834e-08 7.391612e-12 1.167243e-07 fanout1205
 2.200439e-08 9.361036e-08 4.377278e-12 1.156191e-07 fanout947
 2.186557e-08 9.352245e-08 4.824271e-12 1.153929e-07 fanout975
 1.570604e-08 9.927901e-08 6.888464e-12 1.149919e-07 fanout713
 2.001976e-08 9.479596e-08 4.181930e-12 1.148199e-07 fanout130
 1.943385e-08 9.525349e-08 4.153578e-12 1.146915e-07 fanout367
 2.199722e-08 9.245107e-08 4.824271e-12 1.144531e-07 fanout974
 2.179044e-08 9.253727e-08 4.481335e-12 1.143322e-07 fanout1017
 1.954755e-08 9.407516e-08 4.174580e-12 1.136269e-07 fanout415
 2.187270e-08 9.164837e-08 4.824271e-12 1.135259e-07 fanout1095
 1.576273e-08 9.762226e-08 6.888464e-12 1.133919e-07 fanout630
 2.169996e-08 9.162844e-08 4.377278e-12 1.133328e-07 fanout1036
 2.187522e-08 9.112919e-08 4.720213e-12 1.130091e-07 fanout1001
 1.950153e-08 9.308074e-08 4.137126e-12 1.125864e-07 fanout132
 2.179251e-08 9.070995e-08 4.377278e-12 1.125068e-07 fanout1072
 1.586910e-08 9.584114e-08 6.888464e-12 1.117171e-07 fanout613
 2.175111e-08 8.958912e-08 4.824271e-12 1.113451e-07 fanout1094
 1.843552e-08 9.251146e-08 7.486744e-12 1.109545e-07 fanout589
 2.176854e-08 8.899434e-08 4.377278e-12 1.107673e-07 fanout955
 1.571363e-08 9.447090e-08 6.888464e-12 1.101914e-07 fanout700
 1.923138e-08 9.010083e-08 4.132866e-12 1.093363e-07 fanout337
 2.168358e-08 8.733308e-08 4.481335e-12 1.090211e-07 fanout1019
 2.192369e-08 8.692923e-08 4.720213e-12 1.088576e-07 fanout994
 1.987105e-08 8.892577e-08 4.160111e-12 1.088010e-07 fanout341
 2.005680e-08 8.835234e-08 4.139284e-12 1.084133e-07 fanout369
 2.180008e-08 8.638074e-08 4.720213e-12 1.081855e-07 fanout982
 2.178258e-08 8.601810e-08 4.824271e-12 1.078055e-07 fanout977
 1.998774e-08 8.746558e-08 4.160461e-12 1.074575e-07 fanout313
 2.180847e-08 8.553368e-08 4.377278e-12 1.073465e-07 fanout1071
 1.606683e-08 8.989540e-08 6.888464e-12 1.059691e-07 fanout541
 1.578305e-08 8.992970e-08 6.888464e-12 1.057196e-07 fanout666
 1.986736e-08 8.556936e-08 4.139109e-12 1.054409e-07 fanout309
 2.206424e-08 8.319212e-08 4.631536e-12 1.052610e-07 fanout221
 2.195025e-08 8.273243e-08 4.824271e-12 1.046875e-07 fanout970
 2.048350e-08 8.406942e-08 4.167637e-12 1.045571e-07 fanout305
 1.226302e-08 9.207641e-08 4.127033e-12 1.043435e-07 fanout277
 2.045108e-08 8.381561e-08 4.145935e-12 1.042708e-07 fanout421
 1.570533e-08 8.843395e-08 7.491336e-12 1.041468e-07 fanout598
 1.545180e-08 8.840868e-08 4.167695e-12 1.038646e-07 fanout403
 1.987086e-08 8.326177e-08 4.140626e-12 1.031368e-07 fanout411
 1.891565e-08 8.404272e-08 4.273580e-12 1.029626e-07 fanout405
 1.963328e-08 8.308956e-08 4.174871e-12 1.027270e-07 fanout347
 1.563203e-08 8.686779e-08 6.888464e-12 1.025067e-07 fanout591
 2.472292e-08 7.762464e-08 4.533235e-12 1.023521e-07 fanout1311
 2.004243e-08 8.025260e-08 4.163261e-12 1.002992e-07 fanout417
 1.866625e-08 8.162041e-08 4.157545e-12 1.002908e-07 fanout407
 1.904051e-08 8.057749e-08 4.162911e-12 9.962216e-08 fanout335
 1.979769e-08 7.947895e-08 4.136834e-12 9.928078e-08 fanout349
 2.017109e-08 7.864836e-08 4.178663e-12 9.882363e-08 fanout311
 1.894473e-08 7.954446e-08 4.136776e-12 9.849332e-08 fanout409
 2.012053e-08 7.694237e-08 4.157136e-12 9.706706e-08 fanout315
 1.980918e-08 7.456001e-08 4.092497e-12 9.437328e-08 fanout419
 2.015221e-08 7.416212e-08 4.140042e-12 9.431848e-08 fanout307
 1.540766e-08 7.872854e-08 4.013739e-12 9.414021e-08 fanout1326
 1.073321e-08 8.319100e-08 4.429307e-12 9.392863e-08 fanout1208
 1.535149e-08 7.767744e-08 4.013739e-12 9.303294e-08 fanout1324
 1.070740e-08 8.193194e-08 4.429307e-12 9.264377e-08 fanout1211
 1.931285e-08 7.264855e-08 4.142026e-12 9.196555e-08 fanout299
 1.105837e-08 8.026831e-08 4.846774e-12 9.133153e-08 fanout282
 1.567511e-08 7.536308e-08 6.911228e-12 9.104510e-08 fanout1142
 1.104929e-08 7.977587e-08 4.846774e-12 9.083001e-08 fanout286
 1.939357e-08 7.066120e-08 4.173412e-12 9.005894e-08 fanout134
 9.596626e-09 8.027383e-08 4.348450e-12 8.987480e-08 fanout705
 1.987096e-08 6.975193e-08 4.134326e-12 8.962702e-08 fanout317
 1.994809e-08 6.950815e-08 4.147743e-12 8.946040e-08 fanout136
 1.965215e-08 6.922654e-08 4.154278e-12 8.888286e-08 fanout303
 1.799589e-08 7.061303e-08 4.127325e-12 8.861306e-08 fanout361
 1.670196e-08 7.000867e-08 4.011404e-12 8.671464e-08 fanout333
 1.070757e-08 7.512799e-08 4.772242e-12 8.584033e-08 fanout1329
 1.282512e-08 7.212687e-08 4.142667e-12 8.495613e-08 fanout215
 8.470878e-08 0.000000e+00 4.116792e-12 8.471289e-08 clkload84
 8.457297e-08 0.000000e+00 4.116792e-12 8.457709e-08 clkload114
 8.453544e-08 0.000000e+00 4.116792e-12 8.453955e-08 clkload95
 1.895927e-08 6.552084e-08 4.200132e-12 8.448431e-08 fanout128
 1.960845e-08 6.483446e-08 4.156728e-12 8.444706e-08 fanout301
 8.426046e-08 0.000000e+00 4.116792e-12 8.426457e-08 clkload92
 8.414806e-08 0.000000e+00 4.116792e-12 8.415218e-08 clkload57
 8.395067e-08 0.000000e+00 4.116792e-12 8.395479e-08 clkload147
 8.390507e-08 0.000000e+00 4.116792e-12 8.390919e-08 clkload157
 8.376291e-08 0.000000e+00 4.116792e-12 8.376703e-08 clkload151
 8.359667e-08 0.000000e+00 4.116792e-12 8.360078e-08 clkload150
 8.347875e-08 0.000000e+00 4.116792e-12 8.348286e-08 clkload161
 1.216617e-08 7.122854e-08 6.889382e-12 8.340160e-08 fanout324
 1.810403e-08 6.455044e-08 4.376725e-12 8.265884e-08 fanout121
 1.743290e-08 6.460438e-08 4.329528e-12 8.204160e-08 fanout1308
 1.400192e-08 6.671980e-08 4.032524e-12 8.072575e-08 fanout1316
 7.800436e-09 7.276861e-08 4.351523e-12 8.057339e-08 fanout475
 1.617024e-08 6.392889e-08 4.720668e-12 8.010385e-08 fanout1199
 1.252799e-08 6.665314e-08 4.163028e-12 7.918530e-08 fanout232
 1.225668e-08 6.636882e-08 3.752730e-12 7.862925e-08 fanout1074
 1.672145e-08 6.152929e-08 4.072077e-12 7.825481e-08 fanout297
 1.236899e-08 6.560951e-08 4.236593e-12 7.798274e-08 fanout254
 1.077498e-08 6.557017e-08 4.772242e-12 7.634993e-08 fanout1328
 1.224843e-08 6.333706e-08 4.554658e-12 7.559004e-08 fanout1059
 1.272201e-08 6.262394e-08 4.145351e-12 7.535009e-08 fanout198
 1.239214e-08 6.271738e-08 4.142667e-12 7.511365e-08 fanout214
 1.220545e-08 6.266807e-08 4.127033e-12 7.487765e-08 fanout270
 1.223741e-08 6.248962e-08 4.367972e-12 7.473140e-08 fanout983
 1.225927e-08 6.223208e-08 4.554658e-12 7.449591e-08 fanout1093
 1.120507e-08 6.287390e-08 4.354775e-12 7.408332e-08 fanout290
 1.218528e-08 6.163739e-08 4.163028e-12 7.382683e-08 fanout229
 1.222997e-08 6.145203e-08 3.752730e-12 7.368576e-08 fanout1026
 1.272835e-08 6.068272e-08 4.145351e-12 7.341521e-08 fanout194
 5.251964e-09 6.802612e-08 7.299789e-12 7.328538e-08 fanout892
 1.215541e-08 6.053836e-08 4.163028e-12 7.269794e-08 fanout231
 1.222898e-08 6.028930e-08 4.367972e-12 7.252265e-08 fanout995
 1.755209e-08 5.409963e-08 4.244294e-12 7.165596e-08 fanout359
 9.564610e-09 6.192309e-08 4.348450e-12 7.149205e-08 fanout543
 1.221733e-08 5.817964e-08 4.127033e-12 7.040110e-08 fanout276
 1.246094e-08 5.733285e-08 4.142667e-12 6.979793e-08 fanout213
 1.227525e-08 5.734418e-08 4.554658e-12 6.962399e-08 fanout1091
 9.334164e-09 5.990983e-08 4.348450e-12 6.924834e-08 fanout560
 7.851758e-09 6.128570e-08 4.351523e-12 6.914181e-08 fanout390
 9.334759e-09 5.976264e-08 4.348450e-12 6.910174e-08 fanout559
 1.224232e-08 5.649667e-08 3.752730e-12 6.874275e-08 fanout1066
 1.226028e-08 5.638273e-08 4.367972e-12 6.864738e-08 fanout987
 1.226456e-08 5.572152e-08 3.752730e-12 6.798982e-08 fanout952
 1.201072e-08 5.513142e-08 4.192956e-12 6.714633e-08 fanout204
 9.651230e-09 5.736644e-08 4.672087e-12 6.702234e-08 fanout393
 1.229248e-08 5.456977e-08 3.939414e-12 6.686618e-08 fanout1013
 1.232622e-08 5.386563e-08 3.752730e-12 6.619560e-08 fanout1086
 1.411973e-08 5.197822e-08 4.032524e-12 6.610198e-08 fanout1315
 9.424876e-09 5.658046e-08 4.348450e-12 6.600968e-08 fanout554
 9.413990e-09 5.625780e-08 4.348450e-12 6.567614e-08 fanout562
 1.113798e-08 5.434859e-08 4.354775e-12 6.549093e-08 fanout288
 1.231398e-08 5.309930e-08 4.367972e-12 6.541764e-08 fanout1002
 8.998829e-09 5.614291e-08 4.354287e-12 6.514610e-08 fanout182
 1.234198e-08 5.171594e-08 4.554658e-12 6.406248e-08 fanout972
 1.222237e-08 5.181208e-08 4.108248e-12 6.403855e-08 fanout243
 1.216793e-08 5.141057e-08 4.192956e-12 6.358269e-08 fanout207
 1.243147e-08 5.097548e-08 4.174696e-12 6.341112e-08 fanout238
 1.222220e-08 5.096941e-08 4.108248e-12 6.319572e-08 fanout249
 1.232096e-08 5.053244e-08 3.752730e-12 6.285715e-08 fanout961
 1.216951e-08 5.067058e-08 4.145351e-12 6.284423e-08 fanout197
 1.235210e-08 5.017302e-08 4.367972e-12 6.252949e-08 fanout992
 1.230152e-08 5.006054e-08 3.939414e-12 6.236599e-08 fanout1007
 6.235857e-08 0.000000e+00 1.467898e-13 6.235872e-08 clkload93
 6.230115e-08 0.000000e+00 1.467898e-13 6.230130e-08 clkload46
 1.239172e-08 4.968875e-08 3.752730e-12 6.208422e-08 fanout943
 8.005602e-09 5.384606e-08 4.596970e-12 6.185626e-08 fanout1128
 1.235048e-08 4.942060e-08 3.752730e-12 6.177483e-08 fanout944
 6.176186e-08 0.000000e+00 1.467898e-13 6.176201e-08 clkload82
 1.189209e-08 4.976823e-08 4.142551e-12 6.166447e-08 fanout263
 1.006257e-08 5.141334e-08 3.751739e-12 6.147967e-08 fanout116
 1.228791e-08 4.912628e-08 3.752730e-12 6.141794e-08 fanout1077
 6.136143e-08 0.000000e+00 1.467898e-13 6.136158e-08 clkload31
 6.134634e-08 0.000000e+00 1.467898e-13 6.134649e-08 clkload39
 6.111727e-08 0.000000e+00 1.467898e-13 6.111742e-08 clkload100
 1.242675e-08 4.866813e-08 4.174696e-12 6.109906e-08 fanout236
 6.087311e-08 0.000000e+00 1.467898e-13 6.087326e-08 clkload144
 1.120886e-08 4.947477e-08 4.354775e-12 6.068800e-08 fanout318
 6.062528e-08 0.000000e+00 1.467898e-13 6.062543e-08 clkload137
 1.222202e-08 4.827422e-08 4.108248e-12 6.050034e-08 fanout247
 6.042963e-08 0.000000e+00 1.467898e-13 6.042978e-08 clkload127
 6.021841e-08 0.000000e+00 1.467898e-13 6.021856e-08 clkload125
 1.002770e-08 5.014570e-08 3.751739e-12 6.017715e-08 fanout124
 6.002966e-08 0.000000e+00 1.467898e-13 6.002981e-08 clkload154
 1.240397e-08 4.755022e-08 4.236593e-12 5.995842e-08 fanout256
 5.991765e-08 0.000000e+00 1.467898e-13 5.991780e-08 clkload159
 5.421859e-09 5.431497e-08 7.452827e-12 5.974428e-08 fanout940
 1.240373e-08 4.718004e-08 4.236593e-12 5.958801e-08 fanout258
 8.022723e-09 5.136073e-08 4.837603e-12 5.938829e-08 fanout1146
 8.068286e-09 5.104868e-08 4.837603e-12 5.912181e-08 fanout1172
 1.239404e-08 4.659783e-08 4.208882e-12 5.899609e-08 fanout222
 1.230268e-08 4.662617e-08 3.752730e-12 5.893260e-08 fanout1043
 1.234197e-08 4.623886e-08 3.752730e-12 5.858458e-08 fanout1035
 9.696304e-09 4.809202e-08 4.529462e-12 5.779285e-08 fanout394
 5.760810e-08 0.000000e+00 1.467898e-13 5.760825e-08 clkload7
 1.262239e-08 4.495047e-08 4.174696e-12 5.757703e-08 fanout241
 9.566852e-09 4.746576e-08 4.639000e-12 5.703725e-08 fanout1189
 1.241848e-08 4.457513e-08 4.174696e-12 5.699779e-08 fanout240
 1.160149e-08 4.520757e-08 4.354775e-12 5.681341e-08 fanout292
 1.197423e-08 4.453737e-08 4.192956e-12 5.651579e-08 fanout206
 1.217288e-08 4.410314e-08 4.163028e-12 5.628019e-08 fanout225
 8.028386e-09 4.813659e-08 4.837603e-12 5.616981e-08 fanout1134
 1.222192e-08 4.319431e-08 4.108248e-12 5.542034e-08 fanout245
 9.044835e-09 4.632728e-08 4.354287e-12 5.537647e-08 fanout176
 1.240160e-08 4.290377e-08 4.236593e-12 5.530960e-08 fanout252
 8.091754e-09 4.586112e-08 4.837603e-12 5.395771e-08 fanout1114
 7.927801e-09 4.572573e-08 4.351523e-12 5.365789e-08 fanout142
 7.927344e-09 4.519248e-08 4.351523e-12 5.312418e-08 fanout155
 9.626934e-09 4.309867e-08 4.563151e-12 5.273017e-08 fanout922
 8.079863e-09 4.456736e-08 4.837603e-12 5.265206e-08 fanout1162
 8.016454e-09 4.425445e-08 4.837603e-12 5.227574e-08 fanout1163
 9.086961e-09 4.249956e-08 4.354287e-12 5.159087e-08 fanout180
 9.732443e-09 4.168442e-08 4.529462e-12 5.142139e-08 fanout278
 8.051602e-09 4.227519e-08 4.837603e-12 5.033164e-08 fanout1137
 1.229206e-08 3.772760e-08 3.939414e-12 5.002360e-08 fanout1011
 8.085633e-09 4.181599e-08 4.836758e-12 4.990646e-08 fanout1180
 9.687448e-09 4.006922e-08 4.672087e-12 4.976134e-08 fanout398
 9.099092e-09 3.985792e-08 4.354287e-12 4.896137e-08 fanout177
 1.234195e-08 3.637898e-08 4.554658e-12 4.872549e-08 fanout966
 7.940957e-09 4.068258e-08 4.351523e-12 4.862789e-08 fanout148
 7.968561e-09 4.036796e-08 4.351523e-12 4.834087e-08 fanout138
 9.126516e-09 3.893079e-08 4.354287e-12 4.806166e-08 fanout178
 8.125095e-09 3.940863e-08 4.837603e-12 4.753856e-08 fanout1119
 8.132090e-09 3.921281e-08 4.837603e-12 4.734974e-08 fanout1118
 8.049026e-09 3.907280e-08 4.836758e-12 4.712666e-08 fanout1178
 1.033171e-08 3.672616e-08 4.014847e-12 4.706189e-08 fanout190
 7.953324e-09 3.885754e-08 4.351523e-12 4.681522e-08 fanout152
 8.106937e-09 3.809810e-08 4.837603e-12 4.620988e-08 fanout1161
 1.026786e-08 3.579562e-08 3.751739e-12 4.606723e-08 fanout372
 2.508040e-09 4.293405e-08 6.869526e-12 4.544896e-08 fanout761
 5.307129e-09 3.991948e-08 7.299789e-12 4.523391e-08 fanout891
 7.953978e-09 3.696900e-08 4.351523e-12 4.492733e-08 fanout147
 7.959346e-09 3.673895e-08 4.351523e-12 4.470265e-08 fanout144
 4.382716e-08 0.000000e+00 3.907933e-12 4.383107e-08 clkload43
 4.378781e-08 0.000000e+00 3.907933e-12 4.379172e-08 clkload48
 4.373687e-08 0.000000e+00 3.907933e-12 4.374078e-08 clkload44
 4.368842e-08 0.000000e+00 3.907933e-12 4.369233e-08 clkload36
 4.367581e-08 0.000000e+00 3.907933e-12 4.367972e-08 clkload103
 4.366873e-08 0.000000e+00 3.907933e-12 4.367264e-08 clkload34
 4.366866e-08 0.000000e+00 3.907933e-12 4.367257e-08 clkload35
 4.365060e-08 0.000000e+00 3.907933e-12 4.365451e-08 clkload108
 4.363030e-08 0.000000e+00 3.907933e-12 4.363421e-08 clkload49
 4.361243e-08 0.000000e+00 3.907933e-12 4.361634e-08 clkload78
 4.359476e-08 0.000000e+00 3.907933e-12 4.359866e-08 clkload98
 4.359396e-08 0.000000e+00 3.907933e-12 4.359786e-08 clkload91
 4.356090e-08 0.000000e+00 3.907933e-12 4.356481e-08 clkload120
 4.354357e-08 0.000000e+00 3.907933e-12 4.354747e-08 clkload87
 4.342356e-08 0.000000e+00 3.907933e-12 4.342747e-08 clkload126
 4.333843e-08 0.000000e+00 3.907933e-12 4.334234e-08 clkload156
 4.333176e-08 0.000000e+00 3.907933e-12 4.333567e-08 clkload55
 4.332380e-08 0.000000e+00 3.907933e-12 4.332771e-08 clkload141
 6.177259e-09 3.703273e-08 4.856171e-12 4.321484e-08 fanout320
 1.014263e-08 3.299649e-08 3.751739e-12 4.314287e-08 fanout122
 8.070614e-09 3.480879e-08 4.351523e-12 4.288376e-08 fanout375
 7.973144e-09 3.465332e-08 4.351523e-12 4.263081e-08 fanout137
 7.972208e-09 3.415435e-08 4.351523e-12 4.213091e-08 fanout150
 5.343273e-09 3.670595e-08 1.050057e-11 4.205973e-08 fanout737
 8.030966e-09 3.360535e-08 4.351523e-12 4.164067e-08 fanout160
 8.166009e-09 3.337698e-08 4.634821e-12 4.154763e-08 fanout1190
 6.302107e-09 3.417007e-08 3.712359e-12 4.047589e-08 fanout281
 8.145519e-09 3.182703e-08 4.836758e-12 3.997738e-08 fanout1179
 7.979425e-09 3.133791e-08 4.351523e-12 3.932169e-08 fanout377
 6.219017e-09 3.308726e-08 4.345377e-12 3.931063e-08 fanout326
 8.109211e-09 3.095026e-08 4.837603e-12 3.906431e-08 fanout1153
 5.356017e-09 3.332748e-08 6.926914e-12 3.869043e-08 fanout904
 8.021842e-09 3.050198e-08 4.351523e-12 3.852818e-08 fanout140
 2.580782e-09 3.581744e-08 6.869526e-12 3.840509e-08 fanout773
 8.182595e-09 2.980718e-08 4.634821e-12 3.799441e-08 fanout1191
 8.173662e-09 2.931629e-08 4.837603e-12 3.749479e-08 fanout1170
 5.288313e-09 3.219956e-08 6.896307e-12 3.749477e-08 fanout890
 5.284457e-09 3.200265e-08 7.452827e-12 3.729456e-08 fanout939
 5.276597e-09 3.195518e-08 6.926914e-12 3.723870e-08 fanout905
 4.707959e-09 3.202374e-08 4.578576e-12 3.673628e-08 fanout1155
 4.466276e-09 3.116637e-08 3.706525e-12 3.563635e-08 fanout457
 6.238816e-09 2.935210e-08 4.345377e-12 3.559526e-08 fanout111
 6.344974e-09 2.753844e-08 3.712359e-12 3.388713e-08 fanout291
 2.615758e-09 3.109595e-08 6.869526e-12 3.371858e-08 fanout806
 6.295801e-09 2.694382e-08 4.345377e-12 3.324396e-08 fanout328
 2.621413e-09 3.046521e-08 6.869526e-12 3.309349e-08 fanout804
 6.212866e-09 2.651791e-08 4.345377e-12 3.273512e-08 fanout354
 6.531698e-09 2.597197e-08 3.712359e-12 3.250738e-08 fanout293
 6.336824e-09 2.563218e-08 3.712359e-12 3.197271e-08 fanout319
 4.474770e-09 2.733074e-08 3.706525e-12 3.180921e-08 fanout385
 2.623771e-09 2.904144e-08 6.869526e-12 3.167208e-08 fanout814
 2.623418e-09 2.893623e-08 6.869526e-12 3.156652e-08 fanout791
 4.617157e-09 2.609522e-08 4.578576e-12 3.071696e-08 fanout1141
 4.514635e-09 2.583489e-08 3.706525e-12 3.035323e-08 fanout476
 6.335403e-09 2.366697e-08 3.712359e-12 3.000609e-08 fanout289
 4.583950e-09 2.483693e-08 4.578576e-12 2.942546e-08 fanout1157
 5.464792e-09 2.365269e-08 4.281631e-12 2.912176e-08 fanout399
 4.478719e-09 2.463784e-08 3.706350e-12 2.912026e-08 fanout1350
 2.635810e-09 2.616580e-08 6.869526e-12 2.880848e-08 fanout767
 2.636707e-09 2.606276e-08 6.869526e-12 2.870634e-08 fanout812
 4.489468e-09 2.411973e-08 3.706525e-12 2.861290e-08 fanout141
 4.546312e-09 2.401516e-08 3.706525e-12 2.856518e-08 fanout159
 2.628543e-09 2.552593e-08 6.869526e-12 2.816134e-08 fanout769
 4.490481e-09 2.360895e-08 3.706350e-12 2.810314e-08 fanout1354
 4.739847e-09 2.300682e-08 4.578576e-12 2.775125e-08 fanout1152
 5.479098e-09 2.223100e-08 4.025757e-12 2.771412e-08 fanout395
 4.479737e-09 2.322115e-08 3.706525e-12 2.770460e-08 fanout463
 5.432379e-09 2.226766e-08 4.222272e-12 2.770426e-08 fanout1188
 4.488708e-09 2.319300e-08 3.706525e-12 2.768542e-08 fanout468
 5.418750e-09 2.187363e-08 4.086196e-12 2.729647e-08 fanout927
 4.493335e-09 2.273372e-08 3.706525e-12 2.723077e-08 fanout139
 4.623304e-09 2.252256e-08 4.092613e-12 2.714995e-08 fanout1193
 4.507411e-09 2.233782e-08 3.706350e-12 2.684893e-08 fanout1351
 2.681147e-08 0.000000e+00 1.567550e-12 2.681303e-08 clkload0
 4.553894e-09 2.219675e-08 4.578576e-12 2.675522e-08 fanout1120
 5.529525e-09 2.117691e-08 4.025757e-12 2.671046e-08 fanout279
 4.555264e-09 2.213329e-08 3.706525e-12 2.669226e-08 fanout459
 4.459701e-09 2.216673e-08 3.706350e-12 2.663014e-08 fanout1352
 4.545466e-09 2.199845e-08 4.578576e-12 2.654850e-08 fanout1171
 4.537285e-09 2.199286e-08 3.706525e-12 2.653385e-08 fanout464
 4.494642e-09 2.176175e-08 3.706525e-12 2.626010e-08 fanout378
 4.496986e-09 2.172057e-08 3.706350e-12 2.622126e-08 fanout1356
 4.495808e-09 2.124073e-08 3.706525e-12 2.574025e-08 fanout466
 4.049220e-09 2.137941e-08 7.356643e-12 2.543599e-08 fanout1202
 4.509855e-09 2.090202e-08 3.706525e-12 2.541559e-08 fanout462
 4.643368e-09 2.061612e-08 3.706525e-12 2.526319e-08 fanout174
 4.525525e-09 2.071218e-08 3.706525e-12 2.524141e-08 fanout169
 4.495931e-09 2.073178e-08 3.706350e-12 2.523142e-08 fanout1358
 2.666197e-09 2.215618e-08 6.869526e-12 2.482924e-08 fanout775
 2.621891e-09 2.210543e-08 6.869526e-12 2.473419e-08 fanout764
 4.131094e-09 2.056392e-08 7.023098e-12 2.470204e-08 fanout1343
 5.137380e-09 1.953311e-08 3.711484e-12 2.467421e-08 fanout179
 2.640112e-09 2.190476e-08 6.869526e-12 2.455174e-08 fanout728
 2.673848e-09 2.173289e-08 6.869526e-12 2.441361e-08 fanout749
 1.278058e-09 2.283240e-08 4.873048e-12 2.411533e-08 fanout794
 4.544273e-09 1.932095e-08 4.146868e-12 2.386937e-08 fanout1127
 4.571299e-09 1.922349e-08 4.577060e-12 2.379937e-08 fanout1176
 4.587137e-09 1.882223e-08 4.092613e-12 2.341346e-08 fanout1192
 2.673419e-09 2.020801e-08 6.869526e-12 2.288830e-08 fanout843
 2.679579e-09 1.989992e-08 4.377278e-12 2.258387e-08 fanout908
 4.494003e-09 1.799738e-08 3.706525e-12 2.249510e-08 fanout151
 4.502879e-09 1.771833e-08 3.706525e-12 2.222492e-08 fanout376
 4.528339e-09 1.743526e-08 3.706525e-12 2.196731e-08 fanout171
 3.536634e-09 1.718872e-08 3.695499e-12 2.072905e-08 fanout329
 2.688308e-09 1.796840e-08 4.377278e-12 2.066108e-08 fanout901
 2.620993e-09 1.759663e-08 6.869526e-12 2.022449e-08 fanout838
 3.514805e-09 1.644936e-08 3.695499e-12 1.996786e-08 fanout112
 3.613746e-09 1.634112e-08 7.268188e-12 1.996213e-08 fanout930
 2.645222e-09 1.718673e-08 6.869526e-12 1.983883e-08 fanout733
 4.524404e-09 1.510952e-08 3.706525e-12 1.963764e-08 fanout173
 4.557017e-09 1.495435e-08 4.092613e-12 1.951546e-08 fanout1194
 4.560732e-09 1.485578e-08 3.706525e-12 1.942022e-08 fanout157
 2.696138e-09 1.671518e-08 6.869526e-12 1.941819e-08 fanout748
 5.422198e-09 1.393583e-08 1.395813e-11 1.937199e-08 max_cap1183
 2.649707e-09 1.648688e-08 6.869526e-12 1.914345e-08 fanout724
 2.670195e-09 1.625874e-08 6.869526e-12 1.893580e-08 fanout777
 3.604362e-09 1.495254e-08 7.006188e-12 1.856391e-08 fanout886
 3.512171e-09 1.433904e-08 3.695499e-12 1.785491e-08 fanout355
 8.533784e-09 9.241240e-09 1.181000e-12 1.777621e-08 max_cap860
 2.701373e-09 1.492238e-08 4.377278e-12 1.762813e-08 fanout907
 8.743599e-09 8.872277e-09 1.181000e-12 1.761706e-08 max_cap859
 2.656239e-09 1.488917e-08 6.869526e-12 1.755228e-08 fanout837
 2.684703e-09 1.474144e-08 6.869526e-12 1.743301e-08 fanout857
 2.652837e-09 1.462451e-08 6.869526e-12 1.728421e-08 fanout758
 1.906541e-09 1.475436e-08 7.511402e-12 1.666842e-08 fanout638
 2.756356e-09 1.390011e-08 7.269182e-12 1.666373e-08 fanout933
 2.699496e-09 1.393534e-08 6.869526e-12 1.664170e-08 fanout842
 2.660664e-09 1.394078e-08 6.869526e-12 1.660832e-08 fanout727
 2.650004e-09 1.392940e-08 6.869526e-12 1.658628e-08 fanout736
 2.654712e-09 1.378535e-08 6.869526e-12 1.644693e-08 fanout831
 2.732901e-09 1.340851e-08 1.181000e-12 1.614259e-08 fanout1353
 2.721033e-09 1.339192e-08 6.869526e-12 1.611982e-08 fanout763
 2.745083e-09 1.329976e-08 6.869526e-12 1.605171e-08 fanout798
 2.702462e-09 1.329189e-08 6.869526e-12 1.600123e-08 fanout774
 2.685321e-09 1.322364e-08 6.869526e-12 1.591583e-08 fanout757
 2.635247e-09 1.316291e-08 6.869526e-12 1.580502e-08 fanout740
 2.710793e-09 1.305901e-08 6.869526e-12 1.577667e-08 fanout829
 2.693756e-09 1.264809e-08 6.869526e-12 1.534872e-08 fanout832
 2.730371e-09 1.217802e-08 6.869526e-12 1.491527e-08 fanout795
 2.731587e-09 1.205119e-08 6.869526e-12 1.478964e-08 fanout808
 2.684847e-09 1.207717e-08 6.869526e-12 1.476888e-08 fanout821
 2.671337e-09 1.164538e-08 6.869526e-12 1.432358e-08 fanout784
 2.636477e-09 1.156181e-08 6.869526e-12 1.420516e-08 fanout819
 2.654465e-09 1.149793e-08 6.869526e-12 1.415926e-08 fanout778
 1.345907e-09 1.147182e-08 4.872398e-12 1.282260e-08 fanout644
 1.846614e-09 9.650634e-09 4.756894e-12 1.150200e-08 fanout885
 1.339637e-09 9.962872e-09 4.429307e-12 1.130694e-08 fanout898
 1.858012e-09 9.261444e-09 4.534210e-12 1.112399e-08 fanout928
 1.466522e-09 9.080780e-09 4.328825e-12 1.055163e-08 fanout425
 1.343250e-09 9.128478e-09 4.873048e-12 1.047660e-08 fanout848
 1.345784e-09 8.721802e-09 4.873048e-12 1.007246e-08 fanout845
 1.344510e-09 8.628517e-09 4.873048e-12 9.977901e-09 fanout793
 1.345211e-09 7.530602e-09 4.873048e-12 8.880686e-09 fanout790
 1.492998e-09 7.354516e-09 4.328825e-12 8.851843e-09 fanout442
 1.352916e-09 7.158750e-09 4.873048e-12 8.516539e-09 fanout746
 1.481754e-09 7.012113e-09 4.872722e-12 8.498739e-09 fanout915
 1.350554e-09 7.063276e-09 4.873048e-12 8.418703e-09 fanout792
 1.495749e-09 6.734748e-09 4.328825e-12 8.234825e-09 fanout441
 1.352226e-09 6.062811e-09 4.873048e-12 7.419910e-09 fanout772
 1.362513e-09 5.899923e-09 4.873048e-12 7.267309e-09 fanout874
 1.504639e-09 5.724173e-09 4.328825e-12 7.233141e-09 fanout474
 1.509953e-09 5.668795e-09 4.328825e-12 7.183077e-09 fanout473
 8.307535e-10 6.084054e-09 3.665805e-12 6.918473e-09 fanout431
 1.488372e-09 5.380640e-09 4.872722e-12 6.873885e-09 fanout916
 1.497246e-09 5.347086e-09 4.872722e-12 6.849205e-09 fanout917
 1.162939e-09 5.673523e-09 4.407993e-12 6.840870e-09 fanout1344
 1.045699e-09 5.672656e-09 4.034274e-12 6.722389e-09 fanout929
 8.268114e-10 5.721750e-09 7.512914e-12 6.556074e-09 fanout641
 8.336944e-10 5.102590e-09 3.665805e-12 5.939950e-09 fanout429
 9.341006e-10 4.931802e-09 4.327492e-12 5.870230e-09 fanout637
 8.350931e-10 4.676346e-09 3.665805e-12 5.515105e-09 fanout426
 8.389826e-10 4.632461e-09 3.665805e-12 5.475110e-09 fanout433
 7.805758e-10 4.638353e-09 4.257128e-12 5.423186e-09 fanout1241
 1.157268e-09 4.091315e-09 3.899394e-12 5.252482e-09 fanout1203
 7.719774e-10 3.999842e-09 3.666301e-12 4.775486e-09 fanout650
 8.373771e-10 3.891794e-09 3.665805e-12 4.732837e-09 fanout428
 8.409154e-10 3.657749e-09 3.665805e-12 4.502330e-09 fanout424
 7.741806e-10 3.664626e-09 4.642166e-12 4.443449e-09 fanout873
 7.717817e-10 3.438298e-09 3.666301e-12 4.213746e-09 fanout647
 7.710581e-10 3.047592e-09 4.640999e-12 3.823291e-09 fanout645
 8.398295e-10 2.940411e-09 4.641582e-12 3.784883e-09 fanout918
 7.718243e-10 2.995560e-09 3.665221e-12 3.771050e-09 fanout868
 1.022313e-09 2.085364e-09 1.181000e-12 3.108858e-09 wire855
 7.752954e-10 2.039270e-09 3.666301e-12 2.818232e-09 fanout651
 4.184943e-10 2.199278e-09 4.326208e-12 2.622099e-09 fanout640
 1.010527e-09 1.130318e-09 1.181000e-12 2.142026e-09 max_cap854
 4.804260e-10 8.435856e-10 1.181000e-12 1.325193e-09 wire818
 4.707709e-10 7.176636e-10 1.181000e-12 1.189616e-09 max_cap817
 6.378830e-12 1.358965e-10 6.865699e-12 1.491411e-10 fanout444
 6.548137e-12 1.017029e-10 7.514041e-12 1.157651e-10 fanout446
 6.650636e-12 8.951997e-11 7.514041e-12 1.036847e-10 fanout449
 6.848204e-12 6.684389e-11 6.865699e-12 8.055780e-11 fanout448
 3.414361e-12 1.735259e-11 4.325249e-12 2.509220e-11 fanout450
 3.376482e-12 1.711866e-11 4.325249e-12 2.482039e-11 fanout451
 3.391196e-12 1.648717e-11 4.325249e-12 2.420361e-11 fanout439
 1.978809e-12 1.035138e-11 3.659388e-12 1.598957e-11 fanout472
 5.435680e-18 4.675856e-17 1.416305e-11 1.416310e-11 fanout1372
 5.452067e-18 3.732039e-17 1.416305e-11 1.416309e-11 max_cap1364
 5.249825e-18 4.519909e-17 1.048315e-11 1.048320e-11 fanout1385
 2.636870e-18 1.329095e-17 7.513335e-12 7.513350e-12 fanout1370
 0.000000e+00 0.000000e+00 4.876300e-12 4.876300e-12 fanout913
 1.345972e-18 9.401786e-18 4.875649e-12 4.875660e-12 fanout1380
 1.349604e-18 6.416222e-18 4.875649e-12 4.875657e-12 fanout1384
 1.539644e-16 7.432621e-16 4.784372e-12 4.785269e-12 fanout1374
 1.408734e-15 9.651579e-15 4.665550e-12 4.676611e-12 input8
 2.844720e-16 1.718550e-15 4.668347e-12 4.670350e-12 fanout1360
 0.000000e+00 0.000000e+00 4.648000e-12 4.648000e-12 input23
 0.000000e+00 0.000000e+00 4.648000e-12 4.648000e-12 input24
 0.000000e+00 0.000000e+00 4.648000e-12 4.648000e-12 input25
 0.000000e+00 0.000000e+00 4.648000e-12 4.648000e-12 input26
 0.000000e+00 0.000000e+00 4.648000e-12 4.648000e-12 input27
 0.000000e+00 0.000000e+00 4.648000e-12 4.648000e-12 input28
 0.000000e+00 0.000000e+00 4.648000e-12 4.648000e-12 input29
 0.000000e+00 0.000000e+00 4.648000e-12 4.648000e-12 input30
 0.000000e+00 0.000000e+00 4.648000e-12 4.648000e-12 input33
 0.000000e+00 0.000000e+00 4.648000e-12 4.648000e-12 input34
 0.000000e+00 0.000000e+00 4.648000e-12 4.648000e-12 input36
 0.000000e+00 0.000000e+00 4.648000e-12 4.648000e-12 input37
 0.000000e+00 0.000000e+00 4.648000e-12 4.648000e-12 input38
 0.000000e+00 0.000000e+00 4.648000e-12 4.648000e-12 input39
 0.000000e+00 0.000000e+00 4.648000e-12 4.648000e-12 input40
 0.000000e+00 0.000000e+00 4.648000e-12 4.648000e-12 input41
 0.000000e+00 0.000000e+00 4.648000e-12 4.648000e-12 input42
 0.000000e+00 0.000000e+00 4.648000e-12 4.648000e-12 input43
 0.000000e+00 0.000000e+00 4.648000e-12 4.648000e-12 input44
 0.000000e+00 0.000000e+00 4.648000e-12 4.648000e-12 input45
 0.000000e+00 0.000000e+00 4.648000e-12 4.648000e-12 input46
 0.000000e+00 0.000000e+00 4.648000e-12 4.648000e-12 input48
 0.000000e+00 0.000000e+00 4.648000e-12 4.648000e-12 input49
 0.000000e+00 0.000000e+00 4.648000e-12 4.648000e-12 input50
 0.000000e+00 0.000000e+00 4.648000e-12 4.648000e-12 input51
 0.000000e+00 0.000000e+00 4.648000e-12 4.648000e-12 input52
 0.000000e+00 0.000000e+00 4.648000e-12 4.648000e-12 input53
 0.000000e+00 0.000000e+00 4.648000e-12 4.648000e-12 input54
 0.000000e+00 0.000000e+00 4.648000e-12 4.648000e-12 input9
 7.718997e-19 3.202601e-18 4.646833e-12 4.646837e-12 fanout1383
 1.936591e-16 7.695675e-16 4.574581e-12 4.575544e-12 input7
 1.358629e-18 5.903459e-18 4.325850e-12 4.325858e-12 fanout1365
 1.367169e-18 5.034221e-18 4.325850e-12 4.325857e-12 fanout1367
 1.998116e-16 1.107667e-15 4.148385e-12 4.149693e-12 input2
 1.947955e-16 1.087727e-15 4.140159e-12 4.141442e-12 input4
 1.963389e-16 9.416078e-16 4.062889e-12 4.064027e-12 input1
 1.671436e-16 1.064038e-15 4.032378e-12 4.033609e-12 input5
 1.019327e-16 8.411393e-17 1.181000e-12 1.181186e-12 input11
 5.611844e-17 7.113365e-17 1.181000e-12 1.181127e-12 input6
 0.000000e+00 0.000000e+00 1.181000e-12 1.181000e-12 input12
 0.000000e+00 0.000000e+00 1.181000e-12 1.181000e-12 input13
 0.000000e+00 0.000000e+00 1.181000e-12 1.181000e-12 input14
 0.000000e+00 0.000000e+00 1.181000e-12 1.181000e-12 input15
 0.000000e+00 0.000000e+00 1.181000e-12 1.181000e-12 input16
 0.000000e+00 0.000000e+00 1.181000e-12 1.181000e-12 input17
 0.000000e+00 0.000000e+00 1.181000e-12 1.181000e-12 input18
 0.000000e+00 0.000000e+00 1.181000e-12 1.181000e-12 input19
 0.000000e+00 0.000000e+00 1.181000e-12 1.181000e-12 input20
 0.000000e+00 0.000000e+00 1.181000e-12 1.181000e-12 input21
 0.000000e+00 0.000000e+00 1.181000e-12 1.181000e-12 input22
 0.000000e+00 0.000000e+00 1.181000e-12 1.181000e-12 input55
