     Internal    Switching      Leakage        Total
        Power        Power        Power        Power (Watts)
----------------------------------------------------
 8.856421e-07 2.414579e-06 1.225407e-11 3.300233e-06 clkbuf_0_core_clk
 4.386179e-07 1.044381e-06 7.177765e-12 1.483006e-06 clkbuf_4_9_0_core_clk
 4.380178e-07 1.029154e-06 7.177765e-12 1.467179e-06 clkbuf_4_2_0_core_clk
 4.370326e-07 9.906277e-07 7.177765e-12 1.427667e-06 clkbuf_4_0_0_core_clk
 4.370381e-07 9.823120e-07 7.177765e-12 1.419357e-06 clkbuf_4_8_0_core_clk
 3.376254e-07 1.078406e-06 1.115306e-11 1.416043e-06 clkbuf_0_v_clk
 4.368678e-07 9.764519e-07 7.177765e-12 1.413327e-06 clkbuf_4_12_0_core_clk
 4.364990e-07 9.685148e-07 7.177765e-12 1.405021e-06 clkbuf_4_7_0_core_clk
 4.356549e-07 9.355891e-07 7.177765e-12 1.371251e-06 clkbuf_4_3_0_core_clk
 4.354131e-07 9.192900e-07 7.177765e-12 1.354710e-06 clkbuf_4_13_0_core_clk
 4.346352e-07 8.888210e-07 7.177765e-12 1.323463e-06 clkbuf_4_15_0_core_clk
 4.340718e-07 8.666028e-07 7.177765e-12 1.300682e-06 clkbuf_4_14_0_core_clk
 4.337534e-07 8.600733e-07 7.177765e-12 1.293834e-06 clkbuf_4_6_0_core_clk
 4.336204e-07 8.550584e-07 7.177765e-12 1.288686e-06 clkbuf_4_5_0_core_clk
 2.894800e-07 9.985318e-07 1.105504e-11 1.288023e-06 clkbuf_0_w_clk
 4.336306e-07 8.486857e-07 7.177765e-12 1.282323e-06 clkbuf_4_11_0_core_clk
 4.326180e-07 8.091815e-07 7.177765e-12 1.241807e-06 clkbuf_4_10_0_core_clk
 4.315839e-07 7.757948e-07 7.177765e-12 1.207386e-06 clkbuf_4_1_0_core_clk
 8.729625e-07 3.323462e-07 1.232310e-11 1.205321e-06 clkbuf_0_clk
 4.295954e-07 6.963755e-07 7.177765e-12 1.125978e-06 clkbuf_4_4_0_core_clk
 4.234784e-07 6.396522e-07 8.302439e-12 1.063139e-06 u_icg
 8.431249e-07 1.379312e-07 1.232310e-11 9.810684e-07 clkbuf_1_0__f_clk
 8.402112e-07 1.104910e-07 1.232310e-11 9.507145e-07 clkbuf_1_1__f_clk
 3.323676e-07 6.167637e-07 1.115306e-11 9.491424e-07 clkbuf_3_3__f_v_clk
 3.322734e-07 6.144494e-07 1.115306e-11 9.467339e-07 clkbuf_3_0__f_v_clk
 3.316912e-07 6.001815e-07 1.115306e-11 9.318838e-07 clkbuf_3_5__f_v_clk
 3.315104e-07 5.957953e-07 1.115306e-11 9.273168e-07 clkbuf_3_2__f_v_clk
 3.310429e-07 5.842933e-07 1.115306e-11 9.153474e-07 clkbuf_3_7__f_v_clk
 3.309787e-07 5.825976e-07 1.115306e-11 9.135875e-07 clkbuf_3_4__f_v_clk
 3.309376e-07 5.815987e-07 1.115306e-11 9.125474e-07 clkbuf_3_1__f_v_clk
 3.291059e-07 5.366927e-07 1.115306e-11 8.658097e-07 clkbuf_3_6__f_v_clk
 2.853351e-07 1.929584e-07 8.829600e-12 4.783023e-07 u_icg_v
 2.693938e-07 1.263715e-07 8.873993e-12 3.957742e-07 u_icg_w
 7.209641e-08 3.065756e-07 4.497388e-12 3.786765e-07 fanout250
 7.224962e-08 2.893976e-07 4.497388e-12 3.616518e-07 fanout245
 1.627348e-07 1.915542e-07 6.984224e-12 3.542959e-07 clkbuf_leaf_28_v_clk
 1.625784e-07 1.859703e-07 6.984224e-12 3.485557e-07 clkbuf_leaf_30_v_clk
 7.216710e-08 2.731861e-07 4.497388e-12 3.453576e-07 fanout238
 7.296247e-08 2.722589e-07 4.497388e-12 3.452259e-07 fanout249
 7.256052e-08 2.716125e-07 4.497388e-12 3.441775e-07 fanout240
 7.263876e-08 2.710037e-07 4.704117e-12 3.436471e-07 fanout145
 1.379781e-07 1.967379e-07 6.966994e-12 3.347230e-07 clkbuf_4_4_0_w_clk
 1.617737e-07 1.708325e-07 6.984224e-12 3.326132e-07 clkbuf_leaf_52_v_clk
 1.617345e-07 1.699477e-07 6.984224e-12 3.316893e-07 clkbuf_leaf_44_v_clk
 1.617023e-07 1.679744e-07 6.984224e-12 3.296836e-07 clkbuf_leaf_62_v_clk
 1.617095e-07 1.651212e-07 6.984224e-12 3.268377e-07 clkbuf_leaf_53_v_clk
 1.616238e-07 1.651841e-07 6.984224e-12 3.268149e-07 clkbuf_leaf_72_v_clk
 1.616578e-07 1.638013e-07 6.984224e-12 3.254661e-07 clkbuf_leaf_19_v_clk
 1.615836e-07 1.638609e-07 6.984224e-12 3.254515e-07 clkbuf_leaf_47_v_clk
 1.377350e-07 1.862387e-07 6.966994e-12 3.239807e-07 clkbuf_4_3_0_w_clk
 1.618864e-07 1.609287e-07 6.984224e-12 3.228222e-07 clkbuf_leaf_29_v_clk
 7.228307e-08 2.494067e-07 4.497388e-12 3.216942e-07 fanout247
 1.618236e-07 1.589143e-07 6.984224e-12 3.207449e-07 clkbuf_leaf_26_v_clk
 1.614429e-07 1.583414e-07 6.984224e-12 3.197913e-07 clkbuf_leaf_75_v_clk
 1.376229e-07 1.813858e-07 6.966994e-12 3.190158e-07 clkbuf_4_7_0_w_clk
 1.614006e-07 1.572624e-07 6.984224e-12 3.186699e-07 clkbuf_leaf_51_v_clk
 1.613870e-07 1.567403e-07 6.984224e-12 3.181343e-07 clkbuf_leaf_48_v_clk
 7.312211e-08 2.434955e-07 4.497388e-12 3.166221e-07 fanout237
 1.617035e-07 1.545433e-07 6.984224e-12 3.162538e-07 clkbuf_leaf_27_v_clk
 1.375528e-07 1.785538e-07 6.966994e-12 3.161135e-07 clkbuf_4_0_0_w_clk
 1.613940e-07 1.541711e-07 6.984224e-12 3.155721e-07 clkbuf_leaf_60_v_clk
 1.613033e-07 1.538569e-07 6.984224e-12 3.151671e-07 clkbuf_leaf_64_v_clk
 1.375040e-07 1.764177e-07 6.966994e-12 3.139287e-07 clkbuf_4_8_0_w_clk
 1.613976e-07 1.524125e-07 6.984224e-12 3.138171e-07 clkbuf_leaf_2_v_clk
 1.613591e-07 1.507874e-07 6.984224e-12 3.121535e-07 clkbuf_leaf_5_v_clk
 1.374433e-07 1.741648e-07 6.966994e-12 3.116151e-07 clkbuf_4_15_0_w_clk
 1.612202e-07 1.502959e-07 6.984224e-12 3.115232e-07 clkbuf_leaf_77_v_clk
 1.612184e-07 1.501570e-07 6.984224e-12 3.113825e-07 clkbuf_leaf_74_v_clk
 1.374396e-07 1.738196e-07 6.966994e-12 3.112661e-07 clkbuf_4_5_0_w_clk
 1.613336e-07 1.492447e-07 6.984224e-12 3.105854e-07 clkbuf_leaf_69_v_clk
 1.373949e-07 1.717915e-07 6.966994e-12 3.091934e-07 clkbuf_4_2_0_w_clk
 1.611215e-07 1.471087e-07 6.984224e-12 3.082372e-07 clkbuf_leaf_49_v_clk
 1.611949e-07 1.468259e-07 6.984224e-12 3.080279e-07 clkbuf_leaf_17_v_clk
 1.373505e-07 1.701923e-07 6.966994e-12 3.075497e-07 clkbuf_4_14_0_w_clk
 1.611772e-07 1.461850e-07 6.984224e-12 3.073691e-07 clkbuf_leaf_16_v_clk
 1.612094e-07 1.454665e-07 6.984224e-12 3.066829e-07 clkbuf_leaf_1_v_clk
 1.610482e-07 1.446084e-07 6.984224e-12 3.056636e-07 clkbuf_leaf_46_v_clk
 1.611450e-07 1.431992e-07 6.984224e-12 3.043511e-07 clkbuf_leaf_4_v_clk
 1.610062e-07 1.433009e-07 6.984224e-12 3.043141e-07 clkbuf_leaf_65_v_clk
 1.610242e-07 1.430861e-07 6.984224e-12 3.041173e-07 clkbuf_leaf_73_v_clk
 1.610139e-07 1.427513e-07 6.984224e-12 3.037721e-07 clkbuf_leaf_70_v_clk
 1.610633e-07 1.421371e-07 6.984224e-12 3.032073e-07 clkbuf_leaf_59_v_clk
 1.609942e-07 1.420647e-07 6.984224e-12 3.030659e-07 clkbuf_leaf_76_v_clk
 1.609900e-07 1.420124e-07 6.984224e-12 3.030094e-07 clkbuf_leaf_71_v_clk
 1.611558e-07 1.418007e-07 6.984224e-12 3.029635e-07 clkbuf_leaf_24_v_clk
 1.609586e-07 1.411980e-07 6.984224e-12 3.021636e-07 clkbuf_leaf_50_v_clk
 1.609535e-07 1.382163e-07 6.984224e-12 2.991767e-07 clkbuf_leaf_20_v_clk
 1.612308e-07 1.374291e-07 6.984224e-12 2.986669e-07 clkbuf_leaf_41_v_clk
 1.371414e-07 1.614126e-07 6.966994e-12 2.985610e-07 clkbuf_4_10_0_w_clk
 1.609034e-07 1.361581e-07 6.984224e-12 2.970684e-07 clkbuf_leaf_58_v_clk
 1.608966e-07 1.361112e-07 6.984224e-12 2.970148e-07 clkbuf_leaf_13_v_clk
 1.607601e-07 1.345872e-07 6.984224e-12 2.953543e-07 clkbuf_leaf_45_v_clk
 1.609001e-07 1.344017e-07 6.984224e-12 2.953088e-07 clkbuf_leaf_0_v_clk
 1.608880e-07 1.340106e-07 6.984224e-12 2.949056e-07 clkbuf_leaf_78_v_clk
 1.609027e-07 1.336696e-07 6.984224e-12 2.945794e-07 clkbuf_leaf_68_v_clk
 1.608598e-07 1.328866e-07 6.984224e-12 2.937534e-07 clkbuf_leaf_32_v_clk
 1.607772e-07 1.320035e-07 6.984224e-12 2.927877e-07 clkbuf_leaf_56_v_clk
 1.370170e-07 1.556609e-07 6.966994e-12 2.926849e-07 clkbuf_4_12_0_w_clk
 1.370090e-07 1.553597e-07 6.966994e-12 2.923756e-07 clkbuf_4_13_0_w_clk
 1.610572e-07 1.312487e-07 6.984224e-12 2.923129e-07 clkbuf_leaf_43_v_clk
 1.369924e-07 1.549948e-07 6.966994e-12 2.919941e-07 clkbuf_4_11_0_w_clk
 1.608586e-07 1.310848e-07 6.984224e-12 2.919504e-07 clkbuf_leaf_8_v_clk
 1.607504e-07 1.307770e-07 6.984224e-12 2.915344e-07 clkbuf_leaf_21_v_clk
 1.606690e-07 1.305152e-07 6.984224e-12 2.911912e-07 clkbuf_leaf_61_v_clk
 1.607753e-07 1.296490e-07 6.984224e-12 2.904313e-07 clkbuf_leaf_34_v_clk
 1.607031e-07 1.291532e-07 6.984224e-12 2.898632e-07 clkbuf_leaf_14_v_clk
 1.369509e-07 1.528527e-07 6.966994e-12 2.898106e-07 clkbuf_4_9_0_w_clk
 1.606845e-07 1.284415e-07 6.984224e-12 2.891330e-07 clkbuf_leaf_63_v_clk
 1.605862e-07 1.252300e-07 6.984224e-12 2.858232e-07 clkbuf_leaf_35_v_clk
 1.605205e-07 1.251377e-07 6.984224e-12 2.856652e-07 clkbuf_leaf_55_v_clk
 1.605946e-07 1.247868e-07 6.984224e-12 2.853883e-07 clkbuf_leaf_10_v_clk
 1.604215e-07 1.233212e-07 6.984224e-12 2.837496e-07 clkbuf_leaf_33_v_clk
 1.602571e-07 1.215060e-07 6.984224e-12 2.817701e-07 clkbuf_leaf_3_v_clk
 1.601877e-07 1.201533e-07 6.984224e-12 2.803480e-07 clkbuf_leaf_6_v_clk
 1.367176e-07 1.429441e-07 6.966994e-12 2.796686e-07 clkbuf_4_6_0_w_clk
 4.048796e-08 2.389626e-07 3.968213e-12 2.794546e-07 fanout243
 1.366561e-07 1.403534e-07 6.966994e-12 2.770165e-07 clkbuf_4_1_0_w_clk
 1.598133e-07 1.169436e-07 6.984224e-12 2.767638e-07 clkbuf_leaf_18_v_clk
 1.600278e-07 1.162469e-07 6.984224e-12 2.762817e-07 clkbuf_leaf_42_v_clk
 1.597989e-07 1.162242e-07 6.984224e-12 2.760301e-07 clkbuf_leaf_37_v_clk
 1.596268e-07 1.143690e-07 6.984224e-12 2.740027e-07 clkbuf_leaf_38_v_clk
 1.596719e-07 1.142784e-07 6.984224e-12 2.739573e-07 clkbuf_leaf_12_v_clk
 1.595462e-07 1.133845e-07 6.984224e-12 2.729377e-07 clkbuf_leaf_31_v_clk
 1.593511e-07 1.117268e-07 6.984224e-12 2.710848e-07 clkbuf_leaf_54_v_clk
 1.594048e-07 1.112327e-07 6.984224e-12 2.706445e-07 clkbuf_leaf_23_v_clk
 1.592482e-07 1.104870e-07 6.984224e-12 2.697422e-07 clkbuf_leaf_22_v_clk
 1.591336e-07 1.091855e-07 6.984224e-12 2.683261e-07 clkbuf_leaf_15_v_clk
 4.053262e-08 2.253010e-07 3.968213e-12 2.658376e-07 fanout248
 1.588289e-07 1.056784e-07 6.984224e-12 2.645143e-07 clkbuf_leaf_57_v_clk
 1.587113e-07 1.033486e-07 6.984224e-12 2.620669e-07 clkbuf_leaf_7_v_clk
 1.581200e-07 9.706726e-08 6.984224e-12 2.551943e-07 clkbuf_leaf_36_v_clk
 1.580945e-07 9.634638e-08 6.984224e-12 2.544479e-07 clkbuf_leaf_25_v_clk
 1.574494e-07 8.950436e-08 6.984224e-12 2.469608e-07 clkbuf_leaf_39_v_clk
 1.564010e-07 7.751552e-08 6.984224e-12 2.339235e-07 clkbuf_leaf_40_v_clk
 1.562896e-07 7.581169e-08 6.984224e-12 2.321083e-07 clkbuf_leaf_11_v_clk
 4.060448e-08 1.908672e-07 4.779896e-12 2.314764e-07 fanout133
 4.093848e-08 1.764973e-07 4.339095e-12 2.174401e-07 fanout152
 4.077967e-08 1.756174e-07 4.339095e-12 2.164014e-07 fanout149
 4.064826e-08 1.607873e-07 3.968213e-12 2.014395e-07 fanout246
 4.091553e-08 1.536716e-07 4.339095e-12 1.945914e-07 fanout148
 1.560462e-07 0.000000e+00 6.796297e-12 1.560530e-07 clkload4
 1.554056e-07 0.000000e+00 6.796297e-12 1.554124e-07 clkload10
 1.551733e-07 0.000000e+00 6.796297e-12 1.551801e-07 clkload11
 1.543988e-07 0.000000e+00 6.796297e-12 1.544056e-07 clkload8
 1.502480e-07 0.000000e+00 6.984224e-12 1.502550e-07 clkload52
 1.500972e-07 0.000000e+00 6.984224e-12 1.501042e-07 clkload53
 1.500734e-07 0.000000e+00 6.984224e-12 1.500804e-07 clkload58
 1.500455e-07 0.000000e+00 6.984224e-12 1.500525e-07 clkload56
 1.500024e-07 0.000000e+00 6.984224e-12 1.500094e-07 clkload78
 1.499779e-07 0.000000e+00 6.984224e-12 1.499849e-07 clkload46
 1.498054e-07 0.000000e+00 6.984224e-12 1.498124e-07 clkload85
 1.281138e-07 0.000000e+00 6.966994e-12 1.281208e-07 clkload20
 1.280700e-07 0.000000e+00 6.966994e-12 1.280769e-07 clkload22
 1.279919e-07 0.000000e+00 6.966994e-12 1.279988e-07 clkload27
 1.279848e-07 0.000000e+00 6.966994e-12 1.279918e-07 clkload17
 1.279409e-07 0.000000e+00 6.966994e-12 1.279478e-07 clkload21
 1.278809e-07 0.000000e+00 6.966994e-12 1.278878e-07 clkload19
 1.852497e-08 8.674456e-08 4.718202e-12 1.052743e-07 fanout347
 1.250595e-08 9.057916e-08 4.847011e-12 1.030900e-07 fanout84
 1.836306e-08 7.808919e-08 4.718202e-12 9.645697e-08 fanout348
 1.717865e-08 7.819576e-08 4.718215e-12 9.537914e-08 fanout350
 1.760911e-08 7.447520e-08 4.696745e-12 9.208900e-08 fanout352
 1.693619e-08 7.286467e-08 4.463803e-12 8.980531e-08 fanout252
 1.762886e-08 7.003738e-08 4.696745e-12 8.767093e-08 fanout353
 1.645491e-08 7.112684e-08 4.737697e-12 8.758649e-08 fanout345
 1.729059e-08 6.813949e-08 4.627384e-12 8.543471e-08 fanout254
 1.218921e-08 7.172984e-08 4.354489e-12 8.392340e-08 fanout186
 1.255179e-08 7.097386e-08 4.354489e-12 8.353000e-08 fanout198
 8.013422e-08 0.000000e+00 4.035074e-12 8.013826e-08 clkload1
 1.661872e-08 6.252876e-08 4.463803e-12 7.915195e-08 fanout251
 1.627883e-08 6.198927e-08 4.486599e-12 7.827258e-08 fanout253
 7.758960e-08 0.000000e+00 4.775561e-12 7.759438e-08 clkload93
 7.752791e-08 0.000000e+00 4.775561e-12 7.753268e-08 clkload72
 7.751783e-08 0.000000e+00 4.775561e-12 7.752260e-08 clkload90
 7.751379e-08 0.000000e+00 4.775561e-12 7.751856e-08 clkload95
 7.750544e-08 0.000000e+00 4.775561e-12 7.751022e-08 clkload94
 7.748756e-08 0.000000e+00 4.775561e-12 7.749234e-08 clkload69
 7.747165e-08 0.000000e+00 4.775561e-12 7.747642e-08 clkload70
 7.746963e-08 0.000000e+00 4.775561e-12 7.747440e-08 clkload92
 7.746181e-08 0.000000e+00 4.775561e-12 7.746659e-08 clkload91
 7.745788e-08 0.000000e+00 4.775561e-12 7.746265e-08 clkload54
 7.743443e-08 0.000000e+00 4.775561e-12 7.743920e-08 clkload57
 7.741977e-08 0.000000e+00 4.775561e-12 7.742454e-08 clkload50
 1.219560e-08 6.467010e-08 4.847011e-12 7.687054e-08 fanout215
 1.216086e-08 6.367113e-08 4.847011e-12 7.583684e-08 fanout82
 1.571507e-08 5.944924e-08 4.714902e-12 7.516903e-08 fanout341
 1.220414e-08 6.255337e-08 4.847011e-12 7.476235e-08 fanout207
 1.572462e-08 5.702786e-08 4.714902e-12 7.275719e-08 fanout340
 1.222134e-08 5.841710e-08 4.847011e-12 7.064329e-08 fanout219
 1.177183e-08 5.872083e-08 4.639157e-12 7.049730e-08 fanout97
 1.597746e-08 5.288426e-08 4.714902e-12 6.886644e-08 fanout339
 1.232083e-08 5.538946e-08 4.826852e-12 6.771512e-08 fanout100
 1.141809e-08 5.536925e-08 4.796429e-12 6.679213e-08 fanout135
 1.227545e-08 5.239996e-08 4.847011e-12 6.468026e-08 fanout201
 1.224610e-08 5.240339e-08 4.354489e-12 6.465384e-08 fanout194
 1.226827e-08 5.212656e-08 4.354489e-12 6.439919e-08 fanout181
 1.227968e-08 5.135258e-08 4.847011e-12 6.363711e-08 fanout200
 1.228018e-08 4.926539e-08 4.847011e-12 6.155042e-08 fanout209
 1.235808e-08 4.913058e-08 4.847011e-12 6.149351e-08 fanout205
 1.237918e-08 4.831108e-08 4.354489e-12 6.069461e-08 fanout182
 1.228598e-08 4.837345e-08 4.354489e-12 6.066378e-08 fanout193
 1.236226e-08 4.823955e-08 4.847011e-12 6.060665e-08 fanout203
 1.240428e-08 4.814978e-08 4.374649e-12 6.055843e-08 fanout111
 1.238378e-08 4.761268e-08 4.354489e-12 6.000081e-08 fanout172
 1.240776e-08 4.751923e-08 4.354489e-12 5.993135e-08 fanout180
 9.860671e-09 4.992770e-08 4.325870e-12 5.979270e-08 fanout354
 1.227808e-08 4.710872e-08 4.354489e-12 5.939115e-08 fanout189
 1.236340e-08 4.695062e-08 4.847011e-12 5.931888e-08 fanout211
 1.230645e-08 4.657893e-08 4.374649e-12 5.888975e-08 fanout158
 1.228287e-08 4.591523e-08 4.354489e-12 5.820246e-08 fanout190
 1.227311e-08 4.579843e-08 4.354489e-12 5.807589e-08 fanout196
 1.239391e-08 4.521861e-08 4.354489e-12 5.761687e-08 fanout183
 5.736833e-08 0.000000e+00 1.449053e-13 5.736847e-08 clkload6
 1.239577e-08 4.486412e-08 4.354489e-12 5.726424e-08 fanout174
 1.241914e-08 4.478933e-08 4.354489e-12 5.721282e-08 fanout176
 1.233339e-08 4.471247e-08 4.354489e-12 5.705022e-08 fanout178
 1.245870e-08 4.400534e-08 4.354489e-12 5.646840e-08 fanout171
 1.234108e-08 4.341896e-08 4.354489e-12 5.576440e-08 fanout187
 1.236119e-08 4.291757e-08 4.826852e-12 5.528358e-08 fanout101
 1.149908e-08 4.300212e-08 4.405071e-12 5.450560e-08 fanout134
 1.248414e-08 4.145920e-08 4.826852e-12 5.394817e-08 fanout71
 1.109778e-08 4.066011e-08 4.524414e-12 5.176241e-08 fanout333
 9.366383e-09 4.109529e-08 4.105867e-12 5.046579e-08 fanout337
 9.120158e-09 3.873607e-08 4.761558e-12 4.786099e-08 fanout132
 1.142337e-08 3.611587e-08 4.677086e-12 4.754392e-08 fanout255
 6.880922e-09 4.030799e-08 3.711846e-12 4.719262e-08 fanout192
 1.013554e-08 3.541652e-08 4.742127e-12 4.555680e-08 fanout232
 8.368566e-09 3.338978e-08 4.185452e-12 4.176253e-08 fanout139
 6.892118e-09 3.416763e-08 3.711846e-12 4.106347e-08 fanout191
 7.168234e-09 3.301038e-08 4.559288e-12 4.018317e-08 fanout104
 6.935088e-09 3.219701e-08 4.595455e-12 3.913669e-08 fanout213
 6.894827e-09 3.204966e-08 4.595455e-12 3.894908e-08 fanout206
 5.309622e-09 3.305810e-08 4.856141e-12 3.837258e-08 fanout120
 7.811744e-09 2.898485e-08 4.199394e-12 3.680080e-08 fanout143
 7.083212e-09 2.914863e-08 4.363109e-12 3.623620e-08 fanout128
 6.899526e-09 2.850797e-08 4.559288e-12 3.541205e-08 fanout163
 7.021872e-09 2.821097e-08 3.748013e-12 3.523659e-08 fanout113
 7.614013e-09 2.723920e-08 4.198560e-12 3.485741e-08 fanout142
 7.330950e-09 2.726842e-08 4.184431e-12 3.460356e-08 fanout138
 7.371304e-09 2.643626e-08 4.811259e-12 3.381238e-08 fanout129
 6.934914e-09 2.641080e-08 3.711855e-12 3.334943e-08 fanout89
 6.991582e-09 2.601314e-08 3.711855e-12 3.300844e-08 fanout91
 6.946514e-09 2.552948e-08 4.595455e-12 3.248059e-08 fanout204
 6.994467e-09 2.502432e-08 3.711855e-12 3.202249e-08 fanout86
 6.918362e-09 2.500086e-08 3.711855e-12 3.192293e-08 fanout93
 3.157456e-08 0.000000e+00 2.707689e-12 3.157727e-08 clkload88
 6.964678e-09 2.441243e-08 3.711855e-12 3.138082e-08 fanout87
 3.129555e-08 0.000000e+00 2.707689e-12 3.129825e-08 clkload38
 6.988068e-09 2.426112e-08 3.711855e-12 3.125290e-08 fanout92
 3.121864e-08 0.000000e+00 2.707689e-12 3.122135e-08 clkload63
 6.963754e-09 2.340249e-08 3.711855e-12 3.036995e-08 fanout85
 6.894436e-09 2.211037e-08 3.711846e-12 2.900852e-08 fanout195
 6.946547e-09 2.201874e-08 3.711855e-12 2.896900e-08 fanout94
 6.229828e-09 2.207410e-08 4.016700e-12 2.830794e-08 fanout334
 2.708245e-08 0.000000e+00 1.567550e-12 2.708402e-08 clkload0
 2.389097e-08 0.000000e+00 1.142949e-13 2.389108e-08 clkload82
 2.347618e-08 0.000000e+00 1.142949e-13 2.347630e-08 clkload36
 2.344769e-08 0.000000e+00 1.142949e-13 2.344780e-08 clkload49
 2.344643e-08 0.000000e+00 1.142949e-13 2.344654e-08 clkload51
 2.341812e-08 0.000000e+00 1.142949e-13 2.341824e-08 clkload87
 2.336202e-08 0.000000e+00 1.142949e-13 2.336213e-08 clkload42
 2.334858e-08 0.000000e+00 1.142949e-13 2.334869e-08 clkload68
 2.333405e-08 0.000000e+00 1.142949e-13 2.333416e-08 clkload61
 2.330762e-08 0.000000e+00 1.142949e-13 2.330773e-08 clkload64
 2.322810e-08 0.000000e+00 1.142949e-13 2.322822e-08 clkload84
 2.318040e-08 0.000000e+00 1.142949e-13 2.318051e-08 clkload83
 2.312515e-08 0.000000e+00 1.142949e-13 2.312526e-08 clkload62
 2.155930e-08 0.000000e+00 1.142949e-13 2.155942e-08 clkload32
 2.153714e-08 0.000000e+00 1.142949e-13 2.153725e-08 clkload30
 2.148380e-08 0.000000e+00 1.142949e-13 2.148392e-08 clkload31
 1.950089e-08 0.000000e+00 1.115698e-13 1.950100e-08 clkload23
 1.935834e-08 0.000000e+00 1.115698e-13 1.935846e-08 clkload28
 1.922193e-08 0.000000e+00 1.115698e-13 1.922204e-08 clkload18
 1.672332e-08 0.000000e+00 1.835534e-12 1.672515e-08 clkload97
 1.653499e-08 0.000000e+00 1.835534e-12 1.653683e-08 clkload73
 1.643756e-08 0.000000e+00 1.835534e-12 1.643940e-08 clkload55
 1.640184e-08 0.000000e+00 1.835534e-12 1.640367e-08 clkload76
 1.622167e-08 0.000000e+00 1.835534e-12 1.622350e-08 clkload81
 1.620808e-08 0.000000e+00 1.835534e-12 1.620992e-08 clkload74
 1.619386e-08 0.000000e+00 1.835534e-12 1.619569e-08 clkload39
 1.619101e-08 0.000000e+00 1.835534e-12 1.619284e-08 clkload40
 1.618190e-08 0.000000e+00 1.835534e-12 1.618374e-08 clkload77
 1.617225e-08 0.000000e+00 1.835534e-12 1.617409e-08 clkload43
 1.615361e-08 0.000000e+00 1.835534e-12 1.615544e-08 clkload66
 1.612466e-08 0.000000e+00 1.835534e-12 1.612649e-08 clkload37
 1.611947e-08 0.000000e+00 1.835534e-12 1.612131e-08 clkload59
 1.576204e-08 0.000000e+00 1.835534e-12 1.576388e-08 clkload35
 1.575114e-08 0.000000e+00 1.835534e-12 1.575297e-08 clkload33
 1.573792e-08 0.000000e+00 1.835534e-12 1.573975e-08 clkload29
 3.200779e-09 1.235165e-08 4.595742e-12 1.555702e-08 fanout140
 1.378248e-08 0.000000e+00 1.661739e-12 1.378414e-08 clkload16
 1.374299e-08 0.000000e+00 1.661739e-12 1.374465e-08 clkload24
 1.374212e-08 0.000000e+00 1.661739e-12 1.374378e-08 clkload26
 2.725665e-09 1.023813e-08 4.868510e-12 1.296866e-08 fanout167
 2.734931e-09 9.665449e-09 4.332990e-12 1.240471e-08 fanout168
 2.623537e-09 9.268962e-09 4.332108e-12 1.189683e-08 fanout127
 2.684989e-09 8.871525e-09 4.868510e-12 1.156138e-08 fanout166
 2.036658e-09 8.324387e-09 4.628903e-12 1.036567e-08 fanout80
 2.278917e-09 6.344538e-09 4.624383e-12 8.628080e-09 fanout77
 1.971345e-09 6.091849e-09 3.677750e-12 8.066873e-09 max_cap118
 1.444395e-09 5.907665e-09 3.671694e-12 7.355732e-09 fanout126
 1.985931e-09 5.311536e-09 4.628903e-12 7.302095e-09 fanout79
 1.430166e-09 5.473111e-09 4.635606e-12 6.907912e-09 fanout123
 6.859756e-10 3.473466e-09 3.710351e-12 4.163152e-09 max_cap65
 1.235989e-09 1.890889e-09 1.181000e-12 3.128059e-09 max_cap75
 6.043211e-10 1.855105e-09 4.579567e-12 2.464006e-09 fanout261
 9.137431e-10 1.361525e-09 1.181000e-12 2.276449e-09 wire170
 4.114658e-10 1.692780e-09 3.864247e-12 2.108110e-09 fanout229
 9.538276e-10 8.500944e-10 1.181000e-12 1.805103e-09 max_cap114
 3.415133e-10 1.239896e-09 4.115646e-12 1.585524e-09 fanout262
 2.406831e-10 1.158461e-09 3.672094e-12 1.402816e-09 max_cap67
 2.344485e-10 9.737054e-10 3.749423e-12 1.211903e-09 fanout227
 2.330252e-10 9.120498e-10 3.755356e-12 1.148830e-09 fanout223
 2.110029e-10 7.898435e-10 3.741195e-12 1.004588e-09 fanout230
 1.732494e-10 3.330904e-10 1.181000e-12 5.075209e-10 max_cap121
 6.623078e-11 3.548961e-10 3.663036e-12 4.247899e-10 max_cap74
 1.986023e-10 1.542180e-10 1.181000e-12 3.540013e-10 _13256_
 1.990291e-10 1.505531e-10 1.181000e-12 3.507631e-10 _13262_
 1.983522e-10 1.321691e-10 1.181000e-12 3.317023e-10 _13260_
 1.983299e-10 1.309612e-10 1.181000e-12 3.304720e-10 _13258_
 1.977250e-10 1.185898e-10 1.181000e-12 3.174958e-10 _13257_
 1.970729e-10 9.748163e-11 1.181000e-12 2.957356e-10 _13263_
 1.336576e-10 1.602817e-10 1.181000e-12 2.951203e-10 _13274_
 1.965257e-10 9.404526e-11 1.181000e-12 2.917520e-10 _13261_
 1.967612e-10 9.146863e-11 1.181000e-12 2.894108e-10 _13265_
 1.962518e-10 8.844822e-11 1.181000e-12 2.858810e-10 _13259_
 1.965228e-10 8.686834e-11 1.181000e-12 2.845721e-10 _13264_
 1.331177e-10 1.015495e-10 1.181000e-12 2.358482e-10 _13269_
 1.327775e-10 9.454038e-11 1.181000e-12 2.284989e-10 _13272_
 1.323649e-10 8.002937e-11 1.181000e-12 2.135752e-10 _13273_
 1.317869e-10 6.690988e-11 1.181000e-12 1.998778e-10 _13271_
 1.316332e-10 6.110737e-11 1.181000e-12 1.939216e-10 _13268_
 1.316060e-10 5.918811e-11 1.181000e-12 1.919751e-10 _13270_
 1.315844e-10 5.873267e-11 1.181000e-12 1.914980e-10 _13266_
 1.312011e-10 5.361217e-11 1.181000e-12 1.859943e-10 _13275_
 1.312759e-10 5.350823e-11 1.181000e-12 1.859651e-10 _13267_
 2.348943e-11 8.768701e-11 3.660969e-12 1.148374e-10 max_cap66
 4.534718e-12 1.795904e-11 4.646601e-12 2.714035e-11 fanout221
 4.652586e-12 1.264472e-11 4.646601e-12 2.194391e-11 fanout222
 1.640703e-12 6.416204e-12 3.660106e-12 1.171701e-11 fanout226
 2.872961e-14 1.185634e-13 4.876300e-12 5.023593e-12 fanout271
 2.889586e-14 1.155204e-13 4.876300e-12 5.020716e-12 fanout269
 2.874602e-14 1.150157e-13 4.876300e-12 5.020062e-12 fanout270
 2.900603e-14 1.089810e-13 4.876300e-12 5.014287e-12 fanout268
 2.897961e-14 1.007416e-13 4.876300e-12 5.006021e-12 fanout267
 1.148494e-20 3.983368e-20 4.876294e-12 4.876294e-12 fanout376
 1.156686e-20 3.932829e-20 4.876294e-12 4.876294e-12 fanout377
 1.147497e-20 4.598626e-20 4.876294e-12 4.876294e-12 fanout378
 1.149669e-20 4.063550e-20 4.876294e-12 4.876294e-12 fanout381
 1.142414e-20 4.294196e-20 4.876294e-12 4.876294e-12 fanout383
 1.152317e-20 4.646182e-20 4.876294e-12 4.876294e-12 fanout385
 1.154603e-20 4.174552e-20 4.876294e-12 4.876294e-12 fanout386
 1.151863e-20 4.546832e-20 4.876294e-12 4.876294e-12 fanout388
 1.162414e-20 4.234650e-20 4.876294e-12 4.876294e-12 fanout390
 1.162825e-20 4.155875e-20 4.876294e-12 4.876294e-12 fanout392
 1.153531e-20 5.187443e-20 4.876294e-12 4.876294e-12 fanout394
 1.156010e-20 3.918920e-20 4.876294e-12 4.876294e-12 fanout395
 1.140544e-20 4.648746e-20 4.876294e-12 4.876294e-12 fanout397
 1.152215e-20 3.655948e-20 4.876294e-12 4.876294e-12 fanout400
 1.140084e-20 4.765184e-20 4.876294e-12 4.876294e-12 fanout401
 1.154676e-20 4.102446e-20 4.876294e-12 4.876294e-12 fanout402
 1.151447e-20 3.787642e-20 4.876294e-12 4.876294e-12 fanout403
 1.139620e-20 4.870065e-20 4.876294e-12 4.876294e-12 fanout406
 1.152093e-20 3.669658e-20 4.876294e-12 4.876294e-12 fanout407
 1.139880e-20 4.808329e-20 4.876294e-12 4.876294e-12 fanout408
 1.141184e-20 4.542282e-20 4.876294e-12 4.876294e-12 fanout411
 1.139295e-20 4.975176e-20 4.876294e-12 4.876294e-12 fanout412
 1.615883e-14 6.440965e-14 4.648000e-12 4.728568e-12 fanout272
 6.478101e-21 2.757578e-20 4.647990e-12 4.647990e-12 fanout387
 6.475216e-21 2.519338e-20 4.647990e-12 4.647990e-12 fanout389
 6.469152e-21 2.162270e-20 4.647990e-12 4.647990e-12 fanout393
 6.921170e-21 2.420017e-20 4.647990e-12 4.647990e-12 input9
 1.159046e-20 4.324556e-20 4.325206e-12 4.325206e-12 fanout355
 1.155657e-20 4.989506e-20 4.325206e-12 4.325206e-12 fanout357
 1.142861e-20 5.140776e-20 4.325206e-12 4.325206e-12 fanout363
 1.140240e-20 4.785130e-20 4.325206e-12 4.325206e-12 fanout371
 4.821842e-14 2.359162e-13 3.659312e-12 3.943447e-12 fanout307
 4.867265e-14 2.320406e-13 3.659312e-12 3.940026e-12 fanout312
 4.835151e-14 2.289134e-13 3.659312e-12 3.936577e-12 fanout281
 4.854746e-14 2.256199e-13 3.659312e-12 3.933480e-12 fanout279
 4.825563e-14 2.256627e-13 3.659312e-12 3.933231e-12 fanout332
 4.834900e-14 2.242974e-13 3.659312e-12 3.931959e-12 fanout305
 4.863373e-14 2.223433e-13 3.659312e-12 3.930289e-12 fanout288
 4.811436e-14 2.215003e-13 3.659312e-12 3.928927e-12 fanout297
 4.846242e-14 2.210322e-13 3.659312e-12 3.928807e-12 fanout323
 4.864202e-14 2.201694e-13 3.659312e-12 3.928124e-12 fanout318
 4.844920e-14 2.162316e-13 3.659312e-12 3.923993e-12 fanout285
 4.868687e-14 2.100731e-13 3.659312e-12 3.918072e-12 fanout292
 4.854032e-14 2.092798e-13 3.659312e-12 3.917133e-12 fanout317
 4.869669e-14 2.075057e-13 3.659312e-12 3.915515e-12 fanout293
 4.868218e-14 2.073041e-13 3.659312e-12 3.915299e-12 fanout274
 4.848876e-14 2.046031e-13 3.659312e-12 3.912404e-12 fanout284
 4.853428e-14 2.032390e-13 3.659312e-12 3.911086e-12 fanout309
 4.813458e-14 2.007412e-13 3.659312e-12 3.908188e-12 fanout273
 4.867404e-14 1.995196e-13 3.659312e-12 3.907506e-12 fanout301
 4.847814e-14 1.970160e-13 3.659312e-12 3.904807e-12 fanout302
 4.830508e-14 1.941441e-13 3.659312e-12 3.901762e-12 fanout320
 4.813526e-14 1.937238e-13 3.659312e-12 3.901171e-12 fanout291
 4.872838e-14 1.931220e-13 3.659312e-12 3.901163e-12 fanout315
 4.813514e-14 1.930395e-13 3.659312e-12 3.900487e-12 fanout295
 4.852247e-14 1.917092e-13 3.659312e-12 3.899544e-12 fanout287
 4.815658e-14 1.915278e-13 3.659312e-12 3.898997e-12 fanout296
 4.832318e-14 1.908430e-13 3.659312e-12 3.898479e-12 fanout328
 4.813459e-14 1.896705e-13 3.659312e-12 3.897117e-12 fanout299
 4.832213e-14 1.881220e-13 3.659312e-12 3.895757e-12 fanout326
 4.866564e-14 1.839920e-13 3.659312e-12 3.891970e-12 fanout294
 4.848374e-14 1.832729e-13 3.659312e-12 3.891069e-12 fanout322
 4.831738e-14 1.814974e-13 3.659312e-12 3.889127e-12 fanout330
 4.847614e-14 1.732660e-13 3.659312e-12 3.881055e-12 fanout278
 4.829166e-14 1.689223e-13 3.659312e-12 3.876526e-12 fanout308
 6.509388e-21 2.648219e-20 3.659310e-12 3.659310e-12 fanout356
 6.420779e-21 2.347295e-20 3.659310e-12 3.659310e-12 fanout358
 6.410951e-21 3.126186e-20 3.659310e-12 3.659310e-12 fanout360
 6.421208e-21 2.425276e-20 3.659310e-12 3.659310e-12 fanout362
 6.440039e-21 2.706355e-20 3.659310e-12 3.659310e-12 fanout365
 2.928618e-14 1.080947e-13 1.181000e-12 1.318381e-12 fanout314
 2.929072e-14 8.444299e-14 1.181000e-12 1.294734e-12 fanout329
 1.095458e-15 9.434690e-16 1.181000e-12 1.183039e-12 input4
 9.958654e-16 9.143559e-16 1.181000e-12 1.182910e-12 input5
 1.180533e-15 7.257300e-16 1.181000e-12 1.182906e-12 input3
 1.072559e-15 6.959839e-16 1.181000e-12 1.182769e-12 input1
 1.105507e-15 6.414545e-16 1.181000e-12 1.182747e-12 input2
 6.471938e-16 9.951516e-16 1.181000e-12 1.182642e-12 input7
 5.385929e-16 7.134130e-16 1.181000e-12 1.182252e-12 input6
