     Internal    Switching      Leakage        Total
        Power        Power        Power        Power (Watts)
----------------------------------------------------
 8.697208e-07 2.998340e-07 1.232310e-11 1.169567e-06 clkbuf_0_clk
 8.516641e-07 2.149358e-07 1.232310e-11 1.066612e-06 clkbuf_1_0__f_clk
 8.413566e-07 1.195443e-07 1.232310e-11 9.609132e-07 clkbuf_1_1__f_clk
 1.352806e-07 1.893990e-10 9.133764e-12 1.354792e-07 u_icg
 2.682030e-08 0.000000e+00 1.567550e-12 2.682187e-08 clkload0
 2.586054e-10 9.935008e-10 1.047932e-11 1.262586e-09 clkbuf_0_v_clk
 3.973347e-10 7.615516e-10 1.047957e-11 1.169366e-09 clkbuf_1_1__f_core_clk
 2.507921e-10 8.966849e-10 1.047930e-11 1.157956e-09 clkbuf_0_w_clk
 3.954969e-10 6.887296e-10 1.047957e-11 1.094706e-09 clkbuf_1_0__f_core_clk
 2.614703e-10 7.615686e-10 1.047931e-11 1.033518e-09 clkbuf_4_13__f_v_clk
 2.526598e-10 6.962478e-10 1.047930e-11 9.593869e-10 clkbuf_4_6__f_w_clk
 2.523624e-10 6.954427e-10 1.047930e-11 9.582843e-10 clkbuf_4_3__f_w_clk
 2.612441e-10 6.589644e-10 1.047931e-11 9.306877e-10 clkbuf_4_14__f_v_clk
 2.610815e-10 6.548109e-10 1.047931e-11 9.263718e-10 clkbuf_4_7__f_v_clk
 2.517945e-10 6.574253e-10 1.047930e-11 9.196990e-10 clkbuf_4_12__f_w_clk
 2.613081e-10 6.088888e-10 1.047931e-11 8.806762e-10 clkbuf_4_2__f_v_clk
 2.611690e-10 6.048255e-10 1.047931e-11 8.764738e-10 clkbuf_4_12__f_v_clk
 2.521708e-10 5.950226e-10 1.047930e-11 8.576726e-10 clkbuf_4_2__f_w_clk
 2.525674e-10 5.934531e-10 1.047930e-11 8.564998e-10 clkbuf_4_8__f_w_clk
 2.610130e-10 5.745989e-10 1.047931e-11 8.460912e-10 clkbuf_4_8__f_v_clk
 2.524334e-10 5.740510e-10 1.047930e-11 8.369637e-10 clkbuf_4_7__f_w_clk
 2.610840e-10 5.647166e-10 1.047931e-11 8.362799e-10 clkbuf_4_15__f_v_clk
 2.606278e-10 5.448415e-10 1.047931e-11 8.159486e-10 clkbuf_4_4__f_v_clk
 1.564512e-10 6.498856e-10 8.986164e-12 8.153229e-10 u_icg_v
 2.606474e-10 5.398038e-10 1.047931e-11 8.109304e-10 clkbuf_4_5__f_v_clk
 2.610278e-10 5.280490e-10 1.047931e-11 7.995561e-10 clkbuf_4_1__f_v_clk
 2.514496e-10 5.165673e-10 1.047930e-11 7.784962e-10 clkbuf_4_14__f_w_clk
 2.520106e-10 5.148720e-10 1.047930e-11 7.773618e-10 clkbuf_4_1__f_w_clk
 2.610964e-10 5.055071e-10 1.047931e-11 7.770828e-10 clkbuf_4_3__f_v_clk
 2.609928e-10 4.985440e-10 1.047931e-11 7.700161e-10 clkbuf_4_0__f_v_clk
 2.523986e-10 4.963354e-10 1.047930e-11 7.592134e-10 clkbuf_4_9__f_w_clk
 2.522503e-10 4.861520e-10 1.047930e-11 7.488816e-10 clkbuf_4_5__f_w_clk
 2.596713e-10 4.597888e-10 1.047931e-11 7.299393e-10 clkbuf_4_11__f_v_clk
 2.511189e-10 4.660948e-10 1.047930e-11 7.276930e-10 clkbuf_4_13__f_w_clk
 2.515079e-10 4.633141e-10 1.047930e-11 7.253013e-10 clkbuf_4_0__f_w_clk
 1.265745e-10 5.757657e-10 6.865787e-12 7.092060e-10 clkbuf_2_3_0_w_clk
 2.508781e-10 4.406452e-10 1.047930e-11 7.020027e-10 clkbuf_4_4__f_w_clk
 1.307567e-10 5.578867e-10 6.865790e-12 6.955092e-10 clkbuf_2_1_0_v_clk
 1.307929e-10 5.554428e-10 6.865790e-12 6.931015e-10 clkbuf_2_3_0_v_clk
 2.504918e-10 4.291305e-10 1.047930e-11 6.901016e-10 clkbuf_4_11__f_w_clk
 2.575491e-10 4.127885e-10 1.047931e-11 6.808169e-10 clkbuf_4_6__f_v_clk
 1.307751e-10 5.416400e-10 6.865790e-12 6.792809e-10 clkbuf_2_2_0_v_clk
 2.574319e-10 4.061021e-10 1.047931e-11 6.740133e-10 clkbuf_4_9__f_v_clk
 2.489864e-10 4.142369e-10 1.047930e-11 6.737025e-10 clkbuf_4_15__f_w_clk
 1.307067e-10 5.337373e-10 6.865790e-12 6.713098e-10 clkbuf_2_0_0_v_clk
 1.264677e-10 5.306541e-10 6.865787e-12 6.639876e-10 clkbuf_2_0_0_w_clk
 1.963691e-10 4.573857e-10 6.865836e-12 6.606206e-10 clkbuf_leaf_17_core_clk
 2.563842e-10 3.795055e-10 1.047931e-11 6.463690e-10 clkbuf_4_10__f_v_clk
 1.264274e-10 5.058167e-10 6.865787e-12 6.391098e-10 clkbuf_2_1_0_w_clk
 1.264434e-10 4.986113e-10 6.865787e-12 6.319205e-10 clkbuf_2_2_0_w_clk
 1.954678e-10 4.249144e-10 6.865836e-12 6.272480e-10 clkbuf_leaf_16_core_clk
 1.521838e-10 4.579632e-10 8.986172e-12 6.191331e-10 u_icg_w
 2.474285e-10 3.535583e-10 1.047930e-11 6.114661e-10 clkbuf_4_10__f_w_clk
 3.728378e-10 2.222559e-10 1.047957e-11 6.055733e-10 clkbuf_0_core_clk
 1.946999e-10 3.972924e-10 6.865836e-12 5.988581e-10 clkbuf_leaf_20_core_clk
 1.945460e-10 3.915191e-10 6.865836e-12 5.929310e-10 clkbuf_leaf_1_core_clk
 1.943952e-10 3.860473e-10 6.865836e-12 5.873084e-10 clkbuf_leaf_2_core_clk
 1.943433e-10 3.844497e-10 6.865836e-12 5.856589e-10 clkbuf_leaf_21_core_clk
 1.939472e-10 3.830373e-10 6.865836e-12 5.838504e-10 clkbuf_leaf_4_core_clk
 1.942004e-10 3.793096e-10 6.865836e-12 5.803757e-10 clkbuf_leaf_0_core_clk
 1.941821e-10 3.784209e-10 6.865836e-12 5.794688e-10 clkbuf_leaf_15_core_clk
 1.941252e-10 3.762728e-10 6.865836e-12 5.772639e-10 clkbuf_leaf_13_core_clk
 1.937989e-10 3.645976e-10 6.865836e-12 5.652623e-10 clkbuf_leaf_19_core_clk
 1.937172e-10 3.615638e-10 6.865836e-12 5.621469e-10 clkbuf_leaf_14_core_clk
 1.936919e-10 3.607078e-10 6.865836e-12 5.612655e-10 clkbuf_leaf_18_core_clk
 1.931118e-10 3.527948e-10 6.865836e-12 5.527724e-10 clkbuf_leaf_5_core_clk
 1.917891e-10 3.046044e-10 6.865836e-12 5.032594e-10 clkbuf_leaf_11_core_clk
 1.915766e-10 2.967240e-10 6.865836e-12 4.951665e-10 clkbuf_leaf_10_core_clk
 1.912686e-10 2.851992e-10 6.865836e-12 4.833337e-10 clkbuf_leaf_7_core_clk
 1.912645e-10 2.849979e-10 6.865836e-12 4.831282e-10 clkbuf_leaf_8_core_clk
 1.912186e-10 2.835950e-10 6.865836e-12 4.816794e-10 clkbuf_leaf_6_core_clk
 1.908920e-10 2.714232e-10 6.865836e-12 4.691810e-10 clkbuf_leaf_3_core_clk
 1.906460e-10 2.629304e-10 6.865836e-12 4.604422e-10 clkbuf_leaf_12_core_clk
 3.694661e-11 2.744911e-10 6.865751e-12 3.183035e-10 fanout575
 1.235257e-10 1.727644e-10 6.865787e-12 3.031560e-10 clkbuf_leaf_87_w_clk
 1.237868e-10 1.671331e-10 6.865787e-12 2.977856e-10 clkbuf_leaf_131_w_clk
 1.230090e-10 1.647092e-10 6.865787e-12 2.945841e-10 clkbuf_leaf_74_w_clk
 1.232931e-10 1.636868e-10 6.865787e-12 2.938457e-10 clkbuf_leaf_88_w_clk
 1.276340e-10 1.582413e-10 6.865790e-12 2.927410e-10 clkbuf_leaf_148_v_clk
 1.275507e-10 1.550777e-10 6.865790e-12 2.894942e-10 clkbuf_leaf_139_v_clk
 1.228391e-10 1.589335e-10 6.865787e-12 2.886383e-10 clkbuf_leaf_75_w_clk
 1.277671e-10 1.532497e-10 6.865790e-12 2.878827e-10 clkbuf_leaf_51_v_clk
 1.235166e-10 1.574009e-10 6.865787e-12 2.877833e-10 clkbuf_leaf_132_w_clk
 1.273891e-10 1.491158e-10 6.865790e-12 2.833707e-10 clkbuf_leaf_140_v_clk
 1.273948e-10 1.490498e-10 6.865790e-12 2.833104e-10 clkbuf_leaf_124_v_clk
 1.269147e-10 1.458393e-10 6.865790e-12 2.796198e-10 clkbuf_leaf_73_v_clk
 1.272785e-10 1.444522e-10 6.865790e-12 2.785965e-10 clkbuf_leaf_135_v_clk
 1.274667e-10 1.428326e-10 6.865790e-12 2.771651e-10 clkbuf_leaf_49_v_clk
 1.230458e-10 1.457150e-10 6.865787e-12 2.756265e-10 clkbuf_leaf_125_w_clk
 1.224698e-10 1.457743e-10 6.865787e-12 2.751098e-10 clkbuf_leaf_86_w_clk
 1.224683e-10 1.455755e-10 6.865787e-12 2.749096e-10 clkbuf_leaf_85_w_clk
 1.225155e-10 1.452322e-10 6.865787e-12 2.746135e-10 clkbuf_leaf_79_w_clk
 1.226508e-10 1.449612e-10 6.865787e-12 2.744777e-10 clkbuf_leaf_22_w_clk
 1.227699e-10 1.435727e-10 6.865787e-12 2.732085e-10 clkbuf_leaf_92_w_clk
 1.267633e-10 1.387953e-10 6.865790e-12 2.724244e-10 clkbuf_leaf_20_v_clk
 1.270774e-10 1.375749e-10 6.865790e-12 2.715181e-10 clkbuf_leaf_141_v_clk
 1.271902e-10 1.374249e-10 6.865790e-12 2.714808e-10 clkbuf_leaf_160_v_clk
 1.266752e-10 1.366777e-10 6.865790e-12 2.702187e-10 clkbuf_leaf_66_v_clk
 1.261909e-10 1.369014e-10 6.865790e-12 2.699581e-10 clkbuf_leaf_106_v_clk
 1.230351e-10 1.398438e-10 6.865787e-12 2.697447e-10 clkbuf_leaf_138_w_clk
 1.267699e-10 1.355720e-10 6.865790e-12 2.692077e-10 clkbuf_leaf_10_v_clk
 1.226470e-10 1.392867e-10 6.865787e-12 2.687995e-10 clkbuf_leaf_90_w_clk
 1.226417e-10 1.390771e-10 6.865787e-12 2.685846e-10 clkbuf_leaf_89_w_clk
 1.262035e-10 1.348446e-10 6.865790e-12 2.679139e-10 clkbuf_leaf_98_v_clk
 1.228599e-10 1.380164e-10 6.865787e-12 2.677421e-10 clkbuf_leaf_100_w_clk
 1.269908e-10 1.338081e-10 6.865790e-12 2.676647e-10 clkbuf_leaf_136_v_clk
 1.224846e-10 1.372191e-10 6.865787e-12 2.665695e-10 clkbuf_leaf_25_w_clk
 1.222826e-10 1.372285e-10 6.865787e-12 2.663769e-10 clkbuf_leaf_76_w_clk
 1.225782e-10 1.368304e-10 6.865787e-12 2.662744e-10 clkbuf_leaf_94_w_clk
 1.261185e-10 1.319847e-10 6.865790e-12 2.649690e-10 clkbuf_leaf_88_v_clk
 1.227552e-10 1.353106e-10 6.865787e-12 2.649316e-10 clkbuf_leaf_128_w_clk
 1.261291e-10 1.303784e-10 6.865790e-12 2.633734e-10 clkbuf_leaf_96_v_clk
 1.268788e-10 1.295799e-10 6.865790e-12 2.633244e-10 clkbuf_leaf_132_v_clk
 1.269218e-10 1.295222e-10 6.865790e-12 2.633098e-10 clkbuf_leaf_157_v_clk
 1.264843e-10 1.291265e-10 6.865790e-12 2.624766e-10 clkbuf_leaf_18_v_clk
 1.260180e-10 1.293489e-10 6.865790e-12 2.622327e-10 clkbuf_leaf_99_v_clk
 1.268343e-10 1.282204e-10 6.865790e-12 2.619205e-10 clkbuf_leaf_123_v_clk
 1.223744e-10 1.322951e-10 6.865787e-12 2.615353e-10 clkbuf_leaf_27_w_clk
 1.262443e-10 1.271533e-10 6.865790e-12 2.602635e-10 clkbuf_leaf_110_v_clk
 1.270113e-10 1.260944e-10 6.865790e-12 2.599715e-10 clkbuf_leaf_48_v_clk
 1.264129e-10 1.266585e-10 6.865790e-12 2.599371e-10 clkbuf_leaf_74_v_clk
 1.263742e-10 1.250680e-10 6.865790e-12 2.583079e-10 clkbuf_leaf_23_v_clk
 1.263439e-10 1.240226e-10 6.865790e-12 2.572322e-10 clkbuf_leaf_22_v_clk
 1.269040e-10 1.226372e-10 6.865790e-12 2.564070e-10 clkbuf_leaf_55_v_clk
 1.266726e-10 1.227097e-10 6.865790e-12 2.562480e-10 clkbuf_leaf_146_v_clk
 1.225260e-10 1.266287e-10 6.865787e-12 2.560205e-10 clkbuf_leaf_130_w_clk
 1.268877e-10 1.220904e-10 6.865790e-12 2.558439e-10 clkbuf_leaf_57_v_clk
 1.261954e-10 1.225788e-10 6.865790e-12 2.556400e-10 clkbuf_leaf_114_v_clk
 1.228004e-10 1.259728e-10 6.865787e-12 2.556390e-10 clkbuf_leaf_46_w_clk
 1.261767e-10 1.224952e-10 6.865790e-12 2.555376e-10 clkbuf_leaf_117_v_clk
 1.265821e-10 1.214767e-10 6.865790e-12 2.549245e-10 clkbuf_leaf_69_v_clk
 1.226348e-10 1.253243e-10 6.865787e-12 2.548249e-10 clkbuf_leaf_137_w_clk
 1.266457e-10 1.211019e-10 6.865790e-12 2.546134e-10 clkbuf_leaf_130_v_clk
 1.227701e-10 1.247937e-10 6.865787e-12 2.544295e-10 clkbuf_leaf_37_w_clk
 1.261371e-10 1.213582e-10 6.865790e-12 2.543610e-10 clkbuf_leaf_113_v_clk
 1.228344e-10 1.244351e-10 6.865787e-12 2.541353e-10 clkbuf_leaf_54_w_clk
 1.228344e-10 1.243591e-10 6.865787e-12 2.540592e-10 clkbuf_leaf_58_w_clk
 1.266312e-10 1.205211e-10 6.865790e-12 2.540181e-10 clkbuf_leaf_133_v_clk
 1.225887e-10 1.245294e-10 6.865787e-12 2.539839e-10 clkbuf_leaf_68_w_clk
 1.268302e-10 1.202496e-10 6.865790e-12 2.539456e-10 clkbuf_leaf_53_v_clk
 1.266532e-10 1.198047e-10 6.865790e-12 2.533236e-10 clkbuf_leaf_155_v_clk
 1.258267e-10 1.199941e-10 6.865790e-12 2.526866e-10 clkbuf_leaf_102_v_clk
 1.225432e-10 1.229259e-10 6.865787e-12 2.523349e-10 clkbuf_leaf_64_w_clk
 1.225359e-10 1.226882e-10 6.865787e-12 2.520899e-10 clkbuf_leaf_65_w_clk
 1.261922e-10 1.187312e-10 6.865790e-12 2.517891e-10 clkbuf_leaf_58_v_clk
 1.262007e-10 1.187155e-10 6.865790e-12 2.517820e-10 clkbuf_leaf_62_v_clk
 1.225287e-10 1.223632e-10 6.865787e-12 2.517577e-10 clkbuf_leaf_71_w_clk
 1.261541e-10 1.184777e-10 6.865790e-12 2.514975e-10 clkbuf_leaf_116_v_clk
 1.266534e-10 1.178221e-10 6.865790e-12 2.513412e-10 clkbuf_leaf_161_v_clk
 1.227481e-10 1.213543e-10 6.865787e-12 2.509682e-10 clkbuf_leaf_60_w_clk
 1.221724e-10 1.217578e-10 6.865787e-12 2.507960e-10 clkbuf_leaf_84_w_clk
 1.993612e-11 2.203716e-10 1.047917e-11 2.507869e-10 fanout260
 1.265162e-10 1.168949e-10 6.865790e-12 2.502769e-10 clkbuf_leaf_142_v_clk
 1.223684e-10 1.209540e-10 6.865787e-12 2.501881e-10 clkbuf_leaf_129_w_clk
 1.261479e-10 1.170151e-10 6.865790e-12 2.500288e-10 clkbuf_leaf_61_v_clk
 1.265073e-10 1.163515e-10 6.865790e-12 2.497246e-10 clkbuf_leaf_125_v_clk
 1.256807e-10 1.168612e-10 6.865790e-12 2.494077e-10 clkbuf_leaf_107_v_clk
 1.265031e-10 1.159647e-10 6.865790e-12 2.493336e-10 clkbuf_leaf_122_v_clk
 1.220012e-10 1.197245e-10 6.865787e-12 2.485915e-10 clkbuf_leaf_23_w_clk
 1.264744e-10 1.152413e-10 6.865790e-12 2.485815e-10 clkbuf_leaf_138_v_clk
 1.224417e-10 1.183883e-10 6.865787e-12 2.476958e-10 clkbuf_leaf_135_w_clk
 1.269110e-10 1.128246e-10 6.865790e-12 2.466014e-10 clkbuf_leaf_41_v_clk
 1.256468e-10 1.138918e-10 6.865790e-12 2.464043e-10 clkbuf_leaf_101_v_clk
 1.256333e-10 1.137100e-10 6.865790e-12 2.462090e-10 clkbuf_leaf_100_v_clk
 1.260404e-10 1.129293e-10 6.865790e-12 2.458355e-10 clkbuf_leaf_59_v_clk
 1.265028e-10 1.123998e-10 6.865790e-12 2.457684e-10 clkbuf_leaf_164_v_clk
 1.261187e-10 1.126512e-10 6.865790e-12 2.456356e-10 clkbuf_leaf_15_v_clk
 1.260355e-10 1.122714e-10 6.865790e-12 2.451727e-10 clkbuf_leaf_64_v_clk
 1.263948e-10 1.117907e-10 6.865790e-12 2.450512e-10 clkbuf_leaf_131_v_clk
 1.263581e-10 1.110526e-10 6.865790e-12 2.442765e-10 clkbuf_leaf_137_v_clk
 1.261594e-10 1.109535e-10 6.865790e-12 2.439786e-10 clkbuf_leaf_27_v_clk
 1.224841e-10 1.145579e-10 6.865787e-12 2.439077e-10 clkbuf_leaf_34_w_clk
 1.263990e-10 1.105011e-10 6.865790e-12 2.437658e-10 clkbuf_leaf_151_v_clk
 1.258294e-10 1.108485e-10 6.865790e-12 2.435437e-10 clkbuf_leaf_109_v_clk
 1.218342e-10 1.144210e-10 6.865787e-12 2.431210e-10 clkbuf_leaf_20_w_clk
 1.224642e-10 1.137829e-10 6.865787e-12 2.431129e-10 clkbuf_leaf_38_w_clk
 1.255211e-10 1.106168e-10 6.865790e-12 2.430036e-10 clkbuf_leaf_105_v_clk
 1.255201e-10 1.104327e-10 6.865790e-12 2.428186e-10 clkbuf_leaf_108_v_clk
 1.261670e-10 1.088799e-10 6.865790e-12 2.419127e-10 clkbuf_leaf_30_v_clk
 1.263850e-10 1.080488e-10 6.865790e-12 2.412997e-10 clkbuf_leaf_162_v_clk
 1.260774e-10 1.082073e-10 6.865790e-12 2.411505e-10 clkbuf_leaf_21_v_clk
 1.264931e-10 1.077590e-10 6.865790e-12 2.411179e-10 clkbuf_leaf_56_v_clk
 1.263153e-10 1.076605e-10 6.865790e-12 2.408416e-10 clkbuf_leaf_149_v_clk
 1.218378e-10 1.119754e-10 6.865787e-12 2.406789e-10 clkbuf_leaf_28_w_clk
 1.255306e-10 1.082217e-10 6.865790e-12 2.406181e-10 clkbuf_leaf_95_v_clk
 1.260834e-10 1.074373e-10 6.865790e-12 2.403865e-10 clkbuf_leaf_91_v_clk
 1.267207e-10 1.064919e-10 6.865790e-12 2.400783e-10 clkbuf_leaf_36_v_clk
 1.262852e-10 1.065040e-10 6.865790e-12 2.396550e-10 clkbuf_leaf_150_v_clk
 1.260237e-10 1.067417e-10 6.865790e-12 2.396312e-10 clkbuf_leaf_12_v_clk
 1.259109e-10 1.067512e-10 6.865790e-12 2.395280e-10 clkbuf_leaf_17_v_clk
 1.264541e-10 1.062025e-10 6.865790e-12 2.395224e-10 clkbuf_leaf_50_v_clk
 1.226961e-10 1.093958e-10 6.865787e-12 2.389577e-10 clkbuf_leaf_29_w_clk
 1.217217e-10 1.102803e-10 6.865787e-12 2.388678e-10 clkbuf_leaf_21_w_clk
 1.223460e-10 1.096035e-10 6.865787e-12 2.388154e-10 clkbuf_leaf_35_w_clk
 1.262652e-10 1.055556e-10 6.865790e-12 2.386866e-10 clkbuf_leaf_154_v_clk
 1.262986e-10 1.052583e-10 6.865790e-12 2.384226e-10 clkbuf_leaf_167_v_clk
 1.262367e-10 1.045303e-10 6.865790e-12 2.376329e-10 clkbuf_leaf_153_v_clk
 1.258453e-10 1.049152e-10 6.865790e-12 2.376263e-10 clkbuf_leaf_67_v_clk
 1.223744e-10 1.077425e-10 6.865787e-12 2.369827e-10 clkbuf_leaf_59_w_clk
 1.258079e-10 1.037142e-10 6.865790e-12 2.363879e-10 clkbuf_leaf_60_v_clk
 1.253487e-10 1.036793e-10 6.865790e-12 2.358937e-10 clkbuf_leaf_103_v_clk
 1.259651e-10 1.029446e-10 6.865790e-12 2.357755e-10 clkbuf_leaf_87_v_clk
 1.259578e-10 1.026225e-10 6.865790e-12 2.354461e-10 clkbuf_leaf_28_v_clk
 1.263298e-10 1.019594e-10 6.865790e-12 2.351551e-10 clkbuf_leaf_54_v_clk
 1.219873e-10 1.058388e-10 6.865787e-12 2.346919e-10 clkbuf_leaf_98_w_clk
 1.258010e-10 1.018053e-10 6.865790e-12 2.344721e-10 clkbuf_leaf_16_v_clk
 1.261481e-10 1.014400e-10 6.865790e-12 2.344539e-10 clkbuf_leaf_145_v_clk
 1.256143e-10 1.018097e-10 6.865790e-12 2.342898e-10 clkbuf_leaf_111_v_clk
 1.260937e-10 1.013120e-10 6.865790e-12 2.342715e-10 clkbuf_leaf_147_v_clk
 1.219438e-10 1.054591e-10 6.865787e-12 2.342687e-10 clkbuf_leaf_102_w_clk
 1.222974e-10 1.049883e-10 6.865787e-12 2.341515e-10 clkbuf_leaf_66_w_clk
 1.261558e-10 1.007308e-10 6.865790e-12 2.337524e-10 clkbuf_leaf_4_v_clk
 1.257518e-10 1.011078e-10 6.865790e-12 2.337254e-10 clkbuf_leaf_65_v_clk
 1.216823e-10 1.051248e-10 6.865787e-12 2.336729e-10 clkbuf_leaf_2_w_clk
 1.219532e-10 1.047570e-10 6.865787e-12 2.335760e-10 clkbuf_leaf_97_w_clk
 1.216829e-10 1.049656e-10 6.865787e-12 2.335143e-10 clkbuf_leaf_1_w_clk
 1.219107e-10 1.041699e-10 6.865787e-12 2.329463e-10 clkbuf_leaf_103_w_clk
 1.260011e-10 9.999478e-11 6.865790e-12 2.328616e-10 clkbuf_leaf_72_v_clk
 1.265370e-10 9.945574e-11 6.865790e-12 2.328586e-10 clkbuf_leaf_34_v_clk
 1.216343e-10 1.035256e-10 6.865787e-12 2.320258e-10 clkbuf_leaf_7_w_clk
 1.261225e-10 9.902103e-11 6.865790e-12 2.320093e-10 clkbuf_leaf_163_v_clk
 1.256948e-10 9.925152e-11 6.865790e-12 2.318121e-10 clkbuf_leaf_63_v_clk
 1.224964e-10 1.023494e-10 6.865787e-12 2.317115e-10 clkbuf_leaf_33_w_clk
 1.257231e-10 9.786894e-11 6.865790e-12 2.304579e-10 clkbuf_leaf_24_v_clk
 1.251743e-10 9.757278e-11 6.865790e-12 2.296129e-10 clkbuf_leaf_94_v_clk
 1.218285e-10 1.008890e-10 6.865787e-12 2.295832e-10 clkbuf_leaf_126_w_clk
 1.256554e-10 9.703260e-11 6.865790e-12 2.295538e-10 clkbuf_leaf_26_v_clk
 1.255047e-10 9.686636e-11 6.865790e-12 2.292369e-10 clkbuf_leaf_19_v_clk
 1.262505e-10 9.610365e-11 6.865790e-12 2.292199e-10 clkbuf_leaf_126_v_clk
 1.263599e-10 9.589251e-11 6.865790e-12 2.291182e-10 clkbuf_leaf_47_v_clk
 1.251463e-10 9.699291e-11 6.865790e-12 2.290050e-10 clkbuf_leaf_97_v_clk
 1.258464e-10 9.589405e-11 6.865790e-12 2.286062e-10 clkbuf_leaf_3_v_clk
 1.220154e-10 9.946424e-11 6.865787e-12 2.283454e-10 clkbuf_leaf_122_w_clk
 1.261639e-10 9.528792e-11 6.865790e-12 2.283176e-10 clkbuf_leaf_37_v_clk
 1.215237e-10 9.960249e-11 6.865787e-12 2.279919e-10 clkbuf_leaf_10_w_clk
 1.256758e-10 9.498551e-11 6.865790e-12 2.275271e-10 clkbuf_leaf_143_v_clk
 1.255161e-10 9.514314e-11 6.865790e-12 2.275251e-10 clkbuf_leaf_85_v_clk
 1.219914e-10 9.832506e-11 6.865787e-12 2.271822e-10 clkbuf_leaf_110_w_clk
 1.256002e-10 9.466435e-11 6.865790e-12 2.271304e-10 clkbuf_leaf_82_v_clk
 1.254434e-10 9.438136e-11 6.865790e-12 2.266906e-10 clkbuf_leaf_80_v_clk
 1.256691e-10 9.407699e-11 6.865790e-12 2.266118e-10 clkbuf_leaf_1_v_clk
 1.256620e-10 9.399438e-11 6.865790e-12 2.265222e-10 clkbuf_leaf_9_v_clk
 1.217454e-10 9.776471e-11 6.865787e-12 2.263759e-10 clkbuf_leaf_99_w_clk
 1.218382e-10 9.737727e-11 6.865787e-12 2.260812e-10 clkbuf_leaf_67_w_clk
 1.255153e-10 9.366653e-11 6.865790e-12 2.260476e-10 clkbuf_leaf_83_v_clk
 1.219608e-10 9.720991e-11 6.865787e-12 2.260365e-10 clkbuf_leaf_109_w_clk
 1.252731e-10 9.354627e-11 6.865790e-12 2.256852e-10 clkbuf_leaf_14_v_clk
 1.254001e-10 9.324534e-11 6.865790e-12 2.255113e-10 clkbuf_leaf_31_v_clk
 1.217005e-10 9.665505e-11 6.865787e-12 2.252213e-10 clkbuf_leaf_107_w_clk
 1.254571e-10 9.239242e-11 6.865790e-12 2.247154e-10 clkbuf_leaf_121_v_clk
 1.219016e-10 9.564550e-11 6.865787e-12 2.244129e-10 clkbuf_leaf_123_w_clk
 1.214262e-10 9.581287e-11 6.865787e-12 2.241048e-10 clkbuf_leaf_9_w_clk
 1.252102e-10 9.152801e-11 6.865790e-12 2.236040e-10 clkbuf_leaf_89_v_clk
 1.253831e-10 9.075460e-11 6.865790e-12 2.230035e-10 clkbuf_leaf_6_v_clk
 1.250842e-10 9.084296e-11 6.865790e-12 2.227930e-10 clkbuf_leaf_11_v_clk
 1.253786e-10 9.052194e-11 6.865790e-12 2.227663e-10 clkbuf_leaf_166_v_clk
 1.217474e-10 9.384008e-11 6.865787e-12 2.224533e-10 clkbuf_leaf_108_w_clk
 1.253204e-10 9.024011e-11 6.865790e-12 2.224263e-10 clkbuf_leaf_158_v_clk
 1.215266e-10 9.392229e-11 6.865787e-12 2.223147e-10 clkbuf_leaf_127_w_clk
 1.253174e-10 9.001439e-11 6.865790e-12 2.221976e-10 clkbuf_leaf_0_v_clk
 1.250740e-10 9.024793e-11 6.865790e-12 2.221877e-10 clkbuf_leaf_13_v_clk
 1.251935e-10 8.996230e-11 6.865790e-12 2.220216e-10 clkbuf_leaf_84_v_clk
 1.251969e-10 8.995823e-11 6.865790e-12 2.220209e-10 clkbuf_leaf_71_v_clk
 1.215938e-10 9.345153e-11 6.865787e-12 2.219111e-10 clkbuf_leaf_63_w_clk
 1.252718e-10 8.946218e-11 6.865790e-12 2.215998e-10 clkbuf_leaf_7_v_clk
 1.216901e-10 9.268983e-11 6.865787e-12 2.212458e-10 clkbuf_leaf_47_w_clk
 1.996816e-11 1.868910e-10 1.416727e-11 2.210264e-10 fanout290
 1.214147e-10 9.268935e-11 6.865787e-12 2.209699e-10 clkbuf_leaf_56_w_clk
 1.211843e-10 9.269863e-11 6.865787e-12 2.207487e-10 clkbuf_leaf_3_w_clk
 1.255134e-10 8.787960e-11 6.865790e-12 2.202588e-10 clkbuf_leaf_118_v_clk
 1.247641e-10 8.816617e-11 6.865790e-12 2.197960e-10 clkbuf_leaf_75_v_clk
 1.248947e-10 8.783245e-11 6.865790e-12 2.195930e-10 clkbuf_leaf_29_v_clk
 1.214085e-10 9.131427e-11 6.865787e-12 2.195886e-10 clkbuf_leaf_70_w_clk
 1.215087e-10 9.112661e-11 6.865787e-12 2.195011e-10 clkbuf_leaf_111_w_clk
 1.212743e-10 9.107879e-11 6.865787e-12 2.192189e-10 clkbuf_leaf_133_w_clk
 1.248640e-10 8.746302e-11 6.865790e-12 2.191928e-10 clkbuf_leaf_93_v_clk
 1.250594e-10 8.725651e-11 6.865790e-12 2.191817e-10 clkbuf_leaf_159_v_clk
 1.248621e-10 8.743039e-11 6.865790e-12 2.191582e-10 clkbuf_leaf_81_v_clk
 1.250706e-10 8.717134e-11 6.865790e-12 2.191078e-10 clkbuf_leaf_5_v_clk
 1.255126e-10 8.656476e-11 6.865790e-12 2.189431e-10 clkbuf_leaf_42_v_clk
 1.212351e-10 9.065559e-11 6.865787e-12 2.187565e-10 clkbuf_leaf_105_w_clk
 1.253805e-10 8.636086e-11 6.865790e-12 2.186072e-10 clkbuf_leaf_120_v_clk
 1.245724e-10 8.715034e-11 6.865790e-12 2.185886e-10 clkbuf_leaf_112_v_clk
 1.250301e-10 8.641787e-11 6.865790e-12 2.183137e-10 clkbuf_leaf_165_v_clk
 1.211936e-10 9.015802e-11 6.865787e-12 2.182174e-10 clkbuf_leaf_50_w_clk
 1.212918e-10 8.997384e-11 6.865787e-12 2.181314e-10 clkbuf_leaf_69_w_clk
 1.254182e-10 8.550224e-11 6.865790e-12 2.177863e-10 clkbuf_leaf_39_v_clk
 1.254119e-10 8.537242e-11 6.865790e-12 2.176501e-10 clkbuf_leaf_43_v_clk
 1.211627e-10 8.960275e-11 6.865787e-12 2.176313e-10 clkbuf_leaf_101_w_clk
 1.249295e-10 8.575875e-11 6.865790e-12 2.175540e-10 clkbuf_leaf_152_v_clk
 1.246572e-10 8.505689e-11 6.865790e-12 2.165799e-10 clkbuf_leaf_92_v_clk
 1.213106e-10 8.838967e-11 6.865787e-12 2.165660e-10 clkbuf_leaf_36_w_clk
 1.246004e-10 8.462533e-11 6.865790e-12 2.160915e-10 clkbuf_leaf_25_v_clk
 1.210354e-10 8.797824e-11 6.865787e-12 2.158795e-10 clkbuf_leaf_106_w_clk
 1.210559e-10 8.728716e-11 6.865787e-12 2.152089e-10 clkbuf_leaf_73_w_clk
 1.208898e-10 8.663700e-11 6.865787e-12 2.143926e-10 clkbuf_leaf_45_w_clk
 1.244758e-10 8.297597e-11 6.865790e-12 2.143176e-10 clkbuf_leaf_78_v_clk
 1.246734e-10 8.257794e-11 6.865790e-12 2.141171e-10 clkbuf_leaf_168_v_clk
 1.241752e-10 8.302263e-11 6.865790e-12 2.140636e-10 clkbuf_leaf_104_v_clk
 1.249989e-10 8.212888e-11 6.865790e-12 2.139936e-10 clkbuf_leaf_129_v_clk
 1.245306e-10 8.224243e-11 6.865790e-12 2.136388e-10 clkbuf_leaf_70_v_clk
 1.250742e-10 8.166107e-11 6.865790e-12 2.136011e-10 clkbuf_leaf_44_v_clk
 1.245439e-10 8.170771e-11 6.865790e-12 2.131174e-10 clkbuf_leaf_134_v_clk
 1.213071e-10 8.469011e-11 6.865787e-12 2.128630e-10 clkbuf_leaf_32_w_clk
 1.212798e-10 8.439124e-11 6.865787e-12 2.125368e-10 clkbuf_leaf_31_w_clk
 1.206936e-10 8.432547e-11 6.865787e-12 2.118849e-10 clkbuf_leaf_55_w_clk
 1.242624e-10 8.033674e-11 6.865790e-12 2.114649e-10 clkbuf_leaf_90_v_clk
 1.243996e-10 7.961146e-11 6.865790e-12 2.108768e-10 clkbuf_leaf_156_v_clk
 1.240468e-10 7.951655e-11 6.865790e-12 2.104291e-10 clkbuf_leaf_68_v_clk
 1.206501e-10 8.263283e-11 6.865787e-12 2.101487e-10 clkbuf_leaf_72_w_clk
 1.206528e-10 8.144491e-11 6.865787e-12 2.089634e-10 clkbuf_leaf_121_w_clk
 1.204298e-10 8.131242e-11 6.865787e-12 2.086080e-10 clkbuf_leaf_48_w_clk
 1.204304e-10 8.126685e-11 6.865787e-12 2.085631e-10 clkbuf_leaf_51_w_clk
 3.814815e-11 1.590755e-10 1.047902e-11 2.077027e-10 fanout469
 1.205327e-10 8.007556e-11 6.865787e-12 2.074741e-10 clkbuf_leaf_124_w_clk
 1.204769e-10 7.937716e-11 6.865787e-12 2.067198e-10 clkbuf_leaf_112_w_clk
 1.240574e-10 7.544391e-11 6.865790e-12 2.063671e-10 clkbuf_leaf_8_v_clk
 1.242188e-10 7.342313e-11 6.865790e-12 2.045077e-10 clkbuf_leaf_35_v_clk
 1.238291e-10 7.281747e-11 6.865790e-12 2.035123e-10 clkbuf_leaf_2_v_clk
 1.197270e-10 7.551205e-11 6.865787e-12 2.021048e-10 clkbuf_leaf_4_w_clk
 1.197089e-10 7.540927e-11 6.865787e-12 2.019840e-10 clkbuf_leaf_6_w_clk
 1.195757e-10 7.388694e-11 6.865787e-12 2.003284e-10 clkbuf_leaf_139_w_clk
 1.195386e-10 7.327840e-11 6.865787e-12 1.996828e-10 clkbuf_leaf_5_w_clk
 1.233188e-10 6.933255e-11 6.865790e-12 1.995172e-10 clkbuf_leaf_79_v_clk
 1.231044e-10 6.923054e-11 6.865790e-12 1.992007e-10 clkbuf_leaf_115_v_clk
 1.194896e-10 7.281120e-11 6.865787e-12 1.991666e-10 clkbuf_leaf_8_w_clk
 1.194655e-10 7.257828e-11 6.865787e-12 1.989096e-10 clkbuf_leaf_136_w_clk
 1.238470e-10 6.808385e-11 6.865790e-12 1.987967e-10 clkbuf_leaf_46_v_clk
 1.231259e-10 6.680063e-11 6.865790e-12 1.967923e-10 clkbuf_leaf_32_v_clk
 1.235176e-10 6.440863e-11 6.865790e-12 1.947920e-10 clkbuf_leaf_45_v_clk
 1.191376e-10 6.629465e-11 6.865787e-12 1.922980e-10 clkbuf_leaf_53_w_clk
 1.229830e-10 5.952728e-11 6.865790e-12 1.893761e-10 clkbuf_leaf_128_v_clk
 1.188788e-10 6.327754e-11 6.865787e-12 1.890221e-10 clkbuf_leaf_52_w_clk
 1.228788e-10 5.838731e-11 6.865790e-12 1.881319e-10 clkbuf_leaf_127_v_clk
 1.224955e-10 5.856388e-11 6.865790e-12 1.879251e-10 clkbuf_leaf_76_v_clk
 1.223193e-10 5.637925e-11 6.865790e-12 1.855643e-10 clkbuf_leaf_77_v_clk
 1.226833e-10 5.522711e-11 6.865790e-12 1.847762e-10 clkbuf_leaf_40_v_clk
 1.182565e-10 5.606959e-11 6.865787e-12 1.811919e-10 clkbuf_leaf_49_w_clk
 3.918961e-11 1.255175e-10 1.416712e-11 1.788742e-10 max_cap466
 1.220387e-10 4.897847e-11 6.865790e-12 1.778830e-10 clkbuf_leaf_119_v_clk
 1.173456e-10 5.033237e-11 6.865787e-12 1.745437e-10 clkbuf_leaf_0_w_clk
 1.177487e-10 4.984009e-11 6.865787e-12 1.744546e-10 clkbuf_leaf_16_w_clk
 1.170990e-10 4.715147e-11 6.865787e-12 1.711162e-10 clkbuf_leaf_11_w_clk
 2.029711e-11 1.299746e-10 1.047917e-11 1.607509e-10 fanout276
 1.162607e-10 3.734321e-11 6.865787e-12 1.604697e-10 clkbuf_leaf_83_w_clk
 2.938932e-11 1.157682e-10 1.416705e-11 1.593246e-10 fanout644
 2.062607e-11 1.228769e-10 1.416720e-11 1.576702e-10 fanout460
 1.161443e-10 3.125381e-11 6.865787e-12 1.542639e-10 clkbuf_leaf_17_w_clk
 1.159549e-10 2.904863e-11 6.865787e-12 1.518693e-10 clkbuf_leaf_18_w_clk
 2.947294e-11 1.112277e-10 1.047921e-11 1.511798e-10 fanout1005
 1.154366e-10 2.731054e-11 6.865787e-12 1.496129e-10 clkbuf_leaf_93_w_clk
 2.044869e-11 1.145608e-10 1.416712e-11 1.491766e-10 max_cap907
 1.479113e-11 1.239308e-10 7.514038e-12 1.462360e-10 fanout339
 2.000131e-11 1.210197e-10 4.325354e-12 1.453463e-10 fanout1040
 2.060025e-11 1.127986e-10 1.047902e-11 1.438779e-10 fanout388
 2.004613e-11 1.165351e-10 4.325354e-12 1.409066e-10 fanout1036
 2.043482e-11 1.011418e-10 1.416698e-11 1.357436e-10 fanout264
 1.112570e-11 1.077714e-10 1.416686e-11 1.330640e-10 fanout611
 1.014375e-11 1.145199e-10 6.865725e-12 1.315294e-10 fanout655
 2.072437e-11 9.896178e-11 1.047935e-11 1.301655e-10 wire660
 2.006473e-11 1.055211e-10 4.325354e-12 1.299112e-10 fanout1028
 2.024380e-11 1.019489e-10 4.325354e-12 1.265180e-10 fanout1076
 2.018011e-11 9.184380e-11 1.416705e-11 1.261910e-10 fanout279
 1.183590e-10 0.000000e+00 6.865790e-12 1.252248e-10 clkload215
 1.182909e-10 0.000000e+00 6.865790e-12 1.251566e-10 clkload225
 1.181604e-10 0.000000e+00 6.865790e-12 1.250262e-10 clkload214
 1.181504e-10 0.000000e+00 6.865790e-12 1.250162e-10 clkload167
 1.181149e-10 0.000000e+00 6.865790e-12 1.249806e-10 clkload202
 1.180938e-10 0.000000e+00 6.865790e-12 1.249595e-10 clkload162
 1.180666e-10 0.000000e+00 6.865790e-12 1.249324e-10 clkload164
 1.180596e-10 0.000000e+00 6.865790e-12 1.249254e-10 clkload159
 1.180542e-10 0.000000e+00 6.865790e-12 1.249200e-10 clkload267
 1.180541e-10 0.000000e+00 6.865790e-12 1.249199e-10 clkload262
 1.180502e-10 0.000000e+00 6.865790e-12 1.249160e-10 clkload163
 1.180117e-10 0.000000e+00 6.865790e-12 1.248775e-10 clkload206
 1.180116e-10 0.000000e+00 6.865790e-12 1.248773e-10 clkload166
 1.179896e-10 0.000000e+00 6.865790e-12 1.248554e-10 clkload227
 1.179642e-10 0.000000e+00 6.865790e-12 1.248300e-10 clkload201
 1.179594e-10 0.000000e+00 6.865790e-12 1.248252e-10 clkload208
 1.179523e-10 0.000000e+00 6.865790e-12 1.248181e-10 clkload136
 1.179397e-10 0.000000e+00 6.865790e-12 1.248055e-10 clkload135
 1.179221e-10 0.000000e+00 6.865790e-12 1.247879e-10 clkload200
 1.179159e-10 0.000000e+00 6.865790e-12 1.247817e-10 clkload138
 1.179104e-10 0.000000e+00 6.865790e-12 1.247762e-10 clkload204
 1.179069e-10 0.000000e+00 6.865790e-12 1.247727e-10 clkload152
 1.178979e-10 0.000000e+00 6.865790e-12 1.247636e-10 clkload241
 1.178967e-10 0.000000e+00 6.865790e-12 1.247625e-10 clkload178
 1.178850e-10 0.000000e+00 6.865790e-12 1.247508e-10 clkload129
 1.178764e-10 0.000000e+00 6.865790e-12 1.247421e-10 clkload219
 1.178683e-10 0.000000e+00 6.865790e-12 1.247341e-10 clkload223
 1.178661e-10 0.000000e+00 6.865790e-12 1.247319e-10 clkload221
 1.178190e-10 0.000000e+00 6.865790e-12 1.246847e-10 clkload234
 1.178063e-10 0.000000e+00 6.865790e-12 1.246721e-10 clkload147
 1.178011e-10 0.000000e+00 6.865790e-12 1.246669e-10 clkload171
 1.178006e-10 0.000000e+00 6.865790e-12 1.246664e-10 clkload255
 1.177971e-10 0.000000e+00 6.865790e-12 1.246629e-10 clkload245
 1.177915e-10 0.000000e+00 6.865790e-12 1.246573e-10 clkload157
 1.177493e-10 0.000000e+00 6.865790e-12 1.246151e-10 clkload180
 2.039375e-11 8.964750e-11 1.416694e-11 1.242082e-10 fanout624
 1.172005e-10 0.000000e+00 6.865790e-12 1.240663e-10 clkload124
 1.171335e-10 0.000000e+00 6.865790e-12 1.239993e-10 clkload117
 1.169886e-10 0.000000e+00 6.865790e-12 1.238544e-10 clkload126
 2.039166e-11 8.926800e-11 1.416712e-11 1.238268e-10 fanout905
 2.041117e-11 9.280937e-11 1.047902e-11 1.236996e-10 fanout957
 2.023018e-11 8.845725e-11 1.416723e-11 1.228547e-10 fanout923
 1.886266e-11 9.899336e-11 4.876256e-12 1.227323e-10 fanout568
 2.009455e-11 9.743870e-11 4.325354e-12 1.218586e-10 fanout1016
 1.140184e-10 0.000000e+00 6.865787e-12 1.208842e-10 clkload107
 2.032100e-11 8.996302e-11 1.047917e-11 1.207632e-10 fanout259
 1.138863e-10 0.000000e+00 6.865787e-12 1.207521e-10 clkload111
 1.138596e-10 0.000000e+00 6.865787e-12 1.207254e-10 clkload59
 1.138484e-10 0.000000e+00 6.865787e-12 1.207142e-10 clkload58
 1.138341e-10 0.000000e+00 6.865787e-12 1.206999e-10 clkload83
 1.138292e-10 0.000000e+00 6.865787e-12 1.206950e-10 clkload66
 1.138257e-10 0.000000e+00 6.865787e-12 1.206915e-10 clkload48
 1.137507e-10 0.000000e+00 6.865787e-12 1.206165e-10 clkload101
 1.136945e-10 0.000000e+00 6.865787e-12 1.205603e-10 clkload39
 1.136842e-10 0.000000e+00 6.865787e-12 1.205500e-10 clkload78
 2.012127e-11 9.413340e-11 4.325354e-12 1.185800e-10 fanout1083
 1.892946e-11 9.460777e-11 4.876256e-12 1.184135e-10 fanout539
 2.000345e-11 8.278584e-11 1.416720e-11 1.169565e-10 fanout972
 1.907111e-11 9.119216e-11 4.876256e-12 1.151395e-10 fanout532
 2.025725e-11 9.037827e-11 4.325354e-12 1.149609e-10 fanout1072
 2.012449e-11 9.024693e-11 4.325354e-12 1.146968e-10 fanout1057
 2.032742e-11 8.986830e-11 4.325354e-12 1.145211e-10 fanout1056
 2.026703e-11 7.992464e-11 1.416712e-11 1.143588e-10 fanout954
 2.013316e-11 7.945981e-11 1.416716e-11 1.137601e-10 fanout943
 2.037603e-11 7.848031e-11 1.416716e-11 1.130235e-10 fanout895
 2.073810e-11 8.179238e-11 1.047895e-11 1.130094e-10 max_cap975
 2.027296e-11 8.733168e-11 4.325354e-12 1.119300e-10 fanout1075
 2.015310e-11 8.666678e-11 4.325354e-12 1.111452e-10 fanout1066
 2.025643e-11 8.569215e-11 4.325355e-12 1.102739e-10 fanout1045
 5.232860e-12 1.013207e-10 3.659355e-12 1.102129e-10 wire178
 2.038469e-11 7.934912e-11 1.047902e-11 1.102128e-10 fanout959
 1.501663e-11 8.748195e-11 7.514005e-12 1.100126e-10 fanout658
 1.886810e-11 8.575041e-11 4.876256e-12 1.094948e-10 fanout588
 1.897569e-11 8.558786e-11 4.876256e-12 1.094398e-10 fanout584
 2.037260e-11 8.452443e-11 4.325354e-12 1.092224e-10 fanout1073
 1.901727e-11 8.469922e-11 4.876256e-12 1.085927e-10 fanout563
 2.018117e-11 8.367539e-11 4.325354e-12 1.081819e-10 fanout1037
 1.898245e-11 8.392374e-11 4.876256e-12 1.077824e-10 fanout586
 2.062263e-11 7.650110e-11 1.047921e-11 1.076029e-10 fanout960
 1.460127e-11 8.513402e-11 6.865725e-12 1.066010e-10 max_cap628
 1.902347e-11 8.255253e-11 4.876256e-12 1.064522e-10 fanout569
 2.038544e-11 7.088007e-11 1.416694e-11 1.054325e-10 fanout625
 2.017792e-11 7.935712e-11 4.325354e-12 1.038604e-10 fanout1050
 2.043895e-11 7.834536e-11 4.325355e-12 1.031097e-10 fanout1032
 8.046056e-12 8.750486e-11 7.513876e-12 1.030648e-10 hold11
 1.900457e-11 7.872256e-11 4.876256e-12 1.026034e-10 fanout579
 2.017146e-11 7.738517e-11 4.325354e-12 1.018820e-10 fanout1053
 2.022214e-11 6.707858e-11 1.416698e-11 1.014677e-10 fanout1096
 1.901760e-11 7.716677e-11 4.876256e-12 1.010606e-10 fanout551
 2.043282e-11 6.633184e-11 1.416698e-11 1.009316e-10 fanout1114
 2.041684e-11 7.608121e-11 4.325354e-12 1.008234e-10 fanout1017
 1.152389e-11 7.488764e-11 1.416727e-11 1.005788e-10 fanout394
 1.901274e-11 7.653887e-11 4.876256e-12 1.004279e-10 fanout581
 1.903175e-11 7.629913e-11 4.876256e-12 1.002071e-10 fanout559
 2.019987e-11 7.513813e-11 4.325354e-12 9.966335e-11 fanout1069
 2.024354e-11 7.475906e-11 4.325354e-12 9.932795e-11 fanout1030
 1.902687e-11 7.309300e-11 4.876256e-12 9.699612e-11 fanout535
 1.923187e-11 7.261898e-11 4.876256e-12 9.672710e-11 fanout585
 1.915311e-11 7.214851e-11 4.876256e-12 9.617787e-11 fanout571
 1.134371e-11 7.372668e-11 1.047935e-11 9.554973e-11 fanout612
 9.009407e-11 0.000000e+00 4.876184e-12 9.497025e-11 clkload14
 1.119175e-11 7.314001e-11 1.047891e-11 9.481067e-11 fanout152
 1.911439e-11 7.002986e-11 4.876256e-12 9.402051e-11 fanout549
 2.039600e-11 6.894447e-11 4.325354e-12 9.366583e-11 fanout1018
 1.466860e-11 7.139983e-11 7.514038e-12 9.358247e-11 fanout338
 1.907188e-11 6.871857e-11 4.876256e-12 9.266669e-11 fanout573
 1.915471e-11 6.848670e-11 4.876256e-12 9.251766e-11 fanout566
 7.879830e-12 7.597227e-11 7.513896e-12 9.136600e-11 fanout844
 2.051917e-11 5.627650e-11 1.416697e-11 9.096265e-11 fanout1097
 1.146865e-11 6.860888e-11 1.047887e-11 9.055640e-11 fanout293
 1.117568e-11 6.469317e-11 1.416727e-11 9.003612e-11 fanout492
 1.909788e-11 6.584254e-11 4.876256e-12 8.981667e-11 fanout547
 1.114169e-11 6.419414e-11 1.416727e-11 8.950311e-11 fanout311
 1.242128e-11 6.921691e-11 7.513850e-12 8.915204e-11 fanout437
 1.901767e-11 6.524532e-11 4.876256e-12 8.913924e-11 fanout534
 1.125046e-11 6.497139e-11 1.047891e-11 8.670076e-11 fanout265
 1.021054e-11 6.799473e-11 6.865764e-12 8.507104e-11 fanout1420
 8.091722e-12 6.884411e-11 7.513896e-12 8.444972e-11 fanout849
 1.130445e-11 6.708323e-11 3.659577e-12 8.204726e-11 fanout1025
 1.128493e-11 5.994932e-11 1.047880e-11 8.171305e-11 fanout275
 9.989847e-12 6.463642e-11 6.865699e-12 8.149197e-11 max_cap278
 1.026878e-11 6.289978e-11 6.865758e-12 8.003433e-11 hold53
 1.068066e-11 6.494742e-11 3.659379e-12 7.928746e-11 fanout883
 7.903313e-12 6.401533e-11 6.865874e-12 7.878453e-11 fanout995
 1.123775e-11 5.585298e-11 1.047887e-11 7.756960e-11 fanout318
 1.165802e-11 5.123162e-11 1.416727e-11 7.705691e-11 fanout402
 1.021343e-11 5.952772e-11 6.865764e-12 7.660692e-11 hold61
 1.237137e-11 5.605591e-11 7.513850e-12 7.594114e-11 fanout433
 1.051646e-11 5.793455e-11 6.865758e-12 7.531677e-11 hold54
 1.141165e-11 4.963490e-11 1.416705e-11 7.521360e-11 fanout914
 1.128841e-11 5.321268e-11 1.047887e-11 7.497996e-11 fanout480
 1.237147e-11 5.469088e-11 7.513850e-12 7.457620e-11 fanout434
 1.140822e-11 5.902794e-11 3.659577e-12 7.409574e-11 fanout1081
 6.958504e-11 0.000000e+00 4.331076e-12 7.391612e-11 clkload20
 1.043189e-11 5.588083e-11 7.514064e-12 7.382679e-11 fanout840
 6.943224e-11 0.000000e+00 4.331076e-12 7.376331e-11 clkload16
 1.010564e-11 5.640742e-11 6.865712e-12 7.337878e-11 fanout400
 6.880279e-11 0.000000e+00 4.331076e-12 7.313387e-11 clkload3
 1.124648e-11 5.103216e-11 1.047887e-11 7.275752e-11 fanout493
 1.133715e-11 5.760284e-11 3.659577e-12 7.259957e-11 fanout1039
 1.066915e-11 5.701783e-11 4.647921e-12 7.233491e-11 fanout553
 1.134271e-11 5.701990e-11 3.659577e-12 7.202220e-11 fanout1013
 1.127530e-11 4.958979e-11 1.047880e-11 7.134389e-11 fanout319
 1.017124e-11 5.421124e-11 6.865758e-12 7.124824e-11 fanout1475
 1.004027e-11 5.367395e-11 7.514077e-12 7.122829e-11 fanout289
 1.142906e-11 5.582866e-11 3.659577e-12 7.091729e-11 fanout1079
 1.133272e-11 4.534599e-11 1.416727e-11 7.084599e-11 fanout273
 1.067430e-11 5.428305e-11 4.647921e-12 6.960527e-11 fanout542
 1.041600e-11 5.165747e-11 7.514018e-12 6.958749e-11 fanout600
 1.124579e-11 4.380594e-11 1.416686e-11 6.921860e-11 fanout948
 1.885363e-11 4.246335e-11 7.514090e-12 6.883107e-11 wire85
 1.125192e-11 4.587532e-11 1.047891e-11 6.760616e-11 fanout970
 1.118738e-11 4.588774e-11 1.047928e-11 6.755439e-11 wire610
 1.139845e-11 5.225948e-11 3.659577e-12 6.731751e-11 fanout1027
 1.021783e-11 4.967633e-11 6.865732e-12 6.675989e-11 fanout1470
 6.094105e-11 0.000000e+00 4.876222e-12 6.581728e-11 clkload232
 6.093847e-11 0.000000e+00 4.876222e-12 6.581469e-11 clkload189
 6.093755e-11 0.000000e+00 4.876222e-12 6.581378e-11 clkload213
 6.091250e-11 0.000000e+00 4.876222e-12 6.578872e-11 clkload229
 6.090430e-11 0.000000e+00 4.876222e-12 6.578053e-11 clkload160
 6.090004e-11 0.000000e+00 4.876222e-12 6.577626e-11 clkload266
 6.089994e-11 0.000000e+00 4.876222e-12 6.577616e-11 clkload226
 6.089770e-11 0.000000e+00 4.876222e-12 6.577393e-11 clkload216
 6.089756e-11 0.000000e+00 4.876222e-12 6.577379e-11 clkload190
 6.089122e-11 0.000000e+00 4.876222e-12 6.576744e-11 clkload203
 6.088299e-11 0.000000e+00 4.876222e-12 6.575922e-11 clkload263
 6.088045e-11 0.000000e+00 4.876222e-12 6.575668e-11 clkload196
 6.087911e-11 0.000000e+00 4.876222e-12 6.575533e-11 clkload228
 6.087737e-11 0.000000e+00 4.876222e-12 6.575359e-11 clkload140
 6.087417e-11 0.000000e+00 4.876222e-12 6.575039e-11 clkload141
 6.086948e-11 0.000000e+00 4.876222e-12 6.574570e-11 clkload137
 6.086909e-11 0.000000e+00 4.876222e-12 6.574532e-11 clkload130
 6.086809e-11 0.000000e+00 4.876222e-12 6.574431e-11 clkload231
 6.086040e-11 0.000000e+00 4.876222e-12 6.573662e-11 clkload194
 6.085962e-11 0.000000e+00 4.876222e-12 6.573585e-11 clkload132
 6.084274e-11 0.000000e+00 4.876222e-12 6.571896e-11 clkload142
 6.083477e-11 0.000000e+00 4.876222e-12 6.571099e-11 clkload199
 6.082426e-11 0.000000e+00 4.876222e-12 6.570048e-11 clkload195
 6.082099e-11 0.000000e+00 4.876222e-12 6.569722e-11 clkload144
 6.080678e-11 0.000000e+00 4.876222e-12 6.568300e-11 clkload239
 6.078311e-11 0.000000e+00 4.876222e-12 6.565934e-11 clkload258
 6.076774e-11 0.000000e+00 4.876222e-12 6.564396e-11 clkload218
 6.076425e-11 0.000000e+00 4.876222e-12 6.564047e-11 clkload170
 6.075668e-11 0.000000e+00 4.876222e-12 6.563290e-11 clkload176
 1.136399e-11 4.970674e-11 3.659577e-12 6.473030e-11 fanout1061
 1.016044e-11 4.768159e-11 6.865725e-12 6.470776e-11 fanout1455
 7.950064e-12 4.962860e-11 6.865939e-12 6.444460e-11 fanout432
 1.128867e-11 3.873668e-11 1.416727e-11 6.419262e-11 fanout889
 1.069289e-11 4.876319e-11 4.647921e-12 6.410401e-11 fanout578
 5.881425e-11 0.000000e+00 4.876226e-12 6.369048e-11 clkload110
 5.878820e-11 0.000000e+00 4.876226e-12 6.366443e-11 clkload106
 5.877680e-11 0.000000e+00 4.876226e-12 6.365303e-11 clkload54
 5.874861e-11 0.000000e+00 4.876226e-12 6.362483e-11 clkload43
 5.870906e-11 0.000000e+00 4.876226e-12 6.358528e-11 clkload113
 5.863462e-11 0.000000e+00 4.876226e-12 6.351085e-11 clkload33
 1.021095e-11 4.577541e-11 7.514019e-12 6.350039e-11 fanout597
 5.838221e-11 0.000000e+00 4.876226e-12 6.325843e-11 clkload29
 5.833436e-11 0.000000e+00 4.876226e-12 6.321058e-11 clkload31
 7.566687e-12 5.074980e-11 4.876267e-12 6.319276e-11 fanout326
 1.129066e-11 4.139006e-11 1.047910e-11 6.315981e-11 fanout916
 1.139191e-11 4.079920e-11 1.047887e-11 6.266998e-11 fanout952
 1.136673e-11 3.704534e-11 1.416727e-11 6.257933e-11 fanout951
 1.134977e-11 4.749519e-11 3.659577e-12 6.250454e-11 fanout1019
 1.136198e-11 4.684634e-11 3.659577e-12 6.186790e-11 fanout1054
 1.145777e-11 4.673341e-11 3.659577e-12 6.185076e-11 fanout1071
 1.052085e-11 4.389728e-11 6.865725e-12 6.128385e-11 hold19
 7.909120e-12 4.591696e-11 6.865914e-12 6.069199e-11 fanout1124
 1.137407e-11 4.479525e-11 3.659577e-12 5.982891e-11 fanout1035
 1.146220e-11 4.457677e-11 3.659577e-12 5.969856e-11 fanout1074
 1.016611e-11 4.153875e-11 6.865725e-12 5.857059e-11 fanout1458
 1.015569e-11 4.076699e-11 7.514025e-12 5.843670e-11 fanout1102
 1.128213e-11 3.661423e-11 1.047917e-11 5.837553e-11 fanout1480
 5.442707e-12 4.921835e-11 3.659315e-12 5.832037e-11 wire86
 1.022700e-11 4.024463e-11 7.514025e-12 5.798565e-11 fanout1111
 1.014381e-11 4.031181e-11 6.865725e-12 5.732134e-11 fanout1464
 1.029753e-11 3.930165e-11 7.514025e-12 5.711320e-11 fanout1088
 1.147624e-11 4.192747e-11 3.659577e-12 5.706328e-11 fanout1034
 7.843385e-12 4.150356e-11 7.513896e-12 5.686084e-11 fanout847
 1.017014e-11 3.907847e-11 6.865725e-12 5.611434e-11 fanout1462
 1.011100e-11 3.842814e-11 7.514025e-12 5.605316e-11 fanout1100
 6.712844e-12 3.873426e-11 1.048024e-11 5.592734e-11 fanout143
 5.786007e-12 4.248222e-11 7.514050e-12 5.578228e-11 fanout635
 1.016079e-11 3.859481e-11 6.865764e-12 5.562136e-11 fanout1432
 5.748185e-12 4.176662e-11 7.514070e-12 5.502888e-11 fanout669
 1.019316e-11 3.776207e-11 6.865764e-12 5.482100e-11 fanout1439
 1.020742e-11 3.683167e-11 7.514025e-12 5.455312e-11 fanout1090
 1.018642e-11 3.741459e-11 6.865725e-12 5.446673e-11 fanout1453
 1.022241e-11 3.730263e-11 6.865764e-12 5.439081e-11 fanout1442
 1.025721e-11 3.715363e-11 6.865764e-12 5.427660e-11 fanout1407
 1.136791e-11 3.923523e-11 3.659577e-12 5.426272e-11 fanout1031
 7.864221e-12 3.884414e-11 7.513915e-12 5.422227e-11 fanout982
 5.098368e-12 4.420029e-11 4.876256e-12 5.417491e-11 fanout649
 7.821766e-12 3.883020e-11 7.513896e-12 5.416586e-11 fanout841
 1.029499e-11 3.627470e-11 7.514025e-12 5.408371e-11 fanout1085
 1.025653e-11 3.688751e-11 6.865764e-12 5.400980e-11 fanout1406
 1.031756e-11 3.682459e-11 6.865764e-12 5.400791e-11 fanout1422
 1.074864e-11 3.853274e-11 4.647921e-12 5.392930e-11 fanout567
 1.029165e-11 3.647575e-11 6.865764e-12 5.363317e-11 fanout1448
 6.746319e-12 3.606618e-11 1.048013e-11 5.329263e-11 fanout144
 1.016432e-11 3.506518e-11 7.514025e-12 5.274352e-11 fanout1116
 7.883673e-12 3.795341e-11 6.865913e-12 5.270300e-11 fanout1118
 7.837357e-12 3.776844e-11 6.865939e-12 5.247174e-11 fanout428
 7.915666e-12 3.764148e-11 6.865913e-12 5.242306e-11 fanout1125
 1.024330e-11 3.525624e-11 6.865764e-12 5.236531e-11 fanout1404
 7.962266e-12 3.654048e-11 7.513876e-12 5.201662e-11 fanout1377
 1.134792e-11 3.693569e-11 3.659577e-12 5.194318e-11 fanout1051
 7.859437e-12 3.652661e-11 7.513915e-12 5.189996e-11 fanout983
 1.014196e-11 3.377714e-11 7.514025e-12 5.143313e-11 fanout1108
 7.841732e-12 3.669786e-11 6.865875e-12 5.140547e-11 fanout992
 7.874703e-12 3.656865e-11 6.865874e-12 5.130923e-11 fanout994
 1.011238e-11 3.415336e-11 6.865764e-12 5.113151e-11 fanout1399
 5.775783e-12 3.822626e-11 6.865738e-12 5.086778e-11 fanout526
 4.633787e-11 0.000000e+00 4.330717e-12 5.066858e-11 clkload127
 4.633744e-11 0.000000e+00 4.330717e-12 5.066816e-11 clkload122
 4.632041e-11 0.000000e+00 4.330717e-12 5.065113e-11 clkload120
 1.070967e-11 3.518381e-11 4.647921e-12 5.054140e-11 fanout564
 1.023296e-11 3.340540e-11 6.865764e-12 5.050412e-11 fanout1425
 1.018027e-11 3.334267e-11 6.865764e-12 5.038871e-11 fanout1445
 1.018280e-11 3.326756e-11 6.865764e-12 5.031613e-11 fanout1437
 1.028379e-11 3.222888e-11 7.514025e-12 5.002669e-11 fanout1099
 4.547040e-11 0.000000e+00 4.330691e-12 4.980109e-11 clkload25
 7.918261e-12 3.499745e-11 6.865914e-12 4.978163e-11 fanout1120
 7.823529e-12 3.372727e-11 7.513896e-12 4.906470e-11 fanout842
 1.031186e-11 3.176196e-11 6.865764e-12 4.893959e-11 fanout1421
 5.635745e-12 3.533163e-11 7.514050e-12 4.848143e-11 fanout632
 7.943210e-12 3.244146e-11 7.513876e-12 4.789854e-11 fanout1370
 5.626843e-12 3.531189e-11 6.865712e-12 4.780445e-11 max_cap257
 7.971213e-12 3.256388e-11 6.865914e-12 4.740101e-11 fanout1119
 2.312421e-12 4.270078e-11 1.895244e-12 4.690844e-11 _15152_
 5.835965e-12 3.399389e-11 6.865764e-12 4.669562e-11 hold44
 8.190450e-12 2.999351e-11 7.513876e-12 4.569783e-11 hold12
 5.605858e-12 3.233288e-11 6.865712e-12 4.480446e-11 max_cap272
 5.705441e-12 3.109565e-11 7.514070e-12 4.431516e-11 fanout157
 5.131011e-12 3.424203e-11 4.876278e-12 4.424931e-11 hold50
 5.630751e-12 3.085640e-11 7.514070e-12 4.400122e-11 fanout664
 5.589250e-12 3.133379e-11 6.865712e-12 4.378875e-11 max_cap302
 3.397175e-12 3.201436e-11 7.513837e-12 4.292537e-11 fanout203
 5.641159e-12 3.038916e-11 6.865725e-12 4.289604e-11 fanout617
 5.617284e-12 2.957965e-11 7.514006e-12 4.271094e-11 fanout949
 5.593875e-12 3.017198e-11 6.865712e-12 4.263157e-11 fanout463
 7.934384e-12 2.706570e-11 7.513876e-12 4.251396e-11 fanout1380
 5.621520e-12 2.993739e-11 6.865738e-12 4.242465e-11 fanout642
 5.131734e-12 3.221593e-11 4.876245e-12 4.222391e-11 fanout1436
 5.139744e-12 3.210276e-11 4.876245e-12 4.211875e-11 fanout1428
 5.670219e-12 2.873891e-11 7.514050e-12 4.192318e-11 fanout494
 3.318905e-12 3.102044e-11 7.513928e-12 4.185327e-11 fanout1238
 5.657379e-12 2.810298e-11 7.514050e-12 4.127441e-11 fanout498
 3.340531e-12 3.067811e-11 6.865894e-12 4.088454e-11 fanout863
 5.643353e-12 2.762186e-11 7.514071e-12 4.077929e-11 fanout966
 5.660874e-12 2.816882e-11 6.865712e-12 4.069541e-11 fanout336
 5.653726e-12 2.711927e-11 7.514070e-12 4.028706e-11 fanout153
 5.695120e-12 2.684586e-11 7.514071e-12 4.005505e-11 fanout155
 5.143018e-12 2.938831e-11 4.876245e-12 3.940757e-11 fanout1444
 5.648640e-12 2.609118e-11 7.514063e-12 3.925388e-11 fanout912
 5.610250e-12 2.668413e-11 6.865738e-12 3.916012e-11 fanout524
 5.622418e-12 2.570124e-11 7.514070e-12 3.883773e-11 fanout667
 5.637473e-12 2.533703e-11 7.514051e-12 3.848856e-11 fanout630
 5.617761e-12 2.521904e-11 7.514070e-12 3.835086e-11 fanout665
 5.156764e-12 2.819124e-11 4.876278e-12 3.822427e-11 fanout1459
 5.644237e-12 2.553836e-11 6.865725e-12 3.804832e-11 fanout444
 3.596175e-11 0.000000e+00 1.895733e-12 3.785749e-11 clkload18
 5.631204e-12 2.528928e-11 6.865712e-12 3.778619e-11 max_cap347
 5.154394e-12 2.822606e-11 4.325263e-12 3.770572e-11 fanout1093
 5.643530e-12 2.508599e-11 6.865725e-12 3.759525e-11 fanout445
 3.557491e-11 0.000000e+00 1.895733e-12 3.747065e-11 clkload1
 5.619934e-12 2.367963e-11 6.865719e-12 3.616528e-11 fanout971
 3.981577e-12 2.720018e-11 4.876096e-12 3.605786e-11 fanout431
 5.735810e-12 2.303360e-11 6.865725e-12 3.563514e-11 fanout922
 5.218433e-12 2.449362e-11 4.876245e-12 3.458829e-11 fanout1408
 5.186193e-12 2.412156e-11 4.876245e-12 3.418400e-11 fanout1446
 4.016745e-12 2.584128e-11 4.325390e-12 3.418342e-11 hold199
 5.247199e-12 2.339894e-11 4.876245e-12 3.352238e-11 fanout1423
 4.025045e-12 2.503597e-11 4.325401e-12 3.338642e-11 hold281
 5.175453e-12 2.291726e-11 4.876245e-12 3.296896e-11 fanout1435
 4.182550e-12 2.363517e-11 4.325418e-12 3.214314e-11 hold412
 5.178326e-12 2.207621e-11 4.876245e-12 3.213078e-11 fanout1431
 5.179227e-12 2.254442e-11 4.325263e-12 3.204891e-11 fanout1105
 5.195802e-12 2.191233e-11 4.876245e-12 3.198438e-11 fanout1440
 4.017230e-12 2.353396e-11 4.325390e-12 3.187658e-11 fanout1375
 3.464865e-12 2.083438e-11 7.513857e-12 3.181310e-11 fanout150
 5.183940e-12 2.164936e-11 4.876245e-12 3.170954e-11 fanout1450
 4.003825e-12 2.329386e-11 4.325390e-12 3.162307e-11 fanout1389
 2.242595e-12 1.889805e-11 1.047880e-11 3.161944e-11 fanout189
 5.642162e-12 1.856579e-11 6.865738e-12 3.107369e-11 fanout888
 5.638159e-12 1.852848e-11 6.865705e-12 3.103235e-11 fanout814
 3.357608e-12 2.071469e-11 6.865894e-12 3.093819e-11 fanout870
 3.987841e-12 2.229124e-11 4.325390e-12 3.060447e-11 fanout1386
 4.005543e-12 2.222837e-11 4.325390e-12 3.055930e-11 fanout1376
 4.027910e-12 2.216221e-11 4.325390e-12 3.051551e-11 fanout1381
 5.188344e-12 2.002296e-11 4.876245e-12 3.008754e-11 fanout1424
 4.009759e-12 2.121775e-11 4.325390e-12 2.955289e-11 fanout1382
 2.239576e-12 1.301649e-11 1.416734e-11 2.942341e-11 fanout938
 4.022756e-12 2.081221e-11 4.325390e-12 2.916035e-11 fanout1374
 5.191825e-12 1.883817e-11 4.876245e-12 2.890624e-11 fanout1433
 3.391275e-12 1.794548e-11 7.513857e-12 2.885061e-11 fanout148
 1.562774e-12 2.308052e-11 3.659315e-12 2.830261e-11 wire81
 2.847686e-12 2.042650e-11 4.876284e-12 2.815047e-11 fanout705
 2.857434e-12 2.018409e-11 4.876294e-12 2.791782e-11 fanout793
 3.378652e-12 1.683638e-11 7.513857e-12 2.772889e-11 fanout1352
 4.023725e-12 1.858809e-11 4.325390e-12 2.693721e-11 fanout1392
 2.502443e-11 0.000000e+00 1.895422e-12 2.691985e-11 clkload257
 2.501219e-11 0.000000e+00 1.895422e-12 2.690761e-11 clkload186
 2.240605e-12 1.401618e-11 1.047880e-11 2.673558e-11 fanout422
 2.472755e-11 0.000000e+00 1.895422e-12 2.662297e-11 clkload173
 2.463113e-11 0.000000e+00 1.895422e-12 2.652655e-11 clkload243
 2.460192e-11 0.000000e+00 1.895422e-12 2.649734e-11 clkload168
 3.376276e-12 1.541046e-11 7.513857e-12 2.630059e-11 fanout1362
 2.406955e-11 0.000000e+00 1.895400e-12 2.596495e-11 clkload102
 1.321458e-12 2.273127e-11 1.895333e-12 2.594806e-11 _16302_
 9.763237e-12 9.303573e-12 6.865758e-12 2.593257e-11 fanout1479
 2.242036e-12 9.425754e-12 1.416734e-11 2.583513e-11 fanout527
 2.391368e-11 0.000000e+00 1.895400e-12 2.580908e-11 clkload99
 2.389718e-11 0.000000e+00 1.895400e-12 2.579258e-11 clkload67
 3.334405e-12 1.558077e-11 6.865932e-12 2.578111e-11 fanout1140
 2.388483e-11 0.000000e+00 1.895400e-12 2.578023e-11 clkload100
 2.385263e-11 0.000000e+00 1.895400e-12 2.574803e-11 clkload95
 2.380163e-11 0.000000e+00 1.895400e-12 2.569703e-11 clkload69
 2.375478e-11 0.000000e+00 1.895400e-12 2.565018e-11 clkload62
 2.372005e-11 0.000000e+00 1.895400e-12 2.561545e-11 clkload80
 2.848810e-12 1.783036e-11 4.876283e-12 2.555545e-11 fanout695
 2.856190e-12 1.777367e-11 4.876294e-12 2.550615e-11 fanout819
 2.357000e-11 0.000000e+00 1.895400e-12 2.546540e-11 clkload36
 2.354844e-11 0.000000e+00 1.895400e-12 2.544384e-11 clkload73
 2.849450e-12 1.764165e-11 4.876294e-12 2.536739e-11 fanout792
 2.243992e-12 1.255030e-11 1.047880e-11 2.527309e-11 fanout439
 3.430458e-12 1.428990e-11 7.513857e-12 2.523421e-11 fanout1351
 2.855938e-12 1.732753e-11 4.876283e-12 2.505975e-11 fanout687
 4.240898e-12 1.707639e-11 3.659315e-12 2.497660e-11 max_cap74
 2.902641e-12 1.734142e-11 4.647901e-12 2.489196e-11 fanout1415
 4.034191e-12 1.589394e-11 4.876118e-12 2.480425e-11 fanout1126
 2.864169e-12 1.705977e-11 4.876289e-12 2.480023e-11 fanout406
 2.880998e-12 1.699442e-11 4.876284e-12 2.475171e-11 fanout702
 2.848862e-12 1.742059e-11 4.325225e-12 2.459468e-11 fanout668
 2.863610e-12 1.653354e-11 4.876283e-12 2.427343e-11 fanout686
 2.859841e-12 1.652730e-11 4.876283e-12 2.426343e-11 fanout670
 2.865977e-12 1.651222e-11 4.876283e-12 2.425448e-11 fanout689
 2.244490e-12 1.130701e-11 1.047880e-11 2.403030e-11 fanout183
 2.854728e-12 1.629059e-11 4.876283e-12 2.402160e-11 fanout704
 2.859810e-12 1.676377e-11 4.325214e-12 2.394880e-11 fanout735
 2.250107e-12 7.348185e-12 1.416734e-11 2.376564e-11 fanout927
 2.867398e-12 1.589978e-11 4.876267e-12 2.364345e-11 fanout519
 2.863995e-12 1.582073e-11 4.876267e-12 2.356100e-11 fanout511
 2.876420e-12 1.579402e-11 4.876294e-12 2.354673e-11 fanout783
 2.869713e-12 1.550634e-11 4.876267e-12 2.325232e-11 fanout643
 2.862899e-12 1.598965e-11 4.325214e-12 2.317776e-11 fanout738
 2.919140e-12 1.591436e-11 4.325291e-12 2.315879e-11 fanout935
 2.849369e-12 1.593269e-11 4.325214e-12 2.310728e-11 fanout773
 2.866376e-12 1.528483e-11 4.876294e-12 2.302750e-11 fanout811
 2.867466e-12 1.517874e-11 4.876283e-12 2.292249e-11 fanout683
 2.887855e-12 1.509032e-11 4.876267e-12 2.285445e-11 fanout502
 2.886555e-12 1.507297e-11 4.876294e-12 2.283582e-11 fanout784
 3.651434e-12 1.519949e-11 3.659671e-12 2.251059e-11 fanout354
 2.869614e-12 1.475009e-11 4.876283e-12 2.249599e-11 fanout452
 2.868034e-12 1.454679e-11 4.876267e-12 2.229109e-11 fanout509
 2.878283e-12 1.446034e-11 4.876267e-12 2.221489e-11 fanout505
 2.861851e-12 1.441387e-11 4.876283e-12 2.215201e-11 fanout701
 2.903552e-12 1.480158e-11 4.325214e-12 2.203035e-11 fanout718
 2.869233e-12 1.425468e-11 4.876267e-12 2.200018e-11 fanout510
 2.881779e-12 1.420844e-11 4.876294e-12 2.196652e-11 fanout786
 2.885258e-12 1.466977e-11 4.325225e-12 2.188025e-11 fanout156
 2.862965e-12 1.413140e-11 4.876283e-12 2.187065e-11 fanout696
 2.875983e-12 1.464479e-11 4.325214e-12 2.184599e-11 fanout713
 2.868978e-12 1.460549e-11 4.325214e-12 2.179968e-11 fanout731
 2.863923e-12 1.387981e-11 4.876283e-12 2.162002e-11 fanout697
 2.871670e-12 1.379449e-11 4.876267e-12 2.154242e-11 fanout503
 2.880924e-12 1.349140e-11 4.876294e-12 2.124862e-11 fanout796
 2.881762e-12 1.346301e-11 4.876283e-12 2.122105e-11 fanout703
 7.622190e-12 6.038668e-12 7.513876e-12 2.117474e-11 fanout1384
 2.908023e-12 1.383471e-11 4.325214e-12 2.106795e-11 fanout722
 2.872647e-12 1.373908e-11 4.325214e-12 2.093694e-11 fanout725
 2.891166e-12 1.313707e-11 4.876283e-12 2.090452e-11 fanout676
 3.639687e-12 1.354563e-11 3.659671e-12 2.084499e-11 fanout355
 2.875563e-12 1.305396e-11 4.876294e-12 2.080581e-11 fanout807
 2.873332e-12 1.358424e-11 4.325214e-12 2.078278e-11 fanout727
 2.887027e-12 1.300620e-11 4.876294e-12 2.076952e-11 fanout781
 2.887439e-12 1.291726e-11 4.876283e-12 2.068098e-11 fanout671
 2.911339e-12 1.342226e-11 4.325214e-12 2.065881e-11 fanout768
 2.870620e-12 1.287240e-11 4.876267e-12 2.061928e-11 fanout522
 2.876242e-12 1.285787e-11 4.876294e-12 2.061040e-11 fanout805
 2.895410e-12 1.273638e-11 4.876283e-12 2.050807e-11 fanout698
 2.888033e-12 1.271975e-11 4.876294e-12 2.048408e-11 fanout800
 2.862406e-12 1.319027e-11 4.325214e-12 2.037789e-11 fanout758
 2.884781e-12 1.260119e-11 4.876294e-12 2.036226e-11 fanout794
 2.878235e-12 1.248422e-11 4.876294e-12 2.023875e-11 fanout791
 2.882934e-12 1.299789e-11 4.325214e-12 2.020604e-11 fanout366
 2.886863e-12 1.228075e-11 4.876283e-12 2.004390e-11 fanout681
 2.876196e-12 1.280818e-11 4.325214e-12 2.000959e-11 fanout754
 2.890451e-12 1.217499e-11 4.876294e-12 1.994173e-11 fanout777
 2.942496e-12 1.224212e-11 4.647901e-12 1.983251e-11 fanout1403
 2.903011e-12 1.257154e-11 4.325214e-12 1.979976e-11 fanout757
 2.891354e-12 1.199776e-11 4.876294e-12 1.976541e-11 fanout780
 2.875261e-12 1.255460e-11 4.325214e-12 1.975508e-11 fanout752
 2.875097e-12 1.241176e-11 4.325214e-12 1.961207e-11 fanout711
 2.908794e-12 1.233157e-11 4.325214e-12 1.956558e-11 fanout709
 2.903527e-12 1.233424e-11 4.325214e-12 1.956298e-11 fanout767
 2.895060e-12 1.175701e-11 4.876294e-12 1.952837e-11 fanout810
 2.878177e-12 1.231722e-11 4.325214e-12 1.952061e-11 fanout755
 2.907574e-12 1.170632e-11 4.876294e-12 1.949019e-11 fanout775
 2.886417e-12 1.221801e-11 4.325214e-12 1.942965e-11 fanout715
 2.911477e-12 1.218012e-11 4.325214e-12 1.941682e-11 fanout708
 2.872011e-12 1.165523e-11 4.876294e-12 1.940353e-11 fanout790
 2.898549e-12 1.201457e-11 4.325214e-12 1.923833e-11 fanout712
 2.910611e-12 1.197452e-11 4.325214e-12 1.921035e-11 fanout710
 1.910354e-11 0.000000e+00 9.556345e-14 1.919910e-11 clkload209
 2.888996e-12 1.194363e-11 4.325214e-12 1.915784e-11 fanout763
 2.897176e-12 1.123787e-11 4.876294e-12 1.901134e-11 fanout815
 2.922546e-12 1.170948e-11 4.325214e-12 1.895724e-11 fanout706
 1.881998e-11 0.000000e+00 9.556345e-14 1.891554e-11 clkload193
 2.898790e-12 1.160647e-11 4.325214e-12 1.883047e-11 fanout736
 1.870471e-11 0.000000e+00 9.556345e-14 1.880027e-11 clkload260
 2.903654e-12 1.156462e-11 4.325214e-12 1.879349e-11 fanout103
 2.903869e-12 1.152266e-11 4.325214e-12 1.875174e-11 fanout102
 2.921172e-12 1.147907e-11 4.325214e-12 1.872546e-11 fanout744
 1.857937e-11 0.000000e+00 9.556345e-14 1.867493e-11 clkload151
 2.906465e-12 1.140079e-11 4.325214e-12 1.863247e-11 fanout724
 2.879604e-12 1.141708e-11 4.325214e-12 1.862190e-11 fanout723
 1.851361e-11 0.000000e+00 9.556345e-14 1.860918e-11 clkload156
 2.907426e-12 1.136511e-11 4.325214e-12 1.859775e-11 fanout726
 1.705099e-12 1.256356e-11 4.325346e-12 1.859400e-11 fanout1343
 1.848869e-11 0.000000e+00 9.556345e-14 1.858425e-11 clkload235
 1.846340e-11 0.000000e+00 9.556345e-14 1.855897e-11 clkload175
 1.845312e-11 0.000000e+00 9.556345e-14 1.854869e-11 clkload254
 1.840718e-11 0.000000e+00 9.556345e-14 1.850274e-11 clkload149
 1.840291e-11 0.000000e+00 9.556345e-14 1.849848e-11 clkload222
 1.834931e-11 0.000000e+00 9.556293e-14 1.844487e-11 clkload46
 1.833242e-11 0.000000e+00 9.556345e-14 1.842798e-11 clkload249
 1.832007e-11 0.000000e+00 9.556345e-14 1.841564e-11 clkload169
 1.830837e-11 0.000000e+00 9.556345e-14 1.840393e-11 clkload181
 1.825752e-11 0.000000e+00 9.556345e-14 1.835309e-11 clkload182
 1.823935e-11 0.000000e+00 9.556345e-14 1.833492e-11 clkload174
 1.603373e-12 1.305034e-11 3.659315e-12 1.831303e-11 wire77
 2.880423e-12 1.110493e-11 4.325214e-12 1.831057e-11 fanout707
 1.820312e-11 0.000000e+00 9.556345e-14 1.829868e-11 clkload158
 2.884335e-12 1.051696e-11 4.876283e-12 1.827758e-11 fanout694
 1.818036e-11 0.000000e+00 9.556293e-14 1.827592e-11 clkload57
 2.917888e-12 1.096228e-11 4.325214e-12 1.820538e-11 fanout714
 2.907156e-12 1.092234e-11 4.325214e-12 1.815471e-11 fanout759
 2.930737e-12 1.085963e-11 4.325214e-12 1.811558e-11 fanout741
 1.793753e-11 0.000000e+00 9.556293e-14 1.803309e-11 clkload55
 2.900270e-12 1.074513e-11 4.325214e-12 1.797062e-11 fanout769
 1.782231e-11 0.000000e+00 9.556293e-14 1.791787e-11 clkload63
 2.936725e-12 1.130550e-11 3.659315e-12 1.790154e-11 max_cap79
 1.778658e-11 0.000000e+00 9.556293e-14 1.788214e-11 clkload51
 1.603322e-12 1.258578e-11 3.659315e-12 1.784842e-11 wire82
 1.774752e-11 0.000000e+00 9.556293e-14 1.784308e-11 clkload65
 1.707293e-12 1.180417e-11 4.325423e-12 1.783688e-11 fanout211
 2.923603e-12 1.049153e-11 4.325214e-12 1.774034e-11 fanout729
 1.758958e-11 0.000000e+00 9.556293e-14 1.768515e-11 clkload77
 1.753890e-11 0.000000e+00 9.556293e-14 1.763447e-11 clkload86
 2.881537e-12 9.838356e-12 4.876294e-12 1.759619e-11 fanout803
 1.745244e-11 0.000000e+00 9.556293e-14 1.754800e-11 clkload79
 2.892653e-12 1.028273e-11 4.325214e-12 1.750060e-11 fanout734
 2.898589e-12 1.016869e-11 4.325213e-12 1.739249e-11 fanout364
 2.895725e-12 1.016743e-11 4.325214e-12 1.738837e-11 fanout746
 1.708911e-12 1.133554e-11 4.325406e-12 1.736986e-11 fanout1350
 1.710306e-12 1.132391e-11 4.325346e-12 1.735956e-11 fanout1289
 1.704049e-12 1.076384e-11 4.876135e-12 1.734402e-11 fanout859
 1.723760e-11 0.000000e+00 9.556345e-14 1.733316e-11 clkload123
 2.898973e-12 1.006331e-11 4.325214e-12 1.728749e-11 fanout770
 2.922870e-12 9.989294e-12 4.325214e-12 1.723738e-11 fanout101
 1.711196e-12 1.091723e-11 4.325407e-12 1.695383e-11 fanout146
 1.708475e-12 1.035970e-11 4.876101e-12 1.694427e-11 fanout1132
 1.704530e-12 1.087403e-11 4.325423e-12 1.690398e-11 fanout200
 1.726160e-12 1.019790e-11 4.876135e-12 1.680019e-11 fanout877
 1.658135e-11 0.000000e+00 9.556345e-14 1.667691e-11 clkload121
 1.615051e-12 1.133795e-11 3.659315e-12 1.661232e-11 max_cap83
 1.706182e-12 1.043013e-11 4.325423e-12 1.646173e-11 fanout199
 1.717522e-12 9.749997e-12 4.876101e-12 1.634362e-11 fanout1135
 2.932515e-12 9.732620e-12 3.659315e-12 1.632445e-11 max_cap66
 1.713661e-12 1.025097e-11 4.325406e-12 1.629004e-11 fanout1368
 1.726317e-12 9.646315e-12 4.876135e-12 1.624877e-11 fanout879
 1.609146e-11 0.000000e+00 9.556293e-14 1.618702e-11 clkload26
 1.120284e-12 8.194394e-12 6.865699e-12 1.618038e-11 max_cap197
 1.720203e-12 1.012295e-11 4.325423e-12 1.616857e-11 fanout208
 1.118246e-12 7.486547e-12 7.514089e-12 1.611888e-11 max_cap397
 1.131335e-12 7.697739e-12 6.865699e-12 1.569477e-11 max_cap254
 1.616939e-12 9.383994e-12 4.647970e-12 1.564890e-11 fanout675
 1.715058e-12 9.016065e-12 4.876135e-12 1.560726e-11 fanout866
 1.716486e-12 8.982404e-12 4.876135e-12 1.557502e-11 fanout869
 1.720371e-12 8.916410e-12 4.876135e-12 1.551292e-11 fanout850
 1.619808e-12 1.013296e-11 3.659315e-12 1.541208e-11 max_cap78
 1.714456e-12 9.372022e-12 4.325423e-12 1.541190e-11 fanout206
 1.729342e-12 9.206830e-12 4.325406e-12 1.526158e-11 fanout1361
 1.142111e-12 7.244995e-12 6.865699e-12 1.525281e-11 fanout305
 1.730401e-12 8.628144e-12 4.876135e-12 1.523468e-11 fanout864
 1.727616e-12 9.169199e-12 4.325406e-12 1.522222e-11 fanout1360
 1.618436e-12 8.938229e-12 4.647970e-12 1.520464e-11 fanout682
 2.340923e-12 9.120619e-12 3.659690e-12 1.512123e-11 fanout360
 1.129113e-12 7.091454e-12 6.865699e-12 1.508627e-11 fanout327
 1.717315e-12 8.408802e-12 4.876135e-12 1.500225e-11 fanout867
 1.615814e-12 9.672747e-12 3.659374e-12 1.494794e-11 fanout495
 1.118818e-12 6.788225e-12 6.865699e-12 1.477274e-11 fanout440
 1.619969e-12 8.485271e-12 4.647990e-12 1.475323e-11 fanout797
 1.617329e-12 8.392843e-12 4.647990e-12 1.465816e-11 fanout816
 1.724670e-12 7.949102e-12 4.876135e-12 1.454991e-11 fanout856
 1.733678e-12 8.483141e-12 4.325406e-12 1.454223e-11 fanout1365
 1.627765e-12 8.163049e-12 4.647970e-12 1.443878e-11 fanout699
 1.733276e-12 8.360219e-12 4.325406e-12 1.441890e-11 fanout1356
 2.355998e-12 8.383179e-12 3.659661e-12 1.439884e-11 fanout352
 1.645034e-12 9.019605e-12 3.659325e-12 1.432396e-11 fanout369
 1.733975e-12 8.213315e-12 4.325406e-12 1.427270e-11 fanout1355
 1.731404e-12 7.487196e-12 4.876135e-12 1.409473e-11 fanout873
 1.627466e-12 7.653454e-12 4.647990e-12 1.392891e-11 fanout114
 1.618911e-12 7.639370e-12 4.647990e-12 1.390627e-11 fanout808
 1.325678e-11 0.000000e+00 6.409151e-13 1.389769e-11 clkload188
 1.319826e-11 0.000000e+00 6.409151e-13 1.383917e-11 clkload212
 1.317720e-11 0.000000e+00 6.409151e-13 1.381811e-11 clkload265
 1.316812e-11 0.000000e+00 6.409151e-13 1.380903e-11 clkload191
 1.315721e-11 0.000000e+00 6.409151e-13 1.379813e-11 clkload192
 1.302482e-11 0.000000e+00 6.409151e-13 1.366574e-11 clkload161
 1.635857e-12 8.352758e-12 3.659325e-12 1.364794e-11 fanout771
 1.299761e-11 0.000000e+00 6.409151e-13 1.363852e-11 clkload165
 1.293409e-11 0.000000e+00 6.409151e-13 1.357501e-11 clkload230
 1.291938e-11 0.000000e+00 6.409151e-13 1.356029e-11 clkload261
 1.288382e-11 0.000000e+00 6.409151e-13 1.352473e-11 clkload133
 1.749152e-12 6.898426e-12 4.876135e-12 1.352371e-11 fanout875
 1.724858e-12 7.450015e-12 4.325406e-12 1.350028e-11 fanout1353
 1.285913e-11 0.000000e+00 6.409151e-13 1.350005e-11 clkload233
 1.285649e-11 0.000000e+00 6.409151e-13 1.349740e-11 clkload205
 1.285441e-11 0.000000e+00 6.409151e-13 1.349532e-11 clkload197
 1.283977e-11 0.000000e+00 6.409151e-13 1.348068e-11 clkload134
 1.279173e-11 0.000000e+00 6.409151e-13 1.343265e-11 clkload211
 1.275841e-11 0.000000e+00 6.409151e-13 1.339933e-11 clkload131
 1.274127e-11 0.000000e+00 6.409151e-13 1.338219e-11 clkload217
 1.273096e-11 0.000000e+00 6.409151e-13 1.337187e-11 clkload236
 1.272516e-11 0.000000e+00 6.409151e-13 1.336608e-11 clkload247
 1.272247e-11 0.000000e+00 6.409151e-13 1.336339e-11 clkload253
 1.271658e-11 0.000000e+00 6.409151e-13 1.335749e-11 clkload240
 1.270566e-11 0.000000e+00 6.409151e-13 1.334658e-11 clkload251
 1.270549e-11 0.000000e+00 6.409151e-13 1.334640e-11 clkload248
 1.268441e-11 0.000000e+00 6.409151e-13 1.332532e-11 clkload259
 1.267948e-11 0.000000e+00 6.409151e-13 1.332040e-11 clkload184
 1.267257e-11 0.000000e+00 6.409151e-13 1.331349e-11 clkload237
 1.266798e-11 0.000000e+00 6.409151e-13 1.330889e-11 clkload187
 1.263832e-11 0.000000e+00 6.408824e-13 1.327920e-11 clkload108
 1.260806e-11 0.000000e+00 6.408824e-13 1.324894e-11 clkload109
 1.127674e-12 5.157598e-12 6.865699e-12 1.315097e-11 fanout306
 1.250534e-11 0.000000e+00 6.408824e-13 1.314622e-11 clkload45
 1.647833e-12 6.829670e-12 4.647990e-12 1.312549e-11 fanout802
 1.247141e-11 0.000000e+00 6.408824e-13 1.311229e-11 clkload60
 1.242634e-11 0.000000e+00 6.408824e-13 1.306722e-11 clkload81
 1.242300e-11 0.000000e+00 6.408824e-13 1.306388e-11 clkload82
 1.620596e-12 6.767343e-12 4.647990e-12 1.303593e-11 fanout813
 1.624373e-12 7.616856e-12 3.659325e-12 1.290055e-11 fanout761
 1.224543e-11 0.000000e+00 6.408824e-13 1.288632e-11 clkload97
 1.224486e-11 0.000000e+00 6.408824e-13 1.288574e-11 clkload96
 1.224093e-11 0.000000e+00 6.408824e-13 1.288182e-11 clkload112
 1.223678e-11 0.000000e+00 6.408824e-13 1.287767e-11 clkload88
 1.777997e-12 6.763955e-12 4.325418e-12 1.286737e-11 fanout823
 1.653823e-12 6.550167e-12 4.647980e-12 1.285197e-11 fanout826
 1.626745e-12 6.452640e-12 4.647990e-12 1.272737e-11 fanout371
 1.196239e-11 0.000000e+00 6.408824e-13 1.260328e-11 clkload24
 1.641707e-12 6.970405e-12 3.659325e-12 1.227144e-11 fanout719
 1.633695e-12 6.972872e-12 3.659325e-12 1.226589e-11 fanout760
 1.643496e-12 6.784167e-12 3.659325e-12 1.208699e-11 fanout123
 1.639804e-12 6.786462e-12 3.659325e-12 1.208559e-11 fanout117
 1.640473e-12 6.775610e-12 3.659325e-12 1.207541e-11 fanout127
 1.640317e-12 6.697473e-12 3.659325e-12 1.199712e-11 fanout121
 1.628243e-12 5.713146e-12 4.647990e-12 1.198938e-11 fanout110
 1.638799e-12 6.616500e-12 3.659325e-12 1.191462e-11 fanout119
 1.640093e-12 6.588475e-12 3.659325e-12 1.188789e-11 fanout118
 1.778637e-12 5.767564e-12 4.325352e-12 1.187155e-11 fanout830
 1.679377e-12 6.477539e-12 3.659325e-12 1.181624e-11 fanout128
 9.700760e-13 6.026998e-12 4.647704e-12 1.164478e-11 fanout872
 1.637666e-12 6.266068e-12 3.659325e-12 1.156306e-11 fanout125
 1.642483e-12 6.242395e-12 3.659325e-12 1.154420e-11 fanout750
 1.637456e-12 6.177238e-12 3.659325e-12 1.147402e-11 fanout122
 1.623066e-12 6.165541e-12 3.659325e-12 1.144793e-11 fanout745
 1.640408e-12 6.100945e-12 3.659325e-12 1.140068e-11 fanout721
 1.639080e-12 6.085998e-12 3.659325e-12 1.138440e-11 fanout124
 1.622829e-12 6.037083e-12 3.659325e-12 1.131924e-11 fanout751
 1.637538e-12 5.968811e-12 3.659325e-12 1.126567e-11 fanout120
 1.631632e-12 5.931440e-12 3.659325e-12 1.122240e-11 fanout106
 1.624682e-12 5.817177e-12 3.659325e-12 1.110118e-11 fanout368
 1.630660e-12 5.803481e-12 3.659315e-12 1.109346e-11 max_cap90
 1.631328e-12 5.738060e-12 3.659325e-12 1.102871e-11 fanout742
 9.708281e-13 5.145044e-12 4.647704e-12 1.076358e-11 fanout861
 9.757916e-13 4.684551e-12 4.647704e-12 1.030805e-11 fanout854
 9.718716e-13 4.635568e-12 4.647644e-12 1.025508e-11 fanout1137
 2.905085e-12 3.536472e-12 3.659423e-12 1.010098e-11 fanout963
 1.630593e-12 4.630070e-12 3.659315e-12 9.919978e-12 max_cap75
 9.727667e-13 5.172755e-12 3.659562e-12 9.805083e-12 fanout1293
 9.682929e-13 5.129204e-12 3.659701e-12 9.757197e-12 fanout205
 9.721261e-13 5.060314e-12 3.659562e-12 9.692002e-12 fanout1187
 9.792220e-13 5.003766e-12 3.659562e-12 9.642550e-12 fanout1232
 9.721340e-13 5.006591e-12 3.659562e-12 9.638287e-12 fanout1205
 9.751491e-13 4.961561e-12 3.659562e-12 9.596272e-12 fanout1200
 9.791985e-13 4.930510e-12 3.659562e-12 9.569270e-12 fanout1335
 9.707325e-13 4.911798e-12 3.659562e-12 9.542093e-12 fanout1281
 9.693986e-13 4.832851e-12 3.659562e-12 9.461812e-12 fanout1342
 9.730181e-13 4.823297e-12 3.659562e-12 9.455877e-12 fanout1158
 9.773871e-13 4.738924e-12 3.659562e-12 9.375872e-12 fanout1325
 9.696771e-13 4.730491e-12 3.659562e-12 9.359730e-12 fanout1326
 9.789478e-13 4.710325e-12 3.659562e-12 9.348834e-12 fanout1309
 9.697478e-13 4.706124e-12 3.659562e-12 9.335433e-12 fanout1317
 9.713318e-13 4.676007e-12 3.659562e-12 9.306901e-12 fanout1212
 9.846532e-13 4.658974e-12 3.659562e-12 9.303189e-12 fanout1250
 9.802397e-13 4.636550e-12 3.659562e-12 9.276351e-12 fanout1334
 9.762285e-13 4.626511e-12 3.659562e-12 9.262301e-12 fanout1202
 1.635744e-12 3.966460e-12 3.659315e-12 9.261520e-12 max_cap73
 9.775277e-13 4.597748e-12 3.659562e-12 9.234837e-12 fanout1327
 9.805374e-13 4.522008e-12 3.659562e-12 9.162107e-12 fanout1207
 9.783390e-13 4.490108e-12 3.659562e-12 9.128008e-12 fanout1312
 1.632209e-12 3.833390e-12 3.659315e-12 9.124913e-12 max_cap89
 1.633611e-12 3.819403e-12 3.659345e-12 9.112358e-12 max_cap65
 5.687879e-13 3.608544e-12 4.876300e-12 9.053631e-12 fanout328
 9.720674e-13 4.420503e-12 3.659562e-12 9.052132e-12 fanout1287
 9.717033e-13 4.390112e-12 3.659562e-12 9.021377e-12 fanout1306
 9.812756e-13 4.369617e-12 3.659562e-12 9.010454e-12 fanout1169
 9.722550e-13 4.352780e-12 3.659562e-12 8.984596e-12 fanout1162
 9.845379e-13 4.333011e-12 3.659562e-12 8.977111e-12 fanout1313
 9.888543e-13 4.318810e-12 3.659562e-12 8.967226e-12 fanout1198
 9.795231e-13 4.326442e-12 3.659562e-12 8.965526e-12 fanout1181
 9.794530e-13 4.301285e-12 3.659562e-12 8.940300e-12 fanout1333
 9.739325e-13 4.292252e-12 3.659562e-12 8.925747e-12 fanout1211
 9.824664e-13 4.283114e-12 3.659562e-12 8.925142e-12 fanout1340
 9.813939e-13 4.282530e-12 3.659562e-12 8.923485e-12 fanout1295
 9.708193e-13 4.287183e-12 3.659562e-12 8.917565e-12 fanout1336
 9.835468e-13 4.261246e-12 3.659562e-12 8.904355e-12 fanout1228
 9.708677e-13 4.269113e-12 3.659562e-12 8.899543e-12 fanout1308
 9.724693e-13 4.266006e-12 3.659562e-12 8.898037e-12 fanout1170
 1.009266e-12 4.222135e-12 3.659592e-12 8.890992e-12 fanout824
 9.802215e-13 4.233615e-12 3.659562e-12 8.873399e-12 fanout1235
 9.758196e-13 4.232488e-12 3.659562e-12 8.867869e-12 fanout1252
 9.757151e-13 4.231777e-12 3.659562e-12 8.867055e-12 fanout1184
 9.791198e-13 4.222917e-12 3.659562e-12 8.861599e-12 fanout1321
 9.748253e-13 4.225089e-12 3.659562e-12 8.859476e-12 fanout1274
 9.828114e-13 4.213115e-12 3.659562e-12 8.855488e-12 fanout1233
 9.971772e-13 4.192457e-12 3.659631e-12 8.849265e-12 fanout835
 9.705092e-13 4.206771e-12 3.659562e-12 8.836842e-12 fanout1279
 9.866949e-13 4.189599e-12 3.659562e-12 8.835856e-12 fanout1189
 9.796776e-13 4.184926e-12 3.659562e-12 8.824165e-12 fanout1240
 9.836735e-13 4.176511e-12 3.659562e-12 8.819746e-12 fanout1331
 9.767706e-13 4.175515e-12 3.659562e-12 8.811847e-12 fanout1290
 9.746899e-13 4.176257e-12 3.659562e-12 8.810510e-12 fanout1176
 9.747975e-13 4.171866e-12 3.659562e-12 8.806225e-12 fanout1174
 9.784944e-13 4.166502e-12 3.659562e-12 8.804558e-12 fanout1318
 9.894339e-13 4.122705e-12 3.659562e-12 8.771700e-12 fanout1262
 9.752397e-13 4.112702e-12 3.659562e-12 8.747504e-12 fanout1161
 9.787954e-13 4.098928e-12 3.659562e-12 8.737285e-12 fanout1341
 9.793454e-13 4.094249e-12 3.659562e-12 8.733157e-12 fanout1322
 9.825693e-13 4.090810e-12 3.659562e-12 8.732941e-12 fanout1175
 9.839837e-13 4.074611e-12 3.659562e-12 8.718156e-12 fanout1167
 9.728106e-13 4.079966e-12 3.659562e-12 8.712338e-12 fanout1166
 9.727844e-13 4.074463e-12 3.659562e-12 8.706809e-12 fanout1217
 9.786250e-13 4.065852e-12 3.659562e-12 8.704039e-12 fanout1282
 1.002036e-12 4.038970e-12 3.659720e-12 8.700726e-12 fanout828
 9.750301e-13 4.030283e-12 3.659562e-12 8.664874e-12 fanout1277
 9.755971e-13 4.026712e-12 3.659562e-12 8.661871e-12 fanout1194
 9.757822e-13 4.013642e-12 3.659562e-12 8.648986e-12 fanout1255
 9.943318e-13 3.990660e-12 3.659592e-12 8.644583e-12 fanout829
 9.817879e-13 4.002394e-12 3.659562e-12 8.643744e-12 fanout1339
 9.821456e-13 3.987757e-12 3.659562e-12 8.629465e-12 fanout1273
 9.852702e-13 3.973228e-12 3.659562e-12 8.618059e-12 fanout1264
 9.817309e-13 3.960134e-12 3.659562e-12 8.601427e-12 fanout1332
 9.822568e-13 3.958089e-12 3.659562e-12 8.599907e-12 fanout1239
 9.808700e-13 3.957779e-12 3.659562e-12 8.598211e-12 fanout1284
 9.836219e-13 3.946988e-12 3.659562e-12 8.590172e-12 fanout1300
 1.009743e-12 3.892719e-12 3.659571e-12 8.562034e-12 fanout832
 9.803171e-13 3.919409e-12 3.659562e-12 8.559287e-12 fanout1227
 9.727883e-13 3.920783e-12 3.659562e-12 8.553133e-12 fanout1165
 9.759783e-13 3.915748e-12 3.659562e-12 8.551288e-12 fanout1253
 9.796395e-13 3.897022e-12 3.659562e-12 8.536224e-12 fanout1241
 9.896365e-13 3.870751e-12 3.659562e-12 8.519949e-12 fanout1222
 9.813497e-13 3.862076e-12 3.659562e-12 8.502987e-12 fanout1180
 9.980181e-13 3.839910e-12 3.659631e-12 8.497559e-12 fanout831
 9.884006e-13 3.825943e-12 3.659680e-12 8.474024e-12 fanout358
 9.799534e-13 3.822286e-12 3.659562e-12 8.461802e-12 fanout1163
 9.833843e-13 3.798345e-12 3.659562e-12 8.441291e-12 fanout1226
 9.873851e-13 3.789104e-12 3.659562e-12 8.436051e-12 fanout1208
 9.865526e-13 3.784876e-12 3.659562e-12 8.430990e-12 fanout1259
 9.761495e-13 3.785335e-12 3.659671e-12 8.421155e-12 fanout1359
 9.883110e-13 3.765953e-12 3.659562e-12 8.413826e-12 fanout1248
 9.822693e-13 3.768692e-12 3.659562e-12 8.410522e-12 fanout1159
 9.938648e-13 3.720167e-12 3.659690e-12 8.373722e-12 fanout825
 9.744380e-13 3.728658e-12 3.659562e-12 8.362658e-12 fanout1225
 9.799464e-13 3.716982e-12 3.659562e-12 8.356491e-12 fanout1206
 9.824586e-13 3.642509e-12 3.659562e-12 8.284529e-12 fanout1276
 9.762273e-13 3.601647e-12 3.659562e-12 8.237437e-12 fanout1191
 9.746218e-13 3.559504e-12 3.659562e-12 8.193688e-12 fanout1179
 9.795644e-13 3.551117e-12 3.659562e-12 8.190243e-12 fanout1251
 9.877749e-13 3.503091e-12 3.659562e-12 8.150427e-12 fanout1247
 9.785373e-13 3.506419e-12 3.659562e-12 8.144518e-12 fanout1329
 9.760656e-13 3.480593e-12 3.659562e-12 8.116220e-12 fanout1292
 9.723917e-13 3.472817e-12 3.659562e-12 8.104770e-12 fanout1260
 5.963358e-13 2.618443e-12 4.876300e-12 8.091079e-12 fanout1154
 5.787246e-13 2.633730e-12 4.876300e-12 8.088754e-12 fanout1153
 5.789534e-13 2.630736e-12 4.876300e-12 8.085989e-12 fanout162
 9.744000e-13 3.378732e-12 3.659562e-12 8.012695e-12 fanout1220
 9.800616e-13 3.370575e-12 3.659562e-12 8.010198e-12 fanout1209
 9.814735e-13 3.350459e-12 3.659562e-12 7.991495e-12 fanout1160
 9.745810e-13 3.306454e-12 3.659562e-12 7.940597e-12 fanout1267
 9.849623e-13 3.253237e-12 3.659562e-12 7.897761e-12 fanout1249
 5.814588e-13 2.370313e-12 4.876300e-12 7.828072e-12 fanout1152
 9.745208e-13 3.178252e-12 3.659562e-12 7.812334e-12 fanout1263
 9.764355e-13 3.149936e-12 3.659562e-12 7.785933e-12 fanout1199
 9.831850e-13 3.089728e-12 3.659562e-12 7.732474e-12 fanout1223
 9.777060e-13 3.025574e-12 3.659562e-12 7.662843e-12 fanout1323
 9.723954e-13 2.954558e-12 3.659562e-12 7.586516e-12 fanout1244
 5.787671e-13 2.100635e-12 4.876300e-12 7.555702e-12 fanout1156
 6.776640e-19 3.349512e-18 7.513970e-12 7.513975e-12 fanout1527
 6.860481e-19 3.082654e-18 7.513970e-12 7.513974e-12 fanout1523
 5.808436e-13 1.969546e-12 4.876300e-12 7.426689e-12 fanout140
 5.806987e-13 2.499375e-12 4.325209e-12 7.405283e-12 fanout129
 5.832201e-13 1.825201e-12 4.876300e-12 7.284721e-12 fanout1143
 5.806337e-13 2.085387e-12 4.325208e-12 6.991229e-12 fanout247
 5.847706e-13 1.992395e-12 4.325208e-12 6.902374e-12 fanout164
 6.914429e-19 3.491947e-18 6.865829e-12 6.865833e-12 fanout1598
 3.262106e-13 1.267496e-12 4.648000e-12 6.241707e-12 fanout168
 3.332442e-13 1.229773e-12 4.648000e-12 6.211017e-12 fanout174
 3.336266e-13 1.456046e-12 3.659315e-12 5.448988e-12 fanout133
 3.319017e-13 1.445491e-12 3.659315e-12 5.436708e-12 fanout138
 3.274594e-13 1.422952e-12 3.659315e-12 5.409726e-12 fanout92
 3.370802e-13 1.225182e-12 3.659315e-12 5.221578e-12 fanout165
 3.266432e-13 1.173411e-12 3.659315e-12 5.159369e-12 max_cap84
 3.259146e-13 1.076543e-12 3.659315e-12 5.061772e-12 fanout131
 3.305807e-13 9.319438e-13 3.659315e-12 4.921839e-12 max_cap378
 3.408073e-19 2.449529e-18 4.876190e-12 4.876192e-12 fanout1579
 3.476038e-19 1.701307e-18 4.876190e-12 4.876192e-12 fanout1535
 3.455403e-19 1.654896e-18 4.876190e-12 4.876192e-12 fanout1538
 3.453725e-19 1.700031e-18 4.876190e-12 4.876192e-12 fanout1540
 3.432002e-19 1.962991e-18 4.876190e-12 4.876192e-12 fanout1543
 3.445053e-19 1.614761e-18 4.876190e-12 4.876192e-12 fanout1545
 3.449273e-19 1.757349e-18 4.876190e-12 4.876192e-12 fanout1558
 3.462787e-19 1.688516e-18 4.876190e-12 4.876192e-12 fanout1562
 3.462300e-19 1.683859e-18 4.876190e-12 4.876192e-12 fanout1565
 3.429988e-19 1.828844e-18 4.876190e-12 4.876192e-12 fanout1567
 3.445820e-19 1.726524e-18 4.876190e-12 4.876192e-12 fanout1590
 3.489534e-19 1.310018e-18 4.876190e-12 4.876191e-12 fanout1537
 3.485320e-19 1.356702e-18 4.876190e-12 4.876191e-12 fanout1539
 3.494739e-19 1.398071e-18 4.876190e-12 4.876191e-12 fanout1541
 3.462768e-19 1.492763e-18 4.876190e-12 4.876191e-12 fanout1542
 3.489171e-19 1.368897e-18 4.876190e-12 4.876191e-12 fanout1544
 3.451759e-19 1.448125e-18 4.876190e-12 4.876191e-12 fanout1546
 3.486326e-19 1.320270e-18 4.876190e-12 4.876191e-12 fanout1549
 3.478486e-19 1.588625e-18 4.876190e-12 4.876191e-12 fanout1552
 3.495061e-19 1.322895e-18 4.876190e-12 4.876191e-12 fanout1553
 3.480471e-19 1.548217e-18 4.876190e-12 4.876191e-12 fanout1554
 3.473844e-19 1.531016e-18 4.876190e-12 4.876191e-12 fanout1556
 3.447675e-19 1.356636e-18 4.876190e-12 4.876191e-12 fanout1559
 3.488974e-19 1.282723e-18 4.876190e-12 4.876191e-12 fanout1561
 3.489470e-19 1.222903e-18 4.876190e-12 4.876191e-12 fanout1564
 3.472923e-19 1.449077e-18 4.876190e-12 4.876191e-12 fanout1566
 3.494107e-19 1.181958e-18 4.876190e-12 4.876191e-12 fanout1570
 3.441460e-19 1.526779e-18 4.876190e-12 4.876191e-12 fanout1571
 3.492981e-19 1.197351e-18 4.876190e-12 4.876191e-12 fanout1572
 3.488026e-19 1.443891e-18 4.876190e-12 4.876191e-12 fanout1573
 3.474230e-19 1.322013e-18 4.876190e-12 4.876191e-12 fanout1575
 3.472280e-19 1.365186e-18 4.876190e-12 4.876191e-12 fanout1576
 3.452322e-19 1.543103e-18 4.876190e-12 4.876191e-12 fanout1581
 3.455962e-19 1.451254e-18 4.876190e-12 4.876191e-12 fanout1582
 3.458934e-19 1.374086e-18 4.876190e-12 4.876191e-12 fanout1583
 3.475676e-19 1.436981e-18 4.876190e-12 4.876191e-12 fanout1584
 3.469381e-19 1.549944e-18 4.876190e-12 4.876191e-12 fanout1586
 3.474844e-19 1.426539e-18 4.876190e-12 4.876191e-12 fanout1587
 3.492463e-19 1.359454e-18 4.876190e-12 4.876191e-12 fanout1591
 3.503377e-19 1.362863e-18 4.876190e-12 4.876191e-12 fanout1593
 3.458988e-19 1.406401e-18 4.876190e-12 4.876191e-12 fanout1594
 1.952507e-19 9.373706e-19 4.647802e-12 4.647803e-12 fanout1550
 1.947099e-19 1.000654e-18 4.647802e-12 4.647803e-12 fanout1563
 1.950183e-19 9.955456e-19 4.647802e-12 4.647803e-12 fanout1588
 1.949836e-19 8.627311e-19 4.647802e-12 4.647803e-12 fanout1536
 1.944564e-19 8.656966e-19 4.647802e-12 4.647803e-12 fanout1592
 1.399470e-19 4.324678e-19 4.647802e-12 4.647803e-12 input9
 3.421851e-19 2.131795e-18 4.325310e-12 4.325313e-12 fanout1532
 3.463204e-19 1.609242e-18 4.325310e-12 4.325312e-12 fanout1486
 3.444619e-19 1.677217e-18 4.325310e-12 4.325312e-12 fanout1490
 3.454110e-19 1.783326e-18 4.325310e-12 4.325312e-12 fanout1524
 3.436361e-19 2.028242e-18 4.325310e-12 4.325312e-12 fanout1529
 3.436367e-19 1.929759e-18 4.325310e-12 4.325312e-12 fanout1530
 3.482321e-19 1.521817e-18 4.325310e-12 4.325312e-12 fanout1493
 3.470219e-19 1.208184e-18 4.325310e-12 4.325312e-12 fanout1504
 3.470067e-19 1.576371e-18 4.325310e-12 4.325312e-12 fanout1522
 5.910818e-13 2.100632e-12 1.181000e-12 3.872714e-12 fanout1213
 1.944406e-19 1.008596e-18 3.659498e-12 3.659499e-12 fanout1502
 1.943537e-19 1.038847e-18 3.659498e-12 3.659499e-12 fanout1503
 1.943453e-19 1.038267e-18 3.659498e-12 3.659499e-12 fanout1525
 1.957472e-19 8.074138e-19 3.659498e-12 3.659498e-12 fanout1495
 1.946794e-19 7.411504e-19 3.659498e-12 3.659498e-12 fanout1497
 1.949292e-19 7.516562e-19 3.659498e-12 3.659498e-12 fanout1499
 1.954728e-19 8.436299e-19 3.659498e-12 3.659498e-12 fanout1500
 1.952953e-19 6.567310e-19 3.659498e-12 3.659498e-12 fanout1501
 1.975737e-19 7.471443e-19 3.659498e-12 3.659498e-12 fanout1505
 1.948853e-19 6.564083e-19 3.659498e-12 3.659498e-12 fanout1506
 1.973057e-19 7.418662e-19 3.659498e-12 3.659498e-12 fanout1507
 1.975085e-19 6.939983e-19 3.659498e-12 3.659498e-12 fanout1508
 1.977592e-19 8.157360e-19 3.659498e-12 3.659498e-12 fanout1509
 1.967550e-19 6.514884e-19 3.659498e-12 3.659498e-12 fanout1510
 1.945974e-19 8.629895e-19 3.659498e-12 3.659498e-12 fanout1514
 1.956796e-19 7.901760e-19 3.659498e-12 3.659498e-12 fanout1521
 1.945484e-19 7.277721e-19 3.659498e-12 3.659498e-12 fanout1531
 1.988173e-13 2.777267e-13 1.181000e-12 1.657544e-12 max_cap836
 1.967012e-13 2.505443e-13 1.181000e-12 1.628245e-12 _31762_
 1.955972e-13 1.507220e-13 1.181000e-12 1.527319e-12 _31757_
 1.958038e-13 1.359565e-13 1.181000e-12 1.512760e-12 _31772_
 1.957909e-13 1.347241e-13 1.181000e-12 1.511515e-12 _31766_
 1.953289e-13 1.284602e-13 1.181000e-12 1.504789e-12 _31763_
 1.946958e-13 1.083782e-13 1.181000e-12 1.484074e-12 _31768_
 1.944168e-13 1.006112e-13 1.181000e-12 1.476028e-12 _31767_
 1.943641e-13 9.947240e-14 1.181000e-12 1.474836e-12 _31769_
 1.938593e-13 9.387950e-14 1.181000e-12 1.468739e-12 _31761_
 1.940852e-13 9.341127e-14 1.181000e-12 1.468496e-12 _31773_
 1.942051e-13 9.253975e-14 1.181000e-12 1.467745e-12 _31771_
 1.938674e-13 9.238559e-14 1.181000e-12 1.467253e-12 _31764_
 1.938369e-13 9.179372e-14 1.181000e-12 1.466631e-12 _31765_
 1.938802e-13 8.895949e-14 1.181000e-12 1.463840e-12 _31770_
 1.936911e-13 8.891692e-14 1.181000e-12 1.463608e-12 _31754_
 1.936602e-13 8.819713e-14 1.181000e-12 1.462857e-12 _31756_
 1.936114e-13 8.706266e-14 1.181000e-12 1.461674e-12 _31758_
 1.935578e-13 8.677663e-14 1.181000e-12 1.461334e-12 _31759_
 1.935132e-13 8.477649e-14 1.181000e-12 1.459290e-12 _31755_
 1.933181e-13 8.024260e-14 1.181000e-12 1.454561e-12 _31760_
 2.588055e-19 4.998996e-19 1.181000e-12 1.181001e-12 input3
 1.724600e-19 3.362113e-19 1.181000e-12 1.181001e-12 input6
 1.728796e-19 2.021488e-19 1.181000e-12 1.181000e-12 input1
 8.621676e-20 1.706259e-19 1.181000e-12 1.181000e-12 input7
