     Internal    Switching      Leakage        Total
        Power        Power        Power        Power (Watts)
----------------------------------------------------
 1.641954e-05 6.047238e-06 6.510500e-10 2.246743e-05 clkbuf_0_clk
 1.706672e-05 1.455309e-06 6.510500e-10 1.852269e-05 clkbuf_1_1__f_clk
 1.712411e-05 1.157372e-06 6.510500e-10 1.828214e-05 clkbuf_1_0__f_clk
 1.736407e-09 6.406444e-09 6.315520e-10 8.774403e-09 clkbuf_0_core_clk
 9.145059e-10 3.663375e-09 3.407861e-10 4.918667e-09 clkbuf_4_13_0_core_clk
 9.159820e-10 3.496457e-09 3.407861e-10 4.753225e-09 clkbuf_4_8_0_core_clk
 9.172407e-10 3.411465e-09 3.407861e-10 4.669492e-09 clkbuf_4_10_0_core_clk
 9.180899e-10 3.390669e-09 3.407861e-10 4.649545e-09 clkbuf_4_15_0_core_clk
 9.187641e-10 3.342292e-09 3.407861e-10 4.601842e-09 clkbuf_4_14_0_core_clk
 9.189955e-10 3.284955e-09 3.407861e-10 4.544737e-09 clkbuf_4_11_0_core_clk
 9.199069e-10 3.229873e-09 3.407861e-10 4.490566e-09 clkbuf_4_2_0_core_clk
 9.216390e-10 3.138008e-09 3.407861e-10 4.400433e-09 clkbuf_4_7_0_core_clk
 9.226056e-10 3.091204e-09 3.407861e-10 4.354596e-09 clkbuf_4_4_0_core_clk
 9.235511e-10 2.992582e-09 3.407861e-10 4.256919e-09 clkbuf_4_12_0_core_clk
 9.254598e-10 2.886040e-09 3.407861e-10 4.152286e-09 clkbuf_4_5_0_core_clk
 9.252720e-10 2.880361e-09 3.407861e-10 4.146419e-09 clkbuf_4_1_0_core_clk
 9.253293e-10 2.829512e-09 3.407861e-10 4.095628e-09 clkbuf_4_9_0_core_clk
 9.277005e-10 2.706990e-09 3.407861e-10 3.975476e-09 clkbuf_4_6_0_core_clk
 9.290160e-10 2.599794e-09 3.407861e-10 3.869596e-09 clkbuf_4_3_0_core_clk
 9.303582e-10 2.517191e-09 3.407861e-10 3.788335e-09 clkbuf_4_0_0_core_clk
 1.782955e-09 0.000000e+00 4.608257e-10 2.243781e-09 clkload14
 1.003473e-09 8.634022e-10 3.407861e-10 2.207661e-09 clkbuf_leaf_65_core_clk
 1.003613e-09 8.625396e-10 3.407861e-10 2.206939e-09 clkbuf_leaf_61_core_clk
 1.644401e-09 0.000000e+00 4.608257e-10 2.105226e-09 clkload12
 1.013288e-09 7.137425e-10 3.407861e-10 2.067817e-09 clkbuf_leaf_63_core_clk
 1.016331e-09 6.855574e-10 3.407861e-10 2.042674e-09 clkbuf_leaf_68_core_clk
 1.017431e-09 6.518656e-10 3.407861e-10 2.010083e-09 clkbuf_leaf_72_core_clk
 1.024648e-09 6.140109e-10 3.407861e-10 1.979445e-09 clkbuf_leaf_57_core_clk
 1.055322e-09 5.561946e-10 3.407861e-10 1.952302e-09 clkbuf_leaf_46_core_clk
 1.025021e-09 5.846891e-10 3.407861e-10 1.950496e-09 clkbuf_leaf_71_core_clk
 1.029114e-09 5.749978e-10 3.407861e-10 1.944898e-09 clkbuf_leaf_64_core_clk
 1.030580e-09 5.610172e-10 3.407861e-10 1.932383e-09 clkbuf_leaf_66_core_clk
 1.058545e-09 5.287688e-10 3.407861e-10 1.928099e-09 clkbuf_leaf_44_core_clk
 1.005700e-09 5.812746e-10 3.407861e-10 1.927760e-09 clkbuf_leaf_7_core_clk
 1.029242e-09 5.475798e-10 3.407861e-10 1.917608e-09 clkbuf_leaf_73_core_clk
 1.029636e-09 5.456696e-10 3.407861e-10 1.916092e-09 clkbuf_leaf_78_core_clk
 1.060493e-09 5.126912e-10 3.407861e-10 1.913971e-09 clkbuf_leaf_40_core_clk
 9.734521e-10 5.974297e-10 3.407861e-10 1.911668e-09 clkbuf_leaf_39_core_clk
 1.033751e-09 5.342466e-10 3.407861e-10 1.908784e-09 clkbuf_leaf_58_core_clk
 1.020454e-09 5.440059e-10 3.407861e-10 1.905246e-09 clkbuf_leaf_131_core_clk
 9.742438e-10 5.899154e-10 3.407861e-10 1.904945e-09 clkbuf_leaf_6_core_clk
 1.062452e-09 4.964991e-10 3.407861e-10 1.899738e-09 clkbuf_leaf_51_core_clk
 1.062526e-09 4.960266e-10 3.407861e-10 1.899338e-09 clkbuf_leaf_50_core_clk
 1.035336e-09 5.185827e-10 3.407861e-10 1.894705e-09 clkbuf_leaf_67_core_clk
 1.023174e-09 5.203964e-10 3.407861e-10 1.884357e-09 clkbuf_leaf_132_core_clk
 1.064500e-09 4.789682e-10 3.407861e-10 1.884255e-09 clkbuf_leaf_52_core_clk
 9.765873e-10 5.667782e-10 3.407861e-10 1.884152e-09 clkbuf_leaf_38_core_clk
 1.037289e-09 5.033349e-10 3.407861e-10 1.881410e-09 clkbuf_leaf_62_core_clk
 1.037495e-09 5.018907e-10 3.407861e-10 1.880172e-09 clkbuf_leaf_60_core_clk
 1.037958e-09 4.964226e-10 3.407861e-10 1.875166e-09 clkbuf_leaf_54_core_clk
 1.038649e-09 4.886233e-10 3.407861e-10 1.868059e-09 clkbuf_leaf_69_core_clk
 1.039583e-09 4.836200e-10 3.407861e-10 1.863989e-09 clkbuf_leaf_59_core_clk
 1.036381e-09 4.864225e-10 3.407861e-10 1.863590e-09 clkbuf_leaf_79_core_clk
 1.025856e-09 4.964014e-10 3.407861e-10 1.863043e-09 clkbuf_leaf_134_core_clk
 1.036421e-09 4.841605e-10 3.407861e-10 1.861368e-09 clkbuf_leaf_82_core_clk
 1.037429e-09 4.759362e-10 3.407861e-10 1.854151e-09 clkbuf_leaf_76_core_clk
 1.068849e-09 4.430815e-10 3.407861e-10 1.852717e-09 clkbuf_leaf_49_core_clk
 1.015325e-09 4.929657e-10 3.407861e-10 1.849077e-09 clkbuf_leaf_8_core_clk
 1.038404e-09 4.687489e-10 3.407861e-10 1.847939e-09 clkbuf_leaf_80_core_clk
 1.038327e-09 4.678640e-10 3.407861e-10 1.846977e-09 clkbuf_leaf_74_core_clk
 9.810338e-10 5.232053e-10 3.407861e-10 1.845025e-09 clkbuf_leaf_37_core_clk
 1.070170e-09 4.314745e-10 3.407861e-10 1.842431e-09 clkbuf_leaf_45_core_clk
 1.016225e-09 4.846960e-10 3.407861e-10 1.841707e-09 clkbuf_leaf_9_core_clk
 1.016595e-09 4.810764e-10 3.407861e-10 1.838458e-09 clkbuf_leaf_16_core_clk
 1.071551e-09 4.200836e-10 3.407861e-10 1.832421e-09 clkbuf_leaf_48_core_clk
 1.071747e-09 4.181684e-10 3.407861e-10 1.830702e-09 clkbuf_leaf_53_core_clk
 1.040410e-09 4.488682e-10 3.407861e-10 1.830065e-09 clkbuf_leaf_75_core_clk
 9.940474e-10 4.941543e-10 3.407861e-10 1.828988e-09 clkbuf_leaf_127_core_clk
 1.055089e-09 4.327865e-10 3.407861e-10 1.828662e-09 clkbuf_leaf_115_core_clk
 1.031364e-09 4.481649e-10 3.407861e-10 1.820315e-09 clkbuf_leaf_138_core_clk
 1.031298e-09 4.469119e-10 3.407861e-10 1.818996e-09 clkbuf_leaf_133_core_clk
 9.841182e-10 4.926664e-10 3.407861e-10 1.817571e-09 clkbuf_leaf_34_core_clk
 1.031877e-09 4.438109e-10 3.407861e-10 1.816474e-09 clkbuf_leaf_140_core_clk
 1.019395e-09 4.553788e-10 3.407861e-10 1.815560e-09 clkbuf_leaf_10_core_clk
 1.057226e-09 4.146183e-10 3.407861e-10 1.812630e-09 clkbuf_leaf_119_core_clk
 9.848286e-10 4.858148e-10 3.407861e-10 1.811430e-09 clkbuf_leaf_36_core_clk
 9.967662e-10 4.679806e-10 3.407861e-10 1.805533e-09 clkbuf_leaf_89_core_clk
 1.047073e-09 4.169415e-10 3.407861e-10 1.804800e-09 clkbuf_leaf_55_core_clk
 9.671303e-10 4.968543e-10 3.407861e-10 1.804771e-09 clkbuf_leaf_149_core_clk
 1.047233e-09 4.155545e-10 3.407861e-10 1.803573e-09 clkbuf_leaf_56_core_clk
 1.050589e-09 4.108588e-10 3.407861e-10 1.802234e-09 clkbuf_leaf_106_core_clk
 9.972614e-10 4.633231e-10 3.407861e-10 1.801371e-09 clkbuf_leaf_88_core_clk
 1.051121e-09 4.066890e-10 3.407861e-10 1.798596e-09 clkbuf_leaf_109_core_clk
 1.012651e-09 4.409394e-10 3.407861e-10 1.794376e-09 clkbuf_leaf_84_core_clk
 1.045727e-09 4.033393e-10 3.407861e-10 1.789852e-09 clkbuf_leaf_77_core_clk
 1.061719e-09 3.759962e-10 3.407861e-10 1.778502e-09 clkbuf_leaf_118_core_clk
 1.062327e-09 3.696023e-10 3.407861e-10 1.772715e-09 clkbuf_leaf_126_core_clk
 1.001096e-09 4.264051e-10 3.407861e-10 1.768287e-09 clkbuf_leaf_128_core_clk
 1.062959e-09 3.644193e-10 3.407861e-10 1.768164e-09 clkbuf_leaf_124_core_clk
 1.015892e-09 4.105618e-10 3.407861e-10 1.767240e-09 clkbuf_leaf_42_core_clk
 1.043792e-09 3.819847e-10 3.407861e-10 1.766562e-09 clkbuf_leaf_103_core_clk
 1.038667e-09 3.818288e-10 3.407861e-10 1.761282e-09 clkbuf_leaf_136_core_clk
 1.063955e-09 3.557438e-10 3.407861e-10 1.760485e-09 clkbuf_leaf_125_core_clk
 1.016750e-09 4.026434e-10 3.407861e-10 1.760179e-09 clkbuf_leaf_70_core_clk
 1.039725e-09 3.727407e-10 3.407861e-10 1.753252e-09 clkbuf_leaf_137_core_clk
 1.027359e-09 3.819978e-10 3.407861e-10 1.750143e-09 clkbuf_leaf_12_core_clk
 1.065766e-09 3.405823e-10 3.407861e-10 1.747134e-09 clkbuf_leaf_117_core_clk
 1.003758e-09 4.008169e-10 3.407861e-10 1.745361e-09 clkbuf_leaf_129_core_clk
 1.046597e-09 3.572116e-10 3.407861e-10 1.744595e-09 clkbuf_leaf_92_core_clk
 1.046704e-09 3.562710e-10 3.407861e-10 1.743761e-09 clkbuf_leaf_99_core_clk
 1.018818e-09 3.833456e-10 3.407861e-10 1.742950e-09 clkbuf_leaf_86_core_clk
 1.058472e-09 3.435050e-10 3.407861e-10 1.742763e-09 clkbuf_leaf_114_core_clk
 1.028314e-09 3.731972e-10 3.407861e-10 1.742298e-09 clkbuf_leaf_13_core_clk
 1.009401e-09 3.869035e-10 3.407861e-10 1.737091e-09 clkbuf_leaf_19_core_clk
 1.019530e-09 3.765921e-10 3.407861e-10 1.736908e-09 clkbuf_leaf_43_core_clk
 1.004834e-09 3.903479e-10 3.407861e-10 1.735968e-09 clkbuf_leaf_90_core_clk
 1.047731e-09 3.472393e-10 3.407861e-10 1.735756e-09 clkbuf_leaf_91_core_clk
 9.934945e-10 4.006681e-10 3.407861e-10 1.734949e-09 clkbuf_leaf_33_core_clk
 1.005310e-09 3.860033e-10 3.407861e-10 1.732099e-09 clkbuf_leaf_87_core_clk
 1.067828e-09 3.226843e-10 3.407861e-10 1.731299e-09 clkbuf_leaf_116_core_clk
 1.067963e-09 3.217391e-10 3.407861e-10 1.730488e-09 clkbuf_leaf_123_core_clk
 1.068267e-09 3.192874e-10 3.407861e-10 1.728341e-09 clkbuf_leaf_105_core_clk
 1.068333e-09 3.181955e-10 3.407861e-10 1.727314e-09 clkbuf_leaf_122_core_clk
 1.068455e-09 3.174682e-10 3.407861e-10 1.726709e-09 clkbuf_leaf_120_core_clk
 1.009548e-09 3.762993e-10 3.407861e-10 1.726633e-09 clkbuf_leaf_1_core_clk
 1.060777e-09 3.231023e-10 3.407861e-10 1.724665e-09 clkbuf_leaf_112_core_clk
 1.030568e-09 3.527125e-10 3.407861e-10 1.724067e-09 clkbuf_leaf_11_core_clk
 1.049213e-09 3.339755e-10 3.407861e-10 1.723975e-09 clkbuf_leaf_98_core_clk
 1.049676e-09 3.300953e-10 3.407861e-10 1.720558e-09 clkbuf_leaf_94_core_clk
 1.061205e-09 3.184174e-10 3.407861e-10 1.720408e-09 clkbuf_leaf_108_core_clk
 1.034379e-09 3.446144e-10 3.407861e-10 1.719779e-09 clkbuf_leaf_24_core_clk
 1.010904e-09 3.634407e-10 3.407861e-10 1.715131e-09 clkbuf_leaf_4_core_clk
 1.061850e-09 3.119285e-10 3.407861e-10 1.714565e-09 clkbuf_leaf_102_core_clk
 1.070130e-09 3.035522e-10 3.407861e-10 1.714468e-09 clkbuf_leaf_121_core_clk
 1.050608e-09 3.213499e-10 3.407861e-10 1.712744e-09 clkbuf_leaf_96_core_clk
 1.012415e-09 3.582797e-10 3.407861e-10 1.711481e-09 clkbuf_leaf_18_core_clk
 1.063058e-09 3.024504e-10 3.407861e-10 1.706294e-09 clkbuf_leaf_110_core_clk
 9.791089e-10 3.753625e-10 3.407861e-10 1.695258e-09 clkbuf_leaf_150_core_clk
 1.053609e-09 2.947250e-10 3.407861e-10 1.689121e-09 clkbuf_leaf_101_core_clk
 9.798163e-10 3.682439e-10 3.407861e-10 1.688846e-09 clkbuf_leaf_147_core_clk
 1.014098e-09 3.332167e-10 3.407861e-10 1.688101e-09 clkbuf_leaf_0_core_clk
 1.053905e-09 2.924190e-10 3.407861e-10 1.687110e-09 clkbuf_leaf_93_core_clk
 9.801602e-10 3.647259e-10 3.407861e-10 1.685672e-09 clkbuf_leaf_151_core_clk
 9.803315e-10 3.630167e-10 3.407861e-10 1.684134e-09 clkbuf_leaf_145_core_clk
 1.014919e-09 3.250887e-10 3.407861e-10 1.680793e-09 clkbuf_leaf_3_core_clk
 1.026560e-09 3.107998e-10 3.407861e-10 1.678146e-09 clkbuf_leaf_83_core_clk
 1.039683e-09 2.966098e-10 3.407861e-10 1.677079e-09 clkbuf_leaf_28_core_clk
 1.015590e-09 3.186711e-10 3.407861e-10 1.675047e-09 clkbuf_leaf_2_core_clk
 1.027109e-09 3.057610e-10 3.407861e-10 1.673656e-09 clkbuf_leaf_41_core_clk
 9.899411e-10 3.414051e-10 3.407861e-10 1.672132e-09 clkbuf_leaf_142_core_clk
 1.067627e-09 2.614640e-10 3.407861e-10 1.669877e-09 clkbuf_leaf_104_core_clk
 1.018907e-09 2.964415e-10 3.407861e-10 1.656135e-09 clkbuf_leaf_17_core_clk
 1.057798e-09 2.574097e-10 3.407861e-10 1.655993e-09 clkbuf_leaf_97_core_clk
 1.070177e-09 2.410322e-10 3.407861e-10 1.651995e-09 clkbuf_leaf_111_core_clk
 1.018369e-09 2.920856e-10 3.407861e-10 1.651240e-09 clkbuf_leaf_152_core_clk
 9.846333e-10 3.190629e-10 3.407861e-10 1.644482e-09 clkbuf_leaf_146_core_clk
 1.043983e-09 2.563375e-10 3.407861e-10 1.641106e-09 clkbuf_leaf_25_core_clk
 1.021040e-09 2.757214e-10 3.407861e-10 1.637547e-09 clkbuf_leaf_14_core_clk
 1.044520e-09 2.519770e-10 3.407861e-10 1.637283e-09 clkbuf_leaf_31_core_clk
 1.045185e-09 2.459750e-10 3.407861e-10 1.631947e-09 clkbuf_leaf_26_core_clk
 9.952169e-10 2.887886e-10 3.407861e-10 1.624792e-09 clkbuf_leaf_5_core_clk
 1.046261e-09 2.362532e-10 3.407861e-10 1.623300e-09 clkbuf_leaf_23_core_clk
 1.023200e-09 2.555651e-10 3.407861e-10 1.619551e-09 clkbuf_leaf_20_core_clk
 1.046801e-09 2.306546e-10 3.407861e-10 1.618242e-09 clkbuf_leaf_30_core_clk
 1.047319e-09 2.265374e-10 3.407861e-10 1.614643e-09 clkbuf_leaf_29_core_clk
 1.024495e-09 2.428515e-10 3.407861e-10 1.608133e-09 clkbuf_leaf_22_core_clk
 1.025006e-09 2.378830e-10 3.407861e-10 1.603675e-09 clkbuf_leaf_15_core_clk
 9.978025e-10 2.628284e-10 3.407861e-10 1.601417e-09 clkbuf_leaf_143_core_clk
 9.988768e-10 2.521377e-10 3.407861e-10 1.591801e-09 clkbuf_leaf_141_core_clk
 1.051814e-09 1.858791e-10 3.407861e-10 1.578479e-09 clkbuf_leaf_27_core_clk
 1.003658e-09 2.043417e-10 3.407861e-10 1.548786e-09 clkbuf_leaf_139_core_clk
 1.918222e-10 6.377021e-10 3.407854e-10 1.170310e-09 fanout169
 8.526633e-10 0.000000e+00 2.554154e-10 1.108079e-09 clkload9
 7.758304e-11 4.957319e-10 1.814455e-10 7.547604e-10 fanout434
 9.474599e-11 4.158706e-10 2.056744e-10 7.162910e-10 fanout408
 8.975010e-11 3.565182e-10 2.056744e-10 6.519427e-10 fanout410
 8.773368e-11 3.413565e-10 2.056744e-10 6.347646e-10 fanout411
 7.085318e-11 2.228861e-10 3.407856e-10 6.345249e-10 fanout235
 9.517710e-11 3.567099e-10 1.814455e-10 6.333324e-10 fanout170
 9.070044e-11 3.587512e-10 1.814455e-10 6.308972e-10 fanout184
 8.964145e-11 3.577908e-10 1.814455e-10 6.288778e-10 fanout187
 4.473944e-10 0.000000e+00 1.814463e-10 6.288406e-10 clkload131
 4.468949e-10 0.000000e+00 1.814463e-10 6.283412e-10 clkload124
 4.466263e-10 0.000000e+00 1.814463e-10 6.280726e-10 clkload133
 4.465285e-10 0.000000e+00 1.814463e-10 6.279747e-10 clkload123
 4.458167e-10 0.000000e+00 1.814463e-10 6.272629e-10 clkload27
 4.456179e-10 0.000000e+00 1.814463e-10 6.270642e-10 clkload120
 4.455332e-10 0.000000e+00 1.814463e-10 6.269795e-10 clkload76
 4.453229e-10 0.000000e+00 1.814463e-10 6.267691e-10 clkload77
 4.452268e-10 0.000000e+00 1.814463e-10 6.266731e-10 clkload70
 4.451054e-10 0.000000e+00 1.814463e-10 6.265517e-10 clkload86
 4.450330e-10 0.000000e+00 1.814463e-10 6.264792e-10 clkload63
 4.450240e-10 0.000000e+00 1.814463e-10 6.264703e-10 clkload85
 4.448265e-10 0.000000e+00 1.814463e-10 6.262728e-10 clkload80
 4.447736e-10 0.000000e+00 1.814463e-10 6.262198e-10 clkload78
 4.447324e-10 0.000000e+00 1.814463e-10 6.261787e-10 clkload67
 4.446598e-10 0.000000e+00 1.814463e-10 6.261061e-10 clkload22
 4.445956e-10 0.000000e+00 1.814463e-10 6.260419e-10 clkload92
 4.445918e-10 0.000000e+00 1.814463e-10 6.260381e-10 clkload94
 4.441443e-10 0.000000e+00 1.814463e-10 6.255906e-10 clkload56
 4.440181e-10 0.000000e+00 1.814463e-10 6.254644e-10 clkload59
 4.439846e-10 0.000000e+00 1.814463e-10 6.254308e-10 clkload58
 4.436493e-10 0.000000e+00 1.814463e-10 6.250956e-10 clkload57
 4.436261e-10 0.000000e+00 1.814463e-10 6.250723e-10 clkload33
 8.168290e-11 3.024767e-10 2.056744e-10 5.898340e-10 fanout412
 1.009371e-10 3.064736e-10 1.814455e-10 5.888562e-10 fanout418
 9.276957e-11 3.088587e-10 1.814455e-10 5.830738e-10 fanout183
 4.918113e-11 1.676017e-10 3.628094e-10 5.795922e-10 fanout371
 9.283447e-11 2.977345e-10 1.814455e-10 5.720144e-10 fanout186
 4.987562e-11 1.579018e-10 3.628096e-10 5.705870e-10 fanout274
 9.909785e-11 2.844071e-10 1.814455e-10 5.649504e-10 fanout181
 5.902001e-11 1.340421e-10 3.628095e-10 5.558716e-10 fanout157
 8.891972e-11 2.719306e-10 1.814455e-10 5.422958e-10 fanout179
 5.496531e-11 1.243936e-10 3.628097e-10 5.421686e-10 fanout375
 8.659776e-11 2.498824e-10 2.056745e-10 5.421547e-10 fanout134
 4.664601e-11 1.319591e-10 3.628097e-10 5.414147e-10 fanout377
 4.794447e-11 1.498540e-10 3.407855e-10 5.385840e-10 fanout570
 8.980267e-11 2.636531e-10 1.814455e-10 5.349012e-10 fanout185
 9.970731e-11 2.500453e-10 1.814455e-10 5.311981e-10 fanout173
 4.732305e-11 1.210486e-10 3.628097e-10 5.311814e-10 fanout378
 4.325200e-11 1.458285e-10 3.407855e-10 5.298660e-10 fanout571
 4.885821e-11 1.164815e-10 3.628096e-10 5.281494e-10 fanout372
 9.385912e-11 2.264941e-10 2.056744e-10 5.260276e-10 fanout193
 1.000739e-10 2.414211e-10 1.814455e-10 5.229405e-10 fanout419
 4.961119e-11 1.168739e-10 3.407853e-10 5.072704e-10 fanout275
 5.197922e-11 1.128039e-10 3.407852e-10 5.055684e-10 fanout555
 4.636820e-11 1.143715e-10 3.407852e-10 5.015249e-10 fanout554
 9.081881e-11 2.290320e-10 1.814455e-10 5.012963e-10 fanout416
 4.967866e-11 1.091355e-10 3.407852e-10 4.995994e-10 fanout561
 2.747946e-11 8.586328e-11 3.628099e-10 4.761526e-10 fanout290
 2.576529e-11 8.287944e-11 3.628094e-10 4.714541e-10 fanout366
 2.946319e-11 7.624443e-11 3.628098e-10 4.685174e-10 fanout287
 2.888844e-11 7.667487e-11 3.628098e-10 4.683731e-10 fanout330
 2.671021e-11 7.831623e-11 3.407855e-10 4.458120e-10 fanout572
 3.676789e-11 1.673731e-10 1.814455e-10 3.855865e-10 fanout227
 5.316741e-12 1.449514e-11 3.628099e-10 3.826218e-10 fanout271
 2.415554e-10 0.000000e+00 1.305749e-10 3.721302e-10 clkload129
 2.415379e-10 0.000000e+00 1.305749e-10 3.721128e-10 clkload125
 2.379875e-10 0.000000e+00 1.305749e-10 3.685624e-10 clkload132
 2.347626e-10 0.000000e+00 1.305749e-10 3.653375e-10 clkload26
 2.338487e-10 0.000000e+00 1.305749e-10 3.644236e-10 clkload73
 6.140006e-12 1.740256e-11 3.407850e-10 3.643275e-10 fanout272
 2.333759e-10 0.000000e+00 1.305749e-10 3.639508e-10 clkload99
 2.333354e-10 0.000000e+00 1.305749e-10 3.639103e-10 clkload96
 2.331739e-10 0.000000e+00 1.305749e-10 3.637488e-10 clkload55
 2.331245e-10 0.000000e+00 1.305749e-10 3.636993e-10 clkload88
 2.331105e-10 0.000000e+00 1.305749e-10 3.636853e-10 clkload84
 2.330474e-10 0.000000e+00 1.305749e-10 3.636223e-10 clkload21
 2.326189e-10 0.000000e+00 1.305749e-10 3.631938e-10 clkload60
 2.325828e-10 0.000000e+00 1.305749e-10 3.631577e-10 clkload46
 2.325584e-10 0.000000e+00 1.305749e-10 3.631333e-10 clkload34
 2.325246e-10 0.000000e+00 1.305749e-10 3.630994e-10 clkload54
 3.696151e-11 1.435941e-10 1.814455e-10 3.620012e-10 fanout229
 2.529750e-11 1.138126e-10 2.056742e-10 3.447843e-10 fanout160
 4.246530e-11 9.561540e-11 2.056728e-10 3.437535e-10 fanout344
 2.794579e-11 1.079622e-10 2.056746e-10 3.415826e-10 fanout322
 1.870777e-10 0.000000e+00 1.527102e-10 3.397878e-10 clkload127
 3.873961e-11 9.266680e-11 2.056728e-10 3.370793e-10 fanout343
 2.888539e-11 9.650832e-11 2.056727e-10 3.310664e-10 fanout336
 5.158100e-11 1.511363e-10 1.276901e-10 3.304073e-10 fanout199
 1.750560e-10 0.000000e+00 1.527102e-10 3.277661e-10 clkload110
 1.748865e-10 0.000000e+00 1.527102e-10 3.275967e-10 clkload52
 1.745429e-10 0.000000e+00 1.527102e-10 3.272531e-10 clkload101
 1.717278e-10 0.000000e+00 1.527102e-10 3.244380e-10 clkload51
 1.708359e-10 0.000000e+00 1.527102e-10 3.235460e-10 clkload116
 1.706838e-10 0.000000e+00 1.527102e-10 3.233940e-10 clkload118
 1.698814e-10 0.000000e+00 1.527102e-10 3.225916e-10 clkload49
 1.685138e-10 0.000000e+00 1.527102e-10 3.212239e-10 clkload37
 1.683681e-10 0.000000e+00 1.527102e-10 3.210783e-10 clkload102
 2.750726e-11 8.761136e-11 2.056746e-10 3.207932e-10 fanout283
 1.677946e-10 0.000000e+00 1.527102e-10 3.205047e-10 clkload103
 1.677000e-10 0.000000e+00 1.527102e-10 3.204101e-10 clkload108
 2.716113e-11 8.443651e-11 2.056743e-10 3.172719e-10 fanout385
 4.974587e-11 1.381639e-10 1.276901e-10 3.155999e-10 fanout217
 1.627574e-10 0.000000e+00 1.527102e-10 3.154675e-10 clkload20
 1.626690e-10 0.000000e+00 1.527102e-10 3.153792e-10 clkload16
 2.419333e-11 8.535297e-11 2.056743e-10 3.152206e-10 fanout383
 1.603988e-10 0.000000e+00 1.527102e-10 3.131090e-10 clkload17
 2.422495e-11 8.304948e-11 2.056743e-10 3.129487e-10 fanout381
 2.727210e-11 7.843963e-11 2.056743e-10 3.113860e-10 fanout388
 2.678852e-11 7.678888e-11 2.056730e-10 3.092504e-10 fanout347
 2.804714e-11 7.467876e-11 2.056732e-10 3.083991e-10 fanout353
 2.895189e-11 7.302615e-11 2.056732e-10 3.076512e-10 fanout358
 2.736427e-11 7.348816e-11 2.056743e-10 3.065267e-10 fanout391
 2.709157e-11 7.287754e-11 2.056743e-10 3.056434e-10 fanout389
 2.432939e-11 7.544988e-11 2.056743e-10 3.054536e-10 fanout384
 2.775033e-11 7.166172e-11 2.056730e-10 3.050851e-10 fanout339
 3.165109e-11 6.760241e-11 2.056730e-10 3.049265e-10 fanout350
 2.347463e-11 7.556423e-11 2.056727e-10 3.047115e-10 fanout268
 2.112524e-11 1.014022e-10 1.814452e-10 3.039727e-10 fanout563
 2.472423e-11 7.313991e-11 2.056744e-10 3.035385e-10 fanout370
 2.893748e-11 6.729229e-11 2.056728e-10 3.019026e-10 fanout355
 4.877911e-11 1.239339e-10 1.276901e-10 3.004031e-10 fanout208
 2.435362e-11 7.027165e-11 2.056743e-10 3.002996e-10 fanout387
 2.391608e-11 6.931043e-11 2.056727e-10 2.988992e-10 fanout265
 2.437523e-11 6.822608e-11 2.056743e-10 2.982756e-10 fanout386
 2.875105e-11 8.780524e-11 1.814456e-10 2.980019e-10 fanout552
 2.615709e-11 6.230207e-11 2.056744e-10 2.941335e-10 fanout327
 2.759544e-11 6.068877e-11 2.056743e-10 2.939585e-10 fanout390
 3.639163e-11 7.339195e-11 1.814455e-10 2.912291e-10 fanout365
 2.034161e-11 6.289928e-11 2.056729e-10 2.889138e-10 fanout501
 1.993966e-11 8.712391e-11 1.814472e-10 2.885108e-10 fanout263
 2.224459e-11 8.373441e-11 1.814454e-10 2.874244e-10 fanout276
 1.975074e-11 6.117575e-11 2.056729e-10 2.865994e-10 fanout513
 2.015458e-11 6.057999e-11 2.056729e-10 2.864075e-10 fanout497
 2.050571e-11 5.356765e-11 2.056729e-10 2.797463e-10 fanout508
 2.400677e-11 7.267689e-11 1.814456e-10 2.781293e-10 fanout540
 2.353113e-11 7.299464e-11 1.814456e-10 2.779714e-10 fanout545
 2.514003e-11 7.089636e-11 1.814456e-10 2.774820e-10 fanout546
 1.851857e-11 5.262872e-11 2.056729e-10 2.768202e-10 fanout507
 2.461058e-11 6.978588e-11 1.814456e-10 2.758421e-10 fanout549
 1.936893e-11 5.042399e-11 2.056729e-10 2.754658e-10 fanout503
 2.404412e-11 6.975426e-11 1.814456e-10 2.752440e-10 fanout541
 1.441464e-11 5.486766e-11 2.056746e-10 2.749569e-10 fanout325
 1.225390e-11 5.623270e-11 2.056742e-10 2.741608e-10 fanout166
 2.580370e-11 6.559429e-11 1.814452e-10 2.728432e-10 fanout557
 1.591319e-11 5.099556e-11 2.056748e-10 2.725835e-10 fanout233
 2.519207e-11 6.518921e-11 1.814456e-10 2.718269e-10 fanout537
 1.230488e-11 5.330957e-11 2.056747e-10 2.712892e-10 fanout244
 2.434727e-11 6.532794e-11 1.814456e-10 2.711208e-10 fanout520
 2.516324e-11 6.424090e-11 1.814456e-10 2.708497e-10 fanout527
 2.036593e-11 6.823146e-11 1.814470e-10 2.700444e-10 fanout395
 2.437648e-11 6.310576e-11 1.814456e-10 2.689279e-10 fanout519
 2.013241e-11 6.713257e-11 1.814466e-10 2.687116e-10 fanout321
 2.047032e-11 6.593206e-11 1.814472e-10 2.678496e-10 fanout264
 2.507276e-11 6.102650e-11 1.814456e-10 2.675449e-10 fanout548
 1.975655e-11 6.598397e-11 1.814470e-10 2.671875e-10 fanout393
 1.556557e-11 4.582029e-11 2.056748e-10 2.670607e-10 fanout334
 1.292747e-11 4.837188e-11 2.056749e-10 2.669742e-10 fanout298
 1.381749e-11 4.653483e-11 2.056747e-10 2.660270e-10 fanout236
 1.931323e-11 4.055012e-11 2.056733e-10 2.655366e-10 fanout356
 2.417988e-11 5.956403e-11 1.814456e-10 2.651895e-10 fanout516
 2.525920e-11 5.754579e-11 1.814456e-10 2.642506e-10 fanout523
 2.369058e-11 5.839897e-11 1.814456e-10 2.635352e-10 fanout532
 1.492396e-11 4.250028e-11 2.056749e-10 2.630991e-10 fanout292
 1.407835e-11 4.185565e-11 2.056747e-10 2.616087e-10 fanout237
 1.441726e-11 3.906008e-11 2.056749e-10 2.591522e-10 fanout314
 2.037142e-11 5.655984e-11 1.814470e-10 2.583782e-10 fanout397
 1.411164e-11 3.804155e-11 2.056742e-10 2.578274e-10 fanout164
 1.467904e-11 6.030173e-11 1.814451e-10 2.564258e-10 fanout302
 1.664655e-11 3.326520e-11 2.056743e-10 2.555861e-10 fanout368
 1.398985e-11 5.970134e-11 1.814451e-10 2.551363e-10 fanout282
 1.467013e-11 3.453898e-11 2.056749e-10 2.548840e-10 fanout312
 1.400391e-11 5.926897e-11 1.814458e-10 2.547187e-10 fanout288
 1.409202e-11 3.363821e-11 2.056749e-10 2.534051e-10 fanout294
 1.504023e-11 5.596741e-11 1.814452e-10 2.524529e-10 fanout261
 1.405843e-11 5.372259e-11 1.814454e-10 2.492264e-10 fanout231
 1.441298e-11 5.270683e-11 1.814459e-10 2.485657e-10 fanout279
 1.438219e-11 5.117336e-11 1.814452e-10 2.470007e-10 fanout247
 7.896013e-12 3.176127e-11 2.056727e-10 2.453300e-10 fanout487
 1.405325e-11 4.840109e-11 1.814452e-10 2.438995e-10 fanout250
 1.412950e-11 4.812894e-11 1.814451e-10 2.437035e-10 fanout129
 8.347341e-12 2.950963e-11 2.056727e-10 2.435297e-10 fanout491
 1.444674e-11 4.666061e-11 1.814451e-10 2.425524e-10 fanout300
 1.493140e-11 4.525890e-11 1.814451e-10 2.416354e-10 fanout317
 1.342530e-11 4.628340e-11 1.814451e-10 2.411538e-10 fanout307
 7.949243e-12 2.749759e-11 2.056727e-10 2.411195e-10 fanout488
 8.508288e-12 2.600210e-11 2.056727e-10 2.401831e-10 fanout489
 8.284153e-12 2.615193e-11 2.056727e-10 2.401088e-10 fanout490
 1.431904e-11 4.307269e-11 1.814451e-10 2.388368e-10 fanout301
 1.526189e-11 4.060542e-11 1.814451e-10 2.373124e-10 fanout315
 8.531738e-12 2.168478e-11 2.056734e-10 2.358899e-10 fanout473
 8.556649e-12 2.061762e-11 2.056729e-10 2.348472e-10 fanout363
 8.273117e-12 1.973166e-11 2.056734e-10 2.336782e-10 fanout484
 7.535409e-12 2.000019e-11 2.056732e-10 2.332088e-10 fanout435
 1.354948e-11 3.789602e-11 1.814451e-10 2.328905e-10 fanout304
 1.324706e-11 3.273626e-11 1.814451e-10 2.274284e-10 fanout303
 1.486907e-11 2.943714e-11 1.814452e-10 2.257514e-10 fanout361
 8.022559e-12 3.360564e-11 1.814472e-10 2.230754e-10 fanout402
 8.338570e-12 3.013441e-11 1.814472e-10 2.199202e-10 fanout401
 3.402979e-11 4.325353e-12 1.814472e-10 2.198024e-10 output14
 2.085958e-11 6.823733e-11 1.305749e-10 2.196718e-10 fanout228
 2.858630e-11 7.631633e-12 1.814461e-10 2.176640e-10 output12
 7.391284e-12 2.847228e-11 1.814472e-10 2.173108e-10 fanout407
 2.823230e-12 8.079212e-12 2.056749e-10 2.165773e-10 fanout115
 8.094547e-12 2.668595e-11 1.814472e-10 2.162277e-10 fanout405
 2.829399e-12 7.665779e-12 2.056749e-10 2.161701e-10 fanout114
 2.984024e-11 4.740936e-12 1.814463e-10 2.160275e-10 output16
 2.635775e-12 7.574545e-12 2.056749e-10 2.158852e-10 fanout107
 2.641329e-12 6.975047e-12 2.056749e-10 2.152913e-10 fanout100
 1.101327e-18 3.504061e-18 2.056738e-10 2.056738e-10 fanout579
 1.304925e-18 3.873413e-18 2.056738e-10 2.056738e-10 fanout580
 1.136061e-18 3.122669e-18 2.056738e-10 2.056738e-10 fanout581
 1.124269e-18 3.495190e-18 2.056738e-10 2.056738e-10 fanout587
 2.123452e-11 2.348085e-12 1.814475e-10 2.050301e-10 output13
 1.353275e-11 2.565244e-12 1.814451e-10 1.975431e-10 output15
 2.946929e-12 1.174097e-11 1.814450e-10 1.961329e-10 fanout154
 2.541620e-12 1.071372e-11 1.814450e-10 1.947003e-10 fanout444
 2.500496e-12 1.029919e-11 1.814450e-10 1.942447e-10 fanout442
 2.429768e-12 8.797912e-12 1.814450e-10 1.926727e-10 fanout440
 2.645052e-12 8.369492e-12 1.814450e-10 1.924595e-10 fanout446
 3.107723e-12 7.789676e-12 1.814450e-10 1.923424e-10 fanout447
 3.051276e-12 7.208122e-12 1.814450e-10 1.917044e-10 fanout436
 2.833331e-12 7.381650e-12 1.814450e-10 1.916600e-10 fanout443
 2.737766e-12 7.242439e-12 1.814450e-10 1.914252e-10 fanout110
 4.293082e-12 1.261067e-13 1.814450e-10 1.858642e-10 output37
 4.036505e-12 9.176211e-14 1.814450e-10 1.855733e-10 output18
 3.908819e-12 1.269947e-13 1.814450e-10 1.854808e-10 output40
 3.527695e-12 4.660337e-13 1.814450e-10 1.854387e-10 output56
 2.968866e-12 8.933265e-13 1.814450e-10 1.853072e-10 output46
 2.970908e-12 7.940742e-13 1.814450e-10 1.852100e-10 output55
 2.896071e-12 7.901668e-13 1.814450e-10 1.851312e-10 output48
 3.286969e-12 3.743352e-13 1.814450e-10 1.851063e-10 output43
 2.771038e-12 8.372137e-13 1.814450e-10 1.850533e-10 output54
 3.240054e-12 2.992862e-13 1.814450e-10 1.849843e-10 output45
 3.416764e-12 1.128280e-13 1.814450e-10 1.849746e-10 output34
 3.421376e-12 1.051322e-13 1.814450e-10 1.849715e-10 output44
 2.789859e-12 7.343891e-13 1.814450e-10 1.849692e-10 output49
 3.083713e-12 4.349062e-13 1.814450e-10 1.849636e-10 output17
 3.307631e-12 2.028795e-13 1.814450e-10 1.849555e-10 output57
 2.744164e-12 7.604000e-13 1.814450e-10 1.849496e-10 output50
 3.221074e-12 2.704289e-13 1.814450e-10 1.849365e-10 output33
 3.444084e-12 4.423865e-14 1.814450e-10 1.849333e-10 output19
 3.274677e-12 2.127733e-13 1.814450e-10 1.849324e-10 output38
 3.385581e-12 6.972035e-14 1.814450e-10 1.849003e-10 output58
 2.798975e-12 6.497115e-13 1.814450e-10 1.848937e-10 output53
 3.091530e-12 3.511409e-13 1.814450e-10 1.848877e-10 output28
 3.227218e-12 1.334568e-13 1.814450e-10 1.848057e-10 output39
 3.168773e-12 1.879072e-13 1.814450e-10 1.848017e-10 output60
 3.138810e-12 1.836905e-13 1.814450e-10 1.847675e-10 output35
 2.942080e-12 3.731143e-13 1.814450e-10 1.847602e-10 output52
 2.669685e-12 6.451685e-13 1.814450e-10 1.847598e-10 output51
 3.126299e-12 1.832885e-13 1.814450e-10 1.847546e-10 output61
 3.230603e-12 5.401867e-14 1.814450e-10 1.847296e-10 output21
 2.979910e-12 3.028693e-13 1.814450e-10 1.847278e-10 output47
 2.884249e-12 3.983733e-13 1.814450e-10 1.847276e-10 output41
 3.101910e-12 1.644217e-13 1.814450e-10 1.847113e-10 output20
 3.141740e-12 1.107549e-13 1.814450e-10 1.846975e-10 output63
 3.021394e-12 2.154713e-13 1.814450e-10 1.846819e-10 output42
 3.155635e-12 5.879840e-14 1.814450e-10 1.846594e-10 output36
 3.043946e-12 1.291852e-13 1.814450e-10 1.846181e-10 output64
 2.970246e-12 1.609180e-13 1.814450e-10 1.845762e-10 output59
 3.052204e-12 4.451313e-14 1.814450e-10 1.845417e-10 output32
 2.979229e-12 6.981779e-14 1.814450e-10 1.844940e-10 output62
 2.937049e-12 1.049444e-13 1.814450e-10 1.844870e-10 output22
 2.880515e-12 1.416222e-13 1.814450e-10 1.844671e-10 output29
 2.707495e-12 2.711088e-13 1.814450e-10 1.844236e-10 output26
 2.730365e-12 2.252621e-13 1.814450e-10 1.844006e-10 output30
 2.792460e-12 1.463953e-13 1.814450e-10 1.843839e-10 output24
 2.723969e-12 1.939316e-13 1.814450e-10 1.843629e-10 output25
 2.744812e-12 1.647202e-13 1.814450e-10 1.843545e-10 output27
 2.714715e-12 1.830757e-13 1.814450e-10 1.843428e-10 output31
 2.715403e-12 1.683090e-13 1.814450e-10 1.843287e-10 output23
 1.053344e-11 4.582158e-11 1.270300e-10 1.833851e-10 _06648_
 4.651050e-12 7.502763e-11 1.029899e-10 1.826686e-10 _12263_
 1.136849e-18 4.636401e-18 1.814462e-10 1.814462e-10 fanout624
 1.501483e-11 3.401074e-11 1.276902e-10 1.767158e-10 fanout340
 1.384953e-11 3.071561e-11 1.305749e-10 1.751401e-10 fanout530
 1.385459e-11 3.034629e-11 1.305749e-10 1.747758e-10 fanout528
 6.801229e-12 6.393923e-11 1.029899e-10 1.737303e-10 _06548_
 7.703349e-12 6.201960e-11 1.029898e-10 1.727128e-10 _06555_
 9.622462e-12 3.294261e-11 1.276900e-10 1.702551e-10 fanout127
 9.636375e-12 3.141909e-11 1.276900e-10 1.687455e-10 fanout125
 6.636161e-12 6.074831e-11 1.013550e-10 1.687395e-10 _06593_
 8.947972e-12 3.086392e-11 1.276900e-10 1.675019e-10 fanout122
 8.569706e-12 3.094498e-11 1.276900e-10 1.672047e-10 fanout120
 8.386496e-12 2.394009e-11 1.305750e-10 1.629016e-10 fanout309
 8.419737e-12 2.671684e-11 1.276900e-10 1.628266e-10 fanout116
 7.639596e-12 2.538143e-11 1.276900e-10 1.607111e-10 fanout296
 8.687481e-12 2.289964e-11 1.276900e-10 1.592771e-10 fanout118
 8.324764e-12 2.312347e-11 1.276900e-10 1.591383e-10 fanout147
 5.807365e-12 4.801246e-11 1.029899e-10 1.568097e-10 _06583_
 8.094142e-12 2.064838e-11 1.276900e-10 1.564325e-10 fanout77
 8.961031e-12 4.424943e-11 1.029899e-10 1.562003e-10 _06553_
 7.649543e-12 1.759637e-11 1.305750e-10 1.558209e-10 fanout88
 1.378168e-11 6.555204e-11 7.568002e-11 1.550137e-10 _10731_
 5.919299e-12 4.238912e-11 1.029899e-10 1.512983e-10 _06546_
 1.234166e-11 3.668228e-11 1.013550e-10 1.503790e-10 _06711_
 6.240213e-12 4.227173e-11 1.013550e-10 1.498670e-10 _06785_
 4.496456e-12 1.765014e-11 1.276902e-10 1.498368e-10 fanout478
 3.709939e-12 1.406639e-11 1.294848e-10 1.472611e-10 _06606_
 5.382621e-12 1.205900e-11 1.276902e-10 1.451318e-10 fanout465
 5.386565e-12 1.187647e-11 1.276902e-10 1.449532e-10 fanout454
 8.247800e-12 3.498618e-11 1.013550e-10 1.445890e-10 _07757_
 5.394192e-12 1.148625e-11 1.276902e-10 1.445706e-10 fanout451
 4.438923e-12 1.243570e-11 1.276903e-10 1.445649e-10 fanout495
 4.772386e-12 1.134073e-11 1.276902e-10 1.438033e-10 fanout470
 4.296807e-12 1.044971e-11 1.276902e-10 1.424367e-10 fanout472
 4.634626e-12 3.630803e-11 1.013550e-10 1.422977e-10 _06607_
 4.656441e-12 3.623958e-11 1.013550e-10 1.422510e-10 _06544_
 4.370570e-12 9.969294e-12 1.276902e-10 1.420301e-10 fanout462
 5.347380e-12 3.336786e-11 1.013550e-10 1.400703e-10 _06658_
 7.318641e-12 2.953294e-11 1.029899e-10 1.398414e-10 _07381_
 5.387513e-12 3.308986e-11 1.013550e-10 1.398324e-10 _06632_
 3.572869e-12 3.308725e-11 1.029898e-10 1.396500e-10 _06534_
 4.768017e-12 3.314519e-11 1.013550e-10 1.392682e-10 _06609_
 5.077324e-12 3.130691e-11 1.013550e-10 1.377393e-10 _06630_
 5.141224e-12 3.032927e-11 1.013550e-10 1.368255e-10 _06680_
 6.605357e-12 2.368367e-11 1.020200e-10 1.323090e-10 fanout123
 3.789503e-12 2.446028e-11 1.029899e-10 1.312397e-10 _06570_
 6.340944e-19 1.742529e-18 1.305749e-10 1.305749e-10 fanout606
 6.036800e-19 1.706192e-18 1.305749e-10 1.305749e-10 fanout621
 6.315096e-19 1.954505e-18 1.305749e-10 1.305749e-10 fanout623
 6.042200e-19 1.529876e-18 1.305749e-10 1.305749e-10 fanout626
 6.266299e-19 2.286511e-18 1.305749e-10 1.305749e-10 fanout640
 6.208567e-19 1.705355e-18 1.276902e-10 1.276902e-10 fanout592
 6.853395e-19 2.563852e-18 1.276902e-10 1.276902e-10 fanout593
 6.823737e-19 2.913157e-18 1.276902e-10 1.276902e-10 fanout595
 6.816430e-19 1.812330e-18 1.276902e-10 1.276902e-10 fanout597
 6.752795e-19 2.190679e-18 1.276902e-10 1.276902e-10 fanout598
 6.978563e-19 2.538150e-18 1.276902e-10 1.276902e-10 fanout600
 7.001094e-19 2.277535e-18 1.276902e-10 1.276902e-10 fanout601
 7.321825e-12 1.646173e-11 1.020200e-10 1.258036e-10 fanout126
 4.163426e-12 1.927254e-11 1.013550e-10 1.247910e-10 _06641_
 2.637973e-12 2.006302e-11 1.013550e-10 1.240560e-10 _06581_
 6.308976e-12 1.421595e-11 1.020200e-10 1.225449e-10 fanout119
 2.693289e-12 1.743766e-11 1.013550e-10 1.214860e-10 _06569_
 1.725602e-11 2.741003e-11 7.568001e-11 1.203461e-10 _06511_
 1.557318e-12 1.276319e-11 1.029899e-10 1.173104e-10 _06565_
 8.982075e-12 3.235483e-11 7.568001e-11 1.170169e-10 _10680_
 1.556231e-12 1.229943e-11 1.029899e-10 1.168455e-10 _06617_
 2.005517e-12 1.069864e-11 1.029899e-10 1.156941e-10 _06636_
 1.597319e-12 1.019776e-11 1.029899e-10 1.147850e-10 _06679_
 1.586562e-12 9.987165e-12 1.029899e-10 1.145636e-10 _06564_
 6.933005e-12 5.602319e-12 1.020201e-10 1.145554e-10 wire113
 1.857035e-12 9.268733e-12 1.029899e-10 1.141157e-10 _06585_
 2.209129e-12 8.838335e-12 1.029899e-10 1.140373e-10 _06634_
 1.613281e-12 9.430407e-12 1.029899e-10 1.140336e-10 _06602_
 1.943453e-12 9.065955e-12 1.029899e-10 1.139993e-10 _06674_
 2.206501e-12 8.240309e-12 1.029899e-10 1.134367e-10 _06561_
 5.938295e-12 3.055069e-11 7.649494e-11 1.129839e-10 _06692_
 4.450081e-12 6.255894e-12 1.020201e-10 1.127261e-10 wire112
 1.094273e-12 5.926373e-12 1.013550e-10 1.083756e-10 _06744_
 4.073697e-12 2.726544e-11 7.649498e-11 1.078341e-10 _11618_
 1.050774e-12 2.052270e-12 1.040800e-10 1.071830e-10 _13593_
 1.225925e-12 1.809424e-12 1.040800e-10 1.071153e-10 _13587_
 1.226039e-12 1.801764e-12 1.040800e-10 1.071078e-10 _13586_
 8.069402e-13 4.856994e-12 1.013550e-10 1.070189e-10 _06729_
 1.231135e-12 1.464600e-12 1.040800e-10 1.067757e-10 _13591_
 5.424407e-13 4.877649e-12 1.013550e-10 1.067751e-10 _06739_
 1.231375e-12 1.458786e-12 1.040800e-10 1.067702e-10 _13588_
 1.232337e-12 1.422703e-12 1.040800e-10 1.067350e-10 _13592_
 1.236231e-12 1.289539e-12 1.040800e-10 1.066058e-10 _13589_
 5.935468e-13 4.555551e-12 1.013550e-10 1.065041e-10 _06749_
 9.954196e-13 1.406341e-12 1.040800e-10 1.064818e-10 _13583_
 5.073021e-12 2.565602e-11 7.568001e-11 1.064090e-10 _06547_
 1.247011e-12 9.144122e-13 1.040800e-10 1.062414e-10 _13590_
 9.792240e-13 3.902966e-12 1.013550e-10 1.062372e-10 _06527_
 8.005490e-13 4.017968e-12 1.013550e-10 1.061735e-10 _06689_
 9.826826e-13 1.059905e-12 1.040800e-10 1.061226e-10 _13579_
 6.695422e-13 4.057326e-12 1.013550e-10 1.060819e-10 _06697_
 7.226917e-13 3.904614e-12 1.013550e-10 1.059823e-10 _06702_
 1.004879e-12 8.770957e-13 1.040800e-10 1.059620e-10 _13582_
 1.005032e-12 8.685250e-13 1.040800e-10 1.059536e-10 _13584_
 1.024395e-12 3.562475e-12 1.013550e-10 1.059419e-10 _10267_
 1.005982e-12 8.152462e-13 1.040800e-10 1.059012e-10 _13580_
 1.006044e-12 8.119526e-13 1.040800e-10 1.058980e-10 _13581_
 1.006832e-12 7.680030e-13 1.040800e-10 1.058548e-10 _13585_
 1.007009e-12 7.584130e-13 1.040800e-10 1.058454e-10 _13578_
 5.329781e-13 3.884625e-12 1.013550e-10 1.057726e-10 _06753_
 3.820376e-12 2.609095e-11 7.568002e-11 1.055913e-10 _06714_
 7.423740e-13 3.395914e-12 1.013550e-10 1.054933e-10 _06575_
 8.956996e-13 3.059724e-12 1.013550e-10 1.053104e-10 _06542_
 7.264244e-13 3.203601e-12 1.013550e-10 1.052850e-10 _06684_
 7.463527e-13 3.058957e-12 1.013550e-10 1.051603e-10 _06538_
 6.684150e-12 2.121249e-11 7.649494e-11 1.043916e-10 _10537_
 6.312307e-19 2.145504e-18 1.040800e-10 1.040800e-10 input10
 1.262225e-18 3.375197e-18 1.040800e-10 1.040800e-10 input4
 6.311971e-19 2.627701e-18 1.040800e-10 1.040800e-10 input6
 6.316429e-19 8.538925e-19 1.040799e-10 1.040799e-10 input1
 1.262806e-18 1.977478e-18 1.040799e-10 1.040799e-10 input5
 4.422547e-12 2.208739e-11 7.649494e-11 1.030049e-10 _06622_
 3.851234e-12 2.333368e-11 7.568001e-11 1.028649e-10 _06696_
 4.487225e-12 2.222439e-11 7.568000e-11 1.023916e-10 _10070_
 3.364548e-12 2.250976e-11 7.649494e-11 1.023692e-10 _06550_
 4.577587e-12 2.188618e-11 7.568001e-11 1.021438e-10 _06659_
 3.155941e-19 1.315321e-18 1.020202e-10 1.020202e-10 input7
 9.469267e-19 1.514445e-18 1.020202e-10 1.020202e-10 input3
 9.467924e-19 1.567521e-18 1.020202e-10 1.020202e-10 input2
 5.071532e-19 1.001005e-18 1.020201e-10 1.020201e-10 fanout594
 3.221669e-12 2.065077e-11 7.649494e-11 1.003674e-10 _06669_
 3.949463e-12 2.053490e-11 7.568002e-11 1.001644e-10 _06713_
 3.271770e-12 2.032640e-11 7.649494e-11 1.000931e-10 _06599_
 5.080768e-12 1.740116e-11 7.568002e-11 9.816195e-11 _06646_
 2.725400e-12 1.962831e-11 7.568001e-11 9.803372e-11 _06694_
 3.275596e-12 1.808605e-11 7.649498e-11 9.785663e-11 _11544_
 3.334544e-12 1.796521e-11 7.649494e-11 9.779469e-11 _06724_
 8.214732e-12 1.298527e-11 7.649498e-11 9.769498e-11 _11180_
 4.580208e-12 1.725632e-11 7.568000e-11 9.751653e-11 _10531_
 4.486297e-12 1.603753e-11 7.649500e-11 9.701882e-11 _11588_
 8.922689e-12 1.153164e-11 7.649498e-11 9.694932e-11 _11512_
 3.866578e-12 1.621899e-11 7.649498e-11 9.658055e-11 _11751_
 2.652083e-12 1.774694e-11 7.568002e-11 9.607904e-11 _06537_
 4.226672e-12 1.595385e-11 7.568002e-11 9.586055e-11 _06656_
 5.166834e-12 1.475876e-11 7.568002e-11 9.560562e-11 _06584_
 3.384465e-12 1.530422e-11 7.649494e-11 9.518362e-11 _06551_
 4.003369e-12 1.546387e-11 7.568000e-11 9.514724e-11 _06710_
 3.333808e-12 1.522627e-11 7.649492e-11 9.505500e-11 _06709_
 3.353278e-12 1.515417e-11 7.649492e-11 9.500237e-11 _06560_
 2.644672e-12 1.636183e-11 7.568000e-11 9.468651e-11 _06574_
 4.776532e-12 1.407513e-11 7.568000e-11 9.453167e-11 _06651_
 2.123887e-12 1.524598e-11 7.649494e-11 9.386480e-11 _06683_
 4.257094e-12 1.386538e-11 7.568000e-11 9.380247e-11 _06681_
 4.934760e-12 1.300782e-11 7.568007e-11 9.362264e-11 _09974_
 2.697952e-12 1.520733e-11 7.568002e-11 9.358531e-11 _06608_
 3.052191e-12 1.402382e-11 7.649494e-11 9.357094e-11 _06558_
 3.484707e-12 1.424607e-11 7.568000e-11 9.341078e-11 _06652_
 2.800738e-12 1.490563e-11 7.568000e-11 9.338638e-11 _06598_
 2.725822e-12 1.474477e-11 7.568000e-11 9.315060e-11 _06556_
 2.729851e-12 1.467849e-11 7.568002e-11 9.308836e-11 _06643_
 9.217844e-12 7.325311e-12 7.649498e-11 9.303814e-11 _08082_
 3.942201e-12 1.331376e-11 7.568000e-11 9.293596e-11 _06649_
 3.655388e-12 1.353824e-11 7.568007e-11 9.287369e-11 _07225_
 3.910519e-12 1.307692e-11 7.568002e-11 9.266746e-11 _06545_
 3.131982e-12 1.276551e-11 7.649500e-11 9.239249e-11 _09498_
 3.286685e-12 1.183372e-11 7.649494e-11 9.161534e-11 _06594_
 3.282732e-12 1.155808e-11 7.649494e-11 9.133574e-11 _06705_
 4.998016e-12 1.038390e-11 7.568000e-11 9.106191e-11 _06784_
 2.220325e-12 1.313284e-11 7.568007e-11 9.103324e-11 _07976_
 2.126530e-12 1.210632e-11 7.649492e-11 9.072777e-11 _06673_
 3.627037e-12 1.125696e-11 7.568007e-11 9.056407e-11 _07534_
 3.308285e-12 1.060973e-11 7.649493e-11 9.041294e-11 _06557_
 3.117750e-12 1.157968e-11 7.568002e-11 9.037746e-11 _07149_
 3.077608e-12 1.153582e-11 7.568000e-11 9.029343e-11 _09319_
 3.311516e-12 1.024791e-11 7.649499e-11 9.005442e-11 _10546_
 2.898451e-12 1.140687e-11 7.568001e-11 8.998533e-11 _06535_
 2.153039e-12 1.211138e-11 7.568000e-11 8.994441e-11 _06787_
 3.406103e-12 9.996423e-12 7.649494e-11 8.989746e-11 _06610_
 3.950109e-12 1.013154e-11 7.568002e-11 8.976167e-11 _06718_
 4.561428e-12 8.660701e-12 7.649500e-11 8.971713e-11 _08726_
 3.109755e-12 1.007495e-11 7.649499e-11 8.967970e-11 _08854_
 2.057801e-12 1.080544e-11 7.649493e-11 8.935817e-11 _06691_
 2.625263e-12 1.023678e-11 7.649494e-11 8.935697e-11 _06633_
 2.057972e-12 1.070467e-11 7.649494e-11 8.925758e-11 _06647_
 2.704936e-12 1.086165e-11 7.568002e-11 8.924662e-11 _06568_
 2.163414e-12 1.050506e-11 7.649494e-11 8.916341e-11 _06595_
 2.067791e-12 1.046294e-11 7.649493e-11 8.902566e-11 _06671_
 8.203709e-12 5.009158e-12 7.568006e-11 8.889293e-11 _12180_
 4.730708e-12 8.456125e-12 7.568000e-11 8.886684e-11 _09156_
 7.705052e-12 5.220000e-12 7.568007e-11 8.860512e-11 _08080_
 5.015283e-12 6.953785e-12 7.649498e-11 8.846406e-11 _11563_
 5.020363e-12 6.852195e-12 7.649493e-11 8.836749e-11 _06722_
 2.105789e-12 9.641342e-12 7.649491e-11 8.824205e-11 _06708_
 3.552037e-12 8.975362e-12 7.568000e-11 8.820740e-11 _06654_
 2.713542e-12 9.683220e-12 7.568001e-11 8.807678e-11 _06720_
 2.376264e-12 9.881008e-12 7.568002e-11 8.793730e-11 _06666_
 2.149187e-12 8.773012e-12 7.649500e-11 8.741721e-11 _10364_
 2.708795e-12 9.012355e-12 7.568002e-11 8.740118e-11 _06695_
 5.713755e-12 5.050826e-12 7.649500e-11 8.725957e-11 _11222_
 6.711352e-12 3.946372e-12 7.649498e-11 8.715271e-11 _12227_
 2.158417e-12 8.457344e-12 7.649493e-11 8.711069e-11 _06672_
 3.795710e-12 7.542116e-12 7.568006e-11 8.701789e-11 _09204_
 3.660000e-12 7.632491e-12 7.568000e-11 8.697250e-11 _11386_
 4.328750e-12 6.958871e-12 7.568002e-11 8.696764e-11 _06514_
 6.581688e-12 3.843554e-12 7.649498e-11 8.692022e-11 _12632_
 3.670669e-12 7.535491e-12 7.568007e-11 8.688623e-11 _10728_
 1.785450e-12 9.414968e-12 7.568002e-11 8.688044e-11 _06723_
 3.997117e-12 7.190978e-12 7.568007e-11 8.686816e-11 _10119_
 3.349854e-12 6.935837e-12 7.649494e-11 8.678062e-11 _06518_
 1.748015e-12 8.390648e-12 7.649498e-11 8.663364e-11 _07984_
 2.143972e-12 7.605840e-12 7.649494e-11 8.624475e-11 _06668_
 4.054978e-12 6.349381e-12 7.568000e-11 8.608436e-11 _06526_
 2.460635e-12 7.856626e-12 7.568000e-11 8.599726e-11 _06704_
 1.473799e-12 8.768423e-12 7.568002e-11 8.592225e-11 _06621_
 3.411126e-12 5.937212e-12 7.649492e-11 8.584326e-11 _06571_
 2.517401e-12 6.632668e-12 7.649500e-11 8.564507e-11 _11647_
 2.960999e-12 6.743792e-12 7.568002e-11 8.538482e-11 _06597_
 3.936740e-12 4.834713e-12 7.649494e-11 8.526639e-11 _06781_
 1.239062e-12 7.424029e-12 7.649495e-11 8.515804e-11 _06614_
 3.451356e-12 5.173017e-12 7.649494e-11 8.511931e-11 _06513_
 3.476137e-12 5.093436e-12 7.649494e-11 8.506451e-11 _06512_
 1.494375e-12 7.872347e-12 7.568000e-11 8.504672e-11 _06645_
 2.115564e-12 6.394151e-12 7.649492e-11 8.500464e-11 _06619_
 3.635053e-12 4.870527e-12 7.649494e-11 8.500051e-11 _06516_
 4.157777e-12 5.129965e-12 7.568007e-11 8.496781e-11 _10255_
 3.431259e-12 4.974512e-12 7.649494e-11 8.490070e-11 _06525_
 3.753412e-12 5.449008e-12 7.568002e-11 8.488244e-11 _06782_
 1.306936e-12 7.066830e-12 7.649495e-11 8.486872e-11 _06562_
 4.284923e-12 4.814490e-12 7.568007e-11 8.477948e-11 _09961_
 1.851133e-12 7.225629e-12 7.568001e-11 8.475677e-11 _08893_
 3.975579e-12 5.049996e-12 7.568000e-11 8.470558e-11 _12068_
 3.444472e-12 4.645987e-12 7.649498e-11 8.458544e-11 _12280_
 1.430827e-12 6.333645e-12 7.649495e-11 8.425942e-11 _06664_
 2.832966e-12 5.649955e-12 7.568000e-11 8.416293e-11 _06521_
 1.558162e-12 5.821553e-12 7.649499e-11 8.387471e-11 _09029_
 4.078644e-12 4.100199e-12 7.568006e-11 8.385891e-11 _07319_
 1.463212e-12 5.864887e-12 7.649495e-11 8.382305e-11 _06611_
 2.661929e-12 4.609032e-12 7.649500e-11 8.376596e-11 _11867_
 1.345068e-12 5.907279e-12 7.649494e-11 8.374729e-11 _06601_
 1.095650e-12 5.674407e-12 7.649494e-11 8.326500e-11 _06600_
 2.854660e-12 4.729739e-12 7.568000e-11 8.326440e-11 _06515_
 8.910383e-13 5.834563e-12 7.649494e-11 8.322054e-11 _06604_
 1.560526e-12 5.109158e-12 7.649495e-11 8.316463e-11 _06638_
 9.043908e-13 5.714129e-12 7.649495e-11 8.311347e-11 _06616_
 2.889288e-12 4.366404e-12 7.568001e-11 8.293570e-11 _06520_
 3.726731e-12 2.435062e-12 7.649499e-11 8.265678e-11 _12819_
 2.282631e-12 3.863128e-12 7.649494e-11 8.264069e-11 _06573_
 1.568019e-12 5.373831e-12 7.568000e-11 8.262185e-11 _06559_
 2.590788e-12 4.302799e-12 7.568000e-11 8.257359e-11 _08212_
 1.700271e-12 4.330408e-12 7.649495e-11 8.252563e-11 _06612_
 1.764786e-12 4.211006e-12 7.649500e-11 8.247079e-11 _11841_
 2.871085e-12 3.915462e-12 7.568002e-11 8.246658e-11 _06524_
 2.897098e-12 3.870367e-12 7.568000e-11 8.244747e-11 _06522_
 3.100621e-12 3.638811e-12 7.568001e-11 8.241945e-11 _06517_
 2.666520e-12 3.178171e-12 7.649498e-11 8.233967e-11 _07413_
 2.885283e-12 3.696729e-12 7.568002e-11 8.226204e-11 _06523_
 9.302306e-13 4.813378e-12 7.649495e-11 8.223856e-11 _06662_
 9.032356e-13 4.831151e-12 7.649495e-11 8.222933e-11 _06587_
 2.862899e-12 3.562724e-12 7.568000e-11 8.210563e-11 _06707_
 8.885751e-13 4.657332e-12 7.649495e-11 8.204086e-11 _06678_
 1.997265e-12 4.282522e-12 7.568002e-11 8.195981e-11 _06657_
 8.948311e-13 4.567121e-12 7.649495e-11 8.195690e-11 _06676_
 2.225188e-12 3.225386e-12 7.649500e-11 8.194558e-11 _10079_
 1.169897e-12 4.240632e-12 7.649495e-11 8.190548e-11 _07724_
 2.132627e-12 2.862505e-12 7.649498e-11 8.149011e-11 _10541_
 2.348713e-12 2.539526e-12 7.649499e-11 8.138323e-11 _09051_
 8.995256e-13 3.812106e-12 7.649495e-11 8.120658e-11 _06588_
 1.197728e-12 3.416080e-12 7.649495e-11 8.110876e-11 _06592_
 9.311149e-13 3.606443e-12 7.649495e-11 8.103251e-11 _06589_
 9.697547e-13 3.533436e-12 7.649495e-11 8.099814e-11 _06663_
 5.587155e-13 4.739964e-12 7.568000e-11 8.097868e-11 _06743_
 3.825671e-13 4.785230e-12 7.568000e-11 8.084779e-11 _06778_
 3.249102e-13 3.704482e-12 7.649500e-11 8.052440e-11 _08254_
 1.398579e-12 2.597792e-12 7.649493e-11 8.049130e-11 _06780_
 2.332772e-12 2.423129e-12 7.568000e-11 8.043589e-11 _07165_
 9.833586e-13 2.915960e-12 7.649495e-11 8.039427e-11 _06779_
 1.250229e-12 2.537558e-12 7.649495e-11 8.028274e-11 _06582_
 9.193102e-13 2.359059e-12 7.649495e-11 7.977332e-11 _06677_
 9.082428e-13 2.366791e-12 7.649495e-11 7.976998e-11 _06615_
 4.543746e-13 2.642952e-12 7.649500e-11 7.959233e-11 _08302_
 3.112478e-13 3.529818e-12 7.568000e-11 7.952106e-11 _06745_
 1.536057e-12 1.468710e-12 7.649495e-11 7.949972e-11 _07576_
 3.876966e-13 2.602473e-12 7.649500e-11 7.948518e-11 _08413_
 1.379501e-12 1.417888e-12 7.649495e-11 7.929234e-11 _06631_
 3.975732e-13 2.808960e-12 7.568000e-11 7.888653e-11 _06740_
 3.995133e-13 1.986892e-12 7.649500e-11 7.888141e-11 _08665_
 9.608642e-13 1.358245e-12 7.649494e-11 7.881405e-11 _06519_
 1.623221e-12 1.510774e-12 7.568005e-11 7.881404e-11 _09153_
 3.819848e-13 2.697855e-12 7.568000e-11 7.875984e-11 _06748_
 1.311521e-12 1.766993e-12 7.568005e-11 7.875857e-11 _07335_
 1.657910e-12 1.404972e-12 7.568005e-11 7.874294e-11 _07317_
 3.075848e-13 2.749559e-12 7.568000e-11 7.873714e-11 _06776_
 2.923360e-13 2.697567e-12 7.568000e-11 7.866990e-11 _06750_
 2.934982e-13 2.547263e-12 7.568000e-11 7.852076e-11 _06737_
 4.016188e-13 1.593401e-12 7.649500e-11 7.849003e-11 _08233_
 4.945336e-13 1.461175e-12 7.649500e-11 7.845071e-11 _08289_
 1.878175e-12 8.084071e-13 7.568006e-11 7.836664e-11 _08844_
 3.070820e-13 2.376395e-12 7.568000e-11 7.836348e-11 _06730_
 3.462908e-13 2.334372e-12 7.568000e-11 7.836066e-11 _06773_
 2.897185e-13 2.389106e-12 7.568000e-11 7.835882e-11 _06530_
 4.284605e-13 1.405802e-12 7.649500e-11 7.832927e-11 _07500_
 4.864593e-13 2.105910e-12 7.568000e-11 7.827237e-11 _06742_
 3.519436e-13 2.216917e-12 7.568000e-11 7.824886e-11 _06733_
 4.773830e-13 1.219154e-12 7.649500e-11 7.819154e-11 _08383_
 4.889145e-13 2.015604e-12 7.568000e-11 7.818451e-11 _06777_
 4.960531e-13 1.962486e-12 7.568000e-11 7.813854e-11 _06687_
 3.164630e-13 1.303201e-12 7.649500e-11 7.811467e-11 _07218_
 3.429755e-13 1.225913e-12 7.649500e-11 7.806390e-11 _08163_
 3.704955e-13 1.998741e-12 7.568000e-11 7.804923e-11 _06765_
 3.753403e-13 1.158246e-12 7.649500e-11 7.802859e-11 _07595_
 3.559944e-13 1.978105e-12 7.568000e-11 7.801410e-11 _06774_
 3.016038e-13 2.027622e-12 7.568000e-11 7.800922e-11 _06757_
 7.349047e-13 7.652015e-13 7.649500e-11 7.799511e-11 _08089_
 3.140956e-13 1.980001e-12 7.568000e-11 7.797409e-11 _06531_
 2.983885e-13 1.969049e-12 7.568000e-11 7.794743e-11 _06686_
 2.964340e-13 1.950631e-12 7.568000e-11 7.792706e-11 _06579_
 3.159576e-13 1.114768e-12 7.649500e-11 7.792573e-11 _07894_
 5.036568e-13 1.734068e-12 7.568000e-11 7.791772e-11 _06627_
 2.993668e-13 1.937092e-12 7.568000e-11 7.791646e-11 _06755_
 3.183090e-13 1.881432e-12 7.568000e-11 7.787974e-11 _06529_
 3.352271e-13 1.802676e-12 7.568000e-11 7.781790e-11 _06775_
 4.532723e-13 1.641444e-12 7.568000e-11 7.777471e-11 _06576_
 5.470873e-13 7.275613e-13 7.649500e-11 7.776965e-11 _07183_
 4.698269e-13 7.946977e-13 7.649500e-11 7.775953e-11 _08032_
 4.239249e-13 8.339559e-13 7.649500e-11 7.775289e-11 _11011_
 2.974826e-13 1.769560e-12 7.568000e-11 7.774704e-11 _06540_
 3.479966e-13 1.694136e-12 7.568000e-11 7.772213e-11 _06767_
 2.953195e-13 1.746128e-12 7.568000e-11 7.772145e-11 _06734_
 3.142807e-13 1.725307e-12 7.568000e-11 7.771959e-11 _06758_
 5.352950e-13 1.494733e-12 7.568000e-11 7.771003e-11 _06761_
 2.953331e-13 1.693051e-12 7.568000e-11 7.766838e-11 _06732_
 4.315111e-13 1.536993e-12 7.568000e-11 7.764850e-11 _06766_
 3.062385e-13 1.659084e-12 7.568000e-11 7.764532e-11 _06764_
 2.986669e-13 1.653673e-12 7.568000e-11 7.763234e-11 _06770_
 3.732730e-13 1.570370e-12 7.568000e-11 7.762364e-11 _06768_
 4.685976e-13 1.461732e-12 7.568000e-11 7.761033e-11 _06727_
 3.479925e-13 1.550576e-12 7.568000e-11 7.757857e-11 _06769_
 3.180140e-13 1.574593e-12 7.568000e-11 7.757260e-11 _06699_
 3.743369e-13 6.778549e-13 7.649500e-11 7.754720e-11 _10410_
 3.103696e-13 1.539546e-12 7.568000e-11 7.752991e-11 _06625_
 3.439511e-13 1.485473e-12 7.568000e-11 7.750942e-11 _07189_
 3.068400e-13 1.520498e-12 7.568000e-11 7.750733e-11 _06754_
 3.140499e-13 1.469911e-12 7.568000e-11 7.746396e-11 _06756_
 3.187056e-13 1.452949e-12 7.568000e-11 7.745165e-11 _06726_
 3.718170e-13 5.718110e-13 7.649500e-11 7.743863e-11 _09805_
 3.080650e-13 1.435526e-12 7.568000e-11 7.742359e-11 _07721_
 4.340383e-13 1.286619e-12 7.568000e-11 7.740066e-11 _08178_
 3.350015e-13 1.379325e-12 7.568000e-11 7.739433e-11 _06751_
 3.340516e-13 1.372630e-12 7.568000e-11 7.738668e-11 _06760_
 3.081068e-13 1.387680e-12 7.568000e-11 7.737579e-11 _07740_
 3.001059e-13 1.322901e-12 7.568000e-11 7.730300e-11 _06771_
 3.537648e-13 1.224512e-12 7.568000e-11 7.725828e-11 _08108_
 3.070409e-13 1.262390e-12 7.568000e-11 7.724943e-11 _06772_
 3.883184e-13 1.177198e-12 7.568000e-11 7.724552e-11 _06578_
 3.177991e-13 1.242196e-12 7.568000e-11 7.723999e-11 _06700_
 2.932186e-13 1.261755e-12 7.568000e-11 7.723497e-11 _07591_
 3.162046e-13 1.197171e-12 7.568000e-11 7.719337e-11 _06759_
 3.578784e-13 1.123843e-12 7.568000e-11 7.716172e-11 _06541_
 2.942098e-13 1.184468e-12 7.568000e-11 7.715868e-11 _07891_
 5.848937e-13 8.676665e-13 7.568000e-11 7.713256e-11 _11294_
 4.668844e-13 9.803025e-13 7.568000e-11 7.712719e-11 _06735_
 3.725001e-13 1.035007e-12 7.568000e-11 7.708750e-11 _06728_
 4.609809e-13 8.395503e-13 7.568000e-11 7.698053e-11 _07850_
 4.204885e-13 8.729128e-13 7.568000e-11 7.697340e-11 _07097_
 5.327363e-13 7.511436e-13 7.568000e-11 7.696388e-11 _06762_
 3.662649e-13 9.171382e-13 7.568000e-11 7.696340e-11 _06626_
 3.268748e-13 9.542006e-13 7.568000e-11 7.696107e-11 _06763_
 5.150334e-13 7.516558e-13 7.568000e-11 7.694669e-11 _08069_
 4.982439e-13 7.580163e-13 7.568000e-11 7.693626e-11 _07477_
 3.996074e-13 8.254814e-13 7.568000e-11 7.690509e-11 _06628_
 6.271734e-13 5.809353e-13 7.568000e-11 7.688811e-11 _08469_
 3.575585e-13 8.077021e-13 7.568000e-11 7.684526e-11 _07742_
 4.270119e-13 7.319987e-13 7.568000e-11 7.683901e-11 _08142_
 4.406948e-13 6.717809e-13 7.568000e-11 7.679248e-11 _07928_
 4.365163e-13 6.153862e-13 7.568000e-11 7.673190e-11 _07239_
 4.644117e-13 5.166011e-13 7.568000e-11 7.666101e-11 _07400_
 4.560646e-13 5.194914e-13 7.568000e-11 7.665555e-11 _07998_
 4.414600e-13 5.263223e-13 7.568000e-11 7.664778e-11 _07629_
 5.510308e-13 3.714415e-13 7.568000e-11 7.660247e-11 _07717_
 4.888794e-13 4.185449e-13 7.568000e-11 7.658742e-11 _07670_
 4.746710e-13 4.207707e-13 7.568000e-11 7.657544e-11 _07553_
 4.572021e-13 4.339058e-13 7.568000e-11 7.657110e-11 _07307_
 4.619443e-13 4.153617e-13 7.568000e-11 7.655730e-11 _07748_
 5.101664e-13 3.204302e-13 7.568000e-11 7.651060e-11 _07796_
 2.830652e-18 8.074517e-18 7.568001e-11 7.568002e-11 _06789_
