     Internal    Switching      Leakage        Total
        Power        Power        Power        Power (Watts)
----------------------------------------------------
 9.022146e-06 2.329191e-05 1.226842e-11 3.231407e-05 clkbuf_1_0__f_core_clk
 9.019946e-06 2.092541e-05 1.226842e-11 2.994537e-05 clkbuf_1_1__f_core_clk
 2.949320e-06 2.040286e-05 1.296557e-11 2.335220e-05 fanout1425
 3.376503e-06 1.929041e-05 1.117053e-11 2.266693e-05 clkbuf_0_v_clk
 3.396316e-06 1.246560e-05 1.117053e-11 1.586193e-05 clkbuf_4_13__f_v_clk
 3.394629e-06 1.243983e-05 1.117053e-11 1.583447e-05 clkbuf_4_14__f_v_clk
 3.395361e-06 1.168524e-05 1.117053e-11 1.508062e-05 clkbuf_4_2__f_v_clk
 3.393135e-06 1.162820e-05 1.117053e-11 1.502135e-05 clkbuf_4_15__f_v_clk
 3.391804e-06 1.135815e-05 1.117053e-11 1.474996e-05 clkbuf_4_7__f_v_clk
 4.431197e-06 1.024519e-05 7.180287e-12 1.467639e-05 clkbuf_leaf_17_core_clk
 3.387401e-06 1.103276e-05 1.117053e-11 1.442018e-05 clkbuf_4_8__f_v_clk
 8.429131e-06 5.889618e-06 1.226842e-11 1.431876e-05 clkbuf_0_core_clk
 4.415912e-06 9.671356e-06 7.180287e-12 1.408728e-05 clkbuf_leaf_12_core_clk
 2.942961e-06 1.102501e-05 1.108304e-11 1.396799e-05 clkbuf_0_w_clk
 4.411028e-06 9.480477e-06 7.180287e-12 1.389151e-05 clkbuf_leaf_19_core_clk
 4.403137e-06 9.180622e-06 7.180287e-12 1.358377e-05 clkbuf_leaf_18_core_clk
 3.391159e-06 1.005853e-05 1.117053e-11 1.344970e-05 clkbuf_4_3__f_v_clk
 4.395161e-06 8.889698e-06 7.180287e-12 1.328487e-05 clkbuf_leaf_14_core_clk
 4.395175e-06 8.887241e-06 7.180287e-12 1.328242e-05 clkbuf_leaf_9_core_clk
 4.279102e-06 8.901868e-06 8.295226e-12 1.318098e-05 u_icg
 3.389205e-06 9.767610e-06 1.117053e-11 1.315683e-05 clkbuf_4_12__f_v_clk
 4.388856e-06 8.647404e-06 7.180287e-12 1.303627e-05 clkbuf_leaf_13_core_clk
 3.386681e-06 9.601212e-06 1.117053e-11 1.298790e-05 clkbuf_4_11__f_v_clk
 2.975564e-06 9.976171e-06 1.108304e-11 1.295175e-05 clkbuf_4_2__f_w_clk
 3.387719e-06 9.547040e-06 1.117053e-11 1.293477e-05 clkbuf_4_1__f_v_clk
 2.928770e-06 9.946727e-06 8.822215e-12 1.287551e-05 u_icg_v
 3.388011e-06 9.331565e-06 1.117053e-11 1.271959e-05 clkbuf_4_0__f_v_clk
 2.975270e-06 9.486506e-06 1.108304e-11 1.246179e-05 clkbuf_4_1__f_w_clk
 4.372294e-06 8.024551e-06 7.180287e-12 1.239685e-05 clkbuf_leaf_20_core_clk
 3.385845e-06 9.006933e-06 1.117053e-11 1.239279e-05 clkbuf_4_5__f_v_clk
 2.975376e-06 9.416927e-06 1.108304e-11 1.239231e-05 clkbuf_4_3__f_w_clk
 4.370265e-06 7.944306e-06 7.180287e-12 1.231458e-05 clkbuf_leaf_15_core_clk
 3.382519e-06 8.849638e-06 1.117053e-11 1.223217e-05 clkbuf_4_9__f_v_clk
 3.385333e-06 8.785497e-06 1.117053e-11 1.217084e-05 clkbuf_4_4__f_v_clk
 4.366180e-06 7.790264e-06 7.180287e-12 1.215645e-05 clkbuf_leaf_16_core_clk
 1.444679e-06 1.065599e-05 7.076963e-12 1.210068e-05 fanout1192
 3.385508e-06 8.670210e-06 1.117053e-11 1.205573e-05 clkbuf_4_6__f_v_clk
 4.361602e-06 7.607999e-06 7.180287e-12 1.196961e-05 clkbuf_leaf_10_core_clk
 2.977720e-06 8.800050e-06 1.108304e-11 1.177778e-05 clkbuf_4_4__f_w_clk
 2.974860e-06 8.739084e-06 1.108304e-11 1.171396e-05 clkbuf_4_12__f_w_clk
 8.672269e-06 2.861724e-06 1.232310e-11 1.153401e-05 clkbuf_0_clk
 4.347398e-06 7.069562e-06 7.180287e-12 1.141697e-05 clkbuf_leaf_11_core_clk
 2.977073e-06 8.381857e-06 1.108304e-11 1.135894e-05 clkbuf_4_6__f_w_clk
 3.382048e-06 7.928593e-06 1.117053e-11 1.131065e-05 clkbuf_4_10__f_v_clk
 1.692039e-06 9.540687e-06 6.987296e-12 1.123273e-05 clkbuf_2_1_0_v_clk
 2.975187e-06 8.221958e-06 1.108304e-11 1.119715e-05 clkbuf_4_7__f_w_clk
 2.958350e-06 8.074912e-06 1.108304e-11 1.103327e-05 clkbuf_4_8__f_w_clk
 2.959639e-06 8.056843e-06 1.108304e-11 1.101649e-05 clkbuf_4_9__f_w_clk
 1.692131e-06 9.316614e-06 6.987296e-12 1.100875e-05 clkbuf_2_2_0_v_clk
 1.691143e-06 9.216501e-06 6.987296e-12 1.090765e-05 clkbuf_2_0_0_v_clk
 1.691973e-06 9.138604e-06 6.987296e-12 1.083058e-05 clkbuf_2_3_0_v_clk
 2.971465e-06 7.833726e-06 1.108304e-11 1.080520e-05 clkbuf_4_0__f_w_clk
 2.797579e-06 7.970391e-06 8.862013e-12 1.076798e-05 u_icg_w
 1.456213e-06 9.145742e-06 7.301606e-12 1.060196e-05 fanout1541
 4.314909e-06 6.198484e-06 7.180287e-12 1.051340e-05 clkbuf_leaf_6_core_clk
 2.971363e-06 7.493720e-06 1.108304e-11 1.046509e-05 clkbuf_4_15__f_w_clk
 4.312310e-06 6.090435e-06 7.180287e-12 1.040275e-05 clkbuf_leaf_4_core_clk
 2.970594e-06 7.332939e-06 1.108304e-11 1.030354e-05 clkbuf_4_13__f_w_clk
 2.956494e-06 7.124218e-06 1.108304e-11 1.008072e-05 clkbuf_4_10__f_w_clk
 2.973123e-06 6.856341e-06 1.108304e-11 9.829475e-06 clkbuf_4_5__f_w_clk
 4.296892e-06 5.497811e-06 7.180287e-12 9.794710e-06 clkbuf_leaf_7_core_clk
 8.427935e-06 1.320018e-06 1.232310e-11 9.747966e-06 clkbuf_1_1__f_clk
 1.496293e-06 8.192019e-06 6.971915e-12 9.688320e-06 clkbuf_2_2_0_w_clk
 1.467037e-06 8.163754e-06 7.301606e-12 9.630798e-06 fanout1517
 4.291797e-06 5.292075e-06 7.180287e-12 9.583880e-06 clkbuf_leaf_3_core_clk
 4.290571e-06 5.249392e-06 7.180287e-12 9.539970e-06 clkbuf_leaf_23_core_clk
 4.290605e-06 5.243351e-06 7.180287e-12 9.533964e-06 clkbuf_leaf_2_core_clk
 4.290005e-06 5.241518e-06 7.180287e-12 9.531530e-06 clkbuf_leaf_21_core_clk
 2.956367e-06 6.554875e-06 1.108304e-11 9.511252e-06 clkbuf_4_11__f_w_clk
 2.969983e-06 6.502417e-06 1.108304e-11 9.472411e-06 clkbuf_4_14__f_w_clk
 4.287693e-06 5.155936e-06 7.180287e-12 9.443636e-06 clkbuf_leaf_22_core_clk
 8.395285e-06 1.006565e-06 1.232310e-11 9.401863e-06 clkbuf_1_0__f_clk
 4.286638e-06 5.101651e-06 7.180287e-12 9.388296e-06 clkbuf_leaf_5_core_clk
 1.479670e-06 7.668673e-06 7.301606e-12 9.148351e-06 fanout1542
 1.473928e-06 7.667854e-06 7.301606e-12 9.141790e-06 fanout1505
 4.274454e-06 4.629376e-06 7.180287e-12 8.903837e-06 clkbuf_leaf_0_core_clk
 1.493648e-06 7.055887e-06 6.971915e-12 8.549542e-06 clkbuf_2_0_0_w_clk
 1.494025e-06 6.976438e-06 6.971915e-12 8.470470e-06 clkbuf_2_3_0_w_clk
 4.261119e-06 4.096858e-06 7.180287e-12 8.357983e-06 clkbuf_leaf_1_core_clk
 4.259093e-06 4.023180e-06 7.180287e-12 8.282281e-06 clkbuf_leaf_8_core_clk
 1.492984e-06 6.708734e-06 6.971915e-12 8.201725e-06 clkbuf_2_1_0_w_clk
 7.240456e-07 7.196335e-06 1.278934e-11 7.920393e-06 fanout471
 7.596007e-07 5.887067e-06 1.259615e-11 6.646681e-06 fanout432
 7.419089e-07 5.249397e-06 4.696740e-12 5.991310e-06 fanout1197
 7.417490e-07 5.145097e-06 4.696740e-12 5.886850e-06 fanout1209
 7.406091e-07 5.101756e-06 4.696740e-12 5.842370e-06 fanout1194
 7.432785e-07 5.087335e-06 4.505806e-12 5.830618e-06 fanout1512
 7.445768e-07 4.879229e-06 4.696740e-12 5.623811e-06 fanout1222
 7.422437e-07 4.858287e-06 4.505806e-12 5.600535e-06 fanout1527
 7.444905e-07 4.755810e-06 4.696740e-12 5.500305e-06 fanout1179
 7.086325e-07 4.767435e-06 1.149129e-11 5.476079e-06 fanout439
 7.433056e-07 4.641396e-06 4.505806e-12 5.384706e-06 fanout1540
 7.468400e-07 4.560080e-06 1.293458e-11 5.306933e-06 fanout369
 7.465182e-07 4.488192e-06 4.505806e-12 5.234715e-06 fanout1543
 7.439058e-07 4.484577e-06 4.696740e-12 5.228487e-06 fanout1226
 6.954252e-07 4.505574e-06 1.250376e-11 5.201011e-06 fanout426
 7.329603e-07 4.447473e-06 1.297413e-11 5.180446e-06 fanout501
 7.448431e-07 4.420375e-06 4.505806e-12 5.165223e-06 fanout1549
 7.456433e-07 4.392545e-06 4.696740e-12 5.138193e-06 fanout1189
 7.433451e-07 4.384633e-06 1.274979e-11 5.127991e-06 fanout412
 7.351481e-07 4.381247e-06 1.259440e-11 5.116408e-06 fanout457
 7.460043e-07 4.357710e-06 4.696740e-12 5.103719e-06 fanout1210
 5.762915e-07 4.527071e-06 1.337066e-11 5.103375e-06 fanout475
 7.204699e-07 4.336630e-06 1.283379e-11 5.057113e-06 fanout1065
 7.474431e-07 4.300453e-06 4.505806e-12 5.047901e-06 fanout1545
 7.459420e-07 4.271084e-06 4.505806e-12 5.017031e-06 fanout1502
 7.452044e-07 4.268831e-06 4.505806e-12 5.014040e-06 fanout1557
 4.360895e-07 4.561662e-06 1.094742e-11 4.997762e-06 fanout1001
 7.450797e-07 4.240421e-06 4.505806e-12 4.985505e-06 fanout1531
 7.453820e-07 4.233087e-06 4.505806e-12 4.978473e-06 fanout1526
 7.456953e-07 4.231160e-06 4.696740e-12 4.976860e-06 fanout1172
 7.463334e-07 4.193245e-06 4.696740e-12 4.939583e-06 fanout1206
 7.470171e-07 4.163328e-06 4.505806e-12 4.910350e-06 fanout1516
 7.517273e-07 4.115547e-06 4.696740e-12 4.867279e-06 fanout1224
 7.475426e-07 4.086908e-06 4.505806e-12 4.834455e-06 fanout1499
 7.457673e-07 3.949037e-06 4.505806e-12 4.694809e-06 fanout1534
 6.336930e-07 4.054736e-06 1.233962e-11 4.688441e-06 fanout984
 7.517924e-07 3.919975e-06 4.505806e-12 4.671772e-06 fanout1559
 6.244922e-07 4.044874e-06 1.168028e-11 4.669378e-06 max_cap686
 7.465549e-07 3.918792e-06 4.505806e-12 4.665351e-06 fanout1560
 7.130007e-07 3.932974e-06 1.178597e-11 4.645986e-06 fanout1957
 5.095187e-07 4.133466e-06 1.112836e-11 4.642996e-06 fanout1013
 7.473978e-07 3.873328e-06 4.505806e-12 4.620731e-06 fanout1523
 7.502946e-07 3.852180e-06 4.696740e-12 4.602479e-06 fanout1202
 7.477869e-07 3.852607e-06 4.696740e-12 4.600398e-06 fanout1161
 7.462031e-07 3.826213e-06 4.696740e-12 4.572421e-06 fanout1193
 7.462853e-07 3.818432e-06 4.505806e-12 4.564722e-06 fanout1533
 5.754291e-07 3.987786e-06 1.110281e-11 4.563226e-06 fanout364
 7.479029e-07 3.809916e-06 4.505806e-12 4.557823e-06 fanout1489
 7.019273e-07 3.842216e-06 1.159138e-11 4.544155e-06 fanout1951
 5.141977e-07 4.026846e-06 1.104927e-11 4.541055e-06 fanout489
 6.271442e-07 3.897493e-06 1.312497e-11 4.524651e-06 fanout738
 7.495789e-07 3.766902e-06 4.696740e-12 4.516485e-06 fanout1199
 7.491866e-07 3.740623e-06 4.696740e-12 4.489815e-06 fanout1225
 7.508745e-07 3.713785e-06 4.696740e-12 4.464664e-06 fanout1170
 7.466475e-07 3.704296e-06 4.505806e-12 4.450948e-06 fanout1550
 6.761215e-07 3.762967e-06 1.237182e-11 4.439100e-06 fanout371
 7.490253e-07 3.656471e-06 4.696740e-12 4.405501e-06 fanout1178
 7.491330e-07 3.637377e-06 4.505806e-12 4.386514e-06 fanout1535
 7.469146e-07 3.630370e-06 4.696740e-12 4.377289e-06 fanout1203
 7.490354e-07 3.619323e-06 4.696740e-12 4.368363e-06 fanout1173
 5.916259e-07 3.754744e-06 1.347775e-11 4.346383e-06 fanout1470
 6.025244e-07 3.743408e-06 1.323976e-11 4.345945e-06 fanout700
 6.199051e-07 3.680785e-06 1.324886e-11 4.300703e-06 fanout995
 7.524623e-07 3.536086e-06 4.696740e-12 4.288553e-06 fanout1223
 7.497077e-07 3.519585e-06 4.696740e-12 4.269297e-06 fanout1218
 7.323207e-07 3.536883e-06 1.175552e-11 4.269216e-06 fanout795
 7.491960e-07 3.519717e-06 4.696740e-12 4.268917e-06 fanout1217
 7.484459e-07 3.481073e-06 4.696740e-12 4.229523e-06 fanout1221
 6.040001e-07 3.602956e-06 1.121410e-11 4.206967e-06 fanout389
 6.379289e-07 3.558458e-06 1.190566e-11 4.196399e-06 fanout483
 7.498477e-07 3.422460e-06 4.696740e-12 4.172312e-06 fanout1166
 6.800947e-07 3.488334e-06 1.242151e-11 4.168441e-06 fanout1488
 6.018679e-07 3.540945e-06 1.325131e-11 4.142826e-06 fanout1081
 7.497217e-07 3.388923e-06 4.505806e-12 4.138649e-06 fanout1551
 7.500155e-07 3.373714e-06 4.505806e-12 4.123734e-06 fanout1508
 7.522376e-07 3.369233e-06 4.505806e-12 4.121475e-06 fanout1555
 6.139765e-07 3.502599e-06 1.309592e-11 4.116589e-06 fanout725
 6.248677e-07 3.474394e-06 1.174397e-11 4.099273e-06 fanout748
 7.500083e-07 3.335819e-06 4.696740e-12 4.085832e-06 fanout1212
 7.531726e-07 3.315143e-06 4.696740e-12 4.068321e-06 fanout1195
 6.570471e-07 3.374546e-06 1.243516e-11 4.031605e-06 fanout486
 3.972076e-06 0.000000e+00 7.180287e-12 3.972083e-06 clkload5
 7.552410e-07 3.185161e-06 4.505806e-12 3.940407e-06 fanout1558
 5.535842e-07 3.364709e-06 1.112171e-11 3.918304e-06 fanout1237
 7.516076e-07 3.161720e-06 1.162428e-11 3.913339e-06 fanout1942
 5.470737e-07 3.353461e-06 1.111716e-11 3.900546e-06 fanout801
 1.470252e-06 2.419284e-06 6.971915e-12 3.889542e-06 clkbuf_leaf_115_w_clk
 5.443701e-07 3.255204e-06 1.109336e-11 3.799585e-06 fanout386
 1.660349e-06 2.103127e-06 6.987296e-12 3.763482e-06 clkbuf_leaf_174_v_clk
 5.719565e-07 3.185364e-06 1.117806e-11 3.757332e-06 fanout416
 1.660718e-06 2.093408e-06 6.987296e-12 3.754134e-06 clkbuf_leaf_43_v_clk
 5.295372e-07 3.205655e-06 1.143949e-11 3.735203e-06 fanout990
 1.655893e-06 2.026044e-06 6.987296e-12 3.681944e-06 clkbuf_leaf_121_v_clk
 5.080225e-07 3.164048e-06 1.100867e-11 3.672082e-06 fanout367
 1.648983e-06 2.020019e-06 6.987296e-12 3.669009e-06 clkbuf_leaf_26_v_clk
 5.330769e-07 3.065241e-06 1.107656e-11 3.598329e-06 fanout374
 1.462413e-06 2.130656e-06 6.971915e-12 3.593076e-06 clkbuf_leaf_113_w_clk
 5.262908e-07 3.065410e-06 1.106571e-11 3.591712e-06 fanout456
 5.751792e-07 2.991553e-06 1.333951e-11 3.566746e-06 fanout985
 1.655640e-06 1.897057e-06 6.987296e-12 3.552705e-06 clkbuf_leaf_42_v_clk
 4.378115e-07 3.102578e-06 1.399241e-11 3.540404e-06 fanout592
 1.655731e-06 1.882380e-06 6.987296e-12 3.538117e-06 clkbuf_leaf_179_v_clk
 1.646819e-06 1.880523e-06 6.987296e-12 3.527349e-06 clkbuf_leaf_36_v_clk
 7.275331e-07 2.788052e-06 1.206840e-11 3.515597e-06 max_cap1472
 6.493944e-07 2.865097e-06 1.213035e-11 3.514504e-06 wire1476
 1.645629e-06 1.867896e-06 6.987296e-12 3.513532e-06 clkbuf_leaf_94_v_clk
 7.179018e-07 2.795218e-06 1.319392e-11 3.513133e-06 max_cap1085
 1.640562e-06 1.871064e-06 6.987296e-12 3.511633e-06 clkbuf_leaf_139_v_clk
 1.644946e-06 1.861784e-06 6.987296e-12 3.506737e-06 clkbuf_leaf_12_v_clk
 1.651550e-06 1.850696e-06 6.987296e-12 3.502253e-06 clkbuf_leaf_111_v_clk
 1.654574e-06 1.836402e-06 6.987296e-12 3.490984e-06 clkbuf_leaf_181_v_clk
 1.643335e-06 1.847590e-06 6.987296e-12 3.490931e-06 clkbuf_leaf_23_v_clk
 1.654465e-06 1.834412e-06 6.987296e-12 3.488885e-06 clkbuf_leaf_183_v_clk
 5.907858e-07 2.897142e-06 1.117456e-11 3.487939e-06 fanout442
 1.650985e-06 1.813105e-06 6.987296e-12 3.464097e-06 clkbuf_leaf_63_v_clk
 4.996360e-07 2.959681e-06 1.103492e-11 3.459328e-06 fanout466
 6.756510e-07 2.783353e-06 1.252756e-11 3.459016e-06 fanout1355
 1.651632e-06 1.800655e-06 6.987296e-12 3.452294e-06 clkbuf_leaf_214_v_clk
 1.649208e-06 1.801568e-06 6.987296e-12 3.450783e-06 clkbuf_leaf_7_v_clk
 5.417283e-07 2.903014e-06 1.341545e-11 3.444756e-06 max_cap994
 1.650342e-06 1.787693e-06 6.987296e-12 3.438042e-06 clkbuf_leaf_197_v_clk
 1.652857e-06 1.774598e-06 6.987296e-12 3.427462e-06 clkbuf_leaf_186_v_clk
 5.195655e-07 2.905682e-06 1.320617e-11 3.425261e-06 fanout988
 1.639967e-06 1.785065e-06 6.987296e-12 3.425039e-06 clkbuf_leaf_130_v_clk
 1.457856e-06 1.961561e-06 6.971915e-12 3.419424e-06 clkbuf_leaf_112_w_clk
 1.642812e-06 1.776397e-06 6.987296e-12 3.419216e-06 clkbuf_leaf_10_v_clk
 5.305559e-07 2.881528e-06 1.212578e-11 3.412096e-06 fanout1284
 5.133638e-07 2.894464e-06 1.103457e-11 3.407839e-06 fanout685
 1.648940e-06 1.732655e-06 6.987296e-12 3.381602e-06 clkbuf_leaf_196_v_clk
 1.454482e-06 1.923915e-06 6.971915e-12 3.378404e-06 clkbuf_leaf_77_w_clk
 1.456234e-06 1.902920e-06 6.971915e-12 3.359160e-06 clkbuf_leaf_110_w_clk
 1.640434e-06 1.718715e-06 6.987296e-12 3.359156e-06 clkbuf_leaf_90_v_clk
 1.641990e-06 1.714716e-06 6.987296e-12 3.356713e-06 clkbuf_leaf_101_v_clk
 5.627187e-07 2.792950e-06 1.116126e-11 3.355680e-06 fanout716
 1.647708e-06 1.705742e-06 6.987296e-12 3.353457e-06 clkbuf_leaf_115_v_clk
 1.653609e-06 1.696738e-06 6.987296e-12 3.350354e-06 clkbuf_leaf_55_v_clk
 5.007702e-07 2.848994e-06 1.105871e-11 3.349775e-06 fanout402
 5.366925e-07 2.804729e-06 1.107901e-11 3.341433e-06 fanout506
 1.641786e-06 1.697696e-06 6.987296e-12 3.339489e-06 clkbuf_leaf_96_v_clk
 5.375802e-07 2.794159e-06 1.112486e-11 3.331750e-06 fanout474
 1.640951e-06 1.690195e-06 6.987296e-12 3.331153e-06 clkbuf_leaf_4_v_clk
 1.648231e-06 1.674662e-06 6.987296e-12 3.322900e-06 clkbuf_leaf_204_v_clk
 1.640627e-06 1.680348e-06 6.987296e-12 3.320982e-06 clkbuf_leaf_13_v_clk
 1.639532e-06 1.680263e-06 6.987296e-12 3.319802e-06 clkbuf_leaf_21_v_clk
 1.647392e-06 1.669628e-06 6.987296e-12 3.317027e-06 clkbuf_leaf_73_v_clk
 1.640541e-06 1.673177e-06 6.987296e-12 3.313724e-06 clkbuf_leaf_145_v_clk
 1.647142e-06 1.663673e-06 6.987296e-12 3.310822e-06 clkbuf_leaf_62_v_clk
 1.641450e-06 1.668220e-06 6.987296e-12 3.309677e-06 clkbuf_leaf_32_v_clk
 1.640929e-06 1.668731e-06 6.987296e-12 3.309667e-06 clkbuf_leaf_99_v_clk
 1.647050e-06 1.662436e-06 6.987296e-12 3.309493e-06 clkbuf_leaf_60_v_clk
 1.637538e-06 1.670589e-06 6.987296e-12 3.308134e-06 clkbuf_leaf_128_v_clk
 1.454931e-06 1.851474e-06 6.971915e-12 3.306412e-06 clkbuf_leaf_100_w_clk
 1.646786e-06 1.644297e-06 6.987296e-12 3.291089e-06 clkbuf_leaf_65_v_clk
 1.639857e-06 1.648134e-06 6.987296e-12 3.287997e-06 clkbuf_leaf_14_v_clk
 1.646883e-06 1.641016e-06 6.987296e-12 3.287907e-06 clkbuf_leaf_195_v_clk
 5.277004e-07 2.755928e-06 1.333916e-11 3.283641e-06 fanout1413
 3.421294e-07 2.939900e-06 7.300711e-12 3.282037e-06 max_cap718
 1.454539e-06 1.825436e-06 6.971915e-12 3.279981e-06 clkbuf_leaf_114_w_clk
 7.523894e-07 2.525503e-06 1.155323e-11 3.277904e-06 fanout793
 1.646436e-06 1.630599e-06 6.987296e-12 3.277042e-06 clkbuf_leaf_198_v_clk
 1.638708e-06 1.636262e-06 6.987296e-12 3.274977e-06 clkbuf_leaf_18_v_clk
 5.438782e-07 2.729454e-06 1.114306e-11 3.273343e-06 max_cap477
 1.640624e-06 1.624605e-06 6.987296e-12 3.265236e-06 clkbuf_leaf_34_v_clk
 1.638286e-06 1.623800e-06 6.987296e-12 3.262093e-06 clkbuf_leaf_81_v_clk
 6.877142e-07 2.561112e-06 1.328351e-11 3.248840e-06 max_cap1239
 1.637306e-06 1.608891e-06 6.987296e-12 3.246204e-06 clkbuf_leaf_125_v_clk
 1.638880e-06 1.606725e-06 6.987296e-12 3.245612e-06 clkbuf_leaf_2_v_clk
 1.647880e-06 1.597270e-06 6.987296e-12 3.245157e-06 clkbuf_leaf_45_v_clk
 1.645596e-06 1.598143e-06 6.987296e-12 3.243746e-06 clkbuf_leaf_190_v_clk
 6.755611e-07 2.567911e-06 1.242151e-11 3.243485e-06 fanout1487
 1.639248e-06 1.604011e-06 6.987296e-12 3.243267e-06 clkbuf_leaf_147_v_clk
 5.636096e-07 2.676822e-06 1.112171e-11 3.240443e-06 max_cap1235
 1.648322e-06 1.585295e-06 6.987296e-12 3.233624e-06 clkbuf_leaf_158_v_clk
 1.637930e-06 1.595172e-06 6.987296e-12 3.233109e-06 clkbuf_leaf_19_v_clk
 1.645178e-06 1.582811e-06 6.987296e-12 3.227996e-06 clkbuf_leaf_75_v_clk
 1.638960e-06 1.585875e-06 6.987296e-12 3.224841e-06 clkbuf_leaf_100_v_clk
 1.645115e-06 1.579484e-06 6.987296e-12 3.224606e-06 clkbuf_leaf_199_v_clk
 1.646861e-06 1.576751e-06 6.987296e-12 3.223619e-06 clkbuf_leaf_173_v_clk
 1.644659e-06 1.578666e-06 6.987296e-12 3.223332e-06 clkbuf_leaf_119_v_clk
 6.792642e-07 2.543578e-06 1.142549e-11 3.222853e-06 fanout1932
 1.635372e-06 1.584869e-06 6.987296e-12 3.220249e-06 clkbuf_leaf_127_v_clk
 1.647231e-06 1.568315e-06 6.987296e-12 3.215553e-06 clkbuf_leaf_40_v_clk
 1.638512e-06 1.575709e-06 6.987296e-12 3.214229e-06 clkbuf_leaf_27_v_clk
 1.639145e-06 1.573540e-06 6.987296e-12 3.212692e-06 clkbuf_leaf_153_v_clk
 1.647087e-06 1.565260e-06 6.987296e-12 3.212354e-06 clkbuf_leaf_44_v_clk
 1.637043e-06 1.574643e-06 6.987296e-12 3.211693e-06 clkbuf_leaf_83_v_clk
 1.647628e-06 1.560891e-06 6.987296e-12 3.208526e-06 clkbuf_leaf_165_v_clk
 1.449149e-06 1.756215e-06 6.971915e-12 3.205371e-06 clkbuf_leaf_56_w_clk
 1.638799e-06 1.566166e-06 6.987296e-12 3.204972e-06 clkbuf_leaf_33_v_clk
 1.646267e-06 1.555133e-06 6.987296e-12 3.201407e-06 clkbuf_leaf_172_v_clk
 1.647378e-06 1.553906e-06 6.987296e-12 3.201291e-06 clkbuf_leaf_162_v_clk
 4.211010e-07 2.779501e-06 3.983316e-12 3.200606e-06 fanout1553
 1.646213e-06 1.549189e-06 6.987296e-12 3.195409e-06 clkbuf_leaf_176_v_clk
 1.638413e-06 1.556396e-06 6.987296e-12 3.194816e-06 clkbuf_leaf_103_v_clk
 1.634022e-06 1.560102e-06 6.987296e-12 3.194132e-06 clkbuf_leaf_132_v_clk
 1.649653e-06 1.544266e-06 6.987296e-12 3.193926e-06 clkbuf_leaf_57_v_clk
 1.645154e-06 1.546167e-06 6.987296e-12 3.191328e-06 clkbuf_leaf_210_v_clk
 1.646353e-06 1.538349e-06 6.987296e-12 3.184709e-06 clkbuf_leaf_54_v_clk
 1.646977e-06 1.535641e-06 6.987296e-12 3.182625e-06 clkbuf_leaf_157_v_clk
 1.644961e-06 1.537499e-06 6.987296e-12 3.182467e-06 clkbuf_leaf_212_v_clk
 5.825292e-07 2.598838e-06 1.347775e-11 3.181381e-06 fanout1469
 1.637354e-06 1.542854e-06 6.987296e-12 3.180215e-06 clkbuf_leaf_142_v_clk
 1.646754e-06 1.530208e-06 6.987296e-12 3.176969e-06 clkbuf_leaf_163_v_clk
 1.637588e-06 1.532631e-06 6.987296e-12 3.170225e-06 clkbuf_leaf_30_v_clk
 1.637498e-06 1.530391e-06 6.987296e-12 3.167896e-06 clkbuf_leaf_146_v_clk
 4.283161e-07 2.739418e-06 1.092852e-11 3.167745e-06 fanout699
 1.643197e-06 1.523055e-06 6.987296e-12 3.166259e-06 clkbuf_leaf_112_v_clk
 1.645895e-06 1.517944e-06 6.987296e-12 3.163846e-06 clkbuf_leaf_39_v_clk
 5.860486e-07 2.577484e-06 1.117141e-11 3.163544e-06 fanout1431
 4.214258e-07 2.739828e-06 4.325860e-12 3.161258e-06 fanout1205
 1.646239e-06 1.507632e-06 6.987296e-12 3.153878e-06 clkbuf_leaf_161_v_clk
 1.643644e-06 1.495914e-06 6.987296e-12 3.139565e-06 clkbuf_leaf_211_v_clk
 1.644773e-06 1.492816e-06 6.987296e-12 3.137596e-06 clkbuf_leaf_170_v_clk
 3.157928e-07 2.819299e-06 7.115659e-12 3.135099e-06 max_cap449
 1.645108e-06 1.489683e-06 6.987296e-12 3.134797e-06 clkbuf_leaf_52_v_clk
 1.645476e-06 1.488847e-06 6.987296e-12 3.134331e-06 clkbuf_leaf_184_v_clk
 1.636963e-06 1.496899e-06 6.987296e-12 3.133869e-06 clkbuf_leaf_97_v_clk
 1.644674e-06 1.488899e-06 6.987296e-12 3.133580e-06 clkbuf_leaf_175_v_clk
 1.645050e-06 1.486572e-06 6.987296e-12 3.131629e-06 clkbuf_leaf_53_v_clk
 1.635289e-06 1.496063e-06 6.987296e-12 3.131359e-06 clkbuf_leaf_82_v_clk
 1.636898e-06 1.493608e-06 6.987296e-12 3.130513e-06 clkbuf_leaf_108_v_clk
 6.534765e-07 2.476697e-06 1.142549e-11 3.130185e-06 fanout1937
 1.636963e-06 1.487375e-06 6.987296e-12 3.124346e-06 clkbuf_leaf_152_v_clk
 1.636367e-06 1.487232e-06 6.987296e-12 3.123607e-06 clkbuf_leaf_25_v_clk
 1.635049e-06 1.487795e-06 6.987296e-12 3.122851e-06 clkbuf_leaf_89_v_clk
 1.647578e-06 1.467301e-06 6.987296e-12 3.114886e-06 clkbuf_leaf_56_v_clk
 1.645134e-06 1.468565e-06 6.987296e-12 3.113706e-06 clkbuf_leaf_166_v_clk
 1.635462e-06 1.474553e-06 6.987296e-12 3.110021e-06 clkbuf_leaf_17_v_clk
 1.640721e-06 1.466032e-06 6.987296e-12 3.106760e-06 clkbuf_leaf_0_v_clk
 1.635182e-06 1.470912e-06 6.987296e-12 3.106101e-06 clkbuf_leaf_15_v_clk
 3.670620e-07 2.737092e-06 7.263429e-12 3.104161e-06 max_cap723
 1.634363e-06 1.469750e-06 6.987296e-12 3.104119e-06 clkbuf_leaf_76_v_clk
 1.438679e-06 1.664611e-06 6.971915e-12 3.103297e-06 clkbuf_leaf_152_w_clk
 1.647210e-06 1.452890e-06 6.987296e-12 3.100107e-06 clkbuf_leaf_58_v_clk
 1.641356e-06 1.455456e-06 6.987296e-12 3.096818e-06 clkbuf_leaf_93_v_clk
 1.450037e-06 1.646680e-06 6.971915e-12 3.096725e-06 clkbuf_leaf_95_w_clk
 1.447065e-06 1.647129e-06 6.971915e-12 3.094201e-06 clkbuf_leaf_76_w_clk
 1.641418e-06 1.450546e-06 6.987296e-12 3.091971e-06 clkbuf_leaf_122_v_clk
 1.644676e-06 1.446580e-06 6.987296e-12 3.091263e-06 clkbuf_leaf_159_v_clk
 1.641935e-06 1.448926e-06 6.987296e-12 3.090867e-06 clkbuf_leaf_194_v_clk
 1.643443e-06 1.443221e-06 6.987296e-12 3.086671e-06 clkbuf_leaf_168_v_clk
 1.443954e-06 1.640192e-06 6.971915e-12 3.084153e-06 clkbuf_leaf_59_w_clk
 1.635623e-06 1.445493e-06 6.987296e-12 3.081123e-06 clkbuf_leaf_88_v_clk
 1.644400e-06 1.436622e-06 6.987296e-12 3.081029e-06 clkbuf_leaf_160_v_clk
 1.446073e-06 1.634672e-06 6.971915e-12 3.080753e-06 clkbuf_leaf_72_w_clk
 1.644193e-06 1.436486e-06 6.987296e-12 3.080686e-06 clkbuf_leaf_180_v_clk
 1.641412e-06 1.438435e-06 6.987296e-12 3.079855e-06 clkbuf_leaf_61_v_clk
 1.634174e-06 1.444557e-06 6.987296e-12 3.078739e-06 clkbuf_leaf_20_v_clk
 1.639915e-06 1.434098e-06 6.987296e-12 3.074020e-06 clkbuf_leaf_3_v_clk
 1.639586e-06 1.421885e-06 6.987296e-12 3.061478e-06 clkbuf_leaf_207_v_clk
 3.692371e-07 2.691434e-06 7.258938e-12 3.060678e-06 max_cap490
 1.445792e-06 1.611853e-06 6.971915e-12 3.057652e-06 clkbuf_leaf_74_w_clk
 1.639582e-06 1.417093e-06 6.987296e-12 3.056682e-06 clkbuf_leaf_216_v_clk
 1.631207e-06 1.423550e-06 6.987296e-12 3.054765e-06 clkbuf_leaf_134_v_clk
 1.633301e-06 1.420428e-06 6.987296e-12 3.053736e-06 clkbuf_leaf_79_v_clk
 1.630838e-06 1.422848e-06 6.987296e-12 3.053693e-06 clkbuf_leaf_131_v_clk
 1.640809e-06 1.409299e-06 6.987296e-12 3.050115e-06 clkbuf_leaf_189_v_clk
 1.641380e-06 1.401258e-06 6.987296e-12 3.042645e-06 clkbuf_leaf_202_v_clk
 1.632479e-06 1.405839e-06 6.987296e-12 3.038325e-06 clkbuf_leaf_123_v_clk
 1.640468e-06 1.397765e-06 6.987296e-12 3.038240e-06 clkbuf_leaf_64_v_clk
 1.640124e-06 1.397642e-06 6.987296e-12 3.037773e-06 clkbuf_leaf_120_v_clk
 1.630265e-06 1.404141e-06 6.987296e-12 3.034413e-06 clkbuf_leaf_140_v_clk
 1.634960e-06 1.397070e-06 6.987296e-12 3.032037e-06 clkbuf_leaf_154_v_clk
 1.639872e-06 1.386940e-06 6.987296e-12 3.026820e-06 clkbuf_leaf_110_v_clk
 1.634120e-06 1.388632e-06 6.987296e-12 3.022760e-06 clkbuf_leaf_148_v_clk
 1.634304e-06 1.382875e-06 6.987296e-12 3.017185e-06 clkbuf_leaf_105_v_clk
 1.632605e-06 1.381792e-06 6.987296e-12 3.014404e-06 clkbuf_leaf_84_v_clk
 1.634231e-06 1.376211e-06 6.987296e-12 3.010449e-06 clkbuf_leaf_150_v_clk
 1.439975e-06 1.570151e-06 6.971915e-12 3.010132e-06 clkbuf_leaf_30_w_clk
 4.208057e-07 2.585989e-06 3.983316e-12 3.006799e-06 fanout1547
 1.630031e-06 1.376457e-06 6.987296e-12 3.006495e-06 clkbuf_leaf_133_v_clk
 1.632372e-06 1.372870e-06 6.987296e-12 3.005249e-06 clkbuf_leaf_91_v_clk
 1.642227e-06 1.361743e-06 6.987296e-12 3.003977e-06 clkbuf_leaf_177_v_clk
 1.644650e-06 1.359096e-06 6.987296e-12 3.003753e-06 clkbuf_leaf_50_v_clk
 1.440148e-06 1.563574e-06 6.971915e-12 3.003730e-06 clkbuf_leaf_34_w_clk
 1.639636e-06 1.362682e-06 6.987296e-12 3.002325e-06 clkbuf_leaf_66_v_clk
 1.632171e-06 1.368939e-06 6.987296e-12 3.001117e-06 clkbuf_leaf_118_v_clk
 1.444902e-06 1.553986e-06 6.971915e-12 2.998896e-06 clkbuf_leaf_68_w_clk
 1.634421e-06 1.364432e-06 6.987296e-12 2.998859e-06 clkbuf_leaf_37_v_clk
 1.632187e-06 1.366554e-06 6.987296e-12 2.998748e-06 clkbuf_leaf_22_v_clk
 6.491886e-07 2.342476e-06 1.142549e-11 2.991676e-06 fanout1930
 1.633578e-06 1.352926e-06 6.987296e-12 2.986511e-06 clkbuf_leaf_104_v_clk
 1.633118e-06 1.351508e-06 6.987296e-12 2.984634e-06 clkbuf_leaf_11_v_clk
 5.075685e-07 2.476146e-06 1.102267e-11 2.983725e-06 fanout365
 1.639184e-06 1.341687e-06 6.987296e-12 2.980878e-06 clkbuf_leaf_192_v_clk
 1.633362e-06 1.343988e-06 6.987296e-12 2.977357e-06 clkbuf_leaf_95_v_clk
 1.638977e-06 1.336026e-06 6.987296e-12 2.975011e-06 clkbuf_leaf_68_v_clk
 1.637519e-06 1.335905e-06 6.987296e-12 2.973431e-06 clkbuf_leaf_6_v_clk
 1.435625e-06 1.537437e-06 6.971915e-12 2.973069e-06 clkbuf_leaf_156_w_clk
 1.446495e-06 1.521194e-06 6.971915e-12 2.967696e-06 clkbuf_leaf_98_w_clk
 1.630675e-06 1.335984e-06 6.987296e-12 2.966666e-06 clkbuf_leaf_124_v_clk
 1.632456e-06 1.325218e-06 6.987296e-12 2.957681e-06 clkbuf_leaf_143_v_clk
 1.435276e-06 1.521841e-06 6.971915e-12 2.957124e-06 clkbuf_leaf_154_w_clk
 1.636968e-06 1.312561e-06 6.987296e-12 2.949536e-06 clkbuf_leaf_5_v_clk
 1.446121e-06 1.503315e-06 6.971915e-12 2.949442e-06 clkbuf_leaf_96_w_clk
 1.640043e-06 1.308198e-06 6.987296e-12 2.948248e-06 clkbuf_leaf_169_v_clk
 1.630776e-06 1.316881e-06 6.987296e-12 2.947664e-06 clkbuf_leaf_126_v_clk
 1.446059e-06 1.496284e-06 6.971915e-12 2.942350e-06 clkbuf_leaf_89_w_clk
 1.632850e-06 1.304572e-06 6.987296e-12 2.937429e-06 clkbuf_leaf_31_v_clk
 4.211319e-07 2.510944e-06 3.983316e-12 2.932080e-06 fanout1510
 1.636249e-06 1.293107e-06 6.987296e-12 2.929364e-06 clkbuf_leaf_209_v_clk
 1.631816e-06 1.291850e-06 6.987296e-12 2.923673e-06 clkbuf_leaf_149_v_clk
 1.629954e-06 1.290415e-06 6.987296e-12 2.920375e-06 clkbuf_leaf_71_v_clk
 1.439768e-06 1.478670e-06 6.971915e-12 2.918445e-06 clkbuf_leaf_131_w_clk
 1.636866e-06 1.280822e-06 6.987296e-12 2.917695e-06 clkbuf_leaf_188_v_clk
 1.636702e-06 1.280283e-06 6.987296e-12 2.916992e-06 clkbuf_leaf_69_v_clk
 1.631145e-06 1.284443e-06 6.987296e-12 2.915595e-06 clkbuf_leaf_28_v_clk
 1.638894e-06 1.275872e-06 6.987296e-12 2.914773e-06 clkbuf_leaf_182_v_clk
 1.630829e-06 1.279906e-06 6.987296e-12 2.910742e-06 clkbuf_leaf_98_v_clk
 1.636750e-06 1.272332e-06 6.987296e-12 2.909088e-06 clkbuf_leaf_203_v_clk
 1.629822e-06 1.278561e-06 6.987296e-12 2.908389e-06 clkbuf_leaf_16_v_clk
 1.638520e-06 1.269194e-06 6.987296e-12 2.907721e-06 clkbuf_leaf_164_v_clk
 1.635145e-06 1.268251e-06 6.987296e-12 2.903402e-06 clkbuf_leaf_116_v_clk
 1.635088e-06 1.267062e-06 6.987296e-12 2.902157e-06 clkbuf_leaf_113_v_clk
 1.637025e-06 1.264296e-06 6.987296e-12 2.901328e-06 clkbuf_leaf_171_v_clk
 1.630013e-06 1.270055e-06 6.987296e-12 2.900075e-06 clkbuf_leaf_102_v_clk
 1.629580e-06 1.270246e-06 6.987296e-12 2.899833e-06 clkbuf_leaf_137_v_clk
 1.433992e-06 1.465097e-06 6.971915e-12 2.899096e-06 clkbuf_leaf_153_w_clk
 1.630012e-06 1.268324e-06 6.987296e-12 2.898344e-06 clkbuf_leaf_107_v_clk
 1.441802e-06 1.451964e-06 6.971915e-12 2.893773e-06 clkbuf_leaf_75_w_clk
 1.629956e-06 1.260850e-06 6.987296e-12 2.890813e-06 clkbuf_leaf_35_v_clk
 1.634011e-06 1.254181e-06 6.987296e-12 2.888198e-06 clkbuf_leaf_109_v_clk
 1.627663e-06 1.259229e-06 6.987296e-12 2.886898e-06 clkbuf_leaf_78_v_clk
 3.037783e-07 2.577216e-06 6.991633e-12 2.881002e-06 max_cap768
 1.628482e-06 1.249025e-06 6.987296e-12 2.877514e-06 clkbuf_leaf_29_v_clk
 1.635620e-06 1.237108e-06 6.987296e-12 2.872735e-06 clkbuf_leaf_178_v_clk
 1.633751e-06 1.236144e-06 6.987296e-12 2.869902e-06 clkbuf_leaf_201_v_clk
 1.441983e-06 1.425116e-06 6.971915e-12 2.867106e-06 clkbuf_leaf_119_w_clk
 1.438750e-06 1.427351e-06 6.971915e-12 2.866108e-06 clkbuf_leaf_127_w_clk
 1.624288e-06 1.239866e-06 6.987296e-12 2.864161e-06 clkbuf_leaf_135_v_clk
 1.632661e-06 1.231343e-06 6.987296e-12 2.864012e-06 clkbuf_leaf_191_v_clk
 1.627909e-06 1.234323e-06 6.987296e-12 2.862239e-06 clkbuf_leaf_38_v_clk
 4.318607e-07 2.422075e-06 1.399187e-11 2.853950e-06 fanout1301
 1.636377e-06 1.216712e-06 6.987296e-12 2.853096e-06 clkbuf_leaf_48_v_clk
 1.436890e-06 1.413795e-06 6.971915e-12 2.850692e-06 clkbuf_leaf_52_w_clk
 1.440977e-06 1.403566e-06 6.971915e-12 2.844549e-06 clkbuf_leaf_69_w_clk
 1.443512e-06 1.400477e-06 6.971915e-12 2.843996e-06 clkbuf_leaf_88_w_clk
 1.625978e-06 1.217515e-06 6.987296e-12 2.843500e-06 clkbuf_leaf_114_v_clk
 1.432495e-06 1.407792e-06 6.971915e-12 2.840294e-06 clkbuf_leaf_132_w_clk
 4.789273e-07 2.361062e-06 1.363489e-11 2.840003e-06 max_cap1249
 1.326000e-07 2.704880e-06 5.693330e-12 2.837485e-06 _20705_
 1.623924e-06 1.210392e-06 6.987296e-12 2.834323e-06 clkbuf_leaf_85_v_clk
 1.439720e-06 1.384752e-06 6.971915e-12 2.824479e-06 clkbuf_leaf_73_w_clk
 1.442761e-06 1.381203e-06 6.971915e-12 2.823971e-06 clkbuf_leaf_97_w_clk
 1.628259e-06 1.195459e-06 6.987296e-12 2.823724e-06 clkbuf_leaf_208_v_clk
 1.432273e-06 1.389892e-06 6.971915e-12 2.822172e-06 clkbuf_leaf_149_w_clk
 1.623931e-06 1.194821e-06 6.987296e-12 2.818759e-06 clkbuf_leaf_24_v_clk
 1.435152e-06 1.378186e-06 6.971915e-12 2.813345e-06 clkbuf_leaf_11_w_clk
 1.633078e-06 1.179361e-06 6.987296e-12 2.812447e-06 clkbuf_leaf_51_v_clk
 3.826480e-07 2.420222e-06 7.278809e-12 2.802877e-06 max_cap410
 1.622992e-06 1.178357e-06 6.987296e-12 2.801356e-06 clkbuf_leaf_151_v_clk
 3.873253e-07 2.409369e-06 7.271858e-12 2.796702e-06 max_cap406
 1.435280e-06 1.356519e-06 6.971915e-12 2.791806e-06 clkbuf_leaf_54_w_clk
 5.387036e-07 2.250472e-06 1.358624e-11 2.789190e-06 max_cap1418
 1.619493e-06 1.166366e-06 6.987296e-12 2.785866e-06 clkbuf_leaf_129_v_clk
 1.620331e-06 1.164449e-06 6.987296e-12 2.784787e-06 clkbuf_leaf_86_v_clk
 1.431365e-06 1.353151e-06 6.971915e-12 2.784522e-06 clkbuf_leaf_159_w_clk
 1.625231e-06 1.157621e-06 6.987296e-12 2.782858e-06 clkbuf_leaf_9_v_clk
 4.213638e-07 2.358209e-06 3.983316e-12 2.779577e-06 fanout1500
 1.629654e-06 1.137989e-06 6.987296e-12 2.767649e-06 clkbuf_leaf_49_v_clk
 1.618542e-06 1.141390e-06 6.987296e-12 2.759939e-06 clkbuf_leaf_87_v_clk
 1.625306e-06 1.133087e-06 6.987296e-12 2.758400e-06 clkbuf_leaf_213_v_clk
 1.624262e-06 1.130081e-06 6.987296e-12 2.754351e-06 clkbuf_leaf_67_v_clk
 1.433634e-06 1.305955e-06 6.971915e-12 2.739596e-06 clkbuf_leaf_32_w_clk
 1.430154e-06 1.309429e-06 6.971915e-12 2.739590e-06 clkbuf_leaf_150_w_clk
 1.617889e-06 1.120322e-06 6.987296e-12 2.738218e-06 clkbuf_leaf_144_v_clk
 1.616552e-06 1.118900e-06 6.987296e-12 2.735459e-06 clkbuf_leaf_72_v_clk
 2.977788e-07 2.435632e-06 7.364139e-12 2.733419e-06 hold855
 1.623263e-06 1.109719e-06 6.987296e-12 2.732990e-06 clkbuf_leaf_200_v_clk
 1.435188e-06 1.297272e-06 6.971915e-12 2.732467e-06 clkbuf_leaf_130_w_clk
 4.214609e-07 2.304278e-06 4.325860e-12 2.725743e-06 fanout1165
 1.625649e-06 1.091545e-06 6.987296e-12 2.717201e-06 clkbuf_leaf_59_v_clk
 1.623612e-06 1.091190e-06 6.987296e-12 2.714808e-06 clkbuf_leaf_156_v_clk
 1.433142e-06 1.281322e-06 6.971915e-12 2.714471e-06 clkbuf_leaf_33_w_clk
 4.228862e-07 2.290176e-06 1.065379e-11 2.713073e-06 fanout1325
 1.432839e-06 1.265955e-06 6.971915e-12 2.698800e-06 clkbuf_leaf_27_w_clk
 1.612163e-06 1.086166e-06 6.987296e-12 2.698335e-06 clkbuf_leaf_141_v_clk
 5.567981e-07 2.139144e-06 1.352395e-11 2.695956e-06 fanout1231
 1.620304e-06 1.074438e-06 6.987296e-12 2.694750e-06 clkbuf_leaf_205_v_clk
 1.613217e-06 1.075640e-06 6.987296e-12 2.688864e-06 clkbuf_leaf_80_v_clk
 1.432070e-06 1.256602e-06 6.971915e-12 2.688679e-06 clkbuf_leaf_12_w_clk
 3.771715e-07 2.309110e-06 7.281147e-12 2.686288e-06 max_cap479
 1.439395e-06 1.243458e-06 6.971915e-12 2.682860e-06 clkbuf_leaf_93_w_clk
 1.619209e-06 1.061853e-06 6.987296e-12 2.681069e-06 clkbuf_leaf_206_v_clk
 4.230509e-07 2.257343e-06 4.325860e-12 2.680398e-06 fanout1196
 1.439352e-06 1.240387e-06 6.971915e-12 2.679746e-06 clkbuf_leaf_92_w_clk
 1.433837e-06 1.237972e-06 6.971915e-12 2.671816e-06 clkbuf_leaf_128_w_clk
 1.432796e-06 1.229808e-06 6.971915e-12 2.662611e-06 clkbuf_leaf_44_w_clk
 1.616577e-06 1.035601e-06 6.987296e-12 2.652185e-06 clkbuf_leaf_193_v_clk
 1.614912e-06 1.032522e-06 6.987296e-12 2.647441e-06 clkbuf_leaf_1_v_clk
 3.930982e-07 2.250298e-06 1.088058e-11 2.643407e-06 fanout713
 1.434179e-06 1.208437e-06 6.971915e-12 2.642623e-06 clkbuf_leaf_163_w_clk
 1.615521e-06 1.024042e-06 6.987296e-12 2.639571e-06 clkbuf_leaf_70_v_clk
 1.437118e-06 1.200968e-06 6.971915e-12 2.638093e-06 clkbuf_leaf_39_w_clk
 3.866492e-07 2.236167e-06 1.087883e-11 2.622827e-06 fanout695
 1.612952e-06 1.007718e-06 6.987296e-12 2.620677e-06 clkbuf_leaf_217_v_clk
 1.427555e-06 1.192856e-06 6.971915e-12 2.620419e-06 clkbuf_leaf_158_w_clk
 5.358602e-07 2.081937e-06 1.105941e-11 2.617808e-06 max_cap1423
 1.434357e-06 1.170602e-06 6.971915e-12 2.604967e-06 clkbuf_leaf_79_w_clk
 1.611115e-06 9.856846e-07 6.987296e-12 2.596806e-06 clkbuf_leaf_8_v_clk
 1.432146e-06 1.157632e-06 6.971915e-12 2.589785e-06 clkbuf_leaf_117_w_clk
 1.426540e-06 1.151375e-06 6.971915e-12 2.577922e-06 clkbuf_leaf_160_w_clk
 1.612530e-06 9.619331e-07 6.987296e-12 2.574470e-06 clkbuf_leaf_185_v_clk
 1.430532e-06 1.142623e-06 6.971915e-12 2.573162e-06 clkbuf_leaf_50_w_clk
 5.353149e-07 2.030739e-06 1.105941e-11 2.566065e-06 fanout1420
 1.610536e-06 9.553554e-07 6.987296e-12 2.565898e-06 clkbuf_leaf_215_v_clk
 4.309854e-07 2.132293e-06 1.065379e-11 2.563289e-06 fanout1327
 1.432998e-06 1.129113e-06 6.971915e-12 2.562118e-06 clkbuf_leaf_82_w_clk
 1.430091e-06 1.124206e-06 6.971915e-12 2.554303e-06 clkbuf_leaf_49_w_clk
 1.604193e-06 9.487127e-07 6.987296e-12 2.552912e-06 clkbuf_leaf_138_v_clk
 4.232477e-07 2.116813e-06 4.325860e-12 2.540065e-06 fanout1171
 1.427466e-06 1.106937e-06 6.971915e-12 2.534410e-06 clkbuf_leaf_29_w_clk
 1.423846e-06 1.105745e-06 6.971915e-12 2.529599e-06 clkbuf_leaf_151_w_clk
 4.420012e-07 2.082172e-06 1.093762e-11 2.524184e-06 fanout373
 1.430276e-06 1.087135e-06 6.971915e-12 2.517417e-06 clkbuf_leaf_121_w_clk
 3.036344e-07 2.210344e-06 1.076088e-11 2.513989e-06 fanout726
 1.428345e-06 1.085234e-06 6.971915e-12 2.513586e-06 clkbuf_leaf_162_w_clk
 1.428704e-06 1.077332e-06 6.971915e-12 2.506043e-06 clkbuf_leaf_83_w_clk
 1.428653e-06 1.076315e-06 6.971915e-12 2.504975e-06 clkbuf_leaf_90_w_clk
 1.599773e-06 9.034944e-07 6.987296e-12 2.503275e-06 clkbuf_leaf_74_v_clk
 1.426597e-06 1.076528e-06 6.971915e-12 2.503132e-06 clkbuf_leaf_124_w_clk
 1.422591e-06 1.070543e-06 6.971915e-12 2.493142e-06 clkbuf_leaf_146_w_clk
 1.425050e-06 1.059917e-06 6.971915e-12 2.484974e-06 clkbuf_leaf_48_w_clk
 6.087479e-07 1.865832e-06 1.300248e-11 2.474593e-06 fanout1603
 1.422786e-06 1.049978e-06 6.971915e-12 2.472770e-06 clkbuf_leaf_53_w_clk
 1.422515e-06 1.048214e-06 6.971915e-12 2.470736e-06 clkbuf_leaf_102_w_clk
 1.427286e-06 1.039050e-06 6.971915e-12 2.466343e-06 clkbuf_leaf_45_w_clk
 1.426542e-06 1.039699e-06 6.971915e-12 2.466248e-06 clkbuf_leaf_116_w_clk
 1.421498e-06 1.038382e-06 6.971915e-12 2.459887e-06 clkbuf_leaf_31_w_clk
 3.506344e-07 2.105613e-06 1.082913e-11 2.456259e-06 fanout468
 1.427142e-06 1.024357e-06 6.971915e-12 2.451506e-06 clkbuf_leaf_94_w_clk
 1.421857e-06 1.029063e-06 6.971915e-12 2.450927e-06 clkbuf_leaf_51_w_clk
 4.274098e-07 2.011293e-06 1.091697e-11 2.438714e-06 fanout1266
 1.423044e-06 9.999377e-07 6.971915e-12 2.422989e-06 clkbuf_leaf_120_w_clk
 3.811985e-07 2.021711e-06 1.314562e-11 2.402923e-06 fanout1379
 3.333790e-07 2.066310e-06 7.109876e-12 2.399696e-06 fanout1093
 3.910878e-07 1.997709e-06 7.067058e-12 2.388804e-06 hold64
 1.419545e-06 9.674825e-07 6.971915e-12 2.387035e-06 clkbuf_leaf_80_w_clk
 1.414237e-06 9.712021e-07 6.971915e-12 2.385447e-06 clkbuf_leaf_21_w_clk
 1.419670e-06 9.629961e-07 6.971915e-12 2.382673e-06 clkbuf_leaf_125_w_clk
 1.416931e-06 9.610635e-07 6.971915e-12 2.378002e-06 clkbuf_leaf_129_w_clk
 1.415652e-06 9.487088e-07 6.971915e-12 2.364368e-06 clkbuf_leaf_47_w_clk
 4.971450e-07 1.856801e-06 1.101777e-11 2.353956e-06 fanout1158
 1.416138e-06 9.377994e-07 6.971915e-12 2.353944e-06 clkbuf_leaf_167_w_clk
 2.692028e-07 2.084613e-06 1.074128e-11 2.353826e-06 fanout767
 1.418346e-06 9.332131e-07 6.971915e-12 2.351567e-06 clkbuf_leaf_40_w_clk
 1.416600e-06 9.339950e-07 6.971915e-12 2.350602e-06 clkbuf_leaf_81_w_clk
 1.413341e-06 9.330660e-07 6.971915e-12 2.346414e-06 clkbuf_leaf_55_w_clk
 1.410780e-06 9.304867e-07 6.971915e-12 2.341274e-06 clkbuf_leaf_9_w_clk
 1.413857e-06 9.118001e-07 6.971915e-12 2.325664e-06 clkbuf_leaf_2_w_clk
 1.412452e-06 8.945765e-07 6.971915e-12 2.307035e-06 clkbuf_leaf_1_w_clk
 1.408593e-06 8.786851e-07 6.971915e-12 2.287285e-06 clkbuf_leaf_103_w_clk
 1.406782e-06 8.804589e-07 6.971915e-12 2.287248e-06 clkbuf_leaf_13_w_clk
 1.410129e-06 8.656244e-07 6.971915e-12 2.275761e-06 clkbuf_leaf_166_w_clk
 4.164928e-07 1.856827e-06 1.269975e-11 2.273332e-06 hold16
 1.412111e-06 8.589842e-07 6.971915e-12 2.271102e-06 clkbuf_leaf_38_w_clk
 1.409555e-06 8.593335e-07 6.971915e-12 2.268895e-06 clkbuf_leaf_165_w_clk
 3.646526e-07 1.901106e-06 7.239313e-12 2.265765e-06 max_cap783
 1.407825e-06 8.382689e-07 6.971915e-12 2.246101e-06 clkbuf_leaf_164_w_clk
 1.409891e-06 8.340336e-07 6.971915e-12 2.243932e-06 clkbuf_leaf_35_w_clk
 1.772351e-07 2.065350e-06 4.523874e-12 2.242590e-06 hold900
 1.403274e-06 8.344639e-07 6.971915e-12 2.237745e-06 clkbuf_leaf_143_w_clk
 2.560921e-07 1.964831e-06 7.397422e-12 2.220931e-06 max_cap366
 1.400946e-06 8.079076e-07 6.971915e-12 2.208860e-06 clkbuf_leaf_17_w_clk
 2.933825e-07 1.913277e-06 6.985604e-12 2.206667e-06 max_cap422
 1.405265e-06 7.871215e-07 6.971915e-12 2.192393e-06 clkbuf_leaf_118_w_clk
 1.399770e-06 7.886139e-07 6.971915e-12 2.188390e-06 clkbuf_leaf_138_w_clk
 3.669328e-07 1.820370e-06 7.310001e-12 2.187310e-06 max_cap470
 1.398883e-06 7.864526e-07 6.971915e-12 2.185343e-06 clkbuf_leaf_6_w_clk
 3.349490e-07 1.833459e-06 1.080883e-11 2.168418e-06 fanout724
 1.403450e-06 7.580856e-07 6.971915e-12 2.161542e-06 clkbuf_leaf_42_w_clk
 1.401713e-06 7.558070e-07 6.971915e-12 2.157527e-06 clkbuf_leaf_85_w_clk
 4.280548e-07 1.721060e-06 1.372868e-11 2.149129e-06 fanout1264
 4.349314e-07 1.709562e-06 1.098732e-11 2.144504e-06 fanout1454
 4.236562e-07 1.718448e-06 4.325860e-12 2.142108e-06 fanout1188
 4.530598e-07 1.682826e-06 1.093517e-11 2.135896e-06 fanout1089
 1.401282e-06 7.321124e-07 6.971915e-12 2.133402e-06 clkbuf_leaf_46_w_clk
 1.397800e-06 7.337070e-07 6.971915e-12 2.131514e-06 clkbuf_leaf_63_w_clk
 2.655408e-07 1.861039e-06 6.978283e-12 2.126587e-06 max_cap404
 2.462010e-07 1.878023e-06 1.070804e-11 2.124234e-06 fanout735
 2.599799e-07 1.864013e-06 6.972069e-12 2.124000e-06 max_cap710
 4.231199e-07 1.696585e-06 3.983316e-12 2.119709e-06 fanout1521
 1.398132e-06 7.126916e-07 6.971915e-12 2.110831e-06 clkbuf_leaf_78_w_clk
 3.035910e-07 1.803456e-06 7.087605e-12 2.107054e-06 max_cap693
 4.309813e-07 1.672235e-06 1.091697e-11 2.103227e-06 fanout1268
 1.397516e-06 7.053920e-07 6.971915e-12 2.102915e-06 clkbuf_leaf_91_w_clk
 1.392520e-06 7.055539e-07 6.971915e-12 2.098081e-06 clkbuf_leaf_3_w_clk
 1.394637e-06 6.992461e-07 6.971915e-12 2.093890e-06 clkbuf_leaf_22_w_clk
 1.392022e-06 6.962139e-07 6.971915e-12 2.088243e-06 clkbuf_leaf_4_w_clk
 1.394049e-06 6.808502e-07 6.971915e-12 2.074906e-06 clkbuf_leaf_108_w_clk
 1.391812e-06 6.738236e-07 6.971915e-12 2.065643e-06 clkbuf_leaf_64_w_clk
 3.091812e-07 1.755286e-06 7.180071e-12 2.064475e-06 fanout1646
 3.139109e-07 1.737590e-06 7.199632e-12 2.051509e-06 fanout1839
 1.389111e-06 6.621452e-07 6.971915e-12 2.051263e-06 clkbuf_leaf_10_w_clk
 3.350648e-07 1.709607e-06 7.225840e-12 2.044679e-06 fanout1356
 1.387820e-06 6.490845e-07 6.971915e-12 2.036911e-06 clkbuf_leaf_8_w_clk
 1.389238e-06 6.418647e-07 6.971915e-12 2.031109e-06 clkbuf_leaf_67_w_clk
 1.959016e-07 1.810554e-06 4.499508e-12 2.006460e-06 hold368
 4.199615e-07 1.579649e-06 1.372273e-11 1.999624e-06 fanout1259
 3.094337e-07 1.688263e-06 7.199632e-12 1.997704e-06 fanout1840
 1.384668e-06 6.095891e-07 6.971915e-12 1.994264e-06 clkbuf_leaf_5_w_clk
 3.118165e-07 1.681445e-06 7.199632e-12 1.993269e-06 fanout1846
 1.380957e-06 5.637269e-07 6.971915e-12 1.944691e-06 clkbuf_leaf_7_w_clk
 4.238035e-07 1.491494e-06 3.983316e-12 1.915301e-06 fanout1556
 2.299286e-07 1.681362e-06 1.070454e-11 1.911302e-06 fanout1148
 1.378612e-06 5.271449e-07 6.971915e-12 1.905763e-06 clkbuf_leaf_147_w_clk
 4.241066e-07 1.479883e-06 3.983316e-12 1.903993e-06 fanout1515
 1.379823e-06 5.173134e-07 6.971915e-12 1.897144e-06 clkbuf_leaf_24_w_clk
 1.377473e-06 5.179058e-07 6.971915e-12 1.895385e-06 clkbuf_leaf_18_w_clk
 1.379508e-06 5.116940e-07 6.971915e-12 1.891209e-06 clkbuf_leaf_25_w_clk
 4.286463e-07 1.458380e-06 1.084453e-11 1.887037e-06 fanout974
 3.130994e-07 1.553233e-06 7.180071e-12 1.866340e-06 fanout1645
 2.002897e-07 1.657074e-06 4.495063e-12 1.857368e-06 hold171
 1.376974e-06 4.752769e-07 6.971915e-12 1.852258e-06 clkbuf_leaf_141_w_clk
 3.280799e-07 1.513160e-06 7.032114e-12 1.841247e-06 fanout1939
 3.034751e-07 1.520087e-06 7.070380e-12 1.823570e-06 fanout1872
 2.719426e-07 1.536243e-06 6.973730e-12 1.808193e-06 fanout387
 1.373102e-06 4.348198e-07 6.971915e-12 1.807929e-06 clkbuf_leaf_60_w_clk
 3.013038e-07 1.496290e-06 7.309323e-12 1.797601e-06 fanout1613
 2.118904e-07 1.581759e-06 7.121255e-12 1.793657e-06 fanout464
 3.048600e-07 1.464447e-06 7.070380e-12 1.769314e-06 fanout1912
 2.182085e-07 1.551098e-06 6.943278e-12 1.769313e-06 max_cap499
 2.355665e-07 1.527544e-06 7.127960e-12 1.763118e-06 fanout803
 3.602413e-07 1.400244e-06 7.100032e-12 1.760493e-06 max_cap1068
 1.956720e-07 1.553163e-06 4.522672e-12 1.748839e-06 hold690
 1.832080e-07 1.551221e-06 4.495639e-12 1.734434e-06 hold655
 2.045562e-07 1.525621e-06 4.510593e-12 1.730182e-06 hold1315
 3.034965e-07 1.420830e-06 7.070380e-12 1.724334e-06 fanout1877
 3.045681e-07 1.395025e-06 7.309323e-12 1.699601e-06 fanout1571
 2.017693e-07 1.490073e-06 4.501913e-12 1.691847e-06 hold330
 3.058080e-07 1.373469e-06 7.070380e-12 1.679284e-06 fanout1864
 1.784382e-07 1.488432e-06 1.068249e-11 1.666880e-06 fanout1005
 2.947316e-07 1.363955e-06 1.075633e-11 1.658697e-06 max_cap751
 2.362653e-07 1.422265e-06 6.956689e-12 1.658537e-06 max_cap705
 3.060366e-07 1.345538e-06 7.070380e-12 1.651582e-06 fanout1870
 3.052577e-07 1.345580e-06 7.309323e-12 1.650845e-06 fanout1592
 1.916244e-07 1.458346e-06 6.934972e-12 1.649977e-06 max_cap712
 3.010944e-07 1.327339e-06 7.309323e-12 1.628441e-06 fanout1609
 1.790505e-07 1.436786e-06 4.729838e-12 1.615841e-06 hold1208
 3.018288e-07 1.310309e-06 7.070380e-12 1.612145e-06 fanout1897
 1.899487e-07 1.420821e-06 4.483978e-12 1.610775e-06 hold716
 3.070695e-07 1.303368e-06 7.070380e-12 1.610445e-06 fanout1863
 3.087967e-07 1.293827e-06 7.070380e-12 1.602631e-06 fanout1888
 3.086455e-07 1.288886e-06 7.309323e-12 1.597539e-06 fanout1601
 3.050425e-07 1.282192e-06 7.070380e-12 1.587242e-06 fanout1855
 3.044544e-07 1.280307e-06 7.070380e-12 1.584769e-06 fanout1919
 3.048468e-07 1.272920e-06 7.309323e-12 1.577774e-06 fanout1610
 2.620371e-07 1.314918e-06 1.072484e-11 1.576966e-06 fanout494
 1.562042e-07 1.405885e-06 4.609103e-12 1.562094e-06 fanout1621
 3.054740e-07 1.256000e-06 7.070380e-12 1.561481e-06 fanout1900
 3.038323e-07 1.248600e-06 7.309323e-12 1.552439e-06 fanout1579
 2.140536e-07 1.332269e-06 7.482109e-12 1.546330e-06 fanout832
 2.897504e-07 1.253448e-06 7.392254e-12 1.543206e-06 fanout1429
 1.541438e-06 0.000000e+00 6.987296e-12 1.541445e-06 clkload152
 1.539987e-06 0.000000e+00 6.987296e-12 1.539994e-06 clkload146
 1.539899e-06 0.000000e+00 6.987296e-12 1.539906e-06 clkload231
 1.539702e-06 0.000000e+00 6.987296e-12 1.539709e-06 clkload189
 1.539532e-06 0.000000e+00 6.987296e-12 1.539539e-06 clkload322
 1.539493e-06 0.000000e+00 6.987296e-12 1.539500e-06 clkload310
 1.539377e-06 0.000000e+00 6.987296e-12 1.539384e-06 clkload187
 1.539351e-06 0.000000e+00 6.987296e-12 1.539358e-06 clkload184
 1.539324e-06 0.000000e+00 6.987296e-12 1.539331e-06 clkload208
 1.539205e-06 0.000000e+00 6.987296e-12 1.539212e-06 clkload254
 1.539188e-06 0.000000e+00 6.987296e-12 1.539195e-06 clkload213
 1.538998e-06 0.000000e+00 6.987296e-12 1.539005e-06 clkload308
 1.538871e-06 0.000000e+00 6.987296e-12 1.538878e-06 clkload255
 1.538779e-06 0.000000e+00 6.987296e-12 1.538786e-06 clkload216
 1.538712e-06 0.000000e+00 6.987296e-12 1.538719e-06 clkload164
 1.538629e-06 0.000000e+00 6.987296e-12 1.538636e-06 clkload318
 1.538571e-06 0.000000e+00 6.987296e-12 1.538578e-06 clkload174
 1.538474e-06 0.000000e+00 6.987296e-12 1.538481e-06 clkload237
 1.538348e-06 0.000000e+00 6.987296e-12 1.538354e-06 clkload258
 1.538314e-06 0.000000e+00 6.987296e-12 1.538321e-06 clkload267
 1.538205e-06 0.000000e+00 6.987296e-12 1.538212e-06 clkload170
 1.538183e-06 0.000000e+00 6.987296e-12 1.538190e-06 clkload275
 1.538168e-06 0.000000e+00 6.987296e-12 1.538175e-06 clkload166
 1.537776e-06 0.000000e+00 6.987296e-12 1.537783e-06 clkload167
 1.537711e-06 0.000000e+00 6.987296e-12 1.537718e-06 clkload153
 1.537602e-06 0.000000e+00 6.987296e-12 1.537609e-06 clkload194
 1.537535e-06 0.000000e+00 6.987296e-12 1.537542e-06 clkload272
 1.537444e-06 0.000000e+00 6.987296e-12 1.537451e-06 clkload177
 1.506118e-07 1.384266e-06 6.915286e-12 1.534885e-06 fanout727
 3.050194e-07 1.224671e-06 7.070380e-12 1.529697e-06 fanout1922
 3.053549e-07 1.221695e-06 7.070380e-12 1.527057e-06 fanout1901
 3.048912e-07 1.199888e-06 7.070380e-12 1.504787e-06 fanout1874
 3.077022e-07 1.186092e-06 7.309323e-12 1.493802e-06 fanout1578
 3.082434e-07 1.172222e-06 7.309323e-12 1.480473e-06 fanout1602
 2.131100e-07 1.261080e-06 7.483339e-12 1.474197e-06 fanout571
 3.080661e-07 1.165539e-06 7.070380e-12 1.473612e-06 fanout1873
 3.070429e-07 1.148573e-06 7.070380e-12 1.455623e-06 fanout1868
 3.046421e-07 1.149649e-06 7.070380e-12 1.454298e-06 fanout1907
 3.036271e-07 1.150175e-06 7.070380e-12 1.453810e-06 fanout1889
 1.971910e-07 1.250396e-06 4.486279e-12 1.447591e-06 hold495
 2.119938e-07 1.228163e-06 6.896460e-12 1.440164e-06 fanout649
 2.878649e-07 1.126043e-06 6.975022e-12 1.413915e-06 hold70
 2.011274e-07 1.202923e-06 7.123595e-12 1.404057e-06 fanout1649
 3.041905e-07 1.094744e-06 7.070380e-12 1.398942e-06 fanout1916
 2.131779e-07 1.174843e-06 6.929989e-12 1.388027e-06 fanout973
 1.569990e-07 1.208169e-06 4.609103e-12 1.365173e-06 fanout1628
 2.146820e-07 1.138611e-06 7.482109e-12 1.353301e-06 fanout835
 1.821894e-07 1.170495e-06 4.463533e-12 1.352688e-06 hold422
 1.351352e-06 0.000000e+00 6.971915e-12 1.351359e-06 clkload48
 1.351273e-06 0.000000e+00 6.971915e-12 1.351279e-06 clkload61
 1.350869e-06 0.000000e+00 6.971915e-12 1.350876e-06 clkload45
 1.349541e-06 0.000000e+00 6.971915e-12 1.349548e-06 clkload43
 1.349435e-06 0.000000e+00 6.971915e-12 1.349442e-06 clkload42
 1.346002e-06 0.000000e+00 6.971915e-12 1.346009e-06 clkload74
 1.345998e-06 0.000000e+00 6.971915e-12 1.346005e-06 clkload96
 1.345478e-06 0.000000e+00 6.971915e-12 1.345485e-06 clkload128
 1.345108e-06 0.000000e+00 6.971915e-12 1.345115e-06 clkload127
 1.343678e-06 0.000000e+00 6.971915e-12 1.343685e-06 clkload94
 2.023391e-07 1.134917e-06 7.256108e-12 1.337263e-06 fanout1830
 1.335150e-06 0.000000e+00 6.971915e-12 1.335157e-06 clkload34
 1.331676e-06 0.000000e+00 6.971915e-12 1.331683e-06 clkload24
 1.865173e-07 1.097421e-06 7.045218e-12 1.283945e-06 fanout1394
 2.145023e-07 1.063584e-06 7.482109e-12 1.278094e-06 fanout829
 2.289861e-07 1.045954e-06 1.069719e-11 1.274951e-06 max_cap1087
 2.142059e-07 1.045967e-06 6.896460e-12 1.260180e-06 fanout1323
 1.656047e-07 1.073827e-06 4.602622e-12 1.239436e-06 fanout755
 2.146836e-07 1.022296e-06 6.897690e-12 1.236986e-06 fanout814
 1.576747e-07 1.070550e-06 4.609103e-12 1.228229e-06 fanout1639
 1.878625e-07 1.035503e-06 7.334486e-12 1.223373e-06 fanout1373
 1.536776e-07 1.069618e-06 4.499246e-12 1.223301e-06 fanout1580
 1.882504e-07 1.033002e-06 7.334486e-12 1.221260e-06 fanout1371
 1.541545e-07 1.066648e-06 4.702334e-12 1.220807e-06 hold74
 1.576254e-07 1.061320e-06 4.592478e-12 1.218950e-06 fanout1836
 2.108999e-07 9.970876e-07 7.121255e-12 1.207995e-06 fanout463
 2.008434e-07 1.006311e-06 7.256108e-12 1.207162e-06 fanout1828
 6.670992e-08 1.139972e-06 5.535669e-12 1.206687e-06 _19489_
 1.535698e-07 1.051319e-06 4.702334e-12 1.204894e-06 fanout1884
 1.577652e-07 1.043982e-06 4.609103e-12 1.201752e-06 fanout1634
 1.576601e-07 1.031854e-06 4.592478e-12 1.189518e-06 fanout1848
 1.374695e-07 1.045730e-06 6.944077e-12 1.183206e-06 fanout1147
 1.572565e-07 1.020556e-06 4.609103e-12 1.177817e-06 fanout1616
 2.148213e-07 9.610924e-07 6.897690e-12 1.175921e-06 fanout806
 2.151335e-07 9.576665e-07 7.483244e-12 1.172808e-06 fanout1288
 1.571690e-07 1.002519e-06 4.687275e-12 1.159692e-06 fanout749
 5.624072e-08 1.094779e-06 5.633136e-12 1.151025e-06 _20526_
 1.689597e-07 9.753907e-07 6.930112e-12 1.144357e-06 max_cap1064
 1.876074e-07 9.551635e-07 7.045218e-12 1.142778e-06 fanout1411
 1.536215e-07 9.835055e-07 4.702334e-12 1.137132e-06 fanout1882
 1.690695e-07 9.553966e-07 7.000553e-12 1.124473e-06 fanout534
 1.704586e-07 9.453620e-07 7.379150e-12 1.115828e-06 fanout512
 1.691004e-07 9.373715e-07 7.000553e-12 1.106479e-06 max_cap537
 8.570021e-08 1.020477e-06 3.275798e-12 1.106180e-06 _19120_
 1.484538e-07 9.547418e-07 6.917316e-12 1.103203e-06 max_cap753
 1.554887e-07 9.476477e-07 4.702334e-12 1.103141e-06 fanout1885
 1.539333e-07 9.459716e-07 4.702334e-12 1.099909e-06 fanout1857
 1.577259e-07 9.419119e-07 4.609103e-12 1.099642e-06 fanout1627
 1.876962e-07 9.112071e-07 7.045218e-12 1.098910e-06 fanout1381
 1.356152e-07 9.545557e-07 4.630230e-12 1.090175e-06 fanout1285
 1.542850e-07 9.326543e-07 4.702334e-12 1.086944e-06 fanout1921
 2.089175e-07 8.770842e-07 4.511430e-12 1.086006e-06 fanout878
 1.736951e-07 9.121000e-07 6.930912e-12 1.085802e-06 max_cap362
 1.551746e-07 9.281597e-07 4.499246e-12 1.083339e-06 fanout1608
 1.542666e-07 9.234589e-07 4.499246e-12 1.077730e-06 fanout1611
 1.552587e-07 9.217695e-07 4.702334e-12 1.077033e-06 fanout1925
 1.695689e-07 9.068032e-07 7.000553e-12 1.076379e-06 fanout1044
 1.599472e-07 9.124475e-07 4.584687e-12 1.072399e-06 hold98
 1.537666e-07 9.118124e-07 4.499246e-12 1.065584e-06 fanout1606
 1.583940e-07 9.049236e-07 4.609103e-12 1.063322e-06 fanout1638
 1.707924e-07 8.866845e-07 7.000553e-12 1.057484e-06 fanout535
 1.877813e-07 8.619204e-07 7.334486e-12 1.049709e-06 fanout1368
 1.935231e-07 8.502272e-07 4.496423e-12 1.043755e-06 fanout1567
 2.155411e-07 8.203759e-07 7.483339e-12 1.035924e-06 fanout564
 1.551800e-07 8.752031e-07 4.499246e-12 1.030388e-06 fanout1596
 1.539953e-07 8.636157e-07 4.499246e-12 1.017616e-06 fanout1590
 1.876810e-07 8.288610e-07 7.045218e-12 1.016549e-06 fanout1402
 3.167090e-07 6.947251e-07 7.199632e-12 1.011441e-06 hold1
 1.585321e-07 8.486745e-07 4.609103e-12 1.007211e-06 fanout1619
 1.545909e-07 8.437582e-07 4.702334e-12 9.983538e-07 fanout1856
 1.553607e-07 8.408666e-07 4.702334e-12 9.962320e-07 fanout1895
 1.681542e-07 8.239803e-07 4.612816e-12 9.921392e-07 fanout1435
 1.877584e-07 8.018610e-07 7.045218e-12 9.896264e-07 fanout1388
 1.675006e-07 8.214063e-07 4.734858e-12 9.889117e-07 fanout1931
 1.431716e-07 8.262720e-07 6.914424e-12 9.694505e-07 max_cap447
 3.014227e-07 6.667614e-07 7.070380e-12 9.681911e-07 fanout1902
 1.714106e-07 7.916627e-07 7.000553e-12 9.630804e-07 fanout1035
 1.553571e-07 7.999402e-07 4.702334e-12 9.553020e-07 fanout1892
 2.025553e-07 7.510557e-07 4.507979e-12 9.536155e-07 fanout919
 1.547359e-07 7.971428e-07 4.702334e-12 9.518834e-07 fanout1917
 1.968841e-07 7.479284e-07 4.470435e-12 9.448170e-07 fanout846
 2.219864e-07 7.142241e-07 4.535535e-12 9.362150e-07 fanout882
 1.552226e-07 7.685996e-07 4.702334e-12 9.238270e-07 fanout1869
 1.359209e-07 7.863171e-07 7.435627e-12 9.222454e-07 fanout1100
 1.200768e-07 7.992411e-07 4.800428e-12 9.193227e-07 fanout730
 1.385582e-07 7.785717e-07 6.944077e-12 9.171370e-07 fanout1118
 1.875760e-07 7.254607e-07 4.513103e-12 9.130412e-07 fanout855
 1.385515e-07 7.744419e-07 6.944077e-12 9.130003e-07 fanout1121
 1.552222e-07 7.562615e-07 4.702334e-12 9.114884e-07 fanout1926
 1.549898e-07 7.478662e-07 4.702334e-12 9.028608e-07 fanout1909
 1.549461e-07 7.410197e-07 4.702334e-12 8.959706e-07 fanout1913
 1.065058e-07 7.881606e-07 4.373234e-12 8.946708e-07 wire334
 1.563194e-07 7.239749e-07 4.702334e-12 8.802990e-07 fanout1918
 1.079923e-07 7.688994e-07 4.352390e-12 8.768961e-07 fanout827
 1.978799e-07 6.780392e-07 4.515352e-12 8.759236e-07 fanout886
 1.958540e-07 6.729711e-07 4.508868e-12 8.688295e-07 fanout858
 1.980916e-07 6.655495e-07 4.710282e-12 8.636458e-07 fanout870
 2.022444e-07 6.606653e-07 4.503952e-12 8.629141e-07 fanout950
 1.956688e-07 6.621194e-07 4.512475e-12 8.577927e-07 fanout850
 2.025124e-07 6.545775e-07 4.506881e-12 8.570944e-07 fanout879
 1.391022e-07 7.109452e-07 6.944077e-12 8.500543e-07 fanout1123
 1.383221e-07 7.106637e-07 7.435627e-12 8.489932e-07 fanout1096
 1.178395e-07 7.264485e-07 6.906057e-12 8.442948e-07 fanout1021
 2.101182e-07 6.328546e-07 4.513835e-12 8.429772e-07 fanout944
 1.377879e-07 6.999870e-07 6.944077e-12 8.377817e-07 fanout1145
 1.288044e-07 7.079222e-07 4.797134e-12 8.367314e-07 fanout368
 1.086628e-07 7.248649e-07 4.352390e-12 8.335321e-07 fanout833
 1.977206e-07 6.312633e-07 4.500711e-12 8.289884e-07 fanout940
 1.082314e-07 7.194689e-07 4.351344e-12 8.277046e-07 fanout579
 1.821147e-07 6.447508e-07 4.525966e-12 8.268701e-07 fanout876
 1.081189e-07 7.134217e-07 4.850155e-12 8.215455e-07 fanout641
 9.435989e-08 7.245348e-07 4.477860e-12 8.188992e-07 fanout1378
 1.382101e-07 6.802869e-07 6.944077e-12 8.185039e-07 fanout1124
 1.082781e-07 7.089577e-07 4.850155e-12 8.172406e-07 fanout617
 1.556441e-07 6.579161e-07 4.702334e-12 8.135650e-07 fanout1878
 8.114680e-07 0.000000e+00 4.052372e-12 8.114720e-07 clkload16
 1.107743e-07 6.994609e-07 4.379923e-12 8.102396e-07 fanout962
 8.100144e-07 0.000000e+00 4.052372e-12 8.100184e-07 clkload20
 1.079136e-07 6.960701e-07 4.850155e-12 8.039885e-07 fanout656
 1.083866e-07 6.883341e-07 4.351344e-12 7.967251e-07 fanout556
 1.851734e-07 6.109386e-07 4.518175e-12 7.961165e-07 fanout890
 7.948485e-07 0.000000e+00 4.772951e-12 7.948533e-07 clkload300
 7.946213e-07 0.000000e+00 4.772951e-12 7.946260e-07 clkload223
 7.945994e-07 0.000000e+00 4.772951e-12 7.946041e-07 clkload145
 7.945889e-07 0.000000e+00 4.772951e-12 7.945937e-07 clkload304
 7.945172e-07 0.000000e+00 4.772951e-12 7.945220e-07 clkload179
 7.945068e-07 0.000000e+00 4.772951e-12 7.945115e-07 clkload256
 7.945029e-07 0.000000e+00 4.772951e-12 7.945076e-07 clkload301
 7.943975e-07 0.000000e+00 4.772951e-12 7.944022e-07 clkload299
 7.943812e-07 0.000000e+00 4.772951e-12 7.943860e-07 clkload225
 7.943751e-07 0.000000e+00 4.772951e-12 7.943798e-07 clkload209
 7.943120e-07 0.000000e+00 4.772951e-12 7.943168e-07 clkload207
 7.943001e-07 0.000000e+00 4.772951e-12 7.943049e-07 clkload151
 7.942851e-07 0.000000e+00 4.772951e-12 7.942899e-07 clkload233
 7.942837e-07 0.000000e+00 4.772951e-12 7.942885e-07 clkload150
 7.942779e-07 0.000000e+00 4.772951e-12 7.942827e-07 clkload219
 7.942733e-07 0.000000e+00 4.772951e-12 7.942781e-07 clkload210
 7.942578e-07 0.000000e+00 4.772951e-12 7.942626e-07 clkload212
 7.942174e-07 0.000000e+00 4.772951e-12 7.942222e-07 clkload236
 7.941903e-07 0.000000e+00 4.772951e-12 7.941950e-07 clkload226
 7.941707e-07 0.000000e+00 4.772951e-12 7.941755e-07 clkload303
 7.941164e-07 0.000000e+00 4.772951e-12 7.941212e-07 clkload220
 7.941010e-07 0.000000e+00 4.772951e-12 7.941057e-07 clkload283
 7.939925e-07 0.000000e+00 4.772951e-12 7.939973e-07 clkload147
 7.938717e-07 0.000000e+00 4.772951e-12 7.938764e-07 clkload162
 7.938464e-07 0.000000e+00 4.772951e-12 7.938511e-07 clkload309
 7.937846e-07 0.000000e+00 4.772951e-12 7.937894e-07 clkload197
 1.013786e-07 6.921896e-07 4.544476e-12 7.935728e-07 fanout1825
 7.935465e-07 0.000000e+00 4.772951e-12 7.935512e-07 clkload169
 7.935416e-07 0.000000e+00 4.772951e-12 7.935464e-07 clkload191
 7.935360e-07 0.000000e+00 4.772951e-12 7.935408e-07 clkload312
 7.935134e-07 0.000000e+00 4.772951e-12 7.935182e-07 clkload239
 7.934848e-07 0.000000e+00 4.772951e-12 7.934896e-07 clkload293
 1.083054e-07 6.814090e-07 4.850155e-12 7.897193e-07 fanout627
 1.083499e-07 6.793446e-07 4.351425e-12 7.876988e-07 fanout1304
 1.857245e-07 5.995262e-07 4.716295e-12 7.852554e-07 fanout911
 9.473575e-08 6.884504e-07 4.477860e-12 7.831906e-07 fanout1359
 1.888301e-07 5.939010e-07 4.491560e-12 7.827356e-07 fanout893
 1.085113e-07 6.719292e-07 4.351425e-12 7.804448e-07 fanout1309
 1.088590e-07 6.683605e-07 4.351344e-12 7.772239e-07 fanout557
 9.455682e-08 6.812650e-07 4.477860e-12 7.758263e-07 fanout1364
 9.537900e-08 6.797451e-07 4.723721e-12 7.751288e-07 fanout1403
 1.086345e-07 6.662515e-07 4.352390e-12 7.748903e-07 fanout830
 1.812917e-07 5.915639e-07 4.475350e-12 7.728601e-07 fanout885
 1.089479e-07 6.630318e-07 4.351425e-12 7.719841e-07 fanout1311
 1.743246e-07 5.973842e-07 4.497939e-12 7.717133e-07 fanout880
 1.085508e-07 6.630175e-07 4.351425e-12 7.715727e-07 fanout1307
 1.143329e-07 6.555039e-07 4.809161e-12 7.698416e-07 fanout702
 1.084636e-07 6.593993e-07 4.850155e-12 7.678677e-07 fanout604
 1.104149e-07 6.572706e-07 4.351425e-12 7.676899e-07 hold55
 1.372295e-07 6.293387e-07 7.435627e-12 7.665756e-07 fanout1110
 9.464080e-08 6.674795e-07 4.723721e-12 7.621250e-07 fanout1395
 1.082411e-07 6.533601e-07 4.351425e-12 7.616056e-07 fanout1291
 1.084336e-07 6.526658e-07 4.351425e-12 7.611038e-07 fanout1313
 1.091189e-07 6.519475e-07 4.849109e-12 7.610712e-07 fanout813
 1.085534e-07 6.441805e-07 4.351344e-12 7.527383e-07 fanout562
 1.092675e-07 6.402835e-07 4.351425e-12 7.495553e-07 fanout1318
 1.847011e-07 5.594524e-07 4.491560e-12 7.441579e-07 fanout892
 1.841047e-07 5.579824e-07 4.474305e-12 7.420917e-07 fanout840
 1.087810e-07 6.314639e-07 4.849109e-12 7.402497e-07 fanout816
 1.085830e-07 6.314422e-07 4.379923e-12 7.400295e-07 fanout961
 1.086016e-07 6.264359e-07 4.849109e-12 7.350424e-07 fanout810
 1.087512e-07 6.215507e-07 4.351425e-12 7.303063e-07 fanout1320
 1.086394e-07 6.186371e-07 4.850155e-12 7.272813e-07 fanout610
 1.086274e-07 6.183863e-07 4.850155e-12 7.270186e-07 fanout594
 1.089945e-07 6.161487e-07 4.351344e-12 7.251476e-07 fanout581
 8.302084e-08 6.412464e-07 4.447624e-12 7.242717e-07 wire335
 1.084650e-07 6.157472e-07 4.351344e-12 7.242166e-07 fanout583
 1.167153e-07 6.074031e-07 6.903289e-12 7.241253e-07 max_cap674
 1.089758e-07 6.145389e-07 4.352390e-12 7.235191e-07 fanout834
 9.481256e-08 6.282066e-07 4.477860e-12 7.230237e-07 fanout1362
 1.088012e-07 6.124254e-07 4.351425e-12 7.212310e-07 fanout1308
 1.084768e-07 6.105693e-07 4.351425e-12 7.190504e-07 fanout1294
 1.086492e-07 6.084110e-07 4.351425e-12 7.170646e-07 fanout1317
 1.085357e-07 6.040075e-07 4.351344e-12 7.125476e-07 fanout567
 1.086272e-07 6.031712e-07 4.850155e-12 7.118032e-07 fanout662
 1.087478e-07 6.004859e-07 4.351344e-12 7.092380e-07 fanout558
 1.092543e-07 5.954276e-07 4.850155e-12 7.046867e-07 fanout653
 1.087715e-07 5.928326e-07 4.351425e-12 7.016085e-07 fanout1299
 1.091931e-07 5.924079e-07 4.351425e-12 7.016054e-07 fanout1292
 1.090197e-07 5.922643e-07 4.850155e-12 7.012887e-07 fanout664
 1.088355e-07 5.918427e-07 4.351344e-12 7.006826e-07 fanout568
 1.088625e-07 5.914130e-07 4.351344e-12 7.002799e-07 fanout576
 9.563418e-08 6.038639e-07 4.723721e-12 6.995028e-07 fanout1401
 1.089812e-07 5.881605e-07 4.850155e-12 6.971466e-07 fanout643
 1.086764e-07 5.884585e-07 4.850155e-12 6.971397e-07 fanout655
 6.968138e-07 0.000000e+00 4.786023e-12 6.968186e-07 clkload95
 6.966377e-07 0.000000e+00 4.786023e-12 6.966425e-07 clkload77
 6.962451e-07 0.000000e+00 4.786023e-12 6.962499e-07 clkload44
 6.959526e-07 0.000000e+00 4.786023e-12 6.959574e-07 clkload76
 6.958217e-07 0.000000e+00 4.786023e-12 6.958265e-07 clkload78
 6.955732e-07 0.000000e+00 4.786023e-12 6.955780e-07 clkload59
 6.953825e-07 0.000000e+00 4.786023e-12 6.953873e-07 clkload60
 6.951914e-07 0.000000e+00 4.786023e-12 6.951961e-07 clkload47
 6.951018e-07 0.000000e+00 4.786023e-12 6.951066e-07 clkload72
 6.950702e-07 0.000000e+00 4.786023e-12 6.950750e-07 clkload126
 6.949836e-07 0.000000e+00 4.786023e-12 6.949884e-07 clkload46
 6.949260e-07 0.000000e+00 4.786023e-12 6.949308e-07 clkload125
 6.945110e-07 0.000000e+00 4.786023e-12 6.945158e-07 clkload107
 6.944468e-07 0.000000e+00 4.786023e-12 6.944516e-07 clkload130
 6.944344e-07 0.000000e+00 4.786023e-12 6.944392e-07 clkload98
 6.938198e-07 0.000000e+00 4.786023e-12 6.938246e-07 clkload86
 1.718010e-07 5.217343e-07 4.507822e-12 6.935398e-07 fanout953
 6.934949e-07 0.000000e+00 4.786023e-12 6.934997e-07 clkload123
 1.088933e-07 5.840591e-07 4.849109e-12 6.929573e-07 fanout808
 1.089111e-07 5.839459e-07 4.821658e-12 6.928618e-07 fanout972
 8.592320e-08 6.066979e-07 4.761682e-12 6.926259e-07 fanout1060
 9.548413e-08 5.965365e-07 4.723721e-12 6.920254e-07 fanout1398
 9.505033e-08 5.963358e-07 4.723721e-12 6.913908e-07 fanout1406
 1.559959e-07 5.339684e-07 4.428499e-12 6.899688e-07 fanout909
 1.086397e-07 5.810331e-07 4.850155e-12 6.896776e-07 fanout616
 1.090885e-07 5.758658e-07 4.850155e-12 6.849591e-07 fanout669
 1.098000e-07 5.749594e-07 4.850155e-12 6.847643e-07 fanout618
 9.570907e-08 5.862739e-07 4.723721e-12 6.819877e-07 fanout1400
 1.086622e-07 5.732310e-07 4.351344e-12 6.818976e-07 fanout578
 1.096379e-07 5.690750e-07 4.351425e-12 6.787173e-07 fanout1286
 1.038549e-07 5.740940e-07 6.899844e-12 6.779557e-07 max_cap1008
 1.089376e-07 5.689213e-07 4.351425e-12 6.778633e-07 fanout1302
 9.491342e-08 5.827131e-07 4.477860e-12 6.776310e-07 fanout1376
 1.487066e-07 5.258593e-07 4.774075e-12 6.745706e-07 fanout917
 1.085762e-07 5.652527e-07 4.351344e-12 6.738333e-07 fanout586
 1.087294e-07 5.633518e-07 4.850155e-12 6.720861e-07 fanout613
 8.617503e-08 5.852260e-07 4.761682e-12 6.714058e-07 fanout1061
 1.090074e-07 5.590070e-07 4.351425e-12 6.680188e-07 fanout1319
 1.095370e-07 5.567545e-07 4.351344e-12 6.662959e-07 fanout584
 1.089545e-07 5.539168e-07 4.850155e-12 6.628762e-07 fanout621
 1.107276e-07 5.514501e-07 4.352390e-12 6.621821e-07 fanout92
 1.090017e-07 5.526372e-07 4.351425e-12 6.616433e-07 fanout1303
 9.518739e-08 5.649945e-07 4.723721e-12 6.601866e-07 fanout1385
 1.148302e-07 5.450045e-07 4.075207e-12 6.598388e-07 fanout873
 9.533584e-08 5.644333e-07 4.477860e-12 6.597736e-07 fanout1375
 1.089648e-07 5.392722e-07 4.850155e-12 6.482418e-07 fanout637
 1.087286e-07 5.392578e-07 4.351344e-12 6.479909e-07 fanout590
 1.106183e-07 5.366317e-07 4.850155e-12 6.472548e-07 fanout630
 1.091014e-07 5.380401e-07 4.821658e-12 6.471462e-07 fanout964
 1.090012e-07 5.376236e-07 4.850155e-12 6.466296e-07 fanout595
 1.098405e-07 5.347035e-07 4.821658e-12 6.445488e-07 fanout963
 1.089913e-07 5.319182e-07 4.850155e-12 6.409143e-07 fanout659
 1.088938e-07 5.302426e-07 4.850155e-12 6.391412e-07 fanout632
 8.650831e-08 5.485516e-07 4.761682e-12 6.350646e-07 fanout1040
 1.096736e-07 5.191928e-07 4.821658e-12 6.288713e-07 fanout971
 8.640264e-08 5.397790e-07 4.761682e-12 6.261864e-07 fanout1048
 8.634390e-08 5.392047e-07 4.761682e-12 6.255534e-07 fanout1054
 9.540429e-08 5.287655e-07 4.723721e-12 6.241745e-07 fanout1397
 8.692308e-08 5.348307e-07 4.439899e-12 6.217582e-07 fanout526
 9.518069e-08 5.258857e-07 4.723721e-12 6.210711e-07 fanout1399
 1.094323e-07 5.085412e-07 4.352390e-12 6.179778e-07 fanout68
 6.166900e-07 0.000000e+00 5.290992e-12 6.166953e-07 clkload141
 1.095793e-07 5.037823e-07 4.351425e-12 6.133660e-07 fanout1289
 6.122546e-07 0.000000e+00 5.290992e-12 6.122599e-07 clkload138
 6.117021e-07 0.000000e+00 5.290992e-12 6.117074e-07 clkload135
 1.037148e-07 5.064607e-07 4.544476e-12 6.101800e-07 hold17
 1.092134e-07 5.000693e-07 4.821658e-12 6.092876e-07 fanout251
 6.077562e-07 0.000000e+00 5.290992e-12 6.077615e-07 clkload139
 6.054910e-07 0.000000e+00 1.453042e-13 6.054912e-07 clkload6
 6.049505e-07 0.000000e+00 1.453042e-13 6.049507e-07 clkload10
 1.180654e-07 4.859017e-07 4.300907e-12 6.039714e-07 fanout839
 6.033871e-07 0.000000e+00 1.453042e-13 6.033873e-07 clkload4
 1.092873e-07 4.935327e-07 4.850155e-12 6.028248e-07 fanout601
 1.097739e-07 4.904849e-07 4.850155e-12 6.002635e-07 fanout668
 9.545484e-08 5.017011e-07 4.723721e-12 5.971606e-07 fanout1383
 9.541573e-08 4.999606e-07 4.723721e-12 5.953810e-07 fanout1408
 1.133263e-07 4.816264e-07 3.975488e-12 5.949566e-07 fanout866
 1.106510e-07 4.840037e-07 4.849109e-12 5.946595e-07 fanout80
 1.087162e-07 4.840847e-07 3.957570e-12 5.928049e-07 fanout932
 1.164778e-07 4.728210e-07 3.975863e-12 5.893028e-07 fanout946
 1.169776e-07 4.635604e-07 4.013574e-12 5.805421e-07 fanout845
 1.108656e-07 4.696097e-07 3.930835e-12 5.804793e-07 fanout903
 8.714842e-08 4.914156e-07 4.335897e-12 5.785683e-07 fanout1880
 8.636970e-08 4.921044e-07 4.761682e-12 5.784789e-07 fanout1046
 8.954240e-08 4.838660e-07 4.168636e-12 5.734125e-07 fanout1635
 1.143735e-07 4.542365e-07 3.993405e-12 5.686140e-07 fanout877
 1.115917e-07 4.560794e-07 3.970141e-12 5.676751e-07 fanout908
 1.250898e-07 4.413721e-07 4.023987e-12 5.664659e-07 fanout875
 9.549112e-08 4.709105e-07 4.723721e-12 5.664063e-07 fanout1391
 6.980891e-08 4.948512e-07 4.809683e-12 5.646650e-07 fanout1122
 1.102267e-07 4.506907e-07 3.957007e-12 5.609214e-07 fanout926
 6.957482e-08 4.889047e-07 4.809683e-12 5.584844e-07 fanout1141
 1.063314e-07 4.509334e-07 4.363289e-12 5.572691e-07 fanout935
 8.659386e-08 4.682643e-07 4.439899e-12 5.548626e-07 fanout516
 1.166620e-07 4.376041e-07 3.982899e-12 5.542702e-07 fanout865
 1.105518e-07 4.373580e-07 3.993968e-12 5.479138e-07 fanout898
 6.101381e-08 4.839165e-07 4.549969e-12 5.449348e-07 fanout970
 5.429911e-07 0.000000e+00 5.169440e-12 5.429962e-07 clkload25
 8.658727e-08 4.543014e-07 4.761682e-12 5.408934e-07 fanout1037
 6.973801e-08 4.702697e-07 4.809683e-12 5.400126e-07 fanout1135
 5.379397e-07 0.000000e+00 5.169440e-12 5.379449e-07 clkload28
 6.977152e-08 4.681247e-07 4.809683e-12 5.379010e-07 fanout1129
 5.357614e-07 0.000000e+00 5.169440e-12 5.357666e-07 clkload104
 5.341417e-07 0.000000e+00 5.169440e-12 5.341469e-07 clkload102
 6.971885e-08 4.614994e-07 4.809683e-12 5.312231e-07 fanout1143
 1.107571e-07 4.194552e-07 4.037214e-12 5.302164e-07 fanout915
 1.083671e-07 4.153994e-07 3.960291e-12 5.237706e-07 fanout924
 1.108843e-07 4.121415e-07 3.999222e-12 5.230297e-07 fanout939
 1.088360e-07 4.123646e-07 3.962073e-12 5.212046e-07 fanout895
 1.136526e-07 4.029895e-07 4.064137e-12 5.166462e-07 fanout981
 8.661714e-08 4.299507e-07 4.439899e-12 5.165722e-07 fanout529
 6.976686e-08 4.460001e-07 4.391897e-12 5.157714e-07 fanout1097
 1.033131e-07 4.041442e-07 3.996407e-12 5.074613e-07 fanout854
 1.072752e-07 3.938439e-07 3.965075e-12 5.011231e-07 fanout913
 1.001265e-07 4.006530e-07 3.945563e-12 5.007834e-07 fanout928
 6.116920e-08 4.354758e-07 4.549969e-12 4.966495e-07 fanout318
 7.034120e-08 4.240185e-07 4.391897e-12 4.943641e-07 fanout1111
 6.991866e-08 4.217902e-07 4.391897e-12 4.917133e-07 fanout1112
 1.200249e-07 3.689624e-07 3.988808e-12 4.889912e-07 fanout949
 6.337310e-08 4.176842e-07 3.757476e-12 4.810610e-07 fanout333
 8.695182e-08 3.928689e-07 4.439899e-12 4.798251e-07 fanout510
 8.817927e-08 3.902523e-07 4.335897e-12 4.784359e-07 fanout1886
 1.101261e-07 3.621180e-07 3.957007e-12 4.722481e-07 fanout927
 6.991246e-08 4.006556e-07 4.809683e-12 4.705729e-07 fanout1142
 8.744976e-08 3.828176e-07 3.971548e-12 4.702714e-07 fanout1593
 6.978940e-08 3.971763e-07 4.809683e-12 4.669705e-07 fanout1132
 1.105661e-07 3.533989e-07 4.283177e-12 4.639693e-07 fanout861
 1.017973e-07 3.596009e-07 3.931022e-12 4.614021e-07 fanout868
 6.125234e-08 3.993615e-07 4.601096e-12 4.606185e-07 fanout644
 9.687113e-08 3.568121e-07 3.986932e-12 4.536872e-07 fanout954
 1.045484e-07 3.488737e-07 3.981023e-12 4.534261e-07 fanout956
 6.124958e-08 3.921070e-07 3.706350e-12 4.533603e-07 fanout354
 4.525500e-07 0.000000e+00 4.462586e-12 4.525545e-07 clkload142
 1.116870e-07 3.399704e-07 3.952129e-12 4.516613e-07 fanout952
 1.127112e-07 3.362352e-07 3.988808e-12 4.489505e-07 fanout859
 6.130514e-08 3.872013e-07 3.706350e-12 4.485101e-07 fanout1306
 1.020579e-07 3.422668e-07 3.999409e-12 4.443287e-07 fanout849
 6.126700e-08 3.815072e-07 3.706204e-12 4.427779e-07 fanout573
 1.127924e-07 3.248722e-07 4.323233e-12 4.376690e-07 fanout921
 6.132788e-08 3.759529e-07 4.601096e-12 4.372853e-07 fanout605
 1.114267e-07 3.256217e-07 3.974174e-12 4.370524e-07 fanout941
 1.067343e-07 3.299913e-07 4.298843e-12 4.367298e-07 fanout937
 3.718619e-07 5.964592e-08 1.269975e-11 4.315205e-07 fanout1835
 6.126055e-08 3.691884e-07 4.601096e-12 4.304535e-07 fanout598
 6.999564e-08 3.564332e-07 4.391897e-12 4.264332e-07 fanout1114
 4.258644e-07 0.000000e+00 3.813188e-12 4.258682e-07 clkload3
 4.251598e-07 0.000000e+00 3.813188e-12 4.251636e-07 clkload7
 6.126695e-08 3.595570e-07 3.706350e-12 4.208276e-07 fanout1305
 6.121875e-08 3.565040e-07 3.757476e-12 4.177265e-07 fanout329
 6.142073e-08 3.546305e-07 4.601096e-12 4.160558e-07 fanout625
 6.128576e-08 3.480339e-07 4.601096e-12 4.093243e-07 fanout1324
 6.145555e-08 3.464451e-07 4.601096e-12 4.079052e-07 fanout670
 6.157045e-08 3.435671e-07 3.706350e-12 4.051413e-07 fanout1316
 6.167767e-08 3.377889e-07 3.706204e-12 3.994703e-07 fanout585
 6.125520e-08 3.379332e-07 4.601096e-12 3.991930e-07 fanout648
 4.850824e-08 3.493405e-07 4.859672e-12 3.978536e-07 fanout304
 1.041325e-07 2.893143e-07 3.926801e-12 3.934507e-07 fanout841
 5.375608e-08 3.372653e-07 3.933180e-12 3.910253e-07 fanout1366
 6.160769e-08 3.271691e-07 3.706350e-12 3.887805e-07 fanout1312
 6.146440e-08 3.206351e-07 4.601096e-12 3.821040e-07 fanout600
 6.144384e-08 3.192700e-07 3.706350e-12 3.807176e-07 fanout357
 6.154937e-08 3.177981e-07 4.601096e-12 3.793520e-07 fanout658
 8.336390e-08 2.921491e-07 4.464604e-12 3.755174e-07 fanout918
 1.041266e-07 2.694615e-07 4.005507e-12 3.735921e-07 fanout891
 6.163313e-08 3.071474e-07 3.706350e-12 3.687842e-07 fanout1315
 5.625591e-08 3.092689e-07 4.858470e-12 3.655297e-07 fanout341
 7.120636e-08 2.742357e-07 3.795375e-12 3.454459e-07 fanout853
 6.165592e-08 2.789321e-07 3.706350e-12 3.405917e-07 fanout1296
 6.161071e-08 2.737857e-07 4.601096e-12 3.354010e-07 fanout623
 6.177874e-08 2.722393e-07 3.706350e-12 3.340217e-07 fanout1293
 3.281897e-07 0.000000e+00 2.728757e-12 3.281924e-07 clkload196
 3.267216e-07 0.000000e+00 2.728757e-12 3.267243e-07 clkload266
 3.265012e-07 0.000000e+00 2.728757e-12 3.265039e-07 clkload159
 3.243795e-07 0.000000e+00 2.728757e-12 3.243822e-07 clkload295
 4.995599e-08 2.737071e-07 4.342222e-12 3.236675e-07 fanout554
 6.162794e-08 2.618635e-07 4.601096e-12 3.234960e-07 fanout638
 6.162182e-08 2.611629e-07 4.601096e-12 3.227894e-07 fanout603
 3.220521e-07 0.000000e+00 2.728757e-12 3.220549e-07 clkload276
 3.218428e-07 0.000000e+00 2.728757e-12 3.218455e-07 clkload199
 3.214517e-07 0.000000e+00 2.728757e-12 3.214545e-07 clkload271
 3.208890e-07 0.000000e+00 2.728757e-12 3.208917e-07 clkload247
 6.146301e-08 2.587772e-07 4.601096e-12 3.202448e-07 fanout614
 6.166281e-08 2.565845e-07 4.601096e-12 3.182519e-07 fanout665
 4.918618e-08 2.662445e-07 3.865074e-12 3.154345e-07 fanout527
 6.147960e-08 2.509490e-07 3.706350e-12 3.124323e-07 fanout352
 6.189196e-08 2.463270e-07 3.706204e-12 3.082227e-07 fanout588
 6.147662e-08 2.460682e-07 3.706350e-12 3.075485e-07 fanout346
 6.224173e-08 2.411303e-07 3.757476e-12 3.033758e-07 fanout331
 6.164177e-08 2.402422e-07 4.549969e-12 3.018885e-07 fanout315
 6.187260e-08 2.374569e-07 3.706350e-12 2.993332e-07 fanout355
 6.235660e-08 2.313317e-07 3.706350e-12 2.936920e-07 fanout351
 5.784409e-08 2.320503e-07 4.857947e-12 2.898992e-07 fanout397
 3.861479e-08 2.491552e-07 4.865163e-12 2.877749e-07 fanout306
 6.180379e-08 2.242448e-07 3.706350e-12 2.860523e-07 fanout344
 2.845734e-07 0.000000e+00 2.623273e-12 2.845760e-07 clkload87
 2.843211e-07 0.000000e+00 2.623273e-12 2.843238e-07 clkload80
 3.953348e-08 2.440232e-07 4.865267e-12 2.835615e-07 fanout545
 2.825780e-07 0.000000e+00 2.623273e-12 2.825806e-07 clkload84
 2.820899e-07 0.000000e+00 2.623273e-12 2.820925e-07 clkload85
 2.819567e-07 0.000000e+00 2.623273e-12 2.819594e-07 clkload81
 5.725351e-08 2.240079e-07 4.343634e-12 2.812658e-07 fanout395
 2.812094e-07 0.000000e+00 2.623273e-12 2.812120e-07 clkload82
 6.196720e-08 2.192191e-07 4.601096e-12 2.811909e-07 fanout631
 2.808101e-07 0.000000e+00 2.623273e-12 2.808127e-07 clkload56
 6.264949e-08 2.176814e-07 3.706350e-12 2.803346e-07 fanout348
 2.802701e-07 0.000000e+00 2.623273e-12 2.802727e-07 clkload68
 2.798319e-07 0.000000e+00 2.623273e-12 2.798345e-07 clkload116
 2.754089e-07 0.000000e+00 2.623273e-12 2.754115e-07 clkload31
 2.710262e-07 0.000000e+00 1.567550e-12 2.710277e-07 clkload0
 6.167971e-08 2.054120e-07 4.549969e-12 2.670963e-07 fanout312
 3.964148e-08 2.190269e-07 4.528487e-12 2.586729e-07 fanout1140
 3.718111e-08 2.212880e-07 4.606537e-12 2.584737e-07 fanout339
 5.199194e-08 2.047971e-07 4.342066e-12 2.567934e-07 fanout340
 2.488674e-07 0.000000e+00 1.147807e-13 2.488675e-07 clkload298
 2.472253e-07 0.000000e+00 1.147807e-13 2.472254e-07 clkload188
 5.136726e-08 1.938118e-07 4.859358e-12 2.451840e-07 fanout552
 2.449503e-07 0.000000e+00 1.147807e-13 2.449505e-07 clkload143
 2.444482e-07 0.000000e+00 1.147807e-13 2.444483e-07 clkload263
 2.427834e-07 0.000000e+00 1.147807e-13 2.427835e-07 clkload306
 2.426716e-07 0.000000e+00 1.147807e-13 2.426717e-07 clkload287
 2.423816e-07 0.000000e+00 1.147807e-13 2.423817e-07 clkload228
 2.420289e-07 0.000000e+00 1.147807e-13 2.420290e-07 clkload190
 2.419563e-07 0.000000e+00 1.147807e-13 2.419564e-07 clkload157
 2.416919e-07 0.000000e+00 1.147807e-13 2.416920e-07 clkload270
 2.415516e-07 0.000000e+00 1.147807e-13 2.415517e-07 clkload274
 2.415059e-07 0.000000e+00 1.147807e-13 2.415060e-07 clkload232
 2.413641e-07 0.000000e+00 1.147807e-13 2.413642e-07 clkload292
 2.413120e-07 0.000000e+00 1.147807e-13 2.413121e-07 clkload323
 2.413085e-07 0.000000e+00 1.147807e-13 2.413086e-07 clkload155
 2.411709e-07 0.000000e+00 1.147807e-13 2.411711e-07 clkload316
 2.402825e-07 0.000000e+00 1.147807e-13 2.402826e-07 clkload321
 2.401773e-07 0.000000e+00 1.147807e-13 2.401774e-07 clkload278
 2.401283e-07 0.000000e+00 1.147807e-13 2.401284e-07 clkload176
 2.399692e-07 0.000000e+00 1.147807e-13 2.399694e-07 clkload156
 2.396885e-07 0.000000e+00 1.147807e-13 2.396886e-07 clkload198
 2.396451e-07 0.000000e+00 1.147807e-13 2.396452e-07 clkload294
 2.394937e-07 0.000000e+00 1.147807e-13 2.394938e-07 clkload269
 2.392017e-07 0.000000e+00 1.147807e-13 2.392018e-07 clkload204
 2.389408e-07 0.000000e+00 1.147807e-13 2.389409e-07 clkload229
 2.388925e-07 0.000000e+00 1.147807e-13 2.388926e-07 clkload242
 2.387777e-07 0.000000e+00 1.147807e-13 2.387778e-07 clkload273
 2.386729e-07 0.000000e+00 1.147807e-13 2.386730e-07 clkload249
 2.384805e-07 0.000000e+00 1.147807e-13 2.384806e-07 clkload202
 2.383867e-07 0.000000e+00 1.147807e-13 2.383868e-07 clkload245
 2.185833e-07 0.000000e+00 1.123482e-13 2.185834e-07 clkload97
 2.167142e-07 0.000000e+00 1.123482e-13 2.167143e-07 clkload39
 2.165634e-07 0.000000e+00 1.123482e-13 2.165635e-07 clkload40
 2.158806e-07 0.000000e+00 1.123482e-13 2.158807e-07 clkload35
 2.154574e-07 0.000000e+00 1.123482e-13 2.154575e-07 clkload36
 2.150770e-07 0.000000e+00 1.147807e-13 2.150771e-07 clkload140
 2.142530e-07 0.000000e+00 1.123482e-13 2.142531e-07 clkload93
 2.108817e-07 0.000000e+00 1.123482e-13 2.108818e-07 clkload52
 2.105002e-07 0.000000e+00 1.123482e-13 2.105003e-07 clkload83
 2.103174e-07 0.000000e+00 1.123482e-13 2.103175e-07 clkload89
 2.096411e-07 0.000000e+00 1.123482e-13 2.096413e-07 clkload79
 2.095456e-07 0.000000e+00 1.123482e-13 2.095457e-07 clkload92
 2.078373e-07 0.000000e+00 1.123482e-13 2.078374e-07 clkload50
 2.070146e-07 0.000000e+00 1.123482e-13 2.070147e-07 clkload54
 2.069597e-07 0.000000e+00 1.123482e-13 2.069598e-07 clkload117
 1.895720e-07 0.000000e+00 1.123482e-13 1.895721e-07 clkload30
 3.106455e-08 1.580277e-07 4.867672e-12 1.890972e-07 fanout398
 1.872828e-07 0.000000e+00 1.123482e-13 1.872830e-07 clkload26
 3.179915e-08 1.498961e-07 4.616011e-12 1.816998e-07 fanout342
 1.679029e-07 0.000000e+00 1.866520e-12 1.679048e-07 clkload251
 1.676380e-07 0.000000e+00 1.866520e-12 1.676399e-07 clkload218
 3.123099e-08 1.362964e-07 3.689652e-12 1.675311e-07 fanout301
 1.674754e-07 0.000000e+00 1.866520e-12 1.674772e-07 clkload253
 1.670776e-07 0.000000e+00 1.866520e-12 1.670794e-07 clkload250
 1.670582e-07 0.000000e+00 1.866520e-12 1.670600e-07 clkload185
 1.667121e-07 0.000000e+00 1.866520e-12 1.667140e-07 clkload144
 1.666556e-07 0.000000e+00 1.866520e-12 1.666574e-07 clkload305
 1.665738e-07 0.000000e+00 1.866520e-12 1.665757e-07 clkload193
 1.664776e-07 0.000000e+00 1.866520e-12 1.664795e-07 clkload186
 1.664502e-07 0.000000e+00 1.866520e-12 1.664521e-07 clkload222
 1.664317e-07 0.000000e+00 1.866520e-12 1.664336e-07 clkload296
 1.664194e-07 0.000000e+00 1.866520e-12 1.664212e-07 clkload180
 1.663892e-07 0.000000e+00 1.866520e-12 1.663910e-07 clkload181
 1.663800e-07 0.000000e+00 1.866520e-12 1.663819e-07 clkload252
 1.663622e-07 0.000000e+00 1.866520e-12 1.663641e-07 clkload217
 1.663536e-07 0.000000e+00 1.866520e-12 1.663555e-07 clkload262
 1.663311e-07 0.000000e+00 1.866520e-12 1.663330e-07 clkload168
 1.662128e-07 0.000000e+00 1.866520e-12 1.662147e-07 clkload221
 1.661983e-07 0.000000e+00 1.866520e-12 1.662002e-07 clkload227
 1.661540e-07 0.000000e+00 1.866520e-12 1.661558e-07 clkload281
 1.661160e-07 0.000000e+00 1.866520e-12 1.661179e-07 clkload160
 1.660802e-07 0.000000e+00 1.866520e-12 1.660821e-07 clkload311
 1.660381e-07 0.000000e+00 1.866520e-12 1.660400e-07 clkload248
 1.660238e-07 0.000000e+00 1.866520e-12 1.660257e-07 clkload195
 1.660216e-07 0.000000e+00 1.866520e-12 1.660234e-07 clkload200
 1.660045e-07 0.000000e+00 1.866520e-12 1.660064e-07 clkload171
 1.659941e-07 0.000000e+00 1.866520e-12 1.659959e-07 clkload173
 1.659589e-07 0.000000e+00 1.866520e-12 1.659608e-07 clkload324
 1.659466e-07 0.000000e+00 1.866520e-12 1.659485e-07 clkload315
 1.657604e-07 0.000000e+00 1.866520e-12 1.657623e-07 clkload268
 1.657286e-07 0.000000e+00 1.866520e-12 1.657304e-07 clkload289
 1.656700e-07 0.000000e+00 1.866520e-12 1.656718e-07 clkload285
 1.656526e-07 0.000000e+00 1.866520e-12 1.656545e-07 clkload165
 1.656340e-07 0.000000e+00 1.866520e-12 1.656359e-07 clkload163
 1.656078e-07 0.000000e+00 1.866520e-12 1.656097e-07 clkload161
 1.655010e-07 0.000000e+00 1.866520e-12 1.655029e-07 clkload235
 1.654931e-07 0.000000e+00 1.866520e-12 1.654949e-07 clkload317
 1.654471e-07 0.000000e+00 1.866520e-12 1.654490e-07 clkload286
 1.654205e-07 0.000000e+00 1.866520e-12 1.654223e-07 clkload314
 1.649400e-07 0.000000e+00 1.866520e-12 1.649419e-07 clkload244
 3.581977e-08 1.239721e-07 4.866679e-12 1.597967e-07 fanout308
 1.499123e-07 0.000000e+00 1.711382e-12 1.499140e-07 clkload106
 1.496129e-07 0.000000e+00 1.711382e-12 1.496146e-07 clkload105
 1.483421e-07 0.000000e+00 1.711382e-12 1.483438e-07 clkload70
 1.441674e-07 0.000000e+00 1.711382e-12 1.441691e-07 clkload110
 1.428297e-07 0.000000e+00 1.711382e-12 1.428314e-07 clkload33
 6.919363e-08 7.358878e-08 1.181000e-12 1.427836e-07 max_cap539
 2.827244e-08 1.112224e-07 3.689839e-12 1.394986e-07 fanout555
 3.562326e-08 9.760915e-08 4.381230e-12 1.332368e-07 wire186
 3.030261e-08 1.011196e-07 4.377099e-12 1.314265e-07 fanout149
 2.468480e-08 1.057845e-07 4.225766e-12 1.304735e-07 fanout279
 2.233238e-08 1.013461e-07 3.679239e-12 1.236821e-07 fanout548
 2.025322e-08 8.478560e-08 3.759821e-12 1.050426e-07 wire187
 6.092347e-08 4.191010e-08 1.181000e-12 1.028347e-07 max_cap538
 2.025789e-08 8.095033e-08 3.759821e-12 1.012120e-07 fanout184
 1.754086e-08 8.206749e-08 4.324359e-12 9.961268e-08 fanout298
 1.688043e-08 7.530574e-08 4.335686e-12 9.219050e-08 fanout102
 1.732609e-08 5.590084e-08 3.983086e-12 7.323091e-08 fanout296
 1.344976e-08 4.279827e-08 4.381283e-12 5.625241e-08 fanout1348
 8.454408e-09 4.290078e-08 4.341909e-12 5.135952e-08 fanout214
 1.043312e-08 3.350943e-08 4.770467e-12 4.394733e-08 fanout291
 5.964028e-09 2.969668e-08 4.336680e-12 3.566505e-08 fanout134
 5.555189e-09 3.000186e-08 3.673798e-12 3.556073e-08 fanout204
 5.407226e-09 2.694882e-08 4.334432e-12 3.236038e-08 fanout191
 6.247125e-09 2.193940e-08 4.341961e-12 2.819086e-08 fanout166
 5.849063e-09 2.198456e-08 3.849315e-12 2.783747e-08 fanout294
 5.158854e-09 2.259979e-08 4.332445e-12 2.776298e-08 fanout195
 6.054796e-09 2.134492e-08 3.690027e-12 2.740341e-08 fanout213
 5.873634e-09 2.030093e-08 4.458130e-12 2.617903e-08 fanout292
 4.519472e-09 1.941916e-08 3.718920e-12 2.394235e-08 fanout1349
 5.268556e-09 1.665678e-08 4.722884e-12 2.193006e-08 fanout1653
 4.475704e-09 1.420692e-08 4.345465e-12 1.868697e-08 fanout1339
 3.300884e-09 1.535331e-08 3.967795e-12 1.865816e-08 fanout1656
 3.190991e-09 1.405683e-08 3.967795e-12 1.725179e-08 fanout1654
 4.034061e-09 1.237557e-08 3.680740e-12 1.641332e-08 wire140
 3.149544e-09 1.322794e-08 3.708414e-12 1.638119e-08 fanout1337
 2.691845e-09 1.347412e-08 4.328627e-12 1.617029e-08 fanout193
 2.482023e-09 1.334352e-08 4.330614e-12 1.582988e-08 fanout190
 2.683787e-09 1.248130e-08 4.326693e-12 1.516941e-08 fanout122
 2.502619e-09 1.203988e-08 3.669295e-12 1.454617e-08 fanout176
 2.750161e-09 1.119644e-08 3.699314e-12 1.395030e-08 fanout1347
 1.868173e-09 9.948828e-09 4.328732e-12 1.182133e-08 fanout124
 1.873425e-09 8.624443e-09 4.327268e-12 1.050219e-08 fanout219
 1.391523e-09 7.106807e-09 4.327686e-12 8.502658e-09 fanout120
 4.573970e-09 3.834335e-09 1.181000e-12 8.409486e-09 wire358
 9.979548e-10 6.931165e-09 7.513635e-12 7.936634e-09 fanout156
 1.390002e-09 6.276890e-09 4.326954e-12 7.671219e-09 fanout114
 1.183737e-09 6.407647e-09 4.326850e-12 7.595711e-09 fanout126
 1.757069e-09 5.657689e-09 4.344366e-12 7.419103e-09 fanout1335
 1.186566e-09 5.571721e-09 4.326745e-12 6.762614e-09 fanout148
 1.267443e-09 4.685288e-09 3.664792e-12 5.956395e-09 fanout253
 1.015702e-09 4.459786e-09 4.452784e-12 5.479941e-09 fanout1651
 9.180287e-10 3.818876e-09 3.663760e-12 4.740569e-09 fanout154
 8.947580e-10 3.758356e-09 3.663385e-12 4.656778e-09 wire132
 6.477763e-10 3.530910e-09 3.661134e-12 4.182347e-09 fanout200
 7.254189e-10 3.338811e-09 4.325804e-12 4.068556e-09 fanout201
 8.430318e-10 2.847793e-09 4.328104e-12 3.695153e-09 fanout1334
 7.830063e-10 2.861710e-09 3.662448e-12 3.648379e-09 fanout115
 1.909340e-09 1.553660e-09 1.181000e-12 3.464181e-09 _39946_
 7.858577e-10 2.657846e-09 3.663760e-12 3.447367e-09 fanout121
 1.906239e-09 1.204461e-09 1.181000e-12 3.111881e-09 _39953_
 1.902083e-09 1.184238e-09 1.181000e-12 3.087502e-09 _39951_
 1.901154e-09 1.164258e-09 1.181000e-12 3.066593e-09 _39950_
 1.890878e-09 9.880589e-10 1.181000e-12 2.880118e-09 _39947_
 1.888738e-09 8.974379e-10 1.181000e-12 2.787357e-09 _39949_
 1.885923e-09 8.805316e-10 1.181000e-12 2.767636e-09 _39948_
 1.885729e-09 8.762655e-10 1.181000e-12 2.763176e-09 _39952_
 3.170113e-10 1.958804e-09 7.512466e-12 2.283328e-09 fanout1739
 3.322059e-10 1.894631e-09 7.512466e-12 2.234349e-09 hold32
 4.085378e-10 1.376268e-09 3.660383e-12 1.788466e-09 fanout202
 2.770316e-10 1.378329e-09 3.660383e-12 1.659021e-09 fanout158
 2.786320e-10 1.280597e-09 4.325386e-12 1.563555e-09 fanout103
 1.617379e-10 1.190348e-09 4.326588e-12 1.356412e-09 fanout1823
 1.618219e-10 1.149179e-09 4.326588e-12 1.315328e-09 fanout1692
 1.622587e-10 1.057110e-09 4.326588e-12 1.223695e-09 fanout1777
 6.129698e-10 5.957445e-10 1.181000e-12 1.209895e-09 _39961_
 2.180127e-10 9.048707e-10 3.663104e-12 1.126547e-09 fanout1338
 1.630087e-10 8.829452e-10 4.326588e-12 1.050281e-09 fanout1763
 1.627750e-10 8.683042e-10 4.326588e-12 1.035406e-09 fanout1818
 1.630336e-10 8.494087e-10 4.326588e-12 1.016769e-09 fanout1698
 1.628782e-10 8.471722e-10 4.326588e-12 1.014377e-09 fanout1671
 2.235293e-10 7.748533e-10 3.662823e-12 1.002045e-09 fanout1342
 1.106314e-10 8.779203e-10 7.514004e-12 9.960657e-10 fanout172
 6.069313e-10 3.016199e-10 1.181000e-12 9.097322e-10 _39955_
 6.061739e-10 2.815076e-10 1.181000e-12 8.888625e-10 _39958_
 6.061485e-10 2.808359e-10 1.181000e-12 8.881654e-10 _39956_
 6.061205e-10 2.801175e-10 1.181000e-12 8.874191e-10 _39960_
 6.057161e-10 2.693415e-10 1.181000e-12 8.762386e-10 _39957_
 6.054344e-10 2.618642e-10 1.181000e-12 8.684796e-10 _39959_
 6.038990e-10 2.604887e-10 1.181000e-12 8.655687e-10 _39954_
 9.155243e-11 6.476854e-10 3.661790e-12 7.428996e-10 fanout1732
 9.168701e-11 6.473839e-10 3.661790e-12 7.427327e-10 fanout1775
 3.165298e-10 4.091504e-10 7.512466e-12 7.331927e-10 hold10
 9.219388e-11 6.359824e-10 3.661790e-12 7.318381e-10 fanout1707
 9.161531e-11 6.044310e-10 3.661790e-12 6.997081e-10 fanout1705
 9.270099e-11 6.017416e-10 3.661790e-12 6.981044e-10 fanout1699
 9.216113e-11 5.981767e-10 3.661790e-12 6.939996e-10 fanout1812
 9.188628e-11 5.846273e-10 3.661790e-12 6.801754e-10 fanout1790
 9.221201e-11 5.823446e-10 3.661790e-12 6.782184e-10 fanout1817
 9.176170e-11 5.786899e-10 3.661790e-12 6.741134e-10 fanout1770
 9.172881e-11 5.739169e-10 3.661790e-12 6.693074e-10 fanout1799
 9.230107e-11 5.653210e-10 3.661790e-12 6.612839e-10 fanout1697
 1.559005e-10 4.881046e-10 3.659821e-12 6.476650e-10 max_cap111
 9.181735e-11 5.334255e-10 3.661790e-12 6.289047e-10 fanout1686
 9.186477e-11 5.261533e-10 3.661790e-12 6.216799e-10 fanout1738
 9.255562e-11 5.068629e-10 3.661790e-12 6.030803e-10 fanout1745
 9.257804e-11 5.014734e-10 3.661790e-12 5.977133e-10 fanout1749
 9.197095e-11 4.804499e-10 3.661790e-12 5.760826e-10 fanout1806
 9.231243e-11 4.705075e-10 3.661790e-12 5.664818e-10 fanout1737
 9.264509e-11 4.675503e-10 3.661790e-12 5.638571e-10 fanout1779
 9.356782e-11 4.606873e-10 3.661790e-12 5.579170e-10 fanout1683
 9.259239e-11 4.578817e-10 3.661790e-12 5.541359e-10 fanout1805
 9.301917e-11 4.542497e-10 3.661790e-12 5.509306e-10 fanout1667
 9.199222e-11 4.544308e-10 3.661790e-12 5.500848e-10 fanout1706
 9.217094e-11 4.532212e-10 3.661790e-12 5.490540e-10 fanout1821
 9.219202e-11 4.514307e-10 3.661790e-12 5.472845e-10 fanout1807
 9.212436e-11 4.457281e-10 3.661790e-12 5.415142e-10 fanout1793
 9.268888e-11 4.432250e-10 3.661790e-12 5.395757e-10 fanout1694
 9.222504e-11 4.436127e-10 3.661790e-12 5.394995e-10 fanout1709
 9.325498e-11 4.389197e-10 3.661790e-12 5.358364e-10 fanout1754
 9.366709e-11 4.368209e-10 3.661790e-12 5.341498e-10 fanout1684
 9.208409e-11 4.378312e-10 3.661790e-12 5.335771e-10 fanout1788
 9.258188e-11 4.368555e-10 3.661790e-12 5.330992e-10 fanout1784
 9.241660e-11 4.340280e-10 3.661790e-12 5.301064e-10 fanout1735
 9.225061e-11 4.332843e-10 3.661790e-12 5.291967e-10 fanout1713
 9.215836e-11 4.325399e-10 3.661790e-12 5.283601e-10 fanout1797
 9.230606e-11 4.314146e-10 3.661790e-12 5.273825e-10 fanout1743
 9.277980e-11 4.273960e-10 3.661790e-12 5.238376e-10 fanout1670
 9.239541e-11 4.260694e-10 3.661790e-12 5.221266e-10 fanout1682
 9.288606e-11 4.147781e-10 3.661790e-12 5.113259e-10 fanout1756
 9.215118e-11 4.111737e-10 3.661790e-12 5.069866e-10 fanout1789
 9.265560e-11 4.088141e-10 3.661790e-12 5.051315e-10 fanout1773
 9.252107e-11 4.079733e-10 3.661790e-12 5.041562e-10 fanout1800
 9.355614e-11 4.064978e-10 3.661790e-12 5.037157e-10 fanout1730
 9.622953e-11 4.024710e-10 3.663291e-12 5.023638e-10 fanout1332
 9.231092e-11 4.057110e-10 3.661790e-12 5.016837e-10 fanout1703
 9.320006e-11 4.040069e-10 3.661790e-12 5.008687e-10 fanout1687
 9.285803e-11 4.039687e-10 3.661790e-12 5.004885e-10 fanout1668
 9.307932e-11 4.010166e-10 3.661790e-12 4.977577e-10 fanout1669
 9.210445e-11 3.990868e-10 3.661790e-12 4.948531e-10 fanout1811
 9.347766e-11 3.965631e-10 3.661790e-12 4.937026e-10 fanout1764
 9.252808e-11 3.970375e-10 3.661790e-12 4.932274e-10 fanout1676
 9.363927e-11 3.907442e-10 3.661790e-12 4.880453e-10 fanout1689
 9.231101e-11 3.910477e-10 3.661790e-12 4.870205e-10 fanout1695
 9.362234e-11 3.895922e-10 3.661790e-12 4.868764e-10 fanout1786
 9.248657e-11 3.903488e-10 3.661790e-12 4.864972e-10 fanout1673
 9.253750e-11 3.885211e-10 3.661790e-12 4.847204e-10 fanout1675
 9.258076e-11 3.878619e-10 3.661790e-12 4.841044e-10 fanout1720
 9.361546e-11 3.859211e-10 3.661790e-12 4.831984e-10 fanout1750
 9.321930e-11 3.852339e-10 3.661790e-12 4.821150e-10 fanout1702
 9.252836e-11 3.857718e-10 3.661790e-12 4.819620e-10 fanout1733
 9.240308e-11 3.822319e-10 3.661790e-12 4.782968e-10 fanout1809
 9.355446e-11 3.799773e-10 3.661790e-12 4.771935e-10 fanout1716
 9.245567e-11 3.795457e-10 3.661790e-12 4.756631e-10 fanout1757
 9.377044e-11 3.752360e-10 3.661790e-12 4.726683e-10 fanout1680
 9.236255e-11 3.754456e-10 3.661790e-12 4.714699e-10 fanout1781
 9.352897e-11 3.674280e-10 3.661790e-12 4.646187e-10 fanout1718
 9.245568e-11 3.684967e-10 3.661790e-12 4.646142e-10 fanout1755
 9.269076e-11 3.675404e-10 3.661790e-12 4.638929e-10 fanout1813
 9.303570e-11 3.648640e-10 3.661790e-12 4.615615e-10 fanout1711
 9.367134e-11 3.619907e-10 3.661790e-12 4.593239e-10 fanout1766
 9.368719e-11 3.599702e-10 3.661884e-12 4.573192e-10 fanout1331
 9.320549e-11 3.572174e-10 3.661790e-12 4.540847e-10 fanout1802
 9.379366e-11 3.550121e-10 3.661790e-12 4.524676e-10 fanout1701
 9.301882e-11 3.546909e-10 3.661790e-12 4.513716e-10 fanout1710
 9.223364e-11 3.548586e-10 3.661790e-12 4.507541e-10 fanout1798
 9.234804e-11 3.491337e-10 3.661790e-12 4.451436e-10 fanout1719
 9.219162e-11 3.481469e-10 3.661790e-12 4.440003e-10 fanout1816
 9.218237e-11 3.458115e-10 3.661790e-12 4.416557e-10 fanout1729
 9.213091e-11 3.451348e-10 3.661790e-12 4.409275e-10 fanout1731
 9.243644e-11 3.427851e-10 3.661790e-12 4.388833e-10 fanout1795
 9.319481e-11 3.408909e-10 3.661790e-12 4.377475e-10 fanout1690
 9.245399e-11 3.411597e-10 3.661790e-12 4.372755e-10 fanout1759
 9.218089e-11 3.280033e-10 3.661790e-12 4.238460e-10 fanout1768
 9.317873e-11 3.219772e-10 3.661790e-12 4.188177e-10 fanout1688
 9.284949e-11 3.216663e-10 3.661790e-12 4.181776e-10 fanout1820
 9.241703e-11 3.187841e-10 3.661790e-12 4.148629e-10 fanout1681
 9.241179e-11 3.132041e-10 3.661790e-12 4.092777e-10 fanout1685
 5.611495e-11 3.348860e-10 4.325281e-12 3.953263e-10 fanout118
 5.585966e-11 2.976469e-10 4.876300e-12 3.583829e-10 fanout73
 5.419988e-11 2.943329e-10 4.876300e-12 3.534091e-10 fanout1660
 5.473017e-11 2.906785e-10 4.325281e-12 3.497339e-10 fanout209
 5.618857e-11 2.827692e-10 4.325281e-12 3.432831e-10 fanout143
 5.661066e-11 2.692277e-10 4.876300e-12 3.307147e-10 fanout1666
 5.474226e-11 2.689003e-10 4.876300e-12 3.285189e-10 fanout1659
 5.457883e-11 2.573432e-10 4.325281e-12 3.162474e-10 fanout207
 5.465617e-11 2.487916e-10 4.325281e-12 3.077730e-10 fanout116
 5.599170e-11 2.372680e-10 4.325281e-12 2.975850e-10 fanout173
 5.522350e-11 2.263579e-10 4.876300e-12 2.864577e-10 fanout1663
 5.553979e-11 2.169124e-10 4.325281e-12 2.767775e-10 fanout177
 5.621224e-11 2.107413e-10 4.325281e-12 2.712789e-10 fanout151
 3.140442e-11 2.300775e-10 4.648000e-12 2.661299e-10 fanout1661
 5.535091e-11 1.997583e-10 4.876300e-12 2.599854e-10 fanout1662
 5.574200e-11 1.934459e-10 4.325281e-12 2.535132e-10 fanout188
 5.607543e-11 1.900336e-10 4.325281e-12 2.504343e-10 fanout197
 5.628777e-11 1.919636e-10 1.181000e-12 2.494324e-10 fanout1748
 3.177995e-11 1.732405e-10 3.659445e-12 2.086799e-10 fanout106
 3.062739e-11 1.628869e-10 3.659445e-12 1.971737e-10 fanout168
 3.181772e-11 1.365146e-10 3.659445e-12 1.719917e-10 fanout144
 3.099209e-11 1.346421e-10 4.648000e-12 1.702822e-10 fanout1665
 3.107184e-11 1.240335e-10 4.648000e-12 1.597533e-10 fanout1664
 9.285287e-11 5.569744e-11 3.661790e-12 1.522121e-10 fanout1753
 3.126700e-11 1.168144e-10 3.659445e-12 1.517409e-10 fanout189
 3.072341e-11 1.120427e-10 3.659445e-12 1.464256e-10 fanout178
 3.159140e-11 1.078905e-10 3.659445e-12 1.431413e-10 fanout142
 3.152334e-11 1.030135e-10 3.659445e-12 1.381963e-10 fanout152
 3.142371e-11 1.013239e-10 3.659445e-12 1.364071e-10 fanout198
 1.907141e-11 2.667912e-11 1.181000e-12 4.693152e-11 max_cap145
 1.875198e-11 2.466062e-11 1.181000e-12 4.459361e-11 wire146
 8.558608e-18 3.933698e-17 1.416040e-11 1.416045e-11 fanout1964
 4.275396e-18 3.040422e-17 7.512869e-12 7.512903e-12 fanout1996
 4.303762e-18 2.513551e-17 7.512869e-12 7.512898e-12 fanout1963
 4.302222e-18 2.246477e-17 7.512869e-12 7.512896e-12 fanout1960
 4.280209e-18 1.943756e-17 6.866930e-12 6.866954e-12 fanout2004
 0.000000e+00 0.000000e+00 4.876300e-12 4.876300e-12 fanout225
 0.000000e+00 0.000000e+00 4.876300e-12 4.876300e-12 fanout257
 0.000000e+00 0.000000e+00 4.876300e-12 4.876300e-12 fanout272
 0.000000e+00 0.000000e+00 4.876300e-12 4.876300e-12 fanout285
 0.000000e+00 0.000000e+00 4.876300e-12 4.876300e-12 fanout289
 0.000000e+00 0.000000e+00 4.876300e-12 4.876300e-12 fanout89
 2.161595e-18 1.554464e-17 4.875254e-12 4.875272e-12 fanout2006
 2.167621e-18 1.250518e-17 4.875254e-12 4.875269e-12 fanout2003
 2.181956e-18 1.044005e-17 4.875254e-12 4.875266e-12 fanout1998
 2.179464e-18 1.053362e-17 4.875254e-12 4.875266e-12 fanout2001
 2.204127e-18 9.240732e-18 4.875254e-12 4.875265e-12 fanout2000
 0.000000e+00 0.000000e+00 4.648000e-12 4.648000e-12 max_cap229
 1.854011e-18 3.708246e-17 4.339724e-12 4.339763e-12 _19250_
 2.154903e-18 1.554249e-17 4.326246e-12 4.326263e-12 fanout1991
 2.165705e-18 1.473944e-17 4.326246e-12 4.326262e-12 fanout1994
 2.165880e-18 1.409059e-17 4.326246e-12 4.326262e-12 fanout1965
 2.164235e-18 1.314606e-17 4.326246e-12 4.326261e-12 fanout1995
 2.174188e-18 1.217684e-17 4.326246e-12 4.326260e-12 fanout1967
 1.834986e-15 1.265861e-14 4.214977e-12 4.229471e-12 input4
 1.896824e-15 1.330279e-14 4.149124e-12 4.164323e-12 input2
 2.029336e-15 1.298955e-14 4.132473e-12 4.147491e-12 input3
 1.874761e-15 1.252446e-14 4.060615e-12 4.075014e-12 input1
 1.222935e-18 8.534801e-18 3.661176e-12 3.661186e-12 fanout1992
 1.226417e-18 7.665484e-18 3.661176e-12 3.661185e-12 fanout1987
 1.229903e-18 6.538905e-18 3.661176e-12 3.661184e-12 fanout1989
 1.235498e-18 5.548612e-18 3.661176e-12 3.661183e-12 fanout1988
 1.236274e-18 4.845601e-18 3.661176e-12 3.661182e-12 fanout1979
 1.229610e-18 4.679667e-18 3.661176e-12 3.661182e-12 fanout1983
 1.230870e-18 4.810506e-18 3.661176e-12 3.661182e-12 fanout1985
 1.249378e-18 4.339676e-18 3.661176e-12 3.661182e-12 fanout1976
 1.239149e-18 4.192960e-18 3.661176e-12 3.661182e-12 fanout1977
 1.251119e-18 4.471188e-18 3.661176e-12 3.661182e-12 fanout1981
 1.244810e-18 4.364848e-18 3.661176e-12 3.661182e-12 fanout1984
 1.244986e-18 3.998687e-18 3.661176e-12 3.661181e-12 fanout1982
 0.000000e+00 0.000000e+00 1.181000e-12 1.181000e-12 max_cap237
 0.000000e+00 0.000000e+00 1.181000e-12 1.181000e-12 max_cap260
 0.000000e+00 0.000000e+00 1.181000e-12 1.181000e-12 max_cap261
 0.000000e+00 0.000000e+00 1.181000e-12 1.181000e-12 max_cap267
 0.000000e+00 0.000000e+00 1.181000e-12 1.181000e-12 max_cap275
 0.000000e+00 0.000000e+00 1.181000e-12 1.181000e-12 wire236
 0.000000e+00 0.000000e+00 1.181000e-12 1.181000e-12 wire258
