     Internal    Switching      Leakage        Total
        Power        Power        Power        Power (Watts)
----------------------------------------------------
 8.617637e-07 1.001083e-05 1.226842e-11 1.087261e-05 clkbuf_0_core_clk
 4.299692e-07 4.104273e-06 7.180287e-12 4.534249e-06 clkbuf_2_0_0_core_clk
 4.308368e-07 3.743251e-06 7.180287e-12 4.174095e-06 clkbuf_2_1_0_core_clk
 4.298976e-07 3.594677e-06 7.180287e-12 4.024582e-06 clkbuf_2_3_0_core_clk
 4.300915e-07 3.459419e-06 7.180287e-12 3.889517e-06 clkbuf_2_2_0_core_clk
 8.697363e-07 2.781544e-06 1.226842e-11 3.651293e-06 clkbuf_5_26__f_core_clk
 8.698248e-07 2.624547e-06 1.226842e-11 3.494384e-06 clkbuf_5_29__f_core_clk
 8.698916e-07 2.612195e-06 1.226842e-11 3.482099e-06 clkbuf_5_24__f_core_clk
 8.658375e-07 2.531143e-06 1.226842e-11 3.396993e-06 clkbuf_5_5__f_core_clk
 8.668055e-07 2.522678e-06 1.226842e-11 3.389496e-06 clkbuf_5_2__f_core_clk
 8.704001e-07 2.498678e-06 1.226842e-11 3.369090e-06 clkbuf_5_23__f_core_clk
 8.696746e-07 2.333322e-06 1.226842e-11 3.203009e-06 clkbuf_5_16__f_core_clk
 8.679744e-07 2.294857e-06 1.226842e-11 3.162843e-06 clkbuf_5_8__f_core_clk
 8.673967e-07 2.269638e-06 1.226842e-11 3.137047e-06 clkbuf_5_15__f_core_clk
 8.695768e-07 2.261165e-06 1.226842e-11 3.130754e-06 clkbuf_5_20__f_core_clk
 8.697479e-07 2.212551e-06 1.226842e-11 3.082312e-06 clkbuf_5_18__f_core_clk
 8.684107e-07 2.190414e-06 1.226842e-11 3.058837e-06 clkbuf_5_27__f_core_clk
 8.696028e-07 2.144249e-06 1.226842e-11 3.013864e-06 clkbuf_5_19__f_core_clk
 8.684108e-07 2.141398e-06 1.226842e-11 3.009821e-06 clkbuf_5_31__f_core_clk
 8.651224e-07 2.142954e-06 1.226842e-11 3.008089e-06 clkbuf_5_4__f_core_clk
 8.672621e-07 2.128812e-06 1.226842e-11 2.996087e-06 clkbuf_5_11__f_core_clk
 8.671325e-07 2.118684e-06 1.226842e-11 2.985829e-06 clkbuf_5_14__f_core_clk
 8.659084e-07 2.115450e-06 1.226842e-11 2.981371e-06 clkbuf_5_3__f_core_clk
 8.677370e-07 2.086271e-06 1.226842e-11 2.954020e-06 clkbuf_5_13__f_core_clk
 8.694417e-07 2.071140e-06 1.226842e-11 2.940594e-06 clkbuf_5_22__f_core_clk
 8.674471e-07 2.068515e-06 1.226842e-11 2.935974e-06 clkbuf_5_9__f_core_clk
 8.686378e-07 2.054823e-06 1.226842e-11 2.923473e-06 clkbuf_5_25__f_core_clk
 8.645165e-07 1.980584e-06 1.226842e-11 2.845113e-06 clkbuf_5_7__f_core_clk
 8.688887e-07 1.973742e-06 1.226842e-11 2.842643e-06 clkbuf_5_17__f_core_clk
 2.946649e-07 2.546393e-06 1.295857e-11 2.841071e-06 fanout1502
 8.654392e-07 1.948895e-06 1.226842e-11 2.814347e-06 clkbuf_5_0__f_core_clk
 8.678323e-07 1.916847e-06 1.226842e-11 2.784692e-06 clkbuf_5_30__f_core_clk
 8.673203e-07 1.899227e-06 1.226842e-11 2.766560e-06 clkbuf_5_12__f_core_clk
 8.681767e-07 1.892050e-06 1.226842e-11 2.760239e-06 clkbuf_5_28__f_core_clk
 8.685549e-07 1.794595e-06 1.226842e-11 2.663162e-06 clkbuf_5_21__f_core_clk
 8.645768e-07 1.776026e-06 1.226842e-11 2.640615e-06 clkbuf_5_1__f_core_clk
 8.650839e-07 1.725419e-06 1.226842e-11 2.590516e-06 clkbuf_5_6__f_core_clk
 8.633368e-07 1.566501e-06 1.226842e-11 2.429850e-06 clkbuf_5_10__f_core_clk
 2.941641e-07 1.809391e-06 1.279006e-11 2.103567e-06 fanout636
 4.243101e-07 1.673466e-06 8.295226e-12 2.097784e-06 u_icg
 2.970436e-07 1.783036e-06 1.168063e-11 2.080091e-06 fanout460
 4.484982e-07 1.175454e-06 7.180287e-12 1.623960e-06 clkbuf_leaf_340_core_clk
 4.447139e-07 1.031403e-06 7.180287e-12 1.476124e-06 clkbuf_leaf_336_core_clk
 4.443322e-07 1.017616e-06 7.180287e-12 1.461956e-06 clkbuf_leaf_342_core_clk
 4.422988e-07 1.011733e-06 7.180287e-12 1.454039e-06 clkbuf_leaf_338_core_clk
 4.430228e-07 9.688910e-07 7.180287e-12 1.411921e-06 clkbuf_leaf_335_core_clk
 4.410798e-07 9.642625e-07 7.180287e-12 1.405350e-06 clkbuf_leaf_339_core_clk
 4.404026e-07 9.379532e-07 7.180287e-12 1.378363e-06 clkbuf_leaf_327_core_clk
 4.417009e-07 9.210466e-07 7.180287e-12 1.362755e-06 clkbuf_leaf_341_core_clk
 4.395941e-07 9.057099e-07 7.180287e-12 1.345311e-06 clkbuf_leaf_329_core_clk
 4.410913e-07 8.978482e-07 7.180287e-12 1.338947e-06 clkbuf_leaf_3_core_clk
 4.393277e-07 8.952011e-07 7.180287e-12 1.334536e-06 clkbuf_leaf_324_core_clk
 4.390151e-07 8.833585e-07 7.180287e-12 1.322381e-06 clkbuf_leaf_326_core_clk
 4.405089e-07 8.765928e-07 7.180287e-12 1.317109e-06 clkbuf_leaf_2_core_clk
 4.378384e-07 8.378864e-07 7.180287e-12 1.275732e-06 clkbuf_leaf_330_core_clk
 4.387724e-07 8.128695e-07 7.180287e-12 1.251649e-06 clkbuf_leaf_345_core_clk
 4.370004e-07 8.060135e-07 7.180287e-12 1.243021e-06 clkbuf_leaf_331_core_clk
 4.366841e-07 7.950687e-07 7.180287e-12 1.231760e-06 clkbuf_leaf_328_core_clk
 4.379098e-07 7.810531e-07 7.180287e-12 1.218970e-06 clkbuf_leaf_344_core_clk
 4.362509e-07 7.811183e-07 7.180287e-12 1.217376e-06 clkbuf_leaf_334_core_clk
 4.376095e-07 7.697852e-07 7.180287e-12 1.207402e-06 clkbuf_leaf_343_core_clk
 4.351441e-07 7.668363e-07 7.180287e-12 1.201988e-06 clkbuf_leaf_278_core_clk
 8.712186e-07 3.142171e-07 1.232310e-11 1.185448e-06 clkbuf_0_clk
 4.329904e-07 7.292678e-07 7.180287e-12 1.162265e-06 clkbuf_leaf_186_core_clk
 4.339646e-07 6.930278e-07 7.180287e-12 1.127000e-06 clkbuf_leaf_337_core_clk
 4.331914e-07 6.907128e-07 7.180287e-12 1.123911e-06 clkbuf_leaf_277_core_clk
 4.318356e-07 6.830767e-07 7.180287e-12 1.114919e-06 clkbuf_leaf_195_core_clk
 4.317469e-07 6.798991e-07 7.180287e-12 1.111653e-06 clkbuf_leaf_192_core_clk
 4.325447e-07 6.673443e-07 7.180287e-12 1.099896e-06 clkbuf_leaf_283_core_clk
 4.312504e-07 6.599361e-07 7.180287e-12 1.091194e-06 clkbuf_leaf_184_core_clk
 1.268588e-07 9.627729e-07 7.333504e-12 1.089639e-06 fanout352
 4.330015e-07 6.530006e-07 7.180287e-12 1.086009e-06 clkbuf_leaf_333_core_clk
 4.323107e-07 6.489143e-07 7.180287e-12 1.081232e-06 clkbuf_leaf_103_core_clk
 4.323290e-07 6.488395e-07 7.180287e-12 1.081176e-06 clkbuf_leaf_98_core_clk
 4.318917e-07 6.380978e-07 7.180287e-12 1.069997e-06 clkbuf_leaf_291_core_clk
 4.326373e-07 6.356348e-07 7.180287e-12 1.068279e-06 clkbuf_leaf_91_core_clk
 4.317854e-07 6.354326e-07 7.180287e-12 1.067225e-06 clkbuf_leaf_279_core_clk
 4.305136e-07 6.298396e-07 7.180287e-12 1.060360e-06 clkbuf_leaf_180_core_clk
 4.303040e-07 6.221748e-07 7.180287e-12 1.052486e-06 clkbuf_leaf_182_core_clk
 1.465170e-07 9.058907e-07 7.076963e-12 1.052415e-06 fanout1984
 4.314325e-07 6.182379e-07 7.180287e-12 1.049678e-06 clkbuf_leaf_57_core_clk
 4.295453e-07 6.165047e-07 7.180287e-12 1.046057e-06 clkbuf_leaf_140_core_clk
 4.311860e-07 6.140316e-07 7.180287e-12 1.045225e-06 clkbuf_leaf_288_core_clk
 4.320446e-07 6.130783e-07 7.180287e-12 1.045130e-06 clkbuf_leaf_92_core_clk
 4.309813e-07 6.057722e-07 7.180287e-12 1.036761e-06 clkbuf_leaf_284_core_clk
 4.318246e-07 6.048122e-07 7.180287e-12 1.036644e-06 clkbuf_leaf_89_core_clk
 4.308058e-07 5.976879e-07 7.180287e-12 1.028501e-06 clkbuf_leaf_281_core_clk
 4.307457e-07 5.969284e-07 7.180287e-12 1.027681e-06 clkbuf_leaf_282_core_clk
 4.289621e-07 5.974259e-07 7.180287e-12 1.026395e-06 clkbuf_leaf_136_core_clk
 4.315566e-07 5.945028e-07 7.180287e-12 1.026067e-06 clkbuf_leaf_82_core_clk
 4.309581e-07 5.947156e-07 7.180287e-12 1.025681e-06 clkbuf_leaf_97_core_clk
 4.297926e-07 5.874777e-07 7.180287e-12 1.017277e-06 clkbuf_leaf_11_core_clk
 4.303752e-07 5.818138e-07 7.180287e-12 1.012196e-06 clkbuf_leaf_290_core_clk
 4.291225e-07 5.744688e-07 7.180287e-12 1.003598e-06 clkbuf_leaf_183_core_clk
 4.309045e-07 5.724631e-07 7.180287e-12 1.003375e-06 clkbuf_leaf_166_core_clk
 4.294926e-07 5.737074e-07 7.180287e-12 1.003207e-06 clkbuf_leaf_14_core_clk
 4.308601e-07 5.722197e-07 7.180287e-12 1.003087e-06 clkbuf_leaf_171_core_clk
 4.291070e-07 5.732263e-07 7.180287e-12 1.002340e-06 clkbuf_leaf_193_core_clk
 4.284039e-07 5.736181e-07 7.180287e-12 1.002029e-06 clkbuf_leaf_134_core_clk
 4.300032e-07 5.674793e-07 7.180287e-12 9.974897e-07 clkbuf_leaf_285_core_clk
 4.315255e-07 5.628834e-07 7.180287e-12 9.944160e-07 clkbuf_leaf_152_core_clk
 4.289322e-07 5.649786e-07 7.180287e-12 9.939179e-07 clkbuf_leaf_189_core_clk
 4.300764e-07 5.635665e-07 7.180287e-12 9.936500e-07 clkbuf_leaf_102_core_clk
 4.306972e-07 5.614384e-07 7.180287e-12 9.921428e-07 clkbuf_leaf_90_core_clk
 4.281927e-07 5.636839e-07 7.180287e-12 9.918837e-07 clkbuf_leaf_137_core_clk
 4.299293e-07 5.595579e-07 7.180287e-12 9.894944e-07 clkbuf_leaf_69_core_clk
 4.286768e-07 5.562505e-07 7.180287e-12 9.849344e-07 clkbuf_leaf_190_core_clk
 4.298881e-07 5.517851e-07 7.180287e-12 9.816803e-07 clkbuf_leaf_96_core_clk
 4.286350e-07 5.530086e-07 7.180287e-12 9.816508e-07 clkbuf_leaf_185_core_clk
 4.311651e-07 5.499393e-07 7.180287e-12 9.811116e-07 clkbuf_leaf_175_core_clk
 4.296043e-07 5.506062e-07 7.180287e-12 9.802176e-07 clkbuf_leaf_280_core_clk
 4.279291e-07 5.519422e-07 7.180287e-12 9.798785e-07 clkbuf_leaf_128_core_clk
 4.279559e-07 5.515539e-07 7.180287e-12 9.795169e-07 clkbuf_leaf_142_core_clk
 4.303339e-07 5.479753e-07 7.180287e-12 9.783163e-07 clkbuf_leaf_81_core_clk
 1.469251e-07 8.313805e-07 7.076963e-12 9.783126e-07 fanout458
 4.314694e-07 5.450621e-07 7.180287e-12 9.765387e-07 clkbuf_leaf_250_core_clk
 4.295148e-07 5.434013e-07 7.180287e-12 9.729232e-07 clkbuf_leaf_70_core_clk
 4.295622e-07 5.416977e-07 7.180287e-12 9.712670e-07 clkbuf_leaf_99_core_clk
 4.294632e-07 5.390247e-07 7.180287e-12 9.684951e-07 clkbuf_leaf_101_core_clk
 4.286224e-07 5.398446e-07 7.180287e-12 9.684742e-07 clkbuf_leaf_15_core_clk
 4.306150e-07 5.372572e-07 7.180287e-12 9.678794e-07 clkbuf_leaf_274_core_clk
 4.292661e-07 5.378864e-07 7.180287e-12 9.671597e-07 clkbuf_leaf_286_core_clk
 8.417822e-07 1.243476e-07 1.232310e-11 9.661420e-07 clkbuf_1_1__f_clk
 4.293516e-07 5.360096e-07 7.180287e-12 9.653684e-07 clkbuf_leaf_105_core_clk
 4.285707e-07 5.328816e-07 7.180287e-12 9.614595e-07 clkbuf_leaf_233_core_clk
 4.298667e-07 5.301739e-07 7.180287e-12 9.600477e-07 clkbuf_leaf_87_core_clk
 4.284978e-07 5.300888e-07 7.180287e-12 9.585938e-07 clkbuf_leaf_222_core_clk
 4.292132e-07 5.280121e-07 7.180287e-12 9.572324e-07 clkbuf_leaf_94_core_clk
 4.305171e-07 5.260970e-07 7.180287e-12 9.566213e-07 clkbuf_leaf_172_core_clk
 4.295159e-07 5.267136e-07 7.180287e-12 9.562366e-07 clkbuf_leaf_145_core_clk
 4.282676e-07 5.264091e-07 7.180287e-12 9.546839e-07 clkbuf_leaf_20_core_clk
 4.305025e-07 5.236043e-07 7.180287e-12 9.541139e-07 clkbuf_leaf_181_core_clk
 4.282451e-07 5.251429e-07 7.180287e-12 9.533951e-07 clkbuf_leaf_8_core_clk
 4.282595e-07 5.237934e-07 7.180287e-12 9.520600e-07 clkbuf_leaf_224_core_clk
 4.304127e-07 5.214522e-07 7.180287e-12 9.518721e-07 clkbuf_leaf_153_core_clk
 4.272465e-07 5.222553e-07 7.180287e-12 9.495089e-07 clkbuf_leaf_141_core_clk
 4.280561e-07 5.180681e-07 7.180287e-12 9.461314e-07 clkbuf_leaf_10_core_clk
 4.301750e-07 5.130129e-07 7.180287e-12 9.431951e-07 clkbuf_leaf_157_core_clk
 4.270056e-07 5.152592e-07 7.180287e-12 9.422720e-07 clkbuf_leaf_133_core_clk
 4.291445e-07 5.121117e-07 7.180287e-12 9.412634e-07 clkbuf_leaf_146_core_clk
 4.270351e-07 5.135735e-07 7.180287e-12 9.406158e-07 clkbuf_leaf_148_core_clk
 4.280321e-07 5.104238e-07 7.180287e-12 9.384630e-07 clkbuf_leaf_229_core_clk
 4.304569e-07 5.078883e-07 7.180287e-12 9.383523e-07 clkbuf_leaf_246_core_clk
 4.269188e-07 5.108909e-07 7.180287e-12 9.378168e-07 clkbuf_leaf_138_core_clk
 8.390328e-07 9.764344e-08 1.232310e-11 9.366885e-07 clkbuf_1_0__f_clk
 4.285804e-07 5.076826e-07 7.180287e-12 9.362702e-07 clkbuf_leaf_58_core_clk
 4.298209e-07 5.056141e-07 7.180287e-12 9.354421e-07 clkbuf_leaf_347_core_clk
 4.277983e-07 5.056263e-07 7.180287e-12 9.334318e-07 clkbuf_leaf_223_core_clk
 4.278388e-07 5.031773e-07 7.180287e-12 9.310233e-07 clkbuf_leaf_231_core_clk
 4.266934e-07 5.028399e-07 7.180287e-12 9.295405e-07 clkbuf_leaf_132_core_clk
 4.273397e-07 5.012774e-07 7.180287e-12 9.286243e-07 clkbuf_leaf_188_core_clk
 4.298570e-07 4.985403e-07 7.180287e-12 9.284043e-07 clkbuf_leaf_194_core_clk
 4.295830e-07 4.987928e-07 7.180287e-12 9.283829e-07 clkbuf_leaf_263_core_clk
 4.277280e-07 4.998071e-07 7.180287e-12 9.275423e-07 clkbuf_leaf_247_core_clk
 4.275529e-07 4.972143e-07 7.180287e-12 9.247743e-07 clkbuf_leaf_18_core_clk
 4.289188e-07 4.939849e-07 7.180287e-12 9.229108e-07 clkbuf_leaf_93_core_clk
 4.283202e-07 4.944180e-07 7.180287e-12 9.227454e-07 clkbuf_leaf_54_core_clk
 4.275973e-07 4.937880e-07 7.180287e-12 9.213925e-07 clkbuf_leaf_232_core_clk
 4.287854e-07 4.925431e-07 7.180287e-12 9.213356e-07 clkbuf_leaf_167_core_clk
 4.282319e-07 4.923792e-07 7.180287e-12 9.206182e-07 clkbuf_leaf_60_core_clk
 4.273968e-07 4.915958e-07 7.180287e-12 9.189997e-07 clkbuf_leaf_21_core_clk
 4.271008e-07 4.903466e-07 7.180287e-12 9.174546e-07 clkbuf_leaf_318_core_clk
 4.286962e-07 4.877724e-07 7.180287e-12 9.164758e-07 clkbuf_leaf_162_core_clk
 4.286619e-07 4.876557e-07 7.180287e-12 9.163248e-07 clkbuf_leaf_173_core_clk
 4.287124e-07 4.861035e-07 7.180287e-12 9.148231e-07 clkbuf_leaf_95_core_clk
 4.280328e-07 4.864259e-07 7.180287e-12 9.144659e-07 clkbuf_leaf_56_core_clk
 4.273590e-07 4.859989e-07 7.180287e-12 9.133651e-07 clkbuf_leaf_226_core_clk
 4.294239e-07 4.827032e-07 7.180287e-12 9.121342e-07 clkbuf_leaf_179_core_clk
 4.297231e-07 4.809162e-07 7.180287e-12 9.106465e-07 clkbuf_leaf_248_core_clk
 4.293988e-07 4.810586e-07 7.180287e-12 9.104646e-07 clkbuf_leaf_196_core_clk
 4.293149e-07 4.806268e-07 7.180287e-12 9.099489e-07 clkbuf_leaf_160_core_clk
 4.283089e-07 4.808490e-07 7.180287e-12 9.091651e-07 clkbuf_leaf_156_core_clk
 4.267758e-07 4.795465e-07 7.180287e-12 9.063295e-07 clkbuf_leaf_191_core_clk
 4.272293e-07 4.785812e-07 7.180287e-12 9.058176e-07 clkbuf_leaf_227_core_clk
 4.270802e-07 4.782398e-07 7.180287e-12 9.053271e-07 clkbuf_leaf_16_core_clk
 4.281864e-07 4.767848e-07 7.180287e-12 9.049784e-07 clkbuf_leaf_151_core_clk
 4.280115e-07 4.768742e-07 7.180287e-12 9.048929e-07 clkbuf_leaf_268_core_clk
 4.278110e-07 4.768377e-07 7.180287e-12 9.046558e-07 clkbuf_leaf_63_core_clk
 4.278429e-07 4.763172e-07 7.180287e-12 9.041673e-07 clkbuf_leaf_100_core_clk
 4.260771e-07 4.743881e-07 7.180287e-12 9.004724e-07 clkbuf_leaf_127_core_clk
 4.270859e-07 4.732449e-07 7.180287e-12 9.003380e-07 clkbuf_leaf_228_core_clk
 4.278637e-07 4.715626e-07 7.180287e-12 8.994334e-07 clkbuf_leaf_243_core_clk
 4.277345e-07 4.675352e-07 7.180287e-12 8.952769e-07 clkbuf_leaf_261_core_clk
 4.269185e-07 4.671070e-07 7.180287e-12 8.940326e-07 clkbuf_leaf_234_core_clk
 4.280866e-07 4.640500e-07 7.180287e-12 8.921438e-07 clkbuf_leaf_169_core_clk
 4.275986e-07 4.633128e-07 7.180287e-12 8.909186e-07 clkbuf_leaf_104_core_clk
 4.276333e-07 4.625645e-07 7.180287e-12 8.902050e-07 clkbuf_leaf_258_core_clk
 4.280217e-07 4.617632e-07 7.180287e-12 8.897920e-07 clkbuf_leaf_74_core_clk
 4.274559e-07 4.617596e-07 7.180287e-12 8.892227e-07 clkbuf_leaf_61_core_clk
 4.275846e-07 4.614856e-07 7.180287e-12 8.890773e-07 clkbuf_leaf_260_core_clk
 4.275965e-07 4.606639e-07 7.180287e-12 8.882676e-07 clkbuf_leaf_266_core_clk
 4.277321e-07 4.587618e-07 7.180287e-12 8.865011e-07 clkbuf_leaf_154_core_clk
 4.264801e-07 4.587014e-07 7.180287e-12 8.851887e-07 clkbuf_leaf_321_core_clk
 4.286327e-07 4.554196e-07 7.180287e-12 8.840594e-07 clkbuf_leaf_158_core_clk
 4.274702e-07 4.559889e-07 7.180287e-12 8.834662e-07 clkbuf_leaf_253_core_clk
 4.255888e-07 4.557560e-07 7.180287e-12 8.813520e-07 clkbuf_leaf_139_core_clk
 4.283836e-07 4.515554e-07 7.180287e-12 8.799461e-07 clkbuf_leaf_4_core_clk
 4.277114e-07 4.519058e-07 7.180287e-12 8.796244e-07 clkbuf_leaf_170_core_clk
 4.262761e-07 4.530839e-07 7.180287e-12 8.793671e-07 clkbuf_leaf_315_core_clk
 4.283422e-07 4.507473e-07 7.180287e-12 8.790967e-07 clkbuf_leaf_1_core_clk
 4.284844e-07 4.497574e-07 7.180287e-12 8.782490e-07 clkbuf_leaf_159_core_clk
 4.270349e-07 4.464937e-07 7.180287e-12 8.735358e-07 clkbuf_leaf_64_core_clk
 4.273800e-07 4.450745e-07 7.180287e-12 8.724617e-07 clkbuf_leaf_144_core_clk
 4.286951e-07 4.430998e-07 7.180287e-12 8.718021e-07 clkbuf_leaf_255_core_clk
 4.262651e-07 4.450046e-07 7.180287e-12 8.712768e-07 clkbuf_leaf_17_core_clk
 4.273774e-07 4.437495e-07 7.180287e-12 8.711340e-07 clkbuf_leaf_149_core_clk
 4.283365e-07 4.418836e-07 7.180287e-12 8.702273e-07 clkbuf_leaf_197_core_clk
 4.280656e-07 4.418649e-07 7.180287e-12 8.699377e-07 clkbuf_leaf_275_core_clk
 4.269324e-07 4.425071e-07 7.180287e-12 8.694467e-07 clkbuf_leaf_59_core_clk
 4.285685e-07 4.383208e-07 7.180287e-12 8.668965e-07 clkbuf_leaf_245_core_clk
 4.284823e-07 4.352326e-07 7.180287e-12 8.637220e-07 clkbuf_leaf_249_core_clk
 4.269326e-07 4.352892e-07 7.180287e-12 8.622289e-07 clkbuf_leaf_244_core_clk
 4.260289e-07 4.361170e-07 7.180287e-12 8.621530e-07 clkbuf_leaf_7_core_clk
 4.284195e-07 4.331483e-07 7.180287e-12 8.615750e-07 clkbuf_leaf_256_core_clk
 4.257806e-07 4.356737e-07 7.180287e-12 8.614615e-07 clkbuf_leaf_316_core_clk
 4.268911e-07 4.335141e-07 7.180287e-12 8.604123e-07 clkbuf_leaf_267_core_clk
 4.260170e-07 4.336213e-07 7.180287e-12 8.596454e-07 clkbuf_leaf_225_core_clk
 4.272300e-07 4.312820e-07 7.180287e-12 8.585191e-07 clkbuf_leaf_168_core_clk
 4.272163e-07 4.311402e-07 7.180287e-12 8.583636e-07 clkbuf_leaf_165_core_clk
 4.269187e-07 4.278398e-07 7.180287e-12 8.547657e-07 clkbuf_leaf_155_core_clk
 4.288773e-07 4.257455e-07 7.180287e-12 8.546300e-07 clkbuf_leaf_77_core_clk
 4.278560e-07 4.263063e-07 7.180287e-12 8.541695e-07 clkbuf_leaf_174_core_clk
 4.279079e-07 4.260389e-07 7.180287e-12 8.539539e-07 clkbuf_leaf_198_core_clk
 4.269640e-07 4.215365e-07 7.180287e-12 8.485077e-07 clkbuf_leaf_161_core_clk
 4.255278e-07 4.221541e-07 7.180287e-12 8.476890e-07 clkbuf_leaf_322_core_clk
 4.268926e-07 4.187135e-07 7.180287e-12 8.456133e-07 clkbuf_leaf_163_core_clk
 4.274193e-07 4.172937e-07 7.180287e-12 8.447202e-07 clkbuf_leaf_276_core_clk
 4.257113e-07 4.184138e-07 7.180287e-12 8.441323e-07 clkbuf_leaf_230_core_clk
 1.454363e-07 6.983870e-07 7.301606e-12 8.438305e-07 fanout1495
 4.262449e-07 4.169693e-07 7.180287e-12 8.432213e-07 clkbuf_leaf_55_core_clk
 4.246112e-07 4.180883e-07 7.180287e-12 8.427066e-07 clkbuf_leaf_135_core_clk
 4.268629e-07 4.153448e-07 7.180287e-12 8.422148e-07 clkbuf_leaf_24_core_clk
 4.266157e-07 4.146537e-07 7.180287e-12 8.412765e-07 clkbuf_leaf_147_core_clk
 4.267112e-07 4.143466e-07 7.180287e-12 8.410649e-07 clkbuf_leaf_71_core_clk
 4.263597e-07 4.142990e-07 7.180287e-12 8.406658e-07 clkbuf_leaf_257_core_clk
 4.273298e-07 4.122176e-07 7.180287e-12 8.395546e-07 clkbuf_leaf_9_core_clk
 4.254431e-07 4.122042e-07 7.180287e-12 8.376545e-07 clkbuf_leaf_12_core_clk
 4.264690e-07 4.101018e-07 7.180287e-12 8.365780e-07 clkbuf_leaf_143_core_clk
 4.271632e-07 4.079616e-07 7.180287e-12 8.351319e-07 clkbuf_leaf_264_core_clk
 4.262205e-07 4.078279e-07 7.180287e-12 8.340556e-07 clkbuf_leaf_259_core_clk
 4.250279e-07 4.073305e-07 7.180287e-12 8.323656e-07 clkbuf_leaf_319_core_clk
 4.260258e-07 4.053443e-07 7.180287e-12 8.313773e-07 clkbuf_leaf_62_core_clk
 4.276141e-07 4.031671e-07 7.180287e-12 8.307884e-07 clkbuf_leaf_252_core_clk
 4.270049e-07 4.017863e-07 7.180287e-12 8.287984e-07 clkbuf_leaf_273_core_clk
 4.264647e-07 4.010895e-07 7.180287e-12 8.275613e-07 clkbuf_leaf_32_core_clk
 4.272119e-07 3.996443e-07 7.180287e-12 8.268632e-07 clkbuf_leaf_187_core_clk
 4.250215e-07 4.009268e-07 7.180287e-12 8.259555e-07 clkbuf_leaf_320_core_clk
 4.263408e-07 3.977093e-07 7.180287e-12 8.240572e-07 clkbuf_leaf_75_core_clk
 4.262270e-07 3.969805e-07 7.180287e-12 8.232147e-07 clkbuf_leaf_45_core_clk
 4.265069e-07 3.959712e-07 7.180287e-12 8.224853e-07 clkbuf_leaf_235_core_clk
 4.262300e-07 3.939329e-07 7.180287e-12 8.201702e-07 clkbuf_leaf_73_core_clk
 4.246651e-07 3.921953e-07 7.180287e-12 8.168676e-07 clkbuf_leaf_317_core_clk
 4.278029e-07 3.866514e-07 7.180287e-12 8.144614e-07 clkbuf_leaf_68_core_clk
 4.271417e-07 3.857514e-07 7.180287e-12 8.129002e-07 clkbuf_leaf_251_core_clk
 4.256286e-07 3.870268e-07 7.180287e-12 8.126625e-07 clkbuf_leaf_108_core_clk
 4.262164e-07 3.841990e-07 7.180287e-12 8.104226e-07 clkbuf_leaf_236_core_clk
 4.261463e-07 3.814753e-07 7.180287e-12 8.076288e-07 clkbuf_leaf_237_core_clk
 4.264883e-07 3.807016e-07 7.180287e-12 8.071970e-07 clkbuf_leaf_5_core_clk
 4.265699e-07 3.793389e-07 7.180287e-12 8.059160e-07 clkbuf_leaf_109_core_clk
 4.275706e-07 3.782495e-07 7.180287e-12 8.058273e-07 clkbuf_leaf_76_core_clk
 4.263327e-07 3.768473e-07 7.180287e-12 8.031872e-07 clkbuf_leaf_269_core_clk
 4.263199e-07 3.760032e-07 7.180287e-12 8.023303e-07 clkbuf_leaf_272_core_clk
 4.267984e-07 3.754670e-07 7.180287e-12 8.022726e-07 clkbuf_leaf_35_core_clk
 4.262967e-07 3.750946e-07 7.180287e-12 8.013984e-07 clkbuf_leaf_271_core_clk
 4.244259e-07 3.726638e-07 7.180287e-12 7.970969e-07 clkbuf_leaf_19_core_clk
 4.256073e-07 3.689782e-07 7.180287e-12 7.945926e-07 clkbuf_leaf_83_core_clk
 4.255673e-07 3.681415e-07 7.180287e-12 7.937159e-07 clkbuf_leaf_80_core_clk
 4.253260e-07 3.675737e-07 7.180287e-12 7.929069e-07 clkbuf_leaf_150_core_clk
 4.243371e-07 3.680288e-07 7.180287e-12 7.923730e-07 clkbuf_leaf_13_core_clk
 4.261180e-07 3.620901e-07 7.180287e-12 7.882152e-07 clkbuf_leaf_110_core_clk
 4.253969e-07 3.602364e-07 7.180287e-12 7.856405e-07 clkbuf_leaf_23_core_clk
 4.241136e-07 3.613470e-07 7.180287e-12 7.854677e-07 clkbuf_leaf_323_core_clk
 4.262506e-07 3.532258e-07 7.180287e-12 7.794836e-07 clkbuf_leaf_254_core_clk
 4.268556e-07 3.525512e-07 7.180287e-12 7.794141e-07 clkbuf_leaf_66_core_clk
 4.259409e-07 3.524103e-07 7.180287e-12 7.783583e-07 clkbuf_leaf_200_core_clk
 4.248134e-07 3.535129e-07 7.180287e-12 7.783334e-07 clkbuf_leaf_242_core_clk
 4.256362e-07 3.505393e-07 7.180287e-12 7.761827e-07 clkbuf_leaf_265_core_clk
 4.247288e-07 3.512471e-07 7.180287e-12 7.759832e-07 clkbuf_leaf_262_core_clk
 4.256223e-07 3.499552e-07 7.180287e-12 7.755847e-07 clkbuf_leaf_270_core_clk
 4.250634e-07 3.489292e-07 7.180287e-12 7.739998e-07 clkbuf_leaf_84_core_clk
 4.237714e-07 3.477462e-07 7.180287e-12 7.715247e-07 clkbuf_leaf_332_core_clk
 4.255292e-07 3.446358e-07 7.180287e-12 7.701722e-07 clkbuf_leaf_0_core_clk
 4.249556e-07 3.444030e-07 7.180287e-12 7.693657e-07 clkbuf_leaf_164_core_clk
 4.234696e-07 3.447081e-07 7.180287e-12 7.681849e-07 clkbuf_leaf_314_core_clk
 4.252324e-07 3.390477e-07 7.180287e-12 7.642873e-07 clkbuf_leaf_311_core_clk
 4.249911e-07 3.385046e-07 7.180287e-12 7.635028e-07 clkbuf_leaf_239_core_clk
 4.251890e-07 3.366210e-07 7.180287e-12 7.618171e-07 clkbuf_leaf_305_core_clk
 4.254844e-07 3.358891e-07 7.180287e-12 7.613806e-07 clkbuf_leaf_201_core_clk
 4.263071e-07 3.343679e-07 7.180287e-12 7.606822e-07 clkbuf_leaf_65_core_clk
 4.252362e-07 3.347701e-07 7.180287e-12 7.600134e-07 clkbuf_leaf_6_core_clk
 4.246927e-07 3.345343e-07 7.180287e-12 7.592341e-07 clkbuf_leaf_31_core_clk
 4.245912e-07 3.336087e-07 7.180287e-12 7.582070e-07 clkbuf_leaf_85_core_clk
 4.249347e-07 3.313585e-07 7.180287e-12 7.563003e-07 clkbuf_leaf_346_core_clk
 4.244011e-07 3.313654e-07 7.180287e-12 7.557736e-07 clkbuf_leaf_26_core_clk
 4.244092e-07 3.311300e-07 7.180287e-12 7.555464e-07 clkbuf_leaf_25_core_clk
 4.236950e-07 3.228598e-07 7.180287e-12 7.465620e-07 clkbuf_leaf_22_core_clk
 6.593261e-08 6.802020e-07 1.247438e-11 7.461471e-07 fanout649
 4.234890e-07 3.185782e-07 7.180287e-12 7.420744e-07 clkbuf_leaf_126_core_clk
 4.234924e-07 3.091237e-07 7.180287e-12 7.326233e-07 clkbuf_leaf_33_core_clk
 4.240044e-07 3.079640e-07 7.180287e-12 7.319755e-07 clkbuf_leaf_67_core_clk
 4.239582e-07 3.074869e-07 7.180287e-12 7.314522e-07 clkbuf_leaf_78_core_clk
 4.232298e-07 3.059508e-07 7.180287e-12 7.291878e-07 clkbuf_leaf_309_core_clk
 4.220146e-07 3.009987e-07 7.180287e-12 7.230204e-07 clkbuf_leaf_240_core_clk
 4.225954e-07 2.990788e-07 7.180287e-12 7.216814e-07 clkbuf_leaf_36_core_clk
 4.214651e-07 3.000108e-07 7.180287e-12 7.214831e-07 clkbuf_leaf_209_core_clk
 7.371980e-08 6.410261e-07 4.696740e-12 7.147506e-07 fanout1085
 4.213304e-07 2.928235e-07 7.180287e-12 7.141610e-07 clkbuf_leaf_202_core_clk
 4.217014e-07 2.917643e-07 7.180287e-12 7.134728e-07 clkbuf_leaf_44_core_clk
 1.252303e-07 5.867300e-07 7.333504e-12 7.119676e-07 fanout347
 4.222477e-07 2.879073e-07 7.180287e-12 7.101621e-07 clkbuf_leaf_79_core_clk
 4.207735e-07 2.891054e-07 7.180287e-12 7.098861e-07 clkbuf_leaf_72_core_clk
 4.211542e-07 2.883026e-07 7.180287e-12 7.094640e-07 clkbuf_leaf_310_core_clk
 4.209297e-07 2.880973e-07 7.180287e-12 7.090341e-07 clkbuf_leaf_205_core_clk
 4.205640e-07 2.841574e-07 7.180287e-12 7.047286e-07 clkbuf_leaf_42_core_clk
 4.201397e-07 2.804410e-07 7.180287e-12 7.005877e-07 clkbuf_leaf_30_core_clk
 4.186839e-07 2.795836e-07 7.180287e-12 6.982746e-07 clkbuf_leaf_129_core_clk
 4.196731e-07 2.750484e-07 7.180287e-12 6.947287e-07 clkbuf_leaf_29_core_clk
 4.197921e-07 2.745133e-07 7.180287e-12 6.943125e-07 clkbuf_leaf_203_core_clk
 4.191038e-07 2.715117e-07 7.180287e-12 6.906226e-07 clkbuf_leaf_289_core_clk
 4.179190e-07 2.693011e-07 7.180287e-12 6.872273e-07 clkbuf_leaf_312_core_clk
 4.192699e-07 2.662277e-07 7.180287e-12 6.855048e-07 clkbuf_leaf_313_core_clk
 4.189953e-07 2.656279e-07 7.180287e-12 6.846303e-07 clkbuf_leaf_49_core_clk
 4.189193e-07 2.650733e-07 7.180287e-12 6.839998e-07 clkbuf_leaf_106_core_clk
 4.186863e-07 2.622739e-07 7.180287e-12 6.809673e-07 clkbuf_leaf_114_core_clk
 4.185525e-07 2.600218e-07 7.180287e-12 6.785815e-07 clkbuf_leaf_217_core_clk
 4.181712e-07 2.603886e-07 7.180287e-12 6.785669e-07 clkbuf_leaf_299_core_clk
 4.179566e-07 2.537445e-07 7.180287e-12 6.717083e-07 clkbuf_leaf_53_core_clk
 4.174220e-07 2.517517e-07 7.180287e-12 6.691808e-07 clkbuf_leaf_208_core_clk
 4.840966e-08 6.203963e-07 1.105871e-11 6.688171e-07 fanout372
 4.183878e-07 2.501405e-07 7.180287e-12 6.685354e-07 clkbuf_leaf_37_core_clk
 7.383836e-08 5.918213e-07 4.504839e-12 6.656642e-07 fanout1596
 4.176522e-07 2.469232e-07 7.180287e-12 6.645826e-07 clkbuf_leaf_308_core_clk
 4.170716e-07 2.469970e-07 7.180287e-12 6.640757e-07 clkbuf_leaf_296_core_clk
 4.159534e-07 2.460978e-07 7.180287e-12 6.620584e-07 clkbuf_leaf_124_core_clk
 7.593383e-08 5.818487e-07 1.162428e-11 6.577941e-07 fanout1960
 4.163114e-07 2.382508e-07 7.180287e-12 6.545694e-07 clkbuf_leaf_292_core_clk
 4.165387e-07 2.367859e-07 7.180287e-12 6.533318e-07 clkbuf_leaf_112_core_clk
 4.167641e-07 2.363930e-07 7.180287e-12 6.531643e-07 clkbuf_leaf_306_core_clk
 4.168952e-07 2.356726e-07 7.180287e-12 6.525750e-07 clkbuf_leaf_40_core_clk
 4.163191e-07 2.360068e-07 7.180287e-12 6.523331e-07 clkbuf_leaf_293_core_clk
 4.163702e-07 2.353177e-07 7.180287e-12 6.516951e-07 clkbuf_leaf_38_core_clk
 4.162761e-07 2.338176e-07 7.180287e-12 6.501009e-07 clkbuf_leaf_52_core_clk
 4.165330e-07 2.314057e-07 7.180287e-12 6.479459e-07 clkbuf_leaf_43_core_clk
 4.159569e-07 2.316905e-07 7.180287e-12 6.476545e-07 clkbuf_leaf_214_core_clk
 4.159196e-07 2.243722e-07 7.180287e-12 6.402990e-07 clkbuf_leaf_41_core_clk
 4.158847e-07 2.238336e-07 7.180287e-12 6.397254e-07 clkbuf_leaf_111_core_clk
 4.153596e-07 2.232778e-07 7.180287e-12 6.386446e-07 clkbuf_leaf_39_core_clk
 4.154175e-07 2.208787e-07 7.180287e-12 6.363034e-07 clkbuf_leaf_304_core_clk
 7.394612e-08 5.583783e-07 4.505806e-12 6.323289e-07 fanout1491
 4.149180e-07 2.150836e-07 7.180287e-12 6.300088e-07 clkbuf_leaf_302_core_clk
 4.143546e-07 2.148925e-07 7.180287e-12 6.292544e-07 clkbuf_leaf_300_core_clk
 7.414623e-08 5.548840e-07 4.696740e-12 6.290349e-07 fanout1598
 4.145041e-07 2.124805e-07 7.180287e-12 6.269918e-07 clkbuf_leaf_48_core_clk
 4.143134e-07 2.105789e-07 7.180287e-12 6.248994e-07 clkbuf_leaf_107_core_clk
 4.135042e-07 2.009651e-07 7.180287e-12 6.144764e-07 clkbuf_leaf_113_core_clk
 4.130110e-07 1.973246e-07 7.180287e-12 6.103427e-07 clkbuf_leaf_213_core_clk
 7.383772e-08 5.338413e-07 4.505806e-12 6.076835e-07 fanout1492
 4.129783e-07 1.945857e-07 7.180287e-12 6.075711e-07 clkbuf_leaf_51_core_clk
 7.415464e-08 5.329349e-07 4.696740e-12 6.070943e-07 fanout1619
 4.128682e-07 1.909807e-07 7.180287e-12 6.038561e-07 clkbuf_leaf_303_core_clk
 4.121703e-07 1.850806e-07 7.180287e-12 5.972581e-07 clkbuf_leaf_47_core_clk
 4.108317e-07 1.835831e-07 7.180287e-12 5.944219e-07 clkbuf_leaf_120_core_clk
 4.106681e-07 1.819887e-07 7.180287e-12 5.926640e-07 clkbuf_leaf_207_core_clk
 4.118033e-07 1.807861e-07 7.180287e-12 5.925966e-07 clkbuf_leaf_46_core_clk
 4.114118e-07 1.800438e-07 7.180287e-12 5.914627e-07 clkbuf_leaf_301_core_clk
 4.114992e-07 1.797925e-07 7.180287e-12 5.912988e-07 clkbuf_leaf_210_core_clk
 4.105232e-07 1.681639e-07 7.180287e-12 5.786943e-07 clkbuf_leaf_219_core_clk
 4.104690e-07 1.667284e-07 7.180287e-12 5.772046e-07 clkbuf_leaf_241_core_clk
 4.094116e-07 1.665062e-07 7.180287e-12 5.759250e-07 clkbuf_leaf_117_core_clk
 4.377019e-08 5.303443e-07 1.095197e-11 5.741255e-07 fanout388
 6.380021e-08 5.093042e-07 1.228994e-11 5.731167e-07 fanout727
 5.074362e-08 5.203099e-07 1.102267e-11 5.710646e-07 fanout381
 6.313113e-08 5.059677e-07 4.478694e-12 5.691033e-07 fanout337
 6.795671e-08 4.995342e-07 1.195536e-11 5.675028e-07 fanout1092
 7.491104e-08 4.888155e-07 4.696740e-12 5.637313e-07 fanout1630
 4.088225e-07 1.478454e-07 7.180287e-12 5.566751e-07 clkbuf_leaf_212_core_clk
 4.696749e-08 5.022821e-07 1.101287e-11 5.492607e-07 fanout681
 7.801867e-08 4.704046e-07 1.162428e-11 5.484349e-07 fanout1961
 7.435847e-08 4.713946e-07 4.530983e-12 5.457576e-07 fanout581
 7.409245e-08 4.659852e-07 4.505806e-12 5.400821e-07 fanout1489
 7.426772e-08 4.617562e-07 4.696740e-12 5.360286e-07 fanout1635
 7.446572e-08 4.568196e-07 4.696740e-12 5.312900e-07 fanout1088
 7.407862e-08 4.471571e-07 4.670595e-12 5.212404e-07 fanout487
 7.465702e-08 4.461164e-07 4.505806e-12 5.207780e-07 fanout1484
 7.481167e-08 4.440366e-07 4.696740e-12 5.188530e-07 fanout1626
 7.435635e-08 4.443783e-07 4.505806e-12 5.187391e-07 fanout1490
 7.502346e-08 4.382772e-07 4.530983e-12 5.133052e-07 fanout631
 7.450676e-08 4.317917e-07 4.504839e-12 5.063029e-07 fanout1588
 7.450740e-08 4.301812e-07 4.504839e-12 5.046931e-07 fanout1582
 3.457633e-08 4.699879e-07 7.223997e-12 5.045715e-07 fanout323
 7.475589e-08 4.271146e-07 4.696740e-12 5.018752e-07 fanout1633
 7.498900e-08 4.253862e-07 4.696740e-12 5.003799e-07 fanout1608
 7.576814e-08 4.228884e-07 1.256712e-11 4.986691e-07 fanout423
 7.462185e-08 4.221338e-07 4.696740e-12 4.967604e-07 fanout1622
 7.455397e-08 4.190079e-07 4.696740e-12 4.935666e-07 fanout1976
 6.332129e-08 4.278747e-07 4.478694e-12 4.912005e-07 fanout346
 5.272171e-08 4.368419e-07 1.105451e-11 4.895747e-07 wire382
 7.472238e-08 4.143203e-07 4.696740e-12 4.890474e-07 fanout1079
 7.469927e-08 4.127927e-07 4.505806e-12 4.874965e-07 fanout1479
 7.468338e-08 4.037427e-07 4.530983e-12 4.784306e-07 fanout622
 7.475645e-08 3.986898e-07 4.696740e-12 4.734509e-07 fanout1601
 7.476725e-08 3.943593e-07 4.696740e-12 4.691313e-07 fanout1628
 7.478069e-08 3.904477e-07 4.530983e-12 4.652329e-07 fanout593
 7.479953e-08 3.876245e-07 4.505806e-12 4.624286e-07 fanout1481
 7.476984e-08 3.866479e-07 4.696740e-12 4.614224e-07 fanout1621
 7.485588e-08 3.816546e-07 4.696740e-12 4.565151e-07 fanout1086
 6.346588e-08 3.924783e-07 1.190286e-11 4.559561e-07 fanout989
 7.473809e-08 3.811441e-07 4.530983e-12 4.558867e-07 fanout634
 6.362363e-08 3.922549e-07 4.478694e-12 4.558830e-07 fanout350
 7.473984e-08 3.775953e-07 4.530983e-12 4.523397e-07 fanout583
 4.246105e-08 4.096982e-07 1.092852e-11 4.521702e-07 fanout431
 7.516605e-08 3.752465e-07 4.670595e-12 4.504172e-07 fanout484
 7.508281e-08 3.719226e-07 4.530983e-12 4.470099e-07 fanout615
 7.521883e-08 3.712723e-07 4.670595e-12 4.464958e-07 fanout516
 7.496872e-08 3.710131e-07 4.670595e-12 4.459865e-07 fanout467
 7.557009e-08 3.693631e-07 4.670595e-12 4.449379e-07 fanout493
 6.349276e-08 3.799348e-07 4.478694e-12 4.434321e-07 fanout336
 7.478231e-08 3.643952e-07 4.696740e-12 4.391822e-07 fanout1617
 4.402842e-08 3.911302e-07 1.096177e-11 4.351695e-07 wire739
 7.500341e-08 3.559165e-07 4.505806e-12 4.309244e-07 fanout1485
 7.479726e-08 3.554826e-07 4.504839e-12 4.302844e-07 fanout1583
 7.595278e-08 3.541274e-07 4.530983e-12 4.300847e-07 fanout617
 7.567765e-08 3.527556e-07 4.670595e-12 4.284379e-07 fanout554
 7.520359e-08 3.519156e-07 4.530983e-12 4.271238e-07 fanout579
 7.558967e-08 3.501705e-07 4.530983e-12 4.257647e-07 fanout578
 7.562658e-08 3.498849e-07 4.505806e-12 4.255160e-07 fanout1496
 7.467363e-08 3.504003e-07 4.696740e-12 4.250787e-07 fanout1631
 7.538210e-08 3.494852e-07 4.696740e-12 4.248720e-07 fanout1620
 7.492127e-08 3.469434e-07 4.696740e-12 4.218693e-07 fanout1083
 7.530309e-08 3.444323e-07 4.670595e-12 4.197400e-07 fanout483
 7.580373e-08 3.434484e-07 4.530983e-12 4.192566e-07 fanout603
 7.530311e-08 3.427288e-07 4.696740e-12 4.180366e-07 fanout1973
 7.498274e-08 3.430210e-07 4.670595e-12 4.180084e-07 fanout505
 7.520778e-08 3.422167e-07 4.530983e-12 4.174290e-07 fanout619
 7.541185e-08 3.420085e-07 4.530983e-12 4.174249e-07 fanout591
 7.457403e-08 3.417523e-07 4.505806e-12 4.163309e-07 fanout1498
 7.452193e-08 3.400407e-07 4.530983e-12 4.145671e-07 fanout609
 7.503571e-08 3.386306e-07 4.670595e-12 4.136710e-07 fanout494
 7.570375e-08 3.362037e-07 4.670595e-12 4.119121e-07 fanout504
 7.500578e-08 3.347135e-07 4.670595e-12 4.097240e-07 fanout556
 7.499115e-08 3.344819e-07 4.670595e-12 4.094778e-07 fanout524
 7.502741e-08 3.333757e-07 4.530983e-12 4.084076e-07 fanout585
 7.558206e-08 3.310928e-07 4.696740e-12 4.066795e-07 fanout1610
 7.519645e-08 3.312383e-07 4.530983e-12 4.064393e-07 fanout630
 7.506842e-08 3.311390e-07 4.670595e-12 4.062121e-07 fanout575
 7.553097e-08 3.305393e-07 4.530983e-12 4.060748e-07 fanout582
 7.540830e-08 3.299585e-07 4.670595e-12 4.053715e-07 fanout497
 7.514326e-08 3.297020e-07 4.530983e-12 4.048498e-07 fanout76
 7.502552e-08 3.297701e-07 4.670595e-12 4.048003e-07 fanout560
 7.561415e-08 3.267820e-07 4.696740e-12 4.024008e-07 fanout1615
 7.493712e-08 3.270351e-07 4.670595e-12 4.019769e-07 fanout510
 7.506673e-08 3.268050e-07 4.530983e-12 4.018763e-07 fanout605
 4.000958e-07 0.000000e+00 7.180287e-12 4.001030e-07 clkload232
 4.000163e-07 0.000000e+00 7.180287e-12 4.000235e-07 clkload191
 3.999382e-07 0.000000e+00 7.180287e-12 3.999453e-07 clkload91
 3.999363e-07 0.000000e+00 7.180287e-12 3.999435e-07 clkload234
 3.999230e-07 0.000000e+00 7.180287e-12 3.999301e-07 clkload233
 4.552038e-08 3.542024e-07 1.096667e-11 3.997338e-07 fanout328
 3.997174e-07 0.000000e+00 7.180287e-12 3.997246e-07 clkload141
 5.762416e-08 3.420879e-07 1.110281e-11 3.997232e-07 fanout380
 3.996811e-07 0.000000e+00 7.180287e-12 3.996883e-07 clkload90
 3.996544e-07 0.000000e+00 7.180287e-12 3.996616e-07 clkload190
 3.996182e-07 0.000000e+00 7.180287e-12 3.996253e-07 clkload92
 3.995772e-07 0.000000e+00 7.180287e-12 3.995844e-07 clkload139
 6.131798e-08 3.382320e-07 1.312499e-11 3.995631e-07 fanout970
 3.994449e-07 0.000000e+00 7.180287e-12 3.994521e-07 clkload93
 3.994435e-07 0.000000e+00 7.180287e-12 3.994507e-07 clkload138
 3.993952e-07 0.000000e+00 7.180287e-12 3.994024e-07 clkload187
 3.993271e-07 0.000000e+00 7.180287e-12 3.993343e-07 clkload94
 3.992978e-07 0.000000e+00 7.180287e-12 3.993050e-07 clkload188
 3.992396e-07 0.000000e+00 7.180287e-12 3.992467e-07 clkload185
 3.991370e-07 0.000000e+00 7.180287e-12 3.991442e-07 clkload143
 3.991099e-07 0.000000e+00 7.180287e-12 3.991171e-07 clkload114
 3.991055e-07 0.000000e+00 7.180287e-12 3.991127e-07 clkload140
 3.991018e-07 0.000000e+00 7.180287e-12 3.991090e-07 clkload97
 7.498598e-08 3.240941e-07 4.530983e-12 3.990846e-07 fanout98
 3.990069e-07 0.000000e+00 7.180287e-12 3.990141e-07 clkload236
 3.988156e-07 0.000000e+00 7.180287e-12 3.988228e-07 clkload135
 3.987833e-07 0.000000e+00 7.180287e-12 3.987905e-07 clkload235
 3.987430e-07 0.000000e+00 7.180287e-12 3.987502e-07 clkload88
 3.986235e-07 0.000000e+00 7.180287e-12 3.986306e-07 clkload87
 3.984475e-07 0.000000e+00 7.180287e-12 3.984547e-07 clkload58
 6.383286e-08 3.345829e-07 4.478694e-12 3.984202e-07 fanout333
 3.983178e-07 0.000000e+00 7.180287e-12 3.983250e-07 clkload118
 3.982652e-07 0.000000e+00 7.180287e-12 3.982724e-07 clkload59
 3.982491e-07 0.000000e+00 7.180287e-12 3.982562e-07 clkload136
 3.981712e-07 0.000000e+00 7.180287e-12 3.981784e-07 clkload215
 3.981253e-07 0.000000e+00 7.180287e-12 3.981324e-07 clkload81
 3.980882e-07 0.000000e+00 7.180287e-12 3.980954e-07 clkload83
 3.980512e-07 0.000000e+00 7.180287e-12 3.980583e-07 clkload33
 3.980425e-07 0.000000e+00 7.180287e-12 3.980497e-07 clkload253
 3.979364e-07 0.000000e+00 7.180287e-12 3.979436e-07 clkload80
 3.979281e-07 0.000000e+00 7.180287e-12 3.979353e-07 clkload183
 3.977896e-07 0.000000e+00 7.180287e-12 3.977968e-07 clkload198
 3.977681e-07 0.000000e+00 7.180287e-12 3.977753e-07 clkload256
 3.977519e-07 0.000000e+00 7.180287e-12 3.977591e-07 clkload259
 3.976238e-07 0.000000e+00 7.180287e-12 3.976310e-07 clkload226
 3.975843e-07 0.000000e+00 7.180287e-12 3.975915e-07 clkload47
 3.975642e-07 0.000000e+00 7.180287e-12 3.975713e-07 clkload221
 3.975465e-07 0.000000e+00 7.180287e-12 3.975537e-07 clkload56
 3.973957e-07 0.000000e+00 7.180287e-12 3.974029e-07 clkload109
 3.973287e-07 0.000000e+00 7.180287e-12 3.973359e-07 clkload51
 3.972549e-07 0.000000e+00 7.180287e-12 3.972621e-07 clkload154
 3.971664e-07 0.000000e+00 7.180287e-12 3.971736e-07 clkload101
 3.971161e-07 0.000000e+00 7.180287e-12 3.971232e-07 clkload148
 3.970612e-07 0.000000e+00 7.180287e-12 3.970684e-07 clkload155
 3.970604e-07 0.000000e+00 7.180287e-12 3.970676e-07 clkload159
 3.950279e-07 0.000000e+00 7.180287e-12 3.950351e-07 clkload19
 5.701607e-08 3.374350e-07 1.247088e-11 3.944635e-07 fanout1198
 7.516502e-08 3.175917e-07 4.670595e-12 3.927614e-07 fanout477
 6.386234e-08 3.268939e-07 4.478694e-12 3.907608e-07 fanout340
 7.566768e-08 3.144435e-07 4.530983e-12 3.901157e-07 fanout81
 7.518906e-08 3.140374e-07 4.670595e-12 3.892311e-07 fanout543
 7.558969e-08 3.135429e-07 4.670595e-12 3.891373e-07 fanout530
 7.509201e-08 3.135541e-07 4.670595e-12 3.886508e-07 fanout557
 6.371140e-08 3.246166e-07 4.478694e-12 3.883325e-07 fanout348
 7.538464e-08 3.124196e-07 4.670595e-12 3.878089e-07 fanout551
 5.739497e-08 3.283689e-07 1.337067e-11 3.857773e-07 fanout419
 7.515408e-08 3.103605e-07 4.696740e-12 3.855192e-07 fanout1599
 7.508935e-08 3.100417e-07 4.670595e-12 3.851357e-07 fanout527
 7.472570e-08 3.084765e-07 1.252512e-11 3.832147e-07 max_cap720
 7.580764e-08 3.070640e-07 4.530983e-12 3.828762e-07 fanout188
 7.530863e-08 3.048552e-07 4.670595e-12 3.801685e-07 fanout465
 7.530786e-08 3.031024e-07 4.670595e-12 3.784149e-07 fanout545
 7.567297e-08 3.010055e-07 4.670595e-12 3.766832e-07 fanout562
 7.547621e-08 2.991745e-07 4.530983e-12 3.746552e-07 fanout625
 7.569253e-08 2.964148e-07 4.670595e-12 3.721120e-07 fanout565
 7.546610e-08 2.958986e-07 4.670595e-12 3.713694e-07 fanout502
 7.519757e-08 2.959401e-07 4.696740e-12 3.711423e-07 fanout1636
 7.566884e-08 2.953584e-07 4.530983e-12 3.710318e-07 fanout632
 7.512534e-08 2.954280e-07 4.670595e-12 3.705580e-07 fanout468
 7.512769e-08 2.950095e-07 4.670595e-12 3.701419e-07 fanout470
 7.516764e-08 2.902093e-07 4.530983e-12 3.653814e-07 fanout600
 7.563839e-08 2.885818e-07 4.670595e-12 3.642248e-07 fanout495
 5.496454e-08 3.086685e-07 1.332937e-11 3.636463e-07 wire281
 5.595981e-08 3.072675e-07 1.335142e-11 3.632407e-07 fanout689
 7.601975e-08 2.854857e-07 4.670595e-12 3.615101e-07 fanout573
 7.543233e-08 2.854051e-07 4.530983e-12 3.608420e-07 fanout88
 7.556521e-08 2.848317e-07 4.530983e-12 3.604015e-07 fanout182
 7.519176e-08 2.847526e-07 4.530983e-12 3.599488e-07 fanout594
 7.525623e-08 2.810010e-07 4.530983e-12 3.562617e-07 fanout70
 5.121197e-08 2.948293e-07 1.105486e-11 3.460523e-07 fanout721
 5.957654e-08 2.794771e-07 1.324328e-11 3.390669e-07 fanout429
 7.359001e-08 2.593654e-07 1.260422e-11 3.329679e-07 max_cap440
 3.860395e-08 2.910249e-07 7.284473e-12 3.296362e-07 max_cap315
 7.096976e-08 2.534557e-07 1.316488e-11 3.244387e-07 max_cap1043
 4.827112e-08 2.736473e-07 1.364015e-11 3.219320e-07 max_cap1178
 3.866928e-08 2.824055e-07 7.252297e-12 3.210820e-07 max_cap409
 6.602541e-08 2.519379e-07 1.142549e-11 3.179748e-07 fanout1952
 6.540865e-08 2.487246e-07 1.142549e-11 3.141447e-07 fanout1949
 4.199226e-08 2.718849e-07 3.981581e-12 3.138811e-07 fanout1592
 3.826636e-08 2.741617e-07 1.314564e-11 3.124413e-07 fanout1350
 6.934743e-08 2.427171e-07 1.305429e-11 3.120776e-07 fanout1505
 4.212487e-08 2.670394e-07 4.278955e-12 3.091685e-07 fanout553
 6.080104e-08 2.464661e-07 1.124700e-11 3.072784e-07 max_cap1447
 6.759023e-08 2.379757e-07 1.222414e-11 3.055781e-07 fanout1467
 7.194679e-08 2.336056e-07 1.178597e-11 3.055642e-07 fanout1969
 2.527878e-08 2.768961e-07 6.964318e-12 3.021818e-07 max_cap660
 3.771973e-08 2.625443e-07 7.288102e-12 3.002713e-07 max_cap724
 3.148898e-08 2.686650e-07 7.070380e-12 3.001610e-07 fanout1946
 3.251549e-08 2.667387e-07 1.078713e-11 2.992650e-07 fanout971
 2.958319e-07 0.000000e+00 1.136970e-11 2.958433e-07 clkload42
 2.957739e-07 0.000000e+00 1.136970e-11 2.957853e-07 clkload43
 2.956238e-07 0.000000e+00 1.136970e-11 2.956352e-07 clkload44
 6.929036e-08 2.249977e-07 1.305429e-11 2.943011e-07 fanout1506
 4.216171e-08 2.499116e-07 4.278955e-12 2.920776e-07 fanout548
 4.216232e-08 2.462887e-07 4.278955e-12 2.884553e-07 fanout481
 3.153603e-08 2.560838e-07 7.199635e-12 2.876270e-07 fanout1867
 3.999416e-08 2.465245e-07 1.090822e-11 2.865296e-07 fanout716
 5.960439e-08 2.261977e-07 1.116791e-11 2.858133e-07 fanout1441
 4.012180e-08 2.435818e-07 1.269976e-11 2.837163e-07 fanout1847
 4.214579e-08 2.393550e-07 4.278955e-12 2.815050e-07 fanout546
 4.239401e-08 2.376640e-07 4.278955e-12 2.800623e-07 fanout466
 6.061286e-08 2.168808e-07 1.339867e-11 2.775070e-07 max_cap1445
 2.976496e-08 2.465103e-07 7.392873e-12 2.762826e-07 fanout1440
 3.813906e-08 2.369379e-07 1.086518e-11 2.750878e-07 fanout969
 4.249626e-08 2.277302e-07 4.325860e-12 2.702307e-07 fanout1627
 4.634753e-08 2.231846e-07 1.197076e-11 2.695441e-07 fanout750
 4.215990e-08 2.269570e-07 4.028486e-12 2.691209e-07 fanout589
 4.223753e-08 2.258768e-07 4.278955e-12 2.681186e-07 fanout534
 3.544070e-08 2.319509e-07 7.043679e-12 2.673987e-07 max_cap403
 4.224394e-08 2.237543e-07 4.278955e-12 2.660026e-07 fanout537
 4.232805e-08 2.194993e-07 4.278955e-12 2.618316e-07 fanout517
 4.224039e-08 2.187084e-07 4.278955e-12 2.609531e-07 fanout462
 4.217782e-08 2.184129e-07 4.278955e-12 2.605950e-07 fanout498
 3.595666e-08 2.226537e-07 3.934677e-12 2.586143e-07 fanout334
 3.741157e-08 2.206117e-07 7.297392e-12 2.580306e-07 fanout389
 4.235427e-08 2.107496e-07 3.981581e-12 2.531079e-07 max_cap194
 3.519346e-08 2.171247e-07 1.082353e-11 2.523290e-07 fanout321
 4.228606e-08 2.099718e-07 3.983316e-12 2.522618e-07 fanout1500
 4.250506e-08 2.087462e-07 4.325860e-12 2.512556e-07 fanout1616
 4.245309e-08 2.068743e-07 4.278955e-12 2.493317e-07 fanout563
 3.716326e-08 2.100362e-07 7.302498e-12 2.472068e-07 max_cap729
 4.228153e-08 2.033504e-07 4.278955e-12 2.456362e-07 fanout473
 5.911654e-08 1.858116e-07 1.343857e-11 2.449416e-07 max_cap1049
 4.224304e-08 2.016724e-07 4.325860e-12 2.439198e-07 fanout1604
 4.860609e-08 1.911428e-07 1.101077e-11 2.397599e-07 max_cap1194
 4.241871e-08 1.971405e-07 3.983316e-12 2.395631e-07 fanout1494
 2.181236e-08 2.145979e-07 1.068214e-11 2.364210e-07 fanout647
 6.613671e-08 1.680416e-07 1.142549e-11 2.341897e-07 fanout1951
 4.226955e-08 1.914355e-07 3.983316e-12 2.337090e-07 fanout1486
 2.945401e-08 2.036880e-07 7.000738e-12 2.331490e-07 fanout1448
 4.250283e-08 1.882238e-07 4.028486e-12 2.307307e-07 fanout592
 4.290034e-08 1.875374e-07 4.278955e-12 2.304420e-07 fanout512
 4.229753e-08 1.875524e-07 4.028486e-12 2.298539e-07 fanout599
 3.509132e-08 1.947039e-07 7.209048e-12 2.298024e-07 max_cap672
 3.368300e-08 1.929465e-07 7.105570e-12 2.266366e-07 fanout393
 2.952392e-08 1.896591e-07 1.387884e-11 2.191969e-07 wire1055
 5.372601e-08 1.644587e-07 1.105941e-11 2.181958e-07 max_cap1399
 2.974837e-08 1.881728e-07 6.982344e-12 2.179282e-07 max_cap324
 2.462244e-08 1.926812e-07 1.070804e-11 2.173144e-07 fanout707
 4.232034e-08 1.736761e-07 4.028486e-12 2.160005e-07 fanout604
 4.232239e-08 1.702409e-07 4.278955e-12 2.125676e-07 fanout525
 2.693434e-08 1.846452e-07 1.074128e-11 2.115903e-07 fanout1152
 3.178991e-08 1.793912e-07 1.076613e-11 2.111919e-07 max_cap1184
 2.240509e-08 1.875580e-07 6.947215e-12 2.099700e-07 max_cap685
 3.766792e-08 1.715953e-07 7.067058e-12 2.092703e-07 fanout1959
 2.766100e-08 1.788368e-07 1.073533e-11 2.065086e-07 fanout968
 2.063451e-07 0.000000e+00 4.608920e-12 2.063497e-07 clkload193
 2.062752e-07 0.000000e+00 4.608920e-12 2.062798e-07 clkload196
 2.062691e-07 0.000000e+00 4.608920e-12 2.062737e-07 clkload195
 2.062251e-07 0.000000e+00 4.608920e-12 2.062297e-07 clkload192
 2.061599e-07 0.000000e+00 4.608920e-12 2.061645e-07 clkload194
 2.061524e-07 0.000000e+00 4.608920e-12 2.061570e-07 clkload142
 2.059063e-07 0.000000e+00 4.608920e-12 2.059109e-07 clkload189
 2.057942e-07 0.000000e+00 4.608920e-12 2.057988e-07 clkload95
 2.057345e-07 0.000000e+00 4.608920e-12 2.057391e-07 clkload186
 2.056263e-07 0.000000e+00 4.608920e-12 2.056309e-07 clkload117
 2.056103e-07 0.000000e+00 4.608920e-12 2.056149e-07 clkload96
 2.055340e-07 0.000000e+00 4.608920e-12 2.055386e-07 clkload120
 2.054887e-07 0.000000e+00 4.608920e-12 2.054933e-07 clkload127
 2.054616e-07 0.000000e+00 4.608920e-12 2.054662e-07 clkload82
 2.053718e-07 0.000000e+00 4.608920e-12 2.053764e-07 clkload30
 2.053578e-07 0.000000e+00 4.608920e-12 2.053624e-07 clkload79
 2.053465e-07 0.000000e+00 4.608920e-12 2.053511e-07 clkload84
 2.053439e-07 0.000000e+00 4.608920e-12 2.053485e-07 clkload126
 2.053055e-07 0.000000e+00 4.608920e-12 2.053101e-07 clkload260
 2.052687e-07 0.000000e+00 4.608920e-12 2.052733e-07 clkload263
 2.052659e-07 0.000000e+00 4.608920e-12 2.052705e-07 clkload175
 2.052461e-07 0.000000e+00 4.608920e-12 2.052507e-07 clkload35
 2.052107e-07 0.000000e+00 4.608920e-12 2.052153e-07 clkload261
 2.051998e-07 0.000000e+00 4.608920e-12 2.052044e-07 clkload46
 2.051621e-07 0.000000e+00 4.608920e-12 2.051667e-07 clkload208
 4.205523e-08 1.625084e-07 1.091697e-11 2.045745e-07 fanout1435
 2.609949e-08 1.782958e-07 7.011196e-12 2.044023e-07 fanout1338
 2.650467e-08 1.774856e-07 6.966963e-12 2.039972e-07 max_cap397
 3.131421e-08 1.724992e-07 7.180071e-12 2.038205e-07 fanout1557
 4.230151e-08 1.614446e-07 4.278955e-12 2.037504e-07 fanout540
 3.060353e-08 1.725058e-07 7.309327e-12 2.031166e-07 fanout1532
 2.052793e-08 1.823367e-07 7.256111e-12 2.028719e-07 fanout1852
 4.237782e-08 1.601891e-07 4.028486e-12 2.025709e-07 fanout614
 4.392166e-08 1.582777e-07 1.365835e-11 2.022130e-07 max_cap1420
 4.234336e-08 1.590680e-07 4.028486e-12 2.014154e-07 fanout618
 4.263507e-08 1.586357e-07 3.983316e-12 2.012747e-07 fanout1497
 3.620576e-08 1.636625e-07 3.934677e-12 1.998722e-07 fanout332
 4.243119e-08 1.572222e-07 4.278955e-12 1.996576e-07 fanout485
 3.597759e-08 1.614095e-07 7.095480e-12 1.973942e-07 fanout1970
 2.658029e-08 1.698612e-07 6.978283e-12 1.964485e-07 max_cap374
 4.227156e-08 1.539521e-07 4.325860e-12 1.962280e-07 fanout1637
 2.803238e-08 1.664232e-07 6.991817e-12 1.944626e-07 fanout413
 4.237892e-08 1.504214e-07 4.028486e-12 1.928044e-07 fanout610
 4.253940e-08 1.501941e-07 4.278955e-12 1.927378e-07 fanout500
 3.249075e-08 1.595931e-07 7.032114e-12 1.920909e-07 fanout1955
 4.246923e-08 1.488611e-07 4.278955e-12 1.913346e-07 fanout513
 3.116472e-08 1.592081e-07 7.180071e-12 1.903800e-07 fanout1567
 3.127708e-08 1.586610e-07 7.180071e-12 1.899453e-07 fanout1560
 3.024235e-08 1.587154e-07 7.070380e-12 1.889648e-07 fanout1905
 4.231640e-08 1.448521e-07 4.028486e-12 1.871725e-07 fanout595
 2.894231e-08 1.566309e-07 7.354667e-12 1.855806e-07 fanout983
 4.250033e-08 1.419173e-07 4.278955e-12 1.844219e-07 fanout531
 3.145741e-08 1.504485e-07 7.199635e-12 1.819131e-07 fanout1865
 4.351430e-08 1.372791e-07 1.084453e-11 1.808043e-07 max_cap938
 2.894198e-08 1.515607e-07 7.354667e-12 1.805100e-07 fanout982
 3.061808e-08 1.487888e-07 7.325753e-12 1.794142e-07 fanout690
 2.160051e-08 1.559258e-07 6.953428e-12 1.775333e-07 max_cap696
 4.240499e-08 1.343015e-07 4.028486e-12 1.767105e-07 fanout624
 2.661544e-08 1.488802e-07 6.971208e-12 1.755026e-07 max_cap736
 3.119682e-08 1.400415e-07 7.199635e-12 1.712455e-07 fanout1857
 3.057971e-08 1.372125e-07 7.309327e-12 1.677995e-07 fanout1537
 3.103812e-08 1.349986e-07 7.199635e-12 1.660439e-07 fanout1862
 3.118786e-08 1.339671e-07 7.199635e-12 1.651622e-07 fanout1855
 2.267540e-08 1.411736e-07 6.944692e-12 1.638559e-07 fanout664
 3.093293e-08 1.284807e-07 7.199635e-12 1.594208e-07 fanout1861
 3.045863e-08 1.289486e-07 7.309327e-12 1.594145e-07 fanout1530
 1.592965e-07 0.000000e+00 6.816230e-12 1.593033e-07 clkload276
 1.721816e-08 1.418861e-07 4.749551e-12 1.591090e-07 fanout314
 3.050605e-08 1.282398e-07 7.309327e-12 1.587532e-07 fanout1522
 1.585198e-07 0.000000e+00 6.816230e-12 1.585267e-07 clkload165
 1.583148e-07 0.000000e+00 6.816230e-12 1.583216e-07 clkload170
 1.577645e-07 0.000000e+00 6.816230e-12 1.577714e-07 clkload18
 1.577041e-07 0.000000e+00 6.816230e-12 1.577109e-07 clkload174
 1.575148e-07 0.000000e+00 6.816230e-12 1.575216e-07 clkload12
 1.570436e-07 0.000000e+00 6.816230e-12 1.570504e-07 clkload7
 1.567849e-07 0.000000e+00 6.816230e-12 1.567917e-07 clkload69
 1.566384e-07 0.000000e+00 6.816230e-12 1.566452e-07 clkload27
 1.565501e-07 0.000000e+00 6.816230e-12 1.565570e-07 clkload25
 3.446578e-08 1.219668e-07 1.082318e-11 1.564435e-07 fanout1191
 3.051247e-08 1.257445e-07 7.309327e-12 1.562643e-07 fanout1516
 1.561954e-07 0.000000e+00 6.816230e-12 1.562022e-07 clkload66
 1.559434e-07 0.000000e+00 6.816230e-12 1.559503e-07 clkload68
 1.556686e-07 0.000000e+00 6.816230e-12 1.556755e-07 clkload9
 1.554752e-07 0.000000e+00 6.816230e-12 1.554820e-07 clkload41
 3.069149e-08 1.215029e-07 7.372386e-12 1.522018e-07 max_cap749
 2.361040e-08 1.276350e-07 6.954967e-12 1.512524e-07 fanout700
 3.633367e-08 1.147401e-07 7.085944e-12 1.510808e-07 max_cap975
 1.729729e-08 1.335158e-07 7.000553e-12 1.508201e-07 fanout1042
 3.061484e-08 1.197288e-07 7.070380e-12 1.503507e-07 fanout1935
 3.074583e-08 1.173279e-07 7.309327e-12 1.480810e-07 fanout1521
 1.872286e-08 1.282029e-07 4.542069e-12 1.469303e-07 fanout718
 1.980067e-08 1.261702e-07 7.123595e-12 1.459780e-07 fanout1576
 3.029542e-08 1.154120e-07 7.309327e-12 1.457147e-07 fanout1544
 1.862659e-08 1.223272e-07 1.064609e-11 1.409644e-07 fanout424
 2.073698e-08 1.197639e-07 6.946723e-12 1.405078e-07 max_cap436
 3.078061e-08 1.093953e-07 7.070380e-12 1.401830e-07 fanout1888
 1.927685e-08 1.165742e-07 6.934480e-12 1.358580e-07 max_cap371
 1.586091e-08 1.178668e-07 4.609103e-12 1.337323e-07 fanout1566
 1.981463e-08 1.120348e-07 7.123595e-12 1.318565e-07 fanout1574
 3.065572e-08 1.011914e-07 7.309327e-12 1.318544e-07 fanout1509
 1.871105e-08 1.128564e-07 7.334489e-12 1.315748e-07 fanout1344
 3.071041e-08 1.002857e-07 7.070380e-12 1.310032e-07 fanout1898
 3.045323e-08 9.943506e-08 7.070380e-12 1.298954e-07 fanout1914
 1.532846e-08 1.117870e-07 4.499244e-12 1.271200e-07 fanout1549
 3.027461e-08 9.660412e-08 7.309327e-12 1.268860e-07 fanout1554
 3.051407e-08 9.635636e-08 7.070380e-12 1.268775e-07 fanout1900
 1.994757e-08 1.067846e-07 7.256111e-12 1.267395e-07 fanout1850
 1.770074e-08 1.071188e-07 4.557965e-12 1.248241e-07 fanout683
 2.114836e-08 1.029645e-07 6.929989e-12 1.241198e-07 fanout936
 2.012868e-08 9.888261e-08 7.123595e-12 1.190184e-07 fanout1575
 1.538822e-08 1.033392e-07 4.499244e-12 1.187319e-07 fanout1524
 2.925757e-08 8.939533e-08 7.387274e-12 1.186603e-07 max_cap735
 1.174293e-07 0.000000e+00 4.168308e-12 1.174335e-07 clkload14
 1.173993e-07 0.000000e+00 4.168308e-12 1.174035e-07 clkload15
 3.045527e-08 8.689457e-08 7.070380e-12 1.173569e-07 fanout1876
 1.537333e-08 9.893392e-08 4.702334e-12 1.143120e-07 fanout1934
 2.006371e-08 9.365031e-08 7.256111e-12 1.137213e-07 fanout1845
 2.005373e-08 9.357984e-08 7.256111e-12 1.136408e-07 fanout1846
 1.854212e-08 9.506309e-08 6.928819e-12 1.136121e-07 fanout401
 1.538920e-08 9.781388e-08 4.499244e-12 1.132076e-07 fanout1546
 1.705529e-08 9.548127e-08 7.379153e-12 1.125439e-07 fanout448
 1.951998e-08 9.267201e-08 1.065764e-11 1.122026e-07 fanout1051
 1.723311e-08 9.389764e-08 7.379153e-12 1.111381e-07 fanout446
 2.156787e-08 8.883615e-08 6.929989e-12 1.104109e-07 fanout935
 1.541263e-08 9.342148e-08 4.702334e-12 1.088388e-07 fanout1883
 1.380132e-08 9.484184e-08 6.944077e-12 1.086501e-07 fanout1134
 1.704022e-08 9.117807e-08 4.672425e-12 1.082230e-07 fanout394
 1.533239e-08 9.263499e-08 4.702334e-12 1.079721e-07 fanout1928
 1.582964e-08 9.157936e-08 4.609103e-12 1.074136e-07 fanout1561
 1.704584e-08 8.831609e-08 7.379153e-12 1.053693e-07 fanout451
 1.992980e-08 8.415788e-08 7.256111e-12 1.040949e-07 fanout1849
 1.539778e-08 8.837173e-08 6.921499e-12 1.037764e-07 max_cap976
 1.544509e-08 8.822606e-08 4.702334e-12 1.036759e-07 fanout1873
 1.541513e-08 8.769727e-08 4.499244e-12 1.031169e-07 fanout1553
 1.578110e-08 8.692967e-08 4.592476e-12 1.027154e-07 fanout1866
 1.584954e-08 8.604393e-08 4.592476e-12 1.018981e-07 fanout1854
 1.331885e-08 8.773051e-08 4.448942e-12 1.010538e-07 fanout1337
 1.541165e-08 8.557203e-08 6.918546e-12 1.009906e-07 fanout711
 1.698998e-08 8.222073e-08 7.000553e-12 9.921771e-08 fanout1041
 1.845878e-08 7.944992e-08 1.064434e-11 9.791934e-08 fanout748
 1.545472e-08 8.198264e-08 4.499244e-12 9.744186e-08 fanout1547
 1.703477e-08 7.975466e-08 7.379153e-12 9.679681e-08 fanout447
 1.546653e-08 8.016673e-08 4.702334e-12 9.563796e-08 fanout1880
 1.538312e-08 7.878143e-08 4.702334e-12 9.416925e-08 fanout1918
 1.550827e-08 7.852308e-08 4.499244e-12 9.403585e-08 fanout1536
 1.563360e-08 7.826951e-08 4.499244e-12 9.390761e-08 fanout1510
 2.105694e-08 7.253640e-08 4.508866e-12 9.359785e-08 fanout1320
 1.546495e-08 7.785574e-08 4.702334e-12 9.332540e-08 fanout1896
 1.565350e-08 7.710574e-08 4.702334e-12 9.276394e-08 fanout1921
 2.182682e-08 6.866066e-08 4.528474e-12 9.049200e-08 fanout1239
 1.547490e-08 7.380043e-08 4.702334e-12 8.928004e-08 fanout1931
 1.561749e-08 7.297805e-08 4.702334e-12 8.860025e-08 fanout1938
 1.551280e-08 7.306378e-08 4.702334e-12 8.858128e-08 fanout1927
 1.565744e-08 7.237989e-08 4.702334e-12 8.804203e-08 fanout1887
 2.079181e-08 6.683001e-08 4.523663e-12 8.762634e-08 fanout1295
 1.547235e-08 7.158592e-08 4.702334e-12 8.706297e-08 fanout1941
 1.553144e-08 7.150096e-08 4.702334e-12 8.703710e-08 fanout1909
 1.077511e-08 7.591711e-08 4.850155e-12 8.669707e-08 fanout913
 1.363538e-08 7.278644e-08 7.435629e-12 8.642926e-08 fanout1095
 1.363579e-08 7.247623e-08 7.435629e-12 8.611946e-08 fanout1093
 5.534833e-09 8.017758e-08 2.674961e-12 8.571508e-08 _22578_
 1.106226e-08 7.417262e-08 6.901505e-12 8.524178e-08 max_cap698
 1.569030e-08 6.950598e-08 4.499244e-12 8.520078e-08 fanout1543
 8.472095e-08 0.000000e+00 4.052372e-12 8.472500e-08 clkload214
 8.440995e-08 0.000000e+00 4.052372e-12 8.441400e-08 clkload77
 8.409806e-08 0.000000e+00 4.052372e-12 8.410211e-08 clkload124
 1.079104e-08 7.313457e-08 4.850155e-12 8.393047e-08 fanout856
 1.372868e-08 7.014187e-08 6.910794e-12 8.387746e-08 fanout967
 8.385645e-08 0.000000e+00 4.052372e-12 8.386050e-08 clkload218
 1.551538e-08 6.829673e-08 4.702334e-12 8.381681e-08 fanout1875
 1.555125e-08 6.820062e-08 4.499244e-12 8.375637e-08 fanout1538
 8.319817e-08 0.000000e+00 4.052372e-12 8.320222e-08 clkload78
 8.318793e-08 0.000000e+00 4.052372e-12 8.319198e-08 clkload86
 1.553771e-08 6.761094e-08 4.702334e-12 8.315335e-08 fanout1915
 8.311073e-08 0.000000e+00 4.052372e-12 8.311478e-08 clkload255
 8.310621e-08 0.000000e+00 4.052372e-12 8.311026e-08 clkload50
 8.308192e-08 0.000000e+00 4.052372e-12 8.308597e-08 clkload55
 8.306900e-08 0.000000e+00 4.052372e-12 8.307305e-08 clkload178
 8.303579e-08 0.000000e+00 4.052372e-12 8.303984e-08 clkload209
 1.550731e-08 6.752293e-08 4.702334e-12 8.303495e-08 fanout1895
 8.293931e-08 0.000000e+00 4.052372e-12 8.294336e-08 clkload210
 8.293398e-08 0.000000e+00 4.052372e-12 8.293803e-08 clkload182
 8.286550e-08 0.000000e+00 4.052372e-12 8.286955e-08 clkload49
 8.284845e-08 0.000000e+00 4.052372e-12 8.285250e-08 clkload184
 8.284569e-08 0.000000e+00 4.052372e-12 8.284974e-08 clkload99
 8.281469e-08 0.000000e+00 4.052372e-12 8.281874e-08 clkload286
 8.280971e-08 0.000000e+00 4.052372e-12 8.281376e-08 clkload265
 8.275681e-08 0.000000e+00 4.052372e-12 8.276086e-08 clkload222
 8.273361e-08 0.000000e+00 4.052372e-12 8.273766e-08 clkload45
 8.271920e-08 0.000000e+00 4.052372e-12 8.272325e-08 clkload212
 8.269338e-08 0.000000e+00 4.052372e-12 8.269743e-08 clkload254
 8.265408e-08 0.000000e+00 4.052372e-12 8.265813e-08 clkload282
 8.256792e-08 0.000000e+00 4.052372e-12 8.257197e-08 clkload230
 8.252444e-08 0.000000e+00 4.052372e-12 8.252849e-08 clkload157
 8.251064e-08 0.000000e+00 4.052372e-12 8.251469e-08 clkload284
 8.243928e-08 0.000000e+00 4.052372e-12 8.244333e-08 clkload150
 1.551378e-08 6.680905e-08 4.499244e-12 8.232733e-08 fanout1545
 8.232034e-08 0.000000e+00 4.052372e-12 8.232439e-08 clkload246
 8.225590e-08 0.000000e+00 4.052372e-12 8.225995e-08 clkload248
 8.218247e-08 0.000000e+00 4.052372e-12 8.218652e-08 clkload161
 8.212726e-08 0.000000e+00 4.052372e-12 8.213132e-08 clkload144
 1.004663e-08 7.206822e-08 6.898244e-12 8.212175e-08 max_cap958
 8.178876e-08 0.000000e+00 4.052372e-12 8.179281e-08 clkload269
 8.177185e-08 0.000000e+00 4.052372e-12 8.177590e-08 clkload268
 8.176401e-08 0.000000e+00 4.052372e-12 8.176806e-08 clkload164
 8.163453e-08 0.000000e+00 4.052372e-12 8.163858e-08 clkload277
 1.557880e-08 6.595569e-08 4.702334e-12 8.153919e-08 fanout1901
 1.563667e-08 6.578547e-08 4.702334e-12 8.142685e-08 fanout1919
 1.364280e-08 6.750316e-08 7.435629e-12 8.115339e-08 fanout1101
 2.064937e-08 6.034097e-08 4.501649e-12 8.099484e-08 fanout1318
 1.566920e-08 6.531093e-08 4.702334e-12 8.098483e-08 fanout1940
 1.570127e-08 6.504818e-08 4.499244e-12 8.075394e-08 fanout1520
 1.571381e-08 6.431766e-08 4.499244e-12 8.003597e-08 fanout1542
 1.083547e-08 6.900378e-08 4.850155e-12 7.984410e-08 fanout914
 1.543621e-08 6.437921e-08 4.702334e-12 7.982013e-08 fanout1922
 1.555311e-08 6.343342e-08 4.499244e-12 7.899102e-08 fanout1526
 1.153889e-08 6.709807e-08 4.799487e-12 7.864176e-08 fanout384
 1.570681e-08 6.282664e-08 4.702334e-12 7.853816e-08 fanout1894
 1.551985e-08 6.282144e-08 4.702334e-12 7.834598e-08 fanout1930
 1.083706e-08 6.737474e-08 4.351423e-12 7.821615e-08 fanout810
 1.944816e-08 5.871449e-08 4.493963e-12 7.816715e-08 fanout1266
 1.557722e-08 6.122885e-08 4.702334e-12 7.681078e-08 fanout1870
 1.085182e-08 6.594140e-08 4.821658e-12 7.679804e-08 fanout939
 1.844497e-08 5.642377e-08 4.464106e-12 7.487320e-08 fanout1315
 9.575028e-09 6.495395e-08 4.723721e-12 7.453370e-08 fanout1374
 1.557900e-08 5.834300e-08 4.428497e-12 7.392642e-08 fanout1280
 1.086353e-08 6.127554e-08 4.351423e-12 7.214342e-08 fanout807
 1.087953e-08 6.118401e-08 4.351423e-12 7.206789e-08 fanout819
 9.584580e-09 6.241760e-08 4.723721e-12 7.200691e-08 fanout1361
 1.086455e-08 6.049438e-08 4.351423e-12 7.136327e-08 fanout824
 1.083227e-08 6.036289e-08 4.379920e-12 7.119953e-08 fanout1332
 1.561317e-08 5.545306e-08 4.702334e-12 7.107093e-08 fanout1925
 9.477104e-09 6.149715e-08 4.477858e-12 7.097873e-08 fanout1343
 1.091228e-08 5.882030e-08 4.850155e-12 6.973743e-08 fanout895
 1.038500e-08 5.869892e-08 6.899844e-12 6.909082e-08 fanout972
 1.092429e-08 5.760693e-08 4.351423e-12 6.853556e-08 fanout802
 1.086806e-08 5.665737e-08 4.850155e-12 6.753029e-08 fanout845
 1.554668e-08 5.159670e-08 4.702334e-12 6.714808e-08 fanout1943
 9.505153e-09 5.740257e-08 4.723721e-12 6.691244e-08 fanout1355
 8.638694e-09 5.790473e-08 4.439896e-12 6.654787e-08 fanout450
 8.607333e-09 5.692620e-08 4.761682e-12 6.553829e-08 fanout1021
 1.097065e-08 5.450045e-08 4.351423e-12 6.547545e-08 fanout785
 9.563258e-09 5.576699e-08 4.723721e-12 6.533497e-08 fanout1385
 1.089091e-08 5.420711e-08 4.351423e-12 6.510237e-08 fanout798
 9.579803e-09 5.513091e-08 4.723721e-12 6.471544e-08 fanout1375
 1.089083e-08 5.373365e-08 4.351423e-12 6.462884e-08 fanout843
 1.120564e-08 5.327152e-08 4.027078e-12 6.448119e-08 fanout1227
 9.504765e-09 5.496333e-08 4.723721e-12 6.447282e-08 fanout1384
 8.928347e-09 5.553477e-08 4.138805e-12 6.446726e-08 fanout1858
 6.373654e-08 0.000000e+00 1.453042e-13 6.373668e-08 clkload62
 1.551569e-08 4.785463e-08 4.702334e-12 6.337503e-08 fanout1910
 6.303192e-08 0.000000e+00 1.453042e-13 6.303206e-08 clkload119
 1.091453e-08 5.176967e-08 4.850155e-12 6.268905e-08 fanout911
 1.097217e-08 5.165136e-08 4.351423e-12 6.262788e-08 fanout800
 7.810508e-09 5.476643e-08 4.834155e-12 6.258177e-08 fanout962
 9.522058e-09 5.303146e-08 4.723721e-12 6.255825e-08 fanout1360
 1.547542e-08 4.705433e-08 4.702334e-12 6.253445e-08 fanout1897
 6.242143e-08 0.000000e+00 1.453042e-13 6.242157e-08 clkload32
 8.608997e-09 5.376004e-08 4.761682e-12 6.237380e-08 fanout996
 8.592598e-09 5.371761e-08 4.439896e-12 6.231465e-08 fanout991
 1.145247e-08 5.084261e-08 4.075203e-12 6.229916e-08 fanout1238
 6.224064e-08 0.000000e+00 1.453042e-13 6.224078e-08 clkload177
 6.934143e-09 5.515228e-08 4.809683e-12 6.209123e-08 fanout1114
 6.199978e-08 0.000000e+00 1.453042e-13 6.199992e-08 clkload181
 9.612774e-09 5.234595e-08 4.723721e-12 6.196345e-08 fanout1352
 6.193851e-08 0.000000e+00 1.453042e-13 6.193866e-08 clkload31
 6.156778e-08 0.000000e+00 1.453042e-13 6.156792e-08 clkload199
 6.154549e-08 0.000000e+00 1.453042e-13 6.154563e-08 clkload290
 6.141059e-08 0.000000e+00 1.453042e-13 6.141073e-08 clkload213
 6.140896e-08 0.000000e+00 1.453042e-13 6.140910e-08 clkload294
 6.135451e-08 0.000000e+00 1.453042e-13 6.135465e-08 clkload205
 6.130482e-08 0.000000e+00 1.453042e-13 6.130496e-08 clkload264
 1.095917e-08 5.031520e-08 4.351423e-12 6.127871e-08 fanout818
 6.127478e-08 0.000000e+00 1.453042e-13 6.127492e-08 clkload103
 6.123617e-08 0.000000e+00 1.453042e-13 6.123631e-08 clkload283
 6.123101e-08 0.000000e+00 1.453042e-13 6.123115e-08 clkload53
 6.106054e-08 0.000000e+00 1.453042e-13 6.106068e-08 clkload160
 6.104785e-08 0.000000e+00 1.453042e-13 6.104799e-08 clkload295
 6.098924e-08 0.000000e+00 1.453042e-13 6.098939e-08 clkload202
 6.093795e-08 0.000000e+00 1.453042e-13 6.093809e-08 clkload225
 6.087650e-08 0.000000e+00 1.453042e-13 6.087664e-08 clkload224
 1.091703e-08 4.976618e-08 4.850155e-12 6.068807e-08 fanout922
 6.065448e-08 0.000000e+00 1.453042e-13 6.065462e-08 clkload54
 9.548433e-09 5.107825e-08 4.723721e-12 6.063141e-08 fanout1369
 6.055130e-08 0.000000e+00 1.453042e-13 6.055144e-08 clkload102
 6.043523e-08 0.000000e+00 1.453042e-13 6.043537e-08 clkload280
 6.034132e-08 0.000000e+00 1.453042e-13 6.034146e-08 clkload152
 6.030083e-08 0.000000e+00 1.453042e-13 6.030097e-08 clkload219
 1.094139e-08 4.930124e-08 4.850155e-12 6.024749e-08 fanout902
 6.018716e-08 0.000000e+00 1.453042e-13 6.018730e-08 clkload156
 1.181428e-08 4.836634e-08 4.300907e-12 6.018492e-08 fanout1204
 6.010919e-08 0.000000e+00 1.453042e-13 6.010934e-08 clkload287
 6.007304e-08 0.000000e+00 1.453042e-13 6.007318e-08 clkload153
 6.006527e-08 0.000000e+00 1.453042e-13 6.006541e-08 clkload249
 1.030152e-08 4.962686e-08 3.926796e-12 5.993231e-08 fanout1205
 1.099130e-08 4.885892e-08 4.351423e-12 5.985457e-08 fanout791
 1.097392e-08 4.864627e-08 4.351423e-12 5.962453e-08 fanout794
 9.624852e-09 4.983465e-08 4.723721e-12 5.946422e-08 fanout1390
 1.089656e-08 4.840904e-08 4.850155e-12 5.931045e-08 fanout898
 9.526146e-09 4.973370e-08 4.723721e-12 5.926458e-08 fanout1379
 7.215582e-09 5.204047e-08 4.155315e-12 5.926021e-08 wire279
 5.902227e-08 0.000000e+00 1.453042e-13 5.902241e-08 clkload279
 1.144890e-08 4.753911e-08 3.979986e-12 5.899199e-08 fanout1322
 1.060956e-08 4.830919e-08 3.981112e-12 5.892274e-08 fanout1208
 1.124627e-08 4.756513e-08 3.930830e-12 5.881534e-08 fanout1274
 1.108996e-08 4.756739e-08 4.850155e-12 5.866220e-08 fanout854
 1.096466e-08 4.750502e-08 4.850155e-12 5.847453e-08 fanout924
 1.102369e-08 4.743681e-08 4.850155e-12 5.846535e-08 fanout910
 9.592688e-09 4.862647e-08 4.723721e-12 5.822388e-08 fanout1358
 1.111634e-08 4.703692e-08 4.351423e-12 5.815762e-08 fanout99
 1.130526e-08 4.676974e-08 3.952125e-12 5.807896e-08 fanout1325
 8.738047e-09 4.933522e-08 3.971544e-12 5.807724e-08 fanout1539
 1.108178e-08 4.682928e-08 3.995277e-12 5.791506e-08 fanout1216
 1.093142e-08 4.684953e-08 4.821658e-12 5.778577e-08 fanout263
 1.093377e-08 4.683618e-08 4.850155e-12 5.777479e-08 fanout850
 8.694383e-09 4.905417e-08 4.761682e-12 5.775331e-08 fanout997
 8.649643e-09 4.903969e-08 4.761682e-12 5.769410e-08 fanout1009
 8.694982e-09 4.892181e-08 4.761682e-12 5.762156e-08 fanout998
 1.104277e-08 4.652307e-08 4.351423e-12 5.757020e-08 fanout781
 9.542055e-09 4.783438e-08 4.723721e-12 5.738116e-08 fanout1356
 8.690519e-09 4.863418e-08 4.761682e-12 5.732946e-08 fanout1035
 1.101771e-08 4.628532e-08 4.351423e-12 5.730739e-08 fanout837
 9.588203e-09 4.770747e-08 4.723721e-12 5.730040e-08 fanout1388
 1.094350e-08 4.632683e-08 4.351423e-12 5.727468e-08 fanout759
 1.130584e-08 4.588686e-08 3.952125e-12 5.719666e-08 fanout1324
 1.101907e-08 4.600989e-08 4.351423e-12 5.703331e-08 fanout841
 1.098507e-08 4.603700e-08 4.351423e-12 5.702642e-08 fanout793
 1.111502e-08 4.589674e-08 3.975484e-12 5.701574e-08 fanout1231
 8.724967e-09 4.821143e-08 4.335897e-12 5.694073e-08 fanout1926
 1.092614e-08 4.594758e-08 4.850155e-12 5.687857e-08 fanout885
 1.106601e-08 4.531095e-08 4.850155e-12 5.638181e-08 fanout71
 8.723642e-09 4.747343e-08 1.056069e-11 5.620764e-08 fanout965
 8.661846e-09 4.752354e-08 4.761682e-12 5.619015e-08 fanout1000
 5.609060e-08 0.000000e+00 1.453042e-13 5.609075e-08 clkload28
 5.608085e-08 0.000000e+00 1.453042e-13 5.608099e-08 clkload4
 1.049882e-08 4.554058e-08 3.931581e-12 5.604333e-08 fanout1276
 9.569746e-09 4.642914e-08 4.723721e-12 5.600361e-08 fanout1393
 1.094468e-08 4.498546e-08 4.850155e-12 5.593499e-08 fanout875
 1.101094e-08 4.442175e-08 4.351423e-12 5.543704e-08 fanout789
 8.635376e-09 4.677215e-08 4.761682e-12 5.541229e-08 fanout1003
 8.668003e-09 4.655505e-08 4.761682e-12 5.522782e-08 fanout993
 1.108912e-08 4.403055e-08 3.988805e-12 5.512366e-08 fanout1223
 8.726014e-09 4.619138e-08 4.761682e-12 5.492215e-08 fanout994
 1.039318e-08 4.451819e-08 4.005503e-12 5.491537e-08 fanout1261
 8.703583e-09 4.619624e-08 4.761682e-12 5.490458e-08 fanout1034
 8.661430e-09 4.615737e-08 4.761682e-12 5.482356e-08 fanout1008
 8.710889e-09 4.579924e-08 4.761682e-12 5.451489e-08 fanout1031
 1.094728e-08 4.346477e-08 4.850155e-12 5.441689e-08 fanout889
 8.653946e-09 4.555861e-08 4.761682e-12 5.421732e-08 fanout1019
 1.109706e-08 4.308317e-08 4.850155e-12 5.418508e-08 fanout846
 8.712417e-09 4.505678e-08 4.761682e-12 5.377395e-08 fanout1033
 8.653569e-09 4.504450e-08 4.761682e-12 5.370283e-08 fanout1020
 1.107115e-08 4.259449e-08 4.351423e-12 5.366999e-08 fanout814
 9.578693e-09 4.405245e-08 4.723721e-12 5.363587e-08 fanout1362
 1.098054e-08 4.255461e-08 4.850155e-12 5.354000e-08 fanout896
 1.101975e-08 4.229742e-08 4.037210e-12 5.332120e-08 fanout1286
 1.022748e-08 4.284536e-08 3.908504e-12 5.307675e-08 fanout1314
 9.579414e-09 4.345556e-08 4.723721e-12 5.303970e-08 fanout1368
 1.105451e-08 4.191793e-08 4.850155e-12 5.297728e-08 fanout870
 1.102600e-08 4.182471e-08 4.850155e-12 5.285557e-08 fanout883
 1.092486e-08 4.190260e-08 4.850155e-12 5.283232e-08 fanout855
 6.106403e-09 4.671574e-08 4.549969e-12 5.282670e-08 fanout946
 1.102306e-08 4.172562e-08 4.351423e-12 5.275303e-08 fanout787
 8.717354e-09 4.402185e-08 4.761682e-12 5.274396e-08 fanout1007
 1.095045e-08 4.164868e-08 4.850155e-12 5.260398e-08 fanout880
 1.095587e-08 4.164122e-08 4.850155e-12 5.260194e-08 fanout907
 9.616790e-09 4.278695e-08 4.723721e-12 5.240846e-08 fanout1357
 9.621559e-09 4.263411e-08 4.723721e-12 5.226039e-08 fanout1377
 6.995135e-09 4.524578e-08 4.809683e-12 5.224572e-08 fanout1138
 1.090132e-08 4.131926e-08 3.957003e-12 5.222454e-08 fanout1299
 1.101452e-08 4.109585e-08 4.850155e-12 5.211522e-08 fanout872
 1.095606e-08 4.105462e-08 4.850155e-12 5.201553e-08 fanout858
 1.095800e-08 4.042313e-08 3.919855e-12 5.138505e-08 fanout1212
 8.758308e-09 4.261823e-08 3.971544e-12 5.138051e-08 fanout1555
 9.991088e-09 4.130532e-08 3.928673e-12 5.130034e-08 fanout1251
 1.105426e-08 4.017799e-08 4.850155e-12 5.123709e-08 fanout868
 8.759335e-09 4.218406e-08 4.761682e-12 5.094815e-08 fanout1037
 1.097781e-08 3.990228e-08 3.994621e-12 5.088408e-08 fanout1259
 9.668353e-09 4.116579e-08 3.969198e-12 5.083811e-08 fanout1247
 1.099026e-08 3.952452e-08 4.850155e-12 5.051963e-08 fanout926
 8.682416e-09 4.177699e-08 4.761682e-12 5.046417e-08 fanout1039
 1.096241e-08 3.948874e-08 4.351423e-12 5.045550e-08 fanout825
 6.988835e-09 4.336072e-08 4.809683e-12 5.035436e-08 fanout1116
 1.175720e-08 3.851252e-08 3.997716e-12 5.027372e-08 fanout1317
 1.125521e-08 3.862317e-08 3.957566e-12 4.988234e-08 fanout1305
 9.615761e-09 4.016387e-08 4.723721e-12 4.978435e-08 fanout1381
 8.776956e-09 4.085200e-08 4.761682e-12 4.963372e-08 fanout1011
 1.047168e-08 3.884049e-08 3.999405e-12 4.931617e-08 fanout1214
 9.689269e-09 3.960350e-08 4.723721e-12 4.929749e-08 fanout1367
 1.173445e-08 3.751482e-08 4.027454e-12 4.925329e-08 fanout1265
 8.688834e-09 4.037238e-08 4.761682e-12 4.906598e-08 fanout1038
 7.013903e-09 4.179034e-08 4.809683e-12 4.880906e-08 fanout1135
 1.111813e-08 3.764728e-08 3.999217e-12 4.876941e-08 fanout1311
 6.992976e-09 4.177023e-08 4.391895e-12 4.876760e-08 fanout1096
 1.043878e-08 3.830968e-08 3.981018e-12 4.875245e-08 fanout1329
 8.790587e-09 3.994817e-08 4.335897e-12 4.874309e-08 fanout1913
 8.831202e-09 3.964569e-08 3.898560e-12 4.848080e-08 fanout1271
 1.103916e-08 3.729057e-08 3.974170e-12 4.833371e-08 fanout1313
 1.101191e-08 3.720153e-08 4.037210e-12 4.821747e-08 fanout1287
 6.995891e-09 4.114156e-08 4.809683e-12 4.814226e-08 fanout1120
 8.678659e-09 3.931407e-08 4.761682e-12 4.799749e-08 fanout1024
 8.735413e-09 3.897062e-08 4.761682e-12 4.771079e-08 fanout999
 8.753538e-09 3.857318e-08 4.761682e-12 4.733148e-08 fanout1013
 6.999294e-09 4.023339e-08 4.809683e-12 4.723749e-08 fanout1143
 7.003103e-09 4.011060e-08 4.809683e-12 4.711851e-08 fanout1137
 8.684010e-09 3.816635e-08 4.761682e-12 4.685512e-08 fanout1018
 1.046020e-08 3.636108e-08 4.360944e-12 4.682564e-08 fanout1283
 1.115401e-08 3.555474e-08 4.064133e-12 4.671282e-08 fanout1202
 1.026175e-08 3.595163e-08 3.928673e-12 4.621730e-08 fanout1253
 7.036470e-09 3.895792e-08 4.809683e-12 4.599920e-08 fanout1131
 1.054479e-08 3.543600e-08 3.996403e-12 4.598478e-08 fanout1220
 8.722859e-09 3.698139e-08 4.761682e-12 4.570902e-08 fanout1005
 9.648675e-09 3.576313e-08 4.723721e-12 4.541653e-08 fanout1359
 1.091417e-08 3.437145e-08 4.850155e-12 4.529047e-08 fanout881
 8.858492e-09 3.642623e-08 4.335897e-12 4.528906e-08 fanout1869
 9.612998e-09 3.562251e-08 4.723721e-12 4.524023e-08 fanout1363
 1.040925e-08 3.470469e-08 3.957754e-12 4.511790e-08 fanout1263
 6.991573e-09 3.802803e-08 4.809683e-12 4.502441e-08 fanout1133
 1.121504e-08 3.369641e-08 4.027078e-12 4.491548e-08 fanout1228
 8.710582e-09 3.615291e-08 4.761682e-12 4.486825e-08 fanout1025
 7.081636e-09 3.756735e-08 4.809683e-12 4.465380e-08 fanout1122
 4.455758e-08 0.000000e+00 3.813188e-12 4.456139e-08 clkload111
 4.451678e-08 0.000000e+00 3.813188e-12 4.452059e-08 clkload112
 7.031771e-09 3.741396e-08 4.391895e-12 4.445012e-08 fanout1102
 4.442898e-08 0.000000e+00 3.813188e-12 4.443279e-08 clkload115
 8.823328e-09 3.557978e-08 4.335897e-12 4.440745e-08 fanout1907
 4.425938e-08 0.000000e+00 3.813188e-12 4.426320e-08 clkload113
 1.102878e-08 3.319362e-08 3.954095e-12 4.422636e-08 fanout1303
 8.845821e-09 3.537479e-08 3.887960e-12 4.422449e-08 fanout1222
 4.417391e-08 0.000000e+00 3.813188e-12 4.417772e-08 clkload137
 4.416752e-08 0.000000e+00 3.813188e-12 4.417133e-08 clkload133
 4.409866e-08 0.000000e+00 3.813188e-12 4.410247e-08 clkload134
 4.405501e-08 0.000000e+00 3.813188e-12 4.405882e-08 clkload132
 4.404998e-08 0.000000e+00 3.813188e-12 4.405380e-08 clkload116
 4.392883e-08 0.000000e+00 3.813188e-12 4.393264e-08 clkload89
 7.022380e-09 3.690376e-08 4.809683e-12 4.393095e-08 fanout1108
 8.746714e-09 3.496482e-08 4.761682e-12 4.371630e-08 fanout1036
 6.144361e-09 3.752684e-08 3.706346e-12 4.367491e-08 fanout836
 8.768891e-09 3.489802e-08 4.335897e-12 4.367125e-08 fanout1872
 7.018857e-09 3.653619e-08 4.809683e-12 4.355986e-08 fanout1115
 8.824201e-09 3.471385e-08 4.335897e-12 4.354239e-08 fanout1889
 4.353220e-08 0.000000e+00 3.813188e-12 4.353601e-08 clkload110
 4.349216e-08 0.000000e+00 3.813188e-12 4.349597e-08 clkload237
 6.131407e-09 3.708224e-08 4.601096e-12 4.321825e-08 fanout859
 1.053910e-08 3.266953e-08 4.298843e-12 4.321292e-08 fanout1309
 4.308493e-08 0.000000e+00 3.813188e-12 4.308874e-08 clkload61
 4.308481e-08 0.000000e+00 3.813188e-12 4.308862e-08 clkload60
 4.306668e-08 0.000000e+00 3.813188e-12 4.307049e-08 clkload217
 6.201005e-09 3.686207e-08 4.601096e-12 4.306768e-08 fanout863
 4.305356e-08 0.000000e+00 3.813188e-12 4.305737e-08 clkload29
 4.299309e-08 0.000000e+00 3.813188e-12 4.299690e-08 clkload129
 4.292763e-08 0.000000e+00 3.813188e-12 4.293145e-08 clkload125
 4.292336e-08 0.000000e+00 3.813188e-12 4.292717e-08 clkload262
 4.287662e-08 0.000000e+00 3.813188e-12 4.288044e-08 clkload26
 4.284096e-08 0.000000e+00 3.813188e-12 4.284477e-08 clkload258
 4.279349e-08 0.000000e+00 3.813188e-12 4.279730e-08 clkload252
 4.275724e-08 0.000000e+00 3.813188e-12 4.276106e-08 clkload257
 4.275205e-08 0.000000e+00 3.813188e-12 4.275586e-08 clkload105
 4.274590e-08 0.000000e+00 3.813188e-12 4.274971e-08 clkload200
 4.271066e-08 0.000000e+00 3.813188e-12 4.271447e-08 clkload107
 4.270665e-08 0.000000e+00 3.813188e-12 4.271046e-08 clkload206
 4.270657e-08 0.000000e+00 3.813188e-12 4.271039e-08 clkload204
 4.268707e-08 0.000000e+00 3.813188e-12 4.269089e-08 clkload223
 4.268361e-08 0.000000e+00 3.813188e-12 4.268742e-08 clkload297
 4.267056e-08 0.000000e+00 3.813188e-12 4.267437e-08 clkload293
 4.266175e-08 0.000000e+00 3.813188e-12 4.266557e-08 clkload98
 4.263889e-08 0.000000e+00 3.813188e-12 4.264270e-08 clkload228
 4.263158e-08 0.000000e+00 3.813188e-12 4.263539e-08 clkload220
 4.260463e-08 0.000000e+00 3.813188e-12 4.260844e-08 clkload241
 4.258413e-08 0.000000e+00 3.813188e-12 4.258794e-08 clkload285
 4.254318e-08 0.000000e+00 3.813188e-12 4.254699e-08 clkload158
 6.149095e-09 3.633124e-08 3.706346e-12 4.248404e-08 fanout305
 4.244316e-08 0.000000e+00 3.813188e-12 4.244697e-08 clkload242
 8.718676e-09 3.353657e-08 4.761682e-12 4.226000e-08 fanout1022
 7.052884e-09 3.509657e-08 4.809683e-12 4.215427e-08 fanout1132
 7.021114e-09 3.505919e-08 4.809683e-12 4.208511e-08 fanout1118
 4.176291e-08 0.000000e+00 3.813188e-12 4.176672e-08 clkload76
 6.207233e-09 3.551758e-08 4.601096e-12 4.172942e-08 fanout893
 6.151919e-09 3.551790e-08 3.706346e-12 4.167353e-08 fanout304
 6.124426e-09 3.536327e-08 4.601096e-12 4.149230e-08 fanout904
 7.002653e-09 3.403811e-08 4.809683e-12 4.104558e-08 fanout1110
 6.154460e-09 3.478697e-08 3.706346e-12 4.094514e-08 fanout306
 6.154242e-09 3.455376e-08 4.601096e-12 4.071260e-08 fanout927
 6.155604e-09 3.426332e-08 4.549969e-12 4.042348e-08 fanout944
 6.212898e-09 3.417763e-08 4.601096e-12 4.039513e-08 fanout897
 1.050158e-08 2.957630e-08 3.931581e-12 4.008182e-08 fanout1277
 6.130840e-09 3.386719e-08 4.549969e-12 4.000258e-08 fanout258
 6.152847e-09 3.382652e-08 4.601096e-12 3.998396e-08 fanout930
 7.094204e-09 3.280866e-08 4.809683e-12 3.990767e-08 fanout1112
 6.129951e-09 3.373870e-08 4.549969e-12 3.987320e-08 fanout945
 8.744324e-09 3.086281e-08 3.844620e-12 3.961098e-08 fanout1281
 6.157922e-09 3.337021e-08 3.706346e-12 3.953184e-08 fanout766
 7.008344e-09 3.251195e-08 4.809683e-12 3.952510e-08 fanout1113
 6.177932e-09 3.306199e-08 3.706346e-12 3.924363e-08 fanout777
 8.794674e-09 2.998798e-08 4.335897e-12 3.878699e-08 fanout1920
 6.158481e-09 3.205195e-08 4.601096e-12 3.821503e-08 fanout920
 6.162859e-09 3.201887e-08 3.706346e-12 3.818544e-08 fanout831
 6.153979e-09 3.175573e-08 3.706346e-12 3.791341e-08 fanout303
 7.038377e-09 3.081799e-08 4.809683e-12 3.786118e-08 fanout1123
 7.041502e-09 3.057649e-08 4.809683e-12 3.762280e-08 fanout1146
 6.167613e-09 3.133540e-08 3.706346e-12 3.750672e-08 fanout823
 6.149745e-09 3.116929e-08 3.757471e-12 3.732280e-08 fanout275
 7.083285e-09 3.011789e-08 4.809683e-12 3.720598e-08 fanout1127
 7.110462e-09 2.993160e-08 4.809683e-12 3.704687e-08 fanout1140
 6.167282e-09 3.060580e-08 3.706346e-12 3.677679e-08 fanout768
 6.166260e-09 3.050979e-08 3.706346e-12 3.667976e-08 fanout786
 6.137988e-09 3.040972e-08 3.706346e-12 3.655141e-08 fanout310
 6.168460e-09 3.009862e-08 3.706346e-12 3.627079e-08 fanout779
 6.186273e-09 2.999871e-08 3.706346e-12 3.618869e-08 fanout309
 6.190461e-09 2.928278e-08 3.706346e-12 3.547694e-08 fanout775
 6.170423e-09 2.925816e-08 3.706346e-12 3.543229e-08 fanout804
 7.229583e-09 2.816223e-08 3.795370e-12 3.539561e-08 fanout1218
 6.183465e-09 2.905043e-08 3.706346e-12 3.523760e-08 fanout801
 6.172745e-09 2.866754e-08 3.757471e-12 3.484405e-08 fanout271
 6.172879e-09 2.857138e-08 4.601096e-12 3.474886e-08 fanout869
 6.197269e-09 2.830097e-08 3.706346e-12 3.450194e-08 fanout838
 6.175578e-09 2.825592e-08 3.706346e-12 3.443521e-08 fanout827
 6.153630e-09 2.785852e-08 4.601096e-12 3.401675e-08 fanout871
 6.156447e-09 2.778956e-08 3.706346e-12 3.394971e-08 fanout809
 6.153526e-09 2.776400e-08 3.706346e-12 3.392124e-08 fanout835
 6.187343e-09 2.748906e-08 3.706346e-12 3.368011e-08 fanout788
 6.178044e-09 2.696773e-08 3.706346e-12 3.314948e-08 fanout783
 6.163001e-09 2.690739e-08 3.757471e-12 3.307415e-08 fanout267
 6.157218e-09 2.679261e-08 3.706346e-12 3.295354e-08 fanout758
 4.891604e-09 2.767349e-08 4.442371e-12 3.256953e-08 fanout1010
 6.157518e-09 2.607802e-08 3.706346e-12 3.223925e-08 fanout817
 6.148031e-09 2.527065e-08 3.706346e-12 3.142239e-08 fanout308
 5.395199e-09 2.536830e-08 4.374265e-12 3.076787e-08 fanout1353
 6.177368e-09 2.447501e-08 4.601096e-12 3.065697e-08 fanout918
 6.224222e-09 2.442157e-08 3.706346e-12 3.064950e-08 fanout302
 6.189658e-09 2.432978e-08 4.549969e-12 3.052399e-08 fanout941
 6.176693e-09 2.403605e-08 4.601096e-12 3.021734e-08 fanout929
 4.914670e-09 2.509908e-08 4.442371e-12 3.001819e-08 fanout1032
 6.158616e-09 2.374759e-08 4.601096e-12 2.991081e-08 fanout862
 6.175713e-09 2.318336e-08 4.601096e-12 2.936367e-08 fanout925
 6.175889e-09 2.268477e-08 4.549969e-12 2.886521e-08 fanout261
 4.924027e-09 2.353055e-08 4.442371e-12 2.845902e-08 fanout1029
 6.184235e-09 2.203318e-08 4.601096e-12 2.822202e-08 fanout878
 6.226391e-09 2.158909e-08 3.706346e-12 2.781919e-08 fanout301
 2.712994e-08 0.000000e+00 1.567550e-12 2.713151e-08 clkload0
 5.201584e-09 2.146167e-08 4.859515e-12 2.666812e-08 fanout288
 4.901864e-09 2.104988e-08 4.442371e-12 2.595619e-08 fanout1026
 6.214554e-09 1.953317e-08 3.706346e-12 2.575143e-08 fanout300
 6.212338e-09 1.841066e-08 3.706346e-12 2.462670e-08 fanout299
 5.120047e-09 1.877041e-08 4.861816e-12 2.389532e-08 fanout294
 3.955644e-09 1.975767e-08 4.528487e-12 2.371785e-08 fanout1111
 6.192255e-09 1.737565e-08 3.706346e-12 2.357161e-08 fanout774
 5.014393e-09 1.848908e-08 4.339762e-12 2.350781e-08 fanout293
 5.121664e-09 1.766669e-08 4.861816e-12 2.279322e-08 fanout295
 3.889564e-09 1.884412e-08 4.865163e-12 2.273855e-08 fanout252
 3.999093e-09 1.750862e-08 4.528487e-12 2.151224e-08 fanout1141
 3.977895e-09 1.591884e-08 4.528487e-12 1.990126e-08 fanout1136
 4.193606e-09 1.519198e-08 4.336835e-12 1.938992e-08 fanout296
 3.143809e-09 1.615214e-08 3.689648e-12 1.929964e-08 fanout246
 2.754523e-09 1.579163e-08 4.618168e-12 1.855078e-08 fanout248
 3.975431e-09 1.428982e-08 4.528487e-12 1.826978e-08 fanout1119
 2.856799e-09 1.505363e-08 3.689835e-12 1.791412e-08 fanout644
 2.879527e-09 1.490811e-08 4.617606e-12 1.779225e-08 fanout641
 3.218465e-09 1.362630e-08 3.692368e-12 1.684846e-08 fanout367
 3.169593e-09 1.259982e-08 3.689648e-12 1.577310e-08 fanout247
 4.429026e-09 1.083707e-08 1.181000e-12 1.526728e-08 max_cap659
 7.059220e-09 7.988767e-09 1.181000e-12 1.504917e-08 max_cap755
 2.292482e-09 1.214833e-08 4.628206e-12 1.444544e-08 fanout361
 5.999857e-09 5.112998e-09 1.181000e-12 1.111404e-08 max_cap753
 7.983386e-10 8.443291e-09 7.507424e-12 9.249137e-09 fanout178
 2.123924e-09 6.936415e-09 4.493754e-12 9.064833e-09 fanout1653
 2.002458e-09 6.348225e-09 3.676702e-12 8.354360e-09 fanout254
 1.741661e-09 5.497520e-09 3.983082e-12 7.243165e-09 fanout238
 1.745142e-09 5.235158e-09 4.324359e-12 6.984625e-09 fanout240
 1.343019e-09 5.558167e-09 3.926328e-12 6.905113e-09 fanout1646
 1.089255e-09 4.544777e-09 3.873607e-12 5.637906e-09 fanout106
 6.087753e-10 2.604843e-09 3.760661e-12 3.217379e-09 fanout1668
 1.375456e-09 1.758839e-09 1.181000e-12 3.135476e-09 max_cap933
 4.553023e-10 1.874605e-09 3.737490e-12 2.333644e-09 fanout1673
 3.250074e-10 1.769461e-09 3.967791e-12 2.098436e-09 fanout1679
 3.240596e-10 1.616904e-09 3.967791e-12 1.944931e-09 fanout1678
 3.146287e-10 1.462014e-09 3.708409e-12 1.780351e-09 fanout1655
 2.767238e-10 1.188671e-09 3.699310e-12 1.469095e-09 fanout1670
 2.318436e-10 1.116514e-09 4.328259e-12 1.352686e-09 fanout118
 2.865007e-10 8.706070e-10 4.332233e-12 1.161440e-09 fanout1651
 2.291823e-10 8.864341e-10 4.330769e-12 1.119947e-09 fanout157
 3.368404e-10 6.362756e-10 1.181000e-12 9.742971e-10 wire236
 3.667201e-10 5.882551e-10 1.181000e-12 9.561563e-10 wire242
 1.820679e-10 6.693793e-10 4.328730e-12 8.557758e-10 fanout120
 1.414052e-10 7.087369e-10 4.875986e-12 8.550181e-10 fanout1680
 3.686655e-10 4.612654e-10 1.181000e-12 8.311119e-10 max_cap241
 3.372546e-10 4.904794e-10 1.181000e-12 8.289150e-10 max_cap235
 1.397665e-10 6.302682e-10 3.669010e-12 7.737038e-10 fanout162
 1.656089e-10 5.651338e-10 3.664976e-12 7.344077e-10 fanout152
 1.145146e-10 6.023563e-10 4.326220e-12 7.211970e-10 fanout163
 8.935826e-11 5.882698e-10 3.663381e-12 6.812915e-10 wire125
 1.060005e-10 5.521371e-10 4.452784e-12 6.625903e-10 fanout1677
 1.525594e-10 5.023570e-10 3.661974e-12 6.585784e-10 max_cap119
 1.243154e-10 5.123766e-10 3.683081e-12 6.403751e-10 fanout1660
 1.522496e-10 4.740215e-10 3.665445e-12 6.299366e-10 max_cap229
 1.927919e-10 3.108298e-10 1.181000e-12 5.048027e-10 _41673_
 9.156195e-11 3.760259e-10 3.663381e-12 4.712513e-10 fanout128
 1.920493e-10 2.614511e-10 1.181000e-12 4.546814e-10 _41675_
 9.030852e-11 3.562058e-10 3.663381e-12 4.501777e-10 fanout124
 1.919613e-10 2.556051e-10 1.181000e-12 4.487474e-10 _41678_
 1.918681e-10 2.494058e-10 1.181000e-12 4.424549e-10 _41677_
 9.402575e-11 3.331752e-10 4.326481e-12 4.315275e-10 fanout146
 1.905443e-10 1.613912e-10 1.181000e-12 3.531164e-10 _41672_
 1.906019e-10 1.512128e-10 1.181000e-12 3.429957e-10 _41679_
 1.905866e-10 1.501031e-10 1.181000e-12 3.418707e-10 _41676_
 1.902388e-10 1.410726e-10 1.181000e-12 3.324924e-10 _41674_
 6.599148e-11 1.995717e-10 3.662068e-12 2.692253e-10 fanout135
 4.795123e-11 2.049497e-10 3.664507e-12 2.565654e-10 fanout1648
 4.953252e-11 2.012277e-10 4.325801e-12 2.550860e-10 fanout143
 6.185889e-11 1.020230e-10 1.181000e-12 1.650629e-10 _41682_
 6.175295e-11 9.254684e-11 1.181000e-12 1.554808e-10 _41685_
 2.832237e-11 1.185420e-10 4.325488e-12 1.511899e-10 fanout114
 1.622952e-11 1.093491e-10 4.326586e-12 1.299052e-10 fanout1807
 1.621699e-11 1.070475e-10 4.326586e-12 1.275911e-10 fanout1727
 2.231897e-11 1.006860e-10 3.662068e-12 1.266671e-10 fanout1664
 7.789317e-11 4.672504e-11 1.181000e-12 1.257992e-10 max_cap234
 6.159454e-11 6.141960e-11 1.181000e-12 1.241951e-10 _41687_
 6.135575e-11 5.701992e-11 1.181000e-12 1.195567e-10 _41684_
 1.630802e-11 8.599189e-11 4.326586e-12 1.066265e-10 fanout1740
 6.138271e-11 4.115205e-11 1.181000e-12 1.037158e-10 _41681_
 6.084790e-11 2.954247e-11 1.181000e-12 9.157137e-11 _41680_
 6.082554e-11 2.907999e-11 1.181000e-12 9.108653e-11 _41683_
 6.070745e-11 2.663394e-11 1.181000e-12 8.852239e-11 _41686_
 9.152937e-12 6.429730e-11 3.661786e-12 7.711203e-11 fanout1801
 9.217706e-12 5.859515e-11 3.661786e-12 7.147464e-11 fanout1842
 9.216815e-12 5.856405e-11 3.661786e-12 7.144265e-11 fanout1820
 9.208473e-12 5.708712e-11 3.661786e-12 6.995738e-11 fanout1756
 9.175232e-12 5.688842e-11 3.661786e-12 6.972544e-11 fanout1699
 9.177341e-12 5.591395e-11 3.661786e-12 6.875307e-11 fanout1714
 9.199431e-12 5.581224e-11 3.661786e-12 6.867346e-11 fanout1707
 9.175075e-12 5.530965e-11 3.661786e-12 6.814651e-11 fanout1789
 9.194836e-12 5.391384e-11 3.661786e-12 6.677046e-11 fanout1708
 9.238569e-12 5.331609e-11 3.661786e-12 6.621645e-11 fanout1733
 9.246767e-12 5.164722e-11 3.661786e-12 6.455578e-11 fanout1825
 9.188763e-12 5.153380e-11 3.661786e-12 6.438435e-11 fanout1718
 9.304640e-12 5.083097e-11 3.661786e-12 6.379740e-11 fanout1809
 9.213903e-12 5.047768e-11 3.661786e-12 6.335337e-11 fanout1749
 9.213517e-12 5.026781e-11 3.661786e-12 6.314312e-11 fanout1823
 9.187582e-12 5.023013e-11 3.661786e-12 6.307950e-11 fanout1785
 9.240421e-12 4.774307e-11 3.661786e-12 6.064528e-11 fanout1753
 9.297184e-12 4.761656e-11 3.661786e-12 6.057553e-11 fanout1700
 9.199318e-12 4.731016e-11 3.661786e-12 6.017126e-11 fanout1717
 9.276682e-12 4.692984e-11 3.661786e-12 5.986831e-11 fanout1721
 1.538174e-11 4.073431e-11 3.659629e-12 5.977568e-11 max_cap109
 9.195983e-12 4.664808e-11 3.661786e-12 5.950585e-11 fanout1800
 9.260980e-12 4.598739e-11 3.661786e-12 5.891015e-11 fanout1739
 9.232177e-12 4.568211e-11 3.661786e-12 5.857607e-11 fanout1731
 9.363698e-12 4.554384e-11 3.661786e-12 5.856932e-11 fanout1767
 9.306478e-12 4.497500e-11 3.661786e-12 5.794326e-11 fanout1802
 9.203327e-12 4.507187e-11 3.661786e-12 5.793698e-11 fanout1819
 9.223187e-12 4.504951e-11 3.661786e-12 5.793448e-11 fanout1769
 9.265928e-12 4.497373e-11 3.661786e-12 5.790144e-11 fanout1715
 9.243628e-12 4.490409e-11 3.661786e-12 5.780950e-11 fanout1694
 9.264917e-12 4.481429e-11 3.661786e-12 5.774099e-11 fanout1763
 9.203350e-12 4.486659e-11 3.661786e-12 5.773173e-11 fanout1841
 9.288936e-12 4.475588e-11 3.661786e-12 5.770660e-11 fanout1702
 9.292177e-12 4.440093e-11 3.661786e-12 5.735490e-11 fanout1711
 9.294053e-12 4.438675e-11 3.661786e-12 5.734259e-11 fanout1734
 9.295585e-12 4.435045e-11 3.661786e-12 5.730782e-11 fanout1817
 9.235838e-12 4.435904e-11 3.661786e-12 5.725666e-11 fanout1732
 9.295884e-12 4.427479e-11 3.661786e-12 5.723246e-11 fanout1741
 9.231033e-12 4.428153e-11 3.661786e-12 5.717435e-11 fanout1747
 9.297472e-12 4.419131e-11 3.661786e-12 5.715057e-11 fanout1723
 9.253104e-12 4.414067e-11 3.661786e-12 5.705556e-11 fanout1782
 9.282971e-12 4.351426e-11 3.661786e-12 5.645902e-11 fanout1816
 9.292184e-12 4.346129e-11 3.661786e-12 5.641526e-11 fanout1815
 9.332354e-12 4.333618e-11 3.661786e-12 5.633032e-11 fanout1757
 9.281052e-12 4.319651e-11 3.661786e-12 5.613935e-11 fanout1730
 9.223611e-12 4.320168e-11 3.661786e-12 5.608708e-11 fanout1706
 9.235523e-12 4.316137e-11 3.661786e-12 5.605868e-11 fanout1692
 9.227334e-12 4.308913e-11 3.661786e-12 5.597825e-11 fanout1786
 9.250193e-12 4.294742e-11 3.661786e-12 5.585940e-11 fanout1712
 9.308688e-12 4.253237e-11 3.661786e-12 5.550284e-11 fanout1703
 9.271917e-12 4.254292e-11 3.661786e-12 5.547663e-11 fanout1735
 9.257007e-12 4.246848e-11 3.661786e-12 5.538727e-11 fanout1834
 9.317233e-12 4.236889e-11 3.661786e-12 5.534791e-11 fanout1826
 9.302737e-12 4.231224e-11 3.661786e-12 5.527677e-11 fanout1743
 9.286918e-12 4.232602e-11 3.661786e-12 5.527472e-11 fanout1818
 9.251615e-12 4.228247e-11 3.661786e-12 5.519588e-11 fanout1777
 9.236343e-12 4.227856e-11 3.661786e-12 5.517669e-11 fanout1744
 9.292666e-12 4.219124e-11 3.661786e-12 5.514570e-11 fanout1722
 9.272681e-12 4.207501e-11 3.661786e-12 5.500948e-11 fanout1790
 9.212696e-12 4.198250e-11 3.661786e-12 5.485699e-11 fanout1726
 9.290481e-12 4.187381e-11 3.661786e-12 5.482607e-11 fanout1762
 9.288251e-12 4.135661e-11 3.661786e-12 5.430665e-11 fanout1766
 9.209460e-12 4.130368e-11 3.661786e-12 5.417492e-11 fanout1798
 9.317211e-12 4.114011e-11 3.661786e-12 5.411911e-11 fanout1751
 9.342448e-12 4.092793e-11 3.661786e-12 5.393217e-11 fanout1745
 9.316742e-12 4.092494e-11 3.661786e-12 5.390347e-11 fanout1724
 9.321313e-12 4.089358e-11 3.661786e-12 5.387667e-11 fanout1811
 9.343496e-12 4.051861e-11 3.661786e-12 5.352389e-11 fanout1796
 9.290894e-12 4.035835e-11 3.661786e-12 5.331103e-11 fanout1836
 9.281778e-12 3.994157e-11 3.661786e-12 5.288513e-11 fanout1716
 9.306046e-12 3.990467e-11 3.661786e-12 5.287250e-11 fanout1690
 9.297502e-12 3.981451e-11 3.661786e-12 5.277380e-11 fanout1701
 9.237455e-12 3.980154e-11 3.661786e-12 5.270078e-11 fanout1805
 9.290292e-12 3.971426e-11 3.661786e-12 5.266633e-11 fanout1736
 9.241961e-12 3.960346e-11 3.661786e-12 5.250720e-11 fanout1827
 9.266093e-12 3.948721e-11 3.661786e-12 5.241509e-11 fanout1833
 9.226481e-12 3.942311e-11 3.661786e-12 5.231138e-11 fanout1754
 9.266860e-12 3.925298e-11 3.661786e-12 5.218163e-11 fanout1822
 9.257483e-12 3.878343e-11 3.661786e-12 5.170270e-11 fanout1821
 9.261708e-12 3.859802e-11 3.661786e-12 5.152152e-11 fanout1759
 9.346471e-12 3.849014e-11 3.661786e-12 5.149840e-11 fanout1758
 9.337582e-12 3.823080e-11 3.661786e-12 5.123017e-11 fanout1779
 9.296560e-12 3.814198e-11 3.661786e-12 5.110032e-11 fanout1839
 9.336488e-12 3.785178e-11 3.661786e-12 5.085006e-11 fanout1770
 9.327518e-12 3.778221e-11 3.661786e-12 5.077152e-11 fanout1787
 9.311101e-12 3.769716e-11 3.661786e-12 5.067005e-11 fanout1771
 9.310924e-12 3.765644e-11 3.661786e-12 5.062915e-11 fanout1742
 9.253053e-12 3.770129e-11 3.661786e-12 5.061613e-11 fanout1803
 9.279578e-12 3.667168e-11 3.661786e-12 4.961304e-11 fanout1773
 9.296847e-12 3.635798e-11 3.661786e-12 4.931661e-11 fanout1746
 9.269091e-12 3.611531e-11 3.661786e-12 4.904619e-11 fanout1761
 9.393700e-12 3.572133e-11 3.661786e-12 4.877681e-11 fanout1829
 9.246747e-12 3.576754e-11 3.661786e-12 4.867607e-11 fanout1728
 9.212521e-12 3.517348e-11 3.661786e-12 4.804778e-11 fanout1795
 9.223141e-12 3.448493e-11 3.661786e-12 4.736985e-11 fanout1755
 9.250727e-12 3.378134e-11 3.661786e-12 4.669385e-11 fanout1775
 9.242660e-12 3.265083e-11 3.661786e-12 4.555527e-11 fanout1813
 9.291082e-12 3.195919e-11 3.661786e-12 4.491205e-11 fanout1720
 9.238489e-12 3.059964e-11 3.661786e-12 4.349992e-11 fanout1768
 9.322252e-12 2.917682e-11 3.661786e-12 4.216085e-11 fanout1830
 5.629184e-12 3.017920e-11 4.325279e-12 4.013367e-11 fanout221
 5.465974e-12 2.789712e-11 4.876300e-12 3.823939e-11 fanout1681
 5.498713e-12 2.571901e-11 4.876300e-12 3.609402e-11 fanout1688
 5.504630e-12 2.444210e-11 4.876300e-12 3.482303e-11 fanout1686
 5.521473e-12 2.395799e-11 4.325279e-12 3.380474e-11 fanout223
 5.521636e-12 2.225503e-11 4.325279e-12 3.210194e-11 fanout126
 1.698153e-11 1.340191e-11 1.181000e-12 3.156444e-11 max_cap141
 5.471203e-12 2.080152e-11 4.876300e-12 3.114903e-11 fanout1682
 5.662479e-12 1.897839e-11 1.181000e-12 2.582187e-11 fanout1794
 5.470140e-12 1.389169e-11 4.325279e-12 2.368711e-11 wire169
 3.098852e-12 1.613018e-11 3.659441e-12 2.288847e-11 fanout166
 3.101205e-12 1.531777e-11 3.659441e-12 2.207842e-11 max_cap171
 3.126740e-12 1.376948e-11 3.659441e-12 2.055566e-11 fanout156
 3.094705e-12 1.376443e-11 3.659441e-12 2.051858e-11 wire170
 3.110181e-12 1.307424e-11 3.659441e-12 1.984387e-11 fanout167
 3.090194e-12 1.179902e-11 3.659441e-12 1.854866e-11 fanout217
 3.080580e-12 1.045014e-11 4.648000e-12 1.817872e-11 fanout1683
 8.606598e-18 4.961056e-17 1.048580e-11 1.048586e-11 fanout2195
 4.320993e-18 3.191379e-17 6.866930e-12 6.866966e-12 fanout2168
 4.293320e-18 2.426365e-17 6.866930e-12 6.866958e-12 fanout2179
 2.149395e-18 1.568337e-17 4.875254e-12 4.875272e-12 fanout2185
 2.290551e-18 1.485628e-17 4.875254e-12 4.875271e-12 input9
 2.168092e-18 1.468229e-17 4.875254e-12 4.875271e-12 fanout2190
 2.175359e-18 1.276241e-17 4.875254e-12 4.875269e-12 fanout2164
 2.171568e-18 1.272780e-17 4.875254e-12 4.875269e-12 fanout2177
 2.167162e-18 1.248950e-17 4.875254e-12 4.875269e-12 fanout2182
 2.166673e-18 1.264681e-17 4.875254e-12 4.875269e-12 fanout2183
 2.162996e-18 1.264669e-17 4.875254e-12 4.875269e-12 fanout2194
 2.174377e-18 1.199424e-17 4.875254e-12 4.875268e-12 fanout2175
 2.167773e-18 1.190337e-17 4.875254e-12 4.875268e-12 fanout2167
 2.201229e-18 1.164697e-17 4.875254e-12 4.875268e-12 fanout2171
 2.169586e-18 1.134143e-17 4.875254e-12 4.875267e-12 fanout2166
 2.203743e-18 1.113924e-17 4.875254e-12 4.875267e-12 fanout2173
 2.172789e-18 1.082641e-17 4.875254e-12 4.875267e-12 fanout2188
 2.174109e-18 1.029953e-17 4.875254e-12 4.875266e-12 fanout2161
 2.181438e-18 1.019065e-17 4.875254e-12 4.875266e-12 fanout2169
 2.185729e-18 1.006012e-17 4.875254e-12 4.875266e-12 fanout2186
 2.186569e-18 9.021325e-18 4.875254e-12 4.875265e-12 fanout2174
 1.229060e-18 6.940781e-18 4.646124e-12 4.646132e-12 fanout2191
 1.230708e-18 6.400982e-18 4.646124e-12 4.646132e-12 fanout2163
 1.226177e-18 6.677085e-18 4.646124e-12 4.646132e-12 fanout2189
 1.226617e-18 6.252653e-18 4.646124e-12 4.646131e-12 fanout2184
 1.244056e-18 5.743675e-18 4.646124e-12 4.646131e-12 fanout2172
 2.146721e-18 1.656666e-17 4.326246e-12 4.326264e-12 fanout2158
 2.152951e-18 1.500488e-17 4.326246e-12 4.326263e-12 fanout2056
 2.169885e-18 1.435009e-17 4.326246e-12 4.326262e-12 fanout2057
 2.161394e-18 1.433902e-17 4.326246e-12 4.326262e-12 fanout2114
 2.167439e-18 1.350172e-17 4.326246e-12 4.326261e-12 fanout2083
 2.168778e-18 1.300974e-17 4.326246e-12 4.326261e-12 fanout2031
 2.170235e-18 1.286058e-17 4.326246e-12 4.326261e-12 fanout2111
 2.168193e-18 1.265512e-17 4.326246e-12 4.326260e-12 fanout2126
 2.177713e-18 1.207723e-17 4.326246e-12 4.326260e-12 fanout2030
 2.174400e-18 1.205007e-17 4.326246e-12 4.326260e-12 fanout2044
 2.181571e-18 1.196466e-17 4.326246e-12 4.326260e-12 fanout2099
 2.173746e-18 1.160694e-17 4.326246e-12 4.326259e-12 fanout1987
 2.175444e-18 1.151681e-17 4.326246e-12 4.326259e-12 fanout2135
 2.185574e-18 1.073356e-17 4.326246e-12 4.326259e-12 fanout2014
 2.179875e-18 1.075729e-17 4.326246e-12 4.326259e-12 fanout2017
 2.186885e-18 1.101673e-17 4.326246e-12 4.326259e-12 fanout2042
 2.178761e-18 1.070028e-17 4.326246e-12 4.326259e-12 fanout2140
 2.181053e-18 1.047599e-17 4.326246e-12 4.326258e-12 fanout2069
 2.182600e-18 1.023705e-17 4.326246e-12 4.326258e-12 fanout2143
 2.188823e-18 9.889400e-18 4.326246e-12 4.326258e-12 fanout2007
 2.195397e-18 9.756755e-18 4.326246e-12 4.326258e-12 fanout2091
 2.176305e-18 9.868456e-18 4.326246e-12 4.326258e-12 fanout2154
 2.182741e-18 9.330756e-18 4.326246e-12 4.326257e-12 fanout2037
 2.187595e-18 9.414512e-18 4.326246e-12 4.326257e-12 fanout2097
 2.184871e-18 9.666429e-18 4.326246e-12 4.326257e-12 fanout2101
 2.190357e-18 9.487780e-18 4.326246e-12 4.326257e-12 fanout2125
 2.205943e-18 9.484004e-18 4.326246e-12 4.326257e-12 fanout2151
 2.204146e-18 9.014920e-18 4.326246e-12 4.326257e-12 fanout2045
 2.185480e-18 9.250975e-18 4.326246e-12 4.326257e-12 fanout2052
 2.200117e-18 9.109697e-18 4.326246e-12 4.326257e-12 fanout2085
 2.197743e-18 8.891593e-18 4.326246e-12 4.326257e-12 fanout2117
 2.194281e-18 8.605146e-18 4.326246e-12 4.326256e-12 fanout2004
 2.185660e-18 8.609768e-18 4.326246e-12 4.326256e-12 fanout2040
 2.211501e-18 8.724669e-18 4.326246e-12 4.326256e-12 fanout2048
 2.202037e-18 8.664136e-18 4.326246e-12 4.326256e-12 fanout2084
 2.212254e-18 8.696417e-18 4.326246e-12 4.326256e-12 fanout2124
 2.186073e-18 8.337201e-18 4.326246e-12 4.326256e-12 fanout2002
 2.202228e-18 8.394000e-18 4.326246e-12 4.326256e-12 fanout2066
 2.191640e-18 7.759687e-18 4.326246e-12 4.326255e-12 fanout2128
 1.217350e-18 1.064228e-17 3.661176e-12 3.661188e-12 fanout2013
 1.226097e-18 8.608540e-18 3.661176e-12 3.661186e-12 fanout1998
 1.230864e-18 7.471289e-18 3.661176e-12 3.661185e-12 fanout1994
 1.228011e-18 7.193067e-18 3.661176e-12 3.661184e-12 fanout2098
 1.227916e-18 7.053956e-18 3.661176e-12 3.661184e-12 fanout2141
 1.231606e-18 6.588499e-18 3.661176e-12 3.661184e-12 fanout2028
 1.229624e-18 6.630705e-18 3.661176e-12 3.661184e-12 fanout2090
 1.235491e-18 6.263459e-18 3.661176e-12 3.661183e-12 fanout1996
 1.230545e-18 6.318805e-18 3.661176e-12 3.661183e-12 fanout2093
 1.230791e-18 6.100924e-18 3.661176e-12 3.661183e-12 fanout2139
 1.233964e-18 5.820731e-18 3.661176e-12 3.661183e-12 fanout2046
 1.230600e-18 5.775799e-18 3.661176e-12 3.661183e-12 fanout2077
 1.229647e-18 5.794828e-18 3.661176e-12 3.661183e-12 fanout2105
 1.229576e-18 5.771279e-18 3.661176e-12 3.661183e-12 fanout2145
 1.228160e-18 5.421428e-18 3.661176e-12 3.661182e-12 fanout1997
 1.230975e-18 5.458963e-18 3.661176e-12 3.661182e-12 fanout2019
 1.232870e-18 5.424685e-18 3.661176e-12 3.661182e-12 fanout2062
 1.235772e-18 5.096694e-18 3.661176e-12 3.661182e-12 fanout2118
 1.230986e-18 5.124393e-18 3.661176e-12 3.661182e-12 fanout2148
 1.233242e-18 4.808557e-18 3.661176e-12 3.661182e-12 fanout2005
 1.237611e-18 5.030486e-18 3.661176e-12 3.661182e-12 fanout2132
 1.231987e-18 4.214156e-18 3.661176e-12 3.661182e-12 fanout2072
 1.231923e-18 4.433638e-18 3.661176e-12 3.661182e-12 fanout2079
 1.237828e-18 4.305145e-18 3.661176e-12 3.661182e-12 fanout2116
 1.234240e-18 4.134993e-18 3.661176e-12 3.661181e-12 fanout1989
 1.235013e-18 3.810534e-18 3.661176e-12 3.661181e-12 fanout2038
 1.230985e-18 4.038699e-18 3.661176e-12 3.661181e-12 fanout2102
 1.234213e-18 3.590859e-18 3.661176e-12 3.661181e-12 fanout1988
 1.151179e-15 5.030411e-15 1.181000e-12 1.187182e-12 input1
 1.167625e-15 5.006311e-15 1.181000e-12 1.187174e-12 input2
 1.249417e-15 4.895792e-15 1.181000e-12 1.187145e-12 input3
 1.137981e-15 3.634517e-15 1.181000e-12 1.185773e-12 input4
 1.005433e-15 2.913957e-15 1.181000e-12 1.184919e-12 input5
 6.294324e-16 1.137727e-15 1.181000e-12 1.182767e-12 input7
 5.211562e-16 9.517818e-16 1.181000e-12 1.182473e-12 input6
 0.000000e+00 0.000000e+00 1.181000e-12 1.181000e-12 input11
