     Internal    Switching      Leakage        Total
        Power        Power        Power        Power (Watts)
----------------------------------------------------
 8.710816e-07 3.947241e-07 1.232310e-11 1.265818e-06 clkbuf_1_0__f_clk
 8.699473e-07 3.009440e-07 1.232310e-11 1.170904e-06 clkbuf_0_clk
 8.398110e-07 1.044496e-07 1.232310e-11 9.442729e-07 clkbuf_1_1__f_clk
 1.353110e-07 8.904403e-11 9.134014e-12 1.354092e-07 u_icg
 2.619998e-08 0.000000e+00 1.567550e-12 2.620155e-08 clkload0
 9.986969e-11 3.924938e-10 1.047900e-11 5.028425e-10 clkbuf_0_core_clk
 6.529736e-11 3.707388e-10 1.047893e-11 4.465151e-10 clkbuf_0_v_clk
 6.325075e-11 3.303054e-10 1.047892e-11 4.040351e-10 clkbuf_0_w_clk
 4.947912e-11 2.323096e-10 6.865734e-12 2.886545e-10 clkbuf_4_9_0_core_clk
 6.189215e-11 1.871913e-10 1.047892e-11 2.595624e-10 clkbuf_2_2__f_w_clk
 6.182517e-11 1.846252e-10 1.047892e-11 2.569293e-10 clkbuf_2_1__f_w_clk
 6.185644e-11 1.820522e-10 1.047892e-11 2.543875e-10 clkbuf_2_0__f_w_clk
 6.180937e-11 1.599259e-10 1.047892e-11 2.322142e-10 clkbuf_2_3__f_w_clk
 4.933898e-11 1.623346e-10 6.865734e-12 2.185394e-10 clkbuf_4_8_0_core_clk
 6.376379e-11 1.308813e-10 1.047893e-11 2.051240e-10 clkbuf_3_4__f_v_clk
 6.363429e-11 1.262124e-10 1.047893e-11 2.003256e-10 clkbuf_3_2__f_v_clk
 6.358302e-11 1.184233e-10 1.047893e-11 1.924853e-10 clkbuf_3_6__f_v_clk
 6.327793e-11 1.093694e-10 1.047893e-11 1.831262e-10 clkbuf_3_5__f_v_clk
 6.323905e-11 1.087257e-10 1.047893e-11 1.824436e-10 clkbuf_3_7__f_v_clk
 4.902322e-11 1.235514e-10 6.865734e-12 1.794404e-10 clkbuf_4_14_0_core_clk
 6.307704e-11 1.039198e-10 1.047893e-11 1.774757e-10 clkbuf_3_1__f_v_clk
 4.887881e-11 1.163235e-10 6.865734e-12 1.720681e-10 clkbuf_4_6_0_core_clk
 6.273929e-11 9.570015e-11 1.047893e-11 1.689184e-10 clkbuf_3_0__f_v_clk
 4.871676e-11 1.087549e-10 6.865734e-12 1.643374e-10 clkbuf_4_3_0_core_clk
 4.867454e-11 1.071152e-10 6.865734e-12 1.626554e-10 clkbuf_4_4_0_core_clk
 4.860537e-11 1.043596e-10 6.865734e-12 1.598307e-10 clkbuf_4_15_0_core_clk
 4.861279e-11 1.042629e-10 6.865734e-12 1.597414e-10 clkbuf_4_10_0_core_clk
 6.233686e-11 8.558755e-11 1.047893e-11 1.584033e-10 clkbuf_3_3__f_v_clk
 4.851145e-11 9.951253e-11 6.865734e-12 1.548897e-10 clkbuf_4_0_0_core_clk
 4.848666e-11 9.858032e-11 6.865734e-12 1.539327e-10 clkbuf_4_11_0_core_clk
 4.847307e-11 9.787031e-11 6.865734e-12 1.532091e-10 clkbuf_4_5_0_core_clk
 4.847544e-11 9.740007e-11 6.865734e-12 1.527412e-10 clkbuf_4_2_0_core_clk
 4.840873e-11 9.450558e-11 6.865734e-12 1.497800e-10 clkbuf_4_7_0_core_clk
 4.836689e-11 9.352096e-11 6.865734e-12 1.487536e-10 clkbuf_4_12_0_core_clk
 4.821395e-11 8.634390e-11 6.865734e-12 1.414236e-10 clkbuf_4_13_0_core_clk
 4.812697e-11 8.190251e-11 6.865734e-12 1.368952e-10 clkbuf_4_1_0_core_clk
 3.877582e-11 7.697713e-11 8.986267e-12 1.247392e-10 u_icg_v
 3.776680e-11 5.658576e-11 8.986267e-12 1.033388e-10 u_icg_w
 3.047101e-11 4.333874e-11 6.865722e-12 8.067547e-11 clkbuf_leaf_7_w_clk
 3.046059e-11 4.317291e-11 6.865722e-12 8.049923e-11 clkbuf_leaf_13_w_clk
 9.135300e-12 6.379786e-11 6.865712e-12 7.979887e-11 fanout312
 3.044118e-11 4.231154e-11 6.865722e-12 7.961844e-11 clkbuf_leaf_12_w_clk
 3.176608e-11 4.038660e-11 6.865722e-12 7.901840e-11 clkbuf_leaf_26_v_clk
 3.176208e-11 4.027956e-11 6.865722e-12 7.890736e-11 clkbuf_leaf_23_v_clk
 3.185705e-11 3.962062e-11 6.865722e-12 7.834339e-11 clkbuf_leaf_49_v_clk
 3.040213e-11 4.069766e-11 6.865722e-12 7.796551e-11 clkbuf_leaf_11_w_clk
 3.164112e-11 3.901316e-11 6.865722e-12 7.752000e-11 clkbuf_leaf_6_v_clk
 3.163729e-11 3.864779e-11 6.865722e-12 7.715081e-11 clkbuf_leaf_11_v_clk
 3.171299e-11 3.848507e-11 6.865722e-12 7.706379e-11 clkbuf_leaf_31_v_clk
 3.163140e-11 3.825781e-11 6.865722e-12 7.675494e-11 clkbuf_leaf_47_v_clk
 3.037144e-11 3.945055e-11 6.865722e-12 7.668772e-11 clkbuf_leaf_8_w_clk
 3.161826e-11 3.813904e-11 6.865722e-12 7.662302e-11 clkbuf_leaf_8_v_clk
 3.172027e-11 3.790445e-11 6.865722e-12 7.649044e-11 clkbuf_leaf_3_v_clk
 3.159825e-11 3.704573e-11 6.865722e-12 7.550970e-11 clkbuf_leaf_46_v_clk
 3.041081e-11 3.786968e-11 6.865722e-12 7.514622e-11 clkbuf_leaf_20_w_clk
 3.031100e-11 3.785971e-11 6.865722e-12 7.503643e-11 clkbuf_leaf_36_w_clk
 3.167703e-11 3.632169e-11 6.865722e-12 7.486444e-11 clkbuf_leaf_61_v_clk
 3.171320e-11 3.618829e-11 6.865722e-12 7.476721e-11 clkbuf_leaf_59_v_clk
 3.157386e-11 3.632451e-11 6.865722e-12 7.476410e-11 clkbuf_leaf_13_v_clk
 3.175872e-11 3.613159e-11 6.865722e-12 7.475604e-11 clkbuf_leaf_44_v_clk
 3.164229e-11 3.593546e-11 6.865722e-12 7.444347e-11 clkbuf_leaf_29_v_clk
 3.029999e-11 3.695675e-11 6.865722e-12 7.412247e-11 clkbuf_leaf_45_w_clk
 3.039066e-11 3.677988e-11 6.865722e-12 7.403627e-11 clkbuf_leaf_24_w_clk
 8.959809e-12 5.728732e-11 7.514087e-12 7.376122e-11 fanout450
 3.028874e-11 3.614387e-11 6.865722e-12 7.329833e-11 clkbuf_leaf_1_w_clk
 3.154921e-11 3.471375e-11 6.865722e-12 7.312868e-11 clkbuf_leaf_36_v_clk
 3.028275e-11 3.579087e-11 6.865722e-12 7.293934e-11 clkbuf_leaf_6_w_clk
 3.161819e-11 3.420265e-11 6.865722e-12 7.268657e-11 clkbuf_leaf_1_v_clk
 3.157590e-11 3.379842e-11 6.865722e-12 7.224004e-11 clkbuf_leaf_18_v_clk
 3.157852e-11 3.364195e-11 6.865722e-12 7.208621e-11 clkbuf_leaf_27_v_clk
 3.024846e-11 3.452524e-11 6.865722e-12 7.163942e-11 clkbuf_leaf_9_w_clk
 3.149536e-11 3.327794e-11 6.865722e-12 7.163902e-11 clkbuf_leaf_55_v_clk
 3.023322e-11 3.447707e-11 6.865722e-12 7.157601e-11 clkbuf_leaf_34_w_clk
 3.149208e-11 3.313507e-11 6.865722e-12 7.149287e-11 clkbuf_leaf_51_v_clk
 3.031062e-11 3.413693e-11 6.865722e-12 7.131327e-11 clkbuf_leaf_16_w_clk
 3.148545e-11 3.290327e-11 6.865722e-12 7.125444e-11 clkbuf_leaf_50_v_clk
 3.166102e-11 3.265830e-11 6.865722e-12 7.118505e-11 clkbuf_leaf_42_v_clk
 3.021458e-11 3.396811e-11 6.865722e-12 7.104841e-11 clkbuf_leaf_38_w_clk
 3.149338e-11 3.264007e-11 6.865722e-12 7.099918e-11 clkbuf_leaf_34_v_clk
 3.148707e-11 3.240090e-11 6.865722e-12 7.075369e-11 clkbuf_leaf_35_v_clk
 3.146160e-11 3.239661e-11 6.865722e-12 7.072393e-11 clkbuf_leaf_7_v_clk
 3.148634e-11 3.224982e-11 6.865722e-12 7.060189e-11 clkbuf_leaf_33_v_clk
 3.030508e-11 3.337578e-11 6.865722e-12 7.054659e-11 clkbuf_leaf_25_w_clk
 3.152653e-11 3.210365e-11 6.865722e-12 7.049591e-11 clkbuf_leaf_21_v_clk
 3.155710e-11 3.205110e-11 6.865722e-12 7.047393e-11 clkbuf_leaf_4_v_clk
 3.145421e-11 3.175436e-11 6.865722e-12 7.007429e-11 clkbuf_leaf_52_v_clk
 3.145995e-11 3.149915e-11 6.865722e-12 6.982482e-11 clkbuf_leaf_38_v_clk
 3.143811e-11 3.147605e-11 6.865722e-12 6.977988e-11 clkbuf_leaf_9_v_clk
 3.151554e-11 3.138002e-11 6.865722e-12 6.976127e-11 clkbuf_leaf_24_v_clk
 3.157550e-11 3.126031e-11 6.865722e-12 6.970154e-11 clkbuf_leaf_58_v_clk
 3.027775e-11 3.245011e-11 6.865722e-12 6.959358e-11 clkbuf_leaf_23_w_clk
 3.027621e-11 3.223447e-11 6.865722e-12 6.937640e-11 clkbuf_leaf_28_w_clk
 3.026173e-11 3.215532e-11 6.865722e-12 6.928278e-11 clkbuf_leaf_17_w_clk
 3.149508e-11 3.092188e-11 6.865722e-12 6.928268e-11 clkbuf_leaf_19_v_clk
 3.019848e-11 3.221434e-11 6.865722e-12 6.927855e-11 clkbuf_leaf_43_w_clk
 3.156019e-11 3.073517e-11 6.865722e-12 6.916107e-11 clkbuf_leaf_56_v_clk
 3.017941e-11 3.201966e-11 6.865722e-12 6.906480e-11 clkbuf_leaf_46_w_clk
 3.018713e-11 3.199242e-11 6.865722e-12 6.904528e-11 clkbuf_leaf_50_w_clk
 3.143715e-11 3.064691e-11 6.865722e-12 6.894978e-11 clkbuf_leaf_39_v_clk
 3.016499e-11 3.168713e-11 6.865722e-12 6.871784e-11 clkbuf_leaf_33_w_clk
 3.141488e-11 3.032709e-11 6.865722e-12 6.860769e-11 clkbuf_leaf_48_v_clk
 3.016737e-11 3.140413e-11 6.865722e-12 6.843722e-11 clkbuf_leaf_14_w_clk
 3.158458e-11 2.994612e-11 6.865722e-12 6.839641e-11 clkbuf_leaf_41_v_clk
 3.157926e-11 2.974860e-11 6.865722e-12 6.819358e-11 clkbuf_leaf_43_v_clk
 3.146122e-11 2.969365e-11 6.865722e-12 6.802059e-11 clkbuf_leaf_16_v_clk
 3.013292e-11 3.067359e-11 6.865722e-12 6.767224e-11 clkbuf_leaf_39_w_clk
 3.014992e-11 3.060383e-11 6.865722e-12 6.761947e-11 clkbuf_leaf_2_w_clk
 3.013066e-11 3.049463e-11 6.865722e-12 6.749102e-11 clkbuf_leaf_37_w_clk
 3.137572e-11 2.902609e-11 6.865722e-12 6.726753e-11 clkbuf_leaf_14_v_clk
 3.021622e-11 3.008774e-11 6.865722e-12 6.716969e-11 clkbuf_leaf_22_w_clk
 3.137565e-11 2.888123e-11 6.865722e-12 6.712261e-11 clkbuf_leaf_53_v_clk
 3.139029e-11 2.873478e-11 6.865722e-12 6.699079e-11 clkbuf_leaf_32_v_clk
 3.138113e-11 2.864069e-11 6.865722e-12 6.688754e-11 clkbuf_leaf_40_v_clk
 3.136815e-11 2.862183e-11 6.865722e-12 6.685569e-11 clkbuf_leaf_45_v_clk
 3.012919e-11 2.968467e-11 6.865722e-12 6.667959e-11 clkbuf_leaf_0_w_clk
 3.135411e-11 2.834290e-11 6.865722e-12 6.656273e-11 clkbuf_leaf_10_v_clk
 3.135800e-11 2.824390e-11 6.865722e-12 6.646763e-11 clkbuf_leaf_54_v_clk
 3.019535e-11 2.938570e-11 6.865722e-12 6.644677e-11 clkbuf_leaf_19_w_clk
 3.141509e-11 2.806147e-11 6.865722e-12 6.634228e-11 clkbuf_leaf_22_v_clk
 3.141553e-11 2.801636e-11 6.865722e-12 6.629761e-11 clkbuf_leaf_17_v_clk
 3.011604e-11 2.929788e-11 6.865722e-12 6.627965e-11 clkbuf_leaf_47_w_clk
 3.147742e-11 2.775457e-11 6.865722e-12 6.609772e-11 clkbuf_leaf_0_v_clk
 3.136169e-11 2.785241e-11 6.865722e-12 6.607982e-11 clkbuf_leaf_30_v_clk
 3.135928e-11 2.783225e-11 6.865722e-12 6.605725e-11 clkbuf_leaf_37_v_clk
 3.143678e-11 2.772422e-11 6.865722e-12 6.602673e-11 clkbuf_leaf_5_v_clk
 3.009437e-11 2.869729e-11 6.865722e-12 6.565739e-11 clkbuf_leaf_32_w_clk
 3.146365e-11 2.728066e-11 6.865722e-12 6.561004e-11 clkbuf_leaf_57_v_clk
 3.142411e-11 2.722360e-11 6.865722e-12 6.551343e-11 clkbuf_leaf_2_v_clk
 3.139263e-11 2.693797e-11 6.865722e-12 6.519632e-11 clkbuf_leaf_25_v_clk
 3.016886e-11 2.811714e-11 6.865722e-12 6.515172e-11 clkbuf_leaf_27_w_clk
 3.131576e-11 2.689448e-11 6.865722e-12 6.507596e-11 clkbuf_leaf_12_v_clk
 3.137856e-11 2.670975e-11 6.865722e-12 6.495404e-11 clkbuf_leaf_20_v_clk
 3.008417e-11 2.760028e-11 6.865722e-12 6.455018e-11 clkbuf_leaf_44_w_clk
 3.139462e-11 2.616258e-11 6.865722e-12 6.442292e-11 clkbuf_leaf_60_v_clk
 3.002791e-11 2.643919e-11 6.865722e-12 6.333283e-11 clkbuf_leaf_40_w_clk
 3.118920e-11 2.383646e-11 6.865722e-12 6.189138e-11 clkbuf_leaf_15_v_clk
 2.999571e-11 2.468064e-11 6.865722e-12 6.154208e-11 clkbuf_leaf_30_w_clk
 3.122098e-11 2.338570e-11 6.865722e-12 6.147240e-11 clkbuf_leaf_28_v_clk
 2.998079e-11 2.441412e-11 6.865722e-12 6.126063e-11 clkbuf_leaf_35_w_clk
 4.524765e-12 4.280190e-11 4.876289e-12 5.220296e-11 fanout297
 5.040188e-12 2.981385e-11 1.416733e-11 4.902137e-11 fanout230
 4.850106e-12 3.175144e-11 4.325239e-12 4.092679e-11 fanout472
 4.851767e-12 2.868055e-11 4.325239e-12 3.785756e-11 fanout481
 4.560883e-12 2.878568e-11 4.325211e-12 3.767177e-11 fanout449
 2.923335e-11 0.000000e+00 6.865722e-12 3.609907e-11 clkload97
 2.923261e-11 0.000000e+00 6.865722e-12 3.609833e-11 clkload87
 2.922988e-11 0.000000e+00 6.865722e-12 3.609561e-11 clkload100
 2.922242e-11 0.000000e+00 6.865722e-12 3.608814e-11 clkload69
 2.922110e-11 0.000000e+00 6.865722e-12 3.608682e-11 clkload99
 2.921854e-11 0.000000e+00 6.865722e-12 3.608427e-11 clkload60
 2.921340e-11 0.000000e+00 6.865722e-12 3.607912e-11 clkload96
 2.921285e-11 0.000000e+00 6.865722e-12 3.607857e-11 clkload75
 2.921227e-11 0.000000e+00 6.865722e-12 3.607800e-11 clkload95
 2.920937e-11 0.000000e+00 6.865722e-12 3.607509e-11 clkload73
 2.920583e-11 0.000000e+00 6.865722e-12 3.607156e-11 clkload61
 2.919735e-11 0.000000e+00 6.865722e-12 3.606307e-11 clkload77
 2.919622e-11 0.000000e+00 6.865722e-12 3.606195e-11 clkload83
 2.919240e-11 0.000000e+00 6.865722e-12 3.605812e-11 clkload67
 2.918786e-11 0.000000e+00 6.865722e-12 3.605359e-11 clkload79
 2.818418e-11 0.000000e+00 6.865722e-12 3.504990e-11 clkload51
 2.817362e-11 0.000000e+00 6.865722e-12 3.503934e-11 clkload37
 2.815865e-11 0.000000e+00 6.865722e-12 3.502437e-11 clkload45
 2.794881e-11 0.000000e+00 6.865722e-12 3.481453e-11 clkload18
 4.562133e-12 2.505957e-11 4.876289e-12 3.449799e-11 fanout296
 4.600457e-12 2.387479e-11 4.876289e-12 3.335154e-11 fanout285
 4.870130e-12 2.382646e-11 4.325239e-12 3.302183e-11 fanout491
 2.616233e-12 2.282118e-11 7.514091e-12 3.295150e-11 fanout130
 4.605808e-12 2.261694e-11 4.876289e-12 3.209904e-11 fanout290
 4.584348e-12 2.164269e-11 4.876289e-12 3.110333e-11 fanout311
 4.645754e-12 2.099692e-11 4.876289e-12 3.051896e-11 fanout294
 4.578190e-12 2.070819e-11 4.876289e-12 3.016266e-11 fanout295
 5.079510e-12 1.402096e-11 1.047884e-11 2.957930e-11 fanout718
 4.594473e-12 1.931256e-11 4.876289e-12 2.878332e-11 fanout298
 4.920955e-12 1.901453e-11 4.325239e-12 2.826073e-11 fanout462
 4.615670e-12 1.828882e-11 4.876289e-12 2.778078e-11 fanout305
 2.286925e-11 0.000000e+00 4.876270e-12 2.774552e-11 clkload6
 2.811774e-12 9.967864e-12 1.416733e-11 2.694697e-11 fanout376
 2.853377e-12 9.052246e-12 1.416737e-11 2.607299e-11 fanout437
 2.748393e-12 1.854849e-11 3.659369e-12 2.495625e-11 fanout484
 2.522819e-12 1.532552e-11 6.865705e-12 2.471404e-11 fanout186
 1.434940e-12 1.514481e-11 6.865701e-12 2.344545e-11 hold29
 2.609282e-12 1.395153e-11 6.865717e-12 2.342653e-11 fanout224
 2.542450e-12 1.369247e-11 6.865721e-12 2.310064e-11 fanout132
 2.551644e-12 1.272652e-11 7.514089e-12 2.279226e-11 fanout431
 2.554966e-12 1.213376e-11 7.514081e-12 2.220281e-11 fanout385
 1.760283e-11 0.000000e+00 4.330275e-12 2.193310e-11 clkload2
 1.747562e-11 0.000000e+00 4.330275e-12 2.180589e-11 clkload10
 2.521741e-12 1.232505e-11 6.865714e-12 2.171251e-11 fanout735
 2.549065e-12 1.154958e-11 7.514089e-12 2.161273e-11 fanout432
 1.427761e-12 1.259735e-11 7.514087e-12 2.153919e-11 fanout177
 2.569168e-12 1.201148e-11 6.865717e-12 2.144637e-11 fanout428
 2.544425e-12 1.166927e-11 6.865705e-12 2.107940e-11 fanout724
 1.392980e-12 1.267872e-11 6.865704e-12 2.093741e-11 fanout176
 1.433474e-12 1.241222e-11 6.865703e-12 2.071140e-11 fanout165
 2.537952e-12 1.122679e-11 6.865708e-12 2.063045e-11 fanout727
 2.539200e-12 1.052947e-11 7.514081e-12 2.058275e-11 fanout528
 2.546753e-12 1.113363e-11 6.865717e-12 2.054610e-11 fanout222
 2.541517e-12 1.000769e-11 7.514091e-12 2.006330e-11 fanout521
 2.512376e-12 1.063482e-11 6.865708e-12 2.001290e-11 fanout731
 1.404175e-12 1.105758e-11 7.514092e-12 1.997585e-11 fanout189
 1.508858e-11 0.000000e+00 4.876281e-12 1.996487e-11 clkload91
 1.508728e-11 0.000000e+00 4.876281e-12 1.996356e-11 clkload66
 1.508494e-11 0.000000e+00 4.876281e-12 1.996122e-11 clkload86
 1.508270e-11 0.000000e+00 4.876281e-12 1.995898e-11 clkload58
 1.508219e-11 0.000000e+00 4.876281e-12 1.995847e-11 clkload88
 1.508140e-11 0.000000e+00 4.876281e-12 1.995768e-11 clkload102
 1.508088e-11 0.000000e+00 4.876281e-12 1.995716e-11 clkload98
 1.507768e-11 0.000000e+00 4.876281e-12 1.995396e-11 clkload70
 1.506534e-11 0.000000e+00 4.876281e-12 1.994162e-11 clkload68
 2.542654e-12 1.053020e-11 6.865705e-12 1.993856e-11 fanout720
 1.506091e-11 0.000000e+00 4.876281e-12 1.993719e-11 clkload101
 1.506066e-11 0.000000e+00 4.876281e-12 1.993694e-11 clkload104
 2.540288e-12 1.050085e-11 6.865716e-12 1.990685e-11 fanout383
 2.603370e-12 9.676195e-12 7.514084e-12 1.979365e-11 fanout262
 1.435502e-12 1.080535e-11 7.514094e-12 1.975495e-11 fanout183
 1.956911e-12 1.083943e-11 6.865743e-12 1.966208e-11 fanout396
 2.609716e-12 1.226556e-11 4.647980e-12 1.952325e-11 fanout289
 1.454490e-11 0.000000e+00 4.876282e-12 1.942119e-11 clkload49
 1.454310e-11 0.000000e+00 4.876282e-12 1.941938e-11 clkload43
 1.453706e-11 0.000000e+00 4.876282e-12 1.941334e-11 clkload48
 1.453426e-11 0.000000e+00 4.876282e-12 1.941054e-11 clkload39
 1.452294e-11 0.000000e+00 4.876282e-12 1.939922e-11 clkload32
 2.548690e-12 9.210711e-12 7.514091e-12 1.927349e-11 fanout517
 1.406986e-12 1.092965e-11 6.865703e-12 1.920234e-11 fanout134
 2.760672e-12 1.273273e-11 3.659369e-12 1.915277e-11 fanout479
 2.565461e-12 8.873286e-12 7.514081e-12 1.895283e-11 fanout527
 2.557485e-12 8.817105e-12 7.514081e-12 1.888867e-11 fanout531
 1.318511e-12 1.258528e-11 4.876287e-12 1.878008e-11 fanout739
 2.565483e-12 9.314109e-12 6.865708e-12 1.874530e-11 fanout730
 2.772437e-12 1.213289e-11 3.659369e-12 1.856470e-11 fanout488
 2.566225e-12 8.997937e-12 6.865705e-12 1.842987e-11 fanout719
 1.431442e-12 9.379739e-12 7.514096e-12 1.832528e-11 fanout351
 1.441649e-12 9.820040e-12 6.865705e-12 1.812740e-11 fanout168
 1.455043e-12 9.104402e-12 7.514087e-12 1.807353e-11 fanout207
 1.976583e-12 8.565350e-12 7.514054e-12 1.805599e-11 fanout392
 2.760542e-12 1.154695e-11 3.659369e-12 1.796686e-11 fanout467
 2.599433e-12 1.044052e-11 4.647980e-12 1.768793e-11 fanout286
 2.605626e-12 1.011992e-11 4.647980e-12 1.737352e-11 fanout302
 8.609943e-13 8.297638e-12 7.514058e-12 1.667269e-11 fanout175
 1.272760e-12 1.105226e-11 4.325216e-12 1.665024e-11 fanout526
 1.414398e-12 7.516326e-12 7.514092e-12 1.644482e-11 fanout372
 1.402507e-12 7.395014e-12 7.514092e-12 1.631161e-11 fanout194
 1.399184e-12 8.005679e-12 6.865703e-12 1.627057e-11 fanout202
 1.972894e-12 7.314493e-12 6.865753e-12 1.615314e-11 fanout543
 1.400217e-12 7.788122e-12 6.865704e-12 1.605404e-11 fanout191
 1.152995e-11 0.000000e+00 4.330179e-12 1.586013e-11 clkload54
 1.149704e-11 0.000000e+00 4.330179e-12 1.582722e-11 clkload52
 1.408596e-12 7.425783e-12 6.865716e-12 1.570010e-11 fanout742
 1.131201e-11 0.000000e+00 4.330173e-12 1.564218e-11 clkload33
 2.593045e-12 8.390007e-12 4.647980e-12 1.563103e-11 fanout308
 1.289900e-12 9.382625e-12 4.876286e-12 1.554881e-11 fanout698
 1.424888e-12 7.207543e-12 6.865703e-12 1.549813e-11 fanout185
 1.457387e-12 6.148377e-12 7.514096e-12 1.511986e-11 fanout352
 6.896585e-13 9.390683e-12 4.876297e-12 1.495664e-11 fanout203
 9.874046e-13 9.620526e-12 4.325248e-12 1.493318e-11 fanout675
 1.432223e-12 6.610215e-12 6.865716e-12 1.490815e-11 fanout387
 1.429821e-12 5.914279e-12 7.514094e-12 1.485819e-11 fanout379
 1.412200e-12 6.306544e-12 6.865705e-12 1.458445e-11 fanout131
 1.407001e-12 6.310310e-12 6.865716e-12 1.458303e-11 fanout743
 1.283867e-12 8.119476e-12 4.876286e-12 1.427963e-11 fanout384
 1.294292e-12 8.042137e-12 4.876286e-12 1.421272e-11 fanout716
 1.283475e-12 7.659847e-12 4.876286e-12 1.381961e-11 fanout690
 1.408821e-12 4.774750e-12 7.514076e-12 1.369765e-11 fanout421
 1.290204e-12 7.447358e-12 4.876286e-12 1.361385e-11 fanout689
 1.288657e-12 7.112082e-12 4.876286e-12 1.327703e-11 fanout711
 1.299022e-12 7.093394e-12 4.876285e-12 1.326870e-11 fanout429
 8.305702e-12 0.000000e+00 4.647966e-12 1.295367e-11 clkload16
 1.295558e-12 6.751081e-12 4.876286e-12 1.292292e-11 fanout710
 1.297005e-12 7.070817e-12 4.325216e-12 1.269304e-11 fanout534
 8.438251e-13 4.880172e-12 6.865758e-12 1.258975e-11 fanout548
 1.292898e-12 6.041656e-12 4.876286e-12 1.221084e-11 fanout714
 1.286682e-12 6.017254e-12 4.876287e-12 1.218022e-11 fanout736
 1.013540e-12 6.007689e-12 4.876249e-12 1.189748e-11 fanout254
 1.300682e-12 5.582998e-12 4.876286e-12 1.175997e-11 fanout708
 1.295032e-12 5.490608e-12 4.876286e-12 1.166193e-11 fanout715
 1.297485e-12 5.382988e-12 4.876286e-12 1.155676e-11 fanout706
 1.297666e-12 5.341105e-12 4.876286e-12 1.151506e-11 fanout699
 1.317857e-12 5.300434e-12 4.876286e-12 1.149458e-11 fanout687
 1.002890e-12 5.603918e-12 4.876249e-12 1.148306e-11 fanout252
 1.288677e-12 5.848654e-12 4.325216e-12 1.146255e-11 fanout533
 1.004144e-12 5.944654e-12 4.325248e-12 1.127405e-11 fanout681
 1.004419e-12 5.931637e-12 4.325248e-12 1.126130e-11 fanout680
 1.313265e-12 5.026668e-12 4.876286e-12 1.121622e-11 fanout701
 1.318847e-12 4.933770e-12 4.876286e-12 1.112890e-11 fanout703
 1.001337e-12 5.700331e-12 4.325248e-12 1.102692e-11 fanout676
 9.096738e-12 0.000000e+00 1.895039e-12 1.099178e-11 clkload7
 9.058628e-12 0.000000e+00 1.895039e-12 1.095367e-11 clkload4
 1.001773e-12 5.592766e-12 4.325248e-12 1.091979e-11 fanout683
 1.006000e-12 4.776860e-12 4.876263e-12 1.065912e-11 fanout395
 9.985954e-13 5.291832e-12 4.325248e-12 1.061568e-11 fanout674
 1.003313e-12 5.213362e-12 4.325248e-12 1.054192e-11 fanout678
 7.101937e-13 5.253179e-12 4.325206e-12 1.028858e-11 fanout115
 7.181270e-13 4.445261e-12 4.876292e-12 1.003968e-11 fanout218
 1.242805e-12 5.100839e-12 3.659387e-12 1.000303e-11 fanout269
 7.152329e-13 4.394904e-12 4.876292e-12 9.986428e-12 fanout198
 7.163220e-13 4.218182e-12 4.876297e-12 9.810801e-12 fanout135
 7.141023e-13 4.145352e-12 4.876292e-12 9.735747e-12 fanout200
 7.138468e-13 4.074753e-12 4.876297e-12 9.664897e-12 fanout315
 7.157631e-13 4.067298e-12 4.876292e-12 9.659352e-12 fanout211
 7.121901e-13 4.599340e-12 4.325210e-12 9.636741e-12 fanout206
 1.013115e-12 4.290280e-12 4.325248e-12 9.628643e-12 fanout672
 7.482580e-13 4.227982e-12 4.647975e-12 9.624215e-12 fanout707
 2.802649e-13 2.446590e-12 6.865699e-12 9.592555e-12 fanout188
 7.125702e-13 3.941692e-12 4.876299e-12 9.530561e-12 fanout509
 1.010058e-12 4.184429e-12 4.325248e-12 9.519734e-12 fanout679
 1.011727e-12 4.177720e-12 4.325248e-12 9.514695e-12 fanout682
 7.165458e-13 3.906586e-12 4.876292e-12 9.499423e-12 fanout216
 7.184575e-13 4.441104e-12 4.325206e-12 9.484768e-12 fanout234
 2.810418e-13 1.657747e-12 7.514097e-12 9.452886e-12 fanout171
 7.123152e-13 4.402020e-12 4.325205e-12 9.439540e-12 fanout457
 2.880570e-13 1.627689e-12 7.514097e-12 9.429843e-12 fanout192
 7.168126e-13 3.830766e-12 4.876299e-12 9.423877e-12 fanout502
 7.155986e-13 4.205018e-12 4.325205e-12 9.245822e-12 fanout456
 7.193951e-13 3.603985e-12 4.876292e-12 9.199671e-12 fanout214
 9.060358e-13 4.579172e-12 3.659381e-12 9.144588e-12 fanout282
 2.826377e-13 1.960549e-12 6.865699e-12 9.108886e-12 fanout374
 7.178636e-13 3.510571e-12 4.876296e-12 9.104730e-12 fanout242
 7.186250e-13 4.040412e-12 4.325210e-12 9.084247e-12 fanout195
 7.205888e-13 3.460387e-12 4.876296e-12 9.057272e-12 fanout247
 2.834324e-13 1.862024e-12 6.865699e-12 9.011156e-12 fanout141
 7.228490e-13 3.954521e-12 4.325205e-12 9.002575e-12 fanout415
 7.242171e-13 3.363494e-12 4.876296e-12 8.964007e-12 fanout246
 2.824372e-13 1.163527e-12 7.514097e-12 8.960061e-12 fanout258
 7.118512e-13 3.921819e-12 4.325210e-12 8.958881e-12 fanout196
 7.186631e-13 3.357591e-12 4.876292e-12 8.952545e-12 fanout212
 2.817481e-13 1.767303e-12 6.865699e-12 8.914751e-12 fanout265
 7.211211e-13 3.302633e-12 4.876292e-12 8.900046e-12 fanout210
 7.241215e-13 3.288318e-12 4.876296e-12 8.888735e-12 fanout238
 7.244618e-13 3.218597e-12 4.876296e-12 8.819355e-12 fanout236
 7.186809e-13 3.212898e-12 4.876299e-12 8.807878e-12 fanout512
 2.815450e-13 9.722604e-13 7.514097e-12 8.767902e-12 fanout267
 7.484061e-13 3.361253e-12 4.647987e-12 8.757646e-12 fanout281
 2.819874e-13 9.350335e-13 7.514097e-12 8.731118e-12 fanout442
 7.191982e-13 3.133377e-12 4.876296e-12 8.728872e-12 fanout244
 2.797043e-13 1.534592e-12 6.865699e-12 8.679996e-12 fanout114
 7.146631e-13 3.626808e-12 4.325206e-12 8.666678e-12 fanout235
 7.220569e-13 3.049794e-12 4.876296e-12 8.648146e-12 fanout240
 7.220065e-13 3.025459e-12 4.876299e-12 8.623764e-12 fanout496
 9.197239e-13 3.958278e-12 3.659385e-12 8.537386e-12 fanout272
 7.160039e-13 3.476647e-12 4.325203e-12 8.517854e-12 fanout341
 2.800263e-13 1.367232e-12 6.865699e-12 8.512958e-12 fanout142
 7.255717e-13 3.420993e-12 4.325205e-12 8.471770e-12 fanout380
 7.239011e-13 3.404602e-12 4.325203e-12 8.453706e-12 fanout326
 7.469660e-13 3.044341e-12 4.647990e-12 8.439296e-12 fanout358
 9.052259e-13 3.864689e-12 3.659393e-12 8.429308e-12 fanout273
 5.752991e-13 2.969998e-12 4.876299e-12 8.421596e-12 fanout75
 7.233050e-13 2.819121e-12 4.876299e-12 8.418724e-12 fanout106
 9.115399e-13 3.840427e-12 3.659393e-12 8.411359e-12 fanout275
 7.440217e-13 3.335192e-12 4.325208e-12 8.404421e-12 fanout370
 7.251853e-13 3.233218e-12 4.325203e-12 8.283606e-12 fanout325
 8.656017e-13 3.088465e-12 4.325230e-12 8.279297e-12 fanout80
 7.219505e-13 2.648413e-12 4.876299e-12 8.246662e-12 fanout505
 4.034607e-13 3.161860e-12 4.647997e-12 8.213318e-12 fanout71
 7.231639e-13 3.110707e-12 4.325203e-12 8.159075e-12 fanout348
 7.173113e-13 3.095375e-12 4.325203e-12 8.137890e-12 fanout346
 4.928298e-13 3.964362e-12 3.659352e-12 8.116544e-12 fanout90
 7.231454e-13 3.062285e-12 4.325203e-12 8.110634e-12 fanout339
 5.755959e-13 2.598640e-12 4.876297e-12 8.050534e-12 fanout95
 6.136247e-12 0.000000e+00 1.894955e-12 8.031202e-12 clkload105
 6.127781e-12 0.000000e+00 1.894955e-12 8.022736e-12 clkload85
 4.394375e-13 3.253844e-12 4.325243e-12 8.018524e-12 fanout401
 6.107992e-12 0.000000e+00 1.894955e-12 8.002947e-12 clkload65
 6.077877e-12 0.000000e+00 1.894955e-12 7.972832e-12 clkload80
 7.268280e-13 2.828162e-12 4.325203e-12 7.880194e-12 fanout322
 7.208689e-13 2.831238e-12 4.325203e-12 7.877310e-12 fanout328
 9.210889e-13 3.249617e-12 3.659393e-12 7.830099e-12 fanout277
 7.209428e-13 2.772579e-12 4.325203e-12 7.818725e-12 fanout335
 7.270333e-13 2.748675e-12 4.325203e-12 7.800912e-12 fanout338
 4.307666e-13 2.491405e-12 4.876259e-12 7.798430e-12 fanout408
 5.894835e-12 0.000000e+00 1.894950e-12 7.789784e-12 clkload38
 5.884664e-12 0.000000e+00 1.894950e-12 7.779614e-12 clkload42
 4.269170e-13 3.024995e-12 4.325236e-12 7.777149e-12 fanout622
 5.876538e-12 0.000000e+00 1.894950e-12 7.771488e-12 clkload50
 7.249003e-13 2.718324e-12 4.325203e-12 7.768428e-12 fanout349
 5.872504e-12 0.000000e+00 1.894950e-12 7.767453e-12 clkload35
 5.869814e-12 0.000000e+00 1.894950e-12 7.764764e-12 clkload25
 4.043594e-13 2.682324e-12 4.647997e-12 7.734680e-12 fanout122
 5.834587e-12 0.000000e+00 1.894950e-12 7.729537e-12 clkload27
 4.031241e-13 2.677771e-12 4.647995e-12 7.728890e-12 fanout316
 5.813659e-12 0.000000e+00 1.894950e-12 7.708608e-12 clkload29
 4.305499e-13 2.250490e-12 4.876259e-12 7.557299e-12 fanout405
 1.129682e-19 5.957923e-19 7.514067e-12 7.514068e-12 fanout756
 1.132578e-19 7.549316e-19 7.514067e-12 7.514068e-12 fanout762
 4.340971e-13 2.202579e-12 4.876259e-12 7.512935e-12 fanout402
 4.270479e-13 2.730151e-12 4.325243e-12 7.482442e-12 fanout400
 4.281495e-13 2.701908e-12 4.325256e-12 7.455313e-12 fanout110
 4.839360e-13 3.307372e-12 3.659352e-12 7.450660e-12 fanout91
 4.296765e-13 2.127089e-12 4.876250e-12 7.433015e-12 fanout546
 4.307988e-13 2.105791e-12 4.876259e-12 7.412849e-12 fanout412
 4.043966e-13 2.232866e-12 4.647992e-12 7.285255e-12 fanout241
 4.452009e-13 2.510475e-12 4.325252e-12 7.280928e-12 fanout669
 4.845899e-13 3.102743e-12 3.659352e-12 7.246685e-12 fanout87
 4.293034e-13 2.389549e-12 4.325252e-12 7.144104e-12 fanout665
 4.048482e-13 2.074446e-12 4.647992e-12 7.127287e-12 fanout243
 4.295453e-13 2.359416e-12 4.325236e-12 7.114198e-12 fanout601
 4.093716e-13 2.015263e-12 4.647985e-12 7.072619e-12 fanout219
 4.126633e-13 1.988315e-12 4.647997e-12 7.048976e-12 fanout72
 4.309378e-13 2.285336e-12 4.325252e-12 7.041525e-12 fanout659
 4.166092e-13 1.965754e-12 4.647992e-12 7.030355e-12 fanout278
 4.297424e-13 2.272263e-12 4.325252e-12 7.027257e-12 fanout666
 4.335411e-13 1.712586e-12 4.876259e-12 7.022385e-12 fanout410
 4.323427e-13 2.254846e-12 4.325252e-12 7.012441e-12 fanout657
 7.335827e-13 2.599565e-12 3.659328e-12 6.992476e-12 fanout535
 4.055561e-13 1.922069e-12 4.647997e-12 6.975622e-12 fanout514
 4.335288e-13 2.200088e-12 4.325252e-12 6.958868e-12 fanout655
 4.293155e-13 2.201139e-12 4.325236e-12 6.955690e-12 fanout621
 4.863727e-13 2.772523e-12 3.659352e-12 6.918248e-12 fanout89
 4.308950e-13 2.128452e-12 4.325252e-12 6.884598e-12 fanout660
 4.316700e-13 2.116556e-12 4.325252e-12 6.873478e-12 fanout656
 4.309522e-13 2.072062e-12 4.325236e-12 6.828250e-12 fanout619
 4.151200e-13 1.712467e-12 4.647992e-12 6.775580e-12 fanout362
 4.054045e-13 1.699114e-12 4.647997e-12 6.752516e-12 fanout506
 5.811294e-13 2.457869e-12 3.659385e-12 6.698383e-12 fanout279
 4.328982e-13 1.936485e-12 4.325252e-12 6.694635e-12 fanout662
 4.332146e-13 1.921876e-12 4.325252e-12 6.680342e-12 fanout664
 5.845815e-13 2.419011e-12 3.659390e-12 6.662983e-12 fanout280
 5.811821e-13 2.357749e-12 3.659385e-12 6.598316e-12 fanout270
 6.473302e-12 0.000000e+00 9.555461e-14 6.568857e-12 clkload3
 2.456279e-13 2.663783e-12 3.659410e-12 6.568821e-12 fanout550
 5.790056e-13 2.312287e-12 3.659398e-12 6.550691e-12 fanout276
 4.060460e-13 2.458377e-12 3.659306e-12 6.523729e-12 fanout324
 4.031089e-13 2.446983e-12 3.659306e-12 6.509397e-12 fanout345
 6.409447e-12 0.000000e+00 9.555461e-14 6.505002e-12 clkload5
 5.861427e-13 2.222745e-12 3.659398e-12 6.468285e-12 fanout274
 6.338567e-12 0.000000e+00 9.555461e-14 6.434121e-12 clkload14
 5.777118e-13 2.127775e-12 3.659398e-12 6.364885e-12 fanout283
 5.760662e-13 2.080849e-12 3.659390e-12 6.316306e-12 fanout268
 4.075038e-13 2.161954e-12 3.659309e-12 6.228766e-12 fanout184
 2.483021e-13 2.295234e-12 3.659410e-12 6.202946e-12 fanout552
 4.068926e-13 2.042464e-12 3.659306e-12 6.108663e-12 fanout332
 4.873019e-13 1.826026e-12 3.659352e-12 5.972680e-12 fanout84
 4.050130e-13 1.891400e-12 3.659306e-12 5.955719e-12 fanout323
 4.954989e-13 1.743833e-12 3.659352e-12 5.898684e-12 fanout82
 4.050379e-13 1.745404e-12 3.659306e-12 5.809749e-12 fanout347
 4.075104e-13 1.738062e-12 3.659306e-12 5.804878e-12 wire108
 2.413605e-13 1.774083e-12 3.659365e-12 5.674809e-12 fanout565
 1.435437e-13 6.542598e-13 4.876300e-12 5.674104e-12 fanout555
 1.439239e-13 6.205141e-13 4.876300e-12 5.640738e-12 fanout558
 1.485369e-13 6.021540e-13 4.876300e-12 5.626991e-12 fanout560
 4.076001e-13 1.537210e-12 3.659306e-12 5.604116e-12 fanout331
 2.420170e-13 1.697490e-12 3.659365e-12 5.598872e-12 fanout652
 4.868986e-13 1.433523e-12 3.659352e-12 5.579773e-12 fanout83
 1.443195e-13 5.233099e-13 4.876300e-12 5.543929e-12 fanout559
 1.460146e-13 4.933149e-13 4.876300e-12 5.515630e-12 fanout161
 2.442317e-13 1.581172e-12 3.659365e-12 5.484769e-12 fanout578
 2.424475e-13 1.557999e-12 3.659365e-12 5.459812e-12 fanout606
 2.452800e-13 1.446156e-12 3.659365e-12 5.350801e-12 fanout576
 2.423510e-13 1.388217e-12 3.659365e-12 5.289933e-12 fanout598
 2.487105e-13 1.357678e-12 3.659390e-12 5.265779e-12 fanout284
 2.420385e-13 1.351478e-12 3.659365e-12 5.252882e-12 fanout607
 2.428393e-13 1.330075e-12 3.659365e-12 5.232280e-12 fanout625
 2.427177e-13 1.328955e-12 3.659365e-12 5.231038e-12 fanout643
 2.433834e-13 1.320598e-12 3.659365e-12 5.223347e-12 fanout592
 2.425290e-13 1.312537e-12 3.659393e-12 5.214458e-12 fanout104
 2.420903e-13 1.302987e-12 3.659365e-12 5.204443e-12 fanout647
 2.443431e-13 1.284808e-12 3.659365e-12 5.188516e-12 fanout616
 2.431977e-13 1.284482e-12 3.659393e-12 5.187073e-12 fanout667
 8.095921e-14 3.979201e-13 4.648000e-12 5.126879e-12 fanout561
 1.456680e-13 6.524777e-13 4.325202e-12 5.123348e-12 fanout444
 8.262080e-14 3.888291e-13 4.648000e-12 5.119450e-12 fanout271
 8.136199e-14 3.669407e-13 4.648000e-12 5.096303e-12 fanout556
 2.457211e-13 1.181445e-12 3.659365e-12 5.086532e-12 fanout573
 2.429865e-13 1.181985e-12 3.659365e-12 5.084337e-12 fanout634
 1.475314e-13 6.069442e-13 4.325202e-12 5.079678e-12 fanout163
 8.289560e-14 3.361205e-13 4.648000e-12 5.067016e-12 fanout359
 2.517116e-13 1.154971e-12 3.659387e-12 5.066070e-12 fanout360
 2.450707e-13 1.160299e-12 3.659365e-12 5.064735e-12 fanout632
 2.430788e-13 1.161086e-12 3.659365e-12 5.063530e-12 fanout575
 2.428932e-13 1.154133e-12 3.659365e-12 5.056391e-12 fanout593
 2.430321e-13 1.135529e-12 3.659365e-12 5.037927e-12 fanout617
 2.465008e-13 1.130687e-12 3.659365e-12 5.036554e-12 fanout636
 2.442624e-13 1.130580e-12 3.659365e-12 5.034208e-12 fanout587
 2.438390e-13 1.129015e-12 3.659365e-12 5.032219e-12 fanout623
 2.457076e-13 1.098606e-12 3.659365e-12 5.003679e-12 fanout649
 2.425994e-13 1.101333e-12 3.659365e-12 5.003297e-12 fanout648
 2.444624e-13 1.068204e-12 3.659365e-12 4.972032e-12 fanout582
 2.441545e-13 1.061397e-12 3.659365e-12 4.964917e-12 fanout595
 2.519351e-13 1.047073e-12 3.659378e-12 4.958386e-12 fanout364
 2.462634e-13 1.051723e-12 3.659365e-12 4.957351e-12 fanout602
 2.433249e-13 1.054567e-12 3.659365e-12 4.957257e-12 fanout614
 2.441969e-13 1.052696e-12 3.659365e-12 4.956258e-12 fanout646
 2.512699e-13 1.038179e-12 3.659393e-12 4.948842e-12 fanout354
 2.449631e-13 1.041522e-12 3.659365e-12 4.945850e-12 fanout571
 2.489243e-13 1.027225e-12 3.659387e-12 4.935536e-12 fanout353
 2.427530e-13 1.008000e-12 3.659365e-12 4.910118e-12 fanout651
 2.428190e-13 1.000671e-12 3.659365e-12 4.902855e-12 fanout562
 2.445353e-13 9.902555e-13 3.659365e-12 4.894156e-12 fanout586
 2.451328e-13 9.740497e-13 3.659373e-12 4.878555e-12 fanout356
 5.738079e-20 3.118015e-19 4.876273e-12 4.876273e-12 fanout768
 5.765108e-20 2.336915e-19 4.876273e-12 4.876273e-12 fanout770
 5.780161e-20 2.436185e-19 4.876273e-12 4.876273e-12 fanout774
 5.789169e-20 2.226073e-19 4.876273e-12 4.876273e-12 fanout775
 5.692594e-20 3.891206e-19 4.876273e-12 4.876273e-12 fanout782
 5.800543e-20 2.694364e-19 4.876273e-12 4.876273e-12 fanout788
 5.746187e-20 2.659972e-19 4.876273e-12 4.876273e-12 fanout789
 5.734068e-20 2.961375e-19 4.876273e-12 4.876273e-12 fanout792
 2.459367e-13 9.708484e-13 3.659365e-12 4.876151e-12 fanout612
 2.427335e-13 9.737628e-13 3.659365e-12 4.875862e-12 fanout640
 2.434268e-13 9.562018e-13 3.659365e-12 4.858994e-12 fanout574
 2.465925e-13 9.502566e-13 3.659365e-12 4.856214e-12 fanout579
 2.428011e-13 9.494552e-13 3.659365e-12 4.851622e-12 fanout603
 2.428004e-13 9.483365e-13 3.659365e-12 4.850502e-12 fanout605
 2.433467e-13 9.466590e-13 3.659365e-12 4.849371e-12 fanout610
 2.443915e-13 9.302478e-13 3.659393e-12 4.834032e-12 fanout658
 2.433787e-13 9.066303e-13 3.659365e-12 4.809374e-12 fanout566
 2.434201e-13 8.942068e-13 3.659365e-12 4.796992e-12 fanout580
 2.451845e-13 8.700836e-13 3.659365e-12 4.774633e-12 fanout628
 2.434175e-13 8.666556e-13 3.659365e-12 4.769438e-12 fanout577
 2.444479e-13 8.524267e-13 3.659365e-12 4.756240e-12 fanout584
 2.460351e-13 8.068692e-13 3.659365e-12 4.712270e-12 fanout589
 4.557512e-12 0.000000e+00 9.555269e-14 4.653064e-12 clkload62
 3.221745e-20 2.008964e-19 4.647950e-12 4.647951e-12 fanout781
 3.245669e-20 1.218520e-19 4.647950e-12 4.647950e-12 fanout765
 3.239876e-20 1.510206e-19 4.647950e-12 4.647950e-12 fanout771
 3.237571e-20 1.596481e-19 4.647950e-12 4.647950e-12 fanout773
 3.233171e-20 1.761885e-19 4.647950e-12 4.647950e-12 fanout776
 3.254810e-20 1.533624e-19 4.647950e-12 4.647950e-12 fanout786
 3.257114e-20 1.579251e-19 4.647950e-12 4.647950e-12 fanout791
 4.552011e-12 0.000000e+00 9.555269e-14 4.647564e-12 clkload64
 4.549493e-12 0.000000e+00 9.555269e-14 4.645046e-12 clkload92
 4.545082e-12 0.000000e+00 9.555269e-14 4.640634e-12 clkload72
 4.537498e-12 0.000000e+00 9.555269e-14 4.633050e-12 clkload84
 4.500659e-12 0.000000e+00 9.555269e-14 4.596212e-12 clkload78
 4.348012e-12 0.000000e+00 9.555256e-14 4.443565e-12 clkload40
 8.074752e-14 6.371312e-13 3.659303e-12 4.377182e-12 wire68
 5.751120e-20 2.610942e-19 4.325227e-12 4.325228e-12 fanout747
 5.782753e-20 2.796082e-19 4.325227e-12 4.325228e-12 fanout750
 5.758261e-20 2.891817e-19 4.325227e-12 4.325228e-12 fanout751
 5.735755e-20 3.265029e-19 4.325227e-12 4.325228e-12 fanout753
 5.754478e-20 2.584436e-19 4.325227e-12 4.325228e-12 fanout754
 5.730236e-20 2.777510e-19 4.325227e-12 4.325228e-12 fanout758
 5.735726e-20 2.640904e-19 4.325227e-12 4.325228e-12 fanout760
 4.208891e-12 0.000000e+00 9.555269e-14 4.304443e-12 clkload56
 8.223890e-14 3.710221e-13 3.659303e-12 4.112564e-12 max_cap317
 3.927019e-12 0.000000e+00 9.555256e-14 4.022571e-12 clkload17
 3.155207e-12 0.000000e+00 6.402289e-13 3.795436e-12 clkload57
 3.144406e-12 0.000000e+00 6.402289e-13 3.784634e-12 clkload71
 3.144000e-12 0.000000e+00 6.402289e-13 3.784229e-12 clkload63
 3.143572e-12 0.000000e+00 6.402289e-13 3.783801e-12 clkload90
 3.143189e-12 0.000000e+00 6.402289e-13 3.783418e-12 clkload94
 3.030715e-12 0.000000e+00 6.402207e-13 3.670936e-12 clkload36
 3.233750e-20 1.936909e-19 3.659349e-12 3.659350e-12 fanout755
 3.245252e-20 1.677002e-19 3.659349e-12 3.659349e-12 fanout752
 3.006863e-12 0.000000e+00 6.402207e-13 3.647084e-12 clkload31
 2.961179e-13 1.579322e-12 1.181000e-12 3.056440e-12 fanout86
 1.479556e-13 9.357506e-13 1.181000e-12 2.264706e-12 _17132_
 1.478759e-13 9.252066e-13 1.181000e-12 2.254083e-12 _17145_
 1.479515e-13 9.023257e-13 1.181000e-12 2.231277e-12 _17131_
 1.497011e-13 8.763966e-13 1.181000e-12 2.207098e-12 _17136_
 1.497064e-13 8.659684e-13 1.181000e-12 2.196675e-12 _17137_
 1.478505e-13 7.921885e-13 1.181000e-12 2.121039e-12 _17140_
 1.479337e-13 7.583422e-13 1.181000e-12 2.087276e-12 _17135_
 1.478394e-13 7.339472e-13 1.181000e-12 2.062787e-12 _17141_
 1.498063e-13 7.071177e-13 1.181000e-12 2.037924e-12 _17133_
 1.514352e-13 6.799420e-13 1.181000e-12 2.012377e-12 _17148_
 1.515091e-13 6.276436e-13 1.181000e-12 1.960153e-12 _17146_
 1.478347e-13 6.040352e-13 1.181000e-12 1.932870e-12 _17144_
 1.514505e-13 4.342123e-13 1.181000e-12 1.766663e-12 _17149_
 1.499932e-13 4.091461e-13 1.181000e-12 1.740139e-12 _17139_
 1.514091e-13 3.238198e-13 1.181000e-12 1.656229e-12 _17147_
 1.481941e-13 3.011481e-13 1.181000e-12 1.630342e-12 _17143_
 1.481679e-13 1.629312e-13 1.181000e-12 1.492099e-12 _17138_
 1.484053e-13 1.000406e-13 1.181000e-12 1.429446e-12 _17142_
 1.460001e-13 8.567852e-14 1.181000e-12 1.412679e-12 _17130_
 1.450386e-13 6.139319e-14 1.181000e-12 1.387432e-12 _17134_
 8.350771e-20 4.752627e-19 1.181000e-12 1.181001e-12 input5
 6.237660e-20 4.124857e-19 1.181000e-12 1.181000e-12 input3
 6.347781e-20 2.910853e-19 1.181000e-12 1.181000e-12 input2
 4.269885e-20 1.448314e-19 1.181000e-12 1.181000e-12 input6
 2.112190e-20 9.516178e-20 1.181000e-12 1.181000e-12 input7
