     Internal    Switching      Leakage        Total
        Power        Power        Power        Power (Watts)
----------------------------------------------------
 8.710422e-06 3.149594e-06 1.232310e-11 1.186003e-05 clkbuf_0_clk
 8.398736e-06 1.060021e-06 1.232310e-11 9.458769e-06 clkbuf_1_1__f_clk
 8.389979e-06 9.735778e-07 1.232310e-11 9.363570e-06 clkbuf_1_0__f_clk
 1.359935e-06 3.465922e-08 9.132301e-12 1.394603e-06 u_icg
 2.720547e-07 0.000000e+00 1.567550e-12 2.720563e-07 clkload0
 2.037390e-08 1.393602e-07 1.048294e-11 1.597446e-07 clkbuf_5_0__f_core_clk
 2.041879e-08 8.488409e-08 1.048294e-11 1.053134e-07 clkbuf_0_core_clk
 1.031468e-08 8.743544e-08 6.866427e-12 9.775698e-08 clkbuf_2_2_0_core_clk
 1.030382e-08 8.198898e-08 6.866427e-12 9.229966e-08 clkbuf_2_3_0_core_clk
 1.029930e-08 8.121572e-08 6.866427e-12 9.152188e-08 clkbuf_2_0_0_core_clk
 1.028331e-08 7.438050e-08 6.866427e-12 8.467068e-08 clkbuf_2_1_0_core_clk
 2.020086e-08 5.906394e-08 1.048294e-11 7.927527e-08 clkbuf_5_3__f_core_clk
 2.018807e-08 5.680061e-08 1.048294e-11 7.699916e-08 clkbuf_5_4__f_core_clk
 2.018091e-08 5.473024e-08 1.048294e-11 7.492163e-08 clkbuf_5_5__f_core_clk
 2.018885e-08 5.448629e-08 1.048294e-11 7.468562e-08 clkbuf_5_6__f_core_clk
 2.017277e-08 5.005686e-08 1.048294e-11 7.024011e-08 clkbuf_5_1__f_core_clk
 2.016301e-08 4.635640e-08 1.048294e-11 6.652990e-08 clkbuf_5_2__f_core_clk
 2.016385e-08 4.612866e-08 1.048294e-11 6.630298e-08 clkbuf_5_30__f_core_clk
 2.015641e-08 4.429381e-08 1.048294e-11 6.446069e-08 clkbuf_5_7__f_core_clk
 2.015588e-08 4.153385e-08 1.048294e-11 6.170021e-08 clkbuf_5_29__f_core_clk
 2.015970e-08 4.147624e-08 1.048294e-11 6.164642e-08 clkbuf_5_24__f_core_clk
 2.015430e-08 4.128055e-08 1.048294e-11 6.144533e-08 clkbuf_5_31__f_core_clk
 2.013118e-08 4.085723e-08 1.048294e-11 6.099889e-08 clkbuf_5_16__f_core_clk
 2.014664e-08 3.837045e-08 1.048294e-11 5.852757e-08 clkbuf_5_28__f_core_clk
 2.011404e-08 3.813363e-08 1.048294e-11 5.825816e-08 clkbuf_5_17__f_core_clk
 2.015554e-08 3.736347e-08 1.048294e-11 5.752950e-08 clkbuf_5_9__f_core_clk
 2.006805e-08 3.629757e-08 1.048294e-11 5.637611e-08 clkbuf_5_27__f_core_clk
 2.003529e-08 3.510465e-08 1.048294e-11 5.515042e-08 clkbuf_5_25__f_core_clk
 2.006266e-08 3.481739e-08 1.048294e-11 5.489054e-08 clkbuf_5_11__f_core_clk
 2.005565e-08 3.461583e-08 1.048294e-11 5.468196e-08 clkbuf_5_8__f_core_clk
 2.004421e-08 3.430309e-08 1.048294e-11 5.435778e-08 clkbuf_5_12__f_core_clk
 2.002838e-08 3.387832e-08 1.048294e-11 5.391718e-08 clkbuf_5_13__f_core_clk
 1.997286e-08 3.356612e-08 1.048294e-11 5.354947e-08 clkbuf_5_26__f_core_clk
 1.992982e-08 3.266547e-08 1.048294e-11 5.260577e-08 clkbuf_5_23__f_core_clk
 1.992457e-08 3.250420e-08 1.048294e-11 5.243926e-08 clkbuf_5_20__f_core_clk
 1.994022e-08 3.145426e-08 1.048294e-11 5.140496e-08 clkbuf_5_10__f_core_clk
 1.983634e-08 2.990321e-08 1.048294e-11 4.975003e-08 clkbuf_5_21__f_core_clk
 1.982861e-08 2.967422e-08 1.048294e-11 4.951331e-08 clkbuf_5_22__f_core_clk
 1.985843e-08 2.921060e-08 1.048294e-11 4.907952e-08 clkbuf_5_15__f_core_clk
 1.985408e-08 2.908818e-08 1.048294e-11 4.895274e-08 clkbuf_5_14__f_core_clk
 1.970885e-08 2.613951e-08 1.048294e-11 4.585885e-08 clkbuf_5_19__f_core_clk
 1.959187e-08 2.270081e-08 1.048294e-11 4.230316e-08 clkbuf_5_18__f_core_clk
 1.022356e-08 2.022452e-08 6.866427e-12 3.045495e-08 clkbuf_leaf_90_core_clk
 1.009692e-08 1.848981e-08 6.866427e-12 2.859360e-08 clkbuf_leaf_206_core_clk
 2.957903e-09 2.513948e-08 7.513507e-12 2.810489e-08 fanout1250
 1.012696e-08 1.661472e-08 6.866427e-12 2.674854e-08 clkbuf_leaf_100_core_clk
 1.012232e-08 1.645291e-08 6.866427e-12 2.658210e-08 clkbuf_leaf_102_core_clk
 1.004658e-08 1.646669e-08 6.866427e-12 2.652013e-08 clkbuf_leaf_205_core_clk
 1.014777e-08 1.578677e-08 6.866427e-12 2.594140e-08 clkbuf_leaf_70_core_clk
 1.007413e-08 1.549814e-08 6.866427e-12 2.557914e-08 clkbuf_leaf_218_core_clk
 1.011817e-08 1.535255e-08 6.866427e-12 2.547759e-08 clkbuf_leaf_24_core_clk
 1.001832e-08 1.535612e-08 6.866427e-12 2.538130e-08 clkbuf_leaf_200_core_clk
 1.009628e-08 1.469719e-08 6.866427e-12 2.480033e-08 clkbuf_leaf_125_core_clk
 1.000464e-08 1.475264e-08 6.866427e-12 2.476415e-08 clkbuf_leaf_213_core_clk
 1.007238e-08 1.460260e-08 6.866427e-12 2.468185e-08 clkbuf_leaf_38_core_clk
 1.006921e-08 1.454626e-08 6.866427e-12 2.462233e-08 clkbuf_leaf_129_core_clk
 1.004680e-08 1.455091e-08 6.866427e-12 2.460457e-08 clkbuf_leaf_48_core_clk
 1.007008e-08 1.448196e-08 6.866427e-12 2.455890e-08 clkbuf_leaf_66_core_clk
 9.997133e-09 1.443984e-08 6.866427e-12 2.444384e-08 clkbuf_leaf_208_core_clk
 2.714913e-09 2.160990e-08 4.325616e-12 2.432914e-08 fanout360
 2.847975e-09 2.145993e-08 4.325951e-12 2.431223e-08 fanout298
 2.655472e-09 2.163761e-08 4.875876e-12 2.429796e-08 fanout334
 1.005868e-08 1.416954e-08 6.866427e-12 2.423509e-08 clkbuf_leaf_89_core_clk
 9.991388e-09 1.422320e-08 6.866427e-12 2.422146e-08 clkbuf_leaf_214_core_clk
 9.987469e-09 1.406142e-08 6.866427e-12 2.405576e-08 clkbuf_leaf_212_core_clk
 1.006599e-08 1.398098e-08 6.866427e-12 2.405384e-08 clkbuf_leaf_36_core_clk
 1.007113e-08 1.391329e-08 6.866427e-12 2.399128e-08 clkbuf_leaf_122_core_clk
 1.007686e-08 1.386326e-08 6.866427e-12 2.394699e-08 clkbuf_leaf_22_core_clk
 1.004568e-08 1.384903e-08 6.866427e-12 2.390158e-08 clkbuf_leaf_20_core_clk
 3.282786e-09 2.060926e-08 4.875917e-12 2.389693e-08 fanout296
 1.004928e-08 1.377848e-08 6.866427e-12 2.383462e-08 clkbuf_leaf_101_core_clk
 9.978949e-09 1.375790e-08 6.866427e-12 2.374371e-08 clkbuf_leaf_207_core_clk
 1.004027e-08 1.362997e-08 6.866427e-12 2.367710e-08 clkbuf_leaf_7_core_clk
 1.636074e-09 2.203306e-08 6.866243e-12 2.367600e-08 fanout1319
 1.001862e-08 1.349953e-08 6.866427e-12 2.352502e-08 clkbuf_leaf_37_core_clk
 1.007943e-08 1.337215e-08 6.866427e-12 2.345845e-08 clkbuf_leaf_78_core_clk
 1.006553e-08 1.335533e-08 6.866427e-12 2.342773e-08 clkbuf_leaf_77_core_clk
 1.003299e-08 1.336390e-08 6.866427e-12 2.340376e-08 clkbuf_leaf_52_core_clk
 1.007817e-08 1.330235e-08 6.866427e-12 2.338739e-08 clkbuf_leaf_68_core_clk
 1.005909e-08 1.326416e-08 6.866427e-12 2.333011e-08 clkbuf_leaf_147_core_clk
 1.004551e-08 1.324740e-08 6.866427e-12 2.329978e-08 clkbuf_leaf_28_core_clk
 1.001194e-08 1.315187e-08 6.866427e-12 2.317068e-08 clkbuf_leaf_216_core_clk
 1.002690e-08 1.311309e-08 6.866427e-12 2.314686e-08 clkbuf_leaf_103_core_clk
 1.002666e-08 1.310652e-08 6.866427e-12 2.314005e-08 clkbuf_leaf_5_core_clk
 1.002481e-08 1.306212e-08 6.866427e-12 2.309379e-08 clkbuf_leaf_64_core_clk
 1.006976e-08 1.299930e-08 6.866427e-12 2.307593e-08 clkbuf_leaf_93_core_clk
 1.005264e-08 1.300137e-08 6.866427e-12 2.306087e-08 clkbuf_leaf_26_core_clk
 1.000654e-08 1.295359e-08 6.866427e-12 2.296700e-08 clkbuf_leaf_215_core_clk
 1.003306e-08 1.278763e-08 6.866427e-12 2.282755e-08 clkbuf_leaf_16_core_clk
 1.003987e-08 1.276492e-08 6.866427e-12 2.281166e-08 clkbuf_leaf_114_core_clk
 1.003777e-08 1.268558e-08 6.866427e-12 2.273022e-08 clkbuf_leaf_128_core_clk
 1.000041e-08 1.272140e-08 6.866427e-12 2.272868e-08 clkbuf_leaf_204_core_clk
 1.005289e-08 1.262248e-08 6.866427e-12 2.268223e-08 clkbuf_leaf_220_core_clk
 1.004087e-08 1.260475e-08 6.866427e-12 2.265248e-08 clkbuf_leaf_146_core_clk
 1.004158e-08 1.258103e-08 6.866427e-12 2.262948e-08 clkbuf_leaf_87_core_clk
 1.000432e-08 1.260510e-08 6.866427e-12 2.261629e-08 clkbuf_leaf_156_core_clk
 1.001702e-08 1.258776e-08 6.866427e-12 2.261164e-08 clkbuf_leaf_13_core_clk
 1.008802e-08 1.245998e-08 6.866427e-12 2.255487e-08 clkbuf_leaf_104_core_clk
 1.001025e-08 1.249709e-08 6.866427e-12 2.251420e-08 clkbuf_leaf_50_core_clk
 1.003409e-08 1.245124e-08 6.866427e-12 2.249219e-08 clkbuf_leaf_126_core_clk
 1.005323e-08 1.243058e-08 6.866427e-12 2.249067e-08 clkbuf_leaf_80_core_clk
 1.000923e-08 1.245953e-08 6.866427e-12 2.247563e-08 clkbuf_leaf_105_core_clk
 1.006953e-08 1.237486e-08 6.866427e-12 2.245126e-08 clkbuf_leaf_99_core_clk
 1.000642e-08 1.239046e-08 6.866427e-12 2.240375e-08 clkbuf_leaf_61_core_clk
 1.003296e-08 1.232519e-08 6.866427e-12 2.236502e-08 clkbuf_leaf_158_core_clk
 1.004982e-08 1.229013e-08 6.866427e-12 2.234682e-08 clkbuf_leaf_94_core_clk
 1.004902e-08 1.228071e-08 6.866427e-12 2.233660e-08 clkbuf_leaf_79_core_clk
 1.002915e-08 1.227288e-08 6.866427e-12 2.230890e-08 clkbuf_leaf_149_core_clk
 1.003499e-08 1.224877e-08 6.866427e-12 2.229062e-08 clkbuf_leaf_73_core_clk
 1.005240e-08 1.221737e-08 6.866427e-12 2.227664e-08 clkbuf_leaf_131_core_clk
 3.065429e-09 1.920518e-08 4.875590e-12 2.227549e-08 fanout133
 1.002782e-08 1.222843e-08 6.866427e-12 2.226311e-08 clkbuf_leaf_88_core_clk
 9.994220e-09 1.223328e-08 6.866427e-12 2.223436e-08 clkbuf_leaf_177_core_clk
 9.987311e-09 1.223605e-08 6.866427e-12 2.223023e-08 clkbuf_leaf_201_core_clk
 1.005106e-08 1.215947e-08 6.866427e-12 2.221740e-08 clkbuf_leaf_139_core_clk
 9.999707e-09 1.219678e-08 6.866427e-12 2.220336e-08 clkbuf_leaf_56_core_clk
 1.002915e-08 1.215277e-08 6.866427e-12 2.218879e-08 clkbuf_leaf_27_core_clk
 1.000061e-08 1.217246e-08 6.866427e-12 2.217994e-08 clkbuf_leaf_58_core_clk
 1.004965e-08 1.210984e-08 6.866427e-12 2.216635e-08 clkbuf_leaf_134_core_clk
 9.991126e-09 1.212086e-08 6.866427e-12 2.211885e-08 clkbuf_leaf_178_core_clk
 1.002331e-08 1.205409e-08 6.866427e-12 2.208427e-08 clkbuf_leaf_154_core_clk
 9.983554e-09 1.209221e-08 6.866427e-12 2.208263e-08 clkbuf_leaf_203_core_clk
 1.004085e-08 1.199093e-08 6.866427e-12 2.203865e-08 clkbuf_leaf_85_core_clk
 1.002299e-08 1.196301e-08 6.866427e-12 2.199287e-08 clkbuf_leaf_159_core_clk
 1.001016e-08 1.196448e-08 6.866427e-12 2.198150e-08 clkbuf_leaf_30_core_clk
 9.979593e-09 1.194904e-08 6.866427e-12 2.193550e-08 clkbuf_leaf_217_core_clk
 9.992005e-09 1.190958e-08 6.866427e-12 2.190845e-08 clkbuf_leaf_55_core_clk
 1.004087e-08 1.180304e-08 6.866427e-12 2.185077e-08 clkbuf_leaf_141_core_clk
 1.001253e-08 1.180363e-08 6.866427e-12 2.182303e-08 clkbuf_leaf_12_core_clk
 9.989985e-09 1.179136e-08 6.866427e-12 2.178821e-08 clkbuf_leaf_18_core_clk
 1.001195e-08 1.174862e-08 6.866427e-12 2.176744e-08 clkbuf_leaf_115_core_clk
 1.003338e-08 1.171788e-08 6.866427e-12 2.175812e-08 clkbuf_leaf_81_core_clk
 1.003361e-08 1.170187e-08 6.866427e-12 2.174235e-08 clkbuf_leaf_67_core_clk
 9.996345e-09 1.173263e-08 6.866427e-12 2.173584e-08 clkbuf_leaf_124_core_clk
 1.003776e-08 1.168574e-08 6.866427e-12 2.173037e-08 clkbuf_leaf_138_core_clk
 9.987509e-09 1.173238e-08 6.866427e-12 2.172675e-08 clkbuf_leaf_54_core_clk
 1.001380e-08 1.170569e-08 6.866427e-12 2.172636e-08 clkbuf_leaf_150_core_clk
 9.970612e-09 1.168902e-08 6.866427e-12 2.166650e-08 clkbuf_leaf_31_core_clk
 1.001728e-08 1.161149e-08 6.866427e-12 2.163563e-08 clkbuf_leaf_75_core_clk
 9.985470e-09 1.161604e-08 6.866427e-12 2.160838e-08 clkbuf_leaf_19_core_clk
 9.991879e-09 1.159211e-08 6.866427e-12 2.159086e-08 clkbuf_leaf_153_core_clk
 9.983911e-09 1.157347e-08 6.866427e-12 2.156425e-08 clkbuf_leaf_4_core_clk
 9.983856e-09 1.157036e-08 6.866427e-12 2.156108e-08 clkbuf_leaf_3_core_clk
 1.002247e-08 1.152410e-08 6.866427e-12 2.155344e-08 clkbuf_leaf_109_core_clk
 9.956965e-09 1.157326e-08 6.866427e-12 2.153709e-08 clkbuf_leaf_202_core_clk
 9.966113e-09 1.151194e-08 6.866427e-12 2.148491e-08 clkbuf_leaf_33_core_clk
 1.000361e-08 1.145794e-08 6.866427e-12 2.146842e-08 clkbuf_leaf_112_core_clk
 9.981956e-09 1.146664e-08 6.866427e-12 2.145546e-08 clkbuf_leaf_107_core_clk
 9.981072e-09 1.146002e-08 6.866427e-12 2.144796e-08 clkbuf_leaf_8_core_clk
 9.931463e-09 1.150732e-08 6.866427e-12 2.144565e-08 clkbuf_leaf_187_core_clk
 2.602806e-09 1.883516e-08 4.325732e-12 2.144229e-08 fanout403
 9.953016e-09 1.145591e-08 6.866427e-12 2.141579e-08 clkbuf_leaf_193_core_clk
 9.938494e-09 1.142861e-08 6.866427e-12 2.137397e-08 clkbuf_leaf_179_core_clk
 1.000134e-08 1.135920e-08 6.866427e-12 2.136740e-08 clkbuf_leaf_117_core_clk
 3.236593e-09 1.811576e-08 4.875559e-12 2.135723e-08 fanout131
 1.002676e-08 1.129435e-08 6.866427e-12 2.132797e-08 clkbuf_leaf_143_core_clk
 1.000477e-08 1.129373e-08 6.866427e-12 2.130537e-08 clkbuf_leaf_86_core_clk
 9.950254e-09 1.134049e-08 6.866427e-12 2.129761e-08 clkbuf_leaf_194_core_clk
 9.968446e-09 1.131341e-08 6.866427e-12 2.128872e-08 clkbuf_leaf_162_core_clk
 9.976191e-09 1.127776e-08 6.866427e-12 2.126081e-08 clkbuf_leaf_65_core_clk
 9.966977e-09 1.126240e-08 6.866427e-12 2.123624e-08 clkbuf_leaf_161_core_clk
 1.002386e-08 1.119128e-08 6.866427e-12 2.122200e-08 clkbuf_leaf_140_core_clk
 9.959028e-09 1.124769e-08 6.866427e-12 2.121359e-08 clkbuf_leaf_47_core_clk
 1.002278e-08 1.114112e-08 6.866427e-12 2.117077e-08 clkbuf_leaf_132_core_clk
 9.979273e-09 1.117453e-08 6.866427e-12 2.116067e-08 clkbuf_leaf_42_core_clk
 1.000044e-08 1.114799e-08 6.866427e-12 2.115530e-08 clkbuf_leaf_160_core_clk
 9.964858e-09 1.116992e-08 6.866427e-12 2.114164e-08 clkbuf_leaf_163_core_clk
 9.964610e-09 1.114464e-08 6.866427e-12 2.111611e-08 clkbuf_leaf_157_core_clk
 1.003211e-08 1.104520e-08 6.866427e-12 2.108418e-08 clkbuf_leaf_96_core_clk
 9.921643e-09 1.115229e-08 6.866427e-12 2.108080e-08 clkbuf_leaf_186_core_clk
 1.000890e-08 1.104205e-08 6.866427e-12 2.105782e-08 clkbuf_leaf_110_core_clk
 9.955357e-09 1.108290e-08 6.866427e-12 2.104513e-08 clkbuf_leaf_44_core_clk
 9.974607e-09 1.102960e-08 6.866427e-12 2.101107e-08 clkbuf_leaf_39_core_clk
 9.991294e-09 1.101189e-08 6.866427e-12 2.101005e-08 clkbuf_leaf_121_core_clk
 9.969897e-09 1.102577e-08 6.866427e-12 2.100254e-08 clkbuf_leaf_49_core_clk
 9.991045e-09 1.099669e-08 6.866427e-12 2.099460e-08 clkbuf_leaf_120_core_clk
 1.002937e-08 1.094997e-08 6.866427e-12 2.098621e-08 clkbuf_leaf_91_core_clk
 9.990651e-09 1.098786e-08 6.866427e-12 2.098538e-08 clkbuf_leaf_111_core_clk
 9.996755e-09 1.097683e-08 6.866427e-12 2.098045e-08 clkbuf_leaf_21_core_clk
 9.972644e-09 1.095030e-08 6.866427e-12 2.092981e-08 clkbuf_leaf_40_core_clk
 1.002714e-08 1.086985e-08 6.866427e-12 2.090386e-08 clkbuf_leaf_95_core_clk
 9.967385e-09 1.091310e-08 6.866427e-12 2.088735e-08 clkbuf_leaf_57_core_clk
 9.965576e-09 1.088908e-08 6.866427e-12 2.086152e-08 clkbuf_leaf_62_core_clk
 9.987462e-09 1.086487e-08 6.866427e-12 2.085920e-08 clkbuf_leaf_116_core_clk
 9.990345e-09 1.085965e-08 6.866427e-12 2.085686e-08 clkbuf_leaf_84_core_clk
 9.985910e-09 1.084374e-08 6.866427e-12 2.083651e-08 clkbuf_leaf_11_core_clk
 9.938732e-09 1.086724e-08 6.866427e-12 2.081284e-08 clkbuf_leaf_198_core_clk
 9.979002e-09 1.082647e-08 6.866427e-12 2.081233e-08 clkbuf_leaf_35_core_clk
 9.978742e-09 1.082294e-08 6.866427e-12 2.080854e-08 clkbuf_leaf_29_core_clk
 9.914534e-09 1.080603e-08 6.866427e-12 2.072743e-08 clkbuf_leaf_174_core_clk
 2.333100e-09 1.838752e-08 4.875742e-12 2.072549e-08 fanout354
 9.961999e-09 1.075632e-08 6.866427e-12 2.072519e-08 clkbuf_leaf_60_core_clk
 9.962438e-09 1.074941e-08 6.866427e-12 2.071871e-08 clkbuf_leaf_113_core_clk
 2.994994e-09 1.771284e-08 4.326098e-12 2.071216e-08 fanout338
 9.920894e-09 1.075696e-08 6.866427e-12 2.068472e-08 clkbuf_leaf_211_core_clk
 9.990953e-09 1.066568e-08 6.866427e-12 2.066349e-08 clkbuf_leaf_74_core_clk
 9.959034e-09 1.066220e-08 6.866427e-12 2.062809e-08 clkbuf_leaf_53_core_clk
 9.980567e-09 1.061901e-08 6.866427e-12 2.060644e-08 clkbuf_leaf_118_core_clk
 9.972775e-09 1.060733e-08 6.866427e-12 2.058697e-08 clkbuf_leaf_17_core_clk
 9.978813e-09 1.059462e-08 6.866427e-12 2.058030e-08 clkbuf_leaf_9_core_clk
 9.987713e-09 1.055403e-08 6.866427e-12 2.054861e-08 clkbuf_leaf_71_core_clk
 9.977827e-09 1.055522e-08 6.866427e-12 2.053991e-08 clkbuf_leaf_14_core_clk
 9.942184e-09 1.058847e-08 6.866427e-12 2.053752e-08 clkbuf_leaf_41_core_clk
 9.998537e-09 1.047183e-08 6.866427e-12 2.047723e-08 clkbuf_leaf_82_core_clk
 9.984778e-09 1.045128e-08 6.866427e-12 2.044293e-08 clkbuf_leaf_72_core_clk
 9.997613e-09 1.043694e-08 6.866427e-12 2.044142e-08 clkbuf_leaf_83_core_clk
 9.955179e-09 1.046285e-08 6.866427e-12 2.042490e-08 clkbuf_leaf_51_core_clk
 9.974619e-09 1.044260e-08 6.866427e-12 2.042408e-08 clkbuf_leaf_97_core_clk
 9.953167e-09 1.040188e-08 6.866427e-12 2.036191e-08 clkbuf_leaf_6_core_clk
 9.953034e-09 1.039859e-08 6.866427e-12 2.035848e-08 clkbuf_leaf_0_core_clk
 9.976614e-09 1.036496e-08 6.866427e-12 2.034844e-08 clkbuf_leaf_151_core_clk
 9.999464e-09 1.032769e-08 6.866427e-12 2.033402e-08 clkbuf_leaf_136_core_clk
 9.935296e-09 1.033787e-08 6.866427e-12 2.028003e-08 clkbuf_leaf_46_core_clk
 9.923811e-09 1.034014e-08 6.866427e-12 2.027082e-08 clkbuf_leaf_191_core_clk
 9.973362e-09 1.026178e-08 6.866427e-12 2.024201e-08 clkbuf_leaf_135_core_clk
 9.949655e-09 1.027703e-08 6.866427e-12 2.023355e-08 clkbuf_leaf_106_core_clk
 9.908993e-09 1.028039e-08 6.866427e-12 2.019625e-08 clkbuf_leaf_181_core_clk
 9.947868e-09 1.023256e-08 6.866427e-12 2.018729e-08 clkbuf_leaf_63_core_clk
 9.907245e-09 1.021995e-08 6.866427e-12 2.013407e-08 clkbuf_leaf_183_core_clk
 9.906449e-09 1.019468e-08 6.866427e-12 2.010800e-08 clkbuf_leaf_184_core_clk
 9.969810e-09 1.011975e-08 6.866427e-12 2.009643e-08 clkbuf_leaf_152_core_clk
 9.965587e-09 1.011163e-08 6.866427e-12 2.008409e-08 clkbuf_leaf_15_core_clk
 9.991817e-09 1.005124e-08 6.866427e-12 2.004992e-08 clkbuf_leaf_137_core_clk
 9.904405e-09 1.013707e-08 6.866427e-12 2.004834e-08 clkbuf_leaf_176_core_clk
 9.917959e-09 1.007130e-08 6.866427e-12 1.999613e-08 clkbuf_leaf_199_core_clk
 3.062268e-09 1.692133e-08 4.875567e-12 1.998848e-08 fanout336
 9.967776e-09 9.973161e-09 6.866427e-12 1.994780e-08 clkbuf_leaf_148_core_clk
 1.001449e-08 9.869225e-09 6.866427e-12 1.989059e-08 clkbuf_leaf_1_core_clk
 9.964158e-09 9.919166e-09 6.866427e-12 1.989019e-08 clkbuf_leaf_155_core_clk
 9.925232e-09 9.949820e-09 6.866427e-12 1.988192e-08 clkbuf_leaf_45_core_clk
 9.965969e-09 9.872033e-09 6.866427e-12 1.984487e-08 clkbuf_leaf_92_core_clk
 9.965667e-09 9.863776e-09 6.866427e-12 1.983631e-08 clkbuf_leaf_23_core_clk
 9.962747e-09 9.787140e-09 6.866427e-12 1.975675e-08 clkbuf_leaf_145_core_clk
 9.897765e-09 9.847724e-09 6.866427e-12 1.975235e-08 clkbuf_leaf_209_core_clk
 9.962529e-09 9.779425e-09 6.866427e-12 1.974882e-08 clkbuf_leaf_144_core_clk
 9.920982e-09 9.818444e-09 6.866427e-12 1.974629e-08 clkbuf_leaf_32_core_clk
 9.896452e-09 9.821334e-09 6.866427e-12 1.972465e-08 clkbuf_leaf_164_core_clk
 9.919224e-09 9.756290e-09 6.866427e-12 1.968238e-08 clkbuf_leaf_34_core_clk
 1.000675e-08 9.595425e-09 6.866427e-12 1.960905e-08 clkbuf_leaf_2_core_clk
 9.951768e-09 9.584006e-09 6.866427e-12 1.954264e-08 clkbuf_leaf_119_core_clk
 9.967117e-09 9.537452e-09 6.866427e-12 1.951143e-08 clkbuf_leaf_108_core_clk
 9.881675e-09 9.597318e-09 6.866427e-12 1.948586e-08 clkbuf_leaf_185_core_clk
 9.890566e-09 9.566742e-09 6.866427e-12 1.946417e-08 clkbuf_leaf_182_core_clk
 9.880781e-09 9.574027e-09 6.866427e-12 1.946167e-08 clkbuf_leaf_190_core_clk
 2.889174e-09 1.654244e-08 7.513486e-12 1.943913e-08 fanout1248
 9.928281e-09 9.484324e-09 6.866427e-12 1.941947e-08 clkbuf_leaf_43_core_clk
 1.000128e-08 9.401451e-09 6.866427e-12 1.940960e-08 clkbuf_leaf_98_core_clk
 9.970798e-09 9.284437e-09 6.866427e-12 1.926210e-08 clkbuf_leaf_133_core_clk
 2.604978e-09 1.662900e-08 4.875669e-12 1.923886e-08 fanout409
 9.969156e-09 9.238875e-09 6.866427e-12 1.921490e-08 clkbuf_leaf_142_core_clk
 9.873945e-09 9.293303e-09 6.866427e-12 1.917411e-08 clkbuf_leaf_192_core_clk
 9.873631e-09 9.237427e-09 6.866427e-12 1.911792e-08 clkbuf_leaf_188_core_clk
 9.878878e-09 9.139832e-09 6.866427e-12 1.902558e-08 clkbuf_leaf_170_core_clk
 2.619005e-09 1.638536e-08 7.513595e-12 1.901188e-08 fanout448
 9.952881e-09 9.025651e-09 6.866427e-12 1.898540e-08 clkbuf_leaf_221_core_clk
 9.943633e-09 8.974006e-09 6.866427e-12 1.892450e-08 clkbuf_leaf_76_core_clk
 9.888875e-09 8.959200e-09 6.866427e-12 1.885494e-08 clkbuf_leaf_197_core_clk
 9.937441e-09 8.841872e-09 6.866427e-12 1.878618e-08 clkbuf_leaf_25_core_clk
 9.789279e-09 8.951338e-09 6.866427e-12 1.874748e-08 clkbuf_leaf_226_core_clk
 9.914258e-09 8.742588e-09 6.866427e-12 1.866371e-08 clkbuf_leaf_130_core_clk
 2.358511e-09 1.625103e-08 4.875393e-12 1.861442e-08 fanout413
 9.868537e-09 8.736079e-09 6.866427e-12 1.861148e-08 clkbuf_leaf_166_core_clk
 9.867819e-09 8.705100e-09 6.866427e-12 1.857978e-08 clkbuf_leaf_172_core_clk
 2.391202e-09 1.618358e-08 4.875995e-12 1.857966e-08 fanout330
 9.922996e-09 8.570479e-09 6.866427e-12 1.850034e-08 clkbuf_leaf_10_core_clk
 9.878331e-09 8.578581e-09 6.866427e-12 1.846378e-08 clkbuf_leaf_196_core_clk
 9.857451e-09 8.555178e-09 6.866427e-12 1.841949e-08 clkbuf_leaf_173_core_clk
 2.110113e-09 1.625999e-08 4.325909e-12 1.837442e-08 fanout356
 9.856281e-09 8.509086e-09 6.866427e-12 1.837223e-08 clkbuf_leaf_175_core_clk
 2.392694e-09 1.597355e-08 4.875923e-12 1.837112e-08 fanout304
 9.863122e-09 8.489900e-09 6.866427e-12 1.835989e-08 clkbuf_leaf_180_core_clk
 2.425489e-09 1.588914e-08 4.326151e-12 1.831895e-08 fanout127
 9.860375e-09 8.413363e-09 6.866427e-12 1.828060e-08 clkbuf_leaf_167_core_clk
 2.310520e-09 1.593812e-08 4.326087e-12 1.825297e-08 fanout340
 9.894894e-09 8.281092e-09 6.866427e-12 1.818285e-08 clkbuf_leaf_59_core_clk
 9.780090e-09 8.322324e-09 6.866427e-12 1.810928e-08 clkbuf_leaf_224_core_clk
 9.899272e-09 8.202917e-09 6.866427e-12 1.810905e-08 clkbuf_leaf_127_core_clk
 2.608001e-09 1.546243e-08 4.875954e-12 1.807531e-08 fanout306
 9.927472e-09 8.119311e-09 6.866427e-12 1.805365e-08 clkbuf_leaf_219_core_clk
 2.854362e-09 1.517066e-08 7.513507e-12 1.803254e-08 fanout1249
 9.853532e-09 8.148283e-09 6.866427e-12 1.800868e-08 clkbuf_leaf_165_core_clk
 9.851596e-09 8.047721e-09 6.866427e-12 1.790618e-08 clkbuf_leaf_210_core_clk
 2.689151e-09 1.519607e-08 4.325755e-12 1.788954e-08 fanout342
 9.850459e-09 8.026205e-09 6.866427e-12 1.788353e-08 clkbuf_leaf_171_core_clk
 2.888005e-09 1.497086e-08 7.513486e-12 1.786638e-08 fanout1246
 2.872845e-09 1.497930e-08 7.513507e-12 1.785966e-08 fanout1242
 9.847364e-09 7.901930e-09 6.866427e-12 1.775616e-08 clkbuf_leaf_168_core_clk
 9.858155e-09 7.808773e-09 6.866427e-12 1.767379e-08 clkbuf_leaf_195_core_clk
 9.832569e-09 7.729934e-09 6.866427e-12 1.756937e-08 clkbuf_leaf_189_core_clk
 9.771644e-09 7.762622e-09 6.866427e-12 1.754113e-08 clkbuf_leaf_222_core_clk
 2.620206e-09 1.491604e-08 4.875720e-12 1.754112e-08 fanout407
 9.765235e-09 7.691498e-09 6.866427e-12 1.746360e-08 clkbuf_leaf_225_core_clk
 2.786391e-09 1.452211e-08 4.875813e-12 1.731338e-08 fanout405
 1.852754e-09 1.540081e-08 4.875991e-12 1.725844e-08 fanout328
 2.875914e-09 1.434886e-08 7.513507e-12 1.723229e-08 fanout1247
 9.752209e-09 7.467813e-09 6.866427e-12 1.722689e-08 clkbuf_leaf_223_core_clk
 2.846163e-09 1.408229e-08 4.875625e-12 1.693333e-08 fanout300
 2.352886e-09 1.446152e-08 4.875556e-12 1.681929e-08 fanout302
 2.208717e-09 1.449764e-08 4.875694e-12 1.671124e-08 fanout129
 2.123591e-09 1.449044e-08 4.325561e-12 1.661835e-08 fanout411
 2.242932e-09 1.400308e-08 4.326043e-12 1.625033e-08 fanout344
 2.602738e-09 1.357420e-08 4.325768e-12 1.618126e-08 fanout294
 2.301439e-09 1.347876e-08 4.325765e-12 1.578453e-08 fanout121
 2.380197e-09 1.322385e-08 4.875982e-12 1.560892e-08 fanout308
 2.063768e-09 1.347705e-08 4.325773e-12 1.554514e-08 fanout113
 2.184558e-09 1.331159e-08 4.875994e-12 1.550103e-08 fanout109
 2.320693e-09 1.290324e-08 4.875695e-12 1.522881e-08 fanout346
 2.073386e-09 1.270964e-08 4.325680e-12 1.478735e-08 fanout288
 2.256814e-09 1.249653e-08 4.325743e-12 1.475767e-08 fanout310
 2.193358e-09 1.241483e-08 4.325683e-12 1.461251e-08 fanout290
 2.115948e-09 1.238706e-08 4.325681e-12 1.450733e-08 fanout278
 1.438748e-09 1.303793e-08 3.660295e-12 1.448034e-08 fanout343
 2.183962e-09 1.210426e-08 4.875843e-12 1.429310e-08 fanout276
 1.871664e-09 1.228503e-08 4.325560e-12 1.416102e-08 fanout385
 2.013291e-09 1.204248e-08 4.325652e-12 1.406010e-08 fanout362
 3.090148e-09 1.096048e-08 4.875727e-12 1.405551e-08 fanout358
 1.268784e-09 1.269552e-08 4.646998e-12 1.396895e-08 fanout355
 1.685300e-09 1.209298e-08 4.325563e-12 1.378261e-08 fanout391
 2.198827e-09 1.130304e-08 4.875989e-12 1.350674e-08 fanout110
 1.441017e-09 1.185519e-08 4.325704e-12 1.330053e-08 fanout1261
 1.472208e-09 1.166726e-08 7.513507e-12 1.314698e-08 fanout1239
 1.985538e-09 1.112512e-08 4.647313e-12 1.311531e-08 fanout297
 1.804391e-09 1.121890e-08 4.875992e-12 1.302817e-08 fanout348
 1.441769e-09 1.150542e-08 4.325721e-12 1.295151e-08 fanout1279
 1.840920e-09 1.110151e-08 4.325778e-12 1.294675e-08 fanout119
 2.071607e-09 1.076984e-08 4.325683e-12 1.284577e-08 fanout286
 1.602984e-09 1.117939e-08 1.416633e-11 1.279654e-08 fanout543
 1.564338e-09 1.121005e-08 4.647127e-12 1.277903e-08 fanout406
 1.842548e-09 1.091838e-08 4.325687e-12 1.276525e-08 fanout284
 1.700002e-09 1.095888e-08 3.660911e-12 1.266254e-08 fanout339
 1.809333e-09 1.077237e-08 4.875984e-12 1.258658e-08 fanout322
 1.384943e-09 1.115902e-08 4.875952e-12 1.254884e-08 fanout397
 1.619959e-09 1.092091e-08 4.325539e-12 1.254519e-08 fanout399
 1.525272e-09 1.099323e-08 4.875949e-12 1.252338e-08 fanout395
 1.513691e-09 1.100134e-08 4.325689e-12 1.251935e-08 fanout292
 1.444344e-09 1.063316e-08 4.325703e-12 1.208183e-08 fanout1267
 1.870860e-09 1.002691e-08 4.325984e-12 1.190209e-08 fanout135
 1.429981e-09 1.042244e-08 6.865906e-12 1.185928e-08 fanout1355
 1.882604e-09 9.938447e-09 4.875949e-12 1.182593e-08 fanout387
 1.515586e-09 1.026551e-08 4.325560e-12 1.178542e-08 fanout381
 1.446310e-09 1.020514e-08 4.325721e-12 1.165577e-08 fanout1290
 1.325217e-09 1.027042e-08 4.646373e-12 1.160029e-08 fanout414
 1.544001e-09 1.000456e-08 4.325682e-12 1.155288e-08 fanout312
 1.912353e-09 9.573001e-09 4.325773e-12 1.148968e-08 fanout365
 1.449522e-09 9.769409e-09 4.325704e-12 1.122326e-08 fanout1262
 1.463288e-09 9.752084e-09 4.325703e-12 1.121970e-08 fanout1302
 1.449589e-09 9.765068e-09 4.325704e-12 1.121898e-08 fanout1260
 1.451599e-09 9.715310e-09 4.325704e-12 1.117123e-08 fanout1252
 1.378954e-09 9.730535e-09 4.647323e-12 1.111414e-08 fanout305
 1.682681e-09 9.417945e-09 4.325773e-12 1.110495e-08 fanout115
 1.177071e-09 9.894441e-09 6.866301e-12 1.107838e-08 fanout1331
 1.019578e-09 9.976847e-09 4.647445e-12 1.100107e-08 fanout329
 1.451002e-09 9.533104e-09 4.325703e-12 1.098843e-08 fanout1268
 1.452658e-09 9.418969e-09 4.325704e-12 1.087595e-08 fanout1255
 1.866011e-09 8.995041e-09 4.875992e-12 1.086593e-08 fanout316
 1.426683e-09 9.361276e-09 7.513507e-12 1.079547e-08 fanout1229
 1.458105e-09 9.219183e-09 4.325704e-12 1.068161e-08 fanout1291
 1.936696e-09 8.727270e-09 4.646671e-12 1.066861e-08 fanout132
 1.450106e-09 9.174654e-09 4.325704e-12 1.062909e-08 fanout1289
 1.770618e-09 8.778535e-09 4.875995e-12 1.055403e-08 fanout326
 1.360822e-09 9.132993e-09 3.660409e-12 1.049748e-08 fanout333
 1.450081e-09 9.038742e-09 4.325721e-12 1.049315e-08 fanout1258
 1.453857e-09 9.011244e-09 4.325721e-12 1.046943e-08 fanout1273
 1.460145e-09 8.935962e-09 4.325704e-12 1.040043e-08 fanout1285
 1.452129e-09 8.931429e-09 4.325721e-12 1.038788e-08 fanout1282
 1.633628e-09 8.655821e-09 4.876000e-12 1.029432e-08 fanout320
 1.453471e-09 8.825329e-09 4.325704e-12 1.028313e-08 fanout1259
 1.455163e-09 8.804201e-09 4.325704e-12 1.026369e-08 fanout1298
 1.350406e-09 8.830843e-09 7.514087e-12 1.018876e-08 fanout441
 1.368748e-09 8.750194e-09 4.646665e-12 1.012359e-08 fanout303
 1.454376e-09 8.645232e-09 4.325721e-12 1.010393e-08 fanout1310
 1.301335e-09 8.761894e-09 4.325557e-12 1.006755e-08 fanout393
 1.454495e-09 8.585735e-09 4.325721e-12 1.004456e-08 fanout1304
 1.770436e-09 8.263975e-09 4.646685e-12 1.003906e-08 fanout337
 1.425620e-09 8.594764e-09 7.513507e-12 1.002790e-08 fanout1232
 1.591064e-09 8.422319e-09 4.325689e-12 1.001771e-08 fanout282
 1.461377e-09 8.353094e-09 4.325704e-12 9.818797e-09 fanout1293
 1.457707e-09 8.295606e-09 4.325704e-12 9.757638e-09 fanout1272
 1.338083e-09 8.374216e-09 3.660891e-12 9.715960e-09 fanout341
 1.456144e-09 8.211105e-09 4.325721e-12 9.671574e-09 fanout1308
 1.456571e-09 8.159038e-09 4.325703e-12 9.619934e-09 fanout1269
 1.454676e-09 8.135085e-09 4.325721e-12 9.594086e-09 fanout1300
 1.470472e-09 7.990227e-09 4.325721e-12 9.465024e-09 fanout1313
 1.458501e-09 7.990854e-09 4.325704e-12 9.453681e-09 fanout1297
 1.455535e-09 7.925261e-09 4.325721e-12 9.385122e-09 fanout1286
 1.461170e-09 7.905463e-09 4.325704e-12 9.370958e-09 fanout1309
 1.446776e-09 7.913188e-09 4.875997e-12 9.364840e-09 fanout324
 1.452077e-09 7.883634e-09 4.325703e-12 9.340036e-09 fanout1244
 1.765501e-09 7.553798e-09 4.646726e-12 9.323946e-09 fanout134
 1.467066e-09 7.830510e-09 4.875992e-12 9.302452e-09 fanout111
 9.239473e-09 0.000000e+00 6.866427e-12 9.246340e-09 clkload58
 9.239227e-09 0.000000e+00 6.866427e-12 9.246094e-09 clkload61
 9.237901e-09 0.000000e+00 6.866427e-12 9.244768e-09 clkload55
 9.236870e-09 0.000000e+00 6.866427e-12 9.243736e-09 clkload74
 9.234870e-09 0.000000e+00 6.866427e-12 9.241736e-09 clkload123
 9.234251e-09 0.000000e+00 6.866427e-12 9.241117e-09 clkload153
 9.234030e-09 0.000000e+00 6.866427e-12 9.240897e-09 clkload169
 9.232853e-09 0.000000e+00 6.866427e-12 9.239719e-09 clkload137
 9.232832e-09 0.000000e+00 6.866427e-12 9.239699e-09 clkload76
 9.232794e-09 0.000000e+00 6.866427e-12 9.239661e-09 clkload38
 9.232215e-09 0.000000e+00 6.866427e-12 9.239081e-09 clkload205
 9.231606e-09 0.000000e+00 6.866427e-12 9.238472e-09 clkload114
 9.231576e-09 0.000000e+00 6.866427e-12 9.238443e-09 clkload113
 9.231131e-09 0.000000e+00 6.866427e-12 9.237998e-09 clkload203
 9.229880e-09 0.000000e+00 6.866427e-12 9.236746e-09 clkload91
 9.229718e-09 0.000000e+00 6.866427e-12 9.236585e-09 clkload160
 9.229463e-09 0.000000e+00 6.866427e-12 9.236329e-09 clkload156
 9.229425e-09 0.000000e+00 6.866427e-12 9.236292e-09 clkload57
 9.228759e-09 0.000000e+00 6.866427e-12 9.235626e-09 clkload164
 9.228591e-09 0.000000e+00 6.866427e-12 9.235458e-09 clkload118
 9.228027e-09 0.000000e+00 6.866427e-12 9.234894e-09 clkload181
 9.227933e-09 0.000000e+00 6.866427e-12 9.234800e-09 clkload148
 9.227830e-09 0.000000e+00 6.866427e-12 9.234697e-09 clkload112
 9.227623e-09 0.000000e+00 6.866427e-12 9.234490e-09 clkload105
 9.227199e-09 0.000000e+00 6.866427e-12 9.234066e-09 clkload82
 9.226603e-09 0.000000e+00 6.866427e-12 9.233469e-09 clkload144
 9.225866e-09 0.000000e+00 6.866427e-12 9.232733e-09 clkload192
 9.225829e-09 0.000000e+00 6.866427e-12 9.232695e-09 clkload100
 9.225541e-09 0.000000e+00 6.866427e-12 9.232408e-09 clkload124
 9.223472e-09 0.000000e+00 6.866427e-12 9.230338e-09 clkload176
 9.222139e-09 0.000000e+00 6.866427e-12 9.229006e-09 clkload179
 9.219836e-09 0.000000e+00 6.866427e-12 9.226703e-09 clkload173
 9.217546e-09 0.000000e+00 6.866427e-12 9.224412e-09 clkload188
 9.191516e-09 0.000000e+00 6.866427e-12 9.198383e-09 clkload19
 9.180511e-09 0.000000e+00 6.866427e-12 9.187377e-09 clkload27
 9.180326e-09 0.000000e+00 6.866427e-12 9.187192e-09 clkload16
 9.179951e-09 0.000000e+00 6.866427e-12 9.186818e-09 clkload15
 1.473042e-09 7.445871e-09 4.325721e-12 8.923239e-09 fanout1314
 1.427551e-09 7.486780e-09 7.513507e-12 8.921844e-09 fanout1234
 1.852230e-09 6.970809e-09 3.660647e-12 8.826701e-09 fanout299
 1.460060e-09 7.243711e-09 4.325721e-12 8.708097e-09 fanout1312
 1.531828e-09 7.009820e-09 4.647239e-12 8.546295e-09 fanout335
 1.182676e-09 7.317888e-09 3.660149e-12 8.504223e-09 fanout275
 7.677680e-10 7.648638e-09 4.647376e-12 8.421053e-09 fanout398
 1.646239e-09 6.672315e-09 4.646789e-12 8.323202e-09 fanout301
 8.701184e-10 7.324860e-09 1.416633e-11 8.209144e-09 fanout614
 1.462119e-09 6.738340e-09 4.325721e-12 8.204784e-09 fanout1315
 8.751729e-10 7.260450e-09 1.416632e-11 8.149789e-09 fanout705
 1.058069e-09 6.990768e-09 3.659946e-12 8.052498e-09 fanout386
 1.744887e-09 6.258575e-09 4.646972e-12 8.008109e-09 fanout359
 8.739192e-10 7.115490e-09 1.416632e-11 8.003576e-09 fanout617
 1.006271e-09 6.849433e-09 3.659953e-12 7.859363e-09 fanout392
 1.479032e-09 6.318415e-09 4.646868e-12 7.802095e-09 fanout410
 9.147275e-10 6.799720e-09 3.659910e-12 7.718108e-09 fanout400
 8.702471e-10 6.779005e-09 1.416633e-11 7.663419e-09 fanout576
 1.415953e-09 6.104367e-09 4.647452e-12 7.524967e-09 fanout331
 1.513909e-09 5.910397e-09 4.325772e-12 7.428632e-09 fanout125
 8.758138e-10 6.409845e-09 4.647370e-12 7.290306e-09 fanout396
 8.876852e-10 6.340864e-09 1.416633e-11 7.242715e-09 fanout536
 1.402947e-09 5.817125e-09 3.660167e-12 7.223733e-09 fanout291
 8.796125e-10 6.248822e-09 1.416633e-11 7.142601e-09 fanout573
 8.033181e-10 6.313666e-09 7.513909e-12 7.124498e-09 fanout698
 1.389711e-09 5.725704e-09 4.647429e-12 7.120063e-09 fanout309
 8.796446e-10 6.205318e-09 1.416633e-11 7.099129e-09 fanout586
 1.018003e-09 6.060708e-09 4.647379e-12 7.083358e-09 fanout273
 1.354213e-09 5.713842e-09 4.646914e-12 7.072702e-09 fanout347
 7.361244e-10 6.326031e-09 1.047906e-11 7.072634e-09 fanout578
 9.497515e-10 6.106049e-09 3.660327e-12 7.059461e-09 fanout116
 1.519475e-09 5.531080e-09 4.647380e-12 7.055202e-09 fanout307
 7.008651e-09 0.000000e+00 1.002442e-11 7.018675e-09 clkload3
 6.988960e-09 0.000000e+00 1.002442e-11 6.998984e-09 clkload4
 6.970601e-09 0.000000e+00 1.002442e-11 6.980625e-09 clkload5
 6.968623e-09 0.000000e+00 1.002442e-11 6.978648e-09 clkload6
 6.934180e-09 0.000000e+00 1.002442e-11 6.944204e-09 clkload1
 6.903799e-09 0.000000e+00 1.002442e-11 6.913824e-09 clkload2
 6.888432e-09 0.000000e+00 1.002442e-11 6.898457e-09 clkload7
 1.510470e-09 5.380639e-09 3.660318e-12 6.894769e-09 fanout295
 1.003027e-09 5.860093e-09 3.659893e-12 6.866780e-09 fanout319
 7.361641e-10 6.083536e-09 1.047906e-11 6.830180e-09 fanout545
 7.157028e-10 6.000304e-09 4.325703e-12 6.720333e-09 fanout1230
 7.411580e-10 5.913816e-09 1.047906e-11 6.665453e-09 fanout538
 1.290479e-09 5.239285e-09 3.660274e-12 6.533424e-09 fanout311
 7.422192e-10 5.757899e-09 1.047910e-11 6.510597e-09 fanout588
 1.314210e-09 5.170785e-09 4.646913e-12 6.489642e-09 fanout130
 1.282435e-09 5.081873e-09 3.660484e-12 6.367969e-09 fanout416
 1.283742e-09 5.080553e-09 3.659947e-12 6.367955e-09 fanout412
 8.273865e-10 5.493172e-09 4.647447e-12 6.325206e-09 fanout112
 7.364960e-10 5.522003e-09 7.513991e-12 6.266013e-09 fanout1087
 1.251075e-09 5.000715e-09 3.660166e-12 6.255451e-09 fanout287
 7.973985e-10 5.192283e-09 7.513911e-12 5.997196e-09 fanout664
 1.108043e-09 4.830642e-09 4.647371e-12 5.943333e-09 fanout388
 1.350259e-09 4.530424e-09 3.660813e-12 5.884345e-09 fanout345
 8.241430e-10 4.875323e-09 3.660204e-12 5.703126e-09 fanout1294
 1.233647e-09 4.450893e-09 3.660111e-12 5.688201e-09 fanout363
 8.309927e-10 4.839153e-09 4.325671e-12 5.674471e-09 fanout1213
 8.746846e-10 4.688083e-09 1.416631e-11 5.576934e-09 fanout611
 1.057874e-09 4.508636e-09 3.660338e-12 5.570170e-09 fanout120
 1.045862e-09 4.452871e-09 4.646977e-12 5.503380e-09 fanout353
 8.728637e-10 4.558864e-09 1.416631e-11 5.445894e-09 fanout580
 7.015886e-10 4.734258e-09 7.513507e-12 5.443360e-09 fanout1227
 1.108163e-09 4.267344e-09 3.660706e-12 5.379168e-09 fanout136
 1.201710e-09 4.144649e-09 3.660161e-12 5.350019e-09 fanout289
 1.079974e-09 3.987036e-09 3.660328e-12 5.070671e-09 fanout366
 8.262599e-10 4.157664e-09 3.660204e-12 4.987584e-09 fanout1296
 7.386119e-10 4.218979e-09 1.047908e-11 4.968070e-09 fanout682
 7.342837e-10 4.226232e-09 4.876124e-12 4.965392e-09 fanout1356
 4.415825e-10 4.456582e-09 7.513909e-12 4.905679e-09 fanout592
 9.550721e-10 3.946397e-09 3.660165e-12 4.905129e-09 fanout313
 1.226785e-09 3.649477e-09 3.660164e-12 4.879922e-09 fanout279
 1.045218e-09 3.810897e-09 3.660173e-12 4.859775e-09 fanout285
 8.758084e-10 3.965534e-09 1.416633e-11 4.855509e-09 fanout583
 1.183226e-09 3.635342e-09 4.647002e-12 4.823215e-09 fanout351
 7.013919e-10 4.114959e-09 4.326259e-12 4.820677e-09 fanout245
 7.207460e-10 4.083511e-09 6.865906e-12 4.811123e-09 fanout1353
 4.770826e-09 0.000000e+00 4.875681e-12 4.775702e-09 clkload29
 4.768276e-09 0.000000e+00 4.875681e-12 4.773151e-09 clkload60
 4.767291e-09 0.000000e+00 4.875681e-12 4.772167e-09 clkload170
 4.767092e-09 0.000000e+00 4.875681e-12 4.771968e-09 clkload31
 4.767032e-09 0.000000e+00 4.875681e-12 4.771907e-09 clkload69
 4.766904e-09 0.000000e+00 4.875681e-12 4.771780e-09 clkload73
 4.766847e-09 0.000000e+00 4.875681e-12 4.771723e-09 clkload72
 4.766531e-09 0.000000e+00 4.875681e-12 4.771406e-09 clkload171
 4.766109e-09 0.000000e+00 4.875681e-12 4.770985e-09 clkload155
 4.765857e-09 0.000000e+00 4.875681e-12 4.770733e-09 clkload191
 4.765617e-09 0.000000e+00 4.875681e-12 4.770493e-09 clkload168
 4.765554e-09 0.000000e+00 4.875681e-12 4.770429e-09 clkload193
 4.765372e-09 0.000000e+00 4.875681e-12 4.770247e-09 clkload95
 4.764695e-09 0.000000e+00 4.875681e-12 4.769571e-09 clkload56
 9.731974e-10 3.791899e-09 3.660178e-12 4.768757e-09 fanout283
 4.763772e-09 0.000000e+00 4.875681e-12 4.768648e-09 clkload120
 4.763737e-09 0.000000e+00 4.875681e-12 4.768612e-09 clkload195
 4.763679e-09 0.000000e+00 4.875681e-12 4.768554e-09 clkload210
 4.762786e-09 0.000000e+00 4.875681e-12 4.767661e-09 clkload116
 4.762666e-09 0.000000e+00 4.875681e-12 4.767541e-09 clkload121
 4.762589e-09 0.000000e+00 4.875681e-12 4.767465e-09 clkload189
 4.762485e-09 0.000000e+00 4.875681e-12 4.767360e-09 clkload81
 4.762270e-09 0.000000e+00 4.875681e-12 4.767145e-09 clkload111
 4.761919e-09 0.000000e+00 4.875681e-12 4.766795e-09 clkload206
 4.761629e-09 0.000000e+00 4.875681e-12 4.766505e-09 clkload109
 4.761501e-09 0.000000e+00 4.875681e-12 4.766377e-09 clkload87
 4.759886e-09 0.000000e+00 4.875681e-12 4.764761e-09 clkload208
 4.759868e-09 0.000000e+00 4.875681e-12 4.764743e-09 clkload143
 4.759850e-09 0.000000e+00 4.875681e-12 4.764726e-09 clkload158
 4.759309e-09 0.000000e+00 4.875681e-12 4.764185e-09 clkload162
 4.758830e-09 0.000000e+00 4.875681e-12 4.763705e-09 clkload166
 4.758578e-09 0.000000e+00 4.875681e-12 4.763453e-09 clkload183
 4.755552e-09 0.000000e+00 4.875681e-12 4.760428e-09 clkload46
 4.741891e-09 0.000000e+00 4.875681e-12 4.746767e-09 clkload12
 9.344429e-10 3.806101e-09 3.659947e-12 4.744204e-09 fanout390
 7.369402e-10 3.993695e-09 1.047906e-11 4.741115e-09 fanout504
 3.746371e-10 4.323657e-09 6.865803e-12 4.705159e-09 fanout1182
 8.269276e-10 3.860896e-09 3.660204e-12 4.691484e-09 fanout1265
 8.269975e-10 3.793015e-09 3.660235e-12 4.623673e-09 fanout1281
 3.749588e-10 4.227024e-09 6.865803e-12 4.608848e-09 fanout1146
 8.249466e-10 3.725097e-09 3.660204e-12 4.553704e-09 fanout1256
 8.285085e-10 3.632499e-09 3.660235e-12 4.464668e-09 fanout1288
 8.311969e-10 3.547333e-09 3.660203e-12 4.382191e-09 fanout1303
 1.578199e-10 4.186846e-09 6.337701e-12 4.351004e-09 _06703_
 6.906052e-10 3.655092e-09 4.875909e-12 4.350574e-09 fanout1320
 7.379876e-10 3.578598e-09 1.047910e-11 4.327064e-09 fanout619
 5.752713e-10 3.582586e-09 4.876159e-12 4.162733e-09 fanout260
 3.819312e-10 3.706322e-09 6.865803e-12 4.095118e-09 fanout1164
 5.863612e-10 3.487935e-09 4.326287e-12 4.078622e-09 fanout265
 8.625004e-10 3.192907e-09 3.659946e-12 4.059067e-09 fanout382
 5.578267e-10 3.490737e-09 4.876157e-12 4.053440e-09 fanout247
 3.554252e-10 3.665575e-09 6.865971e-12 4.027866e-09 fanout1191
 8.411529e-10 3.135879e-09 3.659941e-12 3.980691e-09 fanout394
 4.412489e-10 3.492697e-09 7.513910e-12 3.941460e-09 fanout656
 3.754662e-10 3.544628e-09 6.865803e-12 3.926960e-09 fanout1173
 4.815980e-10 3.423897e-09 4.876126e-12 3.910371e-09 fanout216
 5.788307e-10 3.290535e-09 4.875789e-12 3.874241e-09 fanout1326
 5.746781e-10 3.249307e-09 4.875789e-12 3.828860e-09 fanout1327
 3.668533e-09 0.000000e+00 4.335751e-12 3.672868e-09 clkload130
 3.662677e-09 0.000000e+00 4.335751e-12 3.667013e-09 clkload132
 3.644195e-10 3.289895e-09 6.865906e-12 3.661180e-09 fanout1347
 5.771238e-10 3.075209e-09 4.876156e-12 3.657209e-09 fanout236
 4.403643e-10 3.170620e-09 7.513909e-12 3.618499e-09 fanout505
 4.838447e-10 3.086090e-09 4.876125e-12 3.574811e-09 fanout217
 5.773336e-10 2.978684e-09 4.876153e-12 3.560893e-09 fanout233
 3.661529e-10 3.188644e-09 4.325297e-12 3.559122e-09 fanout1040
 3.663910e-10 3.179577e-09 4.325293e-12 3.550294e-09 fanout958
 3.717050e-10 3.170640e-09 6.865803e-12 3.549211e-09 fanout1138
 3.833586e-10 3.156370e-09 4.876208e-12 3.544605e-09 fanout1076
 3.663677e-10 3.158789e-09 4.876036e-12 3.530033e-09 fanout1000
 5.777522e-10 2.916117e-09 4.876156e-12 3.498745e-09 fanout234
 4.348852e-10 3.050742e-09 7.513911e-12 3.493141e-09 fanout628
 4.402676e-10 3.039221e-09 7.513914e-12 3.487002e-09 fanout520
 5.737310e-10 2.873282e-09 7.512886e-12 3.454526e-09 fanout1373
 3.671803e-10 3.045724e-09 6.865803e-12 3.419770e-09 fanout1150
 4.405389e-10 2.954736e-09 7.513909e-12 3.402789e-09 fanout630
 3.672185e-10 3.026302e-09 6.865800e-12 3.400387e-09 fanout1141
 7.053705e-10 2.672320e-09 4.326260e-12 3.382017e-09 fanout241
 3.668218e-10 3.001097e-09 4.325297e-12 3.372244e-09 fanout1085
 5.810442e-10 2.781088e-09 4.875789e-12 3.367008e-09 fanout1325
 3.666275e-10 2.994964e-09 4.325297e-12 3.365916e-09 fanout1039
 3.736410e-10 2.949166e-09 4.647708e-12 3.327454e-09 fanout230
 4.389098e-10 2.879319e-09 7.513914e-12 3.325743e-09 fanout687
 4.362174e-10 2.848492e-09 7.513909e-12 3.292223e-09 fanout553
 4.388994e-10 2.836466e-09 7.513913e-12 3.282879e-09 fanout653
 3.952778e-10 2.868482e-09 3.661199e-12 3.267421e-09 fanout243
 4.320412e-10 2.812805e-09 7.513914e-12 3.252361e-09 fanout561
 5.918011e-10 2.643836e-09 4.875811e-12 3.240513e-09 fanout1335
 3.673440e-10 2.863334e-09 4.325297e-12 3.235003e-09 fanout1081
 4.381210e-10 2.783899e-09 7.513911e-12 3.229534e-09 fanout675
 3.458958e-10 2.876088e-09 6.865971e-12 3.228850e-09 fanout1186
 3.671514e-10 2.856474e-09 4.876040e-12 3.228502e-09 fanout999
 4.395397e-10 2.773658e-09 7.513910e-12 3.220712e-09 fanout481
 3.674929e-10 2.838151e-09 4.876036e-12 3.210520e-09 fanout998
 3.676852e-10 2.812681e-09 4.325297e-12 3.184691e-09 fanout1038
 3.681052e-10 2.812199e-09 4.325293e-12 3.184630e-09 fanout957
 3.691685e-10 2.776650e-09 4.325473e-12 3.150144e-09 fanout1035
 3.677670e-10 2.750816e-09 4.325297e-12 3.122908e-09 fanout1079
 3.675346e-10 2.740851e-09 4.876040e-12 3.113262e-09 fanout997
 3.689335e-10 2.735047e-09 6.865803e-12 3.110847e-09 fanout1174
 4.387665e-10 2.658911e-09 7.513913e-12 3.105192e-09 fanout528
 3.679893e-10 2.718170e-09 4.325297e-12 3.090485e-09 fanout955
 4.170208e-10 2.668224e-09 4.876137e-12 3.090121e-09 fanout207
 3.687222e-10 2.714969e-09 4.325297e-12 3.088017e-09 fanout1099
 3.688674e-10 2.711769e-09 4.876036e-12 3.085512e-09 fanout1011
 3.681380e-10 2.693775e-09 4.325293e-12 3.066238e-09 fanout1077
 4.349896e-10 2.613857e-09 7.513911e-12 3.056361e-09 fanout695
 3.688961e-10 2.673422e-09 4.325297e-12 3.046643e-09 fanout1043
 3.684697e-10 2.672125e-09 4.876212e-12 3.045471e-09 fanout981
 3.686533e-10 2.670212e-09 4.325293e-12 3.043191e-09 fanout962
 3.683202e-10 2.644719e-09 4.876036e-12 3.017915e-09 fanout996
 4.384511e-10 2.554653e-09 7.513914e-12 3.000618e-09 fanout711
 3.690769e-10 2.615904e-09 4.325473e-12 2.989307e-09 fanout1021
 3.727545e-10 2.608466e-09 6.865749e-12 2.988087e-09 fanout658
 4.388796e-10 2.539650e-09 7.513909e-12 2.986043e-09 fanout671
 3.683558e-10 2.601001e-09 4.325297e-12 2.973682e-09 fanout1086
 3.895741e-10 2.574990e-09 4.647314e-12 2.969212e-09 fanout1321
 3.687604e-10 2.579796e-09 4.876216e-12 2.953433e-09 fanout1114
 3.687410e-10 2.577654e-09 4.876036e-12 2.951271e-09 fanout1004
 4.383958e-10 2.504323e-09 7.513910e-12 2.950232e-09 fanout546
 3.688242e-10 2.570915e-09 4.876216e-12 2.944616e-09 fanout1112
 3.337620e-10 2.604305e-09 4.326236e-12 2.942393e-09 fanout194
 3.653767e-10 2.568594e-09 6.865746e-12 2.940836e-09 fanout563
 3.685168e-10 2.557293e-09 4.325297e-12 2.930135e-09 fanout1084
 4.389769e-10 2.483570e-09 7.513910e-12 2.930061e-09 fanout715
 3.689241e-10 2.541978e-09 4.876216e-12 2.915778e-09 fanout1113
 3.701569e-10 2.531981e-09 6.865803e-12 2.909004e-09 fanout1149
 3.108145e-10 2.581263e-09 4.647749e-12 2.896725e-09 fanout252
 3.696909e-10 2.515291e-09 4.325473e-12 2.889308e-09 fanout1031
 3.687307e-10 2.499103e-09 4.325297e-12 2.872159e-09 fanout1080
 3.695020e-10 2.492726e-09 4.876040e-12 2.867104e-09 fanout1006
 3.691522e-10 2.487636e-09 4.876216e-12 2.861664e-09 fanout1102
 3.698213e-10 2.486882e-09 4.876212e-12 2.861579e-09 fanout1072
 4.388890e-10 2.410791e-09 7.513909e-12 2.857194e-09 fanout549
 3.675320e-10 2.472392e-09 7.514048e-12 2.847438e-09 fanout720
 3.698597e-10 2.470448e-09 4.876212e-12 2.845184e-09 fanout1073
 3.653002e-10 2.471173e-09 6.865906e-12 2.843339e-09 fanout1351
 3.711514e-10 2.461460e-09 6.865749e-12 2.839477e-09 fanout677
 4.385222e-10 2.389207e-09 7.513914e-12 2.835243e-09 fanout718
 3.692548e-10 2.443977e-09 4.876040e-12 2.818108e-09 fanout1003
 4.167323e-10 2.389006e-09 4.876139e-12 2.810615e-09 fanout208
 3.698555e-10 2.429796e-09 4.325297e-12 2.803977e-09 fanout1045
 3.701758e-10 2.408968e-09 4.325297e-12 2.783469e-09 fanout1054
 3.691413e-10 2.401980e-09 6.865751e-12 2.777987e-09 fanout483
 3.688264e-10 2.401318e-09 4.876212e-12 2.775020e-09 fanout1062
 3.691520e-10 2.398784e-09 4.325473e-12 2.772261e-09 fanout1033
 3.683870e-10 2.371699e-09 4.325297e-12 2.744411e-09 fanout1046
 3.693484e-10 2.356885e-09 4.325473e-12 2.730558e-09 fanout1032
 3.702373e-10 2.345809e-09 4.325473e-12 2.720371e-09 fanout1019
 3.705732e-10 2.333769e-09 4.876212e-12 2.709218e-09 fanout1067
 3.700678e-10 2.333982e-09 4.876216e-12 2.708926e-09 fanout1103
 3.704786e-10 2.322741e-09 4.876216e-12 2.698096e-09 fanout992
 3.694807e-10 2.321996e-09 4.325297e-12 2.695802e-09 fanout1036
 3.702397e-10 2.321045e-09 4.325293e-12 2.695610e-09 fanout1093
 3.698252e-10 2.321092e-09 4.325297e-12 2.695242e-09 fanout1049
 3.702544e-10 2.319174e-09 4.325297e-12 2.693754e-09 fanout1055
 3.699406e-10 2.295905e-09 4.876212e-12 2.670722e-09 fanout1060
 3.713193e-10 2.278544e-09 7.513884e-12 2.657377e-09 fanout1221
 3.703323e-10 2.250732e-09 4.325293e-12 2.625389e-09 fanout972
 3.707341e-10 2.247207e-09 4.325293e-12 2.622266e-09 fanout1082
 3.703441e-10 2.242438e-09 6.865803e-12 2.619648e-09 fanout1147
 3.706404e-10 2.239283e-09 4.325477e-12 2.614249e-09 fanout1023
 3.710805e-10 2.234636e-09 4.876216e-12 2.610593e-09 fanout990
 3.688695e-10 2.233264e-09 6.865746e-12 2.608999e-09 fanout697
 3.706928e-10 2.233284e-09 4.325293e-12 2.608302e-09 fanout968
 3.701711e-10 2.224597e-09 4.876212e-12 2.599645e-09 fanout1071
 3.338907e-10 2.251313e-09 4.326233e-12 2.589530e-09 fanout196
 3.118805e-10 2.265198e-09 4.647749e-12 2.581727e-09 fanout254
 3.721759e-10 2.203718e-09 4.325293e-12 2.580219e-09 fanout1096
 3.690668e-10 2.203313e-09 6.865803e-12 2.579246e-09 fanout1156
 3.702514e-10 2.200375e-09 4.876036e-12 2.575503e-09 fanout1005
 3.708472e-10 2.197869e-09 4.325293e-12 2.573042e-09 fanout966
 3.366593e-10 2.229762e-09 3.661248e-12 2.570082e-09 fanout271
 3.708588e-10 2.189538e-09 4.325297e-12 2.564722e-09 fanout1089
 6.023725e-10 1.946401e-09 4.876159e-12 2.553649e-09 fanout257
 3.474395e-10 2.192867e-09 7.513197e-12 2.547820e-09 fanout1137
 3.708705e-10 2.160514e-09 4.325297e-12 2.535710e-09 fanout1056
 3.710412e-10 2.158995e-09 4.876216e-12 2.534913e-09 fanout1108
 5.803784e-10 1.948071e-09 4.875796e-12 2.533325e-09 fanout1328
 3.701532e-10 2.148432e-09 4.325297e-12 2.522911e-09 fanout1095
 3.704598e-10 2.141220e-09 4.876036e-12 2.516556e-09 fanout1002
 3.710740e-10 2.138342e-09 4.325297e-12 2.513741e-09 fanout1091
 3.710264e-10 2.133819e-09 4.876216e-12 2.509722e-09 fanout988
 3.709825e-10 2.130244e-09 4.876040e-12 2.506102e-09 fanout1007
 3.704498e-10 2.130715e-09 4.876036e-12 2.506041e-09 fanout1001
 5.839388e-10 1.916329e-09 4.876156e-12 2.505144e-09 fanout231
 3.692932e-10 2.127891e-09 7.514048e-12 2.504698e-09 fanout554
 3.612456e-10 2.127197e-09 4.325703e-12 2.492768e-09 fanout1228
 3.722649e-10 2.112774e-09 7.513881e-12 2.492553e-09 fanout1218
 3.706077e-10 2.116320e-09 4.876216e-12 2.491804e-09 fanout1101
 3.713125e-10 2.114532e-09 4.876040e-12 2.490721e-09 fanout1015
 3.707364e-10 2.097146e-09 4.325297e-12 2.472208e-09 fanout1052
 3.713099e-10 2.082522e-09 4.325293e-12 2.458157e-09 fanout970
 3.507970e-10 2.100247e-09 4.326225e-12 2.455370e-09 fanout464
 3.461602e-10 2.090680e-09 3.661145e-12 2.440501e-09 fanout378
 3.712797e-10 2.063308e-09 4.325297e-12 2.438913e-09 fanout1058
 3.700715e-10 2.058747e-09 7.514049e-12 2.436332e-09 fanout629
 3.705870e-10 2.060738e-09 4.325297e-12 2.435650e-09 fanout1042
 3.727234e-10 2.053289e-09 4.876036e-12 2.430888e-09 fanout1014
 3.724204e-10 2.042902e-09 4.325297e-12 2.419647e-09 fanout1088
 3.723370e-10 2.039531e-09 7.513881e-12 2.419382e-09 fanout1219
 3.717887e-10 2.042010e-09 4.876212e-12 2.418675e-09 fanout1064
 3.668345e-10 2.044440e-09 6.865800e-12 2.418141e-09 fanout1144
 4.183405e-10 1.992828e-09 4.876138e-12 2.416045e-09 fanout206
 3.715660e-10 2.037248e-09 4.325477e-12 2.413139e-09 fanout1029
 3.715573e-10 2.033007e-09 4.876216e-12 2.409440e-09 fanout1105
 3.710574e-10 2.032896e-09 4.325293e-12 2.408278e-09 fanout964
 3.715103e-10 2.031529e-09 4.876216e-12 2.407915e-09 fanout1110
 4.886174e-10 1.912896e-09 4.876125e-12 2.406390e-09 fanout219
 3.726540e-10 2.021557e-09 4.876216e-12 2.399087e-09 fanout1106
 3.256516e-10 2.045901e-09 4.647737e-12 2.376201e-09 fanout238
 3.729753e-10 1.993708e-09 4.325297e-12 2.371008e-09 fanout1051
 3.679348e-10 1.995785e-09 6.865803e-12 2.370585e-09 fanout1162
 3.716410e-10 1.990307e-09 4.876216e-12 2.366825e-09 fanout983
 3.191231e-10 2.031006e-09 3.661154e-12 2.353790e-09 fanout384
 3.367324e-10 1.994999e-09 4.326226e-12 2.336057e-09 fanout463
 3.474403e-10 1.981464e-09 6.865971e-12 2.335770e-09 fanout1185
 3.717909e-10 1.934227e-09 4.876040e-12 2.310894e-09 fanout1010
 3.671360e-10 1.936469e-09 6.865803e-12 2.310470e-09 fanout1153
 3.721790e-10 1.901050e-09 4.876212e-12 2.278105e-09 fanout1065
 3.720095e-10 1.900503e-09 4.876212e-12 2.277389e-09 fanout1069
 3.718944e-10 1.890398e-09 4.325293e-12 2.266618e-09 fanout974
 3.721676e-10 1.889657e-09 4.325297e-12 2.266149e-09 fanout960
 3.729169e-10 1.862779e-09 4.325297e-12 2.240021e-09 fanout967
 3.735770e-10 1.837537e-09 4.325297e-12 2.215439e-09 fanout1090
 3.375475e-10 1.854870e-09 4.326236e-12 2.196744e-09 fanout369
 3.422957e-10 1.831154e-09 4.326229e-12 2.177776e-09 fanout144
 3.713040e-10 1.786875e-09 6.865904e-12 2.165045e-09 fanout1348
 3.726821e-10 1.771522e-09 4.876040e-12 2.149080e-09 fanout1013
 3.668381e-10 1.768136e-09 6.865800e-12 2.141840e-09 fanout1180
 3.749950e-10 1.751564e-09 4.876040e-12 2.131435e-09 fanout1009
 3.743301e-10 1.747796e-09 4.325297e-12 2.126451e-09 fanout1057
 3.421192e-10 1.773052e-09 4.326235e-12 2.119498e-09 fanout139
 3.369486e-10 1.775805e-09 4.326235e-12 2.117080e-09 fanout371
 3.492556e-10 1.737627e-09 7.513194e-12 2.094396e-09 fanout1134
 3.388038e-10 1.675435e-09 4.326236e-12 2.018566e-09 fanout140
 3.143272e-10 1.689171e-09 4.326274e-12 2.007824e-09 fanout198
 1.886473e-10 1.814527e-09 3.661159e-12 2.006836e-09 fanout197
 3.397937e-10 1.605664e-09 4.326235e-12 1.949784e-09 fanout368
 1.931737e-09 0.000000e+00 1.899791e-12 1.933636e-09 clkload66
 1.931262e-09 0.000000e+00 1.899791e-12 1.933162e-09 clkload93
 3.403408e-10 1.585121e-09 4.326232e-12 1.929788e-09 fanout370
 1.924218e-09 0.000000e+00 1.899791e-12 1.926118e-09 clkload204
 1.922554e-09 0.000000e+00 1.899791e-12 1.924454e-09 clkload198
 1.921909e-09 0.000000e+00 1.899791e-12 1.923809e-09 clkload106
 3.007928e-10 1.615782e-09 4.326236e-12 1.920901e-09 fanout164
 1.916266e-09 0.000000e+00 1.899791e-12 1.918166e-09 clkload186
 1.913593e-09 0.000000e+00 1.899791e-12 1.915493e-09 clkload34
 1.909794e-09 0.000000e+00 1.899791e-12 1.911694e-09 clkload41
 1.908856e-09 0.000000e+00 1.899791e-12 1.910756e-09 clkload152
 1.904730e-09 0.000000e+00 1.899791e-12 1.906630e-09 clkload151
 1.900156e-09 0.000000e+00 1.899791e-12 1.902056e-09 clkload48
 1.893403e-09 0.000000e+00 1.899791e-12 1.895303e-09 clkload131
 3.404056e-10 1.534933e-09 4.647748e-12 1.879987e-09 fanout261
 3.261272e-10 1.535471e-09 4.647742e-12 1.866246e-09 fanout237
 3.288052e-10 1.530605e-09 4.647122e-12 1.864057e-09 fanout1337
 2.928276e-10 1.556974e-09 4.326237e-12 1.854128e-09 fanout160
 2.909910e-10 1.549001e-09 4.326233e-12 1.844318e-09 fanout168
 2.912970e-10 1.467792e-09 4.326233e-12 1.763416e-09 fanout170
 2.921765e-10 1.444937e-09 4.326233e-12 1.741440e-09 fanout187
 2.929451e-10 1.423194e-09 4.326233e-12 1.720465e-09 fanout179
 1.862288e-10 1.510520e-09 4.876212e-12 1.701625e-09 fanout1124
 1.862047e-10 1.508945e-09 4.876212e-12 1.700026e-09 fanout1158
 1.888733e-10 1.473425e-09 3.661146e-12 1.665959e-09 fanout449
 3.136614e-10 1.333697e-09 4.647746e-12 1.652006e-09 fanout248
 2.932740e-10 1.350859e-09 4.326236e-12 1.648459e-09 fanout158
 3.401004e-10 1.262071e-09 4.647716e-12 1.606819e-09 fanout223
 2.093833e-10 1.372821e-09 3.659790e-12 1.585864e-09 fanout1022
 2.092784e-10 1.367017e-09 3.659466e-12 1.579955e-09 fanout977
 1.635318e-10 1.406414e-09 3.661153e-12 1.573607e-09 fanout452
 2.095178e-10 1.348850e-09 3.659798e-12 1.562028e-09 fanout1026
 1.752675e-10 1.380529e-09 4.325968e-12 1.560123e-09 fanout1131
 2.004048e-10 1.325330e-09 1.416557e-11 1.539900e-09 fanout1120
 2.238241e-10 1.279205e-09 4.326019e-12 1.507355e-09 fanout1196
 1.870542e-10 1.310224e-09 4.876212e-12 1.502154e-09 fanout1122
 1.870315e-10 1.308151e-09 4.876212e-12 1.500059e-09 fanout1157
 1.697021e-10 1.315474e-09 3.659340e-12 1.488836e-09 fanout421
 1.867081e-10 1.287162e-09 4.876212e-12 1.478746e-09 fanout1161
 1.874265e-10 1.281527e-09 4.876212e-12 1.473830e-09 fanout1166
 1.916096e-10 1.271721e-09 3.661144e-12 1.466992e-09 fanout450
 1.448400e-09 0.000000e+00 9.566419e-14 1.448496e-09 clkload59
 2.096327e-10 1.233311e-09 4.647842e-12 1.447591e-09 fanout1074
 1.444025e-09 0.000000e+00 9.566419e-14 1.444121e-09 clkload190
 1.875997e-10 1.251346e-09 4.876212e-12 1.443822e-09 fanout1126
 2.757728e-10 1.159914e-09 4.647685e-12 1.440334e-09 fanout218
 1.438933e-09 0.000000e+00 9.566419e-14 1.439029e-09 clkload89
 1.647200e-10 1.270369e-09 3.661151e-12 1.438751e-09 fanout454
 1.433539e-09 0.000000e+00 9.566419e-14 1.433634e-09 clkload115
 1.432339e-09 0.000000e+00 9.566419e-14 1.432435e-09 clkload135
 1.427457e-09 0.000000e+00 9.566419e-14 1.427553e-09 clkload196
 1.427104e-09 0.000000e+00 9.566419e-14 1.427200e-09 clkload141
 1.703870e-10 1.252036e-09 3.659339e-12 1.426082e-09 fanout419
 1.424473e-09 0.000000e+00 9.566419e-14 1.424569e-09 clkload39
 1.422018e-09 0.000000e+00 9.566419e-14 1.422113e-09 clkload103
 1.421262e-09 0.000000e+00 9.566419e-14 1.421358e-09 clkload147
 1.420860e-09 0.000000e+00 9.566419e-14 1.420956e-09 clkload146
 1.420727e-09 0.000000e+00 9.566419e-14 1.420823e-09 clkload207
 1.899210e-10 1.226380e-09 3.661158e-12 1.419962e-09 fanout374
 1.419320e-09 0.000000e+00 9.566419e-14 1.419416e-09 clkload178
 1.419035e-09 0.000000e+00 9.566419e-14 1.419130e-09 clkload199
 1.416910e-09 0.000000e+00 9.566419e-14 1.417006e-09 clkload180
 1.415573e-09 0.000000e+00 9.566419e-14 1.415668e-09 clkload172
 2.288254e-10 1.182468e-09 4.326019e-12 1.415619e-09 fanout1197
 1.413555e-09 0.000000e+00 9.566419e-14 1.413651e-09 clkload200
 1.410941e-09 0.000000e+00 9.566419e-14 1.411037e-09 clkload84
 1.409162e-09 0.000000e+00 9.566419e-14 1.409257e-09 clkload33
 1.389673e-09 0.000000e+00 9.566419e-14 1.389769e-09 clkload150
 1.705406e-10 1.206449e-09 3.659339e-12 1.380649e-09 fanout423
 1.380402e-09 0.000000e+00 9.566419e-14 1.380498e-09 clkload52
 1.871464e-10 1.177294e-09 4.876214e-12 1.369316e-09 fanout1170
 1.653482e-10 1.198124e-09 3.661159e-12 1.367134e-09 fanout154
 1.365878e-09 0.000000e+00 9.566419e-14 1.365974e-09 clkload47
 2.926446e-10 1.063743e-09 4.326237e-12 1.360714e-09 fanout153
 1.642006e-10 1.184239e-09 3.661153e-12 1.352101e-09 fanout451
 1.351423e-09 0.000000e+00 9.566419e-14 1.351518e-09 clkload13
 1.641813e-10 1.183642e-09 3.661150e-12 1.351484e-09 fanout1367
 1.351033e-09 0.000000e+00 9.566419e-14 1.351129e-09 clkload14
 1.347585e-09 0.000000e+00 9.566419e-14 1.347681e-09 clkload20
 1.342350e-09 0.000000e+00 9.566419e-14 1.342446e-09 clkload10
 1.329049e-09 0.000000e+00 9.566419e-14 1.329144e-09 clkload11
 1.328986e-09 0.000000e+00 9.566419e-14 1.329082e-09 clkload8
 2.200601e-10 1.099721e-09 4.875590e-12 1.324656e-09 fanout940
 2.102798e-10 1.103286e-09 4.647850e-12 1.318213e-09 fanout986
 1.313308e-09 0.000000e+00 9.566419e-14 1.313404e-09 clkload21
 2.095756e-10 1.094128e-09 3.659475e-12 1.307363e-09 fanout956
 1.636531e-10 1.129225e-09 3.661156e-12 1.296539e-09 fanout1366
 1.898500e-10 1.102627e-09 3.661156e-12 1.296138e-09 fanout373
 2.131051e-10 1.066166e-09 4.875590e-12 1.284147e-09 fanout939
 1.691728e-10 1.109406e-09 3.661152e-12 1.282240e-09 fanout172
 1.924183e-10 1.082582e-09 3.661157e-12 1.278661e-09 fanout142
 1.908081e-10 1.079202e-09 3.661152e-12 1.273671e-09 fanout180
 3.274266e-10 9.141298e-10 4.647122e-12 1.246204e-09 fanout1336
 1.910777e-10 1.043310e-09 3.661159e-12 1.238049e-09 fanout181
 1.641795e-10 1.067260e-09 3.661152e-12 1.235101e-09 fanout186
 2.745233e-10 9.539037e-10 4.647685e-12 1.233075e-09 fanout215
 1.760346e-10 1.043979e-09 4.876069e-12 1.224890e-09 fanout1188
 2.251241e-10 9.722080e-10 4.326019e-12 1.201658e-09 fanout1192
 2.136182e-10 9.375405e-10 4.875590e-12 1.156034e-09 fanout935
 1.711433e-10 9.791604e-10 3.659339e-12 1.153963e-09 fanout427
 1.915711e-10 9.525150e-10 3.661158e-12 1.147747e-09 fanout138
 2.104662e-10 9.256114e-10 4.647850e-12 1.140725e-09 fanout993
 2.100126e-10 9.247800e-10 3.659466e-12 1.138452e-09 fanout1078
 1.909620e-10 9.326424e-10 3.661145e-12 1.127266e-09 fanout459
 2.102994e-10 8.871448e-10 4.647842e-12 1.102092e-09 fanout1063
 1.882452e-10 9.046232e-10 4.876214e-12 1.097745e-09 fanout1143
 1.908176e-10 9.030420e-10 3.661145e-12 1.097521e-09 fanout457
 2.108827e-10 8.652055e-10 3.659790e-12 1.079748e-09 fanout1020
 2.109605e-10 8.631573e-10 3.659466e-12 1.077777e-09 fanout1097
 1.648194e-10 9.083765e-10 3.661156e-12 1.076857e-09 fanout1371
 2.108902e-10 8.526395e-10 4.647850e-12 1.068178e-09 fanout1107
 1.643150e-10 8.953049e-10 3.661153e-12 1.063281e-09 fanout453
 2.119029e-10 8.316743e-10 4.647850e-12 1.048225e-09 fanout1115
 2.115438e-10 8.304921e-10 4.647842e-12 1.046684e-09 fanout982
 1.718154e-10 8.304891e-10 3.659341e-12 1.005964e-09 fanout428
 9.990597e-10 0.000000e+00 6.473405e-13 9.997071e-10 clkload88
 9.979937e-10 0.000000e+00 6.473405e-13 9.986411e-10 clkload167
 9.978282e-10 0.000000e+00 6.473405e-13 9.984755e-10 clkload54
 9.973673e-10 0.000000e+00 6.473405e-13 9.980147e-10 clkload68
 9.973156e-10 0.000000e+00 6.473405e-13 9.979629e-10 clkload64
 9.972422e-10 0.000000e+00 6.473405e-13 9.978895e-10 clkload28
 9.955341e-10 0.000000e+00 6.473405e-13 9.961815e-10 clkload90
 9.954049e-10 0.000000e+00 6.473405e-13 9.960522e-10 clkload134
 9.954009e-10 0.000000e+00 6.473405e-13 9.960482e-10 clkload99
 9.950996e-10 0.000000e+00 6.473405e-13 9.957469e-10 clkload71
 9.948823e-10 0.000000e+00 6.473405e-13 9.955297e-10 clkload107
 9.948579e-10 0.000000e+00 6.473405e-13 9.955052e-10 clkload108
 9.946728e-10 0.000000e+00 6.473405e-13 9.953202e-10 clkload133
 9.944392e-10 0.000000e+00 6.473405e-13 9.950866e-10 clkload62
 9.943699e-10 0.000000e+00 6.473405e-13 9.950173e-10 clkload201
 9.943623e-10 0.000000e+00 6.473405e-13 9.950096e-10 clkload110
 9.936058e-10 0.000000e+00 6.473405e-13 9.942531e-10 clkload194
 9.934278e-10 0.000000e+00 6.473405e-13 9.940752e-10 clkload119
 9.933290e-10 0.000000e+00 6.473405e-13 9.939763e-10 clkload202
 9.932578e-10 0.000000e+00 6.473405e-13 9.939052e-10 clkload32
 9.930748e-10 0.000000e+00 6.473405e-13 9.937222e-10 clkload154
 9.926133e-10 0.000000e+00 6.473405e-13 9.932607e-10 clkload98
 9.922055e-10 0.000000e+00 6.473405e-13 9.928529e-10 clkload127
 9.921237e-10 0.000000e+00 6.473405e-13 9.927711e-10 clkload182
 9.919573e-10 0.000000e+00 6.473405e-13 9.926047e-10 clkload139
 9.919429e-10 0.000000e+00 6.473405e-13 9.925902e-10 clkload97
 9.917303e-10 0.000000e+00 6.473405e-13 9.923776e-10 clkload136
 9.916699e-10 0.000000e+00 6.473405e-13 9.923172e-10 clkload85
 9.916239e-10 0.000000e+00 6.473405e-13 9.922713e-10 clkload86
 9.914632e-10 0.000000e+00 6.473405e-13 9.921106e-10 clkload138
 9.911376e-10 0.000000e+00 6.473405e-13 9.917850e-10 clkload78
 9.910652e-10 0.000000e+00 6.473405e-13 9.917126e-10 clkload117
 9.908468e-10 0.000000e+00 6.473405e-13 9.914942e-10 clkload79
 9.907802e-10 0.000000e+00 6.473405e-13 9.914276e-10 clkload140
 9.903400e-10 0.000000e+00 6.473405e-13 9.909874e-10 clkload163
 9.903235e-10 0.000000e+00 6.473405e-13 9.909709e-10 clkload96
 9.901288e-10 0.000000e+00 6.473405e-13 9.907761e-10 clkload197
 9.883161e-10 0.000000e+00 6.473405e-13 9.889635e-10 clkload211
 9.882971e-10 0.000000e+00 6.473405e-13 9.889445e-10 clkload40
 9.881502e-10 0.000000e+00 6.473405e-13 9.887976e-10 clkload101
 2.100286e-10 7.747553e-10 3.659790e-12 9.884435e-10 fanout1034
 9.871282e-10 0.000000e+00 6.473405e-13 9.877755e-10 clkload77
 9.857486e-10 0.000000e+00 6.473405e-13 9.863960e-10 clkload44
 1.652870e-10 8.045999e-10 3.661151e-12 9.735481e-10 fanout1370
 1.119488e-10 8.462533e-10 1.047884e-11 9.686810e-10 fanout735
 1.909781e-10 7.715308e-10 3.661153e-12 9.661701e-10 fanout193
 1.913544e-10 7.666754e-10 3.661154e-12 9.616909e-10 fanout177
 1.652116e-10 7.836447e-10 3.661156e-12 9.525175e-10 fanout1368
 1.912420e-10 7.542998e-10 3.661145e-12 9.492029e-10 fanout461
 1.129986e-10 8.184299e-10 1.047884e-11 9.419073e-10 fanout776
 1.120551e-10 8.053786e-10 1.047883e-11 9.279126e-10 fanout737
 1.649771e-10 7.561166e-10 3.661148e-12 9.247548e-10 fanout469
 2.097520e-10 7.112282e-10 3.659475e-12 9.246398e-10 fanout976
 1.718698e-10 7.470533e-10 3.659339e-12 9.225825e-10 fanout417
 1.912105e-10 7.170023e-10 3.661145e-12 9.118740e-10 fanout462
 2.108611e-10 6.849087e-10 3.659466e-12 8.994292e-10 fanout959
 1.119178e-10 7.749192e-10 1.047884e-11 8.973158e-10 fanout789
 1.914830e-10 7.009649e-10 3.661152e-12 8.961090e-10 fanout174
 1.995465e-10 6.820017e-10 3.661152e-12 8.852093e-10 fanout148
 1.119984e-10 7.450863e-10 1.047884e-11 8.675635e-10 fanout733
 1.911692e-10 6.649838e-10 3.661145e-12 8.598142e-10 fanout460
 1.654688e-10 6.859562e-10 3.661156e-12 8.550862e-10 fanout1369
 1.123104e-10 7.163532e-10 1.047884e-11 8.391424e-10 fanout861
 1.132616e-10 7.046023e-10 1.047884e-11 8.283427e-10 fanout803
 1.138010e-10 6.963451e-10 1.047884e-11 8.206250e-10 fanout792
 1.647453e-10 6.478239e-10 3.661159e-12 8.162303e-10 fanout152
 1.016311e-10 6.839478e-10 6.865803e-12 7.924447e-10 fanout925
 1.005633e-10 6.766697e-10 6.865751e-12 7.840987e-10 fanout901
 1.132445e-10 6.455821e-10 1.047884e-11 7.693055e-10 fanout842
 1.017580e-10 6.447037e-10 7.513986e-12 7.539757e-10 fanout913
 1.024957e-10 6.433793e-10 6.866009e-12 7.527410e-10 fanout1117
 1.007180e-10 6.196343e-10 7.513727e-12 7.278660e-10 fanout906
 1.097405e-10 5.548395e-10 3.660578e-12 6.682406e-10 fanout1200
 5.762851e-11 5.606873e-10 6.865705e-12 6.251815e-10 fanout880
 1.265470e-10 4.823373e-10 3.660770e-12 6.125451e-10 fanout1195
 1.205235e-10 4.766584e-10 4.646727e-12 6.018287e-10 fanout938
 5.779585e-10 0.000000e+00 2.393880e-13 5.781978e-10 clkload30
 1.075213e-10 4.442356e-10 4.646737e-12 5.564037e-10 fanout1201
 5.540913e-11 4.321942e-10 6.865705e-12 4.944691e-10 fanout764
 5.551261e-11 4.053639e-10 6.865705e-12 4.677422e-10 fanout834
 5.645461e-11 3.960048e-10 6.865706e-12 4.593252e-10 fanout840
 5.623142e-11 3.828023e-10 6.865705e-12 4.458995e-10 fanout724
 5.731708e-11 3.795130e-10 6.865705e-12 4.436958e-10 fanout828
 5.627728e-11 3.707760e-10 6.865705e-12 4.339190e-10 fanout801
 5.080223e-11 3.785934e-10 4.325385e-12 4.337210e-10 fanout910
 5.608548e-11 3.593546e-10 6.865705e-12 4.223057e-10 fanout767
 5.618815e-11 3.582037e-10 6.865706e-12 4.212576e-10 fanout856
 5.654988e-11 3.536912e-10 6.865705e-12 4.171067e-10 fanout847
 5.582659e-11 3.500291e-10 6.865705e-12 4.127214e-10 fanout875
 5.577298e-11 3.474082e-10 6.865705e-12 4.100469e-10 fanout845
 5.654764e-11 3.330919e-10 6.865705e-12 3.965052e-10 fanout746
 5.604235e-11 3.306440e-10 6.865705e-12 3.935521e-10 fanout823
 5.622802e-11 3.289519e-10 6.865705e-12 3.920456e-10 fanout836
 5.578366e-11 3.264921e-10 6.865705e-12 3.891415e-10 fanout879
 5.599151e-11 3.251335e-10 6.865705e-12 3.879907e-10 fanout824
 5.574432e-11 3.247253e-10 6.865706e-12 3.873353e-10 fanout882
 5.637044e-11 3.234654e-10 6.865706e-12 3.867016e-10 fanout849
 5.603341e-11 3.203905e-10 6.865705e-12 3.832896e-10 fanout783
 5.579414e-11 3.147079e-10 6.865706e-12 3.773677e-10 fanout748
 5.632337e-11 3.112498e-10 6.865706e-12 3.744388e-10 fanout826
 5.638179e-11 3.100466e-10 6.865705e-12 3.732941e-10 fanout738
 5.608278e-11 3.027769e-10 6.865705e-12 3.657254e-10 fanout769
 5.604267e-11 2.952908e-10 6.865705e-12 3.581992e-10 fanout766
 5.147240e-11 3.010189e-10 4.876294e-12 3.573676e-10 fanout636
 5.145192e-11 2.960558e-10 4.875926e-12 3.523836e-10 fanout897
 5.140880e-11 2.887059e-10 4.875832e-12 3.449905e-10 fanout900
 5.162158e-11 2.716649e-10 4.876036e-12 3.281625e-10 fanout1119
 5.153969e-11 2.706167e-10 4.325583e-12 3.264820e-10 fanout896
 5.178218e-11 2.466660e-10 4.875832e-12 3.033240e-10 fanout899
 5.256121e-11 2.316089e-10 4.325214e-12 2.884953e-10 fanout633
 4.037148e-11 2.171550e-10 4.876185e-12 2.624027e-10 fanout643
 4.012491e-11 2.089356e-10 4.325316e-12 2.533858e-10 fanout648
 2.832065e-11 2.162872e-10 4.876295e-12 2.494842e-10 fanout747
 2.828455e-11 2.125214e-10 4.876295e-12 2.456823e-10 fanout791
 2.832528e-11 2.068314e-10 4.876295e-12 2.400330e-10 fanout853
 4.047845e-11 1.944750e-10 4.876185e-12 2.398296e-10 fanout641
 2.837871e-11 2.013711e-10 4.876294e-12 2.346261e-10 fanout786
 2.842142e-11 1.947796e-10 4.876294e-12 2.280773e-10 fanout817
 2.838176e-11 1.930418e-10 4.876295e-12 2.262999e-10 fanout814
 2.861560e-11 1.767043e-10 4.876294e-12 2.101962e-10 fanout894
 2.850329e-11 1.770862e-10 4.325561e-12 2.099150e-10 fanout945
 2.850082e-11 1.770559e-10 4.325214e-12 2.098820e-10 fanout436
 2.976071e-11 1.751859e-10 4.875832e-12 2.098225e-10 fanout1364
 2.850500e-11 1.721054e-10 4.875948e-12 2.054863e-10 fanout949
 2.850411e-11 1.693878e-10 4.876295e-12 2.027681e-10 fanout794
 2.851880e-11 1.627852e-10 4.876294e-12 1.961803e-10 fanout871
 2.855191e-11 1.616555e-10 4.875948e-12 1.950833e-10 fanout948
 2.907946e-11 1.536755e-10 4.647664e-12 1.874026e-10 fanout1360
 2.871951e-11 1.519164e-10 4.325863e-12 1.849618e-10 fanout941
 2.872058e-11 1.516740e-10 4.325863e-12 1.847205e-10 fanout942
 2.863170e-11 1.504636e-10 4.325215e-12 1.834206e-10 fanout890
 2.854877e-11 1.492175e-10 4.876295e-12 1.826426e-10 fanout811
 2.863413e-11 1.482957e-10 4.876294e-12 1.818061e-10 fanout931
 2.885377e-11 1.439063e-10 4.325214e-12 1.770853e-10 fanout467
 2.865782e-11 1.432167e-10 4.876294e-12 1.767508e-10 fanout932
 2.259030e-11 1.465744e-10 3.659507e-12 1.728242e-10 fanout647
 2.897731e-11 1.393053e-10 4.325214e-12 1.726078e-10 fanout468
 2.961002e-11 1.390995e-10 3.659651e-12 1.723692e-10 fanout1212
 2.870063e-11 1.321496e-10 4.876294e-12 1.657265e-10 fanout929
 2.876346e-11 1.307774e-10 4.325215e-12 1.638660e-10 fanout888
 1.144600e-11 1.293500e-10 6.865700e-12 1.476617e-10 fanout443
 1.607334e-11 1.252531e-10 4.647990e-12 1.459744e-10 fanout863
 1.149136e-11 1.172622e-10 7.514088e-12 1.362676e-10 fanout444
 1.604537e-11 1.150318e-10 4.647990e-12 1.357252e-10 fanout841
 2.257781e-11 1.058102e-10 3.659507e-12 1.320475e-10 fanout645
 1.606191e-11 1.107166e-10 4.647990e-12 1.314265e-10 fanout802
 2.258314e-11 1.035541e-10 3.659507e-12 1.297967e-10 fanout644
 2.915032e-11 9.674776e-11 3.659326e-12 1.295574e-10 fanout634
 1.161037e-11 9.743243e-11 7.514088e-12 1.165569e-10 fanout447
 1.621109e-11 9.052981e-11 4.647990e-12 1.113889e-10 fanout930
 2.276372e-11 8.398469e-11 3.659507e-12 1.104079e-10 fanout652
 2.273862e-11 7.864057e-11 4.647793e-12 1.060270e-10 fanout642
 1.616395e-11 7.905156e-11 4.647162e-12 9.986267e-11 fanout1362
 1.150891e-11 7.309210e-11 6.865700e-12 9.146671e-11 fanout439
 1.651914e-11 5.728180e-11 3.660490e-12 7.746143e-11 fanout943
 5.652425e-12 4.221320e-11 4.325209e-12 5.219084e-11 fanout446
 2.691108e-12 3.682695e-11 6.341800e-12 4.585986e-11 _06714_
 5.797185e-12 3.538902e-11 4.325209e-12 4.551141e-11 fanout445
 5.705842e-12 3.402844e-11 4.325209e-12 4.405949e-11 fanout434
 5.846839e-12 3.175514e-11 4.325200e-12 4.192718e-11 fanout474
 5.767416e-12 2.928627e-11 4.876300e-12 3.992999e-11 fanout640
 5.727060e-12 2.772782e-11 4.876300e-12 3.833118e-11 fanout475
 5.761878e-12 2.762162e-11 4.325209e-12 3.770870e-11 fanout465
 5.752692e-12 2.578493e-11 4.325200e-12 3.586283e-11 fanout637
 5.788748e-12 1.850111e-11 4.876300e-12 2.916616e-11 fanout927
 3.286159e-12 1.965063e-11 3.659300e-12 2.659609e-11 fanout639
 3.240991e-12 1.721177e-11 3.659316e-12 2.411208e-11 fanout466
 1.357392e-18 1.046773e-17 1.416666e-11 1.416668e-11 max_cap1388
 6.999250e-19 3.862835e-18 7.513970e-12 7.513975e-12 fanout1387
 6.703942e-19 3.504495e-18 7.513969e-12 7.513974e-12 fanout1383
 1.973329e-12 2.590826e-12 1.181000e-12 5.745155e-12 max_cap471
 3.427453e-19 1.768341e-18 4.876190e-12 4.876192e-12 fanout1398
 3.457676e-19 1.780786e-18 4.876190e-12 4.876192e-12 fanout1399
 5.792088e-19 3.345506e-18 4.876019e-12 4.876023e-12 fanout1390
 5.731571e-19 3.089241e-18 4.876019e-12 4.876023e-12 fanout1389
 1.025498e-18 5.693147e-18 4.875909e-12 4.875916e-12 fanout1391
 0.000000e+00 0.000000e+00 4.648000e-12 4.648000e-12 input23
 0.000000e+00 0.000000e+00 4.648000e-12 4.648000e-12 input24
 0.000000e+00 0.000000e+00 4.648000e-12 4.648000e-12 input25
 0.000000e+00 0.000000e+00 4.648000e-12 4.648000e-12 input26
 0.000000e+00 0.000000e+00 4.648000e-12 4.648000e-12 input27
 0.000000e+00 0.000000e+00 4.648000e-12 4.648000e-12 input28
 0.000000e+00 0.000000e+00 4.648000e-12 4.648000e-12 input29
 0.000000e+00 0.000000e+00 4.648000e-12 4.648000e-12 input30
 0.000000e+00 0.000000e+00 4.648000e-12 4.648000e-12 input31
 0.000000e+00 0.000000e+00 4.648000e-12 4.648000e-12 input32
 0.000000e+00 0.000000e+00 4.648000e-12 4.648000e-12 input33
 0.000000e+00 0.000000e+00 4.648000e-12 4.648000e-12 input34
 0.000000e+00 0.000000e+00 4.648000e-12 4.648000e-12 input35
 0.000000e+00 0.000000e+00 4.648000e-12 4.648000e-12 input36
 0.000000e+00 0.000000e+00 4.648000e-12 4.648000e-12 input37
 0.000000e+00 0.000000e+00 4.648000e-12 4.648000e-12 input38
 0.000000e+00 0.000000e+00 4.648000e-12 4.648000e-12 input39
 0.000000e+00 0.000000e+00 4.648000e-12 4.648000e-12 input40
 0.000000e+00 0.000000e+00 4.648000e-12 4.648000e-12 input41
 0.000000e+00 0.000000e+00 4.648000e-12 4.648000e-12 input42
 0.000000e+00 0.000000e+00 4.648000e-12 4.648000e-12 input43
 0.000000e+00 0.000000e+00 4.648000e-12 4.648000e-12 input44
 0.000000e+00 0.000000e+00 4.648000e-12 4.648000e-12 input45
 0.000000e+00 0.000000e+00 4.648000e-12 4.648000e-12 input46
 0.000000e+00 0.000000e+00 4.648000e-12 4.648000e-12 input48
 0.000000e+00 0.000000e+00 4.648000e-12 4.648000e-12 input49
 0.000000e+00 0.000000e+00 4.648000e-12 4.648000e-12 input50
 0.000000e+00 0.000000e+00 4.648000e-12 4.648000e-12 input51
 0.000000e+00 0.000000e+00 4.648000e-12 4.648000e-12 input52
 0.000000e+00 0.000000e+00 4.648000e-12 4.648000e-12 input53
 0.000000e+00 0.000000e+00 4.648000e-12 4.648000e-12 input54
 5.502973e-19 3.825812e-18 4.647664e-12 4.647669e-12 input4
 5.507069e-19 3.722913e-18 4.647299e-12 4.647304e-12 input5
 2.765915e-19 1.601164e-18 4.647162e-12 4.647163e-12 input1
 3.434284e-19 1.908704e-18 4.325311e-12 4.325313e-12 fanout1377
 3.426628e-19 1.977118e-18 4.325310e-12 4.325312e-12 fanout1380
 3.443860e-19 1.559306e-18 4.325310e-12 4.325312e-12 fanout1381
 1.394819e-19 5.299231e-19 3.660404e-12 3.660405e-12 input7
 4.561486e-19 2.944937e-18 3.660237e-12 3.660241e-12 fanout1394
 4.132056e-19 2.757421e-18 3.660040e-12 3.660043e-12 input2
 1.939351e-19 1.119661e-18 3.659498e-12 3.659499e-12 fanout1378
 1.726356e-19 2.346400e-19 1.181000e-12 1.181000e-12 input11
 0.000000e+00 0.000000e+00 1.181000e-12 1.181000e-12 input55
