     Internal    Switching      Leakage        Total
        Power        Power        Power        Power (Watts)
----------------------------------------------------
 8.696510e-07 2.980892e-07 1.232310e-11 1.167752e-06 clkbuf_0_clk
 8.545402e-07 2.414228e-07 1.232310e-11 1.095975e-06 clkbuf_1_0__f_clk
 8.396977e-07 1.031322e-07 1.232310e-11 9.428423e-07 clkbuf_1_1__f_clk
 1.353135e-07 3.982557e-11 9.134032e-12 1.353625e-07 u_icg
 2.673025e-08 0.000000e+00 1.567550e-12 2.673182e-08 clkload0
 5.611179e-11 2.798609e-10 1.047891e-11 3.464516e-10 clkbuf_0_v_clk
 5.379760e-11 2.428180e-10 1.047891e-11 3.070945e-10 clkbuf_0_w_clk
 7.967203e-11 1.521692e-10 1.047896e-11 2.423202e-10 clkbuf_0_core_clk
 5.515981e-11 1.419473e-10 1.047891e-11 2.075860e-10 clkbuf_3_6__f_v_clk
 5.513087e-11 1.302650e-10 1.047891e-11 1.958747e-10 clkbuf_3_4__f_v_clk
 5.510023e-11 1.170423e-10 1.047891e-11 1.826214e-10 clkbuf_3_7__f_v_clk
 5.298172e-11 1.157624e-10 1.047891e-11 1.792230e-10 clkbuf_3_6__f_w_clk
 5.506786e-11 1.135908e-10 1.047891e-11 1.791376e-10 clkbuf_3_3__f_v_clk
 5.506329e-11 1.112352e-10 1.047891e-11 1.767774e-10 clkbuf_3_1__f_v_clk
 5.505401e-11 1.064620e-10 1.047891e-11 1.719950e-10 clkbuf_3_0__f_v_clk
 5.498440e-11 1.030055e-10 1.047891e-11 1.684688e-10 clkbuf_3_2__f_v_clk
 5.495848e-11 1.017757e-10 1.047891e-11 1.672131e-10 clkbuf_3_5__f_v_clk
 5.274579e-11 9.496442e-11 1.047891e-11 1.581891e-10 clkbuf_3_0__f_w_clk
 5.263794e-11 9.254793e-11 1.047891e-11 1.556648e-10 clkbuf_3_7__f_w_clk
 5.263332e-11 9.210064e-11 1.047891e-11 1.552129e-10 clkbuf_3_1__f_w_clk
 5.260957e-11 9.186393e-11 1.047891e-11 1.549524e-10 clkbuf_3_3__f_w_clk
 5.217776e-11 8.076727e-11 1.047891e-11 1.434239e-10 clkbuf_3_5__f_w_clk
 5.209408e-11 7.885001e-11 1.047891e-11 1.414230e-10 clkbuf_3_2__f_w_clk
 5.203190e-11 7.699522e-11 1.047891e-11 1.395060e-10 clkbuf_3_4__f_w_clk
 3.951093e-11 9.026178e-11 6.865727e-12 1.366384e-10 clkbuf_4_7_0_core_clk
 3.945674e-11 8.821898e-11 6.865727e-12 1.345414e-10 clkbuf_4_0_0_core_clk
 3.940712e-11 8.644283e-11 6.865727e-12 1.327157e-10 clkbuf_4_2_0_core_clk
 3.919054e-11 7.856622e-11 6.865727e-12 1.246225e-10 clkbuf_4_5_0_core_clk
 3.916173e-11 7.749110e-11 6.865727e-12 1.235186e-10 clkbuf_4_3_0_core_clk
 3.916373e-11 7.746759e-11 6.865727e-12 1.234970e-10 clkbuf_4_14_0_core_clk
 3.914219e-11 7.668131e-11 6.865727e-12 1.226892e-10 clkbuf_4_15_0_core_clk
 3.909758e-11 7.505198e-11 6.865727e-12 1.210153e-10 clkbuf_4_13_0_core_clk
 3.907733e-11 7.443213e-11 6.865727e-12 1.203752e-10 clkbuf_4_4_0_core_clk
 3.906168e-11 7.387833e-11 6.865727e-12 1.198057e-10 clkbuf_4_6_0_core_clk
 3.901956e-11 7.220462e-11 6.865727e-12 1.180899e-10 clkbuf_4_11_0_core_clk
 3.894495e-11 6.956132e-11 6.865727e-12 1.153720e-10 clkbuf_4_1_0_core_clk
 3.893602e-11 6.916342e-11 6.865727e-12 1.149652e-10 clkbuf_4_9_0_core_clk
 3.890572e-11 6.807542e-11 6.865727e-12 1.138469e-10 clkbuf_4_8_0_core_clk
 3.888923e-11 6.745458e-11 6.865727e-12 1.132095e-10 clkbuf_4_12_0_core_clk
 3.886771e-11 6.667122e-11 6.865727e-12 1.124047e-10 clkbuf_4_10_0_core_clk
 3.111515e-11 6.455133e-11 8.986269e-12 1.046528e-10 u_icg_v
 3.047676e-11 6.075129e-11 8.986271e-12 1.002143e-10 u_icg_w
 2.722947e-11 3.412517e-11 6.865719e-12 6.822035e-11 clkbuf_leaf_72_v_clk
 2.720106e-11 3.280001e-11 6.865719e-12 6.686679e-11 clkbuf_leaf_0_v_clk
 2.719037e-11 3.278400e-11 6.865719e-12 6.684008e-11 clkbuf_leaf_69_v_clk
 2.708923e-11 3.139357e-11 6.865719e-12 6.534851e-11 clkbuf_leaf_57_v_clk
 2.705107e-11 3.138215e-11 6.865719e-12 6.529893e-11 clkbuf_leaf_26_v_clk
 2.611598e-11 3.098476e-11 6.865718e-12 6.396646e-11 clkbuf_leaf_25_w_clk
 2.712825e-11 2.945681e-11 6.865719e-12 6.345077e-11 clkbuf_leaf_46_v_clk
 2.703409e-11 2.947041e-11 6.865719e-12 6.337020e-11 clkbuf_leaf_55_v_clk
 2.703021e-11 2.904246e-11 6.865719e-12 6.293838e-11 clkbuf_leaf_56_v_clk
 2.708564e-11 2.895133e-11 6.865719e-12 6.290268e-11 clkbuf_leaf_68_v_clk
 2.708661e-11 2.894470e-11 6.865719e-12 6.289703e-11 clkbuf_leaf_71_v_clk
 2.615607e-11 2.959684e-11 6.865718e-12 6.261863e-11 clkbuf_leaf_46_w_clk
 2.697098e-11 2.870322e-11 6.865719e-12 6.253991e-11 clkbuf_leaf_19_v_clk
 2.697428e-11 2.843179e-11 6.865719e-12 6.227178e-11 clkbuf_leaf_31_v_clk
 2.707303e-11 2.811277e-11 6.865719e-12 6.205152e-11 clkbuf_leaf_76_v_clk
 2.614005e-11 2.904275e-11 6.865718e-12 6.204851e-11 clkbuf_leaf_48_w_clk
 2.699115e-11 2.813631e-11 6.865719e-12 6.199318e-11 clkbuf_leaf_61_v_clk
 2.695467e-11 2.795669e-11 6.865719e-12 6.177708e-11 clkbuf_leaf_23_v_clk
 2.705421e-11 2.779668e-11 6.865719e-12 6.171660e-11 clkbuf_leaf_67_v_clk
 2.693770e-11 2.700052e-11 6.865719e-12 6.080394e-11 clkbuf_leaf_33_v_clk
 2.603485e-11 2.787783e-11 6.865718e-12 6.077840e-11 clkbuf_leaf_13_w_clk
 2.602349e-11 2.760996e-11 6.865718e-12 6.049917e-11 clkbuf_leaf_32_w_clk
 2.695459e-11 2.663101e-11 6.865719e-12 6.045132e-11 clkbuf_leaf_60_v_clk
 2.691767e-11 2.632505e-11 6.865719e-12 6.010844e-11 clkbuf_leaf_27_v_clk
 2.699476e-11 2.613745e-11 6.865719e-12 5.999792e-11 clkbuf_leaf_43_v_clk
 2.600547e-11 2.694182e-11 6.865718e-12 5.981301e-11 clkbuf_leaf_30_w_clk
 2.593210e-11 2.698704e-11 6.865718e-12 5.978485e-11 clkbuf_leaf_34_w_clk
 2.700170e-11 2.585839e-11 6.865719e-12 5.972581e-11 clkbuf_leaf_70_v_clk
 2.599963e-11 2.678073e-11 6.865718e-12 5.964607e-11 clkbuf_leaf_26_w_clk
 2.689529e-11 2.575405e-11 6.865719e-12 5.951507e-11 clkbuf_leaf_20_v_clk
 2.606558e-11 2.633904e-11 6.865718e-12 5.927033e-11 clkbuf_leaf_50_w_clk
 2.691942e-11 2.547447e-11 6.865719e-12 5.925961e-11 clkbuf_leaf_62_v_clk
 2.701304e-11 2.530956e-11 6.865719e-12 5.918832e-11 clkbuf_leaf_48_v_clk
 2.598560e-11 2.624340e-11 6.865718e-12 5.909472e-11 clkbuf_leaf_28_w_clk
 2.598291e-11 2.615073e-11 6.865718e-12 5.899937e-11 clkbuf_leaf_54_w_clk
 2.700856e-11 2.512377e-11 6.865719e-12 5.899804e-11 clkbuf_leaf_47_v_clk
 2.687847e-11 2.495921e-11 6.865719e-12 5.870340e-11 clkbuf_leaf_25_v_clk
 2.687929e-11 2.494908e-11 6.865719e-12 5.869408e-11 clkbuf_leaf_24_v_clk
 2.695000e-11 2.487469e-11 6.865719e-12 5.869041e-11 clkbuf_leaf_39_v_clk
 2.604189e-11 2.552374e-11 6.865718e-12 5.843134e-11 clkbuf_leaf_47_w_clk
 2.596403e-11 2.546004e-11 6.865718e-12 5.828980e-11 clkbuf_leaf_33_w_clk
 2.698499e-11 2.430058e-11 6.865719e-12 5.815129e-11 clkbuf_leaf_49_v_clk
 2.603078e-11 2.512235e-11 6.865718e-12 5.801885e-11 clkbuf_leaf_45_w_clk
 2.697763e-11 2.405385e-11 6.865719e-12 5.789720e-11 clkbuf_leaf_52_v_clk
 2.692827e-11 2.393960e-11 6.865719e-12 5.773358e-11 clkbuf_leaf_37_v_clk
 2.694900e-11 2.362893e-11 6.865719e-12 5.744364e-11 clkbuf_leaf_2_v_clk
 2.695279e-11 2.341649e-11 6.865719e-12 5.723500e-11 clkbuf_leaf_6_v_clk
 2.684628e-11 2.348050e-11 6.865719e-12 5.719250e-11 clkbuf_leaf_32_v_clk
 2.692577e-11 2.339689e-11 6.865719e-12 5.718838e-11 clkbuf_leaf_13_v_clk
 2.695195e-11 2.312287e-11 6.865719e-12 5.694054e-11 clkbuf_leaf_51_v_clk
 2.685737e-11 2.316358e-11 6.865719e-12 5.688666e-11 clkbuf_leaf_64_v_clk
 2.692732e-11 2.308293e-11 6.865719e-12 5.687597e-11 clkbuf_leaf_73_v_clk
 2.686259e-11 2.295832e-11 6.865719e-12 5.668662e-11 clkbuf_leaf_58_v_clk
 2.693447e-11 2.279876e-11 6.865719e-12 5.659894e-11 clkbuf_leaf_4_v_clk
 2.694159e-11 2.273229e-11 6.865719e-12 5.653960e-11 clkbuf_leaf_50_v_clk
 2.598911e-11 2.362396e-11 6.865718e-12 5.647879e-11 clkbuf_leaf_49_w_clk
 2.689354e-11 2.256896e-11 6.865719e-12 5.632822e-11 clkbuf_leaf_36_v_clk
 2.692175e-11 2.230611e-11 6.865719e-12 5.609358e-11 clkbuf_leaf_5_v_clk
 2.690961e-11 2.218702e-11 6.865719e-12 5.596235e-11 clkbuf_leaf_1_v_clk
 2.690907e-11 2.213456e-11 6.865719e-12 5.590935e-11 clkbuf_leaf_79_v_clk
 2.596860e-11 2.287970e-11 6.865718e-12 5.571402e-11 clkbuf_leaf_51_w_clk
 2.689920e-11 2.176736e-11 6.865719e-12 5.553228e-11 clkbuf_leaf_78_v_clk
 2.679969e-11 2.181883e-11 6.865719e-12 5.548423e-11 clkbuf_leaf_28_v_clk
 2.689643e-11 2.170331e-11 6.865719e-12 5.546546e-11 clkbuf_leaf_75_v_clk
 2.588795e-11 2.269212e-11 6.865718e-12 5.544579e-11 clkbuf_leaf_29_w_clk
 2.593905e-11 2.247301e-11 6.865718e-12 5.527778e-11 clkbuf_leaf_38_w_clk
 2.588108e-11 2.244984e-11 6.865718e-12 5.519663e-11 clkbuf_leaf_2_w_clk
 2.685641e-11 2.145987e-11 6.865719e-12 5.518199e-11 clkbuf_leaf_41_v_clk
 2.586591e-11 2.236726e-11 6.865718e-12 5.509889e-11 clkbuf_leaf_63_w_clk
 2.678150e-11 2.130590e-11 6.865719e-12 5.495312e-11 clkbuf_leaf_21_v_clk
 2.586694e-11 2.190914e-11 6.865718e-12 5.464179e-11 clkbuf_leaf_56_w_clk
 2.682691e-11 2.073399e-11 6.865719e-12 5.442662e-11 clkbuf_leaf_15_v_clk
 2.591525e-11 2.163538e-11 6.865718e-12 5.441635e-11 clkbuf_leaf_42_w_clk
 2.680546e-11 2.062090e-11 6.865719e-12 5.429208e-11 clkbuf_leaf_38_v_clk
 2.585411e-11 2.150922e-11 6.865718e-12 5.422904e-11 clkbuf_leaf_27_w_clk
 2.679523e-11 2.041745e-11 6.865719e-12 5.407840e-11 clkbuf_leaf_35_v_clk
 2.584930e-11 2.129821e-11 6.865718e-12 5.401322e-11 clkbuf_leaf_31_w_clk
 2.681412e-11 2.028969e-11 6.865719e-12 5.396952e-11 clkbuf_leaf_3_v_clk
 2.590040e-11 2.108539e-11 6.865718e-12 5.385151e-11 clkbuf_leaf_39_w_clk
 2.677699e-11 2.019382e-11 6.865719e-12 5.383653e-11 clkbuf_leaf_34_v_clk
 2.677297e-11 2.012158e-11 6.865719e-12 5.376028e-11 clkbuf_leaf_16_v_clk
 2.675752e-11 1.995792e-11 6.865719e-12 5.358116e-11 clkbuf_leaf_44_v_clk
 2.671226e-11 1.997224e-11 6.865719e-12 5.355022e-11 clkbuf_leaf_59_v_clk
 2.582548e-11 2.085054e-11 6.865718e-12 5.354173e-11 clkbuf_leaf_61_w_clk
 2.678517e-11 1.984029e-11 6.865719e-12 5.349118e-11 clkbuf_leaf_53_v_clk
 2.588881e-11 2.033491e-11 6.865718e-12 5.308944e-11 clkbuf_leaf_9_w_clk
 2.666399e-11 1.948234e-11 6.865719e-12 5.301205e-11 clkbuf_leaf_63_v_clk
 2.575363e-11 2.037699e-11 6.865718e-12 5.299634e-11 clkbuf_leaf_22_w_clk
 2.668530e-11 1.925541e-11 6.865719e-12 5.280643e-11 clkbuf_leaf_42_v_clk
 2.579108e-11 2.007648e-11 6.865718e-12 5.273327e-11 clkbuf_leaf_1_w_clk
 2.583641e-11 1.982902e-11 6.865718e-12 5.253114e-11 clkbuf_leaf_37_w_clk
 2.571774e-11 1.988989e-11 6.865718e-12 5.247335e-11 clkbuf_leaf_23_w_clk
 2.659152e-11 1.883890e-11 6.865719e-12 5.229614e-11 clkbuf_leaf_30_v_clk
 2.568781e-11 1.955183e-11 6.865718e-12 5.210535e-11 clkbuf_leaf_35_w_clk
 2.665056e-11 1.855919e-11 6.865719e-12 5.207547e-11 clkbuf_leaf_74_v_clk
 2.574386e-11 1.941009e-11 6.865718e-12 5.201967e-11 clkbuf_leaf_55_w_clk
 2.663262e-11 1.849556e-11 6.865719e-12 5.199391e-11 clkbuf_leaf_17_v_clk
 2.665244e-11 1.840720e-11 6.865719e-12 5.192536e-11 clkbuf_leaf_8_v_clk
 2.662774e-11 1.841866e-11 6.865719e-12 5.191212e-11 clkbuf_leaf_14_v_clk
 2.571930e-11 1.925338e-11 6.865718e-12 5.183840e-11 clkbuf_leaf_58_w_clk
 2.660563e-11 1.831535e-11 6.865719e-12 5.178670e-11 clkbuf_leaf_40_v_clk
 2.572378e-11 1.916951e-11 6.865718e-12 5.175901e-11 clkbuf_leaf_57_w_clk
 2.570748e-11 1.896842e-11 6.865718e-12 5.154163e-11 clkbuf_leaf_14_w_clk
 2.563202e-11 1.888690e-11 6.865718e-12 5.138464e-11 clkbuf_leaf_24_w_clk
 2.562384e-11 1.879362e-11 6.865718e-12 5.128318e-11 clkbuf_leaf_19_w_clk
 2.659956e-11 1.779986e-11 6.865719e-12 5.126514e-11 clkbuf_leaf_10_v_clk
 2.557382e-11 1.821814e-11 6.865718e-12 5.065768e-11 clkbuf_leaf_18_w_clk
 2.648535e-11 1.718881e-11 6.865719e-12 5.053988e-11 clkbuf_leaf_54_v_clk
 2.561374e-11 1.789839e-11 6.865718e-12 5.037785e-11 clkbuf_leaf_12_w_clk
 2.565809e-11 1.784330e-11 6.865718e-12 5.036711e-11 clkbuf_leaf_41_w_clk
 2.652244e-11 1.690686e-11 6.865719e-12 5.029502e-11 clkbuf_leaf_9_v_clk
 2.649986e-11 1.688039e-11 6.865719e-12 5.024597e-11 clkbuf_leaf_12_v_clk
 2.648645e-11 1.658904e-11 6.865719e-12 4.994121e-11 clkbuf_leaf_77_v_clk
 2.648167e-11 1.643526e-11 6.865719e-12 4.978265e-11 clkbuf_leaf_7_v_clk
 2.554111e-11 1.722555e-11 6.865718e-12 4.963238e-11 clkbuf_leaf_64_w_clk
 2.554428e-11 1.709202e-11 6.865718e-12 4.950202e-11 clkbuf_leaf_4_w_clk
 2.556078e-11 1.666877e-11 6.865718e-12 4.909527e-11 clkbuf_leaf_6_w_clk
 2.633953e-11 1.586934e-11 6.865719e-12 4.907458e-11 clkbuf_leaf_29_v_clk
 2.543621e-11 1.659832e-11 6.865718e-12 4.890024e-11 clkbuf_leaf_20_w_clk
 2.548093e-11 1.652018e-11 6.865718e-12 4.886683e-11 clkbuf_leaf_62_w_clk
 2.553249e-11 1.634868e-11 6.865718e-12 4.874689e-11 clkbuf_leaf_8_w_clk
 2.541883e-11 1.639952e-11 6.865718e-12 4.868407e-11 clkbuf_leaf_21_w_clk
 2.551864e-11 1.619481e-11 6.865718e-12 4.857917e-11 clkbuf_leaf_10_w_clk
 2.546742e-11 1.624068e-11 6.865718e-12 4.857382e-11 clkbuf_leaf_15_w_clk
 2.545395e-11 1.622958e-11 6.865718e-12 4.854925e-11 clkbuf_leaf_0_w_clk
 2.635014e-11 1.519683e-11 6.865719e-12 4.841268e-11 clkbuf_leaf_18_v_clk
 2.541960e-11 1.582746e-11 6.865718e-12 4.811278e-11 clkbuf_leaf_59_w_clk
 2.631254e-11 1.472021e-11 6.865719e-12 4.789847e-11 clkbuf_leaf_11_v_clk
 2.544683e-11 1.539802e-11 6.865718e-12 4.771056e-11 clkbuf_leaf_11_w_clk
 2.541079e-11 1.508248e-11 6.865718e-12 4.735899e-11 clkbuf_leaf_44_w_clk
 2.541401e-11 1.503907e-11 6.865718e-12 4.731879e-11 clkbuf_leaf_7_w_clk
 2.510646e-11 1.224410e-11 6.865718e-12 4.421628e-11 clkbuf_leaf_60_w_clk
 2.519020e-11 0.000000e+00 6.865719e-12 3.205592e-11 clkload93
 2.518964e-11 0.000000e+00 6.865719e-12 3.205536e-11 clkload96
 2.517942e-11 0.000000e+00 6.865719e-12 3.204514e-11 clkload94
 2.517235e-11 0.000000e+00 6.865719e-12 3.203807e-11 clkload92
 2.517229e-11 0.000000e+00 6.865719e-12 3.203801e-11 clkload135
 2.517024e-11 0.000000e+00 6.865719e-12 3.203595e-11 clkload100
 2.515032e-11 0.000000e+00 6.865719e-12 3.201604e-11 clkload99
 2.514840e-11 0.000000e+00 6.865719e-12 3.201412e-11 clkload131
 2.514591e-11 0.000000e+00 6.865719e-12 3.201163e-11 clkload133
 2.513046e-11 0.000000e+00 6.865719e-12 3.199618e-11 clkload117
 2.512495e-11 0.000000e+00 6.865719e-12 3.199067e-11 clkload113
 2.512368e-11 0.000000e+00 6.865719e-12 3.198940e-11 clkload109
 2.512064e-11 0.000000e+00 6.865719e-12 3.198636e-11 clkload138
 2.511869e-11 0.000000e+00 6.865719e-12 3.198440e-11 clkload107
 2.511200e-11 0.000000e+00 6.865719e-12 3.197772e-11 clkload108
 2.510925e-11 0.000000e+00 6.865719e-12 3.197497e-11 clkload82
 2.415635e-11 0.000000e+00 6.865718e-12 3.102207e-11 clkload35
 2.412532e-11 0.000000e+00 6.865718e-12 3.099104e-11 clkload25
 2.411427e-11 0.000000e+00 6.865718e-12 3.097999e-11 clkload36
 2.409125e-11 0.000000e+00 6.865718e-12 3.095697e-11 clkload63
 2.408681e-11 0.000000e+00 6.865718e-12 3.095253e-11 clkload58
 2.541031e-12 2.371213e-11 4.325233e-12 3.057839e-11 fanout434
 3.384311e-12 2.002393e-11 6.865704e-12 3.027395e-11 fanout104
 2.806759e-12 9.656296e-12 1.416734e-11 2.663040e-11 fanout360
 2.811240e-12 1.063750e-11 1.047886e-11 2.392761e-11 fanout372
 2.318870e-12 1.649017e-11 4.325206e-12 2.313425e-11 hold6
 2.833006e-12 9.384435e-12 1.047882e-11 2.269626e-11 fanout334
 2.253830e-12 1.194725e-11 7.514097e-12 2.171518e-11 fanout156
 2.578146e-12 1.465544e-11 4.325233e-12 2.155882e-11 fanout405
 2.582524e-12 1.364840e-11 4.325233e-12 2.055616e-11 fanout422
 2.582765e-12 1.352773e-11 4.325233e-12 2.043573e-11 fanout409
 2.570292e-12 1.319468e-11 4.325233e-12 2.009021e-11 fanout416
 2.294566e-12 1.264668e-11 4.876294e-12 1.981754e-11 fanout276
 2.591220e-12 1.264623e-11 4.325233e-12 1.956269e-11 fanout417
 2.572685e-12 1.252528e-11 4.325233e-12 1.942320e-11 fanout433
 2.587624e-12 1.239434e-11 4.325233e-12 1.930719e-11 fanout408
 2.593788e-12 1.236043e-11 4.325233e-12 1.927945e-11 fanout403
 2.616455e-12 1.197712e-11 4.325233e-12 1.891881e-11 fanout428
 2.298204e-12 1.169477e-11 4.876294e-12 1.886927e-11 fanout291
 2.537427e-12 8.542215e-12 7.514089e-12 1.859373e-11 fanout343
 1.975574e-12 9.007332e-12 7.514054e-12 1.849696e-11 fanout348
 2.298825e-12 1.131122e-11 4.876294e-12 1.848634e-11 fanout282
 1.395573e-11 0.000000e+00 4.330218e-12 1.828595e-11 clkload12
 1.395202e-11 0.000000e+00 4.330218e-12 1.828224e-11 clkload8
 1.394312e-11 0.000000e+00 4.330218e-12 1.827333e-11 clkload2
 1.392614e-11 0.000000e+00 4.330218e-12 1.825635e-11 clkload11
 1.390981e-11 0.000000e+00 4.330218e-12 1.824003e-11 clkload13
 1.390133e-11 0.000000e+00 4.330218e-12 1.823155e-11 clkload15
 1.981262e-12 9.265578e-12 6.865747e-12 1.811259e-11 fanout510
 2.301052e-12 1.076781e-11 4.876294e-12 1.794516e-11 fanout274
 2.297736e-12 1.074027e-11 4.876294e-12 1.791430e-11 fanout289
 1.298004e-11 0.000000e+00 4.876283e-12 1.785632e-11 clkload88
 2.593711e-12 1.093591e-11 4.325233e-12 1.785485e-11 fanout425
 1.297823e-11 0.000000e+00 4.876283e-12 1.785451e-11 clkload98
 1.297419e-11 0.000000e+00 4.876283e-12 1.785047e-11 clkload132
 1.297362e-11 0.000000e+00 4.876283e-12 1.784991e-11 clkload89
 1.297231e-11 0.000000e+00 4.876283e-12 1.784860e-11 clkload90
 1.297221e-11 0.000000e+00 4.876283e-12 1.784850e-11 clkload97
 1.296912e-11 0.000000e+00 4.876283e-12 1.784540e-11 clkload134
 1.296703e-11 0.000000e+00 4.876283e-12 1.784331e-11 clkload119
 1.296102e-11 0.000000e+00 4.876283e-12 1.783730e-11 clkload127
 1.295879e-11 0.000000e+00 4.876283e-12 1.783507e-11 clkload103
 1.295424e-11 0.000000e+00 4.876283e-12 1.783052e-11 clkload123
 1.295152e-11 0.000000e+00 4.876283e-12 1.782781e-11 clkload83
 1.406067e-12 8.846733e-12 7.514086e-12 1.776689e-11 fanout340
 1.397107e-12 8.711001e-12 7.514092e-12 1.762220e-11 fanout226
 2.303415e-12 1.043946e-11 4.876294e-12 1.761916e-11 fanout293
 1.456381e-12 9.260710e-12 6.865701e-12 1.758279e-11 fanout490
 2.299400e-12 1.027494e-11 4.876294e-12 1.745063e-11 fanout285
 1.246781e-11 0.000000e+00 4.876284e-12 1.734409e-11 clkload38
 1.246439e-11 0.000000e+00 4.876284e-12 1.734067e-11 clkload37
 1.246001e-11 0.000000e+00 4.876284e-12 1.733629e-11 clkload30
 1.245226e-11 0.000000e+00 4.876284e-12 1.732855e-11 clkload41
 1.244630e-11 0.000000e+00 4.876284e-12 1.732258e-11 clkload50
 1.244301e-11 0.000000e+00 4.876284e-12 1.731930e-11 clkload29
 1.244300e-11 0.000000e+00 4.876284e-12 1.731929e-11 clkload49
 1.243064e-11 0.000000e+00 4.876284e-12 1.730692e-11 clkload40
 1.242409e-11 0.000000e+00 4.876284e-12 1.730038e-11 clkload60
 1.236248e-11 0.000000e+00 4.876284e-12 1.723876e-11 clkload22
 1.235924e-11 0.000000e+00 4.876284e-12 1.723553e-11 clkload16
 2.319922e-12 9.980778e-12 4.876294e-12 1.717699e-11 fanout281
 2.318420e-12 9.960823e-12 4.876294e-12 1.715554e-11 fanout288
 2.320123e-12 9.957564e-12 4.876294e-12 1.715398e-11 fanout279
 1.995002e-12 8.250164e-12 6.865747e-12 1.711091e-11 fanout511
 2.607994e-12 1.000949e-11 4.325233e-12 1.694272e-11 fanout411
 2.619054e-12 9.895589e-12 4.325233e-12 1.683988e-11 fanout399
 2.602967e-12 9.893435e-12 4.325233e-12 1.682163e-11 fanout419
 5.744724e-13 1.946958e-12 1.416739e-11 1.668882e-11 fanout327
 1.977117e-12 7.839463e-12 6.865743e-12 1.668232e-11 fanout354
 1.403523e-12 8.372798e-12 6.865704e-12 1.664202e-11 fanout208
 2.627778e-12 9.625157e-12 4.325233e-12 1.657817e-11 fanout429
 2.322867e-12 9.340912e-12 4.876294e-12 1.654007e-11 fanout280
 1.139435e-12 8.518084e-12 6.865701e-12 1.652322e-11 fanout201
 2.614696e-12 9.435770e-12 4.325233e-12 1.637570e-11 fanout414
 1.444194e-12 7.373383e-12 7.514096e-12 1.633167e-11 hold29
 2.333111e-12 8.912988e-12 4.876294e-12 1.612239e-11 fanout287
 1.410271e-12 7.791910e-12 6.865703e-12 1.606788e-11 fanout251
 1.428325e-12 7.072485e-12 7.514092e-12 1.601490e-11 fanout231
 1.417880e-12 7.731144e-12 6.865703e-12 1.601473e-11 fanout182
 2.628574e-12 8.955997e-12 4.325233e-12 1.590980e-11 fanout406
 1.399710e-12 7.537024e-12 6.865703e-12 1.580244e-11 fanout183
 1.393014e-12 6.759730e-12 7.514094e-12 1.566684e-11 fanout361
 1.418958e-12 6.561181e-12 7.514094e-12 1.549423e-11 fanout177
 1.407553e-12 6.303002e-12 7.514092e-12 1.522465e-11 fanout190
 1.408975e-12 6.877286e-12 6.865703e-12 1.515196e-11 fanout253
 1.436244e-12 6.511596e-12 6.865711e-12 1.481355e-11 fanout339
 1.130536e-12 6.779216e-12 6.865701e-12 1.477545e-11 fanout155
 1.403488e-12 5.840503e-12 7.514094e-12 1.475808e-11 fanout312
 1.392761e-12 5.824994e-12 7.514094e-12 1.473185e-11 fanout362
 1.411581e-12 6.233198e-12 6.865704e-12 1.451048e-11 fanout187
 1.412563e-12 6.196211e-12 6.865703e-12 1.447448e-11 fanout701
 1.399906e-12 5.558990e-12 6.865711e-12 1.382461e-11 fanout234
 1.422958e-12 5.407563e-12 6.865704e-12 1.369622e-11 fanout688
 1.394099e-12 5.259924e-12 6.865704e-12 1.351973e-11 fanout683
 1.292127e-12 7.556612e-12 4.647990e-12 1.349673e-11 fanout277
 1.428111e-12 4.462904e-12 7.514092e-12 1.340511e-11 fanout493
 1.412167e-12 5.043939e-12 6.865703e-12 1.332181e-11 fanout698
 1.416264e-12 4.337891e-12 7.514091e-12 1.326825e-11 fanout506
 1.411475e-12 4.848938e-12 6.865703e-12 1.312611e-11 fanout691
 8.445087e-13 4.533946e-12 7.514057e-12 1.289251e-11 fanout571
 1.458802e-12 4.508859e-12 6.865705e-12 1.283337e-11 fanout678
 1.145165e-12 6.809257e-12 4.876297e-12 1.283072e-11 fanout225
 1.455567e-12 7.677940e-12 3.659359e-12 1.279287e-11 fanout412
 1.299087e-12 6.345088e-12 4.647990e-12 1.229217e-11 fanout290
 1.035926e-12 6.255624e-12 4.876260e-12 1.216781e-11 fanout515
 8.440763e-13 3.684835e-12 7.514047e-12 1.204296e-11 fanout239
 1.149466e-12 5.736742e-12 4.876297e-12 1.176251e-11 fanout223
 8.418121e-13 3.785923e-12 6.865750e-12 1.149348e-11 fanout237
 1.151751e-12 5.357332e-12 4.876297e-12 1.138538e-11 fanout219
 1.007626e-12 6.051219e-12 4.325242e-12 1.138409e-11 fanout638
 1.459431e-12 6.168020e-12 3.659359e-12 1.128681e-11 fanout410
 1.309574e-12 5.246958e-12 4.647990e-12 1.120452e-11 fanout284
 1.006709e-12 5.272898e-12 4.876260e-12 1.115587e-11 fanout512
 1.006118e-12 5.225679e-12 4.876263e-12 1.110806e-11 fanout350
 8.434603e-13 3.098852e-12 6.865745e-12 1.080806e-11 fanout517
 7.119069e-13 5.217587e-12 4.876296e-12 1.080579e-11 fanout123
 1.005455e-12 4.896880e-12 4.876260e-12 1.077860e-11 fanout514
 1.003413e-12 5.256461e-12 4.325242e-12 1.058512e-11 fanout641
 1.003750e-12 5.171419e-12 4.325242e-12 1.050041e-11 fanout644
 7.118785e-13 4.808948e-12 4.876296e-12 1.039712e-11 fanout690
 1.004992e-12 4.872150e-12 4.325242e-12 1.020238e-11 fanout639
 1.008214e-12 4.307651e-12 4.876263e-12 1.019213e-11 fanout353
 5.663604e-13 4.738950e-12 4.876299e-12 1.018161e-11 fanout151
 1.010958e-12 4.817768e-12 4.325242e-12 1.015397e-11 fanout640
 1.459484e-12 4.958386e-12 3.659359e-12 1.007723e-11 fanout424
 7.161013e-13 4.478870e-12 4.876296e-12 1.007127e-11 fanout198
 7.167554e-13 4.337175e-12 4.876296e-12 9.930226e-12 fanout194
 1.006723e-12 4.588189e-12 4.325242e-12 9.920154e-12 fanout645
 7.131634e-13 4.321831e-12 4.876299e-12 9.911292e-12 fanout471
 2.784891e-13 2.112011e-12 7.514097e-12 9.904597e-12 fanout230
 1.006239e-12 4.567739e-12 4.325242e-12 9.899220e-12 fanout649
 1.462579e-12 4.739876e-12 3.659359e-12 9.861814e-12 fanout404
 1.020015e-12 4.466818e-12 4.325242e-12 9.812075e-12 fanout647
 7.189795e-13 4.179916e-12 4.876294e-12 9.775189e-12 fanout667
 7.380552e-13 4.536119e-12 4.325206e-12 9.599380e-12 fanout114
 2.867807e-13 1.782388e-12 7.514097e-12 9.583266e-12 fanout135
 7.206621e-13 4.474115e-12 4.325212e-12 9.519989e-12 fanout157
 7.273280e-13 3.911996e-12 4.876294e-12 9.515618e-12 fanout661
 7.160406e-13 3.918621e-12 4.876296e-12 9.510957e-12 fanout195
 1.018252e-12 4.109615e-12 4.325242e-12 9.453108e-12 fanout648
 7.210494e-13 3.811884e-12 4.876297e-12 9.409231e-12 fanout215
 7.194425e-13 3.765585e-12 4.876296e-12 9.361322e-12 fanout192
 2.874254e-13 1.545533e-12 7.514097e-12 9.347055e-12 fanout132
 2.913822e-13 1.504125e-12 7.514097e-12 9.309604e-12 fanout369
 2.844897e-13 1.510559e-12 7.514097e-12 9.309146e-12 fanout382
 7.169024e-13 3.612121e-12 4.876299e-12 9.205322e-12 fanout480
 7.202311e-13 3.597607e-12 4.876296e-12 9.194133e-12 fanout191
 7.176017e-13 3.552503e-12 4.876296e-12 9.146401e-12 fanout197
 2.821820e-13 1.323805e-12 7.514097e-12 9.120083e-12 fanout178
 7.210989e-12 0.000000e+00 1.894989e-12 9.105978e-12 clkload4
 2.909355e-13 1.248466e-12 7.514097e-12 9.053498e-12 fanout244
 7.186552e-13 3.453415e-12 4.876297e-12 9.048367e-12 fanout211
 7.267774e-13 3.419243e-12 4.876294e-12 9.022314e-12 fanout654
 7.159472e-13 3.961819e-12 4.325206e-12 9.002972e-12 fanout112
 7.180151e-13 3.930185e-12 4.325206e-12 8.973407e-12 fanout492
 2.830660e-13 1.814716e-12 6.865699e-12 8.963481e-12 fanout122
 7.217691e-13 3.355259e-12 4.876294e-12 8.953322e-12 fanout675
 2.857469e-13 1.150315e-12 7.514097e-12 8.950159e-12 fanout385
 2.847735e-13 1.140762e-12 7.514097e-12 8.939633e-12 fanout243
 7.224782e-13 3.338441e-12 4.876297e-12 8.937216e-12 fanout249
 2.909474e-13 1.127969e-12 7.514097e-12 8.933013e-12 fanout386
 2.808593e-13 1.764891e-12 6.865699e-12 8.911450e-12 fanout144
 7.195613e-13 3.295135e-12 4.876296e-12 8.890992e-12 fanout193
 2.846880e-13 1.085517e-12 7.514097e-12 8.884302e-12 fanout176
 7.221758e-13 3.235073e-12 4.876294e-12 8.833543e-12 fanout677
 7.250722e-13 3.223670e-12 4.876299e-12 8.825041e-12 fanout395
 7.237905e-13 3.205359e-12 4.876297e-12 8.805446e-12 fanout214
 2.817298e-13 9.641420e-13 7.514097e-12 8.759968e-12 fanout364
 2.796479e-13 1.610562e-12 6.865699e-12 8.755909e-12 fanout134
 7.188628e-13 3.694546e-12 4.325203e-12 8.738612e-12 fanout442
 7.227222e-13 3.086405e-12 4.876297e-12 8.685424e-12 fanout252
 8.911626e-13 3.442915e-12 4.325229e-12 8.659306e-12 fanout86
 7.191842e-13 3.057224e-12 4.876299e-12 8.652706e-12 fanout476
 7.319468e-13 2.994795e-12 4.876294e-12 8.603037e-12 fanout655
 7.284226e-13 2.981126e-12 4.876296e-12 8.585846e-12 fanout680
 2.866660e-13 1.426953e-12 6.865699e-12 8.579318e-12 fanout119
 7.251163e-13 2.959630e-12 4.876299e-12 8.561045e-12 fanout479
 5.757469e-13 3.093564e-12 4.876299e-12 8.545609e-12 fanout145
 7.259977e-13 2.860517e-12 4.876294e-12 8.462809e-12 fanout671
 8.776152e-13 3.256621e-12 4.325229e-12 8.459464e-12 fanout83
 7.267270e-13 2.812451e-12 4.876294e-12 8.415472e-12 fanout673
 7.252538e-13 3.325692e-12 4.325203e-12 8.376150e-12 fanout453
 7.305550e-13 3.312543e-12 4.325203e-12 8.368301e-12 fanout448
 2.898967e-13 1.196594e-12 6.865699e-12 8.352190e-12 fanout371
 7.261944e-13 2.731403e-12 4.876299e-12 8.333896e-12 fanout477
 4.397169e-13 3.016097e-12 4.876264e-12 8.332077e-12 fanout326
 7.216791e-13 2.687724e-12 4.876296e-12 8.285699e-12 fanout686
 7.190955e-13 3.186126e-12 4.325203e-12 8.230425e-12 fanout392
 7.320346e-13 2.579153e-12 4.876294e-12 8.187482e-12 fanout670
 7.235043e-13 3.001519e-12 4.325208e-12 8.050231e-12 fanout497
 7.268304e-13 2.987087e-12 4.325203e-12 8.039121e-12 fanout452
 7.221112e-13 2.970112e-12 4.325203e-12 8.017426e-12 fanout460
 7.201964e-13 2.957883e-12 4.325203e-12 8.003282e-12 fanout443
 7.201598e-13 2.926845e-12 4.325203e-12 7.972208e-12 fanout391
 5.768039e-13 2.518840e-12 4.876299e-12 7.971943e-12 fanout99
 7.250094e-13 2.903879e-12 4.325203e-12 7.954092e-12 fanout437
 4.307400e-13 3.159316e-12 4.325245e-12 7.915300e-12 fanout143
 7.221114e-13 2.859423e-12 4.325203e-12 7.906738e-12 fanout106
 3.266055e-13 5.668804e-12 1.894833e-12 7.890242e-12 _07960_
 7.205950e-13 2.798004e-12 4.325205e-12 7.843804e-12 fanout246
 4.263364e-13 2.983676e-12 4.325241e-12 7.735253e-12 fanout637
 7.322346e-13 2.676817e-12 4.325203e-12 7.734255e-12 fanout439
 7.186022e-13 2.665037e-12 4.325203e-12 7.708843e-12 fanout456
 7.324473e-13 2.635256e-12 4.325203e-12 7.692907e-12 fanout440
 4.321180e-13 2.352778e-12 4.876264e-12 7.661160e-12 fanout322
 6.595651e-14 1.184869e-12 6.341783e-12 7.592609e-12 _14472_
 4.300195e-13 2.243837e-12 4.876264e-12 7.550120e-12 fanout324
 4.271576e-13 2.775056e-12 4.325241e-12 7.527454e-12 fanout636
 5.866929e-13 2.006598e-12 4.876299e-12 7.469589e-12 fanout101
 4.295129e-13 2.154055e-12 4.876264e-12 7.459831e-12 fanout321
 4.038846e-13 2.406507e-12 4.647992e-12 7.458385e-12 fanout124
 4.338807e-13 2.075969e-12 4.876264e-12 7.386114e-12 fanout320
 4.333610e-13 2.624437e-12 4.325245e-12 7.383042e-12 fanout140
 5.355057e-12 0.000000e+00 1.894933e-12 7.249991e-12 clkload125
 5.349481e-12 0.000000e+00 1.894933e-12 7.244414e-12 clkload78
 5.331270e-12 0.000000e+00 1.894933e-12 7.226203e-12 clkload102
 4.312353e-13 1.912268e-12 4.876261e-12 7.219764e-12 fanout518
 4.296754e-13 2.458125e-12 4.325245e-12 7.213045e-12 fanout137
 4.291387e-13 1.876125e-12 4.876257e-12 7.181521e-12 fanout236
 5.279826e-12 0.000000e+00 1.894933e-12 7.174760e-12 clkload118
 5.254157e-12 0.000000e+00 1.894933e-12 7.149090e-12 clkload120
 5.246974e-12 0.000000e+00 1.894933e-12 7.141907e-12 clkload86
 5.173690e-12 0.000000e+00 1.894933e-12 7.068623e-12 clkload72
 4.053464e-13 2.007898e-12 4.647995e-12 7.061240e-12 fanout216
 4.080112e-13 1.918784e-12 4.647990e-12 6.974785e-12 fanout674
 5.061624e-12 0.000000e+00 1.894928e-12 6.956552e-12 clkload34
 5.036718e-12 0.000000e+00 1.894928e-12 6.931646e-12 clkload62
 4.064613e-13 1.875266e-12 4.647997e-12 6.929725e-12 fanout482
 5.030816e-12 0.000000e+00 1.894928e-12 6.925744e-12 clkload31
 5.014917e-12 0.000000e+00 1.894928e-12 6.909845e-12 clkload44
 4.309854e-13 2.142482e-12 4.325245e-12 6.898712e-12 fanout139
 4.299345e-13 2.069862e-12 4.325241e-12 6.825037e-12 fanout631
 4.917127e-12 0.000000e+00 1.894928e-12 6.812055e-12 clkload21
 4.102365e-13 1.743584e-12 4.647997e-12 6.801818e-12 fanout487
 5.675319e-13 2.565269e-12 3.659370e-12 6.792171e-12 fanout349
 4.346950e-13 1.920138e-12 4.325245e-12 6.680077e-12 fanout238
 5.777610e-13 2.422322e-12 3.659381e-12 6.659463e-12 fanout308
 4.050167e-13 1.603601e-12 4.647997e-12 6.656614e-12 fanout473
 4.076806e-13 1.596036e-12 4.647997e-12 6.651714e-12 fanout484
 5.840447e-13 2.346921e-12 3.659378e-12 6.590344e-12 fanout270
 5.791244e-13 2.334348e-12 3.659378e-12 6.572851e-12 fanout264
 5.827781e-13 2.317248e-12 3.659378e-12 6.559404e-12 fanout266
 5.815966e-13 2.315798e-12 3.659373e-12 6.556767e-12 fanout261
 7.127678e-13 1.507790e-12 4.325203e-12 6.545761e-12 fanout465
 4.056576e-13 1.420809e-12 4.647997e-12 6.474464e-12 fanout467
 4.860380e-13 2.326001e-12 3.659352e-12 6.471391e-12 fanout98
 5.824381e-13 2.218905e-12 3.659373e-12 6.460717e-12 fanout265
 4.328220e-13 1.643962e-12 4.325245e-12 6.402029e-12 fanout141
 4.896316e-13 2.237399e-12 3.659352e-12 6.386383e-12 fanout97
 5.869159e-13 2.139742e-12 3.659373e-12 6.386030e-12 fanout267
 5.871212e-13 2.055437e-12 3.659378e-12 6.301936e-12 fanout271
 5.871445e-13 2.054242e-12 3.659378e-12 6.300765e-12 fanout262
 4.483882e-13 1.468879e-12 4.325241e-12 6.242508e-12 fanout302
 4.925435e-13 2.000100e-12 3.659352e-12 6.151996e-12 fanout89
 3.291603e-13 1.164439e-12 4.647997e-12 6.141596e-12 fanout102
 5.774572e-13 1.882196e-12 3.659378e-12 6.119031e-12 fanout263
 3.270504e-13 1.110020e-12 4.647997e-12 6.085067e-12 fanout103
 2.442555e-13 1.164350e-12 4.647936e-12 6.056542e-12 fanout323
 4.866685e-13 1.909801e-12 3.659352e-12 6.055822e-12 fanout90
 4.904199e-13 1.891636e-12 3.659352e-12 6.041408e-12 fanout96
 4.898409e-13 1.836981e-12 3.659352e-12 5.986174e-12 fanout92
 3.271410e-13 9.705931e-13 4.647997e-12 5.945731e-12 fanout100
 4.878596e-13 1.783372e-12 3.659352e-12 5.930584e-12 fanout87
 4.895181e-13 1.630544e-12 3.659352e-12 5.779414e-12 fanout94
 4.057542e-13 1.700078e-12 3.659306e-12 5.765138e-12 fanout444
 1.493554e-13 6.723552e-13 4.876300e-12 5.698011e-12 fanout525
 1.488056e-13 6.592844e-13 4.876300e-12 5.684390e-12 fanout528
 1.449033e-13 6.089089e-13 4.876300e-12 5.630112e-12 fanout531
 1.449684e-13 5.952072e-13 4.876300e-12 5.616476e-12 fanout529
 1.454660e-13 5.794884e-13 4.876300e-12 5.601254e-12 fanout527
 4.076665e-13 1.505244e-12 3.659306e-12 5.572216e-12 fanout441
 1.461149e-13 5.240676e-13 4.876300e-12 5.546483e-12 fanout530
 4.075384e-13 1.417429e-12 3.659306e-12 5.484273e-12 fanout436
 1.459936e-13 4.542547e-13 4.876300e-12 5.476548e-12 fanout78
 4.065433e-13 1.396566e-12 3.659306e-12 5.462415e-12 fanout449
 4.059544e-13 1.395558e-12 3.659306e-12 5.460818e-12 fanout393
 4.088304e-13 1.330839e-12 3.659314e-12 5.398983e-12 fanout499
 1.431250e-13 8.701790e-13 4.325202e-12 5.338506e-12 fanout368
 1.442441e-13 8.577976e-13 4.325202e-12 5.327244e-12 fanout136
 2.422960e-13 1.410386e-12 3.659365e-12 5.312048e-12 fanout618
 1.458759e-13 8.000225e-13 4.325202e-12 5.271100e-12 fanout328
 2.450503e-13 1.230750e-12 3.659381e-12 5.135180e-12 fanout241
 8.220760e-14 3.372793e-13 4.648000e-12 5.067487e-12 fanout109
 2.431298e-13 1.151510e-12 3.659365e-12 5.054005e-12 fanout544
 1.460833e-13 5.754226e-13 4.325202e-12 5.046708e-12 fanout299
 2.433681e-13 1.131296e-12 3.659365e-12 5.034030e-12 fanout613
 8.525612e-14 2.918411e-13 4.648000e-12 5.025097e-12 fanout129
 8.332424e-14 2.800341e-13 4.648000e-12 5.011358e-12 fanout81
 2.454745e-13 1.092774e-12 3.659365e-12 4.997613e-12 fanout598
 8.165695e-14 2.360458e-13 4.648000e-12 4.965703e-12 fanout172
 2.441681e-13 1.056926e-12 3.659365e-12 4.960460e-12 fanout603
 2.451010e-13 1.054005e-12 3.659365e-12 4.958471e-12 fanout533
 2.458228e-13 1.053175e-12 3.659365e-12 4.958363e-12 fanout545
 2.459090e-13 1.052449e-12 3.659365e-12 4.957723e-12 fanout584
 2.457034e-13 1.052349e-12 3.659365e-12 4.957418e-12 fanout535
 2.434750e-13 1.048404e-12 3.659365e-12 4.951244e-12 fanout549
 2.432983e-13 1.044721e-12 3.659365e-12 4.947385e-12 fanout562
 2.491910e-13 1.038590e-12 3.659373e-12 4.947154e-12 fanout305
 2.526968e-13 1.026637e-12 3.659368e-12 4.938701e-12 fanout306
 2.447605e-13 1.032706e-12 3.659365e-12 4.936832e-12 fanout595
 2.456811e-13 1.031768e-12 3.659365e-12 4.936814e-12 fanout602
 2.431840e-13 1.031169e-12 3.659365e-12 4.933718e-12 fanout616
 2.468398e-13 1.024786e-12 3.659365e-12 4.930991e-12 fanout554
 2.433136e-13 1.021913e-12 3.659365e-12 4.924592e-12 fanout622
 2.434963e-13 1.020763e-12 3.659365e-12 4.923625e-12 fanout547
 2.457353e-13 1.015247e-12 3.659365e-12 4.920348e-12 fanout561
 2.451031e-13 1.012370e-12 3.659365e-12 4.916839e-12 fanout572
 2.432980e-13 1.013826e-12 3.659365e-12 4.916489e-12 fanout565
 2.474519e-13 1.004511e-12 3.659365e-12 4.911328e-12 fanout610
 2.432147e-13 1.007698e-12 3.659365e-12 4.910278e-12 fanout585
 2.437829e-13 9.956860e-13 3.659365e-12 4.898834e-12 fanout550
 2.456627e-13 9.935539e-13 3.659365e-12 4.898582e-12 fanout534
 2.466074e-13 9.825917e-13 3.659365e-12 4.888564e-12 fanout538
 2.456602e-13 9.810608e-13 3.659365e-12 4.886086e-12 fanout548
 2.505292e-13 9.756315e-13 3.659368e-12 4.885529e-12 fanout304
 2.471448e-13 9.724104e-13 3.659373e-12 4.878928e-12 fanout303
 5.775590e-20 2.040161e-19 4.876273e-12 4.876273e-12 fanout727
 5.750071e-20 2.763864e-19 4.876273e-12 4.876273e-12 fanout728
 5.860839e-20 2.264217e-19 4.876273e-12 4.876273e-12 fanout732
 5.835128e-20 2.579870e-19 4.876273e-12 4.876273e-12 fanout734
 5.853857e-20 2.207571e-19 4.876273e-12 4.876273e-12 fanout735
 5.850568e-20 2.272918e-19 4.876273e-12 4.876273e-12 fanout736
 5.805559e-20 2.216453e-19 4.876273e-12 4.876273e-12 fanout737
 5.768582e-20 2.155655e-19 4.876273e-12 4.876273e-12 fanout738
 5.817484e-20 2.205285e-19 4.876273e-12 4.876273e-12 fanout739
 5.783718e-20 2.366432e-19 4.876273e-12 4.876273e-12 fanout741
 5.845779e-20 2.080326e-19 4.876273e-12 4.876273e-12 fanout743
 5.781751e-20 2.428170e-19 4.876273e-12 4.876273e-12 fanout744
 5.726580e-20 3.188285e-19 4.876273e-12 4.876273e-12 fanout745
 5.840687e-20 2.360613e-19 4.876273e-12 4.876273e-12 fanout746
 5.845789e-20 2.263308e-19 4.876273e-12 4.876273e-12 fanout747
 5.798267e-20 2.268101e-19 4.876273e-12 4.876273e-12 fanout748
 5.796864e-20 2.298380e-19 4.876273e-12 4.876273e-12 fanout750
 5.842337e-20 2.327075e-19 4.876273e-12 4.876273e-12 fanout755
 5.764399e-20 2.278009e-19 4.876273e-12 4.876273e-12 fanout756
 2.473302e-13 9.451911e-13 3.659365e-12 4.851887e-12 fanout611
 2.450158e-13 9.406902e-13 3.659365e-12 4.845071e-12 fanout543
 2.470844e-13 9.356240e-13 3.659373e-12 4.842081e-12 fanout301
 2.448218e-13 9.295824e-13 3.659365e-12 4.833770e-12 fanout590
 2.461486e-13 9.138339e-13 3.659365e-12 4.819348e-12 fanout542
 2.439760e-13 9.156550e-13 3.659365e-12 4.818996e-12 fanout563
 2.470868e-13 9.121994e-13 3.659365e-12 4.818652e-12 fanout624
 2.496512e-13 9.006174e-13 3.659375e-12 4.809644e-12 fanout268
 2.511992e-13 8.971854e-13 3.659370e-12 4.807755e-12 fanout269
 2.455110e-13 8.983502e-13 3.659365e-12 4.803226e-12 fanout559
 2.432293e-13 8.866230e-13 3.659365e-12 4.789218e-12 fanout581
 2.438271e-13 8.842974e-13 3.659365e-12 4.787490e-12 fanout619
 2.431953e-13 8.826735e-13 3.659365e-12 4.785234e-12 fanout589
 2.438424e-13 8.806919e-13 3.659365e-12 4.783900e-12 fanout556
 2.464105e-13 8.376676e-13 3.659365e-12 4.743443e-12 fanout580
 2.434481e-13 8.406042e-13 3.659365e-12 4.743417e-12 fanout609
 2.473171e-13 8.212496e-13 3.659365e-12 4.727932e-12 fanout625
 2.447442e-13 8.208258e-13 3.659365e-12 4.724935e-12 fanout591
 2.442836e-13 8.161402e-13 3.659365e-12 4.719789e-12 fanout568
 2.448750e-13 7.925337e-13 3.659365e-12 4.696774e-12 fanout612
 2.449195e-13 7.625250e-13 3.659365e-12 4.666810e-12 fanout575
 2.432803e-13 7.545883e-13 3.659365e-12 4.657234e-12 fanout626
 3.284397e-20 1.142618e-19 4.647950e-12 4.647950e-12 fanout733
 3.252602e-20 1.093942e-19 4.647950e-12 4.647950e-12 fanout742
 3.256505e-20 1.005140e-19 4.647950e-12 4.647950e-12 fanout749
 8.009007e-14 7.765069e-13 3.659303e-12 4.515900e-12 wire68
 8.028067e-14 7.674727e-13 3.659303e-12 4.507057e-12 wire71
 5.759089e-20 2.463513e-19 4.325227e-12 4.325228e-12 fanout708
 5.786022e-20 2.102523e-19 4.325227e-12 4.325228e-12 fanout709
 5.765230e-20 2.524309e-19 4.325227e-12 4.325228e-12 fanout711
 5.721887e-20 3.360853e-19 4.325227e-12 4.325228e-12 fanout712
 5.773952e-20 2.423316e-19 4.325227e-12 4.325228e-12 fanout713
 5.769379e-20 2.566491e-19 4.325227e-12 4.325228e-12 fanout715
 5.748291e-20 2.338545e-19 4.325227e-12 4.325228e-12 fanout718
 5.733338e-20 3.134102e-19 4.325227e-12 4.325228e-12 fanout723
 8.101998e-14 4.780280e-13 3.659303e-12 4.218351e-12 max_cap67
 8.126854e-14 4.571080e-13 3.659303e-12 4.197680e-12 max_cap74
 2.406990e-13 2.345247e-13 3.659365e-12 4.134589e-12 fanout594
 8.144550e-14 3.817577e-13 3.659303e-12 4.122507e-12 max_cap72
 8.176894e-14 3.709496e-13 3.659303e-12 4.112022e-12 max_cap69
 3.985028e-12 0.000000e+00 9.555217e-14 4.080580e-12 clkload126
 3.971428e-12 0.000000e+00 9.555217e-14 4.066980e-12 clkload110
 8.180351e-14 3.151344e-13 3.659303e-12 4.056241e-12 max_cap73
 3.959283e-12 0.000000e+00 9.555217e-14 4.054835e-12 clkload106
 8.212074e-14 3.128131e-13 3.659303e-12 4.054237e-12 fanout173
 8.133769e-14 2.204584e-13 3.659303e-12 3.961100e-12 max_cap118
 3.822791e-12 0.000000e+00 9.555205e-14 3.918344e-12 clkload53
 3.808007e-12 0.000000e+00 9.555205e-14 3.903559e-12 clkload54
 3.789494e-12 0.000000e+00 9.555205e-14 3.885046e-12 clkload48
 3.767709e-12 0.000000e+00 9.555205e-14 3.863261e-12 clkload66
 3.766184e-12 0.000000e+00 9.555205e-14 3.861736e-12 clkload51
 3.763834e-12 0.000000e+00 9.555205e-14 3.859386e-12 clkload33
 3.730093e-12 0.000000e+00 9.555205e-14 3.825646e-12 clkload42
 3.701727e-12 0.000000e+00 9.555205e-14 3.797279e-12 clkload67
 3.230014e-20 2.084620e-19 3.659349e-12 3.659350e-12 fanout719
 3.249268e-20 1.187465e-19 3.659349e-12 3.659349e-12 fanout716
 3.525330e-12 0.000000e+00 9.555205e-14 3.620882e-12 clkload20
 2.766771e-12 0.000000e+00 6.401962e-13 3.406967e-12 clkload91
 2.735351e-12 0.000000e+00 6.401962e-13 3.375547e-12 clkload137
 2.728282e-12 0.000000e+00 6.401962e-13 3.368478e-12 clkload139
 2.717119e-12 0.000000e+00 6.401962e-13 3.357315e-12 clkload80
 2.716978e-12 0.000000e+00 6.401962e-13 3.357174e-12 clkload75
 2.716864e-12 0.000000e+00 6.401962e-13 3.357060e-12 clkload124
 2.715327e-12 0.000000e+00 6.401962e-13 3.355524e-12 clkload115
 2.714315e-12 0.000000e+00 6.401962e-13 3.354512e-12 clkload116
 2.714254e-12 0.000000e+00 6.401962e-13 3.354450e-12 clkload105
 2.712739e-12 0.000000e+00 6.401962e-13 3.352935e-12 clkload128
 2.711244e-12 0.000000e+00 6.401962e-13 3.351440e-12 clkload114
 2.708869e-12 0.000000e+00 6.401962e-13 3.349065e-12 clkload121
 2.707226e-12 0.000000e+00 6.401962e-13 3.347422e-12 clkload84
 2.703436e-12 0.000000e+00 6.401962e-13 3.343632e-12 clkload129
 2.701992e-12 0.000000e+00 6.401962e-13 3.342189e-12 clkload81
 2.698899e-12 0.000000e+00 6.401962e-13 3.339095e-12 clkload85
 2.691685e-12 0.000000e+00 6.401962e-13 3.331882e-12 clkload104
 2.653226e-12 0.000000e+00 6.401880e-13 3.293414e-12 clkload26
 2.648840e-12 0.000000e+00 6.401880e-13 3.289028e-12 clkload23
 2.639854e-12 0.000000e+00 6.401880e-13 3.280042e-12 clkload39
 2.615669e-12 0.000000e+00 6.401880e-13 3.255857e-12 clkload32
 2.609777e-12 0.000000e+00 6.401880e-13 3.249965e-12 clkload24
 2.602383e-12 0.000000e+00 6.401880e-13 3.242571e-12 clkload64
 4.950627e-14 9.900873e-14 1.181000e-12 1.329515e-12 max_cap166
 4.923247e-14 5.237670e-14 1.181000e-12 1.282609e-12 _16724_
 4.882432e-14 2.949648e-14 1.181000e-12 1.259321e-12 _16726_
 4.956771e-14 2.760167e-14 1.181000e-12 1.258169e-12 _16728_
 4.882504e-14 2.825120e-14 1.181000e-12 1.258076e-12 _16722_
 4.875879e-14 2.729330e-14 1.181000e-12 1.257052e-12 _16713_
 4.877084e-14 2.715125e-14 1.181000e-12 1.256922e-12 _16727_
 4.869731e-14 2.603067e-14 1.181000e-12 1.255728e-12 _16718_
 4.860297e-14 2.468478e-14 1.181000e-12 1.254288e-12 _16725_
 4.864699e-14 2.463695e-14 1.181000e-12 1.254284e-12 _16720_
 4.864258e-14 2.454794e-14 1.181000e-12 1.254191e-12 _16723_
 4.860699e-14 2.418029e-14 1.181000e-12 1.253787e-12 _16712_
 4.856536e-14 2.332598e-14 1.181000e-12 1.252891e-12 _16710_
 4.857443e-14 2.316459e-14 1.181000e-12 1.252739e-12 _16721_
 4.853311e-14 2.266543e-14 1.181000e-12 1.252199e-12 _16714_
 4.853153e-14 2.263192e-14 1.181000e-12 1.252163e-12 _16715_
 4.841933e-14 2.217101e-14 1.181000e-12 1.251590e-12 _16711_
 4.839878e-14 2.167707e-14 1.181000e-12 1.251076e-12 _16716_
 4.844561e-14 2.087083e-14 1.181000e-12 1.250316e-12 _16719_
 4.842788e-14 2.087617e-14 1.181000e-12 1.250304e-12 _16729_
 4.836759e-14 2.092861e-14 1.181000e-12 1.250296e-12 _16717_
 6.482658e-20 4.329530e-20 1.181000e-12 1.181000e-12 input1
 4.322832e-20 3.626094e-20 1.181000e-12 1.181000e-12 input5
 2.146986e-20 5.372334e-20 1.181000e-12 1.181000e-12 input7
 4.314533e-20 8.267024e-20 1.181000e-12 1.181000e-12 input10
 0.000000e+00 0.000000e+00 1.181000e-12 1.181000e-12 input11
 4.323258e-20 3.937845e-20 1.181000e-12 1.181000e-12 input2
 4.325562e-20 6.103996e-20 1.181000e-12 1.181000e-12 input3
 2.160036e-20 1.308244e-20 1.181000e-12 1.181000e-12 input4
 4.316428e-20 7.953104e-20 1.181000e-12 1.181000e-12 input6
