     Internal    Switching      Leakage        Total
        Power        Power        Power        Power (Watts)
----------------------------------------------------
 8.729625e-07 3.323462e-07 1.232310e-11 1.205321e-06 clkbuf_0_clk
 8.431249e-07 1.379312e-07 1.232310e-11 9.810684e-07 clkbuf_1_0__f_clk
 8.402112e-07 1.104910e-07 1.232310e-11 9.507145e-07 clkbuf_1_1__f_clk
 1.353581e-07 2.839298e-10 9.133764e-12 1.356511e-07 u_icg
 2.708245e-08 0.000000e+00 1.567550e-12 2.708402e-08 clkload0
 3.931202e-10 1.071787e-09 1.047957e-11 1.475387e-09 clkbuf_0_core_clk
 2.569643e-10 8.863720e-10 1.047930e-11 1.153815e-09 clkbuf_0_w_clk
 2.653640e-10 8.475967e-10 1.047932e-11 1.123440e-09 clkbuf_0_v_clk
 2.612315e-10 4.847587e-10 1.047932e-11 7.564696e-10 clkbuf_3_3__f_v_clk
 2.611574e-10 4.829397e-10 1.047932e-11 7.545765e-10 clkbuf_3_0__f_v_clk
 2.606999e-10 4.717257e-10 1.047932e-11 7.429048e-10 clkbuf_3_5__f_v_clk
 2.605578e-10 4.682781e-10 1.047932e-11 7.393153e-10 clkbuf_3_2__f_v_clk
 2.601903e-10 4.592380e-10 1.047932e-11 7.299076e-10 clkbuf_3_7__f_v_clk
 2.601399e-10 4.579052e-10 1.047932e-11 7.285244e-10 clkbuf_3_4__f_v_clk
 2.601076e-10 4.571200e-10 1.047932e-11 7.277070e-10 clkbuf_3_1__f_v_clk
 2.586679e-10 4.218252e-10 1.047932e-11 6.909724e-10 clkbuf_3_6__f_v_clk
 1.946944e-10 4.635813e-10 6.865836e-12 6.651416e-10 clkbuf_4_9_0_core_clk
 1.944281e-10 4.568226e-10 6.865836e-12 6.581165e-10 clkbuf_4_2_0_core_clk
 1.939907e-10 4.397214e-10 6.865836e-12 6.405779e-10 clkbuf_4_0_0_core_clk
 1.939932e-10 4.360302e-10 6.865836e-12 6.368892e-10 clkbuf_4_8_0_core_clk
 1.939176e-10 4.334290e-10 6.865836e-12 6.342125e-10 clkbuf_4_12_0_core_clk
 1.937539e-10 4.299058e-10 6.865836e-12 6.305255e-10 clkbuf_4_7_0_core_clk
 1.933792e-10 4.152908e-10 6.865836e-12 6.155358e-10 clkbuf_4_3_0_core_clk
 1.932719e-10 4.080559e-10 6.865836e-12 6.081936e-10 clkbuf_4_13_0_core_clk
 1.929265e-10 3.945313e-10 6.865836e-12 5.943236e-10 clkbuf_4_15_0_core_clk
 1.926765e-10 3.846690e-10 6.865836e-12 5.842113e-10 clkbuf_4_14_0_core_clk
 1.925352e-10 3.817707e-10 6.865836e-12 5.811717e-10 clkbuf_4_6_0_core_clk
 1.924761e-10 3.795446e-10 6.865836e-12 5.788866e-10 clkbuf_4_5_0_core_clk
 1.924806e-10 3.767159e-10 6.865836e-12 5.760624e-10 clkbuf_4_11_0_core_clk
 1.920312e-10 3.591807e-10 6.865836e-12 5.580778e-10 clkbuf_4_10_0_core_clk
 1.915721e-10 3.443610e-10 6.865836e-12 5.427990e-10 clkbuf_4_1_0_core_clk
 1.906895e-10 3.091083e-10 6.865836e-12 5.066636e-10 clkbuf_4_4_0_core_clk
 1.548491e-10 1.516598e-10 8.986165e-12 3.154951e-10 u_icg_v
 1.224798e-10 1.746393e-10 6.865787e-12 3.039849e-10 clkbuf_4_4_0_w_clk
 1.222640e-10 1.653195e-10 6.865787e-12 2.944493e-10 clkbuf_4_3_0_w_clk
 1.221645e-10 1.610117e-10 6.865787e-12 2.900420e-10 clkbuf_4_7_0_w_clk
 1.221022e-10 1.584978e-10 6.865787e-12 2.874657e-10 clkbuf_4_0_0_w_clk
 1.220589e-10 1.566016e-10 6.865787e-12 2.855263e-10 clkbuf_4_8_0_w_clk
 1.279049e-10 1.505562e-10 6.865790e-12 2.853268e-10 clkbuf_leaf_28_v_clk
 1.220050e-10 1.546018e-10 6.865787e-12 2.834726e-10 clkbuf_4_15_0_w_clk
 1.220017e-10 1.542954e-10 6.865787e-12 2.831629e-10 clkbuf_4_5_0_w_clk
 1.219621e-10 1.524951e-10 6.865787e-12 2.813229e-10 clkbuf_4_2_0_w_clk
 1.277820e-10 1.461673e-10 6.865790e-12 2.808152e-10 clkbuf_leaf_30_v_clk
 1.219227e-10 1.510754e-10 6.865787e-12 2.798639e-10 clkbuf_4_14_0_w_clk
 1.217370e-10 1.432820e-10 6.865787e-12 2.718848e-10 clkbuf_4_10_0_w_clk
 1.493785e-10 1.121768e-10 8.986172e-12 2.705415e-10 u_icg_w
 1.271495e-10 1.342695e-10 6.865790e-12 2.682848e-10 clkbuf_leaf_52_v_clk
 1.271188e-10 1.335741e-10 6.865790e-12 2.675586e-10 clkbuf_leaf_44_v_clk
 1.216266e-10 1.381764e-10 6.865787e-12 2.666687e-10 clkbuf_4_12_0_w_clk
 1.216195e-10 1.379089e-10 6.865787e-12 2.663942e-10 clkbuf_4_13_0_w_clk
 1.216048e-10 1.375850e-10 6.865787e-12 2.660556e-10 clkbuf_4_11_0_w_clk
 1.270934e-10 1.320231e-10 6.865790e-12 2.659823e-10 clkbuf_leaf_62_v_clk
 1.215679e-10 1.356836e-10 6.865787e-12 2.641173e-10 clkbuf_4_9_0_w_clk
 1.270991e-10 1.297806e-10 6.865790e-12 2.637454e-10 clkbuf_leaf_53_v_clk
 1.270317e-10 1.298300e-10 6.865790e-12 2.637275e-10 clkbuf_leaf_72_v_clk
 1.270584e-10 1.287432e-10 6.865790e-12 2.626674e-10 clkbuf_leaf_19_v_clk
 1.270002e-10 1.287900e-10 6.865790e-12 2.626560e-10 clkbuf_leaf_47_v_clk
 1.272381e-10 1.264854e-10 6.865790e-12 2.605894e-10 clkbuf_leaf_29_v_clk
 1.271888e-10 1.249021e-10 6.865790e-12 2.589567e-10 clkbuf_leaf_26_v_clk
 1.268895e-10 1.244519e-10 6.865790e-12 2.582072e-10 clkbuf_leaf_75_v_clk
 1.268563e-10 1.236038e-10 6.865790e-12 2.573258e-10 clkbuf_leaf_51_v_clk
 1.268456e-10 1.231934e-10 6.865790e-12 2.569048e-10 clkbuf_leaf_48_v_clk
 1.270943e-10 1.214667e-10 6.865790e-12 2.554268e-10 clkbuf_leaf_27_v_clk
 1.213608e-10 1.268879e-10 6.865787e-12 2.551145e-10 clkbuf_4_6_0_w_clk
 1.268511e-10 1.211741e-10 6.865790e-12 2.548910e-10 clkbuf_leaf_60_v_clk
 1.267798e-10 1.209272e-10 6.865790e-12 2.545728e-10 clkbuf_leaf_64_v_clk
 1.268539e-10 1.197919e-10 6.865790e-12 2.535116e-10 clkbuf_leaf_2_v_clk
 1.213063e-10 1.245882e-10 6.865787e-12 2.527603e-10 clkbuf_4_1_0_w_clk
 1.268237e-10 1.185146e-10 6.865790e-12 2.522041e-10 clkbuf_leaf_5_v_clk
 1.267145e-10 1.181283e-10 6.865790e-12 2.517087e-10 clkbuf_leaf_77_v_clk
 1.267131e-10 1.180192e-10 6.865790e-12 2.515980e-10 clkbuf_leaf_74_v_clk
 1.268037e-10 1.173021e-10 6.865790e-12 2.509716e-10 clkbuf_leaf_69_v_clk
 1.266369e-10 1.156233e-10 6.865790e-12 2.491259e-10 clkbuf_leaf_49_v_clk
 1.266947e-10 1.154010e-10 6.865790e-12 2.489615e-10 clkbuf_leaf_17_v_clk
 1.266807e-10 1.148972e-10 6.865790e-12 2.484437e-10 clkbuf_leaf_16_v_clk
 1.267060e-10 1.143326e-10 6.865790e-12 2.479043e-10 clkbuf_leaf_1_v_clk
 1.265793e-10 1.136581e-10 6.865790e-12 2.471032e-10 clkbuf_leaf_46_v_clk
 1.266554e-10 1.125505e-10 6.865790e-12 2.460717e-10 clkbuf_leaf_4_v_clk
 1.265463e-10 1.126304e-10 6.865790e-12 2.460425e-10 clkbuf_leaf_65_v_clk
 1.265605e-10 1.124616e-10 6.865790e-12 2.458879e-10 clkbuf_leaf_73_v_clk
 1.265523e-10 1.121985e-10 6.865790e-12 2.456166e-10 clkbuf_leaf_70_v_clk
 1.265912e-10 1.117157e-10 6.865790e-12 2.451727e-10 clkbuf_leaf_59_v_clk
 1.265368e-10 1.116588e-10 6.865790e-12 2.450614e-10 clkbuf_leaf_76_v_clk
 1.265336e-10 1.116177e-10 6.865790e-12 2.450171e-10 clkbuf_leaf_71_v_clk
 1.266639e-10 1.114513e-10 6.865790e-12 2.449810e-10 clkbuf_leaf_24_v_clk
 1.265089e-10 1.109776e-10 6.865790e-12 2.443523e-10 clkbuf_leaf_50_v_clk
 1.265049e-10 1.086341e-10 6.865790e-12 2.420047e-10 clkbuf_leaf_20_v_clk
 1.267228e-10 1.080154e-10 6.865790e-12 2.416040e-10 clkbuf_leaf_41_v_clk
 1.264655e-10 1.070164e-10 6.865790e-12 2.403477e-10 clkbuf_leaf_58_v_clk
 1.264602e-10 1.069796e-10 6.865790e-12 2.403055e-10 clkbuf_leaf_13_v_clk
 1.263529e-10 1.057817e-10 6.865790e-12 2.390003e-10 clkbuf_leaf_45_v_clk
 1.264629e-10 1.056359e-10 6.865790e-12 2.389647e-10 clkbuf_leaf_0_v_clk
 1.264534e-10 1.053285e-10 6.865790e-12 2.386477e-10 clkbuf_leaf_78_v_clk
 1.264650e-10 1.050605e-10 6.865790e-12 2.383913e-10 clkbuf_leaf_68_v_clk
 1.264312e-10 1.044451e-10 6.865790e-12 2.377422e-10 clkbuf_leaf_32_v_clk
 1.263663e-10 1.037510e-10 6.865790e-12 2.369831e-10 clkbuf_leaf_56_v_clk
 1.265864e-10 1.031578e-10 6.865790e-12 2.366099e-10 clkbuf_leaf_43_v_clk
 1.264303e-10 1.030289e-10 6.865790e-12 2.363250e-10 clkbuf_leaf_8_v_clk
 1.263453e-10 1.027870e-10 6.865790e-12 2.359980e-10 clkbuf_leaf_21_v_clk
 1.262813e-10 1.025812e-10 6.865790e-12 2.357283e-10 clkbuf_leaf_61_v_clk
 1.263648e-10 1.019005e-10 6.865790e-12 2.351311e-10 clkbuf_leaf_34_v_clk
 1.263080e-10 1.015107e-10 6.865790e-12 2.346846e-10 clkbuf_leaf_14_v_clk
 1.262935e-10 1.009514e-10 6.865790e-12 2.341106e-10 clkbuf_leaf_63_v_clk
 1.262162e-10 9.842725e-11 6.865790e-12 2.315092e-10 clkbuf_leaf_35_v_clk
 1.261646e-10 9.835466e-11 6.865790e-12 2.313850e-10 clkbuf_leaf_55_v_clk
 1.262228e-10 9.807885e-11 6.865790e-12 2.311674e-10 clkbuf_leaf_10_v_clk
 1.260867e-10 9.692695e-11 6.865790e-12 2.298794e-10 clkbuf_leaf_33_v_clk
 1.259575e-10 9.550026e-11 6.865790e-12 2.283236e-10 clkbuf_leaf_3_v_clk
 1.259030e-10 9.443710e-11 6.865790e-12 2.272059e-10 clkbuf_leaf_6_v_clk
 1.256087e-10 9.191432e-11 6.865790e-12 2.243888e-10 clkbuf_leaf_18_v_clk
 1.257773e-10 9.136677e-11 6.865790e-12 2.240099e-10 clkbuf_leaf_42_v_clk
 1.255974e-10 9.134888e-11 6.865790e-12 2.238121e-10 clkbuf_leaf_37_v_clk
 1.254621e-10 8.989075e-11 6.865790e-12 2.222187e-10 clkbuf_leaf_38_v_clk
 1.254976e-10 8.981956e-11 6.865790e-12 2.221829e-10 clkbuf_leaf_12_v_clk
 1.253988e-10 8.911703e-11 6.865790e-12 2.213816e-10 clkbuf_leaf_31_v_clk
 1.252454e-10 8.781410e-11 6.865790e-12 2.199253e-10 clkbuf_leaf_54_v_clk
 1.252876e-10 8.742575e-11 6.865790e-12 2.195792e-10 clkbuf_leaf_23_v_clk
 1.251645e-10 8.683964e-11 6.865790e-12 2.188700e-10 clkbuf_leaf_22_v_clk
 1.250745e-10 8.581667e-11 6.865790e-12 2.177570e-10 clkbuf_leaf_15_v_clk
 1.248350e-10 8.306023e-11 6.865790e-12 2.147610e-10 clkbuf_leaf_57_v_clk
 1.247425e-10 8.122905e-11 6.865790e-12 2.128374e-10 clkbuf_leaf_7_v_clk
 1.242779e-10 7.629211e-11 6.865790e-12 2.074357e-10 clkbuf_leaf_36_v_clk
 1.242578e-10 7.572552e-11 6.865790e-12 2.068491e-10 clkbuf_leaf_25_v_clk
 1.237508e-10 7.034789e-11 6.865790e-12 2.009645e-10 clkbuf_leaf_39_v_clk
 1.229268e-10 6.092500e-11 6.865790e-12 1.907175e-10 clkbuf_leaf_40_v_clk
 1.228392e-10 5.958584e-11 6.865790e-12 1.892908e-10 clkbuf_leaf_11_v_clk
 1.180906e-10 0.000000e+00 6.865790e-12 1.249564e-10 clkload52
 1.179721e-10 0.000000e+00 6.865790e-12 1.248379e-10 clkload53
 1.179534e-10 0.000000e+00 6.865790e-12 1.248192e-10 clkload58
 1.179315e-10 0.000000e+00 6.865790e-12 1.247973e-10 clkload56
 1.178976e-10 0.000000e+00 6.865790e-12 1.247634e-10 clkload78
 1.178784e-10 0.000000e+00 6.865790e-12 1.247442e-10 clkload46
 1.177428e-10 0.000000e+00 6.865790e-12 1.246086e-10 clkload85
 1.137234e-10 0.000000e+00 6.865787e-12 1.205892e-10 clkload20
 1.136845e-10 0.000000e+00 6.865787e-12 1.205503e-10 clkload22
 1.136152e-10 0.000000e+00 6.865787e-12 1.204810e-10 clkload27
 1.136089e-10 0.000000e+00 6.865787e-12 1.204747e-10 clkload17
 1.135699e-10 0.000000e+00 6.865787e-12 1.204357e-10 clkload21
 1.135167e-10 0.000000e+00 6.865787e-12 1.203825e-10 clkload19
 2.018019e-11 8.581225e-11 4.325354e-12 1.103178e-10 fanout250
 2.022308e-11 8.100404e-11 4.325354e-12 1.055525e-10 fanout245
 2.019998e-11 7.646633e-11 4.325354e-12 1.009917e-10 fanout238
 2.042261e-11 7.620680e-11 4.325354e-12 1.009548e-10 fanout249
 2.031010e-11 7.602588e-11 4.325354e-12 1.006613e-10 fanout240
 1.917021e-11 7.152098e-11 4.876256e-12 9.556744e-11 fanout145
 2.023244e-11 6.981035e-11 4.325354e-12 9.436814e-11 fanout247
 2.046729e-11 6.815578e-11 4.325354e-12 9.294843e-11 fanout237
 1.449946e-11 6.815679e-11 4.876267e-12 8.753251e-11 fanout133
 1.133281e-11 6.688700e-11 3.659577e-12 8.187939e-11 fanout243
 1.134531e-11 6.306302e-11 3.659577e-12 7.806791e-11 fanout248
 6.926602e-11 0.000000e+00 4.331076e-12 7.359710e-11 clkload4
 6.898169e-11 0.000000e+00 4.331076e-12 7.331277e-11 clkload10
 6.887857e-11 0.000000e+00 4.331076e-12 7.320965e-11 clkload11
 6.853479e-11 0.000000e+00 4.331076e-12 7.286587e-11 clkload8
 6.098323e-11 0.000000e+00 4.876222e-12 6.585945e-11 clkload93
 6.093474e-11 0.000000e+00 4.876222e-12 6.581096e-11 clkload72
 6.092681e-11 0.000000e+00 4.876222e-12 6.580304e-11 clkload90
 6.092364e-11 0.000000e+00 4.876222e-12 6.579987e-11 clkload95
 6.091708e-11 0.000000e+00 4.876222e-12 6.579330e-11 clkload94
 6.090303e-11 0.000000e+00 4.876222e-12 6.577925e-11 clkload69
 6.089051e-11 0.000000e+00 4.876222e-12 6.576674e-11 clkload70
 6.088893e-11 0.000000e+00 4.876222e-12 6.576515e-11 clkload92
 6.088278e-11 0.000000e+00 4.876222e-12 6.575901e-11 clkload91
 6.087970e-11 0.000000e+00 4.876222e-12 6.575592e-11 clkload54
 6.086127e-11 0.000000e+00 4.876222e-12 6.573749e-11 clkload57
 6.084974e-11 0.000000e+00 4.876222e-12 6.572597e-11 clkload50
 1.080414e-11 4.657966e-11 4.647921e-12 6.203171e-11 fanout152
 1.076222e-11 4.634746e-11 4.647921e-12 6.175760e-11 fanout149
 1.137768e-11 4.500527e-11 3.659577e-12 6.004253e-11 fanout246
 1.079808e-11 4.055569e-11 4.647921e-12 5.600169e-11 fanout148
 3.557011e-11 0.000000e+00 1.895733e-12 3.746584e-11 clkload1
 5.186698e-12 2.515164e-11 4.876300e-12 3.521464e-11 fanout135
 5.229208e-12 2.448615e-11 4.876272e-12 3.459164e-11 fanout347
 5.237202e-12 2.383930e-11 4.876250e-12 3.395275e-11 fanout350
 5.344568e-12 2.299397e-11 4.325230e-12 3.266377e-11 fanout252
 5.192693e-12 2.244557e-11 4.876278e-12 3.251454e-11 fanout345
 5.183502e-12 2.204293e-11 4.876272e-12 3.210270e-11 fanout348
 5.365612e-12 2.043207e-11 4.325263e-12 3.012295e-11 fanout253
 5.179792e-12 1.959486e-11 4.876245e-12 2.965090e-11 fanout341
 5.244385e-12 1.973226e-11 4.325230e-12 2.930188e-11 fanout251
 2.939811e-12 2.129272e-11 4.876294e-12 2.910882e-11 fanout84
 5.182938e-12 1.879676e-11 4.876245e-12 2.885594e-11 fanout340
 5.266278e-12 1.743100e-11 4.876245e-12 2.757353e-11 fanout339
 2.481671e-11 0.000000e+00 1.895422e-12 2.671213e-11 clkload88
 2.459741e-11 0.000000e+00 1.895422e-12 2.649283e-11 clkload38
 2.453697e-11 0.000000e+00 1.895422e-12 2.643239e-11 clkload63
 4.194052e-12 1.652810e-11 4.876118e-12 2.559827e-11 fanout254
 2.546474e-11 0.000000e+00 9.557063e-14 2.556031e-11 clkload6
 2.865355e-12 1.686175e-11 4.325214e-12 2.405232e-11 fanout186
 2.950586e-12 1.668404e-11 4.325214e-12 2.395984e-11 fanout198
 2.866856e-12 1.520219e-11 4.876294e-12 2.294534e-11 fanout215
 2.858689e-12 1.496736e-11 4.876294e-12 2.270235e-11 fanout82
 2.868864e-12 1.470461e-11 4.876294e-12 2.244976e-11 fanout207
 2.922647e-12 1.566093e-11 3.659315e-12 2.224290e-11 max_cap74
 2.872908e-12 1.373228e-11 4.876294e-12 2.148148e-11 fanout219
 2.896294e-12 1.302057e-11 4.876294e-12 2.079316e-11 fanout100
 2.885627e-12 1.231782e-11 4.876294e-12 2.007974e-11 fanout201
 2.885324e-12 1.225484e-11 4.876284e-12 2.001645e-11 fanout132
 2.894791e-12 1.224310e-11 4.876245e-12 2.001414e-11 fanout352
 2.886622e-12 1.207161e-11 4.876294e-12 1.983452e-11 fanout200
 2.878728e-12 1.231862e-11 4.325214e-12 1.952256e-11 fanout194
 2.883938e-12 1.225355e-11 4.325214e-12 1.946270e-11 fanout181
 2.937637e-12 1.208888e-11 4.325219e-12 1.935173e-11 fanout128
 2.886738e-12 1.158096e-11 4.876294e-12 1.934400e-11 fanout209
 2.905051e-12 1.154927e-11 4.876294e-12 1.933062e-11 fanout205
 2.898037e-12 1.151356e-11 4.876245e-12 1.928784e-11 fanout353
 2.906034e-12 1.133981e-11 4.876294e-12 1.912214e-11 fanout203
 1.877763e-11 0.000000e+00 9.556345e-14 1.887319e-11 clkload82
 2.906303e-12 1.103682e-11 4.876294e-12 1.881942e-11 fanout211
 2.910011e-12 1.135663e-11 4.325213e-12 1.859185e-11 fanout182
 2.888102e-12 1.137129e-11 4.325214e-12 1.858461e-11 fanout193
 2.915911e-12 1.131871e-11 4.325213e-12 1.855984e-11 fanout111
 1.845161e-11 0.000000e+00 9.556345e-14 1.854718e-11 clkload36
 1.842922e-11 0.000000e+00 9.556345e-14 1.852478e-11 clkload49
 1.842822e-11 0.000000e+00 9.556345e-14 1.852379e-11 clkload51
 1.840598e-11 0.000000e+00 9.556345e-14 1.850155e-11 clkload87
 1.836188e-11 0.000000e+00 9.556345e-14 1.845745e-11 clkload42
 1.835132e-11 0.000000e+00 9.556345e-14 1.844688e-11 clkload68
 1.833990e-11 0.000000e+00 9.556345e-14 1.843546e-11 clkload61
 2.911091e-12 1.119245e-11 4.325213e-12 1.842876e-11 fanout172
 1.831913e-11 0.000000e+00 9.556345e-14 1.841469e-11 clkload64
 2.916728e-12 1.117049e-11 4.325214e-12 1.841243e-11 fanout180
 1.825663e-11 0.000000e+00 9.556345e-14 1.835219e-11 clkload84
 1.821913e-11 0.000000e+00 9.556345e-14 1.831470e-11 clkload83
 2.886244e-12 1.107399e-11 4.325214e-12 1.828544e-11 fanout189
 1.817571e-11 0.000000e+00 9.556345e-14 1.827128e-11 clkload62
 2.900384e-12 1.040187e-11 4.876267e-12 1.817852e-11 fanout129
 2.892914e-12 1.094945e-11 4.325214e-12 1.816758e-11 fanout158
 2.887372e-12 1.079343e-11 4.325214e-12 1.800602e-11 fanout190
 2.885077e-12 1.076597e-11 4.325214e-12 1.797626e-11 fanout196
 2.905782e-12 1.008876e-11 4.876294e-12 1.787084e-11 fanout101
 2.913474e-12 1.062967e-11 4.325213e-12 1.786836e-11 fanout183
 2.913910e-12 1.054634e-11 4.325213e-12 1.778547e-11 fanout174
 2.919404e-12 1.052876e-11 4.325213e-12 1.777338e-11 fanout176
 2.899247e-12 1.051069e-11 4.325214e-12 1.773516e-11 fanout178
 2.928704e-12 1.034447e-11 4.325214e-12 1.759838e-11 fanout171
 2.934683e-12 9.745939e-12 4.876294e-12 1.755692e-11 fanout71
 2.901056e-12 1.020662e-11 4.325214e-12 1.743289e-11 fanout187
 1.731046e-11 0.000000e+00 9.556293e-14 1.740602e-11 clkload23
 1.718392e-11 0.000000e+00 9.556293e-14 1.727949e-11 clkload28
 1.706283e-11 0.000000e+00 9.556293e-14 1.715839e-11 clkload18
 1.694500e-11 0.000000e+00 9.556345e-14 1.704056e-11 clkload32
 1.692758e-11 0.000000e+00 9.556345e-14 1.702314e-11 clkload30
 1.688566e-11 0.000000e+00 9.556345e-14 1.698122e-11 clkload31
 2.271935e-12 9.968184e-12 3.659641e-12 1.589976e-11 fanout337
 2.340668e-12 9.339040e-12 3.659671e-12 1.533938e-11 fanout139
 1.617519e-12 9.475320e-12 3.659325e-12 1.475216e-11 fanout192
 1.726788e-12 8.613653e-12 4.325423e-12 1.466586e-11 fanout97
 2.282296e-12 8.691853e-12 3.659508e-12 1.463366e-11 fanout89
 2.300945e-12 8.560983e-12 3.659508e-12 1.452144e-11 fanout91
 1.621012e-12 8.207697e-12 4.647901e-12 1.447661e-11 fanout354
 2.301895e-12 8.235558e-12 3.659508e-12 1.419696e-11 fanout86
 2.276848e-12 8.227838e-12 3.659508e-12 1.416419e-11 fanout93
 1.685058e-12 7.759849e-12 4.647990e-12 1.409290e-11 fanout104
 2.292091e-12 8.034183e-12 3.659508e-12 1.398578e-11 fanout87
 2.299789e-12 7.984387e-12 3.659508e-12 1.394368e-11 fanout92
 1.630252e-12 7.568647e-12 4.647990e-12 1.384689e-11 fanout213
 1.620788e-12 7.534008e-12 4.647990e-12 1.380279e-11 fanout206
 1.314405e-11 0.000000e+00 6.409151e-13 1.378497e-11 clkload97
 2.291787e-12 7.701810e-12 3.659508e-12 1.365310e-11 fanout85
 1.299603e-11 0.000000e+00 6.409151e-13 1.363695e-11 clkload73
 1.291946e-11 0.000000e+00 6.409151e-13 1.356037e-11 clkload55
 1.289138e-11 0.000000e+00 6.409151e-13 1.353229e-11 clkload76
 1.274977e-11 0.000000e+00 6.409151e-13 1.339068e-11 clkload81
 1.273909e-11 0.000000e+00 6.409151e-13 1.338001e-11 clkload74
 1.272791e-11 0.000000e+00 6.409151e-13 1.336883e-11 clkload39
 1.272567e-11 0.000000e+00 6.409151e-13 1.336659e-11 clkload40
 1.271852e-11 0.000000e+00 6.409151e-13 1.335943e-11 clkload77
 1.271093e-11 0.000000e+00 6.409151e-13 1.335185e-11 clkload43
 1.269628e-11 0.000000e+00 6.409151e-13 1.333720e-11 clkload66
 1.267352e-11 0.000000e+00 6.409151e-13 1.331444e-11 clkload37
 1.620151e-12 8.031889e-12 3.659325e-12 1.331136e-11 fanout191
 1.266945e-11 0.000000e+00 6.409151e-13 1.331036e-11 clkload59
 2.286124e-12 7.246417e-12 3.659508e-12 1.319205e-11 fanout94
 1.665267e-12 6.850946e-12 4.647901e-12 1.316411e-11 fanout229
 1.238852e-11 0.000000e+00 6.409151e-13 1.302943e-11 clkload35
 1.237995e-11 0.000000e+00 6.409151e-13 1.302086e-11 clkload33
 1.236956e-11 0.000000e+00 6.409151e-13 1.301047e-11 clkload29
 1.621892e-12 6.701454e-12 4.647990e-12 1.297134e-11 fanout163
 1.223437e-11 0.000000e+00 6.408824e-13 1.287525e-11 clkload16
 1.219931e-11 0.000000e+00 6.408824e-13 1.284020e-11 clkload24
 1.219854e-11 0.000000e+00 6.408824e-13 1.283942e-11 clkload26
 1.667923e-12 6.436429e-12 4.647980e-12 1.275233e-11 fanout140
 1.740392e-12 6.081433e-12 4.876135e-12 1.269796e-11 fanout232
 1.734908e-12 6.356369e-12 4.325407e-12 1.241668e-11 fanout333
 1.785808e-12 5.645971e-12 4.876101e-12 1.230788e-11 fanout255
 1.632938e-12 6.001291e-12 4.647990e-12 1.228222e-11 fanout204
 1.650652e-12 6.631638e-12 3.659325e-12 1.194162e-11 fanout113
 1.628770e-12 6.080265e-12 3.659315e-12 1.136835e-11 max_cap66
 1.620696e-12 5.197551e-12 3.659325e-12 1.047757e-11 fanout195
 9.742927e-13 4.766879e-12 3.659562e-12 9.400734e-12 fanout307
 9.834707e-13 4.688571e-12 3.659562e-12 9.331603e-12 fanout312
 9.769818e-13 4.625381e-12 3.659562e-12 9.261925e-12 fanout281
 9.809411e-13 4.558835e-12 3.659562e-12 9.199337e-12 fanout279
 9.750446e-13 4.559700e-12 3.659562e-12 9.194307e-12 fanout332
 9.769312e-13 4.532112e-12 3.659562e-12 9.168605e-12 fanout305
 9.826843e-13 4.492628e-12 3.659562e-12 9.134874e-12 fanout288
 5.866655e-13 3.652623e-12 4.876300e-12 9.115588e-12 fanout120
 9.721901e-13 4.475595e-12 3.659562e-12 9.107347e-12 fanout297
 9.792229e-13 4.466137e-12 3.659562e-12 9.104922e-12 fanout323
 9.828518e-13 4.448702e-12 3.659562e-12 9.091116e-12 fanout318
 9.789557e-13 4.369136e-12 3.659562e-12 9.007653e-12 fanout285
 9.837581e-13 4.244700e-12 3.659562e-12 8.888020e-12 fanout292
 9.807969e-13 4.228669e-12 3.659562e-12 8.869027e-12 fanout317
 9.839565e-13 4.192823e-12 3.659562e-12 8.836341e-12 fanout293
 9.836633e-13 4.188749e-12 3.659562e-12 8.831974e-12 fanout274
 9.986424e-13 4.147536e-12 3.659720e-12 8.805897e-12 fanout227
 9.797550e-13 4.134173e-12 3.659562e-12 8.773489e-12 fanout284
 9.806749e-13 4.106610e-12 3.659562e-12 8.746847e-12 fanout309
 9.725984e-13 4.056140e-12 3.659562e-12 8.688300e-12 fanout273
 9.834988e-13 4.031457e-12 3.659562e-12 8.674518e-12 fanout301
 9.795403e-13 3.980870e-12 3.659562e-12 8.619973e-12 fanout302
 1.004600e-12 3.928633e-12 3.659720e-12 8.592953e-12 fanout226
 9.760436e-13 3.922840e-12 3.659562e-12 8.558446e-12 fanout320
 9.726123e-13 3.914348e-12 3.659562e-12 8.546523e-12 fanout291
 9.845968e-13 3.902187e-12 3.659562e-12 8.546346e-12 fanout315
 9.726100e-13 3.900520e-12 3.659562e-12 8.532692e-12 fanout295
 9.804361e-13 3.873641e-12 3.659562e-12 8.513639e-12 fanout287
 9.730432e-13 3.869975e-12 3.659562e-12 8.502581e-12 fanout296
 9.764093e-13 3.856138e-12 3.659562e-12 8.492110e-12 fanout328
 9.725988e-13 3.832449e-12 3.659562e-12 8.464609e-12 fanout299
 9.763880e-13 3.801160e-12 3.659562e-12 8.437110e-12 fanout326
 9.967652e-13 3.707598e-12 3.659710e-12 8.364073e-12 fanout138
 9.833291e-13 3.717708e-12 3.659562e-12 8.360599e-12 fanout294
 9.891309e-13 3.702596e-12 3.659720e-12 8.351446e-12 fanout230
 9.948380e-13 3.691267e-12 3.659710e-12 8.345815e-12 fanout143
 9.796536e-13 3.703178e-12 3.659562e-12 8.342394e-12 fanout322
 9.762922e-13 3.667303e-12 3.659562e-12 8.303157e-12 fanout330
 1.005541e-12 3.597331e-12 3.659710e-12 8.262582e-12 fanout142
 9.795000e-13 3.500982e-12 3.659562e-12 8.140044e-12 fanout278
 9.739049e-13 3.450829e-12 3.659671e-12 8.084405e-12 fanout334
 9.757724e-13 3.413214e-12 3.659562e-12 8.048548e-12 fanout308
 5.805044e-13 2.395667e-12 4.876300e-12 7.852472e-12 fanout271
 5.838637e-13 2.334181e-12 4.876300e-12 7.794345e-12 fanout269
 5.808362e-13 2.323984e-12 4.876300e-12 7.781119e-12 fanout270
 5.932889e-13 2.228508e-12 4.876300e-12 7.698097e-12 fanout167
 5.860897e-13 2.202047e-12 4.876300e-12 7.664437e-12 fanout268
 5.855559e-13 2.035563e-12 4.876300e-12 7.497419e-12 fanout267
 5.844350e-13 1.931043e-12 4.876300e-12 7.391778e-12 fanout166
 5.950402e-13 1.826615e-12 4.876300e-12 7.297955e-12 fanout261
 5.803876e-13 2.170426e-12 4.325209e-12 7.076022e-12 fanout134
 5.977159e-13 2.111732e-12 4.325209e-12 7.034656e-12 fanout127
 5.953057e-13 2.103854e-12 4.325209e-12 7.024369e-12 fanout168
 3.351039e-13 1.369663e-12 4.648000e-12 6.352766e-12 fanout80
 3.307862e-13 1.310027e-12 4.648000e-12 6.288813e-12 fanout221
 3.313259e-13 1.296794e-12 4.648000e-12 6.276120e-12 fanout223
 3.265020e-13 1.301448e-12 4.648000e-12 6.275950e-12 fanout272
 3.258324e-13 1.246929e-12 4.648000e-12 6.220762e-12 fanout123
 3.362684e-13 1.220854e-12 4.648000e-12 6.205122e-12 fanout262
 3.393842e-13 9.223724e-13 4.648000e-12 5.909756e-12 fanout222
 3.266768e-13 9.094730e-13 4.648000e-12 5.884150e-12 fanout77
 3.267574e-13 8.739397e-13 4.648000e-12 5.848697e-12 fanout79
 3.247513e-13 1.644392e-12 3.659315e-12 5.628458e-12 max_cap65
 3.251459e-13 1.564999e-12 3.659315e-12 5.549459e-12 max_cap67
 3.290741e-13 1.345933e-12 3.659315e-12 5.334322e-12 fanout126
 3.259394e-13 1.007218e-12 3.659315e-12 4.992472e-12 max_cap118
 3.480943e-19 1.207309e-18 4.876190e-12 4.876191e-12 fanout376
 3.505770e-19 1.191991e-18 4.876190e-12 4.876191e-12 fanout377
 3.477921e-19 1.393786e-18 4.876190e-12 4.876191e-12 fanout378
 3.484502e-19 1.231611e-18 4.876190e-12 4.876191e-12 fanout381
 3.462514e-19 1.301517e-18 4.876190e-12 4.876191e-12 fanout383
 3.492529e-19 1.408200e-18 4.876190e-12 4.876191e-12 fanout385
 3.499457e-19 1.265255e-18 4.876190e-12 4.876191e-12 fanout386
 3.491152e-19 1.378088e-18 4.876190e-12 4.876191e-12 fanout388
 3.523130e-19 1.283469e-18 4.876190e-12 4.876191e-12 fanout390
 3.524376e-19 1.259594e-18 4.876190e-12 4.876191e-12 fanout392
 3.496207e-19 1.572249e-18 4.876190e-12 4.876191e-12 fanout394
 3.503720e-19 1.187776e-18 4.876190e-12 4.876191e-12 fanout395
 3.456846e-19 1.408977e-18 4.876190e-12 4.876191e-12 fanout397
 3.455452e-19 1.444268e-18 4.876190e-12 4.876191e-12 fanout401
 3.499677e-19 1.243400e-18 4.876190e-12 4.876191e-12 fanout402
 3.454045e-19 1.476056e-18 4.876190e-12 4.876191e-12 fanout406
 3.454834e-19 1.457345e-18 4.876190e-12 4.876191e-12 fanout408
 3.458785e-19 1.376709e-18 4.876190e-12 4.876191e-12 fanout411
 3.453062e-19 1.507914e-18 4.876190e-12 4.876191e-12 fanout412
 3.492220e-19 1.108072e-18 4.876190e-12 4.876191e-12 fanout400
 3.489892e-19 1.147987e-18 4.876190e-12 4.876191e-12 fanout403
 3.491850e-19 1.112227e-18 4.876190e-12 4.876191e-12 fanout407
 1.963431e-19 8.357872e-19 4.647802e-12 4.647803e-12 fanout387
 1.962557e-19 7.635797e-19 4.647802e-12 4.647803e-12 fanout389
 1.960719e-19 6.553571e-19 4.647802e-12 4.647803e-12 fanout393
 1.398480e-19 4.889846e-19 4.647802e-12 4.647803e-12 input9
 3.512924e-19 1.310719e-18 4.325310e-12 4.325312e-12 fanout355
 3.502653e-19 1.512257e-18 4.325310e-12 4.325312e-12 fanout357
 3.463869e-19 1.558105e-18 4.325310e-12 4.325312e-12 fanout363
 3.455924e-19 1.450313e-18 4.325310e-12 4.325312e-12 fanout371
 5.917512e-13 2.184142e-12 1.181000e-12 3.956893e-12 fanout314
 1.943079e-19 9.475079e-19 3.659498e-12 3.659499e-12 fanout360
 1.972914e-19 8.026420e-19 3.659498e-12 3.659498e-12 fanout356
 1.946058e-19 7.114358e-19 3.659498e-12 3.659498e-12 fanout358
 1.946188e-19 7.350709e-19 3.659498e-12 3.659498e-12 fanout362
 1.951895e-19 8.202623e-19 3.659498e-12 3.659498e-12 fanout365
 5.918429e-13 1.706240e-12 1.181000e-12 3.479083e-12 fanout329
 9.905486e-13 8.828219e-13 1.181000e-12 3.054370e-12 max_cap114
 1.979892e-13 3.806553e-13 1.181000e-12 1.759645e-12 max_cap121
 1.990910e-13 3.045811e-13 1.181000e-12 1.684672e-12 max_cap75
 1.988922e-13 2.963597e-13 1.181000e-12 1.676252e-12 wire170
 1.968842e-13 2.361029e-13 1.181000e-12 1.613987e-12 _13274_
 1.955523e-13 1.518495e-13 1.181000e-12 1.528402e-12 _13256_
 1.960890e-13 1.495874e-13 1.181000e-12 1.526676e-12 _13269_
 1.959724e-13 1.482409e-13 1.181000e-12 1.525213e-12 _13262_
 1.955878e-13 1.392627e-13 1.181000e-12 1.515850e-12 _13272_
 1.953060e-13 1.301392e-13 1.181000e-12 1.506445e-12 _13260_
 1.952840e-13 1.289499e-13 1.181000e-12 1.505234e-12 _13258_
 1.949800e-13 1.178872e-13 1.181000e-12 1.493867e-12 _13273_
 1.946884e-13 1.167685e-13 1.181000e-12 1.492457e-12 _13257_
 1.941286e-13 9.856157e-14 1.181000e-12 1.473690e-12 _13271_
 1.940464e-13 9.598453e-14 1.181000e-12 1.471031e-12 _13263_
 1.935075e-13 9.260095e-14 1.181000e-12 1.467108e-12 _13261_
 1.939023e-13 9.001418e-14 1.181000e-12 1.464916e-12 _13268_
 1.937394e-13 9.006388e-14 1.181000e-12 1.464803e-12 _13265_
 1.938621e-13 8.718701e-14 1.181000e-12 1.462049e-12 _13270_
 1.938303e-13 8.651613e-14 1.181000e-12 1.461346e-12 _13266_
 1.932378e-13 8.708986e-14 1.181000e-12 1.461328e-12 _13259_
 1.935046e-13 8.553425e-14 1.181000e-12 1.460039e-12 _13264_
 1.932658e-13 7.897337e-14 1.181000e-12 1.453239e-12 _13275_
 1.933759e-13 7.882027e-14 1.181000e-12 1.453196e-12 _13267_
 3.457273e-19 3.174302e-19 1.181000e-12 1.181001e-12 input5
 3.456985e-19 2.977346e-19 1.181000e-12 1.181001e-12 input4
 2.588954e-19 1.502203e-19 1.181000e-12 1.181000e-12 input2
 2.591911e-19 1.593372e-19 1.181000e-12 1.181000e-12 input3
 1.729721e-19 2.291165e-19 1.181000e-12 1.181000e-12 input6
 1.728002e-19 1.121301e-19 1.181000e-12 1.181000e-12 input1
 8.649218e-20 1.329939e-19 1.181000e-12 1.181000e-12 input7
