     Internal    Switching      Leakage        Total
        Power        Power        Power        Power (Watts)
----------------------------------------------------
 9.045251e-06 6.187071e-05 1.232287e-11 7.091598e-05 clkbuf_5_0__f_core_clk
 9.065179e-06 3.768536e-05 1.232287e-11 4.675056e-05 clkbuf_0_core_clk
 4.579334e-06 3.881807e-05 7.189859e-12 4.339741e-05 clkbuf_2_2_0_core_clk
 4.574511e-06 3.640004e-05 7.189859e-12 4.097456e-05 clkbuf_2_3_0_core_clk
 4.572506e-06 3.605675e-05 7.189859e-12 4.062926e-05 clkbuf_2_0_0_core_clk
 4.565407e-06 3.302216e-05 7.189859e-12 3.758758e-05 clkbuf_2_1_0_core_clk
 8.968427e-06 2.622218e-05 1.232287e-11 3.519062e-05 clkbuf_5_3__f_core_clk
 8.962748e-06 2.521735e-05 1.232287e-11 3.418011e-05 clkbuf_5_4__f_core_clk
 8.959570e-06 2.429818e-05 1.232287e-11 3.325776e-05 clkbuf_5_5__f_core_clk
 8.963095e-06 2.418988e-05 1.232287e-11 3.315298e-05 clkbuf_5_6__f_core_clk
 8.955958e-06 2.222338e-05 1.232287e-11 3.117934e-05 clkbuf_5_1__f_core_clk
 8.951624e-06 2.058051e-05 1.232287e-11 2.953215e-05 clkbuf_5_2__f_core_clk
 8.951994e-06 2.047940e-05 1.232287e-11 2.943141e-05 clkbuf_5_30__f_core_clk
 8.948692e-06 1.966480e-05 1.232287e-11 2.861350e-05 clkbuf_5_7__f_core_clk
 8.948457e-06 1.843948e-05 1.232287e-11 2.738795e-05 clkbuf_5_29__f_core_clk
 8.950153e-06 1.841390e-05 1.232287e-11 2.736407e-05 clkbuf_5_24__f_core_clk
 8.947758e-06 1.832702e-05 1.232287e-11 2.727479e-05 clkbuf_5_31__f_core_clk
 8.937491e-06 1.813909e-05 1.232287e-11 2.707659e-05 clkbuf_5_16__f_core_clk
 8.944356e-06 1.703505e-05 1.232287e-11 2.597942e-05 clkbuf_5_28__f_core_clk
 8.929885e-06 1.692991e-05 1.232287e-11 2.585980e-05 clkbuf_5_17__f_core_clk
 8.948306e-06 1.658799e-05 1.232287e-11 2.553631e-05 clkbuf_5_9__f_core_clk
 8.909463e-06 1.611477e-05 1.232287e-11 2.502424e-05 clkbuf_5_27__f_core_clk
 8.894921e-06 1.558515e-05 1.232287e-11 2.448008e-05 clkbuf_5_25__f_core_clk
 8.907071e-06 1.545762e-05 1.232287e-11 2.436471e-05 clkbuf_5_11__f_core_clk
 8.903958e-06 1.536814e-05 1.232287e-11 2.427211e-05 clkbuf_5_8__f_core_clk
 8.898880e-06 1.522929e-05 1.232287e-11 2.412819e-05 clkbuf_5_12__f_core_clk
 8.891850e-06 1.504071e-05 1.232287e-11 2.393257e-05 clkbuf_5_13__f_core_clk
 8.867204e-06 1.490210e-05 1.232287e-11 2.376932e-05 clkbuf_5_26__f_core_clk
 8.848096e-06 1.450225e-05 1.232287e-11 2.335036e-05 clkbuf_5_23__f_core_clk
 8.845765e-06 1.443065e-05 1.232287e-11 2.327643e-05 clkbuf_5_20__f_core_clk
 8.852711e-06 1.396452e-05 1.232287e-11 2.281724e-05 clkbuf_5_10__f_core_clk
 8.806593e-06 1.327591e-05 1.232287e-11 2.208251e-05 clkbuf_5_21__f_core_clk
 8.803163e-06 1.317424e-05 1.232287e-11 2.197742e-05 clkbuf_5_22__f_core_clk
 8.816403e-06 1.296842e-05 1.232287e-11 2.178483e-05 clkbuf_5_15__f_core_clk
 8.814468e-06 1.291407e-05 1.232287e-11 2.172855e-05 clkbuf_5_14__f_core_clk
 8.749996e-06 1.160497e-05 1.232287e-11 2.035497e-05 clkbuf_5_19__f_core_clk
 4.287918e-06 1.538740e-05 8.267781e-12 1.967533e-05 u_icg
 8.698057e-06 1.007831e-05 1.232287e-11 1.877638e-05 clkbuf_5_18__f_core_clk
 4.538881e-06 8.978932e-06 7.189859e-12 1.351782e-05 clkbuf_leaf_90_core_clk
 1.382594e-06 1.175079e-05 7.321148e-12 1.313339e-05 fanout1250
 4.482657e-06 8.208785e-06 7.189859e-12 1.269145e-05 clkbuf_leaf_206_core_clk
 4.495992e-06 7.376314e-06 7.189859e-12 1.187231e-05 clkbuf_leaf_100_core_clk
 8.710422e-06 3.149594e-06 1.232310e-11 1.186003e-05 clkbuf_0_clk
 4.493933e-06 7.304478e-06 7.189859e-12 1.179842e-05 clkbuf_leaf_102_core_clk
 4.460306e-06 7.310595e-06 7.189859e-12 1.177091e-05 clkbuf_leaf_205_core_clk
 4.505230e-06 7.008734e-06 7.189859e-12 1.151397e-05 clkbuf_leaf_70_core_clk
 4.472537e-06 6.880597e-06 7.189859e-12 1.135314e-05 clkbuf_leaf_218_core_clk
 4.492090e-06 6.815958e-06 7.189859e-12 1.130806e-05 clkbuf_leaf_24_core_clk
 4.447758e-06 6.817543e-06 7.189859e-12 1.126531e-05 clkbuf_leaf_200_core_clk
 4.482370e-06 6.525003e-06 7.189859e-12 1.100738e-05 clkbuf_leaf_125_core_clk
 4.441688e-06 6.549621e-06 7.189859e-12 1.099132e-05 clkbuf_leaf_213_core_clk
 4.471762e-06 6.483010e-06 7.189859e-12 1.095478e-05 clkbuf_leaf_38_core_clk
 4.470351e-06 6.457998e-06 7.189859e-12 1.092836e-05 clkbuf_leaf_129_core_clk
 4.460403e-06 6.460059e-06 7.189859e-12 1.092047e-05 clkbuf_leaf_48_core_clk
 4.470738e-06 6.429449e-06 7.189859e-12 1.090019e-05 clkbuf_leaf_66_core_clk
 4.438354e-06 6.410750e-06 7.189859e-12 1.084911e-05 clkbuf_leaf_208_core_clk
 4.465680e-06 6.290747e-06 7.189859e-12 1.075643e-05 clkbuf_leaf_89_core_clk
 4.435803e-06 6.314570e-06 7.189859e-12 1.075038e-05 clkbuf_leaf_214_core_clk
 4.434063e-06 6.242747e-06 7.189859e-12 1.067682e-05 clkbuf_leaf_212_core_clk
 4.468922e-06 6.207035e-06 7.189859e-12 1.067596e-05 clkbuf_leaf_36_core_clk
 4.471205e-06 6.176980e-06 7.189859e-12 1.064819e-05 clkbuf_leaf_122_core_clk
 4.473752e-06 6.154768e-06 7.189859e-12 1.062853e-05 clkbuf_leaf_22_core_clk
 4.459909e-06 6.148450e-06 7.189859e-12 1.060837e-05 clkbuf_leaf_20_core_clk
 4.461503e-06 6.117131e-06 7.189859e-12 1.057864e-05 clkbuf_leaf_101_core_clk
 4.430281e-06 6.107992e-06 7.189859e-12 1.053828e-05 clkbuf_leaf_207_core_clk
 4.457504e-06 6.051198e-06 7.189859e-12 1.050871e-05 clkbuf_leaf_7_core_clk
 4.447893e-06 5.993288e-06 7.189859e-12 1.044119e-05 clkbuf_leaf_37_core_clk
 4.474890e-06 5.936737e-06 7.189859e-12 1.041163e-05 clkbuf_leaf_78_core_clk
 4.468720e-06 5.929268e-06 7.189859e-12 1.039800e-05 clkbuf_leaf_77_core_clk
 4.454272e-06 5.933073e-06 7.189859e-12 1.038735e-05 clkbuf_leaf_52_core_clk
 4.474331e-06 5.905747e-06 7.189859e-12 1.038008e-05 clkbuf_leaf_68_core_clk
 4.465859e-06 5.888791e-06 7.189859e-12 1.035466e-05 clkbuf_leaf_147_core_clk
 4.459831e-06 5.881352e-06 7.189859e-12 1.034119e-05 clkbuf_leaf_28_core_clk
 4.444928e-06 5.838939e-06 7.189859e-12 1.028387e-05 clkbuf_leaf_216_core_clk
 4.451570e-06 5.821722e-06 7.189859e-12 1.027330e-05 clkbuf_leaf_103_core_clk
 4.451465e-06 5.818804e-06 7.189859e-12 1.027028e-05 clkbuf_leaf_5_core_clk
 4.450640e-06 5.799093e-06 7.189859e-12 1.024974e-05 clkbuf_leaf_64_core_clk
 4.470598e-06 5.771205e-06 7.189859e-12 1.024181e-05 clkbuf_leaf_93_core_clk
 4.462996e-06 5.772121e-06 7.189859e-12 1.023512e-05 clkbuf_leaf_26_core_clk
 4.442532e-06 5.750911e-06 7.189859e-12 1.019345e-05 clkbuf_leaf_215_core_clk
 4.454304e-06 5.677229e-06 7.189859e-12 1.013154e-05 clkbuf_leaf_16_core_clk
 4.457329e-06 5.667147e-06 7.189859e-12 1.012448e-05 clkbuf_leaf_114_core_clk
 4.456397e-06 5.631925e-06 7.189859e-12 1.008833e-05 clkbuf_leaf_128_core_clk
 4.439811e-06 5.647825e-06 7.189859e-12 1.008764e-05 clkbuf_leaf_204_core_clk
 4.463107e-06 5.603908e-06 7.189859e-12 1.006702e-05 clkbuf_leaf_220_core_clk
 4.457769e-06 5.596040e-06 7.189859e-12 1.005382e-05 clkbuf_leaf_146_core_clk
 4.458085e-06 5.585509e-06 7.189859e-12 1.004360e-05 clkbuf_leaf_87_core_clk
 4.441545e-06 5.596194e-06 7.189859e-12 1.003775e-05 clkbuf_leaf_156_core_clk
 4.447181e-06 5.588496e-06 7.189859e-12 1.003568e-05 clkbuf_leaf_13_core_clk
 4.478706e-06 5.531767e-06 7.189859e-12 1.001048e-05 clkbuf_leaf_104_core_clk
 4.444175e-06 5.548241e-06 7.189859e-12 9.992423e-06 clkbuf_leaf_50_core_clk
 4.454761e-06 5.527884e-06 7.189859e-12 9.982652e-06 clkbuf_leaf_126_core_clk
 4.463257e-06 5.518712e-06 7.189859e-12 9.981977e-06 clkbuf_leaf_80_core_clk
 4.443724e-06 5.531568e-06 7.189859e-12 9.975300e-06 clkbuf_leaf_105_core_clk
 4.470497e-06 5.493976e-06 7.189859e-12 9.964480e-06 clkbuf_leaf_99_core_clk
 4.442477e-06 5.500903e-06 7.189859e-12 9.943387e-06 clkbuf_leaf_61_core_clk
 4.454262e-06 5.471923e-06 7.189859e-12 9.926192e-06 clkbuf_leaf_158_core_clk
 4.461743e-06 5.456360e-06 7.189859e-12 9.918111e-06 clkbuf_leaf_94_core_clk
 4.461391e-06 5.452177e-06 7.189859e-12 9.913576e-06 clkbuf_leaf_79_core_clk
 4.452568e-06 5.448702e-06 7.189859e-12 9.901278e-06 clkbuf_leaf_149_core_clk
 4.455160e-06 5.437995e-06 7.189859e-12 9.893161e-06 clkbuf_leaf_73_core_clk
 4.462892e-06 5.424056e-06 7.189859e-12 9.886955e-06 clkbuf_leaf_131_core_clk
 4.451975e-06 5.428966e-06 7.189859e-12 9.880949e-06 clkbuf_leaf_88_core_clk
 4.437060e-06 5.431118e-06 7.189859e-12 9.868185e-06 clkbuf_leaf_177_core_clk
 4.433993e-06 5.432350e-06 7.189859e-12 9.866350e-06 clkbuf_leaf_201_core_clk
 4.462294e-06 5.398352e-06 7.189859e-12 9.860653e-06 clkbuf_leaf_139_core_clk
 4.439496e-06 5.414916e-06 7.189859e-12 9.854420e-06 clkbuf_leaf_56_core_clk
 4.452570e-06 5.395375e-06 7.189859e-12 9.847951e-06 clkbuf_leaf_27_core_clk
 4.439897e-06 5.404119e-06 7.189859e-12 9.844023e-06 clkbuf_leaf_58_core_clk
 4.461669e-06 5.376315e-06 7.189859e-12 9.837991e-06 clkbuf_leaf_134_core_clk
 4.435687e-06 5.381210e-06 7.189859e-12 9.816904e-06 clkbuf_leaf_178_core_clk
 4.449977e-06 5.351565e-06 7.189859e-12 9.801550e-06 clkbuf_leaf_154_core_clk
 4.432325e-06 5.368488e-06 7.189859e-12 9.800820e-06 clkbuf_leaf_203_core_clk
 4.457761e-06 5.323526e-06 7.189859e-12 9.781295e-06 clkbuf_leaf_85_core_clk
 4.449833e-06 5.311130e-06 7.189859e-12 9.760970e-06 clkbuf_leaf_159_core_clk
 4.444137e-06 5.311782e-06 7.189859e-12 9.755926e-06 clkbuf_leaf_30_core_clk
 4.430567e-06 5.304926e-06 7.189859e-12 9.735500e-06 clkbuf_leaf_217_core_clk
 4.436077e-06 5.287410e-06 7.189859e-12 9.723493e-06 clkbuf_leaf_55_core_clk
 4.457771e-06 5.240108e-06 7.189859e-12 9.697887e-06 clkbuf_leaf_141_core_clk
 4.445191e-06 5.240370e-06 7.189859e-12 9.685568e-06 clkbuf_leaf_12_core_clk
 4.435180e-06 5.234923e-06 7.189859e-12 9.670110e-06 clkbuf_leaf_18_core_clk
 4.444932e-06 5.215950e-06 7.189859e-12 9.660889e-06 clkbuf_leaf_115_core_clk
 4.454444e-06 5.202303e-06 7.189859e-12 9.656755e-06 clkbuf_leaf_81_core_clk
 4.454549e-06 5.195194e-06 7.189859e-12 9.649751e-06 clkbuf_leaf_67_core_clk
 4.438004e-06 5.208848e-06 7.189859e-12 9.646859e-06 clkbuf_leaf_124_core_clk
 4.456390e-06 5.188034e-06 7.189859e-12 9.644431e-06 clkbuf_leaf_138_core_clk
 4.434081e-06 5.208737e-06 7.189859e-12 9.642825e-06 clkbuf_leaf_54_core_clk
 4.445755e-06 5.196891e-06 7.189859e-12 9.642654e-06 clkbuf_leaf_150_core_clk
 4.426579e-06 5.189490e-06 7.189859e-12 9.616077e-06 clkbuf_leaf_31_core_clk
 4.447299e-06 5.155066e-06 7.189859e-12 9.602372e-06 clkbuf_leaf_75_core_clk
 4.433175e-06 5.157089e-06 7.189859e-12 9.590272e-06 clkbuf_leaf_19_core_clk
 4.436021e-06 5.146466e-06 7.189859e-12 9.582494e-06 clkbuf_leaf_153_core_clk
 4.432484e-06 5.138188e-06 7.189859e-12 9.570678e-06 clkbuf_leaf_4_core_clk
 4.432459e-06 5.136809e-06 7.189859e-12 9.569275e-06 clkbuf_leaf_3_core_clk
 4.449604e-06 5.116269e-06 7.189859e-12 9.565880e-06 clkbuf_leaf_109_core_clk
 4.420520e-06 5.138094e-06 7.189859e-12 9.558622e-06 clkbuf_leaf_202_core_clk
 4.424582e-06 5.110869e-06 7.189859e-12 9.535459e-06 clkbuf_leaf_33_core_clk
 4.441229e-06 5.086899e-06 7.189859e-12 9.528136e-06 clkbuf_leaf_112_core_clk
 4.431616e-06 5.090761e-06 7.189859e-12 9.522384e-06 clkbuf_leaf_107_core_clk
 4.431223e-06 5.087821e-06 7.189859e-12 9.519052e-06 clkbuf_leaf_8_core_clk
 4.409198e-06 5.108820e-06 7.189859e-12 9.518026e-06 clkbuf_leaf_187_core_clk
 4.418767e-06 5.085996e-06 7.189859e-12 9.504771e-06 clkbuf_leaf_193_core_clk
 4.412320e-06 5.073877e-06 7.189859e-12 9.486204e-06 clkbuf_leaf_179_core_clk
 4.440221e-06 5.043059e-06 7.189859e-12 9.483287e-06 clkbuf_leaf_117_core_clk
 6.550829e-07 8.822019e-06 7.227015e-12 9.477109e-06 fanout1319
 4.451506e-06 5.014268e-06 7.189859e-12 9.465781e-06 clkbuf_leaf_143_core_clk
 8.398736e-06 1.060021e-06 1.232310e-11 9.458769e-06 clkbuf_1_1__f_clk
 4.441746e-06 5.013995e-06 7.189859e-12 9.455749e-06 clkbuf_leaf_86_core_clk
 4.417541e-06 5.034753e-06 7.189859e-12 9.452301e-06 clkbuf_leaf_194_core_clk
 4.425618e-06 5.022730e-06 7.189859e-12 9.448355e-06 clkbuf_leaf_162_core_clk
 4.429056e-06 5.006903e-06 7.189859e-12 9.435967e-06 clkbuf_leaf_65_core_clk
 4.424965e-06 5.000084e-06 7.189859e-12 9.425057e-06 clkbuf_leaf_161_core_clk
 4.450219e-06 4.968510e-06 7.189859e-12 9.418736e-06 clkbuf_leaf_140_core_clk
 4.421437e-06 4.993556e-06 7.189859e-12 9.415000e-06 clkbuf_leaf_47_core_clk
 4.449741e-06 4.946243e-06 7.189859e-12 9.395992e-06 clkbuf_leaf_132_core_clk
 4.430424e-06 4.961074e-06 7.189859e-12 9.391505e-06 clkbuf_leaf_42_core_clk
 4.439823e-06 4.949289e-06 7.189859e-12 9.389119e-06 clkbuf_leaf_160_core_clk
 4.424025e-06 4.959026e-06 7.189859e-12 9.383058e-06 clkbuf_leaf_163_core_clk
 4.423915e-06 4.947803e-06 7.189859e-12 9.371724e-06 clkbuf_leaf_157_core_clk
 8.389979e-06 9.735778e-07 1.232310e-11 9.363570e-06 clkbuf_1_0__f_clk
 4.453884e-06 4.903658e-06 7.189859e-12 9.357549e-06 clkbuf_leaf_96_core_clk
 4.404839e-06 4.951198e-06 7.189859e-12 9.356045e-06 clkbuf_leaf_186_core_clk
 4.443576e-06 4.902260e-06 7.189859e-12 9.345842e-06 clkbuf_leaf_110_core_clk
 4.419806e-06 4.920396e-06 7.189859e-12 9.340210e-06 clkbuf_leaf_44_core_clk
 4.428353e-06 4.896730e-06 7.189859e-12 9.325090e-06 clkbuf_leaf_39_core_clk
 4.435761e-06 4.888866e-06 7.189859e-12 9.324634e-06 clkbuf_leaf_121_core_clk
 4.426262e-06 4.895031e-06 7.189859e-12 9.321300e-06 clkbuf_leaf_49_core_clk
 4.435651e-06 4.882118e-06 7.189859e-12 9.317777e-06 clkbuf_leaf_120_core_clk
 4.452666e-06 4.861379e-06 7.189859e-12 9.314052e-06 clkbuf_leaf_91_core_clk
 4.435476e-06 4.878200e-06 7.189859e-12 9.313684e-06 clkbuf_leaf_111_core_clk
 4.438185e-06 4.873303e-06 7.189859e-12 9.311496e-06 clkbuf_leaf_21_core_clk
 4.427482e-06 4.861526e-06 7.189859e-12 9.289015e-06 clkbuf_leaf_40_core_clk
 4.451677e-06 4.825809e-06 7.189859e-12 9.277494e-06 clkbuf_leaf_95_core_clk
 4.425147e-06 4.845008e-06 7.189859e-12 9.270162e-06 clkbuf_leaf_57_core_clk
 4.424343e-06 4.834345e-06 7.189859e-12 9.258696e-06 clkbuf_leaf_62_core_clk
 4.434060e-06 4.823598e-06 7.189859e-12 9.257666e-06 clkbuf_leaf_116_core_clk
 4.435340e-06 4.821279e-06 7.189859e-12 9.256626e-06 clkbuf_leaf_84_core_clk
 4.433371e-06 4.814215e-06 7.189859e-12 9.247593e-06 clkbuf_leaf_11_core_clk
 4.412425e-06 4.824650e-06 7.189859e-12 9.237083e-06 clkbuf_leaf_198_core_clk
 4.430304e-06 4.806547e-06 7.189859e-12 9.236857e-06 clkbuf_leaf_35_core_clk
 4.430189e-06 4.804980e-06 7.189859e-12 9.235176e-06 clkbuf_leaf_29_core_clk
 4.401683e-06 4.797475e-06 7.189859e-12 9.199164e-06 clkbuf_leaf_174_core_clk
 4.422755e-06 4.775405e-06 7.189859e-12 9.198167e-06 clkbuf_leaf_60_core_clk
 4.422950e-06 4.772336e-06 7.189859e-12 9.195293e-06 clkbuf_leaf_113_core_clk
 4.404507e-06 4.775690e-06 7.189859e-12 9.180204e-06 clkbuf_leaf_211_core_clk
 4.435610e-06 4.735162e-06 7.189859e-12 9.170779e-06 clkbuf_leaf_74_core_clk
 4.421439e-06 4.733617e-06 7.189859e-12 9.155063e-06 clkbuf_leaf_53_core_clk
 4.430999e-06 4.714442e-06 7.189859e-12 9.145448e-06 clkbuf_leaf_118_core_clk
 4.427539e-06 4.709258e-06 7.189859e-12 9.136805e-06 clkbuf_leaf_17_core_clk
 4.430221e-06 4.703618e-06 7.189859e-12 9.133846e-06 clkbuf_leaf_9_core_clk
 4.434171e-06 4.685597e-06 7.189859e-12 9.119775e-06 clkbuf_leaf_71_core_clk
 4.429782e-06 4.686122e-06 7.189859e-12 9.115912e-06 clkbuf_leaf_14_core_clk
 4.413958e-06 4.700887e-06 7.189859e-12 9.114852e-06 clkbuf_leaf_41_core_clk
 4.438977e-06 4.649101e-06 7.189859e-12 9.088086e-06 clkbuf_leaf_82_core_clk
 1.350468e-06 7.732328e-06 7.321148e-12 9.082803e-06 fanout1248
 4.432869e-06 4.639979e-06 7.189859e-12 9.072855e-06 clkbuf_leaf_72_core_clk
 4.438567e-06 4.633613e-06 7.189859e-12 9.072188e-06 clkbuf_leaf_83_core_clk
 4.419727e-06 4.645116e-06 7.189859e-12 9.064850e-06 clkbuf_leaf_51_core_clk
 4.428358e-06 4.636124e-06 7.189859e-12 9.064490e-06 clkbuf_leaf_97_core_clk
 4.418835e-06 4.618044e-06 7.189859e-12 9.036887e-06 clkbuf_leaf_6_core_clk
 4.418775e-06 4.616583e-06 7.189859e-12 9.035366e-06 clkbuf_leaf_0_core_clk
 4.429244e-06 4.601657e-06 7.189859e-12 9.030909e-06 clkbuf_leaf_151_core_clk
 4.439389e-06 4.585109e-06 7.189859e-12 9.024505e-06 clkbuf_leaf_136_core_clk
 4.410901e-06 4.589626e-06 7.189859e-12 9.000534e-06 clkbuf_leaf_46_core_clk
 4.405802e-06 4.590638e-06 7.189859e-12 8.996447e-06 clkbuf_leaf_191_core_clk
 4.427800e-06 4.555847e-06 7.189859e-12 8.983654e-06 clkbuf_leaf_135_core_clk
 4.417275e-06 4.562616e-06 7.189859e-12 8.979899e-06 clkbuf_leaf_106_core_clk
 4.399223e-06 4.564110e-06 7.189859e-12 8.963339e-06 clkbuf_leaf_181_core_clk
 4.416482e-06 4.542874e-06 7.189859e-12 8.959363e-06 clkbuf_leaf_63_core_clk
 4.398447e-06 4.537278e-06 7.189859e-12 8.935732e-06 clkbuf_leaf_183_core_clk
 4.398094e-06 4.526057e-06 7.189859e-12 8.924158e-06 clkbuf_leaf_184_core_clk
 4.426223e-06 4.492791e-06 7.189859e-12 8.919022e-06 clkbuf_leaf_152_core_clk
 4.424348e-06 4.489188e-06 7.189859e-12 8.913544e-06 clkbuf_leaf_15_core_clk
 4.435994e-06 4.462374e-06 7.189859e-12 8.898374e-06 clkbuf_leaf_137_core_clk
 4.397186e-06 4.500481e-06 7.189859e-12 8.897674e-06 clkbuf_leaf_176_core_clk
 4.403204e-06 4.471282e-06 7.189859e-12 8.874493e-06 clkbuf_leaf_199_core_clk
 4.425320e-06 4.427711e-06 7.189859e-12 8.853038e-06 clkbuf_leaf_148_core_clk
 4.446061e-06 4.381568e-06 7.189859e-12 8.827636e-06 clkbuf_leaf_1_core_clk
 4.423714e-06 4.403739e-06 7.189859e-12 8.827461e-06 clkbuf_leaf_155_core_clk
 4.406432e-06 4.417348e-06 7.189859e-12 8.823788e-06 clkbuf_leaf_45_core_clk
 4.424518e-06 4.382814e-06 7.189859e-12 8.807339e-06 clkbuf_leaf_92_core_clk
 4.424384e-06 4.379148e-06 7.189859e-12 8.803539e-06 clkbuf_leaf_23_core_clk
 4.423088e-06 4.345125e-06 7.189859e-12 8.768220e-06 clkbuf_leaf_145_core_clk
 4.394238e-06 4.372022e-06 7.189859e-12 8.766267e-06 clkbuf_leaf_209_core_clk
 4.422991e-06 4.341699e-06 7.189859e-12 8.764698e-06 clkbuf_leaf_144_core_clk
 4.404546e-06 4.359022e-06 7.189859e-12 8.763574e-06 clkbuf_leaf_32_core_clk
 4.393655e-06 4.360305e-06 7.189859e-12 8.753967e-06 clkbuf_leaf_164_core_clk
 4.403765e-06 4.331428e-06 7.189859e-12 8.735200e-06 clkbuf_leaf_34_core_clk
 4.442625e-06 4.260010e-06 7.189859e-12 8.702642e-06 clkbuf_leaf_2_core_clk
 4.418213e-06 4.254941e-06 7.189859e-12 8.673162e-06 clkbuf_leaf_119_core_clk
 4.425027e-06 4.234273e-06 7.189859e-12 8.659307e-06 clkbuf_leaf_108_core_clk
 4.387095e-06 4.260850e-06 7.189859e-12 8.647952e-06 clkbuf_leaf_185_core_clk
 4.391042e-06 4.247276e-06 7.189859e-12 8.638325e-06 clkbuf_leaf_182_core_clk
 4.386698e-06 4.250510e-06 7.189859e-12 8.637215e-06 clkbuf_leaf_190_core_clk
 4.407786e-06 4.210686e-06 7.189859e-12 8.618479e-06 clkbuf_leaf_43_core_clk
 4.440197e-06 4.173893e-06 7.189859e-12 8.614097e-06 clkbuf_leaf_98_core_clk
 4.426662e-06 4.121944e-06 7.189859e-12 8.548613e-06 clkbuf_leaf_133_core_clk
 4.425933e-06 4.101716e-06 7.189859e-12 8.527656e-06 clkbuf_leaf_142_core_clk
 4.383663e-06 4.125880e-06 7.189859e-12 8.509549e-06 clkbuf_leaf_192_core_clk
 4.383523e-06 4.101073e-06 7.189859e-12 8.484603e-06 clkbuf_leaf_188_core_clk
 4.385853e-06 4.057744e-06 7.189859e-12 8.443603e-06 clkbuf_leaf_170_core_clk
 4.418707e-06 4.007052e-06 7.189859e-12 8.425766e-06 clkbuf_leaf_221_core_clk
 1.334196e-06 7.091127e-06 7.321148e-12 8.425331e-06 fanout1249
 4.414602e-06 3.984123e-06 7.189859e-12 8.398732e-06 clkbuf_leaf_76_core_clk
 4.390291e-06 3.977550e-06 7.189859e-12 8.367849e-06 clkbuf_leaf_197_core_clk
 1.349922e-06 6.997735e-06 7.321148e-12 8.347663e-06 fanout1246
 1.342836e-06 7.001681e-06 7.321148e-12 8.344525e-06 fanout1242
 4.411853e-06 3.925461e-06 7.189859e-12 8.337322e-06 clkbuf_leaf_25_core_clk
 4.346074e-06 3.974060e-06 7.189859e-12 8.320141e-06 clkbuf_leaf_226_core_clk
 4.401560e-06 3.881382e-06 7.189859e-12 8.282950e-06 clkbuf_leaf_130_core_clk
 4.381262e-06 3.878493e-06 7.189859e-12 8.259762e-06 clkbuf_leaf_166_core_clk
 4.380943e-06 3.864739e-06 7.189859e-12 8.245689e-06 clkbuf_leaf_172_core_clk
 4.405440e-06 3.804972e-06 7.189859e-12 8.210419e-06 clkbuf_leaf_10_core_clk
 4.385610e-06 3.808570e-06 7.189859e-12 8.194187e-06 clkbuf_leaf_196_core_clk
 4.376340e-06 3.798179e-06 7.189859e-12 8.174527e-06 clkbuf_leaf_173_core_clk
 4.375821e-06 3.777716e-06 7.189859e-12 8.153545e-06 clkbuf_leaf_175_core_clk
 4.378858e-06 3.769199e-06 7.189859e-12 8.148064e-06 clkbuf_leaf_180_core_clk
 4.377638e-06 3.735219e-06 7.189859e-12 8.112865e-06 clkbuf_leaf_167_core_clk
 4.392964e-06 3.676496e-06 7.189859e-12 8.069466e-06 clkbuf_leaf_59_core_clk
 1.344270e-06 6.706997e-06 7.321148e-12 8.051275e-06 fanout1247
 4.341995e-06 3.694801e-06 7.189859e-12 8.036803e-06 clkbuf_leaf_224_core_clk
 4.394907e-06 3.641789e-06 7.189859e-12 8.036703e-06 clkbuf_leaf_127_core_clk
 4.407427e-06 3.604671e-06 7.189859e-12 8.012105e-06 clkbuf_leaf_219_core_clk
 4.374600e-06 3.617533e-06 7.189859e-12 7.992141e-06 clkbuf_leaf_165_core_clk
 4.373741e-06 3.572888e-06 7.189859e-12 7.946635e-06 clkbuf_leaf_210_core_clk
 4.373236e-06 3.563335e-06 7.189859e-12 7.936578e-06 clkbuf_leaf_171_core_clk
 4.371861e-06 3.508161e-06 7.189859e-12 7.880030e-06 clkbuf_leaf_168_core_clk
 4.376653e-06 3.466803e-06 7.189859e-12 7.843463e-06 clkbuf_leaf_195_core_clk
 4.365294e-06 3.431802e-06 7.189859e-12 7.797104e-06 clkbuf_leaf_189_core_clk
 4.338245e-06 3.446314e-06 7.189859e-12 7.784567e-06 clkbuf_leaf_222_core_clk
 4.335399e-06 3.414738e-06 7.189859e-12 7.750145e-06 clkbuf_leaf_225_core_clk
 4.329617e-06 3.315430e-06 7.189859e-12 7.645054e-06 clkbuf_leaf_223_core_clk
 7.695413e-07 5.608811e-06 6.977963e-12 6.378359e-06 fanout1355
 6.735656e-07 5.541396e-06 4.489196e-12 6.214966e-06 fanout1261
 6.908479e-07 5.474974e-06 7.321148e-12 6.165829e-06 fanout1239
 6.739169e-07 5.377904e-06 4.489196e-12 6.051826e-06 fanout1279
 6.751208e-07 4.970189e-06 4.489196e-12 5.645314e-06 fanout1267
 6.760397e-07 4.770122e-06 4.489196e-12 5.446167e-06 fanout1290
 6.775407e-07 4.566453e-06 4.489196e-12 5.243999e-06 fanout1262
 6.839757e-07 4.558355e-06 4.489196e-12 5.242335e-06 fanout1302
 6.775723e-07 4.564424e-06 4.489196e-12 5.242000e-06 fanout1260
 5.556913e-07 4.671133e-06 7.277443e-12 5.226831e-06 fanout1331
 6.785119e-07 4.541166e-06 4.489196e-12 5.219682e-06 fanout1252
 6.782324e-07 4.455999e-06 4.489196e-12 5.134236e-06 fanout1268
 6.790066e-07 4.402649e-06 4.489196e-12 5.081660e-06 fanout1255
 6.694848e-07 4.392869e-06 7.321148e-12 5.062362e-06 fanout1229
 6.815526e-07 4.309264e-06 4.489196e-12 4.990821e-06 fanout1291
 6.778141e-07 4.288450e-06 4.489196e-12 4.966269e-06 fanout1289
 6.778022e-07 4.224922e-06 4.489196e-12 4.902729e-06 fanout1258
 6.795674e-07 4.212069e-06 4.489196e-12 4.891641e-06 fanout1273
 6.825064e-07 4.176880e-06 4.489196e-12 4.859391e-06 fanout1285
 6.787595e-07 4.174762e-06 4.489196e-12 4.853526e-06 fanout1282
 6.636931e-07 4.152284e-06 7.154983e-12 4.815985e-06 fanout448
 6.793866e-07 4.125167e-06 4.489196e-12 4.804559e-06 fanout1259
 6.801777e-07 4.115292e-06 4.489196e-12 4.795475e-06 fanout1298
 6.798097e-07 4.040986e-06 4.489196e-12 4.720800e-06 fanout1310
 6.689860e-07 4.033176e-06 7.321148e-12 4.702169e-06 fanout1232
 6.798653e-07 4.013176e-06 4.489196e-12 4.693045e-06 fanout1304
 6.830824e-07 3.904434e-06 4.489196e-12 4.587521e-06 fanout1293
 6.813667e-07 3.877563e-06 4.489196e-12 4.558934e-06 fanout1272
 6.806362e-07 3.838065e-06 4.489196e-12 4.518706e-06 fanout1308
 6.808356e-07 3.813727e-06 4.489196e-12 4.494567e-06 fanout1269
 6.799498e-07 3.802531e-06 4.489196e-12 4.482486e-06 fanout1300
 6.873333e-07 3.734821e-06 4.489196e-12 4.422159e-06 fanout1313
 6.817380e-07 3.735115e-06 4.489196e-12 4.416857e-06 fanout1297
 6.803517e-07 3.704455e-06 4.489196e-12 4.384811e-06 fanout1286
 6.829855e-07 3.695201e-06 4.489196e-12 4.378191e-06 fanout1309
 6.787351e-07 3.684997e-06 4.489196e-12 4.363737e-06 fanout1244
 6.698920e-07 3.513244e-06 7.321148e-12 4.183143e-06 fanout1234
 6.885346e-07 3.480377e-06 4.489196e-12 4.168916e-06 fanout1314
 4.101981e-06 0.000000e+00 7.189859e-12 4.101988e-06 clkload58
 4.101872e-06 0.000000e+00 7.189859e-12 4.101879e-06 clkload61
 4.101283e-06 0.000000e+00 7.189859e-12 4.101290e-06 clkload55
 4.100825e-06 0.000000e+00 7.189859e-12 4.100832e-06 clkload74
 4.099938e-06 0.000000e+00 7.189859e-12 4.099945e-06 clkload123
 4.099662e-06 0.000000e+00 7.189859e-12 4.099670e-06 clkload153
 4.099565e-06 0.000000e+00 7.189859e-12 4.099572e-06 clkload169
 4.099042e-06 0.000000e+00 7.189859e-12 4.099049e-06 clkload137
 4.099033e-06 0.000000e+00 7.189859e-12 4.099040e-06 clkload76
 4.099016e-06 0.000000e+00 7.189859e-12 4.099023e-06 clkload38
 4.098758e-06 0.000000e+00 7.189859e-12 4.098766e-06 clkload205
 4.098488e-06 0.000000e+00 7.189859e-12 4.098496e-06 clkload114
 4.098475e-06 0.000000e+00 7.189859e-12 4.098482e-06 clkload113
 4.098277e-06 0.000000e+00 7.189859e-12 4.098285e-06 clkload203
 4.097722e-06 0.000000e+00 7.189859e-12 4.097729e-06 clkload91
 4.097650e-06 0.000000e+00 7.189859e-12 4.097657e-06 clkload160
 4.097536e-06 0.000000e+00 7.189859e-12 4.097544e-06 clkload156
 4.097520e-06 0.000000e+00 7.189859e-12 4.097527e-06 clkload57
 4.097224e-06 0.000000e+00 7.189859e-12 4.097231e-06 clkload164
 4.097149e-06 0.000000e+00 7.189859e-12 4.097157e-06 clkload118
 4.096900e-06 0.000000e+00 7.189859e-12 4.096907e-06 clkload181
 4.096858e-06 0.000000e+00 7.189859e-12 4.096865e-06 clkload148
 4.096812e-06 0.000000e+00 7.189859e-12 4.096819e-06 clkload112
 4.096720e-06 0.000000e+00 7.189859e-12 4.096727e-06 clkload105
 4.096532e-06 0.000000e+00 7.189859e-12 4.096539e-06 clkload82
 4.096267e-06 0.000000e+00 7.189859e-12 4.096275e-06 clkload144
 4.095940e-06 0.000000e+00 7.189859e-12 4.095947e-06 clkload192
 4.095923e-06 0.000000e+00 7.189859e-12 4.095931e-06 clkload100
 4.095796e-06 0.000000e+00 7.189859e-12 4.095803e-06 clkload124
 4.094877e-06 0.000000e+00 7.189859e-12 4.094884e-06 clkload176
 4.094285e-06 0.000000e+00 7.189859e-12 4.094293e-06 clkload179
 4.093263e-06 0.000000e+00 7.189859e-12 4.093270e-06 clkload173
 4.092246e-06 0.000000e+00 7.189859e-12 4.092254e-06 clkload188
 4.080690e-06 0.000000e+00 7.189859e-12 4.080697e-06 clkload19
 4.075804e-06 0.000000e+00 7.189859e-12 4.075811e-06 clkload27
 4.075722e-06 0.000000e+00 7.189859e-12 4.075729e-06 clkload16
 4.075555e-06 0.000000e+00 7.189859e-12 4.075563e-06 clkload15
 6.824667e-07 3.385882e-06 4.489196e-12 4.068354e-06 fanout1312
 6.834288e-07 3.149660e-06 4.489196e-12 3.833093e-06 fanout1315
 3.808622e-07 3.206187e-06 1.400957e-11 3.587063e-06 fanout614
 3.830746e-07 3.177993e-06 1.400957e-11 3.561082e-06 fanout705
 3.825258e-07 3.114543e-06 1.400957e-11 3.497082e-06 fanout617
 3.782344e-07 3.081971e-06 4.604562e-12 3.460209e-06 fanout334
 3.659291e-07 3.041745e-06 4.596762e-12 3.407678e-06 fanout328
 3.809185e-07 2.967259e-06 1.400957e-11 3.348192e-06 fanout576
 3.933011e-07 2.948841e-06 7.457957e-12 3.342150e-06 fanout1087
 3.712071e-07 2.954698e-06 4.603816e-12 3.325910e-06 fanout360
 3.784573e-07 2.851734e-06 4.600227e-12 3.230196e-06 fanout298
 3.323549e-07 2.856158e-06 1.061587e-11 3.188523e-06 fanout578
 3.885514e-07 2.775479e-06 1.400957e-11 3.164044e-06 fanout536
 3.358504e-07 2.815701e-06 4.489196e-12 3.151556e-06 fanout1230
 3.850178e-07 2.735191e-06 1.400957e-11 3.120223e-06 fanout573
 3.511185e-07 2.767218e-06 4.619161e-12 3.118341e-06 fanout354
 3.436183e-07 2.768666e-06 4.638059e-12 3.112289e-06 fanout397
 3.111579e-06 0.000000e+00 1.141073e-11 3.111591e-06 clkload3
 3.566314e-07 2.748109e-06 4.604598e-12 3.104745e-06 fanout356
 3.102837e-06 0.000000e+00 1.141073e-11 3.102848e-06 clkload4
 3.850319e-07 2.716148e-06 1.400957e-11 3.101194e-06 fanout586
 3.094686e-06 0.000000e+00 1.141073e-11 3.094698e-06 clkload5
 3.093809e-06 0.000000e+00 1.141073e-11 3.093820e-06 clkload6
 3.323728e-07 2.746673e-06 1.061587e-11 3.079057e-06 fanout545
 3.078517e-06 0.000000e+00 1.141073e-11 3.078528e-06 clkload1
 3.854117e-07 2.687904e-06 1.400957e-11 3.073330e-06 fanout543
 3.065029e-06 0.000000e+00 1.141073e-11 3.065040e-06 clkload2
 3.058207e-06 0.000000e+00 1.141073e-11 3.058218e-06 clkload7
 3.346275e-07 2.670046e-06 1.061587e-11 3.004684e-06 fanout538
 3.609491e-07 2.612002e-06 4.602982e-12 2.972956e-06 fanout403
 3.743904e-07 2.579691e-06 4.593088e-12 2.954085e-06 fanout413
 3.351067e-07 2.599650e-06 1.061587e-11 2.934768e-06 fanout588
 3.657748e-07 2.523139e-06 4.599493e-12 2.888918e-06 fanout340
 3.441617e-07 2.501329e-06 4.607157e-12 2.845495e-06 fanout292
 3.627629e-07 2.475331e-06 4.595599e-12 2.838099e-06 fanout411
 3.657559e-07 2.441775e-06 4.599237e-12 2.807536e-06 fanout304
 3.560771e-07 2.409919e-06 4.604807e-12 2.766001e-06 fanout330
 3.717347e-07 2.372986e-06 4.602326e-12 2.744726e-06 fanout409
 3.605660e-07 2.366694e-06 4.606411e-12 2.727265e-06 fanout129
 3.706974e-07 2.327230e-06 4.595826e-12 2.697932e-06 fanout296
 3.951532e-07 2.274337e-06 4.780882e-12 2.669495e-06 fanout1356
 3.852239e-07 2.278841e-06 3.953518e-12 2.664069e-06 fanout1294
 3.432236e-07 2.313833e-06 4.592850e-12 2.657061e-06 fanout399
 3.500818e-07 2.293351e-06 4.604575e-12 2.643438e-06 fanout127
 3.218416e-07 2.319638e-06 4.625083e-12 2.641484e-06 fanout395
 3.643961e-07 2.274998e-06 4.599821e-12 2.639399e-06 fanout344
 3.585524e-07 2.246362e-06 4.605409e-12 2.604919e-06 fanout133
 3.718139e-07 2.224001e-06 4.602237e-12 2.595820e-06 fanout362
 3.627940e-07 2.229838e-06 4.598921e-12 2.592637e-06 fanout302
 3.318341e-07 2.239187e-06 7.321148e-12 2.571029e-06 fanout1227
 3.848903e-07 2.180662e-06 6.977963e-12 2.565560e-06 fanout1353
 3.667312e-07 2.174292e-06 4.600930e-12 2.541028e-06 fanout306
 3.658532e-07 2.163709e-06 4.597185e-12 2.529567e-06 fanout338
 3.778672e-07 2.135282e-06 4.602528e-12 2.513154e-06 fanout342
 3.746651e-07 2.083168e-06 4.605844e-12 2.457838e-06 fanout346
 3.705922e-07 2.074268e-06 4.595688e-12 2.444865e-06 fanout131
 3.726973e-07 2.070624e-06 4.603345e-12 2.443325e-06 fanout308
 3.828609e-07 2.052035e-06 1.400957e-11 2.434910e-06 fanout611
 3.706797e-07 2.048284e-06 4.597018e-12 2.418969e-06 fanout336
 3.604767e-07 2.052084e-06 4.602088e-12 2.412565e-06 fanout407
 3.820638e-07 1.995474e-06 1.400957e-11 2.377552e-06 fanout580
 3.725530e-07 1.996704e-06 4.596172e-12 2.369262e-06 fanout135
 3.610368e-07 1.999149e-06 4.597453e-12 2.360190e-06 fanout310
 3.862134e-07 1.943391e-06 3.953518e-12 2.329608e-06 fanout1296
 3.470388e-07 1.964307e-06 4.598623e-12 2.311350e-06 fanout290
 3.694668e-07 1.925587e-06 4.590435e-12 2.295058e-06 fanout405
 3.327288e-07 1.937593e-06 4.632305e-12 2.270326e-06 fanout1213
 3.334780e-07 1.904839e-06 1.061587e-11 2.238328e-06 fanout682
 3.718364e-07 1.839778e-06 4.601837e-12 2.211619e-06 fanout300
 3.545575e-07 1.849142e-06 4.599332e-12 2.203704e-06 fanout294
 2.039457e-07 1.995664e-06 4.146495e-12 2.199614e-06 fanout329
 3.865255e-07 1.804674e-06 3.953518e-12 2.191204e-06 fanout1265
 1.967457e-07 1.968648e-06 4.186681e-12 2.165398e-06 fanout355
 3.865582e-07 1.772945e-06 3.953518e-12 2.159507e-06 fanout1281
 1.932864e-07 1.950704e-06 7.486356e-12 2.143998e-06 fanout592
 3.327232e-07 1.803125e-06 1.061587e-11 2.135859e-06 fanout504
 3.855996e-07 1.741199e-06 3.953518e-12 2.126802e-06 fanout1256
 1.936527e-07 1.929201e-06 4.220586e-12 2.122858e-06 fanout398
 1.691583e-07 1.952242e-06 6.913889e-12 2.121407e-06 fanout1182
 3.833528e-07 1.735766e-06 1.400957e-11 2.119133e-06 fanout583
 2.118069e-06 0.000000e+00 4.600784e-12 2.118073e-06 clkload29
 2.116936e-06 0.000000e+00 4.600784e-12 2.116941e-06 clkload60
 2.116499e-06 0.000000e+00 4.600784e-12 2.116504e-06 clkload170
 2.116411e-06 0.000000e+00 4.600784e-12 2.116415e-06 clkload31
 2.116384e-06 0.000000e+00 4.600784e-12 2.116389e-06 clkload69
 2.116327e-06 0.000000e+00 4.600784e-12 2.116332e-06 clkload73
 2.116302e-06 0.000000e+00 4.600784e-12 2.116307e-06 clkload72
 2.116162e-06 0.000000e+00 4.600784e-12 2.116166e-06 clkload171
 2.115974e-06 0.000000e+00 4.600784e-12 2.115979e-06 clkload155
 2.115863e-06 0.000000e+00 4.600784e-12 2.115867e-06 clkload191
 2.115756e-06 0.000000e+00 4.600784e-12 2.115760e-06 clkload168
 2.115728e-06 0.000000e+00 4.600784e-12 2.115733e-06 clkload193
 2.115647e-06 0.000000e+00 4.600784e-12 2.115652e-06 clkload95
 2.115347e-06 0.000000e+00 4.600784e-12 2.115351e-06 clkload56
 2.114937e-06 0.000000e+00 4.600784e-12 2.114941e-06 clkload120
 2.114921e-06 0.000000e+00 4.600784e-12 2.114926e-06 clkload195
 2.114896e-06 0.000000e+00 4.600784e-12 2.114900e-06 clkload210
 2.114499e-06 0.000000e+00 4.600784e-12 2.114504e-06 clkload116
 2.114446e-06 0.000000e+00 4.600784e-12 2.114450e-06 clkload121
 2.114412e-06 0.000000e+00 4.600784e-12 2.114416e-06 clkload189
 2.114365e-06 0.000000e+00 4.600784e-12 2.114370e-06 clkload81
 2.114270e-06 0.000000e+00 4.600784e-12 2.114274e-06 clkload111
 2.114114e-06 0.000000e+00 4.600784e-12 2.114119e-06 clkload206
 2.113986e-06 0.000000e+00 4.600784e-12 2.113990e-06 clkload109
 2.113929e-06 0.000000e+00 4.600784e-12 2.113933e-06 clkload87
 2.113211e-06 0.000000e+00 4.600784e-12 2.113216e-06 clkload208
 2.113203e-06 0.000000e+00 4.600784e-12 2.113208e-06 clkload143
 2.113195e-06 0.000000e+00 4.600784e-12 2.113200e-06 clkload158
 2.112955e-06 0.000000e+00 4.600784e-12 2.112960e-06 clkload162
 2.112743e-06 0.000000e+00 4.600784e-12 2.112747e-06 clkload166
 2.112631e-06 0.000000e+00 4.600784e-12 2.112635e-06 clkload183
 2.111288e-06 0.000000e+00 4.600784e-12 2.111292e-06 clkload46
 2.094681e-07 1.898199e-06 4.156841e-12 2.107671e-06 fanout343
 2.105223e-06 0.000000e+00 4.600784e-12 2.105227e-06 clkload12
 3.872645e-07 1.697916e-06 3.953518e-12 2.085184e-06 fanout1288
 1.693035e-07 1.908610e-06 6.913889e-12 2.077920e-06 fanout1146
 7.464491e-08 1.980275e-06 5.018460e-12 2.054925e-06 _06703_
 3.885211e-07 1.658108e-06 3.953518e-12 2.046633e-06 fanout1303
 3.251487e-07 1.720880e-06 4.690301e-12 2.046033e-06 fanout1320
 3.331961e-07 1.615711e-06 1.061587e-11 1.948918e-06 fanout619
 1.708125e-07 1.761626e-06 6.914072e-12 1.932445e-06 fanout1191
 3.231836e-07 1.602310e-06 4.579288e-12 1.925498e-06 fanout326
 1.916635e-07 1.730293e-06 6.977963e-12 1.921964e-06 fanout1347
 1.955317e-07 1.702789e-06 4.372918e-12 1.898325e-06 fanout1040
 1.956589e-07 1.697947e-06 4.372918e-12 1.893610e-06 fanout958
 2.047199e-07 1.685554e-06 4.828591e-12 1.890279e-06 fanout1076
 1.956465e-07 1.686846e-06 4.733173e-12 1.882497e-06 fanout1000
 1.724518e-07 1.673500e-06 6.913889e-12 1.845958e-06 fanout1164
 2.103651e-07 1.630329e-06 4.139905e-12 1.840698e-06 fanout414
 2.732641e-07 1.553451e-06 4.526344e-12 1.826720e-06 fanout1326
 2.713037e-07 1.533987e-06 4.526344e-12 1.805295e-06 fanout1327
 1.958889e-07 1.602636e-06 4.372918e-12 1.798529e-06 fanout1085
 1.957851e-07 1.599360e-06 4.372918e-12 1.795150e-06 fanout1039
 1.695327e-07 1.600491e-06 6.913889e-12 1.770030e-06 fanout1173
 1.961678e-07 1.529068e-06 4.372918e-12 1.725240e-06 fanout1081
 1.957219e-07 1.527194e-06 4.569454e-12 1.722920e-06 fanout194
 1.931404e-07 1.528799e-06 7.486356e-12 1.721947e-06 fanout656
 1.960650e-07 1.525405e-06 4.733173e-12 1.721474e-06 fanout999
 3.773464e-07 1.338415e-06 4.597489e-12 1.715766e-06 fanout358
 1.962473e-07 1.515619e-06 4.733173e-12 1.711872e-06 fanout998
 1.931449e-07 1.518020e-06 7.486356e-12 1.711172e-06 fanout698
 1.963500e-07 1.502018e-06 4.372918e-12 1.698372e-06 fanout1038
 1.965743e-07 1.501761e-06 4.372918e-12 1.698340e-06 fanout957
 2.074264e-07 1.486418e-06 4.135144e-12 1.693848e-06 fanout406
 1.971421e-07 1.482777e-06 4.468336e-12 1.679924e-06 fanout1035
 2.068610e-07 1.459707e-06 4.150936e-12 1.666572e-06 fanout305
 1.963937e-07 1.468981e-06 4.372918e-12 1.665379e-06 fanout1079
 1.962696e-07 1.463660e-06 4.733173e-12 1.659934e-06 fanout997
 1.965124e-07 1.451548e-06 4.372918e-12 1.648065e-06 fanout955
 1.969037e-07 1.449839e-06 4.372918e-12 1.646747e-06 fanout1099
 1.969813e-07 1.448130e-06 4.733173e-12 1.645116e-06 fanout1011
 2.999415e-07 1.339971e-06 4.530226e-12 1.639917e-06 fanout1335
 1.965918e-07 1.438521e-06 4.372918e-12 1.635117e-06 fanout1077
 1.938050e-07 1.440669e-06 4.139477e-12 1.634478e-06 fanout400
 1.628692e-06 0.000000e+00 6.891881e-12 1.628698e-06 clkload130
 1.626092e-06 0.000000e+00 6.891881e-12 1.626099e-06 clkload132
 1.969966e-07 1.427652e-06 4.372918e-12 1.624653e-06 fanout1043
 1.967689e-07 1.426959e-06 4.828591e-12 1.623733e-06 fanout981
 1.968670e-07 1.425938e-06 4.372918e-12 1.622809e-06 fanout962
 1.966891e-07 1.412324e-06 4.733173e-12 1.609018e-06 fanout996
 1.977866e-07 1.406154e-06 4.621284e-12 1.603945e-06 fanout216
 1.678344e-07 1.431625e-06 6.913889e-12 1.599467e-06 fanout1138
 1.970932e-07 1.396936e-06 4.468336e-12 1.594034e-06 fanout1021
 2.743091e-07 1.312942e-06 4.526344e-12 1.587256e-06 fanout1325
 2.057735e-07 1.381024e-06 4.154926e-12 1.586801e-06 fanout333
 1.967081e-07 1.388978e-06 4.372918e-12 1.585690e-06 fanout1086
 1.927532e-07 1.387822e-06 7.486356e-12 1.580583e-06 fanout505
 1.969242e-07 1.377654e-06 4.828591e-12 1.574583e-06 fanout1114
 1.969138e-07 1.376510e-06 4.733173e-12 1.573429e-06 fanout1004
 1.969582e-07 1.372912e-06 4.828591e-12 1.569875e-06 fanout1112
 1.967941e-07 1.365637e-06 4.372918e-12 1.562436e-06 fanout1084
 1.970116e-07 1.357458e-06 4.828591e-12 1.554475e-06 fanout1113
 1.662328e-07 1.382209e-06 6.914072e-12 1.548449e-06 fanout1186
 1.657914e-07 1.375223e-06 6.913889e-12 1.541021e-06 fanout1150
 1.974210e-07 1.343207e-06 4.468336e-12 1.540633e-06 fanout1031
 2.060873e-07 1.328520e-06 4.147255e-12 1.534611e-06 fanout339
 1.658086e-07 1.366453e-06 6.913889e-12 1.532269e-06 fanout1141
 1.969083e-07 1.334563e-06 4.372918e-12 1.531475e-06 fanout1080
 1.973202e-07 1.331157e-06 4.733173e-12 1.528482e-06 fanout1006
 1.903549e-07 1.335349e-06 7.486356e-12 1.525712e-06 fanout628
 1.971334e-07 1.328439e-06 4.828591e-12 1.525577e-06 fanout1102
 1.974907e-07 1.328036e-06 4.828591e-12 1.525531e-06 fanout1072
 1.927109e-07 1.330307e-06 7.486356e-12 1.523025e-06 fanout520
 1.975112e-07 1.319260e-06 4.828591e-12 1.516776e-06 fanout1073
 2.050896e-07 1.311107e-06 4.150368e-12 1.516201e-06 fanout303
 1.957973e-07 1.320195e-06 4.569454e-12 1.515997e-06 fanout196
 1.820942e-07 1.332699e-06 4.197305e-12 1.514797e-06 fanout396
 2.077463e-07 1.300153e-06 4.151395e-12 1.507903e-06 fanout341
 1.971882e-07 1.305124e-06 4.733173e-12 1.502317e-06 fanout1003
 1.975090e-07 1.297552e-06 4.372918e-12 1.495065e-06 fanout1045
 1.921266e-07 1.299693e-06 6.977963e-12 1.491827e-06 fanout1351
 1.928296e-07 1.293326e-06 7.486356e-12 1.486163e-06 fanout630
 1.976800e-07 1.286429e-06 4.372918e-12 1.484113e-06 fanout1054
 2.001747e-07 1.280778e-06 4.605266e-12 1.480957e-06 fanout207
 1.969594e-07 1.282343e-06 4.828591e-12 1.479308e-06 fanout1062
 1.971333e-07 1.280990e-06 4.468336e-12 1.478128e-06 fanout1033
 1.987093e-07 1.267421e-06 4.621284e-12 1.466135e-06 fanout217
 1.967248e-07 1.266527e-06 4.372918e-12 1.463256e-06 fanout1046
 1.972382e-07 1.258615e-06 4.468336e-12 1.455858e-06 fanout1032
 1.921166e-07 1.260316e-06 7.486356e-12 1.452440e-06 fanout687
 1.977129e-07 1.252701e-06 4.468336e-12 1.450418e-06 fanout1019
 1.993043e-07 1.247195e-06 4.607842e-12 1.446504e-06 fanout247
 1.978922e-07 1.246271e-06 4.828591e-12 1.444168e-06 fanout1067
 1.976223e-07 1.246385e-06 4.828591e-12 1.444012e-06 fanout1103
 1.917216e-07 1.248401e-06 7.486356e-12 1.440130e-06 fanout664
 1.978417e-07 1.240382e-06 4.828591e-12 1.438229e-06 fanout992
 1.909381e-07 1.246822e-06 7.486356e-12 1.437768e-06 fanout553
 1.973088e-07 1.239984e-06 4.372918e-12 1.437298e-06 fanout1036
 1.977141e-07 1.239477e-06 4.372918e-12 1.437195e-06 fanout1093
 1.974928e-07 1.239502e-06 4.372918e-12 1.436999e-06 fanout1049
 1.977220e-07 1.238478e-06 4.372918e-12 1.436204e-06 fanout1055
 1.921120e-07 1.241558e-06 7.486356e-12 1.433677e-06 fanout653
 1.975544e-07 1.226051e-06 4.828591e-12 1.423610e-06 fanout1060
 1.891101e-07 1.231202e-06 7.486356e-12 1.420319e-06 fanout561
 1.954817e-07 1.217391e-06 4.616209e-12 1.412877e-06 fanout260
 1.917713e-07 1.218549e-06 7.486356e-12 1.410328e-06 fanout675
 1.923922e-07 1.214066e-06 7.486356e-12 1.406466e-06 fanout481
 1.665830e-07 1.234944e-06 6.913889e-12 1.401534e-06 fanout1174
 1.977636e-07 1.201928e-06 4.372918e-12 1.399696e-06 fanout972
 1.979782e-07 1.200046e-06 4.372918e-12 1.398028e-06 fanout1082
 1.834181e-07 1.212349e-06 4.314309e-12 1.395772e-06 fanout1321
 1.979281e-07 1.195814e-06 4.468336e-12 1.393747e-06 fanout1023
 1.952923e-07 1.198382e-06 7.401824e-12 1.393681e-06 fanout1221
 1.981631e-07 1.193333e-06 4.828591e-12 1.391501e-06 fanout990
 1.979561e-07 1.192611e-06 4.372918e-12 1.390571e-06 fanout968
 1.976775e-07 1.187972e-06 4.828591e-12 1.385654e-06 fanout1071
 2.092876e-07 1.172654e-06 4.144816e-12 1.381946e-06 fanout297
 1.987481e-07 1.176822e-06 4.372918e-12 1.375575e-06 fanout1096
 1.977204e-07 1.175037e-06 4.733173e-12 1.372762e-06 fanout1005
 1.980386e-07 1.173699e-06 4.372918e-12 1.371742e-06 fanout966
 1.980447e-07 1.169250e-06 4.372918e-12 1.367299e-06 fanout1089
 1.965668e-07 1.169266e-06 4.595909e-12 1.365837e-06 fanout265
 1.920538e-07 1.163840e-06 7.486356e-12 1.355901e-06 fanout528
 1.968716e-07 1.155016e-06 4.596630e-12 1.351892e-06 fanout245
 1.980510e-07 1.153751e-06 4.372918e-12 1.351806e-06 fanout1056
 1.981421e-07 1.152939e-06 4.828591e-12 1.351086e-06 fanout1108
 2.000362e-07 1.146750e-06 4.605266e-12 1.346791e-06 fanout208
 1.682960e-07 1.177704e-06 6.889794e-12 1.346007e-06 fanout658
 1.976680e-07 1.147299e-06 4.372918e-12 1.344971e-06 fanout1095
 1.978317e-07 1.143447e-06 4.733173e-12 1.341284e-06 fanout1002
 1.981597e-07 1.141910e-06 4.372918e-12 1.340074e-06 fanout1091
 1.981343e-07 1.139495e-06 4.828591e-12 1.337634e-06 fanout988
 1.981108e-07 1.137586e-06 4.733173e-12 1.335701e-06 fanout1007
 1.978263e-07 1.137837e-06 4.733173e-12 1.335668e-06 fanout1001
 1.904006e-07 1.144119e-06 7.486356e-12 1.334527e-06 fanout695
 1.979107e-07 1.130150e-06 4.828591e-12 1.328065e-06 fanout1101
 1.982870e-07 1.129195e-06 4.733173e-12 1.327487e-06 fanout1015
 1.649650e-07 1.159702e-06 6.889794e-12 1.324674e-06 fanout563
 1.979794e-07 1.119911e-06 4.372918e-12 1.317894e-06 fanout1052
 1.743906e-07 1.138824e-06 4.378941e-12 1.313219e-06 fanout113
 1.671354e-07 1.143255e-06 6.913889e-12 1.310397e-06 fanout1149
 1.982856e-07 1.112101e-06 4.372918e-12 1.310391e-06 fanout970
 1.919158e-07 1.118205e-06 7.486356e-12 1.310128e-06 fanout711
 1.957897e-07 1.111197e-06 7.401824e-12 1.306994e-06 fanout1218
 1.921033e-07 1.111638e-06 7.486356e-12 1.303749e-06 fanout671
 1.982695e-07 1.101841e-06 4.372918e-12 1.300115e-06 fanout1058
 1.978996e-07 1.100468e-06 4.372918e-12 1.298372e-06 fanout1042
 1.990405e-07 1.096490e-06 4.733173e-12 1.295536e-06 fanout1014
 1.988787e-07 1.090943e-06 4.372918e-12 1.289826e-06 fanout1088
 1.985414e-07 1.090467e-06 4.828591e-12 1.289013e-06 fanout1064
 1.918916e-07 1.096175e-06 7.486356e-12 1.288074e-06 fanout546
 1.984224e-07 1.087924e-06 4.468336e-12 1.286351e-06 fanout1029
 1.984178e-07 1.085659e-06 4.828591e-12 1.284082e-06 fanout1105
 1.981508e-07 1.085600e-06 4.372918e-12 1.283755e-06 fanout964
 1.983926e-07 1.084870e-06 4.828591e-12 1.283267e-06 fanout1110
 1.659381e-07 1.116267e-06 7.490005e-12 1.282213e-06 fanout720
 1.921459e-07 1.087091e-06 7.486356e-12 1.279245e-06 fanout715
 1.675722e-07 1.111331e-06 6.889794e-12 1.278911e-06 fanout677
 1.990034e-07 1.079545e-06 4.828591e-12 1.278553e-06 fanout1106
 1.998258e-07 1.073849e-06 4.610257e-12 1.273679e-06 fanout198
 1.958276e-07 1.072675e-06 7.401824e-12 1.268510e-06 fanout1219
 1.991750e-07 1.064673e-06 4.372918e-12 1.263852e-06 fanout1051
 1.984625e-07 1.062857e-06 4.828591e-12 1.261324e-06 fanout983
 1.992722e-07 1.061823e-06 4.613586e-12 1.261100e-06 fanout236
 1.666647e-07 1.084477e-06 6.889794e-12 1.251148e-06 fanout483
 1.921074e-07 1.055235e-06 7.486356e-12 1.247350e-06 fanout549
 1.919469e-07 1.045787e-06 7.486356e-12 1.237742e-06 fanout718
 1.985425e-07 1.032909e-06 4.733173e-12 1.231457e-06 fanout1010
 1.748240e-07 1.054261e-06 4.378941e-12 1.229089e-06 fanout119
 1.993446e-07 1.028495e-06 4.613586e-12 1.227844e-06 fanout233
 1.669747e-07 1.053862e-06 7.176580e-12 1.220844e-06 fanout1137
 1.987497e-07 1.015192e-06 4.828591e-12 1.213947e-06 fanout1065
 1.986592e-07 1.014900e-06 4.828591e-12 1.213564e-06 fanout1069
 1.985978e-07 1.009504e-06 4.372918e-12 1.208106e-06 fanout974
 1.987437e-07 1.009108e-06 4.372918e-12 1.207856e-06 fanout960
 1.994892e-07 1.006891e-06 4.613586e-12 1.206385e-06 fanout234
 2.162940e-07 9.897860e-07 4.160490e-12 1.206084e-06 fanout335
 1.751714e-07 1.025920e-06 4.378941e-12 1.201096e-06 fanout121
 1.991438e-07 9.947549e-07 4.372918e-12 1.193903e-06 fanout967
 2.739947e-07 9.196779e-07 4.526344e-12 1.193677e-06 fanout1328
 2.095880e-07 9.783074e-07 4.146955e-12 1.187900e-06 fanout337
 1.994963e-07 9.812752e-07 4.372918e-12 1.180776e-06 fanout1090
 1.672199e-07 1.012519e-06 6.913889e-12 1.179745e-06 fanout1147
 1.708602e-07 1.006112e-06 4.489196e-12 1.176976e-06 fanout1228
 1.665420e-07 1.008303e-06 6.889794e-12 1.174851e-06 fanout697
 1.106250e-07 1.064060e-06 4.097504e-12 1.174689e-06 fanout197
 1.666432e-07 9.948527e-07 6.913889e-12 1.161503e-06 fanout1156
 2.008082e-07 9.565800e-07 4.605266e-12 1.157393e-06 fanout206
 1.749639e-07 9.792707e-07 4.378941e-12 1.154239e-06 fanout115
 2.095394e-07 9.442409e-07 4.144569e-12 1.153784e-06 fanout132
 1.990184e-07 9.460219e-07 4.733173e-12 1.145045e-06 fanout1013
 2.329373e-07 9.094018e-07 4.401126e-12 1.142344e-06 fanout125
 2.002535e-07 9.353640e-07 4.733173e-12 1.135622e-06 fanout1009
 1.952843e-07 9.397922e-07 6.977963e-12 1.135083e-06 fanout1348
 1.998985e-07 9.333521e-07 4.372918e-12 1.133255e-06 fanout1057
 1.667332e-07 9.607274e-07 7.490005e-12 1.127468e-06 fanout554
 1.669751e-07 9.522648e-07 6.914072e-12 1.119247e-06 fanout1185
 2.110604e-07 9.016483e-07 4.156478e-12 1.112713e-06 fanout410
 1.867033e-07 9.233271e-07 4.534132e-12 1.110035e-06 fanout187
 2.122788e-07 8.956700e-07 4.162789e-12 1.107953e-06 fanout347
 1.670847e-07 9.295094e-07 7.490005e-12 1.096602e-06 fanout629
 1.656352e-07 9.231173e-07 6.913889e-12 1.088760e-06 fanout1144
 2.115177e-07 8.714672e-07 4.158307e-12 1.082989e-06 fanout309
 2.031314e-07 8.757277e-07 4.160928e-12 1.078863e-06 fanout331
 1.793862e-07 8.979848e-07 4.378941e-12 1.077375e-06 fanout365
 2.034731e-07 8.705716e-07 4.162009e-12 1.074049e-06 fanout134
 1.661320e-07 9.011482e-07 6.913889e-12 1.067287e-06 fanout1162
 2.100021e-07 8.511523e-07 4.155600e-12 1.061159e-06 fanout301
 2.133815e-07 8.455612e-07 4.160425e-12 1.058947e-06 fanout416
 1.983994e-07 8.447070e-07 4.184466e-12 1.043111e-06 fanout353
 2.102756e-07 8.321893e-07 4.144409e-12 1.042469e-06 fanout412
 1.657714e-07 8.743654e-07 6.913889e-12 1.040144e-06 fanout1153
 2.043764e-07 8.297587e-07 4.147736e-12 1.034139e-06 fanout311
 1.110500e-07 9.222518e-07 4.166374e-12 1.033306e-06 fanout252
 2.128623e-07 8.196955e-07 4.145436e-12 1.032562e-06 fanout136
 1.590451e-07 8.699024e-07 4.393927e-12 1.028952e-06 fanout324
 2.159791e-07 8.128303e-07 4.152712e-12 1.028814e-06 fanout299
 1.151185e-07 9.086357e-07 4.142344e-12 1.023758e-06 fanout230
 1.323089e-07 8.908365e-07 4.695162e-12 1.023150e-06 fanout393
 2.060650e-07 8.107666e-07 4.163806e-12 1.016836e-06 fanout130
 1.967890e-07 8.159582e-07 4.149833e-12 1.012751e-06 fanout291
 1.678475e-07 8.350801e-07 7.176580e-12 1.002935e-06 fanout1134
 2.006694e-07 7.856037e-07 4.621284e-12 9.862778e-07 fanout219
 2.109086e-07 7.609398e-07 4.156317e-12 9.718526e-07 fanout363
 2.114678e-07 7.584948e-07 4.147801e-12 9.699667e-07 fanout359
 2.081982e-07 7.578676e-07 4.153974e-12 9.660700e-07 fanout307
 1.656368e-07 7.983591e-07 6.913889e-12 9.640029e-07 fanout1180
 1.979884e-07 7.500857e-07 4.596630e-12 9.480787e-07 fanout241
 1.666478e-07 7.757537e-07 4.027126e-12 9.424055e-07 fanout1337
 1.298024e-07 7.956755e-07 4.372554e-12 9.254823e-07 fanout288
 1.114309e-07 8.093260e-07 4.166374e-12 9.207610e-07 fanout254
 1.109494e-07 8.051459e-07 4.146260e-12 9.160994e-07 fanout243
 1.119280e-07 8.031467e-07 4.706093e-12 9.150793e-07 fanout391
 2.004762e-07 7.141420e-07 4.151107e-12 9.146224e-07 fanout295
 2.087968e-07 7.005603e-07 4.151984e-12 9.093613e-07 fanout345
 1.128113e-07 7.641043e-07 4.706093e-12 8.769204e-07 fanout381
 2.016253e-07 6.616796e-07 4.613586e-12 8.633095e-07 fanout231
 1.128588e-07 7.474866e-07 4.144965e-12 8.603496e-07 fanout271
 1.146684e-07 7.430093e-07 4.354109e-12 8.576820e-07 fanout312
 8.576189e-07 0.000000e+00 4.118023e-12 8.576230e-07 clkload66
 8.574081e-07 0.000000e+00 4.118023e-12 8.574121e-07 clkload93
 8.542811e-07 0.000000e+00 4.118023e-12 8.542852e-07 clkload204
 8.535424e-07 0.000000e+00 4.118023e-12 8.535465e-07 clkload198
 8.532558e-07 0.000000e+00 4.118023e-12 8.532599e-07 clkload106
 8.507507e-07 0.000000e+00 4.118023e-12 8.507548e-07 clkload186
 8.495639e-07 0.000000e+00 4.118023e-12 8.495680e-07 clkload34
 1.122147e-07 7.365433e-07 4.706093e-12 8.487627e-07 fanout385
 8.478771e-07 0.000000e+00 4.118023e-12 8.478812e-07 clkload41
 8.474607e-07 0.000000e+00 4.118023e-12 8.474648e-07 clkload152
 8.456290e-07 0.000000e+00 4.118023e-12 8.456331e-07 clkload151
 1.118142e-07 7.331092e-07 3.916092e-12 8.449273e-07 fanout1022
 8.435984e-07 0.000000e+00 4.118023e-12 8.436025e-07 clkload48
 1.117581e-07 7.300096e-07 3.744908e-12 8.417715e-07 fanout977
 8.406005e-07 0.000000e+00 4.118023e-12 8.406046e-07 clkload131
 1.388991e-07 6.956157e-07 7.477140e-12 8.345223e-07 fanout1373
 1.968931e-07 6.362059e-07 4.616209e-12 8.331036e-07 fanout257
 1.118860e-07 7.203085e-07 3.916092e-12 8.321984e-07 fanout1026
 1.124426e-07 7.064190e-07 4.176677e-12 8.188658e-07 fanout238
 1.148106e-07 6.803325e-07 4.354109e-12 7.951475e-07 fanout284
 1.049121e-07 6.819883e-07 4.034134e-12 7.869044e-07 fanout186
 1.147880e-07 6.719854e-07 4.354109e-12 7.867778e-07 fanout278
 1.119474e-07 6.586084e-07 4.562408e-12 7.705603e-07 fanout1074
 8.408708e-08 6.820386e-07 4.835342e-12 7.661305e-07 fanout1124
 8.407620e-08 6.813277e-07 4.835342e-12 7.654087e-07 fanout1158
 1.223200e-07 6.359152e-07 4.356423e-12 7.582395e-07 fanout286
 1.147656e-07 6.360703e-07 4.847400e-12 7.508407e-07 fanout276
 8.423120e-08 6.634636e-07 4.612070e-12 7.476994e-07 fanout1131
 9.663594e-08 6.390788e-07 1.320937e-11 7.357280e-07 fanout1120
 9.875444e-08 6.349023e-07 3.755714e-12 7.336605e-07 fanout116
 1.147755e-07 6.075654e-07 4.354109e-12 7.223452e-07 fanout282
 9.861944e-08 6.131716e-07 4.354758e-12 7.117954e-07 fanout348
 1.128706e-07 5.958549e-07 4.495416e-12 7.087301e-07 fanout387
 9.934124e-08 6.053355e-07 4.354758e-12 7.046811e-07 fanout109
 1.122929e-07 5.891729e-07 4.562408e-12 7.014703e-07 fanout986
 1.119168e-07 5.842825e-07 3.744908e-12 6.962031e-07 fanout956
 9.888953e-08 5.887667e-07 4.354758e-12 6.876606e-07 fanout322
 8.445981e-08 5.915998e-07 4.835342e-12 6.760645e-07 fanout1122
 8.444956e-08 5.906638e-07 4.835342e-12 6.751181e-07 fanout1157
 8.430352e-08 5.811867e-07 4.835342e-12 6.654951e-07 fanout1161
 9.894185e-08 5.654748e-07 4.656234e-12 6.644213e-07 fanout1196
 8.462790e-08 5.786425e-07 4.835342e-12 6.632752e-07 fanout1166
 8.470609e-08 5.650148e-07 4.835342e-12 6.497257e-07 fanout1126
 6.430356e-07 0.000000e+00 1.468182e-13 6.430358e-07 clkload59
 1.126068e-07 5.301752e-07 4.176677e-12 6.427861e-07 fanout237
 6.410932e-07 0.000000e+00 1.468182e-13 6.410933e-07 clkload190
 6.388324e-07 0.000000e+00 1.468182e-13 6.388326e-07 clkload89
 6.364376e-07 0.000000e+00 1.468182e-13 6.364378e-07 clkload115
 6.359049e-07 0.000000e+00 1.468182e-13 6.359051e-07 clkload135
 6.337378e-07 0.000000e+00 1.468182e-13 6.337380e-07 clkload196
 6.335810e-07 0.000000e+00 1.468182e-13 6.335811e-07 clkload141
 6.324128e-07 0.000000e+00 1.468182e-13 6.324130e-07 clkload39
 6.313227e-07 0.000000e+00 1.468182e-13 6.313228e-07 clkload103
 6.309875e-07 0.000000e+00 1.468182e-13 6.309876e-07 clkload147
 6.308088e-07 0.000000e+00 1.468182e-13 6.308090e-07 clkload146
 6.307499e-07 0.000000e+00 1.468182e-13 6.307500e-07 clkload207
 6.301250e-07 0.000000e+00 1.468182e-13 6.301252e-07 clkload178
 6.299984e-07 0.000000e+00 1.468182e-13 6.299986e-07 clkload199
 1.659491e-07 4.633068e-07 4.027126e-12 6.292599e-07 fanout1336
 6.290551e-07 0.000000e+00 1.468182e-13 6.290553e-07 clkload180
 6.284614e-07 0.000000e+00 1.468182e-13 6.284616e-07 clkload172
 6.275658e-07 0.000000e+00 1.468182e-13 6.275660e-07 clkload200
 9.890258e-08 5.278956e-07 4.354758e-12 6.268025e-07 fanout111
 6.264053e-07 0.000000e+00 1.468182e-13 6.264054e-07 clkload84
 6.256151e-07 0.000000e+00 1.468182e-13 6.256153e-07 clkload33
 9.931144e-08 5.262044e-07 4.354758e-12 6.255202e-07 fanout320
 1.011527e-07 5.227119e-07 4.656234e-12 6.238692e-07 fanout1197
 6.169629e-07 0.000000e+00 1.468182e-13 6.169631e-07 clkload150
 8.450144e-08 5.315785e-07 4.835342e-12 6.160847e-07 fanout1170
 1.025233e-07 5.123466e-07 4.545385e-12 6.148745e-07 fanout940
 9.999012e-08 5.139979e-07 4.354758e-12 6.139924e-07 fanout110
 1.112659e-07 5.017125e-07 4.181384e-12 6.129827e-07 fanout261
 6.128471e-07 0.000000e+00 1.468182e-13 6.128473e-07 clkload52
 1.123924e-07 4.942918e-07 4.562408e-12 6.066888e-07 fanout993
 6.063990e-07 0.000000e+00 1.468182e-13 6.063992e-07 clkload47
 1.121502e-07 4.938478e-07 3.744908e-12 6.060018e-07 fanout1078
 5.999813e-07 0.000000e+00 1.468182e-13 5.999814e-07 clkload13
 5.998083e-07 0.000000e+00 1.468182e-13 5.998085e-07 clkload14
 5.982776e-07 0.000000e+00 1.468182e-13 5.982778e-07 clkload20
 9.928307e-08 4.967139e-07 4.545385e-12 5.960015e-07 fanout939
 5.959533e-07 0.000000e+00 1.468182e-13 5.959535e-07 clkload10
 5.900480e-07 0.000000e+00 1.468182e-13 5.900482e-07 clkload11
 5.900201e-07 0.000000e+00 1.468182e-13 5.900203e-07 clkload8
 1.132566e-07 4.763629e-07 4.190490e-12 5.896237e-07 fanout218
 1.120672e-07 4.765125e-07 4.166374e-12 5.885838e-07 fanout248
 8.459983e-08 5.017224e-07 4.835187e-12 5.863270e-07 fanout1188
 1.123034e-07 4.737500e-07 4.562408e-12 5.860580e-07 fanout1063
 5.830597e-07 0.000000e+00 1.468182e-13 5.830598e-07 clkload21
 9.947684e-08 4.795245e-07 4.354758e-12 5.790058e-07 fanout316
 1.126149e-07 4.620341e-07 3.916092e-12 5.746529e-07 fanout1020
 1.126564e-07 4.609403e-07 3.744908e-12 5.736005e-07 fanout1097
 1.126189e-07 4.553236e-07 4.562408e-12 5.679470e-07 fanout1107
 1.119918e-07 4.524344e-07 4.097504e-12 5.644303e-07 fanout193
 1.131597e-07 4.441279e-07 4.562408e-12 5.572921e-07 fanout1115
 1.129679e-07 4.434966e-07 4.562408e-12 5.564690e-07 fanout982
 9.952211e-08 4.367887e-07 4.545385e-12 5.363154e-07 fanout935
 9.098351e-08 4.420186e-07 4.363382e-12 5.330065e-07 fanout179
 1.127682e-07 4.184693e-07 4.142344e-12 5.312417e-07 fanout223
 9.951651e-08 4.297663e-07 4.656234e-12 5.292875e-07 fanout1192
 1.121587e-07 4.137322e-07 3.916092e-12 5.258948e-07 fanout1034
 9.923269e-08 4.229276e-07 3.755714e-12 5.221640e-07 fanout120
 7.374703e-08 4.415288e-07 4.356691e-12 5.152802e-07 fanout464
 1.127435e-07 3.917570e-07 4.190490e-12 5.045047e-07 fanout215
 6.341446e-08 4.316464e-07 4.342640e-12 4.950652e-07 fanout392
 8.499755e-08 4.084607e-07 4.835342e-12 4.934631e-07 fanout1143
 1.120111e-07 3.798077e-07 3.744908e-12 4.918224e-07 fanout976
 7.079028e-08 4.194028e-07 4.356691e-12 4.901975e-07 fanout463
 6.343604e-08 4.191282e-07 4.342640e-12 4.825686e-07 fanout386
 1.126033e-07 3.657526e-07 3.744908e-12 4.783597e-07 fanout959
 1.013058e-07 3.739995e-07 3.755714e-12 4.753091e-07 fanout366
 6.485823e-08 4.013148e-07 3.711164e-12 4.661768e-07 fanout275
 7.315397e-08 3.929645e-07 4.356691e-12 4.661228e-07 fanout164
 7.096165e-08 3.899439e-07 4.356691e-12 4.609099e-07 fanout369
 7.195985e-08 3.849582e-07 4.356691e-12 4.569224e-07 fanout144
 7.151281e-08 3.806765e-07 4.356876e-12 4.521937e-07 fanout168
 7.121681e-08 3.786622e-07 4.356691e-12 4.498834e-07 fanout160
 6.415383e-08 3.819416e-07 3.964676e-12 4.460993e-07 fanout273
 7.192274e-08 3.727436e-07 4.356691e-12 4.446707e-07 fanout139
 7.083574e-08 3.733224e-07 4.356691e-12 4.441625e-07 fanout371
 4.435452e-07 0.000000e+00 3.909743e-12 4.435491e-07 clkload88
 4.430719e-07 0.000000e+00 3.909743e-12 4.430758e-07 clkload167
 4.429984e-07 0.000000e+00 3.909743e-12 4.430024e-07 clkload54
 4.427939e-07 0.000000e+00 3.909743e-12 4.427978e-07 clkload68
 4.427709e-07 0.000000e+00 3.909743e-12 4.427748e-07 clkload64
 4.427383e-07 0.000000e+00 3.909743e-12 4.427422e-07 clkload28
 4.419799e-07 0.000000e+00 3.909743e-12 4.419839e-07 clkload90
 4.419226e-07 0.000000e+00 3.909743e-12 4.419265e-07 clkload134
 4.419208e-07 0.000000e+00 3.909743e-12 4.419247e-07 clkload99
 4.417870e-07 0.000000e+00 3.909743e-12 4.417909e-07 clkload71
 4.416906e-07 0.000000e+00 3.909743e-12 4.416945e-07 clkload107
 4.416797e-07 0.000000e+00 3.909743e-12 4.416836e-07 clkload108
 4.415976e-07 0.000000e+00 3.909743e-12 4.416015e-07 clkload133
 4.414939e-07 0.000000e+00 3.909743e-12 4.414978e-07 clkload62
 4.414631e-07 0.000000e+00 3.909743e-12 4.414670e-07 clkload201
 4.414597e-07 0.000000e+00 3.909743e-12 4.414636e-07 clkload110
 4.411238e-07 0.000000e+00 3.909743e-12 4.411278e-07 clkload194
 4.410448e-07 0.000000e+00 3.909743e-12 4.410487e-07 clkload119
 4.410009e-07 0.000000e+00 3.909743e-12 4.410049e-07 clkload202
 4.409694e-07 0.000000e+00 3.909743e-12 4.409733e-07 clkload32
 4.408881e-07 0.000000e+00 3.909743e-12 4.408921e-07 clkload154
 4.406833e-07 0.000000e+00 3.909743e-12 4.406872e-07 clkload98
 4.405022e-07 0.000000e+00 3.909743e-12 4.405061e-07 clkload127
 4.404659e-07 0.000000e+00 3.909743e-12 4.404698e-07 clkload182
 4.403920e-07 0.000000e+00 3.909743e-12 4.403959e-07 clkload139
 4.403855e-07 0.000000e+00 3.909743e-12 4.403895e-07 clkload97
 4.402912e-07 0.000000e+00 3.909743e-12 4.402951e-07 clkload136
 4.402644e-07 0.000000e+00 3.909743e-12 4.402683e-07 clkload85
 4.402440e-07 0.000000e+00 3.909743e-12 4.402479e-07 clkload86
 4.401726e-07 0.000000e+00 3.909743e-12 4.401766e-07 clkload138
 4.400281e-07 0.000000e+00 3.909743e-12 4.400320e-07 clkload78
 4.399960e-07 0.000000e+00 3.909743e-12 4.399999e-07 clkload117
 4.398990e-07 0.000000e+00 3.909743e-12 4.399029e-07 clkload79
 4.398694e-07 0.000000e+00 3.909743e-12 4.398734e-07 clkload140
 4.396740e-07 0.000000e+00 3.909743e-12 4.396779e-07 clkload163
 4.396666e-07 0.000000e+00 3.909743e-12 4.396706e-07 clkload96
 4.395802e-07 0.000000e+00 3.909743e-12 4.395841e-07 clkload197
 4.387755e-07 0.000000e+00 3.909743e-12 4.387794e-07 clkload211
 4.387670e-07 0.000000e+00 3.909743e-12 4.387709e-07 clkload40
 4.387018e-07 0.000000e+00 3.909743e-12 4.387057e-07 clkload101
 4.382480e-07 0.000000e+00 3.909743e-12 4.382520e-07 clkload77
 4.376356e-07 0.000000e+00 3.909743e-12 4.376395e-07 clkload44
 7.158803e-08 3.607190e-07 4.356876e-12 4.323113e-07 fanout170
 5.577844e-08 3.703234e-07 3.712329e-12 4.261055e-07 fanout112
 7.122575e-08 3.522219e-07 4.356691e-12 4.234520e-07 fanout140
 4.857177e-08 3.671681e-07 1.049876e-11 4.157504e-07 fanout735
 1.013838e-07 3.114916e-07 4.550917e-12 4.128800e-07 fanout351
 7.143385e-08 3.375541e-07 4.356691e-12 4.089923e-07 fanout368
 7.154885e-08 3.332354e-07 4.356691e-12 4.047886e-07 fanout370
 4.902725e-08 3.550962e-07 1.049876e-11 4.041340e-07 fanout776
 7.132537e-08 3.285341e-07 4.356691e-12 3.998638e-07 fanout158
 4.861791e-08 3.494336e-07 1.049876e-11 3.980620e-07 fanout737
 5.623999e-08 3.285769e-07 4.594987e-12 3.848215e-07 fanout319
 4.855831e-08 3.362180e-07 1.049876e-11 3.847868e-07 fanout789
 3.977157e-08 3.420453e-07 3.715796e-12 3.818206e-07 fanout452
 4.900690e-08 3.298022e-07 6.921832e-12 3.788160e-07 fanout925
 4.849199e-08 3.262927e-07 6.893765e-12 3.747916e-07 fanout901
 4.859330e-08 3.232742e-07 1.049876e-11 3.718780e-07 fanout733
 7.620391e-08 2.840937e-07 4.323029e-12 3.603019e-07 fanout394
 4.906811e-08 3.108785e-07 7.457957e-12 3.599541e-07 fanout913
 4.942380e-08 3.102399e-07 7.034096e-12 3.596707e-07 fanout1117
 4.872865e-08 3.108077e-07 1.049876e-11 3.595468e-07 fanout861
 4.914138e-08 3.057092e-07 1.049876e-11 3.548611e-07 fanout803
 4.937540e-08 3.021267e-07 1.049876e-11 3.515126e-07 fanout792
 3.970630e-08 3.097539e-07 3.715796e-12 3.494639e-07 fanout449
 4.006056e-08 3.089588e-07 3.715796e-12 3.490231e-07 fanout454
 4.856660e-08 2.987900e-07 7.317626e-12 3.473639e-07 fanout906
 6.914317e-08 2.763745e-07 3.715315e-12 3.455214e-07 fanout287
 6.409443e-08 2.794270e-07 3.964676e-12 3.435254e-07 fanout388
 5.122611e-08 2.897326e-07 3.727801e-12 3.409624e-07 fanout180
 6.605546e-08 2.729438e-07 3.711164e-12 3.390030e-07 fanout313
 4.021332e-08 2.913885e-07 3.715796e-12 3.316055e-07 fanout154
 5.129849e-08 2.800967e-07 3.727801e-12 3.313989e-07 fanout181
 7.117230e-08 2.587065e-07 4.356691e-12 3.298831e-07 fanout153
 4.913394e-08 2.801019e-07 1.049876e-11 3.292463e-07 fanout842
 3.993424e-08 2.880116e-07 3.715796e-12 3.279496e-07 fanout451
 7.360970e-08 2.538769e-07 3.744256e-12 3.274903e-07 fanout289
 3.974795e-08 2.865573e-07 3.715657e-12 3.263090e-07 fanout1367
 6.377828e-08 2.597768e-07 4.342640e-12 3.235594e-07 fanout390
 6.550815e-08 2.552414e-07 3.711164e-12 3.207533e-07 fanout283
 4.157526e-08 2.726433e-07 3.716128e-12 3.142222e-07 fanout172
 3.962008e-08 2.733830e-07 3.715657e-12 3.130068e-07 fanout1366
 4.028155e-08 2.673503e-07 3.715796e-12 3.076355e-07 fanout450
 6.512831e-08 2.374599e-07 3.711164e-12 3.025919e-07 fanout285
 6.419945e-08 2.376612e-07 4.342640e-12 3.018650e-07 fanout382
 4.955067e-08 2.505243e-07 4.247163e-12 3.000792e-07 fanout1200
 3.992655e-08 2.578184e-07 3.715796e-12 2.977486e-07 fanout374
 3.998193e-08 2.544583e-07 3.715796e-12 2.944440e-07 fanout384
 4.012676e-08 2.423508e-07 3.715796e-12 2.824813e-07 fanout378
 5.615044e-08 2.220694e-07 4.054323e-12 2.782239e-07 fanout938
 2.720547e-07 0.000000e+00 1.567550e-12 2.720563e-07 clkload0
 3.991162e-08 2.318021e-07 3.715796e-12 2.717174e-07 fanout373
 5.594031e-08 2.132181e-07 4.253191e-12 2.691627e-07 fanout1195
 2.500357e-08 2.432681e-07 6.869208e-12 2.682786e-07 fanout880
 4.045155e-08 2.275881e-07 3.715796e-12 2.680434e-07 fanout142
 3.990243e-08 2.199161e-07 3.715657e-12 2.598223e-07 fanout1371
 6.514703e-08 1.938014e-07 3.711164e-12 2.589522e-07 fanout279
 3.996205e-08 2.177417e-07 3.715796e-12 2.577074e-07 fanout453
 5.137278e-08 2.058288e-07 3.727801e-12 2.572053e-07 fanout177
 2.565920e-07 0.000000e+00 1.567384e-12 2.565936e-07 clkload30
 4.854866e-08 2.005838e-07 4.060154e-12 2.491365e-07 fanout1201
 4.027344e-08 2.002445e-07 3.715796e-12 2.405216e-07 fanout138
 5.140731e-08 1.881876e-07 3.727801e-12 2.395986e-07 fanout174
 4.014539e-08 1.960667e-07 3.715796e-12 2.362158e-07 fanout459
 4.001564e-08 1.947920e-07 3.715657e-12 2.348114e-07 fanout1370
 4.011504e-08 1.898439e-07 3.715796e-12 2.299627e-07 fanout457
 3.999738e-08 1.897188e-07 3.715657e-12 2.297199e-07 fanout1368
 4.012309e-08 1.838905e-07 3.715796e-12 2.240173e-07 fanout469
 2.404063e-08 1.875182e-07 6.869208e-12 2.115657e-07 fanout764
 4.005966e-08 1.660686e-07 3.715657e-12 2.061320e-07 fanout1369
 2.408553e-08 1.758772e-07 6.869208e-12 1.999696e-07 fanout834
 4.020425e-08 1.585743e-07 3.715796e-12 1.987822e-07 fanout461
 4.006670e-08 1.575533e-07 3.715796e-12 1.976237e-07 fanout152
 2.449424e-08 1.718166e-07 6.869208e-12 1.963177e-07 fanout840
 4.019764e-08 1.507333e-07 3.715796e-12 1.909347e-07 fanout462
 2.439740e-08 1.660883e-07 6.869208e-12 1.904926e-07 fanout724
 2.486845e-08 1.646612e-07 6.869208e-12 1.895365e-07 fanout828
 8.076970e-08 1.060443e-07 1.181000e-12 1.868151e-07 max_cap471
 4.195008e-08 1.433753e-07 3.715796e-12 1.853290e-07 fanout148
 2.441730e-08 1.608704e-07 6.869208e-12 1.852946e-07 fanout801
 2.433408e-08 1.559149e-07 6.869208e-12 1.802559e-07 fanout767
 4.018895e-08 1.397976e-07 3.715796e-12 1.799903e-07 fanout460
 2.437863e-08 1.554156e-07 6.869208e-12 1.798011e-07 fanout856
 2.453557e-08 1.534577e-07 6.869208e-12 1.780002e-07 fanout847
 2.422176e-08 1.518688e-07 6.869208e-12 1.760975e-07 fanout875
 2.419850e-08 1.507317e-07 6.869208e-12 1.749371e-07 fanout845
 2.453460e-08 1.445202e-07 6.869208e-12 1.690617e-07 fanout746
 2.431537e-08 1.434582e-07 6.869208e-12 1.677804e-07 fanout823
 2.439593e-08 1.427240e-07 6.869208e-12 1.671268e-07 fanout836
 2.420313e-08 1.416567e-07 6.869208e-12 1.658667e-07 fanout879
 2.429331e-08 1.410673e-07 6.869208e-12 1.653675e-07 fanout824
 2.418606e-08 1.408902e-07 6.869208e-12 1.650831e-07 fanout882
 2.445772e-08 1.403435e-07 6.869208e-12 1.648081e-07 fanout849
 2.431149e-08 1.390094e-07 6.869208e-12 1.633277e-07 fanout783
 2.420768e-08 1.365439e-07 6.869208e-12 1.607584e-07 fanout748
 2.443729e-08 1.350435e-07 6.869208e-12 1.594876e-07 fanout826
 2.446265e-08 1.345214e-07 6.869208e-12 1.589910e-07 fanout738
 2.489212e-08 1.309978e-07 4.733173e-12 1.558947e-07 fanout1119
 2.433291e-08 1.313673e-07 6.869208e-12 1.557071e-07 fanout769
 2.431551e-08 1.281193e-07 6.869208e-12 1.524417e-07 fanout766
 2.177680e-08 1.281888e-07 4.702431e-12 1.499703e-07 fanout1364
 2.168499e-08 1.247760e-07 4.727675e-12 1.464658e-07 fanout897
 2.172198e-08 1.140545e-07 4.473834e-12 1.357809e-07 fanout896
 1.953545e-08 1.097089e-07 4.755352e-12 1.292491e-07 fanout900
 1.894645e-08 1.002203e-07 4.546525e-12 1.191713e-07 fanout941
 1.894716e-08 1.000604e-07 4.546525e-12 1.190121e-07 fanout942
 1.967734e-08 9.373360e-08 4.755352e-12 1.134157e-07 fanout899
 1.228762e-08 9.384161e-08 4.873318e-12 1.061341e-07 fanout747
 1.227196e-08 9.220773e-08 4.873318e-12 1.044846e-07 fanout791
 1.225157e-08 9.130240e-08 4.420627e-12 1.035584e-07 fanout910
 1.228963e-08 8.973897e-08 4.873318e-12 1.020335e-07 fanout853
 1.231281e-08 8.736986e-08 4.873318e-12 9.968754e-08 fanout786
 1.233134e-08 8.450999e-08 4.873318e-12 9.684621e-08 fanout817
 1.333651e-08 8.285050e-08 4.328459e-12 9.619134e-08 fanout436
 1.231413e-08 8.375602e-08 4.873318e-12 9.607503e-08 fanout814
 1.237305e-08 7.687167e-08 4.516045e-12 8.924924e-08 fanout945
 1.242180e-08 7.670591e-08 4.873318e-12 8.913258e-08 fanout894
 1.237379e-08 7.470954e-08 4.685465e-12 8.708801e-08 fanout949
 1.236722e-08 7.349310e-08 4.873318e-12 8.586519e-08 fanout794
 1.237359e-08 7.062842e-08 4.873318e-12 8.300689e-08 fanout871
 1.339888e-08 6.939261e-08 4.873050e-12 8.279637e-08 fanout931
 1.239415e-08 7.017333e-08 4.685465e-12 8.257216e-08 fanout948
 1.350166e-08 6.733865e-08 4.328459e-12 8.084464e-08 fanout467
 1.340997e-08 6.701597e-08 4.873050e-12 8.043082e-08 fanout932
 1.252407e-08 6.736595e-08 4.873199e-12 7.989489e-08 fanout643
 1.355947e-08 6.518570e-08 4.328459e-12 7.874949e-08 fanout468
 1.241007e-08 6.558322e-08 4.374812e-12 7.799766e-08 fanout1360
 1.242879e-08 6.531504e-08 4.328191e-12 7.774816e-08 fanout890
 1.244757e-08 6.481613e-08 4.328301e-12 7.726803e-08 fanout648
 1.238660e-08 6.474174e-08 4.873318e-12 7.713321e-08 fanout811
 1.343000e-08 6.183729e-08 4.873050e-12 7.527217e-08 fanout929
 1.255725e-08 6.033014e-08 4.873199e-12 7.289226e-08 fanout641
 1.263650e-08 5.936268e-08 3.932505e-12 7.200310e-08 fanout1212
 1.182765e-08 5.784440e-08 4.336071e-12 6.967639e-08 fanout1362
 1.248598e-08 5.676939e-08 4.328191e-12 6.925970e-08 fanout888
 9.931795e-09 5.808275e-08 4.873915e-12 6.801942e-08 fanout636
 7.491454e-09 5.807126e-08 3.665147e-12 6.556638e-08 fanout421
 7.521687e-09 5.527078e-08 3.665147e-12 6.279613e-08 fanout419
 6.973820e-09 5.434417e-08 4.642650e-12 6.132263e-08 fanout863
 7.528467e-09 5.325836e-08 3.665147e-12 6.079050e-08 fanout423
 6.961682e-09 4.990942e-08 4.642650e-12 5.687575e-08 fanout841
 6.968859e-09 4.803717e-08 4.642650e-12 5.501067e-08 fanout802
 1.014188e-08 4.468983e-08 4.327594e-12 5.483604e-08 fanout633
 7.007976e-09 4.547040e-08 3.664864e-12 5.248204e-08 fanout647
 7.555075e-09 4.322477e-08 3.665147e-12 5.078351e-08 fanout427
 7.585720e-09 4.236199e-08 4.642169e-12 4.995235e-08 fanout930
 1.089779e-08 3.778920e-08 4.056367e-12 4.869104e-08 fanout943
 7.584743e-09 3.666171e-08 3.665147e-12 4.425012e-08 fanout428
 7.587146e-09 3.297847e-08 3.665147e-12 4.056928e-08 fanout417
 7.004103e-09 3.282451e-08 3.664864e-12 3.983228e-08 fanout645
 7.005754e-09 3.212461e-08 3.664864e-12 3.913403e-08 fanout644
 7.061774e-09 2.605378e-08 3.664864e-12 3.311922e-08 fanout652
 7.053988e-09 2.439593e-08 4.642436e-12 3.145456e-08 fanout642
 5.624665e-09 1.866785e-08 3.663596e-12 2.429618e-08 fanout634
 2.502338e-09 1.270658e-08 4.875704e-12 1.521379e-08 fanout640
 2.495949e-09 1.118744e-08 4.325796e-12 1.368771e-08 fanout637
 1.425782e-09 8.525918e-09 3.660370e-12 9.955360e-09 fanout639
 1.420606e-09 7.715545e-09 4.325534e-12 9.140477e-09 fanout474
 1.391504e-09 6.737027e-09 4.875966e-12 8.133407e-09 fanout475
 1.241533e-11 1.403043e-10 6.865699e-12 1.595853e-10 fanout443
 1.246453e-11 1.271928e-10 7.514089e-12 1.471715e-10 fanout444
 1.259362e-11 1.056837e-10 7.514089e-12 1.257914e-10 fanout447
 1.251938e-11 8.186925e-11 7.514089e-12 1.019027e-10 fanout441
 1.248356e-11 7.928207e-11 6.865699e-12 9.863134e-11 fanout439
 6.131114e-12 4.578812e-11 4.325209e-12 5.624445e-11 fanout446
 6.288132e-12 3.838602e-11 4.325209e-12 4.899936e-11 fanout445
 6.189054e-12 3.691022e-11 4.325209e-12 4.742448e-11 fanout434
 6.249836e-12 2.996082e-11 4.325209e-12 4.053586e-11 fanout465
 3.515461e-12 1.866939e-11 3.659317e-12 2.584417e-11 fanout466
 9.815636e-19 7.569473e-18 1.416660e-11 1.416661e-11 max_cap1388
 5.061332e-19 2.793312e-18 7.513959e-12 7.513963e-12 fanout1387
 4.847787e-19 2.534188e-18 7.513959e-12 7.513962e-12 fanout1383
 0.000000e+00 0.000000e+00 6.341800e-12 6.341800e-12 _06714_
 0.000000e+00 0.000000e+00 4.876300e-12 4.876300e-12 fanout927
 2.478476e-19 1.278732e-18 4.876181e-12 4.876182e-12 fanout1398
 2.500332e-19 1.287731e-18 4.876181e-12 4.876182e-12 fanout1399
 1.598294e-16 9.231738e-16 4.784520e-12 4.785602e-12 fanout1390
 1.581595e-16 8.524588e-16 4.784520e-12 4.785530e-12 fanout1389
 0.000000e+00 0.000000e+00 4.648000e-12 4.648000e-12 input23
 0.000000e+00 0.000000e+00 4.648000e-12 4.648000e-12 input24
 0.000000e+00 0.000000e+00 4.648000e-12 4.648000e-12 input25
 0.000000e+00 0.000000e+00 4.648000e-12 4.648000e-12 input26
 0.000000e+00 0.000000e+00 4.648000e-12 4.648000e-12 input27
 0.000000e+00 0.000000e+00 4.648000e-12 4.648000e-12 input28
 0.000000e+00 0.000000e+00 4.648000e-12 4.648000e-12 input29
 0.000000e+00 0.000000e+00 4.648000e-12 4.648000e-12 input30
 0.000000e+00 0.000000e+00 4.648000e-12 4.648000e-12 input31
 0.000000e+00 0.000000e+00 4.648000e-12 4.648000e-12 input32
 0.000000e+00 0.000000e+00 4.648000e-12 4.648000e-12 input33
 0.000000e+00 0.000000e+00 4.648000e-12 4.648000e-12 input34
 0.000000e+00 0.000000e+00 4.648000e-12 4.648000e-12 input35
 0.000000e+00 0.000000e+00 4.648000e-12 4.648000e-12 input36
 0.000000e+00 0.000000e+00 4.648000e-12 4.648000e-12 input37
 0.000000e+00 0.000000e+00 4.648000e-12 4.648000e-12 input38
 0.000000e+00 0.000000e+00 4.648000e-12 4.648000e-12 input39
 0.000000e+00 0.000000e+00 4.648000e-12 4.648000e-12 input40
 0.000000e+00 0.000000e+00 4.648000e-12 4.648000e-12 input41
 0.000000e+00 0.000000e+00 4.648000e-12 4.648000e-12 input42
 0.000000e+00 0.000000e+00 4.648000e-12 4.648000e-12 input43
 0.000000e+00 0.000000e+00 4.648000e-12 4.648000e-12 input44
 0.000000e+00 0.000000e+00 4.648000e-12 4.648000e-12 input45
 0.000000e+00 0.000000e+00 4.648000e-12 4.648000e-12 input46
 0.000000e+00 0.000000e+00 4.648000e-12 4.648000e-12 input48
 0.000000e+00 0.000000e+00 4.648000e-12 4.648000e-12 input49
 0.000000e+00 0.000000e+00 4.648000e-12 4.648000e-12 input50
 0.000000e+00 0.000000e+00 4.648000e-12 4.648000e-12 input51
 0.000000e+00 0.000000e+00 4.648000e-12 4.648000e-12 input52
 0.000000e+00 0.000000e+00 4.648000e-12 4.648000e-12 input53
 0.000000e+00 0.000000e+00 4.648000e-12 4.648000e-12 input54
 3.057712e-16 1.697517e-15 4.535137e-12 4.537140e-12 fanout1391
 2.483416e-19 1.380231e-18 4.325319e-12 4.325321e-12 fanout1377
 2.477880e-19 1.429703e-18 4.325319e-12 4.325321e-12 fanout1380
 2.490341e-19 1.127573e-18 4.325319e-12 4.325320e-12 fanout1381
 2.092136e-16 1.454508e-15 4.195871e-12 4.197535e-12 input4
 2.166295e-16 1.445621e-15 4.122978e-12 4.124641e-12 input2
 2.186921e-16 1.411897e-15 4.117367e-12 4.118998e-12 fanout1394
 1.161940e-16 4.414470e-16 4.058924e-12 4.059481e-12 input7
 2.146610e-16 1.242653e-15 4.041928e-12 4.043385e-12 input1
 1.847289e-16 1.248812e-15 4.035937e-12 4.037371e-12 input5
 1.402393e-19 8.096549e-19 3.659514e-12 3.659515e-12 fanout1378
 9.362783e-17 1.272555e-16 1.181000e-12 1.181221e-12 input11
 0.000000e+00 0.000000e+00 1.181000e-12 1.181000e-12 input55
