     Internal    Switching      Leakage        Total
        Power        Power        Power        Power (Watts)
----------------------------------------------------
 8.704803e-07 3.077190e-07 1.232310e-11 1.178212e-06 clkbuf_0_clk
 8.415781e-07 1.220638e-07 1.232310e-11 9.636542e-07 clkbuf_1_1__f_clk
 8.388774e-07 9.566676e-08 1.232310e-11 9.345565e-07 clkbuf_1_0__f_clk
 1.355089e-07 5.175793e-10 9.133650e-12 1.360357e-07 u_icg
 2.713853e-08 0.000000e+00 1.567550e-12 2.714010e-08 clkload0
 5.208679e-10 3.842605e-09 1.047984e-11 4.373953e-09 clkbuf_3_2__f_core_clk
 5.208092e-10 1.371834e-09 1.047984e-11 1.903123e-09 clkbuf_3_1__f_core_clk
 5.156455e-10 1.274390e-09 1.047984e-11 1.800515e-09 clkbuf_0_core_clk
 5.192522e-10 1.168567e-09 1.047984e-11 1.698299e-09 clkbuf_3_3__f_core_clk
 5.205817e-10 1.137724e-09 1.047984e-11 1.668786e-09 clkbuf_3_0__f_core_clk
 5.197492e-10 1.049835e-09 1.047984e-11 1.580064e-09 clkbuf_3_7__f_core_clk
 5.190008e-10 9.472979e-10 1.047984e-11 1.476779e-09 clkbuf_3_6__f_core_clk
 5.037584e-10 5.952617e-10 1.047984e-11 1.109500e-09 clkbuf_3_4__f_core_clk
 5.012227e-10 5.365497e-10 1.047984e-11 1.048252e-09 clkbuf_3_5__f_core_clk
 2.553364e-10 5.357500e-10 6.865882e-12 7.979523e-10 clkbuf_2_1_0_core_clk
 2.545010e-10 5.042571e-10 6.865882e-12 7.656240e-10 clkbuf_2_2_0_core_clk
 2.543727e-10 4.995717e-10 6.865882e-12 7.608102e-10 clkbuf_2_3_0_core_clk
 2.549203e-10 4.920697e-10 6.865882e-12 7.538559e-10 clkbuf_leaf_44_core_clk
 2.544490e-10 4.751535e-10 6.865882e-12 7.364685e-10 clkbuf_leaf_42_core_clk
 2.539322e-10 4.564661e-10 6.865882e-12 7.172641e-10 clkbuf_leaf_35_core_clk
 2.530204e-10 4.476138e-10 6.865882e-12 7.075001e-10 clkbuf_2_0_0_core_clk
 2.526738e-10 4.082071e-10 6.865882e-12 6.677469e-10 clkbuf_leaf_45_core_clk
 2.516000e-10 3.690603e-10 6.865882e-12 6.275262e-10 clkbuf_leaf_43_core_clk
 2.514948e-10 3.681340e-10 6.865882e-12 6.264947e-10 clkbuf_leaf_47_core_clk
 2.515613e-10 3.675264e-10 6.865882e-12 6.259536e-10 clkbuf_leaf_40_core_clk
 2.505920e-10 3.655998e-10 6.865882e-12 6.230578e-10 clkbuf_leaf_23_core_clk
 2.514161e-10 3.625822e-10 6.865882e-12 6.208642e-10 clkbuf_leaf_58_core_clk
 2.512738e-10 3.598907e-10 6.865882e-12 6.180305e-10 clkbuf_leaf_48_core_clk
 2.509929e-10 3.495020e-10 6.865882e-12 6.073609e-10 clkbuf_leaf_50_core_clk
 2.508926e-10 3.457472e-10 6.865882e-12 6.035057e-10 clkbuf_leaf_54_core_clk
 2.507593e-10 3.398898e-10 6.865882e-12 5.975150e-10 clkbuf_leaf_55_core_clk
 2.507498e-10 3.368337e-10 6.865882e-12 5.944493e-10 clkbuf_leaf_46_core_clk
 2.504498e-10 3.286084e-10 6.865882e-12 5.859240e-10 clkbuf_leaf_51_core_clk
 2.507890e-10 3.271786e-10 6.865882e-12 5.848335e-10 clkbuf_leaf_11_core_clk
 2.496141e-10 3.267281e-10 6.865882e-12 5.832081e-10 clkbuf_leaf_39_core_clk
 2.494853e-10 3.213919e-10 6.865882e-12 5.777431e-10 clkbuf_leaf_36_core_clk
 2.502240e-10 3.195901e-10 6.865882e-12 5.766801e-10 clkbuf_leaf_56_core_clk
 2.494195e-10 3.192255e-10 6.865882e-12 5.755109e-10 clkbuf_leaf_32_core_clk
 2.504540e-10 3.149144e-10 6.865882e-12 5.722343e-10 clkbuf_leaf_9_core_clk
 2.526149e-10 3.101815e-10 6.865882e-12 5.696623e-10 clkbuf_leaf_15_core_clk
 2.500221e-10 3.102316e-10 6.865882e-12 5.671196e-10 clkbuf_leaf_57_core_clk
 2.498771e-10 3.074306e-10 6.865882e-12 5.641736e-10 clkbuf_leaf_52_core_clk
 2.499798e-10 2.978256e-10 6.865882e-12 5.546713e-10 clkbuf_leaf_8_core_clk
 2.488777e-10 2.977164e-10 6.865882e-12 5.534600e-10 clkbuf_leaf_37_core_clk
 2.496461e-10 2.966258e-10 6.865882e-12 5.531377e-10 clkbuf_leaf_59_core_clk
 2.486600e-10 2.903588e-10 6.865882e-12 5.458846e-10 clkbuf_leaf_24_core_clk
 2.486511e-10 2.888986e-10 6.865882e-12 5.444156e-10 clkbuf_leaf_29_core_clk
 2.485347e-10 2.851094e-10 6.865882e-12 5.405100e-10 clkbuf_leaf_27_core_clk
 2.483696e-10 2.781324e-10 6.865882e-12 5.333679e-10 clkbuf_leaf_34_core_clk
 2.515649e-10 2.733049e-10 6.865882e-12 5.317357e-10 clkbuf_leaf_17_core_clk
 1.548212e-10 3.645215e-10 1.047911e-11 5.298218e-10 clkbuf_2_3__f_vg_clk[2]
 2.481536e-10 2.697773e-10 6.865882e-12 5.247968e-10 clkbuf_leaf_33_core_clk
 2.459216e-10 2.700942e-10 6.865882e-12 5.228817e-10 clkbuf_leaf_62_core_clk
 2.487624e-10 2.648108e-10 6.865882e-12 5.204391e-10 clkbuf_leaf_41_core_clk
 2.490340e-10 2.628024e-10 6.865882e-12 5.187024e-10 clkbuf_leaf_7_core_clk
 1.548039e-10 3.529253e-10 1.047911e-11 5.182084e-10 clkbuf_2_1__f_vg_clk[2]
 2.479146e-10 2.604963e-10 6.865882e-12 5.152768e-10 clkbuf_leaf_31_core_clk
 2.477160e-10 2.528535e-10 6.865882e-12 5.074354e-10 clkbuf_leaf_38_core_clk
 2.487297e-10 2.516125e-10 6.865882e-12 5.072081e-10 clkbuf_leaf_14_core_clk
 2.476884e-10 2.515055e-10 6.865882e-12 5.060598e-10 clkbuf_leaf_30_core_clk
 1.539263e-10 3.400960e-10 1.047911e-11 5.045014e-10 clkbuf_0_vg_clk[2]
 2.489199e-10 2.484582e-10 6.865882e-12 5.042440e-10 clkbuf_leaf_1_core_clk
 1.547831e-10 3.338993e-10 1.047911e-11 4.991615e-10 clkbuf_2_2__f_vg_clk[2]
 1.535674e-10 3.340968e-10 1.047911e-11 4.981434e-10 clkbuf_0_vg_clk[1]
 2.455309e-10 2.438953e-10 6.865882e-12 4.962921e-10 clkbuf_leaf_49_core_clk
 2.482915e-10 2.353442e-10 6.865882e-12 4.905016e-10 clkbuf_leaf_13_core_clk
 2.453563e-10 2.324029e-10 6.865882e-12 4.846251e-10 clkbuf_leaf_61_core_clk
 2.453495e-10 2.319664e-10 6.865882e-12 4.841819e-10 clkbuf_leaf_53_core_clk
 1.548013e-10 3.145137e-10 1.047911e-11 4.797941e-10 clkbuf_2_3__f_vg_clk[1]
 2.479899e-10 2.241957e-10 6.865882e-12 4.790514e-10 clkbuf_leaf_10_core_clk
 1.551492e-10 3.126208e-10 1.047911e-11 4.782491e-10 clkbuf_2_1__f_vg_clk[3]
 1.547746e-10 3.080650e-10 1.047911e-11 4.733187e-10 clkbuf_2_0__f_vg_clk[1]
 1.547455e-10 3.048650e-10 1.047911e-11 4.700896e-10 clkbuf_2_0__f_vg_clk[2]
 2.467090e-10 2.131084e-10 6.865882e-12 4.666832e-10 clkbuf_leaf_28_core_clk
 1.551363e-10 3.010175e-10 1.047911e-11 4.666328e-10 clkbuf_2_0__f_vg_clk[3]
 2.494622e-10 2.098282e-10 6.865882e-12 4.661563e-10 clkbuf_leaf_25_core_clk
 2.478334e-10 2.092883e-10 6.865882e-12 4.639876e-10 clkbuf_leaf_2_core_clk
 2.495280e-10 2.018637e-10 6.865882e-12 4.582576e-10 clkbuf_leaf_18_core_clk
 2.473944e-10 2.024693e-10 6.865882e-12 4.567296e-10 clkbuf_leaf_12_core_clk
 2.475156e-10 1.974299e-10 6.865882e-12 4.518113e-10 clkbuf_leaf_4_core_clk
 1.553416e-10 2.846297e-10 1.047911e-11 4.504504e-10 clkbuf_2_3__f_vg_clk[0]
 2.448039e-10 1.979597e-10 6.865882e-12 4.496295e-10 clkbuf_leaf_63_core_clk
 2.471847e-10 1.950897e-10 6.865882e-12 4.491403e-10 clkbuf_leaf_6_core_clk
 1.530151e-10 2.819401e-10 1.047911e-11 4.454343e-10 clkbuf_0_vg_clk[3]
 2.471452e-10 1.913773e-10 6.865882e-12 4.453883e-10 clkbuf_leaf_3_core_clk
 1.550871e-10 2.787335e-10 1.047911e-11 4.442997e-10 clkbuf_2_2__f_vg_clk[0]
 1.546485e-10 2.770132e-10 1.047911e-11 4.421409e-10 clkbuf_2_2__f_vg_clk[3]
 1.542750e-10 2.768676e-10 1.047911e-11 4.416217e-10 clkbuf_2_1__f_vg_clk[1]
 1.548037e-10 2.723997e-10 1.047911e-11 4.376826e-10 clkbuf_2_0__f_vg_clk[0]
 2.478633e-10 1.818866e-10 6.865882e-12 4.366157e-10 clkbuf_leaf_21_core_clk
 2.459974e-10 1.780927e-10 6.865882e-12 4.309561e-10 clkbuf_leaf_5_core_clk
 2.468736e-10 1.713154e-10 6.865882e-12 4.250549e-10 clkbuf_leaf_20_core_clk
 1.534690e-10 2.574603e-10 1.047911e-11 4.214084e-10 clkbuf_2_2__f_vg_clk[1]
 1.520676e-10 2.425578e-10 1.047911e-11 4.051045e-10 clkbuf_0_vg_clk[0]
 1.532688e-10 2.367972e-10 1.047911e-11 4.005451e-10 clkbuf_2_1__f_vg_clk[0]
 7.195008e-11 3.109308e-10 7.513953e-12 3.903948e-10 fanout993
 2.416374e-10 1.279716e-10 6.865882e-12 3.764749e-10 clkbuf_leaf_0_core_clk
 1.511611e-10 1.954059e-10 1.047911e-11 3.570461e-10 clkbuf_2_3__f_vg_clk[3]
 1.277203e-10 1.995713e-10 8.986266e-12 3.362778e-10 u_icg_v3
 1.280301e-10 1.890803e-10 8.986266e-12 3.260967e-10 u_icg_v1
 1.280705e-10 1.723670e-10 8.986266e-12 3.094237e-10 u_icg_v2
 1.280812e-10 1.677484e-10 8.986266e-12 3.048158e-10 u_icg_v0
 3.851438e-11 2.543282e-10 7.513876e-12 3.003565e-10 fanout380
 7.774281e-11 1.906666e-10 6.865754e-12 2.752751e-10 clkbuf_leaf_23_vg_clk[1]
 7.783762e-11 1.901541e-10 6.865754e-12 2.748574e-10 clkbuf_leaf_6_vg_clk[1]
 7.774489e-11 1.868924e-10 6.865754e-12 2.715031e-10 clkbuf_leaf_4_vg_clk[1]
 3.767216e-11 2.238212e-10 6.865753e-12 2.683591e-10 fanout328
 3.794559e-11 2.183749e-10 7.514044e-12 2.638345e-10 fanout308
 3.799810e-11 2.188558e-10 6.865921e-12 2.637198e-10 fanout377
 7.738520e-11 1.779582e-10 6.865754e-12 2.622091e-10 clkbuf_leaf_22_vg_clk[1]
 3.752340e-11 2.166250e-10 7.514044e-12 2.616625e-10 fanout286
 3.808228e-11 2.144073e-10 7.514002e-12 2.600036e-10 hold97
 7.715805e-11 1.710970e-10 6.865754e-12 2.551208e-10 clkbuf_leaf_15_vg_clk[0]
 3.758486e-11 2.104758e-10 6.865753e-12 2.549264e-10 fanout393
 7.706704e-11 1.679532e-10 6.865754e-12 2.518860e-10 clkbuf_leaf_9_vg_clk[0]
 3.766673e-11 2.072305e-10 6.865753e-12 2.517629e-10 fanout432
 7.706441e-11 1.677623e-10 6.865754e-12 2.516924e-10 clkbuf_leaf_10_vg_clk[0]
 7.714979e-11 1.653763e-10 6.865754e-12 2.493918e-10 clkbuf_leaf_5_vg_clk[1]
 3.765031e-11 2.039111e-10 7.514044e-12 2.490755e-10 fanout355
 7.699982e-11 1.638717e-10 6.865754e-12 2.477373e-10 clkbuf_leaf_15_vg_clk[1]
 7.687011e-11 1.637189e-10 6.865754e-12 2.474548e-10 clkbuf_leaf_24_vg_clk[3]
 7.692782e-11 1.628661e-10 6.865754e-12 2.466596e-10 clkbuf_leaf_11_vg_clk[0]
 3.702138e-11 2.017791e-10 7.513953e-12 2.463145e-10 fanout969
 7.692057e-11 1.608344e-10 6.865754e-12 2.446208e-10 clkbuf_leaf_5_vg_clk[3]
 3.820944e-11 1.993681e-10 6.865921e-12 2.444435e-10 fanout454
 3.854985e-11 1.989928e-10 6.865753e-12 2.444084e-10 fanout205
 3.827954e-11 1.981877e-10 7.513876e-12 2.439811e-10 fanout346
 3.737801e-11 1.985604e-10 6.865795e-12 2.428042e-10 fanout277
 7.682713e-11 1.578047e-10 6.865754e-12 2.414976e-10 clkbuf_leaf_19_vg_clk[1]
 7.646497e-11 1.579298e-10 6.865754e-12 2.412606e-10 clkbuf_leaf_16_vg_clk[2]
 7.678966e-11 1.561878e-10 6.865754e-12 2.398432e-10 clkbuf_leaf_16_vg_clk[1]
 7.669919e-11 1.556736e-10 6.865754e-12 2.392386e-10 clkbuf_leaf_3_vg_clk[3]
 3.982431e-11 1.915845e-10 6.865823e-12 2.382747e-10 hold2885
 3.804655e-11 1.920948e-10 7.513876e-12 2.376552e-10 fanout423
 2.307609e-10 0.000000e+00 6.865882e-12 2.376267e-10 clkload36
 7.657820e-11 1.538730e-10 6.865754e-12 2.373170e-10 clkbuf_leaf_11_vg_clk[1]
 3.852185e-11 1.902645e-10 6.865795e-12 2.356521e-10 hold49
 7.666758e-11 1.518717e-10 6.865754e-12 2.354050e-10 clkbuf_leaf_21_vg_clk[1]
 3.655968e-11 1.944011e-10 4.325324e-12 2.352861e-10 fanout976
 7.661981e-11 1.514905e-10 6.865754e-12 2.349761e-10 clkbuf_leaf_7_vg_clk[0]
 7.662942e-11 1.510184e-10 6.865754e-12 2.345136e-10 clkbuf_leaf_0_vg_clk[0]
 7.657663e-11 1.510484e-10 6.865754e-12 2.344908e-10 clkbuf_leaf_26_vg_clk[3]
 7.655931e-11 1.476685e-10 6.865754e-12 2.310936e-10 clkbuf_leaf_10_vg_clk[3]
 7.640235e-11 1.475035e-10 6.865754e-12 2.307716e-10 clkbuf_leaf_10_vg_clk[1]
 7.675816e-11 1.469691e-10 6.865754e-12 2.305930e-10 clkbuf_leaf_19_vg_clk[0]
 7.673896e-11 1.463440e-10 6.865754e-12 2.299488e-10 clkbuf_leaf_17_vg_clk[0]
 3.681339e-11 1.862589e-10 6.865921e-12 2.299382e-10 fanout403
 7.642636e-11 1.459052e-10 6.865754e-12 2.291973e-10 clkbuf_leaf_28_vg_clk[3]
 7.660948e-11 1.457168e-10 6.865754e-12 2.291920e-10 clkbuf_leaf_8_vg_clk[1]
 7.646912e-11 1.456360e-10 6.865754e-12 2.289709e-10 clkbuf_leaf_3_vg_clk[0]
 3.766270e-11 1.834405e-10 7.514044e-12 2.286172e-10 fanout429
 3.900867e-11 1.818237e-10 7.513876e-12 2.283462e-10 fanout183
 7.643878e-11 1.449908e-10 6.865754e-12 2.282954e-10 clkbuf_leaf_13_vg_clk[0]
 7.633552e-11 1.445860e-10 6.865754e-12 2.277872e-10 clkbuf_leaf_22_vg_clk[3]
 3.657449e-11 1.861429e-10 4.325324e-12 2.270427e-10 fanout999
 7.631364e-11 1.435089e-10 6.865754e-12 2.266883e-10 clkbuf_leaf_25_vg_clk[3]
 7.631278e-11 1.415859e-10 6.865754e-12 2.247644e-10 clkbuf_leaf_1_vg_clk[3]
 7.622721e-11 1.404863e-10 6.865754e-12 2.235793e-10 clkbuf_leaf_23_vg_clk[3]
 7.652430e-11 1.387725e-10 6.865754e-12 2.221625e-10 clkbuf_leaf_20_vg_clk[0]
 7.641042e-11 1.385189e-10 6.865754e-12 2.217950e-10 clkbuf_leaf_7_vg_clk[1]
 7.614546e-11 1.374961e-10 6.865754e-12 2.205073e-10 clkbuf_leaf_27_vg_clk[3]
 3.684466e-11 1.761322e-10 7.514002e-12 2.204908e-10 fanout343
 7.625876e-11 1.368106e-10 6.865754e-12 2.199352e-10 clkbuf_leaf_9_vg_clk[3]
 7.617552e-11 1.367424e-10 6.865754e-12 2.197836e-10 clkbuf_leaf_30_vg_clk[3]
 7.620543e-11 1.366099e-10 6.865754e-12 2.196811e-10 clkbuf_leaf_8_vg_clk[0]
 7.610803e-11 1.366693e-10 6.865754e-12 2.196431e-10 clkbuf_leaf_12_vg_clk[1]
 3.660279e-11 1.754401e-10 7.514002e-12 2.195569e-10 fanout243
 7.595832e-11 1.367201e-10 6.865754e-12 2.195442e-10 clkbuf_leaf_24_vg_clk[2]
 3.672481e-11 1.779026e-10 4.325324e-12 2.189527e-10 fanout979
 7.607753e-11 1.354622e-10 6.865754e-12 2.184055e-10 clkbuf_leaf_9_vg_clk[1]
 7.617439e-11 1.353523e-10 6.865754e-12 2.183925e-10 clkbuf_leaf_12_vg_clk[0]
 3.689241e-11 1.771350e-10 4.325324e-12 2.183528e-10 fanout992
 7.611402e-11 1.343802e-10 6.865754e-12 2.173599e-10 clkbuf_leaf_29_vg_clk[3]
 7.639680e-11 1.340752e-10 6.865754e-12 2.173378e-10 clkbuf_leaf_18_vg_clk[0]
 7.615242e-11 1.337028e-10 6.865754e-12 2.167209e-10 clkbuf_leaf_5_vg_clk[0]
 7.627179e-11 1.335670e-10 6.865754e-12 2.167046e-10 clkbuf_leaf_3_vg_clk[1]
 3.840993e-11 1.698887e-10 7.513876e-12 2.158125e-10 fanout363
 7.604758e-11 1.328192e-10 6.865754e-12 2.157325e-10 clkbuf_leaf_25_vg_clk[1]
 7.611226e-11 1.324971e-10 6.865754e-12 2.154751e-10 clkbuf_leaf_4_vg_clk[0]
 7.606059e-11 1.324278e-10 6.865754e-12 2.153542e-10 clkbuf_leaf_2_vg_clk[3]
 3.678291e-11 1.714513e-10 6.865921e-12 2.151001e-10 fanout210
 7.577251e-11 1.313444e-10 6.865754e-12 2.139827e-10 clkbuf_leaf_15_vg_clk[2]
 7.581410e-11 1.312519e-10 6.865754e-12 2.139317e-10 clkbuf_leaf_27_vg_clk[2]
 7.596448e-11 1.307508e-10 6.865754e-12 2.135811e-10 clkbuf_leaf_18_vg_clk[3]
 7.596796e-11 1.301077e-10 6.865754e-12 2.129414e-10 clkbuf_leaf_24_vg_clk[1]
 7.627479e-11 1.297763e-10 6.865754e-12 2.129169e-10 clkbuf_leaf_22_vg_clk[0]
 7.595741e-11 1.297430e-10 6.865754e-12 2.125661e-10 clkbuf_leaf_0_vg_clk[1]
 3.738283e-11 1.675218e-10 7.514044e-12 2.124187e-10 fanout415
 7.645758e-11 1.287169e-10 6.865754e-12 2.120402e-10 clkbuf_leaf_16_vg_clk[3]
 3.748850e-11 1.665842e-10 7.514044e-12 2.115868e-10 fanout218
 7.569496e-11 1.284944e-10 6.865754e-12 2.110551e-10 clkbuf_leaf_18_vg_clk[2]
 7.593379e-11 1.278030e-10 6.865754e-12 2.106026e-10 clkbuf_leaf_0_vg_clk[3]
 7.601903e-11 1.269684e-10 6.865754e-12 2.098532e-10 clkbuf_leaf_29_vg_clk[0]
 7.587191e-11 1.266150e-10 6.865754e-12 2.093527e-10 clkbuf_leaf_27_vg_clk[1]
 7.569009e-11 1.267398e-10 6.865754e-12 2.092956e-10 clkbuf_leaf_25_vg_clk[2]
 7.638175e-11 1.258857e-10 6.865754e-12 2.091332e-10 clkbuf_leaf_14_vg_clk[3]
 7.593518e-11 1.262267e-10 6.865754e-12 2.090276e-10 clkbuf_leaf_2_vg_clk[0]
 7.567605e-11 1.261770e-10 6.865754e-12 2.087188e-10 clkbuf_leaf_30_vg_clk[2]
 3.742766e-11 1.643434e-10 6.865753e-12 2.086368e-10 fanout221
 3.746468e-11 1.635869e-10 7.514044e-12 2.085656e-10 fanout196
 7.566076e-11 1.255438e-10 6.865754e-12 2.080703e-10 clkbuf_leaf_26_vg_clk[2]
 7.573639e-11 1.254353e-10 6.865754e-12 2.080374e-10 clkbuf_leaf_9_vg_clk[2]
 7.580790e-11 1.252774e-10 6.865754e-12 2.079511e-10 clkbuf_leaf_21_vg_clk[3]
 7.635017e-11 1.246203e-10 6.865754e-12 2.078362e-10 clkbuf_leaf_12_vg_clk[3]
 3.692775e-11 1.661326e-10 4.325324e-12 2.073856e-10 fanout973
 7.581757e-11 1.245381e-10 6.865754e-12 2.072214e-10 clkbuf_leaf_26_vg_clk[1]
 3.725999e-11 1.622560e-10 7.514044e-12 2.070300e-10 fanout329
 7.561999e-11 1.241015e-10 6.865754e-12 2.065872e-10 clkbuf_leaf_31_vg_clk[2]
 7.568034e-11 1.233861e-10 6.865754e-12 2.059322e-10 clkbuf_leaf_10_vg_clk[2]
 7.587554e-11 1.229918e-10 6.865754e-12 2.057331e-10 clkbuf_leaf_6_vg_clk[3]
 3.586266e-11 1.620815e-10 7.513953e-12 2.054581e-10 fanout950
 7.566322e-11 1.226031e-10 6.865754e-12 2.051321e-10 clkbuf_leaf_12_vg_clk[2]
 7.553213e-11 1.225586e-10 6.865754e-12 2.049565e-10 clkbuf_leaf_19_vg_clk[2]
 7.585547e-11 1.221663e-10 6.865754e-12 2.048875e-10 clkbuf_leaf_7_vg_clk[3]
 7.572348e-11 1.209675e-10 6.865754e-12 2.035567e-10 clkbuf_leaf_30_vg_clk[1]
 7.574395e-11 1.198125e-10 6.865754e-12 2.024222e-10 clkbuf_leaf_14_vg_clk[0]
 7.569594e-11 1.195311e-10 6.865754e-12 2.020928e-10 clkbuf_leaf_1_vg_clk[2]
 7.581090e-11 1.193323e-10 6.865754e-12 2.020089e-10 clkbuf_leaf_24_vg_clk[0]
 7.567701e-11 1.193909e-10 6.865754e-12 2.019337e-10 clkbuf_leaf_28_vg_clk[1]
 7.557850e-11 1.194474e-10 6.865754e-12 2.018917e-10 clkbuf_leaf_11_vg_clk[2]
 7.573946e-11 1.191776e-10 6.865754e-12 2.017828e-10 clkbuf_leaf_1_vg_clk[0]
 7.556544e-11 1.191758e-10 6.865754e-12 2.016070e-10 clkbuf_leaf_7_vg_clk[2]
 7.563032e-11 1.185040e-10 6.865754e-12 2.010000e-10 clkbuf_leaf_19_vg_clk[3]
 7.572847e-11 1.182645e-10 6.865754e-12 2.008587e-10 clkbuf_leaf_6_vg_clk[0]
 7.572148e-11 1.176392e-10 6.865754e-12 2.002265e-10 clkbuf_leaf_20_vg_clk[1]
 7.547368e-11 1.157440e-10 6.865754e-12 1.980834e-10 clkbuf_leaf_4_vg_clk[2]
 7.585731e-11 1.148202e-10 6.865754e-12 1.975433e-10 clkbuf_leaf_21_vg_clk[0]
 7.536782e-11 1.146131e-10 6.865754e-12 1.968467e-10 clkbuf_leaf_29_vg_clk[2]
 7.560670e-11 1.133098e-10 6.865754e-12 1.957823e-10 clkbuf_leaf_17_vg_clk[1]
 7.562439e-11 1.126738e-10 6.865754e-12 1.951639e-10 clkbuf_leaf_25_vg_clk[0]
 7.539046e-11 1.127187e-10 6.865754e-12 1.949749e-10 clkbuf_leaf_5_vg_clk[2]
 7.550020e-11 1.123731e-10 6.865754e-12 1.947391e-10 clkbuf_leaf_37_vg_clk[2]
 7.525359e-11 1.123035e-10 6.865754e-12 1.944228e-10 clkbuf_leaf_21_vg_clk[2]
 7.547434e-11 1.120125e-10 6.865754e-12 1.943526e-10 clkbuf_leaf_1_vg_clk[1]
 7.537717e-11 1.121011e-10 6.865754e-12 1.943440e-10 clkbuf_leaf_8_vg_clk[2]
 7.523004e-11 1.110302e-10 6.865754e-12 1.931260e-10 clkbuf_leaf_17_vg_clk[2]
 7.545806e-11 1.104280e-10 6.865754e-12 1.927519e-10 clkbuf_leaf_4_vg_clk[3]
 7.544188e-11 1.103227e-10 6.865754e-12 1.926303e-10 clkbuf_leaf_38_vg_clk[2]
 7.590878e-11 1.091943e-10 6.865754e-12 1.919689e-10 clkbuf_leaf_15_vg_clk[3]
 7.547243e-11 1.082928e-10 6.865754e-12 1.906310e-10 clkbuf_leaf_11_vg_clk[3]
 7.547977e-11 1.073656e-10 6.865754e-12 1.897111e-10 clkbuf_leaf_28_vg_clk[0]
 7.517723e-11 1.074566e-10 6.865754e-12 1.894996e-10 clkbuf_leaf_23_vg_clk[2]
 7.519989e-11 1.055553e-10 6.865754e-12 1.876210e-10 clkbuf_leaf_13_vg_clk[2]
 7.541395e-11 1.050466e-10 6.865754e-12 1.873263e-10 clkbuf_leaf_23_vg_clk[0]
 3.813782e-11 1.423186e-10 6.865819e-12 1.873223e-10 fanout159
 7.534100e-11 1.034073e-10 6.865754e-12 1.856141e-10 clkbuf_leaf_8_vg_clk[3]
 7.523697e-11 1.033393e-10 6.865754e-12 1.854420e-10 clkbuf_leaf_29_vg_clk[1]
 7.518481e-11 1.031812e-10 6.865754e-12 1.852317e-10 clkbuf_leaf_14_vg_clk[1]
 7.511660e-11 1.024925e-10 6.865754e-12 1.844749e-10 clkbuf_leaf_3_vg_clk[2]
 3.703779e-11 1.430431e-10 4.325324e-12 1.844062e-10 fanout971
 7.517375e-11 1.021649e-10 6.865754e-12 1.842044e-10 clkbuf_leaf_13_vg_clk[1]
 7.519449e-11 1.011430e-10 6.865754e-12 1.832032e-10 clkbuf_leaf_34_vg_clk[2]
 7.530105e-11 1.009644e-10 6.865754e-12 1.831312e-10 clkbuf_leaf_26_vg_clk[0]
 1.726537e-10 0.000000e+00 1.002208e-11 1.826758e-10 clkload2
 7.504000e-11 9.680787e-11 6.865754e-12 1.787136e-10 clkbuf_leaf_20_vg_clk[3]
 7.552337e-11 9.563696e-11 6.865754e-12 1.780261e-10 clkbuf_leaf_17_vg_clk[3]
 7.501704e-11 9.469219e-11 6.865754e-12 1.765750e-10 clkbuf_leaf_2_vg_clk[2]
 7.501723e-11 9.447423e-11 6.865754e-12 1.763572e-10 clkbuf_leaf_31_vg_clk[3]
 7.479208e-11 9.276468e-11 6.865754e-12 1.744225e-10 clkbuf_leaf_33_vg_clk[2]
 7.506055e-11 9.226782e-11 6.865754e-12 1.741941e-10 clkbuf_leaf_27_vg_clk[0]
 7.493334e-11 9.208186e-11 6.865754e-12 1.738810e-10 clkbuf_leaf_2_vg_clk[1]
 7.493069e-11 9.154634e-11 6.865754e-12 1.733428e-10 clkbuf_leaf_36_vg_clk[2]
 7.480621e-11 9.100781e-11 6.865754e-12 1.726798e-10 clkbuf_leaf_6_vg_clk[2]
 7.471324e-11 8.994730e-11 6.865754e-12 1.715263e-10 clkbuf_leaf_32_vg_clk[2]
 2.170976e-11 1.454109e-10 4.325320e-12 1.714459e-10 hold997
 7.463527e-11 8.860095e-11 6.865754e-12 1.701020e-10 clkbuf_leaf_14_vg_clk[2]
 7.482893e-11 8.769328e-11 6.865754e-12 1.693880e-10 clkbuf_leaf_40_vg_clk[2]
 1.930701e-11 1.448725e-10 4.325390e-12 1.685048e-10 fanout424
 7.457636e-11 8.656114e-11 6.865754e-12 1.680033e-10 clkbuf_leaf_22_vg_clk[2]
 2.164151e-11 1.406533e-10 4.876217e-12 1.671710e-10 hold2250
 1.858860e-11 1.435990e-10 4.876219e-12 1.670638e-10 fanout325
 7.472529e-11 8.410680e-11 6.865754e-12 1.656978e-10 clkbuf_leaf_39_vg_clk[2]
 2.416196e-11 1.351127e-10 4.876214e-12 1.641509e-10 hold3131
 7.437034e-11 7.851843e-11 6.865754e-12 1.597545e-10 clkbuf_leaf_20_vg_clk[2]
 7.457106e-11 7.827528e-11 6.865754e-12 1.597121e-10 clkbuf_leaf_35_vg_clk[2]
 1.921023e-11 1.338861e-10 4.325390e-12 1.574217e-10 fanout398
 1.863424e-11 1.302577e-10 4.325390e-12 1.532173e-10 fanout384
 7.439635e-11 7.188695e-11 6.865754e-12 1.531491e-10 clkbuf_leaf_0_vg_clk[2]
 1.847640e-11 1.266920e-10 7.514071e-12 1.526825e-10 fanout750
 1.906762e-11 1.266464e-10 4.876255e-12 1.505902e-10 fanout489
 2.126133e-11 1.227492e-10 4.325326e-12 1.483358e-10 hold1359
 2.014824e-11 1.229801e-10 4.876195e-12 1.480045e-10 hold654
 2.033644e-11 1.219015e-10 4.876195e-12 1.471142e-10 hold2128
 1.931993e-11 1.219364e-10 4.325390e-12 1.455817e-10 fanout436
 1.811417e-11 1.228197e-10 4.325319e-12 1.452592e-10 hold4695
 2.035427e-11 1.189168e-10 4.876195e-12 1.441472e-10 hold2256
 1.975947e-11 1.189683e-10 4.876255e-12 1.436041e-10 fanout411
 1.871182e-11 1.195794e-10 4.876219e-12 1.431675e-10 fanout444
 2.256808e-11 1.146818e-10 4.325329e-12 1.415752e-10 hold1826
 2.092288e-11 1.147908e-10 4.876181e-12 1.405898e-10 hold1317
 2.063627e-11 1.161256e-10 3.659523e-12 1.404214e-10 fanout989
 1.782181e-11 1.175804e-10 4.876222e-12 1.402784e-10 hold4665
 2.040467e-11 1.136267e-10 4.325310e-12 1.383567e-10 hold3026
 1.921440e-11 1.142639e-10 4.876211e-12 1.383546e-10 hold849
 1.865710e-11 1.142408e-10 4.876219e-12 1.377742e-10 fanout324
 3.003470e-11 9.950869e-11 6.865830e-12 1.364092e-10 fanout161
 1.942266e-11 1.120333e-10 4.325390e-12 1.357813e-10 fanout189
 2.173700e-11 1.092632e-10 4.325320e-12 1.353256e-10 hold227
 1.812395e-11 1.122948e-10 4.325324e-12 1.347441e-10 fanout968
 1.984669e-11 1.105439e-10 4.325390e-12 1.347160e-10 fanout437
 1.902129e-11 1.107979e-10 4.876255e-12 1.346954e-10 fanout410
 2.123742e-11 1.090751e-10 4.325341e-12 1.346378e-10 hold374
 1.910177e-11 1.097200e-10 4.876255e-12 1.336980e-10 fanout211
 1.910103e-11 1.094215e-10 4.876255e-12 1.333987e-10 fanout198
 2.871313e-11 9.746162e-11 6.865804e-12 1.330406e-10 fanout152
 1.873647e-11 1.082312e-10 4.876219e-12 1.318439e-10 fanout271
 1.899190e-11 1.076099e-10 4.876195e-12 1.314780e-10 hold1722
 1.739008e-11 1.088401e-10 4.876223e-12 1.311064e-10 hold4650
 1.950149e-11 1.058810e-10 4.876255e-12 1.302587e-10 fanout338
 1.908684e-11 1.055308e-10 4.876255e-12 1.294939e-10 fanout408
 1.883287e-11 1.050284e-10 4.876219e-12 1.287375e-10 fanout233
 2.017083e-11 1.035490e-10 4.325349e-12 1.280451e-10 hold1407
 1.905657e-11 1.040594e-10 4.876255e-12 1.279922e-10 fanout199
 2.561794e-11 9.458592e-11 7.514044e-12 1.277179e-10 hold544
 1.904149e-11 1.035742e-10 4.876255e-12 1.274920e-10 fanout392
 1.904037e-11 1.032766e-10 4.876255e-12 1.271932e-10 fanout349
 2.182340e-11 1.002374e-10 4.876197e-12 1.269370e-10 hold1653
 1.939730e-11 1.025411e-10 4.876211e-12 1.268146e-10 hold896
 1.916113e-11 1.027011e-10 4.876255e-12 1.267385e-10 fanout296
 1.971653e-11 1.026062e-10 4.325352e-12 1.266481e-10 hold672
 1.848679e-11 1.038333e-10 4.325331e-12 1.266455e-10 hold338
 1.876272e-11 1.024298e-10 4.876219e-12 1.260687e-10 fanout463
 1.846404e-11 1.027160e-10 4.876180e-12 1.260562e-10 hold4707
 2.136110e-11 9.969153e-11 4.876206e-12 1.259289e-10 hold728
 1.884485e-11 1.019640e-10 4.876219e-12 1.256851e-10 fanout232
 2.026783e-11 1.009119e-10 4.325324e-12 1.255051e-10 hold2098
 1.901537e-11 1.005908e-10 4.876255e-12 1.244824e-10 fanout284
 1.876804e-11 1.008304e-10 4.876219e-12 1.244747e-10 fanout234
 1.194332e-10 0.000000e+00 4.876145e-12 1.243093e-10 clkload38
 1.193543e-10 0.000000e+00 4.876145e-12 1.242305e-10 clkload42
 1.192494e-10 0.000000e+00 4.876145e-12 1.241256e-10 clkload26
 1.191670e-10 0.000000e+00 4.876145e-12 1.240432e-10 clkload28
 1.190947e-10 0.000000e+00 4.876145e-12 1.239708e-10 clkload25
 1.190899e-10 0.000000e+00 4.876145e-12 1.239660e-10 clkload33
 2.490696e-11 9.107579e-11 7.514028e-12 1.234968e-10 fanout769
 1.913669e-11 9.910522e-11 4.876255e-12 1.231182e-10 fanout313
 1.909634e-11 9.877121e-11 4.876255e-12 1.227438e-10 fanout426
 1.877991e-11 9.951184e-11 4.325390e-12 1.226171e-10 fanout207
 1.871602e-11 9.946634e-11 4.325390e-12 1.225078e-10 fanout439
 1.903387e-11 9.844187e-11 4.876255e-12 1.223520e-10 fanout297
 1.896563e-11 9.723443e-11 4.876219e-12 1.210763e-10 fanout339
 2.561048e-11 8.755070e-11 7.514044e-12 1.206752e-10 fanout759
 1.933300e-11 9.697922e-11 4.325390e-12 1.206376e-10 fanout375
 1.787843e-11 9.478227e-11 7.513953e-12 1.201746e-10 fanout927
 1.907453e-11 9.610374e-11 4.876255e-12 1.200545e-10 fanout292
 1.669889e-11 9.885046e-11 4.325315e-12 1.198747e-10 hold292
 1.789346e-11 9.744562e-11 4.325337e-12 1.196644e-10 hold1391
 1.846005e-11 9.553103e-11 4.876189e-12 1.188673e-10 hold1442
 1.920766e-11 9.450764e-11 4.876255e-12 1.185916e-10 fanout219
 1.925815e-11 9.432200e-11 4.876194e-12 1.184563e-10 hold381
 2.190936e-11 9.159647e-11 4.876217e-12 1.183820e-10 hold1583
 2.064742e-11 9.404091e-11 3.659523e-12 1.183478e-10 fanout1010
 1.998461e-11 9.403411e-11 4.325314e-12 1.183440e-10 hold240
 1.743155e-11 9.535178e-11 4.876201e-12 1.176595e-10 hold1493
 1.714365e-11 9.563664e-11 4.876225e-12 1.176565e-10 hold1479
 1.908012e-11 9.259103e-11 4.876255e-12 1.165474e-10 fanout391
 1.705598e-11 9.481832e-11 4.325315e-12 1.161996e-10 hold1558
 1.912350e-11 9.195644e-11 4.876255e-12 1.159562e-10 fanout223
 1.921221e-11 9.166942e-11 4.876255e-12 1.157579e-10 fanout326
 1.939575e-11 9.145522e-11 4.325390e-12 1.151764e-10 fanout186
 1.889505e-11 9.187251e-11 4.325312e-12 1.150929e-10 hold3422
 1.886225e-11 9.092672e-11 4.325390e-12 1.141144e-10 fanout400
 1.953347e-11 9.009100e-11 4.325390e-12 1.139499e-10 fanout180
 1.778721e-11 8.824258e-11 7.513953e-12 1.135438e-10 fanout909
 1.918848e-11 8.911751e-11 4.876255e-12 1.131822e-10 fanout197
 1.891009e-11 8.964070e-11 4.325390e-12 1.128762e-10 fanout438
 1.854995e-11 8.996506e-11 4.325343e-12 1.128404e-10 hold509
 1.822889e-11 9.016844e-11 4.325324e-12 1.127226e-10 fanout962
 1.698656e-11 9.031639e-11 4.876223e-12 1.121792e-10 hold870
 1.710907e-11 9.042349e-11 4.325315e-12 1.118579e-10 hold1841
 1.803255e-11 8.892966e-11 4.876211e-12 1.118384e-10 hold4620
 1.823750e-11 8.919358e-11 4.325324e-12 1.117564e-10 fanout933
 1.819507e-11 8.866047e-11 4.325341e-12 1.111809e-10 hold1303
 1.778102e-11 8.573060e-11 7.513953e-12 1.110256e-10 fanout912
 1.891707e-11 8.623512e-11 4.876219e-12 1.100284e-10 fanout236
 1.661164e-11 8.881724e-11 4.325334e-12 1.097542e-10 hold328
 1.883378e-11 8.518308e-11 4.876219e-12 1.088931e-10 fanout341
 1.922009e-11 8.476315e-11 4.876255e-12 1.088595e-10 fanout387
 1.800902e-11 8.605033e-11 4.325322e-12 1.083847e-10 hold2664
 1.918384e-11 8.368118e-11 4.876255e-12 1.077413e-10 fanout412
 1.914299e-11 8.325306e-11 4.876255e-12 1.072723e-10 fanout202
 1.715302e-11 8.460548e-11 4.876212e-12 1.066347e-10 hold1692
 2.202589e-11 7.694737e-11 7.514054e-12 1.064873e-10 fanout770
 1.752392e-11 8.242604e-11 4.876206e-12 1.048262e-10 hold593
 1.811345e-11 7.937036e-11 4.876205e-12 1.023600e-10 hold624
 1.827700e-11 7.845209e-11 4.325324e-12 1.010544e-10 fanout953
 1.828333e-11 7.736164e-11 4.325324e-12 9.997030e-11 fanout946
 9.185541e-11 0.000000e+00 4.331440e-12 9.618685e-11 clkload9
 1.850611e-11 7.240298e-11 4.325324e-12 9.523442e-11 fanout943
 1.057711e-11 7.992433e-11 4.647855e-12 9.514929e-11 fanout466
 1.926132e-11 6.982696e-11 4.876256e-12 9.396454e-11 hold25
 1.086761e-11 7.887115e-11 3.659642e-12 9.339841e-11 fanout419
 1.930607e-11 6.344227e-11 4.325246e-12 8.707359e-11 hold24
 1.074966e-11 6.854428e-11 4.647919e-12 8.394186e-11 fanout316
 1.059225e-11 6.452315e-11 4.647855e-12 7.976325e-11 fanout238
 1.074852e-11 6.216689e-11 4.647919e-12 7.756333e-11 fanout225
 9.262231e-12 6.259064e-11 4.876234e-12 7.672910e-11 fanout688
 6.898550e-11 0.000000e+00 6.865754e-12 7.585125e-11 clkload111
 6.896652e-11 0.000000e+00 6.865754e-12 7.583227e-11 clkload129
 6.895194e-11 0.000000e+00 6.865754e-12 7.581769e-11 clkload117
 6.893872e-11 0.000000e+00 6.865754e-12 7.580447e-11 clkload166
 6.889449e-11 0.000000e+00 6.865754e-12 7.576025e-11 clkload174
 6.888474e-11 0.000000e+00 6.865754e-12 7.575049e-11 clkload146
 6.882909e-11 0.000000e+00 6.865754e-12 7.569484e-11 clkload172
 6.877438e-11 0.000000e+00 6.865754e-12 7.564013e-11 clkload139
 6.875405e-11 0.000000e+00 6.865754e-12 7.561980e-11 clkload141
 6.875202e-11 0.000000e+00 6.865754e-12 7.561778e-11 clkload83
 6.874066e-11 0.000000e+00 6.865754e-12 7.560641e-11 clkload54
 1.077702e-11 5.730292e-11 6.865908e-12 7.494586e-11 hold4201
 9.325274e-12 5.745831e-11 6.865751e-12 7.364933e-11 fanout1043
 1.512162e-11 5.246054e-11 4.876178e-12 7.245833e-11 fanout898
 1.474715e-11 5.094606e-11 4.876178e-12 7.056938e-11 fanout900
 1.457614e-11 5.069679e-11 4.876172e-12 7.014911e-11 fanout891
 1.482281e-11 5.039972e-11 4.876178e-12 7.009870e-11 fanout896
 1.097076e-11 5.469357e-11 3.659642e-12 6.932397e-11 fanout182
 1.472543e-11 4.926416e-11 4.876178e-12 6.886577e-11 fanout162
 8.131455e-12 5.519138e-11 4.647771e-12 6.797060e-11 fanout894
 1.476855e-11 4.830880e-11 4.876178e-12 6.795352e-11 fanout897
 1.084487e-11 5.201873e-11 4.647919e-12 6.751152e-11 fanout447
 1.468983e-11 4.843733e-11 4.325324e-12 6.745249e-11 fanout135
 9.312982e-12 5.224126e-11 4.325224e-12 6.587947e-11 fanout661
 9.272982e-12 4.984332e-11 4.325224e-12 6.344153e-11 fanout590
 9.307434e-12 4.955180e-11 4.325224e-12 6.318446e-11 fanout718
 9.274506e-12 4.931709e-11 4.325224e-12 6.291681e-11 fanout642
 1.037391e-11 4.859147e-11 3.659523e-12 6.262491e-11 fanout955
 9.375253e-12 4.841772e-11 4.325224e-12 6.211820e-11 fanout595
 9.364917e-12 4.838017e-11 4.325224e-12 6.207031e-11 fanout717
 9.320614e-12 4.812585e-11 4.325224e-12 6.177168e-11 fanout636
 3.547479e-11 2.149085e-11 4.325326e-12 6.129097e-11 fanout878
 9.281156e-12 4.758008e-11 4.325224e-12 6.118646e-11 fanout601
 7.351660e-12 4.912481e-11 4.325460e-12 6.080193e-11 hold2860
 9.324469e-12 4.597859e-11 4.325224e-12 5.962827e-11 fanout731
 8.756495e-12 4.317914e-11 7.513953e-12 5.944959e-11 fanout902
 9.327326e-12 4.529084e-11 4.325224e-12 5.894339e-11 fanout730
 9.305577e-12 4.507071e-11 4.325224e-12 5.870151e-11 fanout738
 9.330546e-12 4.474539e-11 4.325224e-12 5.840117e-11 fanout614
 1.029648e-11 4.413322e-11 3.659523e-12 5.808922e-11 fanout967
 9.369152e-12 4.421771e-11 4.325224e-12 5.791209e-11 fanout656
 9.427630e-12 4.290843e-11 4.876234e-12 5.721229e-11 fanout682
 9.343385e-12 4.279583e-11 4.876234e-12 5.701544e-11 fanout684
 9.059125e-12 4.352434e-11 4.325324e-12 5.690879e-11 fanout926
 9.391132e-12 4.268854e-11 4.325224e-12 5.640489e-11 fanout626
 9.326581e-12 3.951674e-11 7.514045e-12 5.635736e-11 fanout846
 9.440295e-12 4.247656e-11 4.325224e-12 5.624208e-11 fanout627
 9.347199e-12 4.188164e-11 4.876234e-12 5.610507e-11 fanout679
 9.355111e-12 4.222430e-11 4.325224e-12 5.590464e-11 fanout648
 9.065273e-12 4.208379e-11 4.325324e-12 5.547439e-11 fanout920
 9.339228e-12 4.178973e-11 4.325224e-12 5.545419e-11 fanout713
 9.905208e-12 4.080063e-11 4.647825e-12 5.535366e-11 fanout885
 9.422716e-12 4.091267e-11 4.876234e-12 5.521162e-11 fanout670
 9.322285e-12 4.111262e-11 4.325224e-12 5.476013e-11 fanout743
 9.359133e-12 4.034814e-11 4.876234e-12 5.458351e-11 fanout695
 9.482135e-12 4.014929e-11 4.876234e-12 5.450766e-11 fanout665
 9.348498e-12 4.076153e-11 4.325224e-12 5.443525e-11 fanout629
 9.468346e-12 4.057693e-11 4.325224e-12 5.437050e-11 fanout622
 9.379526e-12 4.055933e-11 4.325224e-12 5.426408e-11 fanout644
 9.398381e-12 4.042255e-11 4.325224e-12 5.414616e-11 fanout586
 9.426897e-12 3.983709e-11 4.876234e-12 5.414022e-11 fanout671
 9.408269e-12 4.029243e-11 4.325224e-12 5.402592e-11 fanout635
 9.156226e-12 4.049865e-11 4.325324e-12 5.398020e-11 fanout917
 9.357902e-12 3.941364e-11 4.876234e-12 5.364778e-11 fanout691
 9.346222e-12 3.996268e-11 4.325224e-12 5.363412e-11 fanout726
 9.357874e-12 3.929714e-11 4.876234e-12 5.353125e-11 fanout676
 9.374831e-12 3.917928e-11 4.876234e-12 5.343035e-11 fanout701
 9.347794e-12 3.975465e-11 4.325224e-12 5.342767e-11 fanout709
 9.480855e-12 3.960370e-11 4.325224e-12 5.340978e-11 fanout581
 9.141785e-12 3.992662e-11 4.325324e-12 5.339373e-11 fanout919
 9.352327e-12 3.967295e-11 4.325224e-12 5.335050e-11 fanout630
 9.496892e-12 3.948969e-11 4.325224e-12 5.331181e-11 fanout639
 9.366887e-12 3.933338e-11 4.325224e-12 5.302549e-11 fanout653
 9.468055e-12 3.915169e-11 4.325224e-12 5.294497e-11 fanout652
 9.451424e-12 3.916825e-11 4.325224e-12 5.294489e-11 fanout711
 9.328215e-12 3.924034e-11 4.325224e-12 5.289378e-11 fanout735
 9.358633e-12 3.915083e-11 4.325224e-12 5.283469e-11 fanout598
 9.456705e-12 3.902348e-11 4.325224e-12 5.280541e-11 fanout628
 9.431590e-12 3.904456e-11 4.325224e-12 5.280137e-11 fanout722
 9.454153e-12 3.845912e-11 4.876234e-12 5.278951e-11 fanout678
 9.079147e-12 3.900612e-11 4.325324e-12 5.241059e-11 fanout918
 9.368716e-12 3.795908e-11 4.876234e-12 5.220403e-11 fanout696
 9.410129e-12 3.840417e-11 4.325224e-12 5.213953e-11 fanout623
 9.139999e-12 3.858934e-11 4.325324e-12 5.205466e-11 fanout925
 9.464143e-12 3.813880e-11 4.325224e-12 5.192817e-11 fanout584
 9.368048e-12 3.756094e-11 4.876234e-12 5.180523e-11 fanout669
 9.386151e-12 3.795423e-11 4.325224e-12 5.166561e-11 fanout740
 9.387489e-12 3.779988e-11 4.325224e-12 5.151260e-11 fanout658
 4.654816e-12 4.196836e-11 4.876256e-12 5.149943e-11 fanout1042
 9.903457e-12 3.683802e-11 4.647825e-12 5.138930e-11 fanout884
 9.477097e-12 3.750362e-11 4.325224e-12 5.130594e-11 fanout733
 9.413517e-12 3.747935e-11 4.325224e-12 5.121809e-11 fanout715
 9.489760e-12 3.684614e-11 4.876234e-12 5.121214e-11 fanout680
 9.370650e-12 3.694312e-11 4.876234e-12 5.119000e-11 fanout663
 9.370850e-12 3.687623e-11 4.876234e-12 5.112332e-11 fanout666
 9.401709e-12 3.727437e-11 4.325224e-12 5.100130e-11 fanout618
 9.412819e-12 3.720719e-11 4.325224e-12 5.094523e-11 fanout583
 9.085073e-12 3.747069e-11 4.325324e-12 5.088109e-11 fanout916
 9.389595e-12 3.714037e-11 4.325224e-12 5.085519e-11 fanout739
 9.422662e-12 3.704685e-11 4.325224e-12 5.079474e-11 fanout593
 9.442628e-12 3.692742e-11 4.325224e-12 5.069527e-11 fanout719
 9.391287e-12 3.694053e-11 4.325224e-12 5.065704e-11 fanout657
 9.367048e-12 3.684324e-11 4.325224e-12 5.053551e-11 fanout632
 9.371173e-12 3.619327e-11 4.876234e-12 5.044068e-11 fanout689
 9.444659e-12 3.656236e-11 4.325224e-12 5.033225e-11 fanout736
 9.360100e-12 3.659450e-11 4.325224e-12 5.027982e-11 fanout727
 9.481107e-12 3.581927e-11 4.876234e-12 5.017661e-11 fanout699
 4.805740e-11 0.000000e+00 1.896050e-12 4.995345e-11 clkload53
 9.389939e-12 3.559395e-11 4.876234e-12 4.986013e-11 fanout702
 9.450152e-12 3.608397e-11 4.325224e-12 4.985935e-11 fanout655
 4.783467e-11 0.000000e+00 1.896050e-12 4.973072e-11 clkload14
 9.369953e-12 3.594227e-11 4.325224e-12 4.963745e-11 fanout637
 4.766971e-11 0.000000e+00 1.896050e-12 4.956576e-11 clkload19
 4.765837e-11 0.000000e+00 1.896050e-12 4.955442e-11 clkload22
 9.512895e-12 3.565877e-11 4.325224e-12 4.949689e-11 fanout744
 9.377733e-12 3.520609e-11 4.876234e-12 4.946006e-11 fanout667
 9.408602e-12 3.567682e-11 4.325224e-12 4.941064e-11 fanout617
 9.440234e-12 3.507557e-11 4.876234e-12 4.939204e-11 fanout686
 9.341234e-12 3.567412e-11 4.325224e-12 4.934058e-11 fanout745
 9.450152e-12 3.548177e-11 4.325224e-12 4.925715e-11 fanout611
 9.423704e-12 3.512274e-11 4.325224e-12 4.887167e-11 fanout746
 9.422285e-12 3.507491e-11 4.325224e-12 4.882242e-11 fanout579
 9.473550e-12 3.446081e-11 4.876234e-12 4.881060e-11 fanout677
 9.373384e-12 3.504229e-11 4.325224e-12 4.874090e-11 fanout640
 9.444286e-12 3.476770e-11 4.325224e-12 4.853721e-11 fanout597
 9.452690e-12 3.467596e-11 4.325224e-12 4.845388e-11 fanout720
 9.480565e-12 3.460508e-11 4.325224e-12 4.841087e-11 fanout643
 8.289465e-12 3.546512e-11 4.647771e-12 4.840236e-11 fanout888
 9.487112e-12 3.406097e-11 4.325224e-12 4.787331e-11 fanout724
 9.192179e-12 3.399065e-11 4.325324e-12 4.750816e-11 fanout924
 9.381895e-12 3.377829e-11 4.325224e-12 4.748541e-11 fanout649
 9.083107e-12 3.405741e-11 4.325324e-12 4.746584e-11 fanout913
 3.382759e-11 6.280040e-12 6.865795e-12 4.697343e-11 fanout302
 9.445732e-12 3.272628e-11 4.325224e-12 4.649723e-11 fanout714
 8.247180e-12 3.249111e-11 4.647780e-12 4.538607e-11 fanout901
 8.242775e-12 3.176476e-11 4.647771e-12 4.465531e-11 fanout889
 4.724894e-12 3.325814e-11 4.325246e-12 4.230828e-11 fanout858
 3.564290e-11 0.000000e+00 4.876254e-12 4.051916e-11 clkload156
 3.560347e-11 0.000000e+00 4.876254e-12 4.047972e-11 clkload108
 3.559996e-11 0.000000e+00 4.876254e-12 4.047621e-11 clkload132
 3.559861e-11 0.000000e+00 4.876254e-12 4.047487e-11 clkload75
 3.559461e-11 0.000000e+00 4.876254e-12 4.047087e-11 clkload110
 3.558984e-11 0.000000e+00 4.876254e-12 4.046610e-11 clkload80
 3.558071e-11 0.000000e+00 4.876254e-12 4.045696e-11 clkload125
 3.557730e-11 0.000000e+00 4.876254e-12 4.045356e-11 clkload98
 3.556436e-11 0.000000e+00 4.876254e-12 4.044062e-11 clkload96
 3.554973e-11 0.000000e+00 4.876254e-12 4.042599e-11 clkload70
 5.334059e-12 3.000370e-11 4.876211e-12 4.021397e-11 fanout766
 7.405057e-12 2.835689e-11 4.325460e-12 4.008741e-11 hold2139
 4.709334e-12 2.953666e-11 4.876212e-12 3.912221e-11 fanout537
 5.319242e-12 2.875816e-11 4.876123e-12 3.895353e-11 fanout1053
 4.816367e-12 2.721830e-11 6.865751e-12 3.890042e-11 fanout1023
 5.246869e-12 2.940691e-11 3.659343e-12 3.831312e-11 fanout742
 4.954759e-12 2.488229e-11 7.514045e-12 3.735110e-11 fanout867
 5.266944e-12 2.818196e-11 3.659343e-12 3.710824e-11 fanout620
 5.342823e-12 2.665613e-11 4.876211e-12 3.687516e-11 fanout767
 5.297575e-12 2.676545e-11 4.325379e-12 3.638841e-11 fanout843
 4.811007e-12 2.462662e-11 6.865751e-12 3.630338e-11 fanout1025
 3.617206e-11 0.000000e+00 9.557792e-14 3.626764e-11 clkload40
 5.356270e-12 2.619547e-11 4.325379e-12 3.587712e-11 fanout835
 5.327938e-12 2.567172e-11 4.876211e-12 3.587587e-11 fanout765
 5.321078e-12 2.613256e-11 4.325379e-12 3.577902e-11 fanout839
 4.822724e-12 2.344112e-11 7.514045e-12 3.577788e-11 fanout860
 4.810355e-12 2.405298e-11 6.865751e-12 3.572908e-11 fanout1020
 5.249245e-12 2.578229e-11 4.647881e-12 3.567942e-11 fanout687
 4.820793e-12 2.333024e-11 7.514045e-12 3.566508e-11 fanout866
 3.554465e-11 0.000000e+00 9.557792e-14 3.564023e-11 clkload18
 3.552942e-11 0.000000e+00 9.557792e-14 3.562499e-11 clkload47
 4.809520e-12 2.394408e-11 6.865751e-12 3.561935e-11 fanout1027
 3.544403e-11 0.000000e+00 9.557792e-14 3.553960e-11 clkload20
 4.756231e-12 2.631727e-11 4.325246e-12 3.539874e-11 fanout851
 3.513128e-11 0.000000e+00 9.557792e-14 3.522686e-11 clkload23
 5.337845e-12 2.500784e-11 4.876123e-12 3.522181e-11 fanout1052
 4.726238e-12 2.614572e-11 4.325246e-12 3.519720e-11 fanout852
 4.712761e-12 2.615479e-11 4.325246e-12 3.519280e-11 fanout857
 2.098020e-12 3.116508e-11 1.895156e-12 3.515825e-11 _06726_
 3.502883e-11 0.000000e+00 9.557792e-14 3.512441e-11 clkload34
 4.831305e-12 2.260556e-11 7.514045e-12 3.495091e-11 fanout859
 4.818660e-12 2.218544e-11 7.514045e-12 3.451815e-11 fanout861
 5.260858e-12 2.545105e-11 3.659343e-12 3.437125e-11 fanout599
 5.358923e-12 2.451376e-11 4.325379e-12 3.419806e-11 fanout837
 5.340740e-12 2.377130e-11 4.876123e-12 3.398816e-11 fanout1051
 3.388833e-11 0.000000e+00 9.557792e-14 3.398391e-11 clkload4
 5.306371e-12 2.434499e-11 4.325379e-12 3.397674e-11 fanout842
 5.288123e-12 2.494206e-11 3.659343e-12 3.388952e-11 fanout716
 4.787421e-12 2.123867e-11 7.514045e-12 3.354014e-11 fanout863
 4.752089e-12 2.373357e-11 4.325246e-12 3.281091e-11 fanout856
 4.735107e-12 2.319304e-11 4.876256e-12 3.280440e-11 fanout1035
 4.741507e-12 2.249631e-11 4.876212e-12 3.211402e-11 fanout534
 2.774409e-11 0.000000e+00 4.330430e-12 3.207452e-11 clkload119
 5.376380e-12 2.233132e-11 4.325379e-12 3.203308e-11 fanout841
 2.763242e-11 0.000000e+00 4.330430e-12 3.196286e-11 clkload114
 2.754415e-11 0.000000e+00 4.330430e-12 3.187458e-11 clkload68
 2.748443e-11 0.000000e+00 4.330430e-12 3.181486e-11 clkload148
 5.277450e-12 2.286924e-11 3.659343e-12 3.180604e-11 fanout659
 5.269421e-12 2.179865e-11 4.647881e-12 3.171596e-11 fanout664
 2.735936e-11 0.000000e+00 4.330430e-12 3.168979e-11 clkload56
 5.274951e-12 2.168819e-11 4.647881e-12 3.161102e-11 fanout703
 5.334950e-12 2.140044e-11 4.647881e-12 3.138327e-11 fanout668
 5.304434e-12 2.123612e-11 4.647881e-12 3.118844e-11 fanout672
 5.371504e-12 2.104606e-11 4.325379e-12 3.074294e-11 fanout833
 5.298890e-12 2.150870e-11 3.659343e-12 3.046693e-11 fanout594
 4.797914e-12 1.852842e-11 6.865751e-12 3.019208e-11 fanout1021
 5.312910e-12 1.973615e-11 4.647881e-12 2.969694e-11 fanout683
 4.758028e-12 1.993099e-11 4.876256e-12 2.956527e-11 fanout1028
 5.123683e-12 2.060021e-11 3.659523e-12 2.938342e-11 fanout908
 5.320665e-12 2.007339e-11 3.659343e-12 2.905340e-11 fanout585
 5.290503e-12 1.976735e-11 3.659343e-12 2.871720e-11 fanout748
 5.280293e-12 1.970481e-11 3.659343e-12 2.864445e-11 fanout741
 5.286451e-12 1.955913e-11 3.659343e-12 2.850493e-11 fanout619
 4.755271e-12 1.920702e-11 4.325246e-12 2.828754e-11 fanout845
 5.383681e-12 1.857555e-11 4.325379e-12 2.828461e-11 fanout831
 5.321777e-12 1.826337e-11 4.647881e-12 2.823303e-11 fanout690
 5.331406e-12 1.916276e-11 3.659343e-12 2.815351e-11 fanout582
 5.286021e-12 1.875404e-11 3.659343e-12 2.769941e-11 fanout612
 5.274396e-12 1.867448e-11 3.659343e-12 2.760822e-11 fanout633
 5.322912e-12 1.853511e-11 3.659343e-12 2.751737e-11 fanout734
 4.793927e-12 1.783377e-11 4.876123e-12 2.750382e-11 fanout827
 5.312287e-12 1.818362e-11 3.659343e-12 2.715525e-11 fanout647
 4.815819e-12 1.762636e-11 4.325379e-12 2.676756e-11 fanout826
 5.295497e-12 1.773228e-11 3.659343e-12 2.668712e-11 fanout606
 5.309984e-12 1.758424e-11 3.659343e-12 2.655357e-11 fanout625
 2.516721e-11 0.000000e+00 6.418378e-13 2.580905e-11 clkload45
 2.504351e-11 0.000000e+00 6.418378e-13 2.568535e-11 clkload43
 5.310516e-12 1.666507e-11 3.659343e-12 2.563493e-11 fanout712
 2.492356e-11 0.000000e+00 6.418378e-13 2.556540e-11 clkload29
 2.469759e-11 0.000000e+00 6.418378e-13 2.533943e-11 clkload49
 2.462129e-11 0.000000e+00 6.418378e-13 2.526313e-11 clkload35
 2.461462e-11 0.000000e+00 6.418378e-13 2.525646e-11 clkload32
 2.459990e-11 0.000000e+00 6.418378e-13 2.524174e-11 clkload31
 2.043007e-11 0.000000e+00 4.647917e-12 2.507798e-11 clkload84
 2.442249e-11 0.000000e+00 6.418378e-13 2.506433e-11 clkload6
 2.422153e-12 1.749068e-11 4.325246e-12 2.423808e-11 fanout864
 5.313115e-12 1.501340e-11 3.659343e-12 2.398586e-11 fanout725
 2.623078e-12 1.444929e-11 6.865751e-12 2.393812e-11 fanout1018
 2.548281e-12 1.396204e-11 6.865751e-12 2.337607e-11 fanout1017
 2.547384e-12 1.363935e-11 6.865751e-12 2.305249e-11 fanout1016
 2.543973e-12 1.265688e-11 7.514045e-12 2.271490e-11 fanout871
 2.439618e-12 1.404916e-11 4.876256e-12 2.136504e-11 fanout1019
 2.435997e-12 1.413958e-11 4.325246e-12 2.090083e-11 fanout862
 2.537222e-12 1.052319e-11 6.865751e-12 1.992617e-11 fanout1014
 3.043888e-12 1.204179e-11 4.647676e-12 1.973335e-11 fanout1056
 3.019263e-12 1.152883e-11 3.659622e-12 1.820771e-11 fanout834
 3.000113e-12 9.474250e-12 4.647840e-12 1.712220e-11 fanout763
 1.433889e-11 0.000000e+00 1.895173e-12 1.623406e-11 clkload93
 1.429871e-11 0.000000e+00 1.895173e-12 1.619388e-11 clkload107
 1.429635e-11 0.000000e+00 1.895173e-12 1.619152e-11 clkload91
 1.440789e-12 7.884104e-12 6.865751e-12 1.619064e-11 fanout492
 1.422742e-11 0.000000e+00 1.895173e-12 1.612259e-11 clkload153
 1.421953e-11 0.000000e+00 1.895173e-12 1.611470e-11 clkload95
 1.420756e-11 0.000000e+00 1.895173e-12 1.610273e-11 clkload109
 1.420124e-11 0.000000e+00 1.895173e-12 1.609641e-11 clkload162
 1.417175e-11 0.000000e+00 1.895173e-12 1.606692e-11 clkload69
 1.415692e-11 0.000000e+00 1.895173e-12 1.605209e-11 clkload66
 1.415423e-11 0.000000e+00 1.895173e-12 1.604941e-11 clkload115
 1.415352e-11 0.000000e+00 1.895173e-12 1.604869e-11 clkload59
 1.414571e-11 0.000000e+00 1.895173e-12 1.604088e-11 clkload173
 1.414180e-11 0.000000e+00 1.895173e-12 1.603698e-11 clkload64
 1.414123e-11 0.000000e+00 1.895173e-12 1.603641e-11 clkload170
 1.414064e-11 0.000000e+00 1.895173e-12 1.603582e-11 clkload147
 1.413958e-11 0.000000e+00 1.895173e-12 1.603475e-11 clkload73
 1.409987e-11 0.000000e+00 1.895173e-12 1.599505e-11 clkload138
 1.404930e-11 0.000000e+00 1.895173e-12 1.594447e-11 clkload55
 1.448902e-12 6.940453e-12 7.513993e-12 1.590335e-11 fanout754
 2.539522e-12 8.860421e-12 4.325209e-12 1.572515e-11 hold47
 1.420224e-12 6.662784e-12 7.513993e-12 1.559700e-11 fanout752
 4.520604e-12 9.843108e-12 1.181000e-12 1.554471e-11 max_cap539
 1.720991e-12 9.033133e-12 4.647803e-12 1.540193e-11 hold4628
 1.413631e-12 6.763899e-12 6.865751e-12 1.504328e-11 fanout491
 1.386015e-12 8.751513e-12 4.647842e-12 1.478537e-11 hold4520
 1.450701e-11 0.000000e+00 2.371481e-13 1.474415e-11 clkload44
 1.428500e-12 5.568908e-12 7.514071e-12 1.451148e-11 fanout812
 1.428571e-12 5.523203e-12 7.514071e-12 1.446585e-11 fanout809
 1.412442e-12 5.451097e-12 7.514071e-12 1.437761e-11 fanout791
 2.285064e-19 1.696710e-18 1.416722e-11 1.416722e-11 max_cap1164
 2.324934e-19 8.291404e-19 1.416722e-11 1.416722e-11 fanout1163
 1.420376e-12 4.914880e-12 7.514071e-12 1.384933e-11 fanout556
 1.428340e-12 4.873005e-12 7.514071e-12 1.381542e-11 fanout790
 1.420299e-12 4.476836e-12 7.514071e-12 1.341121e-11 fanout773
 1.735055e-12 6.942997e-12 4.647980e-12 1.332603e-11 fanout524
 4.870267e-12 7.008496e-12 1.181000e-12 1.305976e-11 max_cap499
 1.748302e-12 6.578259e-12 4.647980e-12 1.297454e-11 fanout526
 1.727208e-12 6.043677e-12 4.647980e-12 1.241887e-11 fanout522
 1.432241e-12 3.940671e-12 6.865725e-12 1.223864e-11 fanout781
 1.730763e-12 5.393063e-12 4.647980e-12 1.177181e-11 fanout518
 1.737268e-12 5.307661e-12 4.647980e-12 1.169291e-11 fanout520
 1.072307e-12 5.834078e-12 4.647973e-12 1.155436e-11 fanout504
 1.297010e-12 5.918289e-12 4.325249e-12 1.154055e-11 fanout829
 1.732932e-12 5.131654e-12 4.647980e-12 1.151257e-11 fanout516
 1.340937e-12 5.244576e-12 4.876183e-12 1.146170e-11 fanout498
 1.725283e-12 4.855446e-12 4.647983e-12 1.122871e-11 fanout528
 1.315133e-12 4.905233e-12 4.876183e-12 1.109655e-11 fanout496
 1.395246e-12 4.868252e-12 4.647975e-12 1.091147e-11 fanout475
 1.411372e-12 4.766584e-12 4.647975e-12 1.082593e-11 fanout483
 1.318532e-12 4.994669e-12 4.325296e-12 1.063850e-11 fanout270
 1.054010e-11 0.000000e+00 9.555772e-14 1.063566e-11 clkload94
 1.046156e-11 0.000000e+00 9.555772e-14 1.055712e-11 clkload88
 1.396337e-12 4.474603e-12 4.647975e-12 1.051892e-11 fanout479
 1.036563e-11 0.000000e+00 9.555772e-14 1.046118e-11 clkload131
 1.031157e-11 0.000000e+00 9.555772e-14 1.040713e-11 clkload116
 1.393290e-12 4.356936e-12 4.647980e-12 1.039821e-11 fanout485
 1.026286e-11 0.000000e+00 9.555772e-14 1.035842e-11 clkload164
 1.021450e-11 0.000000e+00 9.555772e-14 1.031005e-11 clkload165
 1.405686e-12 4.247636e-12 4.647975e-12 1.030130e-11 fanout481
 1.399235e-12 4.253527e-12 4.647975e-12 1.030074e-11 fanout473
 1.015488e-11 0.000000e+00 9.555772e-14 1.025044e-11 clkload145
 1.014664e-11 0.000000e+00 9.555772e-14 1.024220e-11 clkload77
 1.012180e-11 0.000000e+00 9.555772e-14 1.021735e-11 clkload71
 1.008358e-11 0.000000e+00 9.555772e-14 1.017914e-11 clkload62
 1.007689e-11 0.000000e+00 9.555772e-14 1.017245e-11 clkload160
 1.004900e-11 0.000000e+00 9.555772e-14 1.014456e-11 clkload61
 4.456490e-12 4.495133e-12 1.181000e-12 1.013262e-11 max_cap529
 1.091753e-12 4.361724e-12 4.647973e-12 1.010145e-11 fanout502
 7.146084e-13 4.495599e-12 4.876278e-12 1.008649e-11 fanout784
 9.967908e-12 0.000000e+00 9.555772e-14 1.006347e-11 clkload133
 9.933544e-12 0.000000e+00 9.555772e-14 1.002910e-11 clkload150
 1.401027e-12 3.912254e-12 4.647975e-12 9.961256e-12 fanout477
 7.400279e-13 4.304259e-12 4.876278e-12 9.920564e-12 hold78
 9.764007e-12 0.000000e+00 9.555772e-14 9.859565e-12 clkload85
 1.087053e-12 3.931860e-12 4.647978e-12 9.666891e-12 fanout541
 1.067862e-12 3.912359e-12 4.647973e-12 9.628194e-12 fanout508
 1.075500e-12 3.880320e-12 4.647973e-12 9.603793e-12 fanout512
 7.157029e-13 3.965923e-12 4.876278e-12 9.557903e-12 fanout797
 1.072069e-12 3.813855e-12 4.647978e-12 9.533902e-12 fanout545
 1.079100e-12 3.791597e-12 4.647978e-12 9.518676e-12 fanout543
 7.133297e-13 3.845354e-12 4.876278e-12 9.434961e-12 fanout571
 7.197860e-13 3.804514e-12 4.876278e-12 9.400578e-12 fanout566
 1.076578e-12 3.674794e-12 4.647978e-12 9.399351e-12 fanout549
 1.065412e-12 3.600497e-12 4.647978e-12 9.313886e-12 fanout547
 8.688789e-13 4.075934e-12 4.325229e-12 9.270041e-12 fanout269
 7.168898e-13 3.671483e-12 4.876278e-12 9.264651e-12 fanout805
 7.474526e-13 3.620734e-12 4.876278e-12 9.244465e-12 hold79
 1.073136e-12 3.520741e-12 4.647973e-12 9.241850e-12 fanout506
 1.073032e-12 3.489692e-12 4.647973e-12 9.210697e-12 fanout510
 2.923541e-13 1.375742e-12 7.514097e-12 9.182193e-12 hold154
 7.288200e-13 4.118121e-12 4.325224e-12 9.172166e-12 hold6
 8.654089e-13 3.413731e-12 4.876272e-12 9.155412e-12 fanout258
 7.191889e-13 3.550310e-12 4.876299e-12 9.145798e-12 fanout256
 7.177606e-13 3.530908e-12 4.876299e-12 9.124967e-12 fanout127
 7.145585e-13 3.529213e-12 4.876278e-12 9.120049e-12 fanout562
 2.942221e-13 1.272725e-12 7.514097e-12 9.081044e-12 hold264
 2.853099e-13 1.276536e-12 7.514097e-12 9.075943e-12 fanout154
 7.178953e-13 3.429570e-12 4.876278e-12 9.023744e-12 fanout801
 2.858184e-13 1.220303e-12 7.514097e-12 9.020218e-12 fanout148
 2.846260e-13 1.195280e-12 7.514097e-12 8.994003e-12 fanout155
 2.839600e-13 1.169265e-12 7.514097e-12 8.967323e-12 fanout156
 2.836702e-13 1.113604e-12 7.514097e-12 8.911372e-12 fanout149
 2.836543e-13 1.112565e-12 7.514097e-12 8.910317e-12 fanout122
 2.836430e-13 1.096287e-12 7.514097e-12 8.894027e-12 fanout141
 7.235740e-13 3.276072e-12 4.876299e-12 8.875945e-12 fanout169
 2.826480e-13 1.019066e-12 7.514097e-12 8.815811e-12 fanout138
 7.191782e-13 3.207946e-12 4.876183e-12 8.803307e-12 fanout1046
 2.833759e-13 9.727364e-13 7.514097e-12 8.770209e-12 fanout146
 7.365812e-13 3.677105e-12 4.325224e-12 8.738911e-12 fanout560
 7.191653e-13 3.636293e-12 4.325224e-12 8.680683e-12 fanout774
 7.265200e-13 3.045941e-12 4.876278e-12 8.648740e-12 fanout786
 7.599972e-13 4.055218e-12 3.659388e-12 8.474603e-12 fanout830
 7.261011e-13 2.781718e-12 4.876299e-12 8.384117e-12 fanout252
 7.208692e-13 2.778667e-12 4.876278e-12 8.375814e-12 fanout814
 7.307336e-13 2.757875e-12 4.876299e-12 8.364907e-12 fanout574
 7.278845e-13 2.755547e-12 4.876299e-12 8.359730e-12 fanout168
 7.263013e-13 2.737353e-12 4.876299e-12 8.339953e-12 fanout255
 7.313477e-13 2.636006e-12 4.876299e-12 8.243652e-12 fanout573
 7.494875e-13 2.836699e-12 4.647983e-12 8.234169e-12 fanout553
 7.325202e-13 2.597586e-12 4.876299e-12 8.206404e-12 fanout253
 7.241679e-13 2.588926e-12 4.876299e-12 8.189392e-12 fanout577
 2.809221e-13 1.021237e-12 6.865699e-12 8.167858e-12 fanout160
 7.356842e-12 0.000000e+00 6.405494e-13 7.997391e-12 clkload155
 7.312891e-13 2.386674e-12 4.876299e-12 7.994262e-12 fanout576
 7.351723e-12 0.000000e+00 6.405494e-13 7.992273e-12 clkload105
 7.346233e-12 0.000000e+00 6.405494e-13 7.986782e-12 clkload87
 7.303670e-13 2.930415e-12 4.325203e-12 7.985985e-12 fanout167
 7.341004e-12 0.000000e+00 6.405494e-13 7.981553e-12 clkload118
 7.338293e-12 0.000000e+00 6.405494e-13 7.978842e-12 clkload101
 7.330383e-12 0.000000e+00 6.405494e-13 7.970932e-12 clkload163
 7.214600e-13 2.903842e-12 4.325366e-12 7.950668e-12 fanout757
 7.304682e-12 0.000000e+00 6.405494e-13 7.945231e-12 clkload159
 7.215899e-13 2.873078e-12 4.325366e-12 7.920034e-12 fanout755
 7.271406e-12 0.000000e+00 6.405494e-13 7.911955e-12 clkload171
 7.429790e-13 2.490432e-12 4.647978e-12 7.881389e-12 fanout514
 7.376167e-13 2.474312e-12 4.647790e-12 7.859719e-12 fanout497
 2.614827e-13 6.026500e-14 7.514097e-12 7.835845e-12 fanout158
 7.281482e-13 2.767749e-12 4.325203e-12 7.821101e-12 fanout133
 7.252023e-13 2.762257e-12 4.325224e-12 7.812685e-12 fanout557
 7.182507e-13 2.746859e-12 4.325224e-12 7.790333e-12 fanout776
 7.283298e-13 2.727812e-12 4.325203e-12 7.781345e-12 fanout132
 7.258831e-13 2.718916e-12 4.325224e-12 7.770023e-12 fanout772
 7.288770e-13 2.650345e-12 4.325203e-12 7.704426e-12 fanout110
 7.296948e-13 2.606334e-12 4.325203e-12 7.661233e-12 fanout250
 7.296705e-13 2.577036e-12 4.325203e-12 7.631910e-12 fanout246
 7.292679e-13 2.539998e-12 4.325203e-12 7.594469e-12 fanout244
 4.862892e-13 2.145167e-12 4.647949e-12 7.279405e-12 fanout259
 4.055897e-13 1.589160e-12 4.647998e-12 6.642747e-12 fanout126
 4.063558e-13 1.560597e-12 4.647998e-12 6.614950e-12 fanout575
 4.080480e-13 1.528238e-12 4.647835e-12 6.584121e-12 fanout1057
 4.898918e-13 2.385428e-12 3.659351e-12 6.534670e-12 fanout265
 1.050052e-12 7.324913e-13 4.647978e-12 6.430522e-12 fanout551
 4.916484e-13 2.132318e-12 3.659351e-12 6.283318e-12 fanout267
 4.104521e-13 1.975086e-12 3.659306e-12 6.044844e-12 fanout249
 4.058594e-13 1.968680e-12 3.659597e-12 6.034137e-12 fanout756
 6.790886e-13 3.498456e-13 4.876278e-12 5.905212e-12 fanout779
 4.214588e-13 1.767774e-12 3.659306e-12 5.848539e-12 fanout134
 4.139063e-13 1.746173e-12 3.659306e-12 5.819385e-12 fanout111
 4.076686e-13 1.733063e-12 3.659343e-12 5.800075e-12 fanout558
 4.180817e-13 1.692232e-12 3.659306e-12 5.769620e-12 fanout251
 1.492913e-13 6.298747e-13 4.876300e-12 5.655466e-12 fanout874
 4.093378e-13 1.533976e-12 3.659306e-12 5.602619e-12 fanout247
 1.467534e-13 4.752072e-13 4.876300e-12 5.498260e-12 fanout873
 8.111873e-14 3.436973e-13 4.648000e-12 5.072816e-12 max_cap151
 1.459462e-13 5.329312e-13 4.325202e-12 5.004080e-12 fanout130
 0.000000e+00 0.000000e+00 4.876300e-12 4.876300e-12 fanout166
 0.000000e+00 0.000000e+00 4.876300e-12 4.876300e-12 fanout171
 0.000000e+00 0.000000e+00 4.876300e-12 4.876300e-12 fanout172
 5.811204e-20 2.427252e-19 4.876273e-12 4.876273e-12 fanout1177
 5.824508e-20 2.140554e-19 4.876273e-12 4.876273e-12 fanout1178
 5.785815e-20 2.625887e-19 4.876273e-12 4.876273e-12 fanout1180
 5.779330e-20 2.330332e-19 4.876273e-12 4.876273e-12 fanout1184
 5.791834e-20 2.153509e-19 4.876273e-12 4.876273e-12 fanout1191
 5.794793e-20 2.089157e-19 4.876273e-12 4.876273e-12 fanout1193
 5.825482e-20 1.991988e-19 4.876273e-12 4.876273e-12 fanout1202
 5.799066e-20 2.807978e-19 4.876273e-12 4.876273e-12 fanout1206
 5.791656e-20 2.529566e-19 4.876273e-12 4.876273e-12 fanout1207
 5.823008e-20 2.064307e-19 4.876273e-12 4.876273e-12 fanout1222
 5.783961e-20 2.696892e-19 4.876273e-12 4.876273e-12 fanout1225
 5.790857e-20 1.964788e-19 4.876273e-12 4.876273e-12 fanout1238
 5.827329e-20 1.897785e-19 4.876273e-12 4.876273e-12 fanout1239
 5.787115e-20 2.399569e-19 4.876273e-12 4.876273e-12 fanout1240
 5.723710e-20 3.275223e-19 4.876273e-12 4.876273e-12 fanout1244
 5.802507e-20 2.496465e-19 4.876273e-12 4.876273e-12 fanout1246
 5.747444e-20 2.713932e-19 4.876273e-12 4.876273e-12 fanout1258
 5.786918e-20 2.419437e-19 4.876273e-12 4.876273e-12 fanout1260
 2.335027e-19 9.057311e-19 4.876253e-12 4.876254e-12 fanout1172
 1.162584e-19 4.646580e-19 4.876249e-12 4.876250e-12 fanout257
 1.160434e-19 4.742807e-19 4.876230e-12 4.876230e-12 fanout1166
 2.322156e-19 8.211942e-19 4.876202e-12 4.876203e-12 fanout1170
 0.000000e+00 0.000000e+00 4.648000e-12 4.648000e-12 input23
 0.000000e+00 0.000000e+00 4.648000e-12 4.648000e-12 input24
 0.000000e+00 0.000000e+00 4.648000e-12 4.648000e-12 input25
 0.000000e+00 0.000000e+00 4.648000e-12 4.648000e-12 input26
 0.000000e+00 0.000000e+00 4.648000e-12 4.648000e-12 input27
 0.000000e+00 0.000000e+00 4.648000e-12 4.648000e-12 input28
 0.000000e+00 0.000000e+00 4.648000e-12 4.648000e-12 input29
 0.000000e+00 0.000000e+00 4.648000e-12 4.648000e-12 input30
 0.000000e+00 0.000000e+00 4.648000e-12 4.648000e-12 input31
 0.000000e+00 0.000000e+00 4.648000e-12 4.648000e-12 input32
 0.000000e+00 0.000000e+00 4.648000e-12 4.648000e-12 input33
 0.000000e+00 0.000000e+00 4.648000e-12 4.648000e-12 input34
 0.000000e+00 0.000000e+00 4.648000e-12 4.648000e-12 input35
 0.000000e+00 0.000000e+00 4.648000e-12 4.648000e-12 input36
 0.000000e+00 0.000000e+00 4.648000e-12 4.648000e-12 input37
 0.000000e+00 0.000000e+00 4.648000e-12 4.648000e-12 input38
 0.000000e+00 0.000000e+00 4.648000e-12 4.648000e-12 input39
 0.000000e+00 0.000000e+00 4.648000e-12 4.648000e-12 input40
 0.000000e+00 0.000000e+00 4.648000e-12 4.648000e-12 input41
 0.000000e+00 0.000000e+00 4.648000e-12 4.648000e-12 input42
 0.000000e+00 0.000000e+00 4.648000e-12 4.648000e-12 input43
 0.000000e+00 0.000000e+00 4.648000e-12 4.648000e-12 input44
 0.000000e+00 0.000000e+00 4.648000e-12 4.648000e-12 input45
 0.000000e+00 0.000000e+00 4.648000e-12 4.648000e-12 input46
 0.000000e+00 0.000000e+00 4.648000e-12 4.648000e-12 input48
 0.000000e+00 0.000000e+00 4.648000e-12 4.648000e-12 input49
 0.000000e+00 0.000000e+00 4.648000e-12 4.648000e-12 input50
 0.000000e+00 0.000000e+00 4.648000e-12 4.648000e-12 input51
 0.000000e+00 0.000000e+00 4.648000e-12 4.648000e-12 input52
 0.000000e+00 0.000000e+00 4.648000e-12 4.648000e-12 input53
 0.000000e+00 0.000000e+00 4.648000e-12 4.648000e-12 input54
 3.249797e-20 1.328174e-19 4.647950e-12 4.647950e-12 fanout1185
 3.274081e-20 1.318221e-19 4.647950e-12 4.647950e-12 fanout1188
 3.249513e-20 1.396414e-19 4.647950e-12 4.647950e-12 fanout1190
 3.250759e-20 1.049399e-19 4.647950e-12 4.647950e-12 fanout1192
 3.263337e-20 1.558268e-19 4.647950e-12 4.647950e-12 fanout1211
 3.268202e-20 1.291258e-19 4.647950e-12 4.647950e-12 fanout1215
 3.269330e-20 1.329860e-19 4.647950e-12 4.647950e-12 fanout1227
 3.269052e-20 1.313006e-19 4.647950e-12 4.647950e-12 fanout1234
 3.239938e-20 1.480731e-19 4.647950e-12 4.647950e-12 fanout1235
 3.234377e-20 1.686799e-19 4.647950e-12 4.647950e-12 fanout1241
 3.249307e-20 1.067596e-19 4.647950e-12 4.647950e-12 fanout1243
 3.256423e-20 1.742639e-19 4.647950e-12 4.647950e-12 fanout1250
 3.262010e-20 9.306630e-20 4.647950e-12 4.647950e-12 fanout1252
 1.345418e-19 6.532767e-19 4.647825e-12 4.647826e-12 fanout1171
 6.996236e-20 2.154030e-19 4.647790e-12 4.647791e-12 input1
 1.631427e-12 1.763416e-12 1.181000e-12 4.575843e-12 max_cap175
 5.778263e-20 2.952873e-19 4.325227e-12 4.325228e-12 fanout1065
 5.788261e-20 2.249026e-19 4.325227e-12 4.325228e-12 fanout1066
 5.863273e-20 2.112965e-19 4.325227e-12 4.325228e-12 fanout1070
 5.806692e-20 2.095906e-19 4.325227e-12 4.325228e-12 fanout1071
 5.775149e-20 2.802521e-19 4.325227e-12 4.325228e-12 fanout1072
 5.748534e-20 2.967766e-19 4.325227e-12 4.325228e-12 fanout1073
 5.774205e-20 2.243915e-19 4.325227e-12 4.325228e-12 fanout1074
 5.813001e-20 1.985726e-19 4.325227e-12 4.325228e-12 fanout1083
 5.804849e-20 2.335213e-19 4.325227e-12 4.325228e-12 fanout1087
 5.751170e-20 2.818808e-19 4.325227e-12 4.325228e-12 fanout1088
 5.714343e-20 3.371793e-19 4.325227e-12 4.325228e-12 fanout1089
 5.800364e-20 2.221702e-19 4.325227e-12 4.325228e-12 fanout1121
 5.816492e-20 2.143824e-19 4.325227e-12 4.325228e-12 fanout1124
 0.000000e+00 0.000000e+00 4.325200e-12 4.325200e-12 fanout165
 0.000000e+00 0.000000e+00 4.325200e-12 4.325200e-12 fanout170
 8.456885e-14 3.318400e-13 3.659304e-12 4.075713e-12 fanout131
 3.497715e-20 1.099007e-19 3.659577e-12 3.659577e-12 input7
 9.817851e-20 3.557043e-19 3.659485e-12 3.659485e-12 fanout707
 9.736613e-20 4.124458e-19 3.659485e-12 3.659485e-12 fanout708
 1.048844e-19 3.559035e-19 3.659485e-12 3.659485e-12 input2
 3.251265e-20 1.766699e-19 3.659349e-12 3.659349e-12 fanout1060
 3.257110e-20 1.010712e-19 3.659349e-12 3.659349e-12 fanout1064
 3.263692e-20 1.240315e-19 3.659349e-12 3.659349e-12 fanout1067
 3.244773e-20 1.230132e-19 3.659349e-12 3.659349e-12 fanout1075
 3.276909e-20 1.434095e-19 3.659349e-12 3.659349e-12 fanout1082
 3.274447e-20 1.499820e-19 3.659349e-12 3.659349e-12 fanout1085
 3.252074e-20 1.317766e-19 3.659349e-12 3.659349e-12 fanout1086
 3.242105e-20 1.011320e-19 3.659349e-12 3.659349e-12 fanout1094
 3.241330e-20 1.240116e-19 3.659349e-12 3.659349e-12 fanout1097
 3.241316e-20 1.231474e-19 3.659349e-12 3.659349e-12 fanout1101
 3.284228e-20 9.343769e-20 3.659349e-12 3.659349e-12 fanout1112
 3.252060e-20 1.120177e-19 3.659349e-12 3.659349e-12 fanout1113
 3.252030e-20 1.236162e-19 3.659349e-12 3.659349e-12 fanout1117
 3.257968e-20 1.262931e-19 3.659349e-12 3.659349e-12 fanout1122
 3.260171e-20 1.463142e-19 3.659349e-12 3.659349e-12 fanout1131
 3.244333e-20 1.606944e-19 3.659349e-12 3.659349e-12 fanout1132
 3.267538e-20 1.022252e-19 3.659349e-12 3.659349e-12 fanout1138
 3.242930e-20 1.417197e-19 3.659349e-12 3.659349e-12 fanout1140
 3.243899e-20 1.266356e-19 3.659349e-12 3.659349e-12 fanout1144
 3.245793e-20 1.560681e-19 3.659349e-12 3.659349e-12 fanout1148
 3.268199e-20 1.607557e-19 3.659349e-12 3.659349e-12 fanout1150
 3.251641e-20 1.361742e-19 3.659349e-12 3.659349e-12 fanout1152
 3.286012e-20 1.470509e-19 3.659349e-12 3.659349e-12 fanout1155
 3.261476e-20 1.174530e-19 3.659349e-12 3.659349e-12 fanout1156
 3.261172e-20 1.154423e-19 3.659349e-12 3.659349e-12 fanout1160
 3.245307e-20 1.575924e-19 3.659349e-12 3.659349e-12 fanout1161
 4.319577e-20 4.411157e-20 1.181000e-12 1.181000e-12 input11
 8.636436e-20 7.494382e-20 1.181000e-12 1.181000e-12 input5
 2.155053e-20 1.215314e-20 1.181000e-12 1.181000e-12 input10
 0.000000e+00 0.000000e+00 1.181000e-12 1.181000e-12 input12
 0.000000e+00 0.000000e+00 1.181000e-12 1.181000e-12 input15
 0.000000e+00 0.000000e+00 1.181000e-12 1.181000e-12 input16
 4.318588e-20 3.580061e-20 1.181000e-12 1.181000e-12 input6
