     Internal    Switching      Leakage        Total
        Power        Power        Power        Power (Watts)
----------------------------------------------------
 9.052756e-07 1.989893e-06 1.227454e-11 2.895181e-06 clkbuf_1_0__f_core_clk
 8.953393e-07 1.443820e-06 1.227454e-11 2.339171e-06 clkbuf_1_1__f_core_clk
 3.262136e-07 1.873137e-06 1.284880e-11 2.199363e-06 fanout1134
 3.236055e-07 1.762913e-06 1.284880e-11 2.086532e-06 fanout1130
 3.233189e-07 1.462202e-06 1.113811e-11 1.785532e-06 clkbuf_0_w_clk
 3.565858e-07 1.303359e-06 1.121193e-11 1.659956e-06 clkbuf_0_v_clk
 3.603111e-07 1.141117e-06 1.121193e-11 1.501440e-06 clkbuf_4_2__f_v_clk
 4.466771e-07 9.876807e-07 7.181363e-12 1.434365e-06 clkbuf_leaf_10_core_clk
 4.462480e-07 9.723460e-07 7.181363e-12 1.418601e-06 clkbuf_leaf_8_core_clk
 8.477567e-07 5.557451e-07 1.227454e-11 1.403514e-06 clkbuf_0_core_clk
 4.456078e-07 9.494380e-07 7.181363e-12 1.395053e-06 clkbuf_leaf_12_core_clk
 3.596072e-07 1.020776e-06 1.121193e-11 1.380394e-06 clkbuf_4_8__f_v_clk
 4.450259e-07 9.286180e-07 7.181363e-12 1.373651e-06 clkbuf_leaf_7_core_clk
 4.449247e-07 9.248723e-07 7.181363e-12 1.369804e-06 clkbuf_leaf_11_core_clk
 4.447913e-07 9.198042e-07 7.181363e-12 1.364603e-06 clkbuf_leaf_9_core_clk
 3.597285e-07 9.933257e-07 1.121193e-11 1.353065e-06 clkbuf_4_13__f_v_clk
 3.596645e-07 9.895646e-07 1.121193e-11 1.349240e-06 clkbuf_4_11__f_v_clk
 3.246764e-07 1.020648e-06 1.113811e-11 1.345335e-06 clkbuf_4_13__f_w_clk
 3.246190e-07 1.019066e-06 1.113811e-11 1.343696e-06 clkbuf_4_2__f_w_clk
 3.242310e-07 1.001967e-06 1.113811e-11 1.326209e-06 clkbuf_4_9__f_w_clk
 3.241961e-07 9.948333e-07 1.113811e-11 1.319041e-06 clkbuf_4_11__f_w_clk
 3.239840e-07 9.918456e-07 1.113811e-11 1.315841e-06 clkbuf_4_7__f_w_clk
 3.056221e-07 1.004998e-06 8.803519e-12 1.310628e-06 u_icg_v
 3.595031e-07 9.486277e-07 1.121193e-11 1.308142e-06 clkbuf_4_10__f_v_clk
 3.600781e-07 9.466847e-07 1.121193e-11 1.306774e-06 clkbuf_4_1__f_v_clk
 3.598269e-07 9.464935e-07 1.121193e-11 1.306332e-06 clkbuf_4_4__f_v_clk
 3.594533e-07 9.366474e-07 1.121193e-11 1.296112e-06 clkbuf_4_7__f_v_clk
 3.240396e-07 9.674264e-07 1.113811e-11 1.291477e-06 clkbuf_4_8__f_w_clk
 4.426729e-07 8.440245e-07 7.181363e-12 1.286705e-06 clkbuf_leaf_6_core_clk
 4.424705e-07 8.364304e-07 7.181363e-12 1.278908e-06 clkbuf_leaf_14_core_clk
 3.239328e-07 9.544672e-07 1.113811e-11 1.278411e-06 clkbuf_4_6__f_w_clk
 3.244933e-07 9.504615e-07 1.113811e-11 1.274966e-06 clkbuf_4_3__f_w_clk
 3.239097e-07 9.497300e-07 1.113811e-11 1.273651e-06 clkbuf_4_4__f_w_clk
 3.598394e-07 9.131001e-07 1.121193e-11 1.272951e-06 clkbuf_4_3__f_v_clk
 4.419718e-07 8.185871e-07 7.181363e-12 1.260566e-06 clkbuf_leaf_13_core_clk
 3.244863e-07 9.150347e-07 1.113811e-11 1.239532e-06 clkbuf_4_12__f_w_clk
 3.243644e-07 8.953725e-07 1.113811e-11 1.219748e-06 clkbuf_4_1__f_w_clk
 3.237874e-07 8.931848e-07 1.113811e-11 1.216983e-06 clkbuf_4_5__f_w_clk
 3.592788e-07 8.536208e-07 1.121193e-11 1.212911e-06 clkbuf_4_6__f_v_clk
 3.592322e-07 8.473343e-07 1.121193e-11 1.206578e-06 clkbuf_4_9__f_v_clk
 3.243732e-07 8.787405e-07 1.113811e-11 1.203125e-06 clkbuf_4_14__f_w_clk
 4.380391e-07 7.646242e-07 7.181363e-12 1.202670e-06 clkbuf_leaf_2_core_clk
 3.595475e-07 8.380549e-07 1.121193e-11 1.197614e-06 clkbuf_4_14__f_v_clk
 4.376554e-07 7.484080e-07 7.181363e-12 1.186071e-06 clkbuf_leaf_0_core_clk
 3.594897e-07 8.203715e-07 1.121193e-11 1.179872e-06 clkbuf_4_5__f_v_clk
 4.396061e-07 7.333610e-07 7.181363e-12 1.172974e-06 clkbuf_leaf_15_core_clk
 8.690834e-07 2.919162e-07 1.232310e-11 1.161012e-06 clkbuf_0_clk
 3.592964e-07 7.832879e-07 1.121193e-11 1.142595e-06 clkbuf_4_12__f_v_clk
 4.364546e-07 7.036543e-07 7.181363e-12 1.140116e-06 clkbuf_leaf_19_core_clk
 4.361214e-07 6.930103e-07 7.181363e-12 1.129139e-06 clkbuf_leaf_1_core_clk
 1.815260e-07 9.414580e-07 6.994572e-12 1.122991e-06 clkbuf_2_2_0_v_clk
 3.593381e-07 7.595197e-07 1.121193e-11 1.118869e-06 clkbuf_4_15__f_v_clk
 4.357817e-07 6.801951e-07 7.181363e-12 1.115984e-06 clkbuf_leaf_17_core_clk
 4.354247e-07 6.654561e-07 7.181363e-12 1.100888e-06 clkbuf_leaf_4_core_clk
 1.814431e-07 9.002582e-07 6.994572e-12 1.081708e-06 clkbuf_2_3_0_v_clk
 3.594579e-07 7.209345e-07 1.121193e-11 1.080404e-06 clkbuf_4_0__f_v_clk
 4.247942e-07 6.551841e-07 8.292146e-12 1.079987e-06 u_icg
 1.814859e-07 8.976891e-07 6.994572e-12 1.079182e-06 clkbuf_2_1_0_v_clk
 4.346894e-07 6.392203e-07 7.181363e-12 1.073917e-06 clkbuf_leaf_16_core_clk
 1.814733e-07 8.918373e-07 6.994572e-12 1.073318e-06 clkbuf_2_0_0_v_clk
 3.240692e-07 7.301568e-07 1.113811e-11 1.054237e-06 clkbuf_4_15__f_w_clk
 4.338224e-07 6.059676e-07 7.181363e-12 1.039797e-06 clkbuf_leaf_18_core_clk
 3.235731e-07 7.142394e-07 1.113811e-11 1.037824e-06 clkbuf_4_10__f_w_clk
 3.239475e-07 6.936764e-07 1.113811e-11 1.017635e-06 clkbuf_4_0__f_w_clk
 4.329131e-07 5.718029e-07 7.181363e-12 1.004723e-06 clkbuf_leaf_3_core_clk
 1.618503e-07 8.276024e-07 7.282310e-12 9.894600e-07 fanout1131
 1.620934e-07 8.171589e-07 6.981596e-12 9.792593e-07 clkbuf_2_1_0_w_clk
 8.422734e-07 1.275435e-07 1.232310e-11 9.698292e-07 clkbuf_1_1__f_clk
 2.948551e-07 6.682477e-07 8.837255e-12 9.631117e-07 u_icg_w
 1.620055e-07 8.010358e-07 6.981596e-12 9.630483e-07 clkbuf_2_2_0_w_clk
 8.406664e-07 1.123250e-07 1.232310e-11 9.530037e-07 clkbuf_1_0__f_clk
 1.607854e-07 7.907955e-07 7.097489e-12 9.515880e-07 fanout788
 4.309092e-07 4.957259e-07 7.181363e-12 9.266422e-07 clkbuf_leaf_5_core_clk
 1.619969e-07 7.642496e-07 6.981596e-12 9.262536e-07 clkbuf_2_0_0_w_clk
 1.619256e-07 7.590561e-07 6.981596e-12 9.209887e-07 clkbuf_2_3_0_w_clk
 1.614615e-07 7.048629e-07 7.097489e-12 8.663315e-07 fanout780
 1.616590e-07 6.840270e-07 7.282307e-12 8.456933e-07 fanout1157
 8.187031e-08 5.385353e-07 4.679293e-12 6.204103e-07 fanout772
 8.153629e-08 4.898801e-07 1.259423e-11 5.714289e-07 fanout231
 8.187497e-08 4.734175e-07 4.679293e-12 5.552972e-07 fanout810
 8.220633e-08 4.704374e-07 4.679293e-12 5.526484e-07 fanout784
 8.164810e-08 4.679133e-07 4.679293e-12 5.495660e-07 fanout796
 8.188230e-08 4.631369e-07 4.522210e-12 5.450238e-07 fanout1146
 7.931391e-08 4.580225e-07 1.231104e-11 5.373487e-07 fanout460
 8.192247e-08 4.546269e-07 4.522210e-12 5.365539e-07 fanout1143
 8.185287e-08 4.535857e-07 4.679293e-12 5.354432e-07 fanout794
 8.210028e-08 4.490823e-07 4.522210e-12 5.311871e-07 fanout1202
 7.325546e-08 4.557634e-07 1.322065e-11 5.290321e-07 wire219
 8.191686e-08 4.467196e-07 4.679293e-12 5.286411e-07 fanout791
 8.197117e-08 4.439239e-07 4.679293e-12 5.258997e-07 fanout786
 6.993211e-08 4.555038e-07 1.213288e-11 5.254481e-07 fanout316
 8.262549e-08 4.402468e-07 4.679293e-12 5.228769e-07 fanout768
 8.200703e-08 4.322069e-07 4.522210e-12 5.142184e-07 fanout1137
 6.792385e-08 4.429082e-07 1.127806e-11 5.108433e-07 fanout192
 8.276061e-08 4.154618e-07 4.522210e-12 4.982269e-07 fanout1179
 8.285106e-08 4.108791e-07 4.679293e-12 4.937348e-07 fanout797
 8.213339e-08 4.113504e-07 4.522210e-12 4.934883e-07 fanout1172
 8.209517e-08 4.102214e-07 4.679293e-12 4.923212e-07 fanout815
 8.217280e-08 4.054454e-07 4.679293e-12 4.876229e-07 fanout762
 8.216970e-08 3.981132e-07 4.522210e-12 4.802875e-07 fanout1190
 8.315896e-08 3.931932e-07 4.679293e-12 4.763568e-07 fanout758
 8.199228e-08 3.913543e-07 4.679293e-12 4.733512e-07 fanout769
 7.575269e-08 3.961974e-07 1.228881e-11 4.719623e-07 fanout163
 8.224316e-08 3.873727e-07 4.522210e-12 4.696203e-07 fanout1160
 8.289313e-08 3.863788e-07 4.522210e-12 4.692765e-07 fanout1156
 7.615079e-08 3.915458e-07 1.160275e-11 4.677082e-07 fanout359
 8.204115e-08 3.814872e-07 4.679293e-12 4.635330e-07 fanout766
 7.056964e-08 3.919656e-07 1.137412e-11 4.625466e-07 fanout229
 7.776416e-08 3.821798e-07 1.172900e-11 4.599557e-07 fanout1632
 8.229750e-08 3.759792e-07 4.522210e-12 4.582812e-07 fanout1174
 8.260766e-08 3.698268e-07 4.679293e-12 4.524391e-07 fanout792
 8.242215e-08 3.694102e-07 4.522210e-12 4.518369e-07 fanout1168
 6.210045e-08 3.890224e-07 1.241669e-11 4.511353e-07 hold33
 8.280996e-08 3.679519e-07 4.679293e-12 4.507666e-07 fanout817
 8.303186e-08 3.664075e-07 4.679293e-12 4.494441e-07 fanout774
 8.478313e-08 3.644472e-07 1.174913e-11 4.492421e-07 hold74
 6.467901e-08 3.840245e-07 1.126276e-11 4.487148e-07 fanout341
 8.249457e-08 3.644712e-07 4.679293e-12 4.469704e-07 fanout809
 6.659009e-08 3.769752e-07 1.128382e-11 4.435765e-07 fanout157
 8.291122e-08 3.595163e-07 4.679293e-12 4.424323e-07 fanout760
 6.596748e-08 3.698003e-07 1.319764e-11 4.357809e-07 fanout617
 8.252469e-08 3.521113e-07 4.522210e-12 4.346405e-07 fanout1192
 8.295743e-08 3.513675e-07 4.679293e-12 4.343296e-07 fanout761
 8.265484e-08 3.502213e-07 4.522210e-12 4.328807e-07 fanout1166
 8.268037e-08 3.497818e-07 4.522210e-12 4.324667e-07 fanout1140
 8.468707e-08 3.468063e-07 1.289706e-11 4.315062e-07 fanout1211
 8.272772e-08 3.474236e-07 4.679293e-12 4.301560e-07 fanout785
 8.257293e-08 3.474207e-07 4.522210e-12 4.299982e-07 fanout1196
 8.308260e-08 3.452789e-07 4.522210e-12 4.283660e-07 fanout1155
 8.275867e-08 3.441667e-07 4.679293e-12 4.269301e-07 fanout789
 8.265665e-08 3.440355e-07 4.522210e-12 4.266967e-07 fanout1145
 6.807739e-08 3.556009e-07 1.128323e-11 4.236896e-07 max_cap349
 7.165681e-08 3.511877e-07 1.145355e-11 4.228560e-07 fanout691
 8.324727e-08 3.392458e-07 4.522210e-12 4.224976e-07 fanout1135
 8.298381e-08 3.394821e-07 4.679293e-12 4.224706e-07 fanout813
 8.272335e-08 3.393046e-07 4.679293e-12 4.220326e-07 fanout759
 8.352317e-08 3.377068e-07 4.679293e-12 4.212347e-07 fanout782
 8.313167e-08 3.377894e-07 4.522210e-12 4.209256e-07 fanout1159
 8.330223e-08 3.365529e-07 4.679293e-12 4.198598e-07 fanout777
 8.273192e-08 3.368127e-07 4.522210e-12 4.195491e-07 fanout1138
 8.307246e-08 3.329682e-07 4.679293e-12 4.160454e-07 fanout801
 8.335304e-08 3.323613e-07 4.679293e-12 4.157190e-07 fanout764
 8.538309e-08 3.301876e-07 1.179020e-11 4.155825e-07 fanout1645
 7.781573e-08 3.361501e-07 1.228500e-11 4.139781e-07 fanout453
 8.268803e-08 3.300090e-07 4.679293e-12 4.127017e-07 fanout783
 8.369243e-08 3.278708e-07 4.679293e-12 4.115680e-07 fanout799
 8.283273e-08 3.285347e-07 4.522210e-12 4.113720e-07 fanout1201
 8.315293e-08 3.280177e-07 4.679293e-12 4.111753e-07 fanout757
 7.027474e-08 3.405745e-07 1.137340e-11 4.108606e-07 fanout200
 7.563269e-08 3.345862e-07 1.227550e-11 4.102312e-07 fanout1073
 8.237157e-08 3.270881e-07 4.522210e-12 4.094642e-07 fanout1182
 8.319314e-08 3.238239e-07 4.522210e-12 4.070215e-07 fanout1158
 6.346290e-08 3.405520e-07 1.303318e-11 4.040279e-07 fanout292
 8.360630e-08 3.195267e-07 4.522210e-12 4.031376e-07 fanout1181
 6.829052e-08 3.322690e-07 1.190026e-11 4.005714e-07 fanout370
 8.281985e-08 3.164444e-07 4.522210e-12 3.992688e-07 fanout1139
 6.768236e-08 3.311184e-07 1.303975e-11 3.988139e-07 fanout405
 3.982294e-07 0.000000e+00 7.181363e-12 3.982366e-07 clkload9
 8.245745e-08 3.150860e-07 1.175389e-11 3.975552e-07 fanout1650
 5.060290e-08 3.465379e-07 1.323600e-11 3.971540e-07 fanout548
 8.264513e-08 3.136406e-07 4.522210e-12 3.962903e-07 fanout1183
 4.232200e-08 3.524197e-07 7.305987e-12 3.947490e-07 hold298
 8.317436e-08 3.105450e-07 4.679293e-12 3.937240e-07 fanout800
 7.355710e-08 3.191704e-07 1.144948e-11 3.927389e-07 fanout599
 8.697471e-08 3.051802e-07 1.168230e-11 3.921666e-07 max_cap656
 7.511017e-08 3.138084e-07 1.241847e-11 3.889310e-07 max_cap1063
 8.323909e-08 3.037079e-07 4.522210e-12 3.869515e-07 fanout1189
 1.582161e-07 2.245962e-07 6.981596e-12 3.828193e-07 clkbuf_leaf_6_w_clk
 6.168392e-08 3.173625e-07 1.120279e-11 3.790576e-07 fanout198
 1.757466e-07 1.999845e-07 6.994572e-12 3.757382e-07 clkbuf_leaf_107_v_clk
 1.580158e-07 2.157512e-07 6.981596e-12 3.737740e-07 clkbuf_leaf_1_w_clk
 8.375671e-08 2.861266e-07 1.174913e-11 3.698951e-07 max_cap1659
 8.582973e-08 2.824735e-07 1.296567e-11 3.683162e-07 fanout669
 8.333099e-08 2.838982e-07 4.679293e-12 3.672339e-07 fanout773
 5.766146e-08 3.058847e-07 1.327190e-11 3.635594e-07 fanout393
 1.742801e-07 1.889616e-07 6.994572e-12 3.632488e-07 clkbuf_leaf_165_v_clk
 5.295618e-08 3.083977e-07 1.105112e-11 3.613649e-07 fanout334
 1.576813e-07 2.033217e-07 6.981596e-12 3.610100e-07 clkbuf_leaf_112_w_clk
 8.460224e-08 2.743373e-07 1.168053e-11 3.589513e-07 max_cap676
 1.749773e-07 1.834345e-07 6.994572e-12 3.584187e-07 clkbuf_leaf_24_v_clk
 1.746281e-07 1.831048e-07 6.994572e-12 3.577399e-07 clkbuf_leaf_57_v_clk
 1.752700e-07 1.821531e-07 6.994572e-12 3.574301e-07 clkbuf_leaf_109_v_clk
 1.746717e-07 1.824816e-07 6.994572e-12 3.571603e-07 clkbuf_leaf_55_v_clk
 5.518904e-08 3.019481e-07 1.110714e-11 3.571483e-07 fanout195
 7.551773e-08 2.815404e-07 1.227550e-11 3.570704e-07 fanout1071
 1.741047e-07 1.815252e-07 6.994572e-12 3.556369e-07 clkbuf_leaf_166_v_clk
 1.743883e-07 1.792075e-07 6.994572e-12 3.536028e-07 clkbuf_leaf_167_v_clk
 5.630848e-08 2.965812e-07 1.113024e-11 3.529008e-07 fanout337
 1.575212e-07 1.952787e-07 6.981596e-12 3.528069e-07 clkbuf_leaf_4_w_clk
 1.574744e-07 1.943404e-07 6.981596e-12 3.518218e-07 clkbuf_leaf_198_w_clk
 1.751460e-07 1.766467e-07 6.994572e-12 3.517997e-07 clkbuf_leaf_98_v_clk
 4.757885e-08 3.029707e-07 1.094885e-11 3.505605e-07 fanout153
 1.743685e-07 1.757073e-07 6.994572e-12 3.500828e-07 clkbuf_leaf_67_v_clk
 1.574367e-07 1.925058e-07 6.981596e-12 3.499495e-07 clkbuf_leaf_2_w_clk
 1.574268e-07 1.922685e-07 6.981596e-12 3.497023e-07 clkbuf_leaf_3_w_clk
 7.291243e-08 2.765861e-07 1.226232e-11 3.495107e-07 fanout984
 1.744900e-07 1.740566e-07 6.994572e-12 3.485536e-07 clkbuf_leaf_63_v_clk
 6.766083e-08 2.808190e-07 1.299286e-11 3.484928e-07 fanout401
 1.743417e-07 1.740288e-07 6.994572e-12 3.483775e-07 clkbuf_leaf_151_v_clk
 1.572817e-07 1.861126e-07 6.981596e-12 3.434013e-07 clkbuf_leaf_0_w_clk
 1.572491e-07 1.851667e-07 6.981596e-12 3.424227e-07 clkbuf_leaf_200_w_clk
 1.738520e-07 1.658926e-07 6.994572e-12 3.397516e-07 clkbuf_leaf_180_v_clk
 1.747891e-07 1.648732e-07 6.994572e-12 3.396693e-07 clkbuf_leaf_150_v_clk
 1.737261e-07 1.658935e-07 6.994572e-12 3.396266e-07 clkbuf_leaf_170_v_clk
 1.571954e-07 1.819293e-07 6.981596e-12 3.391317e-07 clkbuf_leaf_5_w_clk
 1.741489e-07 1.639972e-07 6.994572e-12 3.381531e-07 clkbuf_leaf_73_v_clk
 1.742078e-07 1.637631e-07 6.994572e-12 3.379778e-07 clkbuf_leaf_71_v_clk
 1.739903e-07 1.638976e-07 6.994572e-12 3.378950e-07 clkbuf_leaf_159_v_clk
 1.571090e-07 1.797675e-07 6.981596e-12 3.368835e-07 clkbuf_leaf_111_w_clk
 1.747121e-07 1.601615e-07 6.994572e-12 3.348806e-07 clkbuf_leaf_106_v_clk
 1.748638e-07 1.593237e-07 6.994572e-12 3.341945e-07 clkbuf_leaf_76_v_clk
 1.570230e-07 1.770542e-07 6.981596e-12 3.340841e-07 clkbuf_leaf_9_w_clk
 1.738901e-07 1.598637e-07 6.994572e-12 3.337609e-07 clkbuf_leaf_64_v_clk
 1.743377e-07 1.585692e-07 6.994572e-12 3.329139e-07 clkbuf_leaf_21_v_clk
 1.570369e-07 1.757598e-07 6.981596e-12 3.328037e-07 clkbuf_leaf_106_w_clk
 7.865206e-08 2.532278e-07 1.208045e-11 3.318920e-07 wire577
 1.742220e-07 1.573806e-07 6.994572e-12 3.316096e-07 clkbuf_leaf_143_v_clk
 1.742724e-07 1.567224e-07 6.994572e-12 3.310018e-07 clkbuf_leaf_135_v_clk
 1.745969e-07 1.553162e-07 6.994572e-12 3.299201e-07 clkbuf_leaf_96_v_clk
 1.742510e-07 1.555033e-07 6.994572e-12 3.297613e-07 clkbuf_leaf_9_v_clk
 1.569469e-07 1.726278e-07 6.981596e-12 3.295817e-07 clkbuf_leaf_114_w_clk
 4.208493e-08 2.867962e-07 7.277997e-12 3.288884e-07 hold1300
 1.744666e-07 1.536012e-07 6.994572e-12 3.280748e-07 clkbuf_leaf_46_v_clk
 1.742188e-07 1.535271e-07 6.994572e-12 3.277528e-07 clkbuf_leaf_201_v_clk
 1.740535e-07 1.532694e-07 6.994572e-12 3.273299e-07 clkbuf_leaf_123_v_clk
 1.738843e-07 1.527342e-07 6.994572e-12 3.266255e-07 clkbuf_leaf_52_v_clk
 1.740279e-07 1.525226e-07 6.994572e-12 3.265575e-07 clkbuf_leaf_111_v_clk
 1.745033e-07 1.517659e-07 6.994572e-12 3.262762e-07 clkbuf_leaf_105_v_clk
 1.741202e-07 1.518364e-07 6.994572e-12 3.259636e-07 clkbuf_leaf_130_v_clk
 1.744786e-07 1.513034e-07 6.994572e-12 3.257890e-07 clkbuf_leaf_101_v_clk
 1.568658e-07 1.687095e-07 6.981596e-12 3.255822e-07 clkbuf_leaf_32_w_clk
 7.733710e-08 2.480922e-07 1.172900e-11 3.254410e-07 fanout1628
 1.746249e-07 1.504377e-07 6.994572e-12 3.250696e-07 clkbuf_leaf_79_v_clk
 1.568662e-07 1.678348e-07 6.981596e-12 3.247080e-07 clkbuf_leaf_30_w_clk
 1.734683e-07 1.502134e-07 6.994572e-12 3.236887e-07 clkbuf_leaf_182_v_clk
 1.739631e-07 1.496171e-07 6.994572e-12 3.235872e-07 clkbuf_leaf_51_v_clk
 1.567899e-07 1.667085e-07 6.981596e-12 3.235053e-07 clkbuf_leaf_7_w_clk
 1.744064e-07 1.483690e-07 6.994572e-12 3.227824e-07 clkbuf_leaf_103_v_clk
 1.743318e-07 1.481409e-07 6.994572e-12 3.224797e-07 clkbuf_leaf_44_v_clk
 1.745324e-07 1.469488e-07 6.994572e-12 3.214882e-07 clkbuf_leaf_78_v_clk
 1.737208e-07 1.472870e-07 6.994572e-12 3.210148e-07 clkbuf_leaf_74_v_clk
 1.737382e-07 1.465220e-07 6.994572e-12 3.202671e-07 clkbuf_leaf_53_v_clk
 1.738803e-07 1.463626e-07 6.994572e-12 3.202499e-07 clkbuf_leaf_121_v_clk
 1.567244e-07 1.628811e-07 6.981596e-12 3.196125e-07 clkbuf_leaf_105_w_clk
 1.739451e-07 1.452062e-07 6.994572e-12 3.191583e-07 clkbuf_leaf_145_v_clk
 1.739250e-07 1.446791e-07 6.994572e-12 3.186111e-07 clkbuf_leaf_14_v_clk
 1.739487e-07 1.435319e-07 6.994572e-12 3.174876e-07 clkbuf_leaf_26_v_clk
 1.566691e-07 1.607535e-07 6.981596e-12 3.174296e-07 clkbuf_leaf_109_w_clk
 1.743829e-07 1.416554e-07 6.994572e-12 3.160453e-07 clkbuf_leaf_83_v_clk
 1.741627e-07 1.418440e-07 6.994572e-12 3.160136e-07 clkbuf_leaf_45_v_clk
 1.742067e-07 1.416017e-07 6.994572e-12 3.158154e-07 clkbuf_leaf_114_v_clk
 1.732000e-07 1.424810e-07 6.994572e-12 3.156881e-07 clkbuf_leaf_175_v_clk
 1.737561e-07 1.417817e-07 6.994572e-12 3.155448e-07 clkbuf_leaf_126_v_clk
 1.740205e-07 1.414454e-07 6.994572e-12 3.154730e-07 clkbuf_leaf_183_v_clk
 1.740210e-07 1.413895e-07 6.994572e-12 3.154175e-07 clkbuf_leaf_187_v_clk
 1.737936e-07 1.413765e-07 6.994572e-12 3.151771e-07 clkbuf_leaf_48_v_clk
 1.734577e-07 1.416550e-07 6.994572e-12 3.151197e-07 clkbuf_leaf_56_v_clk
 1.738845e-07 1.409644e-07 6.994572e-12 3.148560e-07 clkbuf_leaf_8_v_clk
 4.740674e-08 2.671162e-07 1.096805e-11 3.145339e-07 fanout227
 1.741316e-07 1.402627e-07 6.994572e-12 3.144013e-07 clkbuf_leaf_36_v_clk
 1.741091e-07 1.398474e-07 6.994572e-12 3.139635e-07 clkbuf_leaf_40_v_clk
 4.241718e-08 2.714849e-07 7.306878e-12 3.139093e-07 hold1064
 1.737772e-07 1.399572e-07 6.994572e-12 3.137414e-07 clkbuf_leaf_147_v_clk
 1.735400e-07 1.401370e-07 6.994572e-12 3.136839e-07 clkbuf_leaf_72_v_clk
 1.738433e-07 1.396920e-07 6.994572e-12 3.135423e-07 clkbuf_leaf_22_v_clk
 1.737107e-07 1.397836e-07 6.994572e-12 3.135013e-07 clkbuf_leaf_120_v_clk
 1.565735e-07 1.567945e-07 6.981596e-12 3.133750e-07 clkbuf_leaf_117_w_clk
 1.738581e-07 1.392280e-07 6.994572e-12 3.130931e-07 clkbuf_leaf_4_v_clk
 1.731068e-07 1.399286e-07 6.994572e-12 3.130424e-07 clkbuf_leaf_172_v_clk
 1.736590e-07 1.393583e-07 6.994572e-12 3.130243e-07 clkbuf_leaf_49_v_clk
 1.736893e-07 1.392095e-07 6.994572e-12 3.129058e-07 clkbuf_leaf_112_v_clk
 1.731880e-07 1.396082e-07 6.994572e-12 3.128031e-07 clkbuf_leaf_178_v_clk
 1.737772e-07 1.386242e-07 6.994572e-12 3.124084e-07 clkbuf_leaf_128_v_clk
 1.734655e-07 1.386924e-07 6.994572e-12 3.121649e-07 clkbuf_leaf_154_v_clk
 1.737779e-07 1.382932e-07 6.994572e-12 3.120781e-07 clkbuf_leaf_17_v_clk
 1.742678e-07 1.375398e-07 6.994572e-12 3.118147e-07 clkbuf_leaf_84_v_clk
 1.734195e-07 1.383252e-07 6.994572e-12 3.117517e-07 clkbuf_leaf_157_v_clk
 1.742783e-07 1.373108e-07 6.994572e-12 3.115961e-07 clkbuf_leaf_77_v_clk
 1.737208e-07 1.365033e-07 6.994572e-12 3.102311e-07 clkbuf_leaf_25_v_clk
 1.736747e-07 1.361176e-07 6.994572e-12 3.097993e-07 clkbuf_leaf_134_v_clk
 1.568613e-07 1.527133e-07 6.981596e-12 3.095816e-07 clkbuf_leaf_191_w_clk
 1.564446e-07 1.529800e-07 6.981596e-12 3.094316e-07 clkbuf_leaf_8_w_clk
 1.575170e-07 1.514735e-07 6.981596e-12 3.089975e-07 clkbuf_leaf_190_w_clk
 1.732361e-07 1.355437e-07 6.994572e-12 3.087868e-07 clkbuf_leaf_158_v_clk
 1.736000e-07 1.348683e-07 6.994572e-12 3.084753e-07 clkbuf_leaf_5_v_clk
 1.564485e-07 1.518919e-07 6.981596e-12 3.083474e-07 clkbuf_leaf_29_w_clk
 1.514008e-08 2.931428e-07 6.592351e-12 3.082895e-07 _15714_
 1.733564e-07 1.339460e-07 6.994572e-12 3.073094e-07 clkbuf_leaf_119_v_clk
 1.727829e-07 1.338930e-07 6.994572e-12 3.066829e-07 clkbuf_leaf_173_v_clk
 1.563949e-07 1.501623e-07 6.981596e-12 3.065642e-07 clkbuf_leaf_102_w_clk
 1.564052e-07 1.500111e-07 6.981596e-12 3.064234e-07 clkbuf_leaf_110_w_clk
 1.731127e-07 1.329283e-07 6.994572e-12 3.060479e-07 clkbuf_leaf_69_v_clk
 1.730087e-07 1.329693e-07 6.994572e-12 3.059850e-07 clkbuf_leaf_66_v_clk
 1.727455e-07 1.330093e-07 6.994572e-12 3.057618e-07 clkbuf_leaf_176_v_clk
 1.573502e-07 1.483818e-07 6.981596e-12 3.057390e-07 clkbuf_leaf_50_w_clk
 1.563603e-07 1.492424e-07 6.981596e-12 3.056097e-07 clkbuf_leaf_94_w_clk
 1.737812e-07 1.316386e-07 6.994572e-12 3.054268e-07 clkbuf_leaf_86_v_clk
 1.733580e-07 1.320193e-07 6.994572e-12 3.053843e-07 clkbuf_leaf_6_v_clk
 1.735438e-07 1.314110e-07 6.994572e-12 3.049618e-07 clkbuf_leaf_41_v_clk
 1.565820e-07 1.483001e-07 6.981596e-12 3.048891e-07 clkbuf_leaf_158_w_clk
 1.732532e-07 1.308656e-07 6.994572e-12 3.041258e-07 clkbuf_leaf_20_v_clk
 1.726158e-07 1.313836e-07 6.994572e-12 3.040063e-07 clkbuf_leaf_177_v_clk
 1.728844e-07 1.307603e-07 6.994572e-12 3.036517e-07 clkbuf_leaf_155_v_clk
 1.728007e-07 1.307031e-07 6.994572e-12 3.035108e-07 clkbuf_leaf_65_v_clk
 1.734904e-07 1.299925e-07 6.994572e-12 3.034899e-07 clkbuf_leaf_102_v_clk
 1.731704e-07 1.302415e-07 6.994572e-12 3.034189e-07 clkbuf_leaf_18_v_clk
 1.727978e-07 1.300678e-07 6.994572e-12 3.028726e-07 clkbuf_leaf_68_v_clk
 1.731332e-07 1.297203e-07 6.994572e-12 3.028605e-07 clkbuf_leaf_16_v_clk
 1.562009e-07 1.457658e-07 6.981596e-12 3.019737e-07 clkbuf_leaf_37_w_clk
 1.727664e-07 1.290879e-07 6.994572e-12 3.018613e-07 clkbuf_leaf_153_v_clk
 1.729475e-07 1.288551e-07 6.994572e-12 3.018096e-07 clkbuf_leaf_122_v_clk
 1.730393e-07 1.285574e-07 6.994572e-12 3.016037e-07 clkbuf_leaf_132_v_clk
 1.733756e-07 1.280175e-07 6.994572e-12 3.014001e-07 clkbuf_leaf_28_v_clk
 1.723631e-07 1.288684e-07 6.994572e-12 3.012385e-07 clkbuf_leaf_163_v_clk
 1.566626e-07 1.443786e-07 6.981596e-12 3.010482e-07 clkbuf_leaf_186_w_clk
 1.729330e-07 1.279536e-07 6.994572e-12 3.008936e-07 clkbuf_leaf_144_v_clk
 1.562393e-07 1.446470e-07 6.981596e-12 3.008934e-07 clkbuf_leaf_33_w_clk
 1.729377e-07 1.272390e-07 6.994572e-12 3.001837e-07 clkbuf_leaf_23_v_clk
 1.728932e-07 1.272302e-07 6.994572e-12 3.001304e-07 clkbuf_leaf_13_v_clk
 1.732461e-07 1.266200e-07 6.994572e-12 2.998731e-07 clkbuf_leaf_31_v_clk
 1.572670e-07 1.424761e-07 6.981596e-12 2.997502e-07 clkbuf_leaf_199_w_clk
 1.731219e-07 1.264683e-07 6.994572e-12 2.995972e-07 clkbuf_leaf_47_v_clk
 1.722399e-07 1.273340e-07 6.994572e-12 2.995808e-07 clkbuf_leaf_171_v_clk
 1.728767e-07 1.264495e-07 6.994572e-12 2.993332e-07 clkbuf_leaf_10_v_clk
 1.731326e-07 1.260930e-07 6.994572e-12 2.992326e-07 clkbuf_leaf_108_v_clk
 1.725322e-07 1.261783e-07 6.994572e-12 2.987175e-07 clkbuf_leaf_70_v_clk
 1.563130e-07 1.422024e-07 6.981596e-12 2.985223e-07 clkbuf_leaf_31_w_clk
 4.079846e-08 2.574658e-07 7.236462e-12 2.982715e-07 max_cap221
 1.727208e-07 1.246796e-07 6.994572e-12 2.974074e-07 clkbuf_leaf_133_v_clk
 1.726601e-07 1.243204e-07 6.994572e-12 2.969875e-07 clkbuf_leaf_11_v_clk
 1.729146e-07 1.236917e-07 6.994572e-12 2.966133e-07 clkbuf_leaf_140_v_clk
 1.731419e-07 1.231886e-07 6.994572e-12 2.963375e-07 clkbuf_leaf_95_v_clk
 1.729791e-07 1.233356e-07 6.994572e-12 2.963217e-07 clkbuf_leaf_33_v_clk
 1.722330e-07 1.240795e-07 6.994572e-12 2.963194e-07 clkbuf_leaf_161_v_clk
 1.561378e-07 1.399399e-07 6.981596e-12 2.960847e-07 clkbuf_leaf_104_w_clk
 1.730412e-07 1.230185e-07 6.994572e-12 2.960666e-07 clkbuf_leaf_82_v_clk
 1.723358e-07 1.235784e-07 6.994572e-12 2.959212e-07 clkbuf_leaf_59_v_clk
 1.728479e-07 1.229736e-07 6.994572e-12 2.958285e-07 clkbuf_leaf_137_v_clk
 1.730654e-07 1.222717e-07 6.994572e-12 2.953441e-07 clkbuf_leaf_92_v_clk
 4.511134e-08 2.501489e-07 1.093816e-11 2.952711e-07 fanout214
 1.728907e-07 1.223060e-07 6.994572e-12 2.952037e-07 clkbuf_leaf_27_v_clk
 1.571399e-07 1.377454e-07 6.981596e-12 2.948923e-07 clkbuf_leaf_188_w_clk
 3.975073e-08 2.551059e-07 7.207910e-12 2.948639e-07 max_cap199
 1.718495e-07 1.223778e-07 6.994572e-12 2.942343e-07 clkbuf_leaf_174_v_clk
 1.724848e-07 1.215624e-07 6.994572e-12 2.940542e-07 clkbuf_leaf_202_v_clk
 1.723864e-07 1.213918e-07 6.994572e-12 2.937852e-07 clkbuf_leaf_142_v_clk
 1.560990e-07 1.376781e-07 6.981596e-12 2.937842e-07 clkbuf_leaf_107_w_clk
 1.724224e-07 1.213459e-07 6.994572e-12 2.937753e-07 clkbuf_leaf_131_v_clk
 1.722907e-07 1.210817e-07 6.994572e-12 2.933794e-07 clkbuf_leaf_125_v_clk
 1.726937e-07 1.203698e-07 6.994572e-12 2.930705e-07 clkbuf_leaf_37_v_clk
 1.728567e-07 1.198573e-07 6.994572e-12 2.927210e-07 clkbuf_leaf_93_v_clk
 1.717288e-07 1.209184e-07 6.994572e-12 2.926542e-07 clkbuf_leaf_164_v_clk
 1.722765e-07 1.198882e-07 6.994572e-12 2.921717e-07 clkbuf_leaf_146_v_clk
 1.728000e-07 1.191665e-07 6.994572e-12 2.919735e-07 clkbuf_leaf_91_v_clk
 1.722682e-07 1.193741e-07 6.994572e-12 2.916493e-07 clkbuf_leaf_15_v_clk
 1.561293e-07 1.350628e-07 6.981596e-12 2.911991e-07 clkbuf_leaf_137_w_clk
 1.720510e-07 1.181835e-07 6.994572e-12 2.902414e-07 clkbuf_leaf_127_v_clk
 1.716770e-07 1.172280e-07 6.994572e-12 2.889121e-07 clkbuf_leaf_160_v_clk
 1.723079e-07 1.165615e-07 6.994572e-12 2.888764e-07 clkbuf_leaf_139_v_clk
 1.725984e-07 1.162264e-07 6.994572e-12 2.888317e-07 clkbuf_leaf_196_v_clk
 1.721577e-07 1.164322e-07 6.994572e-12 2.885969e-07 clkbuf_leaf_181_v_clk
 1.722752e-07 1.162536e-07 6.994572e-12 2.885358e-07 clkbuf_leaf_43_v_clk
 1.724316e-07 1.149241e-07 6.994572e-12 2.873628e-07 clkbuf_leaf_97_v_clk
 1.563732e-07 1.306897e-07 6.981596e-12 2.870699e-07 clkbuf_leaf_87_w_clk
 1.713896e-07 1.152530e-07 6.994572e-12 2.866497e-07 clkbuf_leaf_179_v_clk
 2.553839e-08 2.609672e-07 6.967019e-12 2.865126e-07 max_cap383
 5.847962e-08 2.278112e-07 1.353914e-11 2.863043e-07 wire737
 1.719761e-07 1.142336e-07 6.994572e-12 2.862166e-07 clkbuf_leaf_188_v_clk
 1.714671e-07 1.146622e-07 6.994572e-12 2.861363e-07 clkbuf_leaf_162_v_clk
 1.717372e-07 1.143806e-07 6.994572e-12 2.861248e-07 clkbuf_leaf_117_v_clk
 1.717809e-07 1.137680e-07 6.994572e-12 2.855558e-07 clkbuf_leaf_129_v_clk
 1.718074e-07 1.134039e-07 6.994572e-12 2.852183e-07 clkbuf_leaf_1_v_clk
 1.720211e-07 1.127458e-07 6.994572e-12 2.847739e-07 clkbuf_leaf_99_v_clk
 1.718107e-07 1.122776e-07 6.994572e-12 2.840953e-07 clkbuf_leaf_185_v_clk
 1.713945e-07 1.126256e-07 6.994572e-12 2.840271e-07 clkbuf_leaf_156_v_clk
 1.558049e-07 1.279843e-07 6.981596e-12 2.837962e-07 clkbuf_leaf_34_w_clk
 1.560675e-07 1.276890e-07 6.981596e-12 2.837635e-07 clkbuf_leaf_167_w_clk
 1.719618e-07 1.117209e-07 6.994572e-12 2.836897e-07 clkbuf_leaf_38_v_clk
 1.560669e-07 1.273549e-07 6.981596e-12 2.834288e-07 clkbuf_leaf_163_w_clk
 1.567248e-07 1.264812e-07 6.981596e-12 2.832130e-07 clkbuf_leaf_97_w_clk
 1.714504e-07 1.109027e-07 6.994572e-12 2.823601e-07 clkbuf_leaf_110_v_clk
 1.714343e-07 1.107608e-07 6.994572e-12 2.822021e-07 clkbuf_leaf_124_v_clk
 1.567429e-07 1.253721e-07 6.981596e-12 2.821220e-07 clkbuf_leaf_45_w_clk
 1.719413e-07 1.100867e-07 6.994572e-12 2.820350e-07 clkbuf_leaf_75_v_clk
 1.713230e-07 1.103377e-07 6.994572e-12 2.816677e-07 clkbuf_leaf_54_v_clk
 1.561751e-07 1.252372e-07 6.981596e-12 2.814193e-07 clkbuf_leaf_183_w_clk
 1.712338e-07 1.100387e-07 6.994572e-12 2.812795e-07 clkbuf_leaf_60_v_clk
 1.717173e-07 1.092467e-07 6.994572e-12 2.809710e-07 clkbuf_leaf_115_v_clk
 1.715609e-07 1.093155e-07 6.994572e-12 2.808834e-07 clkbuf_leaf_199_v_clk
 1.714465e-07 1.094282e-07 6.994572e-12 2.808817e-07 clkbuf_leaf_136_v_clk
 1.560002e-07 1.246867e-07 6.981596e-12 2.806939e-07 clkbuf_leaf_165_w_clk
 4.409706e-08 2.356673e-07 1.094767e-11 2.797753e-07 fanout411
 4.415040e-08 2.351447e-07 1.094161e-11 2.793061e-07 fanout162
 1.559359e-07 1.232894e-07 6.981596e-12 2.792323e-07 clkbuf_leaf_161_w_clk
 1.556327e-07 1.228880e-07 6.981596e-12 2.785277e-07 clkbuf_leaf_43_w_clk
 1.565455e-07 1.218759e-07 6.981596e-12 2.784284e-07 clkbuf_leaf_52_w_clk
 1.716827e-07 1.061597e-07 6.994572e-12 2.778494e-07 clkbuf_leaf_89_v_clk
 1.559522e-07 1.212246e-07 6.981596e-12 2.771838e-07 clkbuf_leaf_182_w_clk
 5.660075e-08 2.205633e-07 1.110744e-11 2.771752e-07 fanout1095
 1.557865e-07 1.212232e-07 6.981596e-12 2.770167e-07 clkbuf_leaf_162_w_clk
 5.945163e-08 2.170134e-07 1.113367e-11 2.764762e-07 fanout1080
 1.559334e-07 1.204843e-07 6.981596e-12 2.764247e-07 clkbuf_leaf_88_w_clk
 1.714714e-07 1.045812e-07 6.994572e-12 2.760596e-07 clkbuf_leaf_87_v_clk
 1.563649e-07 1.196563e-07 6.981596e-12 2.760283e-07 clkbuf_leaf_46_w_clk
 1.705766e-07 1.051807e-07 6.994572e-12 2.757643e-07 clkbuf_leaf_191_v_clk
 1.556860e-07 1.199871e-07 6.981596e-12 2.756800e-07 clkbuf_leaf_15_w_clk
 1.712003e-07 1.034879e-07 6.994572e-12 2.746952e-07 clkbuf_leaf_148_v_clk
 1.552825e-07 1.186170e-07 6.981596e-12 2.739065e-07 clkbuf_leaf_42_w_clk
 1.709283e-07 1.028661e-07 6.994572e-12 2.738014e-07 clkbuf_leaf_2_v_clk
 1.711840e-07 1.022424e-07 6.994572e-12 2.734334e-07 clkbuf_leaf_34_v_clk
 1.553413e-07 1.175128e-07 6.981596e-12 2.728611e-07 clkbuf_leaf_133_w_clk
 1.561633e-07 1.164332e-07 6.981596e-12 2.726035e-07 clkbuf_leaf_195_w_clk
 1.560524e-07 1.160609e-07 6.981596e-12 2.721203e-07 clkbuf_leaf_48_w_clk
 1.707877e-07 1.012128e-07 6.994572e-12 2.720075e-07 clkbuf_leaf_3_v_clk
 4.259319e-08 2.294012e-07 7.089841e-12 2.720014e-07 hold40
 1.554001e-07 1.164100e-07 6.981596e-12 2.718171e-07 clkbuf_leaf_164_w_clk
 1.710026e-07 1.001638e-07 6.994572e-12 2.711735e-07 clkbuf_leaf_29_v_clk
 1.707074e-07 1.004382e-07 6.994572e-12 2.711527e-07 clkbuf_leaf_12_v_clk
 1.706661e-07 1.003871e-07 6.994572e-12 2.710601e-07 clkbuf_leaf_19_v_clk
 4.509175e-08 2.252632e-07 1.095993e-11 2.703659e-07 fanout519
 1.553845e-07 1.146090e-07 6.981596e-12 2.700005e-07 clkbuf_leaf_179_w_clk
 5.800013e-08 2.119385e-07 1.356327e-11 2.699522e-07 fanout660
 1.559440e-07 1.139976e-07 6.981596e-12 2.699487e-07 clkbuf_leaf_193_w_clk
 1.701360e-07 9.972421e-08 6.994572e-12 2.698673e-07 clkbuf_leaf_169_v_clk
 1.706969e-07 9.903017e-08 6.994572e-12 2.697341e-07 clkbuf_leaf_189_v_clk
 1.710705e-07 9.859637e-08 6.994572e-12 2.696738e-07 clkbuf_leaf_206_v_clk
 1.550751e-07 1.143531e-07 6.981596e-12 2.694352e-07 clkbuf_leaf_55_w_clk
 1.705866e-07 9.771797e-08 6.994572e-12 2.683116e-07 clkbuf_leaf_194_v_clk
 1.706185e-07 9.672036e-08 6.994572e-12 2.673459e-07 clkbuf_leaf_42_v_clk
 1.552334e-07 1.120297e-07 6.981596e-12 2.672701e-07 clkbuf_leaf_78_w_clk
 1.549508e-07 1.111796e-07 6.981596e-12 2.661374e-07 clkbuf_leaf_159_w_clk
 1.549005e-07 1.106084e-07 6.981596e-12 2.655158e-07 clkbuf_leaf_160_w_clk
 1.707246e-07 9.453027e-08 6.994572e-12 2.652619e-07 clkbuf_leaf_193_v_clk
 1.548358e-07 1.098355e-07 6.981596e-12 2.646783e-07 clkbuf_leaf_168_w_clk
 1.703916e-07 9.385498e-08 6.994572e-12 2.642536e-07 clkbuf_leaf_149_v_clk
 4.637156e-08 2.171696e-07 4.012745e-12 2.635451e-07 fanout1148
 1.553310e-07 1.081308e-07 6.981596e-12 2.634688e-07 clkbuf_leaf_89_w_clk
 1.549353e-07 1.084670e-07 6.981596e-12 2.634094e-07 clkbuf_leaf_86_w_clk
 1.546356e-07 1.085981e-07 6.981596e-12 2.632407e-07 clkbuf_leaf_142_w_clk
 1.548457e-07 1.079608e-07 6.981596e-12 2.628135e-07 clkbuf_leaf_187_w_clk
 1.704571e-07 9.189327e-08 6.994572e-12 2.623573e-07 clkbuf_leaf_90_v_clk
 1.699872e-07 9.173452e-08 6.994572e-12 2.617287e-07 clkbuf_leaf_7_v_clk
 1.547973e-07 1.067699e-07 6.981596e-12 2.615742e-07 clkbuf_leaf_81_w_clk
 4.460193e-08 2.162793e-07 1.092415e-11 2.608921e-07 fanout225
 1.547294e-07 1.059009e-07 6.981596e-12 2.606373e-07 clkbuf_leaf_92_w_clk
 1.544265e-07 1.061329e-07 6.981596e-12 2.605664e-07 clkbuf_leaf_141_w_clk
 1.699855e-07 9.055165e-08 6.994572e-12 2.605441e-07 clkbuf_leaf_186_v_clk
 1.699488e-07 9.014068e-08 6.994572e-12 2.600965e-07 clkbuf_leaf_198_v_clk
 1.699435e-07 9.007353e-08 6.994572e-12 2.600240e-07 clkbuf_leaf_184_v_clk
 1.542819e-07 1.042539e-07 6.981596e-12 2.585428e-07 clkbuf_leaf_138_w_clk
 2.401842e-08 2.341244e-07 6.952933e-12 2.581498e-07 max_cap161
 1.701081e-07 8.789565e-08 6.994572e-12 2.580108e-07 clkbuf_leaf_100_v_clk
 1.545062e-07 1.031667e-07 6.981596e-12 2.576799e-07 clkbuf_leaf_83_w_clk
 1.701019e-07 8.734264e-08 6.994572e-12 2.574516e-07 clkbuf_leaf_205_v_clk
 3.999077e-08 2.168643e-07 7.211706e-12 2.568623e-07 fanout156
 1.548253e-07 1.017273e-07 6.981596e-12 2.565595e-07 clkbuf_leaf_66_w_clk
 1.540741e-07 1.020024e-07 6.981596e-12 2.560835e-07 clkbuf_leaf_134_w_clk
 1.541725e-07 1.017158e-07 6.981596e-12 2.558953e-07 clkbuf_leaf_169_w_clk
 1.540479e-07 1.016257e-07 6.981596e-12 2.556806e-07 clkbuf_leaf_58_w_clk
 3.397257e-08 2.211875e-07 7.096388e-12 2.551672e-07 hold113
 4.640509e-08 2.077209e-07 4.012745e-12 2.541300e-07 fanout1169
 1.539336e-07 9.886347e-08 6.981596e-12 2.528040e-07 clkbuf_leaf_176_w_clk
 1.537916e-07 9.870887e-08 6.981596e-12 2.525074e-07 clkbuf_leaf_54_w_clk
 1.694532e-07 8.292096e-08 6.994572e-12 2.523811e-07 clkbuf_leaf_138_v_clk
 1.696658e-07 8.221203e-08 6.994572e-12 2.518848e-07 clkbuf_leaf_197_v_clk
 4.654312e-08 2.051858e-07 4.012745e-12 2.517329e-07 fanout1141
 1.694060e-07 8.230212e-08 6.994572e-12 2.517151e-07 clkbuf_leaf_141_v_clk
 1.696381e-07 8.194759e-08 6.994572e-12 2.515927e-07 clkbuf_leaf_204_v_clk
 3.780274e-08 2.137537e-07 7.181532e-12 2.515636e-07 fanout1074
 1.693989e-07 8.134055e-08 6.994572e-12 2.507464e-07 clkbuf_leaf_30_v_clk
 1.543569e-07 9.543623e-08 6.981596e-12 2.498001e-07 clkbuf_leaf_192_w_clk
 1.543316e-07 9.515438e-08 6.981596e-12 2.494930e-07 clkbuf_leaf_194_w_clk
 1.691163e-07 8.023597e-08 6.994572e-12 2.493593e-07 clkbuf_leaf_190_v_clk
 1.535441e-07 9.536429e-08 6.981596e-12 2.489154e-07 clkbuf_leaf_147_w_clk
 1.541501e-07 9.422175e-08 6.981596e-12 2.483789e-07 clkbuf_leaf_96_w_clk
 1.693721e-07 7.884150e-08 6.994572e-12 2.482205e-07 clkbuf_leaf_195_v_clk
 4.789179e-08 1.996157e-07 1.098637e-11 2.475185e-07 fanout575
 1.536789e-07 9.374541e-08 6.981596e-12 2.474313e-07 clkbuf_leaf_146_w_clk
 3.503055e-08 2.118501e-07 7.033282e-12 2.468877e-07 fanout458
 1.690519e-07 7.743071e-08 6.994572e-12 2.464896e-07 clkbuf_leaf_32_v_clk
 4.340859e-08 2.026580e-07 7.096225e-12 2.460737e-07 hold199
 1.534887e-07 9.159186e-08 6.981596e-12 2.450875e-07 clkbuf_leaf_181_w_clk
 1.532381e-07 9.160227e-08 6.981596e-12 2.448474e-07 clkbuf_leaf_136_w_clk
 1.534625e-07 9.079753e-08 6.981596e-12 2.442670e-07 clkbuf_leaf_84_w_clk
 4.647044e-08 1.972897e-07 4.012745e-12 2.437641e-07 fanout1197
 5.467639e-08 1.889412e-07 1.351087e-11 2.436311e-07 fanout1030
 1.531298e-07 9.034987e-08 6.981596e-12 2.434866e-07 clkbuf_leaf_57_w_clk
 1.533560e-07 8.999108e-08 6.981596e-12 2.433540e-07 clkbuf_leaf_184_w_clk
 1.531091e-07 9.004017e-08 6.981596e-12 2.431563e-07 clkbuf_leaf_145_w_clk
 1.688968e-07 7.374178e-08 6.994572e-12 2.426456e-07 clkbuf_leaf_88_v_clk
 1.536486e-07 8.790773e-08 6.981596e-12 2.415633e-07 clkbuf_leaf_40_w_clk
 4.117625e-08 1.995597e-07 1.090623e-11 2.407468e-07 fanout508
 1.528699e-07 8.766698e-08 6.981596e-12 2.405439e-07 clkbuf_leaf_70_w_clk
 1.686953e-07 7.100628e-08 6.994572e-12 2.397086e-07 clkbuf_leaf_203_v_clk
 1.528298e-07 8.667932e-08 6.981596e-12 2.395161e-07 clkbuf_leaf_135_w_clk
 5.601827e-08 1.829483e-07 1.355102e-11 2.389801e-07 fanout1110
 1.527857e-07 8.597446e-08 6.981596e-12 2.387671e-07 clkbuf_leaf_148_w_clk
 1.684420e-07 7.022776e-08 6.994572e-12 2.386767e-07 clkbuf_leaf_39_v_clk
 1.527766e-07 8.585757e-08 6.981596e-12 2.386411e-07 clkbuf_leaf_139_w_clk
 1.533401e-07 8.475051e-08 6.981596e-12 2.380976e-07 clkbuf_leaf_90_w_clk
 4.658891e-08 1.906080e-07 4.294560e-12 2.372012e-07 fanout790
 5.600769e-08 1.807039e-07 1.355102e-11 2.367252e-07 fanout1111
 3.568304e-08 2.005798e-07 1.080829e-11 2.362736e-07 fanout351
 1.684024e-07 6.765320e-08 6.994572e-12 2.360626e-07 clkbuf_leaf_0_v_clk
 4.638153e-08 1.895705e-07 4.012745e-12 2.359560e-07 fanout1175
 1.523772e-07 8.136864e-08 6.981596e-12 2.337528e-07 clkbuf_leaf_62_w_clk
 1.530307e-07 8.069834e-08 6.981596e-12 2.337360e-07 clkbuf_leaf_51_w_clk
 3.777941e-08 1.953005e-07 7.181532e-12 2.330871e-07 fanout1072
 2.818961e-08 2.042922e-07 6.973111e-12 2.324888e-07 max_cap167
 4.337380e-08 1.876757e-07 7.096225e-12 2.310566e-07 fanout1644
 3.282708e-08 1.980910e-07 7.096388e-12 2.309252e-07 fanout1626
 1.527811e-07 7.811918e-08 6.981596e-12 2.309073e-07 clkbuf_leaf_98_w_clk
 1.523600e-07 7.787297e-08 6.981596e-12 2.302400e-07 clkbuf_leaf_156_w_clk
 1.524808e-07 7.469396e-08 6.981596e-12 2.271817e-07 clkbuf_leaf_103_w_clk
 1.518503e-07 7.459704e-08 6.981596e-12 2.264543e-07 clkbuf_leaf_61_w_clk
 3.307422e-08 1.932750e-07 7.343630e-12 2.263566e-07 fanout618
 6.558211e-08 1.604254e-07 1.179113e-11 2.260193e-07 fanout1591
 4.667983e-08 1.783774e-07 4.294560e-12 2.250615e-07 fanout814
 1.516916e-07 7.277555e-08 6.981596e-12 2.244742e-07 clkbuf_leaf_56_w_clk
 1.517286e-07 7.178497e-08 6.981596e-12 2.235206e-07 clkbuf_leaf_13_w_clk
 3.364384e-08 1.895025e-07 7.008227e-12 2.231534e-07 hold22
 1.516717e-07 7.126631e-08 6.981596e-12 2.229450e-07 clkbuf_leaf_131_w_clk
 1.516715e-07 6.959515e-08 6.981596e-12 2.212736e-07 clkbuf_leaf_149_w_clk
 1.516251e-07 6.860673e-08 6.981596e-12 2.202388e-07 clkbuf_leaf_91_w_clk
 3.636010e-08 1.818838e-07 1.401976e-11 2.182579e-07 fanout887
 2.106815e-08 1.963665e-07 4.502650e-12 2.174392e-07 hold400
 1.512037e-07 6.551978e-08 6.981596e-12 2.167305e-07 clkbuf_leaf_175_w_clk
 3.497843e-08 1.803217e-07 1.083846e-11 2.153110e-07 fanout668
 1.512140e-07 6.396488e-08 6.981596e-12 2.151858e-07 clkbuf_leaf_155_w_clk
 1.510810e-07 6.298309e-08 6.981596e-12 2.140711e-07 clkbuf_leaf_76_w_clk
 1.510417e-07 6.253705e-08 6.981596e-12 2.135858e-07 clkbuf_leaf_77_w_clk
 1.509475e-07 6.229472e-08 6.981596e-12 2.132492e-07 clkbuf_leaf_12_w_clk
 1.507897e-07 5.958420e-08 6.981596e-12 2.103809e-07 clkbuf_leaf_122_w_clk
 1.507381e-07 5.831492e-08 6.981596e-12 2.090600e-07 clkbuf_leaf_157_w_clk
 2.918375e-08 1.793290e-07 6.977642e-12 2.085197e-07 max_cap151
 1.506498e-07 5.780212e-08 6.981596e-12 2.084589e-07 clkbuf_leaf_75_w_clk
 1.506469e-07 5.778098e-08 6.981596e-12 2.084349e-07 clkbuf_leaf_119_w_clk
 1.505761e-07 5.627421e-08 6.981596e-12 2.068573e-07 clkbuf_leaf_152_w_clk
 1.505662e-07 5.621642e-08 6.981596e-12 2.067896e-07 clkbuf_leaf_150_w_clk
 4.653267e-08 1.600833e-07 4.294560e-12 2.066202e-07 fanout793
 2.049966e-07 0.000000e+00 4.608005e-12 2.050012e-07 clkload15
 1.501951e-07 5.443407e-08 6.981596e-12 2.046362e-07 clkbuf_leaf_23_w_clk
 2.782404e-08 1.763108e-07 7.139388e-12 2.041420e-07 fanout612
 1.501153e-07 5.384245e-08 6.981596e-12 2.039647e-07 clkbuf_leaf_72_w_clk
 3.095290e-08 1.712679e-07 7.398983e-12 2.022282e-07 hold75
 3.895207e-08 1.632571e-07 7.085466e-12 2.022162e-07 fanout1634
 3.304608e-08 1.689095e-07 7.339416e-12 2.019629e-07 fanout529
 3.279384e-08 1.687922e-07 7.096388e-12 2.015931e-07 fanout1585
 1.499487e-07 5.139461e-08 6.981596e-12 2.013503e-07 clkbuf_leaf_22_w_clk
 8.875991e-09 1.919485e-07 3.083127e-12 2.008276e-07 _15755_
 1.497136e-07 4.907202e-08 6.981596e-12 1.987926e-07 clkbuf_leaf_21_w_clk
 2.844370e-08 1.672220e-07 6.972300e-12 1.956726e-07 max_cap160
 3.483358e-08 1.607289e-07 7.344972e-12 1.955699e-07 fanout680
 4.681888e-08 1.461973e-07 4.012745e-12 1.930202e-07 fanout1165
 2.400932e-08 1.685976e-07 6.951629e-12 1.926138e-07 max_cap395
 3.792550e-08 1.545793e-07 7.181144e-12 1.925120e-07 fanout1054
 3.272797e-08 1.581429e-07 7.283411e-12 1.908781e-07 fanout1221
 3.282680e-08 1.565718e-07 7.096388e-12 1.894057e-07 fanout1625
 1.491816e-07 3.990935e-08 6.981596e-12 1.890979e-07 clkbuf_leaf_121_w_clk
 3.739354e-08 1.500238e-07 1.062644e-11 1.874280e-07 hold28
 3.388426e-08 1.524154e-07 1.081973e-11 1.863105e-07 fanout1026
 2.792456e-08 1.562739e-07 6.977217e-12 1.842055e-07 max_cap190
 2.877813e-08 1.536843e-07 6.975737e-12 1.824694e-07 fanout196
 2.804712e-08 1.531432e-07 7.240410e-12 1.811976e-07 fanout608
 1.485248e-07 3.246370e-08 6.981596e-12 1.809955e-07 clkbuf_leaf_120_w_clk
 1.483366e-07 3.147771e-08 6.981596e-12 1.798213e-07 clkbuf_leaf_172_w_clk
 3.293730e-08 1.445649e-07 7.283411e-12 1.775095e-07 fanout1234
 2.480134e-08 1.513752e-07 6.958074e-12 1.761835e-07 max_cap188
 1.952173e-08 1.554207e-07 4.466285e-12 1.749469e-07 hold3609
 2.097051e-08 1.514450e-07 4.499155e-12 1.724200e-07 hold1533
 2.908308e-08 1.424590e-07 1.075354e-11 1.715528e-07 fanout371
 3.331321e-08 1.375243e-07 1.079702e-11 1.708483e-07 fanout592
 2.191524e-08 1.478339e-07 6.951115e-12 1.697561e-07 max_cap600
 3.241598e-08 1.372590e-07 7.283411e-12 1.696823e-07 fanout1230
 3.006120e-08 1.394199e-07 7.173447e-12 1.694883e-07 fanout1269
 3.277444e-08 1.360366e-07 7.096388e-12 1.688181e-07 fanout1606
 2.492595e-08 1.436661e-07 7.350374e-12 1.685994e-07 fanout543
 3.001773e-08 1.384419e-07 7.173447e-12 1.684668e-07 fanout1260
 2.793620e-08 1.395157e-07 7.240410e-12 1.674591e-07 fanout606
 2.789686e-08 1.385051e-07 6.974144e-12 1.664090e-07 max_cap377
 3.322553e-08 1.330579e-07 7.283411e-12 1.662907e-07 fanout1240
 3.302449e-08 1.316813e-07 7.096388e-12 1.647129e-07 fanout1575
 3.019604e-08 1.340175e-07 7.206352e-12 1.642207e-07 fanout1549
 1.639559e-07 0.000000e+00 6.994572e-12 1.639629e-07 clkload145
 1.638032e-07 0.000000e+00 6.994572e-12 1.638102e-07 clkload147
 1.637392e-07 0.000000e+00 6.994572e-12 1.637462e-07 clkload314
 1.635944e-07 0.000000e+00 6.994572e-12 1.636014e-07 clkload205
 1.635705e-07 0.000000e+00 6.994572e-12 1.635775e-07 clkload210
 1.634869e-07 0.000000e+00 6.994572e-12 1.634939e-07 clkload274
 1.634289e-07 0.000000e+00 6.994572e-12 1.634359e-07 clkload151
 1.634285e-07 0.000000e+00 6.994572e-12 1.634355e-07 clkload313
 1.634230e-07 0.000000e+00 6.994572e-12 1.634300e-07 clkload184
 1.634022e-07 0.000000e+00 6.994572e-12 1.634092e-07 clkload243
 1.633702e-07 0.000000e+00 6.994572e-12 1.633772e-07 clkload311
 1.633387e-07 0.000000e+00 6.994572e-12 1.633456e-07 clkload310
 1.633311e-07 0.000000e+00 6.994572e-12 1.633380e-07 clkload279
 1.633304e-07 0.000000e+00 6.994572e-12 1.633374e-07 clkload271
 1.633286e-07 0.000000e+00 6.994572e-12 1.633356e-07 clkload312
 1.632565e-07 0.000000e+00 6.994572e-12 1.632635e-07 clkload258
 1.632396e-07 0.000000e+00 6.994572e-12 1.632466e-07 clkload269
 1.631724e-07 0.000000e+00 6.994572e-12 1.631794e-07 clkload280
 1.631718e-07 0.000000e+00 6.994572e-12 1.631788e-07 clkload264
 1.631715e-07 0.000000e+00 6.994572e-12 1.631785e-07 clkload267
 1.631711e-07 0.000000e+00 6.994572e-12 1.631781e-07 clkload261
 1.631702e-07 0.000000e+00 6.994572e-12 1.631772e-07 clkload156
 1.631655e-07 0.000000e+00 6.994572e-12 1.631725e-07 clkload169
 1.631622e-07 0.000000e+00 6.994572e-12 1.631692e-07 clkload172
 1.631554e-07 0.000000e+00 6.994572e-12 1.631624e-07 clkload259
 1.631458e-07 0.000000e+00 6.994572e-12 1.631528e-07 clkload277
 1.631272e-07 0.000000e+00 6.994572e-12 1.631342e-07 clkload177
 1.631242e-07 0.000000e+00 6.994572e-12 1.631312e-07 clkload250
 1.631149e-07 0.000000e+00 6.994572e-12 1.631219e-07 clkload295
 1.630956e-07 0.000000e+00 6.994572e-12 1.631026e-07 clkload199
 1.630902e-07 0.000000e+00 6.994572e-12 1.630972e-07 clkload285
 1.630699e-07 0.000000e+00 6.994572e-12 1.630768e-07 clkload237
 1.630581e-07 0.000000e+00 6.994572e-12 1.630651e-07 clkload167
 1.630295e-07 0.000000e+00 6.994572e-12 1.630365e-07 clkload284
 1.630222e-07 0.000000e+00 6.994572e-12 1.630292e-07 clkload296
 1.630217e-07 0.000000e+00 6.994572e-12 1.630287e-07 clkload288
 1.619240e-07 0.000000e+00 6.994572e-12 1.619310e-07 clkload143
 3.302501e-08 1.284250e-07 7.096388e-12 1.614571e-07 fanout1622
 2.745117e-08 1.337661e-07 7.398691e-12 1.612247e-07 fanout1029
 3.028064e-08 1.307537e-07 1.077058e-11 1.610451e-07 fanout574
 2.211184e-08 1.378768e-07 4.508129e-12 1.599932e-07 hold1439
 1.597195e-07 0.000000e+00 6.824737e-12 1.597264e-07 clkload5
 2.782083e-08 1.315261e-07 7.139388e-12 1.593541e-07 fanout609
 3.321802e-08 1.257257e-07 1.384918e-11 1.589576e-07 wire591
 2.111054e-08 1.372239e-07 4.505874e-12 1.583389e-07 hold3250
 1.580323e-07 0.000000e+00 6.824737e-12 1.580391e-07 clkload7
 2.029374e-08 1.373721e-07 4.511537e-12 1.576704e-07 hold679
 2.052978e-08 1.370766e-07 4.505516e-12 1.576109e-07 hold533
 2.910719e-08 1.280708e-07 7.401298e-12 1.571854e-07 fanout683
 1.570760e-07 0.000000e+00 6.824737e-12 1.570828e-07 clkload10
 3.315509e-08 1.236457e-07 7.096388e-12 1.568079e-07 fanout1598
 3.301248e-08 1.237656e-07 7.096388e-12 1.567851e-07 fanout1558
 3.294776e-08 1.233607e-07 7.096388e-12 1.563156e-07 fanout1607
 3.301692e-08 1.231561e-07 7.096388e-12 1.561801e-07 fanout1623
 2.511828e-08 1.301249e-07 1.378646e-11 1.552570e-07 fanout947
 3.313206e-08 1.216067e-07 7.283411e-12 1.547460e-07 fanout1238
 3.010904e-08 1.225298e-07 7.206352e-12 1.526460e-07 fanout1518
 2.172490e-08 1.295817e-07 4.511158e-12 1.513112e-07 hold907
 3.305110e-08 1.176632e-07 7.283411e-12 1.507216e-07 fanout1228
 1.993000e-08 1.285759e-07 4.527705e-12 1.485105e-07 hold452
 3.241526e-08 1.156852e-07 7.283411e-12 1.481078e-07 fanout1223
 1.474560e-07 0.000000e+00 6.981596e-12 1.474630e-07 clkload69
 1.474555e-07 0.000000e+00 6.981596e-12 1.474625e-07 clkload70
 3.309272e-08 1.143258e-07 7.096388e-12 1.474256e-07 fanout1569
 1.473854e-07 0.000000e+00 6.981596e-12 1.473923e-07 clkload55
 1.473768e-07 0.000000e+00 6.981596e-12 1.473837e-07 clkload71
 1.473515e-07 0.000000e+00 6.981596e-12 1.473585e-07 clkload57
 3.302490e-08 1.143171e-07 7.096388e-12 1.473491e-07 fanout1557
 1.473182e-07 0.000000e+00 6.981596e-12 1.473252e-07 clkload68
 1.472875e-07 0.000000e+00 6.981596e-12 1.472944e-07 clkload56
 1.472323e-07 0.000000e+00 6.981596e-12 1.472393e-07 clkload72
 1.471856e-07 0.000000e+00 6.981596e-12 1.471926e-07 clkload129
 1.471381e-07 0.000000e+00 6.981596e-12 1.471451e-07 clkload79
 1.470916e-07 0.000000e+00 6.981596e-12 1.470986e-07 clkload82
 1.470741e-07 0.000000e+00 6.981596e-12 1.470811e-07 clkload77
 1.469540e-07 0.000000e+00 6.981596e-12 1.469610e-07 clkload75
 1.469286e-07 0.000000e+00 6.981596e-12 1.469355e-07 clkload78
 2.486636e-08 1.220524e-07 7.350374e-12 1.469261e-07 fanout538
 1.469063e-07 0.000000e+00 6.981596e-12 1.469133e-07 clkload80
 3.004124e-08 1.167473e-07 7.173447e-12 1.467957e-07 fanout1248
 1.467726e-07 0.000000e+00 6.981596e-12 1.467795e-07 clkload74
 1.467440e-07 0.000000e+00 6.981596e-12 1.467509e-07 clkload130
 1.466794e-07 0.000000e+00 6.981596e-12 1.466864e-07 clkload36
 1.466283e-07 0.000000e+00 6.981596e-12 1.466353e-07 clkload43
 3.012395e-08 1.164843e-07 6.981490e-12 1.466152e-07 fanout1087
 1.465610e-07 0.000000e+00 6.981596e-12 1.465679e-07 clkload87
 3.305488e-08 1.122621e-07 7.096388e-12 1.453241e-07 fanout1608
 2.984637e-08 1.153627e-07 7.206352e-12 1.452162e-07 fanout1553
 3.285599e-08 1.117786e-07 7.096388e-12 1.446417e-07 fanout1583
 2.433964e-08 1.201549e-07 7.370077e-12 1.445019e-07 fanout957
 3.213868e-08 1.119967e-07 1.387091e-11 1.441492e-07 max_cap407
 3.351155e-08 1.086785e-07 7.096388e-12 1.421971e-07 fanout1572
 6.676316e-09 1.354200e-07 2.819478e-12 1.420991e-07 _16098_
 2.063612e-08 1.211451e-07 4.564488e-12 1.417857e-07 hold391
 2.191108e-08 1.197769e-07 6.944827e-12 1.416949e-07 max_cap409
 2.004291e-08 1.205497e-07 4.491084e-12 1.405971e-07 hold1003
 3.329298e-08 1.064611e-07 7.096388e-12 1.397612e-07 fanout1604
 3.316307e-08 1.058332e-07 7.096388e-12 1.390033e-07 fanout1619
 7.982195e-08 5.910113e-08 1.174913e-11 1.389348e-07 fanout1660
 2.484776e-08 1.121128e-07 7.350374e-12 1.369679e-07 fanout539
 6.787428e-09 1.293070e-07 4.540569e-12 1.360989e-07 _19188_
 2.460632e-08 1.097312e-07 1.098217e-11 1.343485e-07 fanout329
 1.987935e-08 1.126163e-07 4.516059e-12 1.325002e-07 hold372
 7.468066e-09 1.216005e-07 5.376530e-12 1.290739e-07 _15822_
 2.070208e-08 1.081875e-07 4.499104e-12 1.288941e-07 hold984
 2.464962e-08 1.039295e-07 1.378646e-11 1.285929e-07 fanout946
 2.484081e-08 1.030215e-07 7.029424e-12 1.278693e-07 fanout570
 2.442978e-08 1.014788e-07 7.370077e-12 1.259159e-07 fanout950
 2.445372e-08 1.013462e-07 7.009722e-12 1.258069e-07 fanout970
 2.116127e-08 1.029161e-07 4.528711e-12 1.240820e-07 hold418
 1.851511e-08 1.054859e-07 1.064505e-11 1.240117e-07 fanout523
 1.805864e-08 1.029201e-07 7.245724e-12 1.209860e-07 hold16
 2.459937e-08 9.623947e-08 7.370077e-12 1.208462e-07 fanout948
 1.665410e-08 1.028212e-07 4.680229e-12 1.194799e-07 fanout1592
 1.988790e-08 9.798455e-08 1.065208e-11 1.178831e-07 fanout525
 2.979832e-08 8.583172e-08 7.206352e-12 1.156372e-07 fanout1550
 1.518378e-08 1.002110e-07 4.614734e-12 1.153994e-07 fanout1254
 1.753545e-08 9.761738e-08 6.922760e-12 1.151598e-07 max_cap518
 1.541705e-08 9.875352e-08 6.995341e-12 1.141776e-07 fanout724
 1.517878e-08 9.869474e-08 4.614734e-12 1.138781e-07 fanout1275
 1.693684e-08 9.663663e-08 6.924020e-12 1.135804e-07 fanout666
 1.518282e-08 9.697904e-08 4.614734e-12 1.121665e-07 fanout1278
 1.660996e-08 9.551578e-08 4.680229e-12 1.121304e-07 fanout1597
 1.621874e-08 9.428556e-08 6.919037e-12 1.105112e-07 fanout589
 1.759783e-08 9.146515e-08 7.134075e-12 1.090701e-07 fanout1284
 1.769699e-08 9.081235e-08 7.245724e-12 1.085166e-07 hold17
 1.664566e-08 9.163087e-08 4.521271e-12 1.082810e-07 fanout1215
 1.742455e-08 8.815397e-08 7.245724e-12 1.055858e-07 fanout1509
 1.519579e-08 9.021122e-08 4.614734e-12 1.054116e-07 fanout1252
 1.521602e-08 8.934293e-08 4.614734e-12 1.045636e-07 fanout1258
 1.522629e-08 8.883337e-08 4.614734e-12 1.040643e-07 fanout1264
 1.526826e-08 8.829150e-08 4.586766e-12 1.035644e-07 fanout1546
 1.548865e-08 8.796195e-08 4.586766e-12 1.034552e-07 hold34
 1.690044e-08 8.645034e-08 4.680229e-12 1.033555e-07 fanout1568
 1.517299e-08 8.769472e-08 4.586766e-12 1.028723e-07 fanout1530
 1.615679e-08 8.662402e-08 7.034713e-12 1.027878e-07 fanout445
 1.812954e-08 8.458667e-08 7.488146e-12 1.027237e-07 fanout837
 1.612202e-08 8.652296e-08 7.034713e-12 1.026520e-07 fanout448
 1.689432e-08 8.452603e-08 4.680229e-12 1.014250e-07 fanout1586
 1.689738e-08 8.442971e-08 4.680229e-12 1.013318e-07 fanout1581
 1.682979e-08 8.377150e-08 4.680229e-12 1.006060e-07 fanout1600
 1.669288e-08 8.293945e-08 4.521271e-12 9.963685e-08 fanout1241
 1.526638e-08 8.408846e-08 4.586766e-12 9.935943e-08 fanout1519
 1.561255e-08 8.357952e-08 6.995341e-12 9.919907e-08 fanout708
 1.527130e-08 8.390082e-08 4.614734e-12 9.917674e-08 fanout1272
 1.660913e-08 8.150109e-08 4.521271e-12 9.811474e-08 fanout1225
 1.560329e-08 8.158212e-08 6.995341e-12 9.719241e-08 fanout716
 1.753998e-08 7.920224e-08 7.245724e-12 9.674947e-08 fanout1516
 1.524578e-08 8.147772e-08 4.614734e-12 9.672811e-08 fanout1276
 1.561040e-08 7.860173e-08 7.384457e-12 9.421952e-08 fanout695
 1.558413e-08 7.815276e-08 6.995341e-12 9.374389e-08 fanout720
 1.539568e-08 7.802982e-08 4.586766e-12 9.343010e-08 fanout1528
 1.617309e-08 7.720976e-08 6.917817e-12 9.338977e-08 hold11
 1.548309e-08 7.763646e-08 7.375366e-12 9.312692e-08 fanout991
 1.527952e-08 7.744750e-08 4.614734e-12 9.273163e-08 fanout1250
 1.529929e-08 7.618046e-08 4.586766e-12 9.148434e-08 fanout1526
 1.557414e-08 7.548603e-08 7.004432e-12 9.106718e-08 fanout1006
 1.534195e-08 7.481699e-08 4.614734e-12 9.016355e-08 fanout1271
 1.256797e-08 7.747975e-08 4.737144e-12 9.005245e-08 fanout555
 5.708648e-08 3.244746e-08 1.241669e-11 8.954635e-08 fanout1554
 1.609240e-08 7.260873e-08 7.034713e-12 8.870816e-08 fanout628
 1.528266e-08 7.329039e-08 4.614734e-12 8.857766e-08 fanout1261
 2.201036e-08 6.655321e-08 4.505909e-12 8.856807e-08 fanout468
 1.562284e-08 7.281589e-08 7.375366e-12 8.844610e-08 fanout986
 1.618029e-08 7.199723e-08 6.917817e-12 8.818444e-08 max_cap408
 1.528585e-08 7.287384e-08 4.586766e-12 8.816428e-08 fanout1532
 1.542728e-08 7.262413e-08 7.004432e-12 8.805841e-08 fanout1014
 1.562483e-08 7.175068e-08 7.384457e-12 8.738289e-08 fanout697
 1.553275e-08 7.151800e-08 7.004432e-12 8.705776e-08 fanout1002
 1.529714e-08 7.172058e-08 4.614734e-12 8.702234e-08 fanout1263
 1.679327e-08 6.999539e-08 4.680229e-12 8.679335e-08 fanout1596
 2.090530e-08 6.567646e-08 4.494433e-12 8.658625e-08 fanout472
 1.243192e-08 7.380300e-08 6.907089e-12 8.624183e-08 max_cap202
 1.552569e-08 7.046140e-08 7.375366e-12 8.599447e-08 fanout994
 1.259197e-08 7.319978e-08 4.737144e-12 8.579649e-08 fanout558
 1.239704e-08 7.290805e-08 4.447610e-12 8.530954e-08 fanout951
 1.559604e-08 6.922873e-08 7.384457e-12 8.483215e-08 fanout696
 1.093170e-08 7.367226e-08 4.808880e-12 8.460877e-08 fanout345
 8.445615e-08 0.000000e+00 4.766766e-12 8.446091e-08 clkload148
 8.443478e-08 0.000000e+00 4.766766e-12 8.443955e-08 clkload149
 8.441616e-08 0.000000e+00 4.766766e-12 8.442093e-08 clkload308
 8.440531e-08 0.000000e+00 4.766766e-12 8.441008e-08 clkload146
 8.438879e-08 0.000000e+00 4.766766e-12 8.439356e-08 clkload150
 8.430075e-08 0.000000e+00 4.766766e-12 8.430552e-08 clkload309
 8.429272e-08 0.000000e+00 4.766766e-12 8.429749e-08 clkload211
 8.428420e-08 0.000000e+00 4.766766e-12 8.428896e-08 clkload161
 8.428395e-08 0.000000e+00 4.766766e-12 8.428872e-08 clkload204
 8.427948e-08 0.000000e+00 4.766766e-12 8.428425e-08 clkload209
 8.426625e-08 0.000000e+00 4.766766e-12 8.427102e-08 clkload207
 8.424705e-08 0.000000e+00 4.766766e-12 8.425182e-08 clkload281
 8.423504e-08 0.000000e+00 4.766766e-12 8.423981e-08 clkload173
 8.423151e-08 0.000000e+00 4.766766e-12 8.423628e-08 clkload154
 8.422732e-08 0.000000e+00 4.766766e-12 8.423209e-08 clkload276
 8.422384e-08 0.000000e+00 4.766766e-12 8.422861e-08 clkload248
 8.422374e-08 0.000000e+00 4.766766e-12 8.422850e-08 clkload214
 8.422135e-08 0.000000e+00 4.766766e-12 8.422612e-08 clkload180
 8.421932e-08 0.000000e+00 4.766766e-12 8.422409e-08 clkload272
 8.420793e-08 0.000000e+00 4.766766e-12 8.421270e-08 clkload268
 8.420161e-08 0.000000e+00 4.766766e-12 8.420638e-08 clkload278
 8.419430e-08 0.000000e+00 4.766766e-12 8.419907e-08 clkload263
 8.419391e-08 0.000000e+00 4.766766e-12 8.419867e-08 clkload160
 8.418841e-08 0.000000e+00 4.766766e-12 8.419318e-08 clkload157
 8.418554e-08 0.000000e+00 4.766766e-12 8.419031e-08 clkload257
 8.418235e-08 0.000000e+00 4.766766e-12 8.418712e-08 clkload275
 8.416897e-08 0.000000e+00 4.766766e-12 8.417374e-08 clkload247
 8.414716e-08 0.000000e+00 4.766766e-12 8.415193e-08 clkload230
 8.413022e-08 0.000000e+00 4.766766e-12 8.413499e-08 clkload227
 8.412887e-08 0.000000e+00 4.766766e-12 8.413364e-08 clkload165
 8.411179e-08 0.000000e+00 4.766766e-12 8.411656e-08 clkload164
 8.409242e-08 0.000000e+00 4.766766e-12 8.409719e-08 clkload303
 1.239841e-08 7.167117e-08 4.753890e-12 8.407434e-08 fanout965
 1.743234e-08 6.504365e-08 7.245724e-12 8.248324e-08 fanout1517
 1.241652e-08 6.959945e-08 4.447610e-12 8.202042e-08 fanout949
 1.753148e-08 6.446272e-08 7.245724e-12 8.200146e-08 fanout1513
 1.693516e-08 6.496984e-08 4.680229e-12 8.190968e-08 fanout1618
 1.266388e-08 6.835818e-08 4.737144e-12 8.102679e-08 fanout562
 1.234735e-08 6.843388e-08 6.932663e-12 8.078816e-08 fanout513
 1.684873e-08 6.388565e-08 4.521271e-12 8.073890e-08 fanout1218
 1.261221e-08 6.779850e-08 4.737144e-12 8.041545e-08 fanout564
 9.536142e-09 6.834954e-08 6.895062e-12 7.789258e-08 max_cap576
 1.696875e-08 6.059689e-08 4.680229e-12 7.757033e-08 fanout1621
 8.059388e-09 6.822536e-08 4.732648e-12 7.628948e-08 fanout650
 7.602414e-08 0.000000e+00 4.777795e-12 7.602892e-08 clkload93
 7.600666e-08 0.000000e+00 4.777795e-12 7.601144e-08 clkload95
 7.599747e-08 0.000000e+00 4.777795e-12 7.600224e-08 clkload73
 7.587867e-08 0.000000e+00 4.777795e-12 7.588345e-08 clkload94
 7.587078e-08 0.000000e+00 4.777795e-12 7.587555e-08 clkload106
 7.585189e-08 0.000000e+00 4.777795e-12 7.585667e-08 clkload83
 7.579996e-08 0.000000e+00 4.777795e-12 7.580473e-08 clkload124
 7.579485e-08 0.000000e+00 4.777795e-12 7.579963e-08 clkload81
 7.576836e-08 0.000000e+00 4.777795e-12 7.577313e-08 clkload104
 7.573102e-08 0.000000e+00 4.777795e-12 7.573579e-08 clkload125
 1.247025e-08 6.077595e-08 4.753890e-12 7.325096e-08 fanout977
 1.245689e-08 5.983642e-08 4.753890e-12 7.229806e-08 fanout963
 1.268604e-08 5.787093e-08 4.737144e-12 7.056171e-08 fanout552
 1.762882e-08 5.099860e-08 4.457441e-12 6.863187e-08 fanout464
 8.818833e-09 5.698977e-08 4.648197e-12 6.581325e-08 fanout1282
 6.491187e-08 0.000000e+00 5.348500e-12 6.491722e-08 clkload134
 6.472889e-08 0.000000e+00 5.348500e-12 6.473424e-08 clkload135
 6.400613e-08 0.000000e+00 5.348500e-12 6.401148e-08 clkload144
 9.429905e-09 5.225619e-08 4.011061e-12 6.169012e-08 fanout1214
 9.384038e-09 5.211974e-08 4.296240e-12 6.150808e-08 fanout1611
 9.168538e-09 5.166673e-08 4.854242e-12 6.084012e-08 fanout908
 8.124978e-09 5.238798e-08 4.468852e-12 6.051743e-08 fanout432
 8.129911e-09 5.153371e-08 4.732648e-12 5.966835e-08 fanout632
 5.920621e-08 0.000000e+00 1.454745e-13 5.920635e-08 clkload2
 8.874310e-09 5.030575e-08 4.553303e-12 5.918461e-08 fanout1498
 3.150410e-08 2.753687e-08 7.096388e-12 5.904806e-08 hold44
 5.893723e-08 0.000000e+00 5.245946e-12 5.894248e-08 clkload51
 5.886703e-08 0.000000e+00 5.245946e-12 5.887227e-08 clkload21
 5.867036e-08 0.000000e+00 5.245946e-12 5.867561e-08 clkload52
 9.169737e-09 4.941577e-08 4.347258e-12 5.858985e-08 fanout876
 5.856913e-08 0.000000e+00 5.245946e-12 5.857438e-08 clkload44
 5.849628e-08 0.000000e+00 5.245946e-12 5.850152e-08 clkload46
 8.875762e-09 4.956368e-08 4.553303e-12 5.844399e-08 fanout1515
 5.769526e-08 0.000000e+00 1.454745e-13 5.769541e-08 clkload14
 5.761454e-08 0.000000e+00 5.245946e-12 5.761979e-08 clkload19
 8.139910e-09 4.931784e-08 4.732648e-12 5.746248e-08 fanout629
 9.202404e-09 4.823685e-08 4.854242e-12 5.744410e-08 fanout906
 9.267522e-09 4.789711e-08 4.854242e-12 5.716948e-08 fanout888
 9.192777e-09 4.787612e-08 4.347258e-12 5.707325e-08 fanout856
 9.290663e-09 4.776951e-08 4.854242e-12 5.706502e-08 fanout932
 9.241141e-09 4.688813e-08 4.854242e-12 5.613412e-08 fanout931
 9.185440e-09 4.662500e-08 4.854242e-12 5.581529e-08 fanout899
 7.828844e-09 4.777841e-08 4.443115e-12 5.561170e-08 fanout989
 8.144940e-09 4.729792e-08 4.468852e-12 5.544733e-08 fanout428
 8.896864e-09 4.648506e-08 4.553303e-12 5.538648e-08 fanout1495
 9.200289e-09 4.591685e-08 4.854242e-12 5.512199e-08 fanout922
 9.276037e-09 4.574904e-08 4.347258e-12 5.502942e-08 fanout845
 8.892235e-09 4.584052e-08 4.553303e-12 5.473731e-08 fanout1493
 8.149075e-09 4.645697e-08 4.732648e-12 5.461078e-08 fanout450
 9.426120e-09 4.512556e-08 4.011061e-12 5.455570e-08 fanout1242
 9.332218e-09 4.483157e-08 4.347258e-12 5.416814e-08 fanout862
 9.241550e-09 4.467243e-08 4.347258e-12 5.391832e-08 fanout871
 9.254845e-09 4.452891e-08 4.347258e-12 5.378810e-08 fanout825
 9.186693e-09 4.452651e-08 4.347258e-12 5.371755e-08 fanout886
 9.198119e-09 4.446715e-08 4.854242e-12 5.367012e-08 fanout913
 3.967903e-09 4.934146e-08 4.501169e-12 5.331387e-08 _15474_
 9.269224e-09 4.399790e-08 4.854242e-12 5.327198e-08 fanout911
 9.271981e-09 4.377781e-08 4.854242e-12 5.305464e-08 fanout909
 8.190988e-09 4.475852e-08 4.468852e-12 5.295397e-08 fanout423
 9.266513e-09 4.343433e-08 4.854242e-12 5.270570e-08 fanout921
 7.923624e-09 4.459114e-08 4.435388e-12 5.251920e-08 fanout694
 9.327200e-09 4.314533e-08 4.347258e-12 5.247688e-08 fanout877
 9.229494e-09 4.312370e-08 4.347258e-12 5.235754e-08 fanout834
 8.868215e-09 4.329750e-08 4.553303e-12 5.217028e-08 fanout1505
 9.272618e-09 4.259196e-08 4.854242e-12 5.186943e-08 fanout892
 9.295334e-09 4.232494e-08 4.347258e-12 5.162462e-08 fanout884
 9.280761e-09 4.207137e-08 4.347258e-12 5.135648e-08 fanout885
 9.278174e-09 4.195236e-08 4.347258e-12 5.123488e-08 fanout858
 8.629725e-09 4.255402e-08 4.178737e-12 5.118792e-08 fanout1259
 8.153773e-09 4.297165e-08 4.468852e-12 5.112989e-08 fanout430
 8.162554e-09 4.271192e-08 4.468852e-12 5.087894e-08 fanout419
 9.283323e-09 4.154380e-08 4.854242e-12 5.083198e-08 fanout924
 7.873242e-09 4.292294e-08 4.758386e-12 5.080094e-08 fanout1012
 8.916764e-09 4.183861e-08 4.553303e-12 5.075993e-08 fanout1496
 8.171110e-09 4.225142e-08 4.468852e-12 5.042700e-08 fanout420
 8.185873e-09 4.216956e-08 4.468852e-12 5.035991e-08 fanout438
 7.877732e-09 4.245975e-08 4.443115e-12 5.034192e-08 fanout987
 9.295272e-09 4.101382e-08 4.347258e-12 5.031344e-08 fanout833
 9.339220e-09 4.086398e-08 4.347258e-12 5.020755e-08 fanout879
 9.217615e-09 4.079169e-08 4.347258e-12 5.001365e-08 fanout828
 9.288514e-09 4.062722e-08 4.347258e-12 4.992008e-08 fanout838
 9.324185e-09 4.031289e-08 4.347258e-12 4.964142e-08 fanout843
 8.182439e-09 4.115681e-08 4.468852e-12 4.934371e-08 fanout437
 8.214319e-09 4.104927e-08 4.468852e-12 4.926806e-08 fanout429
 9.314970e-09 3.968768e-08 4.347258e-12 4.900700e-08 fanout827
 9.303867e-09 3.960430e-08 4.854242e-12 4.891302e-08 fanout891
 9.291814e-09 3.955832e-08 4.347258e-12 4.885448e-08 fanout852
 9.338058e-09 3.948209e-08 4.854242e-12 4.882500e-08 fanout904
 9.222534e-09 3.955988e-08 4.365237e-12 4.878678e-08 fanout483
 9.241363e-09 3.898355e-08 4.347258e-12 4.822927e-08 fanout836
 9.235143e-09 3.888373e-08 4.854242e-12 4.812373e-08 fanout927
 9.297169e-09 3.875818e-08 4.347258e-12 4.805970e-08 fanout839
 8.180363e-09 3.983457e-08 4.468852e-12 4.801940e-08 fanout434
 9.277692e-09 3.823826e-08 4.347258e-12 4.752030e-08 fanout854
 9.278343e-09 3.819463e-08 4.347258e-12 4.747732e-08 fanout855
 9.179763e-09 3.816591e-08 4.347258e-12 4.735003e-08 fanout869
 9.340818e-09 3.796033e-08 4.854242e-12 4.730600e-08 fanout893
 9.344396e-09 3.794903e-08 4.347258e-12 4.729778e-08 fanout823
 9.212364e-09 3.804698e-08 4.854242e-12 4.726419e-08 fanout917
 9.201861e-09 3.791156e-08 4.854242e-12 4.711828e-08 fanout933
 9.295337e-09 3.774259e-08 4.854242e-12 4.704278e-08 fanout894
 9.260158e-09 3.770850e-08 4.854242e-12 4.697351e-08 fanout901
 9.295309e-09 3.749377e-08 4.836262e-12 4.679392e-08 fanout109
 9.339851e-09 3.742241e-08 4.347258e-12 4.676661e-08 fanout866
 9.281088e-09 3.739810e-08 4.854242e-12 4.668404e-08 fanout905
 9.214887e-09 3.700219e-08 4.854242e-12 4.622193e-08 fanout915
 9.291345e-09 3.689465e-08 4.854242e-12 4.619085e-08 fanout896
 9.304714e-09 3.679388e-08 4.347258e-12 4.610294e-08 fanout850
 9.290923e-09 3.668137e-08 4.854242e-12 4.597715e-08 fanout898
 9.252188e-09 3.663400e-08 4.347258e-12 4.589053e-08 fanout835
 9.358352e-09 3.638985e-08 4.854242e-12 4.575306e-08 fanout928
 9.430910e-09 3.628325e-08 4.296240e-12 4.571845e-08 fanout1588
 9.398358e-09 3.619853e-08 4.347258e-12 4.560123e-08 fanout864
 9.191365e-09 3.611529e-08 4.347258e-12 4.531100e-08 fanout883
 9.293979e-09 3.596026e-08 4.347258e-12 4.525859e-08 fanout822
 9.355206e-09 3.556207e-08 4.854242e-12 4.492213e-08 fanout900
 9.329493e-09 3.497802e-08 4.347258e-12 4.431186e-08 fanout857
 9.248778e-09 3.504451e-08 4.365237e-12 4.429766e-08 fanout478
 9.285170e-09 3.425681e-08 4.347258e-12 4.354633e-08 fanout872
 8.623398e-09 3.448652e-08 4.178737e-12 4.311410e-08 fanout1277
 9.304618e-09 3.380417e-08 4.854242e-12 4.311364e-08 fanout897
 9.174088e-09 3.388204e-08 4.347258e-12 4.306048e-08 fanout863
 8.685578e-09 3.411595e-08 4.128563e-12 4.280565e-08 fanout1525
 7.905376e-09 3.473677e-08 4.758386e-12 4.264690e-08 fanout1003
 4.231848e-08 0.000000e+00 3.824047e-12 4.232230e-08 clkload1
 9.335785e-09 3.279024e-08 4.347258e-12 4.213037e-08 fanout880
 9.345639e-09 3.247048e-08 4.365237e-12 4.182049e-08 fanout482
 9.336989e-09 3.211975e-08 4.347258e-12 4.146109e-08 fanout842
 9.281920e-09 3.178488e-08 4.347258e-12 4.107115e-08 fanout873
 9.382790e-09 3.125502e-08 4.365237e-12 4.064217e-08 fanout481
 9.338527e-09 3.123865e-08 4.347258e-12 4.058152e-08 fanout865
 9.227987e-09 3.101063e-08 4.365237e-12 4.024298e-08 fanout476
 7.036905e-09 3.312237e-08 4.428391e-12 4.016370e-08 fanout976
 9.237408e-09 3.058158e-08 4.365237e-12 3.982335e-08 fanout71
 3.355442e-08 5.936632e-09 1.062644e-11 3.950167e-08 fanout934
 9.254765e-09 3.019841e-08 4.347258e-12 3.945752e-08 fanout829
 9.235736e-09 2.932016e-08 4.365237e-12 3.856026e-08 fanout112
 1.692175e-08 1.881343e-08 7.245724e-12 3.574243e-08 hold1
 3.465321e-08 0.000000e+00 2.778663e-12 3.465599e-08 clkload306
 3.459701e-08 0.000000e+00 2.778663e-12 3.459979e-08 clkload229
 3.458076e-08 0.000000e+00 2.778663e-12 3.458354e-08 clkload297
 3.429250e-08 0.000000e+00 2.778663e-12 3.429528e-08 clkload304
 3.421160e-08 0.000000e+00 2.778663e-12 3.421437e-08 clkload139
 5.003773e-09 2.641082e-08 4.068527e-12 3.141866e-08 fanout1507
 3.124451e-08 0.000000e+00 2.689666e-12 3.124720e-08 clkload34
 3.123721e-08 0.000000e+00 2.689666e-12 3.123990e-08 clkload32
 3.084266e-08 0.000000e+00 2.689666e-12 3.084535e-08 clkload33
 3.079042e-08 0.000000e+00 2.689666e-12 3.079311e-08 clkload35
 3.064514e-08 0.000000e+00 2.689666e-12 3.064783e-08 clkload89
 5.243237e-09 2.538210e-08 3.698874e-12 3.062904e-08 fanout135
 5.223787e-09 2.539125e-08 3.698874e-12 3.061874e-08 fanout840
 3.053588e-08 0.000000e+00 2.689666e-12 3.053857e-08 clkload110
 3.029328e-08 0.000000e+00 2.689666e-12 3.029597e-08 clkload53
 5.020838e-09 2.507696e-08 4.068527e-12 3.010187e-08 fanout1497
 3.004617e-08 0.000000e+00 2.689666e-12 3.004886e-08 clkload26
 5.240872e-09 2.443039e-08 3.698874e-12 2.967496e-08 fanout841
 5.196945e-09 2.445370e-08 4.608427e-12 2.965525e-08 fanout925
 5.247779e-09 2.418238e-08 3.698874e-12 2.943386e-08 fanout124
 5.259828e-09 2.290712e-08 3.698874e-12 2.817065e-08 fanout882
 5.240276e-09 2.282285e-08 3.731129e-12 2.806686e-08 fanout120
 5.255055e-09 2.227772e-08 3.698874e-12 2.753647e-08 fanout128
 5.212254e-09 2.211286e-08 4.608427e-12 2.732972e-08 fanout903
 2.717865e-08 0.000000e+00 1.567550e-12 2.718022e-08 clkload0
 5.229456e-09 2.157550e-08 3.698874e-12 2.680865e-08 fanout851
 2.649023e-08 0.000000e+00 1.159316e-13 2.649035e-08 clkload216
 2.637855e-08 0.000000e+00 1.159316e-13 2.637867e-08 clkload197
 2.634254e-08 0.000000e+00 1.159316e-13 2.634265e-08 clkload166
 2.616847e-08 0.000000e+00 1.159316e-13 2.616859e-08 clkload255
 2.581707e-08 0.000000e+00 1.159316e-13 2.581718e-08 clkload228
 2.574170e-08 0.000000e+00 1.159316e-13 2.574182e-08 clkload291
 5.244323e-09 2.046439e-08 3.698874e-12 2.571241e-08 fanout127
 2.569196e-08 0.000000e+00 1.159316e-13 2.569207e-08 clkload299
 5.227090e-09 2.042337e-08 3.698874e-12 2.565416e-08 fanout133
 2.560219e-08 0.000000e+00 1.159316e-13 2.560231e-08 clkload290
 2.553177e-08 0.000000e+00 1.159316e-13 2.553188e-08 clkload222
 2.545677e-08 0.000000e+00 1.159316e-13 2.545689e-08 clkload300
 2.545649e-08 0.000000e+00 1.159316e-13 2.545660e-08 clkload294
 2.542968e-08 0.000000e+00 1.159316e-13 2.542979e-08 clkload223
 2.541455e-08 0.000000e+00 1.159316e-13 2.541467e-08 clkload301
 5.209623e-09 2.019769e-08 3.698874e-12 2.541101e-08 fanout830
 2.532439e-08 0.000000e+00 1.159316e-13 2.532450e-08 clkload302
 5.194322e-09 2.009076e-08 4.608427e-12 2.528969e-08 fanout916
 2.527365e-08 0.000000e+00 1.159316e-13 2.527376e-08 clkload292
 5.226339e-09 1.991062e-08 3.698874e-12 2.514066e-08 fanout129
 5.226235e-09 1.983791e-08 3.698874e-12 2.506784e-08 fanout130
 5.242768e-09 1.964537e-08 3.698874e-12 2.489184e-08 fanout126
 5.225638e-09 1.945730e-08 3.698874e-12 2.468663e-08 fanout131
 5.195246e-09 1.938971e-08 3.731129e-12 2.458869e-08 fanout479
 5.240366e-09 1.902842e-08 3.731129e-12 2.427251e-08 fanout122
 5.191508e-09 1.903216e-08 3.731129e-12 2.422739e-08 fanout477
 5.256747e-09 1.891066e-08 3.698874e-12 2.417111e-08 fanout878
 2.398239e-08 0.000000e+00 1.138793e-13 2.398250e-08 clkload100
 5.202548e-09 1.829720e-08 4.576171e-12 2.350433e-08 fanout493
 2.349030e-08 0.000000e+00 1.138793e-13 2.349041e-08 clkload102
 4.614535e-09 1.881019e-08 4.390282e-12 2.342912e-08 fanout631
 2.342869e-08 0.000000e+00 1.138793e-13 2.342880e-08 clkload67
 5.219894e-09 1.816295e-08 4.576171e-12 2.338742e-08 fanout105
 2.323134e-08 0.000000e+00 1.138793e-13 2.323145e-08 clkload66
 2.319761e-08 0.000000e+00 1.138793e-13 2.319772e-08 clkload58
 2.312474e-08 0.000000e+00 1.138793e-13 2.312486e-08 clkload37
 2.299862e-08 0.000000e+00 1.138793e-13 2.299874e-08 clkload61
 2.295536e-08 0.000000e+00 1.138793e-13 2.295548e-08 clkload64
 2.284568e-08 0.000000e+00 1.138793e-13 2.284579e-08 clkload31
 6.856972e-09 1.313455e-08 1.181000e-12 1.999270e-08 max_cap236
 1.829367e-08 0.000000e+00 1.939917e-12 1.829561e-08 clkload212
 1.827099e-08 0.000000e+00 1.939917e-12 1.827293e-08 clkload307
 1.822617e-08 0.000000e+00 1.939917e-12 1.822811e-08 clkload208
 1.819039e-08 0.000000e+00 1.939917e-12 1.819233e-08 clkload206
 1.809465e-08 0.000000e+00 1.939917e-12 1.809659e-08 clkload188
 1.807394e-08 0.000000e+00 1.939917e-12 1.807588e-08 clkload155
 1.802029e-08 0.000000e+00 1.939917e-12 1.802223e-08 clkload187
 1.800732e-08 0.000000e+00 1.939917e-12 1.800926e-08 clkload185
 1.798773e-08 0.000000e+00 1.939917e-12 1.798967e-08 clkload159
 1.798043e-08 0.000000e+00 1.939917e-12 1.798237e-08 clkload153
 1.797005e-08 0.000000e+00 1.939917e-12 1.797199e-08 clkload245
 1.796745e-08 0.000000e+00 1.939917e-12 1.796939e-08 clkload282
 1.796391e-08 0.000000e+00 1.939917e-12 1.796585e-08 clkload152
 1.790305e-08 0.000000e+00 1.939917e-12 1.790499e-08 clkload189
 1.787631e-08 0.000000e+00 1.939917e-12 1.787825e-08 clkload270
 1.787145e-08 0.000000e+00 1.939917e-12 1.787339e-08 clkload182
 1.785300e-08 0.000000e+00 1.939917e-12 1.785494e-08 clkload234
 1.780263e-08 0.000000e+00 1.939917e-12 1.780456e-08 clkload238
 1.780013e-08 0.000000e+00 1.939917e-12 1.780207e-08 clkload273
 1.779454e-08 0.000000e+00 1.939917e-12 1.779648e-08 clkload193
 1.777305e-08 0.000000e+00 1.939917e-12 1.777499e-08 clkload251
 1.776576e-08 0.000000e+00 1.939917e-12 1.776769e-08 clkload241
 1.773401e-08 0.000000e+00 1.939917e-12 1.773595e-08 clkload171
 1.772865e-08 0.000000e+00 1.939917e-12 1.773059e-08 clkload220
 1.771689e-08 0.000000e+00 1.939917e-12 1.771883e-08 clkload158
 1.771047e-08 0.000000e+00 1.939917e-12 1.771241e-08 clkload191
 1.769541e-08 0.000000e+00 1.939917e-12 1.769735e-08 clkload252
 1.767950e-08 0.000000e+00 1.939917e-12 1.768144e-08 clkload215
 1.767214e-08 0.000000e+00 1.939917e-12 1.767408e-08 clkload198
 1.766560e-08 0.000000e+00 1.939917e-12 1.766754e-08 clkload162
 1.766268e-08 0.000000e+00 1.939917e-12 1.766462e-08 clkload233
 1.765006e-08 0.000000e+00 1.939917e-12 1.765200e-08 clkload266
 1.764695e-08 0.000000e+00 1.939917e-12 1.764889e-08 clkload254
 1.764684e-08 0.000000e+00 1.939917e-12 1.764878e-08 clkload236
 1.764585e-08 0.000000e+00 1.939917e-12 1.764779e-08 clkload202
 1.763795e-08 0.000000e+00 1.939917e-12 1.763989e-08 clkload235
 1.763748e-08 0.000000e+00 1.939917e-12 1.763942e-08 clkload213
 1.763580e-08 0.000000e+00 1.939917e-12 1.763773e-08 clkload200
 1.763242e-08 0.000000e+00 1.939917e-12 1.763436e-08 clkload283
 1.763082e-08 0.000000e+00 1.939917e-12 1.763276e-08 clkload203
 1.761860e-08 0.000000e+00 1.939917e-12 1.762054e-08 clkload218
 3.289907e-09 1.344153e-08 4.866544e-12 1.673630e-08 fanout141
 1.632300e-08 0.000000e+00 1.809026e-12 1.632481e-08 clkload105
 1.630676e-08 0.000000e+00 1.809026e-12 1.630857e-08 clkload107
 1.624240e-08 0.000000e+00 1.809026e-12 1.624421e-08 clkload108
 1.620062e-08 0.000000e+00 1.809026e-12 1.620243e-08 clkload84
 1.607097e-08 0.000000e+00 1.809026e-12 1.607278e-08 clkload103
 1.604120e-08 0.000000e+00 1.809026e-12 1.604301e-08 clkload122
 1.601281e-08 0.000000e+00 1.809026e-12 1.601462e-08 clkload127
 1.600419e-08 0.000000e+00 1.809026e-12 1.600599e-08 clkload121
 1.599120e-08 0.000000e+00 1.809026e-12 1.599301e-08 clkload42
 1.587616e-08 0.000000e+00 1.809026e-12 1.587797e-08 clkload101
 1.586253e-08 0.000000e+00 1.809026e-12 1.586434e-08 clkload97
 1.586056e-08 0.000000e+00 1.809026e-12 1.586237e-08 clkload40
 1.585679e-08 0.000000e+00 1.809026e-12 1.585860e-08 clkload62
 1.576434e-08 0.000000e+00 1.809026e-12 1.576614e-08 clkload22
 1.575152e-08 0.000000e+00 1.809026e-12 1.575333e-08 clkload85
 3.401144e-09 1.157017e-08 4.865623e-12 1.497618e-08 fanout178
 5.383013e-09 9.449765e-09 1.181000e-12 1.483396e-08 max_cap240
 3.267171e-09 1.087503e-08 4.335022e-12 1.414653e-08 fanout168
 3.287108e-09 1.082361e-08 4.866544e-12 1.411558e-08 fanout140
 2.245944e-09 9.549192e-09 4.331363e-12 1.179947e-08 fanout101
 2.756035e-09 7.797116e-09 6.870802e-12 1.056002e-08 fanout145
 2.384589e-09 7.991209e-09 4.657874e-12 1.038046e-08 hold595
 1.835931e-09 8.326000e-09 3.676922e-12 1.016561e-08 fanout171
 2.021708e-09 7.586377e-09 4.332173e-12 9.612418e-09 fanout290
 2.003345e-09 7.320409e-09 4.869347e-12 9.328623e-09 fanout100
 1.837778e-09 7.018514e-09 3.676922e-12 8.859969e-09 fanout170
 1.865269e-09 6.289660e-09 3.676803e-12 8.158606e-09 fanout138
 1.535235e-09 5.538404e-09 4.329794e-12 7.077969e-09 fanout148
 1.542420e-09 5.444350e-09 4.871706e-12 6.991641e-09 fanout146
 1.397082e-09 5.310271e-09 4.329537e-12 6.711683e-09 fanout143
 1.404004e-09 5.018817e-09 4.329537e-12 6.427151e-09 fanout144
 1.289912e-09 5.079891e-09 3.670357e-12 6.373473e-09 fanout102
 1.366040e-09 4.666103e-09 4.408017e-12 6.036551e-09 hold1024
 1.281780e-09 3.751869e-09 4.329765e-12 5.037978e-09 fanout98
 7.657873e-10 2.730913e-09 4.369656e-12 3.501069e-09 hold806
 7.195791e-10 2.226383e-09 4.365482e-12 2.950328e-09 hold2433
 6.839354e-10 2.202658e-09 4.362343e-12 2.890955e-09 fanout938
 7.225769e-10 2.112293e-09 3.667489e-12 2.838537e-09 fanout99
 3.797468e-10 1.423333e-09 4.344078e-12 1.807424e-09 hold2885
 5.524224e-10 1.153306e-09 7.507676e-12 1.713237e-09 wire76
 1.619648e-10 1.428455e-09 3.669817e-12 1.594090e-09 wire65
 4.314140e-10 9.051978e-10 7.508588e-12 1.344120e-09 wire85
 1.640258e-10 1.044014e-09 3.669817e-12 1.211710e-09 max_cap66
 1.235386e-10 9.398100e-10 3.667706e-12 1.067016e-09 wire87
 1.181193e-10 9.377320e-10 3.666109e-12 1.059517e-09 wire83
 2.056594e-10 8.052382e-10 3.690185e-12 1.014588e-09 fanout940
 1.504683e-10 8.257057e-10 3.670104e-12 9.798441e-10 max_cap67
 1.590958e-10 5.853615e-10 3.669095e-12 7.481264e-10 max_cap79
 1.191006e-10 6.142610e-10 3.666109e-12 7.370278e-10 max_cap84
 1.798934e-10 5.463596e-10 4.335922e-12 7.305890e-10 fanout936
 6.281325e-11 4.919071e-10 3.662703e-12 5.583830e-10 wire74
 6.323269e-11 3.071687e-10 3.662703e-12 3.740641e-10 max_cap75
 7.297066e-11 2.167321e-10 3.663373e-12 2.933661e-10 max_cap95
 3.280825e-11 1.350314e-10 3.834786e-12 1.716745e-10 fanout1295
 5.380061e-11 8.293272e-11 1.181000e-12 1.379143e-10 max_cap944
 3.426162e-11 1.823010e-11 1.181000e-12 5.367273e-11 _32408_
 3.431537e-11 1.776584e-11 1.181000e-12 5.326221e-11 _32410_
 3.429328e-11 1.722407e-11 1.181000e-12 5.269835e-11 _32406_
 3.423785e-11 1.600249e-11 1.181000e-12 5.142134e-11 _32412_
 3.423618e-11 1.596530e-11 1.181000e-12 5.138248e-11 _32405_
 3.421356e-11 1.546526e-11 1.181000e-12 5.085982e-11 _32404_
 3.421354e-11 1.546526e-11 1.181000e-12 5.085980e-11 _32413_
 3.421113e-11 1.541461e-11 1.181000e-12 5.080674e-11 _32411_
 3.420120e-11 1.519343e-11 1.181000e-12 5.057563e-11 _32409_
 3.417624e-11 1.464470e-11 1.181000e-12 5.000194e-11 _32407_
 1.886496e-11 9.673662e-12 1.181000e-12 2.971963e-11 _32400_
 1.891684e-11 9.104635e-12 1.181000e-12 2.920247e-11 _32403_
 1.882531e-11 8.831193e-12 1.181000e-12 2.883750e-11 _32395_
 1.890955e-11 8.729044e-12 1.181000e-12 2.881959e-11 _32396_
 1.881073e-11 8.521335e-12 1.181000e-12 2.851307e-11 _32394_
 1.880909e-11 8.486503e-12 1.181000e-12 2.847659e-11 _32402_
 1.880908e-11 8.486503e-12 1.181000e-12 2.847659e-11 _32398_
 1.880399e-11 8.378513e-12 1.181000e-12 2.836351e-11 _32401_
 1.886057e-11 7.891009e-12 1.181000e-12 2.793258e-11 _32399_
 1.886326e-11 7.773687e-12 1.181000e-12 2.781795e-11 _32397_
 1.014232e-13 5.832066e-13 7.514094e-12 8.198725e-12 fanout1390
 3.419119e-14 7.049018e-14 7.514100e-12 7.618781e-12 wire89
 1.374268e-20 7.653869e-20 7.514096e-12 7.514096e-12 fanout1702
 1.370419e-20 6.705260e-20 7.514096e-12 7.514096e-12 fanout1715
 1.367995e-20 6.828647e-20 6.865703e-12 6.865703e-12 fanout1751
 3.381522e-13 1.254184e-12 4.325221e-12 5.917558e-12 fanout937
 1.762424e-14 7.165657e-14 4.876300e-12 4.965581e-12 fanout1301
 1.805736e-14 6.773565e-14 4.876300e-12 4.962093e-12 fanout1300
 1.765111e-14 6.764175e-14 4.876300e-12 4.961593e-12 fanout1302
 1.805220e-14 6.685251e-14 4.876300e-12 4.961205e-12 fanout1297
 1.804255e-14 6.641558e-14 4.876300e-12 4.960758e-12 fanout1304
 1.793698e-14 5.986883e-14 4.876300e-12 4.954106e-12 fanout1298
 7.003214e-21 3.355491e-20 4.876296e-12 4.876296e-12 fanout1718
 7.003470e-21 3.011196e-20 4.876296e-12 4.876296e-12 fanout1719
 6.927951e-21 3.267542e-20 4.876296e-12 4.876296e-12 fanout1720
 6.997073e-21 3.058290e-20 4.876296e-12 4.876296e-12 fanout1723
 7.012651e-21 2.722801e-20 4.876296e-12 4.876296e-12 fanout1724
 6.920888e-21 3.360312e-20 4.876296e-12 4.876296e-12 fanout1725
 7.026780e-21 2.768016e-20 4.876296e-12 4.876296e-12 fanout1726
 6.971175e-21 3.091090e-20 4.876296e-12 4.876296e-12 fanout1727
 7.021170e-21 2.867944e-20 4.876296e-12 4.876296e-12 fanout1728
 6.970846e-21 3.108580e-20 4.876296e-12 4.876296e-12 fanout1729
 6.912886e-21 3.772838e-20 4.876296e-12 4.876296e-12 fanout1730
 6.972183e-21 2.694511e-20 4.876296e-12 4.876296e-12 fanout1731
 6.994256e-21 2.784165e-20 4.876296e-12 4.876296e-12 fanout1734
 6.963967e-21 2.532464e-20 4.876296e-12 4.876296e-12 fanout1737
 6.977485e-21 2.765722e-20 4.876296e-12 4.876296e-12 fanout1741
 7.005324e-21 2.815698e-20 4.876296e-12 4.876296e-12 fanout1744
 6.930071e-21 3.363422e-20 4.876296e-12 4.876296e-12 fanout1745
 6.946114e-21 3.329192e-20 4.876296e-12 4.876296e-12 fanout1747
 6.976029e-21 2.776399e-20 4.876296e-12 4.876296e-12 fanout1749
 6.976816e-21 2.785477e-20 4.876296e-12 4.876296e-12 fanout1750
 6.935509e-21 3.219960e-20 4.876296e-12 4.876296e-12 fanout1752
 6.967997e-21 2.658704e-20 4.876296e-12 4.876296e-12 fanout1754
 7.002278e-21 3.485713e-20 4.876296e-12 4.876296e-12 fanout1756
 6.963223e-21 3.101514e-20 4.876296e-12 4.876296e-12 fanout1758
 7.027393e-21 2.750329e-20 4.876296e-12 4.876296e-12 fanout1759
 6.963130e-21 3.095981e-20 4.876296e-12 4.876296e-12 fanout1760
 6.910675e-21 3.567635e-20 4.876296e-12 4.876296e-12 fanout1763
 6.932791e-21 3.011749e-20 4.876296e-12 4.876296e-12 fanout1764
 7.038889e-21 2.871267e-20 4.876296e-12 4.876296e-12 fanout1765
 7.045713e-21 2.584206e-20 4.876296e-12 4.876296e-12 fanout1767
 7.024008e-21 3.034921e-20 4.876296e-12 4.876296e-12 fanout1768
 7.035039e-21 2.675398e-20 4.876296e-12 4.876296e-12 fanout1770
 7.023414e-21 3.028903e-20 4.876296e-12 4.876296e-12 fanout1771
 7.021153e-21 2.862635e-20 4.876296e-12 4.876296e-12 fanout1773
 7.026501e-21 2.740190e-20 4.876296e-12 4.876296e-12 fanout1775
 5.394597e-14 3.667966e-13 4.325204e-12 4.745947e-12 hold67
 5.179125e-14 2.886888e-13 4.325204e-12 4.665685e-12 fanout1489
 3.913345e-21 1.272477e-20 4.647994e-12 4.647994e-12 fanout1740
 3.922223e-21 1.601627e-20 4.647994e-12 4.647994e-12 fanout1742
 3.914732e-21 1.691436e-20 4.647994e-12 4.647994e-12 fanout1755
 3.914014e-21 1.706311e-20 4.647994e-12 4.647994e-12 fanout1776
 5.190177e-14 2.492506e-13 4.325204e-12 4.626357e-12 fanout1330
 5.273174e-14 2.248162e-13 4.325204e-12 4.602752e-12 fanout1373
 5.204155e-14 2.120619e-13 4.325204e-12 4.589308e-12 fanout1374
 5.220952e-14 1.858686e-13 4.325204e-12 4.563282e-12 fanout1340
 4.858431e-14 8.645555e-15 4.325204e-12 4.382434e-12 hold51
 8.889961e-15 2.750914e-14 4.308379e-12 4.344778e-12 input8
 7.019195e-21 3.084978e-20 4.325203e-12 4.325203e-12 fanout1661
 6.960402e-21 2.926661e-20 4.325203e-12 4.325203e-12 fanout1662
 7.005522e-21 2.705716e-20 4.325203e-12 4.325203e-12 fanout1663
 7.002987e-21 2.755269e-20 4.325203e-12 4.325203e-12 fanout1665
 6.972376e-21 3.183169e-20 4.325203e-12 4.325203e-12 fanout1668
 6.955124e-21 2.793108e-20 4.325203e-12 4.325203e-12 fanout1675
 6.994319e-21 2.804013e-20 4.325203e-12 4.325203e-12 fanout1679
 6.928527e-21 2.880013e-20 4.325203e-12 4.325203e-12 fanout1697
 6.895800e-21 4.161087e-20 4.325203e-12 4.325203e-12 fanout1699
 6.928603e-21 3.293628e-20 4.325203e-12 4.325203e-12 fanout1700
 6.927791e-21 3.283582e-20 4.325203e-12 4.325203e-12 fanout1701
 6.959632e-21 3.228978e-20 4.325203e-12 4.325203e-12 fanout1703
 6.957480e-21 3.044679e-20 4.325203e-12 4.325203e-12 fanout1706
 6.942403e-21 3.230504e-20 4.325203e-12 4.325203e-12 fanout1707
 6.969737e-21 2.975314e-20 4.325203e-12 4.325203e-12 fanout1711
 6.953781e-21 2.836682e-20 4.325203e-12 4.325203e-12 fanout1712
 2.242824e-15 1.103531e-14 4.150593e-12 4.163871e-12 input1
 9.715727e-16 4.106157e-15 4.122918e-12 4.127996e-12 input7
 2.134274e-15 9.218142e-15 4.089294e-12 4.100647e-12 input4
 1.816236e-15 7.302417e-15 4.061237e-12 4.070356e-12 input5
 2.930210e-14 1.662708e-13 3.659308e-12 3.854881e-12 fanout1409
 2.934880e-14 1.590214e-13 3.659308e-12 3.847678e-12 fanout1438
 2.931878e-14 1.589682e-13 3.659308e-12 3.847595e-12 fanout1439
 2.935273e-14 1.568454e-13 3.659308e-12 3.845506e-12 fanout1478
 2.968406e-14 1.516690e-13 3.659308e-12 3.840661e-12 fanout1433
 2.941294e-14 1.483136e-13 3.659308e-12 3.837034e-12 fanout1358
 2.930009e-14 1.475697e-13 3.659308e-12 3.836178e-12 fanout1419
 2.937512e-14 1.454465e-13 3.659308e-12 3.834130e-12 fanout1401
 2.960914e-14 1.409860e-13 3.659308e-12 3.829903e-12 fanout1324
 2.955966e-14 1.398336e-13 3.659308e-12 3.828701e-12 fanout1447
 2.932974e-14 1.380763e-13 3.659308e-12 3.826714e-12 fanout1351
 2.962160e-14 1.373454e-13 3.659308e-12 3.826275e-12 fanout1332
 2.928010e-14 1.363728e-13 3.659308e-12 3.824961e-12 fanout1382
 2.952774e-14 1.335036e-13 3.659308e-12 3.822340e-12 fanout1410
 2.959947e-14 1.317273e-13 3.659308e-12 3.820635e-12 fanout1314
 2.951184e-14 1.290307e-13 3.659308e-12 3.817851e-12 fanout1315
 2.935659e-14 1.285030e-13 3.659308e-12 3.817168e-12 fanout1339
 2.956642e-14 1.278784e-13 3.659308e-12 3.816753e-12 fanout1329
 2.981947e-14 1.272306e-13 3.659308e-12 3.816358e-12 fanout1466
 2.933010e-14 1.275303e-13 3.659308e-12 3.816168e-12 fanout1464
 2.971058e-14 1.263439e-13 3.659308e-12 3.815363e-12 fanout1404
 2.965172e-14 1.262982e-13 3.659308e-12 3.815258e-12 fanout1413
 2.934068e-14 1.261522e-13 3.659308e-12 3.814801e-12 fanout1470
 2.952904e-14 1.256127e-13 3.659308e-12 3.814450e-12 fanout1400
 2.976844e-14 1.231032e-13 3.659308e-12 3.812180e-12 fanout1369
 2.968945e-14 1.230588e-13 3.659308e-12 3.812057e-12 fanout1387
 2.936126e-14 1.232137e-13 3.659308e-12 3.811883e-12 fanout1414
 2.956098e-14 1.222376e-13 3.659308e-12 3.811107e-12 fanout1475
 2.943458e-14 1.220592e-13 3.659308e-12 3.810802e-12 fanout1398
 2.957154e-14 1.211373e-13 3.659308e-12 3.810017e-12 fanout1326
 2.967191e-14 1.208422e-13 3.659308e-12 3.809822e-12 fanout1479
 2.945043e-14 1.203783e-13 3.659308e-12 3.809137e-12 fanout1437
 2.978927e-14 1.200248e-13 3.659308e-12 3.809122e-12 fanout1480
 2.956052e-14 1.201938e-13 3.659308e-12 3.809062e-12 fanout1407
 2.970408e-14 1.195193e-13 3.659308e-12 3.808532e-12 fanout1341
 2.952580e-14 1.192669e-13 3.659308e-12 3.808101e-12 fanout1363
 2.960062e-14 1.183143e-13 3.659308e-12 3.807223e-12 fanout1309
 2.947858e-14 1.180169e-13 3.659308e-12 3.806803e-12 fanout1459
 2.954085e-14 1.166420e-13 3.659308e-12 3.805491e-12 fanout1316
 2.963856e-14 1.161075e-13 3.659308e-12 3.805054e-12 fanout1319
 2.973794e-14 1.151777e-13 3.659308e-12 3.804224e-12 fanout1449
 2.944148e-14 1.154640e-13 3.659308e-12 3.804213e-12 fanout1429
 2.985204e-14 1.146167e-13 3.659308e-12 3.803777e-12 fanout1342
 2.928327e-14 1.150688e-13 3.659308e-12 3.803660e-12 fanout1368
 2.965558e-14 1.143631e-13 3.659308e-12 3.803327e-12 fanout1405
 2.948213e-14 1.141538e-13 3.659308e-12 3.802944e-12 fanout1452
 2.956616e-14 1.138891e-13 3.659308e-12 3.802763e-12 fanout1380
 2.940090e-14 1.137741e-13 3.659308e-12 3.802483e-12 fanout1396
 2.965326e-14 1.131806e-13 3.659308e-12 3.802142e-12 fanout1403
 2.944088e-14 1.123871e-13 3.659308e-12 3.801136e-12 fanout1436
 2.975530e-14 1.119935e-13 3.659308e-12 3.801057e-12 fanout1472
 2.967694e-14 1.095165e-13 3.659308e-12 3.798501e-12 fanout1415
 2.939632e-14 1.094860e-13 3.659308e-12 3.798190e-12 fanout1393
 2.959768e-14 1.086037e-13 3.659308e-12 3.797510e-12 fanout1450
 2.943319e-14 1.085963e-13 3.659308e-12 3.797337e-12 fanout1425
 2.965379e-14 1.083033e-13 3.659308e-12 3.797265e-12 fanout1458
 2.966288e-14 1.064108e-13 3.659308e-12 3.795382e-12 fanout1386
 2.955187e-14 1.050562e-13 3.659308e-12 3.793916e-12 fanout1379
 2.943631e-14 1.051654e-13 3.659308e-12 3.793910e-12 fanout1456
 2.944087e-14 1.050440e-13 3.659308e-12 3.793793e-12 fanout1473
 2.950715e-14 1.037512e-13 3.659308e-12 3.792567e-12 fanout1486
 2.943075e-14 1.037882e-13 3.659308e-12 3.792527e-12 fanout1434
 2.957521e-14 1.035955e-13 3.659308e-12 3.792479e-12 fanout1313
 2.974669e-14 1.030210e-13 3.659308e-12 3.792076e-12 fanout1481
 2.970906e-14 1.020450e-13 3.659308e-12 3.791062e-12 fanout1424
 2.958719e-14 1.006871e-13 3.659308e-12 3.789582e-12 fanout1337
 2.955740e-14 9.866979e-14 3.659308e-12 3.787535e-12 fanout1467
 2.979093e-14 9.749933e-14 3.659308e-12 3.786598e-12 fanout1346
 2.952902e-14 9.553449e-14 3.659308e-12 3.784372e-12 fanout1350
 2.961919e-14 9.401492e-14 3.659308e-12 3.782942e-12 fanout1320
 2.952442e-14 9.286688e-14 3.659308e-12 3.781699e-12 fanout1343
 2.953724e-14 9.182911e-14 3.659308e-12 3.780675e-12 fanout1476
 9.729580e-15 7.429711e-14 3.659300e-12 3.743326e-12 wire92
 3.934047e-21 1.730285e-20 3.659306e-12 3.659306e-12 fanout1664
 3.935802e-21 1.619046e-20 3.659306e-12 3.659306e-12 fanout1666
 3.911536e-21 1.341108e-20 3.659306e-12 3.659306e-12 fanout1674
 3.932038e-21 1.675499e-20 3.659306e-12 3.659306e-12 fanout1680
 3.976365e-21 1.516888e-20 3.659306e-12 3.659306e-12 fanout1682
 3.929814e-21 1.285519e-20 3.659306e-12 3.659306e-12 fanout1684
 3.956829e-21 1.409787e-20 3.659306e-12 3.659306e-12 fanout1686
 3.954782e-21 1.524098e-20 3.659306e-12 3.659306e-12 fanout1687
 3.949464e-21 1.408001e-20 3.659306e-12 3.659306e-12 fanout1688
 3.952484e-21 1.409454e-20 3.659306e-12 3.659306e-12 fanout1689
 3.931960e-21 1.589551e-20 3.659306e-12 3.659306e-12 fanout1691
 3.954698e-21 1.847989e-20 3.659306e-12 3.659306e-12 fanout1695
 3.955396e-21 1.523757e-20 3.659306e-12 3.659306e-12 fanout1696
 3.892712e-21 2.543103e-20 3.659306e-12 3.659306e-12 fanout1698
 3.909729e-21 2.119808e-20 3.659306e-12 3.659306e-12 fanout1704
 1.799672e-14 7.060850e-14 1.181000e-12 1.269605e-12 fanout1372
 5.872417e-16 6.371092e-16 1.181000e-12 1.182224e-12 input6
