     Internal    Switching      Leakage        Total
        Power        Power        Power        Power (Watts)
----------------------------------------------------
 8.710816e-07 3.947241e-07 1.232310e-11 1.265818e-06 clkbuf_1_0__f_clk
 8.699473e-07 3.009440e-07 1.232310e-11 1.170904e-06 clkbuf_0_clk
 8.398110e-07 1.044496e-07 1.232310e-11 9.442729e-07 clkbuf_1_1__f_clk
 1.354108e-07 3.580768e-10 9.133755e-12 1.357780e-07 u_icg
 2.619998e-08 0.000000e+00 1.567550e-12 2.620155e-08 clkload0
 4.016105e-10 1.578353e-09 1.047959e-11 1.990443e-09 clkbuf_0_core_clk
 2.633729e-10 1.495352e-09 1.047932e-11 1.769204e-09 clkbuf_0_v_clk
 2.551988e-10 1.332688e-09 1.047930e-11 1.598366e-09 clkbuf_0_w_clk
 1.989726e-10 9.341971e-10 6.865839e-12 1.140036e-09 clkbuf_4_9_0_core_clk
 2.497172e-10 7.552636e-10 1.047930e-11 1.015460e-09 clkbuf_2_2__f_w_clk
 2.494469e-10 7.449099e-10 1.047930e-11 1.004836e-09 clkbuf_2_1__f_w_clk
 2.495731e-10 7.345287e-10 1.047930e-11 9.945810e-10 clkbuf_2_0__f_w_clk
 2.493832e-10 6.452556e-10 1.047930e-11 9.051180e-10 clkbuf_2_3__f_w_clk
 1.984091e-10 6.528036e-10 6.865839e-12 8.580785e-10 clkbuf_4_8_0_core_clk
 2.571874e-10 5.279015e-10 1.047932e-11 7.955682e-10 clkbuf_3_4__f_v_clk
 2.566650e-10 5.090701e-10 1.047932e-11 7.762144e-10 clkbuf_3_2__f_v_clk
 2.564582e-10 4.776533e-10 1.047932e-11 7.445908e-10 clkbuf_3_6__f_v_clk
 2.552277e-10 4.411347e-10 1.047932e-11 7.068418e-10 clkbuf_3_5__f_v_clk
 2.550708e-10 4.385384e-10 1.047932e-11 7.040886e-10 clkbuf_3_7__f_v_clk
 1.971393e-10 4.968430e-10 6.865839e-12 7.008480e-10 clkbuf_4_14_0_core_clk
 2.544174e-10 4.191540e-10 1.047932e-11 6.840508e-10 clkbuf_3_1__f_v_clk
 1.965585e-10 4.677771e-10 6.865839e-12 6.712015e-10 clkbuf_4_6_0_core_clk
 2.530551e-10 3.860007e-10 1.047932e-11 6.495351e-10 clkbuf_3_0__f_v_clk
 1.959069e-10 4.373411e-10 6.865839e-12 6.401138e-10 clkbuf_4_3_0_core_clk
 1.957371e-10 4.307470e-10 6.865839e-12 6.333500e-10 clkbuf_4_4_0_core_clk
 1.954590e-10 4.196660e-10 6.865839e-12 6.219908e-10 clkbuf_4_15_0_core_clk
 1.954888e-10 4.192772e-10 6.865839e-12 6.216319e-10 clkbuf_4_10_0_core_clk
 2.514319e-10 3.452122e-10 1.047932e-11 6.071234e-10 clkbuf_3_3__f_v_clk
 1.950813e-10 4.001742e-10 6.865839e-12 6.021213e-10 clkbuf_4_0_0_core_clk
 1.949816e-10 3.964254e-10 6.865839e-12 5.982729e-10 clkbuf_4_11_0_core_clk
 1.949269e-10 3.935703e-10 6.865839e-12 5.953631e-10 clkbuf_4_5_0_core_clk
 1.949364e-10 3.916793e-10 6.865839e-12 5.934815e-10 clkbuf_4_2_0_core_clk
 1.946682e-10 3.800395e-10 6.865839e-12 5.815736e-10 clkbuf_4_7_0_core_clk
 1.945000e-10 3.760801e-10 6.865839e-12 5.774459e-10 clkbuf_4_12_0_core_clk
 1.938849e-10 3.472186e-10 6.865839e-12 5.479694e-10 clkbuf_4_13_0_core_clk
 1.935351e-10 3.293582e-10 6.865839e-12 5.297592e-10 clkbuf_4_1_0_core_clk
 1.582773e-10 3.104826e-10 8.986166e-12 4.777461e-10 u_icg_v
 1.524882e-10 2.283074e-10 8.986173e-12 3.897818e-10 u_icg_w
 3.766772e-11 2.630586e-10 6.865751e-12 3.075921e-10 fanout312
 1.229418e-10 1.748594e-10 6.865786e-12 3.046671e-10 clkbuf_leaf_7_w_clk
 1.228998e-10 1.741904e-10 6.865786e-12 3.039560e-10 clkbuf_leaf_13_w_clk
 1.228215e-10 1.707150e-10 6.865786e-12 3.004022e-10 clkbuf_leaf_12_w_clk
 1.281266e-10 1.628969e-10 6.865790e-12 2.978892e-10 clkbuf_leaf_26_v_clk
 1.281104e-10 1.624651e-10 6.865790e-12 2.974413e-10 clkbuf_leaf_23_v_clk
 1.284935e-10 1.598073e-10 6.865790e-12 2.951666e-10 clkbuf_leaf_49_v_clk
 1.226639e-10 1.642034e-10 6.865786e-12 2.937331e-10 clkbuf_leaf_11_w_clk
 1.276225e-10 1.573572e-10 6.865790e-12 2.918455e-10 clkbuf_leaf_6_v_clk
 1.276071e-10 1.558835e-10 6.865790e-12 2.903564e-10 clkbuf_leaf_11_v_clk
 1.279124e-10 1.552272e-10 6.865790e-12 2.900054e-10 clkbuf_leaf_31_v_clk
 1.275833e-10 1.543106e-10 6.865790e-12 2.887597e-10 clkbuf_leaf_47_v_clk
 1.225401e-10 1.591717e-10 6.865786e-12 2.885776e-10 clkbuf_leaf_8_w_clk
 1.275303e-10 1.538315e-10 6.865790e-12 2.882276e-10 clkbuf_leaf_8_v_clk
 1.279418e-10 1.528853e-10 6.865790e-12 2.876928e-10 clkbuf_leaf_3_v_clk
 1.274496e-10 1.494217e-10 6.865790e-12 2.837371e-10 clkbuf_leaf_46_v_clk
 1.226989e-10 1.527933e-10 6.865786e-12 2.823581e-10 clkbuf_leaf_20_w_clk
 1.222962e-10 1.527531e-10 6.865786e-12 2.819151e-10 clkbuf_leaf_36_w_clk
 1.277674e-10 1.465013e-10 6.865790e-12 2.811344e-10 clkbuf_leaf_61_v_clk
 1.279133e-10 1.459633e-10 6.865790e-12 2.807423e-10 clkbuf_leaf_59_v_clk
 1.273513e-10 1.465127e-10 6.865790e-12 2.807297e-10 clkbuf_leaf_13_v_clk
 1.280969e-10 1.457346e-10 6.865790e-12 2.806972e-10 clkbuf_leaf_44_v_clk
 3.694411e-11 2.362137e-10 7.514048e-12 2.806718e-10 fanout450
 1.276273e-10 1.449435e-10 6.865790e-12 2.794365e-10 clkbuf_leaf_29_v_clk
 1.222518e-10 1.491099e-10 6.865786e-12 2.782276e-10 clkbuf_leaf_45_w_clk
 1.226177e-10 1.483963e-10 6.865786e-12 2.778798e-10 clkbuf_leaf_24_w_clk
 1.222064e-10 1.458302e-10 6.865786e-12 2.749024e-10 clkbuf_leaf_1_w_clk
 1.272518e-10 1.400158e-10 6.865790e-12 2.741334e-10 clkbuf_leaf_36_v_clk
 1.221823e-10 1.444059e-10 6.865786e-12 2.734540e-10 clkbuf_leaf_6_w_clk
 1.275301e-10 1.379543e-10 6.865790e-12 2.723501e-10 clkbuf_leaf_1_v_clk
 1.273595e-10 1.363239e-10 6.865790e-12 2.705491e-10 clkbuf_leaf_18_v_clk
 1.273700e-10 1.356928e-10 6.865790e-12 2.699286e-10 clkbuf_leaf_27_v_clk
 1.220439e-10 1.392995e-10 6.865786e-12 2.682092e-10 clkbuf_leaf_9_w_clk
 1.270346e-10 1.342245e-10 6.865790e-12 2.681249e-10 clkbuf_leaf_55_v_clk
 1.219824e-10 1.391051e-10 6.865786e-12 2.679533e-10 clkbuf_leaf_34_w_clk
 1.270214e-10 1.336483e-10 6.865790e-12 2.675354e-10 clkbuf_leaf_51_v_clk
 1.222947e-10 1.377328e-10 6.865786e-12 2.668932e-10 clkbuf_leaf_16_w_clk
 1.269946e-10 1.327134e-10 6.865790e-12 2.665738e-10 clkbuf_leaf_50_v_clk
 1.277028e-10 1.317253e-10 6.865790e-12 2.662939e-10 clkbuf_leaf_42_v_clk
 1.219072e-10 1.370516e-10 6.865786e-12 2.658246e-10 clkbuf_leaf_38_w_clk
 1.270266e-10 1.316518e-10 6.865790e-12 2.655442e-10 clkbuf_leaf_34_v_clk
 1.270012e-10 1.306871e-10 6.865790e-12 2.645540e-10 clkbuf_leaf_35_v_clk
 1.268985e-10 1.306697e-10 6.865790e-12 2.644340e-10 clkbuf_leaf_7_v_clk
 1.269983e-10 1.300777e-10 6.865790e-12 2.639417e-10 clkbuf_leaf_33_v_clk
 1.222724e-10 1.346618e-10 6.865786e-12 2.637999e-10 clkbuf_leaf_25_w_clk
 1.271604e-10 1.294881e-10 6.865790e-12 2.635143e-10 clkbuf_leaf_21_v_clk
 1.272836e-10 1.292762e-10 6.865790e-12 2.634256e-10 clkbuf_leaf_4_v_clk
 1.268686e-10 1.280793e-10 6.865790e-12 2.618137e-10 clkbuf_leaf_52_v_clk
 1.268918e-10 1.270499e-10 6.865790e-12 2.608075e-10 clkbuf_leaf_38_v_clk
 1.268037e-10 1.269567e-10 6.865790e-12 2.606262e-10 clkbuf_leaf_9_v_clk
 1.271160e-10 1.265694e-10 6.865790e-12 2.605511e-10 clkbuf_leaf_24_v_clk
 1.273579e-10 1.260866e-10 6.865790e-12 2.603102e-10 clkbuf_leaf_58_v_clk
 1.221621e-10 1.309269e-10 6.865786e-12 2.599548e-10 clkbuf_leaf_23_w_clk
 1.221559e-10 1.300569e-10 6.865786e-12 2.590785e-10 clkbuf_leaf_28_w_clk
 1.220974e-10 1.297376e-10 6.865786e-12 2.587008e-10 clkbuf_leaf_17_w_clk
 1.218423e-10 1.299757e-10 6.865786e-12 2.586837e-10 clkbuf_leaf_43_w_clk
 1.270335e-10 1.247215e-10 6.865790e-12 2.586208e-10 clkbuf_leaf_19_v_clk
 1.272961e-10 1.239684e-10 6.865790e-12 2.581303e-10 clkbuf_leaf_56_v_clk
 1.217653e-10 1.291902e-10 6.865786e-12 2.578213e-10 clkbuf_leaf_46_w_clk
 1.217964e-10 1.290803e-10 6.865786e-12 2.577425e-10 clkbuf_leaf_50_w_clk
 1.267998e-10 1.236124e-10 6.865790e-12 2.572780e-10 clkbuf_leaf_39_v_clk
 1.217071e-10 1.278485e-10 6.865786e-12 2.564215e-10 clkbuf_leaf_33_w_clk
 1.267100e-10 1.223225e-10 6.865790e-12 2.558982e-10 clkbuf_leaf_48_v_clk
 1.217167e-10 1.267067e-10 6.865786e-12 2.552892e-10 clkbuf_leaf_14_w_clk
 1.273945e-10 1.207858e-10 6.865790e-12 2.550461e-10 clkbuf_leaf_41_v_clk
 1.273730e-10 1.199892e-10 6.865790e-12 2.542280e-10 clkbuf_leaf_43_v_clk
 1.268969e-10 1.197675e-10 6.865790e-12 2.535302e-10 clkbuf_leaf_16_v_clk
 1.215777e-10 1.237592e-10 6.865786e-12 2.522027e-10 clkbuf_leaf_39_w_clk
 1.216463e-10 1.234777e-10 6.865786e-12 2.519898e-10 clkbuf_leaf_2_w_clk
 1.215686e-10 1.230371e-10 6.865786e-12 2.514716e-10 clkbuf_leaf_37_w_clk
 1.265520e-10 1.170750e-10 6.865790e-12 2.504928e-10 clkbuf_leaf_14_v_clk
 1.219138e-10 1.213955e-10 6.865786e-12 2.501750e-10 clkbuf_leaf_22_w_clk
 1.265518e-10 1.164907e-10 6.865790e-12 2.499082e-10 clkbuf_leaf_53_v_clk
 1.266108e-10 1.159000e-10 6.865790e-12 2.493766e-10 clkbuf_leaf_32_v_clk
 1.265739e-10 1.155205e-10 6.865790e-12 2.489601e-10 clkbuf_leaf_40_v_clk
 1.265215e-10 1.154444e-10 6.865790e-12 2.488317e-10 clkbuf_leaf_45_v_clk
 1.215627e-10 1.197692e-10 6.865786e-12 2.481977e-10 clkbuf_leaf_0_w_clk
 1.264649e-10 1.143194e-10 6.865790e-12 2.476500e-10 clkbuf_leaf_10_v_clk
 1.264806e-10 1.139201e-10 6.865790e-12 2.472664e-10 clkbuf_leaf_54_v_clk
 1.218296e-10 1.185629e-10 6.865786e-12 2.472583e-10 clkbuf_leaf_19_w_clk
 1.267108e-10 1.131842e-10 6.865790e-12 2.467608e-10 clkbuf_leaf_22_v_clk
 1.215096e-10 1.182086e-10 6.865786e-12 2.465840e-10 clkbuf_leaf_47_w_clk
 1.267126e-10 1.130023e-10 6.865790e-12 2.465807e-10 clkbuf_leaf_17_v_clk
 1.269623e-10 1.119464e-10 6.865790e-12 2.457744e-10 clkbuf_leaf_0_v_clk
 1.264955e-10 1.123410e-10 6.865790e-12 2.457022e-10 clkbuf_leaf_30_v_clk
 1.264857e-10 1.122597e-10 6.865790e-12 2.456112e-10 clkbuf_leaf_37_v_clk
 1.267983e-10 1.118239e-10 6.865790e-12 2.454881e-10 clkbuf_leaf_5_v_clk
 1.214222e-10 1.157854e-10 6.865786e-12 2.440734e-10 clkbuf_leaf_32_w_clk
 1.269067e-10 1.100349e-10 6.865790e-12 2.438074e-10 clkbuf_leaf_57_v_clk
 1.267472e-10 1.098047e-10 6.865790e-12 2.434177e-10 clkbuf_leaf_2_v_clk
 1.266202e-10 1.086526e-10 6.865790e-12 2.421387e-10 clkbuf_leaf_25_v_clk
 1.217227e-10 1.134446e-10 6.865786e-12 2.420332e-10 clkbuf_leaf_27_w_clk
 1.263102e-10 1.084772e-10 6.865790e-12 2.416532e-10 clkbuf_leaf_12_v_clk
 1.265635e-10 1.077321e-10 6.865790e-12 2.411615e-10 clkbuf_leaf_20_v_clk
 1.213811e-10 1.113593e-10 6.865786e-12 2.396061e-10 clkbuf_leaf_44_w_clk
 1.266283e-10 1.055252e-10 6.865790e-12 2.390192e-10 clkbuf_leaf_60_v_clk
 1.211540e-10 1.066746e-10 6.865786e-12 2.346944e-10 clkbuf_leaf_40_w_clk
 1.257997e-10 9.614292e-11 6.865790e-12 2.288084e-10 clkbuf_leaf_15_v_clk
 1.210241e-10 9.957934e-11 6.865786e-12 2.274693e-10 clkbuf_leaf_30_w_clk
 1.259279e-10 9.432480e-11 6.865790e-12 2.271185e-10 clkbuf_leaf_28_v_clk
 1.209639e-10 9.850400e-11 6.865786e-12 2.263337e-10 clkbuf_leaf_35_w_clk
 1.865703e-11 1.764857e-10 4.876256e-12 2.000190e-10 fanout297
 1.996287e-11 1.306878e-10 4.325354e-12 1.549760e-10 fanout472
 2.015252e-11 1.192067e-10 1.416712e-11 1.535263e-10 fanout230
 1.996970e-11 1.180481e-10 4.325354e-12 1.423432e-10 fanout481
 1.880596e-11 1.186924e-10 4.325244e-12 1.418236e-10 fanout449
 1.881111e-11 1.033285e-10 4.876256e-12 1.270159e-10 fanout296
 1.179109e-10 0.000000e+00 6.865789e-12 1.247767e-10 clkload97
 1.179079e-10 0.000000e+00 6.865789e-12 1.247737e-10 clkload87
 1.178969e-10 0.000000e+00 6.865789e-12 1.247627e-10 clkload100
 1.178668e-10 0.000000e+00 6.865789e-12 1.247326e-10 clkload69
 1.178615e-10 0.000000e+00 6.865789e-12 1.247273e-10 clkload99
 1.178512e-10 0.000000e+00 6.865789e-12 1.247170e-10 clkload60
 1.178304e-10 0.000000e+00 6.865789e-12 1.246962e-10 clkload96
 1.178282e-10 0.000000e+00 6.865789e-12 1.246940e-10 clkload75
 1.178259e-10 0.000000e+00 6.865789e-12 1.246917e-10 clkload95
 1.178142e-10 0.000000e+00 6.865789e-12 1.246800e-10 clkload73
 1.177999e-10 0.000000e+00 6.865789e-12 1.246657e-10 clkload61
 1.177657e-10 0.000000e+00 6.865789e-12 1.246315e-10 clkload77
 1.177612e-10 0.000000e+00 6.865789e-12 1.246270e-10 clkload83
 1.177458e-10 0.000000e+00 6.865789e-12 1.246115e-10 clkload67
 1.177275e-10 0.000000e+00 6.865789e-12 1.245933e-10 clkload79
 2.004528e-11 9.806887e-11 4.325354e-12 1.224395e-10 fanout491
 1.896913e-11 9.844328e-11 4.876256e-12 1.222887e-10 fanout285
 1.137151e-10 0.000000e+00 6.865786e-12 1.205809e-10 clkload51
 1.136725e-10 0.000000e+00 6.865787e-12 1.205383e-10 clkload37
 1.136121e-10 0.000000e+00 6.865786e-12 1.204779e-10 clkload45
 1.127655e-10 0.000000e+00 6.865786e-12 1.196313e-10 clkload18
 1.899120e-11 9.325676e-11 4.876256e-12 1.171242e-10 fanout290
 1.890271e-11 8.923964e-11 4.876256e-12 1.130186e-10 fanout311
 1.915591e-11 8.657691e-11 4.876256e-12 1.106091e-10 fanout294
 1.046065e-11 9.124742e-11 7.514064e-12 1.092221e-10 fanout130
 1.887732e-11 8.538637e-11 4.876256e-12 1.091399e-10 fanout295
 1.894446e-11 7.963176e-11 4.876256e-12 1.034525e-10 fanout298
 2.025448e-11 7.826315e-11 4.325354e-12 1.028430e-10 fanout462
 1.468371e-11 7.907971e-11 6.865784e-12 1.006292e-10 fanout132
 1.903186e-11 7.541058e-11 4.876256e-12 9.931869e-11 fanout305
 9.196513e-11 0.000000e+00 4.876183e-12 9.684131e-11 clkload6
 1.012616e-11 7.866133e-11 6.865712e-12 9.565319e-11 fanout134
 1.131229e-11 7.634492e-11 3.659577e-12 9.131678e-11 fanout484
 1.468088e-11 6.556126e-11 6.865725e-12 8.710786e-11 fanout131
 2.030974e-11 5.606092e-11 1.047895e-11 8.684961e-11 fanout718
 1.503555e-11 5.588406e-11 7.514038e-12 7.843366e-11 fanout262
 1.008715e-11 6.127703e-11 6.865725e-12 7.822990e-11 fanout186
 7.078704e-11 0.000000e+00 4.331090e-12 7.511813e-11 clkload2
 7.027548e-11 0.000000e+00 4.331090e-12 7.460657e-11 clkload10
 1.241916e-11 5.381735e-11 7.513915e-12 7.375043e-11 fanout392
 5.737414e-12 6.055449e-11 6.865705e-12 7.315760e-11 hold29
 1.043286e-11 5.578331e-11 6.865771e-12 7.308195e-11 fanout224
 1.020241e-11 5.088530e-11 7.514057e-12 6.860177e-11 fanout431
 1.136283e-11 5.240748e-11 3.659577e-12 6.742989e-11 fanout479
 1.021569e-11 4.851521e-11 7.514025e-12 6.624492e-11 fanout385
 1.008284e-11 4.928007e-11 6.865758e-12 6.622867e-11 fanout735
 1.076068e-11 5.057475e-11 4.647921e-12 6.598335e-11 fanout289
 6.085889e-11 0.000000e+00 4.876224e-12 6.573511e-11 clkload91
 6.085361e-11 0.000000e+00 4.876224e-12 6.572983e-11 clkload66
 6.084417e-11 0.000000e+00 4.876224e-12 6.572039e-11 clkload86
 6.083514e-11 0.000000e+00 4.876224e-12 6.571136e-11 clkload58
 6.083310e-11 0.000000e+00 4.876224e-12 6.570932e-11 clkload88
 6.082989e-11 0.000000e+00 4.876224e-12 6.570611e-11 clkload102
 6.082781e-11 0.000000e+00 4.876224e-12 6.570403e-11 clkload98
 6.081491e-11 0.000000e+00 4.876224e-12 6.569113e-11 clkload70
 6.076513e-11 0.000000e+00 4.876224e-12 6.564135e-11 clkload68
 6.074727e-11 0.000000e+00 4.876224e-12 6.562349e-11 clkload101
 6.074625e-11 0.000000e+00 4.876224e-12 6.562247e-11 clkload104
 1.124250e-11 3.985517e-11 1.416712e-11 6.526479e-11 fanout376
 1.027247e-11 4.802630e-11 6.865771e-12 6.516455e-11 fanout428
 1.141125e-11 4.993855e-11 3.659577e-12 6.500938e-11 fanout488
 1.019209e-11 4.617945e-11 7.514057e-12 6.388560e-11 fanout432
 1.017354e-11 4.665800e-11 6.865725e-12 6.369726e-11 fanout724
 5.708711e-12 5.036880e-11 7.514050e-12 6.359156e-11 fanout177
 5.868454e-11 0.000000e+00 4.876226e-12 6.356076e-11 clkload49
 5.867727e-11 0.000000e+00 4.876226e-12 6.355350e-11 clkload43
 5.865287e-11 0.000000e+00 4.876226e-12 6.352910e-11 clkload48
 5.864160e-11 0.000000e+00 4.876226e-12 6.351782e-11 clkload39
 5.859590e-11 0.000000e+00 4.876226e-12 6.347212e-11 clkload32
 5.569645e-12 5.069418e-11 6.865719e-12 6.312954e-11 fanout176
 1.136229e-11 4.752683e-11 3.659577e-12 6.254870e-11 fanout467
 5.731553e-12 4.962861e-11 6.865712e-12 6.222587e-11 fanout165
 1.014766e-11 4.488882e-11 6.865732e-12 6.190221e-11 fanout727
 1.140884e-11 3.619419e-11 1.416727e-11 6.177030e-11 fanout437
 1.018285e-11 4.451631e-11 6.865771e-12 6.156493e-11 fanout222
 5.603009e-12 4.891182e-11 6.865699e-12 6.138053e-11 fanout188
 5.271890e-12 5.032056e-11 4.876250e-12 6.046870e-11 fanout739
 1.015265e-11 4.210065e-11 7.514025e-12 5.976733e-11 fanout528
 1.004540e-11 4.252189e-11 6.865732e-12 5.943301e-11 fanout731
 1.016646e-11 4.210361e-11 6.865725e-12 5.913580e-11 fanout720
 1.015700e-11 4.198622e-11 6.865764e-12 5.900899e-11 fanout383
 1.071828e-11 4.304956e-11 4.647921e-12 5.841576e-11 fanout286
 7.824448e-12 4.334001e-11 6.865874e-12 5.803033e-11 fanout396
 1.016192e-11 4.001442e-11 7.514063e-12 5.769039e-11 fanout521
 5.614405e-12 4.421224e-11 7.514071e-12 5.734072e-11 fanout189
 1.074382e-11 4.172761e-11 4.647921e-12 5.711935e-11 fanout302
 5.739660e-12 4.320375e-11 7.514077e-12 5.645748e-11 fanout183
 1.019059e-11 3.682779e-11 7.514063e-12 5.453245e-11 fanout517
 1.025774e-11 3.724121e-11 6.865732e-12 5.436469e-11 fanout730
 5.088962e-12 4.419100e-11 4.325263e-12 5.360522e-11 fanout526
 1.025765e-11 3.547864e-11 7.514025e-12 5.325032e-11 fanout527
 1.026071e-11 3.597704e-11 6.865725e-12 5.310348e-11 fanout719
 1.022576e-11 3.525401e-11 7.514025e-12 5.299380e-11 fanout531
 5.764241e-12 3.926411e-11 6.865725e-12 5.189408e-11 fanout168
 4.650536e-11 0.000000e+00 4.330717e-12 5.083607e-11 clkload54
 5.723428e-12 3.750363e-11 7.514083e-12 5.074114e-11 fanout351
 4.637260e-11 0.000000e+00 4.330717e-12 5.070331e-11 clkload52
 4.564072e-11 0.000000e+00 4.330691e-12 4.997141e-11 clkload33
 1.069194e-11 3.459464e-11 4.647921e-12 4.993450e-11 fanout308
 5.817795e-12 3.640273e-11 7.514050e-12 4.973458e-11 fanout207
 5.157490e-12 3.751517e-11 4.876245e-12 4.754890e-11 fanout698
 3.948005e-12 3.846638e-11 4.325390e-12 4.673978e-11 fanout675
 5.758786e-12 3.254049e-11 7.514090e-12 4.581336e-11 fanout192
 2.757507e-12 3.754738e-11 4.876289e-12 4.518118e-11 fanout203
 5.594449e-12 3.200963e-11 6.865712e-12 4.446980e-11 fanout202
 3.442570e-12 3.317699e-11 7.513934e-12 4.413349e-11 fanout175
 7.888351e-12 2.924602e-11 6.865914e-12 4.400028e-11 fanout543
 5.598581e-12 3.113976e-11 6.865718e-12 4.360406e-11 fanout191
 5.655281e-12 3.005302e-11 7.514070e-12 4.322237e-11 fanout372
 5.607736e-12 2.956797e-11 7.514071e-12 4.268978e-11 fanout194
 5.133369e-12 3.246464e-11 4.876245e-12 4.247425e-11 fanout384
 5.175054e-12 3.215541e-11 4.876245e-12 4.220671e-11 fanout716
 5.632082e-12 2.969100e-11 6.865764e-12 4.218884e-11 fanout742
 5.147573e-12 3.163038e-11 4.876267e-12 4.165422e-11 fanout198
 5.697222e-12 2.881839e-11 6.865712e-12 4.138133e-11 fanout185
 5.131804e-12 3.062687e-11 4.876245e-12 4.063492e-11 fanout690
 5.155412e-12 3.035850e-11 4.876289e-12 4.039021e-11 fanout135
 5.139437e-12 2.983435e-11 4.876267e-12 3.985005e-11 fanout200
 5.158709e-12 2.977726e-11 4.876245e-12 3.981222e-11 fanout689
 5.726551e-12 2.643006e-11 6.865764e-12 3.902238e-11 fanout387
 3.658112e-11 0.000000e+00 1.895746e-12 3.847687e-11 clkload7
 5.152522e-12 2.843671e-11 4.876245e-12 3.846547e-11 fanout711
 5.193964e-12 2.836199e-11 4.876239e-12 3.843219e-11 fanout429
 3.642787e-11 0.000000e+00 1.895746e-12 3.832362e-11 clkload4
 3.351114e-11 0.000000e+00 4.647868e-12 3.815901e-11 clkload16
 5.827164e-12 2.458346e-11 7.514083e-12 3.792471e-11 fanout352
 5.185901e-12 2.827171e-11 4.325263e-12 3.778288e-11 fanout534
 5.625704e-12 2.523093e-11 6.865764e-12 3.772239e-11 fanout743
 5.180114e-12 2.699329e-11 4.876245e-12 3.704965e-11 fanout710
 5.716948e-12 2.364745e-11 7.514076e-12 3.687848e-11 fanout379
 3.612609e-12 2.906011e-11 3.659508e-12 3.633223e-11 fanout90
 5.169481e-12 2.415675e-11 4.876245e-12 3.420248e-11 fanout714
 5.144627e-12 2.405919e-11 4.876250e-12 3.408007e-11 fanout736
 4.052503e-12 2.402094e-11 4.876096e-12 3.294954e-11 fanout254
 5.152602e-12 2.338506e-11 4.325263e-12 3.286292e-11 fanout533
 5.628599e-12 1.943726e-11 7.514089e-12 3.257995e-11 fanout267
 5.200605e-12 2.232287e-11 4.876245e-12 3.239972e-11 fanout708
 5.632982e-12 1.909120e-11 7.514006e-12 3.223818e-11 fanout421
 4.014936e-12 2.376890e-11 4.325390e-12 3.210923e-11 fanout681
 4.016035e-12 2.371685e-11 4.325390e-12 3.205828e-11 fanout680
 5.178011e-12 2.195346e-11 4.876245e-12 3.200772e-11 fanout715
 5.637443e-12 1.869303e-11 7.514090e-12 3.184456e-11 fanout442
 5.187820e-12 2.152315e-11 4.876245e-12 3.158722e-11 fanout706
 3.547415e-12 2.424415e-11 3.659508e-12 3.145107e-11 fanout91
 5.188543e-12 2.135569e-11 4.876245e-12 3.142048e-11 fanout699
 5.269277e-12 2.119307e-11 4.876245e-12 3.133859e-11 fanout687
 4.009923e-12 2.240651e-11 4.876096e-12 3.129253e-11 fanout252
 4.003711e-12 2.279201e-11 4.325390e-12 3.112111e-11 fanout676
 4.005456e-12 2.236192e-11 4.325390e-12 3.069277e-11 fanout683
 5.250913e-12 2.009846e-11 4.876245e-12 3.022562e-11 fanout701
 3.552208e-12 2.274415e-11 3.659508e-12 2.995587e-11 fanout87
 5.273235e-12 1.972702e-11 4.876245e-12 2.987650e-11 fanout703
 3.373921e-12 1.951271e-11 6.865932e-12 2.975256e-11 fanout548
 3.992750e-12 2.115868e-11 4.325390e-12 2.947682e-11 fanout674
 4.011613e-12 2.084493e-11 4.325390e-12 2.918193e-11 fanout678
 4.969189e-12 2.039502e-11 3.659651e-12 2.902386e-11 fanout269
 2.839614e-12 2.100413e-11 4.325225e-12 2.816897e-11 fanout115
 4.022355e-12 1.909964e-11 4.876151e-12 2.799814e-11 fanout395
 3.565276e-12 2.032353e-11 3.659508e-12 2.754832e-11 fanout89
 2.475018e-11 0.000000e+00 1.895416e-12 2.664559e-11 clkload105
 2.471603e-11 0.000000e+00 1.895416e-12 2.661145e-11 clkload85
 2.463621e-11 0.000000e+00 1.895416e-12 2.653163e-11 clkload65
 2.451475e-11 0.000000e+00 1.895416e-12 2.641016e-11 clkload80
 2.603138e-11 0.000000e+00 9.557091e-14 2.612695e-11 clkload3
 2.577460e-11 0.000000e+00 9.557091e-14 2.587017e-11 clkload5
 2.378397e-11 0.000000e+00 1.895394e-12 2.567937e-11 clkload38
 2.374294e-11 0.000000e+00 1.895400e-12 2.563834e-11 clkload42
 2.371016e-11 0.000000e+00 1.895394e-12 2.560555e-11 clkload50
 3.622663e-12 1.830921e-11 3.659621e-12 2.559149e-11 fanout282
 2.369388e-11 0.000000e+00 1.895400e-12 2.558928e-11 clkload35
 2.548956e-11 0.000000e+00 9.557091e-14 2.558513e-11 clkload14
 2.368302e-11 0.000000e+00 1.895400e-12 2.557842e-11 clkload25
 2.847597e-12 1.838984e-11 4.325241e-12 2.556268e-11 fanout206
 4.050804e-12 1.715411e-11 4.325390e-12 2.553031e-11 fanout672
 2.871334e-12 1.777378e-11 4.876267e-12 2.552138e-11 fanout218
 2.354089e-11 0.000000e+00 1.895400e-12 2.543630e-11 clkload27
 2.345645e-11 0.000000e+00 1.895400e-12 2.535185e-11 clkload29
 4.038580e-12 1.673088e-11 4.325390e-12 2.509485e-11 fanout679
 4.045255e-12 1.670405e-11 4.325390e-12 2.507470e-11 fanout682
 2.872656e-12 1.775716e-11 4.325225e-12 2.495504e-11 fanout234
 2.848097e-12 1.760089e-11 4.325219e-12 2.477420e-11 fanout457
 2.991809e-12 1.690502e-11 4.647901e-12 2.454473e-11 fanout707
 2.854221e-12 1.629235e-11 4.876289e-12 2.402286e-11 fanout315
 2.861882e-12 1.626254e-11 4.876267e-12 2.400069e-11 fanout211
 2.861225e-12 1.681320e-11 4.325219e-12 2.399965e-11 fanout456
 2.849116e-12 1.576033e-11 4.876294e-12 2.348574e-11 fanout509
 2.865012e-12 1.561996e-11 4.876267e-12 2.336124e-11 fanout216
 2.873325e-12 1.615504e-11 4.325242e-12 2.335361e-11 fanout195
 3.677393e-12 1.582664e-11 3.659641e-12 2.316368e-11 fanout272
 2.866079e-12 1.531681e-11 4.876294e-12 2.305918e-11 fanout502
 2.890215e-12 1.581162e-11 4.325219e-12 2.302706e-11 fanout415
 2.846241e-12 1.568087e-11 4.325241e-12 2.285235e-11 fanout196
 4.037824e-12 1.440695e-11 4.325321e-12 2.277009e-11 fanout80
 3.619425e-12 1.545244e-11 3.659671e-12 2.273154e-11 fanout273
 3.644671e-12 1.535543e-11 3.659671e-12 2.265977e-11 fanout275
 2.875320e-12 1.484392e-11 4.876294e-12 2.259553e-11 fanout75
 2.876405e-12 1.441005e-11 4.876267e-12 2.216272e-11 fanout214
 2.870281e-12 1.403655e-11 4.876283e-12 2.178311e-11 fanout242
 2.857485e-12 1.450131e-11 4.325225e-12 2.168402e-11 fanout235
 2.881178e-12 1.383589e-11 4.876284e-12 2.159336e-11 fanout247
 2.895685e-12 1.344848e-11 4.876283e-12 2.122045e-11 fanout246
 2.873478e-12 1.342488e-11 4.876267e-12 2.117462e-11 fanout212
 2.862845e-12 1.390090e-11 4.325213e-12 2.108896e-11 fanout341
 2.992401e-12 1.343952e-11 4.647951e-12 2.107987e-11 fanout281
 2.883306e-12 1.320513e-11 4.876267e-12 2.096471e-11 fanout210
 2.895302e-12 1.314790e-11 4.876283e-12 2.091948e-11 fanout238
 2.901101e-12 1.367838e-11 4.325219e-12 2.090470e-11 fanout380
 2.894421e-12 1.361285e-11 4.325213e-12 2.083248e-11 fanout326
 2.876804e-12 1.298789e-11 4.876289e-12 2.074099e-11 fanout95
 2.896663e-12 1.286913e-11 4.876283e-12 2.064208e-11 fanout236
 2.974871e-12 1.333532e-11 4.325230e-12 2.063542e-11 fanout370
 3.572088e-12 1.338539e-11 3.659508e-12 2.061698e-11 fanout84
 2.873549e-12 1.284634e-11 4.876294e-12 2.059618e-11 fanout512
 3.682851e-12 1.299316e-11 3.659671e-12 2.033568e-11 fanout277
 2.912169e-12 1.304422e-11 4.325208e-12 2.028160e-11 fanout444
 2.875618e-12 1.252839e-11 4.876284e-12 2.028029e-11 fanout244
 2.899556e-12 1.292759e-11 4.325213e-12 2.015236e-11 fanout325
 3.632174e-12 1.278289e-11 3.659508e-12 2.007457e-11 fanout82
 2.887048e-12 1.219419e-11 4.876283e-12 1.995752e-11 fanout240
 2.886846e-12 1.209689e-11 4.876294e-12 1.986003e-11 fanout496
 2.986643e-12 1.217239e-11 4.647960e-12 1.980699e-11 fanout358
 2.891474e-12 1.243775e-11 4.325214e-12 1.965443e-11 fanout348
 2.868073e-12 1.237644e-11 4.325213e-12 1.956973e-11 fanout346
 2.891400e-12 1.224414e-11 4.325214e-12 1.946075e-11 fanout339
 1.757032e-12 1.301006e-11 4.325373e-12 1.909246e-11 fanout401
 2.892038e-12 1.127188e-11 4.876294e-12 1.904021e-11 fanout106
 1.613184e-12 1.264227e-11 4.647990e-12 1.890345e-11 fanout71
 2.906124e-12 1.130803e-11 4.325214e-12 1.853936e-11 fanout322
 2.882297e-12 1.132032e-11 4.325213e-12 1.852784e-11 fanout328
 1.838245e-11 0.000000e+00 9.556331e-14 1.847801e-11 clkload62
 1.836026e-11 0.000000e+00 9.556331e-14 1.845582e-11 clkload64
 1.835010e-11 0.000000e+00 9.556331e-14 1.844566e-11 clkload92
 1.833231e-11 0.000000e+00 9.556331e-14 1.842787e-11 clkload72
 1.830172e-11 0.000000e+00 9.556331e-14 1.839728e-11 clkload84
 2.886622e-12 1.058932e-11 4.876294e-12 1.835224e-11 fanout505
 2.882593e-12 1.108579e-11 4.325214e-12 1.829359e-11 fanout335
 1.815314e-11 0.000000e+00 9.556331e-14 1.824870e-11 clkload78
 2.906945e-12 1.099021e-11 4.325214e-12 1.822237e-11 fanout338
 1.706970e-12 1.209504e-11 4.325346e-12 1.812735e-11 fanout622
 2.898417e-12 1.086885e-11 4.325214e-12 1.809249e-11 fanout349
 3.569131e-12 1.050820e-11 3.659508e-12 1.773684e-11 fanout83
 1.754299e-11 0.000000e+00 9.556293e-14 1.763855e-11 clkload40
 1.697630e-11 0.000000e+00 9.556345e-14 1.707187e-11 clkload56
 1.616777e-12 1.072491e-11 4.647990e-12 1.698968e-11 fanout122
 2.933132e-12 1.039401e-11 3.659414e-12 1.698656e-11 fanout535
 1.611838e-12 1.070671e-11 4.647980e-12 1.696652e-11 fanout316
 1.707494e-12 1.091614e-11 4.325373e-12 1.694901e-11 fanout400
 1.711898e-12 1.080322e-11 4.325423e-12 1.684054e-11 fanout110
 1.722362e-12 9.961547e-12 4.876135e-12 1.656004e-11 fanout408
 1.780076e-12 1.003780e-11 4.325406e-12 1.614328e-11 fanout669
 1.584440e-11 0.000000e+00 9.556280e-14 1.593996e-11 clkload17
 1.130089e-12 7.838991e-12 6.865699e-12 1.583478e-11 fanout374
 2.323568e-12 9.827457e-12 3.659641e-12 1.581067e-11 fanout279
 2.337371e-12 9.672090e-12 3.659661e-12 1.566912e-11 fanout280
 1.716512e-12 9.554290e-12 4.325407e-12 1.559621e-11 fanout665
 1.721496e-12 8.998280e-12 4.876135e-12 1.559591e-11 fanout405
 1.717479e-12 9.433809e-12 4.325346e-12 1.547663e-11 fanout601
 1.133266e-12 7.445051e-12 6.865699e-12 1.544402e-11 fanout141
 1.735679e-12 8.806715e-12 4.876135e-12 1.541853e-11 fanout402
 2.323779e-12 9.427141e-12 3.659641e-12 1.541056e-11 fanout270
 9.821102e-13 1.065078e-11 3.659740e-12 1.529263e-11 fanout550
 1.123708e-12 6.628280e-12 7.514090e-12 1.526608e-11 fanout171
 2.315077e-12 9.245370e-12 3.659690e-12 1.522014e-11 fanout276
 1.616926e-12 8.927815e-12 4.647970e-12 1.519271e-11 fanout241
 1.723047e-12 9.137607e-12 4.325407e-12 1.518606e-11 fanout659
 1.718267e-12 9.085339e-12 4.325407e-12 1.512901e-11 fanout666
 1.623521e-12 9.829491e-12 3.659325e-12 1.511233e-11 fanout324
 1.718004e-12 8.504878e-12 4.876101e-12 1.509898e-11 fanout546
 1.728664e-12 9.015701e-12 4.325407e-12 1.506977e-11 fanout657
 1.126532e-12 7.066326e-12 6.865699e-12 1.505856e-11 fanout265
 1.611777e-12 9.783931e-12 3.659325e-12 1.505503e-11 fanout345
 1.722491e-12 8.419724e-12 4.876135e-12 1.501835e-11 fanout412
 2.170645e-12 1.157696e-11 1.181000e-12 1.492861e-11 fanout86
 2.343613e-12 8.887346e-12 3.659691e-12 1.489065e-11 fanout274
 1.733407e-12 8.796756e-12 4.325407e-12 1.485557e-11 fanout655
 1.716560e-12 8.800958e-12 4.325346e-12 1.484286e-11 fanout621
 1.618731e-12 8.294392e-12 4.647970e-12 1.456109e-11 fanout243
 1.722876e-12 8.510329e-12 4.325407e-12 1.455861e-11 fanout660
 1.725975e-12 8.462766e-12 4.325407e-12 1.451415e-11 fanout656
 2.309903e-12 8.507623e-12 3.659690e-12 1.447722e-11 fanout283
 1.636818e-12 8.057757e-12 4.647941e-12 1.434252e-11 fanout219
 1.723104e-12 8.284861e-12 4.325346e-12 1.433331e-11 fanout619
 2.303323e-12 8.319997e-12 3.659661e-12 1.428298e-11 fanout268
 1.649979e-12 7.950010e-12 4.647990e-12 1.424798e-11 fanout72
 1.665756e-12 7.859802e-12 4.647970e-12 1.417353e-11 fanout278
 1.118360e-12 6.135861e-12 6.865699e-12 1.411992e-11 fanout114
 1.621562e-12 7.685133e-12 4.647990e-12 1.395468e-11 fanout514
 1.629349e-12 8.644281e-12 3.659335e-12 1.393297e-11 fanout184
 9.928024e-13 9.177184e-12 3.659740e-12 1.382973e-11 fanout552
 1.730885e-12 7.742775e-12 4.325407e-12 1.379907e-11 fanout662
 1.732150e-12 7.684362e-12 4.325407e-12 1.374192e-11 fanout664
 1.733456e-12 6.847543e-12 4.876135e-12 1.345713e-11 fanout410
 1.626906e-12 8.166518e-12 3.659325e-12 1.345275e-11 fanout332
 1.119648e-12 5.466693e-12 6.865699e-12 1.345204e-11 fanout142
 1.272634e-11 0.000000e+00 6.409060e-13 1.336724e-11 clkload57
 1.268277e-11 0.000000e+00 6.409060e-13 1.332367e-11 clkload71
 1.268113e-11 0.000000e+00 6.409060e-13 1.332204e-11 clkload63
 1.267940e-11 0.000000e+00 6.409060e-13 1.332031e-11 clkload90
 1.267786e-11 0.000000e+00 6.409060e-13 1.331877e-11 clkload94
 1.129287e-12 4.652206e-12 7.514090e-12 1.329558e-11 fanout258
 1.659802e-12 6.847070e-12 4.647970e-12 1.315484e-11 fanout362
 1.620956e-12 6.793679e-12 4.647990e-12 1.306262e-11 fanout506
 1.222807e-11 0.000000e+00 6.408824e-13 1.286895e-11 clkload36
 1.619390e-12 7.562511e-12 3.659325e-12 1.284122e-11 fanout323
 1.213184e-11 0.000000e+00 6.408824e-13 1.277272e-11 clkload31
 1.619490e-12 6.978765e-12 3.659325e-12 1.225758e-11 fanout347
 1.629376e-12 6.949408e-12 3.659325e-12 1.223811e-11 wire108
 9.650474e-13 7.093434e-12 3.659562e-12 1.171804e-11 fanout565
 1.629734e-12 6.146329e-12 3.659325e-12 1.143539e-11 fanout331
 9.676724e-13 6.787185e-12 3.659562e-12 1.141442e-11 fanout652
 9.765277e-13 6.322104e-12 3.659562e-12 1.095819e-11 fanout578
 9.693938e-13 6.229451e-12 3.659562e-12 1.085841e-11 fanout606
 9.807192e-13 5.782261e-12 3.659562e-12 1.042254e-11 fanout576
 9.690078e-13 5.550600e-12 3.659562e-12 1.017917e-11 fanout598
 9.944354e-13 5.428495e-12 3.659661e-12 1.008259e-11 fanout284
 9.677584e-13 5.403703e-12 3.659562e-12 1.003102e-11 fanout607
 9.709604e-13 5.318127e-12 3.659562e-12 9.948650e-12 fanout625
 9.704742e-13 5.313649e-12 3.659562e-12 9.943685e-12 fanout643
 9.731360e-13 5.280233e-12 3.659562e-12 9.912932e-12 fanout592
 9.697196e-13 5.248001e-12 3.659671e-12 9.877391e-12 fanout104
 9.679655e-13 5.209819e-12 3.659562e-12 9.837346e-12 fanout647
 9.769733e-13 5.137130e-12 3.659562e-12 9.773665e-12 fanout616
 9.723933e-13 5.135829e-12 3.659671e-12 9.767893e-12 fanout667
 9.824826e-13 4.723851e-12 3.659562e-12 9.365895e-12 fanout573
 9.715488e-13 4.726008e-12 3.659562e-12 9.357118e-12 fanout634
 1.006435e-12 4.617998e-12 3.659651e-12 9.284084e-12 fanout360
 9.798823e-13 4.639299e-12 3.659562e-12 9.278744e-12 fanout632
 9.719180e-13 4.642448e-12 3.659562e-12 9.273927e-12 fanout575
 9.711758e-13 4.614645e-12 3.659562e-12 9.245382e-12 fanout593
 9.717313e-13 4.540261e-12 3.659562e-12 9.171554e-12 fanout617
 9.856003e-13 4.520902e-12 3.659562e-12 9.166064e-12 fanout636
 9.766504e-13 4.520473e-12 3.659562e-12 9.156684e-12 fanout587
 9.749577e-13 4.514214e-12 3.659562e-12 9.148734e-12 fanout623
 9.824289e-13 4.392629e-12 3.659562e-12 9.034620e-12 fanout649
 9.700012e-13 4.403530e-12 3.659562e-12 9.033094e-12 fanout648
 9.774501e-13 4.271072e-12 3.659562e-12 8.908084e-12 fanout582
 9.762188e-13 4.243854e-12 3.659562e-12 8.879635e-12 fanout595
 1.007329e-12 4.186580e-12 3.659612e-12 8.853520e-12 fanout364
 9.846509e-13 4.205171e-12 3.659562e-12 8.849385e-12 fanout602
 9.729020e-13 4.216545e-12 3.659562e-12 8.849008e-12 fanout614
 9.763886e-13 4.209064e-12 3.659562e-12 8.845014e-12 fanout646
 1.004669e-12 4.151020e-12 3.659671e-12 8.815360e-12 fanout354
 9.794521e-13 4.164384e-12 3.659562e-12 8.803398e-12 fanout571
 9.952901e-13 4.107219e-12 3.659651e-12 8.762160e-12 fanout353
 9.706152e-13 4.030352e-12 3.659562e-12 8.660529e-12 fanout651
 9.708793e-13 4.001047e-12 3.659562e-12 8.631488e-12 fanout562
 9.777417e-13 3.959404e-12 3.659562e-12 8.596708e-12 fanout586
 9.801307e-13 3.894607e-12 3.659592e-12 8.534329e-12 fanout356
 9.833447e-13 3.881807e-12 3.659562e-12 8.524714e-12 fanout612
 9.705375e-13 3.893460e-12 3.659562e-12 8.523559e-12 fanout640
 9.733092e-13 3.823244e-12 3.659562e-12 8.456115e-12 fanout574
 9.859672e-13 3.799473e-12 3.659562e-12 8.445002e-12 fanout579
 9.708076e-13 3.796269e-12 3.659562e-12 8.426639e-12 fanout603
 9.708048e-13 3.791796e-12 3.659562e-12 8.422162e-12 fanout605
 9.729891e-13 3.785089e-12 3.659562e-12 8.417640e-12 fanout610
 9.771666e-13 3.719471e-12 3.659671e-12 8.356309e-12 fanout658
 9.731169e-13 3.625040e-12 3.659562e-12 8.257718e-12 fanout566
 9.732828e-13 3.575366e-12 3.659562e-12 8.208210e-12 fanout580
 9.803374e-13 3.478912e-12 3.659562e-12 8.118811e-12 fanout628
 9.732724e-13 3.465206e-12 3.659562e-12 8.098040e-12 fanout577
 5.739403e-13 2.615970e-12 4.876300e-12 8.066210e-12 fanout555
 9.773923e-13 3.408314e-12 3.659562e-12 8.045268e-12 fanout584
 5.754603e-13 2.481042e-12 4.876300e-12 7.932803e-12 fanout558
 5.939050e-13 2.407632e-12 4.876300e-12 7.877837e-12 fanout560
 9.837382e-13 3.226158e-12 3.659562e-12 7.869459e-12 fanout589
 5.770423e-13 2.092384e-12 4.876300e-12 7.545726e-12 fanout559
 6.792690e-19 4.527739e-18 7.513969e-12 7.513975e-12 fanout762
 6.775321e-19 3.573293e-18 7.513969e-12 7.513974e-12 fanout756
 5.838197e-13 1.972453e-12 4.876300e-12 7.432573e-12 fanout161
 5.898846e-13 2.426785e-12 4.325208e-12 7.341878e-12 fanout163
 3.237045e-13 1.591030e-12 4.648000e-12 6.562735e-12 fanout561
 3.303482e-13 1.554681e-12 4.648000e-12 6.533029e-12 fanout271
 3.228581e-13 2.547484e-12 3.659315e-12 6.529657e-12 wire68
 3.253150e-13 1.467163e-12 4.648000e-12 6.440478e-12 fanout556
 3.314469e-13 1.343933e-12 4.648000e-12 6.323379e-12 fanout359
 5.915804e-13 3.741473e-12 1.181000e-12 5.514054e-12 _17132_
 3.288212e-13 1.483482e-12 3.659315e-12 5.471618e-12 max_cap317
 5.912620e-13 3.699314e-12 1.181000e-12 5.471576e-12 _17145_
 5.915642e-13 3.607828e-12 1.181000e-12 5.380392e-12 _17131_
 5.985599e-13 3.504154e-12 1.181000e-12 5.283714e-12 _17136_
 5.985810e-13 3.462458e-12 1.181000e-12 5.242039e-12 _17137_
 5.911602e-13 3.167459e-12 1.181000e-12 4.939620e-12 _17140_
 3.414161e-19 2.333770e-18 4.876190e-12 4.876192e-12 fanout782
 3.441441e-19 1.870045e-18 4.876190e-12 4.876192e-12 fanout768
 3.478904e-19 1.615958e-18 4.876190e-12 4.876192e-12 fanout788
 3.439035e-19 1.776099e-18 4.876190e-12 4.876192e-12 fanout792
 3.457652e-19 1.401576e-18 4.876190e-12 4.876191e-12 fanout770
 3.466680e-19 1.461114e-18 4.876190e-12 4.876191e-12 fanout774
 3.472082e-19 1.335098e-18 4.876190e-12 4.876191e-12 fanout775
 3.446304e-19 1.595331e-18 4.876190e-12 4.876191e-12 fanout789
 5.914931e-13 3.032129e-12 1.181000e-12 4.804622e-12 _17135_
 5.911159e-13 2.934589e-12 1.181000e-12 4.706706e-12 _17141_
 1.943132e-19 9.057533e-19 4.647802e-12 4.647803e-12 fanout771
 1.941749e-19 9.574970e-19 4.647802e-12 4.647803e-12 fanout773
 1.939110e-19 1.056699e-18 4.647802e-12 4.647803e-12 fanout776
 1.932257e-19 1.204886e-18 4.647802e-12 4.647803e-12 fanout781
 1.952088e-19 9.197987e-19 4.647802e-12 4.647803e-12 fanout786
 1.953470e-19 9.471632e-19 4.647802e-12 4.647803e-12 fanout791
 1.946606e-19 7.308136e-19 4.647802e-12 4.647803e-12 fanout765
 5.989802e-13 2.827315e-12 1.181000e-12 4.607295e-12 _17133_
 6.054932e-13 2.718657e-12 1.181000e-12 4.505150e-12 _17148_
 3.468234e-19 1.676964e-18 4.325310e-12 4.325312e-12 fanout750
 3.453545e-19 1.734381e-18 4.325310e-12 4.325312e-12 fanout751
 3.440047e-19 1.958217e-18 4.325310e-12 4.325312e-12 fanout753
 3.436737e-19 1.665825e-18 4.325310e-12 4.325312e-12 fanout758
 3.449262e-19 1.565925e-18 4.325310e-12 4.325312e-12 fanout747
 3.451276e-19 1.550028e-18 4.325310e-12 4.325312e-12 fanout754
 3.440030e-19 1.583895e-18 4.325310e-12 4.325312e-12 fanout760
 6.057890e-13 2.509548e-12 1.181000e-12 4.296338e-12 _17146_
 5.910973e-13 2.415154e-12 1.181000e-12 4.187251e-12 _17144_
 1.946355e-19 1.005790e-18 3.659498e-12 3.659499e-12 fanout752
 1.939458e-19 1.161671e-18 3.659498e-12 3.659499e-12 fanout755
 6.055544e-13 1.736140e-12 1.181000e-12 3.522694e-12 _17149_
 5.997277e-13 1.635916e-12 1.181000e-12 3.416643e-12 _17139_
 6.053887e-13 1.294750e-12 1.181000e-12 3.081139e-12 _17147_
 5.925342e-13 1.204100e-12 1.181000e-12 2.977634e-12 _17143_
 5.924294e-13 6.514583e-13 1.181000e-12 2.424888e-12 _17138_
 5.933788e-13 3.999990e-13 1.181000e-12 2.174378e-12 _17142_
 5.837617e-13 3.425741e-13 1.181000e-12 2.107336e-12 _17130_
 5.799174e-13 2.454724e-13 1.181000e-12 2.006390e-12 _17134_
 3.338944e-19 1.900274e-18 1.181000e-12 1.181002e-12 input5
 2.494045e-19 1.649269e-18 1.181000e-12 1.181002e-12 input3
 2.538075e-19 1.163865e-18 1.181000e-12 1.181001e-12 input2
 1.707256e-19 5.790888e-19 1.181000e-12 1.181001e-12 input6
 8.445307e-20 3.804916e-19 1.181000e-12 1.181000e-12 input7
