     Internal    Switching      Leakage        Total
        Power        Power        Power        Power (Watts)
----------------------------------------------------
 8.690834e-07 2.919162e-07 1.232310e-11 1.161012e-06 clkbuf_0_clk
 8.422734e-07 1.275435e-07 1.232310e-11 9.698292e-07 clkbuf_1_1__f_clk
 8.406664e-07 1.123250e-07 1.232310e-11 9.530037e-07 clkbuf_1_0__f_clk
 1.352613e-07 3.681687e-10 9.133667e-12 1.356387e-07 u_icg
 2.717865e-08 0.000000e+00 1.567550e-12 2.718022e-08 clkload0
 5.087031e-10 1.118184e-09 1.047979e-11 1.637367e-09 clkbuf_1_0__f_core_clk
 2.869645e-10 1.297790e-09 1.047937e-11 1.595234e-09 clkbuf_0_w_clk
 2.935878e-10 1.073095e-09 1.047939e-11 1.377162e-09 clkbuf_0_v_clk
 5.031196e-10 8.113281e-10 1.047979e-11 1.324928e-09 clkbuf_1_1__f_core_clk
 2.966549e-10 9.395160e-10 1.047938e-11 1.246650e-09 clkbuf_4_2__f_v_clk
 2.881694e-10 9.058850e-10 1.047937e-11 1.204534e-09 clkbuf_4_13__f_w_clk
 2.881185e-10 9.044807e-10 1.047937e-11 1.203079e-09 clkbuf_4_2__f_w_clk
 2.877741e-10 8.893043e-10 1.047937e-11 1.187558e-09 clkbuf_4_9__f_w_clk
 2.877431e-10 8.829730e-10 1.047937e-11 1.181196e-09 clkbuf_4_11__f_w_clk
 2.875549e-10 8.803213e-10 1.047937e-11 1.178356e-09 clkbuf_4_7__f_w_clk
 2.876042e-10 8.586478e-10 1.047937e-11 1.156731e-09 clkbuf_4_8__f_w_clk
 2.960754e-10 8.404354e-10 1.047938e-11 1.146990e-09 clkbuf_4_8__f_v_clk
 2.875094e-10 8.471457e-10 1.047937e-11 1.145135e-09 clkbuf_4_6__f_w_clk
 2.880069e-10 8.435905e-10 1.047937e-11 1.142077e-09 clkbuf_4_3__f_w_clk
 2.874889e-10 8.429412e-10 1.047937e-11 1.140910e-09 clkbuf_4_4__f_w_clk
 2.961753e-10 8.178349e-10 1.047938e-11 1.124490e-09 clkbuf_4_13__f_v_clk
 2.961226e-10 8.147382e-10 1.047938e-11 1.121340e-09 clkbuf_4_11__f_v_clk
 2.880007e-10 8.121471e-10 1.047937e-11 1.110627e-09 clkbuf_4_12__f_w_clk
 2.878924e-10 7.946958e-10 1.047937e-11 1.093068e-09 clkbuf_4_1__f_w_clk
 2.873804e-10 7.927540e-10 1.047937e-11 1.090614e-09 clkbuf_4_5__f_w_clk
 2.959897e-10 7.810336e-10 1.047938e-11 1.087503e-09 clkbuf_4_10__f_v_clk
 2.964631e-10 7.794340e-10 1.047938e-11 1.086376e-09 clkbuf_4_1__f_v_clk
 2.962562e-10 7.792765e-10 1.047938e-11 1.086012e-09 clkbuf_4_4__f_v_clk
 2.879003e-10 7.799339e-10 1.047937e-11 1.078314e-09 clkbuf_4_14__f_w_clk
 2.959487e-10 7.711700e-10 1.047938e-11 1.077598e-09 clkbuf_4_7__f_v_clk
 2.962666e-10 7.517827e-10 1.047938e-11 1.058529e-09 clkbuf_4_3__f_v_clk
 1.906141e-10 8.274447e-10 8.986156e-12 1.027045e-09 u_icg_v
 2.958050e-10 7.028116e-10 1.047938e-11 1.009096e-09 clkbuf_4_6__f_v_clk
 2.957667e-10 6.976358e-10 1.047938e-11 1.003882e-09 clkbuf_4_9__f_v_clk
 2.960262e-10 6.899958e-10 1.047938e-11 9.965014e-10 clkbuf_4_14__f_v_clk
 2.959787e-10 6.754365e-10 1.047938e-11 9.818946e-10 clkbuf_4_5__f_v_clk
 2.958195e-10 6.449045e-10 1.047938e-11 9.512033e-10 clkbuf_4_12__f_v_clk
 2.876304e-10 6.480572e-10 1.047937e-11 9.461670e-10 clkbuf_4_15__f_w_clk
 2.958538e-10 6.253353e-10 1.047938e-11 9.316685e-10 clkbuf_4_15__f_v_clk
 2.871902e-10 6.339295e-10 1.047937e-11 9.315990e-10 clkbuf_4_10__f_w_clk
 1.494559e-10 7.751306e-10 6.865803e-12 9.314522e-10 clkbuf_2_2_0_v_clk
 2.875225e-10 6.156786e-10 1.047937e-11 9.136804e-10 clkbuf_4_0__f_w_clk
 2.959525e-10 5.935670e-10 1.047938e-11 8.999989e-10 clkbuf_4_0__f_v_clk
 1.493875e-10 7.412096e-10 6.865803e-12 8.974629e-10 clkbuf_2_3_0_v_clk
 1.494228e-10 7.390944e-10 6.865803e-12 8.953830e-10 clkbuf_2_1_0_v_clk
 1.494124e-10 7.342764e-10 6.865803e-12 8.905546e-10 clkbuf_2_0_0_v_clk
 1.438674e-10 7.252766e-10 6.865800e-12 8.760098e-10 clkbuf_2_1_0_w_clk
 1.437895e-10 7.109664e-10 6.865800e-12 8.616216e-10 clkbuf_2_2_0_w_clk
 1.437818e-10 6.783165e-10 6.865800e-12 8.289641e-10 clkbuf_2_0_0_w_clk
 1.437185e-10 6.737070e-10 6.865800e-12 8.242912e-10 clkbuf_2_3_0_w_clk
 2.510020e-10 5.550091e-10 6.865874e-12 8.128770e-10 clkbuf_leaf_10_core_clk
 2.507609e-10 5.463921e-10 6.865874e-12 8.040189e-10 clkbuf_leaf_8_core_clk
 4.763814e-10 3.122908e-10 1.047979e-11 7.991520e-10 clkbuf_0_core_clk
 2.504012e-10 5.335193e-10 6.865874e-12 7.907864e-10 clkbuf_leaf_12_core_clk
 1.866002e-10 5.931092e-10 8.986162e-12 7.886956e-10 u_icg_w
 2.500742e-10 5.218199e-10 6.865874e-12 7.787600e-10 clkbuf_leaf_7_core_clk
 2.500173e-10 5.197151e-10 6.865874e-12 7.765983e-10 clkbuf_leaf_11_core_clk
 2.499423e-10 5.168672e-10 6.865874e-12 7.736754e-10 clkbuf_leaf_9_core_clk
 1.117118e-10 6.414552e-10 1.416696e-11 7.673339e-10 fanout1134
 2.487520e-10 4.742842e-10 6.865874e-12 7.299020e-10 clkbuf_leaf_6_core_clk
 1.108186e-10 6.037091e-10 1.416696e-11 7.286947e-10 fanout1130
 2.486382e-10 4.700167e-10 6.865874e-12 7.255208e-10 clkbuf_leaf_14_core_clk
 2.483580e-10 4.599901e-10 6.865874e-12 7.152139e-10 clkbuf_leaf_13_core_clk
 2.461481e-10 4.296666e-10 6.865874e-12 6.826806e-10 clkbuf_leaf_2_core_clk
 2.459325e-10 4.205542e-10 6.865874e-12 6.733525e-10 clkbuf_leaf_0_core_clk
 2.470286e-10 4.120988e-10 6.865874e-12 6.659933e-10 clkbuf_leaf_15_core_clk
 2.452577e-10 3.954057e-10 6.865874e-12 6.475293e-10 clkbuf_leaf_19_core_clk
 2.450705e-10 3.894245e-10 6.865874e-12 6.413609e-10 clkbuf_leaf_1_core_clk
 2.448796e-10 3.822232e-10 6.865874e-12 6.339687e-10 clkbuf_leaf_17_core_clk
 2.446789e-10 3.739409e-10 6.865874e-12 6.254858e-10 clkbuf_leaf_4_core_clk
 2.442658e-10 3.591982e-10 6.865874e-12 6.103298e-10 clkbuf_leaf_16_core_clk
 2.437786e-10 3.405125e-10 6.865874e-12 5.911569e-10 clkbuf_leaf_18_core_clk
 2.432676e-10 3.213142e-10 6.865874e-12 5.714477e-10 clkbuf_leaf_3_core_clk
 2.421415e-10 2.785641e-10 6.865874e-12 5.275715e-10 clkbuf_leaf_5_core_clk
 4.776987e-11 3.114909e-10 1.047917e-11 3.697400e-10 fanout192
 1.404261e-10 1.993424e-10 6.865800e-12 3.466342e-10 clkbuf_leaf_6_w_clk
 5.542560e-11 2.834122e-10 7.514022e-12 3.463518e-10 fanout1131
 1.402483e-10 1.914919e-10 6.865800e-12 3.386061e-10 clkbuf_leaf_1_w_clk
 5.506092e-11 2.708077e-10 6.865777e-12 3.327344e-10 fanout788
 1.399514e-10 1.804600e-10 6.865800e-12 3.272772e-10 clkbuf_leaf_112_w_clk
 1.398094e-10 1.733213e-10 6.865800e-12 3.199965e-10 clkbuf_leaf_4_w_clk
 1.397678e-10 1.724886e-10 6.865800e-12 3.191222e-10 clkbuf_leaf_198_w_clk
 1.397343e-10 1.708602e-10 6.865800e-12 3.174604e-10 clkbuf_leaf_2_w_clk
 1.397255e-10 1.706496e-10 6.865800e-12 3.172410e-10 clkbuf_leaf_3_w_clk
 1.446975e-10 1.646533e-10 6.865803e-12 3.162166e-10 clkbuf_leaf_107_v_clk
 1.395968e-10 1.651859e-10 6.865800e-12 3.116485e-10 clkbuf_leaf_0_w_clk
 1.395678e-10 1.643463e-10 6.865800e-12 3.107799e-10 clkbuf_leaf_200_w_clk
 5.761959e-11 2.438055e-10 7.513892e-12 3.089390e-10 fanout1157
 1.395202e-10 1.614729e-10 6.865800e-12 3.078589e-10 clkbuf_leaf_5_w_clk
 1.434901e-10 1.555778e-10 6.865803e-12 3.059337e-10 clkbuf_leaf_165_v_clk
 1.394435e-10 1.595542e-10 6.865800e-12 3.058635e-10 clkbuf_leaf_111_w_clk
 5.529244e-11 2.413801e-10 6.865777e-12 3.035383e-10 fanout780
 1.393671e-10 1.571460e-10 6.865800e-12 3.033790e-10 clkbuf_leaf_9_w_clk
 1.393795e-10 1.559971e-10 6.865800e-12 3.022425e-10 clkbuf_leaf_106_w_clk
 1.440641e-10 1.510271e-10 6.865803e-12 3.019570e-10 clkbuf_leaf_24_v_clk
 1.437766e-10 1.507557e-10 6.865803e-12 3.013981e-10 clkbuf_leaf_57_v_clk
 1.443051e-10 1.499721e-10 6.865803e-12 3.011430e-10 clkbuf_leaf_109_v_clk
 1.438125e-10 1.502426e-10 6.865803e-12 3.009208e-10 clkbuf_leaf_55_v_clk
 1.433456e-10 1.494552e-10 6.865803e-12 2.996666e-10 clkbuf_leaf_166_v_clk
 1.392996e-10 1.532174e-10 6.865800e-12 2.993828e-10 clkbuf_leaf_114_w_clk
 1.435791e-10 1.475469e-10 6.865803e-12 2.979919e-10 clkbuf_leaf_167_v_clk
 3.910250e-11 2.432786e-10 1.416697e-11 2.965481e-10 wire219
 1.442029e-10 1.454385e-10 6.865803e-12 2.965073e-10 clkbuf_leaf_98_v_clk
 1.392276e-10 1.497396e-10 6.865800e-12 2.958330e-10 clkbuf_leaf_32_w_clk
 1.435628e-10 1.446651e-10 6.865803e-12 2.950937e-10 clkbuf_leaf_67_v_clk
 1.392280e-10 1.489632e-10 6.865800e-12 2.950570e-10 clkbuf_leaf_30_w_clk
 1.391602e-10 1.479636e-10 6.865800e-12 2.939896e-10 clkbuf_leaf_7_w_clk
 1.436629e-10 1.433060e-10 6.865803e-12 2.938347e-10 clkbuf_leaf_63_v_clk
 1.435408e-10 1.432831e-10 6.865803e-12 2.936897e-10 clkbuf_leaf_151_v_clk
 3.809444e-11 2.425762e-10 1.047895e-11 2.911496e-10 fanout153
 1.391021e-10 1.445666e-10 6.865800e-12 2.905345e-10 clkbuf_leaf_105_w_clk
 1.390530e-10 1.426782e-10 6.865800e-12 2.885970e-10 clkbuf_leaf_109_w_clk
 1.431376e-10 1.365844e-10 6.865803e-12 2.865878e-10 clkbuf_leaf_180_v_clk
 1.439091e-10 1.357450e-10 6.865803e-12 2.865199e-10 clkbuf_leaf_150_v_clk
 1.430339e-10 1.365851e-10 6.865803e-12 2.864849e-10 clkbuf_leaf_170_v_clk
 1.433820e-10 1.350238e-10 6.865803e-12 2.852717e-10 clkbuf_leaf_73_v_clk
 1.434305e-10 1.348310e-10 6.865803e-12 2.851273e-10 clkbuf_leaf_71_v_clk
 1.432515e-10 1.349418e-10 6.865803e-12 2.850591e-10 clkbuf_leaf_159_v_clk
 1.389682e-10 1.391644e-10 6.865800e-12 2.849984e-10 clkbuf_leaf_117_w_clk
 1.438457e-10 1.318658e-10 6.865803e-12 2.825773e-10 clkbuf_leaf_106_v_clk
 1.439706e-10 1.311760e-10 6.865803e-12 2.820124e-10 clkbuf_leaf_76_v_clk
 1.431690e-10 1.316206e-10 6.865803e-12 2.816554e-10 clkbuf_leaf_64_v_clk
 1.392236e-10 1.355421e-10 6.865800e-12 2.816315e-10 clkbuf_leaf_191_w_clk
 1.388537e-10 1.357787e-10 6.865800e-12 2.814983e-10 clkbuf_leaf_8_w_clk
 1.398056e-10 1.344417e-10 6.865800e-12 2.811131e-10 clkbuf_leaf_190_w_clk
 1.435375e-10 1.305548e-10 6.865803e-12 2.809581e-10 clkbuf_leaf_21_v_clk
 1.388572e-10 1.348130e-10 6.865800e-12 2.805360e-10 clkbuf_leaf_29_w_clk
 1.434422e-10 1.295761e-10 6.865803e-12 2.798842e-10 clkbuf_leaf_143_v_clk
 3.880316e-11 2.303895e-10 1.047910e-11 2.796718e-10 fanout341
 1.434837e-10 1.290343e-10 6.865803e-12 2.793838e-10 clkbuf_leaf_135_v_clk
 1.388097e-10 1.332779e-10 6.865800e-12 2.789534e-10 clkbuf_leaf_102_w_clk
 1.388189e-10 1.331437e-10 6.865800e-12 2.788284e-10 clkbuf_leaf_110_w_clk
 1.437509e-10 1.278765e-10 6.865803e-12 2.784932e-10 clkbuf_leaf_96_v_clk
 1.434661e-10 1.280306e-10 6.865803e-12 2.783624e-10 clkbuf_leaf_9_v_clk
 1.396576e-10 1.316976e-10 6.865800e-12 2.782210e-10 clkbuf_leaf_50_w_clk
 1.387789e-10 1.324614e-10 6.865800e-12 2.781062e-10 clkbuf_leaf_94_w_clk
 1.389758e-10 1.316251e-10 6.865800e-12 2.774667e-10 clkbuf_leaf_158_w_clk
 1.436436e-10 1.264645e-10 6.865803e-12 2.769739e-10 clkbuf_leaf_46_v_clk
 1.434396e-10 1.264035e-10 6.865803e-12 2.767088e-10 clkbuf_leaf_201_v_clk
 1.433035e-10 1.261913e-10 6.865803e-12 2.763606e-10 clkbuf_leaf_123_v_clk
 1.431642e-10 1.257506e-10 6.865803e-12 2.757806e-10 clkbuf_leaf_52_v_clk
 1.432824e-10 1.255765e-10 6.865803e-12 2.757247e-10 clkbuf_leaf_111_v_clk
 1.436738e-10 1.249535e-10 6.865803e-12 2.754930e-10 clkbuf_leaf_105_v_clk
 1.433584e-10 1.250115e-10 6.865803e-12 2.752357e-10 clkbuf_leaf_130_v_clk
 1.436535e-10 1.245726e-10 6.865803e-12 2.750919e-10 clkbuf_leaf_101_v_clk
 1.386375e-10 1.293757e-10 6.865800e-12 2.748790e-10 clkbuf_leaf_37_w_clk
 1.437740e-10 1.238599e-10 6.865803e-12 2.744996e-10 clkbuf_leaf_79_v_clk
 1.390473e-10 1.281445e-10 6.865800e-12 2.740576e-10 clkbuf_leaf_186_w_clk
 1.386716e-10 1.283828e-10 6.865800e-12 2.739202e-10 clkbuf_leaf_33_w_clk
 1.428217e-10 1.236752e-10 6.865803e-12 2.733627e-10 clkbuf_leaf_182_v_clk
 1.432290e-10 1.231843e-10 6.865803e-12 2.732791e-10 clkbuf_leaf_51_v_clk
 1.395837e-10 1.264559e-10 6.865800e-12 2.729055e-10 clkbuf_leaf_199_w_clk
 1.435940e-10 1.221567e-10 6.865803e-12 2.726165e-10 clkbuf_leaf_103_v_clk
 1.435326e-10 1.219689e-10 6.865803e-12 2.723673e-10 clkbuf_leaf_44_v_clk
 1.387370e-10 1.262130e-10 6.865800e-12 2.718158e-10 clkbuf_leaf_31_w_clk
 1.436978e-10 1.209873e-10 6.865803e-12 2.715509e-10 clkbuf_leaf_78_v_clk
 3.895464e-11 2.183718e-10 1.416712e-11 2.714936e-10 fanout617
 1.430296e-10 1.212658e-10 6.865803e-12 2.711612e-10 clkbuf_leaf_74_v_clk
 1.430439e-10 1.206359e-10 6.865803e-12 2.705456e-10 clkbuf_leaf_53_v_clk
 1.431609e-10 1.205047e-10 6.865803e-12 2.705313e-10 clkbuf_leaf_121_v_clk
 1.385815e-10 1.242049e-10 6.865800e-12 2.696522e-10 clkbuf_leaf_104_w_clk
 1.432142e-10 1.195526e-10 6.865803e-12 2.696327e-10 clkbuf_leaf_145_v_clk
 1.431977e-10 1.191187e-10 6.865803e-12 2.691821e-10 clkbuf_leaf_14_v_clk
 1.394709e-10 1.222572e-10 6.865800e-12 2.685938e-10 clkbuf_leaf_188_w_clk
 1.432172e-10 1.181741e-10 6.865803e-12 2.682572e-10 clkbuf_leaf_26_v_clk
 1.385471e-10 1.221974e-10 6.865800e-12 2.676103e-10 clkbuf_leaf_107_w_clk
 1.435747e-10 1.166291e-10 6.865803e-12 2.670696e-10 clkbuf_leaf_83_v_clk
 1.433933e-10 1.167844e-10 6.865803e-12 2.670435e-10 clkbuf_leaf_45_v_clk
 1.434296e-10 1.165850e-10 6.865803e-12 2.668804e-10 clkbuf_leaf_114_v_clk
 1.426008e-10 1.173089e-10 6.865803e-12 2.667755e-10 clkbuf_leaf_175_v_clk
 1.430586e-10 1.167332e-10 6.865803e-12 2.666576e-10 clkbuf_leaf_126_v_clk
 1.432763e-10 1.164563e-10 6.865803e-12 2.665984e-10 clkbuf_leaf_183_v_clk
 1.432767e-10 1.164102e-10 6.865803e-12 2.665528e-10 clkbuf_leaf_187_v_clk
 1.430895e-10 1.163995e-10 6.865803e-12 2.663549e-10 clkbuf_leaf_48_v_clk
 1.428130e-10 1.166288e-10 6.865803e-12 2.663076e-10 clkbuf_leaf_56_v_clk
 1.431644e-10 1.160602e-10 6.865803e-12 2.660904e-10 clkbuf_leaf_8_v_clk
 1.433678e-10 1.154824e-10 6.865803e-12 2.657161e-10 clkbuf_leaf_36_v_clk
 1.433493e-10 1.151406e-10 6.865803e-12 2.653557e-10 clkbuf_leaf_40_v_clk
 1.385739e-10 1.198762e-10 6.865800e-12 2.653159e-10 clkbuf_leaf_137_w_clk
 1.430760e-10 1.152310e-10 6.865803e-12 2.651728e-10 clkbuf_leaf_147_v_clk
 1.428807e-10 1.153790e-10 6.865803e-12 2.651254e-10 clkbuf_leaf_72_v_clk
 1.431304e-10 1.150126e-10 6.865803e-12 2.650088e-10 clkbuf_leaf_22_v_clk
 1.430213e-10 1.150880e-10 6.865803e-12 2.649751e-10 clkbuf_leaf_120_v_clk
 1.431426e-10 1.146306e-10 6.865803e-12 2.646390e-10 clkbuf_leaf_4_v_clk
 1.425240e-10 1.152074e-10 6.865803e-12 2.645973e-10 clkbuf_leaf_172_v_clk
 1.429787e-10 1.147378e-10 6.865803e-12 2.645823e-10 clkbuf_leaf_49_v_clk
 1.430036e-10 1.146154e-10 6.865803e-12 2.644848e-10 clkbuf_leaf_112_v_clk
 1.425908e-10 1.149436e-10 6.865803e-12 2.644003e-10 clkbuf_leaf_178_v_clk
 1.430760e-10 1.141335e-10 6.865803e-12 2.640753e-10 clkbuf_leaf_128_v_clk
 1.428194e-10 1.141896e-10 6.865803e-12 2.638748e-10 clkbuf_leaf_154_v_clk
 1.430766e-10 1.138610e-10 6.865803e-12 2.638033e-10 clkbuf_leaf_17_v_clk
 1.434799e-10 1.132407e-10 6.865803e-12 2.635864e-10 clkbuf_leaf_84_v_clk
 1.427815e-10 1.138873e-10 6.865803e-12 2.635346e-10 clkbuf_leaf_157_v_clk
 1.434886e-10 1.130521e-10 6.865803e-12 2.634065e-10 clkbuf_leaf_77_v_clk
 1.430296e-10 1.123873e-10 6.865803e-12 2.622826e-10 clkbuf_leaf_25_v_clk
 1.429916e-10 1.120697e-10 6.865803e-12 2.619271e-10 clkbuf_leaf_134_v_clk
 1.387904e-10 1.159948e-10 6.865800e-12 2.616510e-10 clkbuf_leaf_87_w_clk
 1.426305e-10 1.115972e-10 6.865803e-12 2.610935e-10 clkbuf_leaf_158_v_clk
 1.429301e-10 1.110411e-10 6.865803e-12 2.608370e-10 clkbuf_leaf_5_v_clk
 1.427295e-10 1.102818e-10 6.865803e-12 2.598771e-10 clkbuf_leaf_119_v_clk
 1.422573e-10 1.102382e-10 6.865803e-12 2.593613e-10 clkbuf_leaf_173_v_clk
 1.425289e-10 1.094438e-10 6.865803e-12 2.588385e-10 clkbuf_leaf_69_v_clk
 1.424432e-10 1.094777e-10 6.865803e-12 2.587867e-10 clkbuf_leaf_66_v_clk
 1.382860e-10 1.135936e-10 6.865800e-12 2.587455e-10 clkbuf_leaf_34_w_clk
 1.385191e-10 1.133315e-10 6.865800e-12 2.587164e-10 clkbuf_leaf_167_w_clk
 1.422265e-10 1.095105e-10 6.865803e-12 2.586029e-10 clkbuf_leaf_176_v_clk
 1.385186e-10 1.130349e-10 6.865800e-12 2.584194e-10 clkbuf_leaf_163_w_clk
 2.340159e-11 2.281118e-10 6.865751e-12 2.583792e-10 max_cap161
 1.430793e-10 1.083820e-10 6.865803e-12 2.583271e-10 clkbuf_leaf_86_v_clk
 1.427309e-10 1.086955e-10 6.865803e-12 2.582921e-10 clkbuf_leaf_6_v_clk
 1.391025e-10 1.122595e-10 6.865800e-12 2.582278e-10 clkbuf_leaf_97_w_clk
 1.428838e-10 1.081947e-10 6.865803e-12 2.579443e-10 clkbuf_leaf_41_v_clk
 1.391186e-10 1.112751e-10 6.865800e-12 2.572595e-10 clkbuf_leaf_45_w_clk
 1.426445e-10 1.077456e-10 6.865803e-12 2.572560e-10 clkbuf_leaf_20_v_clk
 1.421197e-10 1.081721e-10 6.865803e-12 2.571576e-10 clkbuf_leaf_177_v_clk
 1.423409e-10 1.076589e-10 6.865803e-12 2.568657e-10 clkbuf_leaf_155_v_clk
 1.422720e-10 1.076118e-10 6.865803e-12 2.567496e-10 clkbuf_leaf_65_v_clk
 1.428399e-10 1.070267e-10 6.865803e-12 2.567324e-10 clkbuf_leaf_102_v_clk
 1.425764e-10 1.072318e-10 6.865803e-12 2.566740e-10 clkbuf_leaf_18_v_clk
 1.386146e-10 1.111554e-10 6.865800e-12 2.566358e-10 clkbuf_leaf_183_w_clk
 1.422696e-10 1.070887e-10 6.865803e-12 2.562242e-10 clkbuf_leaf_68_v_clk
 1.425458e-10 1.068026e-10 6.865803e-12 2.562142e-10 clkbuf_leaf_16_v_clk
 1.384594e-10 1.106667e-10 6.865800e-12 2.559919e-10 clkbuf_leaf_165_w_clk
 1.422438e-10 1.062819e-10 6.865803e-12 2.553915e-10 clkbuf_leaf_153_v_clk
 1.423928e-10 1.060903e-10 6.865803e-12 2.553489e-10 clkbuf_leaf_122_v_clk
 1.424685e-10 1.058452e-10 6.865803e-12 2.551795e-10 clkbuf_leaf_132_v_clk
 1.427453e-10 1.054007e-10 6.865803e-12 2.550118e-10 clkbuf_leaf_28_v_clk
 1.419117e-10 1.061012e-10 6.865803e-12 2.548787e-10 clkbuf_leaf_163_v_clk
 1.384023e-10 1.094266e-10 6.865800e-12 2.546947e-10 clkbuf_leaf_161_w_clk
 1.423810e-10 1.053480e-10 6.865803e-12 2.545948e-10 clkbuf_leaf_144_v_clk
 1.381332e-10 1.090703e-10 6.865800e-12 2.540693e-10 clkbuf_leaf_43_w_clk
 1.423848e-10 1.047597e-10 6.865803e-12 2.540103e-10 clkbuf_leaf_23_v_clk
 1.389433e-10 1.081720e-10 6.865800e-12 2.539812e-10 clkbuf_leaf_52_w_clk
 1.423482e-10 1.047524e-10 6.865803e-12 2.539664e-10 clkbuf_leaf_13_v_clk
 1.426387e-10 1.042501e-10 6.865803e-12 2.537546e-10 clkbuf_leaf_31_v_clk
 1.425365e-10 1.041252e-10 6.865803e-12 2.535274e-10 clkbuf_leaf_47_v_clk
 1.418103e-10 1.048379e-10 6.865803e-12 2.535140e-10 clkbuf_leaf_171_v_clk
 1.423346e-10 1.041097e-10 6.865803e-12 2.533100e-10 clkbuf_leaf_10_v_clk
 1.425453e-10 1.038162e-10 6.865803e-12 2.532272e-10 clkbuf_leaf_108_v_clk
 1.384168e-10 1.075939e-10 6.865800e-12 2.528765e-10 clkbuf_leaf_182_w_clk
 1.420509e-10 1.038864e-10 6.865803e-12 2.528031e-10 clkbuf_leaf_70_v_clk
 1.382697e-10 1.075928e-10 6.865800e-12 2.527283e-10 clkbuf_leaf_162_w_clk
 1.384001e-10 1.069369e-10 6.865800e-12 2.522028e-10 clkbuf_leaf_88_w_clk
 1.387831e-10 1.062020e-10 6.865800e-12 2.518510e-10 clkbuf_leaf_46_w_clk
 1.422062e-10 1.026524e-10 6.865803e-12 2.517245e-10 clkbuf_leaf_133_v_clk
 1.381804e-10 1.064956e-10 6.865800e-12 2.515419e-10 clkbuf_leaf_15_w_clk
 1.421562e-10 1.023567e-10 6.865803e-12 2.513788e-10 clkbuf_leaf_11_v_clk
 1.423658e-10 1.018391e-10 6.865803e-12 2.510707e-10 clkbuf_leaf_140_v_clk
 1.425529e-10 1.014249e-10 6.865803e-12 2.508436e-10 clkbuf_leaf_95_v_clk
 1.424189e-10 1.015459e-10 6.865803e-12 2.508307e-10 clkbuf_leaf_33_v_clk
 1.418046e-10 1.021583e-10 6.865803e-12 2.508287e-10 clkbuf_leaf_161_v_clk
 1.424700e-10 1.012848e-10 6.865803e-12 2.506206e-10 clkbuf_leaf_82_v_clk
 1.418892e-10 1.017458e-10 6.865803e-12 2.505008e-10 clkbuf_leaf_59_v_clk
 1.423109e-10 1.012479e-10 6.865803e-12 2.504246e-10 clkbuf_leaf_137_v_clk
 3.787835e-11 1.981092e-10 1.416664e-11 2.501542e-10 fanout163
 1.424900e-10 1.006700e-10 6.865803e-12 2.500258e-10 clkbuf_leaf_92_v_clk
 1.378223e-10 1.052796e-10 6.865800e-12 2.499677e-10 clkbuf_leaf_42_w_clk
 1.423461e-10 1.006982e-10 6.865803e-12 2.499101e-10 clkbuf_leaf_27_v_clk
 1.414889e-10 1.007573e-10 6.865803e-12 2.491120e-10 clkbuf_leaf_174_v_clk
 1.378745e-10 1.042995e-10 6.865800e-12 2.490399e-10 clkbuf_leaf_133_w_clk
 1.420119e-10 1.000860e-10 6.865803e-12 2.489637e-10 clkbuf_leaf_202_v_clk
 1.386041e-10 1.033413e-10 6.865800e-12 2.488113e-10 clkbuf_leaf_195_w_clk
 1.419309e-10 9.994553e-11 6.865803e-12 2.487422e-10 clkbuf_leaf_142_v_clk
 1.419606e-10 9.990772e-11 6.865803e-12 2.487341e-10 clkbuf_leaf_131_v_clk
 1.418521e-10 9.969022e-11 6.865803e-12 2.484082e-10 clkbuf_leaf_125_v_clk
 1.385057e-10 1.030109e-10 6.865800e-12 2.483823e-10 clkbuf_leaf_48_w_clk
 1.421839e-10 9.910404e-11 6.865803e-12 2.481538e-10 clkbuf_leaf_37_v_clk
 1.379267e-10 1.033207e-10 6.865800e-12 2.481133e-10 clkbuf_leaf_164_w_clk
 1.423181e-10 9.868215e-11 6.865803e-12 2.478661e-10 clkbuf_leaf_93_v_clk
 1.413895e-10 9.955574e-11 6.865803e-12 2.478111e-10 clkbuf_leaf_164_v_clk
 1.418404e-10 9.870753e-11 6.865803e-12 2.474138e-10 clkbuf_leaf_146_v_clk
 1.422714e-10 9.811336e-11 6.865803e-12 2.472506e-10 clkbuf_leaf_91_v_clk
 1.418336e-10 9.828428e-11 6.865803e-12 2.469837e-10 clkbuf_leaf_15_v_clk
 1.379129e-10 1.017222e-10 6.865800e-12 2.465009e-10 clkbuf_leaf_179_w_clk
 1.384095e-10 1.011796e-10 6.865800e-12 2.464549e-10 clkbuf_leaf_193_w_clk
 1.376382e-10 1.014951e-10 6.865800e-12 2.459992e-10 clkbuf_leaf_55_w_clk
 1.416547e-10 9.730401e-11 6.865803e-12 2.458245e-10 clkbuf_leaf_127_v_clk
 1.413469e-10 9.651736e-11 6.865803e-12 2.447300e-10 clkbuf_leaf_160_v_clk
 1.418663e-10 9.596855e-11 6.865803e-12 2.447007e-10 clkbuf_leaf_139_v_clk
 1.421054e-10 9.569266e-11 6.865803e-12 2.446639e-10 clkbuf_leaf_196_v_clk
 1.417426e-10 9.586210e-11 6.865803e-12 2.444705e-10 clkbuf_leaf_181_v_clk
 1.418394e-10 9.571505e-11 6.865803e-12 2.444202e-10 clkbuf_leaf_43_v_clk
 1.377788e-10 9.943292e-11 6.865800e-12 2.440775e-10 clkbuf_leaf_78_w_clk
 1.419681e-10 9.462050e-11 6.865803e-12 2.434545e-10 clkbuf_leaf_97_v_clk
 1.375280e-10 9.867844e-11 6.865800e-12 2.430723e-10 clkbuf_leaf_159_w_clk
 1.411102e-10 9.489129e-11 6.865803e-12 2.428673e-10 clkbuf_leaf_179_v_clk
 4.769626e-11 1.844477e-10 1.047935e-11 2.426233e-10 fanout1645
 1.374833e-10 9.817144e-11 6.865800e-12 2.425205e-10 clkbuf_leaf_160_w_clk
 1.415931e-10 9.405193e-11 6.865803e-12 2.425108e-10 clkbuf_leaf_188_v_clk
 1.411740e-10 9.440483e-11 6.865803e-12 2.424446e-10 clkbuf_leaf_162_v_clk
 1.413964e-10 9.417298e-11 6.865803e-12 2.424352e-10 clkbuf_leaf_117_v_clk
 4.752529e-11 1.802825e-10 1.416672e-11 2.419745e-10 fanout984
 1.414323e-10 9.366861e-11 6.865803e-12 2.419668e-10 clkbuf_leaf_129_v_clk
 1.374259e-10 9.748549e-11 6.865800e-12 2.417772e-10 clkbuf_leaf_168_w_clk
 1.414542e-10 9.336884e-11 6.865803e-12 2.416888e-10 clkbuf_leaf_1_v_clk
 1.416301e-10 9.282703e-11 6.865803e-12 2.413229e-10 clkbuf_leaf_99_v_clk
 1.414569e-10 9.244149e-11 6.865803e-12 2.407642e-10 clkbuf_leaf_185_v_clk
 1.411143e-10 9.272801e-11 6.865803e-12 2.407081e-10 clkbuf_leaf_156_v_clk
 1.378654e-10 9.597247e-11 6.865800e-12 2.407037e-10 clkbuf_leaf_89_w_clk
 1.375142e-10 9.627088e-11 6.865800e-12 2.406509e-10 clkbuf_leaf_86_w_clk
 1.372482e-10 9.638720e-11 6.865800e-12 2.405012e-10 clkbuf_leaf_142_w_clk
 1.415813e-10 9.198316e-11 6.865803e-12 2.404303e-10 clkbuf_leaf_38_v_clk
 1.374347e-10 9.582159e-11 6.865800e-12 2.401221e-10 clkbuf_leaf_187_w_clk
 1.411603e-10 9.130953e-11 6.865803e-12 2.393356e-10 clkbuf_leaf_110_v_clk
 1.411470e-10 9.119266e-11 6.865803e-12 2.392055e-10 clkbuf_leaf_124_v_clk
 1.415644e-10 9.063771e-11 6.865803e-12 2.390680e-10 clkbuf_leaf_75_v_clk
 1.373917e-10 9.476458e-11 6.865800e-12 2.390221e-10 clkbuf_leaf_81_w_clk
 1.410553e-10 9.084437e-11 6.865803e-12 2.387655e-10 clkbuf_leaf_54_v_clk
 1.409819e-10 9.059821e-11 6.865803e-12 2.384460e-10 clkbuf_leaf_60_v_clk
 1.413800e-10 8.994609e-11 6.865803e-12 2.381919e-10 clkbuf_leaf_115_v_clk
 1.373315e-10 9.399329e-11 6.865800e-12 2.381906e-10 clkbuf_leaf_92_w_clk
 1.370626e-10 9.419921e-11 6.865800e-12 2.381276e-10 clkbuf_leaf_141_w_clk
 1.412513e-10 9.000271e-11 6.865803e-12 2.381198e-10 clkbuf_leaf_199_v_clk
 1.411571e-10 9.009550e-11 6.865803e-12 2.381184e-10 clkbuf_leaf_136_v_clk
 1.369343e-10 9.253146e-11 6.865800e-12 2.363316e-10 clkbuf_leaf_138_w_clk
 1.413515e-10 8.740447e-11 6.865803e-12 2.356218e-10 clkbuf_leaf_89_v_clk
 1.371333e-10 9.156655e-11 6.865800e-12 2.355657e-10 clkbuf_leaf_83_w_clk
 1.374165e-10 9.028895e-11 6.865800e-12 2.345713e-10 clkbuf_leaf_66_w_clk
 1.367498e-10 9.053314e-11 6.865800e-12 2.341488e-10 clkbuf_leaf_134_w_clk
 1.411776e-10 8.610482e-11 6.865803e-12 2.341482e-10 clkbuf_leaf_87_v_clk
 2.927194e-11 1.906632e-10 1.416657e-11 2.341017e-10 fanout316
 1.368371e-10 9.027879e-11 6.865800e-12 2.339817e-10 clkbuf_leaf_169_w_clk
 1.404409e-10 8.659841e-11 6.865803e-12 2.339051e-10 clkbuf_leaf_191_v_clk
 1.367266e-10 9.019879e-11 6.865800e-12 2.337912e-10 clkbuf_leaf_58_w_clk
 1.409544e-10 8.520469e-11 6.865803e-12 2.330248e-10 clkbuf_leaf_148_v_clk
 1.407304e-10 8.469277e-11 6.865803e-12 2.322890e-10 clkbuf_leaf_2_v_clk
 1.409409e-10 8.417923e-11 6.865803e-12 2.319859e-10 clkbuf_leaf_34_v_clk
 1.366251e-10 8.774715e-11 6.865800e-12 2.312380e-10 clkbuf_leaf_176_w_clk
 1.364991e-10 8.760993e-11 6.865800e-12 2.309748e-10 clkbuf_leaf_54_w_clk
 3.377404e-11 1.902359e-10 6.865751e-12 2.308757e-10 hold22
 1.406147e-10 8.333152e-11 6.865803e-12 2.308120e-10 clkbuf_leaf_3_v_clk
 2.237777e-10 0.000000e+00 6.865874e-12 2.306436e-10 clkload9
 1.407916e-10 8.246789e-11 6.865803e-12 2.301253e-10 clkbuf_leaf_29_v_clk
 1.405486e-10 8.269382e-11 6.865803e-12 2.301082e-10 clkbuf_leaf_12_v_clk
 1.405145e-10 8.265168e-11 6.865803e-12 2.300320e-10 clkbuf_leaf_19_v_clk
 1.400781e-10 8.210593e-11 6.865803e-12 2.290498e-10 clkbuf_leaf_169_v_clk
 1.405399e-10 8.153451e-11 6.865803e-12 2.289402e-10 clkbuf_leaf_189_v_clk
 1.408475e-10 8.117735e-11 6.865803e-12 2.288906e-10 clkbuf_leaf_206_v_clk
 1.370008e-10 8.470526e-11 6.865800e-12 2.285719e-10 clkbuf_leaf_192_w_clk
 1.369784e-10 8.445510e-11 6.865800e-12 2.282993e-10 clkbuf_leaf_194_w_clk
 1.362794e-10 8.464143e-11 6.865800e-12 2.277867e-10 clkbuf_leaf_147_w_clk
 1.404491e-10 8.045414e-11 6.865803e-12 2.277690e-10 clkbuf_leaf_194_v_clk
 1.368173e-10 8.362734e-11 6.865800e-12 2.273104e-10 clkbuf_leaf_96_w_clk
 1.404753e-10 7.963278e-11 6.865803e-12 2.269739e-10 clkbuf_leaf_42_v_clk
 1.363991e-10 8.320457e-11 6.865800e-12 2.264694e-10 clkbuf_leaf_146_w_clk
 1.405627e-10 7.782961e-11 6.865803e-12 2.252581e-10 clkbuf_leaf_193_v_clk
 1.402886e-10 7.727362e-11 6.865803e-12 2.244280e-10 clkbuf_leaf_149_v_clk
 1.362302e-10 8.129317e-11 6.865800e-12 2.243892e-10 clkbuf_leaf_181_w_clk
 1.360078e-10 8.130240e-11 6.865800e-12 2.241760e-10 clkbuf_leaf_136_w_clk
 4.888792e-11 1.608946e-10 1.416690e-11 2.239495e-10 fanout669
 1.362070e-10 8.058815e-11 6.865800e-12 2.236609e-10 clkbuf_leaf_84_w_clk
 1.359117e-10 8.019083e-11 6.865800e-12 2.229683e-10 clkbuf_leaf_57_w_clk
 1.403424e-10 7.565849e-11 6.865803e-12 2.228667e-10 clkbuf_leaf_90_v_clk
 1.361124e-10 7.987238e-11 6.865800e-12 2.228506e-10 clkbuf_leaf_184_w_clk
 1.358934e-10 7.991594e-11 6.865800e-12 2.226751e-10 clkbuf_leaf_145_w_clk
 1.399556e-10 7.552779e-11 6.865803e-12 2.223492e-10 clkbuf_leaf_7_v_clk
 1.399541e-10 7.455389e-11 6.865803e-12 2.213738e-10 clkbuf_leaf_186_v_clk
 1.363722e-10 7.802328e-11 6.865800e-12 2.212613e-10 clkbuf_leaf_40_w_clk
 1.399240e-10 7.421553e-11 6.865803e-12 2.210053e-10 clkbuf_leaf_198_v_clk
 1.399196e-10 7.416024e-11 6.865803e-12 2.209456e-10 clkbuf_leaf_184_v_clk
 1.356811e-10 7.780961e-11 6.865800e-12 2.203565e-10 clkbuf_leaf_70_w_clk
 1.356454e-10 7.693299e-11 6.865800e-12 2.194442e-10 clkbuf_leaf_135_w_clk
 1.400551e-10 7.236713e-11 6.865803e-12 2.192881e-10 clkbuf_leaf_100_v_clk
 1.400500e-10 7.191182e-11 6.865803e-12 2.188277e-10 clkbuf_leaf_205_v_clk
 1.356063e-10 7.630740e-11 6.865800e-12 2.187795e-10 clkbuf_leaf_148_w_clk
 1.355982e-10 7.620365e-11 6.865800e-12 2.186677e-10 clkbuf_leaf_139_w_clk
 1.360984e-10 7.522107e-11 6.865800e-12 2.181852e-10 clkbuf_leaf_90_w_clk
 2.905971e-11 1.745944e-10 1.416679e-11 2.178209e-10 fanout231
 2.803647e-11 1.844213e-10 4.876234e-12 2.173340e-10 fanout772
 3.853035e-11 1.671864e-10 1.047910e-11 2.161959e-10 fanout599
 2.806293e-11 1.800978e-10 7.513980e-12 2.156747e-10 max_cap199
 4.818875e-11 1.562603e-10 1.047924e-11 2.149283e-10 max_cap676
 1.395159e-10 6.827132e-11 6.865803e-12 2.146530e-10 clkbuf_leaf_138_v_clk
 1.352437e-10 7.221946e-11 6.865800e-12 2.143290e-10 clkbuf_leaf_62_w_clk
 1.358237e-10 7.162453e-11 6.865800e-12 2.143141e-10 clkbuf_leaf_51_w_clk
 1.396909e-10 6.768763e-11 6.865803e-12 2.142444e-10 clkbuf_leaf_197_v_clk
 1.394771e-10 6.776180e-11 6.865803e-12 2.141047e-10 clkbuf_leaf_141_v_clk
 1.396681e-10 6.746991e-11 6.865803e-12 2.140038e-10 clkbuf_leaf_204_v_clk
 2.941634e-11 1.698737e-10 1.416657e-11 2.134566e-10 fanout460
 1.394712e-10 6.697012e-11 6.865803e-12 2.133071e-10 clkbuf_leaf_30_v_clk
 1.392385e-10 6.606068e-11 6.865803e-12 2.121650e-10 clkbuf_leaf_190_v_clk
 1.356023e-10 6.933536e-11 6.865800e-12 2.118034e-10 clkbuf_leaf_98_w_clk
 1.394491e-10 6.491257e-11 6.865803e-12 2.112275e-10 clkbuf_leaf_195_v_clk
 1.352285e-10 6.911684e-11 6.865800e-12 2.112111e-10 clkbuf_leaf_156_w_clk
 1.391855e-10 6.375103e-11 6.865803e-12 2.098023e-10 clkbuf_leaf_32_v_clk
 1.353357e-10 6.629529e-11 6.865800e-12 2.084967e-10 clkbuf_leaf_103_w_clk
 1.347760e-10 6.620926e-11 6.865800e-12 2.078511e-10 clkbuf_leaf_61_w_clk
 2.947114e-11 1.668400e-10 1.047906e-11 2.067902e-10 fanout157
 1.390578e-10 6.071382e-11 6.865803e-12 2.066374e-10 clkbuf_leaf_88_v_clk
 1.346352e-10 6.459258e-11 6.865800e-12 2.060936e-10 clkbuf_leaf_56_w_clk
 1.346681e-10 6.371338e-11 6.865800e-12 2.052472e-10 clkbuf_leaf_13_w_clk
 1.346176e-10 6.325304e-11 6.865800e-12 2.047364e-10 clkbuf_leaf_131_w_clk
 1.388919e-10 5.846160e-11 6.865803e-12 2.042193e-10 clkbuf_leaf_203_v_clk
 1.386833e-10 5.782062e-11 6.865803e-12 2.033698e-10 clkbuf_leaf_39_v_clk
 1.346174e-10 6.176979e-11 6.865800e-12 2.032530e-10 clkbuf_leaf_149_w_clk
 1.345762e-10 6.089251e-11 6.865800e-12 2.023345e-10 clkbuf_leaf_91_w_clk
 2.914869e-11 1.616337e-10 1.047895e-11 2.012613e-10 fanout214
 1.386508e-10 5.570091e-11 6.865803e-12 2.012175e-10 clkbuf_leaf_0_v_clk
 3.815637e-11 1.486406e-10 1.416705e-11 2.009641e-10 wire737
 2.338220e-11 1.694526e-10 6.865738e-12 1.997005e-10 max_cap167
 1.342022e-10 5.815266e-11 6.865800e-12 1.992207e-10 clkbuf_leaf_175_w_clk
 2.918504e-11 1.650744e-10 4.325377e-12 1.985848e-10 fanout1146
 2.905226e-11 1.589496e-10 1.047906e-11 1.984809e-10 fanout195
 2.894541e-11 1.553257e-10 1.416705e-11 1.984381e-10 fanout292
 1.342113e-10 5.677259e-11 6.865800e-12 1.978497e-10 clkbuf_leaf_155_w_clk
 1.340933e-10 5.590120e-11 6.865800e-12 1.968603e-10 clkbuf_leaf_76_w_clk
 1.340584e-10 5.550531e-11 6.865800e-12 1.964295e-10 clkbuf_leaf_77_w_clk
 1.339748e-10 5.529023e-11 6.865800e-12 1.961308e-10 clkbuf_leaf_12_w_clk
 2.919936e-11 1.620412e-10 4.325376e-12 1.955659e-10 fanout1143
 2.803806e-11 1.621217e-10 4.876234e-12 1.950360e-10 fanout810
 2.815154e-11 1.611012e-10 4.876234e-12 1.941289e-10 fanout784
 2.923288e-11 1.539719e-10 1.047913e-11 1.936839e-10 fanout337
 2.926273e-11 1.600649e-10 4.325376e-12 1.936531e-10 fanout1202
 3.798779e-11 1.451587e-10 1.047921e-11 1.936257e-10 fanout1650
 3.855819e-11 1.408956e-10 1.416709e-11 1.936209e-10 fanout660
 1.338348e-10 5.288448e-11 6.865800e-12 1.935851e-10 clkbuf_leaf_122_w_clk
 3.936632e-11 1.436970e-10 1.047902e-11 1.935423e-10 fanout1080
 2.796037e-11 1.602368e-10 4.876234e-12 1.930734e-10 fanout796
 1.337890e-10 5.175792e-11 6.865800e-12 1.924127e-10 clkbuf_leaf_157_w_clk
 1.337106e-10 5.130278e-11 6.865800e-12 1.918792e-10 clkbuf_leaf_75_w_clk
 1.337080e-10 5.128402e-11 6.865800e-12 1.918578e-10 clkbuf_leaf_119_w_clk
 1.336451e-10 4.994667e-11 6.865800e-12 1.904576e-10 clkbuf_leaf_152_w_clk
 1.336364e-10 4.989538e-11 6.865800e-12 1.903975e-10 clkbuf_leaf_150_w_clk
 1.333070e-10 4.831344e-11 6.865800e-12 1.884863e-10 clkbuf_leaf_23_w_clk
 2.803049e-11 1.553303e-10 4.876234e-12 1.882370e-10 fanout794
 1.332362e-10 4.778835e-11 6.865800e-12 1.878903e-10 clkbuf_leaf_72_w_clk
 2.922950e-11 1.540501e-10 4.325376e-12 1.876050e-10 fanout1137
 2.792481e-11 1.514323e-10 7.513993e-12 1.868711e-10 fanout156
 3.837297e-11 1.337219e-10 1.416712e-11 1.862620e-10 max_cap407
 2.805241e-11 1.529790e-10 4.876234e-12 1.859077e-10 fanout791
 1.330883e-10 4.561574e-11 6.865800e-12 1.855698e-10 clkbuf_leaf_22_w_clk
 2.807100e-11 1.520216e-10 4.876234e-12 1.849688e-10 fanout786
 2.944787e-11 1.447245e-10 1.047921e-11 1.846516e-10 fanout1632
 2.829508e-11 1.507624e-10 4.876234e-12 1.839337e-10 fanout768
 2.948561e-11 1.434629e-10 1.047924e-11 1.834277e-10 fanout370
 1.328796e-10 4.355431e-11 6.865800e-12 1.832997e-10 clkbuf_leaf_21_w_clk
 2.949809e-11 1.480817e-10 4.325376e-12 1.819052e-10 fanout1179
 2.878895e-11 1.410937e-10 1.047913e-11 1.803618e-10 fanout691
 2.927454e-11 1.466163e-10 4.325376e-12 1.802162e-10 fanout1172
 2.928748e-11 1.418982e-10 4.325376e-12 1.755111e-10 fanout1190
 1.324074e-10 3.542189e-11 6.865800e-12 1.746951e-10 clkbuf_leaf_121_w_clk
 2.837232e-11 1.407054e-10 4.876234e-12 1.739540e-10 fanout797
 2.811347e-11 1.404802e-10 4.876234e-12 1.734699e-10 fanout815
 3.833234e-11 1.234146e-10 1.047935e-11 1.722263e-10 wire577
 2.814005e-11 1.388447e-10 4.876234e-12 1.718610e-10 fanout762
 2.931366e-11 1.380700e-10 4.325376e-12 1.717090e-10 fanout1160
 2.954533e-11 1.377158e-10 4.325376e-12 1.715865e-10 fanout1156
 2.847776e-11 1.346489e-10 4.876234e-12 1.680029e-10 fanout758
 2.933303e-11 1.340090e-10 4.325376e-12 1.676674e-10 fanout1174
 1.318245e-10 2.881345e-11 6.865800e-12 1.675037e-10 clkbuf_leaf_120_w_clk
 2.807823e-11 1.340192e-10 4.876234e-12 1.669736e-10 fanout769
 1.316574e-10 2.793832e-11 6.865800e-12 1.664616e-10 clkbuf_leaf_172_w_clk
 2.937746e-11 1.316677e-10 4.325376e-12 1.653705e-10 fanout1168
 2.809497e-11 1.306402e-10 4.876234e-12 1.636114e-10 fanout766
 7.776719e-12 1.505731e-10 4.330614e-12 1.626805e-10 _15714_
 2.949032e-11 1.217425e-10 1.047880e-11 1.617116e-10 fanout592
 2.828897e-11 1.266471e-10 4.876234e-12 1.598123e-10 fanout792
 2.941401e-11 1.255019e-10 4.325377e-12 1.592413e-10 fanout1192
 2.835825e-11 1.260050e-10 4.876234e-12 1.592395e-10 fanout817
 2.843424e-11 1.254761e-10 4.876234e-12 1.587866e-10 fanout774
 2.946040e-11 1.248282e-10 4.325376e-12 1.586140e-10 fanout1166
 2.946950e-11 1.246716e-10 4.325377e-12 1.584664e-10 fanout1140
 2.825024e-11 1.248130e-10 4.876234e-12 1.579395e-10 fanout809
 2.943120e-11 1.238300e-10 4.325376e-12 1.575866e-10 fanout1196
 2.961286e-11 1.230666e-10 4.325376e-12 1.570049e-10 fanout1155
 2.946104e-11 1.226235e-10 4.325376e-12 1.564099e-10 fanout1145
 2.839292e-11 1.231163e-10 4.876234e-12 1.563854e-10 fanout760
 2.967156e-11 1.209163e-10 4.325377e-12 1.549132e-10 fanout1135
 2.940605e-11 1.112979e-10 1.416734e-11 1.548713e-10 wire591
 2.963035e-11 1.203972e-10 4.325376e-12 1.543529e-10 fanout1159
 2.948787e-11 1.200491e-10 4.325377e-12 1.538623e-10 fanout1138
 2.840875e-11 1.203257e-10 4.876234e-12 1.536107e-10 fanout761
 2.833008e-11 1.189751e-10 4.876234e-12 1.521814e-10 fanout785
 2.834068e-11 1.178598e-10 4.876234e-12 1.510767e-10 fanout789
 2.952380e-11 1.170986e-10 4.325377e-12 1.509477e-10 fanout1201
 2.935943e-11 1.165830e-10 4.325376e-12 1.502678e-10 fanout1182
 2.841778e-11 1.162556e-10 4.876234e-12 1.495496e-10 fanout813
 2.832859e-11 1.161948e-10 4.876234e-12 1.493996e-10 fanout759
 2.965226e-11 1.154195e-10 4.325376e-12 1.493971e-10 fanout1158
 2.860249e-11 1.156476e-10 4.876234e-12 1.491263e-10 fanout782
 2.852682e-11 1.152525e-10 4.876234e-12 1.486555e-10 fanout777
 2.022527e-11 1.177847e-10 1.047895e-11 1.484889e-10 fanout334
 2.979952e-11 1.138879e-10 4.325376e-12 1.480128e-10 fanout1181
 2.844814e-11 1.140249e-10 4.876234e-12 1.473493e-10 fanout801
 2.854422e-11 1.138170e-10 4.876234e-12 1.472375e-10 fanout764
 2.951921e-11 1.127893e-10 4.325377e-12 1.466338e-10 fanout1139
 2.831649e-11 1.130115e-10 4.876234e-12 1.462042e-10 fanout783
 2.866045e-11 1.122793e-10 4.876234e-12 1.458160e-10 fanout799
 2.847570e-11 1.123296e-10 4.876234e-12 1.456815e-10 fanout757
 2.945694e-11 1.117899e-10 4.325376e-12 1.455722e-10 fanout1183
 2.979699e-11 1.045528e-10 1.047935e-11 1.448292e-10 max_cap656
 2.424868e-11 1.132078e-10 6.865797e-12 1.443222e-10 hold199
 2.037824e-11 1.131870e-10 1.047906e-11 1.440443e-10 fanout229
 2.043164e-11 1.083865e-10 1.416712e-11 1.429853e-10 fanout393
 2.891032e-11 9.990328e-11 1.416701e-11 1.429806e-10 fanout1030
 2.966864e-11 1.082496e-10 4.325377e-12 1.422436e-10 fanout1189
 1.349898e-10 0.000000e+00 6.865803e-12 1.418556e-10 clkload145
 1.348641e-10 0.000000e+00 6.865803e-12 1.417299e-10 clkload147
 1.348114e-10 0.000000e+00 6.865803e-12 1.416772e-10 clkload314
 1.346922e-10 0.000000e+00 6.865803e-12 1.415580e-10 clkload205
 1.346725e-10 0.000000e+00 6.865803e-12 1.415383e-10 clkload210
 1.346037e-10 0.000000e+00 6.865803e-12 1.414695e-10 clkload274
 1.345559e-10 0.000000e+00 6.865803e-12 1.414217e-10 clkload151
 1.345556e-10 0.000000e+00 6.865803e-12 1.414214e-10 clkload313
 1.345511e-10 0.000000e+00 6.865803e-12 1.414169e-10 clkload184
 1.345339e-10 0.000000e+00 6.865803e-12 1.413997e-10 clkload243
 1.345076e-10 0.000000e+00 6.865803e-12 1.413734e-10 clkload311
 1.344816e-10 0.000000e+00 6.865803e-12 1.413474e-10 clkload310
 1.344754e-10 0.000000e+00 6.865803e-12 1.413412e-10 clkload279
 1.344748e-10 0.000000e+00 6.865803e-12 1.413406e-10 clkload271
 1.344734e-10 0.000000e+00 6.865803e-12 1.413392e-10 clkload312
 1.344140e-10 0.000000e+00 6.865803e-12 1.412798e-10 clkload258
 1.344000e-10 0.000000e+00 6.865803e-12 1.412658e-10 clkload269
 1.343447e-10 0.000000e+00 6.865803e-12 1.412105e-10 clkload280
 1.343442e-10 0.000000e+00 6.865803e-12 1.412100e-10 clkload264
 1.343440e-10 0.000000e+00 6.865803e-12 1.412098e-10 clkload267
 1.343437e-10 0.000000e+00 6.865803e-12 1.412095e-10 clkload261
 1.343430e-10 0.000000e+00 6.865803e-12 1.412088e-10 clkload156
 1.343391e-10 0.000000e+00 6.865803e-12 1.412049e-10 clkload169
 1.343363e-10 0.000000e+00 6.865803e-12 1.412021e-10 clkload172
 1.343307e-10 0.000000e+00 6.865803e-12 1.411965e-10 clkload259
 1.343229e-10 0.000000e+00 6.865803e-12 1.411887e-10 clkload277
 1.953075e-11 1.141314e-10 7.514051e-12 1.411762e-10 fanout618
 1.343075e-10 0.000000e+00 6.865803e-12 1.411733e-10 clkload177
 1.343050e-10 0.000000e+00 6.865803e-12 1.411708e-10 clkload250
 1.342974e-10 0.000000e+00 6.865803e-12 1.411632e-10 clkload295
 1.342815e-10 0.000000e+00 6.865803e-12 1.411473e-10 clkload199
 1.342770e-10 0.000000e+00 6.865803e-12 1.411428e-10 clkload285
 1.342603e-10 0.000000e+00 6.865803e-12 1.411261e-10 clkload237
 1.342506e-10 0.000000e+00 6.865803e-12 1.411164e-10 clkload167
 1.342271e-10 0.000000e+00 6.865803e-12 1.410929e-10 clkload284
 1.342211e-10 0.000000e+00 6.865803e-12 1.410869e-10 clkload296
 1.342207e-10 0.000000e+00 6.865803e-12 1.410865e-10 clkload288
 1.333169e-10 0.000000e+00 6.865803e-12 1.401827e-10 clkload143
 2.848304e-11 1.063460e-10 4.876234e-12 1.397053e-10 fanout800
 2.069958e-11 1.081238e-10 1.047902e-11 1.393024e-10 max_cap349
 2.034743e-11 1.083703e-10 1.047906e-11 1.391968e-10 fanout162
 2.020112e-11 1.079605e-10 1.047906e-11 1.386407e-10 fanout411
 1.903811e-11 1.119260e-10 6.865725e-12 1.378299e-10 max_cap160
 1.308759e-10 0.000000e+00 6.865800e-12 1.377417e-10 clkload69
 1.308755e-10 0.000000e+00 6.865800e-12 1.377413e-10 clkload70
 1.308132e-10 0.000000e+00 6.865800e-12 1.376790e-10 clkload55
 1.308055e-10 0.000000e+00 6.865800e-12 1.376713e-10 clkload71
 1.307832e-10 0.000000e+00 6.865800e-12 1.376490e-10 clkload57
 1.307536e-10 0.000000e+00 6.865800e-12 1.376194e-10 clkload68
 1.307263e-10 0.000000e+00 6.865800e-12 1.375921e-10 clkload56
 1.306773e-10 0.000000e+00 6.865800e-12 1.375431e-10 clkload72
 1.306359e-10 0.000000e+00 6.865800e-12 1.375017e-10 clkload129
 1.305937e-10 0.000000e+00 6.865800e-12 1.374595e-10 clkload79
 1.305525e-10 0.000000e+00 6.865800e-12 1.374183e-10 clkload82
 1.305369e-10 0.000000e+00 6.865800e-12 1.374027e-10 clkload77
 1.304303e-10 0.000000e+00 6.865800e-12 1.372961e-10 clkload75
 1.304077e-10 0.000000e+00 6.865800e-12 1.372735e-10 clkload78
 1.303880e-10 0.000000e+00 6.865800e-12 1.372538e-10 clkload80
 1.302693e-10 0.000000e+00 6.865800e-12 1.371351e-10 clkload74
 1.302439e-10 0.000000e+00 6.865800e-12 1.371097e-10 clkload130
 1.301866e-10 0.000000e+00 6.865800e-12 1.370524e-10 clkload36
 1.301412e-10 0.000000e+00 6.865800e-12 1.370070e-10 clkload43
 1.300815e-10 0.000000e+00 6.865800e-12 1.369473e-10 clkload87
 2.422925e-11 1.048384e-10 6.865797e-12 1.359335e-10 fanout1644
 2.024087e-11 1.043463e-10 1.047906e-11 1.350662e-10 fanout668
 2.027446e-11 1.043117e-10 1.047898e-11 1.350651e-10 fanout198
 2.021420e-11 1.039357e-10 1.047913e-11 1.346290e-10 fanout359
 1.940390e-11 1.073652e-10 7.514064e-12 1.342832e-10 hold75
 2.928615e-11 9.394799e-11 1.047921e-11 1.337133e-10 fanout1628
 1.632928e-11 1.022932e-10 1.416583e-11 1.327883e-10 hold33
 2.012365e-11 9.844975e-11 1.416698e-11 1.327404e-10 fanout405
 1.962250e-11 1.056841e-10 6.865771e-12 1.321724e-10 hold40
 2.017110e-11 1.007680e-10 1.047902e-11 1.314181e-10 fanout519
 2.853667e-11 9.722086e-11 4.876234e-12 1.306338e-10 fanout773
 2.023802e-11 9.970955e-11 1.047895e-11 1.304265e-10 fanout525
 2.029582e-11 9.836020e-11 1.047898e-11 1.291350e-10 fanout200
 1.908555e-11 1.019229e-10 6.865738e-12 1.278742e-10 fanout196
 5.471570e-12 1.183259e-10 1.895289e-12 1.256928e-10 _15755_
 2.027389e-11 8.968827e-11 1.416664e-11 1.241288e-10 fanout1073
 2.022062e-11 8.734948e-11 1.416657e-11 1.217367e-10 fanout453
 2.093007e-11 8.996962e-11 1.047924e-11 1.213789e-10 hold74
 1.912973e-11 9.497719e-11 6.865738e-12 1.209727e-10 max_cap377
 2.090636e-11 8.561467e-11 1.416690e-11 1.206879e-10 fanout1211
 1.151941e-10 0.000000e+00 4.876151e-12 1.200702e-10 clkload15
 2.037645e-11 8.457028e-11 1.416698e-11 1.191137e-10 fanout401
 1.448869e-11 9.773654e-11 6.865758e-12 1.190910e-10 max_cap600
 9.952545e-12 1.017013e-10 6.865732e-12 1.185196e-10 max_cap383
 1.931037e-11 9.218699e-11 6.865738e-12 1.183631e-10 hold11
 1.076492e-11 1.003349e-10 4.325418e-12 1.154252e-10 hold400
 1.464075e-11 9.239301e-11 7.513980e-12 1.145477e-10 max_cap221
 1.903151e-11 8.781512e-11 7.514037e-12 1.143607e-10 fanout680
 1.931896e-11 8.596332e-11 6.865738e-12 1.121480e-10 max_cap408
 1.463531e-11 8.993143e-11 6.865777e-12 1.114325e-10 max_cap151
 2.037724e-11 7.940656e-11 1.047895e-11 1.102627e-10 fanout1095
 2.024308e-11 7.546896e-11 1.416664e-11 1.098787e-10 fanout1071
 1.449446e-11 8.846709e-11 6.865725e-12 1.098273e-10 max_cap188
 1.450195e-11 8.770175e-11 6.865758e-12 1.090695e-10 fanout458
 1.290508e-11 8.794428e-11 7.513863e-12 1.083632e-10 hold1300
 1.951919e-11 7.955762e-11 7.513967e-12 1.065908e-10 fanout1054
 1.460344e-11 8.489526e-11 6.865712e-12 1.063644e-10 fanout589
 1.149647e-11 7.872988e-11 1.416712e-11 1.043935e-10 fanout548
 1.282543e-11 8.208727e-11 7.513876e-12 1.024266e-10 hold1064
 2.067668e-11 7.063493e-11 1.047924e-11 1.017909e-10 max_cap1659
 1.943398e-11 7.514799e-11 6.865738e-12 1.014477e-10 fanout1087
 1.240574e-11 7.861065e-11 7.513798e-12 9.853018e-11 fanout612
 1.652806e-11 7.740504e-11 3.659617e-12 9.759272e-11 fanout1148
 1.460618e-11 7.465702e-11 7.514038e-12 9.677724e-11 fanout529
 1.124419e-11 8.120340e-11 4.325429e-12 9.677302e-11 hold1533
 1.654002e-11 7.403728e-11 3.659616e-12 9.423691e-11 fanout1169
 8.975148e-11 0.000000e+00 4.331382e-12 9.408286e-11 clkload5
 1.658921e-11 7.313371e-11 3.659617e-12 9.338254e-11 fanout1141
 8.880337e-11 0.000000e+00 4.331382e-12 9.313476e-11 clkload7
 1.451489e-11 7.072925e-11 7.514032e-12 9.275818e-11 fanout1029
 8.826601e-11 0.000000e+00 4.331382e-12 9.259739e-11 clkload10
 4.220665e-12 8.561045e-11 1.895199e-12 9.172631e-11 _16098_
 1.656331e-11 7.031933e-11 3.659616e-12 9.054225e-11 fanout1197
 1.653162e-11 6.756799e-11 3.659616e-12 8.775922e-11 fanout1175
 1.467122e-11 6.455297e-11 7.514037e-12 8.673823e-11 fanout683
 1.595436e-11 6.527364e-11 4.647881e-12 8.587588e-11 fanout790
 1.051257e-11 6.844487e-11 6.865764e-12 8.582321e-11 hold113
 1.121124e-11 6.387368e-11 1.047887e-11 8.556379e-11 fanout523
 1.148823e-11 5.951461e-11 1.416720e-11 8.517003e-11 fanout947
 1.120575e-11 6.313951e-11 1.047898e-11 8.482425e-11 fanout227
 8.153553e-12 6.789549e-11 7.513876e-12 8.356292e-11 hold298
 1.475044e-11 6.182248e-11 6.865771e-12 8.343869e-11 fanout1634
 1.134780e-11 5.676500e-11 1.416731e-11 8.228011e-11 fanout887
 1.598549e-11 6.108530e-11 4.647881e-12 8.171867e-11 fanout814
 2.029391e-11 4.964248e-11 1.047917e-11 8.041556e-11 fanout1591
 1.015811e-11 6.129785e-11 6.865764e-12 7.832172e-11 fanout1626
 1.125358e-11 5.456976e-11 1.047880e-11 7.630214e-11 fanout225
 1.593510e-11 5.482047e-11 4.647881e-12 7.540345e-11 fanout793
 1.013330e-11 5.729823e-11 7.513967e-12 7.494550e-11 fanout1074
 1.010358e-11 5.764806e-11 6.865712e-12 7.461735e-11 fanout666
 6.953528e-11 0.000000e+00 4.876212e-12 7.441149e-11 clkload148
 6.951769e-11 0.000000e+00 4.876212e-12 7.439390e-11 clkload149
 6.950236e-11 0.000000e+00 4.876212e-12 7.437857e-11 clkload308
 6.949343e-11 0.000000e+00 4.876212e-12 7.436964e-11 clkload146
 6.947983e-11 0.000000e+00 4.876212e-12 7.435604e-11 clkload150
 6.940733e-11 0.000000e+00 4.876212e-12 7.428354e-11 clkload309
 6.940073e-11 0.000000e+00 4.876212e-12 7.427694e-11 clkload211
 6.939371e-11 0.000000e+00 4.876212e-12 7.426992e-11 clkload161
 6.939351e-11 0.000000e+00 4.876212e-12 7.426972e-11 clkload204
 6.938983e-11 0.000000e+00 4.876212e-12 7.426604e-11 clkload209
 6.937894e-11 0.000000e+00 4.876212e-12 7.425515e-11 clkload207
 6.936313e-11 0.000000e+00 4.876212e-12 7.423934e-11 clkload281
 6.935324e-11 0.000000e+00 4.876212e-12 7.422945e-11 clkload173
 6.935033e-11 0.000000e+00 4.876212e-12 7.422654e-11 clkload154
 6.934688e-11 0.000000e+00 4.876212e-12 7.422309e-11 clkload276
 6.934402e-11 0.000000e+00 4.876212e-12 7.422023e-11 clkload248
 6.934393e-11 0.000000e+00 4.876212e-12 7.422014e-11 clkload214
 6.934196e-11 0.000000e+00 4.876212e-12 7.421817e-11 clkload180
 6.934030e-11 0.000000e+00 4.876212e-12 7.421651e-11 clkload272
 6.933092e-11 0.000000e+00 4.876212e-12 7.420713e-11 clkload268
 6.932571e-11 0.000000e+00 4.876212e-12 7.420192e-11 clkload278
 6.931970e-11 0.000000e+00 4.876212e-12 7.419591e-11 clkload263
 6.931937e-11 0.000000e+00 4.876212e-12 7.419558e-11 clkload160
 6.931485e-11 0.000000e+00 4.876212e-12 7.419106e-11 clkload157
 6.931249e-11 0.000000e+00 4.876212e-12 7.418870e-11 clkload257
 6.930986e-11 0.000000e+00 4.876212e-12 7.418607e-11 clkload275
 6.929884e-11 0.000000e+00 4.876212e-12 7.417505e-11 clkload247
 6.928088e-11 0.000000e+00 4.876212e-12 7.415709e-11 clkload230
 6.926694e-11 0.000000e+00 4.876212e-12 7.414315e-11 clkload227
 6.926582e-11 0.000000e+00 4.876212e-12 7.414203e-11 clkload165
 6.925176e-11 0.000000e+00 4.876212e-12 7.412797e-11 clkload164
 6.923582e-11 0.000000e+00 4.876212e-12 7.411203e-11 clkload303
 1.015019e-11 5.650464e-11 6.865725e-12 7.352055e-11 max_cap518
 1.005710e-11 5.628247e-11 6.865745e-12 7.320532e-11 max_cap190
 1.127388e-11 4.753373e-11 1.416720e-11 7.297481e-11 fanout946
 1.668750e-11 5.210862e-11 3.659617e-12 7.245574e-11 fanout1165
 6.747590e-11 0.000000e+00 4.876214e-12 7.235212e-11 clkload93
 6.746038e-11 0.000000e+00 4.876214e-12 7.233660e-11 clkload95
 6.745222e-11 0.000000e+00 4.876214e-12 7.232844e-11 clkload73
 6.734679e-11 0.000000e+00 4.876214e-12 7.222301e-11 clkload94
 6.733978e-11 0.000000e+00 4.876214e-12 7.221600e-11 clkload106
 6.732302e-11 0.000000e+00 4.876214e-12 7.219924e-11 clkload83
 6.727692e-11 0.000000e+00 4.876214e-12 7.215314e-11 clkload124
 6.727239e-11 0.000000e+00 4.876214e-12 7.214861e-11 clkload81
 6.724887e-11 0.000000e+00 4.876214e-12 7.212509e-11 clkload104
 6.721573e-11 0.000000e+00 4.876214e-12 7.209195e-11 clkload125
 1.119854e-11 5.037236e-11 1.047891e-11 7.204980e-11 fanout1026
 3.493052e-12 6.654598e-11 1.895821e-12 7.193485e-11 _19188_
 8.726160e-12 5.826426e-11 4.325401e-12 7.131582e-11 hold533
 1.123850e-11 4.852855e-11 1.047887e-11 7.024592e-11 fanout574
 1.012705e-11 5.235172e-11 7.513967e-12 6.999273e-11 fanout1072
 1.137780e-11 4.753616e-11 1.047965e-11 6.939360e-11 max_cap1063
 1.014782e-11 5.223154e-11 6.865764e-12 6.924512e-11 fanout1585
 1.167033e-11 4.682166e-11 1.047884e-11 6.897084e-11 hold28
 8.905016e-12 5.552661e-11 4.325429e-12 6.875706e-11 hold1439
 1.120926e-11 4.672084e-11 1.047895e-11 6.840904e-11 fanout575
 8.954146e-12 5.385544e-11 4.325401e-12 6.713499e-11 hold1003
 1.012744e-11 4.893618e-11 7.514025e-12 6.657764e-11 fanout1221
 1.015802e-11 4.845002e-11 6.865764e-12 6.547380e-11 fanout1625
 3.397094e-12 5.531397e-11 6.341332e-12 6.505239e-11 _15822_
 8.960390e-12 5.076052e-11 4.325439e-12 6.404635e-11 hold372
 6.524985e-12 5.194814e-11 4.325390e-12 6.279851e-11 hold3609
 1.137040e-11 3.713424e-11 1.416716e-11 6.267180e-11 fanout1110
 1.019221e-11 4.473457e-11 7.514025e-12 6.244081e-11 fanout1234
 1.136825e-11 3.667868e-11 1.416716e-11 6.221409e-11 fanout1111
 1.003089e-11 4.247383e-11 7.514025e-12 6.001875e-11 fanout1230
 1.015844e-11 4.212978e-11 6.865738e-12 5.915396e-11 fanout570
 1.014182e-11 4.209555e-11 6.865764e-12 5.910313e-11 fanout1606
 1.028140e-11 4.117380e-11 7.514025e-12 5.896923e-11 fanout1240
 7.957858e-12 4.345159e-11 6.865991e-12 5.827545e-11 fanout608
 8.665143e-12 4.528338e-11 4.325418e-12 5.827393e-11 hold984
 1.021919e-11 4.074784e-11 6.865764e-12 5.783280e-11 fanout1575
 5.344389e-11 0.000000e+00 4.330819e-12 5.777471e-11 clkload134
 5.329324e-11 0.000000e+00 4.330819e-12 5.762407e-11 clkload135
 5.269817e-11 0.000000e+00 4.330819e-12 5.702899e-11 clkload144
 1.021935e-11 3.974019e-11 6.865764e-12 5.682531e-11 fanout1622
 5.231026e-11 0.000000e+00 4.330794e-12 5.664105e-11 clkload51
 5.224795e-11 0.000000e+00 4.330794e-12 5.657874e-11 clkload21
 5.207339e-11 0.000000e+00 4.330794e-12 5.640419e-11 clkload52
 5.198355e-11 0.000000e+00 4.330794e-12 5.631434e-11 clkload44
 5.191889e-11 0.000000e+00 4.330794e-12 5.624968e-11 clkload46
 5.113630e-11 0.000000e+00 4.330794e-12 5.546709e-11 clkload19
 1.025248e-11 3.763032e-11 7.514025e-12 5.539682e-11 fanout1238
 1.025960e-11 3.826127e-11 6.865764e-12 5.538664e-11 fanout1598
 1.021547e-11 3.829836e-11 6.865764e-12 5.537960e-11 fanout1558
 1.019545e-11 3.817309e-11 6.865764e-12 5.523430e-11 fanout1607
 1.021685e-11 3.810978e-11 6.865764e-12 5.519239e-11 fanout1623
 7.926387e-12 3.958502e-11 6.865991e-12 5.437739e-11 fanout606
 1.022743e-11 3.641005e-11 7.514025e-12 5.415150e-11 fanout1228
 7.855328e-12 3.877856e-11 7.513863e-12 5.414775e-11 fanout957
 1.003067e-11 3.579797e-11 7.514025e-12 5.334266e-11 fanout1223
 7.893652e-12 3.731812e-11 7.513798e-12 5.272557e-11 fanout609
 5.596010e-12 4.010896e-11 6.865712e-12 5.257068e-11 max_cap576
 1.024031e-11 3.537731e-11 6.865764e-12 5.248338e-11 fanout1569
 1.021932e-11 3.537462e-11 6.865764e-12 5.245971e-11 fanout1557
 1.022860e-11 3.473870e-11 6.865764e-12 5.183307e-11 fanout1608
 1.016705e-11 3.458910e-11 6.865764e-12 5.162192e-11 fanout1583
 7.904575e-12 3.666038e-11 6.865965e-12 5.143092e-11 fanout1269
 6.312395e-12 4.072363e-11 4.325379e-12 5.136141e-11 hold452
 7.893144e-12 3.640320e-11 6.865965e-12 5.116231e-11 fanout1260
 1.036991e-11 3.362978e-11 6.865764e-12 5.086545e-11 fanout1572
 7.940031e-12 3.523981e-11 7.513824e-12 5.069367e-11 fanout1549
 1.030227e-11 3.294363e-11 6.865764e-12 5.011167e-11 fanout1604
 6.566193e-12 3.916514e-11 4.325390e-12 5.005673e-11 hold907
 1.026208e-11 3.274932e-11 6.865764e-12 4.987716e-11 fanout1619
 5.581010e-12 3.574902e-11 6.865738e-12 4.819577e-11 fanout724
 7.884421e-12 3.275107e-11 7.513863e-12 4.814935e-11 fanout950
 6.823080e-12 3.744214e-11 3.659315e-12 4.792453e-11 max_cap67
 7.917154e-12 3.221912e-11 7.513824e-12 4.765010e-11 fanout1518
 7.892146e-12 3.270829e-11 6.865926e-12 4.746636e-11 fanout970
 1.039932e-11 2.942079e-11 6.865705e-12 4.668582e-11 fanout145
 7.939154e-12 3.106014e-11 7.513863e-12 4.651316e-11 fanout948
 5.662922e-12 3.263946e-11 7.514051e-12 4.581644e-11 fanout543
 5.600105e-12 3.324544e-11 6.865712e-12 4.571126e-11 max_cap202
 7.848085e-12 3.033454e-11 7.513824e-12 4.569645e-11 fanout1553
 7.899325e-12 3.069864e-11 6.865965e-12 4.546393e-11 fanout1248
 1.970532e-11 1.459006e-11 1.047924e-11 4.477462e-11 fanout1660
 4.159536e-12 3.668520e-11 3.659315e-12 4.450406e-11 wire65
 5.647247e-12 3.129927e-11 6.865725e-12 4.381224e-11 fanout513
 5.623213e-12 3.073929e-11 6.865719e-12 4.322822e-11 max_cap409
 6.593031e-12 3.206468e-11 4.325412e-12 4.298312e-11 hold418
 5.672733e-12 3.041415e-11 6.865758e-12 4.295264e-11 fanout445
 7.486803e-12 3.058873e-11 4.876284e-12 4.295182e-11 fanout141
 5.660527e-12 3.037866e-11 6.865758e-12 4.290495e-11 fanout448
 5.651782e-12 3.025600e-11 6.865738e-12 4.277351e-11 fanout708
 5.648430e-12 2.953293e-11 6.865738e-12 4.204710e-11 fanout716
 5.153492e-12 3.181727e-11 4.876245e-12 4.184701e-11 fanout1592
 5.139566e-12 3.168470e-11 4.876267e-12 4.170053e-11 fanout555
 5.651004e-12 2.845402e-11 7.514051e-12 4.161908e-11 fanout695
 5.649383e-12 2.772907e-11 7.514051e-12 4.089250e-11 fanout538
 5.641492e-12 2.829149e-11 6.865738e-12 4.079873e-11 fanout720
 5.149382e-12 2.993444e-11 4.876267e-12 3.996009e-11 fanout558
 5.139835e-12 2.955668e-11 4.876245e-12 3.957276e-11 fanout1597
 5.658137e-12 2.639907e-11 7.514083e-12 3.957129e-11 fanout837
 5.656227e-12 2.597392e-11 7.514051e-12 3.914420e-11 fanout697
 5.645158e-12 2.547088e-11 7.514051e-12 3.863009e-11 fanout539
 5.645805e-12 2.506097e-11 7.514051e-12 3.822083e-11 fanout696
 5.178788e-12 2.795451e-11 4.876267e-12 3.800956e-11 fanout562
 5.650126e-12 2.549331e-11 6.865758e-12 3.800919e-11 fanout628
 7.835451e-12 2.256940e-11 7.513824e-12 3.791868e-11 fanout1550
 5.150879e-12 2.835452e-11 4.325263e-12 3.783066e-11 fanout1215
 5.157657e-12 2.772563e-11 4.876267e-12 3.775956e-11 fanout564
 1.501086e-11 8.532041e-12 1.416583e-11 3.770873e-11 fanout1554
 7.553324e-12 2.514182e-11 4.325219e-12 3.702036e-11 fanout168
 7.480433e-12 2.463116e-11 4.876284e-12 3.698788e-11 fanout140
 5.229721e-12 2.675144e-11 4.876245e-12 3.685741e-11 fanout1568
 4.143248e-12 2.804643e-11 4.325390e-12 3.651507e-11 hold679
 5.227826e-12 2.615597e-11 4.876245e-12 3.626005e-11 fanout1586
 5.228773e-12 2.612617e-11 4.876245e-12 3.623119e-11 fanout1581
 5.207858e-12 2.592249e-11 4.876245e-12 3.600659e-11 fanout1600
 3.992565e-12 2.635042e-11 4.876074e-12 3.521906e-11 fanout1254
 5.165493e-12 2.566502e-11 4.325263e-12 3.515577e-11 fanout1241
 3.991250e-12 2.595172e-11 4.876074e-12 3.481905e-11 fanout1275
 5.139577e-12 2.521993e-11 4.325263e-12 3.468477e-11 fanout1225
 4.212466e-12 2.681209e-11 3.659315e-12 3.468388e-11 max_cap66
 3.992313e-12 2.550058e-11 4.876074e-12 3.436897e-11 fanout1278
 4.001962e-12 2.601377e-11 4.325385e-12 3.434111e-11 hold3250
 5.187852e-12 2.366583e-11 4.876267e-12 3.372995e-11 fanout552
 3.326985e-11 0.000000e+00 9.557677e-14 3.336543e-11 clkload2
 4.179048e-12 2.453325e-11 4.325451e-12 3.303775e-11 hold391
 3.995723e-12 2.372099e-11 4.876074e-12 3.259278e-11 fanout1252
 3.242080e-11 0.000000e+00 9.557677e-14 3.251638e-11 clkload14
 4.001043e-12 2.349267e-11 4.876074e-12 3.236979e-11 fanout1258
 4.003743e-12 2.335868e-11 4.876074e-12 3.223850e-11 fanout1264
 4.001440e-12 2.313102e-11 4.876107e-12 3.200857e-11 fanout965
 4.000996e-12 2.353021e-11 4.325401e-12 3.185660e-11 fanout951
 5.196557e-12 2.165958e-11 4.876245e-12 3.173238e-11 fanout1596
 2.829694e-12 2.395428e-11 4.876250e-12 3.166023e-11 fanout650
 4.014780e-12 2.321620e-11 4.325434e-12 3.155641e-11 fanout1546
 4.072730e-12 2.312954e-11 4.325434e-12 3.152770e-11 hold34
 3.989728e-12 2.305927e-11 4.325434e-12 3.137444e-11 fanout1530
 6.482961e-12 2.036699e-11 4.325407e-12 3.117536e-11 fanout472
 3.501943e-12 1.995834e-11 7.513844e-12 3.097413e-11 hold16
 4.015580e-12 2.206167e-11 4.876074e-12 3.095332e-11 fanout1272
 4.007285e-12 2.246239e-11 4.325401e-12 3.079508e-11 fanout949
 4.014285e-12 2.211101e-11 4.325434e-12 3.045073e-11 fanout1519
 2.853103e-11 0.000000e+00 1.895511e-12 3.042654e-11 clkload306
 6.484278e-12 1.960665e-11 4.325407e-12 3.041634e-11 fanout468
 2.848476e-11 0.000000e+00 1.895511e-12 3.038027e-11 clkload229
 2.847138e-11 0.000000e+00 1.895511e-12 3.036689e-11 clkload297
 4.008869e-12 2.142452e-11 4.876074e-12 3.030946e-11 fanout1276
 5.240464e-12 2.010445e-11 4.876245e-12 3.022116e-11 fanout1618
 3.361504e-12 1.932941e-11 7.513928e-12 3.020484e-11 fanout1390
 2.823405e-11 0.000000e+00 1.895511e-12 3.012956e-11 clkload304
 2.816743e-11 0.000000e+00 1.895511e-12 3.006295e-11 clkload139
 5.271599e-12 2.003720e-11 4.325214e-12 2.963402e-11 fanout143
 2.773134e-11 0.000000e+00 1.895489e-12 2.962683e-11 clkload34
 2.772486e-11 0.000000e+00 1.895489e-12 2.962035e-11 clkload32
 2.899188e-12 2.301624e-11 3.659315e-12 2.957474e-11 wire83
 6.467624e-12 1.871026e-11 4.325418e-12 2.950330e-11 fanout464
 5.213721e-12 1.976896e-11 4.325263e-12 2.930794e-11 fanout1218
 2.903540e-12 2.273839e-11 3.659315e-12 2.930124e-11 wire74
 2.737467e-11 0.000000e+00 1.895489e-12 2.927016e-11 clkload33
 4.017740e-12 2.036477e-11 4.876074e-12 2.925859e-11 fanout1250
 2.732831e-11 0.000000e+00 1.895489e-12 2.922380e-11 clkload35
 2.719937e-11 0.000000e+00 1.895489e-12 2.909485e-11 clkload89
 2.710239e-11 0.000000e+00 1.895489e-12 2.899788e-11 clkload110
 4.048286e-12 2.051789e-11 4.325434e-12 2.889161e-11 fanout1528
 5.250859e-12 1.875127e-11 4.876245e-12 2.887838e-11 fanout1621
 2.688707e-11 0.000000e+00 1.895489e-12 2.878256e-11 clkload53
 4.034156e-12 1.967308e-11 4.876074e-12 2.858331e-11 fanout1271
 2.666774e-11 0.000000e+00 1.895489e-12 2.856323e-11 clkload26
 5.297718e-12 1.893746e-11 4.325214e-12 2.856039e-11 fanout144
 3.431812e-12 1.761039e-11 7.513844e-12 2.855605e-11 hold17
 4.024626e-12 1.961472e-11 4.876107e-12 2.851545e-11 fanout977
 4.022940e-12 2.003160e-11 4.325434e-12 2.837998e-11 fanout1526
 5.396840e-12 1.808583e-11 4.876206e-12 2.835887e-11 hold595
 4.020314e-12 1.931149e-11 4.876107e-12 2.820792e-11 fanout963
 4.018567e-12 1.927166e-11 4.876074e-12 2.816630e-11 fanout1261
 3.412584e-12 1.773698e-11 6.865946e-12 2.801551e-11 fanout1284
 3.378981e-12 1.709488e-11 7.513844e-12 2.798770e-11 fanout1509
 3.380574e-12 1.695113e-11 7.513883e-12 2.784558e-11 fanout991
 4.022375e-12 1.885888e-11 4.876074e-12 2.775733e-11 fanout1263
 4.019405e-12 1.916213e-11 4.325434e-12 2.750697e-11 fanout1532
 4.244462e-12 1.924876e-11 3.659335e-12 2.715255e-11 fanout171
 2.853373e-12 1.922980e-11 4.876278e-12 2.695945e-11 fanout345
 3.411088e-12 1.589861e-11 7.513883e-12 2.682357e-11 fanout986
 3.400455e-12 1.648160e-11 6.865907e-12 2.674797e-11 fanout1006
 3.389876e-12 1.538453e-11 7.513883e-12 2.628829e-11 fanout994
 3.401365e-12 1.535895e-11 7.513844e-12 2.627416e-11 fanout1516
 3.368389e-12 1.585674e-11 6.865907e-12 2.609103e-11 fanout1014
 3.391418e-12 1.561522e-11 6.865907e-12 2.587255e-11 fanout1002
 2.854455e-12 1.809376e-11 4.876250e-12 2.582446e-11 fanout632
 2.852723e-12 1.839370e-11 4.325258e-12 2.557168e-11 fanout432
 2.252309e-12 1.266057e-11 1.047880e-11 2.539168e-11 fanout351
 9.748717e-12 8.521087e-12 6.865764e-12 2.513557e-11 hold44
 2.857965e-12 1.731575e-11 4.876250e-12 2.504997e-11 fanout629
 5.652024e-12 1.185914e-11 7.514090e-12 2.502525e-11 wire85
 5.245547e-12 1.535413e-11 4.325214e-12 2.492489e-11 fanout98
 2.378009e-11 0.000000e+00 6.417647e-13 2.442186e-11 clkload1
 4.248731e-12 1.622600e-11 3.659335e-12 2.413406e-11 fanout170
 2.861183e-12 1.631129e-11 4.876250e-12 2.404872e-11 fanout450
 2.861454e-12 1.612492e-11 4.876294e-12 2.386267e-11 fanout908
 2.859731e-12 1.660655e-11 4.325258e-12 2.379154e-11 fanout428
 2.249576e-12 1.101920e-11 1.047880e-11 2.374757e-11 fanout371
 2.903823e-12 1.612808e-11 4.647901e-12 2.367981e-11 fanout1611
 2.239705e-12 1.085467e-11 1.047880e-11 2.357318e-11 fanout508
 3.380492e-12 1.261331e-11 7.513844e-12 2.350765e-11 fanout1517
 4.183208e-12 1.491795e-11 4.325445e-12 2.342660e-11 hold806
 3.399717e-12 1.250066e-11 7.513844e-12 2.341422e-11 fanout1513
 2.868372e-12 1.614211e-11 4.325241e-12 2.333572e-11 fanout694
 2.875899e-12 1.571495e-11 4.325258e-12 2.291611e-11 fanout423
 1.047216e-11 1.852792e-12 1.047884e-11 2.280379e-11 fanout934
 2.872023e-12 1.505448e-11 4.876294e-12 2.280279e-11 fanout906
 2.918017e-12 1.617031e-11 3.659414e-12 2.274774e-11 fanout1214
 2.241928e-12 9.997820e-12 1.047880e-11 2.271855e-11 fanout329
 2.892346e-12 1.494844e-11 4.876294e-12 2.271708e-11 fanout888
 2.899569e-12 1.490862e-11 4.876294e-12 2.268448e-11 fanout932
 2.861828e-12 1.542241e-11 4.325214e-12 2.260945e-11 fanout876
 2.884113e-12 1.463354e-11 4.876294e-12 2.239395e-11 fanout931
 2.866729e-12 1.455143e-11 4.876294e-12 2.229445e-11 fanout899
 2.862832e-12 1.508757e-11 4.325258e-12 2.227566e-11 fanout430
 4.244771e-12 1.431331e-11 3.659345e-12 2.221742e-11 fanout138
 2.865916e-12 1.499638e-11 4.325258e-12 2.218755e-11 fanout419
 2.869019e-12 1.494189e-11 4.325214e-12 2.213613e-11 fanout856
 2.871364e-12 1.433041e-11 4.876294e-12 2.207807e-11 fanout922
 2.868920e-12 1.483469e-11 4.325258e-12 2.202887e-11 fanout420
 2.874103e-12 1.480596e-11 4.325258e-12 2.200532e-11 fanout438
 2.181020e-11 0.000000e+00 9.556549e-14 2.190577e-11 clkload216
 2.171825e-11 0.000000e+00 9.556549e-14 2.181382e-11 clkload197
 2.168860e-11 0.000000e+00 9.556549e-14 2.178417e-11 clkload166
 2.923275e-12 1.507678e-11 3.659315e-12 2.165937e-11 max_cap84
 2.872897e-12 1.445037e-11 4.325258e-12 2.164853e-11 fanout437
 2.154529e-11 0.000000e+00 9.556549e-14 2.164085e-11 clkload255
 4.102357e-12 1.321190e-11 4.325418e-12 2.163968e-11 fanout938
 2.870686e-12 1.387797e-11 4.876294e-12 2.162495e-11 fanout913
 2.884091e-12 1.441262e-11 4.325258e-12 2.162196e-11 fanout429
 2.892877e-12 1.373152e-11 4.876294e-12 2.150069e-11 fanout911
 2.895004e-12 1.427804e-11 4.325214e-12 2.149826e-11 fanout845
 2.893738e-12 1.366283e-11 4.876294e-12 2.143286e-11 fanout909
 2.128578e-11 0.000000e+00 9.556498e-14 2.138134e-11 clkload100
 2.125597e-11 0.000000e+00 9.556549e-14 2.135153e-11 clkload228
 2.892031e-12 1.355563e-11 4.876294e-12 2.132396e-11 fanout921
 2.119391e-11 0.000000e+00 9.556549e-14 2.128948e-11 clkload291
 2.115296e-11 0.000000e+00 9.556549e-14 2.124853e-11 clkload299
 2.912538e-12 1.399171e-11 4.325214e-12 2.122946e-11 fanout862
 2.872168e-12 1.398613e-11 4.325258e-12 2.118355e-11 fanout434
 2.107906e-11 0.000000e+00 9.556549e-14 2.117462e-11 clkload290
 2.884240e-12 1.394204e-11 4.325214e-12 2.115149e-11 fanout871
 2.102107e-11 0.000000e+00 9.556549e-14 2.111664e-11 clkload222
 2.888390e-12 1.389725e-11 4.325214e-12 2.111085e-11 fanout825
 2.867120e-12 1.389650e-11 4.325214e-12 2.108883e-11 fanout886
 2.893937e-12 1.329273e-11 4.876294e-12 2.106296e-11 fanout892
 2.095933e-11 0.000000e+00 9.556549e-14 2.105489e-11 clkload300
 2.095909e-11 0.000000e+00 9.556549e-14 2.105466e-11 clkload294
 2.093702e-11 0.000000e+00 9.556549e-14 2.103258e-11 clkload223
 2.092457e-11 0.000000e+00 9.556549e-14 2.102013e-11 clkload301
 4.119609e-12 1.251179e-11 4.325412e-12 2.095681e-11 fanout936
 2.085033e-11 0.000000e+00 9.556549e-14 2.094589e-11 clkload302
 2.084902e-11 0.000000e+00 9.556498e-14 2.094459e-11 clkload102
 2.080855e-11 0.000000e+00 9.556549e-14 2.090412e-11 clkload292
 2.079434e-11 0.000000e+00 9.556498e-14 2.088990e-11 clkload67
 2.922929e-12 1.419886e-11 3.659315e-12 2.078111e-11 max_cap75
 2.897278e-12 1.296561e-11 4.876294e-12 2.073918e-11 fanout924
 2.061918e-11 0.000000e+00 9.556498e-14 2.071474e-11 clkload66
 2.910972e-12 1.346544e-11 4.325214e-12 2.070162e-11 fanout877
 2.058924e-11 0.000000e+00 9.556498e-14 2.068481e-11 clkload58
 2.880478e-12 1.345869e-11 4.325214e-12 2.066438e-11 fanout834
 2.052457e-11 0.000000e+00 9.556498e-14 2.062013e-11 clkload37
 2.916846e-12 1.396378e-11 3.659414e-12 2.054004e-11 fanout1242
 2.041263e-11 0.000000e+00 9.556498e-14 2.050819e-11 clkload61
 2.037423e-11 0.000000e+00 9.556498e-14 2.046980e-11 clkload64
 2.901026e-12 1.320940e-11 4.325214e-12 2.043564e-11 fanout884
 2.027688e-11 0.000000e+00 9.556498e-14 2.037245e-11 clkload31
 2.896478e-12 1.313026e-11 4.325214e-12 2.035195e-11 fanout885
 2.895671e-12 1.309312e-11 4.325214e-12 2.031400e-11 fanout858
 2.903689e-12 1.236030e-11 4.876294e-12 2.014028e-11 fanout891
 2.914360e-12 1.232216e-11 4.876294e-12 2.011281e-11 fanout904
 2.901007e-12 1.280020e-11 4.325214e-12 2.002642e-11 fanout833
 2.914723e-12 1.275344e-11 4.325214e-12 1.999338e-11 fanout879
 2.876771e-12 1.273088e-11 4.325214e-12 1.993286e-11 fanout828
 2.898898e-12 1.267955e-11 4.325214e-12 1.990366e-11 fanout838
 2.882241e-12 1.213542e-11 4.876294e-12 1.989395e-11 fanout927
 2.910031e-12 1.258145e-11 4.325214e-12 1.981669e-11 fanout843
 2.915222e-12 1.184723e-11 4.876294e-12 1.963874e-11 fanout893
 2.875132e-12 1.187427e-11 4.876294e-12 1.962569e-11 fanout917
 2.907155e-12 1.238632e-11 4.325214e-12 1.961869e-11 fanout827
 2.911620e-12 1.237948e-11 4.325214e-12 1.961631e-11 fanout101
 2.871854e-12 1.183201e-11 4.876294e-12 1.958015e-11 fanout933
 2.899928e-12 1.234595e-11 4.325214e-12 1.957109e-11 fanout852
 2.901027e-12 1.177927e-11 4.876294e-12 1.955659e-11 fanout894
 2.878306e-12 1.234643e-11 4.325235e-12 1.954998e-11 fanout483
 2.890048e-12 1.176863e-11 4.876294e-12 1.953497e-11 fanout901
 2.901019e-12 1.170162e-11 4.876273e-12 1.947891e-11 fanout109
 2.896580e-12 1.167176e-11 4.876294e-12 1.944463e-11 fanout905
 2.884182e-12 1.216657e-11 4.325214e-12 1.937596e-11 fanout836
 2.901599e-12 1.209623e-11 4.325214e-12 1.932304e-11 fanout839
 2.875919e-12 1.154820e-11 4.876294e-12 1.930041e-11 fanout915
 2.899781e-12 1.151463e-11 4.876294e-12 1.929071e-11 fanout896
 2.899650e-12 1.144807e-11 4.876294e-12 1.922401e-11 fanout898
 2.895520e-12 1.193397e-11 4.325214e-12 1.915470e-11 fanout854
 2.920694e-12 1.135709e-11 4.876294e-12 1.915408e-11 fanout928
 2.895724e-12 1.192035e-11 4.325214e-12 1.914129e-11 fanout855
 2.864957e-12 1.191139e-11 4.325214e-12 1.910156e-11 fanout869
 2.916339e-12 1.184370e-11 4.325214e-12 1.908525e-11 fanout823
 2.914920e-12 1.167934e-11 4.325214e-12 1.891948e-11 fanout866
 2.919712e-12 1.109874e-11 4.876294e-12 1.889475e-11 fanout900
 2.918328e-12 1.122759e-11 4.647901e-12 1.879382e-11 fanout1588
 2.949333e-12 1.093888e-11 4.876289e-12 1.876450e-11 fanout937
 2.903954e-12 1.148318e-11 4.325214e-12 1.871235e-11 fanout850
 2.887561e-12 1.143328e-11 4.325214e-12 1.864606e-11 fanout835
 2.933180e-12 1.129738e-11 4.325214e-12 1.855577e-11 fanout864
 2.868578e-12 1.127140e-11 4.325214e-12 1.846519e-11 fanout883
 2.900604e-12 1.122301e-11 4.325214e-12 1.844883e-11 fanout822
 2.897907e-12 1.058922e-11 4.876294e-12 1.836343e-11 fanout100
 2.903924e-12 1.055011e-11 4.876294e-12 1.833033e-11 fanout897
 1.787949e-12 1.215686e-11 4.325346e-12 1.827015e-11 hold67
 2.935251e-12 1.036069e-11 4.876294e-12 1.817224e-11 fanout146
 2.911687e-12 1.091646e-11 4.325214e-12 1.815336e-11 fanout857
 2.886496e-12 1.093721e-11 4.325236e-12 1.814895e-11 fanout478
 2.269181e-12 1.118955e-11 4.647595e-12 1.810633e-11 fanout1259
 2.890562e-12 1.084672e-11 4.325214e-12 1.806249e-11 fanout290
 2.897854e-12 1.069137e-11 4.325214e-12 1.791444e-11 fanout872
 2.921579e-12 1.053968e-11 4.325213e-12 1.778647e-11 fanout148
 2.863186e-12 1.057441e-11 4.325214e-12 1.776281e-11 fanout863
 2.906409e-12 9.887161e-12 4.876289e-12 1.766986e-11 fanout178
 1.710154e-12 1.105149e-11 4.876090e-12 1.763774e-11 fanout1282
 2.271077e-12 1.068985e-11 4.647654e-12 1.760858e-11 fanout976
 1.618498e-12 1.231260e-11 3.659315e-12 1.759041e-11 wire87
 1.612350e-12 1.231224e-11 3.659315e-12 1.758390e-11 wire92
 2.913651e-12 1.023367e-11 4.325214e-12 1.747253e-11 fanout880
 2.916726e-12 1.013387e-11 4.325236e-12 1.737584e-11 fanout482
 2.914027e-12 1.002441e-11 4.325214e-12 1.726365e-11 fanout842
 2.896840e-12 9.919900e-12 4.325214e-12 1.714195e-11 fanout873
 2.928321e-12 9.754531e-12 4.325236e-12 1.700809e-11 fanout481
 2.914507e-12 9.749422e-12 4.325214e-12 1.698914e-11 fanout865
 2.880008e-12 9.678259e-12 4.325235e-12 1.688350e-11 fanout476
 2.882948e-12 9.544355e-12 4.325236e-12 1.675254e-11 fanout71
 7.694586e-13 9.568330e-12 6.340044e-12 1.667783e-11 _15474_
 2.888365e-12 9.424769e-12 4.325214e-12 1.663835e-11 fanout829
 1.709348e-12 1.043193e-11 4.325384e-12 1.646666e-11 fanout989
 2.882426e-12 9.150673e-12 4.325235e-12 1.635833e-11 fanout112
 2.267517e-12 9.068210e-12 4.647595e-12 1.598332e-11 fanout1277
 1.719042e-12 9.371785e-12 4.876123e-12 1.596695e-11 fanout1012
 1.119344e-12 7.860226e-12 6.865699e-12 1.584527e-11 max_cap395
 1.720912e-12 9.755325e-12 4.325418e-12 1.580166e-11 fanout1498
 1.506172e-11 0.000000e+00 6.410457e-13 1.570277e-11 clkload212
 1.504306e-11 0.000000e+00 6.410457e-13 1.568410e-11 clkload307
 1.721194e-12 9.611423e-12 4.325418e-12 1.565803e-11 fanout1515
 1.500615e-11 0.000000e+00 6.410457e-13 1.564720e-11 clkload208
 1.497669e-11 0.000000e+00 6.410457e-13 1.561774e-11 clkload206
 1.716534e-12 9.568107e-12 4.325346e-12 1.560999e-11 fanout1489
 1.489787e-11 0.000000e+00 6.410457e-13 1.553891e-11 clkload188
 1.488082e-11 0.000000e+00 6.410457e-13 1.552187e-11 clkload155
 1.483665e-11 0.000000e+00 6.410457e-13 1.547770e-11 clkload187
 1.482597e-11 0.000000e+00 6.410457e-13 1.546701e-11 clkload185
 1.480984e-11 0.000000e+00 6.410457e-13 1.545089e-11 clkload159
 1.480383e-11 0.000000e+00 6.410457e-13 1.544488e-11 clkload153
 1.479528e-11 0.000000e+00 6.410457e-13 1.543633e-11 clkload245
 1.479314e-11 0.000000e+00 6.410457e-13 1.543419e-11 clkload282
 1.479023e-11 0.000000e+00 6.410457e-13 1.543128e-11 clkload152
 1.474012e-11 0.000000e+00 6.410457e-13 1.538117e-11 clkload189
 1.471810e-11 0.000000e+00 6.410457e-13 1.535915e-11 clkload270
 1.471410e-11 0.000000e+00 6.410457e-13 1.535515e-11 clkload182
 1.469891e-11 0.000000e+00 6.410457e-13 1.533995e-11 clkload234
 1.720022e-12 9.270652e-12 4.325384e-12 1.531606e-11 fanout987
 1.465743e-11 0.000000e+00 6.410457e-13 1.529848e-11 clkload238
 1.465538e-11 0.000000e+00 6.410457e-13 1.529643e-11 clkload273
 1.465078e-11 0.000000e+00 6.410457e-13 1.529182e-11 clkload193
 1.463308e-11 0.000000e+00 6.410457e-13 1.527413e-11 clkload251
 1.462708e-11 0.000000e+00 6.410457e-13 1.526813e-11 clkload241
 2.957070e-12 8.644334e-12 3.659325e-12 1.526073e-11 fanout99
 1.460094e-11 0.000000e+00 6.410457e-13 1.524199e-11 clkload171
 1.459653e-11 0.000000e+00 6.410457e-13 1.523758e-11 clkload220
 1.458685e-11 0.000000e+00 6.410457e-13 1.522790e-11 clkload158
 1.458156e-11 0.000000e+00 6.410457e-13 1.522260e-11 clkload191
 1.456916e-11 0.000000e+00 6.410457e-13 1.521021e-11 clkload252
 1.455606e-11 0.000000e+00 6.410457e-13 1.519711e-11 clkload215
 1.455000e-11 0.000000e+00 6.410457e-13 1.519104e-11 clkload198
 1.454462e-11 0.000000e+00 6.410457e-13 1.518566e-11 clkload162
 1.454221e-11 0.000000e+00 6.410457e-13 1.518326e-11 clkload233
 1.453182e-11 0.000000e+00 6.410457e-13 1.517287e-11 clkload266
 1.452927e-11 0.000000e+00 6.410457e-13 1.517031e-11 clkload254
 1.452917e-11 0.000000e+00 6.410457e-13 1.517022e-11 clkload236
 1.452836e-11 0.000000e+00 6.410457e-13 1.516940e-11 clkload202
 1.452186e-11 0.000000e+00 6.410457e-13 1.516290e-11 clkload235
 1.452146e-11 0.000000e+00 6.410457e-13 1.516251e-11 clkload213
 1.452008e-11 0.000000e+00 6.410457e-13 1.516112e-11 clkload200
 1.451730e-11 0.000000e+00 6.410457e-13 1.515835e-11 clkload283
 1.451598e-11 0.000000e+00 6.410457e-13 1.515703e-11 clkload203
 1.450592e-11 0.000000e+00 6.410457e-13 1.514697e-11 clkload218
 1.448762e-11 0.000000e+00 6.410131e-13 1.512864e-11 clkload105
 1.447321e-11 0.000000e+00 6.410131e-13 1.511422e-11 clkload107
 1.725286e-12 9.014415e-12 4.325418e-12 1.506512e-11 fanout1495
 1.441609e-11 0.000000e+00 6.410131e-13 1.505710e-11 clkload108
 1.437900e-11 0.000000e+00 6.410131e-13 1.502001e-11 clkload84
 1.724388e-12 8.889426e-12 4.325418e-12 1.493923e-11 fanout1493
 2.283868e-12 8.970767e-12 3.659720e-12 1.491435e-11 fanout1525
 1.426393e-11 0.000000e+00 6.410131e-13 1.490495e-11 clkload103
 1.423751e-11 0.000000e+00 6.410131e-13 1.487852e-11 clkload122
 1.421231e-11 0.000000e+00 6.410131e-13 1.485333e-11 clkload127
 1.420466e-11 0.000000e+00 6.410131e-13 1.484567e-11 clkload121
 1.419314e-11 0.000000e+00 6.410131e-13 1.483415e-11 clkload42
 1.409103e-11 0.000000e+00 6.410131e-13 1.473204e-11 clkload101
 1.407893e-11 0.000000e+00 6.410131e-13 1.471994e-11 clkload97
 1.407718e-11 0.000000e+00 6.410131e-13 1.471820e-11 clkload40
 1.407384e-11 0.000000e+00 6.410131e-13 1.471485e-11 clkload62
 1.399177e-11 0.000000e+00 6.410131e-13 1.463279e-11 clkload22
 1.398040e-11 0.000000e+00 6.410131e-13 1.462142e-11 clkload85
 3.281477e-12 3.648314e-12 7.513844e-12 1.444364e-11 hold1
 1.719730e-12 8.396282e-12 4.325417e-12 1.444143e-11 fanout1505
 1.720197e-12 8.260993e-12 4.325346e-12 1.430654e-11 fanout1330
 1.726058e-12 7.584419e-12 4.876123e-12 1.418660e-11 fanout1003
 1.729145e-12 8.113372e-12 4.325418e-12 1.416794e-11 fanout1496
 1.621940e-12 7.631874e-12 4.647990e-12 1.390181e-11 fanout925
 1.747705e-12 7.451156e-12 4.325346e-12 1.352421e-11 fanout1373
 1.636387e-12 7.921625e-12 3.659325e-12 1.321734e-11 fanout135
 1.630317e-12 7.924481e-12 3.659325e-12 1.321412e-11 fanout840
 1.626718e-12 6.901311e-12 4.647990e-12 1.317602e-11 fanout903
 1.724830e-12 7.028437e-12 4.325346e-12 1.307861e-11 fanout1374
 1.635650e-12 7.624601e-12 3.659325e-12 1.291958e-11 fanout841
 1.620187e-12 6.604357e-12 4.647911e-12 1.287245e-11 fanout631
 1.637805e-12 7.547199e-12 3.659325e-12 1.284433e-11 fanout124
 1.792972e-12 6.720258e-12 4.325373e-12 1.283860e-11 hold2885
 1.621122e-12 6.270223e-12 4.647990e-12 1.253933e-11 fanout916
 1.641565e-12 7.149196e-12 3.659325e-12 1.245009e-11 fanout882
 1.635463e-12 7.122896e-12 3.659364e-12 1.241772e-11 fanout120
 1.640076e-12 6.952763e-12 3.659325e-12 1.225216e-11 fanout128
 1.730397e-12 6.160303e-12 4.325346e-12 1.221605e-11 fanout1340
 1.632087e-12 6.733603e-12 3.659325e-12 1.202501e-11 fanout851
 1.623689e-12 5.710464e-12 4.647951e-12 1.198210e-11 fanout493
 1.629102e-12 5.668564e-12 4.647950e-12 1.194562e-11 fanout105
 1.672229e-12 6.585521e-12 3.659325e-12 1.191707e-11 fanout102
 1.636726e-12 6.386833e-12 3.659325e-12 1.168288e-11 fanout127
 1.796641e-12 5.558822e-12 4.325351e-12 1.168081e-11 hold2433
 1.631348e-12 6.374031e-12 3.659325e-12 1.166470e-11 fanout133
 1.625897e-12 6.303596e-12 3.659325e-12 1.158882e-11 fanout830
 1.631114e-12 6.214004e-12 3.659325e-12 1.150444e-11 fanout129
 1.631081e-12 6.191311e-12 3.659325e-12 1.148172e-11 fanout130
 1.636241e-12 6.131220e-12 3.659325e-12 1.142679e-11 fanout126
 1.630895e-12 6.072524e-12 3.659325e-12 1.136274e-11 fanout131
 1.621410e-12 6.051431e-12 3.659364e-12 1.133221e-11 fanout479
 1.635492e-12 5.938671e-12 3.659364e-12 1.123353e-11 fanout122
 1.620243e-12 5.939838e-12 3.659364e-12 1.121945e-11 fanout477
 1.640604e-12 5.901922e-12 3.659325e-12 1.120185e-11 fanout878
 1.134604e-12 2.368743e-12 7.514089e-12 1.101744e-11 wire76
 3.365276e-12 6.446196e-12 1.181000e-12 1.099247e-11 max_cap236
 1.133207e-12 2.336274e-12 7.514090e-12 1.098357e-11 wire89
 9.711690e-13 5.510768e-12 3.659562e-12 1.014150e-11 fanout1409
 9.727168e-13 5.270499e-12 3.659562e-12 9.902777e-12 fanout1438
 9.717218e-13 5.268736e-12 3.659562e-12 9.900020e-12 fanout1439
 9.728470e-13 5.198379e-12 3.659562e-12 9.830789e-12 fanout1478
 9.703351e-13 5.121604e-12 3.659691e-12 9.751630e-12 fanout1507
 9.838285e-13 5.026816e-12 3.659562e-12 9.670206e-12 fanout1433
 9.748428e-13 4.915605e-12 3.659562e-12 9.550010e-12 fanout1358
 9.711025e-13 4.890950e-12 3.659562e-12 9.521614e-12 fanout1419
 9.736443e-13 4.862942e-12 3.659690e-12 9.496277e-12 fanout1497
 9.735893e-13 4.820581e-12 3.659562e-12 9.453733e-12 fanout1401
 9.813454e-13 4.672745e-12 3.659562e-12 9.313652e-12 fanout1324
 9.797056e-13 4.634552e-12 3.659562e-12 9.273820e-12 fanout1447
 9.720852e-13 4.576306e-12 3.659562e-12 9.207954e-12 fanout1351
 9.817582e-13 4.552084e-12 3.659562e-12 9.193403e-12 fanout1332
 9.704400e-13 4.519846e-12 3.659562e-12 9.149848e-12 fanout1382
 9.786475e-13 4.424754e-12 3.659562e-12 9.062962e-12 fanout1410
 9.810248e-13 4.365881e-12 3.659562e-12 9.006467e-12 fanout1314
 9.781206e-13 4.276505e-12 3.659562e-12 8.914187e-12 fanout1315
 9.729751e-13 4.259018e-12 3.659562e-12 8.891554e-12 fanout1339
 9.799295e-13 4.238314e-12 3.659562e-12 8.877805e-12 fanout1329
 9.883163e-13 4.216845e-12 3.659562e-12 8.864723e-12 fanout1466
 9.720970e-13 4.226777e-12 3.659562e-12 8.858437e-12 fanout1464
 9.847074e-13 4.187456e-12 3.659562e-12 8.831725e-12 fanout1404
 9.827566e-13 4.185942e-12 3.659562e-12 8.828259e-12 fanout1413
 1.009632e-12 4.155419e-12 3.659819e-12 8.824869e-12 fanout1295
 9.724477e-13 4.181103e-12 3.659562e-12 8.813113e-12 fanout1470
 9.786904e-13 4.163221e-12 3.659562e-12 8.801473e-12 fanout1400
 9.866251e-13 4.080049e-12 3.659562e-12 8.726237e-12 fanout1369
 9.840070e-13 4.078579e-12 3.659562e-12 8.722148e-12 fanout1387
 9.731298e-13 4.083713e-12 3.659562e-12 8.716404e-12 fanout1414
 9.797492e-13 4.051361e-12 3.659562e-12 8.690672e-12 fanout1475
 9.755598e-13 4.045448e-12 3.659562e-12 8.680569e-12 fanout1398
 9.800992e-13 4.014894e-12 3.659562e-12 8.654555e-12 fanout1326
 9.834259e-13 4.005114e-12 3.659562e-12 8.648101e-12 fanout1479
 9.760852e-13 3.989738e-12 3.659562e-12 8.625385e-12 fanout1437
 9.873157e-13 3.978020e-12 3.659562e-12 8.624898e-12 fanout1480
 9.797339e-13 3.983621e-12 3.659562e-12 8.622917e-12 fanout1407
 9.844919e-13 3.961266e-12 3.659562e-12 8.605320e-12 fanout1341
 9.785833e-13 3.952902e-12 3.659562e-12 8.591046e-12 fanout1363
 9.810630e-13 3.921329e-12 3.659562e-12 8.561953e-12 fanout1309
 9.770181e-13 3.911473e-12 3.659562e-12 8.548053e-12 fanout1459
 9.915476e-13 3.882302e-12 3.659612e-12 8.533462e-12 fanout940
 9.790818e-13 3.865905e-12 3.659562e-12 8.504549e-12 fanout1316
 9.823203e-13 3.848188e-12 3.659562e-12 8.490070e-12 fanout1319
 9.856144e-13 3.817370e-12 3.659562e-12 8.462547e-12 fanout1449
 9.757886e-13 3.826862e-12 3.659562e-12 8.462213e-12 fanout1429
 9.893960e-13 3.798778e-12 3.659562e-12 8.447736e-12 fanout1342
 9.705450e-13 3.813761e-12 3.659562e-12 8.443869e-12 fanout1368
 9.828847e-13 3.790373e-12 3.659562e-12 8.432820e-12 fanout1405
 9.771358e-13 3.783438e-12 3.659562e-12 8.420135e-12 fanout1452
 9.799208e-13 3.774662e-12 3.659562e-12 8.414144e-12 fanout1380
 9.744435e-13 3.770853e-12 3.659562e-12 8.404858e-12 fanout1396
 9.828077e-13 3.751183e-12 3.659562e-12 8.393551e-12 fanout1403
 9.757686e-13 3.724881e-12 3.659562e-12 8.360212e-12 fanout1436
 9.861894e-13 3.711837e-12 3.659562e-12 8.357588e-12 fanout1472
 9.835923e-13 3.629741e-12 3.659562e-12 8.272895e-12 fanout1415
 9.742918e-13 3.628730e-12 3.659562e-12 8.262583e-12 fanout1393
 9.809653e-13 3.599488e-12 3.659562e-12 8.240015e-12 fanout1450
 9.755136e-13 3.599243e-12 3.659562e-12 8.234319e-12 fanout1425
 9.828251e-13 3.589531e-12 3.659562e-12 8.231919e-12 fanout1458
 9.831266e-13 3.526807e-12 3.659562e-12 8.169495e-12 fanout1386
 9.794473e-13 3.481912e-12 3.659562e-12 8.120921e-12 fanout1379
 9.756172e-13 3.485530e-12 3.659562e-12 8.120709e-12 fanout1456
 9.757685e-13 3.481509e-12 3.659562e-12 8.116839e-12 fanout1473
 9.779652e-13 3.438661e-12 3.659562e-12 8.076187e-12 fanout1486
 9.754327e-13 3.439886e-12 3.659562e-12 8.074881e-12 fanout1434
 9.802207e-13 3.433500e-12 3.659562e-12 8.073282e-12 fanout1313
 9.859043e-13 3.414457e-12 3.659562e-12 8.059923e-12 fanout1481
 9.846572e-13 3.382111e-12 3.659562e-12 8.026330e-12 fanout1424
 9.806177e-13 3.337104e-12 3.659562e-12 7.977284e-12 fanout1337
 9.796305e-13 3.270245e-12 3.659562e-12 7.909437e-12 fanout1467
 9.873706e-13 3.231452e-12 3.659562e-12 7.878385e-12 fanout1346
 5.841246e-13 2.374932e-12 4.876300e-12 7.835356e-12 fanout1301
 9.786899e-13 3.166331e-12 3.659562e-12 7.804583e-12 fanout1350
 9.816784e-13 3.115967e-12 3.659562e-12 7.757207e-12 fanout1320
 5.984795e-13 2.244980e-12 4.876300e-12 7.719760e-12 fanout1300
 9.785377e-13 3.077917e-12 3.659562e-12 7.716017e-12 fanout1343
 5.850154e-13 2.241868e-12 4.876300e-12 7.703183e-12 fanout1302
 5.983087e-13 2.215710e-12 4.876300e-12 7.690319e-12 fanout1297
 9.789622e-13 3.043522e-12 3.659562e-12 7.682046e-12 fanout1476
 5.979889e-13 2.201229e-12 4.876300e-12 7.675517e-12 fanout1304
 5.986320e-13 2.044800e-12 4.876300e-12 7.519731e-12 hold1024
 6.832160e-19 3.805111e-18 7.513969e-12 7.513974e-12 fanout1702
 6.813021e-19 3.333512e-18 7.513969e-12 7.513974e-12 fanout1715
 5.944900e-13 1.984248e-12 4.876300e-12 7.455038e-12 fanout1298
 6.800970e-19 3.394854e-18 6.865829e-12 6.865833e-12 fanout1751
 1.610246e-12 2.865424e-13 4.325346e-12 6.222134e-12 hold51
 3.267622e-13 1.202257e-12 3.659315e-12 5.188334e-12 max_cap79
 3.260723e-13 9.684762e-13 3.659315e-12 4.953864e-12 max_cap95
 3.481639e-19 1.668179e-18 4.876190e-12 4.876192e-12 fanout1718
 3.444223e-19 1.624455e-18 4.876190e-12 4.876192e-12 fanout1720
 3.440711e-19 1.670575e-18 4.876190e-12 4.876192e-12 fanout1725
 3.436733e-19 1.875662e-18 4.876190e-12 4.876192e-12 fanout1730
 3.445277e-19 1.672121e-18 4.876190e-12 4.876192e-12 fanout1745
 3.453252e-19 1.655104e-18 4.876190e-12 4.876192e-12 fanout1747
 3.481174e-19 1.732918e-18 4.876190e-12 4.876192e-12 fanout1756
 3.435634e-19 1.773645e-18 4.876190e-12 4.876192e-12 fanout1763
 3.481767e-19 1.497012e-18 4.876190e-12 4.876191e-12 fanout1719
 3.478586e-19 1.520425e-18 4.876190e-12 4.876191e-12 fanout1723
 3.486331e-19 1.353637e-18 4.876190e-12 4.876191e-12 fanout1724
 3.493355e-19 1.376116e-18 4.876190e-12 4.876191e-12 fanout1726
 3.465712e-19 1.536732e-18 4.876190e-12 4.876191e-12 fanout1727
 3.490566e-19 1.425795e-18 4.876190e-12 4.876191e-12 fanout1728
 3.465548e-19 1.545427e-18 4.876190e-12 4.876191e-12 fanout1729
 3.466212e-19 1.339573e-18 4.876190e-12 4.876191e-12 fanout1731
 3.477186e-19 1.384144e-18 4.876190e-12 4.876191e-12 fanout1734
 3.462128e-19 1.259011e-18 4.876190e-12 4.876191e-12 fanout1737
 3.468848e-19 1.374975e-18 4.876190e-12 4.876191e-12 fanout1741
 3.482689e-19 1.399821e-18 4.876190e-12 4.876191e-12 fanout1744
 3.468124e-19 1.380284e-18 4.876190e-12 4.876191e-12 fanout1749
 3.468516e-19 1.384797e-18 4.876190e-12 4.876191e-12 fanout1750
 3.447980e-19 1.600800e-18 4.876190e-12 4.876191e-12 fanout1752
 3.464131e-19 1.321772e-18 4.876190e-12 4.876191e-12 fanout1754
 3.461758e-19 1.541914e-18 4.876190e-12 4.876191e-12 fanout1758
 3.493660e-19 1.367323e-18 4.876190e-12 4.876191e-12 fanout1759
 3.461712e-19 1.539163e-18 4.876190e-12 4.876191e-12 fanout1760
 3.446628e-19 1.497288e-18 4.876190e-12 4.876191e-12 fanout1764
 3.499375e-19 1.427447e-18 4.876190e-12 4.876191e-12 fanout1765
 3.502768e-19 1.284735e-18 4.876190e-12 4.876191e-12 fanout1767
 3.491977e-19 1.508808e-18 4.876190e-12 4.876191e-12 fanout1768
 3.497461e-19 1.330071e-18 4.876190e-12 4.876191e-12 fanout1770
 3.491682e-19 1.505815e-18 4.876190e-12 4.876191e-12 fanout1771
 3.490558e-19 1.423155e-18 4.876190e-12 4.876191e-12 fanout1773
 3.493216e-19 1.362282e-18 4.876190e-12 4.876191e-12 fanout1775
 5.586682e-19 2.246199e-18 4.647901e-12 4.647904e-12 input5
 3.078386e-18 9.525771e-18 4.647881e-12 4.647894e-12 input8
 5.563968e-19 2.737626e-18 4.647881e-12 4.647885e-12 input1
 1.945515e-19 6.326103e-19 4.647802e-12 4.647803e-12 fanout1740
 1.949929e-19 7.962472e-19 4.647802e-12 4.647803e-12 fanout1742
 1.946205e-19 8.408954e-19 4.647802e-12 4.647803e-12 fanout1755
 1.945847e-19 8.482905e-19 4.647802e-12 4.647803e-12 fanout1776
 3.428238e-19 2.068679e-18 4.325310e-12 4.325313e-12 fanout1699
 3.444547e-19 1.637423e-18 4.325310e-12 4.325312e-12 fanout1700
 3.444143e-19 1.632429e-18 4.325310e-12 4.325312e-12 fanout1701
 3.489584e-19 1.533693e-18 4.325310e-12 4.325312e-12 fanout1661
 3.460356e-19 1.454986e-18 4.325310e-12 4.325312e-12 fanout1662
 3.482787e-19 1.345144e-18 4.325310e-12 4.325312e-12 fanout1663
 3.481526e-19 1.369779e-18 4.325310e-12 4.325312e-12 fanout1665
 3.466308e-19 1.582509e-18 4.325310e-12 4.325312e-12 fanout1668
 3.457731e-19 1.388590e-18 4.325310e-12 4.325312e-12 fanout1675
 3.477217e-19 1.394012e-18 4.325310e-12 4.325312e-12 fanout1679
 3.444509e-19 1.431795e-18 4.325310e-12 4.325312e-12 fanout1697
 3.459972e-19 1.605282e-18 4.325310e-12 4.325312e-12 fanout1703
 3.458903e-19 1.513658e-18 4.325310e-12 4.325312e-12 fanout1706
 3.451407e-19 1.606041e-18 4.325310e-12 4.325312e-12 fanout1707
 3.464996e-19 1.479174e-18 4.325310e-12 4.325312e-12 fanout1711
 3.457064e-19 1.410253e-18 4.325310e-12 4.325312e-12 fanout1712
 5.964710e-13 2.340201e-12 1.181000e-12 4.117671e-12 fanout1372
 9.907243e-13 1.739196e-12 1.181000e-12 3.910920e-12 max_cap240
 1.395419e-19 5.897459e-19 3.659685e-12 3.659686e-12 input7
 6.974127e-19 3.012195e-18 3.659665e-12 3.659669e-12 input4
 1.966073e-19 9.187253e-19 3.659498e-12 3.659499e-12 fanout1695
 1.935257e-19 1.264300e-18 3.659498e-12 3.659499e-12 fanout1698
 1.943717e-19 1.053860e-18 3.659498e-12 3.659499e-12 fanout1704
 1.955807e-19 8.602089e-19 3.659498e-12 3.659498e-12 fanout1664
 1.956679e-19 8.049066e-19 3.659498e-12 3.659498e-12 fanout1666
 1.944615e-19 6.667302e-19 3.659498e-12 3.659498e-12 fanout1674
 1.954808e-19 8.329725e-19 3.659498e-12 3.659498e-12 fanout1680
 1.976845e-19 7.541192e-19 3.659498e-12 3.659498e-12 fanout1682
 1.953702e-19 6.390945e-19 3.659498e-12 3.659498e-12 fanout1684
 1.967133e-19 7.008738e-19 3.659498e-12 3.659498e-12 fanout1686
 1.966115e-19 7.577033e-19 3.659498e-12 3.659498e-12 fanout1687
 1.963471e-19 6.999858e-19 3.659498e-12 3.659498e-12 fanout1688
 1.964973e-19 7.007082e-19 3.659498e-12 3.659498e-12 fanout1689
 1.954769e-19 7.902434e-19 3.659498e-12 3.659498e-12 fanout1691
 1.966421e-19 7.575341e-19 3.659498e-12 3.659498e-12 fanout1696
 5.805450e-13 2.976945e-13 1.181000e-12 2.059239e-12 _32400_
 5.821413e-13 2.801834e-13 1.181000e-12 2.043325e-12 _32403_
 5.793246e-13 2.717686e-13 1.181000e-12 2.032093e-12 _32395_
 5.819170e-13 2.686251e-13 1.181000e-12 2.031542e-12 _32396_
 5.788761e-13 2.622331e-13 1.181000e-12 2.022109e-12 _32394_
 5.788254e-13 2.611612e-13 1.181000e-12 2.020987e-12 _32398_
 5.788255e-13 2.611612e-13 1.181000e-12 2.020987e-12 _32402_
 5.786687e-13 2.578380e-13 1.181000e-12 2.017507e-12 _32401_
 5.804097e-13 2.428357e-13 1.181000e-12 2.004245e-12 _32399_
 5.804926e-13 2.392252e-13 1.181000e-12 2.000718e-12 _32397_
 1.985452e-13 3.060540e-13 1.181000e-12 1.685599e-12 max_cap944
 1.940105e-13 1.032301e-13 1.181000e-12 1.478240e-12 _32408_
 1.943148e-13 1.006012e-13 1.181000e-12 1.475916e-12 _32410_
 1.941897e-13 9.753335e-14 1.181000e-12 1.472723e-12 _32406_
 1.938758e-13 9.061601e-14 1.181000e-12 1.465492e-12 _32412_
 1.938664e-13 9.040538e-14 1.181000e-12 1.465272e-12 _32405_
 1.937383e-13 8.757384e-14 1.181000e-12 1.462312e-12 _32404_
 1.937382e-13 8.757384e-14 1.181000e-12 1.462312e-12 _32413_
 1.937246e-13 8.728707e-14 1.181000e-12 1.462012e-12 _32411_
 1.936683e-13 8.603459e-14 1.181000e-12 1.460703e-12 _32409_
 1.935270e-13 8.292732e-14 1.181000e-12 1.457454e-12 _32407_
 1.728904e-19 1.875720e-19 1.181000e-12 1.181000e-12 input6
