     Internal    Switching      Leakage        Total
        Power        Power        Power        Power (Watts)
----------------------------------------------------
 8.847171e-07 1.345988e-06 1.226320e-11 2.230718e-06 clkbuf_0_core_clk
 3.556122e-07 1.730635e-06 1.119044e-11 2.086258e-06 clkbuf_0_v_clk
 8.740886e-07 1.052699e-06 1.226320e-11 1.926800e-06 clkbuf_4_2__f_core_clk
 8.703036e-07 9.662155e-07 1.226320e-11 1.836531e-06 clkbuf_4_3__f_core_clk
 8.674055e-07 8.946332e-07 1.226320e-11 1.762051e-06 clkbuf_4_9__f_core_clk
 8.665115e-07 8.742014e-07 1.226320e-11 1.740725e-06 clkbuf_4_8__f_core_clk
 8.622310e-07 7.808537e-07 1.226320e-11 1.643097e-06 clkbuf_4_14__f_core_clk
 8.615317e-07 7.591219e-07 1.226320e-11 1.620666e-06 clkbuf_4_0__f_core_clk
 8.604463e-07 7.400938e-07 1.226320e-11 1.600552e-06 clkbuf_4_15__f_core_clk
 8.598470e-07 7.247548e-07 1.226320e-11 1.584614e-06 clkbuf_4_7__f_core_clk
 8.581387e-07 6.939192e-07 1.226320e-11 1.552070e-06 clkbuf_4_11__f_core_clk
 8.576270e-07 6.740182e-07 1.226320e-11 1.531657e-06 clkbuf_4_6__f_core_clk
 8.548614e-07 6.075813e-07 1.226320e-11 1.462455e-06 clkbuf_4_5__f_core_clk
 8.548818e-07 6.071371e-07 1.226320e-11 1.462031e-06 clkbuf_4_1__f_core_clk
 8.540655e-07 6.008666e-07 1.226320e-11 1.454944e-06 clkbuf_4_10__f_core_clk
 8.527142e-07 5.684308e-07 1.226320e-11 1.421157e-06 clkbuf_4_13__f_core_clk
 8.514202e-07 5.289194e-07 1.226320e-11 1.380352e-06 clkbuf_4_4__f_core_clk
 8.427449e-07 3.954884e-07 1.226320e-11 1.238246e-06 clkbuf_4_12__f_core_clk
 8.697853e-07 2.996524e-07 1.232310e-11 1.169450e-06 clkbuf_0_clk
 3.458578e-07 7.001680e-07 1.119044e-11 1.046037e-06 clkbuf_3_7__f_v_clk
 3.093344e-07 7.277953e-07 1.110577e-11 1.037141e-06 clkbuf_0_w_clk
 3.458950e-07 6.822996e-07 1.119044e-11 1.028206e-06 clkbuf_3_3__f_v_clk
 3.118398e-07 6.937954e-07 1.110577e-11 1.005646e-06 clkbuf_2_3__f_w_clk
 3.457609e-07 6.318599e-07 1.119044e-11 9.776319e-07 clkbuf_3_4__f_v_clk
 3.447458e-07 6.190862e-07 1.119044e-11 9.638431e-07 clkbuf_3_0__f_v_clk
 3.439740e-07 6.112015e-07 1.119044e-11 9.551866e-07 clkbuf_3_6__f_v_clk
 3.441892e-07 6.085706e-07 1.119044e-11 9.527710e-07 clkbuf_3_2__f_v_clk
 3.117370e-07 6.376973e-07 1.110577e-11 9.494454e-07 clkbuf_2_1__f_w_clk
 8.399734e-07 1.059717e-07 1.232310e-11 9.459574e-07 clkbuf_1_1__f_clk
 3.117326e-07 6.275441e-07 1.110577e-11 9.392878e-07 clkbuf_2_0__f_w_clk
 3.117476e-07 6.197866e-07 1.110577e-11 9.315453e-07 clkbuf_2_2__f_w_clk
 8.382793e-07 8.920241e-08 1.232310e-11 9.274941e-07 clkbuf_1_0__f_clk
 3.439147e-07 5.758552e-07 1.119044e-11 9.197811e-07 clkbuf_3_5__f_v_clk
 3.430229e-07 5.637650e-07 1.119044e-11 9.067991e-07 clkbuf_3_1__f_v_clk
 4.250698e-07 3.212766e-07 7.179370e-12 7.463535e-07 clkbuf_3_5_0_core_clk
 4.246663e-07 3.168445e-07 7.179370e-12 7.415180e-07 clkbuf_3_6_0_core_clk
 4.238059e-07 3.068570e-07 7.179370e-12 7.306700e-07 clkbuf_3_1_0_core_clk
 4.235812e-07 3.047301e-07 7.179370e-12 7.283184e-07 clkbuf_3_7_0_core_clk
 4.232582e-07 3.007611e-07 7.179370e-12 7.240264e-07 clkbuf_3_3_0_core_clk
 4.226282e-07 2.938352e-07 7.179370e-12 7.164706e-07 clkbuf_3_4_0_core_clk
 4.225596e-07 2.929698e-07 7.179370e-12 7.155366e-07 clkbuf_3_2_0_core_clk
 4.223637e-07 2.907973e-07 7.179370e-12 7.131681e-07 clkbuf_3_0_0_core_clk
 2.868408e-07 4.036184e-07 8.851418e-12 6.904680e-07 u_icg_w
 4.133493e-07 2.502188e-07 8.297852e-12 6.635763e-07 u_icg
 7.965973e-08 5.577981e-07 4.691356e-12 6.374626e-07 fanout242
 7.786600e-08 5.274043e-07 4.512675e-12 6.052748e-07 fanout374
 3.068031e-07 2.816619e-07 8.812884e-12 5.884738e-07 u_icg_v
 7.672079e-08 4.429516e-07 4.512675e-12 5.196769e-07 fanout347
 7.381043e-08 3.770012e-07 6.951245e-12 4.508186e-07 fanout167
 7.703179e-08 3.612783e-07 4.512675e-12 4.383146e-07 fanout367
 7.799410e-08 3.399485e-07 4.691356e-12 4.179473e-07 fanout220
 7.770598e-08 3.271540e-07 4.691356e-12 4.048646e-07 fanout223
 1.723032e-07 2.291529e-07 6.990795e-12 4.014631e-07 clkbuf_leaf_3_v_clk
 1.526057e-07 2.424425e-07 6.975912e-12 3.950552e-07 clkbuf_leaf_9_w_clk
 7.836718e-08 3.162291e-07 4.691356e-12 3.946010e-07 fanout215
 7.715737e-08 3.136774e-07 4.691356e-12 3.908394e-07 fanout216
 7.723303e-08 3.085405e-07 4.512675e-12 3.857781e-07 fanout373
 1.720630e-07 2.127212e-07 6.990795e-12 3.847911e-07 clkbuf_leaf_53_v_clk
 1.522258e-07 2.282653e-07 6.975912e-12 3.804981e-07 clkbuf_leaf_10_w_clk
 1.718788e-07 2.061468e-07 6.990795e-12 3.780326e-07 clkbuf_leaf_56_v_clk
 1.521062e-07 2.241123e-07 6.975912e-12 3.762254e-07 clkbuf_leaf_6_w_clk
 7.770753e-08 2.983421e-07 4.512675e-12 3.760541e-07 fanout341
 1.718085e-07 2.035441e-07 6.990795e-12 3.753596e-07 clkbuf_leaf_51_v_clk
 1.717717e-07 2.022635e-07 6.990795e-12 3.740422e-07 clkbuf_leaf_49_v_clk
 7.841372e-08 2.918591e-07 4.691356e-12 3.702775e-07 fanout222
 1.518908e-07 2.166331e-07 6.975912e-12 3.685309e-07 clkbuf_leaf_5_w_clk
 1.715891e-07 1.957324e-07 6.990795e-12 3.673285e-07 clkbuf_leaf_48_v_clk
 1.518215e-07 2.144586e-07 6.975912e-12 3.662870e-07 clkbuf_leaf_3_w_clk
 1.517947e-07 2.133391e-07 6.975912e-12 3.651408e-07 clkbuf_leaf_4_w_clk
 1.714653e-07 1.911651e-07 6.990795e-12 3.626374e-07 clkbuf_leaf_54_v_clk
 1.517436e-07 2.106230e-07 6.975912e-12 3.623735e-07 clkbuf_leaf_8_w_clk
 7.894167e-08 2.828662e-07 1.301462e-11 3.618208e-07 fanout380
 7.777136e-08 2.826741e-07 4.512675e-12 3.604500e-07 fanout346
 1.516777e-07 2.085147e-07 6.975912e-12 3.601994e-07 clkbuf_leaf_7_w_clk
 1.713485e-07 1.870908e-07 6.990795e-12 3.584464e-07 clkbuf_leaf_50_v_clk
 1.514070e-07 2.060781e-07 6.975912e-12 3.574920e-07 clkbuf_leaf_22_w_clk
 1.707683e-07 1.838613e-07 6.990795e-12 3.546366e-07 clkbuf_leaf_45_v_clk
 1.515584e-07 2.029545e-07 6.975912e-12 3.545198e-07 clkbuf_leaf_35_w_clk
 1.710186e-07 1.827749e-07 6.990795e-12 3.538005e-07 clkbuf_leaf_34_v_clk
 1.514474e-07 1.994212e-07 6.975912e-12 3.508756e-07 clkbuf_leaf_12_w_clk
 1.709318e-07 1.796256e-07 6.990795e-12 3.505644e-07 clkbuf_leaf_5_v_clk
 1.514137e-07 1.983177e-07 6.975912e-12 3.497384e-07 clkbuf_leaf_11_w_clk
 7.764375e-08 2.703719e-07 4.512675e-12 3.480201e-07 fanout358
 1.710368e-07 1.757066e-07 6.990795e-12 3.467505e-07 clkbuf_leaf_72_v_clk
 7.816733e-08 2.681566e-07 4.691356e-12 3.463286e-07 fanout237
 1.707872e-07 1.742546e-07 6.990795e-12 3.450488e-07 clkbuf_leaf_2_v_clk
 1.513352e-07 1.931092e-07 6.975912e-12 3.444514e-07 clkbuf_leaf_26_w_clk
 1.704987e-07 1.737048e-07 6.990795e-12 3.442105e-07 clkbuf_leaf_38_v_clk
 1.704910e-07 1.733776e-07 6.990795e-12 3.438756e-07 clkbuf_leaf_23_v_clk
 1.707492e-07 1.729154e-07 6.990795e-12 3.436716e-07 clkbuf_leaf_4_v_clk
 1.510290e-07 1.921484e-07 6.975912e-12 3.431843e-07 clkbuf_leaf_16_w_clk
 1.706935e-07 1.713558e-07 6.990795e-12 3.420562e-07 clkbuf_leaf_33_v_clk
 1.708999e-07 1.708982e-07 6.990795e-12 3.418051e-07 clkbuf_leaf_52_v_clk
 1.706956e-07 1.710661e-07 6.990795e-12 3.417686e-07 clkbuf_leaf_0_v_clk
 1.704175e-07 1.710128e-07 6.990795e-12 3.414372e-07 clkbuf_leaf_44_v_clk
 1.703975e-07 1.696491e-07 6.990795e-12 3.400536e-07 clkbuf_leaf_18_v_clk
 1.706192e-07 1.692945e-07 6.990795e-12 3.399207e-07 clkbuf_leaf_30_v_clk
 1.706170e-07 1.690502e-07 6.990795e-12 3.396741e-07 clkbuf_leaf_31_v_clk
 1.703684e-07 1.685621e-07 6.990795e-12 3.389375e-07 clkbuf_leaf_43_v_clk
 1.511485e-07 1.865407e-07 6.975912e-12 3.376962e-07 clkbuf_leaf_31_w_clk
 1.511430e-07 1.859971e-07 6.975912e-12 3.371470e-07 clkbuf_leaf_25_w_clk
 1.511287e-07 1.855721e-07 6.975912e-12 3.367077e-07 clkbuf_leaf_27_w_clk
 1.702701e-07 1.652306e-07 6.990795e-12 3.355077e-07 clkbuf_leaf_19_v_clk
 1.705217e-07 1.648150e-07 6.990795e-12 3.353437e-07 clkbuf_leaf_76_v_clk
 1.702507e-07 1.642840e-07 6.990795e-12 3.345418e-07 clkbuf_leaf_14_v_clk
 1.702305e-07 1.634844e-07 6.990795e-12 3.337219e-07 clkbuf_leaf_42_v_clk
 1.507859e-07 1.829189e-07 6.975912e-12 3.337117e-07 clkbuf_leaf_24_w_clk
 1.510082e-07 1.825439e-07 6.975912e-12 3.335591e-07 clkbuf_leaf_0_w_clk
 1.706435e-07 1.610697e-07 6.990795e-12 3.317201e-07 clkbuf_leaf_73_v_clk
 1.703571e-07 1.590958e-07 6.990795e-12 3.294599e-07 clkbuf_leaf_28_v_clk
 1.509001e-07 1.782473e-07 6.975912e-12 3.291544e-07 clkbuf_leaf_41_w_clk
 1.705441e-07 1.585219e-07 6.990795e-12 3.290730e-07 clkbuf_leaf_70_v_clk
 1.703481e-07 1.583585e-07 6.990795e-12 3.287136e-07 clkbuf_leaf_1_v_clk
 1.508767e-07 1.776363e-07 6.975912e-12 3.285200e-07 clkbuf_leaf_38_w_clk
 1.702938e-07 1.570731e-07 6.990795e-12 3.273739e-07 clkbuf_leaf_32_v_clk
 1.703425e-07 1.565709e-07 6.990795e-12 3.269204e-07 clkbuf_leaf_13_v_clk
 1.505894e-07 1.752590e-07 6.975912e-12 3.258554e-07 clkbuf_leaf_20_w_clk
 1.704316e-07 1.543113e-07 6.990795e-12 3.247499e-07 clkbuf_leaf_69_v_clk
 1.702289e-07 1.544098e-07 6.990795e-12 3.246457e-07 clkbuf_leaf_27_v_clk
 1.507663e-07 1.737059e-07 6.975912e-12 3.244792e-07 clkbuf_leaf_37_w_clk
 1.699653e-07 1.542333e-07 6.990795e-12 3.242056e-07 clkbuf_leaf_22_v_clk
 1.702651e-07 1.538321e-07 6.990795e-12 3.241042e-07 clkbuf_leaf_7_v_clk
 1.505210e-07 1.730589e-07 6.975912e-12 3.235869e-07 clkbuf_leaf_15_w_clk
 7.421918e-08 2.485235e-07 1.287831e-11 3.227555e-07 fanout375
 1.699243e-07 1.522177e-07 6.990795e-12 3.221490e-07 clkbuf_leaf_40_v_clk
 1.701640e-07 1.517175e-07 6.990795e-12 3.218885e-07 clkbuf_leaf_75_v_clk
 1.698348e-07 1.489513e-07 6.990795e-12 3.187931e-07 clkbuf_leaf_41_v_clk
 1.697884e-07 1.477083e-07 6.990795e-12 3.175036e-07 clkbuf_leaf_36_v_clk
 1.503368e-07 1.657789e-07 6.975912e-12 3.161227e-07 clkbuf_leaf_17_w_clk
 1.700400e-07 1.456961e-07 6.990795e-12 3.157431e-07 clkbuf_leaf_12_v_clk
 1.697246e-07 1.453316e-07 6.990795e-12 3.150631e-07 clkbuf_leaf_24_v_clk
 1.502637e-07 1.633789e-07 6.975912e-12 3.136497e-07 clkbuf_leaf_21_w_clk
 1.505046e-07 1.628653e-07 6.975912e-12 3.133769e-07 clkbuf_leaf_30_w_clk
 1.699063e-07 1.434615e-07 6.990795e-12 3.133748e-07 clkbuf_leaf_29_v_clk
 1.503876e-07 1.595577e-07 6.975912e-12 3.099522e-07 clkbuf_leaf_40_w_clk
 1.695829e-07 1.399825e-07 6.990795e-12 3.095724e-07 clkbuf_leaf_20_v_clk
 1.695475e-07 1.388879e-07 6.990795e-12 3.084425e-07 clkbuf_leaf_21_v_clk
 1.503219e-07 1.573805e-07 6.975912e-12 3.077094e-07 clkbuf_leaf_1_w_clk
 1.694889e-07 1.366799e-07 6.990795e-12 3.061758e-07 clkbuf_leaf_39_v_clk
 1.499916e-07 1.531550e-07 6.975912e-12 3.031536e-07 clkbuf_leaf_13_w_clk
 1.698478e-07 1.332739e-07 6.990795e-12 3.031287e-07 clkbuf_leaf_68_v_clk
 1.499927e-07 1.529845e-07 6.975912e-12 3.029841e-07 clkbuf_leaf_18_w_clk
 1.697868e-07 1.323959e-07 6.990795e-12 3.021897e-07 clkbuf_leaf_74_v_clk
 1.693487e-07 1.328133e-07 6.990795e-12 3.021690e-07 clkbuf_leaf_46_v_clk
 1.694542e-07 1.311903e-07 6.990795e-12 3.006515e-07 clkbuf_leaf_35_v_clk
 1.692307e-07 1.312747e-07 6.990795e-12 3.005124e-07 clkbuf_leaf_37_v_clk
 1.695419e-07 1.298969e-07 6.990795e-12 2.994458e-07 clkbuf_leaf_71_v_clk
 1.689769e-07 1.284491e-07 6.990795e-12 2.974330e-07 clkbuf_leaf_25_v_clk
 1.500686e-07 1.467681e-07 6.975912e-12 2.968436e-07 clkbuf_leaf_28_w_clk
 1.500402e-07 1.467400e-07 6.975912e-12 2.967872e-07 clkbuf_leaf_39_w_clk
 1.500452e-07 1.458780e-07 6.975912e-12 2.959302e-07 clkbuf_leaf_29_w_clk
 1.499729e-07 1.444020e-07 6.975912e-12 2.943818e-07 clkbuf_leaf_42_w_clk
 1.688841e-07 1.254656e-07 6.990795e-12 2.943566e-07 clkbuf_leaf_59_v_clk
 1.689480e-07 1.252642e-07 6.990795e-12 2.942191e-07 clkbuf_leaf_6_v_clk
 1.687739e-07 1.232481e-07 6.990795e-12 2.920290e-07 clkbuf_leaf_26_v_clk
 1.496671e-07 1.407701e-07 6.975912e-12 2.904442e-07 clkbuf_leaf_14_w_clk
 1.683234e-07 1.190016e-07 6.990795e-12 2.873319e-07 clkbuf_leaf_58_v_clk
 1.498106e-07 1.373149e-07 6.975912e-12 2.871325e-07 clkbuf_leaf_32_w_clk
 1.682942e-07 1.173555e-07 6.990795e-12 2.856567e-07 clkbuf_leaf_9_v_clk
 7.754448e-08 2.068337e-07 1.162869e-11 2.843898e-07 fanout525
 1.494252e-07 1.317303e-07 6.975912e-12 2.811624e-07 clkbuf_leaf_19_w_clk
 1.680179e-07 1.126063e-07 6.990795e-12 2.806311e-07 clkbuf_leaf_67_v_clk
 1.495672e-07 1.297704e-07 6.975912e-12 2.793446e-07 clkbuf_leaf_36_w_clk
 1.676612e-07 1.114231e-07 6.990795e-12 2.790913e-07 clkbuf_leaf_57_v_clk
 1.675396e-07 1.101268e-07 6.990795e-12 2.776734e-07 clkbuf_leaf_60_v_clk
 1.673146e-07 1.075392e-07 6.990795e-12 2.748608e-07 clkbuf_leaf_61_v_clk
 1.673031e-07 1.072731e-07 6.990795e-12 2.745832e-07 clkbuf_leaf_66_v_clk
 1.672607e-07 1.055773e-07 6.990795e-12 2.728450e-07 clkbuf_leaf_11_v_clk
 1.668730e-07 1.011915e-07 6.990795e-12 2.680714e-07 clkbuf_leaf_15_v_clk
 1.665273e-07 9.846340e-08 6.990795e-12 2.649977e-07 clkbuf_leaf_63_v_clk
 1.664458e-07 9.631290e-08 6.990795e-12 2.627657e-07 clkbuf_leaf_8_v_clk
 1.662891e-07 9.576901e-08 6.990795e-12 2.620651e-07 clkbuf_leaf_62_v_clk
 1.654278e-07 8.473290e-08 6.990795e-12 2.501677e-07 clkbuf_leaf_16_v_clk
 4.387297e-08 2.062125e-07 3.995638e-12 2.500895e-07 fanout366
 1.652758e-07 8.408509e-08 6.990795e-12 2.493678e-07 clkbuf_leaf_65_v_clk
 4.343684e-08 2.043467e-07 3.995638e-12 2.477875e-07 fanout370
 4.423376e-08 1.977094e-07 3.992760e-12 2.419471e-07 fanout340
 1.641396e-07 7.104295e-08 6.990795e-12 2.351896e-07 clkbuf_leaf_55_v_clk
 4.408623e-08 1.873863e-07 4.316202e-12 2.314769e-07 fanout214
 4.391886e-08 1.854610e-07 3.995638e-12 2.293839e-07 fanout369
 4.370748e-08 1.800355e-07 4.316202e-12 2.237473e-07 fanout233
 4.390360e-08 1.759656e-07 4.316202e-12 2.198736e-07 fanout239
 4.367540e-08 1.631047e-07 3.995638e-12 2.067841e-07 fanout344
 3.948929e-08 1.669430e-07 7.068115e-12 2.064394e-07 fanout527
 2.053138e-07 0.000000e+00 4.609700e-12 2.053184e-07 clkload6
 4.373878e-08 1.576272e-07 4.316202e-12 2.013703e-07 fanout226
 4.369218e-08 1.552383e-07 4.316202e-12 1.989348e-07 fanout231
 4.418693e-08 1.489121e-07 4.316202e-12 1.931034e-07 fanout236
 3.581785e-08 1.432060e-07 7.070943e-12 1.790310e-07 fanout529
 3.159159e-08 1.429998e-07 7.303571e-12 1.745987e-07 fanout389
 3.522613e-08 1.371317e-07 7.339142e-12 1.723651e-07 fanout384
 4.406990e-08 1.277014e-07 3.997297e-12 1.717753e-07 fanout343
 3.671740e-08 1.315957e-07 7.092078e-12 1.683202e-07 fanout533
 3.560539e-08 1.297673e-07 7.040432e-12 1.653798e-07 fanout519
 1.590348e-07 0.000000e+00 6.990795e-12 1.590418e-07 clkload86
 1.588734e-07 0.000000e+00 6.990795e-12 1.588804e-07 clkload85
 1.587204e-07 0.000000e+00 6.990795e-12 1.587274e-07 clkload81
 1.584207e-07 0.000000e+00 6.990795e-12 1.584277e-07 clkload103
 1.583931e-07 0.000000e+00 6.990795e-12 1.584001e-07 clkload76
 1.583749e-07 0.000000e+00 6.990795e-12 1.583819e-07 clkload63
 1.583490e-07 0.000000e+00 6.990795e-12 1.583560e-07 clkload72
 1.582844e-07 0.000000e+00 6.990795e-12 1.582914e-07 clkload56
 1.574239e-07 0.000000e+00 6.990795e-12 1.574308e-07 clkload49
 3.175548e-08 1.237438e-07 7.076003e-12 1.555063e-07 fanout517
 2.483897e-08 1.302892e-07 4.453663e-12 1.551326e-07 fanout335
 3.336071e-08 1.200038e-07 7.186886e-12 1.533717e-07 fanout391
 3.558516e-08 1.163763e-07 7.040432e-12 1.519685e-07 fanout520
 1.985983e-08 1.244413e-07 4.704499e-12 1.443058e-07 fanout528
 2.144062e-08 1.212926e-07 7.484108e-12 1.427407e-07 fanout288
 2.772191e-08 1.142996e-07 7.438511e-12 1.420290e-07 fanout187
 3.169627e-08 1.077526e-07 7.076003e-12 1.394559e-07 fanout513
 1.393070e-07 0.000000e+00 6.975912e-12 1.393140e-07 clkload30
 2.017781e-08 1.187604e-07 4.459655e-12 1.389427e-07 fanout141
 2.044218e-08 1.179034e-07 6.895318e-12 1.383525e-07 fanout316
 3.155900e-08 1.004247e-07 7.076003e-12 1.319907e-07 fanout515
 3.138877e-08 9.810945e-08 7.303571e-12 1.295055e-07 fanout387
 1.766290e-08 1.021145e-07 4.684930e-12 1.197820e-07 fanout110
 2.213662e-08 9.336251e-08 7.438303e-12 1.155066e-07 fanout183
 1.597674e-08 9.308718e-08 4.504136e-12 1.090684e-07 fanout388
 1.948245e-08 8.611481e-08 7.336796e-12 1.056046e-07 fanout328
 1.720448e-08 8.597532e-08 4.802141e-12 1.031846e-07 fanout174
 1.892966e-08 8.334152e-08 4.517798e-12 1.022757e-07 fanout376
 1.401833e-08 8.357009e-08 4.389445e-12 9.759280e-08 fanout188
 1.606802e-08 8.082209e-08 4.832800e-12 9.689494e-08 fanout90
 1.781504e-08 7.892924e-08 4.399642e-12 9.674868e-08 fanout171
 1.733700e-08 7.623128e-08 4.802141e-12 9.357309e-08 fanout172
 1.387237e-08 7.839166e-08 4.812246e-12 9.226885e-08 fanout189
 1.898801e-08 7.184487e-08 7.336761e-12 9.084022e-08 fanout327
 1.859326e-08 7.089909e-08 4.727788e-12 8.949708e-08 fanout524
 1.665413e-08 7.149813e-08 4.598379e-12 8.815685e-08 fanout505
 1.376810e-08 7.257459e-08 6.941270e-12 8.634962e-08 fanout185
 1.614856e-08 6.875336e-08 4.697554e-12 8.490661e-08 fanout512
 1.658823e-08 6.744310e-08 4.697554e-12 8.403602e-08 fanout518
 1.552854e-08 6.742187e-08 7.473878e-12 8.295788e-08 fanout129
 8.195498e-08 0.000000e+00 4.769976e-12 8.195975e-08 clkload84
 8.190572e-08 0.000000e+00 4.769976e-12 8.191049e-08 clkload87
 8.189313e-08 0.000000e+00 4.769976e-12 8.189790e-08 clkload83
 8.185390e-08 0.000000e+00 4.769976e-12 8.185867e-08 clkload82
 8.176722e-08 0.000000e+00 4.769976e-12 8.177199e-08 clkload107
 8.174857e-08 0.000000e+00 4.769976e-12 8.175333e-08 clkload69
 8.173501e-08 0.000000e+00 4.769976e-12 8.173978e-08 clkload108
 8.172365e-08 0.000000e+00 4.769976e-12 8.172842e-08 clkload109
 8.172309e-08 0.000000e+00 4.769976e-12 8.172785e-08 clkload100
 8.171294e-08 0.000000e+00 4.769976e-12 8.171771e-08 clkload77
 8.170843e-08 0.000000e+00 4.769976e-12 8.171320e-08 clkload65
 1.692210e-08 6.304005e-08 4.598579e-12 7.996675e-08 fanout503
 1.240626e-08 6.225511e-08 4.836258e-12 7.466621e-08 fanout131
 1.049981e-08 6.391361e-08 4.350564e-12 7.441777e-08 fanout279
 1.591382e-08 5.787197e-08 4.832909e-12 7.379062e-08 fanout86
 1.565098e-08 5.642008e-08 7.412405e-12 7.207847e-08 fanout179
 9.718622e-09 6.220514e-08 4.725764e-12 7.192849e-08 fanout333
 7.192224e-08 0.000000e+00 4.782626e-12 7.192703e-08 clkload29
 1.049827e-08 6.119139e-08 4.851126e-12 7.169452e-08 fanout294
 1.121010e-08 5.826930e-08 4.389623e-12 6.948379e-08 fanout184
 1.614567e-08 5.184150e-08 4.697554e-12 6.799186e-08 fanout510
 1.051971e-08 5.740723e-08 4.550056e-12 6.793149e-08 fanout502
 1.462829e-08 5.281451e-08 4.640378e-12 6.744744e-08 fanout201
 1.042374e-08 5.681568e-08 4.672696e-12 6.724409e-08 fanout133
 9.534574e-09 5.707862e-08 4.725764e-12 6.661792e-08 fanout332
 1.066247e-08 5.178463e-08 4.350692e-12 6.245146e-08 fanout275
 1.023932e-08 5.130440e-08 4.550056e-12 6.154826e-08 fanout500
 9.557088e-09 5.133513e-08 4.725764e-12 6.089694e-08 fanout330
 1.057116e-08 5.018487e-08 4.350692e-12 6.076037e-08 fanout268
 9.596178e-09 4.824397e-08 4.725764e-12 5.784488e-08 fanout331
 1.064220e-08 4.715890e-08 4.350692e-12 5.780545e-08 fanout260
 1.059170e-08 4.702770e-08 4.350692e-12 5.762375e-08 fanout273
 1.057277e-08 4.648954e-08 4.851126e-12 5.706716e-08 fanout304
 7.896599e-09 4.912522e-08 4.411634e-12 5.702623e-08 fanout180
 1.068194e-08 4.610306e-08 4.832784e-12 5.678983e-08 fanout103
 1.059226e-08 4.514808e-08 4.851126e-12 5.574519e-08 fanout300
 1.055088e-08 4.518514e-08 4.651635e-12 5.574068e-08 fanout392
 5.549661e-08 0.000000e+00 5.201025e-12 5.550181e-08 clkload28
 5.539532e-08 0.000000e+00 5.201025e-12 5.540052e-08 clkload24
 1.059485e-08 4.467812e-08 4.350692e-12 5.527732e-08 fanout284
 1.058420e-08 4.418372e-08 4.851126e-12 5.477277e-08 fanout309
 1.060378e-08 4.386117e-08 4.350692e-12 5.446930e-08 fanout274
 8.833036e-09 4.525923e-08 4.753847e-12 5.409702e-08 fanout196
 1.068863e-08 4.329711e-08 4.350692e-12 5.399010e-08 fanout267
 9.957510e-09 4.346634e-08 4.194560e-12 5.342805e-08 fanout205
 1.137823e-08 4.168227e-08 4.464626e-12 5.306497e-08 fanout125
 1.072353e-08 4.228918e-08 4.832911e-12 5.301754e-08 fanout247
 8.944349e-09 4.394570e-08 3.709032e-12 5.289376e-08 fanout102
 1.072822e-08 4.193863e-08 4.350692e-12 5.267120e-08 fanout283
 1.068169e-08 4.197536e-08 4.851000e-12 5.266190e-08 fanout311
 1.060728e-08 4.163778e-08 4.350692e-12 5.224941e-08 fanout286
 1.011735e-08 4.173360e-08 3.926080e-12 5.185488e-08 fanout382
 1.063168e-08 4.048183e-08 4.851126e-12 5.111836e-08 fanout293
 8.818612e-09 4.222359e-08 4.753952e-12 5.104695e-08 fanout195
 8.943221e-09 4.196694e-08 3.709004e-12 5.091387e-08 fanout100
 1.059250e-08 4.020191e-08 4.350564e-12 5.079876e-08 fanout265
 1.071249e-08 4.006044e-08 4.851000e-12 5.077778e-08 fanout305
 1.074963e-08 3.954243e-08 4.368780e-12 5.029643e-08 fanout244
 8.945450e-09 4.128990e-08 3.709004e-12 5.023906e-08 fanout99
 8.850234e-09 4.087765e-08 4.753847e-12 4.973263e-08 fanout193
 1.072972e-08 3.866397e-08 4.350692e-12 4.939804e-08 fanout272
 1.065452e-08 3.851885e-08 4.851000e-12 4.917822e-08 fanout291
 1.072892e-08 3.836503e-08 4.350692e-12 4.909830e-08 fanout259
 1.026724e-08 3.866840e-08 4.155678e-12 4.893979e-08 fanout202
 1.004580e-08 3.848390e-08 4.199326e-12 4.853390e-08 fanout199
 8.934417e-09 3.929383e-08 4.570155e-12 4.823282e-08 fanout89
 9.851033e-09 3.780178e-08 4.204999e-12 4.765702e-08 fanout204
 8.972179e-09 3.787013e-08 3.709215e-12 4.684602e-08 fanout98
 8.956145e-09 3.741097e-08 3.709004e-12 4.637083e-08 fanout97
 1.070143e-08 3.562482e-08 4.350692e-12 4.633060e-08 fanout276
 9.175235e-09 3.682965e-08 4.196375e-12 4.600908e-08 fanout209
 9.405398e-09 3.636139e-08 4.172093e-12 4.577095e-08 fanout203
 1.069935e-08 3.353616e-08 4.851000e-12 4.424036e-08 fanout308
 8.874907e-09 3.462002e-08 4.753847e-12 4.349968e-08 fanout194
 4.279454e-08 0.000000e+00 3.803935e-12 4.279835e-08 clkload5
 8.986283e-09 3.371099e-08 3.709215e-12 4.270098e-08 fanout96
 8.928256e-09 3.335105e-08 3.709214e-12 4.228302e-08 fanout93
 9.000289e-09 3.298759e-08 4.179354e-12 4.199205e-08 fanout207
 8.451163e-09 3.327301e-08 4.226786e-12 4.172840e-08 fanout208
 4.124762e-08 0.000000e+00 4.479945e-12 4.125210e-08 clkload8
 8.927551e-09 3.217788e-08 3.709214e-12 4.110914e-08 fanout91
 9.007087e-09 3.117691e-08 3.709060e-12 4.018771e-08 fanout95
 5.957876e-09 3.237891e-08 4.602837e-12 3.834139e-08 fanout292
 8.241865e-09 2.906273e-08 4.236401e-12 3.730883e-08 fanout206
 5.964740e-09 3.099380e-08 3.705033e-12 3.696224e-08 fanout281
 6.107627e-09 2.862502e-08 3.741831e-12 3.473639e-08 fanout85
 5.156986e-09 2.843621e-08 4.343637e-12 3.359754e-08 fanout106
 5.953539e-09 2.762010e-08 4.602837e-12 3.357825e-08 fanout303
 3.285024e-08 0.000000e+00 2.752760e-12 3.285299e-08 clkload90
 3.282687e-08 0.000000e+00 2.752760e-12 3.282963e-08 clkload93
 5.955303e-09 2.656483e-08 4.602837e-12 3.252473e-08 fanout306
 6.002914e-09 2.631284e-08 4.602837e-12 3.232035e-08 fanout297
 5.898050e-09 2.615170e-08 4.282725e-12 3.205403e-08 fanout134
 6.824328e-09 2.414064e-08 4.267637e-12 3.096924e-08 fanout210
 5.964930e-09 2.492357e-08 3.705033e-12 3.089221e-08 fanout270
 6.021175e-09 2.339108e-08 3.741854e-12 2.941599e-08 fanout82
 2.900875e-08 0.000000e+00 2.650683e-12 2.901140e-08 clkload40
 2.869496e-08 0.000000e+00 2.650683e-12 2.869761e-08 clkload25
 2.867884e-08 0.000000e+00 2.650683e-12 2.868149e-08 clkload22
 5.943275e-09 2.263494e-08 4.244940e-12 2.858246e-08 fanout393
 6.118901e-09 2.227263e-08 4.511831e-12 2.839605e-08 fanout536
 2.726878e-08 0.000000e+00 1.567550e-12 2.727034e-08 clkload0
 6.022068e-09 2.087891e-08 4.570156e-12 2.690555e-08 fanout250
 6.107412e-09 2.058694e-08 4.602837e-12 2.669895e-08 fanout166
 5.999895e-09 2.052727e-08 4.602610e-12 2.653177e-08 fanout312
 6.179366e-09 1.929750e-08 4.335860e-12 2.548120e-08 fanout114
 2.532902e-08 0.000000e+00 1.153343e-13 2.532914e-08 clkload60
 2.506019e-08 0.000000e+00 1.153343e-13 2.506031e-08 clkload95
 2.493487e-08 0.000000e+00 1.153343e-13 2.493499e-08 clkload79
 2.491609e-08 0.000000e+00 1.153343e-13 2.491620e-08 clkload64
 5.505625e-09 1.933904e-08 4.331234e-12 2.484900e-08 fanout119
 2.483759e-08 0.000000e+00 1.153343e-13 2.483771e-08 clkload61
 2.476533e-08 0.000000e+00 1.153343e-13 2.476545e-08 clkload75
 2.471163e-08 0.000000e+00 1.153343e-13 2.471174e-08 clkload78
 2.457852e-08 0.000000e+00 1.153343e-13 2.457864e-08 clkload53
 2.417889e-08 0.000000e+00 1.153343e-13 2.417900e-08 clkload88
 2.410581e-08 0.000000e+00 1.153343e-13 2.410592e-08 clkload89
 2.409124e-08 0.000000e+00 1.153343e-13 2.409135e-08 clkload91
 2.271427e-08 0.000000e+00 1.153343e-13 2.271439e-08 clkload45
 2.253135e-08 0.000000e+00 1.153343e-13 2.253147e-08 clkload48
 2.765557e-09 1.915494e-08 3.699269e-12 2.192420e-08 max_cap71
 2.159453e-08 0.000000e+00 1.129803e-13 2.159464e-08 clkload33
 2.128989e-08 0.000000e+00 1.129803e-13 2.129000e-08 clkload14
 2.124349e-08 0.000000e+00 1.129803e-13 2.124361e-08 clkload15
 1.775904e-08 0.000000e+00 1.901821e-12 1.776094e-08 clkload80
 1.751465e-08 0.000000e+00 1.901821e-12 1.751655e-08 clkload67
 1.746538e-08 0.000000e+00 1.901821e-12 1.746728e-08 clkload70
 1.741955e-08 0.000000e+00 1.901821e-12 1.742145e-08 clkload68
 1.716176e-08 0.000000e+00 1.901821e-12 1.716366e-08 clkload102
 1.714036e-08 0.000000e+00 1.901821e-12 1.714226e-08 clkload111
 1.712927e-08 0.000000e+00 1.901821e-12 1.713117e-08 clkload105
 1.712541e-08 0.000000e+00 1.901821e-12 1.712731e-08 clkload74
 1.711497e-08 0.000000e+00 1.901821e-12 1.711688e-08 clkload98
 1.709153e-08 0.000000e+00 1.901821e-12 1.709343e-08 clkload106
 1.708658e-08 0.000000e+00 1.901821e-12 1.708848e-08 clkload96
 1.707946e-08 0.000000e+00 1.901821e-12 1.708136e-08 clkload101
 1.707402e-08 0.000000e+00 1.901821e-12 1.707593e-08 clkload97
 1.706023e-08 0.000000e+00 1.901821e-12 1.706214e-08 clkload59
 1.705730e-08 0.000000e+00 1.901821e-12 1.705920e-08 clkload73
 1.704693e-08 0.000000e+00 1.901821e-12 1.704883e-08 clkload99
 1.704148e-08 0.000000e+00 1.901821e-12 1.704338e-08 clkload110
 1.703483e-08 0.000000e+00 1.901821e-12 1.703673e-08 clkload54
 4.064292e-09 1.295400e-08 4.865838e-12 1.702316e-08 fanout115
 1.663920e-08 0.000000e+00 1.901821e-12 1.664110e-08 clkload51
 1.495188e-08 0.000000e+00 1.751693e-12 1.495363e-08 clkload42
 1.492338e-08 0.000000e+00 1.751693e-12 1.492513e-08 clkload31
 1.483502e-08 0.000000e+00 1.751693e-12 1.483677e-08 clkload26
 1.467867e-08 0.000000e+00 1.751693e-12 1.468042e-08 clkload9
 2.344468e-09 1.050886e-08 4.629197e-12 1.285795e-08 fanout116
 2.807983e-09 9.714412e-09 4.869183e-12 1.252726e-08 fanout253
 2.392489e-09 9.424981e-09 4.602610e-12 1.182207e-08 fanout200
 3.028786e-09 8.744865e-09 4.631360e-12 1.177828e-08 fanout79
 1.633101e-09 7.327037e-09 3.673974e-12 8.963812e-09 fanout163
 1.575965e-09 7.067059e-09 6.869564e-12 8.649893e-09 fanout107
 1.662527e-09 6.043172e-09 4.633648e-12 7.710333e-09 fanout162
 1.084498e-09 6.090267e-09 4.871886e-12 7.179637e-09 fanout105
 1.386013e-09 5.134608e-09 4.442404e-12 6.525063e-09 fanout319
 1.471736e-09 5.031259e-09 4.638203e-12 6.507633e-09 fanout118
 1.020689e-09 4.465579e-09 4.871885e-12 5.491140e-09 fanout104
 5.998751e-10 4.653585e-09 3.663300e-12 5.257123e-09 wire73
 7.693124e-10 2.931017e-09 4.368856e-12 3.704698e-09 fanout318
 7.595438e-10 2.877942e-09 3.781287e-12 3.641267e-09 fanout323
 3.018447e-10 1.190120e-09 3.682110e-12 1.495647e-09 fanout325
 2.691787e-10 1.082218e-09 3.724322e-12 1.355121e-09 fanout320
 1.587612e-10 6.308912e-10 4.480966e-12 7.941334e-10 fanout394
 1.598763e-10 5.539631e-10 4.480966e-12 7.183204e-10 fanout395
 1.171825e-10 4.699344e-10 4.242445e-12 5.913592e-10 fanout399
 1.128322e-10 4.329732e-10 4.242445e-12 5.500478e-10 fanout397
 1.272248e-10 3.570077e-10 3.659651e-12 4.878922e-10 max_cap72
 5.336642e-11 2.049859e-10 3.666451e-12 2.620187e-10 fanout317
 3.954083e-11 1.957513e-10 4.328553e-12 2.396207e-10 fanout498
 9.423335e-11 7.314228e-11 1.181000e-12 1.685566e-10 _15235_
 9.414593e-11 6.557017e-11 1.181000e-12 1.608971e-10 _15231_
 9.372099e-11 5.092304e-11 1.181000e-12 1.458250e-10 _15239_
 9.356520e-11 4.780597e-11 1.181000e-12 1.425522e-10 _15232_
 9.347840e-11 4.606950e-11 1.181000e-12 1.407289e-10 _15230_
 9.327437e-11 4.198668e-11 1.181000e-12 1.364421e-10 _15236_
 9.326337e-11 4.176686e-11 1.181000e-12 1.362112e-10 _15237_
 2.266991e-11 1.098437e-10 3.665316e-12 1.361789e-10 fanout465
 9.325751e-11 4.164981e-11 1.181000e-12 1.360883e-10 _15234_
 9.320792e-11 4.065758e-11 1.181000e-12 1.350465e-10 _15238_
 9.317785e-11 4.005563e-11 1.181000e-12 1.344145e-10 _15233_
 2.231323e-11 1.082318e-10 3.665316e-12 1.342104e-10 fanout440
 2.255117e-11 1.075289e-10 3.665316e-12 1.337453e-10 fanout423
 2.246606e-11 1.054438e-10 3.665316e-12 1.315751e-10 fanout488
 2.250406e-11 1.043587e-10 3.665316e-12 1.305281e-10 fanout425
 2.262643e-11 1.028006e-10 3.665316e-12 1.290924e-10 fanout412
 2.272444e-11 1.019572e-10 3.665318e-12 1.283469e-10 fanout415
 2.233227e-11 1.013453e-10 3.665316e-12 1.273429e-10 fanout446
 2.268380e-11 9.964582e-11 3.665316e-12 1.259949e-10 fanout477
 2.273846e-11 9.872468e-11 3.665318e-12 1.251285e-10 fanout416
 2.249665e-11 9.528989e-11 3.665318e-12 1.214518e-10 fanout409
 2.259146e-11 9.406217e-11 3.665316e-12 1.203189e-10 fanout441
 2.248058e-11 9.398161e-11 3.665316e-12 1.201275e-10 fanout495
 2.264663e-11 9.371173e-11 3.665316e-12 1.200237e-10 fanout436
 2.244873e-11 9.339386e-11 3.665316e-12 1.195079e-10 fanout429
 2.268058e-11 9.163938e-11 3.665316e-12 1.179853e-10 fanout460
 2.249915e-11 9.173646e-11 3.665316e-12 1.179009e-10 fanout422
 2.250736e-11 9.107753e-11 3.665316e-12 1.172502e-10 fanout484
 2.250696e-11 9.092925e-11 3.665316e-12 1.171015e-10 fanout487
 2.237345e-11 9.035912e-11 3.665316e-12 1.163979e-10 fanout471
 2.237456e-11 9.004233e-11 3.665316e-12 1.160822e-10 fanout427
 2.248989e-11 8.847719e-11 3.665316e-12 1.146324e-10 fanout466
 2.251892e-11 8.837791e-11 3.665316e-12 1.145621e-10 fanout476
 2.251879e-11 8.800625e-11 3.665316e-12 1.141904e-10 fanout411
 2.250945e-11 8.768702e-11 3.665316e-12 1.138618e-10 fanout424
 6.718752e-11 4.487608e-11 1.181000e-12 1.132446e-10 _15226_
 2.234861e-11 8.313095e-11 3.665316e-12 1.091449e-10 fanout437
 2.245244e-11 8.295195e-11 3.665316e-12 1.090697e-10 fanout455
 2.263897e-11 8.273748e-11 3.665316e-12 1.090418e-10 fanout450
 2.247802e-11 8.191303e-11 3.665316e-12 1.080564e-10 fanout438
 2.265764e-11 8.173120e-11 3.665316e-12 1.080542e-10 fanout451
 2.237407e-11 8.189063e-11 3.665316e-12 1.079300e-10 fanout420
 2.253898e-11 8.165891e-11 3.665316e-12 1.078632e-10 fanout431
 2.262928e-11 8.152320e-11 3.665318e-12 1.078178e-10 fanout449
 2.247057e-11 7.999482e-11 3.665316e-12 1.061307e-10 fanout496
 2.244975e-11 7.880485e-11 3.665316e-12 1.049199e-10 fanout452
 2.256328e-11 7.830541e-11 3.665316e-12 1.045340e-10 fanout462
 2.233286e-11 7.789043e-11 3.665318e-12 1.038886e-10 fanout444
 2.250823e-11 7.684896e-11 3.665316e-12 1.030225e-10 fanout478
 6.673192e-11 3.488266e-11 1.181000e-12 1.027956e-10 _15227_
 6.672955e-11 3.483159e-11 1.181000e-12 1.027421e-10 _15228_
 2.250931e-11 7.648238e-11 3.665316e-12 1.026570e-10 fanout474
 6.668728e-11 3.393194e-11 1.181000e-12 1.018002e-10 _15223_
 2.247006e-11 7.424689e-11 3.665316e-12 1.003823e-10 fanout494
 2.246457e-11 7.307292e-11 3.665316e-12 9.920281e-11 fanout439
 2.255049e-11 7.196702e-11 3.665316e-12 9.818282e-11 fanout470
 6.655968e-11 3.005204e-11 1.181000e-12 9.779272e-11 _15220_
 6.647398e-11 2.827621e-11 1.181000e-12 9.593119e-11 _15229_
 2.254578e-11 6.961905e-11 3.665316e-12 9.583014e-11 fanout417
 6.641029e-11 2.802674e-11 1.181000e-12 9.561803e-11 _15222_
 6.639939e-11 2.779428e-11 1.181000e-12 9.537468e-11 _15225_
 6.639927e-11 2.779169e-11 1.181000e-12 9.537196e-11 _15224_
 2.236873e-11 6.916617e-11 3.665316e-12 9.520022e-11 fanout492
 6.638382e-11 2.746193e-11 1.181000e-12 9.502675e-11 _15221_
 1.336579e-11 5.478851e-11 4.876300e-12 7.303060e-11 fanout407
 1.336689e-11 5.444090e-11 4.876300e-12 7.268409e-11 fanout406
 1.339932e-11 5.438796e-11 4.876300e-12 7.266358e-11 fanout405
 1.343560e-11 5.384310e-11 4.876300e-12 7.215500e-11 fanout401
 1.332667e-11 5.103969e-11 4.876300e-12 6.924266e-11 fanout403
 1.333418e-11 4.927990e-11 4.876300e-12 6.749038e-11 fanout402
 7.584978e-12 2.984600e-11 4.648000e-12 4.207898e-11 wire243
 7.894311e-18 4.370807e-17 4.873770e-12 4.873821e-12 fanout573
 7.934624e-18 3.395082e-17 4.873770e-12 4.873812e-12 fanout584
 7.984905e-18 3.281450e-17 4.873770e-12 4.873811e-12 fanout552
 7.973150e-18 3.210257e-17 4.873770e-12 4.873810e-12 fanout572
 7.946445e-18 3.111133e-17 4.873770e-12 4.873809e-12 fanout575
 8.076855e-18 3.023105e-17 4.873770e-12 4.873808e-12 fanout553
 7.979248e-18 3.007523e-17 4.873770e-12 4.873808e-12 fanout560
 8.040898e-18 2.971326e-17 4.873770e-12 4.873808e-12 fanout583
 8.003032e-18 2.887204e-17 4.873770e-12 4.873807e-12 fanout554
 8.055723e-18 2.842245e-17 4.873770e-12 4.873806e-12 fanout565
 8.081642e-18 2.776021e-17 4.873770e-12 4.873806e-12 fanout568
 7.952595e-18 2.810379e-17 4.873770e-12 4.873806e-12 fanout569
 8.057397e-18 2.731290e-17 4.873770e-12 4.873805e-12 fanout574
 4.488176e-18 2.077973e-17 4.643461e-12 4.643486e-12 fanout559
 4.480839e-18 1.696582e-17 4.643461e-12 4.643482e-12 fanout561
 4.494892e-18 1.660804e-17 4.643461e-12 4.643482e-12 fanout564
 4.470363e-18 1.572594e-17 4.643461e-12 4.643481e-12 fanout577
 7.949977e-18 4.150155e-17 4.327730e-12 4.327780e-12 fanout547
 7.899671e-18 3.601550e-17 4.327730e-12 4.327774e-12 fanout538
 7.930923e-18 3.474578e-17 4.327731e-12 4.327774e-12 fanout543
 7.944883e-18 3.133635e-17 4.327731e-12 4.327771e-12 fanout541
 4.448152e-18 2.925986e-17 3.663840e-12 3.663874e-12 fanout539
 1.349568e-15 2.214448e-15 1.181000e-12 1.184564e-12 input3
 1.214398e-15 1.354596e-15 1.181000e-12 1.183569e-12 input2
 7.933655e-16 1.388975e-15 1.181000e-12 1.183182e-12 input10
 6.541181e-16 1.461149e-15 1.181000e-12 1.183115e-12 input7
 1.243923e-15 7.576468e-16 1.181000e-12 1.183002e-12 input1
 1.230407e-15 5.903670e-16 1.181000e-12 1.182821e-12 input4
 1.055116e-15 5.736021e-16 1.181000e-12 1.182629e-12 input5
 5.667605e-16 1.007273e-15 1.181000e-12 1.182574e-12 input6
