     Internal    Switching      Leakage        Total
        Power        Power        Power        Power (Watts)
----------------------------------------------------
 1.641954e-05 6.047238e-06 6.510500e-10 2.246743e-05 clkbuf_0_clk
 1.706672e-05 1.455309e-06 6.510500e-10 1.852269e-05 clkbuf_1_1__f_clk
 1.712411e-05 1.157372e-06 6.510500e-10 1.828214e-05 clkbuf_1_0__f_clk
 1.736407e-09 6.406444e-09 6.315520e-10 8.774403e-09 clkbuf_0_core_clk
 9.145059e-10 3.663375e-09 3.407861e-10 4.918667e-09 clkbuf_4_13_0_core_clk
 9.159820e-10 3.496457e-09 3.407861e-10 4.753225e-09 clkbuf_4_8_0_core_clk
 9.172407e-10 3.411465e-09 3.407861e-10 4.669492e-09 clkbuf_4_10_0_core_clk
 9.180899e-10 3.390669e-09 3.407861e-10 4.649545e-09 clkbuf_4_15_0_core_clk
 9.187641e-10 3.342292e-09 3.407861e-10 4.601842e-09 clkbuf_4_14_0_core_clk
 9.189955e-10 3.284955e-09 3.407861e-10 4.544737e-09 clkbuf_4_11_0_core_clk
 9.199069e-10 3.229873e-09 3.407861e-10 4.490566e-09 clkbuf_4_2_0_core_clk
 9.216390e-10 3.138008e-09 3.407861e-10 4.400433e-09 clkbuf_4_7_0_core_clk
 9.226056e-10 3.091204e-09 3.407861e-10 4.354596e-09 clkbuf_4_4_0_core_clk
 9.235511e-10 2.992582e-09 3.407861e-10 4.256919e-09 clkbuf_4_12_0_core_clk
 9.254598e-10 2.886040e-09 3.407861e-10 4.152286e-09 clkbuf_4_5_0_core_clk
 9.252720e-10 2.880361e-09 3.407861e-10 4.146419e-09 clkbuf_4_1_0_core_clk
 9.253293e-10 2.829512e-09 3.407861e-10 4.095628e-09 clkbuf_4_9_0_core_clk
 9.277005e-10 2.706990e-09 3.407861e-10 3.975476e-09 clkbuf_4_6_0_core_clk
 9.290160e-10 2.599794e-09 3.407861e-10 3.869596e-09 clkbuf_4_3_0_core_clk
 9.303582e-10 2.517191e-09 3.407861e-10 3.788335e-09 clkbuf_4_0_0_core_clk
 1.782955e-09 0.000000e+00 4.608257e-10 2.243781e-09 clkload14
 1.003473e-09 8.634022e-10 3.407861e-10 2.207661e-09 clkbuf_leaf_65_core_clk
 1.003613e-09 8.625396e-10 3.407861e-10 2.206939e-09 clkbuf_leaf_61_core_clk
 1.644401e-09 0.000000e+00 4.608257e-10 2.105226e-09 clkload12
 1.013288e-09 7.137425e-10 3.407861e-10 2.067817e-09 clkbuf_leaf_63_core_clk
 1.016331e-09 6.855574e-10 3.407861e-10 2.042674e-09 clkbuf_leaf_68_core_clk
 1.017431e-09 6.518656e-10 3.407861e-10 2.010083e-09 clkbuf_leaf_72_core_clk
 1.024648e-09 6.140109e-10 3.407861e-10 1.979445e-09 clkbuf_leaf_57_core_clk
 1.055322e-09 5.561946e-10 3.407861e-10 1.952302e-09 clkbuf_leaf_46_core_clk
 1.025021e-09 5.846891e-10 3.407861e-10 1.950496e-09 clkbuf_leaf_71_core_clk
 1.029114e-09 5.749978e-10 3.407861e-10 1.944898e-09 clkbuf_leaf_64_core_clk
 1.030580e-09 5.610172e-10 3.407861e-10 1.932383e-09 clkbuf_leaf_66_core_clk
 1.058545e-09 5.287688e-10 3.407861e-10 1.928099e-09 clkbuf_leaf_44_core_clk
 1.005700e-09 5.812746e-10 3.407861e-10 1.927760e-09 clkbuf_leaf_7_core_clk
 1.029242e-09 5.475798e-10 3.407861e-10 1.917608e-09 clkbuf_leaf_73_core_clk
 1.029636e-09 5.456696e-10 3.407861e-10 1.916092e-09 clkbuf_leaf_78_core_clk
 1.060493e-09 5.126912e-10 3.407861e-10 1.913971e-09 clkbuf_leaf_40_core_clk
 9.734521e-10 5.974297e-10 3.407861e-10 1.911668e-09 clkbuf_leaf_39_core_clk
 1.033751e-09 5.342466e-10 3.407861e-10 1.908784e-09 clkbuf_leaf_58_core_clk
 1.020454e-09 5.440059e-10 3.407861e-10 1.905246e-09 clkbuf_leaf_131_core_clk
 9.742438e-10 5.899154e-10 3.407861e-10 1.904945e-09 clkbuf_leaf_6_core_clk
 1.062452e-09 4.964991e-10 3.407861e-10 1.899738e-09 clkbuf_leaf_51_core_clk
 1.062526e-09 4.960266e-10 3.407861e-10 1.899338e-09 clkbuf_leaf_50_core_clk
 1.035336e-09 5.185827e-10 3.407861e-10 1.894705e-09 clkbuf_leaf_67_core_clk
 1.023174e-09 5.203964e-10 3.407861e-10 1.884357e-09 clkbuf_leaf_132_core_clk
 1.064500e-09 4.789682e-10 3.407861e-10 1.884255e-09 clkbuf_leaf_52_core_clk
 9.765873e-10 5.667782e-10 3.407861e-10 1.884152e-09 clkbuf_leaf_38_core_clk
 1.037289e-09 5.033349e-10 3.407861e-10 1.881410e-09 clkbuf_leaf_62_core_clk
 1.037495e-09 5.018907e-10 3.407861e-10 1.880172e-09 clkbuf_leaf_60_core_clk
 1.037958e-09 4.964226e-10 3.407861e-10 1.875166e-09 clkbuf_leaf_54_core_clk
 1.038649e-09 4.886233e-10 3.407861e-10 1.868059e-09 clkbuf_leaf_69_core_clk
 1.039583e-09 4.836200e-10 3.407861e-10 1.863989e-09 clkbuf_leaf_59_core_clk
 1.036381e-09 4.864225e-10 3.407861e-10 1.863590e-09 clkbuf_leaf_79_core_clk
 1.025856e-09 4.964014e-10 3.407861e-10 1.863043e-09 clkbuf_leaf_134_core_clk
 1.036421e-09 4.841605e-10 3.407861e-10 1.861368e-09 clkbuf_leaf_82_core_clk
 1.037429e-09 4.759362e-10 3.407861e-10 1.854151e-09 clkbuf_leaf_76_core_clk
 1.068849e-09 4.430815e-10 3.407861e-10 1.852717e-09 clkbuf_leaf_49_core_clk
 1.015325e-09 4.929657e-10 3.407861e-10 1.849077e-09 clkbuf_leaf_8_core_clk
 1.038404e-09 4.687489e-10 3.407861e-10 1.847939e-09 clkbuf_leaf_80_core_clk
 1.038327e-09 4.678640e-10 3.407861e-10 1.846977e-09 clkbuf_leaf_74_core_clk
 9.810338e-10 5.232053e-10 3.407861e-10 1.845025e-09 clkbuf_leaf_37_core_clk
 1.070170e-09 4.314745e-10 3.407861e-10 1.842431e-09 clkbuf_leaf_45_core_clk
 1.016225e-09 4.846960e-10 3.407861e-10 1.841707e-09 clkbuf_leaf_9_core_clk
 1.016595e-09 4.810764e-10 3.407861e-10 1.838458e-09 clkbuf_leaf_16_core_clk
 1.071551e-09 4.200836e-10 3.407861e-10 1.832421e-09 clkbuf_leaf_48_core_clk
 1.071747e-09 4.181684e-10 3.407861e-10 1.830702e-09 clkbuf_leaf_53_core_clk
 1.040410e-09 4.488682e-10 3.407861e-10 1.830065e-09 clkbuf_leaf_75_core_clk
 9.940474e-10 4.941543e-10 3.407861e-10 1.828988e-09 clkbuf_leaf_127_core_clk
 1.055089e-09 4.327865e-10 3.407861e-10 1.828662e-09 clkbuf_leaf_115_core_clk
 1.031364e-09 4.481649e-10 3.407861e-10 1.820315e-09 clkbuf_leaf_138_core_clk
 1.031298e-09 4.469119e-10 3.407861e-10 1.818996e-09 clkbuf_leaf_133_core_clk
 9.841182e-10 4.926664e-10 3.407861e-10 1.817571e-09 clkbuf_leaf_34_core_clk
 1.031877e-09 4.438109e-10 3.407861e-10 1.816474e-09 clkbuf_leaf_140_core_clk
 1.019395e-09 4.553788e-10 3.407861e-10 1.815560e-09 clkbuf_leaf_10_core_clk
 1.057226e-09 4.146183e-10 3.407861e-10 1.812630e-09 clkbuf_leaf_119_core_clk
 9.848286e-10 4.858148e-10 3.407861e-10 1.811430e-09 clkbuf_leaf_36_core_clk
 9.967662e-10 4.679806e-10 3.407861e-10 1.805533e-09 clkbuf_leaf_89_core_clk
 1.047073e-09 4.169415e-10 3.407861e-10 1.804800e-09 clkbuf_leaf_55_core_clk
 9.671303e-10 4.968543e-10 3.407861e-10 1.804771e-09 clkbuf_leaf_149_core_clk
 1.047233e-09 4.155545e-10 3.407861e-10 1.803573e-09 clkbuf_leaf_56_core_clk
 1.050589e-09 4.108588e-10 3.407861e-10 1.802234e-09 clkbuf_leaf_106_core_clk
 9.972614e-10 4.633231e-10 3.407861e-10 1.801371e-09 clkbuf_leaf_88_core_clk
 1.051121e-09 4.066890e-10 3.407861e-10 1.798596e-09 clkbuf_leaf_109_core_clk
 1.012651e-09 4.409394e-10 3.407861e-10 1.794376e-09 clkbuf_leaf_84_core_clk
 1.045727e-09 4.033393e-10 3.407861e-10 1.789852e-09 clkbuf_leaf_77_core_clk
 1.061719e-09 3.759962e-10 3.407861e-10 1.778502e-09 clkbuf_leaf_118_core_clk
 1.062327e-09 3.696023e-10 3.407861e-10 1.772715e-09 clkbuf_leaf_126_core_clk
 1.001096e-09 4.264051e-10 3.407861e-10 1.768287e-09 clkbuf_leaf_128_core_clk
 1.062959e-09 3.644193e-10 3.407861e-10 1.768164e-09 clkbuf_leaf_124_core_clk
 1.015892e-09 4.105618e-10 3.407861e-10 1.767240e-09 clkbuf_leaf_42_core_clk
 1.043792e-09 3.819847e-10 3.407861e-10 1.766562e-09 clkbuf_leaf_103_core_clk
 1.038667e-09 3.818288e-10 3.407861e-10 1.761282e-09 clkbuf_leaf_136_core_clk
 1.063955e-09 3.557438e-10 3.407861e-10 1.760485e-09 clkbuf_leaf_125_core_clk
 1.016750e-09 4.026434e-10 3.407861e-10 1.760179e-09 clkbuf_leaf_70_core_clk
 1.039725e-09 3.727407e-10 3.407861e-10 1.753252e-09 clkbuf_leaf_137_core_clk
 1.027359e-09 3.819978e-10 3.407861e-10 1.750143e-09 clkbuf_leaf_12_core_clk
 1.065766e-09 3.405823e-10 3.407861e-10 1.747134e-09 clkbuf_leaf_117_core_clk
 1.003758e-09 4.008169e-10 3.407861e-10 1.745361e-09 clkbuf_leaf_129_core_clk
 1.046597e-09 3.572116e-10 3.407861e-10 1.744595e-09 clkbuf_leaf_92_core_clk
 1.046704e-09 3.562710e-10 3.407861e-10 1.743761e-09 clkbuf_leaf_99_core_clk
 1.018818e-09 3.833456e-10 3.407861e-10 1.742950e-09 clkbuf_leaf_86_core_clk
 1.058472e-09 3.435050e-10 3.407861e-10 1.742763e-09 clkbuf_leaf_114_core_clk
 1.028314e-09 3.731972e-10 3.407861e-10 1.742298e-09 clkbuf_leaf_13_core_clk
 1.009401e-09 3.869035e-10 3.407861e-10 1.737091e-09 clkbuf_leaf_19_core_clk
 1.019530e-09 3.765921e-10 3.407861e-10 1.736908e-09 clkbuf_leaf_43_core_clk
 1.004834e-09 3.903479e-10 3.407861e-10 1.735968e-09 clkbuf_leaf_90_core_clk
 1.047731e-09 3.472393e-10 3.407861e-10 1.735756e-09 clkbuf_leaf_91_core_clk
 9.934945e-10 4.006681e-10 3.407861e-10 1.734949e-09 clkbuf_leaf_33_core_clk
 1.005310e-09 3.860033e-10 3.407861e-10 1.732099e-09 clkbuf_leaf_87_core_clk
 1.067828e-09 3.226843e-10 3.407861e-10 1.731299e-09 clkbuf_leaf_116_core_clk
 1.067963e-09 3.217391e-10 3.407861e-10 1.730488e-09 clkbuf_leaf_123_core_clk
 1.068267e-09 3.192874e-10 3.407861e-10 1.728341e-09 clkbuf_leaf_105_core_clk
 1.068333e-09 3.181955e-10 3.407861e-10 1.727314e-09 clkbuf_leaf_122_core_clk
 1.068455e-09 3.174682e-10 3.407861e-10 1.726709e-09 clkbuf_leaf_120_core_clk
 1.009548e-09 3.762993e-10 3.407861e-10 1.726633e-09 clkbuf_leaf_1_core_clk
 1.060777e-09 3.231023e-10 3.407861e-10 1.724665e-09 clkbuf_leaf_112_core_clk
 1.030568e-09 3.527125e-10 3.407861e-10 1.724067e-09 clkbuf_leaf_11_core_clk
 1.049213e-09 3.339755e-10 3.407861e-10 1.723975e-09 clkbuf_leaf_98_core_clk
 1.049676e-09 3.300953e-10 3.407861e-10 1.720558e-09 clkbuf_leaf_94_core_clk
 1.061205e-09 3.184174e-10 3.407861e-10 1.720408e-09 clkbuf_leaf_108_core_clk
 1.034379e-09 3.446144e-10 3.407861e-10 1.719779e-09 clkbuf_leaf_24_core_clk
 1.010904e-09 3.634407e-10 3.407861e-10 1.715131e-09 clkbuf_leaf_4_core_clk
 1.061850e-09 3.119285e-10 3.407861e-10 1.714565e-09 clkbuf_leaf_102_core_clk
 1.070130e-09 3.035522e-10 3.407861e-10 1.714468e-09 clkbuf_leaf_121_core_clk
 1.050608e-09 3.213499e-10 3.407861e-10 1.712744e-09 clkbuf_leaf_96_core_clk
 1.012415e-09 3.582797e-10 3.407861e-10 1.711481e-09 clkbuf_leaf_18_core_clk
 1.063058e-09 3.024504e-10 3.407861e-10 1.706294e-09 clkbuf_leaf_110_core_clk
 9.791089e-10 3.753625e-10 3.407861e-10 1.695258e-09 clkbuf_leaf_150_core_clk
 1.053609e-09 2.947250e-10 3.407861e-10 1.689121e-09 clkbuf_leaf_101_core_clk
 9.798163e-10 3.682439e-10 3.407861e-10 1.688846e-09 clkbuf_leaf_147_core_clk
 1.014098e-09 3.332167e-10 3.407861e-10 1.688101e-09 clkbuf_leaf_0_core_clk
 1.053905e-09 2.924190e-10 3.407861e-10 1.687110e-09 clkbuf_leaf_93_core_clk
 9.801602e-10 3.647259e-10 3.407861e-10 1.685672e-09 clkbuf_leaf_151_core_clk
 9.803315e-10 3.630167e-10 3.407861e-10 1.684134e-09 clkbuf_leaf_145_core_clk
 1.014919e-09 3.250887e-10 3.407861e-10 1.680793e-09 clkbuf_leaf_3_core_clk
 1.026560e-09 3.107998e-10 3.407861e-10 1.678146e-09 clkbuf_leaf_83_core_clk
 1.039683e-09 2.966098e-10 3.407861e-10 1.677079e-09 clkbuf_leaf_28_core_clk
 1.015590e-09 3.186711e-10 3.407861e-10 1.675047e-09 clkbuf_leaf_2_core_clk
 1.027109e-09 3.057610e-10 3.407861e-10 1.673656e-09 clkbuf_leaf_41_core_clk
 9.899411e-10 3.414051e-10 3.407861e-10 1.672132e-09 clkbuf_leaf_142_core_clk
 1.067627e-09 2.614640e-10 3.407861e-10 1.669877e-09 clkbuf_leaf_104_core_clk
 1.018907e-09 2.964415e-10 3.407861e-10 1.656135e-09 clkbuf_leaf_17_core_clk
 1.057798e-09 2.574097e-10 3.407861e-10 1.655993e-09 clkbuf_leaf_97_core_clk
 1.070177e-09 2.410322e-10 3.407861e-10 1.651995e-09 clkbuf_leaf_111_core_clk
 1.018369e-09 2.920856e-10 3.407861e-10 1.651240e-09 clkbuf_leaf_152_core_clk
 9.846333e-10 3.190629e-10 3.407861e-10 1.644482e-09 clkbuf_leaf_146_core_clk
 1.043983e-09 2.563375e-10 3.407861e-10 1.641106e-09 clkbuf_leaf_25_core_clk
 1.021040e-09 2.757214e-10 3.407861e-10 1.637547e-09 clkbuf_leaf_14_core_clk
 1.044520e-09 2.519770e-10 3.407861e-10 1.637283e-09 clkbuf_leaf_31_core_clk
 1.045185e-09 2.459750e-10 3.407861e-10 1.631947e-09 clkbuf_leaf_26_core_clk
 9.952169e-10 2.887886e-10 3.407861e-10 1.624792e-09 clkbuf_leaf_5_core_clk
 1.046261e-09 2.362532e-10 3.407861e-10 1.623300e-09 clkbuf_leaf_23_core_clk
 1.023200e-09 2.555651e-10 3.407861e-10 1.619551e-09 clkbuf_leaf_20_core_clk
 1.046801e-09 2.306546e-10 3.407861e-10 1.618242e-09 clkbuf_leaf_30_core_clk
 1.047319e-09 2.265374e-10 3.407861e-10 1.614643e-09 clkbuf_leaf_29_core_clk
 1.024495e-09 2.428515e-10 3.407861e-10 1.608133e-09 clkbuf_leaf_22_core_clk
 1.025006e-09 2.378830e-10 3.407861e-10 1.603675e-09 clkbuf_leaf_15_core_clk
 9.978025e-10 2.628284e-10 3.407861e-10 1.601417e-09 clkbuf_leaf_143_core_clk
 9.988768e-10 2.521377e-10 3.407861e-10 1.591801e-09 clkbuf_leaf_141_core_clk
 1.051814e-09 1.858791e-10 3.407861e-10 1.578479e-09 clkbuf_leaf_27_core_clk
 1.003658e-09 2.043417e-10 3.407861e-10 1.548786e-09 clkbuf_leaf_139_core_clk
 8.526633e-10 0.000000e+00 2.554154e-10 1.108079e-09 clkload9
 4.473944e-10 0.000000e+00 1.814463e-10 6.288406e-10 clkload131
 4.468949e-10 0.000000e+00 1.814463e-10 6.283412e-10 clkload124
 4.466263e-10 0.000000e+00 1.814463e-10 6.280726e-10 clkload133
 4.465285e-10 0.000000e+00 1.814463e-10 6.279747e-10 clkload123
 4.458167e-10 0.000000e+00 1.814463e-10 6.272629e-10 clkload27
 4.456179e-10 0.000000e+00 1.814463e-10 6.270642e-10 clkload120
 4.455332e-10 0.000000e+00 1.814463e-10 6.269795e-10 clkload76
 4.453229e-10 0.000000e+00 1.814463e-10 6.267691e-10 clkload77
 4.452268e-10 0.000000e+00 1.814463e-10 6.266731e-10 clkload70
 4.451054e-10 0.000000e+00 1.814463e-10 6.265517e-10 clkload86
 4.450330e-10 0.000000e+00 1.814463e-10 6.264792e-10 clkload63
 4.450240e-10 0.000000e+00 1.814463e-10 6.264703e-10 clkload85
 4.448265e-10 0.000000e+00 1.814463e-10 6.262728e-10 clkload80
 4.447736e-10 0.000000e+00 1.814463e-10 6.262198e-10 clkload78
 4.447324e-10 0.000000e+00 1.814463e-10 6.261787e-10 clkload67
 4.446598e-10 0.000000e+00 1.814463e-10 6.261061e-10 clkload22
 4.445956e-10 0.000000e+00 1.814463e-10 6.260419e-10 clkload92
 4.445918e-10 0.000000e+00 1.814463e-10 6.260381e-10 clkload94
 4.441443e-10 0.000000e+00 1.814463e-10 6.255906e-10 clkload56
 4.440181e-10 0.000000e+00 1.814463e-10 6.254644e-10 clkload59
 4.439846e-10 0.000000e+00 1.814463e-10 6.254308e-10 clkload58
 4.436493e-10 0.000000e+00 1.814463e-10 6.250956e-10 clkload57
 4.436261e-10 0.000000e+00 1.814463e-10 6.250723e-10 clkload33
 2.415554e-10 0.000000e+00 1.305749e-10 3.721302e-10 clkload129
 2.415379e-10 0.000000e+00 1.305749e-10 3.721128e-10 clkload125
 2.379875e-10 0.000000e+00 1.305749e-10 3.685624e-10 clkload132
 2.347626e-10 0.000000e+00 1.305749e-10 3.653375e-10 clkload26
 2.338487e-10 0.000000e+00 1.305749e-10 3.644236e-10 clkload73
 2.333759e-10 0.000000e+00 1.305749e-10 3.639508e-10 clkload99
 2.333354e-10 0.000000e+00 1.305749e-10 3.639103e-10 clkload96
 2.331739e-10 0.000000e+00 1.305749e-10 3.637488e-10 clkload55
 2.331245e-10 0.000000e+00 1.305749e-10 3.636993e-10 clkload88
 2.331105e-10 0.000000e+00 1.305749e-10 3.636853e-10 clkload84
 2.330474e-10 0.000000e+00 1.305749e-10 3.636223e-10 clkload21
 2.326189e-10 0.000000e+00 1.305749e-10 3.631938e-10 clkload60
 2.325828e-10 0.000000e+00 1.305749e-10 3.631577e-10 clkload46
 2.325584e-10 0.000000e+00 1.305749e-10 3.631333e-10 clkload34
 2.325246e-10 0.000000e+00 1.305749e-10 3.630994e-10 clkload54
 1.063348e-18 2.899029e-18 3.628099e-10 3.628099e-10 fanout271
 5.495891e-18 1.717265e-17 3.628099e-10 3.628099e-10 fanout290
 5.892637e-18 1.524888e-17 3.628098e-10 3.628098e-10 fanout287
 5.777687e-18 1.533497e-17 3.628098e-10 3.628098e-10 fanout330
 1.099306e-17 2.487873e-17 3.628097e-10 3.628097e-10 fanout375
 9.329202e-18 2.639181e-17 3.628097e-10 3.628097e-10 fanout377
 9.464610e-18 2.420973e-17 3.628097e-10 3.628097e-10 fanout378
 9.771642e-18 2.329630e-17 3.628096e-10 3.628097e-10 fanout372
 9.975125e-18 3.158035e-17 3.628096e-10 3.628096e-10 fanout274
 1.180400e-17 2.680841e-17 3.628095e-10 3.628095e-10 fanout157
 9.836226e-18 3.352033e-17 3.628094e-10 3.628095e-10 fanout371
 5.153057e-18 1.657589e-17 3.628094e-10 3.628094e-10 fanout366
 1.417064e-17 4.457722e-17 3.407856e-10 3.407856e-10 fanout235
 3.836443e-17 1.275404e-16 3.407854e-10 3.407856e-10 fanout169
 5.342041e-18 1.566325e-17 3.407855e-10 3.407856e-10 fanout572
 9.588894e-18 2.997081e-17 3.407855e-10 3.407855e-10 fanout570
 8.650400e-18 2.916570e-17 3.407855e-10 3.407855e-10 fanout571
 9.922237e-18 2.337479e-17 3.407853e-10 3.407853e-10 fanout275
 9.273641e-18 2.287431e-17 3.407852e-10 3.407852e-10 fanout554
 1.039584e-17 2.256079e-17 3.407852e-10 3.407852e-10 fanout555
 9.935731e-18 2.182711e-17 3.407852e-10 3.407852e-10 fanout561
 1.228001e-18 3.480511e-18 3.407850e-10 3.407850e-10 fanout272
 1.870777e-10 0.000000e+00 1.527102e-10 3.397878e-10 clkload127
 1.750560e-10 0.000000e+00 1.527102e-10 3.277661e-10 clkload110
 1.748865e-10 0.000000e+00 1.527102e-10 3.275967e-10 clkload52
 1.745429e-10 0.000000e+00 1.527102e-10 3.272531e-10 clkload101
 1.717278e-10 0.000000e+00 1.527102e-10 3.244380e-10 clkload51
 1.708359e-10 0.000000e+00 1.527102e-10 3.235460e-10 clkload116
 1.706838e-10 0.000000e+00 1.527102e-10 3.233940e-10 clkload118
 1.698814e-10 0.000000e+00 1.527102e-10 3.225916e-10 clkload49
 1.685138e-10 0.000000e+00 1.527102e-10 3.212239e-10 clkload37
 1.683681e-10 0.000000e+00 1.527102e-10 3.210783e-10 clkload102
 1.677946e-10 0.000000e+00 1.527102e-10 3.205047e-10 clkload103
 1.677000e-10 0.000000e+00 1.527102e-10 3.204101e-10 clkload108
 1.627574e-10 0.000000e+00 1.527102e-10 3.154675e-10 clkload20
 1.626690e-10 0.000000e+00 1.527102e-10 3.153792e-10 clkload16
 1.603988e-10 0.000000e+00 1.527102e-10 3.131090e-10 clkload17
 3.402979e-11 4.325353e-12 1.814472e-10 2.198024e-10 output14
 2.984024e-11 4.740936e-12 1.814463e-10 2.160275e-10 output16
 5.282659e-19 1.395009e-18 2.056749e-10 2.056749e-10 fanout100
 5.271550e-19 1.514909e-18 2.056749e-10 2.056749e-10 fanout107
 5.658797e-19 1.533156e-18 2.056749e-10 2.056749e-10 fanout114
 5.646460e-19 1.615842e-18 2.056749e-10 2.056749e-10 fanout115
 2.984791e-18 8.500055e-18 2.056749e-10 2.056749e-10 fanout292
 2.818405e-18 6.727641e-18 2.056749e-10 2.056749e-10 fanout294
 2.585493e-18 9.674375e-18 2.056749e-10 2.056749e-10 fanout298
 2.934026e-18 6.907796e-18 2.056749e-10 2.056749e-10 fanout312
 2.883452e-18 7.812016e-18 2.056749e-10 2.056749e-10 fanout314
 3.182637e-18 1.019911e-17 2.056748e-10 2.056748e-10 fanout233
 3.113113e-18 9.164056e-18 2.056748e-10 2.056748e-10 fanout334
 2.763497e-18 9.306966e-18 2.056747e-10 2.056747e-10 fanout236
 2.815669e-18 8.371130e-18 2.056747e-10 2.056747e-10 fanout237
 2.460976e-18 1.066191e-17 2.056747e-10 2.056747e-10 fanout244
 5.589158e-18 2.159243e-17 2.056746e-10 2.056747e-10 fanout322
 2.882929e-18 1.097353e-17 2.056746e-10 2.056747e-10 fanout325
 5.501451e-18 1.752227e-17 2.056746e-10 2.056746e-10 fanout283
 1.731955e-17 4.997648e-17 2.056745e-10 2.056745e-10 fanout134
 1.894920e-17 8.317412e-17 2.056744e-10 2.056745e-10 fanout408
 1.795002e-17 7.130364e-17 2.056744e-10 2.056745e-10 fanout410
 1.754674e-17 6.827129e-17 2.056744e-10 2.056745e-10 fanout411
 1.633658e-17 6.049534e-17 2.056744e-10 2.056745e-10 fanout412
 1.877182e-17 4.529882e-17 2.056744e-10 2.056744e-10 fanout193
 5.231417e-18 1.246041e-17 2.056744e-10 2.056744e-10 fanout327
 4.944846e-18 1.462798e-17 2.056744e-10 2.056744e-10 fanout370
 4.844990e-18 1.660990e-17 2.056743e-10 2.056743e-10 fanout381
 4.838667e-18 1.707059e-17 2.056743e-10 2.056743e-10 fanout383
 5.432226e-18 1.688730e-17 2.056743e-10 2.056743e-10 fanout385
 5.454420e-18 1.568793e-17 2.056743e-10 2.056743e-10 fanout388
 3.329309e-18 6.653040e-18 2.056743e-10 2.056743e-10 fanout368
 4.865878e-18 1.508997e-17 2.056743e-10 2.056743e-10 fanout384
 4.875046e-18 1.364522e-17 2.056743e-10 2.056743e-10 fanout386
 4.870724e-18 1.405433e-17 2.056743e-10 2.056743e-10 fanout387
 5.418313e-18 1.457551e-17 2.056743e-10 2.056743e-10 fanout389
 5.519088e-18 1.213775e-17 2.056743e-10 2.056743e-10 fanout390
 5.472854e-18 1.469763e-17 2.056743e-10 2.056743e-10 fanout391
 5.059500e-18 2.276252e-17 2.056742e-10 2.056743e-10 fanout160
 2.822328e-18 7.608308e-18 2.056742e-10 2.056743e-10 fanout164
 2.450779e-18 1.124654e-17 2.056742e-10 2.056743e-10 fanout166
 1.101327e-18 3.504061e-18 2.056738e-10 2.056738e-10 fanout579
 1.304925e-18 3.873413e-18 2.056738e-10 2.056738e-10 fanout580
 1.136061e-18 3.122669e-18 2.056738e-10 2.056738e-10 fanout581
 1.124269e-18 3.495190e-18 2.056738e-10 2.056738e-10 fanout587
 1.706347e-18 4.336956e-18 2.056734e-10 2.056734e-10 fanout473
 1.654623e-18 3.946331e-18 2.056734e-10 2.056734e-10 fanout484
 3.862646e-18 8.110024e-18 2.056733e-10 2.056733e-10 fanout356
 1.507082e-18 4.000038e-18 2.056732e-10 2.056732e-10 fanout435
 5.609427e-18 1.493575e-17 2.056732e-10 2.056732e-10 fanout353
 5.790378e-18 1.460523e-17 2.056732e-10 2.056732e-10 fanout358
 5.550065e-18 1.433234e-17 2.056730e-10 2.056730e-10 fanout339
 5.357704e-18 1.535778e-17 2.056730e-10 2.056730e-10 fanout347
 6.330218e-18 1.352048e-17 2.056730e-10 2.056730e-10 fanout350
 4.030915e-18 1.211600e-17 2.056729e-10 2.056729e-10 fanout497
 4.068322e-18 1.257986e-17 2.056729e-10 2.056729e-10 fanout501
 3.873786e-18 1.008480e-17 2.056729e-10 2.056729e-10 fanout503
 3.703713e-18 1.052574e-17 2.056729e-10 2.056729e-10 fanout507
 4.101142e-18 1.071353e-17 2.056729e-10 2.056729e-10 fanout508
 3.950147e-18 1.223515e-17 2.056729e-10 2.056729e-10 fanout513
 1.711330e-18 4.123523e-18 2.056729e-10 2.056729e-10 fanout363
 7.747922e-18 1.853336e-17 2.056728e-10 2.056729e-10 fanout343
 8.493059e-18 1.912308e-17 2.056728e-10 2.056729e-10 fanout344
 5.787496e-18 1.345846e-17 2.056728e-10 2.056728e-10 fanout355
 5.777077e-18 1.930166e-17 2.056727e-10 2.056727e-10 fanout336
 1.579202e-18 6.352255e-18 2.056727e-10 2.056727e-10 fanout487
 1.589848e-18 5.499518e-18 2.056727e-10 2.056727e-10 fanout488
 1.669468e-18 5.901926e-18 2.056727e-10 2.056727e-10 fanout491
 1.701658e-18 5.200420e-18 2.056727e-10 2.056727e-10 fanout489
 1.656831e-18 5.230385e-18 2.056727e-10 2.056727e-10 fanout490
 4.783215e-18 1.386208e-17 2.056727e-10 2.056727e-10 fanout265
 4.694926e-18 1.511284e-17 2.056727e-10 2.056727e-10 fanout268
 2.123452e-11 2.348085e-12 1.814475e-10 2.050301e-10 output13
 3.987932e-18 1.742478e-17 1.814472e-10 1.814472e-10 fanout263
 4.094063e-18 1.318641e-17 1.814472e-10 1.814472e-10 fanout264
 1.667714e-18 6.026881e-18 1.814472e-10 1.814472e-10 fanout401
 1.604512e-18 6.721129e-18 1.814472e-10 1.814472e-10 fanout402
 1.618909e-18 5.337191e-18 1.814472e-10 1.814472e-10 fanout405
 1.478257e-18 5.694457e-18 1.814472e-10 1.814472e-10 fanout407
 3.951310e-18 1.319679e-17 1.814470e-10 1.814470e-10 fanout393
 4.073185e-18 1.364629e-17 1.814470e-10 1.814470e-10 fanout395
 4.074283e-18 1.131197e-17 1.814470e-10 1.814470e-10 fanout397
 4.026481e-18 1.342651e-17 1.814466e-10 1.814466e-10 fanout321
 1.136849e-18 4.636401e-18 1.814462e-10 1.814462e-10 fanout624
 5.717260e-18 1.526326e-18 1.814461e-10 1.814461e-10 output12
 2.882596e-18 1.054136e-17 1.814459e-10 1.814459e-10 fanout279
 2.800782e-18 1.185379e-17 1.814458e-10 1.814458e-10 fanout288
 5.750211e-18 1.756105e-17 1.814456e-10 1.814456e-10 fanout552
 4.835976e-18 1.191281e-17 1.814456e-10 1.814456e-10 fanout516
 4.875295e-18 1.262115e-17 1.814456e-10 1.814456e-10 fanout519
 4.869454e-18 1.306559e-17 1.814456e-10 1.814456e-10 fanout520
 5.051840e-18 1.150916e-17 1.814456e-10 1.814456e-10 fanout523
 5.032648e-18 1.284818e-17 1.814456e-10 1.814456e-10 fanout527
 4.738115e-18 1.167979e-17 1.814456e-10 1.814456e-10 fanout532
 5.038413e-18 1.303784e-17 1.814456e-10 1.814456e-10 fanout537
 4.801355e-18 1.453538e-17 1.814456e-10 1.814456e-10 fanout540
 4.808823e-18 1.395085e-17 1.814456e-10 1.814456e-10 fanout541
 4.706225e-18 1.459893e-17 1.814456e-10 1.814456e-10 fanout545
 5.028007e-18 1.417927e-17 1.814456e-10 1.814456e-10 fanout546
 5.014552e-18 1.220530e-17 1.814456e-10 1.814456e-10 fanout548
 4.922116e-18 1.395717e-17 1.814456e-10 1.814456e-10 fanout549
 1.981957e-17 5.688141e-17 1.814455e-10 1.814456e-10 fanout181
 1.855391e-17 6.177174e-17 1.814455e-10 1.814456e-10 fanout183
 1.814009e-17 7.175024e-17 1.814455e-10 1.814456e-10 fanout184
 1.856689e-17 5.954689e-17 1.814455e-10 1.814456e-10 fanout186
 1.792829e-17 7.155816e-17 1.814455e-10 1.814456e-10 fanout187
 1.994146e-17 5.000906e-17 1.814455e-10 1.814456e-10 fanout173
 1.778394e-17 5.438612e-17 1.814455e-10 1.814456e-10 fanout179
 1.796053e-17 5.273061e-17 1.814455e-10 1.814456e-10 fanout185
 1.551661e-17 9.914638e-17 1.814455e-10 1.814456e-10 fanout434
 1.903542e-17 7.134197e-17 1.814455e-10 1.814456e-10 fanout170
 7.353579e-18 3.347462e-17 1.814455e-10 1.814456e-10 fanout227
 7.392301e-18 2.871882e-17 1.814455e-10 1.814456e-10 fanout229
 7.278326e-18 1.467839e-17 1.814455e-10 1.814456e-10 fanout365
 2.018743e-17 6.129471e-17 1.814455e-10 1.814456e-10 fanout418
 1.816376e-17 4.580640e-17 1.814455e-10 1.814455e-10 fanout416
 2.001477e-17 4.828422e-17 1.814455e-10 1.814455e-10 fanout419
 4.448919e-18 1.674688e-17 1.814454e-10 1.814454e-10 fanout276
 2.811686e-18 1.074452e-17 1.814454e-10 1.814454e-10 fanout231
 4.225047e-18 2.028044e-17 1.814452e-10 1.814453e-10 fanout563
 3.008046e-18 1.119348e-17 1.814452e-10 1.814452e-10 fanout261
 2.973813e-18 5.887428e-18 1.814452e-10 1.814452e-10 fanout361
 5.160739e-18 1.311886e-17 1.814452e-10 1.814452e-10 fanout557
 2.876438e-18 1.023467e-17 1.814452e-10 1.814452e-10 fanout247
 2.810651e-18 9.680217e-18 1.814452e-10 1.814452e-10 fanout250
 2.797970e-18 1.194027e-17 1.814451e-10 1.814451e-10 fanout282
 2.825901e-18 9.625787e-18 1.814451e-10 1.814451e-10 fanout129
 2.889347e-18 9.332121e-18 1.814451e-10 1.814451e-10 fanout300
 2.863808e-18 8.614538e-18 1.814451e-10 1.814451e-10 fanout301
 2.935808e-18 1.206034e-17 1.814451e-10 1.814451e-10 fanout302
 2.649411e-18 6.547251e-18 1.814451e-10 1.814451e-10 fanout303
 2.709895e-18 7.579204e-18 1.814451e-10 1.814451e-10 fanout304
 2.685059e-18 9.256680e-18 1.814451e-10 1.814451e-10 fanout307
 3.052378e-18 8.121084e-18 1.814451e-10 1.814451e-10 fanout315
 2.986280e-18 9.051780e-18 1.814451e-10 1.814451e-10 fanout317
 2.706550e-18 5.130488e-19 1.814451e-10 1.814451e-10 output15
 5.475532e-19 1.448488e-18 1.814450e-10 1.814450e-10 fanout110
 5.893857e-19 2.348194e-18 1.814450e-10 1.814450e-10 fanout154
 6.102552e-19 1.441624e-18 1.814450e-10 1.814450e-10 fanout436
 4.859535e-19 1.759582e-18 1.814450e-10 1.814450e-10 fanout440
 5.000992e-19 2.059838e-18 1.814450e-10 1.814450e-10 fanout442
 5.666663e-19 1.476330e-18 1.814450e-10 1.814450e-10 fanout443
 5.083240e-19 2.142744e-18 1.814450e-10 1.814450e-10 fanout444
 5.290103e-19 1.673898e-18 1.814450e-10 1.814450e-10 fanout446
 6.215446e-19 1.557935e-18 1.814450e-10 1.814450e-10 fanout447
 6.167426e-19 8.698125e-20 1.814450e-10 1.814450e-10 output17
 8.073009e-19 1.835242e-20 1.814450e-10 1.814450e-10 output18
 6.888168e-19 8.847730e-21 1.814450e-10 1.814450e-10 output19
 6.203820e-19 3.288434e-20 1.814450e-10 1.814450e-10 output20
 6.461205e-19 1.080373e-20 1.814450e-10 1.814450e-10 output21
 5.874097e-19 2.098887e-20 1.814450e-10 1.814450e-10 output22
 5.430805e-19 3.366180e-20 1.814450e-10 1.814450e-10 output23
 5.584920e-19 2.927906e-20 1.814450e-10 1.814450e-10 output24
 5.447938e-19 3.878631e-20 1.814450e-10 1.814450e-10 output25
 5.414991e-19 5.422177e-20 1.814450e-10 1.814450e-10 output26
 5.489623e-19 3.294404e-20 1.814450e-10 1.814450e-10 output27
 6.183059e-19 7.022816e-20 1.814450e-10 1.814450e-10 output28
 5.761030e-19 2.832443e-20 1.814450e-10 1.814450e-10 output29
 5.460731e-19 4.505242e-20 1.814450e-10 1.814450e-10 output30
 5.429429e-19 3.661515e-20 1.814450e-10 1.814450e-10 output31
 6.104407e-19 8.902627e-21 1.814450e-10 1.814450e-10 output32
 6.442148e-19 5.408578e-20 1.814450e-10 1.814450e-10 output33
 6.833527e-19 2.256559e-20 1.814450e-10 1.814450e-10 output34
 6.277618e-19 3.673810e-20 1.814450e-10 1.814450e-10 output35
 6.311270e-19 1.175968e-20 1.814450e-10 1.814450e-10 output36
 8.586164e-19 2.522134e-20 1.814450e-10 1.814450e-10 output37
 6.549354e-19 4.255466e-20 1.814450e-10 1.814450e-10 output38
 6.454436e-19 2.669136e-20 1.814450e-10 1.814450e-10 output39
 7.817639e-19 2.539895e-20 1.814450e-10 1.814450e-10 output40
 5.768499e-19 7.967466e-20 1.814450e-10 1.814450e-10 output41
 6.042788e-19 4.309426e-20 1.814450e-10 1.814450e-10 output42
 6.573937e-19 7.486704e-20 1.814450e-10 1.814450e-10 output43
 6.842752e-19 2.102644e-20 1.814450e-10 1.814450e-10 output44
 6.480109e-19 5.985724e-20 1.814450e-10 1.814450e-10 output45
 5.937731e-19 1.786653e-19 1.814450e-10 1.814450e-10 output46
 5.959820e-19 6.057386e-20 1.814450e-10 1.814450e-10 output47
 5.792143e-19 1.580334e-19 1.814450e-10 1.814450e-10 output48
 5.579718e-19 1.468778e-19 1.814450e-10 1.814450e-10 output49
 5.488327e-19 1.520800e-19 1.814450e-10 1.814450e-10 output50
 5.339370e-19 1.290337e-19 1.814450e-10 1.814450e-10 output51
 5.884160e-19 7.462286e-20 1.814450e-10 1.814450e-10 output52
 5.597950e-19 1.299423e-19 1.814450e-10 1.814450e-10 output53
 5.542075e-19 1.674427e-19 1.814450e-10 1.814450e-10 output54
 5.941815e-19 1.588148e-19 1.814450e-10 1.814450e-10 output55
 7.055389e-19 9.320674e-20 1.814450e-10 1.814450e-10 output56
 6.615262e-19 4.057590e-20 1.814450e-10 1.814450e-10 output57
 6.771161e-19 1.394407e-20 1.814450e-10 1.814450e-10 output58
 5.940491e-19 3.218359e-20 1.814450e-10 1.814450e-10 output59
 6.337545e-19 3.758145e-20 1.814450e-10 1.814450e-10 output60
 6.252599e-19 3.665770e-20 1.814450e-10 1.814450e-10 output61
 5.958458e-19 1.396356e-20 1.814450e-10 1.814450e-10 output62
 6.283480e-19 2.215098e-20 1.814450e-10 1.814450e-10 output63
 6.087892e-19 2.583705e-20 1.814450e-10 1.814450e-10 output64
 1.677299e-18 4.788017e-18 1.305750e-10 1.305750e-10 fanout309
 1.529908e-18 3.519273e-18 1.305750e-10 1.305750e-10 fanout88
 4.171916e-18 1.364747e-17 1.305749e-10 1.305750e-10 fanout228
 2.770918e-18 6.069257e-18 1.305749e-10 1.305750e-10 fanout528
 2.769906e-18 6.143122e-18 1.305749e-10 1.305750e-10 fanout530
 6.340944e-19 1.742529e-18 1.305749e-10 1.305749e-10 fanout606
 6.036800e-19 1.706192e-18 1.305749e-10 1.305749e-10 fanout621
 6.315096e-19 1.954505e-18 1.305749e-10 1.305749e-10 fanout623
 6.042200e-19 1.529876e-18 1.305749e-10 1.305749e-10 fanout626
 6.266299e-19 2.286511e-18 1.305749e-10 1.305749e-10 fanout640
 7.419877e-19 2.813278e-18 1.294848e-10 1.294848e-10 _06606_
 8.877845e-19 2.487140e-18 1.276903e-10 1.276903e-10 fanout495
 3.002966e-18 6.802148e-18 1.276902e-10 1.276902e-10 fanout340
 1.078838e-18 2.297251e-18 1.276902e-10 1.276902e-10 fanout451
 1.077313e-18 2.375293e-18 1.276902e-10 1.276902e-10 fanout454
 8.741139e-19 1.993859e-18 1.276902e-10 1.276902e-10 fanout462
 1.076524e-18 2.411800e-18 1.276902e-10 1.276902e-10 fanout465
 9.544771e-19 2.268145e-18 1.276902e-10 1.276902e-10 fanout470
 8.593614e-19 2.089942e-18 1.276902e-10 1.276902e-10 fanout472
 8.992912e-19 3.530029e-18 1.276902e-10 1.276902e-10 fanout478
 6.208567e-19 1.705355e-18 1.276902e-10 1.276902e-10 fanout592
 6.853395e-19 2.563852e-18 1.276902e-10 1.276902e-10 fanout593
 6.823737e-19 2.913157e-18 1.276902e-10 1.276902e-10 fanout595
 6.816430e-19 1.812330e-18 1.276902e-10 1.276902e-10 fanout597
 6.752795e-19 2.190679e-18 1.276902e-10 1.276902e-10 fanout598
 6.978563e-19 2.538150e-18 1.276902e-10 1.276902e-10 fanout600
 7.001094e-19 2.277535e-18 1.276902e-10 1.276902e-10 fanout601
 1.031620e-17 3.022725e-17 1.276901e-10 1.276901e-10 fanout199
 9.949174e-18 2.763279e-17 1.276901e-10 1.276901e-10 fanout217
 9.755821e-18 2.478679e-17 1.276901e-10 1.276901e-10 fanout208
 1.683947e-18 5.343367e-18 1.276900e-10 1.276900e-10 fanout116
 1.713941e-18 6.188996e-18 1.276900e-10 1.276900e-10 fanout120
 1.789594e-18 6.172784e-18 1.276900e-10 1.276900e-10 fanout122
 1.927275e-18 6.283818e-18 1.276900e-10 1.276900e-10 fanout125
 1.924492e-18 6.588522e-18 1.276900e-10 1.276900e-10 fanout127
 1.737496e-18 4.579928e-18 1.276900e-10 1.276900e-10 fanout118
 1.664953e-18 4.624694e-18 1.276900e-10 1.276900e-10 fanout147
 1.527919e-18 5.076286e-18 1.276900e-10 1.276900e-10 fanout296
 1.618828e-18 4.129675e-18 1.276900e-10 1.276900e-10 fanout77
 2.106688e-18 9.164315e-18 1.270300e-10 1.270301e-10 _06648_
 2.014018e-19 1.516826e-19 1.040800e-10 1.040800e-10 _13578_
 1.965365e-19 2.119810e-19 1.040800e-10 1.040800e-10 _13579_
 2.011963e-19 1.630492e-19 1.040800e-10 1.040800e-10 _13580_
 2.012088e-19 1.623905e-19 1.040800e-10 1.040800e-10 _13581_
 2.009758e-19 1.754191e-19 1.040800e-10 1.040800e-10 _13582_
 1.990839e-19 2.812682e-19 1.040800e-10 1.040800e-10 _13583_
 2.010064e-19 1.737050e-19 1.040800e-10 1.040800e-10 _13584_
 2.013665e-19 1.536006e-19 1.040800e-10 1.040800e-10 _13585_
 2.452077e-19 3.603528e-19 1.040800e-10 1.040800e-10 _13586_
 2.451850e-19 3.618849e-19 1.040800e-10 1.040800e-10 _13587_
 2.462750e-19 2.917571e-19 1.040800e-10 1.040800e-10 _13588_
 2.472461e-19 2.579078e-19 1.040800e-10 1.040800e-10 _13589_
 2.494021e-19 1.828824e-19 1.040800e-10 1.040800e-10 _13590_
 2.462270e-19 2.929200e-19 1.040800e-10 1.040800e-10 _13591_
 2.464673e-19 2.845405e-19 1.040800e-10 1.040800e-10 _13592_
 2.101547e-19 4.104540e-19 1.040800e-10 1.040800e-10 _13593_
 6.312307e-19 2.145504e-18 1.040800e-10 1.040800e-10 input10
 1.262225e-18 3.375197e-18 1.040800e-10 1.040800e-10 input4
 6.311971e-19 2.627701e-18 1.040800e-10 1.040800e-10 input6
 6.316429e-19 8.538925e-19 1.040799e-10 1.040799e-10 input1
 1.262806e-18 1.977478e-18 1.040799e-10 1.040799e-10 input5
 9.302099e-19 1.500553e-17 1.029899e-10 1.029900e-10 _12263_
 4.413003e-19 1.648062e-18 1.029899e-10 1.029899e-10 _06561_
 3.173124e-19 1.997433e-18 1.029899e-10 1.029899e-10 _06564_
 3.114636e-19 2.552637e-18 1.029899e-10 1.029899e-10 _06565_
 3.714069e-19 1.853747e-18 1.029899e-10 1.029899e-10 _06585_
 3.112463e-19 2.459885e-18 1.029899e-10 1.029899e-10 _06617_
 4.418258e-19 1.767667e-18 1.029899e-10 1.029899e-10 _06634_
 4.011033e-19 2.139729e-18 1.029899e-10 1.029899e-10 _06636_
 3.886906e-19 1.813191e-18 1.029899e-10 1.029899e-10 _06674_
 3.194637e-19 2.039553e-18 1.029899e-10 1.029899e-10 _06679_
 7.579005e-19 4.892056e-18 1.029899e-10 1.029899e-10 _06570_
 1.360246e-18 1.278785e-17 1.029899e-10 1.029899e-10 _06548_
 1.792206e-18 8.849886e-18 1.029899e-10 1.029899e-10 _06553_
 1.161473e-18 9.602492e-18 1.029899e-10 1.029899e-10 _06583_
 3.226561e-19 1.886081e-18 1.029899e-10 1.029899e-10 _06602_
 1.183860e-18 8.477824e-18 1.029899e-10 1.029899e-10 _06546_
 1.540670e-18 1.240392e-17 1.029898e-10 1.029899e-10 _06555_
 1.463728e-18 5.906587e-18 1.029899e-10 1.029899e-10 _07381_
 7.145738e-19 6.617449e-18 1.029898e-10 1.029899e-10 _06534_
 3.155941e-19 1.315321e-18 1.020202e-10 1.020202e-10 input7
 9.469267e-19 1.514445e-18 1.020202e-10 1.020202e-10 input3
 9.467924e-19 1.567521e-18 1.020202e-10 1.020202e-10 input2
 5.071532e-19 1.001005e-18 1.020201e-10 1.020201e-10 fanout594
 8.900161e-19 1.251179e-18 1.020201e-10 1.020201e-10 wire112
 1.386601e-18 1.120464e-18 1.020201e-10 1.020201e-10 wire113
 1.261795e-18 2.843190e-18 1.020200e-10 1.020200e-10 fanout119
 1.321071e-18 4.736734e-18 1.020200e-10 1.020200e-10 fanout123
 1.464365e-18 3.292346e-18 1.020200e-10 1.020200e-10 fanout126
 1.327232e-18 1.214966e-17 1.013550e-10 1.013551e-10 _06593_
 9.269250e-19 7.261607e-18 1.013550e-10 1.013551e-10 _06607_
 8.326851e-19 3.854507e-18 1.013550e-10 1.013551e-10 _06641_
 1.649560e-18 6.997236e-18 1.013550e-10 1.013551e-10 _07757_
 9.536033e-19 6.629038e-18 1.013550e-10 1.013550e-10 _06609_
 1.077503e-18 6.617971e-18 1.013550e-10 1.013550e-10 _06632_
 2.468332e-18 7.336456e-18 1.013550e-10 1.013550e-10 _06711_
 1.248043e-18 8.454346e-18 1.013550e-10 1.013550e-10 _06785_
 5.386577e-19 3.487532e-18 1.013550e-10 1.013550e-10 _06569_
 1.069476e-18 6.673572e-18 1.013550e-10 1.013550e-10 _06658_
 1.028245e-18 6.065854e-18 1.013550e-10 1.013550e-10 _06680_
 9.312881e-19 7.247917e-18 1.013550e-10 1.013550e-10 _06544_
 1.015465e-18 6.261381e-18 1.013550e-10 1.013550e-10 _06630_
 5.275945e-19 4.012604e-18 1.013550e-10 1.013550e-10 _06581_
 1.958448e-19 7.805931e-19 1.013550e-10 1.013550e-10 _06527_
 1.492705e-19 6.117913e-19 1.013550e-10 1.013550e-10 _06538_
 1.791399e-19 6.119447e-19 1.013550e-10 1.013550e-10 _06542_
 1.484748e-19 6.791827e-19 1.013550e-10 1.013550e-10 _06575_
 1.452849e-19 6.407201e-19 1.013550e-10 1.013550e-10 _06684_
 1.601098e-19 8.035936e-19 1.013550e-10 1.013550e-10 _06689_
 1.339084e-19 8.114652e-19 1.013550e-10 1.013550e-10 _06697_
 1.445383e-19 7.809227e-19 1.013550e-10 1.013550e-10 _06702_
 1.613880e-19 9.713988e-19 1.013550e-10 1.013550e-10 _06729_
 1.084881e-19 9.755299e-19 1.013550e-10 1.013550e-10 _06739_
 2.188546e-19 1.185275e-18 1.013550e-10 1.013550e-10 _06744_
 1.187093e-19 9.111101e-19 1.013550e-10 1.013550e-10 _06749_
 1.065956e-19 7.769249e-19 1.013550e-10 1.013550e-10 _06753_
 2.048789e-19 7.124950e-19 1.013550e-10 1.013550e-10 _10267_
 1.094174e-19 1.455123e-19 7.649500e-11 7.649500e-11 _07183_
 6.329260e-20 2.606402e-19 7.649500e-11 7.649500e-11 _07218_
 8.569209e-20 2.811603e-19 7.649500e-11 7.649500e-11 _07500_
 7.506806e-20 2.316491e-19 7.649500e-11 7.649500e-11 _07595_
 6.319151e-20 2.229536e-19 7.649500e-11 7.649500e-11 _07894_
 9.396538e-20 1.589395e-19 7.649500e-11 7.649500e-11 _08032_
 1.469809e-19 1.530403e-19 7.649500e-11 7.649500e-11 _08089_
 6.859510e-20 2.451827e-19 7.649500e-11 7.649500e-11 _08163_
 8.032376e-20 3.186802e-19 7.649500e-11 7.649500e-11 _08233_
 6.498204e-20 7.408965e-19 7.649500e-11 7.649500e-11 _08254_
 9.890672e-20 2.922349e-19 7.649500e-11 7.649500e-11 _08289_
 9.087492e-20 5.285904e-19 7.649500e-11 7.649500e-11 _08302_
 9.547660e-20 2.438308e-19 7.649500e-11 7.649500e-11 _08383_
 7.753932e-20 5.204945e-19 7.649500e-11 7.649500e-11 _08413_
 7.990265e-20 3.973784e-19 7.649500e-11 7.649500e-11 _08665_
 7.436339e-20 1.143622e-19 7.649500e-11 7.649500e-11 _09805_
 4.450376e-19 6.450771e-19 7.649500e-11 7.649500e-11 _10079_
 4.298374e-19 1.754602e-18 7.649500e-11 7.649500e-11 _10364_
 7.486737e-20 1.355710e-19 7.649500e-11 7.649500e-11 _10410_
 8.478497e-20 1.667912e-19 7.649500e-11 7.649500e-11 _11011_
 8.972594e-19 3.207505e-18 7.649500e-11 7.649500e-11 _11588_
 9.122857e-19 1.732140e-18 7.649500e-11 7.649500e-11 _08726_
 6.263964e-19 2.553102e-18 7.649500e-11 7.649500e-11 _09498_
 1.142751e-18 1.010165e-18 7.649500e-11 7.649500e-11 _11222_
 5.034801e-19 1.326533e-18 7.649500e-11 7.649500e-11 _11647_
 3.529571e-19 8.422011e-19 7.649500e-11 7.649500e-11 _11841_
 5.323857e-19 9.218064e-19 7.649500e-11 7.649500e-11 _11867_
 6.219511e-19 2.014990e-18 7.649499e-11 7.649499e-11 _08854_
 3.116323e-19 1.164310e-18 7.649499e-11 7.649499e-11 _09029_
 4.697425e-19 5.079052e-19 7.649499e-11 7.649499e-11 _09051_
 6.623032e-19 2.049581e-18 7.649499e-11 7.649499e-11 _10546_
 1.784538e-18 2.306328e-18 7.649498e-11 7.649499e-11 _11512_
 6.551191e-19 3.617210e-18 7.649498e-11 7.649499e-11 _11544_
 7.733157e-19 3.243798e-18 7.649498e-11 7.649499e-11 _11751_
 7.453462e-19 4.870124e-19 7.649499e-11 7.649499e-11 _12819_
 3.496031e-19 1.678129e-18 7.649498e-11 7.649498e-11 _07984_
 1.843569e-18 1.465062e-18 7.649498e-11 7.649498e-11 _08082_
 1.642946e-18 2.597053e-18 7.649498e-11 7.649498e-11 _11180_
 1.003057e-18 1.390757e-18 7.649498e-11 7.649498e-11 _11563_
 8.147393e-19 5.453087e-18 7.649498e-11 7.649498e-11 _11618_
 1.342270e-18 7.892744e-19 7.649498e-11 7.649498e-11 _12227_
 6.888944e-19 9.291973e-19 7.649498e-11 7.649498e-11 _12280_
 5.333040e-19 6.356343e-19 7.649498e-11 7.649498e-11 _07413_
 4.265253e-19 5.725009e-19 7.649498e-11 7.649498e-11 _10541_
 1.316337e-18 7.687107e-19 7.649498e-11 7.649498e-11 _12632_
 2.613872e-19 1.413366e-18 7.649495e-11 7.649495e-11 _06562_
 2.500459e-19 5.075117e-19 7.649495e-11 7.649495e-11 _06582_
 1.806471e-19 9.662302e-19 7.649495e-11 7.649495e-11 _06587_
 1.799051e-19 7.624212e-19 7.649495e-11 7.649495e-11 _06588_
 1.862230e-19 7.212886e-19 7.649495e-11 7.649495e-11 _06589_
 2.395455e-19 6.832160e-19 7.649495e-11 7.649495e-11 _06592_
 2.926424e-19 1.172977e-18 7.649495e-11 7.649495e-11 _06611_
 3.400542e-19 8.660817e-19 7.649495e-11 7.649495e-11 _06612_
 2.478125e-19 1.484806e-18 7.649495e-11 7.649495e-11 _06614_
 1.816486e-19 4.733583e-19 7.649495e-11 7.649495e-11 _06615_
 1.808781e-19 1.142826e-18 7.649495e-11 7.649495e-11 _06616_
 2.759001e-19 2.835776e-19 7.649495e-11 7.649495e-11 _06631_
 3.121051e-19 1.021832e-18 7.649495e-11 7.649495e-11 _06638_
 1.860461e-19 9.626757e-19 7.649495e-11 7.649495e-11 _06662_
 1.939509e-19 7.066872e-19 7.649495e-11 7.649495e-11 _06663_
 2.861654e-19 1.266729e-18 7.649495e-11 7.649495e-11 _06664_
 1.789662e-19 9.134241e-19 7.649495e-11 7.649495e-11 _06676_
 1.838620e-19 4.718118e-19 7.649495e-11 7.649495e-11 _06677_
 1.777150e-19 9.314664e-19 7.649495e-11 7.649495e-11 _06678_
 1.966717e-19 5.831921e-19 7.649495e-11 7.649495e-11 _06779_
 3.072114e-19 2.937420e-19 7.649495e-11 7.649495e-11 _07576_
 2.339795e-19 8.481264e-19 7.649495e-11 7.649495e-11 _07724_
 6.729095e-19 4.501952e-18 7.649494e-11 7.649494e-11 _06550_
 6.768930e-19 3.060845e-18 7.649494e-11 7.649494e-11 _06551_
 6.543539e-19 4.065280e-18 7.649494e-11 7.649494e-11 _06599_
 2.191299e-19 1.134881e-18 7.649494e-11 7.649494e-11 _06600_
 2.690137e-19 1.181456e-18 7.649494e-11 7.649494e-11 _06601_
 1.782076e-19 1.166913e-18 7.649494e-11 7.649494e-11 _06604_
 8.845094e-19 4.417477e-18 7.649494e-11 7.649494e-11 _06622_
 4.115943e-19 2.140934e-18 7.649494e-11 7.649494e-11 _06647_
 4.287945e-19 1.521168e-18 7.649494e-11 7.649494e-11 _06668_
 6.443337e-19 4.130154e-18 7.649494e-11 7.649494e-11 _06669_
 4.247773e-19 3.049196e-18 7.649494e-11 7.649494e-11 _06683_
 1.187659e-18 6.110138e-18 7.649494e-11 7.649494e-11 _06692_
 6.669087e-19 3.593042e-18 7.649494e-11 7.649494e-11 _06724_
 1.336830e-18 4.242499e-18 7.649494e-11 7.649494e-11 _10537_
 6.952274e-19 1.018687e-18 7.649494e-11 7.649494e-11 _06512_
 6.902712e-19 1.034603e-18 7.649494e-11 7.649494e-11 _06513_
 7.270106e-19 9.741054e-19 7.649494e-11 7.649494e-11 _06516_
 6.699709e-19 1.387167e-18 7.649494e-11 7.649494e-11 _06518_
 1.921728e-19 2.716491e-19 7.649494e-11 7.649494e-11 _06519_
 6.862518e-19 9.949023e-19 7.649494e-11 7.649494e-11 _06525_
 6.104381e-19 2.804763e-18 7.649494e-11 7.649494e-11 _06558_
 4.565262e-19 7.726255e-19 7.649494e-11 7.649494e-11 _06573_
 6.573370e-19 2.366744e-18 7.649494e-11 7.649494e-11 _06594_
 4.326828e-19 2.101011e-18 7.649494e-11 7.649494e-11 _06595_
 6.812206e-19 1.999285e-18 7.649494e-11 7.649494e-11 _06610_
 5.250525e-19 2.047355e-18 7.649494e-11 7.649494e-11 _06633_
 6.565464e-19 2.311616e-18 7.649494e-11 7.649494e-11 _06705_
 7.873479e-19 9.669425e-19 7.649494e-11 7.649494e-11 _06781_
 6.616570e-19 2.121946e-18 7.649493e-11 7.649493e-11 _06557_
 6.706557e-19 3.030835e-18 7.649492e-11 7.649493e-11 _06560_
 4.135581e-19 2.092588e-18 7.649493e-11 7.649493e-11 _06671_
 4.316834e-19 1.691469e-18 7.649493e-11 7.649493e-11 _06672_
 4.115601e-19 2.161088e-18 7.649493e-11 7.649493e-11 _06691_
 6.667616e-19 3.045254e-18 7.649492e-11 7.649493e-11 _06709_
 1.004073e-18 1.370439e-18 7.649493e-11 7.649493e-11 _06722_
 2.797159e-19 5.195584e-19 7.649493e-11 7.649493e-11 _06780_
 6.822251e-19 1.187442e-18 7.649492e-11 7.649492e-11 _06571_
 4.231128e-19 1.278830e-18 7.649492e-11 7.649492e-11 _06619_
 4.253059e-19 2.421263e-18 7.649492e-11 7.649492e-11 _06673_
 4.211578e-19 1.928268e-18 7.649491e-11 7.649491e-11 _06708_
 9.869520e-19 2.601564e-18 7.568007e-11 7.568007e-11 _09974_
 7.310776e-19 2.707647e-18 7.568007e-11 7.568007e-11 _07225_
 7.254074e-19 2.251393e-18 7.568007e-11 7.568007e-11 _07534_
 4.440650e-19 2.626568e-18 7.568007e-11 7.568007e-11 _07976_
 1.541010e-18 1.044000e-18 7.568007e-11 7.568007e-11 _08080_
 8.569846e-19 9.628979e-19 7.568007e-11 7.568007e-11 _09961_
 7.994234e-19 1.438196e-18 7.568007e-11 7.568007e-11 _10119_
 8.315553e-19 1.025993e-18 7.568007e-11 7.568007e-11 _10255_
 7.341338e-19 1.507098e-18 7.568007e-11 7.568007e-11 _10728_
 8.157288e-19 8.200398e-19 7.568006e-11 7.568006e-11 _07319_
 3.756350e-19 1.616814e-19 7.568006e-11 7.568006e-11 _08844_
 7.591421e-19 1.508423e-18 7.568006e-11 7.568006e-11 _09204_
 1.640742e-18 1.001832e-18 7.568006e-11 7.568006e-11 _12180_
 3.315820e-19 2.809943e-19 7.568005e-11 7.568005e-11 _07317_
 2.623042e-19 3.533986e-19 7.568005e-11 7.568005e-11 _07335_
 3.246442e-19 3.021548e-19 7.568005e-11 7.568005e-11 _09153_
 1.033367e-18 2.951752e-18 7.568002e-11 7.568003e-11 _06584_
 5.395903e-19 3.041466e-18 7.568002e-11 7.568003e-11 _06608_
 5.459702e-19 2.935697e-18 7.568002e-11 7.568003e-11 _06643_
 1.016154e-18 3.480232e-18 7.568002e-11 7.568003e-11 _06646_
 8.453344e-19 3.190770e-18 7.568002e-11 7.568003e-11 _06656_
 2.756336e-18 1.311041e-17 7.568002e-11 7.568003e-11 _10731_
 5.770565e-19 7.393457e-19 7.568002e-11 7.568002e-11 _06523_
 5.742169e-19 7.830924e-19 7.568002e-11 7.568002e-11 _06524_
 5.304166e-19 3.549388e-18 7.568002e-11 7.568002e-11 _06537_
 7.821037e-19 2.615384e-18 7.568002e-11 7.568002e-11 _06545_
 5.409871e-19 2.172331e-18 7.568002e-11 7.568002e-11 _06568_
 5.921998e-19 1.348758e-18 7.568002e-11 7.568002e-11 _06597_
 2.947597e-19 1.753684e-18 7.568002e-11 7.568002e-11 _06621_
 3.994529e-19 8.565043e-19 7.568002e-11 7.568002e-11 _06657_
 4.752528e-19 1.976201e-18 7.568002e-11 7.568002e-11 _06666_
 5.417590e-19 1.802471e-18 7.568002e-11 7.568002e-11 _06695_
 7.898927e-19 4.106980e-18 7.568002e-11 7.568002e-11 _06713_
 7.640752e-19 5.218191e-18 7.568002e-11 7.568002e-11 _06714_
 3.570899e-19 1.882994e-18 7.568002e-11 7.568002e-11 _06723_
 7.506823e-19 1.089801e-18 7.568002e-11 7.568002e-11 _06782_
 2.830652e-18 8.074517e-18 7.568001e-11 7.568002e-11 _06789_
 6.235500e-19 2.315936e-18 7.568002e-11 7.568002e-11 _07149_
 3.451204e-18 5.482005e-18 7.568001e-11 7.568002e-11 _06511_
 8.657499e-19 1.391774e-18 7.568002e-11 7.568002e-11 _06514_
 1.014604e-18 5.131203e-18 7.568001e-11 7.568002e-11 _06547_
 9.155174e-19 4.377237e-18 7.568001e-11 7.568002e-11 _06659_
 5.450800e-19 3.925662e-18 7.568001e-11 7.568002e-11 _06694_
 7.702469e-19 4.666735e-18 7.568001e-11 7.568002e-11 _06696_
 7.900217e-19 2.026309e-18 7.568002e-11 7.568002e-11 _06718_
 1.796415e-18 6.470966e-18 7.568001e-11 7.568002e-11 _10680_
 6.201241e-19 7.277623e-19 7.568001e-11 7.568001e-11 _06517_
 5.778575e-19 8.732808e-19 7.568001e-11 7.568001e-11 _06520_
 5.796901e-19 2.281374e-18 7.568001e-11 7.568001e-11 _06535_
 5.451643e-19 2.948954e-18 7.568000e-11 7.568001e-11 _06556_
 5.289343e-19 3.272366e-18 7.568000e-11 7.568001e-11 _06574_
 5.601476e-19 2.981126e-18 7.568000e-11 7.568001e-11 _06598_
 9.553063e-19 2.815026e-18 7.568000e-11 7.568001e-11 _06651_
 6.969414e-19 2.849213e-18 7.568000e-11 7.568001e-11 _06652_
 8.514187e-19 2.773075e-18 7.568000e-11 7.568001e-11 _06681_
 8.006738e-19 3.092774e-18 7.568000e-11 7.568001e-11 _06710_
 5.427084e-19 1.936644e-18 7.568001e-11 7.568001e-11 _06720_
 3.702265e-19 1.445126e-18 7.568001e-11 7.568001e-11 _08893_
 8.974450e-19 4.444879e-18 7.568000e-11 7.568001e-11 _10070_
 9.160415e-19 3.451264e-18 7.568000e-11 7.568001e-11 _10531_
 5.709320e-19 9.459478e-19 7.568000e-11 7.568000e-11 _06515_
 5.665931e-19 1.129991e-18 7.568000e-11 7.568000e-11 _06521_
 5.794196e-19 7.740734e-19 7.568000e-11 7.568000e-11 _06522_
 8.109956e-19 1.269876e-18 7.568000e-11 7.568000e-11 _06526_
 7.884401e-19 2.662753e-18 7.568000e-11 7.568000e-11 _06649_
 7.104074e-19 1.795072e-18 7.568000e-11 7.568000e-11 _06654_
 4.921270e-19 1.571325e-18 7.568000e-11 7.568000e-11 _06704_
 5.725797e-19 7.125447e-19 7.568000e-11 7.568000e-11 _06707_
 9.996032e-19 2.076779e-18 7.568000e-11 7.568000e-11 _06784_
 5.181576e-19 8.605597e-19 7.568000e-11 7.568000e-11 _08212_
 9.461416e-19 1.691225e-18 7.568000e-11 7.568000e-11 _09156_
 6.155216e-19 2.307163e-18 7.568000e-11 7.568000e-11 _09319_
 7.320000e-19 1.526498e-18 7.568000e-11 7.568000e-11 _11386_
 6.366180e-20 3.762864e-19 7.568000e-11 7.568000e-11 _06529_
 5.794369e-20 4.778212e-19 7.568000e-11 7.568000e-11 _06530_
 6.281911e-20 3.960002e-19 7.568000e-11 7.568000e-11 _06531_
 5.949652e-20 3.539119e-19 7.568000e-11 7.568000e-11 _06540_
 7.157569e-20 2.247686e-19 7.568000e-11 7.568000e-11 _06541_
 3.136037e-19 1.074766e-18 7.568000e-11 7.568000e-11 _06559_
 9.065445e-20 3.282888e-19 7.568000e-11 7.568000e-11 _06576_
 7.766369e-20 2.354396e-19 7.568000e-11 7.568000e-11 _06578_
 5.928679e-20 3.901261e-19 7.568000e-11 7.568000e-11 _06579_
 6.207391e-20 3.079092e-19 7.568000e-11 7.568000e-11 _06625_
 7.325296e-20 1.834276e-19 7.568000e-11 7.568000e-11 _06626_
 1.007314e-19 3.468137e-19 7.568000e-11 7.568000e-11 _06627_
 7.992148e-20 1.650963e-19 7.568000e-11 7.568000e-11 _06628_
 2.988750e-19 1.574469e-18 7.568000e-11 7.568000e-11 _06645_
 5.967770e-20 3.938099e-19 7.568000e-11 7.568000e-11 _06686_
 9.921062e-20 3.924972e-19 7.568000e-11 7.568000e-11 _06687_
 6.360280e-20 3.149186e-19 7.568000e-11 7.568000e-11 _06699_
 6.355981e-20 2.484391e-19 7.568000e-11 7.568000e-11 _06700_
 6.374112e-20 2.905897e-19 7.568000e-11 7.568000e-11 _06726_
 9.371952e-20 2.923464e-19 7.568000e-11 7.568000e-11 _06727_
 7.450002e-20 2.070013e-19 7.568000e-11 7.568000e-11 _06728_
 6.141640e-20 4.752790e-19 7.568000e-11 7.568000e-11 _06730_
 5.906662e-20 3.386101e-19 7.568000e-11 7.568000e-11 _06732_
 7.038871e-20 4.433833e-19 7.568000e-11 7.568000e-11 _06733_
 5.906390e-20 3.492255e-19 7.568000e-11 7.568000e-11 _06734_
 9.337688e-20 1.960605e-19 7.568000e-11 7.568000e-11 _06735_
 5.869963e-20 5.094526e-19 7.568000e-11 7.568000e-11 _06737_
 7.951464e-20 5.617920e-19 7.568000e-11 7.568000e-11 _06740_
 9.729186e-20 4.211820e-19 7.568000e-11 7.568000e-11 _06742_
 1.117431e-19 9.479927e-19 7.568000e-11 7.568000e-11 _06743_
 6.224956e-20 7.059637e-19 7.568000e-11 7.568000e-11 _06745_
 7.639696e-20 5.395709e-19 7.568000e-11 7.568000e-11 _06748_
 5.846720e-20 5.395135e-19 7.568000e-11 7.568000e-11 _06750_
 6.700030e-20 2.758650e-19 7.568000e-11 7.568000e-11 _06751_
 6.136801e-20 3.040996e-19 7.568000e-11 7.568000e-11 _06754_
 5.987336e-20 3.874184e-19 7.568000e-11 7.568000e-11 _06755_
 6.280998e-20 2.939823e-19 7.568000e-11 7.568000e-11 _06756_
 6.032076e-20 4.055245e-19 7.568000e-11 7.568000e-11 _06757_
 6.285614e-20 3.450614e-19 7.568000e-11 7.568000e-11 _06758_
 6.324092e-20 2.394341e-19 7.568000e-11 7.568000e-11 _06759_
 6.681032e-20 2.745260e-19 7.568000e-11 7.568000e-11 _06760_
 1.070590e-19 2.989466e-19 7.568000e-11 7.568000e-11 _06761_
 1.065472e-19 1.502287e-19 7.568000e-11 7.568000e-11 _06762_
 6.537496e-20 1.908401e-19 7.568000e-11 7.568000e-11 _06763_
 6.124770e-20 3.318167e-19 7.568000e-11 7.568000e-11 _06764_
 7.409908e-20 3.997482e-19 7.568000e-11 7.568000e-11 _06765_
 8.630222e-20 3.073986e-19 7.568000e-11 7.568000e-11 _06766_
 6.959933e-20 3.388273e-19 7.568000e-11 7.568000e-11 _06767_
 7.465459e-20 3.140739e-19 7.568000e-11 7.568000e-11 _06768_
 6.959850e-20 3.101152e-19 7.568000e-11 7.568000e-11 _06769_
 5.973337e-20 3.307347e-19 7.568000e-11 7.568000e-11 _06770_
 6.002118e-20 2.645801e-19 7.568000e-11 7.568000e-11 _06771_
 6.140817e-20 2.524780e-19 7.568000e-11 7.568000e-11 _06772_
 6.925816e-20 4.668744e-19 7.568000e-11 7.568000e-11 _06773_
 7.119887e-20 3.956210e-19 7.568000e-11 7.568000e-11 _06774_
 6.704542e-20 3.605352e-19 7.568000e-11 7.568000e-11 _06775_
 6.151696e-20 5.499117e-19 7.568000e-11 7.568000e-11 _06776_
 9.778289e-20 4.031209e-19 7.568000e-11 7.568000e-11 _06777_
 7.651341e-20 9.570459e-19 7.568000e-11 7.568000e-11 _06778_
 4.306079e-19 2.422275e-18 7.568000e-11 7.568000e-11 _06787_
 8.409771e-20 1.745826e-19 7.568000e-11 7.568000e-11 _07097_
 4.665544e-19 4.846257e-19 7.568000e-11 7.568000e-11 _07165_
 6.879022e-20 2.970945e-19 7.568000e-11 7.568000e-11 _07189_
 8.730325e-20 1.230772e-19 7.568000e-11 7.568000e-11 _07239_
 9.144043e-20 8.678116e-20 7.568000e-11 7.568000e-11 _07307_
 9.288233e-20 1.033202e-19 7.568000e-11 7.568000e-11 _07400_
 9.964878e-20 1.516033e-19 7.568000e-11 7.568000e-11 _07477_
 9.493419e-20 8.415413e-20 7.568000e-11 7.568000e-11 _07553_
 5.864371e-20 2.523509e-19 7.568000e-11 7.568000e-11 _07591_
 8.829199e-20 1.052645e-19 7.568000e-11 7.568000e-11 _07629_
 9.777588e-20 8.370898e-20 7.568000e-11 7.568000e-11 _07670_
 1.102062e-19 7.428829e-20 7.568000e-11 7.568000e-11 _07717_
 6.161300e-20 2.871052e-19 7.568000e-11 7.568000e-11 _07721_
 6.162136e-20 2.775361e-19 7.568000e-11 7.568000e-11 _07740_
 7.151170e-20 1.615404e-19 7.568000e-11 7.568000e-11 _07742_
 9.238887e-20 8.307233e-20 7.568000e-11 7.568000e-11 _07748_
 1.020333e-19 6.408604e-20 7.568000e-11 7.568000e-11 _07796_
 9.219618e-20 1.679101e-19 7.568000e-11 7.568000e-11 _07850_
 5.884196e-20 2.368935e-19 7.568000e-11 7.568000e-11 _07891_
 8.813895e-20 1.343562e-19 7.568000e-11 7.568000e-11 _07928_
 9.121292e-20 1.038983e-19 7.568000e-11 7.568000e-11 _07998_
 1.030067e-19 1.503312e-19 7.568000e-11 7.568000e-11 _08069_
 7.075296e-20 2.449023e-19 7.568000e-11 7.568000e-11 _08108_
 8.540238e-20 1.463997e-19 7.568000e-11 7.568000e-11 _08142_
 8.680766e-20 2.573239e-19 7.568000e-11 7.568000e-11 _08178_
 1.254347e-19 1.161870e-19 7.568000e-11 7.568000e-11 _08469_
 1.169787e-19 1.735333e-19 7.568000e-11 7.568000e-11 _11294_
 7.951158e-19 1.009999e-18 7.568000e-11 7.568000e-11 _12068_
