     Internal    Switching      Leakage        Total
        Power        Power        Power        Power (Watts)
----------------------------------------------------
 8.855488e-07 1.318893e-06 1.227040e-11 2.204454e-06 clkbuf_1_1__f_core_clk
 3.010044e-07 1.719958e-06 1.108822e-11 2.020973e-06 clkbuf_0_w_clk
 8.769600e-07 1.123865e-06 1.227040e-11 2.000837e-06 clkbuf_1_0__f_core_clk
 3.452197e-07 1.642315e-06 1.117656e-11 1.987546e-06 clkbuf_0_v_clk
 4.525358e-07 1.389000e-06 7.180648e-12 1.841543e-06 clkbuf_leaf_9_core_clk
 4.513782e-07 1.386817e-06 7.180641e-12 1.838202e-06 clkbuf_leaf_3_core_clk
 4.513770e-07 1.381825e-06 7.180641e-12 1.833210e-06 clkbuf_leaf_2_core_clk
 4.524861e-07 1.315526e-06 7.180648e-12 1.768019e-06 clkbuf_leaf_1_core_clk
 8.595712e-07 8.479133e-07 1.227047e-11 1.707497e-06 clkbuf_0_core_clk
 4.513488e-07 1.228651e-06 7.180641e-12 1.680007e-06 clkbuf_leaf_4_core_clk
 4.524917e-07 1.207295e-06 7.180648e-12 1.659794e-06 clkbuf_leaf_11_core_clk
 4.524933e-07 1.200513e-06 7.180648e-12 1.653014e-06 clkbuf_leaf_0_core_clk
 4.524996e-07 1.194358e-06 7.180648e-12 1.646865e-06 clkbuf_leaf_10_core_clk
 4.513411e-07 1.176548e-06 7.180641e-12 1.627896e-06 clkbuf_leaf_5_core_clk
 4.500845e-07 1.128560e-06 7.180641e-12 1.578652e-06 clkbuf_leaf_6_core_clk
 4.500100e-07 1.126164e-06 7.180641e-12 1.576181e-06 clkbuf_leaf_7_core_clk
 4.435101e-07 8.904682e-07 7.180641e-12 1.333986e-06 clkbuf_leaf_8_core_clk
 8.710552e-07 3.131200e-07 1.232310e-11 1.184187e-06 clkbuf_0_clk
 3.450958e-07 8.070846e-07 1.117581e-11 1.152192e-06 clkbuf_4_3__f_v_clk
 3.450266e-07 7.742378e-07 1.117581e-11 1.119276e-06 clkbuf_4_1__f_v_clk
 3.455107e-07 7.493115e-07 1.117582e-11 1.094833e-06 clkbuf_4_4__f_v_clk
 3.461915e-07 7.289037e-07 1.117587e-11 1.075106e-06 clkbuf_4_11__f_v_clk
 3.461541e-07 7.261209e-07 1.117587e-11 1.072286e-06 clkbuf_4_8__f_v_clk
 1.492131e-07 9.226176e-07 7.301059e-12 1.071838e-06 fanout649
 3.454618e-07 7.162513e-07 1.117582e-11 1.061724e-06 clkbuf_4_6__f_v_clk
 3.449172e-07 7.028057e-07 1.117581e-11 1.047734e-06 clkbuf_4_2__f_v_clk
 3.453914e-07 6.693487e-07 1.117582e-11 1.014751e-06 clkbuf_4_7__f_v_clk
 1.533541e-07 8.545467e-07 7.078825e-12 1.007908e-06 hold9
 3.454100e-07 6.612552e-07 1.117583e-11 1.006676e-06 clkbuf_4_13__f_v_clk
 3.454105e-07 6.577665e-07 1.117583e-11 1.003188e-06 clkbuf_4_12__f_v_clk
 3.454316e-07 6.546637e-07 1.117583e-11 1.000107e-06 clkbuf_4_14__f_v_clk
 4.227767e-07 5.766240e-07 8.294203e-12 9.994091e-07 u_icg
 3.452623e-07 6.448163e-07 1.117582e-11 9.900898e-07 clkbuf_4_5__f_v_clk
 8.420150e-07 1.264379e-07 1.232310e-11 9.684652e-07 clkbuf_1_1__f_clk
 3.445564e-07 6.104710e-07 1.117587e-11 9.550386e-07 clkbuf_4_10__f_v_clk
 8.380954e-07 8.831262e-08 1.232310e-11 9.264203e-07 clkbuf_1_0__f_clk
 7.399383e-08 8.391261e-07 4.507820e-12 9.131244e-07 fanout684
 3.423043e-07 5.567072e-07 1.117587e-11 8.990227e-07 clkbuf_4_9__f_v_clk
 3.408628e-07 5.503887e-07 1.117581e-11 8.912627e-07 clkbuf_4_0__f_v_clk
 3.065865e-07 5.651034e-07 1.108768e-11 8.717010e-07 clkbuf_4_6__f_w_clk
 3.057358e-07 5.457354e-07 1.108768e-11 8.514823e-07 clkbuf_4_7__f_w_clk
 1.706199e-07 6.627805e-07 6.988268e-12 8.334073e-07 clkbuf_2_0_0_v_clk
 3.038247e-07 5.067581e-07 1.108763e-11 8.105939e-07 clkbuf_4_9__f_w_clk
 3.038785e-07 5.031031e-07 1.108766e-11 8.069927e-07 clkbuf_4_3__f_w_clk
 1.086301e-07 6.964502e-07 7.387826e-12 8.050877e-07 fanout234
 3.034883e-07 4.966719e-07 1.108762e-11 8.001713e-07 clkbuf_4_14__f_w_clk
 1.705918e-07 6.242014e-07 6.988268e-12 7.948002e-07 clkbuf_2_1_0_v_clk
 3.375911e-07 4.569641e-07 1.117583e-11 7.945663e-07 clkbuf_4_15__f_v_clk
 1.705516e-07 6.193870e-07 6.988268e-12 7.899455e-07 clkbuf_2_3_0_v_clk
 3.033740e-07 4.864846e-07 8.819518e-12 7.898674e-07 u_icg_v
 2.813477e-07 5.030773e-07 8.859716e-12 7.844338e-07 u_icg_w
 3.025929e-07 4.738473e-07 1.108766e-11 7.764513e-07 clkbuf_4_2__f_w_clk
 3.026027e-07 4.733249e-07 1.108763e-11 7.759388e-07 clkbuf_4_13__f_w_clk
 3.014251e-07 4.520199e-07 1.108763e-11 7.534561e-07 clkbuf_4_8__f_w_clk
 3.015386e-07 4.503213e-07 1.108763e-11 7.518710e-07 clkbuf_4_10__f_w_clk
 1.087224e-07 6.394872e-07 7.387681e-12 7.482170e-07 fanout371
 3.014214e-07 4.463071e-07 1.108763e-11 7.477396e-07 clkbuf_4_12__f_w_clk
 3.013271e-07 4.455035e-07 1.108763e-11 7.468417e-07 clkbuf_4_11__f_w_clk
 3.009995e-07 4.404434e-07 1.108767e-11 7.414539e-07 clkbuf_4_4__f_w_clk
 1.703550e-07 5.705668e-07 6.988268e-12 7.409287e-07 clkbuf_2_2_0_v_clk
 3.002603e-07 4.296058e-07 1.108765e-11 7.298772e-07 clkbuf_4_1__f_w_clk
 3.000822e-07 4.255019e-07 1.108765e-11 7.255952e-07 clkbuf_4_0__f_w_clk
 3.001403e-07 4.207768e-07 1.108767e-11 7.209282e-07 clkbuf_4_5__f_w_clk
 3.001135e-07 4.196130e-07 1.108762e-11 7.197376e-07 clkbuf_4_15__f_w_clk
 9.187354e-08 5.646856e-07 6.954217e-12 6.565661e-07 fanout356
 1.085747e-07 5.160652e-07 7.387780e-12 6.246473e-07 fanout235
 7.475806e-08 5.462157e-07 4.695282e-12 6.209785e-07 fanout447
 7.506297e-08 4.781406e-07 4.695282e-12 5.532083e-07 fanout436
 7.523122e-08 4.651097e-07 4.695359e-12 5.403457e-07 fanout464
 7.482110e-08 4.586588e-07 4.508003e-12 5.334844e-07 fanout676
 7.502287e-08 4.571472e-07 4.695366e-12 5.321747e-07 fanout438
 7.520617e-08 4.333962e-07 4.695289e-12 5.086071e-07 fanout744
 7.495488e-08 4.223139e-07 4.508003e-12 4.972733e-07 fanout677
 7.545436e-08 4.020319e-07 4.695448e-12 4.774910e-07 fanout465
 7.563526e-08 3.990028e-07 4.695362e-12 4.746427e-07 fanout743
 7.595749e-08 3.924442e-07 4.507820e-12 4.684062e-07 fanout658
 7.555931e-08 3.910201e-07 4.508045e-12 4.665840e-07 fanout673
 7.603607e-08 3.902963e-07 4.695403e-12 4.663371e-07 fanout430
 7.644962e-08 3.887638e-07 4.695415e-12 4.652181e-07 fanout469
 5.992062e-08 4.024692e-07 1.125370e-11 4.624011e-07 fanout639
 7.624006e-08 3.844179e-07 4.508037e-12 4.606624e-07 fanout690
 7.556196e-08 3.847966e-07 4.695359e-12 4.603633e-07 fanout459
 4.427287e-08 4.074716e-07 4.769074e-12 4.517492e-07 fanout370
 7.559633e-08 3.719471e-07 4.695425e-12 4.475481e-07 fanout441
 7.566002e-08 3.715131e-07 4.695414e-12 4.471778e-07 fanout437
 7.632242e-08 3.677941e-07 4.508037e-12 4.441210e-07 fanout688
 7.632831e-08 3.639253e-07 4.695347e-12 4.402583e-07 fanout456
 7.634861e-08 3.595204e-07 4.695347e-12 4.358737e-07 fanout457
 7.569561e-08 3.526513e-07 4.695359e-12 4.283516e-07 fanout461
 7.595361e-08 3.488574e-07 4.695355e-12 4.248157e-07 fanout450
 7.621899e-08 3.480320e-07 4.695348e-12 4.242557e-07 fanout454
 7.574192e-08 3.447346e-07 4.508045e-12 4.204811e-07 fanout675
 7.635854e-08 3.437155e-07 4.695420e-12 4.200787e-07 fanout460
 7.545430e-08 3.443141e-07 4.695366e-12 4.197730e-07 fanout443
 7.585809e-08 3.428657e-07 4.508049e-12 4.187283e-07 fanout701
 7.572860e-08 3.395215e-07 4.695425e-12 4.152548e-07 fanout440
 7.567357e-08 3.375897e-07 4.507976e-12 4.132678e-07 fanout691
 7.644993e-08 3.363890e-07 4.507967e-12 4.128434e-07 fanout661
 7.565097e-08 3.371283e-07 4.695282e-12 4.127839e-07 fanout458
 7.565247e-08 3.368132e-07 4.695362e-12 4.124703e-07 fanout432
 7.603904e-08 3.350011e-07 4.508121e-12 4.110447e-07 fanout702
 7.568079e-08 3.322278e-07 4.695362e-12 4.079133e-07 fanout434
 7.579999e-08 3.254748e-07 4.508057e-12 4.012794e-07 fanout697
 7.625767e-08 3.168291e-07 4.508038e-12 3.930913e-07 fanout693
 7.629843e-08 3.158469e-07 4.507993e-12 3.921499e-07 fanout651
 7.633309e-08 3.144337e-07 4.508078e-12 3.907713e-07 fanout689
 7.588435e-08 3.147857e-07 4.507927e-12 3.906746e-07 fanout663
 7.627394e-08 3.143649e-07 4.508107e-12 3.906434e-07 fanout678
 1.685837e-07 2.180511e-07 6.988209e-12 3.866418e-07 clkbuf_leaf_98_v_clk
 7.586368e-08 3.102777e-07 4.695432e-12 3.861460e-07 fanout462
 3.881981e-08 3.463336e-07 7.068938e-12 3.851605e-07 fanout1005
 4.362119e-08 3.411292e-07 7.483416e-12 3.847578e-07 fanout146
 7.614781e-08 3.055606e-07 4.508028e-12 3.817130e-07 fanout712
 1.682756e-07 2.130082e-07 6.988215e-12 3.812908e-07 clkbuf_leaf_30_v_clk
 1.490133e-07 2.305344e-07 6.972721e-12 3.795546e-07 clkbuf_leaf_100_w_clk
 7.590252e-08 3.021565e-07 4.695359e-12 3.780637e-07 fanout470
 7.592854e-08 3.009214e-07 4.508053e-12 3.768544e-07 fanout707
 7.634270e-08 2.987786e-07 4.508107e-12 3.751258e-07 fanout679
 7.610149e-08 2.987858e-07 4.695429e-12 3.748920e-07 fanout448
 7.695038e-08 2.976200e-07 4.508106e-12 3.745749e-07 fanout706
 7.704349e-08 2.971544e-07 4.508089e-12 3.742024e-07 fanout694
 7.659102e-08 2.960661e-07 4.695406e-12 3.726618e-07 fanout445
 1.678789e-07 2.041372e-07 6.988200e-12 3.720231e-07 clkbuf_leaf_154_v_clk
 7.596826e-08 2.937988e-07 1.163481e-11 3.697786e-07 fanout1004
 1.680905e-07 2.006302e-07 6.988209e-12 3.687277e-07 clkbuf_leaf_93_v_clk
 1.677715e-07 1.995909e-07 6.988200e-12 3.673694e-07 clkbuf_leaf_157_v_clk
 7.636938e-08 2.891961e-07 4.508038e-12 3.655700e-07 fanout695
 7.597692e-08 2.887209e-07 4.508053e-12 3.647023e-07 fanout708
 7.668748e-08 2.864591e-07 4.507967e-12 3.631511e-07 fanout659
 1.678070e-07 1.951114e-07 6.988215e-12 3.629254e-07 clkbuf_leaf_28_v_clk
 7.670143e-08 2.853432e-07 4.695483e-12 3.620493e-07 fanout439
 1.676009e-07 1.938020e-07 6.988200e-12 3.614099e-07 clkbuf_leaf_152_v_clk
 7.618067e-08 2.826560e-07 4.507980e-12 3.588412e-07 fanout664
 7.671316e-08 2.820228e-07 4.508084e-12 3.587405e-07 fanout674
 1.678266e-07 1.905071e-07 6.988209e-12 3.583407e-07 clkbuf_leaf_100_v_clk
 1.677963e-07 1.905313e-07 6.988209e-12 3.583347e-07 clkbuf_leaf_89_v_clk
 1.482941e-07 2.093735e-07 6.972724e-12 3.576746e-07 clkbuf_leaf_112_w_clk
 7.630512e-08 2.809384e-07 4.508037e-12 3.572480e-07 fanout681
 7.631204e-08 2.794285e-07 4.508037e-12 3.557450e-07 fanout682
 1.677626e-07 1.879592e-07 6.988209e-12 3.557288e-07 clkbuf_leaf_97_v_clk
 1.679633e-07 1.877248e-07 6.988219e-12 3.556951e-07 clkbuf_leaf_53_v_clk
 1.449672e-07 2.100955e-07 6.972729e-12 3.550697e-07 clkbuf_3_0_0_w_clk
 7.600201e-08 2.771379e-07 4.695432e-12 3.531446e-07 fanout463
 7.602272e-08 2.769485e-07 4.508045e-12 3.529758e-07 fanout670
 7.647878e-08 2.760229e-07 4.507993e-12 3.525062e-07 fanout652
 1.673804e-07 1.824917e-07 6.988205e-12 3.498791e-07 clkbuf_leaf_146_v_clk
 1.674500e-07 1.820772e-07 6.988215e-12 3.495342e-07 clkbuf_leaf_33_v_clk
 1.676014e-07 1.818660e-07 6.988209e-12 3.494744e-07 clkbuf_leaf_126_v_clk
 1.672886e-07 1.814825e-07 6.988200e-12 3.487781e-07 clkbuf_leaf_159_v_clk
 1.674178e-07 1.801854e-07 6.988206e-12 3.476102e-07 clkbuf_leaf_116_v_clk
 5.497770e-08 2.907268e-07 4.432558e-12 3.457089e-07 fanout233
 7.672933e-08 2.682349e-07 4.508037e-12 3.449687e-07 fanout687
 1.480373e-07 1.958693e-07 6.972721e-12 3.439136e-07 clkbuf_leaf_99_w_clk
 1.475590e-07 1.961636e-07 6.972725e-12 3.437296e-07 clkbuf_leaf_28_w_clk
 1.475543e-07 1.958966e-07 6.972725e-12 3.434578e-07 clkbuf_leaf_30_w_clk
 1.479871e-07 1.939916e-07 6.972721e-12 3.419856e-07 clkbuf_leaf_97_w_clk
 1.671100e-07 1.747813e-07 6.988200e-12 3.418983e-07 clkbuf_leaf_162_v_clk
 1.676036e-07 1.739911e-07 6.988219e-12 3.416017e-07 clkbuf_leaf_47_v_clk
 1.447672e-07 1.968115e-07 6.972729e-12 3.415856e-07 clkbuf_3_4_0_w_clk
 1.669742e-07 1.745359e-07 6.988198e-12 3.415171e-07 clkbuf_leaf_18_v_clk
 1.678841e-07 1.734784e-07 6.988209e-12 3.413695e-07 clkbuf_leaf_160_v_clk
 1.672091e-07 1.730778e-07 6.988206e-12 3.402939e-07 clkbuf_leaf_120_v_clk
 1.672251e-07 1.730155e-07 6.988215e-12 3.402475e-07 clkbuf_leaf_38_v_clk
 1.673775e-07 1.728126e-07 6.988209e-12 3.401970e-07 clkbuf_leaf_66_v_clk
 1.673311e-07 1.716326e-07 6.988209e-12 3.389706e-07 clkbuf_leaf_102_v_clk
 1.674358e-07 1.692757e-07 6.988219e-12 3.367185e-07 clkbuf_leaf_63_v_clk
 1.670383e-07 1.692812e-07 6.988205e-12 3.363266e-07 clkbuf_leaf_144_v_clk
 1.672509e-07 1.689456e-07 6.988209e-12 3.362034e-07 clkbuf_leaf_124_v_clk
 1.671416e-07 1.688399e-07 6.988206e-12 3.359885e-07 clkbuf_leaf_110_v_clk
 1.669410e-07 1.687783e-07 6.988200e-12 3.357263e-07 clkbuf_leaf_156_v_clk
 1.669394e-07 1.683457e-07 6.988200e-12 3.352920e-07 clkbuf_leaf_153_v_clk
 1.445897e-07 1.895131e-07 6.972729e-12 3.341098e-07 clkbuf_3_2_0_w_clk
 1.446401e-07 1.891287e-07 6.972729e-12 3.337758e-07 clkbuf_3_7_0_w_clk
 1.477606e-07 1.858286e-07 6.972721e-12 3.335962e-07 clkbuf_leaf_93_w_clk
 1.476437e-07 1.856247e-07 6.972721e-12 3.332754e-07 clkbuf_leaf_54_w_clk
 1.670735e-07 1.661151e-07 6.988206e-12 3.331956e-07 clkbuf_leaf_122_v_clk
 1.671442e-07 1.656993e-07 6.988209e-12 3.328505e-07 clkbuf_leaf_101_v_clk
 1.671439e-07 1.650317e-07 6.988209e-12 3.321826e-07 clkbuf_leaf_130_v_clk
 1.676378e-07 1.642105e-07 6.988209e-12 3.318552e-07 clkbuf_leaf_166_v_clk
 1.668342e-07 1.648359e-07 6.988200e-12 3.316771e-07 clkbuf_leaf_155_v_clk
 1.668236e-07 1.640007e-07 6.988200e-12 3.308313e-07 clkbuf_leaf_161_v_clk
 7.612893e-08 2.542603e-07 4.508121e-12 3.303938e-07 fanout703
 1.669715e-07 1.625938e-07 6.988206e-12 3.295723e-07 clkbuf_leaf_111_v_clk
 1.669251e-07 1.620172e-07 6.988215e-12 3.289492e-07 clkbuf_leaf_25_v_clk
 1.667686e-07 1.619744e-07 6.988200e-12 3.287499e-07 clkbuf_leaf_151_v_clk
 1.669261e-07 1.616904e-07 6.988206e-12 3.286235e-07 clkbuf_leaf_114_v_clk
 1.669944e-07 1.609981e-07 6.988209e-12 3.279995e-07 clkbuf_leaf_96_v_clk
 1.667422e-07 1.609902e-07 6.988200e-12 3.277394e-07 clkbuf_leaf_158_v_clk
 1.445299e-07 1.831341e-07 6.972729e-12 3.276710e-07 clkbuf_3_5_0_w_clk
 1.668136e-07 1.607801e-07 6.988205e-12 3.276007e-07 clkbuf_leaf_141_v_clk
 1.670101e-07 1.602248e-07 6.988209e-12 3.272419e-07 clkbuf_leaf_123_v_clk
 1.670099e-07 1.601965e-07 6.988209e-12 3.272134e-07 clkbuf_leaf_107_v_clk
 1.667918e-07 1.602673e-07 6.988205e-12 3.270660e-07 clkbuf_leaf_145_v_clk
 1.669521e-07 1.595841e-07 6.988209e-12 3.265432e-07 clkbuf_leaf_88_v_clk
 1.669850e-07 1.589587e-07 6.988209e-12 3.259507e-07 clkbuf_leaf_104_v_clk
 1.444322e-07 1.804846e-07 6.972729e-12 3.249238e-07 clkbuf_3_3_0_w_clk
 1.444478e-07 1.803178e-07 6.972729e-12 3.247725e-07 clkbuf_3_1_0_w_clk
 1.667246e-07 1.576661e-07 6.988205e-12 3.243977e-07 clkbuf_leaf_143_v_clk
 1.444505e-07 1.787053e-07 6.972729e-12 3.231628e-07 clkbuf_3_6_0_w_clk
 1.667620e-07 1.562025e-07 6.988215e-12 3.229715e-07 clkbuf_leaf_26_v_clk
 1.473490e-07 1.753716e-07 6.972721e-12 3.227276e-07 clkbuf_leaf_51_w_clk
 1.667618e-07 1.559232e-07 6.988215e-12 3.226919e-07 clkbuf_leaf_36_v_clk
 1.670614e-07 1.554319e-07 6.988219e-12 3.225003e-07 clkbuf_leaf_48_v_clk
 1.667441e-07 1.552535e-07 6.988215e-12 3.220046e-07 clkbuf_leaf_37_v_clk
 1.469245e-07 1.737367e-07 6.972725e-12 3.206681e-07 clkbuf_leaf_36_w_clk
 1.666276e-07 1.539830e-07 6.988205e-12 3.206176e-07 clkbuf_leaf_142_v_clk
 1.667959e-07 1.534274e-07 6.988209e-12 3.202302e-07 clkbuf_leaf_95_v_clk
 1.667886e-07 1.529745e-07 6.988209e-12 3.197702e-07 clkbuf_leaf_94_v_clk
 1.666659e-07 1.529968e-07 6.988215e-12 3.196697e-07 clkbuf_leaf_35_v_clk
 1.666646e-07 1.528596e-07 6.988215e-12 3.195313e-07 clkbuf_leaf_34_v_clk
 1.668021e-07 1.526935e-07 6.988209e-12 3.195026e-07 clkbuf_leaf_128_v_clk
 1.663966e-07 1.528241e-07 6.988198e-12 3.192277e-07 clkbuf_leaf_17_v_clk
 1.474718e-07 1.706943e-07 6.972731e-12 3.181731e-07 clkbuf_leaf_14_w_clk
 1.663814e-07 1.516180e-07 6.988198e-12 3.180064e-07 clkbuf_leaf_14_v_clk
 1.669319e-07 1.496826e-07 6.988219e-12 3.166215e-07 clkbuf_leaf_50_v_clk
 1.666344e-07 1.499193e-07 6.988206e-12 3.165608e-07 clkbuf_leaf_125_v_clk
 1.666541e-07 1.495218e-07 6.988203e-12 3.161829e-07 clkbuf_leaf_12_v_clk
 1.666926e-07 1.490663e-07 6.988209e-12 3.157659e-07 clkbuf_leaf_92_v_clk
 1.471391e-07 1.677539e-07 6.972724e-12 3.149000e-07 clkbuf_leaf_111_w_clk
 1.666966e-07 1.480588e-07 6.988209e-12 3.147624e-07 clkbuf_leaf_69_v_clk
 1.666738e-07 1.476745e-07 6.988209e-12 3.143553e-07 clkbuf_leaf_103_v_clk
 1.467592e-07 1.674668e-07 6.972725e-12 3.142330e-07 clkbuf_leaf_35_w_clk
 7.043832e-08 2.435018e-07 1.160170e-11 3.139517e-07 fanout1006
 1.473219e-07 1.664827e-07 6.972724e-12 3.138115e-07 clkbuf_leaf_123_w_clk
 1.662542e-07 1.467131e-07 6.988198e-12 3.129743e-07 clkbuf_leaf_22_v_clk
 1.470914e-07 1.658074e-07 6.972721e-12 3.129057e-07 clkbuf_leaf_49_w_clk
 1.470834e-07 1.655399e-07 6.972721e-12 3.126303e-07 clkbuf_leaf_56_w_clk
 1.467082e-07 1.657718e-07 6.972725e-12 3.124870e-07 clkbuf_leaf_34_w_clk
 1.666377e-07 1.454572e-07 6.988209e-12 3.121019e-07 clkbuf_leaf_74_v_clk
 1.670618e-07 1.446966e-07 6.988221e-12 3.117653e-07 clkbuf_leaf_45_v_clk
 1.664999e-07 1.448973e-07 6.988206e-12 3.114042e-07 clkbuf_leaf_121_v_clk
 1.664399e-07 1.445402e-07 6.988215e-12 3.109870e-07 clkbuf_leaf_29_v_clk
 6.775937e-08 2.430527e-07 1.240491e-11 3.108245e-07 fanout610
 1.665652e-07 1.439518e-07 6.988209e-12 3.105240e-07 clkbuf_leaf_129_v_clk
 1.665419e-07 1.437228e-07 6.988209e-12 3.102717e-07 clkbuf_leaf_99_v_clk
 1.663989e-07 1.429837e-07 6.988215e-12 3.093896e-07 clkbuf_leaf_62_v_clk
 1.665176e-07 1.428162e-07 6.988209e-12 3.093408e-07 clkbuf_leaf_91_v_clk
 1.662975e-07 1.423168e-07 6.988205e-12 3.086213e-07 clkbuf_leaf_138_v_clk
 1.471687e-07 1.612107e-07 6.972724e-12 3.083864e-07 clkbuf_leaf_0_w_clk
 1.664869e-07 1.412893e-07 6.988209e-12 3.077833e-07 clkbuf_leaf_127_v_clk
 1.469436e-07 1.605186e-07 6.972721e-12 3.074691e-07 clkbuf_leaf_55_w_clk
 1.470395e-07 1.602312e-07 6.972721e-12 3.072776e-07 clkbuf_leaf_96_w_clk
 1.470568e-07 1.599183e-07 6.972722e-12 3.069821e-07 clkbuf_leaf_78_w_clk
 1.468062e-07 1.596156e-07 6.972719e-12 3.064287e-07 clkbuf_leaf_68_w_clk
 1.465546e-07 1.597454e-07 6.972725e-12 3.063070e-07 clkbuf_leaf_32_w_clk
 1.663175e-07 1.398869e-07 6.988215e-12 3.062113e-07 clkbuf_leaf_59_v_clk
 1.669192e-07 1.389760e-07 6.988209e-12 3.059021e-07 clkbuf_leaf_163_v_clk
 1.662248e-07 1.394729e-07 6.988205e-12 3.057047e-07 clkbuf_leaf_147_v_clk
 1.662962e-07 1.392494e-07 6.988206e-12 3.055526e-07 clkbuf_leaf_118_v_clk
 1.664033e-07 1.373533e-07 6.988209e-12 3.037636e-07 clkbuf_leaf_65_v_clk
 1.664061e-07 1.372472e-07 6.988209e-12 3.036603e-07 clkbuf_leaf_73_v_clk
 1.659957e-07 1.371931e-07 6.988198e-12 3.031959e-07 clkbuf_leaf_15_v_clk
 1.470383e-07 1.560515e-07 6.972724e-12 3.030967e-07 clkbuf_leaf_4_w_clk
 1.468129e-07 1.561498e-07 6.972724e-12 3.029697e-07 clkbuf_leaf_116_w_clk
 1.662439e-07 1.361188e-07 6.988206e-12 3.023697e-07 clkbuf_leaf_115_v_clk
 6.635135e-08 2.358325e-07 1.321138e-11 3.021971e-07 fanout717
 1.663390e-07 1.357466e-07 6.988209e-12 3.020926e-07 clkbuf_leaf_131_v_clk
 1.662746e-07 1.357602e-07 6.988203e-12 3.020418e-07 clkbuf_leaf_4_v_clk
 1.661993e-07 1.354543e-07 6.988215e-12 3.016606e-07 clkbuf_leaf_58_v_clk
 1.667997e-07 1.341197e-07 6.988209e-12 3.009264e-07 clkbuf_leaf_169_v_clk
 1.662031e-07 1.346014e-07 6.988206e-12 3.008115e-07 clkbuf_leaf_112_v_clk
 1.667742e-07 1.338661e-07 6.988209e-12 3.006473e-07 clkbuf_leaf_165_v_clk
 1.659198e-07 1.341042e-07 6.988198e-12 3.000310e-07 clkbuf_leaf_7_v_clk
 1.661521e-07 1.338358e-07 6.988215e-12 2.999949e-07 clkbuf_leaf_70_v_clk
 1.658719e-07 1.329721e-07 6.988198e-12 2.988510e-07 clkbuf_leaf_16_v_clk
 1.661173e-07 1.326422e-07 6.988206e-12 2.987665e-07 clkbuf_leaf_119_v_clk
 1.469138e-07 1.518131e-07 6.972724e-12 2.987339e-07 clkbuf_leaf_8_w_clk
 1.469109e-07 1.516110e-07 6.972724e-12 2.985289e-07 clkbuf_leaf_122_w_clk
 1.658728e-07 1.323157e-07 6.988198e-12 2.981955e-07 clkbuf_leaf_19_v_clk
 1.466604e-07 1.507692e-07 6.972724e-12 2.974365e-07 clkbuf_leaf_113_w_clk
 1.660052e-07 1.313171e-07 6.988205e-12 2.973293e-07 clkbuf_leaf_148_v_clk
 1.466585e-07 1.505520e-07 6.972721e-12 2.972175e-07 clkbuf_leaf_53_w_clk
 1.662242e-07 1.306923e-07 6.988209e-12 2.969234e-07 clkbuf_leaf_79_v_clk
 1.467631e-07 1.496791e-07 6.972721e-12 2.964492e-07 clkbuf_leaf_45_w_clk
 1.661372e-07 1.297684e-07 6.988209e-12 2.959126e-07 clkbuf_leaf_80_v_clk
 1.665300e-07 1.291380e-07 6.988221e-12 2.956751e-07 clkbuf_leaf_42_v_clk
 2.956321e-07 0.000000e+00 1.137104e-11 2.956435e-07 clkload11
 1.659548e-07 1.296088e-07 6.988215e-12 2.955707e-07 clkbuf_leaf_31_v_clk
 1.462635e-07 1.491156e-07 6.972725e-12 2.953860e-07 clkbuf_leaf_31_w_clk
 3.345549e-08 2.604021e-07 7.033647e-12 2.938646e-07 fanout1000
 1.659365e-07 1.279103e-07 6.988209e-12 2.938538e-07 clkbuf_leaf_90_v_clk
 1.659463e-07 1.275073e-07 6.988209e-12 2.934605e-07 clkbuf_leaf_75_v_clk
 1.465468e-07 1.464671e-07 6.972724e-12 2.930209e-07 clkbuf_leaf_110_w_clk
 1.466542e-07 1.462514e-07 6.972721e-12 2.929125e-07 clkbuf_leaf_101_w_clk
 1.468082e-07 1.459457e-07 6.972721e-12 2.927609e-07 clkbuf_leaf_61_w_clk
 4.334972e-08 2.492539e-07 3.986930e-12 2.926076e-07 fanout667
 1.658007e-07 1.267197e-07 6.988203e-12 2.925273e-07 clkbuf_leaf_170_v_clk
 1.654768e-07 1.266444e-07 6.988198e-12 2.921282e-07 clkbuf_leaf_13_v_clk
 1.466073e-07 1.447029e-07 6.972721e-12 2.913171e-07 clkbuf_leaf_98_w_clk
 1.657597e-07 1.255381e-07 6.988209e-12 2.913048e-07 clkbuf_leaf_105_v_clk
 1.656096e-07 1.254580e-07 6.988206e-12 2.910746e-07 clkbuf_leaf_117_v_clk
 1.464774e-07 1.443993e-07 6.972724e-12 2.908836e-07 clkbuf_leaf_114_w_clk
 1.463721e-07 1.440294e-07 6.972719e-12 2.904084e-07 clkbuf_leaf_67_w_clk
 1.655846e-07 1.242982e-07 6.988203e-12 2.898898e-07 clkbuf_leaf_6_v_clk
 1.656538e-07 1.241583e-07 6.988209e-12 2.898191e-07 clkbuf_leaf_77_v_clk
 1.461130e-07 1.436957e-07 6.972725e-12 2.898156e-07 clkbuf_leaf_29_w_clk
 4.453115e-08 2.449104e-07 4.769216e-12 2.894463e-07 fanout367
 1.655915e-07 1.236441e-07 6.988209e-12 2.892426e-07 clkbuf_leaf_106_v_clk
 1.653770e-07 1.236582e-07 6.988205e-12 2.890421e-07 clkbuf_leaf_149_v_clk
 1.655246e-07 1.235070e-07 6.988203e-12 2.890386e-07 clkbuf_leaf_1_v_clk
 1.654344e-07 1.235151e-07 6.988215e-12 2.889565e-07 clkbuf_leaf_32_v_clk
 1.463976e-07 1.412100e-07 6.972724e-12 2.876146e-07 clkbuf_leaf_118_w_clk
 1.464817e-07 1.397592e-07 6.972721e-12 2.862478e-07 clkbuf_leaf_47_w_clk
 1.654880e-07 1.205189e-07 6.988219e-12 2.860139e-07 clkbuf_leaf_49_v_clk
 4.497915e-08 2.408441e-07 4.769074e-12 2.858281e-07 fanout363
 1.463445e-07 1.392811e-07 6.972724e-12 2.856326e-07 clkbuf_leaf_117_w_clk
 1.652226e-07 1.200693e-07 6.988203e-12 2.852989e-07 clkbuf_leaf_9_v_clk
 1.650588e-07 1.197368e-07 6.988205e-12 2.848026e-07 clkbuf_leaf_140_v_clk
 1.656514e-07 1.189640e-07 6.988209e-12 2.846223e-07 clkbuf_leaf_167_v_clk
 6.722591e-08 2.173692e-07 1.218525e-11 2.846074e-07 fanout631
 1.465305e-07 1.379963e-07 6.972724e-12 2.845337e-07 clkbuf_leaf_6_w_clk
 1.462836e-07 1.371468e-07 6.972721e-12 2.834374e-07 clkbuf_leaf_50_w_clk
 1.651081e-07 1.180577e-07 6.988209e-12 2.831729e-07 clkbuf_leaf_113_v_clk
 1.650304e-07 1.178509e-07 6.988203e-12 2.828882e-07 clkbuf_leaf_11_v_clk
 1.655009e-07 1.173206e-07 6.988209e-12 2.828286e-07 clkbuf_leaf_168_v_clk
 1.464646e-07 1.362072e-07 6.972724e-12 2.826788e-07 clkbuf_leaf_1_w_clk
 1.650151e-07 1.171174e-07 6.988209e-12 2.821394e-07 clkbuf_leaf_109_v_clk
 1.649691e-07 1.163190e-07 6.988209e-12 2.812951e-07 clkbuf_leaf_82_v_clk
 1.464582e-07 1.344565e-07 6.972731e-12 2.809217e-07 clkbuf_leaf_25_w_clk
 1.648626e-07 1.159724e-07 6.988203e-12 2.808420e-07 clkbuf_leaf_2_v_clk
 1.458531e-07 1.340466e-07 6.972725e-12 2.799067e-07 clkbuf_leaf_38_w_clk
 1.463240e-07 1.333539e-07 6.972729e-12 2.796849e-07 clkbuf_leaf_17_w_clk
 1.648738e-07 1.145599e-07 6.988209e-12 2.794407e-07 clkbuf_leaf_135_v_clk
 1.463768e-07 1.328522e-07 6.972724e-12 2.792360e-07 clkbuf_leaf_120_w_clk
 1.649056e-07 1.140108e-07 6.988219e-12 2.789234e-07 clkbuf_leaf_64_v_clk
 1.463500e-07 1.318625e-07 6.972724e-12 2.782195e-07 clkbuf_leaf_119_w_clk
 1.654595e-07 1.126339e-07 6.988219e-12 2.781003e-07 clkbuf_leaf_84_v_clk
 1.645458e-07 1.130774e-07 6.988215e-12 2.776301e-07 clkbuf_leaf_54_v_clk
 1.459856e-07 1.309471e-07 6.972724e-12 2.769397e-07 clkbuf_leaf_108_w_clk
 1.644724e-07 1.122236e-07 6.988215e-12 2.767029e-07 clkbuf_leaf_57_v_clk
 1.649568e-07 1.113351e-07 6.988209e-12 2.762990e-07 clkbuf_leaf_164_v_clk
 1.642118e-07 1.118219e-07 6.988198e-12 2.760407e-07 clkbuf_leaf_27_v_clk
 1.462086e-07 1.295666e-07 6.972722e-12 2.757822e-07 clkbuf_leaf_82_w_clk
 1.461948e-07 1.289473e-07 6.972722e-12 2.751490e-07 clkbuf_leaf_81_w_clk
 1.463195e-07 1.285732e-07 6.972721e-12 2.748997e-07 clkbuf_leaf_60_w_clk
 5.133581e-08 2.232370e-07 1.363539e-11 2.745864e-07 fanout346
 1.463056e-07 1.280768e-07 6.972721e-12 2.743894e-07 clkbuf_leaf_59_w_clk
 1.640864e-07 1.102035e-07 6.988198e-12 2.742968e-07 clkbuf_leaf_8_v_clk
 1.647431e-07 1.091649e-07 6.988221e-12 2.739150e-07 clkbuf_leaf_46_v_clk
 1.651108e-07 1.087384e-07 6.988219e-12 2.738562e-07 clkbuf_leaf_86_v_clk
 1.642973e-07 1.092864e-07 6.988203e-12 2.735907e-07 clkbuf_leaf_0_v_clk
 1.460206e-07 1.274456e-07 6.972721e-12 2.734732e-07 clkbuf_leaf_52_w_clk
 4.459368e-08 2.284741e-07 4.769216e-12 2.730726e-07 fanout369
 1.641741e-07 1.087120e-07 6.988215e-12 2.728930e-07 clkbuf_leaf_60_v_clk
 1.639711e-07 1.088985e-07 6.988198e-12 2.728766e-07 clkbuf_leaf_20_v_clk
 1.642735e-07 1.085758e-07 6.988209e-12 2.728563e-07 clkbuf_leaf_108_v_clk
 1.461180e-07 1.266079e-07 6.972721e-12 2.727328e-07 clkbuf_leaf_71_w_clk
 1.458924e-07 1.268120e-07 6.972719e-12 2.727114e-07 clkbuf_leaf_70_w_clk
 1.461161e-07 1.262304e-07 6.972722e-12 2.723534e-07 clkbuf_leaf_79_w_clk
 4.264555e-08 2.296558e-07 3.987208e-12 2.723053e-07 fanout713
 1.461954e-07 1.260032e-07 6.972724e-12 2.722055e-07 clkbuf_leaf_5_w_clk
 1.458735e-07 1.261296e-07 6.972719e-12 2.720101e-07 clkbuf_leaf_69_w_clk
 1.641570e-07 1.077939e-07 6.988203e-12 2.719578e-07 clkbuf_leaf_5_v_clk
 1.641622e-07 1.077465e-07 6.988203e-12 2.719157e-07 clkbuf_leaf_10_v_clk
 1.640937e-07 1.078089e-07 6.988215e-12 2.719095e-07 clkbuf_leaf_56_v_clk
 1.642238e-07 1.070851e-07 6.988209e-12 2.713159e-07 clkbuf_leaf_133_v_clk
 1.638362e-07 1.073901e-07 6.988198e-12 2.712333e-07 clkbuf_leaf_21_v_clk
 1.461592e-07 1.246663e-07 6.972724e-12 2.708324e-07 clkbuf_leaf_121_w_clk
 1.458230e-07 1.243539e-07 6.972719e-12 2.701839e-07 clkbuf_leaf_65_w_clk
 1.639409e-07 1.060330e-07 6.988215e-12 2.699808e-07 clkbuf_leaf_68_v_clk
 1.643503e-07 1.048495e-07 6.988221e-12 2.692067e-07 clkbuf_leaf_39_v_clk
 1.460213e-07 1.225771e-07 6.972729e-12 2.686054e-07 clkbuf_leaf_16_w_clk
 1.638319e-07 1.047631e-07 6.988215e-12 2.686019e-07 clkbuf_leaf_61_v_clk
 1.458808e-07 1.226541e-07 6.972724e-12 2.685419e-07 clkbuf_leaf_115_w_clk
 4.268353e-08 2.256797e-07 4.323376e-12 2.683676e-07 fanout452
 1.459879e-07 1.220193e-07 6.972721e-12 2.680142e-07 clkbuf_leaf_48_w_clk
 4.367264e-08 2.233743e-07 7.142935e-12 2.670541e-07 fanout198
 1.454933e-07 1.212865e-07 6.972725e-12 2.667868e-07 clkbuf_leaf_33_w_clk
 1.457075e-07 1.210050e-07 6.972724e-12 2.667195e-07 clkbuf_leaf_109_w_clk
 1.636265e-07 1.023720e-07 6.988215e-12 2.660055e-07 clkbuf_leaf_71_v_clk
 1.644372e-07 1.014304e-07 6.988219e-12 2.658747e-07 clkbuf_leaf_85_v_clk
 1.637142e-07 1.012444e-07 6.988209e-12 2.649656e-07 clkbuf_leaf_132_v_clk
 4.518509e-08 2.194892e-07 4.769141e-12 2.646791e-07 fanout359
 1.458924e-07 1.182167e-07 6.972722e-12 2.641161e-07 clkbuf_leaf_80_w_clk
 1.637403e-07 1.003515e-07 6.988219e-12 2.640988e-07 clkbuf_leaf_51_v_clk
 1.458887e-07 1.181020e-07 6.972722e-12 2.639977e-07 clkbuf_leaf_84_w_clk
 1.459978e-07 1.171867e-07 6.972721e-12 2.631915e-07 clkbuf_leaf_58_w_clk
 1.459672e-07 1.170974e-07 6.972731e-12 2.630716e-07 clkbuf_leaf_27_w_clk
 4.258102e-08 2.203580e-07 3.987353e-12 2.629430e-07 fanout698
 5.942145e-08 2.029547e-07 1.347138e-11 2.623896e-07 fanout643
 1.459222e-07 1.163838e-07 6.972724e-12 2.623129e-07 clkbuf_leaf_7_w_clk
 1.633298e-07 9.891482e-08 6.988215e-12 2.622516e-07 clkbuf_leaf_55_v_clk
 1.635734e-07 9.856785e-08 6.988219e-12 2.621483e-07 clkbuf_leaf_52_v_clk
 1.632713e-07 9.749551e-08 6.988203e-12 2.607738e-07 clkbuf_leaf_3_v_clk
 1.455469e-07 1.152094e-07 6.972724e-12 2.607632e-07 clkbuf_leaf_106_w_clk
 1.640007e-07 9.673221e-08 6.988219e-12 2.607399e-07 clkbuf_leaf_78_v_clk
 1.458884e-07 1.142848e-07 6.972731e-12 2.601802e-07 clkbuf_leaf_24_w_clk
 1.458592e-07 1.142239e-07 6.972724e-12 2.600900e-07 clkbuf_leaf_2_w_clk
 6.601658e-08 1.932975e-07 1.143410e-11 2.593255e-07 fanout997
 1.638586e-07 9.512576e-08 6.988219e-12 2.589913e-07 clkbuf_leaf_83_v_clk
 4.464835e-08 2.137902e-07 4.769216e-12 2.584433e-07 fanout366
 1.454192e-07 1.129070e-07 6.972719e-12 2.583331e-07 clkbuf_leaf_64_w_clk
 4.523404e-08 2.113021e-07 4.769238e-12 2.565409e-07 fanout365
 1.628303e-07 9.311324e-08 6.988215e-12 2.559506e-07 clkbuf_leaf_72_v_clk
 4.506921e-08 2.107535e-07 4.769198e-12 2.558275e-07 fanout362
 4.282262e-08 2.126738e-07 3.987174e-12 2.555004e-07 fanout657
 1.453687e-07 1.095717e-07 6.972729e-12 2.549474e-07 clkbuf_leaf_19_w_clk
 1.627500e-07 9.066212e-08 6.988209e-12 2.534191e-07 clkbuf_leaf_76_v_clk
 1.452380e-07 1.081089e-07 6.972729e-12 2.533539e-07 clkbuf_leaf_15_w_clk
 1.633756e-07 8.985651e-08 6.988219e-12 2.532391e-07 clkbuf_leaf_81_v_clk
 1.626326e-07 8.881372e-08 6.988209e-12 2.514533e-07 clkbuf_leaf_137_v_clk
 1.451276e-07 1.058267e-07 6.972731e-12 2.509613e-07 clkbuf_leaf_26_w_clk
 1.450857e-07 1.056514e-07 6.972724e-12 2.507441e-07 clkbuf_leaf_3_w_clk
 1.449238e-07 1.046460e-07 6.972729e-12 2.495767e-07 clkbuf_leaf_20_w_clk
 4.479525e-08 2.042086e-07 7.319471e-12 2.490112e-07 fanout253
 1.624385e-07 8.655529e-08 6.988209e-12 2.490007e-07 clkbuf_leaf_136_v_clk
 4.301629e-08 2.055096e-07 3.987318e-12 2.485298e-07 fanout686
 1.623088e-07 8.510216e-08 6.988209e-12 2.474179e-07 clkbuf_leaf_150_v_clk
 1.446462e-07 1.017415e-07 6.972721e-12 2.463948e-07 clkbuf_leaf_44_w_clk
 1.624312e-07 8.321742e-08 6.988221e-12 2.456557e-07 clkbuf_leaf_41_v_clk
 1.627014e-07 8.251943e-08 6.988219e-12 2.452278e-07 clkbuf_leaf_87_v_clk
 1.444720e-07 9.970635e-08 6.972722e-12 2.441853e-07 clkbuf_leaf_83_w_clk
 1.443882e-07 9.868345e-08 6.972729e-12 2.430786e-07 clkbuf_leaf_22_w_clk
 3.951600e-08 2.024364e-07 7.068951e-12 2.419595e-07 hold53
 1.443759e-07 9.730802e-08 6.972721e-12 2.416909e-07 clkbuf_leaf_62_w_clk
 1.620380e-07 7.883612e-08 6.988221e-12 2.408811e-07 clkbuf_leaf_40_v_clk
 1.441886e-07 9.645077e-08 6.972729e-12 2.406463e-07 clkbuf_leaf_18_w_clk
 1.439251e-07 9.622654e-08 6.972724e-12 2.401586e-07 clkbuf_leaf_9_w_clk
 1.436465e-07 9.581881e-08 6.972724e-12 2.394723e-07 clkbuf_leaf_41_w_clk
 1.440443e-07 9.505785e-08 6.972721e-12 2.391091e-07 clkbuf_leaf_46_w_clk
 1.440256e-07 9.488770e-08 6.972721e-12 2.389203e-07 clkbuf_leaf_87_w_clk
 1.440959e-07 9.448608e-08 6.972731e-12 2.385890e-07 clkbuf_leaf_23_w_clk
 1.618416e-07 7.647590e-08 6.988221e-12 2.383245e-07 clkbuf_leaf_43_v_clk
 1.434982e-07 9.419638e-08 6.972724e-12 2.377015e-07 clkbuf_leaf_13_w_clk
 1.437171e-07 9.366359e-08 6.972719e-12 2.373877e-07 clkbuf_leaf_73_w_clk
 4.328631e-08 1.936686e-07 3.987391e-12 2.369589e-07 fanout669
 4.534510e-08 1.899267e-07 4.769221e-12 2.352766e-07 fanout361
 3.352000e-08 2.012178e-07 7.033664e-12 2.347448e-07 hold23
 1.436536e-07 9.079054e-08 6.972721e-12 2.344511e-07 clkbuf_leaf_91_w_clk
 4.530977e-08 1.886367e-07 4.769196e-12 2.339512e-07 fanout358
 1.431823e-07 9.048199e-08 6.972724e-12 2.336713e-07 clkbuf_leaf_37_w_clk
 1.433018e-07 8.898900e-08 6.972719e-12 2.322978e-07 clkbuf_leaf_66_w_clk
 1.428725e-07 8.704347e-08 6.972724e-12 2.299229e-07 clkbuf_leaf_43_w_clk
 3.452730e-08 1.943608e-07 6.945445e-12 2.288951e-07 fanout163
 1.429165e-07 8.502819e-08 6.972719e-12 2.279517e-07 clkbuf_leaf_75_w_clk
 3.766670e-08 1.889497e-07 7.097636e-12 2.266235e-07 hold33
 1.429756e-07 8.320671e-08 6.972721e-12 2.261893e-07 clkbuf_leaf_74_w_clk
 1.429414e-07 8.283565e-08 6.972721e-12 2.257840e-07 clkbuf_leaf_89_w_clk
 1.424172e-07 8.169574e-08 6.972724e-12 2.241199e-07 clkbuf_leaf_40_w_clk
 1.425830e-07 8.126690e-08 6.972719e-12 2.238568e-07 clkbuf_leaf_105_w_clk
 1.426680e-07 7.983574e-08 6.972721e-12 2.225107e-07 clkbuf_leaf_90_w_clk
 1.423158e-07 7.823124e-08 6.972719e-12 2.205540e-07 clkbuf_leaf_76_w_clk
 3.323072e-08 1.872582e-07 7.346047e-12 2.204963e-07 fanout721
 3.370140e-08 1.862404e-07 1.374318e-11 2.199556e-07 fanout646
 3.038958e-08 1.892093e-07 7.332723e-12 2.196062e-07 fanout618
 1.422715e-07 7.543398e-08 6.972721e-12 2.177124e-07 clkbuf_leaf_85_w_clk
 5.423823e-08 1.627851e-07 1.373276e-11 2.170371e-07 fanout349
 3.581504e-08 1.784998e-07 7.231889e-12 2.143221e-07 fanout636
 3.407667e-08 1.781185e-07 7.366982e-12 2.122026e-07 fanout605
 1.928374e-08 1.902559e-07 4.372531e-12 2.095441e-07 fanout329
 1.818787e-08 1.895687e-07 4.679180e-12 2.077613e-07 fanout1012
 3.961923e-08 1.680023e-07 7.068940e-12 2.076285e-07 hold28
 4.415037e-08 1.598840e-07 1.065482e-11 2.040450e-07 fanout580
 2.038141e-07 0.000000e+00 4.608675e-12 2.038187e-07 clkload3
 1.408879e-07 6.211425e-08 6.972719e-12 2.030092e-07 clkbuf_leaf_104_w_clk
 1.405925e-07 6.070099e-08 6.972724e-12 2.013004e-07 clkbuf_leaf_42_w_clk
 1.404913e-07 5.954577e-08 6.972724e-12 2.000441e-07 clkbuf_leaf_39_w_clk
 4.303520e-08 1.537159e-07 3.987193e-12 1.967551e-07 fanout660
 4.262953e-08 1.537086e-07 4.323389e-12 1.963425e-07 fanout435
 1.402372e-07 5.472737e-08 6.972719e-12 1.949716e-07 clkbuf_leaf_103_w_clk
 4.276875e-08 1.521413e-07 3.987217e-12 1.949140e-07 fanout665
 1.402238e-07 5.458618e-08 6.972719e-12 1.948170e-07 clkbuf_leaf_77_w_clk
 3.610861e-08 1.579915e-07 7.001774e-12 1.941071e-07 fanout386
 1.822373e-08 1.756402e-07 4.760645e-12 1.938687e-07 fanout381
 3.664322e-08 1.568290e-07 7.097622e-12 1.934793e-07 fanout1013
 3.161900e-08 1.609669e-07 7.072300e-12 1.925930e-07 hold19
 4.267967e-08 1.492800e-07 3.987346e-12 1.919637e-07 fanout709
 3.318645e-08 1.528537e-07 1.090258e-11 1.860511e-07 fanout401
 4.258966e-08 1.401350e-07 4.323396e-12 1.827290e-07 fanout444
 3.078887e-08 1.510997e-07 7.307412e-12 1.818958e-07 fanout724
 2.210881e-08 1.565898e-07 6.896547e-12 1.787055e-07 fanout170
 2.017239e-08 1.567011e-07 7.126028e-12 1.768806e-07 fanout740
 3.181856e-08 1.447503e-07 4.455630e-12 1.765734e-07 fanout360
 4.289394e-08 1.307176e-07 3.987479e-12 1.736155e-07 fanout654
 3.092482e-08 1.412773e-07 7.307398e-12 1.722095e-07 fanout723
 3.324699e-08 1.374373e-07 7.033631e-12 1.706913e-07 fanout992
 3.130852e-08 1.335906e-07 4.400387e-12 1.649035e-07 fanout232
 2.677752e-08 1.363141e-07 6.997697e-12 1.630986e-07 fanout413
 2.969401e-08 1.328254e-07 7.219305e-12 1.625266e-07 fanout394
 2.602566e-08 1.360618e-07 7.137774e-12 1.620946e-07 fanout250
 2.570171e-08 1.362316e-07 7.420580e-12 1.619408e-07 fanout347
 3.304392e-08 1.274165e-07 7.033626e-12 1.604674e-07 fanout995
 3.566481e-08 1.216957e-07 1.385989e-11 1.573744e-07 fanout219
 1.563445e-07 0.000000e+00 6.818609e-12 1.563513e-07 clkload10
 1.559985e-07 0.000000e+00 6.988224e-12 1.560055e-07 clkload258
 2.163357e-08 1.342698e-07 6.896534e-12 1.559103e-07 fanout167
 1.558718e-07 0.000000e+00 6.988215e-12 1.558788e-07 clkload223
 1.558249e-07 0.000000e+00 6.988203e-12 1.558319e-07 clkload136
 1.557874e-07 0.000000e+00 6.988213e-12 1.557944e-07 clkload165
 1.557840e-07 0.000000e+00 6.988224e-12 1.557910e-07 clkload257
 1.557654e-07 0.000000e+00 6.988215e-12 1.557724e-07 clkload222
 1.557456e-07 0.000000e+00 6.988224e-12 1.557526e-07 clkload201
 1.557013e-07 0.000000e+00 6.988215e-12 1.557083e-07 clkload216
 1.556903e-07 0.000000e+00 6.988215e-12 1.556973e-07 clkload218
 1.556872e-07 0.000000e+00 6.988203e-12 1.556942e-07 clkload134
 1.556505e-07 0.000000e+00 6.988223e-12 1.556575e-07 clkload256
 3.059482e-08 1.250548e-07 7.072265e-12 1.556567e-07 fanout985
 1.556373e-07 0.000000e+00 6.988213e-12 1.556443e-07 clkload214
 1.555538e-07 0.000000e+00 6.988203e-12 1.555608e-07 clkload140
 1.555042e-07 0.000000e+00 6.988203e-12 1.555111e-07 clkload139
 1.554828e-07 0.000000e+00 6.988211e-12 1.554898e-07 clkload248
 2.752618e-08 1.279477e-07 7.411041e-12 1.554813e-07 fanout642
 1.554374e-07 0.000000e+00 6.988209e-12 1.554444e-07 clkload123
 1.554373e-07 0.000000e+00 6.988209e-12 1.554443e-07 clkload120
 1.553900e-07 0.000000e+00 6.988211e-12 1.553969e-07 clkload247
 1.553784e-07 0.000000e+00 6.988209e-12 1.553854e-07 clkload246
 1.553544e-07 0.000000e+00 6.988197e-12 1.553614e-07 clkload148
 1.553492e-07 0.000000e+00 6.988219e-12 1.553562e-07 clkload206
 1.553286e-07 0.000000e+00 6.988208e-12 1.553355e-07 clkload183
 1.553257e-07 0.000000e+00 6.988209e-12 1.553327e-07 clkload231
 1.552886e-07 0.000000e+00 6.988217e-12 1.552956e-07 clkload212
 1.552866e-07 0.000000e+00 6.988201e-12 1.552936e-07 clkload159
 1.552750e-07 0.000000e+00 6.988209e-12 1.552820e-07 clkload226
 1.552735e-07 0.000000e+00 6.988211e-12 1.552805e-07 clkload200
 1.551744e-07 0.000000e+00 6.988209e-12 1.551814e-07 clkload191
 3.300648e-08 1.179467e-07 7.012603e-12 1.509602e-07 fanout606
 2.058939e-08 1.303298e-07 4.832816e-12 1.509240e-07 fanout215
 1.892479e-08 1.294411e-07 7.046818e-12 1.483729e-07 fanout626
 3.557007e-08 1.067650e-07 1.381931e-11 1.423489e-07 fanout399
 1.949229e-08 1.182109e-07 6.970601e-12 1.377102e-07 fanout341
 1.363992e-07 0.000000e+00 6.972731e-12 1.364062e-07 clkload52
 1.363873e-07 0.000000e+00 6.972729e-12 1.363943e-07 clkload55
 1.360965e-07 0.000000e+00 6.972728e-12 1.361035e-07 clkload56
 1.357784e-07 0.000000e+00 6.972725e-12 1.357854e-07 clkload77
 1.357452e-07 0.000000e+00 6.972724e-12 1.357522e-07 clkload76
 1.357393e-07 0.000000e+00 6.972724e-12 1.357462e-07 clkload86
 1.357306e-07 0.000000e+00 6.972724e-12 1.357376e-07 clkload79
 1.357178e-07 0.000000e+00 6.972724e-12 1.357248e-07 clkload41
 1.356387e-07 0.000000e+00 6.972722e-12 1.356456e-07 clkload83
 1.356334e-07 0.000000e+00 6.972724e-12 1.356404e-07 clkload30
 3.075674e-08 1.045645e-07 7.072246e-12 1.353283e-07 fanout978
 3.302113e-08 1.021234e-07 1.374315e-11 1.351582e-07 fanout645
 1.351153e-07 0.000000e+00 6.972721e-12 1.351222e-07 clkload18
 1.349834e-07 0.000000e+00 6.972719e-12 1.349904e-07 clkload16
 2.398438e-08 1.107118e-07 6.960046e-12 1.347032e-07 fanout405
 2.277939e-08 1.115983e-07 7.433045e-12 1.343852e-07 fanout628
 2.666800e-08 1.068466e-07 7.413745e-12 1.335220e-07 fanout391
 3.075202e-08 1.027508e-07 7.072246e-12 1.335098e-07 fanout979
 2.159331e-08 1.111111e-07 6.896534e-12 1.327113e-07 fanout168
 3.106939e-08 1.010655e-07 7.072255e-12 1.321419e-07 fanout986
 2.722492e-08 1.044282e-07 7.437696e-12 1.316606e-07 fanout350
 3.072291e-08 1.007594e-07 7.072256e-12 1.314894e-07 fanout972
 1.433001e-08 1.150096e-07 7.443480e-12 1.293470e-07 fanout333
 1.845629e-08 1.061370e-07 4.760675e-12 1.245980e-07 fanout382
 3.064848e-08 9.340533e-08 7.307391e-12 1.240611e-07 fanout728
 1.586501e-08 1.070593e-07 4.606588e-12 1.229289e-07 fanout738
 1.687298e-08 1.054084e-07 7.409158e-12 1.222888e-07 fanout338
 1.378172e-08 1.062600e-07 6.910329e-12 1.200486e-07 max_cap409
 2.545987e-08 9.384176e-08 4.455925e-12 1.193061e-07 fanout368
 1.826621e-08 1.008682e-07 4.760688e-12 1.191392e-07 fanout379
 2.758799e-08 9.145561e-08 1.376562e-11 1.190574e-07 fanout332
 2.090187e-08 9.692320e-08 7.253648e-12 1.178323e-07 fanout955
 1.991387e-08 9.790543e-08 4.829157e-12 1.178241e-07 fanout209
 1.991765e-08 9.639488e-08 4.829157e-12 1.163174e-07 fanout211
 1.997159e-08 9.267453e-08 4.445739e-12 1.126506e-07 fanout408
 1.686686e-08 9.438110e-08 4.751412e-12 1.112527e-07 fanout608
 1.648981e-08 9.470238e-08 6.931206e-12 1.111991e-07 fanout247
 1.554037e-08 9.448606e-08 4.700733e-12 1.100311e-07 fanout983
 1.990382e-08 8.985504e-08 4.829192e-12 1.097637e-07 fanout208
 1.853731e-08 9.013292e-08 4.760686e-12 1.086750e-07 fanout384
 1.898693e-08 8.813299e-08 7.046795e-12 1.071270e-07 fanout620
 1.644672e-08 9.047719e-08 7.477878e-12 1.069314e-07 fanout342
 1.544033e-08 9.019382e-08 4.844182e-12 1.056390e-07 fanout223
 1.896170e-08 8.663318e-08 6.942140e-12 1.056018e-07 fanout351
 1.559684e-08 8.520907e-08 4.844178e-12 1.008108e-07 fanout227
 1.600958e-08 8.467028e-08 4.594993e-12 1.006845e-07 fanout970
 1.336164e-08 8.666861e-08 6.891420e-12 1.000371e-07 fanout160
 1.568180e-08 8.362881e-08 7.434860e-12 9.931803e-08 fanout418
 1.574190e-08 8.235410e-08 4.700744e-12 9.810071e-08 fanout984
 1.093399e-08 8.650063e-08 4.850006e-12 9.743947e-08 hold162
 1.616272e-08 8.035644e-08 4.595007e-12 9.652376e-08 fanout963
 1.611114e-08 8.021472e-08 4.595008e-12 9.633045e-08 fanout968
 1.667913e-08 7.828053e-08 6.919610e-12 9.496657e-08 fanout220
 1.719933e-08 7.748064e-08 7.377880e-12 9.468734e-08 fanout375
 1.508220e-08 7.866512e-08 4.575757e-12 9.375189e-08 fanout395
 2.189655e-08 7.092451e-08 6.896620e-12 9.282795e-08 fanout550
 1.654132e-08 7.483445e-08 7.439523e-12 9.138321e-08 fanout644
 1.724951e-08 7.067712e-08 4.621346e-12 8.793126e-08 fanout630
 1.561143e-08 7.142559e-08 4.844176e-12 8.704186e-08 fanout225
 1.548747e-08 6.941755e-08 4.844165e-12 8.490987e-08 fanout229
 8.037863e-08 0.000000e+00 4.772161e-12 8.038341e-08 clkload254
 8.034183e-08 0.000000e+00 4.772170e-12 8.034660e-08 clkload219
 1.095005e-08 6.936084e-08 4.351583e-12 8.031525e-08 fanout514
 8.030143e-08 0.000000e+00 4.772171e-12 8.030620e-08 clkload166
 8.029379e-08 0.000000e+00 4.772179e-12 8.029857e-08 clkload135
 8.028553e-08 0.000000e+00 4.772179e-12 8.029031e-08 clkload141
 8.024940e-08 0.000000e+00 4.772180e-12 8.025417e-08 clkload143
 8.023565e-08 0.000000e+00 4.772173e-12 8.024043e-08 clkload251
 8.022717e-08 0.000000e+00 4.772171e-12 8.023194e-08 clkload217
 8.022690e-08 0.000000e+00 4.772180e-12 8.023168e-08 clkload137
 8.020907e-08 0.000000e+00 4.772171e-12 8.021384e-08 clkload220
 8.020195e-08 0.000000e+00 4.772173e-12 8.020672e-08 clkload227
 8.020113e-08 0.000000e+00 4.772185e-12 8.020590e-08 clkload153
 8.019546e-08 0.000000e+00 4.772180e-12 8.020023e-08 clkload142
 8.019106e-08 0.000000e+00 4.772175e-12 8.019583e-08 clkload186
 8.017892e-08 0.000000e+00 4.772180e-12 8.018370e-08 clkload158
 8.017593e-08 0.000000e+00 4.772173e-12 8.018070e-08 clkload228
 8.017190e-08 0.000000e+00 4.772181e-12 8.017668e-08 clkload157
 8.014472e-08 0.000000e+00 4.772175e-12 8.014949e-08 clkload245
 8.014332e-08 0.000000e+00 4.772175e-12 8.014809e-08 clkload117
 8.013881e-08 0.000000e+00 4.772186e-12 8.014359e-08 clkload149
 8.012301e-08 0.000000e+00 4.772182e-12 8.012778e-08 clkload161
 8.011214e-08 0.000000e+00 4.772168e-12 8.011692e-08 clkload211
 7.961861e-08 0.000000e+00 4.772173e-12 7.962338e-08 clkload114
 7.961037e-08 0.000000e+00 4.772173e-12 7.961514e-08 clkload115
 1.605902e-08 6.343619e-08 4.606603e-12 7.949981e-08 fanout736
 1.569411e-08 6.316738e-08 4.700761e-12 7.886619e-08 fanout981
 1.484640e-08 6.270275e-08 4.356036e-12 7.755350e-08 fanout602
 1.085521e-08 6.516645e-08 4.662573e-12 7.602632e-08 fanout176
 1.103475e-08 6.457570e-08 4.850006e-12 7.561530e-08 fanout567
 1.099226e-08 6.278785e-08 4.850012e-12 7.378497e-08 fanout566
 1.102149e-08 6.253440e-08 4.351593e-12 7.356024e-08 fanout482
 9.750856e-09 6.191222e-08 4.722361e-12 7.166780e-08 fanout623
 1.608827e-08 5.424680e-08 4.594993e-12 7.033967e-08 fanout959
 7.025059e-08 0.000000e+00 4.785334e-12 7.025537e-08 clkload72
 7.022349e-08 0.000000e+00 4.785333e-12 7.022827e-08 clkload53
 9.755329e-09 6.043622e-08 4.722361e-12 7.019627e-08 fanout625
 7.018619e-08 0.000000e+00 4.785334e-12 7.019097e-08 clkload75
 7.016975e-08 0.000000e+00 4.785333e-12 7.017454e-08 clkload51
 7.016267e-08 0.000000e+00 4.785333e-12 7.016745e-08 clkload54
 7.008627e-08 0.000000e+00 4.785334e-12 7.009105e-08 clkload40
 7.004679e-08 0.000000e+00 4.785329e-12 7.005157e-08 clkload49
 7.003388e-08 0.000000e+00 4.785336e-12 7.003866e-08 clkload85
 6.999088e-08 0.000000e+00 4.785341e-12 6.999566e-08 clkload98
 6.998857e-08 0.000000e+00 4.785336e-12 6.999336e-08 clkload20
 6.996436e-08 0.000000e+00 4.785330e-12 6.996915e-08 clkload47
 6.990896e-08 0.000000e+00 4.785338e-12 6.991375e-08 clkload57
 6.974402e-08 0.000000e+00 4.785336e-12 6.974880e-08 clkload12
 1.416644e-08 5.542925e-08 1.060125e-11 6.960629e-08 fanout212
 1.747968e-08 5.173221e-08 4.609028e-12 6.921650e-08 fanout588
 1.098681e-08 5.809076e-08 4.850015e-12 6.908242e-08 fanout538
 1.102922e-08 5.704223e-08 4.850019e-12 6.807630e-08 fanout560
 1.012107e-08 5.785639e-08 6.898480e-12 6.798435e-08 fanout326
 1.080760e-08 5.662882e-08 4.662578e-12 6.744109e-08 fanout172
 1.104979e-08 5.454644e-08 4.351593e-12 6.560057e-08 fanout484
 1.107387e-08 5.445760e-08 4.351601e-12 6.553582e-08 fanout476
 1.110656e-08 5.341046e-08 4.351592e-12 6.452137e-08 fanout515
 1.156113e-08 5.285740e-08 7.448500e-12 6.442598e-08 fanout244
 1.103231e-08 5.321833e-08 4.850012e-12 6.425550e-08 fanout559
 1.109373e-08 5.259892e-08 4.351592e-12 6.369700e-08 fanout528
 1.104728e-08 5.223979e-08 4.850026e-12 6.329193e-08 fanout575
 1.106012e-08 5.198602e-08 4.351602e-12 6.305049e-08 fanout507
 1.101313e-08 5.164821e-08 4.351595e-12 6.266568e-08 fanout504
 1.101261e-08 5.161897e-08 4.351595e-12 6.263593e-08 fanout506
 1.107306e-08 5.142030e-08 4.351606e-12 6.249771e-08 fanout499
 1.155639e-08 5.078036e-08 7.448500e-12 6.234421e-08 fanout243
 1.091897e-08 5.139486e-08 4.662573e-12 6.231848e-08 fanout177
 1.102044e-08 5.113251e-08 4.850015e-12 6.215780e-08 fanout539
 1.101328e-08 5.107758e-08 4.351583e-12 6.209521e-08 fanout519
 1.113542e-08 5.075033e-08 4.351604e-12 6.189011e-08 fanout494
 1.082568e-08 5.099877e-08 4.662565e-12 6.182911e-08 fanout179
 1.111532e-08 4.992867e-08 4.850034e-12 6.104884e-08 fanout574
 6.101212e-08 0.000000e+00 5.298209e-12 6.101742e-08 clkload106
 6.099908e-08 0.000000e+00 5.298306e-12 6.100438e-08 clkload112
 1.077911e-08 5.016850e-08 6.897866e-12 6.095451e-08 fanout216
 9.095142e-09 5.141577e-08 6.892082e-12 6.051781e-08 fanout143
 1.169552e-08 4.867798e-08 7.448502e-12 6.038094e-08 fanout245
 1.104168e-08 4.913040e-08 4.824997e-12 6.017690e-08 fanout323
 1.083310e-08 4.926666e-08 4.662565e-12 6.010442e-08 fanout174
 1.111059e-08 4.875103e-08 4.351607e-12 5.986597e-08 fanout475
 1.103045e-08 4.849203e-08 4.351596e-12 5.952684e-08 fanout495
 1.120101e-08 4.820735e-08 4.376631e-12 5.941273e-08 fanout99
 5.895638e-08 0.000000e+00 1.453612e-13 5.895652e-08 clkload1
 1.108379e-08 4.780929e-08 4.850026e-12 5.889793e-08 fanout540
 1.111473e-08 4.777683e-08 4.351602e-12 5.889591e-08 fanout483
 1.102667e-08 4.773542e-08 4.351595e-12 5.876644e-08 fanout509
 1.108296e-08 4.765743e-08 4.376649e-12 5.874476e-08 fanout311
 1.099246e-08 4.761406e-08 4.850015e-12 5.861137e-08 fanout552
 1.112936e-08 4.718911e-08 4.850034e-12 5.832333e-08 fanout573
 1.114020e-08 4.705821e-08 4.351594e-12 5.820277e-08 fanout520
 1.111839e-08 4.703156e-08 4.376642e-12 5.815433e-08 fanout95
 1.103626e-08 4.690061e-08 4.850015e-12 5.794172e-08 fanout534
 9.331748e-09 4.846801e-08 6.908619e-12 5.780666e-08 fanout255
 1.113801e-08 4.657749e-08 4.351592e-12 5.771985e-08 fanout518
 1.114677e-08 4.574895e-08 4.351610e-12 5.690007e-08 fanout493
 5.605458e-08 0.000000e+00 1.453488e-13 5.605472e-08 clkload6
 1.113020e-08 4.431819e-08 4.351607e-12 5.545273e-08 fanout474
 1.114569e-08 4.355845e-08 4.351600e-12 5.470849e-08 fanout527
 1.111065e-08 4.355472e-08 4.351591e-12 5.466973e-08 fanout524
 1.108111e-08 4.357435e-08 4.850028e-12 5.466032e-08 fanout531
 1.107395e-08 4.347907e-08 4.850012e-12 5.455786e-08 fanout556
 1.115934e-08 4.330297e-08 4.850022e-12 5.446717e-08 fanout553
 1.108952e-08 4.298709e-08 4.351603e-12 5.408097e-08 fanout480
 1.111144e-08 4.277870e-08 4.824919e-12 5.389496e-08 fanout108
 1.114783e-08 4.240941e-08 4.351605e-12 5.356160e-08 fanout491
 1.119232e-08 4.225804e-08 4.850016e-12 5.345520e-08 fanout557
 1.115852e-08 4.226246e-08 4.351600e-12 5.342533e-08 fanout502
 1.107030e-08 4.230778e-08 4.824997e-12 5.338290e-08 fanout319
 8.818772e-09 4.418527e-08 3.974495e-12 5.300802e-08 fanout730
 1.039997e-08 4.260120e-08 4.440585e-12 5.300561e-08 fanout380
 1.109458e-08 4.168478e-08 4.850019e-12 5.278421e-08 fanout562
 1.105750e-08 4.133984e-08 4.351596e-12 5.240169e-08 fanout496
 1.105765e-08 4.123743e-08 4.351596e-12 5.229943e-08 fanout498
 9.946083e-09 4.222431e-08 6.898470e-12 5.217730e-08 fanout325
 1.109872e-08 4.084407e-08 4.351603e-12 5.194715e-08 fanout478
 1.116946e-08 4.007624e-08 4.351601e-12 5.125005e-08 fanout505
 9.345329e-09 4.013463e-08 6.908619e-12 4.948687e-08 fanout257
 1.115521e-08 3.827895e-08 4.351592e-12 4.943852e-08 fanout516
 1.108656e-08 3.823814e-08 4.850026e-12 4.932955e-08 fanout572
 1.116121e-08 3.815097e-08 4.351613e-12 4.931653e-08 fanout489
 1.110929e-08 3.671676e-08 4.351601e-12 4.783040e-08 fanout473
 1.110403e-08 3.646712e-08 4.351602e-12 4.757550e-08 fanout512
 8.829636e-09 3.867833e-08 4.590372e-12 4.751256e-08 fanout228
 1.119157e-08 3.618359e-08 4.376649e-12 4.737954e-08 fanout93
 1.106861e-08 3.624199e-08 4.351603e-12 4.731494e-08 fanout481
 1.117003e-08 3.607047e-08 4.351600e-12 4.724485e-08 fanout485
 7.988367e-09 3.776735e-08 4.392553e-12 4.576010e-08 fanout417
 7.131127e-09 3.841549e-08 4.809108e-12 4.555143e-08 fanout426
 7.080539e-09 3.839299e-08 4.809108e-12 4.547834e-08 fanout419
 1.809311e-09 4.190376e-08 6.219446e-12 4.371930e-08 _23974_
 7.122212e-09 3.486323e-08 4.809112e-12 4.199025e-08 fanout424
 8.365117e-09 3.311659e-08 4.189231e-12 4.148589e-08 fanout589
 5.705314e-09 3.549676e-08 6.870671e-12 4.120895e-08 fanout162
 5.419373e-09 3.551751e-08 4.848961e-12 4.094173e-08 fanout217
 4.219823e-09 3.662556e-08 6.877897e-12 4.085226e-08 fanout200
 7.129097e-09 3.337476e-08 4.809058e-12 4.050867e-08 fanout427
 6.053595e-09 3.326057e-08 6.882704e-12 3.932105e-08 fanout195
 6.196366e-09 3.304196e-08 3.706654e-12 3.924204e-08 fanout510
 6.281138e-09 3.290747e-08 3.751596e-12 3.919236e-08 fanout314
 6.194425e-09 3.240379e-08 4.600844e-12 3.860282e-08 fanout548
 6.247599e-09 3.222242e-08 4.555814e-12 3.847457e-08 fanout111
 6.209515e-09 3.188138e-08 3.706633e-12 3.809460e-08 fanout526
 6.226427e-09 3.094720e-08 3.706650e-12 3.717733e-08 fanout477
 7.676318e-09 2.856539e-08 4.870793e-12 3.624658e-08 fanout100
 6.226121e-09 2.992740e-08 4.600851e-12 3.615812e-08 fanout561
 6.274117e-09 2.876939e-08 3.751586e-12 3.504726e-08 fanout98
 6.267702e-09 2.855229e-08 4.600856e-12 3.482459e-08 fanout554
 6.294127e-09 2.835714e-08 4.600867e-12 3.465587e-08 fanout536
 6.466908e-09 2.803315e-08 4.350344e-12 3.450441e-08 fanout141
 6.278004e-09 2.797301e-08 4.600852e-12 3.425561e-08 fanout551
 6.215339e-09 2.800696e-08 4.600844e-12 3.422690e-08 fanout571
 6.245669e-09 2.787648e-08 3.706646e-12 3.412586e-08 fanout521
 6.295329e-09 2.762749e-08 4.600848e-12 3.392742e-08 fanout555
 6.292946e-09 2.741549e-08 3.706601e-12 3.371214e-08 fanout132
 3.315997e-08 0.000000e+00 2.735096e-12 3.316271e-08 clkload210
 3.312238e-08 0.000000e+00 2.735096e-12 3.312511e-08 clkload209
 6.292432e-09 2.667655e-08 3.706608e-12 3.297269e-08 fanout127
 6.266856e-09 2.664149e-08 4.555814e-12 3.291290e-08 fanout103
 3.283628e-08 0.000000e+00 2.735096e-12 3.283901e-08 clkload213
 7.462121e-09 2.534888e-08 4.333285e-12 3.281534e-08 fanout151
 3.276714e-08 0.000000e+00 2.735029e-12 3.276988e-08 clkload182
 3.269604e-08 0.000000e+00 2.735096e-12 3.269878e-08 clkload207
 3.261696e-08 0.000000e+00 2.735052e-12 3.261970e-08 clkload194
 3.258257e-08 0.000000e+00 2.734994e-12 3.258531e-08 clkload175
 3.248955e-08 0.000000e+00 2.734985e-12 3.249229e-08 clkload177
 3.247745e-08 0.000000e+00 2.734985e-12 3.248019e-08 clkload172
 3.246710e-08 0.000000e+00 2.734985e-12 3.246983e-08 clkload174
 3.246214e-08 0.000000e+00 2.734994e-12 3.246488e-08 clkload176
 3.238877e-08 0.000000e+00 2.735029e-12 3.239150e-08 clkload238
 3.234763e-08 0.000000e+00 2.735021e-12 3.235036e-08 clkload239
 3.234088e-08 0.000000e+00 2.734936e-12 3.234362e-08 clkload130
 3.233615e-08 0.000000e+00 2.734976e-12 3.233889e-08 clkload173
 3.233568e-08 0.000000e+00 2.734936e-12 3.233842e-08 clkload124
 3.232181e-08 0.000000e+00 2.735021e-12 3.232455e-08 clkload243
 6.235918e-09 2.602416e-08 4.600851e-12 3.226467e-08 fanout565
 6.291786e-09 2.562857e-08 3.706608e-12 3.192406e-08 fanout129
 6.235087e-09 2.499111e-08 4.600851e-12 3.123080e-08 fanout563
 6.227677e-09 2.487969e-08 4.600839e-12 3.111196e-08 fanout558
 6.477529e-09 2.456588e-08 4.350353e-12 3.104776e-08 fanout139
 6.293177e-09 2.466978e-08 3.706601e-12 3.096666e-08 fanout130
 6.219803e-09 2.420039e-08 4.600844e-12 3.042479e-08 fanout578
 6.278337e-09 2.409780e-08 3.706595e-12 3.037984e-08 fanout135
 6.281825e-09 2.385926e-08 3.706615e-12 3.014479e-08 fanout128
 6.276252e-09 2.381958e-08 3.706616e-12 3.009954e-08 fanout126
 6.241621e-09 2.340342e-08 3.706607e-12 2.964875e-08 fanout133
 6.271875e-09 2.331744e-08 3.706609e-12 2.959302e-08 fanout131
 6.276216e-09 2.304038e-08 3.706595e-12 2.932031e-08 fanout136
 6.260762e-09 2.283563e-08 4.555814e-12 2.910095e-08 fanout107
 6.238320e-09 2.284547e-08 4.600864e-12 2.908839e-08 fanout541
 2.890806e-08 0.000000e+00 2.628800e-12 2.891069e-08 clkload96
 2.881080e-08 0.000000e+00 2.628795e-12 2.881343e-08 clkload101
 2.868314e-08 0.000000e+00 2.628831e-12 2.868577e-08 clkload80
 2.837639e-08 0.000000e+00 2.628840e-12 2.837902e-08 clkload29
 2.836625e-08 0.000000e+00 2.628822e-12 2.836888e-08 clkload81
 2.830113e-08 0.000000e+00 2.628840e-12 2.830376e-08 clkload22
 2.822283e-08 0.000000e+00 2.628822e-12 2.822546e-08 clkload31
 2.820214e-08 0.000000e+00 2.628795e-12 2.820477e-08 clkload92
 2.815026e-08 0.000000e+00 2.628817e-12 2.815289e-08 clkload60
 2.811761e-08 0.000000e+00 2.628782e-12 2.812024e-08 clkload94
 2.811684e-08 0.000000e+00 2.628782e-12 2.811947e-08 clkload88
 2.795689e-08 0.000000e+00 2.628773e-12 2.795952e-08 clkload68
 2.776102e-08 0.000000e+00 2.628800e-12 2.776365e-08 clkload19
 6.231124e-09 2.130105e-08 3.706668e-12 2.753588e-08 fanout479
 2.712204e-08 0.000000e+00 1.567550e-12 2.712360e-08 clkload0
 2.531233e-08 0.000000e+00 1.149259e-13 2.531244e-08 clkload249
 2.212197e-09 2.303670e-08 6.871336e-12 2.525577e-08 fanout145
 2.487606e-08 0.000000e+00 1.149234e-13 2.487617e-08 clkload152
 2.481853e-08 0.000000e+00 1.149255e-13 2.481864e-08 clkload119
 2.480724e-08 0.000000e+00 1.149232e-13 2.480735e-08 clkload145
 2.469114e-08 0.000000e+00 1.149255e-13 2.469126e-08 clkload253
 2.459197e-08 0.000000e+00 1.149241e-13 2.459209e-08 clkload156
 2.458902e-08 0.000000e+00 1.529330e-12 2.459055e-08 clkload2
 2.458081e-08 0.000000e+00 1.529330e-12 2.458234e-08 clkload4
 2.449298e-08 0.000000e+00 1.149243e-13 2.449310e-08 clkload164
 2.446700e-08 0.000000e+00 1.149255e-13 2.446711e-08 clkload229
 2.434911e-08 0.000000e+00 1.149241e-13 2.434923e-08 clkload163
 2.430361e-08 0.000000e+00 1.149232e-13 2.430373e-08 clkload144
 2.421633e-08 0.000000e+00 1.149243e-13 2.421644e-08 clkload179
 2.413078e-08 0.000000e+00 1.149257e-13 2.413090e-08 clkload196
 2.410555e-08 0.000000e+00 1.149255e-13 2.410567e-08 clkload199
 2.409894e-08 0.000000e+00 1.149255e-13 2.409905e-08 clkload198
 2.409489e-08 0.000000e+00 1.149255e-13 2.409501e-08 clkload190
 2.403201e-08 0.000000e+00 1.149255e-13 2.403212e-08 clkload189
 2.401272e-08 0.000000e+00 1.149230e-13 2.401284e-08 clkload132
 2.400374e-08 0.000000e+00 1.149230e-13 2.400385e-08 clkload127
 2.396552e-08 0.000000e+00 1.149230e-13 2.396564e-08 clkload126
 2.389509e-08 0.000000e+00 1.149228e-13 2.389521e-08 clkload133
 4.967455e-09 1.884657e-08 4.341011e-12 2.381836e-08 fanout190
 2.376117e-08 0.000000e+00 1.149248e-13 2.376128e-08 clkload240
 2.373316e-08 0.000000e+00 1.149248e-13 2.373328e-08 clkload235
 2.373315e-08 0.000000e+00 1.149250e-13 2.373327e-08 clkload242
 2.361930e-08 0.000000e+00 1.149248e-13 2.361942e-08 clkload236
 2.198626e-08 0.000000e+00 1.149237e-13 2.198637e-08 clkload107
 2.175061e-08 0.000000e+00 1.124776e-13 2.175072e-08 clkload48
 2.168564e-08 0.000000e+00 1.124760e-13 2.168575e-08 clkload105
 2.149284e-08 0.000000e+00 1.124774e-13 2.149296e-08 clkload45
 2.131430e-08 0.000000e+00 1.124753e-13 2.131441e-08 clkload95
 2.123751e-08 0.000000e+00 1.124776e-13 2.123762e-08 clkload50
 2.115106e-08 0.000000e+00 1.124755e-13 2.115117e-08 clkload100
 2.113874e-08 0.000000e+00 1.124758e-13 2.113885e-08 clkload103
 2.113337e-08 0.000000e+00 1.124760e-13 2.113348e-08 clkload104
 3.806576e-09 1.722564e-08 4.865933e-12 2.103708e-08 fanout90
 2.100571e-08 0.000000e+00 1.124761e-13 2.100582e-08 clkload38
 2.096564e-08 0.000000e+00 1.124752e-13 2.096575e-08 clkload97
 2.073794e-08 0.000000e+00 1.124758e-13 2.073805e-08 clkload62
 2.063166e-08 0.000000e+00 1.124752e-13 2.063177e-08 clkload90
 4.502988e-09 1.554745e-08 4.868315e-12 2.005531e-08 fanout153
 1.982057e-08 0.000000e+00 1.124756e-13 1.982068e-08 clkload17
 2.777947e-09 1.687637e-08 4.862391e-12 1.965918e-08 fanout202
 2.875841e-09 1.616477e-08 6.873375e-12 1.904749e-08 fanout196
 3.880863e-09 1.479076e-08 4.576999e-12 1.867620e-08 fanout581
 1.005058e-09 1.709282e-08 3.685424e-12 1.810156e-08 wire71
 4.269493e-09 1.364183e-08 3.673805e-12 1.791500e-08 fanout152
 3.598698e-09 1.422148e-08 4.618567e-12 1.782479e-08 fanout123
 1.722701e-08 0.000000e+00 1.875875e-12 1.722889e-08 clkload255
 3.562785e-09 1.364958e-08 3.688888e-12 1.721606e-08 fanout118
 1.705137e-08 0.000000e+00 1.875790e-12 1.705325e-08 clkload221
 1.703601e-08 0.000000e+00 1.875678e-12 1.703788e-08 clkload138
 1.702858e-08 0.000000e+00 1.875875e-12 1.703046e-08 clkload205
 1.693202e-08 0.000000e+00 1.875763e-12 1.693390e-08 clkload233
 1.687367e-08 0.000000e+00 1.875750e-12 1.687555e-08 clkload230
 1.686697e-08 0.000000e+00 1.875750e-12 1.686884e-08 clkload250
 1.682100e-08 0.000000e+00 1.875750e-12 1.682288e-08 clkload252
 1.680361e-08 0.000000e+00 1.875606e-12 1.680549e-08 clkload150
 1.680147e-08 0.000000e+00 1.875606e-12 1.680334e-08 clkload147
 1.679737e-08 0.000000e+00 1.875750e-12 1.679925e-08 clkload244
 1.679169e-08 0.000000e+00 1.875744e-12 1.679357e-08 clkload118
 1.679077e-08 0.000000e+00 1.875665e-12 1.679264e-08 clkload162
 1.678627e-08 0.000000e+00 1.875731e-12 1.678815e-08 clkload185
 1.678224e-08 0.000000e+00 1.875678e-12 1.678412e-08 clkload155
 1.678140e-08 0.000000e+00 1.875750e-12 1.678327e-08 clkload225
 1.677955e-08 0.000000e+00 1.875744e-12 1.678142e-08 clkload187
 1.676473e-08 0.000000e+00 1.875829e-12 1.676661e-08 clkload208
 1.673085e-08 0.000000e+00 1.875678e-12 1.673273e-08 clkload171
 1.672359e-08 0.000000e+00 1.875718e-12 1.672547e-08 clkload188
 3.583828e-09 1.312719e-08 4.618573e-12 1.671563e-08 fanout121
 1.671331e-08 0.000000e+00 1.875718e-12 1.671518e-08 clkload184
 1.670254e-08 0.000000e+00 1.875665e-12 1.670441e-08 clkload178
 1.667827e-08 0.000000e+00 1.875744e-12 1.668014e-08 clkload195
 1.664664e-08 0.000000e+00 1.875580e-12 1.664851e-08 clkload125
 1.663039e-08 0.000000e+00 1.875567e-12 1.663226e-08 clkload129
 1.633657e-08 0.000000e+00 1.875678e-12 1.633845e-08 clkload108
 6.002132e-09 9.511002e-09 1.181000e-12 1.551432e-08 max_cap298
 3.561154e-09 1.183949e-08 3.688888e-12 1.540434e-08 fanout116
 1.503471e-08 0.000000e+00 1.719555e-12 1.503643e-08 clkload74
 1.500415e-08 0.000000e+00 1.719555e-12 1.500587e-08 clkload73
 1.500204e-08 0.000000e+00 1.719555e-12 1.500376e-08 clkload87
 1.620550e-09 1.328232e-08 3.674930e-12 1.490655e-08 wire74
 1.486396e-08 0.000000e+00 1.719633e-12 1.486568e-08 clkload44
 1.486312e-08 0.000000e+00 1.719568e-12 1.486484e-08 clkload39
 1.476726e-08 0.000000e+00 1.719575e-12 1.476898e-08 clkload26
 1.473756e-08 0.000000e+00 1.719620e-12 1.473928e-08 clkload42
 1.468750e-08 0.000000e+00 1.719575e-12 1.468922e-08 clkload25
 1.465733e-08 0.000000e+00 1.719568e-12 1.465904e-08 clkload27
 1.465672e-08 0.000000e+00 1.719503e-12 1.465844e-08 clkload99
 1.463163e-08 0.000000e+00 1.719568e-12 1.463335e-08 clkload21
 1.454701e-08 0.000000e+00 1.719535e-12 1.454873e-08 clkload32
 1.450018e-08 0.000000e+00 1.719470e-12 1.450190e-08 clkload66
 1.436480e-08 0.000000e+00 1.719601e-12 1.436652e-08 clkload14
 5.496386e-09 7.464015e-09 1.181000e-12 1.296158e-08 max_cap287
 2.745328e-09 9.640254e-09 3.687669e-12 1.238927e-08 fanout189
 2.027029e-09 9.313162e-09 3.676922e-12 1.134387e-08 fanout150
 2.086769e-09 8.162391e-09 4.630523e-12 1.025379e-08 fanout184
 1.697441e-09 8.457596e-09 3.674928e-12 1.015871e-08 max_cap75
 1.995671e-09 7.551424e-09 4.630527e-12 9.551727e-09 fanout182
 3.661413e-09 5.866393e-09 1.181000e-12 9.528987e-09 max_cap301
 2.011478e-09 7.028888e-09 4.630526e-12 9.044997e-09 fanout183
 2.005045e-09 6.925863e-09 3.676926e-12 8.934585e-09 fanout148
 3.569466e-09 4.914415e-09 1.181000e-12 8.485062e-09 max_cap290
 1.190663e-09 6.854705e-09 4.870662e-12 8.050238e-09 fanout260
 2.245535e-09 5.123300e-09 3.668137e-12 7.372503e-09 max_cap70
 1.162557e-09 5.258620e-09 3.685421e-12 6.424862e-09 max_cap72
 1.288971e-09 4.082676e-09 3.666110e-12 5.375313e-09 max_cap82
 2.638445e-10 4.339793e-09 3.659457e-12 4.607297e-09 wire79
 9.903058e-10 2.369028e-09 3.660130e-12 3.362994e-09 max_cap83
 7.405911e-10 2.521631e-09 3.659853e-12 3.265882e-09 max_cap85
 5.722336e-10 1.890288e-09 3.838407e-12 2.466360e-09 fanout598
 4.459793e-10 1.624335e-09 3.698929e-12 2.074013e-09 fanout601
 1.028838e-09 1.033270e-09 1.181000e-12 2.063289e-09 wire185
 4.024522e-10 1.626892e-09 3.804982e-12 2.033149e-09 fanout599
 2.785316e-10 1.174742e-09 3.661157e-12 1.456935e-09 max_cap81
 2.907979e-10 1.087844e-09 3.746557e-12 1.382388e-09 fanout600
 1.759765e-10 7.336418e-10 3.711618e-12 9.133300e-10 fanout593
 1.755054e-10 7.128320e-10 3.695994e-12 8.920333e-10 fanout594
 1.546360e-10 6.434633e-10 4.475287e-12 8.025747e-10 fanout747
 1.307826e-10 4.496659e-10 4.332617e-12 5.847811e-10 fanout592
 9.687443e-11 3.639002e-10 3.884235e-12 4.646589e-10 fanout751
 1.456077e-11 2.851957e-10 3.659445e-12 3.034159e-10 wire76
 6.192278e-11 2.074577e-10 4.328130e-12 2.737086e-10 hold647
 9.227744e-11 8.946506e-11 1.181000e-12 1.829235e-10 _28800_
 9.200449e-11 6.347342e-11 1.181000e-12 1.566589e-10 _28797_
 9.160459e-11 5.296791e-11 1.181000e-12 1.457535e-10 _28795_
 4.057251e-11 9.717190e-11 3.659446e-12 1.414038e-10 max_cap65
 9.151196e-11 4.865017e-11 1.181000e-12 1.413431e-10 _28794_
 9.135361e-11 4.776174e-11 1.181000e-12 1.402964e-10 _28802_
 9.138638e-11 4.614115e-11 1.181000e-12 1.387085e-10 _28801_
 9.122186e-11 4.502775e-11 1.181000e-12 1.374306e-10 _28796_
 9.108558e-11 4.219897e-11 1.181000e-12 1.344655e-10 _28799_
 9.103499e-11 4.114927e-11 1.181000e-12 1.333653e-10 _28803_
 9.093808e-11 3.913782e-11 1.181000e-12 1.312569e-10 _28798_
 1.645388e-11 8.981327e-11 4.326599e-12 1.105938e-10 fanout867
 1.645327e-11 8.940805e-11 4.326599e-12 1.101879e-10 fanout901
 5.823558e-11 4.167882e-11 1.181000e-12 1.010954e-10 _28784_
 1.661998e-11 7.824091e-11 4.326599e-12 9.918748e-11 fanout851
 5.792477e-11 3.757852e-11 1.181000e-12 9.668429e-11 _28789_
 5.788317e-11 3.655737e-11 1.181000e-12 9.562155e-11 _28792_
 5.773376e-11 3.289126e-11 1.181000e-12 9.180601e-11 _28791_
 5.768220e-11 2.766985e-11 1.181000e-12 8.653304e-11 _28787_
 5.748901e-11 2.748077e-11 1.181000e-12 8.615077e-11 _28785_
 5.763429e-11 2.668128e-11 1.181000e-12 8.549656e-11 _28793_
 5.763131e-11 2.661994e-11 1.181000e-12 8.543224e-11 _28786_
 5.761182e-11 2.621761e-11 1.181000e-12 8.501043e-11 _28788_
 5.735312e-11 2.469176e-11 1.181000e-12 8.322588e-11 _28790_
 1.566274e-11 5.888980e-11 3.659445e-12 7.821199e-11 max_cap77
 9.293279e-12 4.881856e-11 3.661810e-12 6.177366e-11 fanout827
 9.294798e-12 4.823685e-11 3.661810e-12 6.119345e-11 fanout818
 9.342318e-12 4.649594e-11 3.661810e-12 5.950006e-11 fanout900
 9.375139e-12 4.486045e-11 3.661810e-12 5.789740e-11 fanout883
 9.382757e-12 4.476899e-11 3.661810e-12 5.781356e-11 fanout868
 9.349791e-12 4.415157e-11 3.661810e-12 5.716318e-11 fanout888
 9.409370e-12 4.395825e-11 3.661811e-12 5.702943e-11 fanout913
 9.432202e-12 4.384636e-11 3.661811e-12 5.694037e-11 fanout816
 9.388724e-12 4.357317e-11 3.661811e-12 5.662370e-11 fanout770
 9.389558e-12 4.355105e-11 3.661811e-12 5.660242e-11 fanout928
 9.434515e-12 4.289866e-11 3.661811e-12 5.599498e-11 fanout811
 9.391259e-12 4.284927e-11 3.661811e-12 5.590234e-11 fanout772
 9.354050e-12 4.279618e-11 3.661810e-12 5.581204e-11 fanout894
 9.340321e-12 4.279740e-11 3.661811e-12 5.579953e-11 fanout783
 9.354637e-12 4.262666e-11 3.661810e-12 5.564311e-11 fanout870
 9.389751e-12 4.244963e-11 3.661810e-12 5.550119e-11 fanout844
 9.426364e-12 4.226397e-11 3.661811e-12 5.535215e-11 fanout820
 9.322248e-12 4.234494e-11 3.661810e-12 5.532900e-11 fanout775
 9.334733e-12 4.227224e-11 3.661810e-12 5.526879e-11 fanout929
 9.437960e-12 4.211211e-11 3.661811e-12 5.521188e-11 fanout789
 9.322028e-12 4.217834e-11 3.661810e-12 5.516218e-11 fanout804
 9.325788e-12 4.215723e-11 3.661811e-12 5.514483e-11 fanout944
 9.353344e-12 4.191953e-11 3.661810e-12 5.493469e-11 fanout860
 9.354784e-12 4.161166e-11 3.661810e-12 5.462826e-11 fanout858
 9.313892e-12 4.142210e-11 3.661811e-12 5.439780e-11 fanout796
 9.471459e-12 4.111198e-11 3.661811e-12 5.424525e-11 fanout895
 9.457967e-12 4.079579e-11 3.661811e-12 5.391557e-11 fanout884
 9.414461e-12 4.039412e-11 3.661811e-12 5.347039e-11 fanout773
 9.442135e-12 4.006343e-11 3.661811e-12 5.316737e-11 fanout781
 9.443331e-12 4.001940e-11 3.661811e-12 5.312454e-11 fanout824
 9.414844e-12 3.996230e-11 3.661810e-12 5.303896e-11 fanout830
 9.416017e-12 3.994032e-11 3.661811e-12 5.301815e-11 fanout911
 9.401689e-12 3.987467e-11 3.661811e-12 5.293816e-11 fanout767
 9.316381e-12 3.992563e-11 3.661810e-12 5.290382e-11 fanout831
 9.401971e-12 3.983383e-11 3.661811e-12 5.289761e-11 fanout774
 9.319772e-12 3.947443e-11 3.661811e-12 5.245601e-11 fanout921
 9.403208e-12 3.926414e-11 3.661811e-12 5.232916e-11 fanout819
 9.447787e-12 3.915392e-11 3.661810e-12 5.226351e-11 fanout871
 9.329949e-12 3.890988e-11 3.661810e-12 5.190164e-11 fanout792
 9.392169e-12 3.880939e-11 3.661811e-12 5.186337e-11 fanout910
 9.380398e-12 3.810747e-11 3.661811e-12 5.114967e-11 fanout853
 9.343628e-12 3.806673e-11 3.661810e-12 5.107216e-11 fanout919
 9.349073e-12 3.803489e-11 3.661811e-12 5.104578e-11 fanout778
 9.422166e-12 3.792078e-11 3.661811e-12 5.100475e-11 fanout918
 9.403641e-12 3.779945e-11 3.661810e-12 5.086490e-11 fanout857
 9.419490e-12 3.777560e-11 3.661811e-12 5.085690e-11 fanout794
 9.427278e-12 3.775961e-11 3.661811e-12 5.084870e-11 fanout892
 9.437895e-12 3.774613e-11 3.661811e-12 5.084583e-11 fanout930
 9.460681e-12 3.762961e-11 3.661811e-12 5.075210e-11 fanout797
 9.412574e-12 3.753824e-11 3.661811e-12 5.061262e-11 fanout806
 9.446619e-12 3.737092e-11 3.661810e-12 5.047935e-11 fanout833
 9.331882e-12 3.741395e-11 3.661811e-12 5.040764e-11 fanout942
 9.396176e-12 3.734475e-11 3.661810e-12 5.040273e-11 fanout893
 9.441413e-12 3.699209e-11 3.661811e-12 5.009531e-11 fanout937
 9.409405e-12 3.688690e-11 3.661811e-12 4.995811e-11 fanout904
 9.421379e-12 3.685578e-11 3.661811e-12 4.993897e-11 fanout777
 9.460567e-12 3.671731e-11 3.661811e-12 4.983968e-11 fanout907
 9.394768e-12 3.675685e-11 3.661810e-12 4.981343e-11 fanout850
 9.361689e-12 3.652815e-11 3.661811e-12 4.955165e-11 fanout821
 9.410770e-12 3.646746e-11 3.661811e-12 4.954004e-11 fanout828
 9.446311e-12 3.629818e-11 3.661811e-12 4.940630e-11 fanout939
 9.397036e-12 3.632710e-11 3.661810e-12 4.938594e-11 fanout843
 9.427720e-12 3.627564e-11 3.661811e-12 4.936517e-11 fanout776
 9.440216e-12 3.607810e-11 3.661811e-12 4.918013e-11 fanout812
 9.409705e-12 3.595470e-11 3.661811e-12 4.902622e-11 fanout763
 9.328936e-12 3.602255e-11 3.661810e-12 4.901329e-11 fanout809
 9.359175e-12 3.592578e-11 3.661810e-12 4.894676e-11 fanout897
 9.356379e-12 3.585649e-11 3.661810e-12 4.887469e-11 fanout866
 9.331466e-12 3.587033e-11 3.661811e-12 4.886361e-11 fanout931
 9.389077e-12 3.578466e-11 3.661811e-12 4.883555e-11 fanout839
 9.457021e-12 3.562085e-11 3.661810e-12 4.873969e-11 fanout800
 9.392904e-12 3.555048e-11 3.661811e-12 4.860520e-11 fanout782
 9.360283e-12 3.553703e-11 3.661811e-12 4.855913e-11 fanout825
 9.362401e-12 3.520711e-11 3.661811e-12 4.823132e-11 fanout813
 9.425765e-12 3.511970e-11 3.661811e-12 4.820727e-11 fanout874
 9.407322e-12 3.484710e-11 3.661811e-12 4.791624e-11 fanout905
 9.385122e-12 3.481644e-11 3.661810e-12 4.786337e-11 fanout887
 9.361835e-12 3.482742e-11 3.661811e-12 4.785106e-11 fanout817
 9.358134e-12 3.481282e-11 3.661810e-12 4.783276e-11 fanout878
 9.394411e-12 3.442641e-11 3.661811e-12 4.748263e-11 fanout803
 9.390246e-12 3.369729e-11 3.661811e-12 4.674935e-11 fanout771
 9.334147e-12 3.335292e-11 3.661811e-12 4.634888e-11 fanout934
 9.391717e-12 3.318190e-11 3.661811e-12 4.623543e-11 fanout769
 9.382304e-12 3.303974e-11 3.661810e-12 4.608385e-11 fanout885
 9.413592e-12 3.285205e-11 3.661811e-12 4.592746e-11 fanout852
 9.388347e-12 3.269642e-11 3.661810e-12 4.574658e-11 fanout845
 9.405551e-12 3.252709e-11 3.661811e-12 4.559446e-11 fanout908
 9.328620e-12 3.254639e-11 3.661810e-12 4.553682e-11 fanout802
 9.415739e-12 3.206650e-11 3.661811e-12 4.514404e-11 fanout889
 9.402082e-12 3.181690e-11 3.661811e-12 4.488080e-11 fanout829
 9.345108e-12 3.088515e-11 3.661811e-12 4.389207e-11 fanout780
 9.383439e-12 2.945068e-11 3.661810e-12 4.249593e-11 fanout869
 5.642424e-12 2.310111e-11 4.876300e-12 3.361983e-11 fanout755
 5.576492e-12 2.049348e-11 4.876300e-12 3.094627e-11 fanout757
 5.589778e-12 2.038709e-11 4.876300e-12 3.085317e-11 fanout761
 5.546841e-12 1.778229e-11 4.876300e-12 2.820543e-11 fanout66
 5.588896e-12 1.713371e-11 4.876300e-12 2.759891e-11 fanout756
 5.708996e-12 2.038945e-11 1.181000e-12 2.727945e-11 fanout764
 5.711053e-12 1.962500e-11 1.181000e-12 2.651705e-11 fanout856
 5.694746e-12 1.628317e-11 1.181000e-12 2.315892e-11 fanout890
 6.507232e-18 3.785496e-17 7.512857e-12 7.512901e-12 fanout1070
 6.496022e-18 3.188894e-17 7.512857e-12 7.512895e-12 fanout1039
 6.492204e-18 3.000863e-17 6.866942e-12 6.866978e-12 fanout1135
 6.488685e-18 2.818633e-17 6.866942e-12 6.866977e-12 fanout1087
 3.305832e-18 1.907144e-17 4.875245e-12 4.875267e-12 fanout1125
 3.294211e-18 1.785970e-17 4.875245e-12 4.875266e-12 fanout1104
 3.297979e-18 1.711241e-17 4.875245e-12 4.875265e-12 fanout1085
 3.327001e-18 1.677120e-17 4.875245e-12 4.875265e-12 fanout1098
 3.318626e-18 1.651582e-17 4.875245e-12 4.875265e-12 fanout1116
 3.319048e-18 1.639819e-17 4.875245e-12 4.875264e-12 fanout1084
 3.309328e-18 1.558638e-17 4.875245e-12 4.875264e-12 fanout1126
 3.304905e-18 1.529611e-17 4.875245e-12 4.875263e-12 fanout1099
 3.319756e-18 1.538987e-17 4.875245e-12 4.875263e-12 fanout1103
 3.327486e-18 1.484283e-17 4.875245e-12 4.875263e-12 fanout1074
 3.350600e-18 1.485272e-17 4.875245e-12 4.875263e-12 fanout1133
 3.320201e-18 1.452165e-17 4.875245e-12 4.875263e-12 fanout1093
 3.306577e-18 1.462731e-17 4.875245e-12 4.875263e-12 fanout1106
 3.306665e-18 1.461090e-17 4.875245e-12 4.875263e-12 fanout1109
 3.331946e-18 1.429553e-17 4.875245e-12 4.875263e-12 fanout1115
 3.342977e-18 1.400906e-17 4.875245e-12 4.875262e-12 fanout1079
 3.322466e-18 1.382253e-17 4.875245e-12 4.875262e-12 fanout1081
 3.321564e-18 1.420095e-17 4.875245e-12 4.875262e-12 fanout1089
 3.339625e-18 1.409281e-17 4.875245e-12 4.875262e-12 fanout1095
 3.326137e-18 1.391444e-17 4.875245e-12 4.875262e-12 fanout1101
 3.344406e-18 1.368567e-17 4.875245e-12 4.875262e-12 fanout1072
 3.351742e-18 1.351763e-17 4.875245e-12 4.875262e-12 fanout1077
 3.346807e-18 1.360844e-17 4.875245e-12 4.875262e-12 fanout1092
 3.342276e-18 1.371530e-17 4.875245e-12 4.875262e-12 fanout1117
 3.317820e-18 1.356911e-17 4.875245e-12 4.875262e-12 fanout1128
 3.336244e-18 1.332844e-17 4.875245e-12 4.875261e-12 fanout1111
 3.326595e-18 1.286078e-17 4.875245e-12 4.875261e-12 fanout1082
 3.350577e-18 1.275132e-17 4.875245e-12 4.875261e-12 fanout1108
 3.321193e-18 1.254639e-17 4.875245e-12 4.875261e-12 fanout1120
 3.358553e-18 1.214120e-17 4.875245e-12 4.875260e-12 fanout1076
 3.340846e-18 1.216325e-17 4.875245e-12 4.875260e-12 fanout1096
 3.332651e-18 1.240704e-17 4.875245e-12 4.875260e-12 fanout1100
 3.322816e-18 1.179818e-17 4.875245e-12 4.875260e-12 fanout1122
 3.324443e-18 1.121748e-17 4.875245e-12 4.875259e-12 fanout1090
 3.346062e-18 1.150317e-17 4.875245e-12 4.875259e-12 fanout1102
 3.351375e-18 1.140836e-17 4.875245e-12 4.875259e-12 fanout1113
 3.348270e-18 1.100246e-17 4.875245e-12 4.875259e-12 fanout1088
 3.339015e-18 1.057380e-17 4.875245e-12 4.875259e-12 fanout1130
 1.861000e-18 1.071754e-17 4.646106e-12 4.646119e-12 fanout1124
 1.859681e-18 1.005104e-17 4.646106e-12 4.646118e-12 fanout1094
 1.865672e-18 8.145400e-18 4.646106e-12 4.646116e-12 fanout1129
 1.865689e-18 8.131492e-18 4.646106e-12 4.646116e-12 fanout1131
 1.867365e-18 7.779816e-18 4.646106e-12 4.646116e-12 fanout1123
 1.875898e-18 7.405638e-18 4.646106e-12 4.646116e-12 fanout1097
 1.882059e-18 6.711830e-18 4.646106e-12 4.646115e-12 fanout1114
 1.868822e-18 5.810241e-18 4.646106e-12 4.646114e-12 fanout1091
 3.277556e-18 2.083352e-17 4.326255e-12 4.326280e-12 fanout1052
 3.277075e-18 2.084330e-17 4.326255e-12 4.326280e-12 fanout1069
 3.282736e-18 1.946393e-17 4.326255e-12 4.326278e-12 fanout1063
 3.302235e-18 1.886073e-17 4.326255e-12 4.326278e-12 fanout1033
 3.298303e-18 1.676253e-17 4.326255e-12 4.326275e-12 fanout1045
 3.305988e-18 1.675503e-17 4.326255e-12 4.326275e-12 fanout1064
 3.306181e-18 1.523350e-17 4.326255e-12 4.326274e-12 fanout1066
 3.306286e-18 1.502149e-17 4.326255e-12 4.326274e-12 fanout1058
 3.338669e-18 1.451324e-17 4.326255e-12 4.326273e-12 fanout1029
 3.311099e-18 1.389230e-17 4.326255e-12 4.326273e-12 fanout1040
 3.332166e-18 1.387834e-17 4.326255e-12 4.326273e-12 fanout1044
 3.310661e-18 1.350289e-17 4.326255e-12 4.326272e-12 fanout1047
 3.307270e-18 1.367614e-17 4.326255e-12 4.326272e-12 fanout1068
 3.313532e-18 1.331066e-17 4.326255e-12 4.326272e-12 fanout1041
 3.317020e-18 1.240026e-17 4.326255e-12 4.326271e-12 fanout1053
 1.854403e-18 1.049253e-17 3.661194e-12 3.661206e-12 fanout1065
 1.881900e-18 7.986043e-18 3.661195e-12 3.661205e-12 fanout1026
 1.859903e-18 9.621489e-18 3.661194e-12 3.661205e-12 fanout1057
 1.889284e-18 8.205484e-18 3.661194e-12 3.661204e-12 fanout1027
 1.870610e-18 8.286992e-18 3.661194e-12 3.661204e-12 fanout1030
 1.882535e-18 7.873427e-18 3.661194e-12 3.661204e-12 fanout1020
 1.870963e-18 7.827371e-18 3.661194e-12 3.661204e-12 fanout1038
 1.863575e-18 7.689843e-18 3.661194e-12 3.661204e-12 fanout1050
 1.874235e-18 7.295643e-18 3.661194e-12 3.661203e-12 fanout1023
 1.882001e-18 7.135558e-18 3.661194e-12 3.661203e-12 fanout1025
 1.870642e-18 7.412571e-18 3.661194e-12 3.661203e-12 fanout1036
 1.881518e-18 6.886570e-18 3.661194e-12 3.661203e-12 fanout1028
 1.884141e-18 6.815909e-18 3.661194e-12 3.661203e-12 fanout1035
 1.880822e-18 6.272932e-18 3.661194e-12 3.661202e-12 fanout1017
 1.881219e-18 6.480585e-18 3.661194e-12 3.661202e-12 fanout1018
 1.873556e-18 6.324462e-18 3.661194e-12 3.661202e-12 fanout1022
 1.880374e-18 6.039528e-18 3.661194e-12 3.661202e-12 fanout1016
 1.282009e-15 1.728989e-15 1.181000e-12 1.184011e-12 input3
 8.272457e-16 1.497863e-15 1.181000e-12 1.183325e-12 input10
 1.184292e-15 1.033353e-15 1.181000e-12 1.183218e-12 input1
 1.200582e-15 9.441273e-16 1.181000e-12 1.183145e-12 input2
 1.024203e-15 9.186781e-16 1.181000e-12 1.182943e-12 input5
 1.157561e-15 6.475753e-16 1.181000e-12 1.182805e-12 input4
 6.360292e-16 5.762177e-16 1.181000e-12 1.182212e-12 input7
 5.267856e-16 5.747244e-16 1.181000e-12 1.182102e-12 input6
 1.142603e-18 4.246451e-18 1.181000e-12 1.181005e-12 fanout1019
