     Internal    Switching      Leakage        Total
        Power        Power        Power        Power (Watts)
----------------------------------------------------
 1.641833e-04 6.065570e-05 6.510500e-10 2.248397e-04 clkbuf_0_clk
 1.708753e-04 1.347472e-05 6.510500e-10 1.843506e-04 clkbuf_1_1__f_clk
 1.713706e-04 1.090334e-05 6.510500e-10 1.822746e-04 clkbuf_1_0__f_clk
 1.780199e-08 6.860263e-08 6.315520e-10 8.703618e-08 clkbuf_0_core_clk
 9.251354e-09 4.179514e-08 3.407861e-10 5.138728e-08 clkbuf_4_8_0_core_clk
 9.238312e-09 4.079753e-08 3.407861e-10 5.037663e-08 clkbuf_4_12_0_core_clk
 9.251245e-09 3.998155e-08 3.407861e-10 4.957358e-08 clkbuf_4_15_0_core_clk
 9.251175e-09 3.987439e-08 3.407861e-10 4.946635e-08 clkbuf_4_14_0_core_clk
 9.263821e-09 3.876239e-08 3.407861e-10 4.836700e-08 clkbuf_4_11_0_core_clk
 9.318109e-09 3.816369e-08 3.407861e-10 4.782259e-08 clkbuf_4_1_0_core_clk
 9.267517e-09 3.645128e-08 3.407861e-10 4.605958e-08 clkbuf_4_13_0_core_clk
 9.275453e-09 3.604208e-08 3.407861e-10 4.565832e-08 clkbuf_4_9_0_core_clk
 9.287180e-09 3.534920e-08 3.407861e-10 4.497717e-08 clkbuf_4_6_0_core_clk
 9.292910e-09 3.514094e-08 3.407861e-10 4.477463e-08 clkbuf_4_10_0_core_clk
 9.357218e-09 3.506920e-08 3.407861e-10 4.476721e-08 clkbuf_4_4_0_core_clk
 9.391437e-09 3.291120e-08 3.407861e-10 4.264342e-08 clkbuf_4_5_0_core_clk
 9.375799e-09 3.146993e-08 3.407861e-10 4.118652e-08 clkbuf_4_2_0_core_clk
 9.429860e-09 2.937383e-08 3.407861e-10 3.914448e-08 clkbuf_4_0_0_core_clk
 9.421139e-09 2.846191e-08 3.407861e-10 3.822383e-08 clkbuf_4_3_0_core_clk
 9.398840e-09 2.799982e-08 3.407861e-10 3.773944e-08 clkbuf_4_7_0_core_clk
 2.437715e-08 0.000000e+00 5.635508e-10 2.494070e-08 clkload13
 1.071128e-08 5.293741e-09 3.407861e-10 1.634581e-08 clkbuf_leaf_9_core_clk
 1.093922e-08 4.762795e-09 3.407861e-10 1.604280e-08 clkbuf_leaf_63_core_clk
 1.094751e-08 4.704034e-09 3.407861e-10 1.599233e-08 clkbuf_leaf_68_core_clk
 1.094443e-08 4.707062e-09 3.407861e-10 1.599228e-08 clkbuf_leaf_70_core_clk
 1.106211e-08 4.444115e-09 3.407861e-10 1.584701e-08 clkbuf_leaf_48_core_clk
 1.079549e-08 4.599655e-09 3.407861e-10 1.573593e-08 clkbuf_leaf_7_core_clk
 1.052615e-08 4.858086e-09 3.407861e-10 1.572503e-08 clkbuf_leaf_44_core_clk
 1.098606e-08 4.372958e-09 3.407861e-10 1.569980e-08 clkbuf_leaf_71_core_clk
 1.099311e-08 4.331457e-09 3.407861e-10 1.566536e-08 clkbuf_leaf_66_core_clk
 1.099379e-08 4.322162e-09 3.407861e-10 1.565674e-08 clkbuf_leaf_65_core_clk
 1.099334e-08 4.315602e-09 3.407861e-10 1.564973e-08 clkbuf_leaf_75_core_clk
 1.109073e-08 4.215504e-09 3.407861e-10 1.564702e-08 clkbuf_leaf_98_core_clk
 1.117814e-08 4.122495e-09 3.407861e-10 1.564142e-08 clkbuf_leaf_131_core_clk
 1.109393e-08 4.190677e-09 3.407861e-10 1.562540e-08 clkbuf_leaf_47_core_clk
 1.110369e-08 4.113382e-09 3.407861e-10 1.555786e-08 clkbuf_leaf_46_core_clk
 1.100816e-08 4.192454e-09 3.407861e-10 1.554140e-08 clkbuf_leaf_80_core_clk
 1.055520e-08 4.607803e-09 3.407861e-10 1.550379e-08 clkbuf_leaf_45_core_clk
 1.055495e-08 4.605043e-09 3.407861e-10 1.550078e-08 clkbuf_leaf_41_core_clk
 1.102286e-08 4.098209e-09 3.407861e-10 1.546185e-08 clkbuf_leaf_59_core_clk
 1.112139e-08 3.968136e-09 3.407861e-10 1.543032e-08 clkbuf_leaf_49_core_clk
 1.112306e-08 3.961063e-09 3.407861e-10 1.542491e-08 clkbuf_leaf_101_core_clk
 1.102653e-08 4.047006e-09 3.407861e-10 1.541432e-08 clkbuf_leaf_69_core_clk
 1.121404e-08 3.839534e-09 3.407861e-10 1.539436e-08 clkbuf_leaf_136_core_clk
 1.121475e-08 3.829614e-09 3.407861e-10 1.538515e-08 clkbuf_leaf_139_core_clk
 1.055158e-08 4.453309e-09 3.407861e-10 1.534567e-08 clkbuf_leaf_19_core_clk
 1.085208e-08 4.131385e-09 3.407861e-10 1.532425e-08 clkbuf_leaf_5_core_clk
 1.058135e-08 4.380075e-09 3.407861e-10 1.530221e-08 clkbuf_leaf_39_core_clk
 1.085630e-08 4.100293e-09 3.407861e-10 1.529738e-08 clkbuf_leaf_6_core_clk
 1.058369e-08 4.367029e-09 3.407861e-10 1.529150e-08 clkbuf_leaf_11_core_clk
 1.086097e-08 4.059567e-09 3.407861e-10 1.526132e-08 clkbuf_leaf_4_core_clk
 1.105192e-08 3.861913e-09 3.407861e-10 1.525462e-08 clkbuf_leaf_67_core_clk
 1.104984e-08 3.861051e-09 3.407861e-10 1.525168e-08 clkbuf_leaf_74_core_clk
 1.105148e-08 3.848053e-09 3.407861e-10 1.524032e-08 clkbuf_leaf_73_core_clk
 1.105174e-08 3.844348e-09 3.407861e-10 1.523688e-08 clkbuf_leaf_72_core_clk
 1.123975e-08 3.647353e-09 3.407861e-10 1.522789e-08 clkbuf_leaf_129_core_clk
 1.105737e-08 3.810618e-09 3.407861e-10 1.520877e-08 clkbuf_leaf_64_core_clk
 1.059473e-08 4.264014e-09 3.407861e-10 1.519953e-08 clkbuf_leaf_43_core_clk
 1.105876e-08 3.787064e-09 3.407861e-10 1.518661e-08 clkbuf_leaf_77_core_clk
 1.106135e-08 3.771530e-09 3.407861e-10 1.517367e-08 clkbuf_leaf_81_core_clk
 1.087380e-08 3.955167e-09 3.407861e-10 1.516975e-08 clkbuf_leaf_1_core_clk
 1.125272e-08 3.535362e-09 3.407861e-10 1.512887e-08 clkbuf_leaf_137_core_clk
 1.116555e-08 3.614649e-09 3.407861e-10 1.512099e-08 clkbuf_leaf_50_core_clk
 1.116706e-08 3.609833e-09 3.407861e-10 1.511768e-08 clkbuf_leaf_97_core_clk
 1.126115e-08 3.497955e-09 3.407861e-10 1.509989e-08 clkbuf_leaf_132_core_clk
 1.061606e-08 4.081132e-09 3.407861e-10 1.503797e-08 clkbuf_leaf_42_core_clk
 1.117884e-08 3.516122e-09 3.407861e-10 1.503575e-08 clkbuf_leaf_100_core_clk
 1.127024e-08 3.414381e-09 3.407861e-10 1.502540e-08 clkbuf_leaf_127_core_clk
 1.059357e-08 4.077938e-09 3.407861e-10 1.501229e-08 clkbuf_leaf_14_core_clk
 9.970793e-09 4.679669e-09 3.407861e-10 1.499125e-08 clkbuf_leaf_152_core_clk
 9.970832e-09 4.676048e-09 3.407861e-10 1.498767e-08 clkbuf_leaf_151_core_clk
 1.118593e-08 3.456307e-09 3.407861e-10 1.498302e-08 clkbuf_leaf_99_core_clk
 1.127348e-08 3.363128e-09 3.407861e-10 1.497739e-08 clkbuf_leaf_141_core_clk
 1.062474e-08 4.010654e-09 3.407861e-10 1.497618e-08 clkbuf_leaf_38_core_clk
 1.128488e-08 3.318297e-09 3.407861e-10 1.494396e-08 clkbuf_leaf_134_core_clk
 1.128030e-08 3.320156e-09 3.407861e-10 1.494125e-08 clkbuf_leaf_130_core_clk
 1.110484e-08 3.429637e-09 3.407861e-10 1.487526e-08 clkbuf_leaf_95_core_clk
 1.070887e-08 3.799097e-09 3.407861e-10 1.484875e-08 clkbuf_leaf_105_core_clk
 1.091922e-08 3.582843e-09 3.407861e-10 1.484285e-08 clkbuf_leaf_2_core_clk
 1.091939e-08 3.576023e-09 3.407861e-10 1.483620e-08 clkbuf_leaf_8_core_clk
 1.097771e-08 3.490765e-09 3.407861e-10 1.480926e-08 clkbuf_leaf_110_core_clk
 1.111360e-08 3.353636e-09 3.407861e-10 1.480802e-08 clkbuf_leaf_84_core_clk
 1.111440e-08 3.349676e-09 3.407861e-10 1.480486e-08 clkbuf_leaf_90_core_clk
 1.062465e-08 3.816159e-09 3.407861e-10 1.478159e-08 clkbuf_leaf_16_core_clk
 1.027894e-08 4.137675e-09 3.407861e-10 1.475740e-08 clkbuf_leaf_153_core_clk
 1.112090e-08 3.294950e-09 3.407861e-10 1.475663e-08 clkbuf_leaf_79_core_clk
 1.130783e-08 3.106786e-09 3.407861e-10 1.475540e-08 clkbuf_leaf_121_core_clk
 1.131669e-08 3.071210e-09 3.407861e-10 1.472869e-08 clkbuf_leaf_135_core_clk
 1.112535e-08 3.258728e-09 3.407861e-10 1.472486e-08 clkbuf_leaf_78_core_clk
 1.072482e-08 3.657266e-09 3.407861e-10 1.472288e-08 clkbuf_leaf_142_core_clk
 1.072652e-08 3.651349e-09 3.407861e-10 1.471865e-08 clkbuf_leaf_103_core_clk
 1.063503e-08 3.739322e-09 3.407861e-10 1.471513e-08 clkbuf_leaf_128_core_clk
 1.099524e-08 3.366686e-09 3.407861e-10 1.470271e-08 clkbuf_leaf_113_core_clk
 1.072921e-08 3.622044e-09 3.407861e-10 1.469204e-08 clkbuf_leaf_107_core_clk
 1.063984e-08 3.687661e-09 3.407861e-10 1.466829e-08 clkbuf_leaf_17_core_clk
 1.131894e-08 3.008402e-09 3.407861e-10 1.466813e-08 clkbuf_leaf_138_core_clk
 1.113380e-08 3.191219e-09 3.407861e-10 1.466580e-08 clkbuf_leaf_83_core_clk
 1.073609e-08 3.571300e-09 3.407861e-10 1.464818e-08 clkbuf_leaf_104_core_clk
 1.100061e-08 3.295949e-09 3.407861e-10 1.463734e-08 clkbuf_leaf_112_core_clk
 1.029162e-08 3.999964e-09 3.407861e-10 1.463237e-08 clkbuf_leaf_159_core_clk
 1.426083e-08 0.000000e+00 3.581205e-10 1.461895e-08 clkload15
 1.073929e-08 3.535492e-09 3.407861e-10 1.461556e-08 clkbuf_leaf_144_core_clk
 1.114181e-08 3.131713e-09 3.407861e-10 1.461431e-08 clkbuf_leaf_93_core_clk
 1.074016e-08 3.529542e-09 3.407861e-10 1.461049e-08 clkbuf_leaf_120_core_clk
 1.065266e-08 3.582617e-09 3.407861e-10 1.457606e-08 clkbuf_leaf_18_core_clk
 1.075200e-08 3.431929e-09 3.407861e-10 1.452471e-08 clkbuf_leaf_106_core_clk
 1.065774e-08 3.524743e-09 3.407861e-10 1.452326e-08 clkbuf_leaf_15_core_clk
 1.002482e-08 4.155311e-09 3.407861e-10 1.452092e-08 clkbuf_leaf_147_core_clk
 1.115819e-08 2.994737e-09 3.407861e-10 1.449372e-08 clkbuf_leaf_88_core_clk
 1.002804e-08 4.123548e-09 3.407861e-10 1.449237e-08 clkbuf_leaf_148_core_clk
 1.115927e-08 2.985107e-09 3.407861e-10 1.448517e-08 clkbuf_leaf_85_core_clk
 1.116268e-08 2.957535e-09 3.407861e-10 1.446100e-08 clkbuf_leaf_87_core_clk
 1.103041e-08 3.086917e-09 3.407861e-10 1.445811e-08 clkbuf_leaf_92_core_clk
 1.102903e-08 3.077166e-09 3.407861e-10 1.444699e-08 clkbuf_leaf_94_core_clk
 1.080241e-08 3.303697e-09 3.407861e-10 1.444689e-08 clkbuf_leaf_55_core_clk
 1.069566e-08 3.403475e-09 3.407861e-10 1.443993e-08 clkbuf_leaf_40_core_clk
 1.031814e-08 3.778996e-09 3.407861e-10 1.443792e-08 clkbuf_leaf_154_core_clk
 1.031921e-08 3.762669e-09 3.407861e-10 1.442266e-08 clkbuf_leaf_158_core_clk
 1.080580e-08 3.274771e-09 3.407861e-10 1.442135e-08 clkbuf_leaf_51_core_clk
 1.097731e-08 3.096548e-09 3.407861e-10 1.441464e-08 clkbuf_leaf_0_core_clk
 1.103699e-08 3.030760e-09 3.407861e-10 1.440853e-08 clkbuf_leaf_91_core_clk
 1.076878e-08 3.285178e-09 3.407861e-10 1.439474e-08 clkbuf_leaf_143_core_clk
 1.081283e-08 3.224780e-09 3.407861e-10 1.437839e-08 clkbuf_leaf_61_core_clk
 1.117852e-08 2.831364e-09 3.407861e-10 1.435067e-08 clkbuf_leaf_86_core_clk
 1.082005e-08 3.164579e-09 3.407861e-10 1.432541e-08 clkbuf_leaf_58_core_clk
 1.118295e-08 2.791455e-09 3.407861e-10 1.431519e-08 clkbuf_leaf_82_core_clk
 1.069235e-08 3.225002e-09 3.407861e-10 1.425814e-08 clkbuf_leaf_22_core_clk
 1.082926e-08 3.086720e-09 3.407861e-10 1.425676e-08 clkbuf_leaf_60_core_clk
 1.082915e-08 3.083307e-09 3.407861e-10 1.425325e-08 clkbuf_leaf_62_core_clk
 1.069588e-08 3.196821e-09 3.407861e-10 1.423348e-08 clkbuf_leaf_20_core_clk
 1.069668e-08 3.187321e-09 3.407861e-10 1.422478e-08 clkbuf_leaf_116_core_clk
 1.084294e-08 2.959930e-09 3.407861e-10 1.414365e-08 clkbuf_leaf_53_core_clk
 1.007116e-08 3.715242e-09 3.407861e-10 1.412719e-08 clkbuf_leaf_150_core_clk
 1.084645e-08 2.935537e-09 3.407861e-10 1.412277e-08 clkbuf_leaf_57_core_clk
 1.071408e-08 3.037039e-09 3.407861e-10 1.409191e-08 clkbuf_leaf_117_core_clk
 1.122763e-08 2.437316e-09 3.407861e-10 1.400573e-08 clkbuf_leaf_89_core_clk
 1.086261e-08 2.797070e-09 3.407861e-10 1.400047e-08 clkbuf_leaf_54_core_clk
 1.072876e-08 2.913018e-09 3.407861e-10 1.398257e-08 clkbuf_leaf_21_core_clk
 1.073076e-08 2.901922e-09 3.407861e-10 1.397347e-08 clkbuf_leaf_123_core_clk
 1.109841e-08 2.515892e-09 3.407861e-10 1.395508e-08 clkbuf_leaf_114_core_clk
 1.110697e-08 2.425078e-09 3.407861e-10 1.387284e-08 clkbuf_leaf_109_core_clk
 1.088292e-08 2.627492e-09 3.407861e-10 1.385120e-08 clkbuf_leaf_52_core_clk
 1.039008e-08 3.117552e-09 3.407861e-10 1.384841e-08 clkbuf_leaf_161_core_clk
 1.011361e-08 3.300180e-09 3.407861e-10 1.375458e-08 clkbuf_leaf_149_core_clk
 1.076012e-08 2.638690e-09 3.407861e-10 1.373960e-08 clkbuf_leaf_119_core_clk
 1.041187e-08 2.922540e-09 3.407861e-10 1.367520e-08 clkbuf_leaf_155_core_clk
 1.077645e-08 2.520309e-09 3.407861e-10 1.363755e-08 clkbuf_leaf_125_core_clk
 1.091438e-08 2.361956e-09 3.407861e-10 1.361712e-08 clkbuf_leaf_56_core_clk
 1.077954e-08 2.478109e-09 3.407861e-10 1.359843e-08 clkbuf_leaf_122_core_clk
 1.079395e-08 2.374972e-09 3.407861e-10 1.350970e-08 clkbuf_leaf_126_core_clk
 1.062310e-08 2.218632e-09 3.407861e-10 1.318251e-08 clkbuf_leaf_25_core_clk
 1.014434e-08 2.697002e-09 3.407861e-10 1.318213e-08 clkbuf_leaf_32_core_clk
 1.015286e-08 2.615478e-09 3.407861e-10 1.310913e-08 clkbuf_leaf_35_core_clk
 1.064819e-08 1.995270e-09 3.407861e-10 1.298424e-08 clkbuf_leaf_23_core_clk
 1.017889e-08 2.362027e-09 3.407861e-10 1.288170e-08 clkbuf_leaf_33_core_clk
 1.068859e-08 1.726846e-09 3.407861e-10 1.275623e-08 clkbuf_leaf_31_core_clk
 1.069243e-08 1.711529e-09 3.407861e-10 1.274475e-08 clkbuf_leaf_12_core_clk
 1.019522e-08 2.206662e-09 3.407861e-10 1.274267e-08 clkbuf_leaf_37_core_clk
 1.069378e-08 1.705883e-09 3.407861e-10 1.274045e-08 clkbuf_leaf_28_core_clk
 1.069686e-08 1.694201e-09 3.407861e-10 1.273185e-08 clkbuf_leaf_27_core_clk
 1.033360e-08 2.046566e-09 3.407861e-10 1.272095e-08 clkbuf_leaf_165_core_clk
 1.019841e-08 2.174972e-09 3.407861e-10 1.271416e-08 clkbuf_leaf_36_core_clk
 1.034602e-08 1.926522e-09 3.407861e-10 1.261333e-08 clkbuf_leaf_162_core_clk
 1.035685e-08 1.824175e-09 3.407861e-10 1.252181e-08 clkbuf_leaf_166_core_clk
 1.037669e-08 1.729757e-09 3.407861e-10 1.244723e-08 clkbuf_leaf_164_core_clk
 1.038410e-08 1.699949e-09 3.407861e-10 1.242484e-08 clkbuf_leaf_163_core_clk
 1.040091e-08 1.628409e-09 3.407861e-10 1.237011e-08 clkbuf_leaf_168_core_clk
 1.844724e-09 7.831753e-09 3.407854e-10 1.001726e-08 fanout165
 7.912108e-10 5.299441e-09 1.814455e-10 6.272097e-09 fanout430
 1.188210e-09 4.642932e-09 1.814455e-10 6.012588e-09 fanout179
 8.986099e-10 4.695881e-09 2.056745e-10 5.800165e-09 fanout130
 8.368007e-10 4.189284e-09 2.056744e-10 5.231759e-09 fanout407
 9.078533e-10 4.130948e-09 1.814455e-10 5.220246e-09 fanout166
 1.199577e-09 3.784467e-09 1.814455e-10 5.165489e-09 fanout183
 9.741544e-10 3.876905e-09 1.814455e-10 5.032505e-09 fanout178
 8.788921e-10 3.791115e-09 2.056744e-10 4.875681e-09 fanout222
 1.195230e-09 3.443314e-09 1.814455e-10 4.819989e-09 fanout181
 8.991466e-10 3.736589e-09 1.814455e-10 4.817181e-09 fanout180
 4.461863e-09 0.000000e+00 1.814463e-10 4.643309e-09 clkload56
 4.458792e-09 0.000000e+00 1.814463e-10 4.640239e-09 clkload96
 4.458597e-09 0.000000e+00 1.814463e-10 4.640043e-09 clkload92
 4.458308e-09 0.000000e+00 1.814463e-10 4.639754e-09 clkload132
 4.458280e-09 0.000000e+00 1.814463e-10 4.639726e-09 clkload49
 4.457553e-09 0.000000e+00 1.814463e-10 4.638999e-09 clkload119
 4.456988e-09 0.000000e+00 1.814463e-10 4.638434e-09 clkload24
 4.454193e-09 0.000000e+00 1.814463e-10 4.635639e-09 clkload32
 4.453950e-09 0.000000e+00 1.814463e-10 4.635397e-09 clkload94
 4.453720e-09 0.000000e+00 1.814463e-10 4.635166e-09 clkload38
 4.452686e-09 0.000000e+00 1.814463e-10 4.634133e-09 clkload70
 4.452676e-09 0.000000e+00 1.814463e-10 4.634123e-09 clkload39
 4.452676e-09 0.000000e+00 1.814463e-10 4.634122e-09 clkload97
 4.452276e-09 0.000000e+00 1.814463e-10 4.633722e-09 clkload28
 4.452163e-09 0.000000e+00 1.814463e-10 4.633609e-09 clkload118
 4.452038e-09 0.000000e+00 1.814463e-10 4.633485e-09 clkload71
 4.451847e-09 0.000000e+00 1.814463e-10 4.633293e-09 clkload65
 4.451546e-09 0.000000e+00 1.814463e-10 4.632993e-09 clkload111
 4.450779e-09 0.000000e+00 1.814463e-10 4.632225e-09 clkload108
 4.449761e-09 0.000000e+00 1.814463e-10 4.631208e-09 clkload100
 4.449328e-09 0.000000e+00 1.814463e-10 4.630775e-09 clkload68
 4.448605e-09 0.000000e+00 1.814463e-10 4.630051e-09 clkload77
 4.448570e-09 0.000000e+00 1.814463e-10 4.630016e-09 clkload112
 4.448530e-09 0.000000e+00 1.814463e-10 4.629976e-09 clkload84
 4.448347e-09 0.000000e+00 1.814463e-10 4.629793e-09 clkload114
 4.446292e-09 0.000000e+00 1.814463e-10 4.627738e-09 clkload81
 4.443609e-09 0.000000e+00 1.814463e-10 4.625055e-09 clkload86
 4.443190e-09 0.000000e+00 1.814463e-10 4.624636e-09 clkload82
 4.441663e-09 0.000000e+00 1.814463e-10 4.623109e-09 clkload58
 4.439571e-09 0.000000e+00 1.814463e-10 4.621017e-09 clkload57
 4.438022e-09 0.000000e+00 1.814463e-10 4.619468e-09 clkload59
 9.857507e-10 3.290779e-09 2.056744e-10 4.482204e-09 fanout187
 9.412559e-10 3.297287e-09 2.056744e-10 4.444217e-09 fanout402
 9.991233e-10 3.109016e-09 1.814455e-10 4.289585e-09 fanout170
 1.043492e-09 3.056311e-09 1.814455e-10 4.281248e-09 fanout426
 9.676920e-10 3.076291e-09 2.056744e-10 4.249658e-09 fanout405
 9.920313e-10 2.936470e-09 2.056744e-10 4.134175e-09 fanout186
 1.014661e-09 2.739681e-09 2.056744e-10 3.960016e-09 fanout203
 9.168654e-10 2.792827e-09 2.056745e-10 3.915367e-09 fanout129
 9.435769e-10 2.709198e-09 1.814455e-10 3.834220e-09 fanout413
 9.817439e-10 2.319989e-09 2.056744e-10 3.507407e-09 fanout201
 6.256426e-10 1.981053e-09 3.407856e-10 2.947481e-09 fanout158
 4.783953e-10 1.927365e-09 3.628096e-10 2.768570e-09 fanout369
 5.397889e-10 1.827217e-09 3.628097e-10 2.729815e-09 fanout376
 5.451075e-10 1.841126e-09 3.407852e-10 2.727018e-09 fanout562
 5.383290e-10 1.746775e-09 3.628094e-10 2.647913e-09 fanout367
 5.402290e-10 1.698060e-09 3.407855e-10 2.579075e-09 fanout565
 5.155198e-10 1.901890e-09 1.276901e-10 2.545100e-09 fanout221
 5.739364e-10 1.598974e-09 3.628096e-10 2.535720e-09 fanout267
 2.344838e-09 0.000000e+00 1.305749e-10 2.475413e-09 clkload120
 2.344095e-09 0.000000e+00 1.305749e-10 2.474670e-09 clkload126
 2.341784e-09 0.000000e+00 1.305749e-10 2.472359e-09 clkload25
 2.339012e-09 0.000000e+00 1.305749e-10 2.469587e-09 clkload130
 2.338495e-09 0.000000e+00 1.305749e-10 2.469070e-09 clkload35
 2.337930e-09 0.000000e+00 1.305749e-10 2.468505e-09 clkload91
 2.336367e-09 0.000000e+00 1.305749e-10 2.466942e-09 clkload36
 2.336231e-09 0.000000e+00 1.305749e-10 2.466806e-09 clkload124
 2.335904e-09 0.000000e+00 1.305749e-10 2.466479e-09 clkload27
 2.333731e-09 0.000000e+00 1.305749e-10 2.464306e-09 clkload87
 2.333334e-09 0.000000e+00 1.305749e-10 2.463909e-09 clkload73
 2.333204e-09 0.000000e+00 1.305749e-10 2.463779e-09 clkload117
 2.333004e-09 0.000000e+00 1.305749e-10 2.463579e-09 clkload89
 2.332577e-09 0.000000e+00 1.305749e-10 2.463152e-09 clkload88
 2.332268e-09 0.000000e+00 1.305749e-10 2.462843e-09 clkload110
 2.331627e-09 0.000000e+00 1.305749e-10 2.462202e-09 clkload106
 2.331351e-09 0.000000e+00 1.305749e-10 2.461926e-09 clkload85
 2.331270e-09 0.000000e+00 1.305749e-10 2.461845e-09 clkload105
 2.330786e-09 0.000000e+00 1.305749e-10 2.461361e-09 clkload107
 2.330181e-09 0.000000e+00 1.305749e-10 2.460756e-09 clkload78
 2.330140e-09 0.000000e+00 1.305749e-10 2.460715e-09 clkload113
 2.329903e-09 0.000000e+00 1.305749e-10 2.460478e-09 clkload109
 2.323441e-09 0.000000e+00 1.305749e-10 2.454015e-09 clkload45
 2.322155e-09 0.000000e+00 1.305749e-10 2.452730e-09 clkload16
 2.321663e-09 0.000000e+00 1.305749e-10 2.452238e-09 clkload48
 2.321538e-09 0.000000e+00 1.305749e-10 2.452113e-09 clkload44
 2.321532e-09 0.000000e+00 1.305749e-10 2.452107e-09 clkload17
 2.321491e-09 0.000000e+00 1.305749e-10 2.452066e-09 clkload47
 2.321396e-09 0.000000e+00 1.305749e-10 2.451971e-09 clkload46
 2.320050e-09 0.000000e+00 1.305749e-10 2.450625e-09 clkload18
 5.502023e-10 1.556194e-09 3.407852e-10 2.447181e-09 fanout563
 5.036095e-10 1.563129e-09 3.628097e-10 2.429548e-09 fanout374
 5.455327e-10 1.518004e-09 3.628097e-10 2.426347e-09 fanout372
 3.796425e-10 1.854520e-09 1.814455e-10 2.415608e-09 fanout225
 5.172084e-10 1.770697e-09 1.276901e-10 2.415596e-09 fanout200
 5.359349e-10 1.716669e-09 1.305750e-10 2.383179e-09 fanout428
 5.468636e-10 1.446818e-09 3.628097e-10 2.356491e-09 fanout373
 4.846006e-10 1.507540e-09 3.628097e-10 2.354950e-09 fanout371
 4.990817e-10 1.508273e-09 3.407852e-10 2.348140e-09 fanout553
 3.338058e-10 1.810859e-09 1.814455e-10 2.326110e-09 fanout226
 5.574609e-10 1.630955e-09 1.305750e-10 2.318991e-09 fanout173
 3.108935e-10 1.543847e-09 2.056743e-10 2.060415e-09 fanout387
 2.093690e-10 1.652962e-09 1.814456e-10 2.043776e-09 fanout549
 3.558103e-10 1.397054e-09 2.056746e-10 1.958539e-09 fanout278
 4.876523e-10 1.338787e-09 1.276901e-10 1.954130e-09 fanout207
 5.210072e-10 1.299651e-09 1.276901e-10 1.948348e-09 fanout214
 5.096735e-10 1.186209e-09 1.305750e-10 1.826458e-09 fanout423
 1.673697e-09 0.000000e+00 1.527102e-10 1.826407e-09 clkload22
 1.665766e-09 0.000000e+00 1.527102e-10 1.818476e-09 clkload50
 5.265828e-10 1.155842e-09 1.276901e-10 1.810115e-09 fanout205
 5.311522e-10 1.148132e-09 1.305750e-10 1.809860e-09 fanout175
 1.649676e-09 0.000000e+00 1.527102e-10 1.802386e-09 clkload21
 1.649318e-09 0.000000e+00 1.527102e-10 1.802029e-09 clkload26
 3.541445e-10 1.078767e-09 3.628095e-10 1.795721e-09 fanout252
 1.637410e-09 0.000000e+00 1.527102e-10 1.790120e-09 clkload34
 1.635019e-09 0.000000e+00 1.527102e-10 1.787729e-09 clkload52
 1.625076e-09 0.000000e+00 1.527102e-10 1.777786e-09 clkload19
 1.616068e-09 0.000000e+00 1.527102e-10 1.768778e-09 clkload33
 2.842950e-10 1.104222e-09 3.628097e-10 1.751327e-09 fanout326
 2.737520e-10 1.265255e-09 2.056745e-10 1.744682e-09 fanout249
 2.624904e-10 1.089170e-09 3.628098e-10 1.714470e-09 fanout325
 2.327381e-10 1.136927e-09 3.407855e-10 1.710450e-09 wire573
 2.690712e-10 1.220717e-09 1.814455e-10 1.671234e-09 fanout567
 2.360581e-10 1.059384e-09 3.407855e-10 1.636228e-09 max_cap570
 3.557001e-10 1.092950e-09 1.814455e-10 1.630096e-09 fanout362
 3.084089e-10 9.575766e-10 3.628094e-10 1.628795e-09 fanout364
 3.720377e-10 1.041985e-09 2.056728e-10 1.619695e-09 fanout340
 3.073044e-10 9.574670e-10 3.407851e-10 1.605556e-09 fanout149
 2.481587e-10 1.132479e-09 2.056743e-10 1.586312e-09 fanout379
 2.692650e-10 1.084797e-09 2.056744e-10 1.559737e-09 fanout154
 2.656469e-10 9.303586e-10 3.628099e-10 1.558815e-09 fanout285
 2.839217e-10 1.060177e-09 2.056743e-10 1.549773e-09 fanout386
 3.102930e-10 8.658941e-10 3.628094e-10 1.538996e-09 fanout363
 3.209694e-10 1.003963e-09 2.056743e-10 1.530607e-09 fanout382
 2.520825e-10 1.066136e-09 2.056744e-10 1.523893e-09 fanout322
 2.570938e-10 1.010234e-09 2.056743e-10 1.473002e-09 fanout378
 2.406788e-10 1.023981e-09 1.814454e-10 1.446105e-09 fanout270
 2.631947e-10 9.787519e-10 1.814452e-10 1.423392e-09 fanout559
 2.356866e-10 9.806428e-10 1.814456e-10 1.397775e-09 fanout517
 2.556211e-10 9.050526e-10 2.056743e-10 1.366348e-09 fanout380
 2.398323e-10 9.106885e-10 1.814456e-10 1.331966e-09 fanout515
 2.987655e-10 8.306382e-10 1.814456e-10 1.310849e-09 fanout524
 3.525183e-10 7.574383e-10 1.814455e-10 1.291402e-09 fanout361
 1.957285e-10 9.139427e-10 1.814470e-10 1.291118e-09 fanout392
 1.946684e-10 9.102052e-10 1.814472e-10 1.286321e-09 fanout258
 3.142493e-10 7.636927e-10 2.056730e-10 1.283615e-09 fanout342
 2.825558e-10 7.876211e-10 2.056731e-10 1.275850e-09 fanout349
 2.536887e-10 8.127514e-10 2.056727e-10 1.272113e-09 fanout260
 2.038859e-10 8.847325e-10 1.814472e-10 1.270066e-09 fanout257
 2.128832e-10 8.465079e-10 2.056729e-10 1.265064e-09 fanout509
 2.487423e-10 8.293366e-10 1.814452e-10 1.259524e-09 fanout552
 2.982046e-10 7.389984e-10 2.056730e-10 1.242876e-09 fanout346
 1.986327e-10 8.616427e-10 1.814470e-10 1.241722e-09 fanout393
 2.483179e-10 7.868364e-10 2.056747e-10 1.240829e-09 fanout375
 2.524440e-10 7.747520e-10 2.056743e-10 1.232870e-09 fanout377
 2.136318e-10 8.109096e-10 2.056729e-10 1.230214e-09 fanout494
 2.115834e-10 8.014313e-10 2.056729e-10 1.218688e-09 fanout498
 2.699574e-10 7.367194e-10 2.056730e-10 1.212350e-09 fanout334
 2.308730e-10 7.910018e-10 1.814456e-10 1.203320e-09 fanout544
 2.460414e-10 7.753942e-10 1.814456e-10 1.202881e-09 fanout541
 2.139111e-10 7.825508e-10 2.056729e-10 1.202135e-09 fanout497
 2.585182e-10 7.334297e-10 2.056727e-10 1.197621e-09 fanout262
 2.815975e-10 7.066297e-10 2.056727e-10 1.193900e-09 fanout330
 2.959281e-10 6.879347e-10 2.056728e-10 1.189536e-09 fanout348
 1.466404e-10 8.343792e-10 2.056747e-10 1.186694e-09 fanout320
 2.314431e-10 7.651304e-10 1.814456e-10 1.178019e-09 fanout530
 2.574567e-10 7.145317e-10 2.056743e-10 1.177663e-09 fanout383
 3.056820e-10 6.650594e-10 2.056728e-10 1.176414e-09 fanout351
 3.057449e-10 6.566197e-10 2.056731e-10 1.168038e-09 fanout354
 1.957770e-10 7.662714e-10 2.056727e-10 1.167721e-09 fanout259
 2.703355e-10 6.813144e-10 2.056730e-10 1.157323e-09 fanout343
 2.395334e-10 6.975056e-10 2.056746e-10 1.142713e-09 fanout370
 1.987272e-10 7.190087e-10 2.056729e-10 1.123409e-09 fanout492
 2.411830e-10 6.842810e-10 1.814456e-10 1.106910e-09 fanout535
 2.321965e-10 6.820199e-10 1.814456e-10 1.095662e-09 fanout527
 2.695787e-10 6.410312e-10 1.814456e-10 1.092056e-09 fanout546
 2.740952e-10 6.299827e-10 1.814456e-10 1.085524e-09 fanout529
 2.511090e-10 6.529060e-10 1.814456e-10 1.085461e-09 fanout542
 1.528783e-10 7.404754e-10 1.814458e-10 1.074799e-09 fanout284
 2.364538e-10 6.480090e-10 1.814456e-10 1.065908e-09 fanout539
 1.204656e-10 7.396701e-10 2.056743e-10 1.065810e-09 fanout365
 2.478506e-10 6.281774e-10 1.814456e-10 1.057474e-09 fanout523
 2.292018e-10 6.418611e-10 1.814456e-10 1.052509e-09 fanout525
 2.326341e-10 6.324484e-10 1.814456e-10 1.046528e-09 fanout513
 2.363824e-10 6.263136e-10 1.814456e-10 1.044142e-09 fanout532
 1.371933e-10 6.964000e-10 2.056744e-10 1.039268e-09 fanout251
 1.483807e-10 6.775536e-10 2.056747e-10 1.031609e-09 fanout239
 1.416189e-10 6.798508e-10 2.056747e-10 1.027144e-09 fanout147
 1.379264e-10 6.861646e-10 1.814452e-10 1.005536e-09 fanout248
 1.296043e-10 6.548722e-10 2.056748e-10 9.901513e-10 fanout291
 1.459559e-10 6.569001e-10 1.814452e-10 9.843012e-10 fanout241
 1.488220e-10 6.283242e-10 2.056747e-10 9.828209e-10 fanout238
 2.041467e-10 5.867926e-10 1.814470e-10 9.723863e-10 fanout388
 1.500703e-10 6.374283e-10 1.814451e-10 9.689437e-10 fanout302
 2.335050e-10 5.502728e-10 1.814456e-10 9.652233e-10 fanout512
 1.452394e-10 6.031382e-10 1.814452e-10 9.298228e-10 fanout253
 1.656544e-10 6.331607e-10 1.305749e-10 9.293901e-10 fanout537
 1.426454e-10 5.746491e-10 2.056747e-10 9.229692e-10 fanout237
 1.483391e-10 5.851732e-10 1.814452e-10 9.149575e-10 fanout244
 2.104760e-10 4.974332e-10 2.056729e-10 9.135822e-10 fanout501
 1.474018e-10 5.814452e-10 1.814452e-10 9.102922e-10 fanout245
 1.319335e-10 5.945999e-10 1.814451e-10 9.079785e-10 fanout314
 1.837803e-10 5.176047e-10 2.056729e-10 9.070580e-10 fanout506
 1.850853e-10 5.138494e-10 2.056729e-10 9.046077e-10 fanout507
 1.284622e-10 5.606042e-10 2.056742e-10 8.947406e-10 fanout162
 1.516881e-10 5.587433e-10 1.814454e-10 8.918768e-10 fanout228
 1.414294e-10 5.666972e-10 1.814451e-10 8.895716e-10 fanout297
 1.646013e-10 5.176437e-10 2.056747e-10 8.879197e-10 fanout236
 1.854795e-10 4.807904e-10 2.056729e-10 8.719429e-10 fanout505
 1.515097e-10 5.359319e-10 1.814451e-10 8.688865e-10 fanout293
 2.010983e-10 4.597803e-10 2.056729e-10 8.665516e-10 fanout495
 1.402498e-10 5.391392e-10 1.814451e-10 8.608341e-10 fanout126
 1.381516e-10 4.937093e-10 2.056747e-10 8.375356e-10 fanout233
 1.623841e-10 4.806736e-10 1.814456e-10 8.245033e-10 fanout571
 1.372530e-10 6.089706e-10 7.568002e-11 8.219037e-10 _10731_
 4.495952e-11 6.723609e-10 1.029900e-10 8.203104e-10 _12263_
 1.479066e-10 4.643500e-10 2.056748e-10 8.179314e-10 fanout287
 1.722846e-10 4.369514e-10 2.056733e-10 8.149093e-10 fanout353
 1.800468e-10 4.247468e-10 2.056733e-10 8.104669e-10 fanout352
 1.496524e-10 4.778145e-10 1.814451e-10 8.089119e-10 fanout312
 1.427315e-10 4.835951e-10 1.814451e-10 8.077716e-10 fanout296
 1.496964e-10 4.757633e-10 1.814451e-10 8.069048e-10 fanout311
 1.497893e-10 4.686008e-10 1.814451e-10 7.998353e-10 fanout276
 1.464573e-10 4.463221e-10 2.056748e-10 7.984542e-10 fanout286
 6.888615e-11 5.159759e-10 2.056727e-10 7.905347e-10 fanout491
 1.419627e-10 4.535431e-10 1.814451e-10 7.769508e-10 fanout310
 1.378056e-10 4.153246e-10 2.056748e-10 7.588050e-10 fanout292
 1.006678e-10 5.003313e-10 1.270300e-10 7.280291e-10 _06648_
 1.407373e-10 3.847153e-10 1.814451e-10 7.068977e-10 fanout87
 1.694661e-10 4.001390e-10 1.305749e-10 7.001801e-10 fanout522
 1.696201e-10 3.911532e-10 1.305749e-10 6.913483e-10 fanout518
 9.447051e-11 3.836345e-10 2.056727e-10 6.837777e-10 fanout484
 9.547238e-11 3.803918e-10 2.056727e-10 6.815368e-10 fanout489
 1.450301e-10 3.968528e-10 1.276902e-10 6.695732e-10 fanout335
 1.626546e-10 3.131144e-10 1.814452e-10 6.572142e-10 fanout356
 1.001706e-10 3.718900e-10 1.814472e-10 6.535077e-10 fanout395
 8.535275e-11 4.640438e-10 1.029899e-10 6.523864e-10 _06553_
 7.867637e-11 4.696570e-10 1.029899e-10 6.513232e-10 _06555_
 2.282093e-10 3.339374e-10 7.568001e-11 6.378267e-10 _06511_
 1.630791e-10 2.921944e-10 1.814452e-10 6.367187e-10 fanout357
 6.724799e-11 4.635286e-10 1.029899e-10 6.337664e-10 _06548_
 1.003985e-10 3.491355e-10 1.814472e-10 6.309812e-10 fanout396
 8.296673e-11 3.374199e-10 2.056727e-10 6.260593e-10 fanout485
 3.316314e-11 5.128307e-10 7.568002e-11 6.216738e-10 _06782_
 5.739182e-11 2.212567e-10 3.407850e-10 6.194335e-10 fanout266
 9.548489e-11 3.125705e-10 2.056727e-10 6.137281e-10 fanout487
 6.489963e-11 1.784923e-10 3.628099e-10 6.062019e-10 fanout265
 8.775319e-11 3.345946e-10 1.814472e-10 6.037950e-10 fanout400
 9.571301e-11 3.017522e-10 2.056727e-10 6.031379e-10 fanout488
 8.817155e-11 2.795468e-10 2.056727e-10 5.733911e-10 fanout483
 5.891587e-11 4.032943e-10 1.029899e-10 5.652000e-10 _06618_
 2.997752e-10 5.449343e-11 1.814472e-10 5.357159e-10 output14
 8.323370e-11 3.495236e-10 1.013550e-10 5.341124e-10 _07757_
 5.737917e-11 3.728160e-10 1.029899e-10 5.331851e-10 _06546_
 3.055808e-10 4.154733e-11 1.814463e-10 5.285745e-10 output16
 5.240059e-11 3.733033e-10 1.013550e-10 5.270590e-10 _06632_
 4.793225e-11 3.748350e-10 1.013550e-10 5.241222e-10 _06544_
 6.663881e-11 3.521399e-10 1.029900e-10 5.217687e-10 _12335_
 4.994665e-11 3.695197e-10 1.013550e-10 5.208214e-10 _06680_
 8.586589e-11 3.585013e-10 7.568001e-11 5.200472e-10 _10680_
 4.477079e-11 3.621092e-10 1.013550e-10 5.082350e-10 _06655_
 2.927851e-10 3.197069e-11 1.814461e-10 5.062019e-10 output12
 4.775964e-11 3.546379e-10 1.013550e-10 5.037526e-10 _06607_
 5.075238e-11 3.501748e-10 1.013550e-10 5.022822e-10 _06642_
 8.305273e-11 2.007431e-10 2.056734e-10 4.894692e-10 fanout459
 4.774409e-11 3.294360e-10 1.013550e-10 4.785351e-10 _06609_
 7.761682e-11 2.668891e-10 1.276900e-10 4.721959e-10 fanout139
 7.718225e-11 1.891379e-10 2.056732e-10 4.719934e-10 fanout431
 7.518559e-11 2.671241e-10 1.276900e-10 4.699997e-10 fanout143
 4.805810e-11 3.177904e-10 1.013550e-10 4.672035e-10 _06630_
 7.375518e-11 2.866329e-10 1.029899e-10 4.633779e-10 _07381_
 4.684990e-11 3.150779e-10 1.013550e-10 4.632829e-10 _06703_
 5.522131e-11 3.014101e-10 1.013550e-10 4.579865e-10 _06658_
 4.317990e-11 3.094921e-10 1.029899e-10 4.556619e-10 _06693_
 5.002902e-11 3.223836e-10 7.649499e-11 4.489076e-10 _11512_
 4.678270e-11 2.995783e-10 1.013550e-10 4.477160e-10 _06620_
 7.690247e-11 2.282501e-10 1.276900e-10 4.328425e-10 fanout135
 1.973898e-10 4.743924e-11 1.814476e-10 4.262765e-10 output13
 7.427258e-11 2.225677e-10 1.276900e-10 4.245304e-10 fanout115
 8.000817e-11 2.057155e-10 1.276900e-10 4.134137e-10 fanout123
 5.068177e-11 2.824906e-10 7.568001e-11 4.088523e-10 _06547_
 3.736261e-11 1.835203e-10 1.814450e-10 4.023279e-10 fanout150
 8.027336e-11 1.872807e-10 1.276900e-10 3.952441e-10 fanout124
 7.754613e-11 1.812020e-10 1.276900e-10 3.864381e-10 fanout137
 4.944883e-11 2.060795e-10 1.276902e-10 3.832185e-10 fanout465
 5.808116e-11 2.206395e-10 1.029899e-10 3.817106e-10 _06570_
 7.905987e-11 1.747791e-10 1.276900e-10 3.815290e-10 fanout117
 5.211583e-11 2.474694e-10 7.568002e-11 3.752652e-10 _06714_
 8.135312e-11 1.626136e-10 1.305750e-10 3.745417e-10 fanout295
 4.507450e-11 2.502847e-10 7.649494e-11 3.718542e-10 _06622_
 4.390963e-11 2.441416e-10 7.649494e-11 3.645462e-10 _06692_
 5.198653e-11 2.182877e-10 7.649498e-11 3.467693e-10 _12200_
 4.121901e-11 1.763162e-10 1.276902e-10 3.452254e-10 fanout469
 4.234269e-11 2.230350e-10 7.568001e-11 3.410577e-10 _06659_
 3.812937e-11 2.272173e-10 7.568001e-11 3.410267e-10 _06696_
 1.374268e-10 1.366365e-11 1.814451e-10 3.325355e-10 output15
 4.417148e-11 2.099242e-10 7.568000e-11 3.297757e-10 _10070_
 6.772954e-11 1.838477e-10 7.649494e-11 3.280722e-10 _10537_
 1.842368e-11 1.985697e-10 1.029898e-10 3.199832e-10 _06780_
 2.619868e-11 1.895623e-10 1.013550e-10 3.171161e-10 _06641_
 2.626516e-11 8.446662e-11 2.056749e-10 3.164067e-10 fanout100
 5.127311e-11 1.879460e-10 7.568002e-11 3.148991e-10 _06646_
 2.663175e-11 8.177772e-11 2.056749e-10 3.140844e-10 fanout107
 3.223037e-11 2.034812e-10 7.649494e-11 3.122065e-10 _06550_
 2.712870e-11 1.026758e-10 1.814450e-10 3.112495e-10 fanout146
 4.520643e-11 1.881720e-10 7.649499e-11 3.098735e-10 _08726_
 1.147609e-10 1.167416e-10 7.649498e-11 3.079975e-10 _11180_
 2.688284e-11 1.768373e-10 1.013550e-10 3.050752e-10 _06581_
 2.726245e-11 9.580645e-11 1.814450e-10 3.045139e-10 fanout439
 2.468270e-11 9.514785e-11 1.814450e-10 3.012756e-10 fanout438
 2.979711e-11 6.536492e-11 2.056749e-10 3.008369e-10 fanout113
 2.316215e-11 9.471257e-11 1.814450e-10 2.993197e-10 fanout441
 5.180337e-11 1.702954e-10 7.649494e-11 2.985937e-10 _06551_
 5.195417e-11 1.183924e-10 1.276902e-10 2.980368e-10 fanout479
 3.336380e-11 1.870661e-10 7.649494e-11 2.969249e-10 _06599_
 3.825291e-11 1.780110e-10 7.568002e-11 2.919439e-10 _06656_
 3.281429e-11 1.811818e-10 7.649494e-11 2.904911e-10 _06724_
 3.247260e-11 1.778754e-10 7.649493e-11 2.868429e-10 _06560_
 2.385195e-11 8.091249e-11 1.814450e-10 2.862094e-10 fanout446
 4.692062e-11 1.093568e-10 1.276902e-10 2.839676e-10 fanout448
 2.451662e-11 7.561265e-11 1.814450e-10 2.815743e-10 fanout436
 3.826775e-11 1.669922e-10 7.568000e-11 2.809400e-10 _06649_
 5.278151e-11 1.507316e-10 7.568000e-11 2.791931e-10 _06784_
 2.726868e-11 6.852601e-11 1.814450e-10 2.772397e-10 fanout443
 1.540785e-10 4.524068e-11 7.568006e-11 2.749992e-10 _12180_
 3.224045e-11 1.668738e-10 7.568000e-11 2.747942e-10 _06652_
 2.678132e-11 1.463521e-10 1.013550e-10 2.744884e-10 _06569_
 2.658611e-11 1.681004e-10 7.568000e-11 2.703665e-10 _06598_
 2.551617e-11 6.333974e-11 1.814450e-10 2.703009e-10 fanout110
 4.477123e-11 1.490583e-10 7.568000e-11 2.695095e-10 _10531_
 4.565639e-11 1.480559e-10 7.568000e-11 2.693923e-10 _06651_
 2.799000e-11 5.907691e-11 1.814450e-10 2.685119e-10 fanout111
 3.273481e-11 1.582089e-10 7.649494e-11 2.674386e-10 _06669_
 2.529003e-11 5.922121e-11 1.814450e-10 2.659562e-10 fanout433
 3.520728e-11 1.505536e-10 7.568002e-11 2.614409e-10 _06643_
 5.056513e-11 1.332287e-10 7.568002e-11 2.594739e-10 _06584_
 3.766239e-11 1.458408e-10 7.568006e-11 2.591832e-10 _09664_
 2.722513e-11 1.495012e-10 7.568001e-11 2.524063e-10 _06694_
 2.683082e-11 1.464856e-10 7.568000e-11 2.489964e-10 _06710_
 3.891316e-11 1.330454e-10 7.649497e-11 2.484535e-10 _11618_
 2.681933e-11 1.457751e-10 7.568000e-11 2.482744e-10 _06574_
 3.959696e-11 1.321282e-10 7.568002e-11 2.474051e-10 _06545_
 3.820953e-11 1.312852e-10 7.568007e-11 2.451748e-10 _07225_
 3.046818e-11 1.379226e-10 7.649494e-11 2.448857e-10 _06594_
 2.727628e-11 1.394376e-10 7.568002e-11 2.423939e-10 _06537_
 3.872704e-11 1.242223e-10 7.649498e-11 2.394444e-10 _11544_
 1.919242e-11 1.169896e-10 1.029899e-10 2.391719e-10 _06636_
 1.564039e-11 1.191114e-10 1.029899e-10 2.377417e-10 _06565_
 3.177743e-11 1.280644e-10 7.568000e-11 2.355218e-10 _09319_
 2.652905e-11 1.332731e-10 7.568000e-11 2.354822e-10 _06681_
 2.137241e-11 1.374166e-10 7.649494e-11 2.352840e-10 _06683_
 2.025706e-11 1.367652e-10 7.649500e-11 2.335172e-10 _10364_
 9.019904e-11 6.618987e-11 7.649498e-11 2.328839e-10 _08082_
 3.955698e-11 1.159021e-10 7.568002e-11 2.311391e-10 _06713_
 3.394048e-11 1.202829e-10 7.649494e-11 2.307183e-10 _06705_
 3.467700e-11 1.188313e-10 7.649493e-11 2.300032e-10 _06557_
 2.713061e-11 1.258484e-10 7.568002e-11 2.286591e-10 _06608_
 6.671518e-11 8.498864e-11 7.649499e-11 2.281988e-10 _11751_
 3.020079e-11 1.210772e-10 7.649499e-11 2.277730e-10 _09498_
 3.567127e-11 1.162863e-10 7.568007e-11 2.276376e-10 _07534_
 2.218590e-11 1.017457e-10 1.029899e-10 2.269215e-10 _06561_
 3.372231e-11 1.147386e-10 7.649493e-11 2.249559e-10 _06709_
 1.557775e-11 1.061396e-10 1.029899e-10 2.247072e-10 _06635_
 3.989914e-11 1.088401e-10 7.568002e-11 2.244193e-10 _06718_
 2.192726e-11 1.246613e-10 7.649500e-11 2.230836e-10 _11647_
 1.618112e-11 1.034435e-10 1.029899e-10 2.226145e-10 _06564_
 3.371614e-11 5.262786e-12 1.814450e-10 2.204239e-10 output33
 6.502312e-11 5.307196e-11 1.020201e-10 2.201152e-10 wire112
 3.811008e-11 1.054614e-10 7.568007e-11 2.192516e-10 _10255_
 3.478189e-11 2.019896e-12 1.814450e-10 2.182468e-10 output18
 4.516622e-11 9.681917e-11 7.568000e-11 2.176654e-10 _09156_
 3.435970e-11 1.008169e-12 1.814450e-10 2.168129e-10 output37
 3.066994e-11 1.096007e-10 7.649499e-11 2.167656e-10 _08854_
 2.949364e-11 5.797484e-12 1.814450e-10 2.167361e-10 output28
 3.351619e-11 1.034461e-12 1.814450e-10 2.159956e-10 output44
 3.211391e-11 2.186751e-12 1.814450e-10 2.157457e-10 output43
 3.113287e-11 3.032865e-12 1.814450e-10 2.156107e-10 output19
 3.061105e-11 3.275288e-12 1.814450e-10 2.153313e-10 output45
 1.629452e-11 9.586216e-11 1.029899e-10 2.151466e-10 _06679_
 3.236801e-11 1.157041e-12 1.814450e-10 2.149701e-10 output58
 3.124946e-11 2.177916e-12 1.814450e-10 2.148724e-10 output63
 5.841418e-11 7.987568e-11 7.649499e-11 2.147848e-10 _11588_
 3.078281e-11 2.440137e-12 1.814450e-10 2.146680e-10 output64
 2.244050e-11 8.916420e-11 1.029899e-10 2.145946e-10 _06634_
 3.181351e-11 1.103628e-12 1.814450e-10 2.143621e-10 output60
 3.110535e-11 1.804697e-12 1.814450e-10 2.143550e-10 output21
 3.005240e-11 2.604470e-12 1.814450e-10 2.141019e-10 output34
 2.061013e-11 1.168342e-10 7.649493e-11 2.139393e-10 _06673_
 3.338121e-11 1.039911e-10 7.649494e-11 2.138672e-10 _06610_
 2.960593e-11 2.733931e-12 1.814450e-10 2.137849e-10 output17
 2.989069e-11 2.088986e-12 1.814450e-10 2.134247e-10 output39
 3.008541e-11 1.829658e-12 1.814450e-10 2.133601e-10 output42
 2.629185e-11 5.453983e-12 1.814450e-10 2.131908e-10 output54
 2.897574e-11 2.748862e-12 1.814450e-10 2.131696e-10 output22
 2.993709e-11 1.658433e-12 1.814450e-10 2.130405e-10 output32
 2.986945e-11 1.516247e-12 1.814450e-10 2.128307e-10 output61
 2.908858e-11 2.286551e-12 1.814450e-10 2.128201e-10 output20
 2.923530e-11 2.109441e-12 1.814450e-10 2.127897e-10 output38
 3.004568e-11 1.255467e-12 1.814450e-10 2.127462e-10 output41
 3.004003e-11 1.244103e-12 1.814450e-10 2.127291e-10 output59
 2.906029e-11 2.168839e-12 1.814450e-10 2.126741e-10 output62
 2.919234e-11 2.019443e-12 1.814450e-10 2.126568e-10 output35
 3.001736e-11 1.147092e-12 1.814450e-10 2.126094e-10 output36
 1.572576e-11 9.381340e-11 1.029899e-10 2.125290e-10 _06602_
 2.959782e-11 1.295755e-12 1.814450e-10 2.123386e-10 output40
 3.015693e-11 5.385498e-13 1.814450e-10 2.121405e-10 output46
 2.958070e-11 1.025825e-12 1.814450e-10 2.120515e-10 output52
 2.677471e-11 3.819808e-12 1.814450e-10 2.120395e-10 output23
 2.673008e-11 3.761603e-12 1.814450e-10 2.119367e-10 output29
 2.633313e-11 4.121840e-12 1.814450e-10 2.119000e-10 output47
 2.958126e-11 8.480839e-13 1.814450e-10 2.118744e-10 output57
 2.869209e-11 1.710454e-12 1.814450e-10 2.118475e-10 output56
 2.033229e-11 8.837477e-11 1.029899e-10 2.116970e-10 _06674_
 2.645441e-11 3.324527e-12 1.814450e-10 2.112239e-10 output24
 2.681909e-11 2.693573e-12 1.814450e-10 2.109577e-10 output50
 2.652588e-11 2.813918e-12 1.814450e-10 2.107848e-10 output27
 2.722345e-11 2.098367e-12 1.814450e-10 2.107668e-10 output55
 2.670509e-11 2.519978e-12 1.814450e-10 2.106701e-10 output26
 3.542085e-11 9.942201e-11 7.568000e-11 2.105229e-10 _06654_
 2.632250e-11 2.632234e-12 1.814450e-10 2.103997e-10 output53
 2.665717e-11 2.251994e-12 1.814450e-10 2.103542e-10 output31
 2.633361e-11 2.300421e-12 1.814450e-10 2.100790e-10 output51
 2.714804e-11 1.386286e-12 1.814450e-10 2.099793e-10 output49
 6.063835e-11 7.357118e-11 7.568002e-11 2.098896e-10 _06785_
 2.672969e-11 1.683512e-12 1.814450e-10 2.098582e-10 output25
 2.670203e-11 1.467418e-12 1.814450e-10 2.096144e-10 output48
 2.679016e-11 5.414623e-13 1.814450e-10 2.087766e-10 output30
 2.675482e-11 1.053168e-10 7.568002e-11 2.077516e-10 _06568_
 7.960059e-11 5.219596e-11 7.568007e-11 2.074766e-10 _08080_
 2.131093e-11 1.100507e-10 7.568007e-11 2.070417e-10 _07976_
 1.098477e-18 3.755940e-18 2.056738e-10 2.056738e-10 fanout576
 1.153162e-18 3.907818e-18 2.056738e-10 2.056738e-10 fanout577
 1.188414e-18 4.619525e-18 2.056738e-10 2.056738e-10 fanout585
 1.163993e-18 4.105625e-18 2.056738e-10 2.056738e-10 fanout586
 1.170951e-18 3.685815e-18 2.056738e-10 2.056738e-10 fanout599
 1.894806e-11 1.082525e-10 7.568000e-11 2.028805e-10 _06787_
 1.849462e-11 7.972942e-11 1.029899e-10 2.012139e-10 _06585_
 3.156365e-11 9.330219e-11 7.568002e-11 2.005459e-10 _07149_
 1.615674e-11 8.007483e-11 1.029899e-10 1.992214e-10 _06586_
 1.739584e-11 1.053082e-10 7.649500e-11 1.991991e-10 _11841_
 3.127524e-11 9.067194e-11 7.649498e-11 1.984422e-10 _12280_
 3.949549e-11 7.998030e-11 7.568007e-11 1.951559e-10 _09961_
 1.107203e-11 5.637842e-11 1.270300e-10 1.944804e-10 _06738_
 2.085126e-11 9.685867e-11 7.649493e-11 1.942049e-10 _06691_
 2.597291e-11 8.855210e-11 7.649494e-11 1.910199e-10 _06633_
 1.667582e-11 9.785844e-11 7.568002e-11 1.902143e-10 _06723_
 2.712316e-11 8.698046e-11 7.568002e-11 1.897836e-10 _06695_
 5.139846e-11 6.140293e-11 7.649500e-11 1.892964e-10 _11222_
 3.332083e-11 7.898536e-11 7.649494e-11 1.888011e-10 _06516_
 5.506096e-11 5.716700e-11 7.649492e-11 1.887229e-10 _06722_
 4.037078e-11 7.205159e-11 7.568000e-11 1.881024e-10 _06526_
 4.264121e-11 6.864576e-11 7.649498e-11 1.877820e-10 _12227_
 2.107808e-11 3.882552e-11 1.276900e-10 1.875936e-10 fanout72
 3.437789e-11 7.732221e-11 7.568000e-11 1.873801e-10 _11386_
 2.084884e-11 8.887362e-11 7.649492e-11 1.862174e-10 _06671_
 2.453314e-11 8.515799e-11 7.568002e-11 1.853712e-10 _06666_
 2.086052e-11 8.767811e-11 7.649494e-11 1.850336e-10 _06647_
 2.763576e-11 8.154914e-11 7.568000e-11 1.848649e-10 _06556_
 3.760156e-11 7.095125e-11 7.568001e-11 1.842328e-10 _06720_
 3.941649e-11 6.716457e-11 7.568006e-11 1.822611e-10 _09204_
 4.375230e-11 6.282540e-11 7.568007e-11 1.822578e-10 _09974_
 1.138173e-18 3.339699e-18 1.814462e-10 1.814462e-10 fanout601
 1.158894e-18 4.762846e-18 1.814462e-10 1.814462e-10 fanout620
 9.143200e-19 5.314396e-18 1.814462e-10 1.814462e-10 input9
 2.778992e-11 7.748471e-11 7.568001e-11 1.809546e-10 _06535_
 5.772035e-11 4.550806e-11 7.649498e-11 1.797234e-10 _12632_
 3.504906e-11 6.829397e-11 7.568007e-11 1.790231e-10 _10728_
 2.633079e-11 7.591645e-11 7.568000e-11 1.779273e-10 _06704_
 3.174368e-11 6.959100e-11 7.649500e-11 1.778297e-10 _10546_
 3.391907e-11 6.690495e-11 7.649494e-11 1.773190e-10 _06512_
 1.460772e-11 8.036530e-11 7.568000e-11 1.706530e-10 _06645_
 4.083219e-11 5.201232e-11 7.568007e-11 1.685246e-10 _10119_
 1.487159e-11 7.690739e-11 7.568002e-11 1.674590e-10 _06621_
 1.861428e-11 7.249141e-11 7.568001e-11 1.667857e-10 _08893_
 4.058615e-11 5.000157e-11 7.568002e-11 1.662677e-10 _06514_
 2.119220e-11 6.807624e-11 7.649493e-11 1.657634e-10 _06619_
 1.541259e-11 7.306053e-11 7.649500e-11 1.649681e-10 _09029_
 2.149681e-11 6.679614e-11 7.649492e-11 1.647879e-10 _06708_
 3.416159e-11 5.372293e-11 7.649494e-11 1.643795e-10 _06513_
 3.624750e-11 5.157583e-11 7.649494e-11 1.643183e-10 _06518_
 3.558788e-11 5.168466e-11 7.649494e-11 1.637675e-10 _06525_
 2.145972e-11 6.422068e-11 7.649494e-11 1.621753e-10 _06595_
 3.442664e-11 5.116103e-11 7.649493e-11 1.620826e-10 _06571_
 1.203068e-11 6.748463e-11 7.649495e-11 1.560103e-10 _06614_
 1.680799e-11 6.023212e-11 7.649499e-11 1.535351e-10 _07984_
 3.475618e-11 4.216770e-11 7.649500e-11 1.534189e-10 _11867_
 2.882464e-11 4.727063e-11 7.568000e-11 1.517753e-10 _06515_
 2.196610e-11 5.281395e-11 7.649492e-11 1.512750e-10 _06672_
 1.955019e-11 5.604227e-11 7.568002e-11 1.512725e-10 _06657_
 4.160805e-11 3.379641e-11 7.568006e-11 1.510845e-10 _07319_
 2.118545e-11 5.323036e-11 7.649494e-11 1.509108e-10 _06668_
 2.882441e-11 4.577659e-11 7.568002e-11 1.502810e-10 _06524_
 1.216602e-11 3.571290e-11 1.013550e-10 1.492339e-10 _10267_
 2.848713e-11 4.505959e-11 7.568000e-11 1.492267e-10 _06521_
 5.540454e-12 4.181028e-11 1.013550e-10 1.487057e-10 _06739_
 5.218654e-12 4.193263e-11 1.013550e-10 1.485063e-10 _06753_
 1.530913e-11 5.552698e-11 7.649495e-11 1.473311e-10 _06638_
 3.029160e-11 4.128466e-11 7.568000e-11 1.472563e-10 _12068_
 1.323878e-11 5.678975e-11 7.649495e-11 1.465235e-10 _06611_
 1.366986e-11 5.620506e-11 7.649494e-11 1.463699e-10 _06601_
 1.357483e-11 5.567452e-11 7.649495e-11 1.457443e-10 _06664_
 6.084826e-12 3.748397e-11 1.013550e-10 1.449238e-10 _06746_
 2.843599e-11 4.028189e-11 7.568000e-11 1.443979e-10 _06707_
 2.798036e-11 4.068678e-11 7.568001e-11 1.443471e-10 _06520_
 5.185136e-12 3.758998e-11 1.013550e-10 1.441301e-10 _06702_
 9.339113e-12 5.804498e-11 7.649495e-11 1.438790e-10 _06616_
 2.794310e-11 3.997579e-11 7.568002e-11 1.435989e-10 _06523_
 2.920923e-11 3.861206e-11 7.568001e-11 1.435013e-10 _06517_
 7.903955e-12 3.423524e-11 1.013550e-10 1.434942e-10 _06729_
 8.069710e-12 3.378570e-11 1.013550e-10 1.432104e-10 _06689_
 6.265938e-12 3.550888e-11 1.013550e-10 1.431298e-10 _06697_
 5.165408e-12 3.645986e-11 1.013550e-10 1.429803e-10 _06749_
 2.922656e-11 3.773809e-11 7.568002e-11 1.426447e-10 _06597_
 9.077368e-12 5.689341e-11 7.649495e-11 1.424657e-10 _06662_
 2.897580e-11 3.682823e-11 7.568002e-11 1.414841e-10 _06786_
 2.803105e-11 3.732155e-11 7.568000e-11 1.410326e-10 _06522_
 7.191729e-12 3.120060e-11 1.013550e-10 1.397473e-10 _06684_
 1.078394e-11 5.242772e-11 7.649494e-11 1.397066e-10 _06600_
 7.813370e-12 2.990497e-11 1.013550e-10 1.390733e-10 _06575_
 6.315139e-12 3.126264e-11 1.013550e-10 1.389328e-10 _06744_
 2.190124e-11 4.027446e-11 7.649494e-11 1.386706e-10 _06573_
 1.570078e-11 4.694877e-11 7.568000e-11 1.383296e-10 _06559_
 7.366409e-12 2.828749e-11 1.013550e-10 1.370089e-10 _06538_
 3.614551e-11 2.418339e-11 7.649499e-11 1.368239e-10 _12819_
 8.802893e-12 5.044333e-11 7.649494e-11 1.357412e-10 _06604_
 8.402668e-12 2.578263e-11 1.013550e-10 1.355403e-10 _06527_
 8.798354e-12 4.971258e-11 7.649495e-11 1.350059e-10 _06587_
 2.975509e-11 2.736176e-11 7.649498e-11 1.336118e-10 _07413_
 2.207173e-11 3.426234e-11 7.568000e-11 1.320141e-10 _08212_
 1.598135e-11 3.941357e-11 7.649495e-11 1.318899e-10 _06612_
 9.106274e-12 4.622537e-11 7.649495e-11 1.318266e-10 _06678_
 8.831103e-12 4.637095e-11 7.649495e-11 1.316970e-10 _06588_
 6.354655e-19 1.503329e-18 1.305749e-10 1.305749e-10 fanout633
 6.369991e-19 2.201240e-18 1.305749e-10 1.305749e-10 fanout642
 2.292339e-11 2.864322e-11 7.649500e-11 1.280616e-10 _09051_
 6.400493e-19 1.528246e-18 1.276902e-10 1.276902e-10 fanout587
 6.118853e-19 1.497940e-18 1.276902e-10 1.276902e-10 fanout592
 5.948536e-19 1.648684e-18 1.276902e-10 1.276902e-10 fanout596
 5.959211e-19 1.558706e-18 1.276902e-10 1.276902e-10 fanout597
 8.975235e-12 3.969126e-11 7.649495e-11 1.251615e-10 _06589_
 9.105984e-12 3.880582e-11 7.649495e-11 1.244067e-10 _06676_
 1.194602e-11 3.470940e-11 7.649495e-11 1.231504e-10 _07724_
 1.913953e-11 2.708191e-11 7.649497e-11 1.227164e-10 _10541_
 1.018956e-11 7.778953e-12 1.040800e-10 1.220485e-10 _13578_
 9.620286e-12 8.269576e-12 1.040800e-10 1.219699e-10 _13593_
 1.019410e-11 7.540621e-12 1.040800e-10 1.218147e-10 _13583_
 9.336970e-12 3.534843e-11 7.649495e-11 1.211803e-10 _06615_
 9.633577e-12 7.369524e-12 1.040800e-10 1.210831e-10 _13588_
 9.636205e-12 7.190412e-12 1.040800e-10 1.209066e-10 _13592_
 2.207956e-11 2.227165e-11 7.649500e-11 1.208462e-10 _10079_
 9.637671e-12 7.091130e-12 1.040800e-10 1.208088e-10 _13589_
 1.022066e-11 6.390003e-12 1.040800e-10 1.206907e-10 _13581_
 1.023876e-11 5.989360e-12 1.040800e-10 1.203081e-10 _13579_
 1.024041e-11 5.953301e-12 1.040800e-10 1.202737e-10 _13585_
 1.024450e-11 5.862714e-12 1.040800e-10 1.201872e-10 _13582_
 1.024813e-11 5.782013e-12 1.040800e-10 1.201101e-10 _13580_
 9.659115e-12 6.228552e-12 1.040800e-10 1.199677e-10 _13586_
 1.028057e-11 5.063503e-12 1.040800e-10 1.194241e-10 _13584_
 9.685520e-12 5.561693e-12 1.040800e-10 1.193272e-10 _13587_
 9.712323e-12 4.884051e-12 1.040800e-10 1.186764e-10 _13591_
 9.721716e-12 4.648223e-12 1.040800e-10 1.184499e-10 _13590_
 2.234764e-11 2.012032e-11 7.568000e-11 1.181479e-10 _07165_
 1.214984e-11 2.911193e-11 7.649495e-11 1.177567e-10 _06592_
 1.721787e-11 2.354175e-11 7.649495e-11 1.172546e-10 _07576_
 9.192555e-12 3.060079e-11 7.649495e-11 1.162883e-10 _06663_
 9.027968e-12 2.960118e-11 7.649496e-11 1.151241e-10 _06779_
 9.114759e-12 2.912219e-11 7.649495e-11 1.147319e-10 _06677_
 1.331999e-11 1.652629e-11 7.649495e-11 1.063412e-10 _06582_
 1.462756e-11 1.601642e-11 7.568005e-11 1.063240e-10 _07335_
 1.803464e-11 1.152971e-11 7.568005e-11 1.052444e-10 _07317_
 1.507165e-11 1.364114e-11 7.568005e-11 1.043928e-10 _09153_
 6.316609e-19 8.407459e-19 1.040800e-10 1.040800e-10 input10
 1.262185e-18 2.561351e-18 1.040800e-10 1.040800e-10 input4
 6.311722e-19 1.730230e-18 1.040800e-10 1.040800e-10 input6
 6.311038e-19 1.246401e-18 1.040799e-10 1.040799e-10 input1
 1.263843e-18 1.362667e-18 1.040799e-10 1.040799e-10 input5
 1.827593e-11 8.642524e-12 7.568006e-11 1.025985e-10 _08844_
 3.155384e-19 6.170813e-19 1.020202e-10 1.020202e-10 input7
 9.466829e-19 2.272520e-18 1.020202e-10 1.020202e-10 input3
 9.466259e-19 1.816010e-18 1.020202e-10 1.020202e-10 input2
 1.281459e-11 1.237061e-11 7.649495e-11 1.016802e-10 _06631_
 3.196729e-19 2.825612e-18 1.013551e-10 1.013551e-10 _06790_
 9.280974e-12 1.543239e-11 7.649493e-11 1.012083e-10 _06519_
 4.661133e-12 1.931589e-11 7.568000e-11 9.965702e-11 _06576_
 2.976155e-12 2.080091e-11 7.568000e-11 9.945707e-11 _06625_
 3.779664e-12 1.874914e-11 7.649500e-11 9.902381e-11 _08413_
 4.672188e-12 1.839976e-11 7.568000e-11 9.875194e-11 _06528_
 5.285564e-12 1.764115e-11 7.568000e-11 9.860671e-11 _06743_
 3.495745e-12 1.770541e-11 7.649500e-11 9.769616e-11 _08254_
 2.979909e-12 1.868983e-11 7.568000e-11 9.734974e-11 _06687_
 4.065450e-12 1.740177e-11 7.568000e-11 9.714721e-11 _06740_
 2.915371e-12 1.832756e-11 7.568000e-11 9.692293e-11 _06737_
 4.034930e-12 1.716001e-11 7.568000e-11 9.687494e-11 _06540_
 3.713046e-12 1.710684e-11 7.568000e-11 9.649989e-11 _06748_
 3.098603e-12 1.728931e-11 7.568000e-11 9.606790e-11 _06686_
 3.025529e-12 1.724503e-11 7.568000e-11 9.595055e-11 _06734_
 3.068243e-12 1.670390e-11 7.568000e-11 9.545214e-11 _06529_
 2.957327e-12 1.646997e-11 7.568000e-11 9.510730e-11 _06745_
 3.044387e-12 1.577204e-11 7.568000e-11 9.449642e-11 _06730_
 3.069536e-12 1.514799e-11 7.568000e-11 9.389751e-11 _06627_
 4.627324e-12 1.353474e-11 7.568000e-11 9.384206e-11 _06776_
 4.339971e-12 1.290559e-11 7.649500e-11 9.374056e-11 _07500_
 2.992296e-12 1.458397e-11 7.568000e-11 9.325626e-11 _06761_
 4.057584e-12 1.346718e-11 7.568000e-11 9.320476e-11 _06766_
 3.382196e-12 1.286177e-11 7.649500e-11 9.273897e-11 _08289_
 2.958515e-12 1.403956e-11 7.568000e-11 9.267807e-11 _06754_
 3.191692e-12 1.290031e-11 7.649500e-11 9.258701e-11 _07218_
 4.275531e-12 1.173524e-11 7.649500e-11 9.250577e-11 _08302_
 2.977833e-12 1.380513e-11 7.568000e-11 9.246296e-11 _06757_
 3.026848e-12 1.371536e-11 7.568000e-11 9.242221e-11 _06755_
 3.781278e-12 1.180126e-11 7.649500e-11 9.207755e-11 _07595_
 2.967548e-12 1.342165e-11 7.568000e-11 9.206920e-11 _06764_
 3.749042e-12 1.259484e-11 7.568000e-11 9.202387e-11 _06628_
 3.572589e-12 1.268707e-11 7.568000e-11 9.193966e-11 _06541_
 3.114764e-12 1.227675e-11 7.649500e-11 9.188653e-11 _07894_
 3.188978e-12 1.286894e-11 7.568000e-11 9.173792e-11 _06726_
 3.665847e-12 1.231272e-11 7.568000e-11 9.165857e-11 _06765_
 2.950204e-12 1.302754e-11 7.568000e-11 9.165774e-11 _06758_
 3.000612e-12 1.289812e-11 7.568000e-11 9.157872e-11 _07740_
 3.391284e-12 1.150430e-11 7.649500e-11 9.139059e-11 _08163_
 3.769386e-12 1.191523e-11 7.568000e-11 9.136462e-11 _06578_
 3.129124e-12 1.226525e-11 7.568000e-11 9.107437e-11 _06750_
 4.507491e-12 1.074668e-11 7.568000e-11 9.093416e-11 _06742_
 3.041116e-12 1.192133e-11 7.568000e-11 9.064244e-11 _06699_
 3.314136e-12 1.157811e-11 7.568000e-11 9.057224e-11 _06760_
 3.657058e-12 1.108802e-11 7.568000e-11 9.042508e-11 _06626_
 3.375964e-12 1.032542e-11 7.649500e-11 9.019639e-11 _08233_
 3.140044e-12 1.132571e-11 7.568000e-11 9.014575e-11 _06775_
 3.087767e-12 1.124010e-11 7.568000e-11 9.000786e-11 _07591_
 3.299812e-12 1.074444e-11 7.568000e-11 8.972425e-11 _07891_
 3.078355e-12 1.085776e-11 7.568000e-11 8.961612e-11 _06759_
 3.163635e-12 1.071890e-11 7.568000e-11 8.956254e-11 _06756_
 8.860427e-12 4.924561e-12 7.568000e-11 8.946498e-11 _11294_
 3.016546e-12 1.060217e-11 7.568000e-11 8.929871e-11 _08108_
 3.004651e-12 1.054671e-11 7.568000e-11 8.923136e-11 _06771_
 3.668990e-12 9.026497e-12 7.649500e-11 8.919050e-11 _08665_
 2.962235e-12 1.053315e-11 7.568000e-11 8.917538e-11 _07721_
 3.057555e-12 1.013564e-11 7.568000e-11 8.887319e-11 _06700_
 3.105124e-12 9.723960e-12 7.568000e-11 8.850908e-11 _08178_
 4.329743e-12 8.475168e-12 7.568000e-11 8.848491e-11 _07097_
 3.088495e-12 9.587183e-12 7.568000e-11 8.835568e-11 _06531_
 4.370250e-12 8.171987e-12 7.568000e-11 8.822224e-11 _07477_
 3.130216e-12 9.238396e-12 7.568000e-11 8.804861e-11 _06732_
 4.293449e-12 7.945323e-12 7.568000e-11 8.791877e-11 _07928_
 3.144932e-12 9.092388e-12 7.568000e-11 8.791732e-11 _06774_
 4.445721e-12 7.753311e-12 7.568000e-11 8.787903e-11 _08142_
 4.546485e-12 7.551538e-12 7.568000e-11 8.777802e-11 _06727_
 4.770166e-12 7.247295e-12 7.568000e-11 8.769746e-11 _07850_
 3.131173e-12 8.813347e-12 7.568000e-11 8.762452e-11 _06770_
 3.341896e-12 8.549872e-12 7.568000e-11 8.757176e-11 _06751_
 3.089804e-12 8.777638e-12 7.568000e-11 8.754744e-11 _06763_
 3.592600e-12 7.124324e-12 7.649500e-11 8.721193e-11 _09805_
 3.081912e-12 8.375821e-12 7.568000e-11 8.713773e-11 _06773_
 3.499289e-12 7.911291e-12 7.568000e-11 8.709058e-11 _07742_
 4.333108e-12 6.222618e-12 7.649500e-11 8.705073e-11 _08032_
 3.203594e-12 6.605972e-12 7.649500e-11 8.630457e-11 _08383_
 6.221150e-12 4.159864e-12 7.568000e-11 8.606101e-11 _08469_
 3.052238e-12 7.321138e-12 7.568000e-11 8.605337e-11 _07189_
 5.017369e-12 5.303489e-12 7.568000e-11 8.600085e-11 _06735_
 4.903491e-12 4.398443e-12 7.649500e-11 8.579694e-11 _08089_
 4.486622e-12 5.115444e-12 7.568000e-11 8.528206e-11 _07307_
 4.470875e-12 5.084513e-12 7.568000e-11 8.523539e-11 _07239_
 4.333942e-12 5.090030e-12 7.568000e-11 8.510397e-11 _07998_
 4.181116e-12 5.187131e-12 7.568000e-11 8.504825e-11 _07553_
 2.968531e-12 6.120672e-12 7.568000e-11 8.476920e-11 _06769_
 3.061967e-12 5.992387e-12 7.568000e-11 8.473435e-11 _06767_
 3.751448e-12 4.318015e-12 7.649500e-11 8.456447e-11 _10410_
 3.651080e-12 4.321496e-12 7.649500e-11 8.446758e-11 _07183_
 4.539614e-12 4.200272e-12 7.568000e-11 8.441988e-11 _07400_
 5.092828e-12 3.605039e-12 7.568000e-11 8.437787e-11 _07796_
 3.792802e-12 4.046798e-12 7.649500e-11 8.433461e-11 _11011_
 4.796480e-12 3.826014e-12 7.568000e-11 8.430249e-11 _08069_
 4.219619e-12 4.301367e-12 7.568000e-11 8.420098e-11 _07629_
 4.360783e-12 4.147983e-12 7.568000e-11 8.418876e-11 _07748_
 4.219560e-12 4.252458e-12 7.568000e-11 8.415202e-11 _06762_
 4.419062e-12 3.826014e-12 7.568000e-11 8.392508e-11 _07670_
 5.302727e-12 2.693589e-12 7.568000e-11 8.367632e-11 _07717_
 3.137382e-12 4.489271e-12 7.568000e-11 8.330665e-11 _06728_
 3.089752e-12 4.400849e-12 7.568000e-11 8.317060e-11 _06772_
 3.172392e-12 3.818722e-12 7.568000e-11 8.267111e-11 _06768_
 2.253362e-18 8.595752e-18 7.568001e-11 7.568002e-11 _06789_
