     Internal    Switching      Leakage        Total
        Power        Power        Power        Power (Watts)
----------------------------------------------------
 1.708054e-06 7.295345e-06 8.415385e-11 9.003484e-06 clkbuf_0_core_clk
 8.253181e-07 4.024927e-06 4.548009e-11 4.850291e-06 clkbuf_4_13_0_core_clk
 8.243180e-07 3.841098e-06 4.548009e-11 4.665461e-06 clkbuf_4_8_0_core_clk
 8.234339e-07 3.723970e-06 4.548009e-11 4.547449e-06 clkbuf_4_10_0_core_clk
 8.233901e-07 3.718788e-06 4.548009e-11 4.542223e-06 clkbuf_4_15_0_core_clk
 8.228261e-07 3.644028e-06 4.548009e-11 4.466900e-06 clkbuf_4_14_0_core_clk
 8.223187e-07 3.576141e-06 4.548009e-11 4.398505e-06 clkbuf_4_11_0_core_clk
 8.217147e-07 3.496232e-06 4.548009e-11 4.317993e-06 clkbuf_4_2_0_core_clk
 8.210220e-07 3.404908e-06 4.548009e-11 4.225975e-06 clkbuf_4_7_0_core_clk
 8.205072e-07 3.337022e-06 4.548009e-11 4.157575e-06 clkbuf_4_4_0_core_clk
 8.197315e-07 3.233699e-06 4.548009e-11 4.053476e-06 clkbuf_4_12_0_core_clk
 8.188689e-07 3.119525e-06 4.548009e-11 3.938439e-06 clkbuf_4_1_0_core_clk
 8.187747e-07 3.107346e-06 4.548009e-11 3.926166e-06 clkbuf_4_5_0_core_clk
 8.182767e-07 3.040323e-06 4.548009e-11 3.858645e-06 clkbuf_4_9_0_core_clk
 8.172148e-07 2.900261e-06 4.548009e-11 3.717522e-06 clkbuf_4_6_0_core_clk
 8.164633e-07 2.800441e-06 4.548009e-11 3.616950e-06 clkbuf_4_3_0_core_clk
 8.156593e-07 2.694067e-06 4.548009e-11 3.509772e-06 clkbuf_4_0_0_core_clk
 1.713321e-06 7.053140e-07 8.422650e-11 2.418719e-06 clkbuf_0_clk
 1.676161e-06 1.740766e-07 8.422650e-11 1.850322e-06 clkbuf_1_1__f_clk
 1.674420e-06 1.354154e-07 8.422650e-11 1.809919e-06 clkbuf_1_0__f_clk
 7.962869e-07 9.814930e-07 4.548009e-11 1.777825e-06 clkbuf_leaf_65_core_clk
 7.962730e-07 9.804702e-07 4.548009e-11 1.776789e-06 clkbuf_leaf_61_core_clk
 7.937312e-07 8.004922e-07 4.548009e-11 1.594269e-06 clkbuf_leaf_63_core_clk
 7.931211e-07 7.705782e-07 4.548009e-11 1.563745e-06 clkbuf_leaf_68_core_clk
 7.923335e-07 7.201799e-07 4.548009e-11 1.512559e-06 clkbuf_leaf_72_core_clk
 7.912819e-07 6.805934e-07 4.548009e-11 1.471921e-06 clkbuf_leaf_57_core_clk
 7.933707e-07 6.556846e-07 4.548009e-11 1.449101e-06 clkbuf_leaf_39_core_clk
 7.932961e-07 6.523954e-07 4.548009e-11 1.445737e-06 clkbuf_leaf_6_core_clk
 7.908072e-07 6.461657e-07 4.548009e-11 1.437018e-06 clkbuf_leaf_71_core_clk
 7.916901e-07 6.421637e-07 4.548009e-11 1.433899e-06 clkbuf_leaf_7_core_clk
 7.904089e-07 6.378694e-07 4.548009e-11 1.428324e-06 clkbuf_leaf_64_core_clk
 7.925850e-07 6.209556e-07 4.548009e-11 1.413586e-06 clkbuf_leaf_38_core_clk
 7.900709e-07 6.212891e-07 4.548009e-11 1.411405e-06 clkbuf_leaf_66_core_clk
 7.893632e-07 6.176012e-07 4.548009e-11 1.407010e-06 clkbuf_leaf_46_core_clk
 7.903728e-07 6.032091e-07 4.548009e-11 1.393627e-06 clkbuf_leaf_131_core_clk
 7.898176e-07 5.981873e-07 4.548009e-11 1.388050e-06 clkbuf_leaf_73_core_clk
 7.897355e-07 5.942525e-07 4.548009e-11 1.384034e-06 clkbuf_leaf_78_core_clk
 7.894645e-07 5.916351e-07 4.548009e-11 1.381145e-06 clkbuf_leaf_58_core_clk
 7.886489e-07 5.811069e-07 4.548009e-11 1.369801e-06 clkbuf_leaf_44_core_clk
 7.897732e-07 5.747054e-07 4.548009e-11 1.364524e-06 clkbuf_leaf_132_core_clk
 7.891007e-07 5.737829e-07 4.548009e-11 1.362929e-06 clkbuf_leaf_67_core_clk
 7.914156e-07 5.692646e-07 4.548009e-11 1.360726e-06 clkbuf_leaf_37_core_clk
 7.883135e-07 5.639768e-07 4.548009e-11 1.352336e-06 clkbuf_leaf_40_core_clk
 7.916393e-07 5.525025e-07 4.548009e-11 1.344187e-06 clkbuf_leaf_149_core_clk
 7.886954e-07 5.540028e-07 4.548009e-11 1.342744e-06 clkbuf_leaf_60_core_clk
 7.886727e-07 5.528806e-07 4.548009e-11 1.341599e-06 clkbuf_leaf_62_core_clk
 7.904333e-07 5.436939e-07 4.548009e-11 1.334173e-06 clkbuf_leaf_127_core_clk
 7.885058e-07 5.446831e-07 4.548009e-11 1.333234e-06 clkbuf_leaf_54_core_clk
 7.879370e-07 5.447422e-07 4.548009e-11 1.332725e-06 clkbuf_leaf_51_core_clk
 7.879266e-07 5.442133e-07 4.548009e-11 1.332185e-06 clkbuf_leaf_50_core_clk
 7.890669e-07 5.411144e-07 4.548009e-11 1.330227e-06 clkbuf_leaf_134_core_clk
 7.883756e-07 5.382684e-07 4.548009e-11 1.326689e-06 clkbuf_leaf_69_core_clk
 7.905967e-07 5.330627e-07 4.548009e-11 1.323705e-06 clkbuf_leaf_34_core_clk
 7.893620e-07 5.336224e-07 4.548009e-11 1.323030e-06 clkbuf_leaf_8_core_clk
 7.882528e-07 5.323347e-07 4.548009e-11 1.320633e-06 clkbuf_leaf_59_core_clk
 7.904175e-07 5.251418e-07 4.548009e-11 1.315605e-06 clkbuf_leaf_36_core_clk
 7.883201e-07 5.256264e-07 4.548009e-11 1.313992e-06 clkbuf_leaf_79_core_clk
 7.891517e-07 5.238150e-07 4.548009e-11 1.313012e-06 clkbuf_leaf_9_core_clk
 7.882658e-07 5.229437e-07 4.548009e-11 1.311255e-06 clkbuf_leaf_82_core_clk
 7.890594e-07 5.195066e-07 4.548009e-11 1.308611e-06 clkbuf_leaf_16_core_clk
 7.874607e-07 5.204082e-07 4.548009e-11 1.307914e-06 clkbuf_leaf_52_core_clk
 7.898570e-07 5.177873e-07 4.548009e-11 1.307690e-06 clkbuf_leaf_89_core_clk
 7.897454e-07 5.127677e-07 4.548009e-11 1.302559e-06 clkbuf_leaf_88_core_clk
 7.880686e-07 5.133949e-07 4.548009e-11 1.301509e-06 clkbuf_leaf_76_core_clk
 7.879794e-07 5.090659e-07 4.548009e-11 1.297091e-06 clkbuf_leaf_74_core_clk
 7.878926e-07 5.049025e-07 4.548009e-11 1.292841e-06 clkbuf_leaf_80_core_clk
 7.887427e-07 4.914661e-07 4.548009e-11 1.280254e-06 clkbuf_leaf_84_core_clk
 7.884007e-07 4.887942e-07 4.548009e-11 1.277240e-06 clkbuf_leaf_10_core_clk
 7.879676e-07 4.888007e-07 4.548009e-11 1.276814e-06 clkbuf_leaf_133_core_clk
 7.879382e-07 4.874520e-07 4.548009e-11 1.275436e-06 clkbuf_leaf_138_core_clk
 7.875158e-07 4.865694e-07 4.548009e-11 1.274131e-06 clkbuf_leaf_75_core_clk
 7.869166e-07 4.817971e-07 4.548009e-11 1.268759e-06 clkbuf_leaf_115_core_clk
 7.866968e-07 4.813918e-07 4.548009e-11 1.268134e-06 clkbuf_leaf_49_core_clk
 7.877543e-07 4.787133e-07 4.548009e-11 1.266513e-06 clkbuf_leaf_140_core_clk
 7.887875e-07 4.697092e-07 4.548009e-11 1.258542e-06 clkbuf_leaf_128_core_clk
 7.863906e-07 4.657365e-07 4.548009e-11 1.252173e-06 clkbuf_leaf_45_core_clk
 7.867751e-07 4.610206e-07 4.548009e-11 1.247841e-06 clkbuf_leaf_106_core_clk
 7.879145e-07 4.533451e-07 4.548009e-11 1.241305e-06 clkbuf_leaf_42_core_clk
 7.863698e-07 4.545809e-07 4.548009e-11 1.240996e-06 clkbuf_leaf_119_core_clk
 7.866312e-07 4.539808e-07 4.548009e-11 1.240658e-06 clkbuf_leaf_109_core_clk
 7.866378e-07 4.532573e-07 4.548009e-11 1.239941e-06 clkbuf_leaf_55_core_clk
 7.861258e-07 4.522118e-07 4.548009e-11 1.238383e-06 clkbuf_leaf_48_core_clk
 7.860817e-07 4.499562e-07 4.548009e-11 1.236083e-06 clkbuf_leaf_53_core_clk
 7.865112e-07 4.470609e-07 4.548009e-11 1.233618e-06 clkbuf_leaf_56_core_clk
 7.877103e-07 4.439543e-07 4.548009e-11 1.231710e-06 clkbuf_leaf_70_core_clk
 7.881128e-07 4.393786e-07 4.548009e-11 1.227537e-06 clkbuf_leaf_129_core_clk
 7.877911e-07 4.325950e-07 4.548009e-11 1.220432e-06 clkbuf_leaf_19_core_clk
 7.864009e-07 4.325429e-07 4.548009e-11 1.218989e-06 clkbuf_leaf_77_core_clk
 7.882514e-07 4.293907e-07 4.548009e-11 1.217688e-06 clkbuf_leaf_33_core_clk
 7.864103e-07 4.246670e-07 4.548009e-11 1.211123e-06 clkbuf_leaf_103_core_clk
 7.872476e-07 4.226588e-07 4.548009e-11 1.209952e-06 clkbuf_leaf_86_core_clk
 7.876948e-07 4.205847e-07 4.548009e-11 1.208325e-06 clkbuf_leaf_90_core_clk
 7.875801e-07 4.154322e-07 4.548009e-11 1.203058e-06 clkbuf_leaf_87_core_clk
 7.873703e-07 4.148061e-07 4.548009e-11 1.202222e-06 clkbuf_leaf_1_core_clk
 7.870738e-07 4.146494e-07 4.548009e-11 1.201769e-06 clkbuf_leaf_43_core_clk
 7.855204e-07 4.123048e-07 4.548009e-11 1.197871e-06 clkbuf_leaf_118_core_clk
 7.866518e-07 4.072486e-07 4.548009e-11 1.193946e-06 clkbuf_leaf_12_core_clk
 7.862483e-07 4.070482e-07 4.548009e-11 1.193342e-06 clkbuf_leaf_136_core_clk
 7.854115e-07 4.068639e-07 4.548009e-11 1.192321e-06 clkbuf_leaf_126_core_clk
 7.881686e-07 4.027812e-07 4.548009e-11 1.190995e-06 clkbuf_leaf_150_core_clk
 7.853027e-07 4.014572e-07 4.548009e-11 1.186805e-06 clkbuf_leaf_124_core_clk
 7.869881e-07 3.974619e-07 4.548009e-11 1.184495e-06 clkbuf_leaf_4_core_clk
 7.858577e-07 3.981064e-07 4.548009e-11 1.184010e-06 clkbuf_leaf_92_core_clk
 7.869964e-07 3.965856e-07 4.548009e-11 1.183627e-06 clkbuf_leaf_18_core_clk
 7.864276e-07 3.967958e-07 4.548009e-11 1.183269e-06 clkbuf_leaf_13_core_clk
 7.879732e-07 3.943547e-07 4.548009e-11 1.182373e-06 clkbuf_leaf_147_core_clk
 7.860212e-07 3.962544e-07 4.548009e-11 1.182321e-06 clkbuf_leaf_137_core_clk
 7.858187e-07 3.962349e-07 4.548009e-11 1.182099e-06 clkbuf_leaf_99_core_clk
 7.879138e-07 3.917889e-07 4.548009e-11 1.179748e-06 clkbuf_leaf_151_core_clk
 7.878672e-07 3.897776e-07 4.548009e-11 1.177690e-06 clkbuf_leaf_145_core_clk
 7.850392e-07 3.883337e-07 4.548009e-11 1.173418e-06 clkbuf_leaf_125_core_clk
 7.860604e-07 3.871984e-07 4.548009e-11 1.173304e-06 clkbuf_leaf_24_core_clk
 7.856122e-07 3.863112e-07 4.548009e-11 1.171969e-06 clkbuf_leaf_91_core_clk
 7.874686e-07 3.838805e-07 4.548009e-11 1.171395e-06 clkbuf_leaf_142_core_clk
 7.851436e-07 3.811108e-07 4.548009e-11 1.166300e-06 clkbuf_leaf_114_core_clk
 7.859071e-07 3.725335e-07 4.548009e-11 1.158486e-06 clkbuf_leaf_11_core_clk
 7.847344e-07 3.731721e-07 4.548009e-11 1.157952e-06 clkbuf_leaf_117_core_clk
 7.852263e-07 3.677620e-07 4.548009e-11 1.153034e-06 clkbuf_leaf_98_core_clk
 7.851636e-07 3.647508e-07 4.548009e-11 1.149960e-06 clkbuf_leaf_94_core_clk
 7.862317e-07 3.631453e-07 4.548009e-11 1.149423e-06 clkbuf_leaf_0_core_clk
 7.846401e-07 3.564260e-07 4.548009e-11 1.141112e-06 clkbuf_leaf_112_core_clk
 7.849143e-07 3.527572e-07 4.548009e-11 1.137717e-06 clkbuf_leaf_96_core_clk
 7.845525e-07 3.521141e-07 4.548009e-11 1.136712e-06 clkbuf_leaf_108_core_clk
 7.859076e-07 3.484348e-07 4.548009e-11 1.134388e-06 clkbuf_leaf_3_core_clk
 7.858805e-07 3.472022e-07 4.548009e-11 1.133128e-06 clkbuf_leaf_2_core_clk
 7.841799e-07 3.455676e-07 4.548009e-11 1.129793e-06 clkbuf_leaf_116_core_clk
 7.843958e-07 3.444186e-07 4.548009e-11 1.128860e-06 clkbuf_leaf_102_core_clk
 7.841574e-07 3.444466e-07 4.548009e-11 1.128649e-06 clkbuf_leaf_123_core_clk
 7.841442e-07 3.437876e-07 4.548009e-11 1.127977e-06 clkbuf_leaf_122_core_clk
 7.841265e-07 3.429093e-07 4.548009e-11 1.127081e-06 clkbuf_leaf_120_core_clk
 7.840989e-07 3.415390e-07 4.548009e-11 1.125683e-06 clkbuf_leaf_105_core_clk
 7.866589e-07 3.376506e-07 4.548009e-11 1.124355e-06 clkbuf_leaf_146_core_clk
 7.853436e-07 3.350166e-07 4.548009e-11 1.120406e-06 clkbuf_leaf_83_core_clk
 7.852756e-07 3.318914e-07 4.548009e-11 1.117212e-06 clkbuf_leaf_41_core_clk
 7.848593e-07 3.307397e-07 4.548009e-11 1.115644e-06 clkbuf_leaf_28_core_clk
 7.841088e-07 3.303748e-07 4.548009e-11 1.114529e-06 clkbuf_leaf_110_core_clk
 7.838518e-07 3.292404e-07 4.548009e-11 1.113138e-06 clkbuf_leaf_121_core_clk
 7.853781e-07 3.232486e-07 4.548009e-11 1.108672e-06 clkbuf_leaf_17_core_clk
 7.843167e-07 3.240319e-07 4.548009e-11 1.108394e-06 clkbuf_leaf_101_core_clk
 7.860407e-07 3.215114e-07 4.548009e-11 1.107598e-06 clkbuf_leaf_5_core_clk
 7.842007e-07 3.184624e-07 4.548009e-11 1.102709e-06 clkbuf_leaf_93_core_clk
 7.850451e-07 3.092949e-07 4.548009e-11 1.094385e-06 clkbuf_leaf_152_core_clk
 7.848360e-07 2.986755e-07 4.548009e-11 1.083557e-06 clkbuf_leaf_14_core_clk
 7.853240e-07 2.902043e-07 4.548009e-11 1.075574e-06 clkbuf_leaf_143_core_clk
 7.838440e-07 2.829946e-07 4.548009e-11 1.066884e-06 clkbuf_leaf_25_core_clk
 7.831167e-07 2.817354e-07 4.548009e-11 1.064898e-06 clkbuf_leaf_104_core_clk
 7.850450e-07 2.780139e-07 4.548009e-11 1.063104e-06 clkbuf_leaf_141_core_clk
 7.837237e-07 2.773508e-07 4.548009e-11 1.061120e-06 clkbuf_leaf_31_core_clk
 7.843423e-07 2.763146e-07 4.548009e-11 1.060702e-06 clkbuf_leaf_20_core_clk
 7.833372e-07 2.769430e-07 4.548009e-11 1.060326e-06 clkbuf_leaf_97_core_clk
 7.835984e-07 2.714611e-07 4.548009e-11 1.055105e-06 clkbuf_leaf_26_core_clk
 7.839753e-07 2.596777e-07 4.548009e-11 1.043699e-06 clkbuf_leaf_22_core_clk
 7.833270e-07 2.587032e-07 4.548009e-11 1.042076e-06 clkbuf_leaf_23_core_clk
 7.826214e-07 2.575044e-07 4.548009e-11 1.040171e-06 clkbuf_leaf_111_core_clk
 7.838453e-07 2.537853e-07 4.548009e-11 1.037676e-06 clkbuf_leaf_15_core_clk
 7.832122e-07 2.532919e-07 4.548009e-11 1.036550e-06 clkbuf_leaf_30_core_clk
 7.831077e-07 2.483934e-07 4.548009e-11 1.031547e-06 clkbuf_leaf_29_core_clk
 7.837642e-07 2.220704e-07 4.548009e-11 1.005880e-06 clkbuf_leaf_139_core_clk
 7.820819e-07 2.001747e-07 4.548009e-11 9.823020e-07 clkbuf_leaf_27_core_clk
 5.973155e-07 0.000000e+00 6.044231e-11 5.973760e-07 clkload14
 5.938866e-07 0.000000e+00 6.044231e-11 5.939470e-07 clkload12
 3.869677e-07 0.000000e+00 2.500255e-11 3.869928e-07 clkload57
 3.869594e-07 0.000000e+00 2.500255e-11 3.869845e-07 clkload33
 3.868110e-07 0.000000e+00 2.500255e-11 3.868360e-07 clkload58
 3.867952e-07 0.000000e+00 2.500255e-11 3.868202e-07 clkload59
 3.867364e-07 0.000000e+00 2.500255e-11 3.867614e-07 clkload56
 3.865573e-07 0.000000e+00 2.500255e-11 3.865823e-07 clkload94
 3.865498e-07 0.000000e+00 2.500255e-11 3.865748e-07 clkload92
 3.865186e-07 0.000000e+00 2.500255e-11 3.865436e-07 clkload22
 3.865080e-07 0.000000e+00 2.500255e-11 3.865330e-07 clkload67
 3.864705e-07 0.000000e+00 2.500255e-11 3.864955e-07 clkload78
 3.864459e-07 0.000000e+00 2.500255e-11 3.864709e-07 clkload80
 3.863678e-07 0.000000e+00 2.500255e-11 3.863928e-07 clkload63
 3.863498e-07 0.000000e+00 2.500255e-11 3.863748e-07 clkload85
 3.863118e-07 0.000000e+00 2.500255e-11 3.863368e-07 clkload86
 3.862775e-07 0.000000e+00 2.500255e-11 3.863026e-07 clkload70
 3.862255e-07 0.000000e+00 2.500255e-11 3.862505e-07 clkload77
 3.861267e-07 0.000000e+00 2.500255e-11 3.861517e-07 clkload76
 3.861244e-07 0.000000e+00 2.500255e-11 3.861494e-07 clkload120
 3.860343e-07 0.000000e+00 2.500255e-11 3.860593e-07 clkload27
 3.858868e-07 0.000000e+00 2.500255e-11 3.859118e-07 clkload123
 3.858690e-07 0.000000e+00 2.500255e-11 3.858940e-07 clkload133
 3.858218e-07 0.000000e+00 2.500255e-11 3.858468e-07 clkload124
 3.857623e-07 0.000000e+00 2.500255e-11 3.857873e-07 clkload131
 2.853782e-07 0.000000e+00 3.346116e-11 2.854117e-07 clkload9
 2.136502e-07 0.000000e+00 1.672415e-11 2.136670e-07 clkload54
 2.136298e-07 0.000000e+00 1.672415e-11 2.136466e-07 clkload46
 2.136190e-07 0.000000e+00 1.672415e-11 2.136358e-07 clkload34
 2.136036e-07 0.000000e+00 1.672415e-11 2.136204e-07 clkload60
 2.134107e-07 0.000000e+00 1.672415e-11 2.134274e-07 clkload21
 2.133825e-07 0.000000e+00 1.672415e-11 2.133993e-07 clkload84
 2.133728e-07 0.000000e+00 1.672415e-11 2.133896e-07 clkload88
 2.133297e-07 0.000000e+00 1.672415e-11 2.133464e-07 clkload55
 2.132731e-07 0.000000e+00 1.672415e-11 2.132898e-07 clkload96
 2.132530e-07 0.000000e+00 1.672415e-11 2.132697e-07 clkload99
 2.130582e-07 0.000000e+00 1.672415e-11 2.130749e-07 clkload73
 2.129330e-07 0.000000e+00 1.672415e-11 2.129497e-07 clkload26
 2.126272e-07 0.000000e+00 1.672415e-11 2.126440e-07 clkload132
 2.123299e-07 0.000000e+00 1.672415e-11 2.123466e-07 clkload125
 2.123284e-07 0.000000e+00 1.672415e-11 2.123451e-07 clkload129
 1.431075e-07 0.000000e+00 1.997148e-11 1.431274e-07 clkload17
 1.423318e-07 0.000000e+00 1.997148e-11 1.423518e-07 clkload16
 1.423019e-07 0.000000e+00 1.997148e-11 1.423218e-07 clkload20
 1.409839e-07 0.000000e+00 1.997148e-11 1.410039e-07 clkload108
 1.409690e-07 0.000000e+00 1.997148e-11 1.409890e-07 clkload103
 1.408796e-07 0.000000e+00 1.997148e-11 1.408996e-07 clkload102
 1.408287e-07 0.000000e+00 1.997148e-11 1.408486e-07 clkload37
 1.405923e-07 0.000000e+00 1.997148e-11 1.406122e-07 clkload49
 1.405556e-07 0.000000e+00 1.997148e-11 1.405756e-07 clkload118
 1.405373e-07 0.000000e+00 1.997148e-11 1.405573e-07 clkload116
 1.403460e-07 0.000000e+00 1.997148e-11 1.403660e-07 clkload51
 1.401162e-07 0.000000e+00 1.997148e-11 1.401361e-07 clkload101
 1.400530e-07 0.000000e+00 1.997148e-11 1.400730e-07 clkload110
 1.399948e-07 0.000000e+00 1.997148e-11 1.400148e-07 clkload52
 1.394153e-07 0.000000e+00 1.997148e-11 1.394353e-07 clkload127
 3.930641e-08 8.668481e-09 2.388982e-11 4.799878e-08 output16
 3.042434e-08 6.169237e-09 2.582934e-11 3.661940e-08 output14
 1.083922e-08 1.875094e-09 2.655110e-11 1.274087e-08 output13
 8.218831e-15 3.322221e-14 4.684723e-11 4.688867e-11 fanout290
 8.094958e-15 2.710642e-14 4.663195e-11 4.666715e-11 fanout271
 9.111139e-15 3.704352e-14 4.655522e-11 4.660138e-11 fanout274
 1.005563e-14 3.559301e-14 4.652831e-11 4.657396e-11 fanout287
 1.009185e-14 3.579072e-14 4.651543e-11 4.656131e-11 fanout330
 1.260951e-14 4.146081e-14 4.621598e-11 4.627005e-11 fanout377
 1.249965e-14 3.964766e-14 4.621598e-11 4.626812e-11 fanout375
 1.258749e-14 3.879068e-14 4.621598e-11 4.626735e-11 fanout378
 1.400600e-14 4.836514e-14 4.609316e-11 4.615553e-11 fanout157
 1.336746e-14 5.754066e-14 4.608028e-11 4.615119e-11 fanout371
 1.445338e-14 4.201271e-14 4.605337e-11 4.610983e-11 fanout372
 1.389985e-14 5.238798e-14 4.592111e-11 4.598739e-11 fanout366
 1.287244e-14 5.122981e-14 4.539235e-11 4.545645e-11 fanout235
 5.657413e-14 2.615513e-13 4.503449e-11 4.535261e-11 fanout169
 1.384026e-14 4.939778e-14 4.512066e-11 4.518390e-11 fanout572
 1.335922e-14 5.161049e-14 4.496149e-11 4.502646e-11 fanout570
 1.349108e-14 5.000828e-14 4.496149e-11 4.502499e-11 fanout571
 1.258244e-14 3.611486e-14 4.482580e-11 4.487449e-11 fanout554
 1.248110e-14 3.575175e-14 4.482580e-11 4.487403e-11 fanout555
 1.251568e-14 3.441357e-14 4.482580e-11 4.487272e-11 fanout561
 9.051713e-15 2.680041e-14 4.448655e-11 4.452240e-11 fanout275
 8.108428e-15 3.306989e-14 4.440983e-11 4.445101e-11 fanout272
 2.049626e-18 6.579926e-18 2.663954e-11 2.663954e-11 fanout100
 2.052186e-18 7.172278e-18 2.663954e-11 2.663954e-11 fanout107
 4.094137e-18 1.875951e-17 2.663380e-11 2.663382e-11 fanout580
 4.112330e-18 1.680086e-17 2.663380e-11 2.663382e-11 fanout579
 4.108971e-18 1.689333e-17 2.663380e-11 2.663382e-11 fanout587
 4.094935e-18 1.503101e-17 2.663380e-11 2.663381e-11 fanout581
 6.005454e-18 2.013232e-17 2.663178e-11 2.663180e-11 fanout473
 6.125014e-18 1.820053e-17 2.663178e-11 2.663180e-11 fanout484
 1.327201e-15 4.975868e-15 2.658616e-11 2.659247e-11 fanout115
 1.325205e-15 4.697872e-15 2.658616e-11 2.659219e-11 fanout114
 4.067748e-15 1.854533e-14 2.648439e-11 2.650700e-11 fanout298
 4.019259e-15 1.614772e-14 2.648439e-11 2.650455e-11 fanout292
 4.082714e-15 1.260412e-14 2.648439e-11 2.650107e-11 fanout294
 1.723024e-15 8.891055e-15 2.645894e-11 2.646956e-11 fanout325
 2.946423e-16 8.806774e-16 2.645305e-11 2.645422e-11 fanout435
 4.006840e-15 1.463905e-14 2.638354e-11 2.640218e-11 fanout314
 4.067697e-15 1.302959e-14 2.638354e-11 2.640064e-11 fanout312
 3.318256e-15 1.512718e-14 2.633420e-11 2.635265e-11 fanout283
 4.091222e-15 2.345036e-14 2.618867e-11 2.621621e-11 fanout322
 4.484731e-15 2.167695e-14 2.617254e-11 2.619870e-11 fanout233
 5.467735e-15 2.336947e-14 2.602856e-11 2.605739e-11 fanout334
 7.781012e-15 3.398949e-15 2.599628e-11 2.600747e-11 output12
 3.327858e-15 1.657517e-14 2.595936e-11 2.597926e-11 fanout244
 3.218620e-15 1.398475e-14 2.595936e-11 2.597656e-11 fanout236
 3.265381e-15 1.265988e-14 2.595936e-11 2.597528e-11 fanout237
 6.404928e-15 3.849032e-14 2.585634e-11 2.590123e-11 fanout160
 2.395108e-14 9.543255e-14 2.572912e-11 2.584850e-11 fanout134
 2.792590e-14 1.667156e-13 2.557397e-11 2.576861e-11 fanout408
 2.792563e-14 1.425082e-13 2.557397e-11 2.574440e-11 fanout410
 2.794649e-14 1.355706e-13 2.557397e-11 2.573749e-11 fanout411
 7.218544e-15 3.813651e-14 2.568691e-11 2.573227e-11 fanout166
 2.860309e-14 1.212822e-13 2.557397e-11 2.572385e-11 fanout412
 9.561946e-17 3.165053e-16 2.572291e-11 2.572332e-11 fanout436
 9.259884e-17 4.240316e-17 2.572291e-11 2.572305e-11 output46
 9.296168e-17 3.973968e-17 2.572291e-11 2.572304e-11 output54
 9.261833e-17 3.750653e-17 2.572291e-11 2.572304e-11 output48
 9.248793e-17 3.769200e-17 2.572291e-11 2.572304e-11 output55
 9.281521e-17 3.485895e-17 2.572291e-11 2.572304e-11 output49
 9.296875e-17 3.609360e-17 2.572291e-11 2.572304e-11 output50
 9.318812e-17 3.062395e-17 2.572291e-11 2.572303e-11 output51
 9.271283e-17 3.083959e-17 2.572291e-11 2.572303e-11 output53
 9.195684e-17 2.212103e-17 2.572291e-11 2.572303e-11 output56
 9.194557e-17 1.776842e-17 2.572291e-11 2.572302e-11 output43
 9.186007e-17 1.420610e-17 2.572291e-11 2.572302e-11 output45
 9.202887e-17 1.437617e-17 2.572291e-11 2.572302e-11 output47
 9.161377e-17 4.990267e-18 2.572291e-11 2.572301e-11 output44
 7.060447e-15 2.479058e-14 2.568691e-11 2.571877e-11 fanout164
 9.977352e-17 1.109809e-17 2.570833e-11 2.570844e-11 output42
 6.920673e-15 2.167262e-14 2.567792e-11 2.570651e-11 fanout353
 6.920332e-15 2.112897e-14 2.566737e-11 2.569541e-11 fanout358
 6.502254e-15 2.065282e-14 2.566271e-11 2.568987e-11 fanout363
 6.668699e-15 2.494159e-14 2.565309e-11 2.568470e-11 fanout370
 5.826248e-15 2.578327e-14 2.560717e-11 2.563878e-11 fanout385
 5.754376e-15 2.525514e-14 2.560717e-11 2.563818e-11 fanout383
 3.375422e-16 2.218815e-17 2.563758e-11 2.563794e-11 output40
 5.749694e-15 2.468529e-14 2.560717e-11 2.563760e-11 fanout381
 5.811457e-15 2.371212e-14 2.560717e-11 2.563669e-11 fanout388
 5.731465e-15 2.246673e-14 2.560717e-11 2.563537e-11 fanout384
 5.797621e-15 2.177477e-14 2.560717e-11 2.563474e-11 fanout391
 5.692834e-15 2.127955e-14 2.560717e-11 2.563414e-11 fanout389
 5.831979e-15 2.099074e-14 2.560717e-11 2.563399e-11 fanout387
 6.674428e-15 1.868736e-14 2.560779e-11 2.563315e-11 fanout355
 5.824633e-15 1.998584e-14 2.560717e-11 2.563298e-11 fanout386
 5.766577e-15 1.742629e-14 2.560717e-11 2.563036e-11 fanout390
 1.152746e-16 7.697571e-18 2.560965e-11 2.560977e-11 output64
 1.814671e-16 8.618573e-18 2.560251e-11 2.560270e-11 output18
 7.384512e-15 3.029277e-14 2.556063e-11 2.559830e-11 fanout336
 1.676589e-16 2.327295e-17 2.558297e-11 2.558316e-11 output26
 1.674058e-16 1.933731e-17 2.558297e-11 2.558315e-11 output30
 1.673642e-16 1.664778e-17 2.558297e-11 2.558315e-11 output25
 1.674447e-16 1.571588e-17 2.558297e-11 2.558315e-11 output31
 1.673817e-16 1.444825e-17 2.558297e-11 2.558315e-11 output23
 1.671936e-16 1.414017e-17 2.558297e-11 2.558315e-11 output27
 1.659919e-16 1.411454e-17 2.558297e-11 2.558315e-11 output20
 1.668207e-16 1.256710e-17 2.558297e-11 2.558314e-11 output24
 1.664142e-16 1.215735e-17 2.558297e-11 2.558314e-11 output29
 1.663136e-16 9.008800e-18 2.558297e-11 2.558314e-11 output22
 1.655613e-16 3.797604e-18 2.558297e-11 2.558314e-11 output19
 1.656448e-16 4.637155e-18 2.558297e-11 2.558314e-11 output21
 1.659660e-16 3.821167e-18 2.558297e-11 2.558314e-11 output32
 4.240853e-16 1.530080e-17 2.556528e-11 2.556572e-11 output62
 7.148591e-15 1.896050e-14 2.552649e-11 2.555260e-11 fanout356
 1.931703e-16 1.107357e-17 2.554852e-11 2.554873e-11 output63
 6.996697e-15 2.069230e-14 2.551842e-11 2.554611e-11 fanout344
 7.036027e-15 1.976675e-14 2.551842e-11 2.554523e-11 fanout343
 2.803301e-14 8.746836e-14 2.541882e-11 2.553432e-11 fanout193
 6.821294e-15 2.088883e-14 2.548057e-11 2.550828e-11 fanout368
 7.061298e-15 2.000116e-14 2.546723e-11 2.549429e-11 fanout350
 7.532470e-15 2.238391e-14 2.539772e-11 2.542763e-11 fanout339
 3.827088e-15 1.891302e-14 2.533876e-11 2.536150e-11 fanout487
 3.806292e-15 1.772533e-14 2.533876e-11 2.536029e-11 fanout491
 3.807906e-15 1.633699e-14 2.533876e-11 2.535890e-11 fanout488
 3.857657e-15 1.565606e-14 2.533876e-11 2.535827e-11 fanout489
 3.862106e-15 1.561164e-14 2.533876e-11 2.535823e-11 fanout490
 7.499209e-15 2.390073e-14 2.529749e-11 2.532889e-11 fanout347
 6.755981e-15 2.153790e-14 2.523015e-11 2.525845e-11 fanout327
 5.469849e-15 3.264199e-14 2.522023e-11 2.525834e-11 fanout263
 5.525130e-15 2.462690e-14 2.522023e-11 2.525038e-11 fanout264
 8.602427e-16 5.943851e-17 2.523543e-11 2.523635e-11 output39
 1.822163e-15 6.583552e-17 2.510666e-11 2.510854e-11 output58
 4.901746e-16 4.646191e-17 2.510542e-11 2.510595e-11 output61
 1.107183e-15 1.051863e-16 2.509735e-11 2.509856e-11 output35
 5.980984e-15 2.489001e-14 2.505390e-11 2.508477e-11 fanout501
 5.873773e-15 2.391289e-14 2.505390e-11 2.508369e-11 fanout513
 5.864924e-15 2.357541e-14 2.505390e-11 2.508334e-11 fanout497
 5.950821e-15 2.098986e-14 2.505390e-11 2.508084e-11 fanout508
 5.990304e-15 2.065776e-14 2.505390e-11 2.508055e-11 fanout507
 5.964656e-15 1.966546e-14 2.505390e-11 2.507953e-11 fanout503
 9.417177e-16 2.868148e-17 2.507687e-11 2.507784e-11 output36
 5.887401e-15 2.726407e-14 2.503963e-11 2.507278e-11 fanout395
 5.889177e-15 2.586008e-14 2.503963e-11 2.507138e-11 fanout393
 5.963433e-15 2.243154e-14 2.503963e-11 2.506803e-11 fanout397
 1.746932e-15 3.576687e-16 2.505918e-11 2.506128e-11 output41
 6.230529e-15 3.495219e-14 2.501760e-11 2.505878e-11 fanout288
 1.058524e-15 6.187376e-17 2.505546e-11 2.505658e-11 output34
 1.320466e-15 2.535981e-16 2.504274e-11 2.504431e-11 output52
 2.270507e-15 5.090591e-16 2.503684e-11 2.503962e-11 output17
 1.591076e-15 2.883107e-16 2.503312e-11 2.503499e-11 output28
 1.156448e-15 9.604635e-17 2.500519e-11 2.500644e-11 output59
 1.248793e-15 1.745192e-16 2.500240e-11 2.500382e-11 output33
 9.235506e-16 8.976212e-17 2.497137e-11 2.497238e-11 output60
 6.156268e-15 3.036223e-14 2.491831e-11 2.495482e-11 fanout279
 6.079933e-16 3.960852e-17 2.494903e-11 2.494967e-11 output37
 1.423110e-15 1.493672e-16 2.494282e-11 2.494439e-11 output57
 5.444625e-15 2.788649e-14 2.487331e-11 2.490664e-11 fanout268
 5.525265e-15 2.566919e-14 2.487331e-11 2.490450e-11 fanout265
 2.840177e-14 1.473574e-13 2.467472e-11 2.485048e-11 fanout187
 2.789898e-14 1.446444e-13 2.467472e-11 2.484726e-11 fanout184
 1.540335e-15 1.695444e-16 2.483452e-11 2.483623e-11 output38
 2.826300e-14 1.241267e-13 2.467472e-11 2.482711e-11 fanout183
 2.822655e-14 1.200483e-13 2.467472e-11 2.482300e-11 fanout186
 2.810269e-14 1.140552e-13 2.467472e-11 2.481688e-11 fanout181
 2.825531e-14 1.088372e-13 2.467472e-11 2.481181e-11 fanout179
 2.820480e-14 1.049574e-13 2.467472e-11 2.480788e-11 fanout185
 2.799359e-14 9.859180e-14 2.467472e-11 2.480131e-11 fanout173
 3.826918e-15 2.031982e-14 2.475478e-11 2.477893e-11 fanout402
 3.806583e-15 1.798178e-14 2.475478e-11 2.477657e-11 fanout401
 3.915345e-15 1.709421e-14 2.475478e-11 2.477579e-11 fanout407
 3.798902e-15 1.585650e-14 2.475478e-11 2.477443e-11 fanout405
 2.913844e-14 2.056692e-13 2.451957e-11 2.475438e-11 fanout434
 2.829744e-14 1.460078e-13 2.451957e-11 2.469387e-11 fanout170
 2.758709e-14 1.208016e-13 2.451957e-11 2.466796e-11 fanout418
 2.796906e-14 9.500518e-14 2.451957e-11 2.464254e-11 fanout419
 2.808933e-14 8.961686e-14 2.451957e-11 2.463727e-11 fanout416
 6.878681e-15 1.777509e-14 2.449599e-11 2.452064e-11 fanout365
 5.826050e-15 2.694866e-14 2.448637e-11 2.451914e-11 fanout552
 5.731605e-15 2.126467e-14 2.448637e-11 2.451336e-11 fanout540
 5.738900e-15 2.103314e-14 2.448637e-11 2.451314e-11 fanout545
 5.711078e-15 2.067687e-14 2.448637e-11 2.451275e-11 fanout546
 5.724701e-15 2.039458e-14 2.448637e-11 2.451249e-11 fanout541
 5.709514e-15 2.032128e-14 2.448637e-11 2.451240e-11 fanout549
 5.823174e-15 1.928873e-14 2.448637e-11 2.451148e-11 fanout520
 5.808606e-15 1.906856e-14 2.448637e-11 2.451124e-11 fanout537
 5.806473e-15 1.891170e-14 2.448637e-11 2.451108e-11 fanout527
 5.817805e-15 1.852965e-14 2.448637e-11 2.451071e-11 fanout519
 5.797815e-15 1.801157e-14 2.448637e-11 2.451018e-11 fanout548
 5.815380e-15 1.747339e-14 2.448637e-11 2.450965e-11 fanout516
 5.824214e-15 1.712797e-14 2.448637e-11 2.450932e-11 fanout532
 5.791519e-15 1.679793e-14 2.448637e-11 2.450896e-11 fanout523
 6.457250e-15 3.944880e-14 2.429553e-11 2.434144e-11 fanout227
 4.944731e-15 2.520992e-14 2.430577e-11 2.433593e-11 fanout231
 6.433982e-15 3.359572e-14 2.429553e-11 2.433556e-11 fanout229
 6.491065e-15 3.382713e-14 2.429336e-11 2.433368e-11 fanout563
 6.270585e-15 2.117903e-14 2.429336e-11 2.432081e-11 fanout557
 5.074911e-15 2.285361e-14 2.418786e-11 2.421579e-11 fanout321
 3.223064e-15 1.556761e-14 2.413418e-11 2.415297e-11 fanout247
 3.222929e-15 1.475251e-14 2.413418e-11 2.415215e-11 fanout250
 5.506054e-15 3.138446e-14 2.409973e-11 2.413662e-11 fanout282
 5.674783e-15 1.517377e-14 2.407026e-11 2.409110e-11 fanout361
 5.314800e-15 2.999112e-14 2.403799e-11 2.407329e-11 fanout154
 4.619568e-15 1.973120e-14 2.392566e-11 2.395001e-11 fanout276
 4.111093e-15 1.862110e-14 2.371000e-11 2.373273e-11 fanout129
 4.025544e-15 1.715186e-14 2.371000e-11 2.373118e-11 fanout317
 4.085512e-15 1.562087e-14 2.371000e-11 2.372971e-11 fanout315
 1.694246e-15 8.969549e-15 2.363459e-11 2.364526e-11 fanout261
 4.062507e-15 2.334762e-14 2.360915e-11 2.363656e-11 fanout302
 4.110227e-15 1.806395e-14 2.360915e-11 2.363132e-11 fanout300
 4.052242e-15 1.763855e-14 2.360915e-11 2.363084e-11 fanout307
 4.025325e-15 1.626115e-14 2.360915e-11 2.362944e-11 fanout301
 4.106409e-15 1.447766e-14 2.360915e-11 2.362773e-11 fanout304
 4.097391e-15 1.220438e-14 2.360915e-11 2.362545e-11 fanout303
 3.953653e-15 1.036800e-15 2.360915e-11 2.361414e-11 output15
 1.124462e-15 3.713294e-15 2.350086e-11 2.350569e-11 fanout110
 1.201850e-15 4.852004e-15 2.349962e-11 2.350567e-11 fanout440
 4.060969e-18 2.285782e-17 2.346021e-11 2.346023e-11 fanout624
 2.084211e-18 9.858407e-18 2.345400e-11 2.345401e-11 fanout442
 2.042901e-18 1.034292e-17 2.345400e-11 2.345401e-11 fanout444
 2.060848e-18 7.975903e-18 2.345400e-11 2.345401e-11 fanout446
 2.043948e-18 7.104639e-18 2.345400e-11 2.345401e-11 fanout443
 2.037416e-18 7.365641e-18 2.345400e-11 2.345401e-11 fanout447
 2.241569e-18 1.113628e-17 1.689860e-11 1.689861e-11 fanout640
 2.229805e-18 9.478070e-18 1.689860e-11 1.689861e-11 fanout623
 2.220923e-18 8.396471e-18 1.689860e-11 1.689861e-11 fanout606
 2.220266e-18 8.025856e-18 1.689860e-11 1.689861e-11 fanout621
 2.216697e-18 7.166134e-18 1.689860e-11 1.689861e-11 fanout626
 2.232670e-15 9.258697e-15 1.688175e-11 1.689324e-11 fanout309
 2.213341e-15 6.604133e-15 1.688175e-11 1.689057e-11 fanout88
 3.555022e-15 1.612129e-14 1.680412e-11 1.682379e-11 fanout228
 3.138716e-15 8.959690e-15 1.678253e-11 1.679463e-11 fanout530
 3.137870e-15 8.852709e-15 1.678253e-11 1.679452e-11 fanout528
 1.530922e-14 6.049526e-14 1.667706e-11 1.675287e-11 fanout199
 1.527033e-14 5.507631e-14 1.667706e-11 1.674741e-11 fanout217
 1.522822e-14 4.842531e-14 1.667706e-11 1.674072e-11 fanout208
 9.736210e-17 7.033424e-16 1.671299e-11 1.671379e-11 _06648_
 2.089289e-15 7.400599e-15 1.668612e-11 1.669561e-11 fanout495
 4.065900e-15 1.055813e-14 1.667945e-11 1.669407e-11 fanout340
 7.042109e-16 4.750609e-15 1.659318e-11 1.659864e-11 _06606_
 2.229168e-15 8.821144e-15 1.656795e-11 1.657900e-11 fanout147
 2.250327e-15 1.295615e-14 1.655654e-11 1.657175e-11 fanout127
 2.246682e-15 1.234038e-14 1.655654e-11 1.657113e-11 fanout125
 2.244611e-15 1.214876e-14 1.655654e-11 1.657093e-11 fanout120
 2.244444e-15 1.211600e-14 1.655654e-11 1.657090e-11 fanout122
 2.234526e-15 1.043986e-14 1.655654e-11 1.656921e-11 fanout116
 2.238608e-15 9.859560e-15 1.655654e-11 1.656864e-11 fanout296
 2.228217e-15 8.897060e-15 1.655654e-11 1.656766e-11 fanout118
 5.438146e-17 1.943352e-16 1.654061e-11 1.654085e-11 fanout77
 3.365102e-18 1.727152e-17 1.653987e-11 1.653989e-11 fanout478
 3.326869e-18 1.171932e-17 1.653987e-11 1.653989e-11 fanout465
 3.320360e-18 1.086564e-17 1.653987e-11 1.653988e-11 fanout451
 3.322401e-18 1.113334e-17 1.653987e-11 1.653988e-11 fanout454
 3.316669e-18 1.068955e-17 1.653987e-11 1.653988e-11 fanout470
 3.327809e-18 9.779282e-18 1.653987e-11 1.653988e-11 fanout472
 3.318089e-18 9.307587e-18 1.653987e-11 1.653988e-11 fanout462
 2.251888e-18 1.435851e-17 1.653964e-11 1.653966e-11 fanout595
 2.245011e-18 1.253958e-17 1.653964e-11 1.653966e-11 fanout593
 2.244823e-18 1.246487e-17 1.653964e-11 1.653966e-11 fanout600
 2.239390e-18 1.114886e-17 1.653964e-11 1.653966e-11 fanout601
 2.238574e-18 1.071027e-17 1.653964e-11 1.653965e-11 fanout598
 2.224698e-18 8.254983e-18 1.653964e-11 1.653965e-11 fanout592
 2.227014e-18 8.799745e-18 1.653964e-11 1.653965e-11 fanout597
 1.543034e-15 5.292826e-15 1.345512e-11 1.346196e-11 input10
 9.823308e-16 4.153282e-15 1.343693e-11 1.344207e-11 input6
 2.158805e-15 5.873519e-15 1.336337e-11 1.337140e-11 input4
 1.186230e-15 5.042919e-15 1.334613e-11 1.335236e-11 input7
 2.223675e-15 3.722130e-15 1.334420e-11 1.335015e-11 input2
 2.371522e-15 3.832941e-15 1.333993e-11 1.334613e-11 input3
 2.560531e-15 4.252350e-15 1.332475e-11 1.333156e-11 wire112
 2.564821e-15 3.844330e-15 1.332475e-11 1.333115e-11 wire113
 1.896025e-15 2.999605e-15 1.332608e-11 1.333098e-11 input5
 2.190194e-15 3.027325e-15 1.332047e-11 1.332569e-11 input1
 1.710758e-17 1.407272e-16 1.331324e-11 1.331340e-11 _06636_
 1.680866e-17 1.161252e-16 1.331324e-11 1.331337e-11 _06634_
 3.159387e-17 2.264313e-16 1.331169e-11 1.331195e-11 _06585_
 3.393476e-17 3.208419e-16 1.330879e-11 1.330914e-11 _06527_
 5.786145e-17 4.214201e-16 1.330623e-11 1.330671e-11 _06602_
 5.562473e-17 5.289490e-16 1.330606e-11 1.330664e-11 _06697_
 7.166218e-17 9.693025e-16 1.330333e-11 1.330437e-11 _06548_
 8.147864e-17 6.580862e-16 1.330269e-11 1.330343e-11 _06575_
 6.211063e-17 1.165746e-16 1.329984e-11 1.330002e-11 _13583_
 6.189903e-17 8.683526e-17 1.329984e-11 1.329999e-11 _13579_
 6.168918e-17 7.114225e-17 1.329984e-11 1.329997e-11 _13582_
 6.168215e-17 7.040651e-17 1.329984e-11 1.329997e-11 _13584_
 6.163843e-17 6.583287e-17 1.329984e-11 1.329996e-11 _13580_
 6.163572e-17 6.555013e-17 1.329984e-11 1.329996e-11 _13581_
 6.159965e-17 6.177734e-17 1.329984e-11 1.329996e-11 _13585_
 6.159178e-17 6.095410e-17 1.329984e-11 1.329996e-11 _13578_
 9.972179e-17 7.048787e-16 1.329815e-11 1.329896e-11 _06674_
 8.418189e-17 6.411043e-16 1.329723e-11 1.329795e-11 _06564_
 8.076396e-17 5.233426e-16 1.329723e-11 1.329783e-11 _06561_
 1.135685e-15 2.229097e-14 1.327302e-11 1.329645e-11 _12263_
 3.445788e-17 9.511912e-17 1.328790e-11 1.328803e-11 _13593_
 3.450718e-17 8.322845e-17 1.328790e-11 1.328801e-11 _13586_
 3.450843e-17 8.359208e-17 1.328790e-11 1.328801e-11 _13587_
 3.445123e-17 6.694844e-17 1.328790e-11 1.328800e-11 _13588_
 3.445217e-17 6.722443e-17 1.328790e-11 1.328800e-11 _13591_
 3.444534e-17 6.523570e-17 1.328790e-11 1.328800e-11 _13592_
 3.439102e-17 5.891489e-17 1.328790e-11 1.328799e-11 _13589_
 3.418225e-17 4.110889e-17 1.328790e-11 1.328797e-11 _13590_
 1.547679e-16 1.139143e-15 1.327180e-11 1.327309e-11 _06542_
 1.561444e-16 1.131342e-15 1.327180e-11 1.327309e-11 _06538_
 2.078566e-16 2.007971e-15 1.326532e-11 1.326754e-11 _06565_
 1.879497e-17 2.206488e-16 1.326580e-11 1.326604e-11 _06729_
 6.865722e-17 9.931572e-16 1.326108e-11 1.326214e-11 _06744_
 3.494424e-17 3.936559e-16 1.325806e-11 1.325848e-11 _06739_
 1.767728e-15 1.899427e-14 1.322945e-11 1.325021e-11 _06534_
 1.561943e-15 1.658751e-14 1.323045e-11 1.324860e-11 _06593_
 1.816142e-15 1.670048e-14 1.322890e-11 1.324742e-11 _06581_
 1.717207e-15 1.372734e-14 1.322935e-11 1.324479e-11 _06630_
 1.636905e-15 1.507036e-14 1.322790e-11 1.324461e-11 _06607_
 1.294116e-15 1.283044e-14 1.323034e-11 1.324447e-11 _06583_
 1.407832e-15 1.137600e-14 1.323050e-11 1.324328e-11 _06569_
 1.401830e-15 1.170316e-14 1.322996e-11 1.324307e-11 _06609_
 1.613709e-15 1.534827e-14 1.322533e-11 1.324229e-11 _06555_
 1.430516e-15 1.107765e-14 1.322900e-11 1.324151e-11 _06680_
 1.262607e-15 1.078392e-14 1.322916e-11 1.324120e-11 _06658_
 1.338728e-15 1.134302e-14 1.322790e-11 1.324058e-11 _06632_
 1.094902e-15 1.007068e-14 1.322871e-11 1.323988e-11 _06544_
 1.664122e-15 1.040036e-14 1.322751e-11 1.323957e-11 _07381_
 1.355088e-15 1.197667e-14 1.322610e-11 1.323943e-11 _06546_
 3.798667e-16 2.953230e-15 1.323606e-11 1.323940e-11 _06679_
 1.427153e-15 1.156618e-14 1.322631e-11 1.323930e-11 _06570_
 1.581711e-15 9.812825e-15 1.322725e-11 1.323865e-11 _07757_
 8.107338e-16 7.307868e-15 1.322948e-11 1.323760e-11 _06641_
 2.297574e-16 2.457804e-15 1.323117e-11 1.323386e-11 _06749_
 1.489404e-15 9.393113e-15 1.322293e-11 1.323382e-11 fanout123
 4.938359e-16 4.511320e-15 1.322864e-11 1.323365e-11 _06702_
 4.211931e-16 3.894288e-15 1.322818e-11 1.323249e-11 _06617_
 1.492911e-15 6.474205e-15 1.322293e-11 1.323090e-11 fanout126
 1.478824e-15 5.566523e-15 1.322293e-11 1.322998e-11 fanout119
 3.835635e-16 3.619245e-15 1.322545e-11 1.322945e-11 _06553_
 1.311441e-15 1.497274e-14 1.319480e-11 1.321108e-11 _06785_
 1.476457e-18 4.878778e-18 1.321019e-11 1.321020e-11 fanout594
 2.683967e-16 1.809201e-15 1.317600e-11 1.317808e-11 _06711_
 2.748106e-16 2.590289e-15 1.317067e-11 1.317354e-11 _06689_
 2.691622e-16 2.028029e-15 1.317057e-11 1.317287e-11 _06684_
 1.673771e-17 1.488310e-16 1.314054e-11 1.314071e-11 _06753_
 3.886288e-19 3.332446e-18 1.314018e-11 1.314018e-11 _10267_
 2.468434e-19 1.295660e-18 9.898727e-12 9.898729e-12 _07500_
 2.508537e-19 1.132368e-18 9.898727e-12 9.898729e-12 _08163_
 2.486409e-19 1.503503e-18 9.898727e-12 9.898729e-12 _08233_
 2.408895e-19 6.944694e-19 9.898727e-12 9.898728e-12 _07183_
 2.474230e-19 1.034839e-18 9.898727e-12 9.898728e-12 _07595_
 2.545395e-19 1.013335e-18 9.898727e-12 9.898728e-12 _07894_
 2.415256e-19 7.399463e-19 9.898727e-12 9.898728e-12 _08032_
 2.413114e-19 7.324832e-19 9.898727e-12 9.898728e-12 _08089_
 7.523018e-19 2.681016e-18 9.898520e-12 9.898524e-12 _06779_
 1.135192e-16 6.267634e-16 9.897705e-12 9.898445e-12 _08289_
 4.995598e-16 3.277670e-15 9.894440e-12 9.898218e-12 _10364_
 2.294407e-18 2.269266e-17 9.898186e-12 9.898211e-12 _08413_
 1.027390e-17 1.932013e-17 9.897035e-12 9.897064e-12 _07576_
 9.911973e-18 9.136939e-17 9.896777e-12 9.896878e-12 _06614_
 9.727787e-18 7.130237e-17 9.896777e-12 9.896858e-12 _06611_
 9.564037e-18 5.184531e-17 9.896777e-12 9.896839e-12 _06612_
 9.778125e-18 5.239265e-17 9.896751e-12 9.896813e-12 _07724_
 2.040794e-17 1.226122e-16 9.896296e-12 9.896440e-12 _06587_
 2.025546e-17 9.151613e-17 9.896296e-12 9.896408e-12 _06588_
 2.286721e-17 1.963052e-16 9.894844e-12 9.895064e-12 _06530_
 2.234134e-17 1.560643e-16 9.894844e-12 9.895023e-12 _06529_
 3.585386e-17 2.657799e-16 9.893848e-12 9.894150e-12 _06531_
 1.973728e-16 9.155933e-16 9.892989e-12 9.894102e-12 _07218_
 3.578597e-17 2.603912e-16 9.893564e-12 9.893860e-12 _06601_
 3.634118e-17 2.519109e-16 9.893564e-12 9.893852e-12 _06600_
 3.552966e-17 2.092416e-16 9.893478e-12 9.893723e-12 _06699_
 4.143112e-17 1.765233e-16 9.892335e-12 9.892553e-12 _06589_
 4.537083e-17 3.390377e-16 9.892112e-12 9.892497e-12 _06550_
 5.303237e-17 2.634887e-16 9.892035e-12 9.892352e-12 _06551_
 2.543278e-17 1.476174e-16 9.892087e-12 9.892261e-12 _06662_
 5.143009e-17 3.077164e-16 9.891795e-12 9.892154e-12 _06576_
 3.745730e-17 2.064487e-16 9.891537e-12 9.891781e-12 _06649_
 2.938891e-16 7.058287e-16 9.890180e-12 9.891180e-12 _08726_
 6.889937e-17 4.847531e-16 9.890300e-12 9.890854e-12 _06604_
 4.362107e-16 1.521783e-15 9.888866e-12 9.890823e-12 _11867_
 4.136862e-16 2.732099e-15 9.887319e-12 9.890465e-12 _11588_
 6.913491e-16 1.749030e-15 9.887560e-12 9.890000e-12 _10079_
 6.480537e-17 3.545620e-16 9.889527e-12 9.889946e-12 _06676_
 6.959833e-16 2.864245e-15 9.886280e-12 9.889841e-12 _09029_
 5.302918e-17 2.492581e-16 9.889416e-12 9.889718e-12 _08383_
 6.979088e-17 4.132628e-16 9.889183e-12 9.889666e-12 _06651_
 5.231245e-17 4.560370e-16 9.889063e-12 9.889571e-12 _06562_
 7.135480e-17 1.999644e-16 9.889166e-12 9.889437e-12 _06677_
 8.244053e-17 3.682427e-16 9.888892e-12 9.889343e-12 _06578_
 4.678423e-17 2.037850e-16 9.889011e-12 9.889262e-12 _06663_
 6.646754e-17 3.717446e-16 9.887560e-12 9.887998e-12 _06625_
 6.427900e-17 2.186261e-16 9.887560e-12 9.887842e-12 _06626_
 5.999516e-16 2.223036e-15 9.884588e-12 9.887411e-12 _11222_
 8.944069e-16 3.854345e-15 9.882130e-12 9.886879e-12 _10546_
 6.119731e-16 1.859380e-15 9.883780e-12 9.886252e-12 _11841_
 5.282524e-16 1.532673e-15 9.883848e-12 9.885909e-12 _11563_
 8.315593e-17 5.466399e-16 9.885026e-12 9.885656e-12 _06627_
 6.738433e-16 2.557590e-15 9.881607e-12 9.884839e-12 _11180_
 6.655851e-16 3.399198e-15 9.880482e-12 9.884546e-12 _11647_
 9.327122e-17 4.281280e-16 9.883772e-12 9.884293e-12 _06700_
 4.395276e-16 2.982625e-15 9.880533e-12 9.883955e-12 _07976_
 7.987550e-16 1.559277e-15 9.880636e-12 9.882995e-12 _09051_
 6.519646e-16 4.520841e-15 9.877466e-12 9.882639e-12 _11751_
 3.143107e-16 5.554173e-16 9.880946e-12 9.881816e-12 _10255_
 6.257865e-16 2.089949e-15 9.878515e-12 9.881230e-12 _11512_
 4.575837e-16 1.681350e-15 9.878128e-12 9.880267e-12 _07534_
 6.275065e-16 1.225776e-15 9.877689e-12 9.879542e-12 _12280_
 7.251452e-16 5.424219e-15 9.872639e-12 9.878789e-12 _11544_
 7.961604e-16 1.380144e-15 9.875842e-12 9.878019e-12 _06513_
 1.034567e-16 6.632327e-16 9.876350e-12 9.877116e-12 _06540_
 9.985180e-17 4.099916e-16 9.876350e-12 9.876860e-12 _06541_
 7.783360e-16 9.102103e-15 9.866531e-12 9.876411e-12 _11618_
 4.835317e-16 1.190657e-15 9.874211e-12 9.875885e-12 _10410_
 4.674753e-17 1.311278e-16 9.874125e-12 9.874303e-12 _06615_
 3.436618e-15 2.579299e-14 9.844334e-12 9.873563e-12 _10731_
 1.199429e-17 6.499545e-17 9.873352e-12 9.873429e-12 _06726_
 1.162772e-17 6.537899e-17 9.873352e-12 9.873429e-12 _06727_
 1.161346e-17 4.710006e-17 9.873352e-12 9.873411e-12 _06728_
 1.327905e-17 1.160057e-16 9.872948e-12 9.873077e-12 _06730_
 5.267839e-16 1.726074e-15 9.870671e-12 9.872924e-12 _11011_
 8.999899e-16 1.494494e-15 9.870371e-12 9.872766e-12 _06525_
 1.052615e-15 4.239410e-15 9.867115e-12 9.872407e-12 _08854_
 2.367090e-17 4.334161e-16 9.870019e-12 9.870476e-12 _06743_
 8.655545e-16 1.130731e-15 9.867893e-12 9.869890e-12 _12632_
 2.175027e-17 2.309252e-16 9.869478e-12 9.869730e-12 _06740_
 2.130532e-17 1.754479e-16 9.869478e-12 9.869675e-12 _06742_
 5.567340e-17 4.563486e-16 9.868988e-12 9.869499e-12 _06733_
 1.357787e-16 7.552399e-16 9.868034e-12 9.868925e-12 _06678_
 2.569564e-17 1.610439e-16 9.868524e-12 9.868711e-12 _06732_
 8.526080e-16 1.395497e-15 9.866273e-12 9.868521e-12 _06516_
 6.915359e-16 1.511672e-15 9.866316e-12 9.868519e-12 _09805_
 9.203114e-16 1.535961e-15 9.864934e-12 9.867390e-12 _06519_
 7.462285e-16 1.218664e-15 9.865379e-12 9.867344e-12 _12227_
 9.317330e-16 2.190934e-15 9.864195e-12 9.867317e-12 _06518_
 8.795061e-16 1.086297e-15 9.864972e-12 9.866937e-12 _12819_
 8.576991e-17 5.939174e-16 9.866256e-12 9.866936e-12 _06616_
 9.059039e-16 1.545974e-15 9.864349e-12 9.866801e-12 _06512_
 1.898905e-15 9.086308e-15 9.855157e-12 9.866143e-12 _10680_
 1.745407e-16 5.312111e-16 9.864503e-12 9.865209e-12 _06628_
 1.826701e-15 7.611075e-15 9.855562e-12 9.864999e-12 _10537_
 4.572470e-16 1.551477e-15 9.862717e-12 9.864725e-12 _06780_
 5.889305e-16 9.754143e-16 9.863103e-12 9.864668e-12 _09961_
 1.467645e-15 7.590039e-15 9.854582e-12 9.863640e-12 _06622_
 9.553859e-16 4.258849e-15 9.858035e-12 9.863250e-12 _07225_
 1.835871e-16 2.525449e-15 9.860337e-12 9.863046e-12 _08254_
 1.021515e-15 6.395103e-15 9.855596e-12 9.863012e-12 _06594_
 1.084195e-15 5.357195e-15 9.856387e-12 9.862828e-12 _10531_
 1.242692e-15 8.237174e-15 9.853328e-12 9.862808e-12 _06599_
 8.184151e-16 5.622724e-15 9.856266e-12 9.862707e-12 _06669_
 1.080779e-15 6.869486e-15 9.854625e-12 9.862575e-12 _06710_
 1.258483e-15 6.870067e-15 9.854066e-12 9.862195e-12 _06647_
 1.102059e-15 5.074593e-15 9.856008e-12 9.862185e-12 _09319_
 8.324893e-16 5.188436e-15 9.856128e-12 9.862149e-12 _07984_
 1.121052e-15 6.853264e-15 9.854015e-12 9.861990e-12 _06659_
 1.284906e-15 6.224745e-15 9.854471e-12 9.861981e-12 _06560_
 9.498523e-16 7.020169e-15 9.853568e-12 9.861539e-12 _06558_
 1.157411e-16 1.514903e-15 9.859857e-12 9.861487e-12 _06745_
 9.831073e-16 4.993189e-15 9.855372e-12 9.861348e-12 _06708_
 8.073860e-16 4.996689e-15 9.855415e-12 9.861219e-12 _06608_
 9.371595e-16 5.798396e-15 9.854273e-12 9.861009e-12 _06673_
 9.438215e-16 5.257949e-15 9.854737e-12 9.860938e-12 _06595_
 9.477214e-16 6.716372e-15 9.853113e-12 9.860777e-12 _06537_
 1.070731e-15 8.167397e-15 9.851387e-12 9.860625e-12 _06692_
 8.173369e-16 4.961413e-15 9.854719e-12 9.860498e-12 _06556_
 1.107669e-15 5.274646e-15 9.854110e-12 9.860492e-12 _07149_
 1.001461e-15 4.463573e-15 9.854994e-12 9.860460e-12 _06672_
 1.099055e-15 5.654210e-15 9.853568e-12 9.860322e-12 _06709_
 9.348110e-16 5.397679e-15 9.853887e-12 9.860219e-12 _06681_
 8.891413e-16 4.751528e-15 9.854385e-12 9.860025e-12 _06671_
 7.688712e-16 4.482689e-15 9.854737e-12 9.859989e-12 _06704_
 7.699272e-16 4.533747e-15 9.854582e-12 9.859886e-12 _06643_
 9.782441e-16 5.472477e-15 9.853346e-12 9.859796e-12 _06645_
 8.037973e-16 5.290838e-15 9.853663e-12 9.859758e-12 _06656_
 1.109791e-15 4.170910e-15 9.854419e-12 9.859700e-12 _06646_
 1.046265e-15 4.548971e-15 9.854033e-12 9.859628e-12 _06568_
 8.919271e-16 4.765030e-15 9.853963e-12 9.859620e-12 _06547_
 8.295202e-16 5.378168e-15 9.853379e-12 9.859586e-12 _06574_
 7.767259e-16 6.134781e-15 9.852666e-12 9.859578e-12 _06683_
 9.869580e-16 5.867600e-15 9.852692e-12 9.859547e-12 _06598_
 8.419952e-16 6.656494e-15 9.851807e-12 9.859305e-12 _06694_
 1.349870e-16 8.722404e-16 9.858258e-12 9.859265e-12 _06638_
 8.801370e-16 4.147241e-15 9.853998e-12 9.859025e-12 _06535_
 1.072310e-15 7.391273e-15 9.850554e-12 9.859017e-12 _06723_
 7.174768e-16 3.919697e-15 9.854341e-12 9.858978e-12 _06633_
 6.876443e-16 2.728331e-15 9.855484e-12 9.858900e-12 _06668_
 4.482451e-16 3.308470e-15 9.855106e-12 9.858863e-12 _06666_
 9.565480e-16 3.784139e-15 9.853765e-12 9.858506e-12 _06559_
 8.859544e-16 3.240373e-15 9.854290e-12 9.858416e-12 _06545_
 8.365734e-16 5.238364e-15 9.852160e-12 9.858235e-12 _06621_
 8.350566e-16 2.768243e-15 9.854428e-12 9.858031e-12 _06582_
 4.088054e-16 9.339320e-16 9.856601e-12 9.857943e-12 _07319_
 8.613198e-16 3.292992e-15 9.853783e-12 9.857937e-12 _06705_
 8.058770e-16 3.394582e-15 9.853414e-12 9.857615e-12 _06584_
 8.566616e-16 2.830263e-15 9.853912e-12 9.857599e-12 _06610_
 9.218841e-16 5.905494e-15 9.850725e-12 9.857552e-12 _06696_
 9.006856e-16 2.855096e-15 9.853775e-12 9.857531e-12 _06657_
 9.151865e-16 1.840657e-15 9.854719e-12 9.857475e-12 _06571_
 9.284685e-16 3.066343e-15 9.853457e-12 9.857452e-12 _06619_
 7.016550e-16 1.904519e-15 9.854830e-12 9.857437e-12 _06781_
 2.895923e-15 1.639362e-14 9.838089e-12 9.857378e-12 _06789_
 8.785881e-16 1.272108e-15 9.855217e-12 9.857368e-12 _06707_
 8.790608e-16 2.515381e-15 9.853954e-12 9.857349e-12 _06597_
 9.148119e-16 1.898939e-15 9.854325e-12 9.857139e-12 _06573_
 1.237677e-16 1.246609e-15 9.855467e-12 9.856838e-12 _06748_
 8.748603e-16 5.088459e-15 9.850837e-12 9.856800e-12 _06724_
 8.355753e-16 2.922358e-15 9.853011e-12 9.856769e-12 _06557_
 6.512337e-17 4.060342e-16 9.856257e-12 9.856728e-12 _06734_
 1.056638e-15 1.116731e-15 9.854393e-12 9.856567e-12 _08844_
 6.344697e-16 1.152125e-15 9.854497e-12 9.856283e-12 _06631_
 2.190985e-16 3.964186e-16 9.855476e-12 9.856092e-12 _08080_
 4.311564e-16 9.392023e-16 9.854711e-12 9.856081e-12 _08082_
 5.887309e-16 2.187816e-15 9.853294e-12 9.856070e-12 _06654_
 8.310899e-16 4.604226e-15 9.850561e-12 9.855996e-12 _06691_
 8.377102e-16 3.080487e-15 9.851946e-12 9.855864e-12 _06695_
 9.634302e-16 3.783438e-15 9.851086e-12 9.855833e-12 _06720_
 2.056177e-16 1.097437e-15 9.854256e-12 9.855559e-12 _06751_
 4.601163e-16 1.970146e-15 9.853087e-12 9.855517e-12 _06592_
 1.684566e-16 1.687470e-15 9.853405e-12 9.855262e-12 _06750_
 3.324732e-15 1.085247e-14 9.840039e-12 9.854216e-12 _06511_
 4.216175e-16 1.049631e-15 9.852615e-12 9.854086e-12 _07413_
 1.916355e-16 1.769108e-15 9.851756e-12 9.853717e-12 _06737_
 9.517395e-16 5.956179e-15 9.846774e-12 9.853682e-12 _10070_
 1.154010e-16 4.485449e-16 9.852546e-12 9.853110e-12 _06735_
 9.075099e-16 2.197297e-15 9.849978e-12 9.853083e-12 _06722_
 1.319765e-16 2.991873e-16 9.852520e-12 9.852951e-12 _08469_
 8.548772e-16 2.147850e-15 9.849814e-12 9.852816e-12 _10119_
 1.603743e-16 1.109083e-15 9.850055e-12 9.851325e-12 _06579_
 1.995627e-16 3.588994e-16 9.849480e-12 9.850038e-12 _07317_
 8.936078e-16 1.341638e-15 9.847546e-12 9.849782e-12 _06523_
 9.660953e-16 2.509075e-15 9.845519e-12 9.848995e-12 _10728_
 8.405746e-16 3.931884e-15 9.843879e-12 9.848651e-12 _09974_
 7.718008e-16 3.910398e-15 9.843140e-12 9.847822e-12 _09498_
 1.488438e-16 8.704069e-16 9.845803e-12 9.846822e-12 _06652_
 8.941997e-16 1.523848e-15 9.843604e-12 9.846022e-12 _12180_
 7.686159e-16 1.901675e-15 9.843054e-12 9.845725e-12 _09204_
 3.818035e-16 2.904126e-15 9.841319e-12 9.844604e-12 _08665_
 8.636902e-16 3.813149e-15 9.838656e-12 9.843333e-12 _06784_
 8.878974e-16 2.171456e-15 9.839455e-12 9.842514e-12 _09156_
 1.642397e-16 1.671323e-15 9.840425e-12 9.842261e-12 _08302_
 8.538955e-16 1.881024e-15 9.838906e-12 9.841641e-12 _10541_
 6.900500e-16 1.611626e-15 9.839120e-12 9.841422e-12 _06782_
 9.401127e-17 7.510759e-16 9.840297e-12 9.841142e-12 _06664_
 9.044826e-16 1.626797e-15 9.838595e-12 9.841126e-12 _06520_
 7.795289e-16 1.564253e-15 9.837239e-12 9.839582e-12 _06514_
 8.788013e-16 1.585063e-15 9.836904e-12 9.839368e-12 _06526_
 8.537629e-16 1.669066e-15 9.836482e-12 9.839005e-12 _06515_
 4.364964e-16 1.208783e-15 9.837153e-12 9.838798e-12 _06718_
 7.948970e-16 1.269857e-15 9.835692e-12 9.837756e-12 _06524_
 8.218489e-16 1.934464e-15 9.832548e-12 9.835304e-12 _06521_
 8.281847e-16 1.308046e-15 9.831887e-12 9.834023e-12 _06522_
 6.837762e-16 1.018774e-15 9.830478e-12 9.832181e-12 _06517_
 1.817871e-16 1.325719e-15 9.828451e-12 9.829958e-12 _06714_
 6.462012e-16 2.029295e-15 9.827274e-12 9.829950e-12 _11386_
 1.796608e-16 1.059843e-15 9.828451e-12 9.829690e-12 _06713_
 1.780367e-16 1.276372e-15 9.825737e-12 9.827191e-12 _06686_
 1.708382e-16 1.254485e-15 9.825737e-12 9.827162e-12 _06687_
 5.073835e-16 4.622933e-15 9.817627e-12 9.822757e-12 _06787_
 4.502201e-16 1.715270e-15 9.820085e-12 9.822251e-12 _12068_
 2.373654e-16 7.822983e-16 9.820977e-12 9.821997e-12 _07097_
 1.568033e-16 3.763695e-16 9.819774e-12 9.820308e-12 _07239_
 5.921329e-17 1.362672e-16 9.819758e-12 9.819953e-12 _07335_
 1.232125e-16 2.399029e-16 9.814139e-12 9.814503e-12 _09153_
 1.212411e-16 6.422392e-16 9.813169e-12 9.813933e-12 _08893_
 3.050810e-17 9.321105e-17 9.813804e-12 9.813928e-12 _07742_
 1.298769e-16 4.268425e-16 9.812920e-12 9.813477e-12 _11294_
 3.782715e-17 1.033691e-16 9.812817e-12 9.812959e-12 _08142_
 1.466559e-16 8.414610e-16 9.811803e-12 9.812791e-12 _06766_
 1.259426e-16 7.583154e-16 9.811811e-12 9.812695e-12 _06764_
 3.191000e-17 6.469408e-17 9.812292e-12 9.812389e-12 _07629_
 2.413230e-17 4.843177e-17 9.812216e-12 9.812289e-12 _07998_
 1.362116e-17 2.716642e-17 9.811923e-12 9.811964e-12 _07400_
 2.047952e-17 5.819757e-17 9.811811e-12 9.811890e-12 _07477_
 1.739540e-17 2.869543e-17 9.811623e-12 9.811669e-12 _07307_
 1.181673e-17 3.498558e-17 9.811082e-12 9.811128e-12 _08069_
 1.073848e-17 1.999399e-17 9.810971e-12 9.811001e-12 _07165_
 4.060764e-18 6.364112e-18 9.810979e-12 9.810990e-12 _07748_
 9.845946e-18 2.450104e-17 9.810936e-12 9.810971e-12 _07928_
 9.911306e-18 3.231779e-17 9.810884e-12 9.810926e-12 _08212_
 4.997748e-18 7.929027e-18 9.810833e-12 9.810846e-12 _07670_
 9.605136e-18 6.754999e-17 9.810670e-12 9.810747e-12 _06755_
 3.094609e-18 4.937683e-18 9.810712e-12 9.810720e-12 _07553_
 8.124819e-18 4.537958e-17 9.810652e-12 9.810706e-12 _06761_
 7.362648e-18 3.257105e-17 9.810643e-12 9.810683e-12 _06759_
 6.271602e-18 2.207806e-17 9.810626e-12 9.810655e-12 _06763_
 5.067241e-18 1.498289e-17 9.810609e-12 9.810629e-12 _06762_
 3.337336e-18 2.101274e-17 9.810592e-12 9.810616e-12 _06758_
 3.374252e-18 2.487313e-17 9.810575e-12 9.810604e-12 _06757_
 2.311766e-18 1.261045e-17 9.810583e-12 9.810598e-12 _06754_
 2.176593e-18 6.903190e-18 9.810575e-12 9.810584e-12 _07850_
 1.271293e-18 9.413272e-18 9.810549e-12 9.810559e-12 _06765_
 2.599098e-19 4.686301e-18 9.810540e-12 9.810546e-12 _06778_
 2.561329e-19 2.273049e-18 9.810540e-12 9.810543e-12 _06773_
 2.623414e-19 2.657645e-18 9.810540e-12 9.810543e-12 _06776_
 2.559757e-19 1.397484e-18 9.810540e-12 9.810542e-12 _06756_
 2.524760e-19 1.298843e-18 9.810540e-12 9.810542e-12 _06760_
 2.548289e-19 1.667797e-18 9.810540e-12 9.810542e-12 _06767_
 2.509563e-19 1.543197e-18 9.810540e-12 9.810542e-12 _06768_
 2.541561e-19 1.522812e-18 9.810540e-12 9.810542e-12 _06769_
 2.588311e-19 1.585594e-18 9.810540e-12 9.810542e-12 _06770_
 2.571235e-19 1.251539e-18 9.810540e-12 9.810542e-12 _06771_
 2.563805e-19 1.233186e-18 9.810540e-12 9.810542e-12 _06772_
 2.537469e-19 1.911826e-18 9.810540e-12 9.810542e-12 _06774_
 2.542866e-19 1.734656e-18 9.810540e-12 9.810542e-12 _06775_
 2.495352e-19 1.911357e-18 9.810540e-12 9.810542e-12 _06777_
 2.530219e-19 1.435289e-18 9.810540e-12 9.810542e-12 _07189_
 2.581126e-19 1.149474e-18 9.810540e-12 9.810542e-12 _07591_
 2.574320e-19 1.342483e-18 9.810540e-12 9.810542e-12 _07721_
 2.567124e-19 1.276649e-18 9.810540e-12 9.810542e-12 _07740_
 2.575159e-19 1.090590e-18 9.810540e-12 9.810542e-12 _07891_
 2.501759e-19 1.136869e-18 9.810540e-12 9.810542e-12 _08108_
 2.464909e-19 1.199593e-18 9.810540e-12 9.810542e-12 _08178_
 2.383937e-19 3.572199e-19 9.810540e-12 9.810541e-12 _07717_
 2.381874e-19 3.057024e-19 9.810540e-12 9.810541e-12 _07796_
