     Internal    Switching      Leakage        Total
        Power        Power        Power        Power (Watts)
----------------------------------------------------
 1.050746e-06 2.305875e-06 0.000000e+00 3.356620e-06 clkbuf_5_3__f_core_clk
 4.782501e-07 2.874409e-06 0.000000e+00 3.352659e-06 u_imem_icg.u_icg
 1.048369e-06 2.266761e-06 0.000000e+00 3.315130e-06 clkbuf_5_1__f_core_clk
 1.049939e-06 2.250577e-06 0.000000e+00 3.300517e-06 clkbuf_5_2__f_core_clk
 1.046398e-06 2.197269e-06 0.000000e+00 3.243666e-06 clkbuf_5_9__f_core_clk
 1.050589e-06 2.192193e-06 0.000000e+00 3.242782e-06 clkbuf_5_10__f_core_clk
 1.046180e-06 2.101148e-06 0.000000e+00 3.147329e-06 clkbuf_5_0__f_core_clk
 1.023977e-06 2.022247e-06 0.000000e+00 3.046223e-06 clkbuf_0_core_clk
 1.040620e-06 1.764116e-06 0.000000e+00 2.804736e-06 clkbuf_5_4__f_core_clk
 1.038353e-06 1.732985e-06 0.000000e+00 2.771338e-06 clkbuf_5_8__f_core_clk
 1.037690e-06 1.695838e-06 0.000000e+00 2.733528e-06 clkbuf_5_7__f_core_clk
 1.040966e-06 1.662634e-06 0.000000e+00 2.703600e-06 clkbuf_5_11__f_core_clk
 1.037696e-06 1.626746e-06 0.000000e+00 2.664442e-06 clkbuf_5_5__f_core_clk
 7.789896e-07 1.847588e-06 0.000000e+00 2.626578e-06 u_sleep.u_core_icg.u_icg
 1.035156e-06 1.571681e-06 0.000000e+00 2.606837e-06 clkbuf_5_6__f_core_clk
 1.037561e-06 1.557164e-06 0.000000e+00 2.594725e-06 clkbuf_5_17__f_core_clk
 1.036861e-06 1.557692e-06 0.000000e+00 2.594553e-06 clkbuf_5_29__f_core_clk
 1.035612e-06 1.469619e-06 0.000000e+00 2.505232e-06 clkbuf_5_19__f_core_clk
 1.032055e-06 1.472306e-06 0.000000e+00 2.504361e-06 clkbuf_5_30__f_core_clk
 1.034193e-06 1.401432e-06 0.000000e+00 2.435625e-06 clkbuf_5_16__f_core_clk
 1.032284e-06 1.349047e-06 0.000000e+00 2.381332e-06 clkbuf_5_28__f_core_clk
 1.033172e-06 1.345352e-06 0.000000e+00 2.378524e-06 clkbuf_5_25__f_core_clk
 1.033456e-06 1.332041e-06 0.000000e+00 2.365497e-06 clkbuf_5_21__f_core_clk
 1.031771e-06 1.320563e-06 0.000000e+00 2.352334e-06 clkbuf_5_14__f_core_clk
 1.032261e-06 1.314369e-06 0.000000e+00 2.346630e-06 clkbuf_5_18__f_core_clk
 1.032091e-06 1.299628e-06 0.000000e+00 2.331719e-06 clkbuf_5_24__f_core_clk
 1.031496e-06 1.271606e-06 0.000000e+00 2.303102e-06 clkbuf_5_20__f_core_clk
 1.028338e-06 1.216521e-06 0.000000e+00 2.244859e-06 clkbuf_5_15__f_core_clk
 5.346661e-07 1.637814e-06 0.000000e+00 2.172480e-06 clkbuf_2_0_0_core_clk
 1.022811e-06 1.133146e-06 0.000000e+00 2.155957e-06 clkbuf_5_31__f_core_clk
 1.022420e-06 1.038729e-06 0.000000e+00 2.061149e-06 clkbuf_5_13__f_core_clk
 5.333591e-07 1.499861e-06 0.000000e+00 2.033220e-06 clkbuf_2_1_0_core_clk
 5.327714e-07 1.467910e-06 0.000000e+00 2.000681e-06 clkbuf_2_3_0_core_clk
 5.326906e-07 1.463579e-06 0.000000e+00 1.996270e-06 clkbuf_2_2_0_core_clk
 1.020414e-06 9.696121e-07 0.000000e+00 1.990026e-06 clkbuf_5_27__f_core_clk
 1.019179e-06 9.452778e-07 0.000000e+00 1.964457e-06 clkbuf_5_12__f_core_clk
 1.018426e-06 9.103115e-07 0.000000e+00 1.928737e-06 clkbuf_5_26__f_core_clk
 1.018447e-06 8.825988e-07 0.000000e+00 1.901046e-06 clkbuf_5_23__f_core_clk
 1.018158e-06 8.746320e-07 0.000000e+00 1.892790e-06 clkbuf_5_22__f_core_clk
 5.305595e-07 1.155273e-06 0.000000e+00 1.685832e-06 clkbuf_leaf_218_core_clk
 5.319573e-07 1.152446e-06 0.000000e+00 1.684403e-06 clkbuf_leaf_71_core_clk
 5.323854e-07 1.118624e-06 0.000000e+00 1.651010e-06 clkbuf_leaf_193_core_clk
 5.320927e-07 1.069320e-06 0.000000e+00 1.601413e-06 clkbuf_leaf_67_core_clk
 5.319222e-07 1.046910e-06 0.000000e+00 1.578832e-06 clkbuf_leaf_139_core_clk
 5.253098e-07 1.050860e-06 0.000000e+00 1.576169e-06 clkbuf_leaf_158_core_clk
 5.274035e-07 1.038079e-06 0.000000e+00 1.565483e-06 clkbuf_leaf_236_core_clk
 5.338036e-07 1.028083e-06 0.000000e+00 1.561887e-06 clkbuf_leaf_113_core_clk
 5.273366e-07 1.027164e-06 0.000000e+00 1.554501e-06 clkbuf_leaf_230_core_clk
 5.310201e-07 1.020604e-06 0.000000e+00 1.551624e-06 clkbuf_leaf_85_core_clk
 5.298367e-07 1.020365e-06 0.000000e+00 1.550202e-06 clkbuf_leaf_40_core_clk
 5.261211e-07 1.023064e-06 0.000000e+00 1.549185e-06 clkbuf_leaf_164_core_clk
 5.317194e-07 1.012197e-06 0.000000e+00 1.543916e-06 clkbuf_leaf_64_core_clk
 5.257232e-07 1.013063e-06 0.000000e+00 1.538787e-06 clkbuf_leaf_163_core_clk
 5.264778e-07 1.005805e-06 0.000000e+00 1.532283e-06 clkbuf_leaf_168_core_clk
 5.249764e-07 1.005652e-06 0.000000e+00 1.530628e-06 clkbuf_leaf_160_core_clk
 5.293215e-07 9.949911e-07 0.000000e+00 1.524313e-06 clkbuf_leaf_44_core_clk
 5.315521e-07 9.908214e-07 0.000000e+00 1.522374e-06 clkbuf_leaf_66_core_clk
 5.314873e-07 9.891992e-07 0.000000e+00 1.520687e-06 clkbuf_leaf_195_core_clk
 5.292328e-07 9.864992e-07 0.000000e+00 1.515732e-06 clkbuf_leaf_15_core_clk
 5.268464e-07 9.836377e-07 0.000000e+00 1.510484e-06 clkbuf_leaf_235_core_clk
 5.305517e-07 9.761593e-07 0.000000e+00 1.506711e-06 clkbuf_leaf_88_core_clk
 5.248169e-07 9.735522e-07 0.000000e+00 1.498369e-06 clkbuf_leaf_161_core_clk
 5.303985e-07 9.666263e-07 0.000000e+00 1.497025e-06 clkbuf_leaf_86_core_clk
 5.266900e-07 9.697291e-07 0.000000e+00 1.496419e-06 clkbuf_leaf_6_core_clk
 5.310272e-07 9.632349e-07 0.000000e+00 1.494262e-06 clkbuf_leaf_191_core_clk
 5.294891e-07 9.610235e-07 0.000000e+00 1.490513e-06 clkbuf_leaf_24_core_clk
 5.301616e-07 9.558700e-07 0.000000e+00 1.486032e-06 clkbuf_leaf_73_core_clk
 5.264440e-07 9.586311e-07 0.000000e+00 1.485075e-06 clkbuf_leaf_206_core_clk
 5.292368e-07 9.485233e-07 0.000000e+00 1.477760e-06 clkbuf_leaf_25_core_clk
 5.262724e-07 9.500056e-07 0.000000e+00 1.476278e-06 clkbuf_leaf_204_core_clk
 5.303869e-07 9.421967e-07 0.000000e+00 1.472584e-06 clkbuf_leaf_78_core_clk
 5.266438e-07 9.435606e-07 0.000000e+00 1.470204e-06 clkbuf_leaf_250_core_clk
 5.262121e-07 9.435153e-07 0.000000e+00 1.469727e-06 clkbuf_leaf_233_core_clk
 5.286263e-07 9.360264e-07 0.000000e+00 1.464653e-06 clkbuf_leaf_49_core_clk
 5.290951e-07 9.277776e-07 0.000000e+00 1.456873e-06 clkbuf_leaf_94_core_clk
 5.304489e-07 9.213285e-07 0.000000e+00 1.451778e-06 clkbuf_leaf_100_core_clk
 5.278196e-07 9.100303e-07 0.000000e+00 1.437850e-06 clkbuf_leaf_12_core_clk
 5.254973e-07 9.121937e-07 0.000000e+00 1.437691e-06 clkbuf_leaf_169_core_clk
 5.278384e-07 9.034870e-07 0.000000e+00 1.431325e-06 clkbuf_leaf_216_core_clk
 5.278981e-07 8.972430e-07 0.000000e+00 1.425141e-06 clkbuf_leaf_39_core_clk
 5.276831e-07 8.959180e-07 0.000000e+00 1.423601e-06 clkbuf_leaf_171_core_clk
 5.275054e-07 8.950481e-07 0.000000e+00 1.422553e-06 clkbuf_leaf_219_core_clk
 5.254188e-07 8.952931e-07 0.000000e+00 1.420712e-06 clkbuf_leaf_234_core_clk
 5.273190e-07 8.891047e-07 0.000000e+00 1.416424e-06 clkbuf_leaf_214_core_clk
 5.237602e-07 8.906146e-07 0.000000e+00 1.414375e-06 clkbuf_leaf_162_core_clk
 5.252358e-07 8.871871e-07 0.000000e+00 1.412423e-06 clkbuf_leaf_205_core_clk
 5.273163e-07 8.837034e-07 0.000000e+00 1.411020e-06 clkbuf_leaf_21_core_clk
 5.295363e-07 8.796400e-07 0.000000e+00 1.409176e-06 clkbuf_leaf_55_core_clk
 5.275135e-07 8.787908e-07 0.000000e+00 1.406304e-06 clkbuf_leaf_59_core_clk
 5.271329e-07 8.771362e-07 0.000000e+00 1.404269e-06 clkbuf_leaf_220_core_clk
 5.287005e-07 8.754320e-07 0.000000e+00 1.404132e-06 clkbuf_leaf_84_core_clk
 5.251466e-07 8.772986e-07 0.000000e+00 1.402445e-06 clkbuf_leaf_10_core_clk
 5.274504e-07 8.724247e-07 0.000000e+00 1.399875e-06 clkbuf_leaf_50_core_clk
 5.250899e-07 8.712068e-07 0.000000e+00 1.396297e-06 clkbuf_leaf_8_core_clk
 5.249513e-07 8.666836e-07 0.000000e+00 1.391635e-06 clkbuf_leaf_238_core_clk
 5.284639e-07 8.623179e-07 0.000000e+00 1.390782e-06 clkbuf_leaf_87_core_clk
 5.250834e-07 8.655669e-07 0.000000e+00 1.390650e-06 clkbuf_leaf_223_core_clk
 5.311313e-07 8.590171e-07 0.000000e+00 1.390148e-06 clkbuf_leaf_80_core_clk
 5.272070e-07 8.600148e-07 0.000000e+00 1.387222e-06 clkbuf_leaf_57_core_clk
 5.286630e-07 8.533548e-07 0.000000e+00 1.382018e-06 clkbuf_leaf_29_core_clk
 5.268151e-07 8.551494e-07 0.000000e+00 1.381965e-06 clkbuf_leaf_14_core_clk
 5.290536e-07 8.528044e-07 0.000000e+00 1.381858e-06 clkbuf_leaf_68_core_clk
 5.250966e-07 8.567281e-07 0.000000e+00 1.381825e-06 clkbuf_leaf_178_core_clk
 5.226747e-07 8.590018e-07 0.000000e+00 1.381676e-06 clkbuf_leaf_157_core_clk
 5.286253e-07 8.511095e-07 0.000000e+00 1.379735e-06 clkbuf_leaf_30_core_clk
 5.309293e-07 8.474333e-07 0.000000e+00 1.378363e-06 clkbuf_leaf_111_core_clk
 5.291045e-07 8.484489e-07 0.000000e+00 1.377553e-06 clkbuf_leaf_82_core_clk
 1.000947e-06 3.749959e-07 0.000000e+00 1.375943e-06 clkbuf_1_1__f_clk
 5.287584e-07 8.445382e-07 0.000000e+00 1.373297e-06 clkbuf_leaf_194_core_clk
 5.237693e-07 8.449711e-07 0.000000e+00 1.368740e-06 clkbuf_leaf_165_core_clk
 5.266290e-07 8.394866e-07 0.000000e+00 1.366116e-06 clkbuf_leaf_170_core_clk
 1.012251e-06 3.529639e-07 0.000000e+00 1.365215e-06 clkbuf_0_clk
 5.286049e-07 8.336893e-07 0.000000e+00 1.362294e-06 clkbuf_leaf_198_core_clk
 5.264092e-07 8.338345e-07 0.000000e+00 1.360244e-06 clkbuf_leaf_17_core_clk
 5.303377e-07 8.297812e-07 0.000000e+00 1.360119e-06 clkbuf_leaf_210_core_clk
 5.263975e-07 8.331062e-07 0.000000e+00 1.359504e-06 clkbuf_leaf_13_core_clk
 5.287902e-07 8.303700e-07 0.000000e+00 1.359160e-06 clkbuf_leaf_101_core_clk
 9.999694e-07 3.580098e-07 0.000000e+00 1.357979e-06 clkbuf_1_0__f_clk
 5.266330e-07 8.306708e-07 0.000000e+00 1.357304e-06 clkbuf_leaf_56_core_clk
 5.273412e-07 8.298109e-07 0.000000e+00 1.357152e-06 clkbuf_leaf_90_core_clk
 5.247099e-07 8.324050e-07 0.000000e+00 1.357115e-06 clkbuf_leaf_215_core_clk
 5.281746e-07 8.267869e-07 0.000000e+00 1.354961e-06 clkbuf_leaf_31_core_clk
 5.224248e-07 8.322509e-07 0.000000e+00 1.354676e-06 clkbuf_leaf_159_core_clk
 5.243423e-07 8.287026e-07 0.000000e+00 1.353045e-06 clkbuf_leaf_239_core_clk
 5.265937e-07 8.255901e-07 0.000000e+00 1.352184e-06 clkbuf_leaf_51_core_clk
 5.283781e-07 8.228474e-07 0.000000e+00 1.351225e-06 clkbuf_leaf_196_core_clk
 5.270987e-07 8.231152e-07 0.000000e+00 1.350214e-06 clkbuf_leaf_96_core_clk
 5.304028e-07 8.197457e-07 0.000000e+00 1.350149e-06 clkbuf_leaf_81_core_clk
 5.242867e-07 8.257816e-07 0.000000e+00 1.350068e-06 clkbuf_leaf_232_core_clk
 5.244149e-07 8.250570e-07 0.000000e+00 1.349472e-06 clkbuf_leaf_222_core_clk
 5.245445e-07 8.236233e-07 0.000000e+00 1.348168e-06 clkbuf_leaf_207_core_clk
 5.283807e-07 8.192144e-07 0.000000e+00 1.347595e-06 clkbuf_leaf_192_core_clk
 5.270169e-07 8.148563e-07 0.000000e+00 1.341873e-06 clkbuf_leaf_91_core_clk
 5.243899e-07 8.164587e-07 0.000000e+00 1.340848e-06 clkbuf_leaf_177_core_clk
 5.261195e-07 8.137194e-07 0.000000e+00 1.339839e-06 clkbuf_leaf_172_core_clk
 5.278220e-07 8.108895e-07 0.000000e+00 1.338711e-06 clkbuf_leaf_34_core_clk
 5.242701e-07 8.108325e-07 0.000000e+00 1.335103e-06 clkbuf_leaf_173_core_clk
 5.281416e-07 8.057582e-07 0.000000e+00 1.333900e-06 clkbuf_leaf_69_core_clk
 5.258126e-07 8.052431e-07 0.000000e+00 1.331056e-06 clkbuf_leaf_19_core_clk
 5.264731e-07 8.033132e-07 0.000000e+00 1.329786e-06 clkbuf_leaf_22_core_clk
 5.275785e-07 8.007884e-07 0.000000e+00 1.328367e-06 clkbuf_leaf_28_core_clk
 5.239202e-07 8.013831e-07 0.000000e+00 1.325303e-06 clkbuf_leaf_229_core_clk
 5.257069e-07 7.995387e-07 0.000000e+00 1.325246e-06 clkbuf_leaf_18_core_clk
 5.238837e-07 8.004745e-07 0.000000e+00 1.324358e-06 clkbuf_leaf_242_core_clk
 5.207625e-07 8.034704e-07 0.000000e+00 1.324233e-06 clkbuf_4_15_0_core_clk
 5.257585e-07 7.979655e-07 0.000000e+00 1.323724e-06 clkbuf_leaf_217_core_clk
 5.275134e-07 7.942795e-07 0.000000e+00 1.321793e-06 clkbuf_leaf_79_core_clk
 5.239872e-07 7.969376e-07 0.000000e+00 1.320925e-06 clkbuf_leaf_211_core_clk
 5.274140e-07 7.929243e-07 0.000000e+00 1.320338e-06 clkbuf_leaf_35_core_clk
 5.276204e-07 7.906744e-07 0.000000e+00 1.318295e-06 clkbuf_leaf_155_core_clk
 5.237633e-07 7.942949e-07 0.000000e+00 1.318058e-06 clkbuf_leaf_243_core_clk
 5.264181e-07 7.884525e-07 0.000000e+00 1.314871e-06 clkbuf_leaf_83_core_clk
 5.264375e-07 7.878191e-07 0.000000e+00 1.314257e-06 clkbuf_leaf_92_core_clk
 5.260961e-07 7.874953e-07 0.000000e+00 1.313591e-06 clkbuf_leaf_42_core_clk
 5.262398e-07 7.861456e-07 0.000000e+00 1.312385e-06 clkbuf_leaf_203_core_clk
 5.273913e-07 7.842144e-07 0.000000e+00 1.311606e-06 clkbuf_leaf_127_core_clk
 5.272689e-07 7.836893e-07 0.000000e+00 1.310958e-06 clkbuf_leaf_77_core_clk
 5.292242e-07 7.794704e-07 0.000000e+00 1.308695e-06 clkbuf_leaf_188_core_clk
 5.271240e-07 7.800972e-07 0.000000e+00 1.307221e-06 clkbuf_leaf_33_core_clk
 5.233944e-07 7.834876e-07 0.000000e+00 1.306882e-06 clkbuf_leaf_11_core_clk
 5.261809e-07 7.781287e-07 0.000000e+00 1.304310e-06 clkbuf_leaf_89_core_clk
 5.260443e-07 7.740595e-07 0.000000e+00 1.300104e-06 clkbuf_leaf_48_core_clk
 5.269230e-07 7.719753e-07 0.000000e+00 1.298898e-06 clkbuf_leaf_27_core_clk
 5.238108e-07 7.746333e-07 0.000000e+00 1.298444e-06 clkbuf_leaf_249_core_clk
 5.230106e-07 7.750335e-07 0.000000e+00 1.298044e-06 clkbuf_leaf_1_core_clk
 5.259857e-07 7.718821e-07 0.000000e+00 1.297868e-06 clkbuf_leaf_47_core_clk
 5.259413e-07 7.699578e-07 0.000000e+00 1.295899e-06 clkbuf_leaf_95_core_clk
 5.234096e-07 7.706736e-07 0.000000e+00 1.294083e-06 clkbuf_leaf_213_core_clk
 5.232347e-07 7.707823e-07 0.000000e+00 1.294017e-06 clkbuf_leaf_226_core_clk
 5.252583e-07 7.679872e-07 0.000000e+00 1.293245e-06 clkbuf_leaf_60_core_clk
 5.256822e-07 7.675048e-07 0.000000e+00 1.293187e-06 clkbuf_leaf_23_core_clk
 5.272902e-07 7.629175e-07 0.000000e+00 1.290208e-06 clkbuf_leaf_99_core_clk
 5.257353e-07 7.630219e-07 0.000000e+00 1.288757e-06 clkbuf_leaf_45_core_clk
 5.249024e-07 7.636528e-07 0.000000e+00 1.288555e-06 clkbuf_leaf_20_core_clk
 5.230269e-07 7.654035e-07 0.000000e+00 1.288430e-06 clkbuf_leaf_9_core_clk
 5.288549e-07 7.592143e-07 0.000000e+00 1.288069e-06 clkbuf_leaf_142_core_clk
 5.199033e-07 7.652293e-07 0.000000e+00 1.285133e-06 clkbuf_4_4_0_core_clk
 5.229007e-07 7.584366e-07 0.000000e+00 1.281337e-06 clkbuf_leaf_7_core_clk
 5.190788e-07 7.585414e-07 0.000000e+00 1.277620e-06 clkbuf_4_3_0_core_clk
 5.266170e-07 7.487263e-07 0.000000e+00 1.275343e-06 clkbuf_leaf_128_core_clk
 5.229645e-07 7.514582e-07 0.000000e+00 1.274423e-06 clkbuf_leaf_246_core_clk
 5.266651e-07 7.471837e-07 0.000000e+00 1.273849e-06 clkbuf_leaf_137_core_clk
 5.278685e-07 7.431904e-07 0.000000e+00 1.271059e-06 clkbuf_leaf_199_core_clk
 5.253187e-07 7.450454e-07 0.000000e+00 1.270364e-06 clkbuf_leaf_202_core_clk
 5.232284e-07 7.470917e-07 0.000000e+00 1.270320e-06 clkbuf_leaf_0_core_clk
 5.224307e-07 7.478168e-07 0.000000e+00 1.270247e-06 clkbuf_leaf_2_core_clk
 5.231970e-07 7.470049e-07 0.000000e+00 1.270202e-06 clkbuf_leaf_248_core_clk
 5.264479e-07 7.428068e-07 0.000000e+00 1.269255e-06 clkbuf_leaf_132_core_clk
 5.283411e-07 7.402450e-07 0.000000e+00 1.268586e-06 clkbuf_leaf_180_core_clk
 5.225132e-07 7.450976e-07 0.000000e+00 1.267611e-06 clkbuf_leaf_4_core_clk
 5.226550e-07 7.436712e-07 0.000000e+00 1.266326e-06 clkbuf_leaf_241_core_clk
 5.226042e-07 7.426993e-07 0.000000e+00 1.265304e-06 clkbuf_leaf_245_core_clk
 5.227544e-07 7.390641e-07 0.000000e+00 1.261819e-06 clkbuf_leaf_212_core_clk
 5.257677e-07 7.360449e-07 0.000000e+00 1.261813e-06 clkbuf_leaf_72_core_clk
 5.276576e-07 7.336010e-07 0.000000e+00 1.261259e-06 clkbuf_leaf_190_core_clk
 5.276852e-07 7.332771e-07 0.000000e+00 1.260962e-06 clkbuf_leaf_186_core_clk
 5.263496e-07 7.330183e-07 0.000000e+00 1.259368e-06 clkbuf_leaf_74_core_clk
 5.281248e-07 7.305211e-07 0.000000e+00 1.258646e-06 clkbuf_leaf_179_core_clk
 5.251210e-07 7.332299e-07 0.000000e+00 1.258351e-06 clkbuf_leaf_43_core_clk
 5.251578e-07 7.315056e-07 0.000000e+00 1.256663e-06 clkbuf_leaf_93_core_clk
 5.250476e-07 7.300753e-07 0.000000e+00 1.255123e-06 clkbuf_leaf_46_core_clk
 5.248274e-07 7.291360e-07 0.000000e+00 1.253964e-06 clkbuf_leaf_16_core_clk
 5.263503e-07 7.270569e-07 0.000000e+00 1.253407e-06 clkbuf_leaf_37_core_clk
 5.280490e-07 7.218042e-07 0.000000e+00 1.249853e-06 clkbuf_leaf_151_core_clk
 5.225500e-07 7.237970e-07 0.000000e+00 1.246347e-06 clkbuf_leaf_255_core_clk
 5.219873e-07 7.221306e-07 0.000000e+00 1.244118e-06 clkbuf_leaf_5_core_clk
 5.261303e-07 7.170989e-07 0.000000e+00 1.243229e-06 clkbuf_leaf_54_core_clk
 5.278229e-07 7.139803e-07 0.000000e+00 1.241803e-06 clkbuf_leaf_63_core_clk
 5.258581e-07 7.157664e-07 0.000000e+00 1.241624e-06 clkbuf_leaf_129_core_clk
 5.220566e-07 7.171164e-07 0.000000e+00 1.239173e-06 clkbuf_leaf_224_core_clk
 5.260180e-07 7.129168e-07 0.000000e+00 1.238935e-06 clkbuf_leaf_36_core_clk
 5.261216e-07 7.124801e-07 0.000000e+00 1.238602e-06 clkbuf_leaf_102_core_clk
 5.220828e-07 7.163867e-07 0.000000e+00 1.238469e-06 clkbuf_leaf_228_core_clk
 5.245933e-07 7.083306e-07 0.000000e+00 1.232924e-06 clkbuf_leaf_201_core_clk
 5.236452e-07 7.091896e-07 0.000000e+00 1.232835e-06 clkbuf_leaf_221_core_clk
 5.181121e-07 7.146209e-07 0.000000e+00 1.232733e-06 clkbuf_4_0_0_core_clk
 5.243576e-07 7.071770e-07 0.000000e+00 1.231535e-06 clkbuf_leaf_32_core_clk
 5.220595e-07 7.081129e-07 0.000000e+00 1.230172e-06 clkbuf_leaf_247_core_clk
 5.258077e-07 7.037653e-07 0.000000e+00 1.229573e-06 clkbuf_leaf_38_core_clk
 5.245463e-07 7.027847e-07 0.000000e+00 1.227331e-06 clkbuf_leaf_126_core_clk
 5.256191e-07 7.016782e-07 0.000000e+00 1.227297e-06 clkbuf_leaf_138_core_clk
 5.256028e-07 7.005000e-07 0.000000e+00 1.226103e-06 clkbuf_leaf_75_core_clk
 5.258443e-07 6.993260e-07 0.000000e+00 1.225170e-06 clkbuf_leaf_98_core_clk
 5.241967e-07 6.995496e-07 0.000000e+00 1.223746e-06 clkbuf_leaf_41_core_clk
 5.214859e-07 7.021530e-07 0.000000e+00 1.223639e-06 clkbuf_leaf_3_core_clk
 5.273313e-07 6.956666e-07 0.000000e+00 1.222998e-06 clkbuf_leaf_200_core_clk
 5.216169e-07 7.012908e-07 0.000000e+00 1.222908e-06 clkbuf_leaf_237_core_clk
 5.243766e-07 6.943943e-07 0.000000e+00 1.218771e-06 clkbuf_leaf_120_core_clk
 5.243255e-07 6.932019e-07 0.000000e+00 1.217527e-06 clkbuf_leaf_114_core_clk
 5.215371e-07 6.926272e-07 0.000000e+00 1.214164e-06 clkbuf_leaf_225_core_clk
 5.177193e-07 6.962439e-07 0.000000e+00 1.213963e-06 clkbuf_4_2_0_core_clk
 5.271671e-07 6.851678e-07 0.000000e+00 1.212335e-06 clkbuf_leaf_62_core_clk
 5.252248e-07 6.850519e-07 0.000000e+00 1.210277e-06 clkbuf_leaf_76_core_clk
 5.252172e-07 6.840148e-07 0.000000e+00 1.209232e-06 clkbuf_leaf_131_core_clk
 5.214429e-07 6.874002e-07 0.000000e+00 1.208843e-06 clkbuf_leaf_167_core_clk
 5.219152e-07 6.864307e-07 0.000000e+00 1.208346e-06 clkbuf_leaf_240_core_clk
 5.252388e-07 6.761008e-07 0.000000e+00 1.201340e-06 clkbuf_leaf_97_core_clk
 5.262493e-07 6.730186e-07 0.000000e+00 1.199268e-06 clkbuf_leaf_185_core_clk
 5.261689e-07 6.713720e-07 0.000000e+00 1.197541e-06 clkbuf_leaf_187_core_clk
 5.249996e-07 6.716968e-07 0.000000e+00 1.196696e-06 clkbuf_leaf_52_core_clk
 5.252875e-07 6.702825e-07 0.000000e+00 1.195570e-06 clkbuf_leaf_153_core_clk
 5.264407e-07 6.663709e-07 0.000000e+00 1.192812e-06 clkbuf_leaf_140_core_clk
 5.209407e-07 6.708502e-07 0.000000e+00 1.191791e-06 clkbuf_leaf_244_core_clk
 5.176997e-07 6.679064e-07 0.000000e+00 1.185606e-06 clkbuf_4_7_0_core_clk
 5.210593e-07 6.629249e-07 0.000000e+00 1.183984e-06 clkbuf_leaf_254_core_clk
 5.206526e-07 6.598987e-07 0.000000e+00 1.180551e-06 clkbuf_leaf_231_core_clk
 5.175008e-07 6.591428e-07 0.000000e+00 1.176644e-06 clkbuf_4_6_0_core_clk
 5.259688e-07 6.499922e-07 0.000000e+00 1.175961e-06 clkbuf_leaf_135_core_clk
 5.174676e-07 6.575683e-07 0.000000e+00 1.175036e-06 clkbuf_4_14_0_core_clk
 5.241007e-07 6.459456e-07 0.000000e+00 1.170046e-06 clkbuf_leaf_130_core_clk
 5.239892e-07 6.460351e-07 0.000000e+00 1.170024e-06 clkbuf_leaf_133_core_clk
 5.242394e-07 6.456533e-07 0.000000e+00 1.169893e-06 clkbuf_leaf_70_core_clk
 5.173238e-07 6.479245e-07 0.000000e+00 1.165248e-06 clkbuf_4_13_0_core_clk
 5.224629e-07 6.397709e-07 0.000000e+00 1.162234e-06 clkbuf_leaf_26_core_clk
 5.199134e-07 6.349685e-07 0.000000e+00 1.154882e-06 clkbuf_leaf_227_core_clk
 5.170963e-07 6.356942e-07 0.000000e+00 1.152791e-06 clkbuf_4_9_0_core_clk
 5.162487e-07 6.361046e-07 0.000000e+00 1.152353e-06 clkbuf_4_1_0_core_clk
 5.248502e-07 6.250269e-07 0.000000e+00 1.149877e-06 clkbuf_leaf_189_core_clk
 5.169236e-07 6.294064e-07 0.000000e+00 1.146330e-06 clkbuf_4_8_0_core_clk
 5.198348e-07 6.223918e-07 0.000000e+00 1.142227e-06 clkbuf_leaf_253_core_clk
 5.232671e-07 6.177285e-07 0.000000e+00 1.140996e-06 clkbuf_leaf_136_core_clk
 5.220385e-07 6.152845e-07 0.000000e+00 1.137323e-06 clkbuf_leaf_125_core_clk
 5.197259e-07 6.152836e-07 0.000000e+00 1.135009e-06 clkbuf_leaf_256_core_clk
 5.165482e-07 6.159333e-07 0.000000e+00 1.132481e-06 clkbuf_4_12_0_core_clk
 5.230111e-07 6.073947e-07 0.000000e+00 1.130406e-06 clkbuf_leaf_110_core_clk
 5.245114e-07 5.977284e-07 0.000000e+00 1.122240e-06 clkbuf_leaf_65_core_clk
 5.227650e-07 5.947863e-07 0.000000e+00 1.117551e-06 clkbuf_leaf_53_core_clk
 5.160340e-07 5.951118e-07 0.000000e+00 1.111146e-06 clkbuf_4_11_0_core_clk
 5.159192e-07 5.912939e-07 0.000000e+00 1.107213e-06 clkbuf_4_10_0_core_clk
 5.223689e-07 5.846815e-07 0.000000e+00 1.107050e-06 clkbuf_leaf_103_core_clk
 5.227244e-07 5.816345e-07 0.000000e+00 1.104359e-06 clkbuf_leaf_154_core_clk
 5.155938e-07 5.841073e-07 0.000000e+00 1.099701e-06 clkbuf_4_5_0_core_clk
 5.185005e-07 5.797828e-07 0.000000e+00 1.098283e-06 clkbuf_leaf_251_core_clk
 5.183903e-07 5.775439e-07 0.000000e+00 1.095934e-06 clkbuf_leaf_209_core_clk
 5.219435e-07 5.705220e-07 0.000000e+00 1.092465e-06 clkbuf_leaf_109_core_clk
 5.182086e-07 5.708996e-07 0.000000e+00 1.089108e-06 clkbuf_leaf_176_core_clk
 5.197556e-07 5.545356e-07 0.000000e+00 1.074291e-06 clkbuf_leaf_175_core_clk
 5.230180e-07 5.477185e-07 0.000000e+00 1.070737e-06 clkbuf_leaf_141_core_clk
 5.196070e-07 5.499811e-07 0.000000e+00 1.069588e-06 clkbuf_leaf_183_core_clk
 5.233935e-07 5.449124e-07 0.000000e+00 1.068306e-06 clkbuf_leaf_118_core_clk
 5.210991e-07 5.425040e-07 0.000000e+00 1.063603e-06 clkbuf_leaf_104_core_clk
 5.193667e-07 5.428434e-07 0.000000e+00 1.062210e-06 clkbuf_leaf_181_core_clk
 5.230997e-07 5.359343e-07 0.000000e+00 1.059034e-06 clkbuf_leaf_107_core_clk
 5.211578e-07 5.300082e-07 0.000000e+00 1.051166e-06 clkbuf_leaf_152_core_clk
 5.226710e-07 5.224501e-07 0.000000e+00 1.045121e-06 clkbuf_leaf_112_core_clk
 5.192241e-07 5.227361e-07 0.000000e+00 1.041960e-06 clkbuf_leaf_122_core_clk
 5.204191e-07 5.194521e-07 0.000000e+00 1.039871e-06 clkbuf_leaf_108_core_clk
 5.201784e-07 5.122172e-07 0.000000e+00 1.032396e-06 clkbuf_leaf_105_core_clk
 5.199497e-07 5.039764e-07 0.000000e+00 1.023926e-06 clkbuf_leaf_106_core_clk
 5.188197e-07 5.046463e-07 0.000000e+00 1.023466e-06 clkbuf_leaf_121_core_clk
 5.217213e-07 4.930881e-07 0.000000e+00 1.014809e-06 clkbuf_leaf_115_core_clk
 5.200056e-07 4.927885e-07 0.000000e+00 1.012794e-06 clkbuf_leaf_156_core_clk
 5.198042e-07 4.888646e-07 0.000000e+00 1.008669e-06 clkbuf_leaf_61_core_clk
 5.178606e-07 4.878155e-07 0.000000e+00 1.005676e-06 clkbuf_leaf_166_core_clk
 5.211722e-07 4.831692e-07 0.000000e+00 1.004341e-06 clkbuf_leaf_150_core_clk
 5.180894e-07 4.768321e-07 0.000000e+00 9.949215e-07 clkbuf_leaf_134_core_clk
 5.173577e-07 4.714299e-07 0.000000e+00 9.887876e-07 clkbuf_leaf_174_core_clk
 2.646907e-07 7.123318e-07 0.000000e+00 9.770225e-07 fanout52
 5.169221e-07 4.594529e-07 0.000000e+00 9.763750e-07 clkbuf_leaf_182_core_clk
 5.198752e-07 4.414542e-07 0.000000e+00 9.613294e-07 clkbuf_leaf_116_core_clk
 5.160981e-07 4.199701e-07 0.000000e+00 9.360681e-07 clkbuf_leaf_145_core_clk
 5.172070e-07 4.148542e-07 0.000000e+00 9.320612e-07 clkbuf_leaf_197_core_clk
 5.167159e-07 4.104245e-07 0.000000e+00 9.271405e-07 clkbuf_leaf_119_core_clk
 5.166155e-07 3.990135e-07 0.000000e+00 9.156290e-07 clkbuf_leaf_147_core_clk
 5.148240e-07 3.901781e-07 0.000000e+00 9.050020e-07 clkbuf_leaf_149_core_clk
 5.139891e-07 3.791806e-07 0.000000e+00 8.931697e-07 clkbuf_leaf_184_core_clk
 5.150715e-07 3.642757e-07 0.000000e+00 8.793472e-07 clkbuf_leaf_123_core_clk
 2.375507e-07 5.719773e-07 0.000000e+00 8.095279e-07 u_dmem_icg.u_icg
 1.345160e-07 5.552041e-07 0.000000e+00 6.897201e-07 fanout53
 1.003935e-07 5.176365e-07 0.000000e+00 6.180301e-07 wire134
 1.769509e-07 3.981048e-07 0.000000e+00 5.750557e-07 load_slew51
 1.310167e-07 4.323193e-07 0.000000e+00 5.633360e-07 fanout439
 5.600344e-07 0.000000e+00 0.000000e+00 5.600344e-07 clkload52
 5.599632e-07 0.000000e+00 0.000000e+00 5.599632e-07 clkload194
 5.597134e-07 0.000000e+00 0.000000e+00 5.597134e-07 clkload197
 5.595106e-07 0.000000e+00 0.000000e+00 5.595106e-07 clkload55
 5.594342e-07 0.000000e+00 0.000000e+00 5.594342e-07 clkload92
 5.587271e-07 0.000000e+00 0.000000e+00 5.587271e-07 clkload169
 5.584989e-07 0.000000e+00 0.000000e+00 5.584989e-07 clkload98
 5.583234e-07 0.000000e+00 0.000000e+00 5.583234e-07 clkload116
 5.579533e-07 0.000000e+00 0.000000e+00 5.579533e-07 clkload218
 5.573651e-07 0.000000e+00 0.000000e+00 5.573651e-07 clkload22
 5.573497e-07 0.000000e+00 0.000000e+00 5.573497e-07 clkload103
 1.359923e-07 4.062220e-07 0.000000e+00 5.422143e-07 fanout55
 9.183395e-08 4.423829e-07 0.000000e+00 5.342168e-07 load_slew132
 9.945889e-08 4.119665e-07 0.000000e+00 5.114254e-07 fanout115
 4.975159e-07 0.000000e+00 0.000000e+00 4.975159e-07 clkload7
 4.965556e-07 0.000000e+00 0.000000e+00 4.965556e-07 clkload10
 4.963167e-07 0.000000e+00 0.000000e+00 4.963167e-07 clkload9
 4.958055e-07 0.000000e+00 0.000000e+00 4.958055e-07 clkload3
 9.390197e-08 3.962645e-07 0.000000e+00 4.901665e-07 fanout117
 9.285361e-08 3.914402e-07 0.000000e+00 4.842938e-07 fanout248
 9.931929e-08 3.645373e-07 0.000000e+00 4.638566e-07 fanout110
 9.924794e-08 3.613700e-07 0.000000e+00 4.606180e-07 fanout114
 9.879564e-08 3.501208e-07 0.000000e+00 4.489165e-07 fanout116
 9.320569e-08 3.538678e-07 0.000000e+00 4.470735e-07 fanout246
 9.879481e-08 3.475176e-07 0.000000e+00 4.463124e-07 fanout112
 1.021388e-07 3.341792e-07 0.000000e+00 4.363180e-07 fanout75
 1.254464e-07 2.983214e-07 0.000000e+00 4.237678e-07 fanout921
 1.028959e-07 3.161938e-07 0.000000e+00 4.190896e-07 fanout77
 8.111913e-08 3.334884e-07 0.000000e+00 4.146075e-07 wire133
 1.204182e-07 2.934925e-07 0.000000e+00 4.139108e-07 fanout102
 1.263493e-07 2.854341e-07 0.000000e+00 4.117834e-07 fanout920
 1.043686e-07 3.015638e-07 0.000000e+00 4.059324e-07 fanout79
 6.846379e-08 3.300617e-07 0.000000e+00 3.985255e-07 fanout245
 9.626793e-08 2.985950e-07 0.000000e+00 3.948629e-07 fanout274
 9.699175e-08 2.966238e-07 0.000000e+00 3.936155e-07 fanout289
 9.642979e-08 2.968004e-07 0.000000e+00 3.932302e-07 fanout277
 1.022315e-07 2.884607e-07 0.000000e+00 3.906922e-07 fanout76
 9.642299e-08 2.923607e-07 0.000000e+00 3.887837e-07 fanout285
 9.660662e-08 2.875659e-07 0.000000e+00 3.841725e-07 fanout270
 1.014789e-07 2.825523e-07 0.000000e+00 3.840312e-07 fanout126
 6.861190e-08 3.126366e-07 0.000000e+00 3.812485e-07 wire135
 9.658974e-08 2.844332e-07 0.000000e+00 3.810230e-07 fanout316
 1.015517e-07 2.765910e-07 0.000000e+00 3.781427e-07 fanout122
 9.654706e-08 2.810907e-07 0.000000e+00 3.776377e-07 fanout311
 9.630082e-08 2.787562e-07 0.000000e+00 3.750571e-07 fanout302
 9.645476e-08 2.785415e-07 0.000000e+00 3.749962e-07 fanout273
 9.665472e-08 2.778964e-07 0.000000e+00 3.745511e-07 fanout307
 9.600022e-08 2.774424e-07 0.000000e+00 3.734426e-07 fanout325
 9.664308e-08 2.763136e-07 0.000000e+00 3.729567e-07 fanout305
 1.021561e-07 2.703490e-07 0.000000e+00 3.725050e-07 fanout74
 9.556253e-08 2.751025e-07 0.000000e+00 3.706650e-07 fanout281
 6.856890e-08 3.010465e-07 0.000000e+00 3.696154e-07 fanout64
 9.676118e-08 2.714002e-07 0.000000e+00 3.681614e-07 fanout330
 9.590187e-08 2.683323e-07 0.000000e+00 3.642341e-07 fanout327
 9.639382e-08 2.654737e-07 0.000000e+00 3.618676e-07 fanout267
 9.595686e-08 2.644059e-07 0.000000e+00 3.603628e-07 fanout271
 9.641850e-08 2.639386e-07 0.000000e+00 3.603571e-07 fanout309
 9.614323e-08 2.635423e-07 0.000000e+00 3.596855e-07 fanout284
 9.587855e-08 2.635486e-07 0.000000e+00 3.594271e-07 fanout300
 9.588790e-08 2.634919e-07 0.000000e+00 3.593798e-07 fanout293
 9.641108e-08 2.629036e-07 0.000000e+00 3.593146e-07 fanout269
 9.611526e-08 2.598668e-07 0.000000e+00 3.559821e-07 fanout297
 7.005404e-08 2.846710e-07 0.000000e+00 3.547250e-07 fanout70
 6.516940e-08 2.886807e-07 0.000000e+00 3.538501e-07 fanout1319
 9.645018e-08 2.557674e-07 0.000000e+00 3.522176e-07 fanout329
 1.021341e-07 2.467228e-07 0.000000e+00 3.488569e-07 fanout124
 1.015588e-07 2.467364e-07 0.000000e+00 3.482951e-07 fanout120
 9.640476e-08 2.518217e-07 0.000000e+00 3.482264e-07 fanout322
 8.968050e-08 2.543386e-07 0.000000e+00 3.440191e-07 fanout866
 6.237216e-08 2.815978e-07 0.000000e+00 3.439700e-07 fanout1288
 9.531087e-08 2.479092e-07 0.000000e+00 3.432201e-07 fanout279
 6.299637e-08 2.760732e-07 0.000000e+00 3.390695e-07 wire342
 6.833980e-08 2.673194e-07 0.000000e+00 3.356592e-07 fanout68
 6.069373e-08 2.680473e-07 0.000000e+00 3.287410e-07 fanout1282
 6.335009e-08 2.564271e-07 0.000000e+00 3.197772e-07 fanout1300
 8.915143e-08 2.298241e-07 0.000000e+00 3.189756e-07 fanout867
 5.753185e-08 2.593021e-07 0.000000e+00 3.168339e-07 fanout1276
 6.833686e-08 2.471682e-07 0.000000e+00 3.155051e-07 fanout62
 6.350280e-08 2.496698e-07 0.000000e+00 3.131726e-07 fanout1317
 5.925571e-08 2.538278e-07 0.000000e+00 3.130835e-07 fanout1279
 6.085521e-08 2.522040e-07 0.000000e+00 3.130592e-07 fanout1324
 6.752261e-08 2.450927e-07 0.000000e+00 3.126153e-07 hold54
 3.106776e-07 0.000000e+00 0.000000e+00 3.106776e-07 clkload13
 6.599203e-08 2.444043e-07 0.000000e+00 3.103964e-07 fanout437
 3.099957e-07 0.000000e+00 0.000000e+00 3.099957e-07 clkload143
 3.098956e-07 0.000000e+00 0.000000e+00 3.098956e-07 clkload200
 3.096341e-07 0.000000e+00 0.000000e+00 3.096341e-07 clkload80
 3.095955e-07 0.000000e+00 0.000000e+00 3.095955e-07 clkload82
 3.094326e-07 0.000000e+00 0.000000e+00 3.094326e-07 clkload107
 3.093267e-07 0.000000e+00 0.000000e+00 3.093267e-07 clkload39
 3.090037e-07 0.000000e+00 0.000000e+00 3.090037e-07 clkload1
 6.357165e-08 2.450351e-07 0.000000e+00 3.086068e-07 fanout1316
 6.842159e-08 2.396278e-07 0.000000e+00 3.080494e-07 fanout92
 7.360541e-08 2.302964e-07 0.000000e+00 3.039018e-07 wire455
 6.815379e-08 2.350595e-07 0.000000e+00 3.032133e-07 fanout69
 8.301038e-08 2.138446e-07 0.000000e+00 2.968550e-07 hold45
 4.891239e-08 2.431125e-07 0.000000e+00 2.920249e-07 fanout288
 5.842464e-08 2.305072e-07 0.000000e+00 2.889319e-07 fanout343
 5.619349e-08 2.322616e-07 0.000000e+00 2.884551e-07 fanout1275
 6.245676e-08 2.253218e-07 0.000000e+00 2.877786e-07 fanout414
 6.177118e-08 2.259133e-07 0.000000e+00 2.876845e-07 fanout1294
 6.893439e-08 2.130372e-07 0.000000e+00 2.819716e-07 _12529_
 6.244010e-08 2.194168e-07 0.000000e+00 2.818569e-07 fanout413
 2.815434e-07 0.000000e+00 0.000000e+00 2.815434e-07 clkload113
 2.815276e-07 0.000000e+00 0.000000e+00 2.815276e-07 clkload171
 2.814950e-07 0.000000e+00 0.000000e+00 2.814950e-07 clkload87
 2.814875e-07 0.000000e+00 0.000000e+00 2.814875e-07 clkload173
 2.814868e-07 0.000000e+00 0.000000e+00 2.814868e-07 clkload62
 2.814758e-07 0.000000e+00 0.000000e+00 2.814758e-07 clkload189
 2.814660e-07 0.000000e+00 0.000000e+00 2.814660e-07 clkload137
 2.814358e-07 0.000000e+00 0.000000e+00 2.814358e-07 clkload61
 2.814249e-07 0.000000e+00 0.000000e+00 2.814249e-07 clkload86
 2.814112e-07 0.000000e+00 0.000000e+00 2.814112e-07 clkload139
 2.813998e-07 0.000000e+00 0.000000e+00 2.813998e-07 clkload136
 2.813426e-07 0.000000e+00 0.000000e+00 2.813426e-07 clkload157
 2.813348e-07 0.000000e+00 0.000000e+00 2.813348e-07 clkload214
 2.813341e-07 0.000000e+00 0.000000e+00 2.813341e-07 clkload36
 2.812828e-07 0.000000e+00 0.000000e+00 2.812828e-07 clkload67
 2.812812e-07 0.000000e+00 0.000000e+00 2.812812e-07 clkload32
 2.812685e-07 0.000000e+00 0.000000e+00 2.812685e-07 clkload18
 2.812567e-07 0.000000e+00 0.000000e+00 2.812567e-07 clkload30
 2.812507e-07 0.000000e+00 0.000000e+00 2.812507e-07 clkload126
 2.812063e-07 0.000000e+00 0.000000e+00 2.812063e-07 clkload31
 2.811728e-07 0.000000e+00 0.000000e+00 2.811728e-07 clkload29
 2.811706e-07 0.000000e+00 0.000000e+00 2.811706e-07 clkload37
 6.446120e-08 2.167080e-07 0.000000e+00 2.811692e-07 fanout346
 2.811234e-07 0.000000e+00 0.000000e+00 2.811234e-07 clkload130
 2.811142e-07 0.000000e+00 0.000000e+00 2.811142e-07 clkload176
 2.811082e-07 0.000000e+00 0.000000e+00 2.811082e-07 clkload49
 2.810971e-07 0.000000e+00 0.000000e+00 2.810971e-07 clkload24
 2.810476e-07 0.000000e+00 0.000000e+00 2.810476e-07 clkload72
 2.810430e-07 0.000000e+00 0.000000e+00 2.810430e-07 clkload23
 2.810322e-07 0.000000e+00 0.000000e+00 2.810322e-07 clkload43
 2.810213e-07 0.000000e+00 0.000000e+00 2.810213e-07 clkload131
 2.810026e-07 0.000000e+00 0.000000e+00 2.810026e-07 clkload223
 2.809973e-07 0.000000e+00 0.000000e+00 2.809973e-07 clkload26
 5.541714e-08 2.253685e-07 0.000000e+00 2.807857e-07 fanout177
 5.762616e-08 2.231253e-07 0.000000e+00 2.807515e-07 fanout144
 5.170165e-08 2.289397e-07 0.000000e+00 2.806414e-07 fanout607
 2.798996e-07 0.000000e+00 0.000000e+00 2.798996e-07 clkload145
 2.798610e-07 0.000000e+00 0.000000e+00 2.798610e-07 clkload186
 2.796357e-07 0.000000e+00 0.000000e+00 2.796357e-07 clkload124
 6.858169e-08 2.072854e-07 0.000000e+00 2.758671e-07 fanout47
 6.206133e-08 2.093092e-07 0.000000e+00 2.713705e-07 fanout597
 6.725504e-08 2.035852e-07 0.000000e+00 2.708402e-07 fanout201
 6.186639e-08 2.086220e-07 0.000000e+00 2.704884e-07 fanout1292
 6.066531e-08 2.096156e-07 0.000000e+00 2.702810e-07 fanout1287
 6.126643e-08 2.086065e-07 0.000000e+00 2.698729e-07 fanout100
 6.698610e-08 2.025416e-07 0.000000e+00 2.695277e-07 fanout198
 6.199215e-08 2.067406e-07 0.000000e+00 2.687327e-07 fanout415
 6.723934e-08 2.011940e-07 0.000000e+00 2.684333e-07 fanout189
 6.692778e-08 2.010237e-07 0.000000e+00 2.679514e-07 fanout222
 5.900206e-08 2.086969e-07 0.000000e+00 2.676990e-07 fanout1280
 6.695301e-08 2.005397e-07 0.000000e+00 2.674927e-07 fanout185
 6.729562e-08 1.984067e-07 0.000000e+00 2.657023e-07 fanout182
 6.738762e-08 1.974885e-07 0.000000e+00 2.648761e-07 fanout227
 5.760637e-08 2.069267e-07 0.000000e+00 2.645331e-07 fanout142
 6.702876e-08 1.967782e-07 0.000000e+00 2.638069e-07 fanout214
 5.905163e-08 2.018396e-07 0.000000e+00 2.608913e-07 fanout1277
 5.858813e-08 2.011628e-07 0.000000e+00 2.597510e-07 fanout1133
 6.686660e-08 1.928657e-07 0.000000e+00 2.597323e-07 fanout217
 5.052701e-08 2.090312e-07 0.000000e+00 2.595582e-07 hold127
 6.741914e-08 1.918879e-07 0.000000e+00 2.593071e-07 fanout179
 6.708855e-08 1.921803e-07 0.000000e+00 2.592688e-07 fanout242
 6.702626e-08 1.909512e-07 0.000000e+00 2.579775e-07 fanout236
 6.136589e-08 1.961906e-07 0.000000e+00 2.575565e-07 fanout97
 6.687358e-08 1.896908e-07 0.000000e+00 2.565644e-07 fanout193
 6.054177e-08 1.959645e-07 0.000000e+00 2.565062e-07 fanout1286
 6.679668e-08 1.892967e-07 0.000000e+00 2.560934e-07 fanout220
 6.685142e-08 1.887095e-07 0.000000e+00 2.555609e-07 fanout196
 4.528949e-08 2.084240e-07 0.000000e+00 2.537135e-07 fanout1225
 6.580252e-08 1.871975e-07 0.000000e+00 2.530000e-07 fanout438
 6.677080e-08 1.861743e-07 0.000000e+00 2.529451e-07 fanout219
 5.535755e-08 1.975794e-07 0.000000e+00 2.529369e-07 fanout166
 6.590393e-08 1.861156e-07 0.000000e+00 2.520195e-07 fanout436
 5.612705e-08 1.953720e-07 0.000000e+00 2.514990e-07 fanout1273
 4.506364e-08 2.058948e-07 0.000000e+00 2.509585e-07 hold63
 6.744120e-08 1.833968e-07 0.000000e+00 2.508380e-07 fanout240
 6.699779e-08 1.828097e-07 0.000000e+00 2.498075e-07 fanout209
 6.724725e-08 1.825397e-07 0.000000e+00 2.497870e-07 fanout181
 6.727419e-08 1.823316e-07 0.000000e+00 2.496058e-07 fanout233
 5.133145e-08 1.978590e-07 0.000000e+00 2.491904e-07 fanout1253
 6.684535e-08 1.822458e-07 0.000000e+00 2.490911e-07 fanout205
 5.191531e-08 1.968821e-07 0.000000e+00 2.487974e-07 hold93
 6.719736e-08 1.814730e-07 0.000000e+00 2.486703e-07 fanout197
 5.879082e-08 1.896746e-07 0.000000e+00 2.484654e-07 fanout1132
 5.878803e-08 1.893459e-07 0.000000e+00 2.481339e-07 fanout1131
 6.681710e-08 1.798918e-07 0.000000e+00 2.467089e-07 fanout212
 6.144148e-08 1.848026e-07 0.000000e+00 2.462440e-07 fanout595
 4.898997e-08 1.970375e-07 0.000000e+00 2.460275e-07 fanout275
 4.408110e-08 2.018141e-07 0.000000e+00 2.458952e-07 hold199
 4.730344e-08 1.985791e-07 0.000000e+00 2.458826e-07 fanout411
 5.607638e-08 1.886286e-07 0.000000e+00 2.447049e-07 fanout1274
 4.864146e-08 1.950886e-07 0.000000e+00 2.437301e-07 hold139
 5.734118e-08 1.856094e-07 0.000000e+00 2.429506e-07 fanout479
 6.692306e-08 1.740550e-07 0.000000e+00 2.409781e-07 fanout241
 5.733111e-08 1.831029e-07 0.000000e+00 2.404340e-07 fanout481
 4.989150e-08 1.899783e-07 0.000000e+00 2.398698e-07 fanout443
 6.225554e-08 1.776013e-07 0.000000e+00 2.398568e-07 fanout412
 6.136852e-08 1.779543e-07 0.000000e+00 2.393228e-07 fanout104
 4.959796e-08 1.889623e-07 0.000000e+00 2.385603e-07 fanout487
 5.796528e-08 1.799586e-07 0.000000e+00 2.379239e-07 fanout1268
 5.479187e-08 1.828961e-07 0.000000e+00 2.376880e-07 fanout452
 5.190091e-08 1.857288e-07 0.000000e+00 2.376297e-07 hold131
 4.588027e-08 1.916348e-07 0.000000e+00 2.375151e-07 fanout1237
 4.984398e-08 1.875898e-07 0.000000e+00 2.374338e-07 fanout442
 5.759472e-08 1.797100e-07 0.000000e+00 2.373047e-07 fanout456
 5.208773e-08 1.837983e-07 0.000000e+00 2.358860e-07 fanout600
 5.468558e-08 1.810048e-07 0.000000e+00 2.356904e-07 fanout451
 4.757401e-08 1.880838e-07 0.000000e+00 2.356578e-07 _13240_
 4.710689e-08 1.879966e-07 0.000000e+00 2.351035e-07 fanout755
 5.521600e-08 1.796811e-07 0.000000e+00 2.348971e-07 fanout176
 4.136381e-08 1.927426e-07 0.000000e+00 2.341064e-07 fanout1018
 4.887117e-08 1.851077e-07 0.000000e+00 2.339788e-07 fanout326
 2.336404e-07 0.000000e+00 0.000000e+00 2.336404e-07 clkload226
 4.753879e-08 1.859216e-07 0.000000e+00 2.334604e-07 fanout390
 4.691608e-08 1.863665e-07 0.000000e+00 2.332826e-07 fanout593
 6.139035e-08 1.715481e-07 0.000000e+00 2.329384e-07 fanout594
 2.329145e-07 0.000000e+00 0.000000e+00 2.329145e-07 clkload120
 2.325975e-07 0.000000e+00 0.000000e+00 2.325975e-07 clkload190
 2.325090e-07 0.000000e+00 0.000000e+00 2.325090e-07 clkload181
 5.478309e-08 1.777019e-07 0.000000e+00 2.324850e-07 fanout453
 2.324652e-07 0.000000e+00 0.000000e+00 2.324652e-07 clkload123
 2.323896e-07 0.000000e+00 0.000000e+00 2.323896e-07 clkload185
 2.318039e-07 0.000000e+00 0.000000e+00 2.318039e-07 clkload161
 2.317234e-07 0.000000e+00 0.000000e+00 2.317234e-07 clkload132
 2.316711e-07 0.000000e+00 0.000000e+00 2.316711e-07 clkload16
 2.311533e-07 0.000000e+00 0.000000e+00 2.311533e-07 clkload5
 6.123449e-08 1.698734e-07 0.000000e+00 2.311079e-07 fanout95
 4.887082e-08 1.820688e-07 0.000000e+00 2.309396e-07 fanout278
 4.869792e-08 1.822229e-07 0.000000e+00 2.309208e-07 fanout493
 2.308445e-07 0.000000e+00 0.000000e+00 2.308445e-07 clkload71
 2.302733e-07 0.000000e+00 0.000000e+00 2.302733e-07 clkload168
 5.184985e-08 1.772043e-07 0.000000e+00 2.290541e-07 fanout605
 4.710446e-08 1.818387e-07 0.000000e+00 2.289431e-07 fanout757
 4.710896e-08 1.802588e-07 0.000000e+00 2.273677e-07 fanout419
 4.499853e-08 1.821186e-07 0.000000e+00 2.271171e-07 fanout692
 5.136561e-08 1.755771e-07 0.000000e+00 2.269427e-07 fanout375
 4.958275e-08 1.768433e-07 0.000000e+00 2.264260e-07 fanout489
 5.155074e-08 1.748614e-07 0.000000e+00 2.264122e-07 fanout613
 4.714185e-08 1.791899e-07 0.000000e+00 2.263317e-07 fanout421
 4.746187e-08 1.780370e-07 0.000000e+00 2.254989e-07 fanout386
 4.715452e-08 1.781801e-07 0.000000e+00 2.253346e-07 fanout388
 4.710203e-08 1.776073e-07 0.000000e+00 2.247093e-07 fanout394
 4.529735e-08 1.788330e-07 0.000000e+00 2.241303e-07 fanout753
 5.183812e-08 1.711373e-07 0.000000e+00 2.229754e-07 fanout123
 4.736219e-08 1.747706e-07 0.000000e+00 2.221328e-07 fanout422
 4.864530e-08 1.726949e-07 0.000000e+00 2.213402e-07 fanout478
 5.135551e-08 1.699700e-07 0.000000e+00 2.213255e-07 fanout374
 5.236204e-08 1.678748e-07 0.000000e+00 2.202368e-07 fanout598
 5.752741e-08 1.620871e-07 0.000000e+00 2.196145e-07 fanout457
 4.613727e-08 1.733038e-07 0.000000e+00 2.194411e-07 fanout1259
 5.732942e-08 1.620921e-07 0.000000e+00 2.194215e-07 fanout458
 4.688393e-08 1.699487e-07 0.000000e+00 2.168326e-07 fanout395
 4.721016e-08 1.689052e-07 0.000000e+00 2.161154e-07 fanout409
 5.432811e-08 1.615620e-07 0.000000e+00 2.158901e-07 fanout454
 4.556893e-08 1.689814e-07 0.000000e+00 2.145504e-07 fanout1230
 4.734168e-08 1.663883e-07 0.000000e+00 2.137299e-07 fanout423
 4.890287e-08 1.643849e-07 0.000000e+00 2.132877e-07 fanout268
 4.505996e-08 1.674641e-07 0.000000e+00 2.125241e-07 fanout702
 5.127497e-08 1.608395e-07 0.000000e+00 2.121145e-07 fanout381
 4.710251e-08 1.646295e-07 0.000000e+00 2.117320e-07 fanout417
 4.710270e-08 1.635841e-07 0.000000e+00 2.106868e-07 fanout418
 4.880395e-08 1.605949e-07 0.000000e+00 2.093989e-07 fanout276
 5.593403e-08 1.531534e-07 0.000000e+00 2.090874e-07 fanout370
 4.587537e-08 1.629979e-07 0.000000e+00 2.088732e-07 fanout592
 4.857624e-08 1.595029e-07 0.000000e+00 2.080792e-07 fanout324
 4.858874e-08 1.594875e-07 0.000000e+00 2.080762e-07 fanout313
 4.505804e-08 1.623379e-07 0.000000e+00 2.073959e-07 fanout705
 5.110063e-08 1.561808e-07 0.000000e+00 2.072815e-07 fanout376
 4.186920e-08 1.653892e-07 0.000000e+00 2.072584e-07 fanout742
 5.602044e-08 1.495645e-07 0.000000e+00 2.055850e-07 fanout138
 6.011410e-08 1.451767e-07 0.000000e+00 2.052908e-07 wire426
 4.087083e-08 1.639516e-07 0.000000e+00 2.048224e-07 hold68
 4.710656e-08 1.570836e-07 0.000000e+00 2.041902e-07 fanout408
 4.714792e-08 1.570163e-07 0.000000e+00 2.041643e-07 fanout416
 4.871612e-08 1.548502e-07 0.000000e+00 2.035663e-07 fanout272
 4.704925e-08 1.564414e-07 0.000000e+00 2.034907e-07 fanout756
 5.003424e-08 1.530257e-07 0.000000e+00 2.030599e-07 fanout440
 4.708762e-08 1.557260e-07 0.000000e+00 2.028136e-07 fanout393
 4.714623e-08 1.553059e-07 0.000000e+00 2.024521e-07 fanout1083
 5.198086e-08 1.503974e-07 0.000000e+00 2.023783e-07 fanout603
 4.885104e-08 1.534717e-07 0.000000e+00 2.023228e-07 fanout491
 5.218459e-08 1.493369e-07 0.000000e+00 2.015214e-07 fanout78
 4.887399e-08 1.525644e-07 0.000000e+00 2.014384e-07 fanout323
 4.706706e-08 1.541253e-07 0.000000e+00 2.011923e-07 fanout399
 4.584444e-08 1.551685e-07 0.000000e+00 2.010130e-07 fanout591
 4.499215e-08 1.558108e-07 0.000000e+00 2.008030e-07 fanout704
 4.066598e-08 1.599841e-07 0.000000e+00 2.006501e-07 fanout405
 4.886680e-08 1.514567e-07 0.000000e+00 2.003235e-07 fanout308
 4.515250e-08 1.530856e-07 0.000000e+00 1.982381e-07 fanout335
 4.890186e-08 1.492874e-07 0.000000e+00 1.981892e-07 fanout320
 4.694243e-08 1.503928e-07 0.000000e+00 1.973352e-07 fanout410
 5.556065e-08 1.410766e-07 0.000000e+00 1.966373e-07 fanout371
 4.514411e-08 1.513034e-07 0.000000e+00 1.964475e-07 fanout336
 4.703297e-08 1.469166e-07 0.000000e+00 1.939496e-07 fanout387
 5.097614e-08 1.420598e-07 0.000000e+00 1.930359e-07 fanout615
 4.582441e-08 1.464115e-07 0.000000e+00 1.922359e-07 fanout1262
 5.114616e-08 1.400599e-07 0.000000e+00 1.912060e-07 fanout467
 3.748474e-08 1.532365e-07 0.000000e+00 1.907212e-07 hold106
 4.552825e-08 1.451538e-07 0.000000e+00 1.906820e-07 fanout926
 4.547826e-08 1.449668e-07 0.000000e+00 1.904451e-07 fanout1227
 4.553130e-08 1.444134e-07 0.000000e+00 1.899447e-07 fanout944
 5.554883e-08 1.341456e-07 0.000000e+00 1.896944e-07 fanout379
 4.015792e-08 1.493052e-07 0.000000e+00 1.894631e-07 fanout433
 4.870783e-08 1.401537e-07 0.000000e+00 1.888616e-07 fanout332
 4.847592e-08 1.398501e-07 0.000000e+00 1.883261e-07 fanout280
 4.505876e-08 1.429180e-07 0.000000e+00 1.879768e-07 fanout969
 4.969633e-08 1.376309e-07 0.000000e+00 1.873272e-07 fanout441
 4.859970e-08 1.384392e-07 0.000000e+00 1.870389e-07 fanout291
 4.264442e-08 1.443472e-07 0.000000e+00 1.869916e-07 fanout384
 4.177555e-08 1.443801e-07 0.000000e+00 1.861557e-07 fanout732
 4.879280e-08 1.365844e-07 0.000000e+00 1.853772e-07 fanout477
 4.876733e-08 1.364468e-07 0.000000e+00 1.852142e-07 fanout461
 4.044579e-08 1.447064e-07 0.000000e+00 1.851522e-07 fanout431
 3.454185e-08 1.497409e-07 0.000000e+00 1.842828e-07 fanout65
 4.699633e-08 1.367302e-07 0.000000e+00 1.837265e-07 fanout400
 4.502899e-08 1.376506e-07 0.000000e+00 1.826796e-07 fanout340
 3.417020e-08 1.479981e-07 0.000000e+00 1.821683e-07 fanout187
 4.467152e-08 1.374804e-07 0.000000e+00 1.821519e-07 fanout690
 3.392108e-08 1.468848e-07 0.000000e+00 1.808059e-07 fanout200
 4.563105e-08 1.351077e-07 0.000000e+00 1.807387e-07 fanout1226
 3.402956e-08 1.458564e-07 0.000000e+00 1.798860e-07 fanout199
 3.457144e-08 1.433221e-07 0.000000e+00 1.778936e-07 fanout63
 4.535084e-08 1.323341e-07 0.000000e+00 1.776850e-07 fanout1244
 1.772812e-07 0.000000e+00 0.000000e+00 1.772812e-07 clkload198
 4.451880e-08 1.326845e-07 0.000000e+00 1.772033e-07 fanout925
 4.680501e-08 1.298160e-07 0.000000e+00 1.766210e-07 fanout424
 4.265360e-08 1.331205e-07 0.000000e+00 1.757741e-07 fanout391
 4.896798e-08 1.267268e-07 0.000000e+00 1.756948e-07 fanout475
 3.237693e-08 1.433025e-07 0.000000e+00 1.756794e-07 fanout873
 4.020704e-08 1.354694e-07 0.000000e+00 1.756765e-07 fanout474
 4.175165e-08 1.330548e-07 0.000000e+00 1.748064e-07 fanout731
 3.232297e-08 1.424085e-07 0.000000e+00 1.747314e-07 hold203
 4.171346e-08 1.327811e-07 0.000000e+00 1.744946e-07 fanout737
 3.478325e-08 1.395547e-07 0.000000e+00 1.743380e-07 fanout46
 3.750749e-08 1.368033e-07 0.000000e+00 1.743107e-07 fanout1077
 4.024179e-08 1.336593e-07 0.000000e+00 1.739010e-07 fanout447
 4.179458e-08 1.304497e-07 0.000000e+00 1.722443e-07 fanout730
 4.273917e-08 1.293271e-07 0.000000e+00 1.720663e-07 fanout939
 4.455544e-08 1.269238e-07 0.000000e+00 1.714792e-07 fanout923
 4.186629e-08 1.287547e-07 0.000000e+00 1.706210e-07 fanout716
 4.151305e-08 1.290411e-07 0.000000e+00 1.705542e-07 fanout357
 4.933165e-08 1.207762e-07 0.000000e+00 1.701079e-07 fanout490
 4.400320e-08 1.254529e-07 0.000000e+00 1.694561e-07 fanout585
 3.388389e-08 1.351204e-07 0.000000e+00 1.690043e-07 fanout244
 4.411911e-08 1.246056e-07 0.000000e+00 1.687247e-07 fanout587
 3.730567e-08 1.311459e-07 0.000000e+00 1.684516e-07 fanout140
 4.139323e-08 1.269146e-07 0.000000e+00 1.683078e-07 hold122
 4.587112e-08 1.219403e-07 0.000000e+00 1.678115e-07 fanout590
 4.257547e-08 1.250639e-07 0.000000e+00 1.676394e-07 fanout382
 3.151806e-08 1.346971e-07 0.000000e+00 1.662151e-07 fanout435
 3.405786e-08 1.310342e-07 0.000000e+00 1.650921e-07 fanout243
 5.124875e-08 1.137284e-07 0.000000e+00 1.649771e-07 fanout614
 4.462368e-08 1.203227e-07 0.000000e+00 1.649463e-07 fanout940
 4.160518e-08 1.221480e-07 0.000000e+00 1.637532e-07 fanout734
 4.162310e-08 1.219568e-07 0.000000e+00 1.635799e-07 fanout359
 4.158960e-08 1.216653e-07 0.000000e+00 1.632549e-07 fanout349
 4.158240e-08 1.211251e-07 0.000000e+00 1.627075e-07 fanout741
 4.499210e-08 1.171276e-07 0.000000e+00 1.621197e-07 fanout703
 3.230500e-08 1.297175e-07 0.000000e+00 1.620225e-07 fanout870
 3.495870e-08 1.258316e-07 0.000000e+00 1.607903e-07 hold163
 4.497442e-08 1.154271e-07 0.000000e+00 1.604016e-07 fanout338
 4.002911e-08 1.203560e-07 0.000000e+00 1.603851e-07 fanout432
 2.919959e-08 1.310867e-07 0.000000e+00 1.602863e-07 fanout1175
 3.490035e-08 1.251028e-07 0.000000e+00 1.600032e-07 fanout48
 3.390025e-08 1.244560e-07 0.000000e+00 1.583563e-07 fanout203
 3.391719e-08 1.242262e-07 0.000000e+00 1.581434e-07 fanout190
 1.576069e-07 0.000000e+00 0.000000e+00 1.576069e-07 clkload117
 3.404448e-08 1.230123e-07 0.000000e+00 1.570568e-07 fanout237
 4.344416e-08 1.135924e-07 0.000000e+00 1.570365e-07 load_slew425
 4.146166e-08 1.146382e-07 0.000000e+00 1.560999e-07 fanout747
 4.053022e-08 1.150578e-07 0.000000e+00 1.555881e-07 fanout403
 4.034199e-08 1.144133e-07 0.000000e+00 1.547553e-07 fanout471
 2.985688e-08 1.244491e-07 0.000000e+00 1.543060e-07 fanout1127
 3.336107e-08 1.199492e-07 0.000000e+00 1.533103e-07 fanout1061
 4.033161e-08 1.114777e-07 0.000000e+00 1.518093e-07 fanout470
 3.406759e-08 1.177316e-07 0.000000e+00 1.517992e-07 fanout188
 4.040192e-08 1.110116e-07 0.000000e+00 1.514135e-07 fanout445
 3.088392e-08 1.180260e-07 0.000000e+00 1.489099e-07 hold102
 3.252755e-08 1.152556e-07 0.000000e+00 1.477831e-07 fanout256
 3.120220e-08 1.153885e-07 0.000000e+00 1.465907e-07 hold58
 3.005504e-08 1.162014e-07 0.000000e+00 1.462564e-07 hold147
 2.848852e-08 1.166886e-07 0.000000e+00 1.451771e-07 fanout1180
 2.846665e-08 1.161909e-07 0.000000e+00 1.446576e-07 fanout1174
 3.215930e-08 1.119714e-07 0.000000e+00 1.441307e-07 fanout1315
 3.396160e-08 1.095881e-07 0.000000e+00 1.435497e-07 fanout223
 3.410346e-08 1.086632e-07 0.000000e+00 1.427667e-07 fanout234
 3.379119e-08 1.088964e-07 0.000000e+00 1.426876e-07 fanout235
 3.236417e-08 1.096801e-07 0.000000e+00 1.420443e-07 fanout710
 3.392242e-08 1.051500e-07 0.000000e+00 1.390724e-07 fanout184
 2.833553e-08 1.103015e-07 0.000000e+00 1.386371e-07 fanout1167
 3.405508e-08 1.042308e-07 0.000000e+00 1.382859e-07 fanout180
 3.408772e-08 1.036479e-07 0.000000e+00 1.377356e-07 fanout231
 3.284342e-08 1.044007e-07 0.000000e+00 1.372441e-07 fanout844
 3.215019e-08 1.048597e-07 0.000000e+00 1.370099e-07 fanout143
 2.835079e-08 1.080368e-07 0.000000e+00 1.363876e-07 fanout1157
 2.805137e-08 1.081921e-07 0.000000e+00 1.362434e-07 fanout167
 2.834777e-08 1.057370e-07 0.000000e+00 1.340847e-07 fanout1156
 2.853738e-08 1.053905e-07 0.000000e+00 1.339279e-07 fanout1152
 3.137745e-08 1.021661e-07 0.000000e+00 1.335436e-07 hold39
 2.845192e-08 1.049786e-07 0.000000e+00 1.334305e-07 fanout1153
 3.250523e-08 1.005835e-07 0.000000e+00 1.330887e-07 fanout1060
 2.880173e-08 1.032669e-07 0.000000e+00 1.320686e-07 fanout139
 2.451798e-08 1.071829e-07 0.000000e+00 1.317009e-07 fanout817
 3.389901e-08 9.749215e-08 0.000000e+00 1.313912e-07 fanout192
 3.212711e-08 9.912093e-08 0.000000e+00 1.312480e-07 fanout714
 3.095287e-08 9.931551e-08 0.000000e+00 1.302684e-07 fanout1322
 2.845422e-08 1.017756e-07 0.000000e+00 1.302298e-07 fanout1179
 2.601863e-08 1.037219e-07 0.000000e+00 1.297406e-07 fanout820
 2.834722e-08 1.010631e-07 0.000000e+00 1.294103e-07 fanout1195
 2.845177e-08 1.005227e-07 0.000000e+00 1.289744e-07 fanout1214
 3.195400e-08 9.681307e-08 0.000000e+00 1.287671e-07 fanout1318
 2.758727e-08 1.009121e-07 0.000000e+00 1.284994e-07 fanout1249
 2.851367e-08 9.929692e-08 0.000000e+00 1.278106e-07 fanout1092
 2.844688e-08 9.896325e-08 0.000000e+00 1.274101e-07 fanout1173
 2.831600e-08 9.894462e-08 0.000000e+00 1.272606e-07 fanout1169
 2.271831e-08 1.044722e-07 0.000000e+00 1.271905e-07 fanout1005
 2.848554e-08 9.869521e-08 0.000000e+00 1.271808e-07 fanout1205
 2.461427e-08 1.024090e-07 0.000000e+00 1.270233e-07 fanout814
 2.601799e-08 9.949162e-08 0.000000e+00 1.255096e-07 fanout818
 3.279826e-08 9.220907e-08 0.000000e+00 1.250073e-07 fanout842
 2.322312e-08 1.008427e-07 0.000000e+00 1.240659e-07 fanout1243
 2.319222e-08 1.003668e-07 0.000000e+00 1.235590e-07 fanout1238
 2.582741e-08 9.725904e-08 0.000000e+00 1.230865e-07 fanout1255
 3.250183e-08 8.987936e-08 0.000000e+00 1.223812e-07 fanout264
 2.847798e-08 9.336715e-08 0.000000e+00 1.218451e-07 fanout1199
 2.767876e-08 9.307839e-08 0.000000e+00 1.207572e-07 fanout618
 2.460118e-08 9.614737e-08 0.000000e+00 1.207486e-07 fanout697
 2.833850e-08 9.238574e-08 0.000000e+00 1.207242e-07 fanout1148
 2.735996e-08 9.195418e-08 0.000000e+00 1.193142e-07 fanout462
 2.301858e-08 9.596978e-08 0.000000e+00 1.189884e-07 fanout566
 2.591039e-08 9.196526e-08 0.000000e+00 1.178757e-07 fanout1254
 3.355087e-08 8.397994e-08 0.000000e+00 1.175308e-07 fanout910
 2.393976e-08 9.316445e-08 0.000000e+00 1.171042e-07 fanout1089
 2.838678e-08 8.869456e-08 0.000000e+00 1.170813e-07 fanout1212
 2.302705e-08 9.364816e-08 0.000000e+00 1.166752e-07 fanout1224
 2.172185e-08 9.494117e-08 0.000000e+00 1.166630e-07 fanout1105
 2.268999e-08 9.302681e-08 0.000000e+00 1.157168e-07 fanout1010
 2.235915e-08 9.261416e-08 0.000000e+00 1.149733e-07 hold154
 2.300837e-08 9.171319e-08 0.000000e+00 1.147216e-07 fanout563
 2.471503e-08 8.844114e-08 0.000000e+00 1.131562e-07 hold110
 2.115068e-08 9.148829e-08 0.000000e+00 1.126390e-07 fanout720
 2.315256e-08 8.861670e-08 0.000000e+00 1.117693e-07 fanout1222
 2.145949e-08 9.030012e-08 0.000000e+00 1.117596e-07 fanout1117
 2.634942e-08 8.510520e-08 0.000000e+00 1.114546e-07 fanout385
 2.304929e-08 8.821650e-08 0.000000e+00 1.112658e-07 fanout1217
 2.454340e-08 8.634130e-08 0.000000e+00 1.108847e-07 fanout816
 2.082394e-08 8.974194e-08 0.000000e+00 1.105659e-07 hold159
 2.302908e-08 8.694338e-08 0.000000e+00 1.099725e-07 fanout90
 2.309091e-08 8.673000e-08 0.000000e+00 1.098209e-07 fanout1229
 2.833249e-08 8.007175e-08 0.000000e+00 1.084042e-07 fanout1206
 2.273642e-08 8.565657e-08 0.000000e+00 1.083930e-07 fanout813
 2.471070e-08 8.321182e-08 0.000000e+00 1.079225e-07 fanout930
 2.115674e-08 8.623890e-08 0.000000e+00 1.073956e-07 fanout735
 2.119439e-08 8.616323e-08 0.000000e+00 1.073576e-07 fanout834
 2.083897e-08 8.560701e-08 0.000000e+00 1.064460e-07 hold143
 2.576163e-08 8.032075e-08 0.000000e+00 1.060824e-07 fanout1257
 2.113710e-08 8.406868e-08 0.000000e+00 1.052058e-07 fanout668
 2.593070e-08 7.920972e-08 0.000000e+00 1.051404e-07 fanout819
 2.732655e-08 7.713351e-08 0.000000e+00 1.044601e-07 fanout365
 2.117219e-08 8.297120e-08 0.000000e+00 1.041434e-07 fanout664
 2.528097e-08 7.856552e-08 0.000000e+00 1.038465e-07 fanout339
 2.119385e-08 8.251500e-08 0.000000e+00 1.037088e-07 fanout837
 2.249551e-08 8.043276e-08 0.000000e+00 1.029283e-07 fanout812
 2.116034e-08 8.171832e-08 0.000000e+00 1.028787e-07 fanout723
 2.113300e-08 8.172730e-08 0.000000e+00 1.028603e-07 fanout669
 2.120094e-08 8.133282e-08 0.000000e+00 1.025338e-07 fanout717
 2.116553e-08 8.091937e-08 0.000000e+00 1.020849e-07 fanout525
 2.107791e-08 8.098453e-08 0.000000e+00 1.020624e-07 fanout749
 2.085487e-08 8.117765e-08 0.000000e+00 1.020325e-07 fanout1016
 2.276118e-08 7.913538e-08 0.000000e+00 1.018966e-07 fanout997
 2.116566e-08 8.010147e-08 0.000000e+00 1.012671e-07 fanout665
 1.916447e-08 8.039122e-08 0.000000e+00 9.955570e-08 fanout1144
 2.328763e-08 7.603427e-08 0.000000e+00 9.932189e-08 fanout1260
 2.300322e-08 7.618495e-08 0.000000e+00 9.918817e-08 fanout1239
 2.366862e-08 7.548378e-08 0.000000e+00 9.915240e-08 fanout1126
 2.214698e-08 7.696507e-08 0.000000e+00 9.911204e-08 fanout988
 2.118846e-08 7.787852e-08 0.000000e+00 9.906698e-08 fanout740
 2.267171e-08 7.579426e-08 0.000000e+00 9.846597e-08 fanout610
 2.170129e-08 7.640429e-08 0.000000e+00 9.810558e-08 fanout1103
 2.162905e-08 7.639311e-08 0.000000e+00 9.802216e-08 fanout527
 2.144995e-08 7.609745e-08 0.000000e+00 9.754740e-08 fanout1115
 1.921943e-08 7.811683e-08 0.000000e+00 9.733627e-08 fanout1141
 2.115164e-08 7.596125e-08 0.000000e+00 9.711289e-08 fanout526
 2.117514e-08 7.555489e-08 0.000000e+00 9.673003e-08 fanout831
 2.059568e-08 7.610279e-08 0.000000e+00 9.669847e-08 wire49
 2.281200e-08 7.387818e-08 0.000000e+00 9.669017e-08 fanout967
 2.319991e-08 7.261222e-08 0.000000e+00 9.581213e-08 fanout1263
 2.111615e-08 7.458422e-08 0.000000e+00 9.570037e-08 fanout666
 2.465389e-08 7.038100e-08 0.000000e+00 9.503489e-08 fanout586
 2.116098e-08 7.310744e-08 0.000000e+00 9.426842e-08 fanout726
 2.296923e-08 7.077045e-08 0.000000e+00 9.373967e-08 fanout1241
 2.143001e-08 7.187212e-08 0.000000e+00 9.330212e-08 fanout1116
 2.113175e-08 7.171619e-08 0.000000e+00 9.284795e-08 fanout350
 2.224771e-08 7.044698e-08 0.000000e+00 9.269469e-08 fanout987
 2.306115e-08 6.907472e-08 0.000000e+00 9.213586e-08 fanout430
 2.111072e-08 6.963055e-08 0.000000e+00 9.074127e-08 fanout833
 2.248071e-08 6.796906e-08 0.000000e+00 9.044977e-08 fanout811
 1.935886e-08 7.073807e-08 0.000000e+00 9.009694e-08 fanout523
 2.638946e-08 6.327029e-08 0.000000e+00 8.965975e-08 fanout946
 2.255398e-08 6.695991e-08 0.000000e+00 8.951389e-08 fanout924
 2.301624e-08 6.617952e-08 0.000000e+00 8.919575e-08 fanout904
 2.078332e-08 6.800146e-08 0.000000e+00 8.878477e-08 fanout369
 2.110449e-08 6.742142e-08 0.000000e+00 8.852591e-08 fanout722
 2.111982e-08 6.735241e-08 0.000000e+00 8.847223e-08 fanout719
 2.247250e-08 6.577451e-08 0.000000e+00 8.824701e-08 fanout942
 2.695076e-08 6.046904e-08 0.000000e+00 8.741981e-08 fanout616
 2.108688e-08 6.615827e-08 0.000000e+00 8.724515e-08 fanout667
 1.652990e-08 7.070161e-08 0.000000e+00 8.723151e-08 fanout1069
 2.110761e-08 6.590619e-08 0.000000e+00 8.701380e-08 fanout721
 2.113096e-08 6.548552e-08 0.000000e+00 8.661648e-08 fanout724
 2.144203e-08 6.514112e-08 0.000000e+00 8.658315e-08 fanout1120
 2.467358e-08 6.171247e-08 0.000000e+00 8.638605e-08 fanout588
 2.266167e-08 6.290042e-08 0.000000e+00 8.556209e-08 fanout609
 1.909949e-08 6.643091e-08 0.000000e+00 8.553040e-08 fanout912
 1.897449e-08 6.567814e-08 0.000000e+00 8.465263e-08 fanout533
 2.111603e-08 6.317887e-08 0.000000e+00 8.429490e-08 fanout663
 2.108176e-08 6.300780e-08 0.000000e+00 8.408956e-08 fanout836
 2.110513e-08 6.285099e-08 0.000000e+00 8.395612e-08 fanout360
 1.651937e-08 6.723211e-08 0.000000e+00 8.375147e-08 fanout1062
 2.110446e-08 6.256021e-08 0.000000e+00 8.366467e-08 fanout739
 2.109260e-08 6.240850e-08 0.000000e+00 8.350109e-08 fanout355
 2.275283e-08 6.022765e-08 0.000000e+00 8.298048e-08 fanout1331
 2.271583e-08 5.982193e-08 0.000000e+00 8.253776e-08 fanout1332
 2.119232e-08 6.026322e-08 0.000000e+00 8.145554e-08 fanout938
 2.262290e-08 5.810670e-08 0.000000e+00 8.072960e-08 fanout58
 1.626505e-08 6.357816e-08 0.000000e+00 7.984321e-08 fanout1139
 1.944386e-08 6.028323e-08 0.000000e+00 7.972709e-08 hold118
 2.126100e-08 5.809346e-08 0.000000e+00 7.935446e-08 fanout937
 1.920719e-08 5.919961e-08 0.000000e+00 7.840681e-08 fanout875
 7.756849e-08 0.000000e+00 0.000000e+00 7.756849e-08 clkload104
 2.286797e-08 5.370481e-08 0.000000e+00 7.657278e-08 fanout429
 1.544449e-08 6.112779e-08 0.000000e+00 7.657228e-08 fanout1110
 1.279074e-08 6.166160e-08 0.000000e+00 7.445234e-08 wire707
 1.275691e-08 6.111902e-08 0.000000e+00 7.387592e-08 wire706
 1.446248e-08 5.856950e-08 0.000000e+00 7.303198e-08 fanout1145
 1.292203e-08 6.007964e-08 0.000000e+00 7.300167e-08 wire693
 1.441178e-08 5.844025e-08 0.000000e+00 7.285203e-08 fanout1100
 1.814477e-08 5.459526e-08 0.000000e+00 7.274004e-08 fanout872
 1.652861e-08 5.564284e-08 0.000000e+00 7.217145e-08 fanout255
 1.755946e-08 5.262321e-08 0.000000e+00 7.018267e-08 fanout1290
 1.741271e-08 5.175637e-08 0.000000e+00 6.916908e-08 fanout1325
 1.443505e-08 5.456413e-08 0.000000e+00 6.899919e-08 fanout1201
 1.291258e-08 5.548445e-08 0.000000e+00 6.839703e-08 fanout1235
 1.901863e-08 4.797265e-08 0.000000e+00 6.699128e-08 fanout760
 1.666632e-08 4.991104e-08 0.000000e+00 6.657736e-08 fanout1128
 1.539085e-08 5.071307e-08 0.000000e+00 6.610391e-08 fanout1108
 1.442405e-08 4.981885e-08 0.000000e+00 6.424290e-08 fanout1093
 1.907309e-08 4.490387e-08 0.000000e+00 6.397696e-08 fanout877
 1.719751e-08 4.676916e-08 0.000000e+00 6.396667e-08 fanout484
 1.438665e-08 4.935540e-08 0.000000e+00 6.374205e-08 fanout1171
 1.444283e-08 4.893234e-08 0.000000e+00 6.337517e-08 fanout1210
 1.443782e-08 4.847305e-08 0.000000e+00 6.291087e-08 fanout1211
 1.710277e-08 4.547743e-08 0.000000e+00 6.258020e-08 fanout483
 1.201533e-08 5.014254e-08 0.000000e+00 6.215787e-08 fanout1122
 1.615852e-08 4.543039e-08 0.000000e+00 6.158891e-08 fanout1137
 1.125367e-08 5.029212e-08 0.000000e+00 6.154579e-08 fanout979
 1.128540e-08 4.764082e-08 0.000000e+00 5.892622e-08 fanout986
 1.441064e-08 4.422350e-08 0.000000e+00 5.863414e-08 fanout1183
 1.436125e-08 4.395128e-08 0.000000e+00 5.831253e-08 fanout1177
 1.126997e-08 4.639224e-08 0.000000e+00 5.766221e-08 fanout972
 1.377283e-08 4.358429e-08 0.000000e+00 5.735712e-08 max_cap699
 1.119127e-08 4.542814e-08 0.000000e+00 5.661942e-08 fanout1009
 1.127580e-08 4.489572e-08 0.000000e+00 5.617152e-08 fanout996
 1.166126e-08 4.428112e-08 0.000000e+00 5.594239e-08 fanout903
 1.396710e-08 4.173789e-08 0.000000e+00 5.570499e-08 fanout1078
 1.127271e-08 4.370081e-08 0.000000e+00 5.497352e-08 fanout982
 1.122462e-08 4.316036e-08 0.000000e+00 5.438498e-08 fanout955
 1.175237e-08 4.225884e-08 0.000000e+00 5.401121e-08 fanout61
 1.356350e-08 4.038237e-08 0.000000e+00 5.394587e-08 fanout1026
 1.408760e-08 3.975602e-08 0.000000e+00 5.384362e-08 max_cap701
 1.122373e-08 4.261961e-08 0.000000e+00 5.384334e-08 fanout953
 1.125053e-08 4.250644e-08 0.000000e+00 5.375697e-08 fanout998
 1.180574e-08 4.192209e-08 0.000000e+00 5.372783e-08 fanout736
 1.351903e-08 3.999631e-08 0.000000e+00 5.351534e-08 fanout1042
 1.112770e-08 4.228925e-08 0.000000e+00 5.341695e-08 fanout901
 1.348755e-08 3.964745e-08 0.000000e+00 5.313500e-08 fanout1050
 1.376093e-08 3.908400e-08 0.000000e+00 5.284494e-08 wire698
 1.114099e-08 4.140647e-08 0.000000e+00 5.254746e-08 fanout900
 9.829574e-09 4.262609e-08 0.000000e+00 5.245566e-08 fanout914
 1.124514e-08 4.092762e-08 0.000000e+00 5.217276e-08 fanout1003
 1.126799e-08 4.013392e-08 0.000000e+00 5.140191e-08 fanout954
 1.123310e-08 3.999648e-08 0.000000e+00 5.122958e-08 fanout999
 1.127522e-08 3.983494e-08 0.000000e+00 5.111016e-08 fanout956
 1.381950e-08 3.695334e-08 0.000000e+00 5.077284e-08 fanout931
 1.125585e-08 3.785399e-08 0.000000e+00 4.910983e-08 fanout989
 1.115743e-08 3.794285e-08 0.000000e+00 4.910028e-08 fanout897
 1.126348e-08 3.738900e-08 0.000000e+00 4.865248e-08 fanout951
 9.627912e-09 3.870950e-08 0.000000e+00 4.833742e-08 fanout535
 1.172458e-08 3.619050e-08 0.000000e+00 4.791508e-08 fanout1333
 9.816017e-09 3.799839e-08 0.000000e+00 4.781440e-08 fanout878
 9.828856e-09 3.716066e-08 0.000000e+00 4.698952e-08 fanout762
 1.114182e-08 3.581746e-08 0.000000e+00 4.695929e-08 fanout898
 1.183291e-08 3.400292e-08 0.000000e+00 4.583582e-08 fanout725
 1.183694e-08 3.372778e-08 0.000000e+00 4.556472e-08 fanout832
 1.148687e-08 3.359707e-08 0.000000e+00 4.508394e-08 fanout59
 1.038040e-08 3.438868e-08 0.000000e+00 4.476907e-08 fanout1071
 8.067675e-09 3.270588e-08 0.000000e+00 4.077356e-08 fanout1096
 9.671275e-09 3.009413e-08 0.000000e+00 3.976541e-08 fanout761
 9.704693e-09 2.975095e-08 0.000000e+00 3.945564e-08 fanout841
 6.878215e-09 3.254355e-08 0.000000e+00 3.942176e-08 fanout1033
 8.249023e-09 3.041323e-08 0.000000e+00 3.866225e-08 fanout1134
 8.056988e-09 3.006796e-08 0.000000e+00 3.812494e-08 fanout1194
 8.219315e-09 2.969142e-08 0.000000e+00 3.791073e-08 fanout1138
 9.811851e-09 2.801653e-08 0.000000e+00 3.782838e-08 fanout681
 6.884346e-09 2.878239e-08 0.000000e+00 3.566674e-08 fanout1051
 8.222141e-09 2.737093e-08 0.000000e+00 3.559308e-08 fanout1135
 6.868314e-09 2.829920e-08 0.000000e+00 3.516751e-08 fanout1032
 6.872625e-09 2.804502e-08 0.000000e+00 3.491765e-08 fanout1048
 6.873928e-09 2.798143e-08 0.000000e+00 3.485536e-08 fanout1047
 6.910986e-09 2.732394e-08 0.000000e+00 3.423493e-08 fanout1025
 6.890729e-09 2.686639e-08 0.000000e+00 3.375711e-08 fanout1028
 6.275043e-09 2.658118e-08 0.000000e+00 3.285622e-08 hold14
 6.889839e-09 2.549564e-08 0.000000e+00 3.238548e-08 fanout1036
 6.882615e-09 2.530850e-08 0.000000e+00 3.219112e-08 fanout1046
 6.292229e-09 2.458356e-08 0.000000e+00 3.087579e-08 fanout962
 9.136779e-09 2.144076e-08 0.000000e+00 3.057754e-08 max_cap700
 8.700186e-09 2.042532e-08 0.000000e+00 2.912551e-08 fanout485
 6.777570e-09 2.230924e-08 0.000000e+00 2.908681e-08 fanout948
 6.891117e-09 2.175542e-08 0.000000e+00 2.864654e-08 fanout1054
 6.877599e-09 2.058600e-08 0.000000e+00 2.746360e-08 fanout1035
 6.869631e-09 2.019371e-08 0.000000e+00 2.706334e-08 fanout1027
 5.525259e-09 2.058745e-08 0.000000e+00 2.611271e-08 wire683
 5.920655e-09 1.778547e-08 0.000000e+00 2.370613e-08 fanout678
 5.805354e-09 1.689160e-08 0.000000e+00 2.269695e-08 fanout85
 5.855359e-09 1.548253e-08 0.000000e+00 2.133789e-08 fanout86
 3.258824e-09 1.229314e-08 0.000000e+00 1.555196e-08 fanout684
 3.857083e-09 1.134378e-08 0.000000e+00 1.520086e-08 fanout1049
 3.292072e-09 9.893019e-09 0.000000e+00 1.318509e-08 fanout531
 3.228904e-09 8.447667e-09 0.000000e+00 1.167657e-08 fanout915
 3.226745e-09 8.189546e-09 0.000000e+00 1.141629e-08 fanout685
 2.949326e-09 8.450510e-09 0.000000e+00 1.139984e-08 fanout87
 1.872243e-09 7.194157e-09 0.000000e+00 9.066400e-09 fanout851
 1.871586e-09 6.597394e-09 0.000000e+00 8.468979e-09 fanout850
 1.860810e-09 4.740265e-09 0.000000e+00 6.601074e-09 fanout848
 1.047270e-09 3.295683e-09 0.000000e+00 4.342953e-09 fanout852
 1.050459e-09 2.928574e-09 0.000000e+00 3.979033e-09 fanout849
 2.966254e-10 9.650044e-10 0.000000e+00 1.261630e-09 fanout497
 2.497810e-10 9.692932e-10 0.000000e+00 1.219074e-09 fanout658
 2.067607e-10 6.342390e-10 0.000000e+00 8.409997e-10 fanout645
 1.504747e-10 5.453658e-10 0.000000e+00 6.958405e-10 fanout499
 1.049515e-10 4.231330e-10 0.000000e+00 5.280845e-10 fanout646
 1.001186e-12 3.842033e-12 0.000000e+00 4.843219e-12 fanout500
 4.990521e-13 1.803533e-12 0.000000e+00 2.302585e-12 fanout542
 4.975344e-13 1.748882e-12 0.000000e+00 2.246416e-12 fanout628
 4.968646e-13 1.653515e-12 0.000000e+00 2.150379e-12 fanout672
 4.965266e-13 1.585391e-12 0.000000e+00 2.081917e-12 fanout579
 2.529948e-13 1.110294e-12 0.000000e+00 1.363289e-12 fanout1327
 2.528377e-13 9.148623e-13 0.000000e+00 1.167700e-12 fanout630
 1.266562e-13 5.054210e-13 0.000000e+00 6.320772e-13 fanout829
 1.263876e-13 4.842740e-13 0.000000e+00 6.106616e-13 fanout828
 1.264001e-13 4.839302e-13 0.000000e+00 6.103304e-13 fanout827
 7.000671e-14 2.130418e-14 0.000000e+00 9.131090e-14 output5
 6.919067e-14 1.948113e-14 0.000000e+00 8.867181e-14 output6
 6.927362e-14 1.775926e-14 0.000000e+00 8.703288e-14 output3
 2.022236e-20 1.561086e-20 0.000000e+00 3.583321e-20 input2
 0.000000e+00 0.000000e+00 0.000000e+00 0.000000e+00 _12010_
 0.000000e+00 0.000000e+00 0.000000e+00 0.000000e+00 _24060_
 0.000000e+00 0.000000e+00 0.000000e+00 0.000000e+00 _24061_
 0.000000e+00 0.000000e+00 0.000000e+00 0.000000e+00 _24062_
 0.000000e+00 0.000000e+00 0.000000e+00 0.000000e+00 _24063_
 0.000000e+00 0.000000e+00 0.000000e+00 0.000000e+00 _24064_
 0.000000e+00 0.000000e+00 0.000000e+00 0.000000e+00 _24065_
 0.000000e+00 0.000000e+00 0.000000e+00 0.000000e+00 _24066_
 0.000000e+00 0.000000e+00 0.000000e+00 0.000000e+00 _24067_
 0.000000e+00 0.000000e+00 0.000000e+00 0.000000e+00 _24068_
 0.000000e+00 0.000000e+00 0.000000e+00 0.000000e+00 _24069_
 0.000000e+00 0.000000e+00 0.000000e+00 0.000000e+00 _24070_
 0.000000e+00 0.000000e+00 0.000000e+00 0.000000e+00 _24071_
 0.000000e+00 0.000000e+00 0.000000e+00 0.000000e+00 _24072_
 0.000000e+00 0.000000e+00 0.000000e+00 0.000000e+00 _24073_
 0.000000e+00 0.000000e+00 0.000000e+00 0.000000e+00 _24074_
 0.000000e+00 0.000000e+00 0.000000e+00 0.000000e+00 _24075_
 0.000000e+00 0.000000e+00 0.000000e+00 0.000000e+00 _24076_
 0.000000e+00 0.000000e+00 0.000000e+00 0.000000e+00 _24077_
 0.000000e+00 0.000000e+00 0.000000e+00 0.000000e+00 _24078_
 0.000000e+00 0.000000e+00 0.000000e+00 0.000000e+00 _24079_
 0.000000e+00 0.000000e+00 0.000000e+00 0.000000e+00 _24080_
 0.000000e+00 0.000000e+00 0.000000e+00 0.000000e+00 _24081_
 0.000000e+00 0.000000e+00 0.000000e+00 0.000000e+00 _24082_
 0.000000e+00 0.000000e+00 0.000000e+00 0.000000e+00 _24083_
 0.000000e+00 0.000000e+00 0.000000e+00 0.000000e+00 _24084_
 0.000000e+00 0.000000e+00 0.000000e+00 0.000000e+00 _24085_
 0.000000e+00 0.000000e+00 0.000000e+00 0.000000e+00 _24086_
 0.000000e+00 0.000000e+00 0.000000e+00 0.000000e+00 _24087_
 0.000000e+00 0.000000e+00 0.000000e+00 0.000000e+00 _24088_
 0.000000e+00 0.000000e+00 0.000000e+00 0.000000e+00 _24089_
 0.000000e+00 0.000000e+00 0.000000e+00 0.000000e+00 _24090_
 0.000000e+00 0.000000e+00 0.000000e+00 0.000000e+00 _24091_
 0.000000e+00 0.000000e+00 0.000000e+00 0.000000e+00 fanout1336
 0.000000e+00 0.000000e+00 0.000000e+00 0.000000e+00 fanout1337
 0.000000e+00 0.000000e+00 0.000000e+00 0.000000e+00 fanout1338
 0.000000e+00 0.000000e+00 0.000000e+00 0.000000e+00 fanout1339
 0.000000e+00 0.000000e+00 0.000000e+00 0.000000e+00 fanout1340
 0.000000e+00 0.000000e+00 0.000000e+00 0.000000e+00 fanout1341
 0.000000e+00 0.000000e+00 0.000000e+00 0.000000e+00 fanout1342
 0.000000e+00 0.000000e+00 0.000000e+00 0.000000e+00 fanout1343
 0.000000e+00 0.000000e+00 0.000000e+00 0.000000e+00 fanout1345
 0.000000e+00 0.000000e+00 0.000000e+00 0.000000e+00 fanout1349
 0.000000e+00 0.000000e+00 0.000000e+00 0.000000e+00 fanout1352
 0.000000e+00 0.000000e+00 0.000000e+00 0.000000e+00 fanout1353
 0.000000e+00 0.000000e+00 0.000000e+00 0.000000e+00 fanout1355
 0.000000e+00 0.000000e+00 0.000000e+00 0.000000e+00 fanout1356
 0.000000e+00 0.000000e+00 0.000000e+00 0.000000e+00 fanout1357
 0.000000e+00 0.000000e+00 0.000000e+00 0.000000e+00 fanout1359
 0.000000e+00 0.000000e+00 0.000000e+00 0.000000e+00 fanout148
 0.000000e+00 0.000000e+00 0.000000e+00 0.000000e+00 fanout149
 0.000000e+00 0.000000e+00 0.000000e+00 0.000000e+00 fanout152
 0.000000e+00 0.000000e+00 0.000000e+00 0.000000e+00 fanout153
 0.000000e+00 0.000000e+00 0.000000e+00 0.000000e+00 fanout155
 0.000000e+00 0.000000e+00 0.000000e+00 0.000000e+00 fanout39
 0.000000e+00 0.000000e+00 0.000000e+00 0.000000e+00 fanout427
 0.000000e+00 0.000000e+00 0.000000e+00 0.000000e+00 fanout428
 0.000000e+00 0.000000e+00 0.000000e+00 0.000000e+00 fanout43
 0.000000e+00 0.000000e+00 0.000000e+00 0.000000e+00 fanout511
 0.000000e+00 0.000000e+00 0.000000e+00 0.000000e+00 fanout513
 0.000000e+00 0.000000e+00 0.000000e+00 0.000000e+00 fanout547
 0.000000e+00 0.000000e+00 0.000000e+00 0.000000e+00 fanout56
 0.000000e+00 0.000000e+00 0.000000e+00 0.000000e+00 fanout57
 0.000000e+00 0.000000e+00 0.000000e+00 0.000000e+00 fanout767
 0.000000e+00 0.000000e+00 0.000000e+00 0.000000e+00 fanout768
 0.000000e+00 0.000000e+00 0.000000e+00 0.000000e+00 fanout769
 0.000000e+00 0.000000e+00 0.000000e+00 0.000000e+00 fanout770
 0.000000e+00 0.000000e+00 0.000000e+00 0.000000e+00 fanout771
 0.000000e+00 0.000000e+00 0.000000e+00 0.000000e+00 fanout772
 0.000000e+00 0.000000e+00 0.000000e+00 0.000000e+00 fanout81
 0.000000e+00 0.000000e+00 0.000000e+00 0.000000e+00 fanout82
 0.000000e+00 0.000000e+00 0.000000e+00 0.000000e+00 fanout825
 0.000000e+00 0.000000e+00 0.000000e+00 0.000000e+00 fanout826
 0.000000e+00 0.000000e+00 0.000000e+00 0.000000e+00 fanout83
 0.000000e+00 0.000000e+00 0.000000e+00 0.000000e+00 fanout858
 0.000000e+00 0.000000e+00 0.000000e+00 0.000000e+00 fanout859
 0.000000e+00 0.000000e+00 0.000000e+00 0.000000e+00 fanout863
 0.000000e+00 0.000000e+00 0.000000e+00 0.000000e+00 fanout880
 0.000000e+00 0.000000e+00 0.000000e+00 0.000000e+00 fanout883
 0.000000e+00 0.000000e+00 0.000000e+00 0.000000e+00 fanout884
 0.000000e+00 0.000000e+00 0.000000e+00 0.000000e+00 fanout885
 0.000000e+00 0.000000e+00 0.000000e+00 0.000000e+00 fanout886
 0.000000e+00 0.000000e+00 0.000000e+00 0.000000e+00 fanout887
 0.000000e+00 0.000000e+00 0.000000e+00 0.000000e+00 fanout888
 0.000000e+00 0.000000e+00 0.000000e+00 0.000000e+00 fanout889
 0.000000e+00 0.000000e+00 0.000000e+00 0.000000e+00 fanout890
 0.000000e+00 0.000000e+00 0.000000e+00 0.000000e+00 fanout891
 0.000000e+00 0.000000e+00 0.000000e+00 0.000000e+00 fanout892
 0.000000e+00 0.000000e+00 0.000000e+00 0.000000e+00 fanout893
 0.000000e+00 0.000000e+00 0.000000e+00 0.000000e+00 max_cap775
 0.000000e+00 0.000000e+00 0.000000e+00 0.000000e+00 max_cap776
 0.000000e+00 0.000000e+00 0.000000e+00 0.000000e+00 max_cap777
 0.000000e+00 0.000000e+00 0.000000e+00 0.000000e+00 max_cap778
 0.000000e+00 0.000000e+00 0.000000e+00 0.000000e+00 max_cap779
 0.000000e+00 0.000000e+00 0.000000e+00 0.000000e+00 max_cap780
 0.000000e+00 0.000000e+00 0.000000e+00 0.000000e+00 max_cap781
 0.000000e+00 0.000000e+00 0.000000e+00 0.000000e+00 max_cap782
 0.000000e+00 0.000000e+00 0.000000e+00 0.000000e+00 max_cap783
 0.000000e+00 0.000000e+00 0.000000e+00 0.000000e+00 max_cap784
 0.000000e+00 0.000000e+00 0.000000e+00 0.000000e+00 max_cap785
 0.000000e+00 0.000000e+00 0.000000e+00 0.000000e+00 max_cap786
 0.000000e+00 0.000000e+00 0.000000e+00 0.000000e+00 max_cap787
 0.000000e+00 0.000000e+00 0.000000e+00 0.000000e+00 max_cap788
 0.000000e+00 0.000000e+00 0.000000e+00 0.000000e+00 max_cap789
 0.000000e+00 0.000000e+00 0.000000e+00 0.000000e+00 max_cap790
 0.000000e+00 0.000000e+00 0.000000e+00 0.000000e+00 max_cap791
 0.000000e+00 0.000000e+00 0.000000e+00 0.000000e+00 max_cap792
 0.000000e+00 0.000000e+00 0.000000e+00 0.000000e+00 max_cap793
 0.000000e+00 0.000000e+00 0.000000e+00 0.000000e+00 max_cap794
 0.000000e+00 0.000000e+00 0.000000e+00 0.000000e+00 max_cap795
 0.000000e+00 0.000000e+00 0.000000e+00 0.000000e+00 max_cap796
 0.000000e+00 0.000000e+00 0.000000e+00 0.000000e+00 max_cap797
 0.000000e+00 0.000000e+00 0.000000e+00 0.000000e+00 max_cap798
 0.000000e+00 0.000000e+00 0.000000e+00 0.000000e+00 max_cap799
 0.000000e+00 0.000000e+00 0.000000e+00 0.000000e+00 max_cap800
 0.000000e+00 0.000000e+00 0.000000e+00 0.000000e+00 max_cap801
 0.000000e+00 0.000000e+00 0.000000e+00 0.000000e+00 max_cap802
 0.000000e+00 0.000000e+00 0.000000e+00 0.000000e+00 max_cap803
 0.000000e+00 0.000000e+00 0.000000e+00 0.000000e+00 max_cap804
 0.000000e+00 0.000000e+00 0.000000e+00 0.000000e+00 max_cap805
 0.000000e+00 0.000000e+00 0.000000e+00 0.000000e+00 max_cap806
 0.000000e+00 0.000000e+00 0.000000e+00 0.000000e+00 output10
 0.000000e+00 0.000000e+00 0.000000e+00 0.000000e+00 output11
 0.000000e+00 0.000000e+00 0.000000e+00 0.000000e+00 output12
 0.000000e+00 0.000000e+00 0.000000e+00 0.000000e+00 output13
 0.000000e+00 0.000000e+00 0.000000e+00 0.000000e+00 output14
 0.000000e+00 0.000000e+00 0.000000e+00 0.000000e+00 output15
 0.000000e+00 0.000000e+00 0.000000e+00 0.000000e+00 output16
 0.000000e+00 0.000000e+00 0.000000e+00 0.000000e+00 output17
 0.000000e+00 0.000000e+00 0.000000e+00 0.000000e+00 output18
 0.000000e+00 0.000000e+00 0.000000e+00 0.000000e+00 output19
 0.000000e+00 0.000000e+00 0.000000e+00 0.000000e+00 output20
 0.000000e+00 0.000000e+00 0.000000e+00 0.000000e+00 output21
 0.000000e+00 0.000000e+00 0.000000e+00 0.000000e+00 output22
 0.000000e+00 0.000000e+00 0.000000e+00 0.000000e+00 output23
 0.000000e+00 0.000000e+00 0.000000e+00 0.000000e+00 output24
 0.000000e+00 0.000000e+00 0.000000e+00 0.000000e+00 output25
 0.000000e+00 0.000000e+00 0.000000e+00 0.000000e+00 output26
 0.000000e+00 0.000000e+00 0.000000e+00 0.000000e+00 output27
 0.000000e+00 0.000000e+00 0.000000e+00 0.000000e+00 output28
 0.000000e+00 0.000000e+00 0.000000e+00 0.000000e+00 output29
 0.000000e+00 0.000000e+00 0.000000e+00 0.000000e+00 output30
 0.000000e+00 0.000000e+00 0.000000e+00 0.000000e+00 output31
 0.000000e+00 0.000000e+00 0.000000e+00 0.000000e+00 output32
 0.000000e+00 0.000000e+00 0.000000e+00 0.000000e+00 output33
 0.000000e+00 0.000000e+00 0.000000e+00 0.000000e+00 output34
 0.000000e+00 0.000000e+00 0.000000e+00 0.000000e+00 output35
 0.000000e+00 0.000000e+00 0.000000e+00 0.000000e+00 output36
 0.000000e+00 0.000000e+00 0.000000e+00 0.000000e+00 output37
 0.000000e+00 0.000000e+00 0.000000e+00 0.000000e+00 output38
 0.000000e+00 0.000000e+00 0.000000e+00 0.000000e+00 output4
 0.000000e+00 0.000000e+00 0.000000e+00 0.000000e+00 output7
 0.000000e+00 0.000000e+00 0.000000e+00 0.000000e+00 output8
 0.000000e+00 0.000000e+00 0.000000e+00 0.000000e+00 output9
