     Internal    Switching      Leakage        Total
        Power        Power        Power        Power (Watts)
----------------------------------------------------
 1.390615e-06 6.326354e-07 4.299075e-10 2.023680e-06 clkbuf_0_clk
 1.372145e-06 4.338393e-07 4.299075e-10 1.806414e-06 clkbuf_1_0__f_clk
 1.359055e-06 1.132314e-07 4.299075e-10 1.472717e-06 clkbuf_1_1__f_clk
 1.542944e-10 3.939202e-10 4.218327e-10 9.700473e-10 clkbuf_0_core_clk
 9.760487e-11 3.804331e-10 4.218324e-10 8.998704e-10 clkbuf_0_w_clk
 1.000148e-10 3.256589e-10 4.218323e-10 8.475061e-10 clkbuf_0_v_clk
 1.005355e-10 1.929857e-10 4.218323e-10 7.153536e-10 clkbuf_4_13__f_v_clk
 1.005376e-10 1.921482e-10 4.218323e-10 7.145181e-10 clkbuf_4_2__f_v_clk
 1.002449e-10 1.837569e-10 4.218323e-10 7.058341e-10 clkbuf_4_14__f_v_clk
 1.002919e-10 1.761197e-10 4.218323e-10 6.982440e-10 clkbuf_4_3__f_v_clk
 1.001910e-10 1.705638e-10 4.218323e-10 6.925871e-10 clkbuf_4_1__f_v_clk
 9.996266e-11 1.652748e-10 4.218323e-10 6.870697e-10 clkbuf_4_15__f_v_clk
 1.000090e-10 1.586184e-10 4.218323e-10 6.804597e-10 clkbuf_4_12__f_v_clk
 9.503493e-11 1.558066e-10 4.218324e-10 6.726739e-10 clkbuf_3_7__f_w_clk
 9.983229e-11 1.485057e-10 4.218323e-10 6.701704e-10 clkbuf_4_4__f_v_clk
 9.977143e-11 1.431824e-10 4.218323e-10 6.647861e-10 clkbuf_4_0__f_v_clk
 9.486698e-11 1.439553e-10 4.218324e-10 6.606547e-10 clkbuf_3_2__f_w_clk
 9.484498e-11 1.423980e-10 4.218324e-10 6.590753e-10 clkbuf_3_3__f_w_clk
 9.964423e-11 1.362261e-10 4.218323e-10 6.577027e-10 clkbuf_4_5__f_v_clk
 9.481844e-11 1.405457e-10 4.218324e-10 6.571965e-10 clkbuf_3_1__f_w_clk
 9.969131e-11 1.348159e-10 4.218323e-10 6.563396e-10 clkbuf_4_9__f_v_clk
 9.480618e-11 1.396778e-10 4.218324e-10 6.563163e-10 clkbuf_3_5__f_w_clk
 9.478723e-11 1.383413e-10 4.218324e-10 6.549609e-10 clkbuf_3_0__f_w_clk
 9.962674e-11 1.306062e-10 4.218323e-10 6.520653e-10 clkbuf_4_8__f_v_clk
 9.463301e-11 1.274786e-10 4.218324e-10 6.439440e-10 clkbuf_3_4__f_w_clk
 9.463001e-11 1.272729e-10 4.218324e-10 6.437353e-10 clkbuf_3_6__f_w_clk
 9.947625e-11 1.221017e-10 4.218323e-10 6.434103e-10 clkbuf_4_7__f_v_clk
 9.942661e-11 1.164924e-10 4.218323e-10 6.377514e-10 clkbuf_4_10__f_v_clk
 9.932002e-11 1.095459e-10 4.218323e-10 6.306983e-10 clkbuf_4_11__f_v_clk
 9.905830e-11 9.484164e-11 4.218323e-10 6.157323e-10 clkbuf_4_6__f_v_clk
 7.316611e-11 1.276592e-10 2.936097e-10 4.944350e-10 clkbuf_4_12_0_core_clk
 7.311610e-11 1.240951e-10 2.936097e-10 4.908208e-10 clkbuf_4_7_0_core_clk
 7.310879e-11 1.235739e-10 2.936097e-10 4.902924e-10 clkbuf_4_1_0_core_clk
 7.301680e-11 1.170170e-10 2.936097e-10 4.836435e-10 clkbuf_4_2_0_core_clk
 7.299639e-11 1.155626e-10 2.936097e-10 4.821686e-10 clkbuf_4_4_0_core_clk
 7.297120e-11 1.137668e-10 2.936097e-10 4.803477e-10 clkbuf_4_14_0_core_clk
 7.292934e-11 1.107835e-10 2.936097e-10 4.773225e-10 clkbuf_4_9_0_core_clk
 7.292849e-11 1.107229e-10 2.936097e-10 4.772611e-10 clkbuf_4_10_0_core_clk
 7.292672e-11 1.105961e-10 2.936097e-10 4.771324e-10 clkbuf_4_6_0_core_clk
 7.291671e-11 1.098832e-10 2.936097e-10 4.764096e-10 clkbuf_4_15_0_core_clk
 7.291651e-11 1.098693e-10 2.936097e-10 4.763955e-10 clkbuf_4_5_0_core_clk
 7.290404e-11 1.089800e-10 2.936097e-10 4.754938e-10 clkbuf_4_0_0_core_clk
 7.289343e-11 1.082241e-10 2.936097e-10 4.747272e-10 clkbuf_4_11_0_core_clk
 7.289019e-11 1.079925e-10 2.936097e-10 4.744924e-10 clkbuf_4_13_0_core_clk
 7.285713e-11 1.056362e-10 2.936097e-10 4.721030e-10 clkbuf_4_3_0_core_clk
 7.281076e-11 1.023308e-10 2.936097e-10 4.687513e-10 clkbuf_4_8_0_core_clk
 4.754380e-11 6.806814e-11 2.936094e-10 4.092213e-10 clkbuf_3_7_0_v_clk
 4.744000e-11 6.053586e-11 2.936094e-10 4.015853e-10 clkbuf_3_2_0_v_clk
 4.742188e-11 5.925547e-11 2.936094e-10 4.002867e-10 clkbuf_3_0_0_v_clk
 4.742072e-11 5.922983e-11 2.936094e-10 4.002599e-10 clkbuf_3_6_0_v_clk
 4.740945e-11 5.836200e-11 2.936094e-10 3.993808e-10 clkbuf_3_1_0_v_clk
 4.739980e-11 5.765000e-11 2.936094e-10 3.986592e-10 clkbuf_3_3_0_v_clk
 4.738174e-11 5.640702e-11 2.936094e-10 3.973982e-10 clkbuf_3_4_0_v_clk
 4.736769e-11 5.540140e-11 2.936094e-10 3.963785e-10 clkbuf_3_5_0_v_clk
 4.596990e-11 4.045969e-11 2.936094e-10 3.800390e-10 clkbuf_leaf_16_w_clk
 4.594880e-11 3.972606e-11 2.936094e-10 3.792842e-10 clkbuf_leaf_14_w_clk
 4.594264e-11 3.951175e-11 2.936094e-10 3.790638e-10 clkbuf_leaf_17_w_clk
 4.582698e-11 3.559800e-11 2.936094e-10 3.750344e-10 clkbuf_leaf_2_w_clk
 4.581140e-11 3.494985e-11 2.936094e-10 3.743706e-10 clkbuf_leaf_15_w_clk
 4.575440e-11 3.296854e-11 2.936094e-10 3.723323e-10 clkbuf_leaf_11_w_clk
 4.573476e-11 3.239053e-11 2.936094e-10 3.717347e-10 clkbuf_leaf_63_w_clk
 4.573010e-11 3.222848e-11 2.936094e-10 3.715679e-10 clkbuf_leaf_1_w_clk
 4.570783e-11 3.134935e-11 2.936094e-10 3.706666e-10 clkbuf_leaf_13_w_clk
 4.570756e-11 3.134017e-11 2.936094e-10 3.706571e-10 clkbuf_leaf_12_w_clk
 4.570764e-11 3.121202e-11 2.936094e-10 3.705291e-10 clkbuf_leaf_60_w_clk
 4.569084e-11 3.086313e-11 2.936094e-10 3.701633e-10 clkbuf_leaf_4_w_clk
 4.567897e-11 3.021617e-11 2.936094e-10 3.695045e-10 clkbuf_leaf_50_w_clk
 4.571538e-11 3.016930e-11 2.936094e-10 3.694940e-10 clkbuf_leaf_34_w_clk
 4.565519e-11 2.962311e-11 2.936094e-10 3.688877e-10 clkbuf_leaf_64_w_clk
 4.562152e-11 2.845219e-11 2.936094e-10 3.676831e-10 clkbuf_leaf_0_w_clk
 4.562205e-11 2.823870e-11 2.936094e-10 3.674701e-10 clkbuf_leaf_51_w_clk
 4.555602e-11 2.797157e-11 2.936094e-10 3.671370e-10 clkbuf_leaf_21_w_clk
 4.564631e-11 2.778498e-11 2.936094e-10 3.670407e-10 clkbuf_leaf_30_w_clk
 4.559993e-11 2.747041e-11 2.936094e-10 3.666797e-10 clkbuf_leaf_58_w_clk
 4.706605e-11 2.544864e-11 2.936094e-10 3.661241e-10 clkbuf_leaf_130_v_clk
 4.711385e-11 2.507290e-11 2.936094e-10 3.657961e-10 clkbuf_leaf_60_v_clk
 4.723310e-11 2.492370e-11 2.936094e-10 3.657662e-10 clkbuf_leaf_42_v_clk
 4.699980e-11 2.500589e-11 2.936094e-10 3.656151e-10 clkbuf_leaf_135_v_clk
 4.560090e-11 2.621748e-11 2.936094e-10 3.654278e-10 clkbuf_leaf_32_w_clk
 4.704493e-11 2.470175e-11 2.936094e-10 3.653561e-10 clkbuf_leaf_126_v_clk
 4.559277e-11 2.594250e-11 2.936094e-10 3.651447e-10 clkbuf_leaf_5_w_clk
 4.703855e-11 2.447640e-11 2.936094e-10 3.651243e-10 clkbuf_leaf_119_v_clk
 4.719862e-11 2.374043e-11 2.936094e-10 3.645484e-10 clkbuf_leaf_37_v_clk
 4.557539e-11 2.533674e-11 2.936094e-10 3.645215e-10 clkbuf_leaf_29_w_clk
 4.701951e-11 2.380288e-11 2.936094e-10 3.644318e-10 clkbuf_leaf_129_v_clk
 4.557236e-11 2.523201e-11 2.936094e-10 3.644137e-10 clkbuf_leaf_28_w_clk
 4.547227e-11 2.503330e-11 2.936094e-10 3.641150e-10 clkbuf_leaf_18_w_clk
 4.718336e-11 2.321744e-11 2.936094e-10 3.640102e-10 clkbuf_leaf_46_v_clk
 4.551581e-11 2.454778e-11 2.936094e-10 3.636730e-10 clkbuf_leaf_62_w_clk
 4.701175e-11 2.287390e-11 2.936094e-10 3.634950e-10 clkbuf_leaf_16_v_clk
 4.704412e-11 2.263139e-11 2.936094e-10 3.632849e-10 clkbuf_leaf_64_v_clk
 4.698757e-11 2.267357e-11 2.936094e-10 3.632705e-10 clkbuf_leaf_128_v_clk
 4.698589e-11 2.261430e-11 2.936094e-10 3.632096e-10 clkbuf_leaf_125_v_clk
 4.544699e-11 2.414651e-11 2.936094e-10 3.632029e-10 clkbuf_leaf_24_w_clk
 4.699835e-11 2.240144e-11 2.936094e-10 3.630092e-10 clkbuf_leaf_1_v_clk
 4.553172e-11 2.383488e-11 2.936094e-10 3.629760e-10 clkbuf_leaf_6_w_clk
 4.543984e-11 2.389563e-11 2.936094e-10 3.629448e-10 clkbuf_leaf_19_w_clk
 4.542498e-11 2.337421e-11 2.936094e-10 3.624086e-10 clkbuf_leaf_25_w_clk
 4.715306e-11 2.156400e-11 2.936094e-10 3.623264e-10 clkbuf_leaf_97_v_clk
 4.710779e-11 2.160127e-11 2.936094e-10 3.623185e-10 clkbuf_leaf_107_v_clk
 4.693187e-11 2.159873e-11 2.936094e-10 3.621400e-10 clkbuf_leaf_96_v_clk
 4.546786e-11 2.288217e-11 2.936094e-10 3.619594e-10 clkbuf_leaf_61_w_clk
 4.689618e-11 2.130830e-11 2.936094e-10 3.618139e-10 clkbuf_leaf_117_v_clk
 4.540614e-11 2.271311e-11 2.936094e-10 3.617286e-10 clkbuf_leaf_20_w_clk
 4.715557e-11 2.086891e-11 2.936094e-10 3.616339e-10 clkbuf_leaf_86_v_clk
 4.696018e-11 2.105617e-11 2.936094e-10 3.616257e-10 clkbuf_leaf_3_v_clk
 4.720008e-11 2.075582e-11 2.936094e-10 3.615653e-10 clkbuf_leaf_32_v_clk
 4.547911e-11 2.201859e-11 2.936094e-10 3.611071e-10 clkbuf_leaf_9_w_clk
 4.692650e-11 2.051425e-11 2.936094e-10 3.610501e-10 clkbuf_leaf_131_v_clk
 4.689937e-11 2.044459e-11 2.936094e-10 3.609534e-10 clkbuf_leaf_74_v_clk
 4.543928e-11 2.188931e-11 2.936094e-10 3.609380e-10 clkbuf_leaf_56_w_clk
 4.718093e-11 2.010809e-11 2.936094e-10 3.608984e-10 clkbuf_leaf_30_v_clk
 4.697463e-11 2.019819e-11 2.936094e-10 3.607822e-10 clkbuf_leaf_67_v_clk
 4.717182e-11 1.980006e-11 2.936094e-10 3.605813e-10 clkbuf_leaf_35_v_clk
 4.542759e-11 2.148291e-11 2.936094e-10 3.605199e-10 clkbuf_leaf_55_w_clk
 4.692902e-11 1.995778e-11 2.936094e-10 3.604962e-10 clkbuf_leaf_151_v_clk
 4.685902e-11 1.998278e-11 2.936094e-10 3.604512e-10 clkbuf_leaf_146_v_clk
 4.696422e-11 1.983420e-11 2.936094e-10 3.604078e-10 clkbuf_leaf_61_v_clk
 4.685480e-11 1.992306e-11 2.936094e-10 3.603872e-10 clkbuf_leaf_55_v_clk
 4.694197e-11 1.981623e-11 2.936094e-10 3.603676e-10 clkbuf_leaf_77_v_clk
 4.540331e-11 2.127506e-11 2.936094e-10 3.602877e-10 clkbuf_leaf_46_w_clk
 4.540220e-11 2.123631e-11 2.936094e-10 3.602479e-10 clkbuf_leaf_47_w_clk
 4.684884e-11 1.971302e-11 2.936094e-10 3.601713e-10 clkbuf_leaf_43_v_clk
 4.544942e-11 2.099364e-11 2.936094e-10 3.600524e-10 clkbuf_leaf_8_w_clk
 4.684402e-11 1.953818e-11 2.936094e-10 3.599916e-10 clkbuf_leaf_51_v_clk
 4.684503e-11 1.948332e-11 2.936094e-10 3.599377e-10 clkbuf_leaf_116_v_clk
 4.684196e-11 1.946692e-11 2.936094e-10 3.599183e-10 clkbuf_leaf_44_v_clk
 4.684122e-11 1.934769e-11 2.936094e-10 3.597983e-10 clkbuf_leaf_138_v_clk
 4.543772e-11 2.058407e-11 2.936094e-10 3.596312e-10 clkbuf_leaf_33_w_clk
 4.538262e-11 2.055411e-11 2.936094e-10 3.595461e-10 clkbuf_leaf_40_w_clk
 4.707353e-11 1.884363e-11 2.936094e-10 3.595265e-10 clkbuf_leaf_98_v_clk
 4.682769e-11 1.895728e-11 2.936094e-10 3.593943e-10 clkbuf_leaf_53_v_clk
 4.682636e-11 1.890740e-11 2.936094e-10 3.593431e-10 clkbuf_leaf_48_v_clk
 4.539381e-11 2.030965e-11 2.936094e-10 3.593129e-10 clkbuf_leaf_57_w_clk
 4.713489e-11 1.855163e-11 2.936094e-10 3.592959e-10 clkbuf_leaf_29_v_clk
 4.533796e-11 2.032084e-11 2.936094e-10 3.592682e-10 clkbuf_leaf_27_w_clk
 4.542602e-11 2.017993e-11 2.936094e-10 3.592153e-10 clkbuf_leaf_31_w_clk
 4.708659e-11 1.851852e-11 2.936094e-10 3.592145e-10 clkbuf_leaf_87_v_clk
 4.537291e-11 2.021558e-11 2.936094e-10 3.591979e-10 clkbuf_leaf_52_w_clk
 4.713171e-11 1.844420e-11 2.936094e-10 3.591853e-10 clkbuf_leaf_31_v_clk
 4.692987e-11 1.863130e-11 2.936094e-10 3.591706e-10 clkbuf_leaf_59_v_clk
 4.682101e-11 1.871934e-11 2.936094e-10 3.591497e-10 clkbuf_leaf_54_v_clk
 4.682345e-11 1.871293e-11 2.936094e-10 3.591458e-10 clkbuf_leaf_134_v_clk
 4.708371e-11 1.842057e-11 2.936094e-10 3.591137e-10 clkbuf_leaf_91_v_clk
 4.681413e-11 1.847110e-11 2.936094e-10 3.588946e-10 clkbuf_leaf_52_v_clk
 4.681290e-11 1.842809e-11 2.936094e-10 3.588504e-10 clkbuf_leaf_50_v_clk
 4.705395e-11 1.817413e-11 2.936094e-10 3.588375e-10 clkbuf_leaf_100_v_clk
 4.691817e-11 1.822151e-11 2.936094e-10 3.587491e-10 clkbuf_leaf_57_v_clk
 4.681192e-11 1.830151e-11 2.936094e-10 3.587228e-10 clkbuf_leaf_137_v_clk
 4.687628e-11 1.809876e-11 2.936094e-10 3.585844e-10 clkbuf_leaf_17_v_clk
 4.698140e-11 1.787251e-11 2.936094e-10 3.584633e-10 clkbuf_leaf_25_v_clk
 4.680084e-11 1.799840e-11 2.936094e-10 3.584086e-10 clkbuf_leaf_45_v_clk
 4.680323e-11 1.799170e-11 2.936094e-10 3.584043e-10 clkbuf_leaf_133_v_clk
 4.686944e-11 1.785800e-11 2.936094e-10 3.583368e-10 clkbuf_leaf_2_v_clk
 4.697634e-11 1.769760e-11 2.936094e-10 3.582833e-10 clkbuf_leaf_19_v_clk
 4.530293e-11 1.909186e-11 2.936094e-10 3.580042e-10 clkbuf_leaf_23_w_clk
 4.533740e-11 1.897809e-11 2.936094e-10 3.579249e-10 clkbuf_leaf_42_w_clk
 4.694268e-11 1.732274e-11 2.936094e-10 3.578748e-10 clkbuf_leaf_143_v_clk
 4.681458e-11 1.743310e-11 2.936094e-10 3.578571e-10 clkbuf_leaf_80_v_clk
 4.686888e-11 1.724746e-11 2.936094e-10 3.577257e-10 clkbuf_leaf_75_v_clk
 4.529478e-11 1.880584e-11 2.936094e-10 3.577100e-10 clkbuf_leaf_26_w_clk
 4.678041e-11 1.717812e-11 2.936094e-10 3.575679e-10 clkbuf_leaf_144_v_clk
 4.695627e-11 1.685880e-11 2.936094e-10 3.574245e-10 clkbuf_leaf_104_v_clk
 4.680237e-11 1.699954e-11 2.936094e-10 3.574113e-10 clkbuf_leaf_94_v_clk
 4.695537e-11 1.682793e-11 2.936094e-10 3.573927e-10 clkbuf_leaf_106_v_clk
 4.685858e-11 1.688561e-11 2.936094e-10 3.573536e-10 clkbuf_leaf_65_v_clk
 4.677066e-11 1.691897e-11 2.936094e-10 3.572990e-10 clkbuf_leaf_49_v_clk
 4.537146e-11 1.830204e-11 2.936094e-10 3.572829e-10 clkbuf_leaf_7_w_clk
 4.698773e-11 1.650598e-11 2.936094e-10 3.571031e-10 clkbuf_leaf_39_v_clk
 4.676667e-11 1.668702e-11 2.936094e-10 3.570631e-10 clkbuf_leaf_140_v_clk
 4.683419e-11 1.661556e-11 2.936094e-10 3.570592e-10 clkbuf_leaf_5_v_clk
 4.702504e-11 1.642150e-11 2.936094e-10 3.570559e-10 clkbuf_leaf_99_v_clk
 4.700240e-11 1.641071e-11 2.936094e-10 3.570225e-10 clkbuf_leaf_92_v_clk
 4.689987e-11 1.642775e-11 2.936094e-10 3.569370e-10 clkbuf_leaf_21_v_clk
 4.678792e-11 1.648630e-11 2.936094e-10 3.568836e-10 clkbuf_leaf_78_v_clk
 4.695216e-11 1.623664e-11 2.936094e-10 3.567982e-10 clkbuf_leaf_111_v_clk
 4.683969e-11 1.622169e-11 2.936094e-10 3.566708e-10 clkbuf_leaf_72_v_clk
 4.701022e-11 1.591639e-11 2.936094e-10 3.565360e-10 clkbuf_leaf_89_v_clk
 4.681815e-11 1.604984e-11 2.936094e-10 3.564774e-10 clkbuf_leaf_7_v_clk
 4.674680e-11 1.597774e-11 2.936094e-10 3.563339e-10 clkbuf_leaf_132_v_clk
 4.529218e-11 1.740191e-11 2.936094e-10 3.563035e-10 clkbuf_leaf_54_w_clk
 4.529149e-11 1.737795e-11 2.936094e-10 3.562788e-10 clkbuf_leaf_43_w_clk
 4.692358e-11 1.572947e-11 2.936094e-10 3.562624e-10 clkbuf_leaf_102_v_clk
 4.687876e-11 1.569294e-11 2.936094e-10 3.561811e-10 clkbuf_leaf_14_v_clk
 4.689483e-11 1.566174e-11 2.936094e-10 3.561660e-10 clkbuf_leaf_152_v_clk
 4.693338e-11 1.558911e-11 2.936094e-10 3.561319e-10 clkbuf_leaf_120_v_clk
 4.689356e-11 1.561776e-11 2.936094e-10 3.561207e-10 clkbuf_leaf_145_v_clk
 4.691502e-11 1.543371e-11 2.936094e-10 3.559581e-10 clkbuf_leaf_105_v_clk
 4.688553e-11 1.533910e-11 2.936094e-10 3.558340e-10 clkbuf_leaf_154_v_clk
 4.690281e-11 1.515520e-11 2.936094e-10 3.556674e-10 clkbuf_leaf_27_v_clk
 4.694643e-11 1.508938e-11 2.936094e-10 3.556452e-10 clkbuf_leaf_41_v_clk
 4.672557e-11 1.530970e-11 2.936094e-10 3.556447e-10 clkbuf_leaf_56_v_clk
 4.702867e-11 1.496100e-11 2.936094e-10 3.555991e-10 clkbuf_leaf_34_v_clk
 4.689873e-11 1.501412e-11 2.936094e-10 3.555222e-10 clkbuf_leaf_28_v_clk
 4.672392e-11 1.516185e-11 2.936094e-10 3.554951e-10 clkbuf_leaf_139_v_clk
 4.674812e-11 1.507308e-11 2.936094e-10 3.554306e-10 clkbuf_leaf_85_v_clk
 4.689770e-11 1.483515e-11 2.936094e-10 3.553422e-10 clkbuf_leaf_123_v_clk
 4.689185e-11 1.463326e-11 2.936094e-10 3.551345e-10 clkbuf_leaf_118_v_clk
 4.694697e-11 1.451491e-11 2.936094e-10 3.550713e-10 clkbuf_leaf_101_v_clk
 4.525102e-11 1.596758e-11 2.936094e-10 3.548280e-10 clkbuf_leaf_44_w_clk
 4.689592e-11 1.429786e-11 2.936094e-10 3.548032e-10 clkbuf_leaf_121_v_clk
 4.688013e-11 1.422810e-11 2.936094e-10 3.547176e-10 clkbuf_leaf_122_v_clk
 4.683754e-11 1.425811e-11 2.936094e-10 3.547050e-10 clkbuf_leaf_10_v_clk
 4.680570e-11 1.428358e-11 2.936094e-10 3.546987e-10 clkbuf_leaf_58_v_clk
 4.672697e-11 1.432169e-11 2.936094e-10 3.546580e-10 clkbuf_leaf_90_v_clk
 4.683598e-11 1.420363e-11 2.936094e-10 3.546490e-10 clkbuf_leaf_18_v_clk
 4.688528e-11 1.393129e-11 2.936094e-10 3.544260e-10 clkbuf_leaf_113_v_clk
 4.671440e-11 1.387553e-11 2.936094e-10 3.541993e-10 clkbuf_leaf_84_v_clk
 4.676142e-11 1.347102e-11 2.936094e-10 3.538418e-10 clkbuf_leaf_76_v_clk
 4.682861e-11 1.336310e-11 2.936094e-10 3.538011e-10 clkbuf_leaf_0_v_clk
 4.522290e-11 1.481374e-11 2.936094e-10 3.536460e-10 clkbuf_leaf_48_w_clk
 4.686143e-11 1.310951e-11 2.936094e-10 3.535803e-10 clkbuf_leaf_115_v_clk
 4.669163e-11 1.306668e-11 2.936094e-10 3.533677e-10 clkbuf_leaf_73_v_clk
 4.679846e-11 1.289736e-11 2.936094e-10 3.533052e-10 clkbuf_leaf_11_v_clk
 4.681086e-11 1.274696e-11 2.936094e-10 3.531672e-10 clkbuf_leaf_147_v_clk
 4.678932e-11 1.257916e-11 2.936094e-10 3.529779e-10 clkbuf_leaf_12_v_clk
 4.520254e-11 1.410454e-11 2.936094e-10 3.529165e-10 clkbuf_leaf_38_w_clk
 4.682529e-11 1.247496e-11 2.936094e-10 3.529096e-10 clkbuf_leaf_26_v_clk
 4.690243e-11 1.224344e-11 2.936094e-10 3.527553e-10 clkbuf_leaf_93_v_clk
 4.670973e-11 1.222823e-11 2.936094e-10 3.525474e-10 clkbuf_leaf_6_v_clk
 4.677726e-11 1.215961e-11 2.936094e-10 3.525463e-10 clkbuf_leaf_8_v_clk
 4.670706e-11 1.213426e-11 2.936094e-10 3.524507e-10 clkbuf_leaf_153_v_clk
 4.518385e-11 1.345394e-11 2.936094e-10 3.522472e-10 clkbuf_leaf_49_w_clk
 4.665941e-11 1.192261e-11 2.936094e-10 3.521914e-10 clkbuf_leaf_82_v_clk
 4.517614e-11 1.318543e-11 2.936094e-10 3.519710e-10 clkbuf_leaf_36_w_clk
 4.679711e-11 1.150059e-11 2.936094e-10 3.519071e-10 clkbuf_leaf_33_v_clk
 4.669164e-11 1.159086e-11 2.936094e-10 3.518919e-10 clkbuf_leaf_4_v_clk
 4.517391e-11 1.310776e-11 2.936094e-10 3.518911e-10 clkbuf_leaf_39_w_clk
 4.679630e-11 1.147247e-11 2.936094e-10 3.518782e-10 clkbuf_leaf_24_v_clk
 4.670391e-11 1.144959e-11 2.936094e-10 3.517629e-10 clkbuf_leaf_70_v_clk
 4.675309e-11 1.131797e-11 2.936094e-10 3.516805e-10 clkbuf_leaf_13_v_clk
 4.675175e-11 1.127137e-11 2.936094e-10 3.516325e-10 clkbuf_leaf_22_v_clk
 4.663299e-11 1.098427e-11 2.936094e-10 3.512266e-10 clkbuf_leaf_81_v_clk
 4.514501e-11 1.210143e-11 2.936094e-10 3.508558e-10 clkbuf_leaf_37_w_clk
 4.634657e-11 0.000000e+00 2.936094e-10 3.399560e-10 clkload72
 3.884463e-12 2.084814e-11 3.099380e-10 3.346706e-10 fanout559
 3.849318e-12 1.994822e-11 3.099381e-10 3.337357e-10 fanout562
 3.825790e-12 1.993095e-11 3.099381e-10 3.336949e-10 fanout257
 3.831595e-12 1.875007e-11 3.099379e-10 3.325196e-10 fanout488
 3.811551e-12 1.842282e-11 3.099379e-10 3.321723e-10 fanout182
 3.897433e-12 1.791498e-11 3.099379e-10 3.317503e-10 max_cap181
 3.825062e-12 1.744755e-11 3.099381e-10 3.312107e-10 fanout278
 3.902051e-12 1.694621e-11 3.099379e-10 3.307861e-10 max_cap485
 3.843764e-12 1.691438e-11 3.099381e-10 3.306962e-10 fanout209
 3.910921e-12 1.610207e-11 3.099380e-10 3.299510e-10 max_cap173
 3.807521e-12 1.616791e-11 3.099382e-10 3.299136e-10 fanout128
 3.811780e-12 1.609970e-11 3.099380e-10 3.298495e-10 fanout171
 3.879258e-12 1.591050e-11 3.099381e-10 3.297279e-10 max_cap561
 3.815993e-12 1.579527e-11 3.099382e-10 3.295494e-10 fanout565
 3.878904e-12 1.537240e-11 3.099381e-10 3.291895e-10 max_cap292
 3.806075e-12 1.516449e-11 3.099379e-10 3.289085e-10 fanout130
 3.811253e-12 1.502990e-11 3.099382e-10 3.287793e-10 fanout566
 3.851797e-12 1.410225e-11 3.099381e-10 3.278921e-10 max_cap252
 3.863035e-12 1.403011e-11 3.099382e-10 3.278313e-10 max_cap564
 3.775910e-12 1.408731e-11 3.099379e-10 3.278011e-10 fanout489
 3.796126e-12 1.348281e-11 3.099379e-10 3.272168e-10 fanout577
 3.795798e-12 1.342998e-11 3.099379e-10 3.271637e-10 fanout572
 3.873734e-12 1.246256e-11 3.099380e-10 3.262743e-10 max_cap558
 3.889567e-12 1.138561e-11 3.099380e-10 3.252131e-10 max_cap465
 1.295077e-11 0.000000e+00 3.117680e-10 3.247188e-10 clkload67
 1.256029e-11 0.000000e+00 3.117680e-10 3.243283e-10 clkload20
 2.126177e-12 1.176587e-11 3.099382e-10 3.238302e-10 fanout463
 2.133057e-12 1.173284e-11 3.099382e-10 3.238041e-10 fanout143
 2.125346e-12 1.172436e-11 3.099382e-10 3.237879e-10 fanout215
 2.166636e-12 1.125520e-11 3.099379e-10 3.233597e-10 max_cap556
 2.119842e-12 1.098417e-11 3.099382e-10 3.230422e-10 fanout160
 2.179389e-12 1.075849e-11 3.099382e-10 3.228761e-10 max_cap494
 2.174355e-12 1.039471e-11 3.099382e-10 3.225073e-10 max_cap504
 2.116561e-12 1.038568e-11 3.099382e-10 3.224405e-10 fanout162
 2.115127e-12 1.030705e-11 3.099380e-10 3.223602e-10 fanout287
 2.111618e-12 1.029685e-11 3.099382e-10 3.223467e-10 fanout178
 2.117686e-12 1.006009e-11 3.099382e-10 3.221160e-10 fanout124
 2.142211e-12 9.829313e-12 3.099381e-10 3.219096e-10 fanout300
 2.146087e-12 9.479365e-12 3.099382e-10 3.215637e-10 fanout487
 2.168073e-12 9.317564e-12 3.099382e-10 3.214238e-10 max_cap500
 2.121098e-12 9.361906e-12 3.099377e-10 3.214207e-10 fanout501
 2.174240e-12 8.378422e-12 3.099379e-10 3.204906e-10 max_cap496
 2.120962e-12 8.430846e-12 3.099382e-10 3.204900e-10 fanout492
 2.124994e-12 8.417137e-12 3.099382e-10 3.204803e-10 fanout486
 2.113738e-12 8.375458e-12 3.099381e-10 3.204273e-10 fanout262
 2.105476e-12 8.108903e-12 3.099382e-10 3.201526e-10 fanout221
 2.159394e-12 7.643114e-12 3.099379e-10 3.197404e-10 max_cap552
 3.834353e-12 2.193728e-11 2.936092e-10 3.193809e-10 fanout277
 2.110906e-12 7.050757e-12 3.099382e-10 3.190999e-10 fanout490
 3.823771e-12 1.998642e-11 2.936092e-10 3.174193e-10 fanout762
 1.267858e-12 5.254948e-12 3.099368e-10 3.164596e-10 fanout116
 3.869960e-12 1.814952e-11 2.936090e-10 3.156284e-10 fanout753
 3.800023e-12 1.737475e-11 2.936090e-10 3.147838e-10 fanout304
 3.837108e-12 1.711901e-11 2.936091e-10 3.145652e-10 max_cap279
 3.815399e-12 1.713170e-11 2.936092e-10 3.145564e-10 fanout254
 3.837636e-12 1.682696e-11 2.936091e-10 3.142737e-10 fanout212
 3.862154e-12 1.651503e-11 2.936092e-10 3.139863e-10 wire764
 3.816398e-12 1.645626e-11 2.936092e-10 3.138819e-10 fanout185
 3.846374e-12 1.606903e-11 2.936092e-10 3.135246e-10 fanout240
 3.876401e-12 1.598730e-11 2.936090e-10 3.134727e-10 max_cap294
 3.812292e-12 1.577659e-11 2.936092e-10 3.131981e-10 fanout184
 3.894203e-12 1.553462e-11 2.936090e-10 3.130378e-10 max_cap759
 4.265292e-13 2.444519e-12 3.099383e-10 3.128093e-10 fanout115
 4.225902e-13 2.045203e-12 3.099383e-10 3.124061e-10 fanout164
 3.872754e-12 1.485255e-11 2.936090e-10 3.123343e-10 max_cap757
 4.226868e-13 1.707984e-12 3.099383e-10 3.120690e-10 fanout168
 4.237620e-13 1.592076e-12 3.099383e-10 3.119541e-10 fanout284
 3.824539e-12 1.439571e-11 2.936092e-10 3.118295e-10 fanout183
 3.798379e-12 1.382746e-11 2.936092e-10 3.112351e-10 fanout125
 3.898502e-12 1.350852e-11 2.936090e-10 3.110160e-10 max_cap208
 3.769073e-12 1.355624e-11 2.936092e-10 3.109345e-10 fanout761
 3.800984e-12 1.241128e-11 2.936090e-10 3.098212e-10 fanout747
 3.869798e-12 1.213185e-11 2.936090e-10 3.096106e-10 max_cap752
 3.814810e-12 1.176068e-11 2.936092e-10 3.091847e-10 fanout736
 3.794664e-12 1.024834e-11 2.936092e-10 3.076522e-10 fanout715
 2.185214e-12 1.029254e-11 2.936092e-10 3.060870e-10 wire769
 2.181155e-12 1.023435e-11 2.936092e-10 3.060247e-10 max_cap290
 2.164294e-12 9.978469e-12 2.936092e-10 3.057520e-10 wire771
 2.134312e-12 9.873602e-12 2.936093e-10 3.056172e-10 fanout250
 2.120332e-12 9.823215e-12 2.936091e-10 3.055526e-10 fanout153
 2.178895e-12 9.586058e-12 2.936089e-10 3.053738e-10 wire260
 2.129695e-12 9.341000e-12 2.936089e-10 3.050796e-10 fanout283
 2.108486e-12 9.016115e-12 2.936094e-10 3.047340e-10 fanout298
 2.123304e-12 8.856037e-12 2.936089e-10 3.045882e-10 fanout303
 2.123352e-12 8.349552e-12 2.936091e-10 3.040820e-10 fanout152
 2.130649e-12 7.958574e-12 2.936091e-10 3.036983e-10 max_cap302
 2.099705e-12 7.647088e-12 2.936092e-10 3.033560e-10 fanout149
 2.108251e-12 7.375564e-12 2.936090e-10 3.030928e-10 fanout295
 2.106977e-12 6.907822e-12 2.936089e-10 3.026237e-10 fanout282
 1.265419e-12 4.285986e-12 2.936103e-10 2.991617e-10 fanout587
 4.279387e-13 2.279463e-12 2.936088e-10 2.963162e-10 fanout280
 4.216102e-13 1.372397e-12 2.936088e-10 2.954028e-10 fanout286
 6.719112e-12 5.880192e-11 2.231390e-10 2.886601e-10 fanout360
 6.888790e-12 3.729042e-11 2.351098e-10 2.792890e-10 fanout531
 1.254386e-11 0.000000e+00 2.628926e-10 2.754364e-10 clkload3
 1.252202e-11 0.000000e+00 2.628926e-10 2.754146e-10 clkload13
 1.252008e-11 0.000000e+00 2.628926e-10 2.754127e-10 clkload11
 1.249642e-11 0.000000e+00 2.628926e-10 2.753890e-10 clkload9
 1.246848e-11 0.000000e+00 2.628926e-10 2.753610e-10 clkload14
 6.458967e-12 3.286972e-11 2.351103e-10 2.744390e-10 fanout512
 6.586330e-12 3.158058e-11 2.351103e-10 2.732773e-10 fanout511
 8.232095e-12 0.000000e+00 2.628929e-10 2.711250e-10 clkload69
 7.899009e-12 0.000000e+00 2.628930e-10 2.707920e-10 clkload21
 7.895046e-12 0.000000e+00 2.628930e-10 2.707880e-10 clkload17
 7.885696e-12 0.000000e+00 2.628930e-10 2.707786e-10 clkload19
 6.622103e-12 3.923670e-11 2.232848e-10 2.691437e-10 fanout346
 6.573137e-12 2.639149e-11 2.351103e-10 2.680750e-10 fanout507
 6.542275e-12 2.592906e-11 2.351103e-10 2.675817e-10 fanout516
 6.621661e-12 2.563113e-11 2.351103e-10 2.673631e-10 fanout514
 6.594922e-12 2.522018e-11 2.351103e-10 2.669255e-10 fanout510
 6.617880e-12 2.515699e-11 2.351103e-10 2.668852e-10 fanout515
 6.955519e-12 2.403724e-11 2.351098e-10 2.661025e-10 fanout520
 6.571836e-12 3.204161e-11 2.232848e-10 2.618983e-10 fanout352
 3.345417e-11 0.000000e+00 2.231395e-10 2.565936e-10 clkload1
 3.345177e-11 0.000000e+00 2.231395e-10 2.565912e-10 clkload5
 3.343650e-11 0.000000e+00 2.231395e-10 2.565760e-10 clkload4
 6.570126e-12 2.609828e-11 2.232848e-10 2.559532e-10 fanout343
 6.572570e-12 2.584985e-11 2.232848e-10 2.557073e-10 fanout342
 6.573517e-12 2.576694e-11 2.232848e-10 2.556253e-10 fanout337
 6.570859e-12 2.543424e-11 2.232848e-10 2.552899e-10 fanout336
 6.529106e-12 2.321959e-11 2.232848e-10 2.530335e-10 fanout353
 1.849586e-12 1.168057e-11 2.351103e-10 2.486405e-10 fanout175
 3.067612e-12 8.462436e-12 2.351095e-10 2.466396e-10 fanout306
 1.449776e-12 9.681875e-12 2.351095e-10 2.462412e-10 fanout709
 1.427369e-12 9.178580e-12 2.351098e-10 2.457157e-10 fanout241
 1.855036e-12 8.325804e-12 2.351103e-10 2.452911e-10 fanout174
 2.209478e-11 0.000000e+00 2.231392e-10 2.452340e-10 clkload157
 2.209334e-11 0.000000e+00 2.231392e-10 2.452326e-10 clkload110
 2.209328e-11 0.000000e+00 2.231392e-10 2.452325e-10 clkload165
 2.209325e-11 0.000000e+00 2.231392e-10 2.452325e-10 clkload114
 2.209278e-11 0.000000e+00 2.231392e-10 2.452320e-10 clkload82
 2.209159e-11 0.000000e+00 2.231392e-10 2.452308e-10 clkload158
 2.209093e-11 0.000000e+00 2.231392e-10 2.452301e-10 clkload89
 2.209085e-11 0.000000e+00 2.231392e-10 2.452301e-10 clkload137
 2.209061e-11 0.000000e+00 2.231392e-10 2.452298e-10 clkload84
 2.208994e-11 0.000000e+00 2.231392e-10 2.452291e-10 clkload111
 2.208781e-11 0.000000e+00 2.231392e-10 2.452270e-10 clkload126
 2.208771e-11 0.000000e+00 2.231392e-10 2.452269e-10 clkload154
 2.208689e-11 0.000000e+00 2.231392e-10 2.452261e-10 clkload75
 2.208643e-11 0.000000e+00 2.231392e-10 2.452256e-10 clkload167
 2.208503e-11 0.000000e+00 2.231392e-10 2.452242e-10 clkload125
 2.208379e-11 0.000000e+00 2.231392e-10 2.452230e-10 clkload128
 2.208347e-11 0.000000e+00 2.231392e-10 2.452227e-10 clkload161
 2.208311e-11 0.000000e+00 2.231392e-10 2.452223e-10 clkload134
 2.208086e-11 0.000000e+00 2.231392e-10 2.452201e-10 clkload112
 2.208021e-11 0.000000e+00 2.231392e-10 2.452194e-10 clkload79
 2.207841e-11 0.000000e+00 2.231392e-10 2.452176e-10 clkload136
 2.207636e-11 0.000000e+00 2.231392e-10 2.452156e-10 clkload121
 2.207545e-11 0.000000e+00 2.231392e-10 2.452147e-10 clkload97
 2.207490e-11 0.000000e+00 2.231392e-10 2.452141e-10 clkload164
 2.207444e-11 0.000000e+00 2.231392e-10 2.452137e-10 clkload162
 2.207352e-11 0.000000e+00 2.231392e-10 2.452127e-10 clkload76
 2.207160e-11 0.000000e+00 2.231392e-10 2.452108e-10 clkload81
 2.207002e-11 0.000000e+00 2.231392e-10 2.452092e-10 clkload94
 2.206993e-11 0.000000e+00 2.231392e-10 2.452092e-10 clkload117
 2.206957e-11 0.000000e+00 2.231392e-10 2.452088e-10 clkload115
 2.206650e-11 0.000000e+00 2.231392e-10 2.452057e-10 clkload95
 2.206527e-11 0.000000e+00 2.231392e-10 2.452045e-10 clkload143
 2.206499e-11 0.000000e+00 2.231392e-10 2.452042e-10 clkload141
 2.206431e-11 0.000000e+00 2.231392e-10 2.452035e-10 clkload116
 2.206212e-11 0.000000e+00 2.231392e-10 2.452013e-10 clkload118
 2.209863e-12 7.627875e-12 2.351095e-10 2.449473e-10 fanout326
 2.237701e-12 7.536587e-12 2.351095e-10 2.448838e-10 fanout313
 2.217017e-12 7.375952e-12 2.351095e-10 2.447025e-10 fanout330
 2.253638e-12 7.189387e-12 2.351095e-10 2.445525e-10 fanout318
 2.130139e-11 0.000000e+00 2.231392e-10 2.444406e-10 clkload37
 2.129664e-11 0.000000e+00 2.231392e-10 2.444359e-10 clkload36
 2.129656e-11 0.000000e+00 2.231392e-10 2.444358e-10 clkload40
 2.128707e-11 0.000000e+00 2.231392e-10 2.444263e-10 clkload39
 2.128451e-11 0.000000e+00 2.231392e-10 2.444237e-10 clkload46
 2.127020e-11 0.000000e+00 2.231392e-10 2.444094e-10 clkload54
 2.125471e-11 0.000000e+00 2.231392e-10 2.443939e-10 clkload23
 2.124782e-11 0.000000e+00 2.231392e-10 2.443870e-10 clkload33
 2.284420e-12 6.990619e-12 2.351095e-10 2.443845e-10 fanout315
 2.288275e-12 6.857060e-12 2.351095e-10 2.442548e-10 fanout456
 2.249473e-12 6.802016e-12 2.351097e-10 2.441611e-10 fanout319
 1.032530e-12 7.930925e-12 2.351105e-10 2.440740e-10 fanout397
 2.264590e-12 6.680697e-12 2.351095e-10 2.440548e-10 fanout324
 1.843749e-12 6.983840e-12 2.351103e-10 2.439378e-10 fanout576
 1.809573e-12 6.900485e-12 2.351102e-10 2.438203e-10 fanout569
 1.029334e-12 7.643174e-12 2.351105e-10 2.437830e-10 fanout222
 2.246190e-12 6.249363e-12 2.351097e-10 2.436052e-10 fanout311
 1.422164e-12 6.988861e-12 2.351095e-10 2.435206e-10 fanout699
 1.425163e-12 6.874532e-12 2.351095e-10 2.434092e-10 fanout696
 1.439785e-12 6.481791e-12 2.351095e-10 2.430310e-10 fanout237
 1.022810e-12 6.758684e-12 2.351105e-10 2.428920e-10 max_cap66
 1.017226e-12 6.667652e-12 2.351105e-10 2.427954e-10 fanout199
 1.025257e-12 6.515091e-12 2.351104e-10 2.426507e-10 fanout266
 1.445084e-12 6.000467e-12 2.351096e-10 2.425551e-10 fanout705
 1.442009e-12 5.614926e-12 2.351096e-10 2.421665e-10 fanout707
 1.038609e-12 5.835129e-12 2.351105e-10 2.419842e-10 fanout159
 1.009646e-12 5.624739e-12 2.351105e-10 2.417449e-10 fanout382
 1.050815e-12 5.576405e-12 2.351105e-10 2.417377e-10 fanout491
 1.411320e-12 4.991748e-12 2.351095e-10 2.415126e-10 fanout327
 1.413641e-12 4.971771e-12 2.351094e-10 2.414948e-10 fanout321
 1.033082e-12 5.141945e-12 2.351105e-10 2.412855e-10 fanout362
 1.409219e-12 4.701690e-12 2.351095e-10 2.412205e-10 fanout323
 1.228073e-12 4.855198e-12 2.351100e-10 2.411932e-10 fanout106
 1.457510e-12 4.483408e-12 2.351095e-10 2.410505e-10 fanout442
 1.003687e-12 4.469328e-12 2.351105e-10 2.405835e-10 fanout216
 1.434000e-12 4.031583e-12 2.351094e-10 2.405750e-10 fanout334
 1.009510e-12 4.396421e-12 2.351105e-10 2.405164e-10 fanout140
 1.435976e-12 3.902039e-12 2.351094e-10 2.404474e-10 fanout329
 1.001810e-12 4.332357e-12 2.351105e-10 2.404447e-10 fanout377
 1.017431e-12 4.261178e-12 2.351105e-10 2.403891e-10 fanout380
 1.033576e-12 4.171055e-12 2.351105e-10 2.403152e-10 fanout373
 1.034244e-12 3.975273e-12 2.351105e-10 2.401200e-10 fanout391
 1.017121e-12 3.980936e-12 2.351105e-10 2.401086e-10 fanout394
 1.017505e-12 3.895998e-12 2.351102e-10 2.400237e-10 fanout151
 6.141882e-13 4.191754e-12 2.351095e-10 2.399154e-10 fanout119
 1.031389e-12 3.755953e-12 2.351105e-10 2.398979e-10 fanout376
 1.025843e-12 3.673376e-12 2.351105e-10 2.398097e-10 fanout381
 1.028069e-12 3.648606e-12 2.351105e-10 2.397872e-10 fanout389
 1.012820e-12 3.283716e-12 2.351105e-10 2.394070e-10 fanout395
 8.266700e-13 3.411664e-12 2.351105e-10 2.393489e-10 fanout108
 6.155883e-13 3.529247e-12 2.351095e-10 2.392543e-10 fanout687
 6.113653e-13 2.945866e-12 2.351095e-10 2.386667e-10 fanout682
 6.033086e-13 2.924115e-12 2.351094e-10 2.386368e-10 fanout122
 6.192027e-13 2.841048e-12 2.351098e-10 2.385701e-10 fanout654
 6.071982e-13 2.655590e-12 2.351095e-10 2.383723e-10 fanout684
 6.177209e-13 2.547624e-12 2.351095e-10 2.382748e-10 fanout683
 6.047397e-13 2.533690e-12 2.351095e-10 2.382479e-10 fanout679
 6.188797e-13 2.387293e-12 2.351098e-10 2.381160e-10 fanout653
 6.056833e-13 2.386843e-12 2.351095e-10 2.381020e-10 fanout691
 6.081230e-13 2.318106e-12 2.351098e-10 2.380360e-10 fanout660
 6.060728e-13 2.284873e-12 2.351095e-10 2.380004e-10 fanout689
 6.173458e-13 2.095035e-12 2.351098e-10 2.378222e-10 fanout638
 6.185368e-13 2.052135e-12 2.351098e-10 2.377805e-10 fanout673
 6.061723e-13 2.050300e-12 2.351098e-10 2.377663e-10 fanout659
 6.235809e-13 1.917111e-12 2.351098e-10 2.376505e-10 fanout455
 6.245143e-13 1.861599e-12 2.351095e-10 2.375956e-10 fanout444
 6.279239e-13 1.804489e-12 2.351093e-10 2.375417e-10 fanout593
 6.163541e-13 1.811505e-12 2.351095e-10 2.375374e-10 fanout441
 6.226683e-13 1.781289e-12 2.351097e-10 2.375137e-10 fanout459
 1.858888e-12 1.206197e-11 2.231391e-10 2.370600e-10 fanout743
 2.035379e-13 1.138391e-12 2.351105e-10 2.364525e-10 fanout69
 1.847738e-12 1.140352e-11 2.231391e-10 2.363904e-10 fanout733
 2.062797e-13 9.729609e-13 2.351105e-10 2.362898e-10 fanout169
 2.059472e-13 7.632013e-13 2.351105e-10 2.360797e-10 fanout187
 5.902738e-13 3.125289e-13 2.351093e-10 2.360121e-10 output56
 5.877754e-13 1.934347e-13 2.351093e-10 2.358905e-10 output64
 5.902624e-13 1.619676e-13 2.351093e-10 2.358615e-10 output59
 5.855856e-13 1.447548e-13 2.351093e-10 2.358396e-10 output63
 5.894433e-13 1.110494e-13 2.351093e-10 2.358098e-10 output35
 5.859095e-13 1.055851e-13 2.351093e-10 2.358008e-10 output44
 5.818394e-13 9.879488e-14 2.351093e-10 2.357899e-10 output42
 5.914497e-13 8.541520e-14 2.351093e-10 2.357862e-10 output47
 5.923244e-13 8.197885e-14 2.351093e-10 2.357836e-10 output27
 5.838773e-13 9.017019e-14 2.351093e-10 2.357833e-10 output62
 5.929121e-13 7.643995e-14 2.351093e-10 2.357786e-10 output24
 5.921640e-13 7.700751e-14 2.351093e-10 2.357785e-10 output45
 5.859668e-13 7.852432e-14 2.351093e-10 2.357738e-10 output36
 5.942316e-13 6.923452e-14 2.351093e-10 2.357728e-10 output29
 5.878456e-13 7.446353e-14 2.351093e-10 2.357716e-10 output58
 5.905301e-13 6.889868e-14 2.351093e-10 2.357687e-10 output50
 5.913468e-13 6.691404e-14 2.351093e-10 2.357675e-10 output54
 5.925542e-13 6.323390e-14 2.351093e-10 2.357651e-10 output31
 5.925705e-13 6.191227e-14 2.351093e-10 2.357638e-10 output25
 5.904734e-13 6.127316e-14 2.351093e-10 2.357610e-10 output51
 5.907759e-13 5.817090e-14 2.351093e-10 2.357582e-10 output53
 5.932123e-13 5.512750e-14 2.351093e-10 2.357576e-10 output48
 5.902971e-13 4.988038e-14 2.351093e-10 2.357495e-10 output46
 5.832111e-13 5.590442e-14 2.351093e-10 2.357484e-10 output43
 5.930962e-13 4.520298e-14 2.351093e-10 2.357476e-10 output21
 5.902113e-13 4.471323e-14 2.351093e-10 2.357442e-10 output23
 5.855538e-13 4.919963e-14 2.351093e-10 2.357440e-10 output40
 5.900112e-13 4.094323e-14 2.351093e-10 2.357403e-10 output49
 5.845364e-13 4.535238e-14 2.351093e-10 2.357392e-10 output52
 5.869344e-13 4.264221e-14 2.351093e-10 2.357389e-10 output18
 5.924858e-13 3.514933e-14 2.351093e-10 2.357369e-10 output30
 5.853840e-13 4.106762e-14 2.351093e-10 2.357357e-10 output17
 5.843622e-13 4.136937e-14 2.351093e-10 2.357350e-10 output33
 5.888954e-13 3.426937e-14 2.351093e-10 2.357325e-10 output55
 5.851998e-13 3.589700e-14 2.351093e-10 2.357304e-10 output38
 5.874543e-13 3.318590e-14 2.351093e-10 2.357299e-10 output37
 5.860688e-13 3.175404e-14 2.351093e-10 2.357271e-10 output20
 5.837983e-13 3.290600e-14 2.351093e-10 2.357260e-10 output61
 5.911708e-13 1.906079e-14 2.351093e-10 2.357195e-10 output22
 5.886565e-13 1.520618e-14 2.351093e-10 2.357131e-10 output26
 5.852359e-13 1.757011e-14 2.351093e-10 2.357121e-10 output32
 5.869319e-13 1.361973e-14 2.351093e-10 2.357098e-10 output39
 5.847834e-13 1.113490e-14 2.351093e-10 2.357052e-10 output19
 8.118689e-20 4.559977e-19 2.351100e-10 2.351100e-10 fanout774
 1.860367e-12 8.962817e-12 2.232849e-10 2.341081e-10 fanout186
 1.863580e-12 8.521908e-12 2.232848e-10 2.336702e-10 fanout214
 1.816381e-12 8.595228e-12 2.231391e-10 2.335507e-10 fanout742
 1.837172e-12 8.170413e-12 2.231391e-10 2.331467e-10 fanout717
 1.423478e-12 8.553877e-12 2.231396e-10 2.331170e-10 fanout467
 1.822031e-12 8.099759e-12 2.231391e-10 2.330609e-10 fanout729
 1.811988e-12 8.015262e-12 2.231391e-10 2.329664e-10 fanout740
 1.418413e-12 8.081275e-12 2.231398e-10 2.326395e-10 fanout584
 1.047438e-12 8.413790e-12 2.231388e-10 2.326000e-10 fanout440
 1.420835e-12 7.978958e-12 2.231398e-10 2.325396e-10 fanout580
 1.816229e-12 7.565352e-12 2.231391e-10 2.325207e-10 fanout713
 1.423840e-12 7.942287e-12 2.231396e-10 2.325057e-10 fanout470
 1.419733e-12 7.912629e-12 2.231396e-10 2.324720e-10 fanout468
 1.843514e-12 7.097083e-12 2.232849e-10 2.322255e-10 fanout737
 1.851310e-12 6.820706e-12 2.232849e-10 2.319569e-10 fanout719
 1.025791e-12 7.315289e-12 2.231390e-10 2.314800e-10 fanout276
 1.846052e-12 6.299609e-12 2.232847e-10 2.314304e-10 fanout745
 1.808178e-12 6.448866e-12 2.231391e-10 2.313962e-10 fanout711
 1.042255e-12 6.998461e-12 2.232846e-10 2.313253e-10 fanout417
 1.834174e-12 5.717165e-12 2.232849e-10 2.308362e-10 fanout724
 1.017916e-12 5.948610e-12 2.231389e-10 2.301054e-10 fanout194
 1.030272e-12 5.406920e-12 2.232850e-10 2.297222e-10 fanout297
 1.010773e-12 5.528717e-12 2.231390e-10 2.296785e-10 fanout268
 1.016655e-12 5.095873e-12 2.231390e-10 2.292515e-10 fanout273
 1.006680e-12 4.998865e-12 2.231390e-10 2.291445e-10 fanout274
 1.025944e-12 4.861219e-12 2.231388e-10 2.290260e-10 fanout114
 1.028270e-12 4.689311e-12 2.232848e-10 2.290023e-10 fanout270
 1.013260e-12 4.796978e-12 2.231388e-10 2.289491e-10 fanout142
 1.009344e-12 4.595588e-12 2.231388e-10 2.287437e-10 fanout414
 1.023312e-12 4.434460e-12 2.232850e-10 2.287428e-10 fanout299
 1.029224e-12 4.408425e-12 2.232848e-10 2.287224e-10 fanout203
 1.023011e-12 4.358651e-12 2.232846e-10 2.286663e-10 fanout439
 1.035340e-12 4.320573e-12 2.232846e-10 2.286405e-10 fanout430
 1.013634e-12 4.476411e-12 2.231388e-10 2.286289e-10 fanout113
 1.035394e-12 4.277344e-12 2.232846e-10 2.285973e-10 fanout434
 1.005186e-12 4.408319e-12 2.231388e-10 2.285523e-10 fanout416
 1.019873e-12 4.091775e-12 2.232846e-10 2.283963e-10 fanout99
 1.026635e-12 4.004674e-12 2.232847e-10 2.283160e-10 fanout231
 1.025739e-12 3.954371e-12 2.232846e-10 2.282647e-10 fanout402
 1.026200e-12 3.948513e-12 2.232846e-10 2.282593e-10 fanout412
 1.005149e-12 4.106005e-12 2.231391e-10 2.282503e-10 fanout772
 1.024647e-12 3.817895e-12 2.232846e-10 2.281272e-10 fanout399
 1.027047e-12 3.807022e-12 2.232847e-10 2.281187e-10 fanout363
 1.030995e-12 3.686363e-12 2.232846e-10 2.280020e-10 fanout406
 1.032967e-12 3.657978e-12 2.232846e-10 2.279756e-10 fanout398
 1.033758e-12 3.609458e-12 2.232846e-10 2.279278e-10 fanout407
 1.029036e-12 3.610445e-12 2.232846e-10 2.279241e-10 fanout427
 1.028021e-12 3.506647e-12 2.232846e-10 2.278193e-10 fanout422
 1.029172e-12 3.451544e-12 2.232846e-10 2.277653e-10 fanout433
 8.230333e-13 3.311313e-12 2.232847e-10 2.274190e-10 fanout97
 6.122132e-13 3.573619e-12 2.231400e-10 2.273258e-10 fanout132
 6.178488e-13 3.153863e-12 2.232857e-10 2.270574e-10 fanout112
 6.098592e-13 3.249465e-12 2.231397e-10 2.269990e-10 fanout480
 1.018472e-12 2.608750e-12 2.232847e-10 2.269119e-10 fanout322
 6.071871e-13 2.952888e-12 2.231397e-10 2.266998e-10 fanout476
 6.117771e-13 2.939848e-12 2.231397e-10 2.266913e-10 fanout472
 2.185610e-12 7.662276e-13 2.232857e-10 2.262375e-10 output14
 2.169941e-12 2.950278e-13 2.232853e-10 2.257502e-10 output16
 1.744525e-12 3.055924e-13 2.232851e-10 2.253353e-10 output12
 1.370628e-12 1.619134e-13 2.232859e-10 2.248184e-10 output13
 2.084825e-13 1.397086e-12 2.231388e-10 2.247444e-10 fanout145
 9.837917e-13 2.301276e-13 2.232846e-10 2.244985e-10 output15
 2.037127e-13 1.123703e-12 2.231388e-10 2.244662e-10 fanout146
 2.080037e-13 8.120950e-13 2.232846e-10 2.243047e-10 fanout595
 2.062051e-13 8.084850e-13 2.232846e-10 2.242993e-10 fanout596
 2.041589e-13 9.281927e-13 2.231388e-10 2.242712e-10 fanout137
 2.055692e-13 7.287077e-13 2.232846e-10 2.242189e-10 fanout597
 2.081206e-13 6.874081e-13 2.232846e-10 2.241801e-10 fanout443
 2.051601e-13 6.568245e-13 2.232846e-10 2.241466e-10 fanout138
 2.062343e-13 6.547572e-13 2.232846e-10 2.241456e-10 fanout600
 2.073585e-13 6.380362e-13 2.232846e-10 2.241300e-10 fanout458
 2.008823e-13 6.941891e-13 2.231388e-10 2.240339e-10 fanout190
 1.966199e-13 5.493043e-14 2.232846e-10 2.235361e-10 output60
 1.958996e-13 2.673147e-14 2.232846e-10 2.235072e-10 output57
 1.951363e-13 1.946932e-14 2.232846e-10 2.234992e-10 output41
 1.954107e-13 1.425609e-14 2.232846e-10 2.234943e-10 output28
 1.942269e-13 3.711632e-15 2.232846e-10 2.234825e-10 output34
 3.740974e-12 1.605934e-11 2.035853e-10 2.233856e-10 fanout341
 8.253070e-20 2.819397e-19 2.232852e-10 2.232852e-10 fanout782
 8.184901e-20 2.857119e-19 2.232852e-10 2.232852e-10 fanout801
 8.209656e-20 3.226572e-19 2.232852e-10 2.232852e-10 fanout804
 8.117293e-20 4.650310e-19 2.231394e-10 2.231394e-10 fanout797
 8.072673e-20 3.716765e-19 2.231394e-10 2.231394e-10 fanout807
 3.711024e-12 1.338392e-11 2.035853e-10 2.206803e-10 fanout351
 5.818956e-12 0.000000e+00 2.140177e-10 2.198366e-10 clkload12
 3.703037e-12 1.220637e-11 2.035853e-10 2.194947e-10 fanout340
 3.678699e-12 1.181986e-11 2.035853e-10 2.190839e-10 fanout356
 4.041275e-12 0.000000e+00 2.140179e-10 2.180592e-10 clkload55
 4.034045e-12 0.000000e+00 2.140179e-10 2.180519e-10 clkload57
 4.017786e-12 0.000000e+00 2.140179e-10 2.180357e-10 clkload25
 4.010531e-12 0.000000e+00 2.140179e-10 2.180284e-10 clkload26
 3.992806e-12 0.000000e+00 2.140179e-10 2.180107e-10 clkload29
 3.954058e-12 0.000000e+00 2.140179e-10 2.179719e-10 clkload56
 3.889875e-12 0.000000e+00 2.140179e-10 2.179078e-10 clkload47
 1.276475e-11 0.000000e+00 2.035853e-10 2.163500e-10 clkload108
 1.276222e-11 0.000000e+00 2.035853e-10 2.163475e-10 clkload106
 1.276119e-11 0.000000e+00 2.035853e-10 2.163465e-10 clkload77
 1.276080e-11 0.000000e+00 2.035853e-10 2.163461e-10 clkload107
 1.275824e-11 0.000000e+00 2.035853e-10 2.163435e-10 clkload159
 1.275754e-11 0.000000e+00 2.035853e-10 2.163428e-10 clkload109
 1.275601e-11 0.000000e+00 2.035853e-10 2.163413e-10 clkload130
 1.275557e-11 0.000000e+00 2.035853e-10 2.163408e-10 clkload113
 1.275526e-11 0.000000e+00 2.035853e-10 2.163405e-10 clkload160
 1.275452e-11 0.000000e+00 2.035853e-10 2.163398e-10 clkload129
 1.275393e-11 0.000000e+00 2.035853e-10 2.163392e-10 clkload78
 1.275345e-11 0.000000e+00 2.035853e-10 2.163387e-10 clkload127
 1.275288e-11 0.000000e+00 2.035853e-10 2.163381e-10 clkload85
 1.275247e-11 0.000000e+00 2.035853e-10 2.163377e-10 clkload166
 1.275215e-11 0.000000e+00 2.035853e-10 2.163374e-10 clkload131
 1.275176e-11 0.000000e+00 2.035853e-10 2.163370e-10 clkload155
 1.275148e-11 0.000000e+00 2.035853e-10 2.163367e-10 clkload83
 1.274941e-11 0.000000e+00 2.035853e-10 2.163347e-10 clkload156
 1.274780e-11 0.000000e+00 2.035853e-10 2.163331e-10 clkload87
 1.274777e-11 0.000000e+00 2.035853e-10 2.163330e-10 clkload133
 1.274693e-11 0.000000e+00 2.035853e-10 2.163322e-10 clkload135
 1.274661e-11 0.000000e+00 2.035853e-10 2.163319e-10 clkload138
 1.274611e-11 0.000000e+00 2.035853e-10 2.163314e-10 clkload132
 1.274434e-11 0.000000e+00 2.035853e-10 2.163296e-10 clkload144
 1.274355e-11 0.000000e+00 2.035853e-10 2.163288e-10 clkload168
 1.274318e-11 0.000000e+00 2.035853e-10 2.163284e-10 clkload88
 1.273921e-11 0.000000e+00 2.035853e-10 2.163245e-10 clkload124
 1.273908e-11 0.000000e+00 2.035853e-10 2.163243e-10 clkload163
 1.273712e-11 0.000000e+00 2.035853e-10 2.163224e-10 clkload80
 1.273658e-11 0.000000e+00 2.035853e-10 2.163218e-10 clkload142
 1.273595e-11 0.000000e+00 2.035853e-10 2.163212e-10 clkload86
 1.273522e-11 0.000000e+00 2.035853e-10 2.163205e-10 clkload123
 1.273392e-11 0.000000e+00 2.035853e-10 2.163192e-10 clkload120
 1.267081e-11 0.000000e+00 2.035853e-10 2.162561e-10 clkload70
 1.231385e-11 0.000000e+00 2.035853e-10 2.158991e-10 clkload42
 1.231114e-11 0.000000e+00 2.035853e-10 2.158964e-10 clkload41
 1.230885e-11 0.000000e+00 2.035853e-10 2.158941e-10 clkload43
 1.230709e-11 0.000000e+00 2.035853e-10 2.158923e-10 clkload44
 1.229674e-11 0.000000e+00 2.035853e-10 2.158820e-10 clkload35
 1.229104e-11 0.000000e+00 2.035853e-10 2.158763e-10 clkload38
 1.228458e-11 0.000000e+00 2.035853e-10 2.158698e-10 clkload60
 1.228406e-11 0.000000e+00 2.035853e-10 2.158693e-10 clkload63
 1.228223e-11 0.000000e+00 2.035853e-10 2.158675e-10 clkload59
 1.227166e-11 0.000000e+00 2.035853e-10 2.158569e-10 clkload58
 1.227020e-11 0.000000e+00 2.035853e-10 2.158555e-10 clkload32
 1.220918e-11 0.000000e+00 2.035853e-10 2.157944e-10 clkload16
 3.916091e-12 1.227623e-11 1.993899e-10 2.155822e-10 fanout522
 3.942796e-12 1.106495e-11 1.993899e-10 2.143977e-10 fanout542
 1.869051e-20 5.377053e-19 2.140177e-10 2.140177e-10 _09018_
 5.766767e-13 2.277587e-12 2.035854e-10 2.064396e-10 fanout431
 5.773854e-13 2.195749e-12 2.035854e-10 2.063585e-10 fanout409
 5.796323e-13 2.171707e-12 2.035854e-10 2.063367e-10 fanout364
 5.740245e-13 1.946613e-12 2.035854e-10 2.061060e-10 fanout419
 5.736308e-13 1.897464e-12 2.035854e-10 2.060565e-10 fanout421
 5.791372e-13 1.839492e-12 2.035854e-10 2.060040e-10 fanout408
 5.758010e-13 1.820845e-12 2.035854e-10 2.059820e-10 fanout401
 1.156279e-13 3.661804e-13 2.035854e-10 2.040672e-10 fanout139
 1.149475e-13 3.569840e-13 2.035854e-10 2.040573e-10 fanout602
 1.170174e-13 3.150036e-13 2.035854e-10 2.040174e-10 fanout446
 4.641521e-20 1.623456e-19 2.035852e-10 2.035852e-10 fanout792
 4.623616e-20 1.812715e-19 2.035852e-10 2.035852e-10 fanout818
 6.956758e-13 3.018184e-12 1.993898e-10 2.031037e-10 fanout92
 6.953661e-13 2.963389e-12 1.993898e-10 2.030486e-10 fanout91
 6.944992e-13 2.785551e-12 1.993898e-10 2.028699e-10 fanout86
 4.009119e-14 8.111886e-13 2.019168e-10 2.027681e-10 _10750_
 6.924895e-13 2.528808e-12 1.993898e-10 2.026111e-10 fanout84
 6.920382e-13 2.510233e-12 1.993898e-10 2.025921e-10 fanout107
 3.932556e-14 5.297528e-13 2.019168e-10 2.024859e-10 _09085_
 3.869753e-14 4.814767e-13 2.019168e-10 2.024370e-10 _09190_
 5.780251e-13 2.461233e-12 1.993896e-10 2.024289e-10 fanout387
 6.876790e-13 1.914275e-12 1.993898e-10 2.019918e-10 fanout88
 3.470976e-13 1.350006e-12 1.993899e-10 2.010870e-10 fanout639
 3.494608e-13 1.287532e-12 1.993899e-10 2.010269e-10 fanout630
 3.456698e-13 1.219315e-12 1.993899e-10 2.009549e-10 fanout670
 3.488258e-13 1.189514e-12 1.993899e-10 2.009282e-10 fanout672
 3.454037e-13 1.185587e-12 1.993899e-10 2.009209e-10 fanout661
 3.452027e-13 1.160075e-12 1.993899e-10 2.008952e-10 fanout675
 3.465774e-13 1.136163e-12 1.993899e-10 2.008726e-10 fanout616
 3.481374e-13 1.133311e-12 1.993899e-10 2.008713e-10 fanout669
 3.483743e-13 1.115758e-12 1.993899e-10 2.008540e-10 fanout615
 3.497266e-13 8.821057e-13 1.993900e-10 2.006219e-10 fanout332
 1.311302e-13 3.792151e-12 1.947895e-10 1.987128e-10 _09007_
 1.216568e-13 1.545273e-12 1.947893e-10 1.964563e-10 _09244_
 1.156697e-13 1.437559e-12 1.947893e-10 1.963426e-10 _09110_
 2.116935e-13 5.214836e-12 1.895723e-10 1.949989e-10 _09010_
 7.757574e-14 1.300535e-13 1.938816e-10 1.940892e-10 wire98
 6.556351e-20 2.206983e-19 1.938815e-10 1.938815e-10 input10
 1.309777e-19 3.273774e-19 1.938815e-10 1.938815e-10 input4
 6.553926e-20 1.901367e-19 1.938815e-10 1.938815e-10 input6
 4.592173e-19 2.017875e-18 1.938815e-10 1.938815e-10 input8
 6.541422e-20 1.239255e-19 1.938814e-10 1.938814e-10 input1
 1.308823e-19 2.751192e-19 1.938814e-10 1.938814e-10 input5
 1.235200e-13 2.574559e-12 1.895724e-10 1.922705e-10 _12111_
 1.144811e-13 2.287008e-12 1.895724e-10 1.919739e-10 _09015_
 2.009564e-12 0.000000e+00 1.895722e-10 1.915818e-10 clkload18
 1.126715e-13 1.683982e-12 1.895724e-10 1.913690e-10 _09145_
 4.904997e-13 2.903354e-12 1.872562e-10 1.906500e-10 fanout93
 2.370210e-14 4.232510e-13 1.895724e-10 1.900193e-10 _08994_
 2.370362e-14 4.080077e-13 1.895724e-10 1.900041e-10 _09037_
 2.414787e-14 3.777740e-13 1.895724e-10 1.899743e-10 _08964_
 2.281818e-14 3.579201e-13 1.895724e-10 1.899531e-10 _09198_
 2.279808e-14 3.090740e-13 1.895724e-10 1.899043e-10 _09094_
 2.231632e-14 2.903825e-13 1.895724e-10 1.898851e-10 _09086_
 2.597072e-13 4.785542e-12 1.848100e-10 1.898553e-10 _09236_
 4.678003e-13 1.458900e-12 1.872562e-10 1.891828e-10 fanout87
 2.463829e-13 3.315265e-12 1.848100e-10 1.883717e-10 _09237_
 2.341593e-13 8.075527e-13 1.872565e-10 1.882983e-10 fanout590
 2.467825e-13 3.129347e-12 1.848100e-10 1.881862e-10 _09224_
 2.503833e-13 3.055956e-12 1.848100e-10 1.881164e-10 _09115_
 2.493237e-13 2.972861e-12 1.848101e-10 1.880322e-10 _09161_
 2.323206e-13 3.545591e-13 1.872565e-10 1.878434e-10 _18745_
 2.326328e-13 3.479651e-13 1.872565e-10 1.878371e-10 _18741_
 2.331364e-13 3.265902e-13 1.872565e-10 1.878163e-10 _18731_
 2.324045e-13 3.264557e-13 1.872565e-10 1.878154e-10 _18738_
 2.319943e-13 3.244284e-13 1.872565e-10 1.878130e-10 _18742_
 2.321925e-13 3.064744e-13 1.872565e-10 1.877952e-10 _18737_
 2.328634e-13 2.990735e-13 1.872565e-10 1.877885e-10 _18728_
 2.317301e-13 3.000284e-13 1.872565e-10 1.877883e-10 _18740_
 2.317007e-13 2.973172e-13 1.872565e-10 1.877856e-10 _18743_
 2.316015e-13 2.881540e-13 1.872565e-10 1.877763e-10 _18744_
 2.333805e-13 2.760330e-13 1.872565e-10 1.877660e-10 _18732_
 2.318612e-13 2.752564e-13 1.872565e-10 1.877637e-10 _18736_
 2.322633e-13 2.385938e-13 1.872565e-10 1.877274e-10 _18729_
 1.681764e-13 2.746082e-12 1.848100e-10 1.877242e-10 _09098_
 2.328822e-13 2.301245e-13 1.872565e-10 1.877195e-10 _18735_
 2.321311e-13 2.252709e-13 1.872565e-10 1.877139e-10 _18730_
 2.318921e-13 2.011868e-13 1.872565e-10 1.876896e-10 _18727_
 2.308626e-13 1.811609e-13 1.872565e-10 1.876686e-10 _18739_
 2.322897e-13 1.755328e-13 1.872565e-10 1.876644e-10 _18734_
 2.321650e-13 1.676941e-13 1.872565e-10 1.876564e-10 _18733_
 2.315007e-13 1.667325e-13 1.872565e-10 1.876548e-10 _18726_
 1.677467e-13 2.673525e-12 1.848101e-10 1.876513e-10 _09227_
 1.648556e-13 2.570660e-12 1.848100e-10 1.875455e-10 _09028_
 1.623702e-13 2.419747e-12 1.848100e-10 1.873921e-10 _09120_
 1.652765e-13 2.402625e-12 1.848101e-10 1.873780e-10 _09195_
 3.275742e-20 8.853953e-20 1.872564e-10 1.872564e-10 input7
 9.812079e-20 1.872562e-19 1.872564e-10 1.872564e-10 input3
 9.801815e-20 1.504907e-19 1.872563e-10 1.872563e-10 input2
 6.409048e-14 1.739217e-12 1.848101e-10 1.866134e-10 _08959_
 7.401640e-14 1.504638e-12 1.848101e-10 1.863888e-10 _08958_
 7.235864e-14 1.334908e-12 1.848100e-10 1.862173e-10 _09019_
 7.100074e-14 1.193355e-12 1.848099e-10 1.860743e-10 _09137_
 7.024785e-14 1.152874e-12 1.848099e-10 1.860331e-10 _09053_
 7.115919e-14 1.141295e-12 1.848099e-10 1.860224e-10 _09216_
 7.094491e-14 1.140516e-12 1.848101e-10 1.860216e-10 _08962_
 7.082227e-14 1.110034e-12 1.848100e-10 1.859909e-10 _09046_
 7.078836e-14 1.087240e-12 1.848101e-10 1.859682e-10 _08968_
 7.152796e-14 1.039776e-12 1.848101e-10 1.859214e-10 _08973_
 7.140491e-14 1.038525e-12 1.848101e-10 1.859201e-10 _08976_
 7.088437e-14 9.921261e-13 1.848101e-10 1.858731e-10 _09179_
 6.848681e-14 9.179552e-13 1.848101e-10 1.857966e-10 _09133_
 6.682697e-14 8.825023e-13 1.848101e-10 1.857594e-10 _09258_
 6.718562e-14 8.670301e-13 1.848100e-10 1.857442e-10 _09154_
 6.577120e-14 8.619197e-13 1.848099e-10 1.857376e-10 _09175_
 7.078998e-14 8.220035e-13 1.848101e-10 1.857029e-10 _08969_
 2.062841e-14 2.883872e-13 1.848096e-10 1.851186e-10 _15060_
 5.463394e-13 5.695510e-12 1.751059e-10 1.813477e-10 _09350_
 5.513400e-13 3.181294e-12 1.774871e-10 1.812198e-10 _08950_
 3.426334e-13 2.729181e-12 1.774870e-10 1.805588e-10 _11854_
 2.260155e-13 2.712749e-12 1.774871e-10 1.804259e-10 _09106_
 5.339698e-13 4.409402e-12 1.751058e-10 1.800492e-10 _09347_
 3.373727e-13 2.087569e-12 1.774870e-10 1.799119e-10 _14415_
 1.569182e-13 2.238948e-12 1.774872e-10 1.798830e-10 _09041_
 2.654200e-13 1.762759e-12 1.774870e-10 1.795152e-10 _11626_
 2.570896e-13 1.761100e-12 1.774870e-10 1.795052e-10 _14741_
 3.475907e-13 1.597822e-12 1.774872e-10 1.794326e-10 _12857_
 1.530390e-13 1.749053e-12 1.774872e-10 1.793893e-10 _09077_
 1.538348e-13 1.655487e-12 1.774872e-10 1.792965e-10 _09079_
 1.570102e-13 1.639578e-12 1.774872e-10 1.792838e-10 _09032_
 1.552387e-13 1.638977e-12 1.774871e-10 1.792814e-10 _09170_
 2.655108e-13 1.524729e-12 1.774870e-10 1.792773e-10 _13975_
 3.323599e-13 1.432170e-12 1.774870e-10 1.792515e-10 _11738_
 1.920638e-13 1.517040e-12 1.774870e-10 1.791961e-10 _10438_
 3.822965e-13 1.317401e-12 1.774870e-10 1.791867e-10 _11746_
 2.639695e-13 1.434528e-12 1.774870e-10 1.791855e-10 _12528_
 1.526401e-13 1.504161e-12 1.774872e-10 1.791440e-10 _09235_
 2.198658e-13 1.371917e-12 1.774872e-10 1.790790e-10 _09241_
 1.571634e-13 1.317237e-12 1.774872e-10 1.789616e-10 _09109_
 8.576809e-14 1.386633e-12 1.774872e-10 1.789596e-10 _09014_
 1.549009e-13 1.291221e-12 1.774871e-10 1.789333e-10 _09052_
 1.963584e-13 1.247811e-12 1.774870e-10 1.789312e-10 _14196_
 1.555597e-13 1.269326e-12 1.774872e-10 1.789121e-10 _09078_
 2.559650e-13 1.152744e-12 1.774870e-10 1.788957e-10 _12306_
 1.858454e-13 1.209993e-12 1.774870e-10 1.788829e-10 _13757_
 1.540335e-13 1.213260e-12 1.774872e-10 1.788545e-10 _11850_
 1.948014e-13 1.158111e-12 1.774870e-10 1.788400e-10 _14637_
 9.117438e-14 1.201094e-12 1.774871e-10 1.787794e-10 _09189_
 8.942322e-14 1.193333e-12 1.774871e-10 1.787699e-10 _09169_
 1.499788e-13 1.117350e-12 1.774871e-10 1.787545e-10 _09249_
 1.537279e-13 1.112205e-12 1.774872e-10 1.787531e-10 _09073_
 1.495934e-13 1.087196e-12 1.774872e-10 1.787240e-10 _09116_
 2.487923e-13 9.807248e-13 1.774870e-10 1.787165e-10 _09749_
 9.116679e-14 1.118431e-12 1.774872e-10 1.786968e-10 _09165_
 1.193204e-13 1.086564e-12 1.774870e-10 1.786929e-10 _10413_
 1.502199e-13 1.039018e-12 1.774871e-10 1.786764e-10 _09009_
 1.838481e-13 9.876894e-13 1.774870e-10 1.786586e-10 _10397_
 1.262741e-13 9.940086e-13 1.774870e-10 1.786073e-10 _12980_
 1.486294e-13 9.588681e-13 1.774872e-10 1.785947e-10 _09118_
 1.519892e-13 9.502524e-13 1.774872e-10 1.785894e-10 _09080_
 1.509083e-13 9.439230e-13 1.774871e-10 1.785820e-10 _09142_
 1.475098e-13 9.425300e-13 1.774872e-10 1.785772e-10 _09012_
 1.517895e-13 9.371023e-13 1.774872e-10 1.785761e-10 _09243_
 8.602076e-14 9.997115e-13 1.774872e-10 1.785729e-10 _09131_
 1.517545e-13 8.979425e-13 1.774871e-10 1.785369e-10 _09113_
 1.529688e-13 8.727524e-13 1.774872e-10 1.785129e-10 _13084_
 8.715503e-14 9.281714e-13 1.774872e-10 1.785025e-10 _09023_
 8.498920e-14 9.287380e-13 1.774872e-10 1.785009e-10 _09048_
 8.564593e-14 9.248980e-13 1.774871e-10 1.784977e-10 _09155_
 1.228825e-13 8.850168e-13 1.774870e-10 1.784949e-10 _12521_
 8.632103e-14 9.075068e-13 1.774871e-10 1.784810e-10 _09049_
 1.520125e-13 8.194373e-13 1.774871e-10 1.784586e-10 _09242_
 8.488652e-14 8.616339e-13 1.774871e-10 1.784336e-10 _09100_
 1.450493e-13 7.999863e-13 1.774871e-10 1.784322e-10 _09081_
 1.192484e-13 8.258628e-13 1.774870e-10 1.784321e-10 _10010_
 1.193703e-13 8.238504e-13 1.774870e-10 1.784303e-10 _11969_
 1.191025e-13 8.233573e-13 1.774870e-10 1.784295e-10 _10901_
 8.443027e-14 8.450234e-13 1.774871e-10 1.784166e-10 _09058_
 8.360609e-14 8.431827e-13 1.774872e-10 1.784140e-10 _09188_
 1.246452e-13 8.019151e-13 1.774870e-10 1.784136e-10 _10304_
 8.433333e-14 8.245918e-13 1.774871e-10 1.783961e-10 _09024_
 8.646157e-14 8.154583e-13 1.774872e-10 1.783891e-10 _09096_
 8.593749e-14 8.132785e-13 1.774872e-10 1.783864e-10 _09194_
 1.475796e-13 7.390737e-13 1.774871e-10 1.783738e-10 _09173_
 8.565787e-14 7.760858e-13 1.774872e-10 1.783489e-10 _09163_
 1.233159e-13 7.362750e-13 1.774870e-10 1.783466e-10 _11413_
 8.344107e-14 7.681652e-13 1.774872e-10 1.783388e-10 _09270_
 1.816632e-13 6.584447e-13 1.774870e-10 1.783271e-10 _13424_
 8.266378e-14 7.531698e-13 1.774871e-10 1.783230e-10 _09064_
 8.356841e-14 7.354996e-13 1.774872e-10 1.783063e-10 _09057_
 8.383381e-14 7.268141e-13 1.774871e-10 1.782978e-10 _09065_
 8.311974e-14 7.225489e-13 1.774872e-10 1.782929e-10 _09147_
 8.189984e-14 7.212969e-13 1.774872e-10 1.782904e-10 _09256_
 1.481025e-13 6.307843e-13 1.774872e-10 1.782661e-10 _09272_
 2.245200e-13 5.502163e-13 1.774870e-10 1.782617e-10 _17844_
 8.246566e-14 6.626148e-13 1.774872e-10 1.782322e-10 _09082_
 1.809443e-13 5.533488e-13 1.774870e-10 1.782213e-10 _12868_
 8.389554e-14 6.491531e-13 1.774871e-10 1.782202e-10 _09196_
 8.623869e-14 6.372536e-13 1.774871e-10 1.782106e-10 _09036_
 3.046042e-13 2.799004e-12 1.751059e-10 1.782095e-10 _11633_
 1.171963e-13 6.012818e-13 1.774870e-10 1.782055e-10 _09831_
 8.589426e-14 6.294752e-13 1.774872e-10 1.782025e-10 _09084_
 8.513090e-14 5.993672e-13 1.774871e-10 1.781716e-10 _09187_
 8.515264e-14 5.893576e-13 1.774872e-10 1.781617e-10 _09035_
 8.241913e-14 5.921293e-13 1.774871e-10 1.781617e-10 _09108_
 1.159552e-13 5.580643e-13 1.774870e-10 1.781610e-10 _09922_
 1.800409e-13 4.920650e-13 1.774870e-10 1.781591e-10 _14305_
 8.179614e-14 5.789244e-13 1.774871e-10 1.781478e-10 _09202_
 8.180165e-14 5.607616e-13 1.774872e-10 1.781297e-10 _09089_
 8.781343e-14 5.526769e-13 1.774872e-10 1.781277e-10 _14630_
 8.202494e-14 5.368482e-13 1.774872e-10 1.781061e-10 _09043_
 8.189061e-14 5.257878e-13 1.774871e-10 1.780948e-10 _09066_
 1.573531e-13 4.357041e-13 1.774870e-10 1.780800e-10 _15913_
 1.148961e-13 4.772112e-13 1.774870e-10 1.780791e-10 _09650_
 2.195122e-13 3.709349e-13 1.774870e-10 1.780774e-10 _15957_
 8.421956e-14 5.028967e-13 1.774872e-10 1.780743e-10 _09068_
 1.559236e-13 4.187504e-13 1.774870e-10 1.780617e-10 _15900_
 8.472661e-14 4.882605e-13 1.774872e-10 1.780602e-10 _13852_
 8.112435e-14 4.756766e-13 1.774871e-10 1.780440e-10 _09013_
 1.154977e-13 4.358923e-13 1.774870e-10 1.780384e-10 _09878_
 1.145952e-13 4.313747e-13 1.774870e-10 1.780329e-10 _09789_
 1.151153e-13 4.305605e-13 1.774870e-10 1.780327e-10 _09965_
 1.598642e-13 3.837982e-13 1.774870e-10 1.780306e-10 _17177_
 1.154483e-13 4.273905e-13 1.774870e-10 1.780298e-10 _13433_
 1.740783e-13 3.660374e-13 1.774870e-10 1.780271e-10 _12203_
 8.297339e-14 4.535989e-13 1.774871e-10 1.780237e-10 _09067_
 8.068325e-14 4.555564e-13 1.774871e-10 1.780234e-10 _09210_
 1.563277e-13 3.779553e-13 1.774870e-10 1.780213e-10 _17037_
 1.572805e-13 3.760680e-13 1.774870e-10 1.780204e-10 _17451_
 1.598729e-13 3.708443e-13 1.774870e-10 1.780177e-10 _16979_
 1.570391e-13 3.707045e-13 1.774870e-10 1.780148e-10 _16201_
 8.342160e-14 4.430013e-13 1.774872e-10 1.780136e-10 _09146_
 1.576820e-13 3.675277e-13 1.774870e-10 1.780122e-10 _17347_
 1.568128e-13 3.511066e-13 1.774870e-10 1.779949e-10 _17672_
 8.314343e-14 4.229434e-13 1.774872e-10 1.779933e-10 _09262_
 1.556625e-13 3.422126e-13 1.774870e-10 1.779849e-10 _17378_
 8.298746e-14 4.131626e-13 1.774872e-10 1.779833e-10 _09148_
 7.973495e-14 4.164235e-13 1.774872e-10 1.779833e-10 _09212_
 1.559163e-13 3.318784e-13 1.774870e-10 1.779748e-10 _15807_
 1.556309e-13 3.204397e-13 1.774870e-10 1.779631e-10 _16896_
 8.036933e-14 3.806905e-13 1.774872e-10 1.779483e-10 _15409_
 8.213166e-14 3.763488e-13 1.774872e-10 1.779456e-10 _09221_
 1.144427e-13 3.422319e-13 1.774870e-10 1.779437e-10 _13214_
 1.553061e-13 2.985611e-13 1.774870e-10 1.779409e-10 _16290_
 1.569238e-13 2.925799e-13 1.774870e-10 1.779365e-10 _17011_
 1.552220e-13 2.908726e-13 1.774870e-10 1.779331e-10 _17690_
 1.543993e-13 2.912456e-13 1.774870e-10 1.779327e-10 _16220_
 1.585937e-13 2.863944e-13 1.774870e-10 1.779320e-10 _17153_
 8.452179e-14 3.504063e-13 1.774871e-10 1.779221e-10 _09091_
 1.537760e-13 2.793646e-13 1.774870e-10 1.779202e-10 _16427_
 1.544202e-13 2.659645e-13 1.774870e-10 1.779074e-10 _16676_
 1.563486e-13 2.540970e-13 1.774870e-10 1.778975e-10 _17232_
 1.563101e-13 2.463005e-13 1.774870e-10 1.778896e-10 _15726_
 1.562175e-13 2.424185e-13 1.774870e-10 1.778857e-10 _17785_
 1.538804e-13 2.336017e-13 1.774870e-10 1.778745e-10 _16138_
 1.755999e-14 3.679821e-13 1.774872e-10 1.778727e-10 _11364_
 1.547817e-13 2.268539e-13 1.774870e-10 1.778687e-10 _15650_
 1.549867e-13 2.234198e-13 1.774870e-10 1.778654e-10 _15764_
 1.553823e-13 2.208998e-13 1.774870e-10 1.778633e-10 _17103_
 1.548528e-13 2.210436e-13 1.774870e-10 1.778629e-10 _16609_
 1.556778e-13 2.192374e-13 1.774870e-10 1.778619e-10 _16300_
 1.562204e-13 2.186463e-13 1.774870e-10 1.778619e-10 _17586_
 1.534612e-13 2.190459e-13 1.774870e-10 1.778595e-10 _17021_
 5.286571e-14 3.040203e-13 1.774870e-10 1.778438e-10 _14298_
 3.068190e-13 2.417845e-12 1.751059e-10 1.778305e-10 _11861_
 9.498812e-14 2.466337e-13 1.774870e-10 1.778286e-10 _17423_
 9.403945e-14 2.470390e-13 1.774870e-10 1.778281e-10 _17505_
 8.111281e-14 2.516791e-13 1.774872e-10 1.778200e-10 _09150_
 3.721339e-13 2.334403e-12 1.751059e-10 1.778124e-10 _13637_
 5.017903e-14 2.752543e-13 1.774870e-10 1.778124e-10 _14858_
 7.793009e-14 2.443246e-13 1.774871e-10 1.778094e-10 _09172_
 8.200276e-14 2.400945e-13 1.774872e-10 1.778093e-10 _08955_
 9.479764e-14 2.262009e-13 1.774870e-10 1.778080e-10 _15448_
 9.437951e-14 2.258123e-13 1.774870e-10 1.778072e-10 _16842_
 9.425617e-14 2.201450e-13 1.774870e-10 1.778014e-10 _16969_
 9.381675e-14 2.125129e-13 1.774870e-10 1.777933e-10 _17562_
 4.975797e-14 2.433788e-13 1.774870e-10 1.777801e-10 _10270_
 9.477423e-14 1.951938e-13 1.774870e-10 1.777770e-10 _17092_
 5.005879e-14 2.362704e-13 1.774870e-10 1.777733e-10 _10232_
 4.824124e-14 2.375637e-13 1.774870e-10 1.777728e-10 _10117_
 7.901306e-14 1.936602e-13 1.774872e-10 1.777599e-10 _09149_
 9.276116e-14 1.747373e-13 1.774870e-10 1.777545e-10 _16329_
 5.015330e-14 2.172138e-13 1.774870e-10 1.777544e-10 _10650_
 9.314085e-14 1.740018e-13 1.774870e-10 1.777541e-10 _15996_
 9.454110e-14 1.712308e-13 1.774870e-10 1.777527e-10 _17406_
 9.393399e-14 1.700270e-13 1.774870e-10 1.777510e-10 _16086_
 7.763937e-14 1.855542e-13 1.774872e-10 1.777504e-10 _10676_
 9.244417e-14 1.704815e-13 1.774870e-10 1.777499e-10 _16687_
 9.406667e-14 1.688467e-13 1.774870e-10 1.777499e-10 _16748_
 7.719953e-14 1.775481e-13 1.774872e-10 1.777419e-10 _09775_
 9.344725e-14 1.601835e-13 1.774870e-10 1.777406e-10 _17430_
 9.329269e-14 1.594033e-13 1.774870e-10 1.777397e-10 _17708_
 1.760404e-14 2.291269e-13 1.774872e-10 1.777339e-10 _15550_
 9.336750e-14 1.500551e-13 1.774870e-10 1.777304e-10 _17595_
 9.392428e-14 1.448616e-13 1.774870e-10 1.777258e-10 _17262_
 9.351503e-14 1.433869e-13 1.774870e-10 1.777239e-10 _17300_
 4.963301e-14 1.842207e-13 1.774870e-10 1.777208e-10 _10102_
 5.097305e-14 1.810365e-13 1.774870e-10 1.777190e-10 _11398_
 9.280401e-14 1.391508e-13 1.774870e-10 1.777189e-10 _17499_
 9.390974e-14 1.374149e-13 1.774870e-10 1.777183e-10 _16865_
 1.741493e-14 2.130813e-13 1.774872e-10 1.777177e-10 _09005_
 9.283169e-14 1.363880e-13 1.774870e-10 1.777162e-10 _17654_
 9.196999e-14 1.372191e-13 1.774870e-10 1.777162e-10 _15530_
 9.394552e-14 1.332360e-13 1.774870e-10 1.777141e-10 _16078_
 9.282462e-14 1.314670e-13 1.774870e-10 1.777113e-10 _16885_
 9.236930e-14 1.311181e-13 1.774870e-10 1.777105e-10 _17752_
 9.292834e-14 1.282081e-13 1.774870e-10 1.777081e-10 _17902_
 9.377672e-14 1.269237e-13 1.774870e-10 1.777077e-10 _16246_
 1.717754e-14 2.020193e-13 1.774872e-10 1.777064e-10 _09061_
 9.298189e-14 1.251694e-13 1.774870e-10 1.777051e-10 _16367_
 1.803442e-14 1.938044e-13 1.774872e-10 1.776990e-10 _08985_
 1.794327e-14 1.845286e-13 1.774872e-10 1.776897e-10 _09205_
 1.776168e-14 1.746414e-13 1.774872e-10 1.776796e-10 _08992_
 1.733064e-14 1.741607e-13 1.774872e-10 1.776787e-10 _08987_
 1.681769e-14 1.737159e-13 1.774872e-10 1.776777e-10 _09135_
 1.700896e-14 1.728708e-13 1.774872e-10 1.776771e-10 _09151_
 1.779197e-14 1.684401e-13 1.774872e-10 1.776734e-10 _10844_
 1.782964e-14 1.668034e-13 1.774872e-10 1.776718e-10 _09950_
 1.797442e-14 1.617907e-13 1.774872e-10 1.776670e-10 _10553_
 1.778539e-14 1.603238e-13 1.774872e-10 1.776653e-10 _08991_
 1.694560e-14 1.594638e-13 1.774872e-10 1.776636e-10 _10886_
 1.716769e-14 1.575919e-13 1.774872e-10 1.776620e-10 _09004_
 1.675578e-14 1.520326e-13 1.774872e-10 1.776560e-10 _10927_
 1.733270e-14 1.498753e-13 1.774872e-10 1.776544e-10 _09181_
 1.689449e-14 1.438524e-13 1.774872e-10 1.776480e-10 _09101_
 1.707412e-14 1.421884e-13 1.774872e-10 1.776465e-10 _11155_
 1.751927e-14 1.391016e-13 1.774872e-10 1.776438e-10 _09001_
 1.707388e-14 1.392356e-13 1.774872e-10 1.776435e-10 _09038_
 1.724795e-14 1.385183e-13 1.774872e-10 1.776430e-10 _09266_
 1.769861e-14 1.351441e-13 1.774872e-10 1.776400e-10 _09862_
 1.731095e-14 1.350149e-13 1.774872e-10 1.776395e-10 _10755_
 1.692734e-14 1.335920e-13 1.774872e-10 1.776377e-10 _08984_
 1.731132e-14 1.328951e-13 1.774872e-10 1.776374e-10 _11091_
 1.723307e-14 1.320214e-13 1.774872e-10 1.776365e-10 _10335_
 1.658103e-14 1.306312e-13 1.774872e-10 1.776344e-10 _08980_
 1.776092e-14 1.276572e-13 1.774872e-10 1.776326e-10 _08998_
 1.644216e-14 1.288770e-13 1.774872e-10 1.776325e-10 _09200_
 1.775772e-14 1.242454e-13 1.774872e-10 1.776292e-10 _09734_
 3.200944e-14 1.099108e-13 1.774870e-10 1.776289e-10 _15944_
 1.645736e-14 1.251193e-13 1.774872e-10 1.776288e-10 _09255_
 1.745200e-14 1.228388e-13 1.774872e-10 1.776275e-10 _08999_
 1.726878e-14 1.224151e-13 1.774872e-10 1.776269e-10 _09000_
 1.759145e-14 1.195458e-13 1.774872e-10 1.776243e-10 _08986_
 1.685763e-14 1.153813e-13 1.774872e-10 1.776194e-10 _08988_
 1.640269e-14 1.139484e-13 1.774872e-10 1.776176e-10 _09134_
 1.739738e-14 1.125955e-13 1.774872e-10 1.776172e-10 _08967_
 1.688048e-14 1.105304e-13 1.774872e-10 1.776146e-10 _09191_
 1.636990e-14 1.068730e-13 1.774872e-10 1.776105e-10 _10452_
 1.676566e-14 1.056889e-13 1.774872e-10 1.776097e-10 _08981_
 1.631286e-14 1.048968e-13 1.774872e-10 1.776084e-10 _08983_
 1.741633e-14 1.028587e-13 1.774872e-10 1.776075e-10 _09002_
 3.183205e-14 8.756092e-14 1.774870e-10 1.776064e-10 _16951_
 1.715282e-14 1.019030e-13 1.774872e-10 1.776063e-10 _09027_
 1.735717e-14 9.968396e-14 1.774872e-10 1.776043e-10 _08997_
 3.120909e-14 8.549248e-14 1.774871e-10 1.776038e-10 _09437_
 1.734812e-14 9.687966e-14 1.774872e-10 1.776014e-10 _08996_
 1.643885e-14 9.679251e-14 1.774872e-10 1.776004e-10 _09093_
 1.643326e-14 9.572451e-14 1.774872e-10 1.775994e-10 _09060_
 3.166056e-14 8.071168e-14 1.774870e-10 1.775993e-10 _17874_
 1.672197e-14 9.498224e-14 1.774872e-10 1.775989e-10 _09103_
 1.696786e-14 9.088786e-14 1.774872e-10 1.775951e-10 _08995_
 1.651233e-14 9.070511e-14 1.774872e-10 1.775944e-10 _09090_
 3.143580e-14 7.521044e-14 1.774870e-10 1.775936e-10 _16768_
 1.654069e-14 8.943639e-14 1.774872e-10 1.775932e-10 _09996_
 1.566298e-14 8.645690e-14 1.774872e-10 1.775893e-10 _16458_
 1.717867e-14 8.408396e-14 1.774872e-10 1.775885e-10 _08978_
 3.101398e-14 7.001932e-14 1.774870e-10 1.775880e-10 _15423_
 1.606481e-14 8.414508e-14 1.774872e-10 1.775874e-10 _11241_
 3.166732e-14 6.766426e-14 1.774870e-10 1.775863e-10 _16760_
 3.120886e-14 6.690872e-14 1.774870e-10 1.775851e-10 _16469_
 1.608456e-14 8.066601e-14 1.774872e-10 1.775840e-10 _10382_
 3.170444e-14 6.492739e-14 1.774870e-10 1.775836e-10 _17881_
 1.600920e-14 7.872282e-14 1.774872e-10 1.775819e-10 _09558_
 1.727534e-14 7.694354e-14 1.774872e-10 1.775814e-10 _09003_
 3.106048e-14 5.792898e-14 1.774870e-10 1.775760e-10 _17388_
 1.549433e-14 7.159365e-14 1.774872e-10 1.775743e-10 _15544_
 1.593559e-14 7.102588e-14 1.774872e-10 1.775742e-10 _09816_
 3.112421e-14 5.344743e-14 1.774870e-10 1.775715e-10 _17439_
 3.110534e-14 4.668531e-14 1.774870e-10 1.775648e-10 _16442_
 3.092116e-14 4.613300e-14 1.774870e-10 1.775640e-10 _16497_
 1.701849e-14 5.834134e-14 1.774872e-10 1.775626e-10 _08952_
 3.143192e-14 4.269327e-14 1.774870e-10 1.775611e-10 _16023_
 1.691935e-14 5.241628e-14 1.774872e-10 1.775565e-10 _08993_
 1.570430e-14 5.238629e-14 1.774872e-10 1.775553e-10 _10760_
 1.689516e-14 5.006126e-14 1.774872e-10 1.775542e-10 _08982_
 1.564813e-14 4.932029e-14 1.774872e-10 1.775522e-10 _10595_
 1.563787e-14 4.587979e-14 1.774872e-10 1.775487e-10 _10509_
 1.552785e-14 3.749858e-14 1.774872e-10 1.775402e-10 _10044_
 3.196023e-13 2.089842e-12 1.751060e-10 1.775155e-10 _13963_
 1.877915e-13 2.207253e-12 1.751060e-10 1.775011e-10 _09160_
 9.569262e-20 1.660736e-18 1.774871e-10 1.774871e-10 _09017_
 3.003038e-13 1.924349e-12 1.751059e-10 1.773305e-10 _13967_
 1.215638e-13 2.063333e-12 1.751060e-10 1.772909e-10 _09253_
 1.859234e-13 1.922516e-12 1.751060e-10 1.772145e-10 _09162_
 2.340077e-13 1.846486e-12 1.751059e-10 1.771863e-10 _12190_
 2.068598e-13 1.746908e-12 1.751058e-10 1.770596e-10 _15558_
 2.558549e-13 1.682467e-12 1.751060e-10 1.770444e-10 _13633_
 2.920441e-13 1.608055e-12 1.751059e-10 1.770060e-10 _11405_
 1.830114e-13 1.704975e-12 1.751060e-10 1.769940e-10 _09764_
 1.831174e-13 1.618117e-12 1.751060e-10 1.769073e-10 _09226_
 1.898368e-13 1.587270e-12 1.751060e-10 1.768831e-10 _09056_
 2.298769e-13 1.546549e-12 1.751059e-10 1.768823e-10 _13645_
 2.289884e-13 1.434857e-12 1.751059e-10 1.767697e-10 _13427_
 2.250179e-13 1.434055e-12 1.751059e-10 1.767649e-10 _12758_
 1.821425e-13 1.409301e-12 1.751060e-10 1.766975e-10 _09240_
 1.471601e-13 1.438785e-12 1.751059e-10 1.766918e-10 _15451_
 1.817432e-13 1.399458e-12 1.751060e-10 1.766872e-10 _09051_
 1.228658e-13 1.411004e-12 1.751060e-10 1.766399e-10 _09121_
 1.552160e-13 1.368784e-12 1.751058e-10 1.766298e-10 _12424_
 1.197491e-13 1.398203e-12 1.751060e-10 1.766240e-10 _09033_
 1.622254e-13 1.355669e-12 1.751058e-10 1.766237e-10 _13201_
 1.879921e-13 1.327504e-12 1.751060e-10 1.766215e-10 _14403_
 5.453071e-14 1.431146e-12 1.751061e-10 1.765917e-10 _08961_
 2.196751e-13 1.263496e-12 1.751058e-10 1.765890e-10 _11866_
 1.455625e-13 1.325669e-12 1.751059e-10 1.765771e-10 _16945_
 2.788575e-13 1.187532e-12 1.751059e-10 1.765723e-10 _13419_
 1.193033e-13 1.324787e-12 1.751060e-10 1.765501e-10 _09254_
 1.204376e-13 1.309307e-12 1.751060e-10 1.765358e-10 _09239_
 1.214215e-13 1.282157e-12 1.751060e-10 1.765096e-10 _09261_
 1.231855e-13 1.253699e-12 1.751060e-10 1.764829e-10 _09092_
 1.189850e-13 1.247760e-12 1.751060e-10 1.764728e-10 _09088_
 1.585012e-13 1.165904e-12 1.751058e-10 1.764302e-10 _12081_
 1.846098e-13 1.059078e-12 1.751060e-10 1.763497e-10 _09222_
 2.166533e-13 1.019311e-12 1.751058e-10 1.763418e-10 _11743_
 7.030095e-14 1.154822e-12 1.751058e-10 1.763309e-10 _09342_
 1.213063e-13 1.098931e-12 1.751060e-10 1.763262e-10 _09072_
 1.244092e-13 1.060282e-12 1.751060e-10 1.762907e-10 _09257_
 1.601223e-13 1.021319e-12 1.751059e-10 1.762873e-10 _14407_
 1.597250e-13 9.968566e-13 1.751059e-10 1.762624e-10 _14749_
 2.261430e-13 9.260996e-13 1.751059e-10 1.762581e-10 _12197_
 1.176986e-13 1.008531e-12 1.751060e-10 1.762323e-10 _09250_
 1.176588e-13 9.949625e-13 1.751060e-10 1.762187e-10 _09156_
 5.432475e-14 1.056610e-12 1.751061e-10 1.762170e-10 _08960_
 1.533021e-13 9.573703e-13 1.751058e-10 1.762165e-10 _14626_
 1.520346e-13 9.570101e-13 1.751059e-10 1.762149e-10 _14188_
 1.224662e-13 9.745402e-13 1.751060e-10 1.762030e-10 _09059_
 1.519360e-13 9.426433e-13 1.751059e-10 1.762005e-10 _14853_
 1.761722e-13 9.063536e-13 1.751060e-10 1.761885e-10 _08951_
 1.210510e-13 9.526549e-13 1.751060e-10 1.761798e-10 _09045_
 1.217905e-13 9.310807e-13 1.751061e-10 1.761589e-10 _09127_
 1.172044e-13 9.110923e-13 1.751060e-10 1.761343e-10 _09136_
 1.203321e-13 9.065318e-13 1.751060e-10 1.761329e-10 _09122_
 1.526658e-13 8.662932e-13 1.751059e-10 1.761248e-10 _10484_
 1.161376e-13 8.638150e-13 1.751060e-10 1.760860e-10 _09228_
 1.525147e-13 8.274918e-13 1.751058e-10 1.760858e-10 _14084_
 1.171688e-13 8.624461e-13 1.751060e-10 1.760856e-10 _09247_
 1.141635e-13 8.642178e-13 1.751060e-10 1.760844e-10 _09171_
 1.512178e-13 8.223026e-13 1.751058e-10 1.760794e-10 _10815_
 1.824022e-13 7.895716e-13 1.751060e-10 1.760780e-10 _12301_
 1.576468e-13 8.095775e-13 1.751059e-10 1.760731e-10 _13208_
 1.186126e-13 8.279940e-13 1.751060e-10 1.760526e-10 _09273_
 1.578635e-13 7.859103e-13 1.751058e-10 1.760496e-10 _12073_
 1.915703e-13 7.399402e-13 1.751058e-10 1.760374e-10 _17188_
 1.204489e-13 7.979656e-13 1.751060e-10 1.760245e-10 _09174_
 1.186008e-13 7.997823e-13 1.751060e-10 1.760244e-10 _09220_
 1.153951e-13 7.704724e-13 1.751060e-10 1.759919e-10 _09099_
 1.499325e-13 7.131847e-13 1.751058e-10 1.759689e-10 _13642_
 1.202834e-13 7.396749e-13 1.751060e-10 1.759660e-10 _09213_
 1.155794e-13 7.294844e-13 1.751060e-10 1.759510e-10 _09233_
 1.521633e-13 6.909076e-13 1.751058e-10 1.759489e-10 _14090_
 1.132902e-13 7.239144e-13 1.751060e-10 1.759432e-10 _09107_
 8.606281e-14 7.423186e-13 1.751058e-10 1.759342e-10 _12650_
 1.511414e-13 6.592103e-13 1.751059e-10 1.759162e-10 _14077_
 1.163451e-13 6.814869e-13 1.751060e-10 1.759038e-10 _09083_
 5.393714e-14 7.385491e-13 1.751061e-10 1.758986e-10 _08977_
 1.490375e-13 6.359528e-13 1.751058e-10 1.758908e-10 _13972_
 1.503542e-13 6.286302e-13 1.751058e-10 1.758848e-10 _14755_
 1.493086e-13 6.133687e-13 1.751058e-10 1.758685e-10 _14412_
 1.517421e-13 6.078925e-13 1.751058e-10 1.758654e-10 _13981_
 8.871475e-14 6.492110e-13 1.751058e-10 1.758437e-10 _14861_
 1.147228e-13 6.103541e-13 1.751060e-10 1.758311e-10 _09203_
 8.714918e-14 6.345600e-13 1.751058e-10 1.758275e-10 _12985_
 8.560585e-14 6.346547e-13 1.751058e-10 1.758261e-10 _14620_
 1.483934e-13 5.557389e-13 1.751058e-10 1.758100e-10 _14634_
 1.492872e-13 5.520301e-13 1.751058e-10 1.758071e-10 _14193_
 1.711942e-13 5.258817e-13 1.751060e-10 1.758031e-10 _08954_
 8.826696e-14 5.932484e-13 1.751059e-10 1.757874e-10 _10050_
 8.606835e-14 5.862959e-13 1.751058e-10 1.757782e-10 _11638_
 5.298066e-14 6.100081e-13 1.751061e-10 1.757691e-10 _08957_
 8.869783e-14 5.744869e-13 1.751058e-10 1.757690e-10 _12536_
 1.164642e-13 5.308061e-13 1.751060e-10 1.757532e-10 _09204_
 8.505307e-14 5.596166e-13 1.751058e-10 1.757505e-10 _14310_
 5.421478e-14 5.897072e-13 1.751060e-10 1.757499e-10 _09144_
 5.327709e-14 5.791435e-13 1.751061e-10 1.757385e-10 _08975_
 5.170547e-14 5.801323e-13 1.751060e-10 1.757378e-10 _09269_
 8.555702e-14 5.402494e-13 1.751059e-10 1.757317e-10 _10942_
 5.143050e-14 5.717811e-13 1.751060e-10 1.757292e-10 _09245_
 1.883214e-13 4.293015e-13 1.751058e-10 1.757235e-10 _16270_
 1.468634e-13 4.512470e-13 1.751058e-10 1.757039e-10 _12542_
 1.487700e-13 4.453473e-13 1.751058e-10 1.757000e-10 _12861_
 5.080928e-14 5.424244e-13 1.751060e-10 1.756992e-10 _09140_
 1.841139e-13 4.090771e-13 1.751058e-10 1.756990e-10 _16657_
 1.900573e-13 4.022787e-13 1.751058e-10 1.756982e-10 _17224_
 1.855737e-13 4.006590e-13 1.751058e-10 1.756921e-10 _16308_
 8.506988e-14 4.988630e-13 1.751058e-10 1.756898e-10 _12078_
 8.480381e-14 4.916351e-13 1.751059e-10 1.756823e-10 _10355_
 5.344781e-14 5.210550e-13 1.751060e-10 1.756805e-10 _10087_
 8.259037e-14 4.838545e-13 1.751058e-10 1.756723e-10 _12755_
 5.052147e-14 5.151445e-13 1.751060e-10 1.756716e-10 _09164_
 5.251794e-14 5.111597e-13 1.751060e-10 1.756696e-10 _09215_
 1.858433e-13 3.741131e-13 1.751058e-10 1.756658e-10 _16620_
 8.409954e-14 4.697710e-13 1.751058e-10 1.756597e-10 _10775_
 1.890315e-13 3.627152e-13 1.751058e-10 1.756576e-10 _15205_
 5.229741e-14 4.980423e-13 1.751060e-10 1.756564e-10 _09130_
 5.374318e-14 4.846732e-13 1.751061e-10 1.756445e-10 _08971_
 1.856699e-13 3.498836e-13 1.751058e-10 1.756414e-10 _16168_
 1.474444e-13 3.822129e-13 1.751058e-10 1.756355e-10 _13088_
 8.281509e-14 4.467661e-13 1.751058e-10 1.756354e-10 _10523_
 1.901657e-13 3.384277e-13 1.751058e-10 1.756344e-10 _15881_
 5.374901e-14 4.736441e-13 1.751061e-10 1.756335e-10 _08979_
 5.101096e-14 4.760700e-13 1.751060e-10 1.756331e-10 _09070_
 1.396484e-13 3.853621e-13 1.751058e-10 1.756308e-10 _15675_
 5.031400e-14 4.680472e-13 1.751061e-10 1.756244e-10 _09229_
 1.889101e-13 3.181720e-13 1.751058e-10 1.756129e-10 _17324_
 5.022186e-14 4.546246e-13 1.751060e-10 1.756108e-10 _09143_
 5.020328e-14 4.537263e-13 1.751061e-10 1.756100e-10 _09263_
 1.878375e-13 3.146983e-13 1.751058e-10 1.756084e-10 _15855_
 1.867135e-13 3.116417e-13 1.751058e-10 1.756042e-10 _16180_
 5.204646e-14 4.446722e-13 1.751060e-10 1.756027e-10 _09054_
 1.281514e-13 3.670167e-13 1.751058e-10 1.756010e-10 _17811_
 5.301287e-14 4.308523e-13 1.751060e-10 1.755898e-10 _09214_
 1.459237e-13 3.324326e-13 1.751058e-10 1.755842e-10 _13651_
 8.369114e-14 3.919085e-13 1.751059e-10 1.755815e-10 _10730_
 5.262463e-14 4.112716e-13 1.751061e-10 1.755700e-10 _08963_
 8.280326e-14 3.749171e-13 1.751058e-10 1.755636e-10 _09614_
 8.226450e-14 3.683368e-13 1.751058e-10 1.755564e-10 _11847_
 1.881490e-13 2.574663e-13 1.751058e-10 1.755515e-10 _15715_
 8.296418e-14 3.566687e-13 1.751059e-10 1.755455e-10 _10861_
 5.007187e-14 3.880257e-13 1.751060e-10 1.755441e-10 _09025_
 5.111750e-14 3.841787e-13 1.751060e-10 1.755413e-10 _09129_
 1.250706e-13 3.091730e-13 1.751058e-10 1.755401e-10 _17623_
 8.090164e-14 3.450164e-13 1.751059e-10 1.755318e-10 _10143_
 4.973767e-14 3.726771e-13 1.751060e-10 1.755284e-10 _09125_
 5.048407e-14 3.693482e-13 1.751061e-10 1.755259e-10 _09074_
 1.374577e-13 2.805074e-13 1.751059e-10 1.755239e-10 _15734_
 1.429289e-13 2.736858e-13 1.751058e-10 1.755224e-10 _11419_
 1.258360e-13 2.880400e-13 1.751058e-10 1.755197e-10 _15256_
 5.085325e-14 3.613867e-13 1.751060e-10 1.755182e-10 _09167_
 4.977762e-14 3.619772e-13 1.751061e-10 1.755178e-10 _09259_
 1.449664e-13 2.661243e-13 1.751058e-10 1.755169e-10 _11752_
 8.360313e-14 3.267413e-13 1.751059e-10 1.755162e-10 _10690_
 1.252035e-13 2.827075e-13 1.751058e-10 1.755137e-10 _17309_
 5.151756e-14 3.556839e-13 1.751061e-10 1.755133e-10 _09026_
 1.260452e-13 2.790110e-13 1.751058e-10 1.755109e-10 _15610_
 1.115649e-13 2.890634e-13 1.751060e-10 1.755066e-10 _09234_
 5.058360e-14 3.492975e-13 1.751060e-10 1.755058e-10 _09271_
 5.022378e-14 3.457070e-13 1.751060e-10 1.755019e-10 _09138_
 4.943895e-14 3.453633e-13 1.751060e-10 1.755008e-10 _09047_
 8.313113e-14 3.090122e-13 1.751058e-10 1.754980e-10 _10568_
 5.015835e-14 3.413505e-13 1.751060e-10 1.754975e-10 _09132_
 4.875761e-14 3.384874e-13 1.751061e-10 1.754933e-10 _09180_
 5.011567e-14 3.357700e-13 1.751060e-10 1.754919e-10 _09184_
 8.350529e-14 3.023388e-13 1.751058e-10 1.754917e-10 _14530_
 4.911627e-14 3.355386e-13 1.751061e-10 1.754907e-10 _09158_
 4.995099e-14 3.328147e-13 1.751060e-10 1.754888e-10 _09152_
 4.928639e-14 3.306336e-13 1.751061e-10 1.754860e-10 _09034_
 1.240001e-13 2.547408e-13 1.751058e-10 1.754846e-10 _15834_
 1.103830e-13 2.677819e-13 1.751060e-10 1.754842e-10 _09211_
 1.245818e-13 2.519114e-13 1.751058e-10 1.754823e-10 _17055_
 1.256295e-13 2.442810e-13 1.751058e-10 1.754757e-10 _16096_
 1.236975e-13 2.456733e-13 1.751058e-10 1.754752e-10 _16648_
 1.242526e-13 2.397291e-13 1.751059e-10 1.754698e-10 _17047_
 1.233580e-13 2.397025e-13 1.751058e-10 1.754689e-10 _15671_
 1.260347e-13 2.369314e-13 1.751058e-10 1.754688e-10 _17639_
 1.228549e-13 2.368308e-13 1.751058e-10 1.754655e-10 _16874_
 5.042601e-14 3.085192e-13 1.751060e-10 1.754649e-10 _09114_
 1.253513e-13 2.332651e-13 1.751058e-10 1.754644e-10 _16988_
 1.249046e-13 2.311551e-13 1.751058e-10 1.754619e-10 _16280_
 1.255056e-13 2.252085e-13 1.751058e-10 1.754566e-10 _17835_
 5.022430e-14 3.000984e-13 1.751060e-10 1.754563e-10 _09218_
 5.059102e-14 2.980011e-13 1.751060e-10 1.754546e-10 _09126_
 7.796686e-14 2.696716e-13 1.751058e-10 1.754535e-10 _15130_
 1.250774e-13 2.199316e-13 1.751058e-10 1.754509e-10 _17370_
 1.248146e-13 2.153289e-13 1.751058e-10 1.754460e-10 _16233_
 8.231701e-14 2.545295e-13 1.751058e-10 1.754427e-10 _14643_
 1.244911e-13 2.113708e-13 1.751058e-10 1.754417e-10 _17112_
 4.852621e-14 2.847805e-13 1.751060e-10 1.754393e-10 _09637_
 1.257482e-13 2.076903e-13 1.751058e-10 1.754393e-10 _17714_
 1.259751e-13 2.055517e-13 1.751058e-10 1.754374e-10 _17767_
 1.246414e-13 2.046638e-13 1.751058e-10 1.754352e-10 _17603_
 1.258956e-13 2.012582e-13 1.751058e-10 1.754330e-10 _17077_
 8.103905e-14 2.383559e-13 1.751058e-10 1.754252e-10 _12764_
 1.241235e-13 1.928618e-13 1.751058e-10 1.754228e-10 _15637_
 1.249687e-13 1.902710e-13 1.751058e-10 1.754211e-10 _17163_
 1.236499e-13 1.856222e-13 1.751058e-10 1.754151e-10 _15776_
 1.244944e-13 1.829997e-13 1.751058e-10 1.754133e-10 _17397_
 1.234280e-13 1.830627e-13 1.751058e-10 1.754123e-10 _17195_
 1.246054e-13 1.809879e-13 1.751058e-10 1.754114e-10 _17206_
 1.232790e-13 1.780786e-13 1.751058e-10 1.754072e-10 _16129_
 1.253369e-13 1.755483e-13 1.751058e-10 1.754067e-10 _16404_
 1.235617e-13 1.729471e-13 1.751058e-10 1.754024e-10 _16640_
 1.237196e-13 1.727540e-13 1.751058e-10 1.754023e-10 _17631_
 4.768158e-14 2.307907e-13 1.751060e-10 1.753845e-10 _09159_
 8.083431e-14 1.921513e-13 1.751058e-10 1.753788e-10 _14202_
 6.314783e-14 2.084652e-13 1.751058e-10 1.753774e-10 _15231_
 8.086331e-14 1.641696e-13 1.751058e-10 1.753508e-10 _14421_
 4.902440e-14 1.921292e-13 1.751061e-10 1.753472e-10 _09182_
 8.015204e-14 1.568209e-13 1.751058e-10 1.753428e-10 _12874_
 6.404065e-14 1.678733e-13 1.751058e-10 1.753377e-10 _16929_
 6.320973e-14 1.639079e-13 1.751058e-10 1.753329e-10 _17543_
 6.264146e-14 1.636187e-13 1.751058e-10 1.753321e-10 _17491_
 6.324152e-14 1.610356e-13 1.751058e-10 1.753301e-10 _15891_
 6.229002e-14 1.602663e-13 1.751058e-10 1.753284e-10 _17272_
 6.209384e-14 1.374771e-13 1.751058e-10 1.753054e-10 _17463_
 4.836544e-14 1.484090e-13 1.751061e-10 1.753028e-10 _09248_
 6.322192e-14 1.322600e-13 1.751058e-10 1.753013e-10 _16564_
 6.295777e-14 1.314731e-13 1.751058e-10 1.753002e-10 _17829_
 6.337001e-14 1.277807e-13 1.751058e-10 1.752970e-10 _16394_
 6.182184e-14 1.275610e-13 1.751058e-10 1.752952e-10 _16044_
 6.288790e-14 1.258934e-13 1.751058e-10 1.752946e-10 _17511_
 6.248252e-14 1.261222e-13 1.751058e-10 1.752944e-10 _17483_
 6.274222e-14 1.250445e-13 1.751058e-10 1.752936e-10 _16738_
 5.058598e-14 1.334473e-13 1.751061e-10 1.752901e-10 _08953_
 6.252462e-14 1.210163e-13 1.751058e-10 1.752894e-10 _17612_
 6.277408e-14 1.182069e-13 1.751058e-10 1.752868e-10 _17895_
 6.272700e-14 1.122544e-13 1.751058e-10 1.752808e-10 _16816_
 6.148569e-14 1.075961e-13 1.751058e-10 1.752749e-10 _17681_
 1.687513e-14 1.518187e-13 1.751058e-10 1.752745e-10 _16385_
 6.246583e-14 1.045972e-13 1.751058e-10 1.752729e-10 _15981_
 4.849004e-14 1.150413e-13 1.751061e-10 1.752696e-10 _11949_
 4.905016e-14 1.136026e-13 1.751061e-10 1.752687e-10 _08966_
 6.123739e-14 9.486924e-14 1.751058e-10 1.752619e-10 _16377_
 6.184862e-14 9.408333e-14 1.751058e-10 1.752618e-10 _17794_
 6.133095e-14 9.446856e-14 1.751058e-10 1.752616e-10 _17645_
 6.248358e-14 9.309584e-14 1.751058e-10 1.752614e-10 _15555_
 6.193381e-14 9.350574e-14 1.751058e-10 1.752613e-10 _15934_
 6.122425e-14 9.049117e-14 1.751058e-10 1.752575e-10 _16576_
 6.154724e-14 8.940200e-14 1.751058e-10 1.752568e-10 _16704_
 6.249204e-14 8.829583e-14 1.751058e-10 1.752566e-10 _17820_
 6.111753e-14 8.943544e-14 1.751058e-10 1.752564e-10 _17762_
 6.176001e-14 8.848544e-14 1.751058e-10 1.752561e-10 _15590_
 6.197798e-14 8.714774e-14 1.751058e-10 1.752549e-10 _17774_
 1.701079e-14 1.250265e-13 1.751058e-10 1.752479e-10 _13101_
 1.724371e-14 1.178713e-13 1.751058e-10 1.752409e-10 _12086_
 1.753317e-14 1.127532e-13 1.751058e-10 1.752361e-10 _13096_
 1.683162e-14 1.103351e-13 1.751058e-10 1.752330e-10 _13093_
 1.574836e-14 9.372326e-14 1.751058e-10 1.752153e-10 _10984_
 1.661971e-14 8.314372e-14 1.751058e-10 1.752056e-10 _12533_
 1.673561e-14 7.902416e-14 1.751058e-10 1.752016e-10 _14746_
 1.654722e-14 7.895350e-14 1.751058e-10 1.752013e-10 _11410_
 1.676388e-14 7.680180e-14 1.751058e-10 1.751994e-10 _14867_
 1.550877e-14 5.090680e-14 1.751058e-10 1.751722e-10 _15563_
 0.000000e+00 0.000000e+00 1.751058e-10 1.751058e-10 _10293_
 0.000000e+00 0.000000e+00 1.751058e-10 1.751058e-10 _10674_
 0.000000e+00 0.000000e+00 1.751058e-10 1.751058e-10 _15342_
 0.000000e+00 0.000000e+00 1.751058e-10 1.751058e-10 _16340_
 0.000000e+00 0.000000e+00 1.751058e-10 1.751058e-10 _16455_
 0.000000e+00 0.000000e+00 1.751058e-10 1.751058e-10 _16480_
 0.000000e+00 0.000000e+00 1.751058e-10 1.751058e-10 _16488_
 0.000000e+00 0.000000e+00 1.751058e-10 1.751058e-10 _16728_
 0.000000e+00 0.000000e+00 1.751058e-10 1.751058e-10 _16782_
 0.000000e+00 0.000000e+00 1.751058e-10 1.751058e-10 _16856_
 0.000000e+00 0.000000e+00 1.751058e-10 1.751058e-10 _17282_
 0.000000e+00 0.000000e+00 1.751058e-10 1.751058e-10 _17292_
 0.000000e+00 0.000000e+00 1.751058e-10 1.751058e-10 _17518_
 0.000000e+00 0.000000e+00 1.751058e-10 1.751058e-10 _17553_
 0.000000e+00 0.000000e+00 1.751058e-10 1.751058e-10 _17569_
