     Internal    Switching      Leakage        Total
        Power        Power        Power        Power (Watts)
----------------------------------------------------
 8.814469e-07 1.341013e-06 1.225692e-11 2.222472e-06 clkbuf_0_core_clk
 3.374325e-07 1.642161e-06 1.115436e-11 1.979604e-06 clkbuf_0_v_clk
 8.708577e-07 1.048808e-06 1.225692e-11 1.919678e-06 clkbuf_4_2__f_core_clk
 8.670866e-07 9.626440e-07 1.225692e-11 1.829743e-06 clkbuf_4_3__f_core_clk
 8.641993e-07 8.913263e-07 1.225692e-11 1.755538e-06 clkbuf_4_9__f_core_clk
 8.633086e-07 8.709700e-07 1.225692e-11 1.734291e-06 clkbuf_4_8__f_core_clk
 8.590440e-07 7.779674e-07 1.225692e-11 1.637024e-06 clkbuf_4_14__f_core_clk
 8.583472e-07 7.563159e-07 1.225692e-11 1.614675e-06 clkbuf_4_0__f_core_clk
 8.572659e-07 7.373582e-07 1.225692e-11 1.594636e-06 clkbuf_4_15__f_core_clk
 8.566687e-07 7.220759e-07 1.225692e-11 1.578757e-06 clkbuf_4_7__f_core_clk
 8.549667e-07 6.913543e-07 1.225692e-11 1.546333e-06 clkbuf_4_11__f_core_clk
 8.544569e-07 6.715268e-07 1.225692e-11 1.525996e-06 clkbuf_4_6__f_core_clk
 8.517015e-07 6.053355e-07 1.225692e-11 1.457049e-06 clkbuf_4_5__f_core_clk
 8.517218e-07 6.048929e-07 1.225692e-11 1.456627e-06 clkbuf_4_1__f_core_clk
 8.509086e-07 5.986456e-07 1.225692e-11 1.449567e-06 clkbuf_4_10__f_core_clk
 8.495622e-07 5.663297e-07 1.225692e-11 1.415904e-06 clkbuf_4_13__f_core_clk
 8.482731e-07 5.269644e-07 1.225692e-11 1.375250e-06 clkbuf_4_4__f_core_clk
 8.396298e-07 3.940265e-07 1.225692e-11 1.233669e-06 clkbuf_4_12__f_core_clk
 8.697853e-07 2.996524e-07 1.232310e-11 1.169450e-06 clkbuf_0_clk
 3.281768e-07 6.643738e-07 1.115436e-11 9.925617e-07 clkbuf_3_7__f_v_clk
 3.282120e-07 6.474189e-07 1.115436e-11 9.756420e-07 clkbuf_3_3__f_v_clk
 2.847099e-07 6.698594e-07 1.105615e-11 9.545804e-07 clkbuf_0_w_clk
 8.399734e-07 1.059717e-07 1.232310e-11 9.459574e-07 clkbuf_1_1__f_clk
 3.280848e-07 5.995578e-07 1.115436e-11 9.276537e-07 clkbuf_3_4__f_v_clk
 8.382793e-07 8.920241e-08 1.232310e-11 9.274941e-07 clkbuf_1_0__f_clk
 2.870159e-07 6.385661e-07 1.105615e-11 9.255930e-07 clkbuf_2_3__f_w_clk
 3.271216e-07 5.874371e-07 1.115436e-11 9.145699e-07 clkbuf_3_0__f_v_clk
 3.263892e-07 5.799555e-07 1.115436e-11 9.063559e-07 clkbuf_3_6__f_v_clk
 3.265935e-07 5.774590e-07 1.115436e-11 9.040637e-07 clkbuf_3_2__f_v_clk
 2.869213e-07 5.869337e-07 1.105615e-11 8.738661e-07 clkbuf_2_1__f_w_clk
 3.263330e-07 5.464162e-07 1.115436e-11 8.727603e-07 clkbuf_3_5__f_v_clk
 2.869172e-07 5.775888e-07 1.105615e-11 8.645171e-07 clkbuf_2_0__f_w_clk
 3.254868e-07 5.349441e-07 1.115436e-11 8.604420e-07 clkbuf_3_1__f_v_clk
 2.869311e-07 5.704488e-07 1.105615e-11 8.573909e-07 clkbuf_2_2__f_w_clk
 4.234986e-07 3.200890e-07 7.178266e-12 7.435947e-07 clkbuf_3_5_0_core_clk
 4.230966e-07 3.156734e-07 7.178266e-12 7.387771e-07 clkbuf_3_6_0_core_clk
 4.222393e-07 3.057228e-07 7.178266e-12 7.279692e-07 clkbuf_3_1_0_core_clk
 4.220155e-07 3.036037e-07 7.178266e-12 7.256264e-07 clkbuf_3_7_0_core_clk
 4.216937e-07 2.996494e-07 7.178266e-12 7.213503e-07 clkbuf_3_3_0_core_clk
 4.210661e-07 2.927491e-07 7.178266e-12 7.138224e-07 clkbuf_3_4_0_core_clk
 4.209977e-07 2.918869e-07 7.178266e-12 7.128917e-07 clkbuf_3_2_0_core_clk
 4.208025e-07 2.897224e-07 7.178266e-12 7.105320e-07 clkbuf_3_0_0_core_clk
 4.133250e-07 2.492939e-07 8.301007e-12 6.626271e-07 u_icg
 2.744325e-07 3.714886e-07 8.873629e-12 6.459300e-07 u_icg_w
 7.429394e-08 5.202255e-07 4.703784e-12 5.945242e-07 fanout242
 7.259633e-08 4.917116e-07 4.497721e-12 5.643124e-07 fanout374
 2.885734e-07 2.672627e-07 8.829123e-12 5.558449e-07 u_icg_v
 7.152862e-08 4.129743e-07 4.497721e-12 4.845074e-07 fanout347
 7.181858e-08 3.368284e-07 4.497721e-12 4.086515e-07 fanout367
 7.274051e-08 3.170500e-07 4.703784e-12 3.897952e-07 fanout220
 1.634947e-07 2.174381e-07 6.984453e-12 3.809398e-07 clkbuf_leaf_3_v_clk
 7.247179e-08 3.051173e-07 4.703784e-12 3.775938e-07 fanout223
 7.308846e-08 2.949283e-07 4.703784e-12 3.680214e-07 fanout215
 1.632667e-07 2.018464e-07 6.984453e-12 3.651201e-07 clkbuf_leaf_53_v_clk
 7.196014e-08 2.925484e-07 4.703784e-12 3.645133e-07 fanout216
 1.404576e-07 2.231430e-07 6.967189e-12 3.636075e-07 clkbuf_leaf_9_w_clk
 7.200620e-08 2.876597e-07 4.497721e-12 3.596704e-07 fanout373
 1.630920e-07 1.956081e-07 6.984453e-12 3.587071e-07 clkbuf_leaf_56_v_clk
 1.630253e-07 1.931385e-07 6.984453e-12 3.561707e-07 clkbuf_leaf_51_v_clk
 1.629903e-07 1.919233e-07 6.984453e-12 3.549206e-07 clkbuf_leaf_49_v_clk
 7.244859e-08 2.781514e-07 4.497721e-12 3.506045e-07 fanout341
 1.401080e-07 2.100944e-07 6.967189e-12 3.502093e-07 clkbuf_leaf_10_w_clk
 1.628171e-07 1.857261e-07 6.984453e-12 3.485502e-07 clkbuf_leaf_48_v_clk
 1.399978e-07 2.062719e-07 6.967189e-12 3.462767e-07 clkbuf_leaf_6_w_clk
 7.313187e-08 2.721998e-07 4.703784e-12 3.453364e-07 fanout222
 1.626996e-07 1.813923e-07 6.984453e-12 3.440989e-07 clkbuf_leaf_54_v_clk
 1.625888e-07 1.775263e-07 6.984453e-12 3.401221e-07 clkbuf_leaf_50_v_clk
 1.397996e-07 1.993881e-07 6.967189e-12 3.391947e-07 clkbuf_leaf_5_w_clk
 1.397358e-07 1.973867e-07 6.967189e-12 3.371295e-07 clkbuf_leaf_3_w_clk
 1.620382e-07 1.744619e-07 6.984453e-12 3.365072e-07 clkbuf_leaf_45_v_clk
 1.397112e-07 1.963563e-07 6.967189e-12 3.360745e-07 clkbuf_leaf_4_w_clk
 7.250809e-08 2.635438e-07 4.497721e-12 3.360564e-07 fanout346
 1.622758e-07 1.734310e-07 6.984453e-12 3.357138e-07 clkbuf_leaf_34_v_clk
 1.396641e-07 1.938564e-07 6.967189e-12 3.335275e-07 clkbuf_leaf_8_w_clk
 1.621934e-07 1.704427e-07 6.984453e-12 3.326431e-07 clkbuf_leaf_5_v_clk
 1.396034e-07 1.919160e-07 6.967189e-12 3.315264e-07 clkbuf_leaf_7_w_clk
 7.219068e-08 2.586758e-07 1.310718e-11 3.308796e-07 fanout380
 5.412169e-08 2.764370e-07 6.943103e-12 3.305657e-07 fanout167
 1.393543e-07 1.896733e-07 6.967189e-12 3.290346e-07 clkbuf_leaf_22_w_clk
 1.622931e-07 1.667241e-07 6.984453e-12 3.290241e-07 clkbuf_leaf_72_v_clk
 1.620562e-07 1.653463e-07 6.984453e-12 3.274095e-07 clkbuf_leaf_2_v_clk
 1.617824e-07 1.648246e-07 6.984453e-12 3.266140e-07 clkbuf_leaf_38_v_clk
 1.394936e-07 1.867984e-07 6.967189e-12 3.262990e-07 clkbuf_leaf_35_w_clk
 1.617752e-07 1.645141e-07 6.984453e-12 3.262963e-07 clkbuf_leaf_23_v_clk
 1.620201e-07 1.640756e-07 6.984453e-12 3.261027e-07 clkbuf_leaf_4_v_clk
 1.619672e-07 1.625957e-07 6.984453e-12 3.245699e-07 clkbuf_leaf_33_v_clk
 7.238913e-08 2.520741e-07 4.497721e-12 3.244677e-07 fanout358
 1.621631e-07 1.621615e-07 6.984453e-12 3.243316e-07 clkbuf_leaf_52_v_clk
 1.619692e-07 1.623208e-07 6.984453e-12 3.242970e-07 clkbuf_leaf_0_v_clk
 1.617053e-07 1.622702e-07 6.984453e-12 3.239825e-07 clkbuf_leaf_44_v_clk
 7.290207e-08 2.500939e-07 4.703784e-12 3.230007e-07 fanout237
 1.393915e-07 1.835464e-07 6.967189e-12 3.229449e-07 clkbuf_leaf_12_w_clk
 1.616864e-07 1.609763e-07 6.984453e-12 3.226697e-07 clkbuf_leaf_18_v_clk
 1.618968e-07 1.606398e-07 6.984453e-12 3.225435e-07 clkbuf_leaf_30_v_clk
 1.618946e-07 1.604079e-07 6.984453e-12 3.223096e-07 clkbuf_leaf_31_v_clk
 1.393604e-07 1.825307e-07 6.967189e-12 3.218981e-07 clkbuf_leaf_11_w_clk
 1.616588e-07 1.599448e-07 6.984453e-12 3.216106e-07 clkbuf_leaf_43_v_clk
 1.615655e-07 1.567836e-07 6.984453e-12 3.183562e-07 clkbuf_leaf_19_v_clk
 1.618043e-07 1.563893e-07 6.984453e-12 3.182005e-07 clkbuf_leaf_76_v_clk
 1.615471e-07 1.558855e-07 6.984453e-12 3.174396e-07 clkbuf_leaf_14_v_clk
 1.392883e-07 1.777368e-07 6.967189e-12 3.170320e-07 clkbuf_leaf_26_w_clk
 1.615280e-07 1.551267e-07 6.984453e-12 3.166616e-07 clkbuf_leaf_42_v_clk
 1.390064e-07 1.768525e-07 6.967189e-12 3.158658e-07 clkbuf_leaf_16_w_clk
 1.619198e-07 1.528354e-07 6.984453e-12 3.147622e-07 clkbuf_leaf_73_v_clk
 1.616480e-07 1.509625e-07 6.984453e-12 3.126175e-07 clkbuf_leaf_28_v_clk
 1.618255e-07 1.504179e-07 6.984453e-12 3.122504e-07 clkbuf_leaf_70_v_clk
 1.616395e-07 1.502628e-07 6.984453e-12 3.119094e-07 clkbuf_leaf_1_v_clk
 1.391164e-07 1.716912e-07 6.967189e-12 3.108146e-07 clkbuf_leaf_31_w_clk
 1.615880e-07 1.490431e-07 6.984453e-12 3.106382e-07 clkbuf_leaf_32_v_clk
 1.391113e-07 1.711909e-07 6.967189e-12 3.103092e-07 clkbuf_leaf_25_w_clk
 1.616342e-07 1.485667e-07 6.984453e-12 3.102079e-07 clkbuf_leaf_13_v_clk
 1.390981e-07 1.707997e-07 6.967189e-12 3.099048e-07 clkbuf_leaf_27_w_clk
 1.617188e-07 1.464225e-07 6.984453e-12 3.081483e-07 clkbuf_leaf_69_v_clk
 1.615264e-07 1.465160e-07 6.984453e-12 3.080494e-07 clkbuf_leaf_27_v_clk
 1.612763e-07 1.463486e-07 6.984453e-12 3.076318e-07 clkbuf_leaf_22_v_clk
 1.615608e-07 1.459678e-07 6.984453e-12 3.075356e-07 clkbuf_leaf_7_v_clk
 1.387826e-07 1.683577e-07 6.967189e-12 3.071473e-07 clkbuf_leaf_24_w_clk
 1.389873e-07 1.680126e-07 6.967189e-12 3.070068e-07 clkbuf_leaf_0_w_clk
 1.612374e-07 1.444360e-07 6.984453e-12 3.056804e-07 clkbuf_leaf_40_v_clk
 1.614648e-07 1.439614e-07 6.984453e-12 3.054332e-07 clkbuf_leaf_75_v_clk
 1.388878e-07 1.640580e-07 6.967189e-12 3.029527e-07 clkbuf_leaf_41_w_clk
 1.611524e-07 1.413366e-07 6.984453e-12 3.024960e-07 clkbuf_leaf_41_v_clk
 1.388662e-07 1.634956e-07 6.967189e-12 3.023688e-07 clkbuf_leaf_38_w_clk
 6.949873e-08 2.327170e-07 1.296329e-11 3.022287e-07 fanout375
 1.611084e-07 1.401571e-07 6.984453e-12 3.012725e-07 clkbuf_leaf_36_v_clk
 1.386018e-07 1.613076e-07 6.967189e-12 2.999164e-07 clkbuf_leaf_20_w_clk
 1.613472e-07 1.382478e-07 6.984453e-12 2.996020e-07 clkbuf_leaf_12_v_clk
 1.610479e-07 1.379019e-07 6.984453e-12 2.989567e-07 clkbuf_leaf_24_v_clk
 1.387646e-07 1.598781e-07 6.967189e-12 2.986497e-07 clkbuf_leaf_37_w_clk
 1.385388e-07 1.592826e-07 6.967189e-12 2.978284e-07 clkbuf_leaf_15_w_clk
 1.612203e-07 1.361275e-07 6.984453e-12 2.973547e-07 clkbuf_leaf_29_v_clk
 1.609135e-07 1.328263e-07 6.984453e-12 2.937467e-07 clkbuf_leaf_20_v_clk
 1.608799e-07 1.317877e-07 6.984453e-12 2.926745e-07 clkbuf_leaf_21_v_clk
 1.383693e-07 1.525821e-07 6.967189e-12 2.909584e-07 clkbuf_leaf_17_w_clk
 1.608242e-07 1.296925e-07 6.984453e-12 2.905237e-07 clkbuf_leaf_39_v_clk
 1.383021e-07 1.503732e-07 6.967189e-12 2.886823e-07 clkbuf_leaf_21_w_clk
 1.385237e-07 1.499005e-07 6.967189e-12 2.884312e-07 clkbuf_leaf_30_w_clk
 1.611648e-07 1.264607e-07 6.984453e-12 2.876324e-07 clkbuf_leaf_68_v_clk
 1.611069e-07 1.256276e-07 6.984453e-12 2.867415e-07 clkbuf_leaf_74_v_clk
 1.606912e-07 1.260236e-07 6.984453e-12 2.867218e-07 clkbuf_leaf_46_v_clk
 1.607913e-07 1.244836e-07 6.984453e-12 2.852819e-07 clkbuf_leaf_35_v_clk
 1.384160e-07 1.468562e-07 6.967189e-12 2.852792e-07 clkbuf_leaf_40_w_clk
 1.605792e-07 1.245637e-07 6.984453e-12 2.851499e-07 clkbuf_leaf_37_v_clk
 1.608745e-07 1.232563e-07 6.984453e-12 2.841378e-07 clkbuf_leaf_71_v_clk
 1.383556e-07 1.448523e-07 6.967189e-12 2.832149e-07 clkbuf_leaf_1_w_clk
 1.603384e-07 1.218825e-07 6.984453e-12 2.822279e-07 clkbuf_leaf_25_v_clk
 1.602503e-07 1.190515e-07 6.984453e-12 2.793088e-07 clkbuf_leaf_59_v_clk
 1.603110e-07 1.188604e-07 6.984453e-12 2.791784e-07 clkbuf_leaf_6_v_clk
 1.380516e-07 1.409631e-07 6.967189e-12 2.790217e-07 clkbuf_leaf_13_w_clk
 1.380526e-07 1.408062e-07 6.967189e-12 2.788657e-07 clkbuf_leaf_18_w_clk
 1.601457e-07 1.169474e-07 6.984453e-12 2.771002e-07 clkbuf_leaf_26_v_clk
 1.381225e-07 1.350847e-07 6.967189e-12 2.732141e-07 clkbuf_leaf_28_w_clk
 1.380963e-07 1.350589e-07 6.967189e-12 2.731621e-07 clkbuf_leaf_39_w_clk
 1.597183e-07 1.129179e-07 6.984453e-12 2.726432e-07 clkbuf_leaf_58_v_clk
 1.381009e-07 1.342655e-07 6.967189e-12 2.723733e-07 clkbuf_leaf_29_w_clk
 1.596906e-07 1.113560e-07 6.984453e-12 2.710536e-07 clkbuf_leaf_9_v_clk
 1.380344e-07 1.329069e-07 6.967189e-12 2.709482e-07 clkbuf_leaf_42_w_clk
 1.377529e-07 1.295642e-07 6.967189e-12 2.673240e-07 clkbuf_leaf_14_w_clk
 1.594284e-07 1.068496e-07 6.984453e-12 2.662850e-07 clkbuf_leaf_67_v_clk
 1.590900e-07 1.057269e-07 6.984453e-12 2.648238e-07 clkbuf_leaf_57_v_clk
 1.378850e-07 1.263840e-07 6.967189e-12 2.642760e-07 clkbuf_leaf_32_w_clk
 1.589746e-07 1.044968e-07 6.984453e-12 2.634784e-07 clkbuf_leaf_60_v_clk
 1.587611e-07 1.020415e-07 6.984453e-12 2.608097e-07 clkbuf_leaf_61_v_clk
 1.587502e-07 1.017890e-07 6.984453e-12 2.605462e-07 clkbuf_leaf_66_v_clk
 7.091298e-08 1.891456e-07 1.153902e-11 2.600701e-07 fanout525
 1.587100e-07 1.001799e-07 6.984453e-12 2.588969e-07 clkbuf_leaf_11_v_clk
 1.375302e-07 1.212440e-07 6.967189e-12 2.587812e-07 clkbuf_leaf_19_w_clk
 1.376609e-07 1.194401e-07 6.967189e-12 2.571080e-07 clkbuf_leaf_36_w_clk
 1.583420e-07 9.601833e-08 6.984453e-12 2.543674e-07 clkbuf_leaf_15_v_clk
 1.580141e-07 9.342973e-08 6.984453e-12 2.514508e-07 clkbuf_leaf_63_v_clk
 1.579367e-07 9.138916e-08 6.984453e-12 2.493329e-07 clkbuf_leaf_8_v_clk
 1.577881e-07 9.087308e-08 6.984453e-12 2.486681e-07 clkbuf_leaf_62_v_clk
 1.569707e-07 8.040116e-08 6.984453e-12 2.373789e-07 clkbuf_leaf_16_v_clk
 1.568265e-07 7.978647e-08 6.984453e-12 2.366199e-07 clkbuf_leaf_65_v_clk
 4.090381e-08 1.922568e-07 3.968811e-12 2.331646e-07 fanout366
 4.049720e-08 1.905173e-07 3.968811e-12 2.310184e-07 fanout370
 4.125423e-08 1.843919e-07 3.968801e-12 2.256501e-07 fanout340
 1.557484e-07 6.741108e-08 6.984453e-12 2.231665e-07 clkbuf_leaf_55_v_clk
 4.111664e-08 1.747642e-07 4.338498e-12 2.158852e-07 fanout214
 4.094660e-08 1.729097e-07 3.968811e-12 2.138603e-07 fanout369
 4.076340e-08 1.679085e-07 4.338498e-12 2.086763e-07 fanout233
 4.094630e-08 1.641128e-07 4.338498e-12 2.050634e-07 fanout239
 2.045549e-07 0.000000e+00 4.610637e-12 2.045595e-07 clkload6
 4.071962e-08 1.520664e-07 3.968811e-12 1.927900e-07 fanout344
 3.611222e-08 1.526663e-07 7.052071e-12 1.887855e-07 fanout527
 4.079259e-08 1.470097e-07 4.338498e-12 1.878066e-07 fanout226
 4.074912e-08 1.447816e-07 4.338498e-12 1.855351e-07 fanout231
 4.121055e-08 1.388816e-07 4.338498e-12 1.800965e-07 fanout236
 3.112664e-08 1.408952e-07 7.323838e-12 1.720292e-07 fanout389
 3.349940e-08 1.339365e-07 7.052055e-12 1.674429e-07 fanout529
 2.483761e-08 1.405099e-07 7.479573e-12 1.653549e-07 fanout288
 2.368099e-08 1.365837e-07 6.900226e-12 1.602716e-07 fanout316
 4.108741e-08 1.190591e-07 3.968811e-12 1.601505e-07 fanout343
 3.239320e-08 1.261034e-07 7.350709e-12 1.585040e-07 fanout384
 3.438211e-08 1.232260e-07 7.077364e-12 1.576152e-07 fanout533
 3.128812e-08 1.219226e-07 7.055961e-12 1.532178e-07 fanout517
 3.325420e-08 1.196207e-07 7.159129e-12 1.528821e-07 fanout391
 3.274196e-08 1.193313e-07 7.029090e-12 1.520803e-07 fanout519
 1.509046e-07 0.000000e+00 6.984453e-12 1.509116e-07 clkload86
 1.507514e-07 0.000000e+00 6.984453e-12 1.507584e-07 clkload85
 1.506062e-07 0.000000e+00 6.984453e-12 1.506132e-07 clkload81
 1.503219e-07 0.000000e+00 6.984453e-12 1.503288e-07 clkload103
 1.502957e-07 0.000000e+00 6.984453e-12 1.503027e-07 clkload76
 1.502784e-07 0.000000e+00 6.984453e-12 1.502854e-07 clkload63
 1.502538e-07 0.000000e+00 6.984453e-12 1.502608e-07 clkload72
 1.501926e-07 0.000000e+00 6.984453e-12 1.501996e-07 clkload56
 1.493760e-07 0.000000e+00 6.984453e-12 1.493830e-07 clkload49
 3.272337e-08 1.070172e-07 7.029090e-12 1.397476e-07 fanout520
 3.122978e-08 1.061667e-07 7.055961e-12 1.374036e-07 fanout513
 1.816145e-08 1.137992e-07 4.717895e-12 1.319654e-07 fanout528
 3.109453e-08 9.894667e-08 7.055961e-12 1.300483e-07 fanout515
 1.282176e-07 0.000000e+00 6.967189e-12 1.282245e-07 clkload30
 3.092681e-08 9.666552e-08 7.323838e-12 1.275996e-07 fanout387
 1.640094e-08 9.653085e-08 4.445623e-12 1.129362e-07 fanout141
 1.650048e-08 9.539422e-08 4.702189e-12 1.118994e-07 fanout110
 2.042543e-08 9.028290e-08 7.355931e-12 1.107157e-07 fanout328
 1.574161e-08 9.171717e-08 4.486911e-12 1.074633e-07 fanout388
 1.772571e-08 7.804088e-08 4.505102e-12 9.577110e-08 fanout376
 1.990706e-08 7.532228e-08 7.355931e-12 9.523670e-08 fanout327
 1.660096e-08 7.126986e-08 4.574598e-12 8.787539e-08 fanout505
 1.216338e-08 7.403992e-08 4.354545e-12 8.620765e-08 fanout279
 1.591089e-08 6.774148e-08 4.714590e-12 8.365709e-08 fanout512
 1.216159e-08 7.088640e-08 4.846954e-12 8.305284e-08 fanout294
 1.327056e-08 6.960879e-08 4.439548e-12 8.288379e-08 fanout335
 1.321323e-08 6.964974e-08 6.932463e-12 8.286990e-08 fanout185
 1.634409e-08 6.645050e-08 4.714590e-12 8.279931e-08 fanout518
 1.709797e-08 6.519731e-08 4.737428e-12 8.230003e-08 fanout524
 1.686807e-08 6.283879e-08 4.574598e-12 7.971143e-08 fanout503
 7.776526e-08 0.000000e+00 4.775366e-12 7.777003e-08 clkload84
 7.771852e-08 0.000000e+00 4.775366e-12 7.772329e-08 clkload87
 7.770657e-08 0.000000e+00 4.775366e-12 7.771135e-08 clkload83
 7.766934e-08 0.000000e+00 4.775366e-12 7.767412e-08 clkload82
 7.758710e-08 0.000000e+00 4.775366e-12 7.759187e-08 clkload107
 7.756940e-08 0.000000e+00 4.775366e-12 7.757417e-08 clkload69
 7.755654e-08 0.000000e+00 4.775366e-12 7.756131e-08 clkload108
 7.754575e-08 0.000000e+00 4.775366e-12 7.755052e-08 clkload109
 7.754522e-08 0.000000e+00 4.775366e-12 7.754999e-08 clkload100
 7.753559e-08 0.000000e+00 4.775366e-12 7.754036e-08 clkload77
 7.753131e-08 0.000000e+00 4.775366e-12 7.753609e-08 clkload65
 1.187750e-08 6.473958e-08 4.639764e-12 7.662172e-08 fanout133
 1.018902e-08 6.521597e-08 4.741867e-12 7.540973e-08 fanout333
 1.249761e-08 6.286294e-08 4.826038e-12 7.536537e-08 fanout90
 1.621287e-08 5.844563e-08 7.422695e-12 7.466593e-08 fanout179
 1.142274e-08 6.233520e-08 4.524799e-12 7.376246e-08 fanout502
 1.235181e-08 5.998925e-08 4.354545e-12 7.234541e-08 fanout275
 1.550802e-08 5.599070e-08 4.605928e-12 7.150333e-08 fanout201
 1.224602e-08 5.813603e-08 4.354545e-12 7.038641e-08 fanout268
 1.348256e-08 5.686351e-08 7.447336e-12 7.035352e-08 fanout183
 9.996064e-09 5.984132e-08 4.741867e-12 6.984212e-08 fanout332
 1.341165e-08 5.529730e-08 7.446327e-12 6.871639e-08 fanout187
 1.590804e-08 5.107852e-08 4.714590e-12 6.699128e-08 fanout510
 1.232833e-08 5.463063e-08 4.354545e-12 6.696331e-08 fanout260
 1.111828e-08 5.570849e-08 4.524799e-12 6.683129e-08 fanout500
 1.226982e-08 5.447865e-08 4.354545e-12 6.675283e-08 fanout273
 6.619690e-08 0.000000e+00 4.790039e-12 6.620169e-08 clkload29
 1.224789e-08 5.385522e-08 4.846954e-12 6.610796e-08 fanout304
 1.237436e-08 5.340751e-08 4.826038e-12 6.578669e-08 fanout103
 1.227048e-08 5.230122e-08 4.846954e-12 6.457654e-08 fanout300
 1.227347e-08 5.175681e-08 4.354545e-12 6.403463e-08 fanout284
 1.001967e-08 5.381983e-08 4.741867e-12 6.384424e-08 fanout330
 1.226113e-08 5.118408e-08 4.846954e-12 6.345005e-08 fanout309
 1.228381e-08 5.081042e-08 4.354545e-12 6.309858e-08 fanout274
 1.238211e-08 5.015699e-08 4.354545e-12 6.254346e-08 fanout267
 1.242253e-08 4.898937e-08 4.826038e-12 6.141673e-08 fanout247
 1.242797e-08 4.858328e-08 4.354545e-12 6.101561e-08 fanout283
 1.237407e-08 4.862583e-08 4.846954e-12 6.100474e-08 fanout311
 1.006065e-08 5.057906e-08 4.741867e-12 6.064445e-08 fanout331
 1.228787e-08 4.823476e-08 4.354545e-12 6.052699e-08 fanout286
 1.145660e-08 4.906393e-08 4.676700e-12 6.052520e-08 fanout392
 1.231613e-08 4.689567e-08 4.846954e-12 5.921665e-08 fanout293
 8.180097e-09 5.088888e-08 4.402888e-12 5.907338e-08 fanout180
 1.227075e-08 4.657139e-08 4.354545e-12 5.884650e-08 fanout265
 1.240975e-08 4.640751e-08 4.846954e-12 5.882211e-08 fanout305
 1.245277e-08 4.580743e-08 4.375463e-12 5.826458e-08 fanout244
 1.237768e-08 4.501247e-08 4.826038e-12 5.739498e-08 fanout86
 1.242970e-08 4.478979e-08 4.354545e-12 5.722385e-08 fanout272
 1.234259e-08 4.462168e-08 4.846954e-12 5.696912e-08 fanout291
 1.242878e-08 4.444349e-08 4.354545e-12 5.687662e-08 fanout259
 9.158125e-09 4.692495e-08 4.761335e-12 5.608783e-08 fanout196
 1.239693e-08 4.126912e-08 4.354545e-12 5.367041e-08 fanout276
 9.143170e-09 4.377758e-08 4.761335e-12 5.292551e-08 fanout195
 9.175957e-09 4.238210e-08 4.761335e-12 5.156282e-08 fanout193
 1.239453e-08 3.884954e-08 4.846954e-12 5.124891e-08 fanout308
 5.107883e-08 0.000000e+00 5.132091e-12 5.108396e-08 clkload28
 5.098560e-08 0.000000e+00 5.132091e-12 5.099073e-08 clkload24
 9.498160e-09 4.146119e-08 4.144322e-12 5.096350e-08 fanout205
 9.303704e-09 3.837734e-08 3.908443e-12 4.768496e-08 fanout382
 1.000091e-08 3.766534e-08 4.100754e-12 4.767035e-08 fanout202
 6.781961e-09 4.043057e-08 4.382803e-12 4.721691e-08 fanout188
 9.593288e-09 3.708777e-08 4.112528e-12 4.668517e-08 fanout203
 9.616679e-09 3.690248e-08 4.153276e-12 4.652331e-08 fanout204
 9.428313e-09 3.611839e-08 4.155079e-12 4.555086e-08 fanout199
 9.025902e-09 3.623022e-08 4.147047e-12 4.526027e-08 fanout209
 6.787832e-09 3.835749e-08 4.818698e-12 4.515014e-08 fanout189
 9.201537e-09 3.589417e-08 4.761335e-12 4.510047e-08 fanout194
 6.901827e-09 3.750894e-08 4.595353e-12 4.441536e-08 fanout292
 9.461080e-09 3.467646e-08 4.130273e-12 4.414168e-08 fanout207
 7.308540e-09 3.652270e-08 4.811134e-12 4.383605e-08 fanout174
 8.071974e-09 3.504692e-08 7.482731e-12 4.312637e-08 fanout129
 8.679383e-09 3.417153e-08 4.173890e-12 4.285509e-08 fanout208
 6.909779e-09 3.590438e-08 3.711947e-12 4.281787e-08 fanout281
 4.263636e-08 0.000000e+00 3.792804e-12 4.264016e-08 clkload5
 6.827638e-09 3.548958e-08 4.381945e-12 4.232160e-08 fanout184
 7.567907e-09 3.352949e-08 4.390367e-12 4.110179e-08 fanout171
 6.945285e-09 3.412383e-08 3.711957e-12 4.107282e-08 fanout102
 7.057749e-09 3.307802e-08 3.749483e-12 4.013952e-08 fanout85
 7.364837e-09 3.238339e-08 4.811134e-12 3.975303e-08 fanout172
 6.944409e-09 3.258732e-08 3.711957e-12 3.953544e-08 fanout100
 6.946139e-09 3.206160e-08 3.711957e-12 3.901145e-08 fanout99
 6.896802e-09 3.199616e-08 4.595353e-12 3.889755e-08 fanout303
 3.796412e-08 0.000000e+00 4.493245e-12 3.796861e-08 clkload8
 6.898846e-09 3.077369e-08 4.595353e-12 3.767713e-08 fanout306
 6.949136e-09 3.056251e-08 4.557826e-12 3.751621e-08 fanout89
 6.954000e-09 3.048178e-08 4.595353e-12 3.744037e-08 fanout297
 8.199200e-09 2.891228e-08 4.187085e-12 3.711567e-08 fanout206
 6.720632e-09 2.979900e-08 4.223643e-12 3.652385e-08 fanout134
 6.966894e-09 2.940615e-08 3.711957e-12 3.637675e-08 fanout98
 7.796627e-09 2.856165e-08 4.475341e-12 3.636276e-08 fanout125
 5.538925e-09 3.054227e-08 4.346118e-12 3.608554e-08 fanout106
 6.954445e-09 2.904961e-08 3.711957e-12 3.600777e-08 fanout97
 6.909998e-09 2.887240e-08 3.711947e-12 3.578611e-08 fanout270
 6.957848e-09 2.702987e-08 3.749483e-12 3.399147e-08 fanout82
 7.308576e-09 2.585364e-08 4.211546e-12 3.316643e-08 fanout210
 6.977846e-09 2.617657e-08 3.711957e-12 3.315813e-08 fanout96
 7.088364e-09 2.580145e-08 4.490059e-12 3.289431e-08 fanout536
 6.932789e-09 2.589708e-08 3.711957e-12 3.283359e-08 fanout93
 6.932241e-09 2.498611e-08 3.711957e-12 3.192206e-08 fanout91
 5.256200e-09 2.637582e-08 4.837793e-12 3.163686e-08 fanout131
 6.994000e-09 2.420886e-08 3.711957e-12 3.120658e-08 fanout95
 3.117086e-08 0.000000e+00 2.709263e-12 3.117357e-08 clkload90
 6.976189e-09 2.418691e-08 4.557826e-12 3.116766e-08 fanout250
 3.114869e-08 0.000000e+00 2.709263e-12 3.115140e-08 clkload93
 6.453458e-09 2.457797e-08 4.289909e-12 3.103572e-08 fanout393
 7.075055e-09 2.384868e-08 4.595353e-12 3.092833e-08 fanout166
 6.950503e-09 2.377956e-08 4.595353e-12 3.073466e-08 fanout312
 2.726878e-08 0.000000e+00 1.567550e-12 2.727034e-08 clkload0
 2.669952e-08 0.000000e+00 2.590862e-12 2.670211e-08 clkload40
 2.641071e-08 0.000000e+00 2.590862e-12 2.641330e-08 clkload25
 2.639587e-08 0.000000e+00 2.590862e-12 2.639846e-08 clkload22
 2.403414e-08 0.000000e+00 1.143312e-13 2.403426e-08 clkload60
 2.377906e-08 0.000000e+00 1.143312e-13 2.377917e-08 clkload95
 2.366014e-08 0.000000e+00 1.143312e-13 2.366026e-08 clkload79
 2.364232e-08 0.000000e+00 1.143312e-13 2.364243e-08 clkload64
 2.356784e-08 0.000000e+00 1.143312e-13 2.356795e-08 clkload61
 2.349927e-08 0.000000e+00 1.143312e-13 2.349939e-08 clkload75
 2.344831e-08 0.000000e+00 1.143312e-13 2.344843e-08 clkload78
 2.332201e-08 0.000000e+00 1.143312e-13 2.332213e-08 clkload53
 2.294281e-08 0.000000e+00 1.143312e-13 2.294292e-08 clkload88
 2.287346e-08 0.000000e+00 1.143312e-13 2.287358e-08 clkload89
 2.285964e-08 0.000000e+00 1.143312e-13 2.285975e-08 clkload91
 2.155307e-08 0.000000e+00 1.143312e-13 2.155318e-08 clkload45
 2.137950e-08 0.000000e+00 1.143312e-13 2.137961e-08 clkload48
 1.987550e-08 0.000000e+00 1.116008e-13 1.987561e-08 clkload33
 1.959511e-08 0.000000e+00 1.116008e-13 1.959523e-08 clkload14
 1.955241e-08 0.000000e+00 1.116008e-13 1.955252e-08 clkload15
 1.685116e-08 0.000000e+00 1.837849e-12 1.685300e-08 clkload80
 1.661926e-08 0.000000e+00 1.837849e-12 1.662110e-08 clkload67
 1.657251e-08 0.000000e+00 1.837849e-12 1.657435e-08 clkload70
 1.652902e-08 0.000000e+00 1.837849e-12 1.653086e-08 clkload68
 1.628441e-08 0.000000e+00 1.837849e-12 1.628625e-08 clkload102
 1.626411e-08 0.000000e+00 1.837849e-12 1.626595e-08 clkload111
 1.625358e-08 0.000000e+00 1.837849e-12 1.625542e-08 clkload105
 1.624992e-08 0.000000e+00 1.837849e-12 1.625176e-08 clkload74
 1.624002e-08 0.000000e+00 1.837849e-12 1.624186e-08 clkload98
 1.621777e-08 0.000000e+00 1.837849e-12 1.621961e-08 clkload106
 1.621308e-08 0.000000e+00 1.837849e-12 1.621491e-08 clkload96
 1.620632e-08 0.000000e+00 1.837849e-12 1.620815e-08 clkload101
 1.620116e-08 0.000000e+00 1.837849e-12 1.620300e-08 clkload97
 1.618808e-08 0.000000e+00 1.837849e-12 1.618992e-08 clkload59
 1.618529e-08 0.000000e+00 1.837849e-12 1.618713e-08 clkload73
 1.617545e-08 0.000000e+00 1.837849e-12 1.617729e-08 clkload99
 1.617028e-08 0.000000e+00 1.837849e-12 1.617212e-08 clkload110
 1.616397e-08 0.000000e+00 1.837849e-12 1.616581e-08 clkload54
 1.578857e-08 0.000000e+00 1.837849e-12 1.579041e-08 clkload51
 3.135751e-09 1.084835e-08 4.867375e-12 1.398897e-08 fanout253
 3.327409e-09 1.060536e-08 4.866755e-12 1.393763e-08 fanout115
 3.376362e-09 1.054401e-08 4.334744e-12 1.392471e-08 fanout114
 1.376164e-08 0.000000e+00 1.663714e-12 1.376331e-08 clkload42
 1.373541e-08 0.000000e+00 1.663714e-12 1.373707e-08 clkload31
 1.365408e-08 0.000000e+00 1.663714e-12 1.365575e-08 clkload26
 1.351018e-08 0.000000e+00 1.663714e-12 1.351184e-08 clkload9
 1.990742e-09 8.927034e-09 6.871552e-12 1.092465e-08 fanout107
 1.894554e-09 8.492162e-09 4.630876e-12 1.039135e-08 fanout116
 2.535377e-09 7.320269e-09 4.624299e-12 9.860269e-09 fanout79
 1.988592e-09 7.833867e-09 4.610362e-12 9.827069e-09 fanout200
 2.131897e-09 7.488492e-09 4.331198e-12 9.624720e-09 fanout119
 1.617796e-09 7.258367e-09 3.673300e-12 8.879836e-09 fanout163
 1.646945e-09 5.986535e-09 4.634000e-12 7.638114e-09 fanout162
 1.609867e-09 5.503475e-09 4.634644e-12 7.117977e-09 fanout118
 6.109458e-10 4.231564e-09 3.704275e-12 4.846214e-09 max_cap71
 4.553770e-10 2.557283e-09 4.873906e-12 3.017534e-09 fanout105
 5.531426e-10 2.107428e-09 4.489694e-12 2.665060e-09 fanout318
 4.508479e-10 1.972489e-09 4.873906e-12 2.428211e-09 fanout104
 4.701679e-10 1.741779e-09 4.362970e-12 2.216310e-09 fanout319
 3.220233e-10 1.269681e-09 3.769337e-12 1.595474e-09 fanout325
 2.416184e-10 9.280809e-10 3.730343e-12 1.173430e-09 fanout317
 2.244156e-10 9.022506e-10 3.719781e-12 1.130386e-09 fanout320
 2.164496e-10 8.201362e-10 3.707016e-12 1.040293e-09 fanout323
 1.475722e-10 5.864282e-10 4.372651e-12 7.383731e-10 fanout394
 1.486088e-10 5.149218e-10 4.372651e-12 6.679032e-10 fanout395
 1.561669e-10 4.382225e-10 3.672869e-12 5.980623e-10 max_cap72
 1.035462e-10 4.152490e-10 3.870950e-12 5.226661e-10 fanout399
 5.559609e-11 4.312916e-10 3.662866e-12 4.905505e-10 wire73
 9.970216e-11 3.825889e-10 3.870950e-12 4.861621e-10 fanout397
 8.759212e-11 6.798747e-11 1.181000e-12 1.567606e-10 _15235_
 8.751086e-11 6.094901e-11 1.181000e-12 1.496409e-10 _15231_
 8.711587e-11 4.733416e-11 1.181000e-12 1.356310e-10 _15239_
 8.697106e-11 4.443677e-11 1.181000e-12 1.325888e-10 _15232_
 8.689038e-11 4.282268e-11 1.181000e-12 1.308941e-10 _15230_
 8.670072e-11 3.902761e-11 1.181000e-12 1.269093e-10 _15236_
 8.669050e-11 3.882328e-11 1.181000e-12 1.266948e-10 _15237_
 8.668505e-11 3.871448e-11 1.181000e-12 1.265805e-10 _15234_
 8.663896e-11 3.779218e-11 1.181000e-12 1.256121e-10 _15238_
 8.661100e-11 3.723265e-11 1.181000e-12 1.250247e-10 _15233_
 5.936904e-11 3.965393e-11 1.181000e-12 1.002040e-10 _15226_
 5.896645e-11 3.082343e-11 1.181000e-12 9.097088e-11 _15227_
 5.896435e-11 3.077830e-11 1.181000e-12 9.092365e-11 _15228_
 5.892700e-11 2.998335e-11 1.181000e-12 9.009135e-11 _15223_
 5.881426e-11 2.655494e-11 1.181000e-12 8.655020e-11 _15220_
 5.873852e-11 2.498576e-11 1.181000e-12 8.490528e-11 _15229_
 5.868225e-11 2.476532e-11 1.181000e-12 8.462857e-11 _15222_
 5.867262e-11 2.455991e-11 1.181000e-12 8.441354e-11 _15225_
 5.867252e-11 2.455762e-11 1.181000e-12 8.441114e-11 _15224_
 5.865886e-11 2.426624e-11 1.181000e-12 8.410610e-11 _15221_
 2.885748e-14 1.182914e-13 4.876300e-12 5.023449e-12 fanout407
 2.885986e-14 1.175409e-13 4.876300e-12 5.022701e-12 fanout406
 2.892986e-14 1.174266e-13 4.876300e-12 5.022656e-12 fanout405
 2.900820e-14 1.162502e-13 4.876300e-12 5.021558e-12 fanout401
 2.877301e-14 1.101975e-13 4.876300e-12 5.015270e-12 fanout403
 2.878923e-14 1.063980e-13 4.876300e-12 5.011487e-12 fanout402
 1.149324e-20 4.723221e-20 4.876294e-12 4.876294e-12 fanout552
 1.162558e-20 4.351367e-20 4.876294e-12 4.876294e-12 fanout553
 1.151933e-20 4.155757e-20 4.876294e-12 4.876294e-12 fanout554
 1.148509e-20 4.328939e-20 4.876294e-12 4.876294e-12 fanout560
 1.159517e-20 4.091042e-20 4.876294e-12 4.876294e-12 fanout565
 1.163248e-20 3.995722e-20 4.876294e-12 4.876294e-12 fanout568
 1.144673e-20 4.045177e-20 4.876294e-12 4.876294e-12 fanout569
 1.147632e-20 4.620748e-20 4.876294e-12 4.876294e-12 fanout572
 1.136284e-20 6.291210e-20 4.876294e-12 4.876294e-12 fanout573
 1.159758e-20 3.931338e-20 4.876294e-12 4.876294e-12 fanout574
 1.143788e-20 4.478073e-20 4.876294e-12 4.876294e-12 fanout575
 1.157383e-20 4.276838e-20 4.876294e-12 4.876294e-12 fanout583
 1.142086e-20 4.886780e-20 4.876294e-12 4.876294e-12 fanout584
 8.537084e-14 4.226378e-13 4.325207e-12 4.833215e-12 fanout498
 1.637639e-14 6.443916e-14 4.648000e-12 4.728815e-12 wire243
 6.460147e-21 2.990973e-20 4.647990e-12 4.647990e-12 fanout559
 6.449587e-21 2.442009e-20 4.647990e-12 4.647990e-12 fanout561
 6.469814e-21 2.390513e-20 4.647990e-12 4.647990e-12 fanout564
 6.434507e-21 2.263545e-20 4.647990e-12 4.647990e-12 fanout577
 1.137055e-20 5.183964e-20 4.325206e-12 4.325206e-12 fanout538
 1.143563e-20 4.510462e-20 4.325206e-12 4.325206e-12 fanout541
 1.141553e-20 5.001205e-20 4.325206e-12 4.325206e-12 fanout543
 1.144296e-20 5.973611e-20 4.325206e-12 4.325206e-12 fanout547
 4.894560e-14 2.371587e-13 3.659312e-12 3.945417e-12 fanout465
 4.817549e-14 2.336786e-13 3.659312e-12 3.941166e-12 fanout440
 4.868922e-14 2.321608e-13 3.659312e-12 3.940162e-12 fanout423
 4.850547e-14 2.276589e-13 3.659312e-12 3.935477e-12 fanout488
 4.858751e-14 2.253163e-13 3.659312e-12 3.933216e-12 fanout425
 4.885172e-14 2.219523e-13 3.659312e-12 3.930117e-12 fanout412
 4.906333e-14 2.201311e-13 3.659312e-12 3.928507e-12 fanout415
 4.821661e-14 2.188102e-13 3.659312e-12 3.926339e-12 fanout446
 4.897557e-14 2.151408e-13 3.659312e-12 3.923429e-12 fanout477
 4.909360e-14 2.131521e-13 3.659312e-12 3.921558e-12 fanout416
 4.857151e-14 2.057361e-13 3.659312e-12 3.913620e-12 fanout409
 4.877621e-14 2.030854e-13 3.659312e-12 3.911174e-12 fanout441
 4.853681e-14 2.029115e-13 3.659312e-12 3.910761e-12 fanout495
 4.889532e-14 2.023288e-13 3.659312e-12 3.910537e-12 fanout436
 4.846806e-14 2.016425e-13 3.659312e-12 3.909423e-12 fanout429
 4.896863e-14 1.978545e-13 3.659312e-12 3.906135e-12 fanout460
 4.857692e-14 1.980641e-13 3.659312e-12 3.905954e-12 fanout422
 4.859463e-14 1.966414e-13 3.659312e-12 3.904549e-12 fanout484
 4.859378e-14 1.963213e-13 3.659312e-12 3.904228e-12 fanout487
 4.830552e-14 1.950903e-13 3.659312e-12 3.902708e-12 fanout471
 4.830792e-14 1.944064e-13 3.659312e-12 3.902027e-12 fanout427
 4.855693e-14 1.910272e-13 3.659312e-12 3.898896e-12 fanout466
 4.861959e-14 1.908128e-13 3.659312e-12 3.898745e-12 fanout476
 4.861931e-14 1.900104e-13 3.659312e-12 3.897942e-12 fanout411
 4.859915e-14 1.893211e-13 3.659312e-12 3.897233e-12 fanout424
 4.825189e-14 1.794843e-13 3.659312e-12 3.887049e-12 fanout437
 4.847606e-14 1.790979e-13 3.659312e-12 3.886886e-12 fanout455
 4.887880e-14 1.786348e-13 3.659312e-12 3.886826e-12 fanout450
 4.853130e-14 1.768548e-13 3.659312e-12 3.884699e-12 fanout438
 4.891910e-14 1.764622e-13 3.659312e-12 3.884694e-12 fanout451
 4.830686e-14 1.768064e-13 3.659312e-12 3.884426e-12 fanout420
 4.866291e-14 1.763061e-13 3.659312e-12 3.884281e-12 fanout431
 4.885786e-14 1.760131e-13 3.659312e-12 3.884183e-12 fanout449
 4.851520e-14 1.727133e-13 3.659312e-12 3.880541e-12 fanout496
 4.847024e-14 1.701441e-13 3.659312e-12 3.877927e-12 fanout452
 4.871538e-14 1.690657e-13 3.659312e-12 3.877094e-12 fanout462
 4.821788e-14 1.681698e-13 3.659312e-12 3.875700e-12 fanout444
 4.859652e-14 1.659212e-13 3.659312e-12 3.873830e-12 fanout478
 4.859886e-14 1.651297e-13 3.659312e-12 3.873041e-12 fanout474
 4.851411e-14 1.603032e-13 3.659312e-12 3.868130e-12 fanout494
 4.850226e-14 1.577685e-13 3.659312e-12 3.865583e-12 fanout439
 4.868776e-14 1.553808e-13 3.659312e-12 3.863381e-12 fanout470
 4.867758e-14 1.503114e-13 3.659312e-12 3.858301e-12 fanout417
 4.829533e-14 1.493336e-13 3.659312e-12 3.856941e-12 fanout492
 6.402537e-21 4.211577e-20 3.659310e-12 3.659310e-12 fanout539
 1.183055e-15 1.941224e-15 1.181000e-12 1.184124e-12 input3
 9.202131e-16 1.611052e-15 1.181000e-12 1.183531e-12 input10
 1.108944e-15 1.236968e-15 1.181000e-12 1.183346e-12 input2
 6.450989e-16 1.441003e-15 1.181000e-12 1.183086e-12 input7
 1.074418e-15 6.544049e-16 1.181000e-12 1.182729e-12 input1
 1.088598e-15 5.223248e-16 1.181000e-12 1.182611e-12 input4
 9.931786e-16 5.399304e-16 1.181000e-12 1.182533e-12 input5
 5.383796e-16 9.568329e-16 1.181000e-12 1.182495e-12 input6
