
===========================================================================
report_checks -path_delay min (Hold)
============================================================================
======================= nom_tt_025C_1v80 Corner ===================================

Startpoint: _155475_ (rising edge-triggered flip-flop clocked by clk)
Endpoint: u_icg_j8 (rising clock gating-check end-point clocked by clk)
Path Group: clk
Path Type: min

Fanout         Cap        Slew       Delay        Time   Description
---------------------------------------------------------------------------------------------
                                  0.000000    0.000000   clock clk (rise edge)
                                  0.000000    0.000000   clock source latency
     2    0.010156    0.052120    0.034557    0.034557 ^ clk (in)
                                                         clk (net)
                      0.052121    0.000000    0.034557 ^ clkbuf_0_clk/A (sky130_fd_sc_hd__clkbuf_16)
     2    0.018806    0.040826    0.126757    0.161315 ^ clkbuf_0_clk/X (sky130_fd_sc_hd__clkbuf_16)
                                                         clknet_0_clk (net)
                      0.040828    0.000476    0.161791 ^ clkbuf_1_1__f_clk/A (sky130_fd_sc_hd__clkbuf_16)
     3    0.012852    0.035772    0.117030    0.278820 ^ clkbuf_1_1__f_clk/X (sky130_fd_sc_hd__clkbuf_16)
                                                         clknet_1_1__leaf_clk (net)
                      0.035772    0.000278    0.279099 ^ u_icg_wr/CLK (sky130_fd_sc_hd__dlclkp_4)
     3    0.263046    0.783525    0.651550    0.930648 ^ u_icg_wr/GCLK (sky130_fd_sc_hd__dlclkp_4)
                                                         wr_clk (net)
                      0.789604    0.055900    0.986548 ^ clkbuf_0_wr_clk/A (sky130_fd_sc_hd__clkbuf_16)
     5    0.190012    0.207775    0.397955    1.384503 ^ clkbuf_0_wr_clk/X (sky130_fd_sc_hd__clkbuf_16)
                                                         clknet_0_wr_clk (net)
                      0.210388    0.018496    1.402999 ^ clkbuf_1_1_0_wr_clk/A (sky130_fd_sc_hd__clkbuf_8)
     5    0.117653    0.207059    0.300267    1.703266 ^ clkbuf_1_1_0_wr_clk/X (sky130_fd_sc_hd__clkbuf_8)
                                                         clknet_1_1_0_wr_clk (net)
                      0.207391    0.006833    1.710098 ^ clkbuf_2_2_0_wr_clk/A (sky130_fd_sc_hd__clkbuf_8)
     5    0.134038    0.234906    0.314047    2.024146 ^ clkbuf_2_2_0_wr_clk/X (sky130_fd_sc_hd__clkbuf_8)
                                                         clknet_2_2_0_wr_clk (net)
                      0.236395    0.015190    2.039336 ^ clkbuf_3_5_0_wr_clk/A (sky130_fd_sc_hd__clkbuf_8)
     5    0.167142    0.288256    0.365732    2.405068 ^ clkbuf_3_5_0_wr_clk/X (sky130_fd_sc_hd__clkbuf_8)
                                                         clknet_3_5_0_wr_clk (net)
                      0.288836    0.010613    2.415681 ^ clkbuf_4_11_0_wr_clk/A (sky130_fd_sc_hd__clkbuf_8)
     5    0.062084    0.119014    0.261950    2.677630 ^ clkbuf_4_11_0_wr_clk/X (sky130_fd_sc_hd__clkbuf_8)
                                                         clknet_4_11_0_wr_clk (net)
                      0.119227    0.004436    2.682066 ^ clkbuf_5_22__f_wr_clk/A (sky130_fd_sc_hd__clkbuf_16)
    27    0.279164    0.287835    0.325281    3.007347 ^ clkbuf_5_22__f_wr_clk/X (sky130_fd_sc_hd__clkbuf_16)
                                                         clknet_5_22__leaf_wr_clk (net)
                      0.288734    0.013256    3.020603 ^ clkbuf_leaf_307_wr_clk/A (sky130_fd_sc_hd__clkbuf_8)
     6    0.025904    0.063229    0.219617    3.240220 ^ clkbuf_leaf_307_wr_clk/X (sky130_fd_sc_hd__clkbuf_8)
                                                         clknet_leaf_307_wr_clk (net)
                      0.063232    0.000463    3.240683 ^ _155475_/CLK (sky130_fd_sc_hd__dfxtp_1)
     1    0.002154    0.035517    0.301565    3.542248 ^ _155475_/Q (sky130_fd_sc_hd__dfxtp_1)
                                                         w2_we_q1[8] (net)
                      0.035517    0.000060    3.542309 ^ hold910/A (sky130_fd_sc_hd__dlygate4sd3_1)
     1    0.002291    0.048702    0.526958    4.069266 ^ hold910/X (sky130_fd_sc_hd__dlygate4sd3_1)
                                                         net17813 (net)
                      0.048702    0.000066    4.069332 ^ u_icg_j8/GATE (sky130_fd_sc_hd__dlclkp_1)
                                              4.069332   data arrival time

                                  0.000000    0.000000   clock clk (rise edge)
                                  0.000000    0.000000   clock source latency
     2    0.010156    0.052120    0.034557    0.034557 ^ clk (in)
                                                         clk (net)
                      0.052121    0.000000    0.034557 ^ clkbuf_0_clk/A (sky130_fd_sc_hd__clkbuf_16)
     2    0.018806    0.040826    0.126757    0.161315 ^ clkbuf_0_clk/X (sky130_fd_sc_hd__clkbuf_16)
                                                         clknet_0_clk (net)
                      0.040828    0.000476    0.161791 ^ clkbuf_1_1__f_clk/A (sky130_fd_sc_hd__clkbuf_16)
     3    0.012852    0.035772    0.117030    0.278820 ^ clkbuf_1_1__f_clk/X (sky130_fd_sc_hd__clkbuf_16)
                                                         clknet_1_1__leaf_clk (net)
                      0.035772    0.000278    0.279099 ^ u_icg_wr/CLK (sky130_fd_sc_hd__dlclkp_4)
     3    0.263046    0.783525    0.651550    0.930648 ^ u_icg_wr/GCLK (sky130_fd_sc_hd__dlclkp_4)
                                                         wr_clk (net)
                      0.789604    0.055900    0.986548 ^ clkbuf_0_wr_clk/A (sky130_fd_sc_hd__clkbuf_16)
     5    0.190012    0.207775    0.397955    1.384503 ^ clkbuf_0_wr_clk/X (sky130_fd_sc_hd__clkbuf_16)
                                                         clknet_0_wr_clk (net)
                      0.210388    0.018496    1.402999 ^ clkbuf_1_1_0_wr_clk/A (sky130_fd_sc_hd__clkbuf_8)
     5    0.117653    0.207059    0.300267    1.703266 ^ clkbuf_1_1_0_wr_clk/X (sky130_fd_sc_hd__clkbuf_8)
                                                         clknet_1_1_0_wr_clk (net)
                      0.207391    0.006833    1.710098 ^ clkbuf_2_2_0_wr_clk/A (sky130_fd_sc_hd__clkbuf_8)
     5    0.134038    0.234906    0.314047    2.024146 ^ clkbuf_2_2_0_wr_clk/X (sky130_fd_sc_hd__clkbuf_8)
                                                         clknet_2_2_0_wr_clk (net)
                      0.236395    0.015190    2.039336 ^ clkbuf_3_5_0_wr_clk/A (sky130_fd_sc_hd__clkbuf_8)
     5    0.167142    0.288256    0.365732    2.405068 ^ clkbuf_3_5_0_wr_clk/X (sky130_fd_sc_hd__clkbuf_8)
                                                         clknet_3_5_0_wr_clk (net)
                      0.288836    0.010613    2.415681 ^ clkbuf_4_11_0_wr_clk/A (sky130_fd_sc_hd__clkbuf_8)
     5    0.062084    0.119014    0.261950    2.677630 ^ clkbuf_4_11_0_wr_clk/X (sky130_fd_sc_hd__clkbuf_8)
                                                         clknet_4_11_0_wr_clk (net)
                      0.119227    0.004436    2.682066 ^ clkbuf_5_22__f_wr_clk/A (sky130_fd_sc_hd__clkbuf_16)
    27    0.279164    0.287835    0.325281    3.007347 ^ clkbuf_5_22__f_wr_clk/X (sky130_fd_sc_hd__clkbuf_16)
                                                         clknet_5_22__leaf_wr_clk (net)
                      0.288734    0.013256    3.020603 ^ clkbuf_leaf_307_wr_clk/A (sky130_fd_sc_hd__clkbuf_8)
     6    0.025904    0.063229    0.219617    3.240220 ^ clkbuf_leaf_307_wr_clk/X (sky130_fd_sc_hd__clkbuf_8)
                                                         clknet_leaf_307_wr_clk (net)
                      0.063232    0.000448    3.240667 ^ u_icg_j8/CLK (sky130_fd_sc_hd__dlclkp_1)
                                  0.250000    3.490667   clock uncertainty
                                  0.000000    3.490667   clock reconvergence pessimism
                                 -0.058878    3.431789   library hold time
                                              3.431789   data required time
---------------------------------------------------------------------------------------------
                                              3.431789   data required time
                                             -4.069332   data arrival time
---------------------------------------------------------------------------------------------
                                              0.637543   slack (MET)


Startpoint: _154346_ (rising edge-triggered flip-flop clocked by clk)
Endpoint: _154347_ (rising edge-triggered flip-flop clocked by clk)
Path Group: clk
Path Type: min

Fanout         Cap        Slew       Delay        Time   Description
---------------------------------------------------------------------------------------------
                                  0.000000    0.000000   clock clk (rise edge)
                                  0.000000    0.000000   clock source latency
     2    0.010156    0.052120    0.034557    0.034557 ^ clk (in)
                                                         clk (net)
                      0.052121    0.000000    0.034557 ^ clkbuf_0_clk/A (sky130_fd_sc_hd__clkbuf_16)
     2    0.018806    0.040826    0.126757    0.161315 ^ clkbuf_0_clk/X (sky130_fd_sc_hd__clkbuf_16)
                                                         clknet_0_clk (net)
                      0.040828    0.000496    0.161810 ^ clkbuf_1_0__f_clk/A (sky130_fd_sc_hd__clkbuf_16)
     3    0.011797    0.034875    0.116022    0.277833 ^ clkbuf_1_0__f_clk/X (sky130_fd_sc_hd__clkbuf_16)
                                                         clknet_1_0__leaf_clk (net)
                      0.034875    0.000352    0.278184 ^ u_icg/CLK (sky130_fd_sc_hd__dlclkp_4)
     3    0.269268    0.800200    0.670693    0.948878 ^ u_icg/GCLK (sky130_fd_sc_hd__dlclkp_4)
                                                         core_clk (net)
                      0.805357    0.052023    1.000900 ^ clkbuf_0_core_clk/A (sky130_fd_sc_hd__clkbuf_16)
     5    0.148813    0.168359    0.376908    1.377808 ^ clkbuf_0_core_clk/X (sky130_fd_sc_hd__clkbuf_16)
                                                         clknet_0_core_clk (net)
                      0.169862    0.012611    1.390420 ^ clkbuf_1_0_0_core_clk/A (sky130_fd_sc_hd__clkbuf_8)
     5    0.133146    0.234410    0.294454    1.684873 ^ clkbuf_1_0_0_core_clk/X (sky130_fd_sc_hd__clkbuf_8)
                                                         clknet_1_0_0_core_clk (net)
                      0.238577    0.024999    1.709872 ^ clkbuf_2_1_0_core_clk/A (sky130_fd_sc_hd__clkbuf_8)
     5    0.107599    0.189727    0.301111    2.010984 ^ clkbuf_2_1_0_core_clk/X (sky130_fd_sc_hd__clkbuf_8)
                                                         clknet_2_1_0_core_clk (net)
                      0.189898    0.003612    2.014596 ^ clkbuf_3_3_0_core_clk/A (sky130_fd_sc_hd__clkbuf_8)
     5    0.110752    0.197472    0.276256    2.290853 ^ clkbuf_3_3_0_core_clk/X (sky130_fd_sc_hd__clkbuf_8)
                                                         clknet_3_3_0_core_clk (net)
                      0.201558    0.022622    2.313475 ^ clkbuf_4_6_0_core_clk/A (sky130_fd_sc_hd__clkbuf_8)
     9    0.101501    0.180379    0.276915    2.590390 ^ clkbuf_4_6_0_core_clk/X (sky130_fd_sc_hd__clkbuf_8)
                                                         clknet_4_6_0_core_clk (net)
                      0.181392    0.010974    2.601364 ^ clkbuf_6_24_0_core_clk/A (sky130_fd_sc_hd__clkbuf_8)
     5    0.073193    0.135888    0.240979    2.842343 ^ clkbuf_6_24_0_core_clk/X (sky130_fd_sc_hd__clkbuf_8)
                                                         clknet_6_24_0_core_clk (net)
                      0.136399    0.006340    2.848683 ^ clkbuf_7_49__f_core_clk/A (sky130_fd_sc_hd__clkbuf_16)
    15    0.107829    0.122028    0.221297    3.069980 ^ clkbuf_7_49__f_core_clk/X (sky130_fd_sc_hd__clkbuf_16)
                                                         clknet_7_49__leaf_core_clk (net)
                      0.122984    0.008560    3.078540 ^ clkbuf_leaf_803_core_clk/A (sky130_fd_sc_hd__clkbuf_8)
     3    0.013585    0.041654    0.151153    3.229693 ^ clkbuf_leaf_803_core_clk/X (sky130_fd_sc_hd__clkbuf_8)
                                                         clknet_leaf_803_core_clk (net)
                      0.041658    0.000361    3.230055 ^ _154346_/CLK (sky130_fd_sc_hd__dfxtp_2)
     5    0.018110    0.054702    0.337221    3.567275 v _154346_/Q (sky130_fd_sc_hd__dfxtp_2)
                                                         v[46][4] (net)
                      0.054771    0.000522    3.567797 v _070722_/B (sky130_fd_sc_hd__nand3_1)
     4    0.011420    0.132954    0.140021    3.707818 ^ _070722_/Y (sky130_fd_sc_hd__nand3_1)
                                                         _027654_ (net)
                      0.132954    0.000236    3.708054 ^ _070811_/B (sky130_fd_sc_hd__and3_1)
     1    0.003724    0.057260    0.173107    3.881161 ^ _070811_/X (sky130_fd_sc_hd__and3_1)
                                                         _027738_ (net)
                      0.057260    0.000081    3.881242 ^ _070812_/A3 (sky130_fd_sc_hd__o32a_1)
     1    0.004255    0.058970    0.141363    4.022605 ^ _070812_/X (sky130_fd_sc_hd__o32a_1)
                                                         _027739_ (net)
                      0.058970    0.000130    4.022735 ^ _070813_/A1 (sky130_fd_sc_hd__a21oi_1)
     1    0.003115    0.042530    0.060072    4.082807 v _070813_/Y (sky130_fd_sc_hd__a21oi_1)
                                                         _027740_ (net)
                      0.042530    0.000093    4.082901 v _070814_/B1 (sky130_fd_sc_hd__o31a_1)
     1    0.002360    0.026047    0.094277    4.177178 v _070814_/X (sky130_fd_sc_hd__o31a_1)
                                                         _001829_ (net)
                      0.026047    0.000068    4.177246 v _154347_/D (sky130_fd_sc_hd__dfxtp_2)
                                              4.177246   data arrival time

                                  0.000000    0.000000   clock clk (rise edge)
                                  0.000000    0.000000   clock source latency
     2    0.010156    0.052120    0.034557    0.034557 ^ clk (in)
                                                         clk (net)
                      0.052121    0.000000    0.034557 ^ clkbuf_0_clk/A (sky130_fd_sc_hd__clkbuf_16)
     2    0.018806    0.040826    0.126757    0.161315 ^ clkbuf_0_clk/X (sky130_fd_sc_hd__clkbuf_16)
                                                         clknet_0_clk (net)
                      0.040828    0.000496    0.161810 ^ clkbuf_1_0__f_clk/A (sky130_fd_sc_hd__clkbuf_16)
     3    0.011797    0.034875    0.116022    0.277833 ^ clkbuf_1_0__f_clk/X (sky130_fd_sc_hd__clkbuf_16)
                                                         clknet_1_0__leaf_clk (net)
                      0.034875    0.000352    0.278184 ^ u_icg/CLK (sky130_fd_sc_hd__dlclkp_4)
     3    0.269268    0.800200    0.670693    0.948878 ^ u_icg/GCLK (sky130_fd_sc_hd__dlclkp_4)
                                                         core_clk (net)
                      0.805357    0.052023    1.000900 ^ clkbuf_0_core_clk/A (sky130_fd_sc_hd__clkbuf_16)
     5    0.148813    0.168359    0.376908    1.377808 ^ clkbuf_0_core_clk/X (sky130_fd_sc_hd__clkbuf_16)
                                                         clknet_0_core_clk (net)
                      0.169862    0.012611    1.390420 ^ clkbuf_1_0_0_core_clk/A (sky130_fd_sc_hd__clkbuf_8)
     5    0.133146    0.234410    0.294454    1.684873 ^ clkbuf_1_0_0_core_clk/X (sky130_fd_sc_hd__clkbuf_8)
                                                         clknet_1_0_0_core_clk (net)
                      0.239111    0.026481    1.711355 ^ clkbuf_2_0_0_core_clk/A (sky130_fd_sc_hd__clkbuf_8)
     5    0.100061    0.178215    0.288326    1.999680 ^ clkbuf_2_0_0_core_clk/X (sky130_fd_sc_hd__clkbuf_8)
                                                         clknet_2_0_0_core_clk (net)
                      0.179836    0.013636    2.013316 ^ clkbuf_3_1_0_core_clk/A (sky130_fd_sc_hd__clkbuf_8)
     5    0.151536    0.264979    0.316649    2.329965 ^ clkbuf_3_1_0_core_clk/X (sky130_fd_sc_hd__clkbuf_8)
                                                         clknet_3_1_0_core_clk (net)
                      0.270302    0.029986    2.359951 ^ clkbuf_4_3_0_core_clk/A (sky130_fd_sc_hd__clkbuf_8)
     9    0.101562    0.179972    0.303620    2.663571 ^ clkbuf_4_3_0_core_clk/X (sky130_fd_sc_hd__clkbuf_8)
                                                         clknet_4_3_0_core_clk (net)
                      0.180147    0.003474    2.667045 ^ clkbuf_6_13_0_core_clk/A (sky130_fd_sc_hd__clkbuf_8)
     5    0.069828    0.130359    0.237600    2.904645 ^ clkbuf_6_13_0_core_clk/X (sky130_fd_sc_hd__clkbuf_8)
                                                         clknet_6_13_0_core_clk (net)
                      0.130647    0.004499    2.909144 ^ clkbuf_7_27__f_core_clk/A (sky130_fd_sc_hd__clkbuf_16)
    17    0.129410    0.142679    0.234784    3.143927 ^ clkbuf_7_27__f_core_clk/X (sky130_fd_sc_hd__clkbuf_16)
                                                         clknet_7_27__leaf_core_clk (net)
                      0.143042    0.005801    3.149729 ^ clkbuf_leaf_797_core_clk/A (sky130_fd_sc_hd__clkbuf_8)
     6    0.025214    0.059394    0.173714    3.323443 ^ clkbuf_leaf_797_core_clk/X (sky130_fd_sc_hd__clkbuf_8)
                                                         clknet_leaf_797_core_clk (net)
                      0.059401    0.000633    3.324076 ^ _154347_/CLK (sky130_fd_sc_hd__dfxtp_2)
                                  0.250000    3.574076   clock uncertainty
                                  0.000000    3.574076   clock reconvergence pessimism
                                 -0.035070    3.539006   library hold time
                                              3.539006   data required time
---------------------------------------------------------------------------------------------
                                              3.539006   data required time
                                             -4.177246   data arrival time
---------------------------------------------------------------------------------------------
                                              0.638240   slack (MET)


Startpoint: _155471_ (rising edge-triggered flip-flop clocked by clk)
Endpoint: u_icg_j4 (rising clock gating-check end-point clocked by clk)
Path Group: clk
Path Type: min

Fanout         Cap        Slew       Delay        Time   Description
---------------------------------------------------------------------------------------------
                                  0.000000    0.000000   clock clk (rise edge)
                                  0.000000    0.000000   clock source latency
     2    0.010156    0.052120    0.034557    0.034557 ^ clk (in)
                                                         clk (net)
                      0.052121    0.000000    0.034557 ^ clkbuf_0_clk/A (sky130_fd_sc_hd__clkbuf_16)
     2    0.018806    0.040826    0.126757    0.161315 ^ clkbuf_0_clk/X (sky130_fd_sc_hd__clkbuf_16)
                                                         clknet_0_clk (net)
                      0.040828    0.000476    0.161791 ^ clkbuf_1_1__f_clk/A (sky130_fd_sc_hd__clkbuf_16)
     3    0.012852    0.035772    0.117030    0.278820 ^ clkbuf_1_1__f_clk/X (sky130_fd_sc_hd__clkbuf_16)
                                                         clknet_1_1__leaf_clk (net)
                      0.035772    0.000278    0.279099 ^ u_icg_wr/CLK (sky130_fd_sc_hd__dlclkp_4)
     3    0.263046    0.783525    0.651550    0.930648 ^ u_icg_wr/GCLK (sky130_fd_sc_hd__dlclkp_4)
                                                         wr_clk (net)
                      0.789604    0.055900    0.986548 ^ clkbuf_0_wr_clk/A (sky130_fd_sc_hd__clkbuf_16)
     5    0.190012    0.207775    0.397955    1.384503 ^ clkbuf_0_wr_clk/X (sky130_fd_sc_hd__clkbuf_16)
                                                         clknet_0_wr_clk (net)
                      0.210388    0.018496    1.402999 ^ clkbuf_1_1_0_wr_clk/A (sky130_fd_sc_hd__clkbuf_8)
     5    0.117653    0.207059    0.300267    1.703266 ^ clkbuf_1_1_0_wr_clk/X (sky130_fd_sc_hd__clkbuf_8)
                                                         clknet_1_1_0_wr_clk (net)
                      0.207391    0.006833    1.710098 ^ clkbuf_2_2_0_wr_clk/A (sky130_fd_sc_hd__clkbuf_8)
     5    0.134038    0.234906    0.314047    2.024146 ^ clkbuf_2_2_0_wr_clk/X (sky130_fd_sc_hd__clkbuf_8)
                                                         clknet_2_2_0_wr_clk (net)
                      0.236395    0.015190    2.039336 ^ clkbuf_3_5_0_wr_clk/A (sky130_fd_sc_hd__clkbuf_8)
     5    0.167142    0.288256    0.365732    2.405068 ^ clkbuf_3_5_0_wr_clk/X (sky130_fd_sc_hd__clkbuf_8)
                                                         clknet_3_5_0_wr_clk (net)
                      0.288836    0.010613    2.415681 ^ clkbuf_4_11_0_wr_clk/A (sky130_fd_sc_hd__clkbuf_8)
     5    0.062084    0.119014    0.261950    2.677630 ^ clkbuf_4_11_0_wr_clk/X (sky130_fd_sc_hd__clkbuf_8)
                                                         clknet_4_11_0_wr_clk (net)
                      0.119227    0.004436    2.682066 ^ clkbuf_5_22__f_wr_clk/A (sky130_fd_sc_hd__clkbuf_16)
    27    0.279164    0.287835    0.325281    3.007347 ^ clkbuf_5_22__f_wr_clk/X (sky130_fd_sc_hd__clkbuf_16)
                                                         clknet_5_22__leaf_wr_clk (net)
                      0.288734    0.013256    3.020603 ^ clkbuf_leaf_307_wr_clk/A (sky130_fd_sc_hd__clkbuf_8)
     6    0.025904    0.063229    0.219617    3.240220 ^ clkbuf_leaf_307_wr_clk/X (sky130_fd_sc_hd__clkbuf_8)
                                                         clknet_leaf_307_wr_clk (net)
                      0.063234    0.000562    3.240782 ^ _155471_/CLK (sky130_fd_sc_hd__dfxtp_1)
     1    0.002142    0.035445    0.301490    3.542272 ^ _155471_/Q (sky130_fd_sc_hd__dfxtp_1)
                                                         w2_we_q1[4] (net)
                      0.035445    0.000043    3.542315 ^ hold908/A (sky130_fd_sc_hd__dlygate4sd3_1)
     1    0.002459    0.050015    0.528520    4.070835 ^ hold908/X (sky130_fd_sc_hd__dlygate4sd3_1)
                                                         net17811 (net)
                      0.050015    0.000070    4.070905 ^ u_icg_j4/GATE (sky130_fd_sc_hd__dlclkp_1)
                                              4.070905   data arrival time

                                  0.000000    0.000000   clock clk (rise edge)
                                  0.000000    0.000000   clock source latency
     2    0.010156    0.052120    0.034557    0.034557 ^ clk (in)
                                                         clk (net)
                      0.052121    0.000000    0.034557 ^ clkbuf_0_clk/A (sky130_fd_sc_hd__clkbuf_16)
     2    0.018806    0.040826    0.126757    0.161315 ^ clkbuf_0_clk/X (sky130_fd_sc_hd__clkbuf_16)
                                                         clknet_0_clk (net)
                      0.040828    0.000476    0.161791 ^ clkbuf_1_1__f_clk/A (sky130_fd_sc_hd__clkbuf_16)
     3    0.012852    0.035772    0.117030    0.278820 ^ clkbuf_1_1__f_clk/X (sky130_fd_sc_hd__clkbuf_16)
                                                         clknet_1_1__leaf_clk (net)
                      0.035772    0.000278    0.279099 ^ u_icg_wr/CLK (sky130_fd_sc_hd__dlclkp_4)
     3    0.263046    0.783525    0.651550    0.930648 ^ u_icg_wr/GCLK (sky130_fd_sc_hd__dlclkp_4)
                                                         wr_clk (net)
                      0.789604    0.055900    0.986548 ^ clkbuf_0_wr_clk/A (sky130_fd_sc_hd__clkbuf_16)
     5    0.190012    0.207775    0.397955    1.384503 ^ clkbuf_0_wr_clk/X (sky130_fd_sc_hd__clkbuf_16)
                                                         clknet_0_wr_clk (net)
                      0.210388    0.018496    1.402999 ^ clkbuf_1_1_0_wr_clk/A (sky130_fd_sc_hd__clkbuf_8)
     5    0.117653    0.207059    0.300267    1.703266 ^ clkbuf_1_1_0_wr_clk/X (sky130_fd_sc_hd__clkbuf_8)
                                                         clknet_1_1_0_wr_clk (net)
                      0.207391    0.006833    1.710098 ^ clkbuf_2_2_0_wr_clk/A (sky130_fd_sc_hd__clkbuf_8)
     5    0.134038    0.234906    0.314047    2.024146 ^ clkbuf_2_2_0_wr_clk/X (sky130_fd_sc_hd__clkbuf_8)
                                                         clknet_2_2_0_wr_clk (net)
                      0.236395    0.015190    2.039336 ^ clkbuf_3_5_0_wr_clk/A (sky130_fd_sc_hd__clkbuf_8)
     5    0.167142    0.288256    0.365732    2.405068 ^ clkbuf_3_5_0_wr_clk/X (sky130_fd_sc_hd__clkbuf_8)
                                                         clknet_3_5_0_wr_clk (net)
                      0.288836    0.010613    2.415681 ^ clkbuf_4_11_0_wr_clk/A (sky130_fd_sc_hd__clkbuf_8)
     5    0.062084    0.119014    0.261950    2.677630 ^ clkbuf_4_11_0_wr_clk/X (sky130_fd_sc_hd__clkbuf_8)
                                                         clknet_4_11_0_wr_clk (net)
                      0.119227    0.004436    2.682066 ^ clkbuf_5_22__f_wr_clk/A (sky130_fd_sc_hd__clkbuf_16)
    27    0.279164    0.287835    0.325281    3.007347 ^ clkbuf_5_22__f_wr_clk/X (sky130_fd_sc_hd__clkbuf_16)
                                                         clknet_5_22__leaf_wr_clk (net)
                      0.288734    0.013256    3.020603 ^ clkbuf_leaf_307_wr_clk/A (sky130_fd_sc_hd__clkbuf_8)
     6    0.025904    0.063229    0.219617    3.240220 ^ clkbuf_leaf_307_wr_clk/X (sky130_fd_sc_hd__clkbuf_8)
                                                         clknet_leaf_307_wr_clk (net)
                      0.063232    0.000474    3.240693 ^ u_icg_j4/CLK (sky130_fd_sc_hd__dlclkp_1)
                                  0.250000    3.490693   clock uncertainty
                                  0.000000    3.490693   clock reconvergence pessimism
                                 -0.059189    3.431504   library hold time
                                              3.431504   data required time
---------------------------------------------------------------------------------------------
                                              3.431504   data required time
                                             -4.070905   data arrival time
---------------------------------------------------------------------------------------------
                                              0.639400   slack (MET)


Startpoint: _155479_ (rising edge-triggered flip-flop clocked by clk)
Endpoint: u_icg_j12 (rising clock gating-check end-point clocked by clk)
Path Group: clk
Path Type: min

Fanout         Cap        Slew       Delay        Time   Description
---------------------------------------------------------------------------------------------
                                  0.000000    0.000000   clock clk (rise edge)
                                  0.000000    0.000000   clock source latency
     2    0.010156    0.052120    0.034557    0.034557 ^ clk (in)
                                                         clk (net)
                      0.052121    0.000000    0.034557 ^ clkbuf_0_clk/A (sky130_fd_sc_hd__clkbuf_16)
     2    0.018806    0.040826    0.126757    0.161315 ^ clkbuf_0_clk/X (sky130_fd_sc_hd__clkbuf_16)
                                                         clknet_0_clk (net)
                      0.040828    0.000476    0.161791 ^ clkbuf_1_1__f_clk/A (sky130_fd_sc_hd__clkbuf_16)
     3    0.012852    0.035772    0.117030    0.278820 ^ clkbuf_1_1__f_clk/X (sky130_fd_sc_hd__clkbuf_16)
                                                         clknet_1_1__leaf_clk (net)
                      0.035772    0.000278    0.279099 ^ u_icg_wr/CLK (sky130_fd_sc_hd__dlclkp_4)
     3    0.263046    0.783525    0.651550    0.930648 ^ u_icg_wr/GCLK (sky130_fd_sc_hd__dlclkp_4)
                                                         wr_clk (net)
                      0.789604    0.055900    0.986548 ^ clkbuf_0_wr_clk/A (sky130_fd_sc_hd__clkbuf_16)
     5    0.190012    0.207775    0.397955    1.384503 ^ clkbuf_0_wr_clk/X (sky130_fd_sc_hd__clkbuf_16)
                                                         clknet_0_wr_clk (net)
                      0.210388    0.018496    1.402999 ^ clkbuf_1_1_0_wr_clk/A (sky130_fd_sc_hd__clkbuf_8)
     5    0.117653    0.207059    0.300267    1.703266 ^ clkbuf_1_1_0_wr_clk/X (sky130_fd_sc_hd__clkbuf_8)
                                                         clknet_1_1_0_wr_clk (net)
                      0.207391    0.006833    1.710098 ^ clkbuf_2_2_0_wr_clk/A (sky130_fd_sc_hd__clkbuf_8)
     5    0.134038    0.234906    0.314047    2.024146 ^ clkbuf_2_2_0_wr_clk/X (sky130_fd_sc_hd__clkbuf_8)
                                                         clknet_2_2_0_wr_clk (net)
                      0.236395    0.015190    2.039336 ^ clkbuf_3_5_0_wr_clk/A (sky130_fd_sc_hd__clkbuf_8)
     5    0.167142    0.288256    0.365732    2.405068 ^ clkbuf_3_5_0_wr_clk/X (sky130_fd_sc_hd__clkbuf_8)
                                                         clknet_3_5_0_wr_clk (net)
                      0.288836    0.010613    2.415681 ^ clkbuf_4_11_0_wr_clk/A (sky130_fd_sc_hd__clkbuf_8)
     5    0.062084    0.119014    0.261950    2.677630 ^ clkbuf_4_11_0_wr_clk/X (sky130_fd_sc_hd__clkbuf_8)
                                                         clknet_4_11_0_wr_clk (net)
                      0.119227    0.004436    2.682066 ^ clkbuf_5_22__f_wr_clk/A (sky130_fd_sc_hd__clkbuf_16)
    27    0.279164    0.287835    0.325281    3.007347 ^ clkbuf_5_22__f_wr_clk/X (sky130_fd_sc_hd__clkbuf_16)
                                                         clknet_5_22__leaf_wr_clk (net)
                      0.288734    0.013256    3.020603 ^ clkbuf_leaf_307_wr_clk/A (sky130_fd_sc_hd__clkbuf_8)
     6    0.025904    0.063229    0.219617    3.240220 ^ clkbuf_leaf_307_wr_clk/X (sky130_fd_sc_hd__clkbuf_8)
                                                         clknet_leaf_307_wr_clk (net)
                      0.063233    0.000530    3.240749 ^ _155479_/CLK (sky130_fd_sc_hd__dfxtp_1)
     1    0.002128    0.035346    0.301388    3.542137 ^ _155479_/Q (sky130_fd_sc_hd__dfxtp_1)
                                                         w2_we_q1[12] (net)
                      0.035346    0.000042    3.542179 ^ hold909/A (sky130_fd_sc_hd__dlygate4sd3_1)
     1    0.002511    0.050448    0.528974    4.071153 ^ hold909/X (sky130_fd_sc_hd__dlygate4sd3_1)
                                                         net17812 (net)
                      0.050448    0.000073    4.071226 ^ u_icg_j12/GATE (sky130_fd_sc_hd__dlclkp_1)
                                              4.071226   data arrival time

                                  0.000000    0.000000   clock clk (rise edge)
                                  0.000000    0.000000   clock source latency
     2    0.010156    0.052120    0.034557    0.034557 ^ clk (in)
                                                         clk (net)
                      0.052121    0.000000    0.034557 ^ clkbuf_0_clk/A (sky130_fd_sc_hd__clkbuf_16)
     2    0.018806    0.040826    0.126757    0.161315 ^ clkbuf_0_clk/X (sky130_fd_sc_hd__clkbuf_16)
                                                         clknet_0_clk (net)
                      0.040828    0.000476    0.161791 ^ clkbuf_1_1__f_clk/A (sky130_fd_sc_hd__clkbuf_16)
     3    0.012852    0.035772    0.117030    0.278820 ^ clkbuf_1_1__f_clk/X (sky130_fd_sc_hd__clkbuf_16)
                                                         clknet_1_1__leaf_clk (net)
                      0.035772    0.000278    0.279099 ^ u_icg_wr/CLK (sky130_fd_sc_hd__dlclkp_4)
     3    0.263046    0.783525    0.651550    0.930648 ^ u_icg_wr/GCLK (sky130_fd_sc_hd__dlclkp_4)
                                                         wr_clk (net)
                      0.789604    0.055900    0.986548 ^ clkbuf_0_wr_clk/A (sky130_fd_sc_hd__clkbuf_16)
     5    0.190012    0.207775    0.397955    1.384503 ^ clkbuf_0_wr_clk/X (sky130_fd_sc_hd__clkbuf_16)
                                                         clknet_0_wr_clk (net)
                      0.210388    0.018496    1.402999 ^ clkbuf_1_1_0_wr_clk/A (sky130_fd_sc_hd__clkbuf_8)
     5    0.117653    0.207059    0.300267    1.703266 ^ clkbuf_1_1_0_wr_clk/X (sky130_fd_sc_hd__clkbuf_8)
                                                         clknet_1_1_0_wr_clk (net)
                      0.207391    0.006833    1.710098 ^ clkbuf_2_2_0_wr_clk/A (sky130_fd_sc_hd__clkbuf_8)
     5    0.134038    0.234906    0.314047    2.024146 ^ clkbuf_2_2_0_wr_clk/X (sky130_fd_sc_hd__clkbuf_8)
                                                         clknet_2_2_0_wr_clk (net)
                      0.236395    0.015190    2.039336 ^ clkbuf_3_5_0_wr_clk/A (sky130_fd_sc_hd__clkbuf_8)
     5    0.167142    0.288256    0.365732    2.405068 ^ clkbuf_3_5_0_wr_clk/X (sky130_fd_sc_hd__clkbuf_8)
                                                         clknet_3_5_0_wr_clk (net)
                      0.288836    0.010613    2.415681 ^ clkbuf_4_11_0_wr_clk/A (sky130_fd_sc_hd__clkbuf_8)
     5    0.062084    0.119014    0.261950    2.677630 ^ clkbuf_4_11_0_wr_clk/X (sky130_fd_sc_hd__clkbuf_8)
                                                         clknet_4_11_0_wr_clk (net)
                      0.119227    0.004436    2.682066 ^ clkbuf_5_22__f_wr_clk/A (sky130_fd_sc_hd__clkbuf_16)
    27    0.279164    0.287835    0.325281    3.007347 ^ clkbuf_5_22__f_wr_clk/X (sky130_fd_sc_hd__clkbuf_16)
                                                         clknet_5_22__leaf_wr_clk (net)
                      0.288734    0.013256    3.020603 ^ clkbuf_leaf_307_wr_clk/A (sky130_fd_sc_hd__clkbuf_8)
     6    0.025904    0.063229    0.219617    3.240220 ^ clkbuf_leaf_307_wr_clk/X (sky130_fd_sc_hd__clkbuf_8)
                                                         clknet_leaf_307_wr_clk (net)
                      0.063231    0.000428    3.240647 ^ u_icg_j12/CLK (sky130_fd_sc_hd__dlclkp_1)
                                  0.250000    3.490647   clock uncertainty
                                  0.000000    3.490647   clock reconvergence pessimism
                                 -0.059292    3.431356   library hold time
