     Internal    Switching      Leakage        Total
        Power        Power        Power        Power (Watts)
----------------------------------------------------
 8.700194e-06 3.132152e-06 1.232310e-11 1.183236e-05 clkbuf_0_clk
 8.401827e-06 1.089432e-06 1.232310e-11 9.491271e-06 clkbuf_1_0__f_clk
 8.399442e-06 1.065895e-06 1.232310e-11 9.465350e-06 clkbuf_1_1__f_clk
 1.353942e-06 3.500265e-09 9.133755e-12 1.357452e-06 u_icg
 2.719347e-07 0.000000e+00 1.567550e-12 2.719363e-07 clkload0
 2.493826e-09 1.081929e-08 1.047930e-11 1.332359e-08 clkbuf_0_w_clk
 2.589762e-09 1.015247e-08 1.047932e-11 1.275271e-08 clkbuf_0_v_clk
 4.010968e-09 7.067583e-09 1.047959e-11 1.108903e-08 clkbuf_2_1__f_core_clk
 2.505782e-09 8.498260e-09 1.047925e-11 1.101452e-08 clkbuf_4_9__f_w_clk
 2.509158e-09 8.466307e-09 1.047925e-11 1.098594e-08 clkbuf_4_3__f_w_clk
 2.600539e-09 8.255690e-09 1.047926e-11 1.086671e-08 clkbuf_4_2__f_v_clk
 2.515055e-09 8.118509e-09 1.047925e-11 1.064404e-08 clkbuf_4_7__f_w_clk
 3.972203e-09 6.649577e-09 1.047959e-11 1.063226e-08 clkbuf_0_core_clk
 2.604050e-09 7.920089e-09 1.047926e-11 1.053462e-08 clkbuf_4_11__f_v_clk
 3.981070e-09 6.375276e-09 1.047959e-11 1.036683e-08 clkbuf_2_0__f_core_clk
 2.511248e-09 7.790284e-09 1.047925e-11 1.031201e-08 clkbuf_4_1__f_w_clk
 2.605999e-09 7.674026e-09 1.047926e-11 1.029050e-08 clkbuf_4_13__f_v_clk
 2.599780e-09 7.596491e-09 1.047926e-11 1.020675e-08 clkbuf_4_8__f_v_clk
 2.601203e-09 7.581062e-09 1.047926e-11 1.019275e-08 clkbuf_4_1__f_v_clk
 2.507481e-09 7.585142e-09 1.047925e-11 1.010310e-08 clkbuf_4_2__f_w_clk
 2.502476e-09 7.556141e-09 1.047925e-11 1.006910e-08 clkbuf_4_8__f_w_clk
 2.512025e-09 7.255858e-09 1.047925e-11 9.778363e-09 clkbuf_4_14__f_w_clk
 2.607781e-09 7.095320e-09 1.047926e-11 9.713581e-09 clkbuf_4_14__f_v_clk
 2.514023e-09 7.147281e-09 1.047925e-11 9.671784e-09 clkbuf_4_4__f_w_clk
 2.508809e-09 7.081095e-09 1.047925e-11 9.600384e-09 clkbuf_4_0__f_w_clk
 3.943557e-09 5.500481e-09 1.047959e-11 9.454518e-09 clkbuf_2_2__f_core_clk
 2.599414e-09 6.737782e-09 1.047926e-11 9.347676e-09 clkbuf_4_10__f_v_clk
 2.597709e-09 6.735453e-09 1.047926e-11 9.343641e-09 clkbuf_4_3__f_v_clk
 2.587001e-09 6.500908e-09 1.047926e-11 9.098388e-09 clkbuf_4_6__f_v_clk
 2.512849e-09 6.523015e-09 1.047925e-11 9.046343e-09 clkbuf_4_6__f_w_clk
 2.597564e-09 6.424211e-09 1.047926e-11 9.032255e-09 clkbuf_4_9__f_v_clk
 1.311168e-09 7.526446e-09 6.865790e-12 8.844479e-09 clkbuf_2_1_0_v_clk
 2.501018e-09 6.332101e-09 1.047925e-11 8.843599e-09 clkbuf_4_11__f_w_clk
 2.500274e-09 6.321470e-09 1.047925e-11 8.832224e-09 clkbuf_4_10__f_w_clk
 2.604401e-09 6.099733e-09 1.047926e-11 8.714614e-09 clkbuf_4_15__f_v_clk
 2.508475e-09 6.185342e-09 1.047925e-11 8.704297e-09 clkbuf_4_12__f_w_clk
 2.509116e-09 6.150427e-09 1.047925e-11 8.670023e-09 clkbuf_4_15__f_w_clk
 2.588736e-09 5.943360e-09 1.047926e-11 8.542576e-09 clkbuf_4_4__f_v_clk
 2.508169e-09 6.005880e-09 1.047925e-11 8.524529e-09 clkbuf_4_13__f_w_clk
 2.586999e-09 5.891971e-09 1.047926e-11 8.489450e-09 clkbuf_4_5__f_v_clk
 3.902749e-09 4.548620e-09 1.047959e-11 8.461849e-09 clkbuf_2_3__f_core_clk
 2.602557e-09 5.844582e-09 1.047926e-11 8.457618e-09 clkbuf_4_12__f_v_clk
 1.261079e-09 7.142816e-09 6.865787e-12 8.410760e-09 clkbuf_2_2_0_w_clk
 2.596621e-09 5.689479e-09 1.047926e-11 8.296579e-09 clkbuf_4_0__f_v_clk
 1.537089e-09 6.735123e-09 8.986172e-12 8.281199e-09 u_icg_w
 2.584971e-09 5.660238e-09 1.047926e-11 8.255689e-09 clkbuf_4_7__f_v_clk
 1.309400e-09 6.616464e-09 6.865790e-12 7.932729e-09 clkbuf_2_0_0_v_clk
 1.259690e-09 6.552662e-09 6.865787e-12 7.819218e-09 clkbuf_2_0_0_w_clk
 1.309018e-09 6.472542e-09 6.865790e-12 7.788426e-09 clkbuf_2_2_0_v_clk
 1.581690e-09 6.127879e-09 8.986167e-12 7.718556e-09 u_icg_v
 1.259430e-09 6.392717e-09 6.865787e-12 7.659013e-09 clkbuf_2_3_0_w_clk
 2.508930e-09 4.958597e-09 1.047925e-11 7.478007e-09 clkbuf_4_5__f_w_clk
 1.259144e-09 6.205559e-09 6.865787e-12 7.471568e-09 clkbuf_2_1_0_w_clk
 1.308029e-09 5.974044e-09 6.865790e-12 7.288938e-09 clkbuf_2_3_0_v_clk
 1.973857e-09 3.262205e-09 6.865839e-12 5.242927e-09 clkbuf_leaf_25_core_clk
 1.974440e-09 3.121165e-09 6.865839e-12 5.102470e-09 clkbuf_leaf_16_core_clk
 1.965137e-09 2.948826e-09 6.865839e-12 4.920829e-09 clkbuf_leaf_23_core_clk
 1.967610e-09 2.878450e-09 6.865839e-12 4.852926e-09 clkbuf_leaf_18_core_clk
 1.967452e-09 2.873635e-09 6.865839e-12 4.847952e-09 clkbuf_leaf_21_core_clk
 1.962877e-09 2.868212e-09 6.865839e-12 4.837955e-09 clkbuf_leaf_24_core_clk
 1.966767e-09 2.849479e-09 6.865839e-12 4.823112e-09 clkbuf_leaf_20_core_clk
 1.963023e-09 2.715505e-09 6.865839e-12 4.685393e-09 clkbuf_leaf_17_core_clk
 1.953220e-09 2.656173e-09 6.865839e-12 4.616259e-09 clkbuf_leaf_4_core_clk
 1.955482e-09 2.602287e-09 6.865839e-12 4.564636e-09 clkbuf_leaf_0_core_clk
 1.957230e-09 2.509474e-09 6.865839e-12 4.473570e-09 clkbuf_leaf_19_core_clk
 1.948260e-09 2.478669e-09 6.865839e-12 4.433794e-09 clkbuf_leaf_6_core_clk
 1.951742e-09 2.468609e-09 6.865839e-12 4.427216e-09 clkbuf_leaf_26_core_clk
 1.950786e-09 2.433874e-09 6.865839e-12 4.391526e-09 clkbuf_leaf_22_core_clk
 1.953440e-09 2.374592e-09 6.865839e-12 4.334897e-09 clkbuf_leaf_15_core_clk
 1.951825e-09 2.317106e-09 6.865839e-12 4.275797e-09 clkbuf_leaf_14_core_clk
 1.947140e-09 2.303225e-09 6.865839e-12 4.257230e-09 clkbuf_leaf_27_core_clk
 1.942046e-09 2.256706e-09 6.865839e-12 4.205618e-09 clkbuf_leaf_1_core_clk
 1.941209e-09 2.221437e-09 6.865839e-12 4.169512e-09 clkbuf_leaf_2_core_clk
 1.942446e-09 2.133899e-09 6.865839e-12 4.083210e-09 clkbuf_leaf_28_core_clk
 1.936693e-09 2.059487e-09 6.865839e-12 4.003045e-09 clkbuf_leaf_5_core_clk
 1.944152e-09 1.886049e-09 6.865839e-12 3.837066e-09 clkbuf_leaf_9_core_clk
 1.931817e-09 1.881136e-09 6.865839e-12 3.819819e-09 clkbuf_leaf_7_core_clk
 1.942889e-09 1.842007e-09 6.865839e-12 3.791762e-09 clkbuf_leaf_10_core_clk
 1.924968e-09 1.640850e-09 6.865839e-12 3.572683e-09 clkbuf_leaf_3_core_clk
 1.933956e-09 1.526269e-09 6.865839e-12 3.467091e-09 clkbuf_leaf_12_core_clk
 3.846366e-10 2.966425e-09 1.047906e-11 3.361540e-09 fanout233
 1.917492e-09 1.338362e-09 6.865839e-12 3.262720e-09 clkbuf_leaf_11_core_clk
 1.901793e-09 1.169669e-09 6.865839e-12 3.078328e-09 clkbuf_leaf_13_core_clk
 3.721734e-10 2.696547e-09 6.865751e-12 3.075586e-09 fanout674
 1.229397e-09 1.721437e-09 6.865787e-12 2.957700e-09 clkbuf_leaf_94_w_clk
 3.798028e-10 2.380325e-09 1.416704e-11 2.774295e-09 fanout162
 1.271381e-09 1.481704e-09 6.865790e-12 2.759951e-09 clkbuf_leaf_82_v_clk
 1.270940e-09 1.460862e-09 6.865790e-12 2.738668e-09 clkbuf_leaf_79_v_clk
 1.223156e-09 1.494124e-09 6.865787e-12 2.724146e-09 clkbuf_leaf_99_w_clk
 3.956926e-10 2.320329e-09 7.513917e-12 2.723536e-09 fanout1081
 1.222485e-09 1.467015e-09 6.865787e-12 2.696366e-09 clkbuf_leaf_97_w_clk
 2.945527e-10 2.364026e-09 1.416711e-11 2.672745e-09 fanout593
 1.219112e-09 1.439627e-09 6.865787e-12 2.665605e-09 clkbuf_leaf_52_w_clk
 1.262462e-09 1.390823e-09 6.865790e-12 2.660151e-09 clkbuf_leaf_58_v_clk
 1.267914e-09 1.350890e-09 6.865790e-12 2.625669e-09 clkbuf_leaf_81_v_clk
 1.221226e-09 1.393630e-09 6.865787e-12 2.621723e-09 clkbuf_leaf_96_w_clk
 1.259393e-09 1.342643e-09 6.865790e-12 2.608902e-09 clkbuf_leaf_149_v_clk
 1.260925e-09 1.332350e-09 6.865790e-12 2.600141e-09 clkbuf_leaf_57_v_clk
 1.259164e-09 1.334071e-09 6.865790e-12 2.600101e-09 clkbuf_leaf_143_v_clk
 1.264954e-09 1.322409e-09 6.865790e-12 2.594229e-09 clkbuf_leaf_40_v_clk
 1.220215e-09 1.365719e-09 6.865787e-12 2.592800e-09 clkbuf_leaf_101_w_clk
 1.260468e-09 1.320685e-09 6.865790e-12 2.588020e-09 clkbuf_leaf_139_v_clk
 1.259807e-09 1.320498e-09 6.865790e-12 2.587171e-09 clkbuf_leaf_155_v_clk
 1.260064e-09 1.309695e-09 6.865790e-12 2.576626e-09 clkbuf_leaf_54_v_clk
 1.260055e-09 1.308646e-09 6.865790e-12 2.575567e-09 clkbuf_leaf_53_v_clk
 1.258333e-09 1.301639e-09 6.865790e-12 2.566838e-09 clkbuf_leaf_145_v_clk
 1.263800e-09 1.271384e-09 6.865790e-12 2.542050e-09 clkbuf_leaf_168_v_clk
 2.939833e-10 2.230758e-09 1.416712e-11 2.538908e-09 fanout528
 3.818728e-10 2.147468e-09 7.514048e-12 2.536855e-09 hold2
 3.919515e-10 2.135958e-09 7.513917e-12 2.535423e-09 fanout1116
 1.260334e-09 1.249931e-09 6.865790e-12 2.517131e-09 clkbuf_leaf_12_v_clk
 1.215358e-09 1.286148e-09 6.865787e-12 2.508372e-09 clkbuf_leaf_55_w_clk
 1.264795e-09 1.232128e-09 6.865790e-12 2.503789e-09 clkbuf_leaf_86_v_clk
 1.260000e-09 1.236358e-09 6.865790e-12 2.503223e-09 clkbuf_leaf_13_v_clk
 1.265074e-09 1.231122e-09 6.865790e-12 2.503061e-09 clkbuf_leaf_18_v_clk
 1.215121e-09 1.277110e-09 6.865787e-12 2.499096e-09 clkbuf_leaf_56_w_clk
 1.264883e-09 1.225194e-09 6.865790e-12 2.496943e-09 clkbuf_leaf_15_v_clk
 1.264994e-09 1.224549e-09 6.865790e-12 2.496410e-09 clkbuf_leaf_21_v_clk
 1.264586e-09 1.221118e-09 6.865790e-12 2.492569e-09 clkbuf_leaf_78_v_clk
 1.258341e-09 1.223276e-09 6.865790e-12 2.488484e-09 clkbuf_leaf_109_v_clk
 2.975794e-10 2.173703e-09 1.416711e-11 2.485450e-09 fanout419
 1.217391e-09 1.258859e-09 6.865787e-12 2.483116e-09 clkbuf_leaf_100_w_clk
 1.258379e-09 1.216641e-09 6.865790e-12 2.481886e-09 clkbuf_leaf_102_v_clk
 1.258286e-09 1.213752e-09 6.865790e-12 2.478904e-09 clkbuf_leaf_107_v_clk
 1.214652e-09 1.256039e-09 6.865787e-12 2.477557e-09 clkbuf_leaf_51_w_clk
 1.256199e-09 1.211843e-09 6.865790e-12 2.474909e-09 clkbuf_leaf_144_v_clk
 1.220639e-09 1.241812e-09 6.865787e-12 2.469317e-09 clkbuf_leaf_123_w_clk
 1.259232e-09 1.202870e-09 6.865790e-12 2.468968e-09 clkbuf_leaf_8_v_clk
 1.259232e-09 1.201954e-09 6.865790e-12 2.468052e-09 clkbuf_leaf_7_v_clk
 1.264188e-09 1.195863e-09 6.865790e-12 2.466917e-09 clkbuf_leaf_23_v_clk
 1.217361e-09 1.240759e-09 6.865787e-12 2.464985e-09 clkbuf_leaf_93_w_clk
 1.260509e-09 1.189218e-09 6.865790e-12 2.456593e-09 clkbuf_leaf_100_v_clk
 1.221053e-09 1.228632e-09 6.865787e-12 2.456551e-09 clkbuf_leaf_71_w_clk
 1.258889e-09 1.189701e-09 6.865790e-12 2.455456e-09 clkbuf_leaf_175_v_clk
 1.221062e-09 1.221408e-09 6.865787e-12 2.449336e-09 clkbuf_leaf_76_w_clk
 1.221023e-09 1.219563e-09 6.865787e-12 2.447452e-09 clkbuf_leaf_77_w_clk
 1.255434e-09 1.180909e-09 6.865790e-12 2.443209e-09 clkbuf_leaf_148_v_clk
 1.256043e-09 1.174794e-09 6.865790e-12 2.437704e-09 clkbuf_leaf_153_v_clk
 1.213717e-09 1.214295e-09 6.865787e-12 2.434878e-09 clkbuf_leaf_57_w_clk
 1.258308e-09 1.164984e-09 6.865790e-12 2.430159e-09 clkbuf_leaf_10_v_clk
 1.219232e-09 1.189893e-09 6.865787e-12 2.415992e-09 clkbuf_leaf_116_w_clk
 1.259918e-09 1.148960e-09 6.865790e-12 2.415744e-09 clkbuf_leaf_47_v_clk
 1.220023e-09 1.188588e-09 6.865787e-12 2.415477e-09 clkbuf_leaf_72_w_clk
 1.215858e-09 1.190469e-09 6.865787e-12 2.413192e-09 clkbuf_leaf_104_w_clk
 1.219921e-09 1.180021e-09 6.865787e-12 2.406808e-09 clkbuf_leaf_83_w_clk
 1.256638e-09 1.142613e-09 6.865790e-12 2.406117e-09 clkbuf_leaf_59_v_clk
 1.214498e-09 1.183962e-09 6.865787e-12 2.405326e-09 clkbuf_leaf_142_w_clk
 1.218961e-09 1.176850e-09 6.865787e-12 2.402677e-09 clkbuf_leaf_119_w_clk
 3.731025e-10 2.021491e-09 6.865751e-12 2.401459e-09 fanout656
 1.262179e-09 1.132006e-09 6.865790e-12 2.401051e-09 clkbuf_leaf_77_v_clk
 1.260209e-09 1.132294e-09 6.865790e-12 2.399369e-09 clkbuf_leaf_37_v_clk
 1.256840e-09 1.133818e-09 6.865790e-12 2.397523e-09 clkbuf_leaf_134_v_clk
 1.218530e-09 1.161063e-09 6.865787e-12 2.386459e-09 clkbuf_leaf_118_w_clk
 1.253967e-09 1.116564e-09 6.865790e-12 2.377397e-09 clkbuf_leaf_150_v_clk
 1.261723e-09 1.101817e-09 6.865790e-12 2.370406e-09 clkbuf_leaf_20_v_clk
 1.261249e-09 1.100854e-09 6.865790e-12 2.368969e-09 clkbuf_leaf_45_v_clk
 1.259321e-09 1.101191e-09 6.865790e-12 2.367378e-09 clkbuf_leaf_121_v_clk
 1.214615e-09 1.144267e-09 6.865787e-12 2.365747e-09 clkbuf_leaf_36_w_clk
 1.255426e-09 1.099483e-09 6.865790e-12 2.361774e-09 clkbuf_leaf_99_v_clk
 1.260061e-09 1.094415e-09 6.865790e-12 2.361342e-09 clkbuf_leaf_117_v_clk
 3.711133e-10 1.982528e-09 6.865751e-12 2.360508e-09 fanout639
 1.253841e-09 1.098061e-09 6.865790e-12 2.358767e-09 clkbuf_leaf_152_v_clk
 1.261073e-09 1.079277e-09 6.865790e-12 2.347215e-09 clkbuf_leaf_24_v_clk
 1.260750e-09 1.078608e-09 6.865790e-12 2.346224e-09 clkbuf_leaf_76_v_clk
 1.254073e-09 1.085180e-09 6.865790e-12 2.346119e-09 clkbuf_leaf_163_v_clk
 1.261856e-09 1.073873e-09 6.865790e-12 2.342594e-09 clkbuf_leaf_1_v_clk
 1.257997e-09 1.071394e-09 6.865790e-12 2.336257e-09 clkbuf_leaf_44_v_clk
 1.213112e-09 1.115584e-09 6.865787e-12 2.335562e-09 clkbuf_leaf_159_w_clk
 1.255075e-09 1.073607e-09 6.865790e-12 2.335548e-09 clkbuf_leaf_132_v_clk
 1.214062e-09 1.113935e-09 6.865787e-12 2.334863e-09 clkbuf_leaf_37_w_clk
 1.260224e-09 1.067592e-09 6.865790e-12 2.334682e-09 clkbuf_leaf_51_v_clk
 1.257281e-09 1.070163e-09 6.865790e-12 2.334310e-09 clkbuf_leaf_91_v_clk
 1.257211e-09 1.070138e-09 6.865790e-12 2.334215e-09 clkbuf_leaf_87_v_clk
 1.213100e-09 1.113843e-09 6.865787e-12 2.333808e-09 clkbuf_leaf_162_w_clk
 1.217220e-09 1.108917e-09 6.865787e-12 2.333002e-09 clkbuf_leaf_120_w_clk
 1.254441e-09 1.061234e-09 6.865790e-12 2.322540e-09 clkbuf_leaf_97_v_clk
 1.254442e-09 1.056636e-09 6.865790e-12 2.317944e-09 clkbuf_leaf_105_v_clk
 1.213091e-09 1.097312e-09 6.865787e-12 2.317269e-09 clkbuf_leaf_10_w_clk
 1.253316e-09 1.056808e-09 6.865790e-12 2.316990e-09 clkbuf_leaf_154_v_clk
 1.260474e-09 1.041427e-09 6.865790e-12 2.308767e-09 clkbuf_leaf_80_v_clk
 1.258724e-09 1.042445e-09 6.865790e-12 2.308035e-09 clkbuf_leaf_133_v_clk
 1.257359e-09 1.040754e-09 6.865790e-12 2.304979e-09 clkbuf_leaf_41_v_clk
 1.254655e-09 1.037141e-09 6.865790e-12 2.298662e-09 clkbuf_leaf_64_v_clk
 1.260760e-09 1.030702e-09 6.865790e-12 2.298328e-09 clkbuf_leaf_167_v_clk
 1.254983e-09 1.033956e-09 6.865790e-12 2.295806e-09 clkbuf_leaf_11_v_clk
 1.260148e-09 1.027929e-09 6.865790e-12 2.294943e-09 clkbuf_leaf_63_v_clk
 1.256334e-09 1.025911e-09 6.865790e-12 2.289110e-09 clkbuf_leaf_98_v_clk
 1.257389e-09 1.022492e-09 6.865790e-12 2.286747e-09 clkbuf_leaf_160_v_clk
 1.211605e-09 1.061745e-09 6.865787e-12 2.280216e-09 clkbuf_leaf_157_w_clk
 1.256124e-09 1.016720e-09 6.865790e-12 2.279710e-09 clkbuf_leaf_92_v_clk
 1.256860e-09 1.011838e-09 6.865790e-12 2.275564e-09 clkbuf_leaf_125_v_clk
 1.253234e-09 1.013401e-09 6.865790e-12 2.273501e-09 clkbuf_leaf_110_v_clk
 1.257005e-09 1.009621e-09 6.865790e-12 2.273492e-09 clkbuf_leaf_166_v_clk
 1.257770e-09 1.004354e-09 6.865790e-12 2.268990e-09 clkbuf_leaf_129_v_clk
 1.251924e-09 1.009540e-09 6.865790e-12 2.268330e-09 clkbuf_leaf_156_v_clk
 1.253362e-09 1.007995e-09 6.865790e-12 2.268223e-09 clkbuf_leaf_135_v_clk
 1.258834e-09 1.000033e-09 6.865790e-12 2.265732e-09 clkbuf_leaf_29_v_clk
 1.258593e-09 9.948521e-10 6.865790e-12 2.260310e-09 clkbuf_leaf_75_v_clk
 1.255412e-09 9.932056e-10 6.865790e-12 2.255483e-09 clkbuf_leaf_90_v_clk
 1.254068e-09 9.935638e-10 6.865790e-12 2.254497e-09 clkbuf_leaf_6_v_clk
 1.253256e-09 9.936211e-10 6.865790e-12 2.253743e-09 clkbuf_leaf_61_v_clk
 1.252226e-09 9.914217e-10 6.865790e-12 2.250513e-09 clkbuf_leaf_146_v_clk
 1.258592e-09 9.847599e-10 6.865790e-12 2.250218e-09 clkbuf_leaf_71_v_clk
 1.210873e-09 1.032070e-09 6.865787e-12 2.249808e-09 clkbuf_leaf_143_w_clk
 1.258073e-09 9.848682e-10 6.865790e-12 2.249807e-09 clkbuf_leaf_16_v_clk
 1.254779e-09 9.838018e-10 6.865790e-12 2.245446e-09 clkbuf_leaf_93_v_clk
 1.255509e-09 9.815476e-10 6.865790e-12 2.243923e-09 clkbuf_leaf_113_v_clk
 1.255344e-09 9.779133e-10 6.865790e-12 2.240123e-09 clkbuf_leaf_123_v_clk
 1.252894e-09 9.797854e-10 6.865790e-12 2.239545e-09 clkbuf_leaf_14_v_clk
 1.214502e-09 1.014768e-09 6.865787e-12 2.236137e-09 clkbuf_leaf_115_w_clk
 1.251958e-09 9.771565e-10 6.865790e-12 2.235981e-09 clkbuf_leaf_62_v_clk
 1.256849e-09 9.711151e-10 6.865790e-12 2.234830e-09 clkbuf_leaf_43_v_clk
 1.209105e-09 1.018180e-09 6.865787e-12 2.234152e-09 clkbuf_leaf_50_w_clk
 1.214695e-09 1.012349e-09 6.865787e-12 2.233910e-09 clkbuf_leaf_121_w_clk
 1.214586e-09 1.011537e-09 6.865787e-12 2.232989e-09 clkbuf_leaf_125_w_clk
 1.210827e-09 1.014387e-09 6.865787e-12 2.232080e-09 clkbuf_leaf_164_w_clk
 1.253700e-09 9.710126e-10 6.865790e-12 2.231578e-09 clkbuf_leaf_95_v_clk
 1.251876e-09 9.721748e-10 6.865790e-12 2.230917e-09 clkbuf_leaf_66_v_clk
 1.250136e-09 9.717286e-10 6.865790e-12 2.228731e-09 clkbuf_leaf_164_v_clk
 1.214923e-09 1.004198e-09 6.865787e-12 2.225987e-09 clkbuf_leaf_85_w_clk
 1.256262e-09 9.626516e-10 6.865790e-12 2.225779e-09 clkbuf_leaf_22_v_clk
 1.256578e-09 9.615801e-10 6.865790e-12 2.225023e-09 clkbuf_leaf_68_v_clk
 1.256880e-09 9.601158e-10 6.865790e-12 2.223862e-09 clkbuf_leaf_174_v_clk
 1.215301e-09 9.984338e-10 6.865787e-12 2.220601e-09 clkbuf_leaf_79_w_clk
 1.250142e-09 9.617143e-10 6.865790e-12 2.218722e-09 clkbuf_leaf_138_v_clk
 1.249015e-09 9.616121e-10 6.865790e-12 2.217493e-09 clkbuf_leaf_157_v_clk
 1.211524e-09 9.984561e-10 6.865787e-12 2.216846e-09 clkbuf_leaf_31_w_clk
 1.253349e-09 9.556784e-10 6.865790e-12 2.215893e-09 clkbuf_leaf_111_v_clk
 1.214672e-09 9.940108e-10 6.865787e-12 2.215549e-09 clkbuf_leaf_86_w_clk
 1.251060e-09 9.571107e-10 6.865790e-12 2.215036e-09 clkbuf_leaf_4_v_clk
 1.255511e-09 9.506038e-10 6.865790e-12 2.212981e-09 clkbuf_leaf_42_v_clk
 1.253853e-09 9.504293e-10 6.865790e-12 2.211148e-09 clkbuf_leaf_130_v_clk
 1.210180e-09 9.937574e-10 6.865787e-12 2.210804e-09 clkbuf_leaf_161_w_clk
 1.213552e-09 9.848167e-10 6.865787e-12 2.205235e-09 clkbuf_leaf_114_w_clk
 1.249217e-09 9.475496e-10 6.865790e-12 2.203632e-09 clkbuf_leaf_101_v_clk
 1.254519e-09 9.418883e-10 6.865790e-12 2.203273e-09 clkbuf_leaf_35_v_clk
 1.211042e-09 9.827269e-10 6.865787e-12 2.200635e-09 clkbuf_leaf_33_w_clk
 1.250975e-09 9.408229e-10 6.865790e-12 2.198664e-09 clkbuf_leaf_85_v_clk
 1.250988e-09 9.405303e-10 6.865790e-12 2.198384e-09 clkbuf_leaf_84_v_clk
 1.253604e-09 9.352258e-10 6.865790e-12 2.195696e-09 clkbuf_leaf_88_v_clk
 1.248610e-09 9.396771e-10 6.865790e-12 2.195153e-09 clkbuf_leaf_103_v_clk
 1.251702e-09 9.365516e-10 6.865790e-12 2.195119e-09 clkbuf_leaf_124_v_clk
 1.250737e-09 9.365159e-10 6.865790e-12 2.194119e-09 clkbuf_leaf_89_v_clk
 1.209777e-09 9.764171e-10 6.865787e-12 2.193060e-09 clkbuf_leaf_13_w_clk
 1.209398e-09 9.763707e-10 6.865787e-12 2.192635e-09 clkbuf_leaf_136_w_clk
 1.253735e-09 9.311761e-10 6.865790e-12 2.191777e-09 clkbuf_leaf_31_v_clk
 1.254165e-09 9.281249e-10 6.865790e-12 2.189156e-09 clkbuf_leaf_2_v_clk
 1.247841e-09 9.340495e-10 6.865790e-12 2.188757e-09 clkbuf_leaf_108_v_clk
 1.248604e-09 9.331967e-10 6.865790e-12 2.188667e-09 clkbuf_leaf_65_v_clk
 1.246453e-09 9.348163e-10 6.865790e-12 2.188135e-09 clkbuf_leaf_151_v_clk
 1.213937e-09 9.643635e-10 6.865787e-12 2.185166e-09 clkbuf_leaf_88_w_clk
 1.252518e-09 9.255739e-10 6.865790e-12 2.184957e-09 clkbuf_leaf_49_v_clk
 1.248563e-09 9.266507e-10 6.865790e-12 2.182080e-09 clkbuf_leaf_176_v_clk
 1.208836e-09 9.555048e-10 6.865787e-12 2.171207e-09 clkbuf_leaf_139_w_clk
 1.213079e-09 9.507977e-10 6.865787e-12 2.170743e-09 clkbuf_leaf_90_w_clk
 1.208973e-09 9.537408e-10 6.865787e-12 2.169579e-09 clkbuf_leaf_133_w_clk
 1.249801e-09 9.111849e-10 6.865790e-12 2.167851e-09 clkbuf_leaf_161_v_clk
 1.213087e-09 9.466887e-10 6.865787e-12 2.166642e-09 clkbuf_leaf_73_w_clk
 1.249605e-09 9.092422e-10 6.865790e-12 2.165713e-09 clkbuf_leaf_165_v_clk
 1.245795e-09 9.122067e-10 6.865790e-12 2.164868e-09 clkbuf_leaf_52_v_clk
 3.816092e-10 1.767211e-09 1.416703e-11 2.162987e-09 fanout281
 1.249423e-09 9.066887e-10 6.865790e-12 2.162978e-09 clkbuf_leaf_170_v_clk
 1.246094e-09 9.090644e-10 6.865790e-12 2.162025e-09 clkbuf_leaf_104_v_clk
 1.246849e-09 9.060181e-10 6.865790e-12 2.159733e-09 clkbuf_leaf_9_v_clk
 1.211788e-09 9.408903e-10 6.865787e-12 2.159544e-09 clkbuf_leaf_117_w_clk
 1.248879e-09 9.017304e-10 6.865790e-12 2.157475e-09 clkbuf_leaf_112_v_clk
 1.207991e-09 9.415895e-10 6.865787e-12 2.156446e-09 clkbuf_leaf_160_w_clk
 1.250971e-09 8.960735e-10 6.865790e-12 2.153910e-09 clkbuf_leaf_69_v_clk
 1.250829e-09 8.942135e-10 6.865790e-12 2.151909e-09 clkbuf_leaf_72_v_clk
 1.248284e-09 8.954566e-10 6.865790e-12 2.150607e-09 clkbuf_leaf_114_v_clk
 1.207589e-09 9.353233e-10 6.865787e-12 2.149778e-09 clkbuf_leaf_131_w_clk
 1.250272e-09 8.876687e-10 6.865790e-12 2.144806e-09 clkbuf_leaf_74_v_clk
 1.248359e-09 8.852769e-10 6.865790e-12 2.140502e-09 clkbuf_leaf_131_v_clk
 1.250197e-09 8.820784e-10 6.865790e-12 2.139141e-09 clkbuf_leaf_0_v_clk
 1.247676e-09 8.845316e-10 6.865790e-12 2.139073e-09 clkbuf_leaf_38_v_clk
 1.206244e-09 9.245697e-10 6.865787e-12 2.137679e-09 clkbuf_leaf_156_w_clk
 1.247257e-09 8.812202e-10 6.865790e-12 2.135343e-09 clkbuf_leaf_159_v_clk
 1.248757e-09 8.767236e-10 6.865790e-12 2.132347e-09 clkbuf_leaf_27_v_clk
 1.248896e-09 8.762013e-10 6.865790e-12 2.131963e-09 clkbuf_leaf_19_v_clk
 1.248877e-09 8.760514e-10 6.865790e-12 2.131795e-09 clkbuf_leaf_25_v_clk
 1.243594e-09 8.803137e-10 6.865790e-12 2.130774e-09 clkbuf_leaf_56_v_clk
 1.243118e-09 8.794825e-10 6.865790e-12 2.129466e-09 clkbuf_leaf_55_v_clk
 1.208430e-09 9.048929e-10 6.865787e-12 2.120189e-09 clkbuf_leaf_113_w_clk
 1.242295e-09 8.709570e-10 6.865790e-12 2.120117e-09 clkbuf_leaf_141_v_clk
 1.242350e-09 8.699769e-10 6.865790e-12 2.119193e-09 clkbuf_leaf_140_v_clk
 1.208912e-09 9.011735e-10 6.865787e-12 2.116951e-09 clkbuf_leaf_87_w_clk
 1.204600e-09 9.047450e-10 6.865787e-12 2.116211e-09 clkbuf_leaf_141_w_clk
 1.204883e-09 9.029527e-10 6.865787e-12 2.114702e-09 clkbuf_leaf_168_w_clk
 1.206086e-09 8.988397e-10 6.865787e-12 2.111791e-09 clkbuf_leaf_167_w_clk
 1.247556e-09 8.559283e-10 6.865790e-12 2.110350e-09 clkbuf_leaf_70_v_clk
 1.205300e-09 8.981751e-10 6.865787e-12 2.110341e-09 clkbuf_leaf_38_w_clk
 1.245952e-09 8.561360e-10 6.865790e-12 2.108954e-09 clkbuf_leaf_128_v_clk
 1.246887e-09 8.551498e-10 6.865790e-12 2.108903e-09 clkbuf_leaf_26_v_clk
 1.244657e-09 8.531834e-10 6.865790e-12 2.104706e-09 clkbuf_leaf_39_v_clk
 1.246337e-09 8.480812e-10 6.865790e-12 2.101284e-09 clkbuf_leaf_28_v_clk
 1.241443e-09 8.511877e-10 6.865790e-12 2.099496e-09 clkbuf_leaf_136_v_clk
 1.240681e-09 8.496077e-10 6.865790e-12 2.097154e-09 clkbuf_leaf_147_v_clk
 1.240481e-09 8.493914e-10 6.865790e-12 2.096739e-09 clkbuf_leaf_137_v_clk
 1.204131e-09 8.847336e-10 6.865787e-12 2.095730e-09 clkbuf_leaf_34_w_clk
 1.245364e-09 8.325192e-10 6.865790e-12 2.084749e-09 clkbuf_leaf_33_v_clk
 1.243894e-09 8.320746e-10 6.865790e-12 2.082835e-09 clkbuf_leaf_120_v_clk
 1.244959e-09 8.302636e-10 6.865790e-12 2.082089e-09 clkbuf_leaf_17_v_clk
 1.202530e-09 8.683025e-10 6.865787e-12 2.077698e-09 clkbuf_leaf_35_w_clk
 2.915918e-10 1.770568e-09 1.416704e-11 2.076327e-09 fanout245
 1.242071e-09 8.271380e-10 6.865790e-12 2.076075e-09 clkbuf_leaf_50_v_clk
 1.242449e-09 8.239312e-10 6.865790e-12 2.073246e-09 clkbuf_leaf_158_v_clk
 1.239757e-09 8.206323e-10 6.865790e-12 2.067255e-09 clkbuf_leaf_5_v_clk
 1.238208e-09 8.201235e-10 6.865790e-12 2.065198e-09 clkbuf_leaf_142_v_clk
 1.243301e-09 8.101597e-10 6.865790e-12 2.060326e-09 clkbuf_leaf_34_v_clk
 1.243172e-09 8.088624e-10 6.865790e-12 2.058901e-09 clkbuf_leaf_30_v_clk
 1.199840e-09 8.481578e-10 6.865787e-12 2.054863e-09 clkbuf_leaf_19_w_clk
 1.243031e-09 8.027125e-10 6.865790e-12 2.052609e-09 clkbuf_leaf_73_v_clk
 1.201450e-09 8.431597e-10 6.865787e-12 2.051476e-09 clkbuf_leaf_4_w_clk
 1.200097e-09 8.444008e-10 6.865787e-12 2.051364e-09 clkbuf_leaf_128_w_clk
 1.199528e-09 8.381674e-10 6.865787e-12 2.044561e-09 clkbuf_leaf_135_w_clk
 1.240175e-09 7.972141e-10 6.865790e-12 2.044255e-09 clkbuf_leaf_122_v_clk
 1.239067e-09 7.853491e-10 6.865790e-12 2.031282e-09 clkbuf_leaf_115_v_clk
 1.239046e-09 7.843141e-10 6.865790e-12 2.030226e-09 clkbuf_leaf_119_v_clk
 1.241325e-09 7.784141e-10 6.865790e-12 2.026605e-09 clkbuf_leaf_177_v_clk
 1.197959e-09 8.180772e-10 6.865787e-12 2.022902e-09 clkbuf_leaf_163_w_clk
 1.201490e-09 8.127594e-10 6.865787e-12 2.021115e-09 clkbuf_leaf_89_w_clk
 1.239910e-09 7.740487e-10 6.865790e-12 2.020824e-09 clkbuf_leaf_46_v_clk
 1.201061e-09 8.078795e-10 6.865787e-12 2.015806e-09 clkbuf_leaf_92_w_clk
 1.198554e-09 8.071778e-10 6.865787e-12 2.012598e-09 clkbuf_leaf_173_w_clk
 1.196699e-09 8.062088e-10 6.865787e-12 2.009774e-09 clkbuf_leaf_158_w_clk
 1.237517e-09 7.646928e-10 6.865790e-12 2.009075e-09 clkbuf_leaf_171_v_clk
 3.728003e-10 1.628012e-09 6.865751e-12 2.007678e-09 fanout653
 1.239655e-09 7.587737e-10 6.865790e-12 2.005295e-09 clkbuf_leaf_3_v_clk
 1.196062e-09 7.982399e-10 6.865787e-12 2.001168e-09 clkbuf_leaf_138_w_clk
 1.237340e-09 7.540705e-10 6.865790e-12 1.998276e-09 clkbuf_leaf_118_v_clk
 1.233121e-09 7.518918e-10 6.865790e-12 1.991879e-09 clkbuf_leaf_96_v_clk
 1.232842e-09 7.496662e-10 6.865790e-12 1.989374e-09 clkbuf_leaf_116_v_clk
 1.195000e-09 7.835247e-10 6.865787e-12 1.985391e-09 clkbuf_leaf_169_w_clk
 1.905652e-10 1.785113e-09 7.514023e-12 1.983192e-09 max_cap211
 1.237901e-09 7.373553e-10 6.865790e-12 1.982122e-09 clkbuf_leaf_172_v_clk
 1.194052e-09 7.775569e-10 6.865787e-12 1.978475e-09 clkbuf_leaf_11_w_clk
 1.236271e-09 7.275530e-10 6.865790e-12 1.970690e-09 clkbuf_leaf_32_v_clk
 1.231680e-09 7.299277e-10 6.865790e-12 1.968474e-09 clkbuf_leaf_60_v_clk
 2.949141e-10 1.649299e-09 1.416696e-11 1.958380e-09 fanout117
 1.232496e-09 7.183550e-10 6.865790e-12 1.957717e-09 clkbuf_leaf_83_v_clk
 1.232437e-09 7.151067e-10 6.865790e-12 1.954410e-09 clkbuf_leaf_94_v_clk
 1.192285e-09 7.502342e-10 6.865787e-12 1.949385e-09 clkbuf_leaf_137_w_clk
 1.190774e-09 7.368673e-10 6.865787e-12 1.934507e-09 clkbuf_leaf_9_w_clk
 1.230971e-09 6.890171e-10 6.865790e-12 1.926854e-09 clkbuf_leaf_127_v_clk
 1.191763e-09 7.265958e-10 6.865787e-12 1.925224e-09 clkbuf_leaf_5_w_clk
 1.190960e-09 7.154074e-10 6.865787e-12 1.913233e-09 clkbuf_leaf_174_w_clk
 1.187704e-09 7.178229e-10 6.865787e-12 1.912393e-09 clkbuf_leaf_146_w_clk
 1.193097e-09 7.095028e-10 6.865787e-12 1.909466e-09 clkbuf_leaf_84_w_clk
 1.189358e-09 7.127073e-10 6.865787e-12 1.908931e-09 clkbuf_leaf_130_w_clk
 1.188872e-09 7.124463e-10 6.865787e-12 1.908184e-09 clkbuf_leaf_21_w_clk
 1.195314e-09 7.029131e-10 6.865787e-12 1.905093e-09 clkbuf_leaf_42_w_clk
 7.950364e-11 1.821010e-09 4.330302e-12 1.904844e-09 _16738_
 1.194027e-09 6.885059e-10 6.865787e-12 1.889399e-09 clkbuf_leaf_40_w_clk
 2.043422e-10 1.674161e-09 1.047895e-11 1.888983e-09 fanout268
 1.188633e-09 6.892200e-10 6.865787e-12 1.884719e-09 clkbuf_leaf_6_w_clk
 1.227633e-09 6.467911e-10 6.865790e-12 1.881290e-09 clkbuf_leaf_169_v_clk
 1.188440e-09 6.700230e-10 6.865787e-12 1.865329e-09 clkbuf_leaf_60_w_clk
 1.186795e-09 6.649876e-10 6.865787e-12 1.858648e-09 clkbuf_leaf_0_w_clk
 2.933689e-10 1.551411e-09 1.047906e-11 1.855259e-09 fanout1013
 1.188087e-09 6.535434e-10 6.865787e-12 1.848496e-09 clkbuf_leaf_82_w_clk
 1.187283e-09 6.448710e-10 6.865787e-12 1.839020e-09 clkbuf_leaf_65_w_clk
 1.189765e-09 6.402535e-10 6.865787e-12 1.836885e-09 clkbuf_leaf_45_w_clk
 1.186914e-09 6.403241e-10 6.865787e-12 1.834104e-09 clkbuf_leaf_68_w_clk
 1.181279e-09 6.376039e-10 6.865787e-12 1.825749e-09 clkbuf_leaf_108_w_clk
 1.181109e-09 6.349040e-10 6.865787e-12 1.822879e-09 clkbuf_leaf_149_w_clk
 1.182209e-09 6.309334e-10 6.865787e-12 1.820008e-09 clkbuf_leaf_18_w_clk
 1.183365e-09 6.253623e-10 6.865787e-12 1.815593e-09 clkbuf_leaf_3_w_clk
 1.185257e-09 6.206975e-10 6.865787e-12 1.812821e-09 clkbuf_leaf_66_w_clk
 2.037468e-10 1.598095e-09 1.047906e-11 1.812321e-09 fanout422
 1.183561e-09 6.121087e-10 6.865787e-12 1.802535e-09 clkbuf_leaf_61_w_clk
 1.221240e-09 5.717971e-10 6.865790e-12 1.799903e-09 clkbuf_leaf_126_v_clk
 1.984870e-10 1.595522e-09 4.325357e-12 1.798334e-09 fanout1076
 1.180803e-09 6.077641e-10 6.865787e-12 1.795433e-09 clkbuf_leaf_129_w_clk
 1.222138e-09 5.609931e-10 6.865790e-12 1.789997e-09 clkbuf_leaf_36_v_clk
 1.181071e-09 5.971438e-10 6.865787e-12 1.785081e-09 clkbuf_leaf_172_w_clk
 1.181944e-09 5.814686e-10 6.865787e-12 1.770279e-09 clkbuf_leaf_80_w_clk
 1.181690e-09 5.792876e-10 6.865787e-12 1.767844e-09 clkbuf_leaf_62_w_clk
 1.176932e-09 5.823671e-10 6.865787e-12 1.766165e-09 clkbuf_leaf_110_w_clk
 2.016758e-10 1.548501e-09 1.047895e-11 1.760656e-09 fanout446
 1.177631e-09 5.748934e-10 6.865787e-12 1.759391e-09 clkbuf_leaf_8_w_clk
 1.177628e-09 5.740822e-10 6.865787e-12 1.758576e-09 clkbuf_leaf_14_w_clk
 1.177592e-09 5.719892e-10 6.865787e-12 1.756447e-09 clkbuf_leaf_144_w_clk
 2.054129e-10 1.501784e-09 1.416693e-11 1.721363e-09 fanout190
 1.177400e-09 5.277599e-10 6.865787e-12 1.712025e-09 clkbuf_leaf_63_w_clk
 1.173423e-09 5.222681e-10 6.865787e-12 1.702557e-09 clkbuf_leaf_17_w_clk
 1.175829e-09 5.181815e-10 6.865787e-12 1.700876e-09 clkbuf_leaf_28_w_clk
 1.178911e-09 5.139665e-10 6.865787e-12 1.699743e-09 clkbuf_leaf_41_w_clk
 1.175500e-09 5.143181e-10 6.865787e-12 1.696684e-09 clkbuf_leaf_26_w_clk
 1.171422e-09 5.129405e-10 6.865787e-12 1.691228e-09 clkbuf_leaf_20_w_clk
 1.178008e-09 5.033140e-10 6.865787e-12 1.688187e-09 clkbuf_leaf_39_w_clk
 1.170985e-09 5.075703e-10 6.865787e-12 1.685421e-09 clkbuf_leaf_145_w_clk
 1.173177e-09 4.879890e-10 6.865787e-12 1.668032e-09 clkbuf_leaf_43_w_clk
 1.169923e-09 4.792752e-10 6.865787e-12 1.656064e-09 clkbuf_leaf_2_w_clk
 1.172577e-09 4.418544e-10 6.865787e-12 1.621297e-09 clkbuf_leaf_44_w_clk
 2.039482e-10 1.402750e-09 1.047917e-11 1.617177e-09 fanout418
 1.166501e-09 4.377299e-10 6.865787e-12 1.611097e-09 clkbuf_leaf_7_w_clk
 1.164368e-09 4.244492e-10 6.865787e-12 1.595683e-09 clkbuf_leaf_153_w_clk
 1.164341e-09 4.241272e-10 6.865787e-12 1.595334e-09 clkbuf_leaf_154_w_clk
 1.988077e-10 1.388898e-09 4.325355e-12 1.592031e-09 fanout1136
 2.046194e-10 1.376229e-09 1.047895e-11 1.591327e-09 fanout223
 1.871202e-10 1.393301e-09 4.876256e-12 1.585298e-09 fanout645
 1.994771e-10 1.332129e-09 4.325355e-12 1.535931e-09 fanout1080
 1.159846e-09 3.678422e-10 6.865787e-12 1.534554e-09 clkbuf_leaf_23_w_clk
 2.051530e-10 1.305668e-09 1.047898e-11 1.521300e-09 fanout301
 1.880442e-10 1.312918e-09 4.876256e-12 1.505839e-09 fanout627
 1.878976e-10 1.296824e-09 4.876256e-12 1.489597e-09 fanout628
 1.995368e-10 1.269007e-09 4.325355e-12 1.472869e-09 fanout1092
 1.993830e-10 1.265259e-09 4.325355e-12 1.468968e-09 fanout1133
 1.993355e-10 1.264804e-09 4.325355e-12 1.468465e-09 fanout1109
 2.028830e-10 1.211529e-09 1.047898e-11 1.424891e-09 fanout457
 1.877757e-10 1.226501e-09 4.876256e-12 1.419153e-09 fanout642
 1.880387e-10 1.225464e-09 4.876256e-12 1.418379e-09 fanout616
 2.029105e-10 1.184801e-09 1.047895e-11 1.398191e-09 fanout389
 2.019315e-10 1.183963e-09 1.047902e-11 1.396374e-09 fanout679
 2.019415e-10 1.179708e-09 1.416700e-11 1.395816e-09 fanout460
 1.997385e-10 1.191601e-09 4.325357e-12 1.395665e-09 fanout1078
 2.000932e-10 1.188118e-09 4.325355e-12 1.392537e-09 fanout1124
 2.044798e-10 1.175036e-09 1.047913e-11 1.389995e-09 fanout1558
 1.881660e-10 1.187890e-09 4.876256e-12 1.380932e-09 fanout618
 2.003678e-10 1.164504e-09 4.325355e-12 1.369198e-09 fanout1115
 2.003077e-10 1.157990e-09 4.325357e-12 1.362624e-09 fanout1085
 2.023681e-10 1.142924e-09 1.047898e-11 1.355771e-09 fanout456
 1.885244e-10 1.159488e-09 4.876256e-12 1.352888e-09 fanout631
 1.885334e-10 1.155403e-09 4.876256e-12 1.348813e-09 fanout606
 1.889303e-10 1.147064e-09 4.876256e-12 1.340870e-09 fanout646
 2.969344e-10 1.020966e-09 1.047910e-11 1.328379e-09 wire417
 1.896804e-10 1.128753e-09 7.514035e-12 1.325948e-09 fanout186
 2.026260e-10 1.100344e-09 1.416709e-11 1.317138e-09 fanout535
 1.886647e-10 1.116495e-09 4.876256e-12 1.310036e-09 fanout637
 1.890683e-10 1.114589e-09 4.876256e-12 1.308534e-09 fanout669
 1.886854e-10 1.110786e-09 4.876256e-12 1.304347e-09 fanout672
 2.011575e-10 1.064879e-09 4.325357e-12 1.270362e-09 fanout1068
 2.003700e-10 1.057074e-09 4.325355e-12 1.261770e-09 fanout1100
 1.572432e-10 1.084961e-09 1.047979e-11 1.252684e-09 fanout939
 2.014774e-10 1.040785e-09 4.325357e-12 1.246587e-09 fanout1106
 2.012783e-10 1.037529e-09 4.325357e-12 1.243133e-09 fanout1071
 2.002612e-10 1.035023e-09 4.325355e-12 1.239610e-09 fanout1130
 1.893294e-10 1.044783e-09 4.876258e-12 1.238989e-09 fanout668
 2.037655e-10 1.019019e-09 1.416697e-11 1.236952e-09 fanout432
 1.903330e-10 1.040215e-09 4.876256e-12 1.235424e-09 fanout652
 1.896160e-10 1.040860e-09 4.876258e-12 1.235352e-09 fanout607
 2.007525e-10 1.029313e-09 4.325357e-12 1.234391e-09 fanout1132
 2.007564e-10 1.027784e-09 4.325355e-12 1.232866e-09 fanout1067
 1.899664e-10 1.028110e-09 4.876256e-12 1.222952e-09 fanout657
 2.008959e-10 1.013429e-09 4.325357e-12 1.218651e-09 fanout1083
 2.013738e-10 9.987724e-10 1.416712e-11 1.214313e-09 fanout774
 1.889004e-10 1.015385e-09 4.876256e-12 1.209162e-09 fanout640
 1.891445e-10 1.005818e-09 4.876256e-12 1.199839e-09 fanout658
 2.028889e-10 9.847633e-10 1.047895e-11 1.198131e-09 fanout516
 2.010505e-10 9.906488e-10 4.325357e-12 1.196025e-09 fanout1088
 1.184331e-09 0.000000e+00 6.865790e-12 1.191196e-09 clkload197
 2.004468e-10 9.863714e-10 4.325355e-12 1.191144e-09 fanout1135
 1.182209e-09 0.000000e+00 6.865790e-12 1.189074e-09 clkload143
 1.181553e-09 0.000000e+00 6.865790e-12 1.188419e-09 clkload196
 1.181260e-09 0.000000e+00 6.865790e-12 1.188126e-09 clkload221
 1.181223e-09 0.000000e+00 6.865790e-12 1.188089e-09 clkload217
 1.180971e-09 0.000000e+00 6.865790e-12 1.187837e-09 clkload222
 1.180868e-09 0.000000e+00 6.865790e-12 1.187733e-09 clkload213
 1.180743e-09 0.000000e+00 6.865790e-12 1.187609e-09 clkload141
 1.180637e-09 0.000000e+00 6.865790e-12 1.187503e-09 clkload215
 1.180619e-09 0.000000e+00 6.865790e-12 1.187485e-09 clkload216
 1.180616e-09 0.000000e+00 6.865790e-12 1.187482e-09 clkload225
 1.180571e-09 0.000000e+00 6.865790e-12 1.187436e-09 clkload249
 1.180450e-09 0.000000e+00 6.865790e-12 1.187316e-09 clkload228
 1.180176e-09 0.000000e+00 6.865790e-12 1.187042e-09 clkload142
 1.891426e-10 9.928858e-10 4.876256e-12 1.186905e-09 fanout634
 1.180028e-09 0.000000e+00 6.865790e-12 1.186894e-09 clkload159
 1.179952e-09 0.000000e+00 6.865790e-12 1.186818e-09 clkload205
 1.179855e-09 0.000000e+00 6.865790e-12 1.186721e-09 clkload224
 1.179836e-09 0.000000e+00 6.865790e-12 1.186702e-09 clkload190
 1.179675e-09 0.000000e+00 6.865790e-12 1.186541e-09 clkload275
 1.179617e-09 0.000000e+00 6.865790e-12 1.186483e-09 clkload232
 1.179411e-09 0.000000e+00 6.865790e-12 1.186276e-09 clkload252
 1.179303e-09 0.000000e+00 6.865790e-12 1.186169e-09 clkload209
 1.179268e-09 0.000000e+00 6.865790e-12 1.186134e-09 clkload271
 1.179144e-09 0.000000e+00 6.865790e-12 1.186010e-09 clkload166
 1.179015e-09 0.000000e+00 6.865790e-12 1.185881e-09 clkload198
 1.178962e-09 0.000000e+00 6.865790e-12 1.185828e-09 clkload259
 1.892028e-10 9.916816e-10 4.876256e-12 1.185761e-09 fanout664
 1.178851e-09 0.000000e+00 6.865790e-12 1.185717e-09 clkload154
 1.178745e-09 0.000000e+00 6.865790e-12 1.185611e-09 clkload158
 1.178689e-09 0.000000e+00 6.865790e-12 1.185555e-09 clkload151
 1.178684e-09 0.000000e+00 6.865790e-12 1.185550e-09 clkload152
 1.178618e-09 0.000000e+00 6.865790e-12 1.185484e-09 clkload239
 1.178597e-09 0.000000e+00 6.865790e-12 1.185463e-09 clkload186
 1.178539e-09 0.000000e+00 6.865790e-12 1.185404e-09 clkload156
 2.027074e-10 9.766101e-10 4.325355e-12 1.183643e-09 fanout1103
 2.010359e-10 9.728032e-10 4.325357e-12 1.178164e-09 fanout1074
 1.169312e-09 0.000000e+00 6.865790e-12 1.176177e-09 clkload139
 1.895791e-10 9.813171e-10 4.876256e-12 1.175772e-09 fanout636
 2.022830e-10 9.480670e-10 4.325357e-12 1.154675e-09 fanout1127
 2.021568e-10 9.466972e-10 4.325357e-12 1.153179e-09 fanout1096
 1.144264e-09 0.000000e+00 6.865787e-12 1.151130e-09 clkload75
 1.143856e-09 0.000000e+00 6.865787e-12 1.150722e-09 clkload45
 1.143436e-09 0.000000e+00 6.865787e-12 1.150302e-09 clkload44
 1.143001e-09 0.000000e+00 6.865787e-12 1.149867e-09 clkload49
 1.142350e-09 0.000000e+00 6.865787e-12 1.149216e-09 clkload41
 1.142271e-09 0.000000e+00 6.865787e-12 1.149137e-09 clkload95
 1.142044e-09 0.000000e+00 6.865787e-12 1.148910e-09 clkload38
 1.141871e-09 0.000000e+00 6.865787e-12 1.148736e-09 clkload50
 1.141685e-09 0.000000e+00 6.865787e-12 1.148550e-09 clkload94
 1.141446e-09 0.000000e+00 6.865787e-12 1.148312e-09 clkload74
 1.141055e-09 0.000000e+00 6.865787e-12 1.147921e-09 clkload43
 1.140979e-09 0.000000e+00 6.865787e-12 1.147845e-09 clkload52
 1.139994e-09 0.000000e+00 6.865787e-12 1.146859e-09 clkload42
 1.139585e-09 0.000000e+00 6.865787e-12 1.146451e-09 clkload88
 1.138607e-09 0.000000e+00 6.865787e-12 1.145473e-09 clkload87
 1.138502e-09 0.000000e+00 6.865787e-12 1.145368e-09 clkload91
 2.026300e-10 9.379311e-10 4.325357e-12 1.144886e-09 fanout1134
 1.137654e-09 0.000000e+00 6.865787e-12 1.144520e-09 clkload114
 1.137614e-09 0.000000e+00 6.865787e-12 1.144480e-09 clkload110
 1.137604e-09 0.000000e+00 6.865787e-12 1.144470e-09 clkload104
 1.137469e-09 0.000000e+00 6.865787e-12 1.144335e-09 clkload112
 1.127986e-09 0.000000e+00 6.865787e-12 1.134852e-09 clkload35
 1.888962e-10 9.287106e-10 4.876256e-12 1.122483e-09 fanout643
 2.002394e-10 9.081140e-10 1.047917e-11 1.118833e-09 fanout587
 2.025170e-10 9.115262e-10 4.325355e-12 1.118369e-09 fanout1070
 1.898658e-10 9.215408e-10 4.876256e-12 1.116283e-09 fanout671
 1.892494e-10 9.186712e-10 4.876256e-12 1.112797e-09 fanout617
 1.894369e-10 9.146256e-10 4.876256e-12 1.108939e-09 fanout624
 2.053123e-10 8.853591e-10 1.416715e-11 1.104838e-09 fanout751
 1.117163e-10 9.800033e-10 1.047887e-11 1.102198e-09 fanout177
 1.894808e-10 9.051571e-10 4.876256e-12 1.099514e-09 fanout623
 2.007291e-10 8.916949e-10 4.325355e-12 1.096749e-09 fanout1097
 1.893530e-10 8.899704e-10 4.876256e-12 1.084200e-09 fanout614
 2.037209e-10 8.656404e-10 1.047913e-11 1.079841e-09 fanout1559
 1.896462e-10 8.808160e-10 4.876256e-12 1.075338e-09 fanout665
 1.118835e-10 9.417648e-10 1.047887e-11 1.064127e-09 fanout118
 1.450214e-10 8.974166e-10 6.865725e-12 1.049304e-09 max_cap529
 1.912866e-10 8.459115e-10 4.876258e-12 1.042074e-09 fanout670
 1.454704e-10 8.733442e-10 6.865738e-12 1.025680e-09 fanout158
 1.117847e-10 9.011333e-10 1.047887e-11 1.023397e-09 fanout173
 1.452706e-10 8.632740e-10 6.865758e-12 1.015410e-09 max_cap455
 2.065059e-10 7.916406e-10 1.047910e-11 1.008626e-09 fanout583
 9.991276e-11 8.614885e-10 6.865764e-12 9.682670e-10 max_cap247
 1.015271e-10 8.557632e-10 6.865732e-12 9.641560e-10 fanout291
 1.450173e-10 8.099331e-10 7.514037e-12 9.624644e-10 fanout382
 1.149850e-10 8.121430e-10 1.047887e-11 9.376069e-10 fanout271
 9.265012e-10 0.000000e+00 4.876181e-12 9.313774e-10 clkload23
 2.005742e-10 7.186596e-10 1.047894e-11 9.297128e-10 fanout1547
 1.457186e-10 7.756706e-10 6.865751e-12 9.282549e-10 max_cap406
 9.230536e-10 0.000000e+00 4.876181e-12 9.279298e-10 clkload18
 2.051682e-10 7.120399e-10 1.047895e-11 9.276870e-10 fanout1545
 9.200588e-10 0.000000e+00 4.876181e-12 9.249349e-10 clkload1
 1.127572e-10 7.864057e-10 1.047880e-11 9.096417e-10 fanout410
 8.869321e-11 8.163100e-10 4.325396e-12 9.093286e-10 hold1998
 1.578876e-10 7.371122e-10 1.048016e-11 9.054799e-10 fanout795
 1.000945e-10 7.829636e-10 7.514023e-12 8.905722e-10 max_cap421
 1.153690e-10 7.602595e-10 1.047887e-11 8.861074e-10 max_cap214
 1.010882e-10 7.769506e-10 6.865724e-12 8.849045e-10 max_cap302
 2.047068e-10 6.650396e-10 1.047895e-11 8.802253e-10 fanout1543
 1.122497e-10 7.567116e-10 1.047887e-11 8.794402e-10 fanout170
 1.131926e-10 7.620529e-10 3.659582e-12 8.789051e-10 fanout1099
 2.043272e-10 6.595304e-10 1.416715e-11 8.780248e-10 fanout1144
 1.024905e-10 7.650134e-10 7.514023e-12 8.750179e-10 fanout238
 1.128609e-10 7.454189e-10 1.416686e-11 8.724466e-10 fanout205
 1.121358e-10 7.276768e-10 1.047887e-11 8.502915e-10 fanout442
 1.001787e-10 7.395841e-10 7.514017e-12 8.472768e-10 max_cap213
 1.125945e-10 7.240301e-10 1.047887e-11 8.471034e-10 fanout221
 1.154364e-10 7.087916e-10 1.047887e-11 8.347069e-10 fanout771
 1.008250e-10 7.169125e-10 6.865725e-12 8.246033e-10 max_cap376
 1.131579e-10 6.901755e-10 3.659582e-12 8.069930e-10 fanout1114
 1.153973e-10 6.530355e-10 1.047887e-11 7.789117e-10 max_cap773
 1.127208e-10 6.543890e-10 1.047887e-11 7.775887e-10 fanout434
 1.131710e-10 6.594071e-10 3.659582e-12 7.762377e-10 fanout1123
 1.004769e-10 6.600943e-10 7.514042e-12 7.680853e-10 max_cap425
 1.065813e-10 6.562214e-10 4.647921e-12 7.674507e-10 fanout647
 1.138720e-10 6.497411e-10 3.659578e-12 7.672727e-10 fanout1095
 1.125252e-10 6.442226e-10 1.047887e-11 7.672267e-10 fanout438
 1.130143e-10 6.469447e-10 3.659582e-12 7.636186e-10 fanout1091
 1.132664e-10 6.362375e-10 1.047902e-11 7.599829e-10 fanout675
 1.130493e-10 6.392568e-10 3.659582e-12 7.559657e-10 fanout1086
 9.992446e-11 6.491612e-10 6.865725e-12 7.559514e-10 max_cap448
 1.124844e-10 6.272343e-10 1.047887e-11 7.501976e-10 fanout398
 1.006778e-10 6.418281e-10 6.865712e-12 7.493716e-10 max_cap188
 1.138064e-10 6.210872e-10 1.416726e-11 7.490609e-10 fanout443
 1.124742e-10 6.141983e-10 1.047891e-11 7.371514e-10 fanout329
 7.184248e-10 0.000000e+00 4.331101e-12 7.227559e-10 clkload9
 1.011013e-10 6.131547e-10 6.865764e-12 7.211218e-10 max_cap209
 7.162959e-10 0.000000e+00 4.331101e-12 7.206270e-10 clkload16
 7.150124e-10 0.000000e+00 4.331101e-12 7.193435e-10 clkload4
 1.005776e-10 6.101822e-10 7.514017e-12 7.182739e-10 max_cap229
 1.129621e-10 5.992948e-10 3.659582e-12 7.159165e-10 fanout1079
 1.005426e-10 6.072358e-10 6.865725e-12 7.146441e-10 max_cap472
 1.014957e-10 5.919132e-10 6.865725e-12 7.002747e-10 fanout250
 1.121866e-10 5.772647e-10 1.047891e-11 6.999302e-10 fanout505
 1.155017e-10 5.700583e-10 1.416731e-11 6.997273e-10 fanout871
 1.129720e-10 5.642851e-10 1.047887e-11 6.877360e-10 fanout440
 1.069352e-10 5.761202e-10 4.647925e-12 6.877033e-10 fanout610
 1.125790e-10 5.645050e-10 1.047887e-11 6.875629e-10 fanout594
 1.005559e-10 5.697835e-10 7.514028e-12 6.778535e-10 max_cap163
 1.123010e-10 5.501358e-10 1.416686e-11 6.766037e-10 fanout570
 1.125126e-10 5.515494e-10 1.047887e-11 6.745409e-10 fanout793
 1.139545e-10 5.382361e-10 1.416712e-11 6.663576e-10 wire746
 5.536976e-11 6.032823e-10 6.865712e-12 6.655178e-10 max_cap264
 1.073047e-10 5.503658e-10 4.647921e-12 6.623184e-10 fanout633
 1.011480e-10 5.512975e-10 7.514024e-12 6.599596e-10 max_cap212
 1.119079e-10 5.331559e-10 1.047887e-11 6.555427e-10 fanout483
 1.159960e-10 5.234059e-10 1.416704e-11 6.535689e-10 hold17
 1.138837e-10 5.191300e-10 1.047888e-11 6.434926e-10 fanout574
 1.007875e-10 5.309121e-10 6.865724e-12 6.385654e-10 fanout589
 1.136228e-10 5.172816e-10 3.659582e-12 6.345640e-10 fanout1104
 5.065817e-11 5.774434e-10 4.325242e-12 6.324268e-10 hold7
 1.128182e-10 5.019637e-10 1.047891e-11 6.252608e-10 fanout577
 5.800935e-11 5.527854e-10 7.514037e-12 6.183088e-10 hold16
 6.099293e-10 0.000000e+00 4.876222e-12 6.148055e-10 clkload195
 6.095853e-10 0.000000e+00 4.876222e-12 6.144615e-10 clkload194
 6.094146e-10 0.000000e+00 4.876222e-12 6.142908e-10 clkload193
 6.093916e-10 0.000000e+00 4.876222e-12 6.142679e-10 clkload248
 6.092549e-10 0.000000e+00 4.876222e-12 6.141311e-10 clkload251
 6.092475e-10 0.000000e+00 4.876222e-12 6.141238e-10 clkload175
 6.091375e-10 0.000000e+00 4.876222e-12 6.140137e-10 clkload181
 6.091169e-10 0.000000e+00 4.876222e-12 6.139931e-10 clkload177
 6.090961e-10 0.000000e+00 4.876222e-12 6.139723e-10 clkload241
 6.089589e-10 0.000000e+00 4.876222e-12 6.138351e-10 clkload146
 6.089357e-10 0.000000e+00 4.876222e-12 6.138119e-10 clkload226
 6.088944e-10 0.000000e+00 4.876222e-12 6.137706e-10 clkload214
 1.136533e-10 4.964130e-10 3.659578e-12 6.137259e-10 fanout1119
 6.088226e-10 0.000000e+00 4.876222e-12 6.136988e-10 clkload223
 6.088202e-10 0.000000e+00 4.876222e-12 6.136964e-10 clkload218
 6.088136e-10 0.000000e+00 4.876222e-12 6.136898e-10 clkload179
 6.087998e-10 0.000000e+00 4.876222e-12 6.136760e-10 clkload211
 6.087979e-10 0.000000e+00 4.876222e-12 6.136741e-10 clkload176
 6.087936e-10 0.000000e+00 4.876222e-12 6.136698e-10 clkload144
 6.087914e-10 0.000000e+00 4.876222e-12 6.136676e-10 clkload245
 6.087074e-10 0.000000e+00 4.876222e-12 6.135836e-10 clkload242
 6.085291e-10 0.000000e+00 4.876222e-12 6.134053e-10 clkload210
 6.084245e-10 0.000000e+00 4.876222e-12 6.133007e-10 clkload277
 6.083627e-10 0.000000e+00 4.876222e-12 6.132389e-10 clkload161
 6.083592e-10 0.000000e+00 4.876222e-12 6.132354e-10 clkload189
 6.083580e-10 0.000000e+00 4.876222e-12 6.132342e-10 clkload243
 6.083578e-10 0.000000e+00 4.876222e-12 6.132340e-10 clkload183
 6.081556e-10 0.000000e+00 4.876222e-12 6.130318e-10 clkload254
 6.081305e-10 0.000000e+00 4.876222e-12 6.130068e-10 clkload201
 6.080914e-10 0.000000e+00 4.876222e-12 6.129676e-10 clkload160
 1.120886e-10 4.890245e-10 1.047910e-11 6.115923e-10 fanout786
 1.009397e-10 5.012876e-10 7.514024e-12 6.097414e-10 fanout1164
 6.026774e-10 0.000000e+00 4.876222e-12 6.075536e-10 clkload137
 1.050795e-10 4.946464e-10 6.865732e-12 6.065917e-10 hold319
 1.017353e-10 4.947944e-10 6.865732e-12 6.033954e-10 max_cap473
 1.107668e-10 4.721435e-10 1.416727e-11 5.970776e-10 fanout1036
 5.893971e-10 0.000000e+00 4.876226e-12 5.942734e-10 clkload77
 5.891664e-10 0.000000e+00 4.876226e-12 5.940426e-10 clkload106
 5.891186e-10 0.000000e+00 4.876226e-12 5.939948e-10 clkload48
 5.891126e-10 0.000000e+00 4.876226e-12 5.939888e-10 clkload46
 5.890212e-10 0.000000e+00 4.876226e-12 5.938974e-10 clkload78
 5.890064e-10 0.000000e+00 4.876226e-12 5.938826e-10 clkload107
 5.889910e-10 0.000000e+00 4.876226e-12 5.938672e-10 clkload76
 5.889248e-10 0.000000e+00 4.876226e-12 5.938010e-10 clkload108
 5.888474e-10 0.000000e+00 4.876226e-12 5.937236e-10 clkload96
 5.887942e-10 0.000000e+00 4.876226e-12 5.936704e-10 clkload73
 5.885520e-10 0.000000e+00 4.876226e-12 5.934282e-10 clkload40
 5.883008e-10 0.000000e+00 4.876226e-12 5.931770e-10 clkload47
 5.880436e-10 0.000000e+00 4.876226e-12 5.929198e-10 clkload84
 5.879967e-10 0.000000e+00 4.876226e-12 5.928729e-10 clkload51
 5.874957e-10 0.000000e+00 4.876226e-12 5.923719e-10 clkload92
 5.874488e-10 0.000000e+00 4.876226e-12 5.923250e-10 clkload56
 5.871015e-10 0.000000e+00 4.876226e-12 5.919777e-10 clkload109
 5.869605e-10 0.000000e+00 4.876226e-12 5.918367e-10 clkload81
 5.820034e-10 0.000000e+00 4.876226e-12 5.868796e-10 clkload36
 8.172697e-11 4.901891e-10 7.513875e-12 5.794299e-10 hold22
 1.145108e-10 4.467360e-10 1.047891e-11 5.717258e-10 max_cap1007
 1.150346e-10 4.421594e-10 1.416697e-11 5.713610e-10 fanout1140
 1.068694e-10 4.564404e-10 4.647921e-12 5.679578e-10 fanout641
 1.143452e-10 4.411903e-10 1.047917e-11 5.660147e-10 fanout1064
 1.162018e-10 4.372754e-10 1.047917e-11 5.639564e-10 hold15
 1.143439e-10 4.343596e-10 1.416678e-11 5.628703e-10 fanout530
 1.016442e-10 4.474741e-10 7.514024e-12 5.566324e-10 fanout1187
 1.015744e-10 4.421486e-10 7.514017e-12 5.512369e-10 fanout781
 1.113823e-10 4.273960e-10 1.047906e-11 5.492573e-10 fanout300
 1.015638e-10 4.383270e-10 7.514024e-12 5.474048e-10 fanout1169
 1.136972e-10 4.281515e-10 3.659582e-12 5.455083e-10 fanout1069
 1.025851e-10 4.341894e-10 6.865764e-12 5.436402e-10 fanout1507
 1.026877e-10 4.332373e-10 6.865764e-12 5.427908e-10 fanout1497
 1.009064e-10 4.295893e-10 7.514024e-12 5.380097e-10 fanout1161
 1.134841e-10 4.122601e-10 1.047887e-11 5.362231e-10 fanout1021
 1.020998e-10 4.269617e-10 6.865764e-12 5.359272e-10 fanout1529
 1.014425e-10 4.257624e-10 6.865764e-12 5.340707e-10 fanout1475
 6.264765e-11 4.643644e-10 4.325407e-12 5.313375e-10 hold1024
 1.014401e-10 4.218323e-10 6.865764e-12 5.301382e-10 fanout1476
 1.028724e-10 4.127866e-10 6.865764e-12 5.225249e-10 fanout1466
 1.017273e-10 4.126693e-10 6.865764e-12 5.212625e-10 fanout1494
 5.613548e-11 4.575402e-10 7.513990e-12 5.211897e-10 max_cap289
 1.021691e-10 4.076064e-10 6.865764e-12 5.166413e-10 fanout1515
 1.025650e-10 4.033399e-10 6.865764e-12 5.127707e-10 fanout1536
 1.027618e-10 4.028715e-10 6.865764e-12 5.124991e-10 fanout1514
 1.021468e-10 4.025179e-10 6.865732e-12 5.115305e-10 fanout1556
 1.479406e-10 3.557429e-10 7.514087e-12 5.111976e-10 wire78
 6.299600e-11 4.425559e-10 4.325385e-12 5.098773e-10 hold2052
 5.548435e-11 4.472129e-10 6.865712e-12 5.095630e-10 max_cap157
 1.027026e-10 3.998764e-10 6.865764e-12 5.094448e-10 fanout1516
 1.008427e-10 3.992441e-10 7.514024e-12 5.076008e-10 fanout1148
 1.014996e-10 3.977981e-10 7.514023e-12 5.068116e-10 fanout1174
 1.129154e-10 3.785130e-10 1.416693e-11 5.055953e-10 fanout481
 1.022049e-10 3.961818e-10 6.865764e-12 5.052525e-10 fanout1492
 1.015063e-10 3.960331e-10 7.514024e-12 5.050535e-10 fanout1179
 5.593293e-11 4.408228e-10 6.865712e-12 5.036215e-10 max_cap175
 1.028397e-10 3.925811e-10 6.865764e-12 5.022866e-10 fanout1491
 6.556104e-11 4.319659e-10 4.325374e-12 5.018523e-10 hold1670
 1.070434e-10 3.840514e-10 4.647921e-12 4.957428e-10 fanout666
 6.770670e-11 4.137448e-10 1.416645e-11 4.956180e-10 fanout601
 1.019668e-10 3.837202e-10 6.865764e-12 4.925527e-10 fanout1531
 8.127081e-11 4.030613e-10 7.513875e-12 4.918460e-10 hold44
 1.022290e-10 3.816341e-10 7.514024e-12 4.913771e-10 fanout1152
 2.257418e-11 4.664076e-10 1.895155e-12 4.908769e-10 _17188_
 5.606507e-11 4.262853e-10 6.865712e-12 4.892161e-10 fanout439
 5.456601e-11 4.298176e-10 3.659320e-12 4.880429e-10 wire73
 1.014530e-10 3.787589e-10 7.514024e-12 4.877259e-10 fanout1180
 7.867918e-11 4.015193e-10 7.513875e-12 4.877124e-10 fanout1464
 1.141925e-10 3.549624e-10 1.416734e-11 4.833222e-10 fanout468
 1.073266e-10 3.689807e-10 4.647921e-12 4.809552e-10 fanout609
 7.911469e-11 3.922194e-10 7.513875e-12 4.788480e-10 fanout1461
 1.133688e-10 3.549647e-10 3.659578e-12 4.719931e-10 fanout1113
 5.607119e-11 4.083302e-10 7.514050e-12 4.719155e-10 fanout711
 4.672518e-10 0.000000e+00 4.330717e-12 4.715825e-10 clkload136
 4.656213e-10 0.000000e+00 4.330717e-12 4.699520e-10 clkload140
 1.135263e-10 3.417911e-10 3.659578e-12 4.589770e-10 fanout1122
 5.624755e-11 3.931681e-10 6.865712e-12 4.562814e-10 fanout222
 7.921881e-11 3.578316e-10 7.513875e-12 4.445643e-10 fanout1463
 5.656825e-11 3.797162e-10 6.865719e-12 4.431502e-10 fanout328
 7.928304e-11 3.551698e-10 6.865914e-12 4.413187e-10 fanout1194
 5.829907e-11 3.727380e-10 6.865706e-12 4.379027e-10 hold39
 5.670658e-11 3.690431e-10 7.514050e-12 4.332638e-10 fanout697
 5.618758e-11 3.555966e-10 6.865738e-12 4.186499e-10 fanout734
 5.569349e-11 3.554811e-10 6.865712e-12 4.180403e-10 max_cap393
 5.122366e-11 3.611050e-10 4.325265e-12 4.166539e-10 fanout1182
 5.653440e-11 3.465789e-10 7.514049e-12 4.106274e-10 fanout696
 5.127044e-11 3.543062e-10 4.876245e-12 4.104529e-10 fanout1510
 5.116600e-11 3.460087e-10 4.325265e-12 4.014999e-10 fanout1159
 5.501360e-11 3.414707e-10 3.659319e-12 4.001436e-10 max_cap74
 5.132362e-11 3.417689e-10 4.876245e-12 3.979688e-10 fanout1512
 5.132394e-11 3.413958e-10 4.876245e-12 3.975960e-10 fanout1501
 5.131861e-11 3.408629e-10 4.325265e-12 3.965068e-10 fanout1149
 5.649361e-11 3.325286e-10 6.865706e-12 3.958879e-10 fanout882
 3.953536e-11 3.517658e-10 4.325369e-12 3.956265e-10 hold1581
 5.160925e-11 3.389453e-10 4.325265e-12 3.948798e-10 fanout1167
 5.147678e-11 3.362925e-10 4.325265e-12 3.920945e-10 fanout1175
 5.131315e-11 3.337545e-10 4.876245e-12 3.899439e-10 fanout1539
 5.130296e-11 3.342236e-10 4.325265e-12 3.898519e-10 fanout1154
 5.648485e-11 3.210610e-10 7.514049e-12 3.850598e-10 fanout693
 6.756209e-11 3.068409e-10 1.047969e-11 3.848826e-10 fanout602
 5.123990e-11 3.281477e-10 4.325265e-12 3.837128e-10 fanout1156
 5.583140e-11 3.191452e-10 6.865712e-12 3.818423e-10 max_cap453
 5.682326e-11 3.165537e-10 7.514068e-12 3.808910e-10 fanout322
 5.137542e-11 3.217070e-10 4.876245e-12 3.779587e-10 fanout1496
 5.137983e-11 3.205642e-10 4.876245e-12 3.768203e-10 fanout1503
 5.157517e-11 3.196961e-10 4.325265e-12 3.755966e-10 fanout1163
 5.142284e-11 3.174678e-10 4.876245e-12 3.737669e-10 fanout1534
 5.142516e-11 3.153367e-10 4.876245e-12 3.716381e-10 fanout1472
 5.645927e-11 3.038149e-10 6.865738e-12 3.671399e-10 fanout742
 5.191762e-11 3.096122e-10 4.325265e-12 3.658551e-10 fanout1147
 5.193425e-11 3.083241e-10 4.876245e-12 3.651346e-10 fanout1535
 5.147486e-11 3.022750e-10 4.876245e-12 3.586261e-10 fanout1499
 5.650477e-11 2.919913e-10 7.514068e-12 3.560102e-10 fanout320
 5.653645e-11 2.902162e-10 6.865712e-12 3.536184e-10 max_cap502
 5.151047e-11 2.958582e-10 4.876245e-12 3.522449e-10 fanout1532
 5.140706e-11 2.955410e-10 4.876245e-12 3.518243e-10 fanout1511
 5.580548e-11 2.863872e-10 6.865712e-12 3.490584e-10 max_cap220
 5.611700e-11 2.820180e-10 6.865738e-12 3.450008e-10 fanout724
 5.617299e-11 2.783964e-10 6.865718e-12 3.414351e-10 fanout568
 5.143115e-11 2.850928e-10 4.876245e-12 3.414002e-10 fanout1509
 5.649195e-11 2.769704e-10 7.514068e-12 3.409764e-10 fanout318
 5.157036e-11 2.844004e-10 4.325265e-12 3.402961e-10 fanout1188
 5.154129e-11 2.842430e-10 4.325265e-12 3.401096e-10 fanout1170
 5.154023e-11 2.771976e-10 4.876245e-12 3.336141e-10 fanout1493
 5.159094e-11 2.764433e-10 4.876245e-12 3.329104e-10 fanout1533
 5.154226e-11 2.726667e-10 4.325265e-12 3.285343e-10 fanout1153
 5.600567e-11 2.650252e-10 6.865706e-12 3.278965e-10 fanout901
 3.969410e-11 2.769937e-10 4.876118e-12 3.215640e-10 fanout1207
 5.158365e-11 2.649309e-10 4.876245e-12 3.213908e-10 fanout1478
 5.652191e-11 2.553476e-10 7.514049e-12 3.193835e-10 fanout703
 3.993213e-11 2.733248e-10 4.876118e-12 3.181330e-10 fanout1199
 5.158445e-11 2.577618e-10 4.876245e-12 3.142225e-10 fanout1525
 3.985400e-11 2.693660e-10 4.876118e-12 3.140962e-10 fanout1209
 5.168881e-11 2.534788e-10 4.876245e-12 3.100439e-10 fanout1508
 4.012380e-11 2.649254e-10 4.325407e-12 3.093746e-10 hold2243
 3.988794e-11 2.627238e-10 4.876118e-12 3.074879e-10 fanout1212
 3.993391e-11 2.612786e-10 4.876118e-12 3.060886e-10 fanout1204
 5.161835e-11 2.486480e-10 4.876245e-12 3.051426e-10 fanout1523
 3.987928e-11 2.592347e-10 4.876118e-12 3.039901e-10 fanout1211
 5.656981e-11 2.373876e-10 7.514089e-12 3.014715e-10 fanout1030
 5.174621e-11 2.315258e-10 4.325265e-12 2.875973e-10 fanout1177
 4.000288e-11 2.401002e-10 4.876118e-12 2.849792e-10 fanout1219
 5.633543e-11 2.207614e-10 6.865706e-12 2.839625e-10 fanout880
 5.191729e-11 2.266985e-10 4.876245e-12 2.834921e-10 fanout1467
 3.985166e-11 2.377291e-10 4.876118e-12 2.824569e-10 fanout1200
 3.444171e-11 2.376223e-10 7.513836e-12 2.795779e-10 fanout491
 2.738179e-10 0.000000e+00 9.557113e-14 2.739135e-10 clkload11
 4.006054e-11 2.266420e-10 4.876119e-12 2.715787e-10 fanout1197
 2.707670e-10 0.000000e+00 9.557113e-14 2.708626e-10 clkload20
 5.225605e-11 2.093187e-10 4.876299e-12 2.664511e-10 fanout133
 4.024074e-11 2.119479e-10 4.325391e-12 2.565141e-10 fanout1459
 5.003040e-11 2.026893e-10 3.659652e-12 2.563793e-10 fanout496
 2.512673e-10 0.000000e+00 1.895422e-12 2.531627e-10 clkload260
 2.466696e-10 0.000000e+00 1.895422e-12 2.485651e-10 clkload265
 2.461730e-10 0.000000e+00 1.895422e-12 2.480685e-10 clkload279
 4.015008e-11 2.012364e-10 4.325391e-12 2.457119e-10 fanout1453
 2.428101e-10 0.000000e+00 1.895400e-12 2.447055e-10 clkload115
 2.408954e-10 0.000000e+00 1.895400e-12 2.427908e-10 clkload64
 5.198981e-11 1.854904e-10 4.876245e-12 2.423564e-10 fanout1526
 2.843156e-11 2.087190e-10 4.325242e-12 2.414758e-10 fanout690
 2.383436e-10 0.000000e+00 1.895400e-12 2.402390e-10 clkload53
 2.378495e-10 0.000000e+00 1.895400e-12 2.397449e-10 clkload66
 2.377978e-10 0.000000e+00 1.895400e-12 2.396932e-10 clkload113
 2.377573e-10 0.000000e+00 1.895400e-12 2.396527e-10 clkload67
 1.318487e-11 2.185738e-10 6.341636e-12 2.381003e-10 _17451_
 2.352571e-10 0.000000e+00 1.895400e-12 2.371525e-10 clkload118
 4.027057e-11 1.911276e-10 4.876118e-12 2.362743e-10 fanout1193
 2.843486e-11 2.029822e-10 4.325242e-12 2.357423e-10 fanout692
 3.497163e-11 1.915852e-10 7.513856e-12 2.340707e-10 hold33
 9.981937e-11 1.181206e-10 6.865732e-12 2.248057e-10 hold56
 2.859682e-11 1.895255e-10 4.876267e-12 2.229986e-10 fanout737
 2.846077e-11 1.897509e-10 4.325242e-12 2.225370e-10 fanout688
 2.851000e-11 1.896076e-10 4.325242e-12 2.224428e-10 fanout689
 2.848223e-11 1.888058e-10 4.876267e-12 2.221643e-10 fanout720
 2.854646e-11 1.863985e-10 4.876267e-12 2.198212e-10 fanout741
 2.961047e-11 1.844364e-10 4.876283e-12 2.189232e-10 hold1407
 2.852799e-11 1.849335e-10 4.876267e-12 2.183378e-10 fanout722
 2.850487e-11 1.845532e-10 4.325226e-12 2.173833e-10 fanout314
 2.854168e-11 1.835707e-10 4.876284e-12 2.169886e-10 fanout540
 2.852072e-11 1.826511e-10 4.876284e-12 2.160481e-10 fanout546
 2.854777e-11 1.831070e-10 4.325226e-12 2.159800e-10 fanout323
 3.469545e-11 1.720469e-10 7.513895e-12 2.142562e-10 fanout963
 5.314403e-11 1.560595e-10 4.876278e-12 2.140798e-10 fanout499
 5.238644e-11 1.571407e-10 4.325216e-12 2.138524e-10 fanout89
 2.855373e-11 1.800570e-10 4.876284e-12 2.134870e-10 fanout562
 2.854671e-11 1.783638e-10 4.325226e-12 2.112357e-10 fanout311
 2.854733e-11 1.782040e-10 4.325214e-12 2.110765e-10 fanout826
 2.854441e-11 1.775126e-10 4.876295e-12 2.109333e-10 fanout884
 3.340573e-11 1.699900e-10 7.513836e-12 2.109095e-10 fanout255
 2.850661e-11 1.770675e-10 4.876267e-12 2.104504e-10 fanout730
 2.851647e-11 1.770167e-10 4.876284e-12 2.104094e-10 fanout564
 2.854527e-11 1.764203e-10 4.876267e-12 2.098418e-10 fanout731
 2.884540e-11 1.764704e-10 4.325220e-12 2.096410e-10 fanout923
 2.887050e-11 1.748761e-10 4.876283e-12 2.086229e-10 fanout331
 2.851906e-11 1.738626e-10 4.876267e-12 2.072579e-10 fanout726
 2.849177e-11 1.734406e-10 4.325242e-12 2.062576e-10 fanout705
 2.858742e-11 1.727107e-10 4.325214e-12 2.056234e-10 fanout864
 2.858395e-11 1.721352e-10 4.876284e-12 2.055954e-10 fanout552
 2.853085e-11 1.701383e-10 4.876267e-12 2.035454e-10 fanout716
 2.852893e-11 1.696354e-10 4.876267e-12 2.030406e-10 fanout727
 2.860275e-11 1.695611e-10 4.876267e-12 2.030401e-10 fanout728
 2.856134e-11 1.665412e-10 4.876284e-12 1.999789e-10 fanout566
 2.861783e-11 1.664658e-10 4.876284e-12 1.999599e-10 fanout560
 2.860264e-11 1.668060e-10 4.325226e-12 1.997339e-10 fanout326
 2.860227e-11 1.660773e-10 4.325214e-12 1.990048e-10 fanout852
 3.380857e-11 1.576255e-10 7.513895e-12 1.989480e-10 fanout955
 2.253576e-11 1.654037e-10 1.047880e-11 1.984183e-10 fanout185
 2.859419e-11 1.644511e-10 4.876295e-12 1.979216e-10 fanout887
 2.855518e-11 1.638161e-10 4.876267e-12 1.972475e-10 fanout717
 3.380605e-11 1.559575e-10 6.865894e-12 1.966294e-10 fanout991
 2.870982e-11 1.629302e-10 4.876267e-12 1.965162e-10 fanout735
 1.958294e-10 0.000000e+00 6.414054e-13 1.964708e-10 clkload22
 2.873201e-11 1.619235e-10 4.325214e-12 1.949808e-10 fanout833
 1.073856e-10 7.689991e-11 1.047917e-11 1.947646e-10 fanout1564
 2.861619e-11 1.617479e-10 4.325214e-12 1.946893e-10 fanout803
 3.662245e-11 1.542814e-10 3.659604e-12 1.945635e-10 fanout494
 2.861519e-11 1.606847e-10 4.325214e-12 1.936251e-10 fanout838
 2.862580e-11 1.603523e-10 4.325214e-12 1.933033e-10 fanout821
 2.865174e-11 1.601477e-10 4.325242e-12 1.931247e-10 fanout702
 2.851068e-11 1.595120e-10 4.876267e-12 1.928989e-10 fanout740
 2.874172e-11 1.598291e-10 4.325214e-12 1.928960e-10 fanout827
 1.922169e-10 0.000000e+00 6.414054e-13 1.928583e-10 clkload10
 2.864652e-11 1.593863e-10 4.325219e-12 1.923581e-10 fanout922
 1.916670e-10 0.000000e+00 6.414054e-13 1.923084e-10 clkload7
 1.916009e-10 0.000000e+00 6.414054e-13 1.922423e-10 clkload14
 2.874447e-11 1.589266e-10 4.325226e-12 1.919963e-10 fanout317
 1.910600e-10 0.000000e+00 6.414054e-13 1.917014e-10 clkload19
 2.859423e-11 1.582190e-10 4.876295e-12 1.916896e-10 fanout902
 1.908267e-10 0.000000e+00 6.414054e-13 1.914681e-10 clkload6
 2.869938e-11 1.574141e-10 4.876295e-12 1.909898e-10 fanout910
 1.908766e-10 0.000000e+00 9.556345e-14 1.909722e-10 clkload274
 1.907810e-10 0.000000e+00 9.556345e-14 1.908766e-10 clkload266
 2.863090e-11 1.576807e-10 4.325214e-12 1.906369e-10 fanout834
 2.866454e-11 1.574290e-10 4.325242e-12 1.904188e-10 fanout701
 3.670252e-11 1.497558e-10 3.659652e-12 1.901180e-10 fanout498
 1.898419e-10 0.000000e+00 9.556345e-14 1.899374e-10 clkload246
 1.898048e-10 0.000000e+00 9.556345e-14 1.899003e-10 clkload207
 2.904457e-11 1.559291e-10 4.876300e-12 1.898500e-10 fanout199
 2.848188e-11 1.561384e-10 4.325214e-12 1.889456e-10 fanout845
 3.680906e-11 1.482048e-10 3.659603e-12 1.886735e-10 fanout495
 2.866260e-11 1.550028e-10 4.325215e-12 1.879906e-10 fanout150
 2.872171e-11 1.540995e-10 4.876295e-12 1.876975e-10 fanout886
 5.542109e-11 1.284401e-10 3.659319e-12 1.875205e-10 max_cap77
 3.670855e-11 1.469544e-10 3.659632e-12 1.873226e-10 fanout497
 2.856955e-11 1.536686e-10 4.876295e-12 1.871144e-10 fanout890
 1.869150e-10 0.000000e+00 9.556345e-14 1.870106e-10 clkload199
 3.360855e-11 1.462800e-10 6.865894e-12 1.867544e-10 fanout965
 2.244200e-11 1.534023e-10 1.047880e-11 1.863232e-10 fanout521
 1.859857e-10 0.000000e+00 9.556345e-14 1.860812e-10 clkload253
 1.855324e-10 0.000000e+00 9.556345e-14 1.856280e-10 clkload264
 1.854128e-10 0.000000e+00 9.556345e-14 1.855084e-10 clkload267
 1.853248e-10 0.000000e+00 9.556345e-14 1.854204e-10 clkload165
 1.852729e-10 0.000000e+00 9.556293e-14 1.853685e-10 clkload123
 1.851275e-10 0.000000e+00 9.556345e-14 1.852231e-10 clkload238
 2.858745e-11 1.522521e-10 4.325215e-12 1.851648e-10 fanout860
 1.850442e-10 0.000000e+00 9.556345e-14 1.851398e-10 clkload148
 1.850129e-10 0.000000e+00 9.556345e-14 1.851085e-10 clkload171
 1.849141e-10 0.000000e+00 9.556345e-14 1.850096e-10 clkload173
 1.848246e-10 0.000000e+00 9.556345e-14 1.849202e-10 clkload278
 1.841577e-10 0.000000e+00 9.556345e-14 1.842532e-10 clkload263
 1.836818e-10 0.000000e+00 9.556345e-14 1.837774e-10 clkload172
 1.833747e-10 0.000000e+00 9.556345e-14 1.834702e-10 clkload280
 2.868277e-11 1.498665e-10 4.876295e-12 1.834256e-10 fanout895
 2.860745e-11 1.495001e-10 4.876267e-12 1.829838e-10 fanout719
 2.866748e-11 1.499178e-10 4.325214e-12 1.829105e-10 fanout854
 2.879080e-11 1.481132e-10 4.876295e-12 1.817803e-10 fanout877
 2.865607e-11 1.482107e-10 4.876295e-12 1.817431e-10 fanout883
 2.859163e-11 1.482345e-10 4.876295e-12 1.817024e-10 fanout893
 1.815990e-10 0.000000e+00 9.556293e-14 1.816946e-10 clkload129
 1.813336e-10 0.000000e+00 9.556293e-14 1.814292e-10 clkload57
 2.911456e-11 1.473037e-10 4.876295e-12 1.812945e-10 fanout872
 2.877897e-11 1.470613e-10 4.876295e-12 1.807165e-10 fanout874
 1.798862e-10 0.000000e+00 9.556293e-14 1.799818e-10 clkload70
 1.794771e-10 0.000000e+00 9.556293e-14 1.795727e-10 clkload69
 2.871629e-11 1.465081e-10 4.325215e-12 1.795496e-10 fanout824
 1.791705e-10 0.000000e+00 9.556293e-14 1.792661e-10 clkload102
 1.786312e-10 0.000000e+00 9.556293e-14 1.787267e-10 clkload55
 2.863148e-11 1.451113e-10 4.876267e-12 1.786190e-10 fanout715
 1.784504e-10 0.000000e+00 9.556293e-14 1.785460e-10 clkload58
 1.780080e-10 0.000000e+00 9.556293e-14 1.781035e-10 clkload103
 1.779813e-10 0.000000e+00 9.556293e-14 1.780768e-10 clkload68
 2.878611e-11 1.442069e-10 4.325214e-12 1.773182e-10 fanout813
 1.767903e-10 0.000000e+00 9.556293e-14 1.768859e-10 clkload99
 2.258231e-11 1.488052e-10 4.647674e-12 1.760352e-10 fanout1202
 2.247079e-11 1.427681e-10 1.047880e-11 1.757177e-10 fanout437
 2.879042e-11 1.424425e-10 4.325214e-12 1.755581e-10 fanout848
 2.871356e-11 1.423986e-10 4.325226e-12 1.754373e-10 fanout324
 2.862807e-11 1.423249e-10 4.325214e-12 1.752782e-10 fanout817
 1.751116e-10 0.000000e+00 9.556293e-14 1.752071e-10 clkload80
 2.870104e-11 1.413588e-10 4.325215e-12 1.743850e-10 fanout801
 2.871326e-11 1.413141e-10 4.325215e-12 1.743526e-10 fanout862
 2.894533e-11 1.406924e-10 4.325214e-12 1.739630e-10 fanout808
 2.874473e-11 1.405292e-10 4.325214e-12 1.735992e-10 fanout806
 2.870267e-11 1.404308e-10 4.325220e-12 1.734587e-10 fanout101
 1.726239e-10 0.000000e+00 9.556293e-14 1.727194e-10 clkload119
 2.881419e-11 1.376892e-10 4.876267e-12 1.713796e-10 fanout739
 2.895329e-11 1.373256e-10 4.876299e-12 1.711552e-10 fanout97
 2.872735e-11 1.376158e-10 4.325214e-12 1.706684e-10 fanout835
 2.887315e-11 1.367199e-10 4.325215e-12 1.699183e-10 fanout859
 2.876321e-11 1.365367e-10 4.325214e-12 1.696251e-10 fanout809
 2.877223e-11 1.343071e-10 4.325214e-12 1.674046e-10 fanout805
 7.633789e-11 8.185153e-11 7.513875e-12 1.657033e-10 fanout1457
 2.875004e-11 1.322331e-10 4.325215e-12 1.653084e-10 fanout865
 1.644474e-10 0.000000e+00 9.556345e-14 1.645429e-10 clkload131
 2.887947e-11 1.296367e-10 4.876295e-12 1.633924e-10 fanout909
 2.896029e-11 1.295346e-10 4.325215e-12 1.628201e-10 fanout847
 2.875488e-11 1.283834e-10 4.325214e-12 1.614635e-10 fanout855
 2.908928e-11 1.279937e-10 4.325215e-12 1.614082e-10 fanout818
 1.602590e-10 0.000000e+00 9.556293e-14 1.603546e-10 clkload34
 2.923998e-11 1.253146e-10 4.647901e-12 1.592025e-10 fanout1479
 2.909569e-11 1.251347e-10 4.325220e-12 1.585556e-10 fanout920
 1.580268e-10 0.000000e+00 9.556293e-14 1.581223e-10 clkload26
 2.931233e-11 1.246807e-10 3.659319e-12 1.576523e-10 max_cap70
 3.030211e-11 1.156074e-10 4.647961e-12 1.505574e-10 fanout492
 2.862649e-11 1.168788e-10 4.325214e-12 1.498305e-10 fanout841
 2.882064e-11 1.153503e-10 4.325210e-12 1.484962e-10 fanout132
 1.704027e-11 1.265817e-10 4.325347e-12 1.479473e-10 fanout1384
 2.882838e-11 1.109750e-10 4.876294e-12 1.446796e-10 fanout194
 2.904778e-11 1.112652e-10 4.325214e-12 1.446382e-10 fanout816
 2.883649e-11 1.086832e-10 4.325214e-12 1.418450e-10 fanout853
 2.891295e-11 1.085073e-10 4.325215e-12 1.417454e-10 fanout373
 2.916496e-11 1.078928e-10 4.647901e-12 1.417057e-10 fanout1502
 2.984297e-11 1.068503e-10 4.876288e-12 1.415696e-10 hold27
 1.709152e-11 1.183722e-10 4.876135e-12 1.403399e-10 fanout974
 3.007436e-11 1.046559e-10 4.876267e-12 1.396065e-10 hold222
 3.007094e-11 1.039055e-10 4.876245e-12 1.388527e-10 hold152
 1.737547e-11 1.169548e-10 4.325407e-12 1.386557e-10 hold32
 2.903081e-11 1.037901e-10 4.876294e-12 1.376972e-10 fanout192
 1.656867e-11 1.164385e-10 4.647990e-12 1.376552e-10 fanout125
 2.890452e-11 1.031406e-10 4.325215e-12 1.363703e-10 fanout857
 1.711147e-11 1.138737e-10 4.876135e-12 1.358613e-10 fanout987
 5.604692e-11 7.293144e-11 6.865706e-12 1.358441e-10 hold28
 1.708517e-11 1.132144e-10 4.876135e-12 1.351757e-10 fanout995
 1.722552e-11 1.125456e-10 4.876135e-12 1.346473e-10 fanout964
 1.710089e-11 1.124278e-10 4.876135e-12 1.344048e-10 fanout997
 1.707638e-11 1.122938e-10 4.876135e-12 1.342463e-10 fanout973
 2.904246e-11 1.006817e-10 4.325214e-12 1.340494e-10 fanout812
 5.096935e-11 7.773685e-11 4.876245e-12 1.335824e-10 fanout1520
 2.896010e-11 1.002121e-10 4.325214e-12 1.334974e-10 fanout843
 1.710612e-11 1.116382e-10 4.325407e-12 1.330697e-10 fanout1444
 1.712117e-11 1.111492e-10 4.325374e-12 1.325958e-10 fanout953
 1.661525e-11 1.113438e-10 3.659326e-12 1.316184e-10 fanout147
 1.308269e-10 0.000000e+00 6.409151e-13 1.314678e-10 clkload180
 2.257767e-11 9.836292e-11 1.047880e-11 1.314194e-10 fanout768
 1.298026e-10 0.000000e+00 6.409151e-13 1.304435e-10 clkload220
 1.296590e-10 0.000000e+00 6.409151e-13 1.302999e-10 clkload182
 1.296448e-10 0.000000e+00 6.409151e-13 1.302857e-10 clkload147
 1.294505e-10 0.000000e+00 6.409151e-13 1.300914e-10 clkload230
 1.294370e-10 0.000000e+00 6.409151e-13 1.300779e-10 clkload229
 1.293670e-10 0.000000e+00 6.409151e-13 1.300079e-10 clkload250
 1.293194e-10 0.000000e+00 6.409151e-13 1.299603e-10 clkload231
 1.708344e-11 1.084746e-10 4.325347e-12 1.298834e-10 fanout1383
 1.290824e-10 0.000000e+00 6.409151e-13 1.297233e-10 clkload185
 1.290444e-10 0.000000e+00 6.409151e-13 1.296853e-10 clkload174
 1.286185e-10 0.000000e+00 6.409151e-13 1.292594e-10 clkload212
 1.286176e-10 0.000000e+00 6.409151e-13 1.292585e-10 clkload219
 1.283781e-10 0.000000e+00 6.409151e-13 1.290190e-10 clkload247
 1.281313e-10 0.000000e+00 6.409151e-13 1.287722e-10 clkload178
 1.280687e-10 0.000000e+00 6.409151e-13 1.287096e-10 clkload153
 1.278122e-10 0.000000e+00 6.409151e-13 1.284531e-10 clkload269
 1.277671e-10 0.000000e+00 6.409151e-13 1.284080e-10 clkload268
 1.277396e-10 0.000000e+00 6.409151e-13 1.283805e-10 clkload244
 1.276801e-10 0.000000e+00 6.409151e-13 1.283210e-10 clkload240
 1.275798e-10 0.000000e+00 6.409151e-13 1.282207e-10 clkload262
 1.275630e-10 0.000000e+00 6.409151e-13 1.282039e-10 clkload157
 1.275589e-10 0.000000e+00 6.409151e-13 1.281998e-10 clkload273
 1.275539e-10 0.000000e+00 6.409151e-13 1.281949e-10 clkload227
 1.275178e-10 0.000000e+00 6.409151e-13 1.281587e-10 clkload150
 1.274752e-10 0.000000e+00 6.409151e-13 1.281162e-10 clkload272
 1.274402e-10 0.000000e+00 6.409151e-13 1.280811e-10 clkload155
 1.274395e-10 0.000000e+00 6.409151e-13 1.280804e-10 clkload202
 1.273502e-10 0.000000e+00 6.409151e-13 1.279911e-10 clkload236
 1.273453e-10 0.000000e+00 6.409151e-13 1.279862e-10 clkload203
 1.272802e-10 0.000000e+00 6.409151e-13 1.279211e-10 clkload188
 1.270574e-10 0.000000e+00 6.409151e-13 1.276984e-10 clkload167
 1.270363e-10 0.000000e+00 6.409151e-13 1.276772e-10 clkload163
 1.270332e-10 0.000000e+00 6.409151e-13 1.276741e-10 clkload191
 1.269550e-10 0.000000e+00 6.409151e-13 1.275959e-10 clkload284
 1.267446e-10 0.000000e+00 6.409151e-13 1.273855e-10 clkload135
 1.267164e-10 0.000000e+00 6.409151e-13 1.273574e-10 clkload162
 1.267081e-10 0.000000e+00 6.409151e-13 1.273491e-10 clkload255
 1.266717e-10 0.000000e+00 6.409151e-13 1.273126e-10 clkload169
 1.266459e-10 0.000000e+00 6.409151e-13 1.272868e-10 clkload258
 1.262773e-10 0.000000e+00 6.409151e-13 1.269182e-10 clkload283
 1.718762e-11 1.049727e-10 4.325374e-12 1.264857e-10 fanout950
 1.257825e-10 0.000000e+00 6.408824e-13 1.264234e-10 clkload37
 1.714243e-11 1.039469e-10 4.876135e-12 1.259654e-10 fanout984
 1.613632e-11 1.060314e-10 3.659347e-12 1.258271e-10 fanout312
 1.637285e-11 1.046522e-10 4.647980e-12 1.256730e-10 fanout929
 1.711453e-11 1.033329e-10 4.876135e-12 1.253236e-10 fanout966
 1.244184e-10 0.000000e+00 6.408824e-13 1.250593e-10 clkload127
 1.243797e-10 0.000000e+00 6.408824e-13 1.250206e-10 clkload90
 1.611635e-11 1.051609e-10 3.659326e-12 1.249366e-10 fanout861
 1.239534e-10 0.000000e+00 6.408824e-13 1.245943e-10 clkload39
 1.714497e-11 1.030966e-10 4.325347e-12 1.245670e-10 fanout1278
 1.234846e-10 0.000000e+00 6.408824e-13 1.241255e-10 clkload126
 2.905729e-11 9.068453e-11 4.325215e-12 1.240670e-10 fanout126
 1.615791e-11 1.031836e-10 4.647990e-12 1.239895e-10 fanout875
 1.231698e-10 0.000000e+00 6.408824e-13 1.238107e-10 clkload105
 1.231560e-10 0.000000e+00 6.408824e-13 1.237968e-10 clkload111
 1.231265e-10 0.000000e+00 6.408824e-13 1.237674e-10 clkload128
 1.612932e-11 1.029248e-10 4.647990e-12 1.237021e-10 fanout908
 1.230368e-10 0.000000e+00 6.408824e-13 1.236777e-10 clkload125
 1.230129e-10 0.000000e+00 6.408824e-13 1.236538e-10 clkload59
 1.230125e-10 0.000000e+00 6.408824e-13 1.236534e-10 clkload124
 1.227456e-10 0.000000e+00 6.408824e-13 1.233865e-10 clkload65
 1.227040e-10 0.000000e+00 6.408824e-13 1.233449e-10 clkload71
 1.226981e-10 0.000000e+00 6.408824e-13 1.233390e-10 clkload60
 1.712260e-11 1.013182e-10 4.876135e-12 1.233170e-10 fanout972
 1.225640e-10 0.000000e+00 6.408824e-13 1.232049e-10 clkload98
 2.963790e-11 8.981327e-11 3.659338e-12 1.231105e-10 max_cap84
 1.222736e-10 0.000000e+00 6.408824e-13 1.229145e-10 clkload82
 1.622111e-11 1.021952e-10 3.659338e-12 1.220756e-10 fanout100
 1.715679e-11 9.869694e-11 4.876135e-12 1.207299e-10 fanout992
 1.716314e-11 9.847654e-11 4.325374e-12 1.199651e-10 fanout943
 1.713690e-11 9.786336e-11 4.876135e-12 1.198764e-10 fanout967
 1.614695e-11 9.983814e-11 3.659326e-12 1.196444e-10 fanout823
 1.610153e-11 9.898386e-11 3.659325e-12 1.187447e-10 fanout146
 1.715263e-11 9.543530e-11 4.325347e-12 1.169133e-10 fanout1419
 1.629221e-11 9.535762e-11 4.647980e-12 1.162978e-10 fanout116
 1.615122e-11 9.498181e-11 3.659336e-12 1.147924e-10 fanout108
 1.623342e-11 9.379473e-11 4.647941e-12 1.146761e-10 fanout714
 1.614533e-11 9.473278e-11 3.659326e-12 1.145374e-10 fanout825
 2.335445e-11 8.634943e-11 3.659632e-12 1.133635e-10 fanout919
 1.620160e-11 9.024072e-11 3.659326e-12 1.101017e-10 fanout832
 1.720260e-11 8.835016e-11 4.325347e-12 1.098781e-10 fanout1433
 1.715332e-11 8.781452e-11 4.325425e-12 1.092933e-10 fanout254
 1.721761e-11 8.671966e-11 4.325347e-12 1.082626e-10 fanout1317
 1.617753e-11 8.675347e-11 3.659376e-12 1.065904e-10 fanout700
 1.725804e-11 8.246790e-11 4.876135e-12 1.046021e-10 fanout969
 1.621218e-11 7.351126e-11 3.659336e-12 9.338277e-11 fanout103
 1.121708e-11 7.506846e-11 6.865699e-12 9.315124e-11 max_cap405
 1.622736e-11 7.285368e-11 3.659326e-12 9.274037e-11 fanout839
 1.663741e-11 7.113986e-11 4.647980e-12 9.242525e-11 fanout918
 1.621371e-11 7.107769e-11 3.659326e-12 9.095072e-11 fanout800
 1.620737e-11 6.947605e-11 3.659325e-12 8.934274e-11 fanout141
 1.617595e-11 6.928438e-11 3.659325e-12 8.911965e-11 fanout138
 1.617672e-11 6.872508e-11 3.659325e-12 8.856113e-11 fanout136
 1.621705e-11 6.760204e-11 3.659325e-12 8.747841e-11 fanout135
 1.623035e-11 6.713489e-11 3.659327e-12 8.702458e-11 fanout128
 1.627137e-11 6.608552e-11 3.659326e-12 8.601621e-11 fanout820
 1.620608e-11 6.571796e-11 3.659325e-12 8.558336e-11 fanout142
 3.280303e-11 4.510490e-11 7.513856e-12 8.542178e-11 fanout1451
 1.621595e-11 6.484349e-11 3.659326e-12 8.471876e-11 fanout836
 8.403279e-11 0.000000e+00 4.440785e-14 8.407720e-11 clkload30
 1.620396e-11 6.295742e-11 3.659325e-12 8.282071e-11 fanout139
 1.626252e-11 6.112191e-11 4.647990e-12 8.203242e-11 fanout878
 9.732700e-12 6.802523e-11 3.659563e-12 8.141750e-11 fanout1392
 1.646756e-11 6.002546e-11 3.659325e-12 8.015234e-11 fanout144
 1.625089e-11 5.999029e-11 3.659326e-12 7.990050e-11 fanout814
 1.630187e-11 5.978453e-11 3.659318e-12 7.974572e-11 max_cap76
 1.730389e-11 5.776957e-11 4.325347e-12 7.939880e-11 fanout1395
 1.657329e-11 5.813582e-11 4.647980e-12 7.935708e-11 fanout925
 1.627364e-11 5.880423e-11 3.659318e-12 7.873718e-11 max_cap86
 1.617943e-11 5.667228e-11 4.647990e-12 7.749970e-11 fanout873
 1.636581e-11 5.589560e-11 3.659326e-12 7.592073e-11 fanout127
 9.698012e-12 6.252054e-11 3.659563e-12 7.587812e-11 fanout1412
 9.669500e-12 6.205129e-11 3.659563e-12 7.538036e-11 fanout1370
 1.624893e-11 5.489389e-11 3.659326e-12 7.480215e-11 fanout829
 9.684476e-12 6.093188e-11 3.659563e-12 7.427592e-11 fanout1250
 9.705983e-12 6.036321e-11 3.659563e-12 7.372875e-11 fanout1418
 1.624877e-11 5.381098e-11 3.659326e-12 7.371907e-11 fanout850
 1.619683e-11 5.386135e-11 3.659325e-12 7.371750e-11 fanout145
 1.776820e-11 5.152129e-11 4.325407e-12 7.361490e-11 hold10
 9.700242e-12 5.958524e-11 3.659564e-12 7.294505e-11 fanout1255
 9.707552e-12 5.913448e-11 3.659563e-12 7.250160e-11 fanout1438
 1.117775e-11 5.419681e-11 6.865699e-12 7.224027e-11 max_cap605
 9.672026e-12 5.717711e-11 4.647704e-12 7.149684e-11 fanout996
 9.692415e-12 5.763805e-11 3.659563e-12 7.099003e-11 fanout1277
 1.117109e-11 5.286290e-11 6.865699e-12 7.089969e-11 max_cap459
 9.672242e-12 5.707353e-11 3.659563e-12 7.040534e-11 fanout1342
 9.696288e-12 5.684716e-11 3.659563e-12 7.020301e-11 fanout1285
 1.621081e-11 5.004297e-11 3.659338e-12 6.991312e-11 fanout105
 2.902319e-11 3.658393e-11 3.659426e-12 6.926655e-11 fanout777
 9.736182e-12 5.564199e-11 3.659563e-12 6.903774e-11 fanout1400
 9.699559e-12 5.530561e-11 3.659613e-12 6.866479e-11 fanout958
 9.703638e-12 5.518423e-11 3.659613e-12 6.854748e-11 fanout944
 9.704205e-12 5.434196e-11 3.659563e-12 6.770574e-11 fanout1262
 9.701268e-12 5.351572e-11 3.659564e-12 6.687655e-11 fanout1276
 9.688754e-12 5.295794e-11 3.659563e-12 6.630627e-11 fanout1417
 2.572215e-11 3.719929e-11 1.181000e-12 6.410245e-11 max_cap355
 9.694721e-12 5.070839e-11 3.659563e-12 6.406268e-11 fanout1404
 9.861464e-12 5.277086e-11 1.181000e-12 6.381332e-11 fanout137
 9.706292e-12 4.995483e-11 3.659613e-12 6.332074e-11 fanout952
 9.789038e-12 4.888983e-11 3.659563e-12 6.233843e-11 fanout1405
 9.818324e-12 4.870449e-11 3.659564e-12 6.218238e-11 fanout1271
 9.723443e-12 4.812106e-11 3.659563e-12 6.150407e-11 fanout1305
 9.769270e-12 4.703206e-11 3.659563e-12 6.046089e-11 fanout1306
 9.824123e-12 4.689770e-11 3.659564e-12 6.038139e-11 fanout1413
 9.716429e-12 4.695899e-11 3.659563e-12 6.033499e-11 fanout1356
 9.710190e-12 4.648307e-11 3.659563e-12 5.985283e-11 fanout1376
 9.717528e-12 4.633904e-11 3.659563e-12 5.971613e-11 fanout1366
 9.722599e-12 4.575532e-11 3.659564e-12 5.913749e-11 fanout1269
 9.837179e-12 4.532156e-11 3.659564e-12 5.881830e-11 fanout1302
 9.819670e-12 4.522776e-11 3.659564e-12 5.870699e-11 fanout1273
 9.732997e-12 4.456897e-11 3.659563e-12 5.796153e-11 fanout1313
 9.717222e-12 4.455704e-11 3.659564e-12 5.793382e-11 fanout1372
 9.789673e-12 4.443790e-11 3.659564e-12 5.788714e-11 fanout1358
 9.777677e-12 4.400589e-11 3.659563e-12 5.744313e-11 fanout1421
 9.788869e-12 4.361850e-11 3.659564e-12 5.706694e-11 fanout1355
 1.633843e-11 3.701352e-11 3.659318e-12 5.701127e-11 max_cap72
 9.747986e-12 4.359043e-11 3.659564e-12 5.699798e-11 fanout1253
 9.779641e-12 4.332256e-11 3.659563e-12 5.676177e-11 fanout1427
 9.720478e-12 4.326325e-11 3.659563e-12 5.664329e-11 fanout1437
 9.831287e-12 4.304970e-11 3.659564e-12 5.654055e-11 fanout1256
 9.702621e-12 4.287300e-11 3.659564e-12 5.623519e-11 fanout1411
 9.811371e-12 4.245822e-11 3.659564e-12 5.592916e-11 fanout1251
 9.769122e-12 4.249314e-11 3.659564e-12 5.592183e-11 fanout1246
 9.730793e-12 4.246494e-11 3.659564e-12 5.585529e-11 fanout1260
 9.754616e-12 4.240176e-11 3.659563e-12 5.581593e-11 fanout1389
 9.846172e-12 4.227325e-11 3.659563e-12 5.577899e-11 fanout1279
 9.785140e-12 4.191078e-11 3.659564e-12 5.535548e-11 fanout1263
 9.862684e-12 4.171194e-11 3.659563e-12 5.523418e-11 fanout1320
 9.786321e-12 4.172570e-11 3.659563e-12 5.517158e-11 fanout1308
 9.757840e-12 4.156224e-11 3.659563e-12 5.497964e-11 fanout1291
 9.708964e-12 4.136122e-11 3.659564e-12 5.472975e-11 fanout1369
 9.786768e-12 4.118186e-11 3.659564e-12 5.462819e-11 fanout1265
 9.769073e-12 4.110827e-11 3.659564e-12 5.453691e-11 fanout1349
 9.764337e-12 4.083427e-11 3.659564e-12 5.425817e-11 fanout1293
 9.856460e-12 4.068153e-11 3.659563e-12 5.419756e-11 fanout1325
 9.831073e-12 4.060636e-11 3.659564e-12 5.409699e-11 fanout1343
 9.769002e-12 4.064709e-11 3.659563e-12 5.407565e-11 fanout1393
 9.727216e-12 4.059699e-11 3.659563e-12 5.398377e-11 fanout1345
 9.851299e-12 4.044327e-11 3.659564e-12 5.395414e-11 fanout1348
 9.870149e-12 4.038119e-11 3.659563e-12 5.391090e-11 fanout1396
 9.785506e-12 4.044610e-11 3.659563e-12 5.389117e-11 fanout1432
 9.917230e-12 4.029992e-11 3.659563e-12 5.387671e-11 fanout1352
 9.813714e-12 4.035720e-11 3.659564e-12 5.383048e-11 fanout1252
 9.857947e-12 4.018043e-11 3.659563e-12 5.369794e-11 fanout1310
 9.813125e-12 3.998407e-11 3.659564e-12 5.345676e-11 fanout1364
 9.717590e-12 3.980881e-11 3.659563e-12 5.318596e-11 fanout1408
 9.759574e-12 3.969210e-11 3.659563e-12 5.311124e-11 fanout1416
 9.797012e-12 3.940151e-11 3.659564e-12 5.285809e-11 fanout1362
 9.735284e-12 3.836067e-11 4.647704e-12 5.274366e-11 fanout985
 9.773374e-12 3.929897e-11 3.659563e-12 5.273191e-11 fanout1429
 9.831904e-12 3.917329e-11 3.659564e-12 5.266475e-11 fanout1363
 9.743673e-12 3.890826e-11 3.659563e-12 5.231149e-11 fanout1394
 9.770759e-12 3.869492e-11 3.659564e-12 5.212525e-11 fanout1247
 9.758264e-12 3.848674e-11 3.659563e-12 5.190457e-11 fanout1414
 9.816871e-12 3.837083e-11 3.659564e-12 5.184727e-11 fanout1259
 9.754709e-12 3.826885e-11 3.659564e-12 5.168312e-11 fanout1272
 1.781965e-11 3.254172e-11 1.181000e-12 5.154236e-11 max_cap351
 9.820664e-12 3.773377e-11 3.659563e-12 5.121400e-11 fanout1289
 9.741498e-12 3.778225e-11 3.659563e-12 5.118330e-11 fanout1295
 2.795064e-11 1.810176e-11 4.876295e-12 5.092870e-11 fanout889
 9.812849e-12 3.743820e-11 3.659564e-12 5.091061e-11 fanout1333
 9.792809e-12 3.740084e-11 3.659564e-12 5.085321e-11 fanout1375
 9.731299e-12 3.741394e-11 3.659563e-12 5.080480e-11 fanout1303
 9.726674e-12 3.740133e-11 3.659563e-12 5.078756e-11 fanout1351
 5.703395e-12 4.018596e-11 4.876300e-12 5.076566e-11 fanout462
 9.789158e-12 3.719510e-11 3.659564e-12 5.064382e-11 fanout1360
 9.821754e-12 3.707583e-11 3.659564e-12 5.055714e-11 fanout1264
 9.733212e-12 3.690707e-11 3.659563e-12 5.029984e-11 fanout1341
 9.748848e-12 3.678056e-11 3.659563e-12 5.018897e-11 fanout1327
 9.805725e-12 3.652773e-11 3.659563e-12 4.999301e-11 fanout1420
 9.857330e-12 3.611101e-11 3.659563e-12 4.962790e-11 fanout1385
 9.845506e-12 3.604642e-11 3.659563e-12 4.955149e-11 fanout1340
 9.732153e-12 3.589386e-11 3.659563e-12 4.928557e-11 fanout1321
 9.726619e-12 3.567947e-11 3.659563e-12 4.906565e-11 fanout1316
 9.870564e-12 3.542188e-11 3.659563e-12 4.895201e-11 fanout1387
 9.739588e-12 3.480353e-11 3.659563e-12 4.820268e-11 fanout1397
 9.739331e-12 3.396704e-11 3.659563e-12 4.736593e-11 fanout1312
 9.775712e-12 3.378583e-11 3.659563e-12 4.722111e-11 fanout1428
 9.768651e-12 3.304088e-11 3.659563e-12 4.646910e-11 fanout1388
 5.933774e-12 3.525198e-11 4.876300e-12 4.606206e-11 fanout1237
 5.699023e-12 3.542847e-11 4.876300e-12 4.600379e-11 fanout1241
 9.731882e-12 3.184885e-11 3.659563e-12 4.524030e-11 fanout1331
 9.725478e-12 3.159316e-11 3.659563e-12 4.497820e-11 fanout1347
 9.849041e-12 3.084352e-11 3.659564e-12 4.435213e-11 fanout1379
 9.724760e-12 3.041873e-11 3.659564e-12 4.380305e-11 fanout1270
 5.940125e-12 3.259150e-11 4.876300e-12 4.340792e-11 fanout1240
 9.807562e-12 2.842740e-11 3.659564e-12 4.189452e-11 fanout1344
 9.724726e-12 2.839493e-11 3.659563e-12 4.177922e-11 fanout1353
 5.749646e-12 3.045446e-11 4.876300e-12 4.108041e-11 fanout1238
 5.966182e-12 2.760603e-11 4.876300e-12 3.844851e-11 fanout1232
 5.970911e-12 2.650983e-11 4.876300e-12 3.735704e-11 fanout1231
 5.737585e-12 2.522529e-11 4.876300e-12 3.583918e-11 fanout1244
 5.828016e-12 2.252859e-11 4.876300e-12 3.323291e-11 fanout1242
 3.322764e-12 2.107709e-11 4.648000e-12 2.904785e-11 fanout1245
 3.241718e-12 1.275698e-11 4.648000e-12 2.064670e-11 fanout1228
 3.251682e-12 1.269346e-11 4.648000e-12 2.059315e-11 fanout1239
 3.273806e-12 1.232965e-11 4.648000e-12 2.025145e-11 fanout1243
 3.256663e-12 1.254136e-11 3.659318e-12 1.945734e-11 max_cap75
 3.257865e-12 1.117991e-11 3.659318e-12 1.809709e-11 max_cap71
 5.922724e-12 7.768660e-12 1.181000e-12 1.487238e-11 max_cap88
 1.383706e-18 7.642772e-18 1.416666e-11 1.416667e-11 fanout1616
 1.358282e-18 8.119085e-18 1.416666e-11 1.416667e-11 fanout1615
 6.702008e-19 3.843546e-18 7.513969e-12 7.513974e-12 fanout1614
 6.762861e-19 2.719969e-18 6.865829e-12 6.865832e-12 fanout1665
 1.967836e-12 2.682772e-12 1.181000e-12 5.831608e-12 _31832_
 1.966190e-12 2.555875e-12 1.181000e-12 5.703066e-12 _31837_
 1.965956e-12 2.537848e-12 1.181000e-12 5.684804e-12 _31834_
 1.963333e-12 2.285204e-12 1.181000e-12 5.429537e-12 _31839_
 1.962781e-12 2.236948e-12 1.181000e-12 5.380728e-12 _31840_
 1.962233e-12 2.189121e-12 1.181000e-12 5.332353e-12 _31843_
 1.962023e-12 2.170827e-12 1.181000e-12 5.313850e-12 _31844_
 1.961606e-12 2.134339e-12 1.181000e-12 5.276945e-12 _31846_
 1.963860e-12 2.126670e-12 1.181000e-12 5.271530e-12 _31828_
 3.461646e-19 1.632744e-18 4.876190e-12 4.876192e-12 fanout1622
 3.445526e-19 1.895336e-18 4.876190e-12 4.876192e-12 fanout1627
 3.415110e-19 2.412361e-18 4.876190e-12 4.876192e-12 fanout1636
 3.411886e-19 2.068245e-18 4.876190e-12 4.876192e-12 fanout1666
 3.432504e-19 1.744651e-18 4.876190e-12 4.876192e-12 fanout1669
 3.439092e-19 1.819797e-18 4.876190e-12 4.876192e-12 fanout1676
 3.442607e-19 1.701076e-18 4.876190e-12 4.876192e-12 fanout1681
 3.482871e-19 1.698583e-18 4.876190e-12 4.876192e-12 fanout1617
 3.469672e-19 1.633439e-18 4.876190e-12 4.876192e-12 fanout1618
 3.454760e-19 1.961822e-18 4.876190e-12 4.876192e-12 fanout1619
 3.440817e-19 1.899699e-18 4.876190e-12 4.876192e-12 fanout1623
 3.439662e-19 1.925092e-18 4.876190e-12 4.876192e-12 fanout1624
 3.440158e-19 1.995483e-18 4.876190e-12 4.876192e-12 fanout1628
 3.445773e-19 1.864488e-18 4.876190e-12 4.876192e-12 fanout1629
 3.425695e-19 1.994183e-18 4.876190e-12 4.876192e-12 fanout1630
 3.425182e-19 1.971240e-18 4.876190e-12 4.876192e-12 fanout1631
 3.435201e-19 1.700408e-18 4.876190e-12 4.876192e-12 fanout1633
 3.426942e-19 1.922699e-18 4.876190e-12 4.876192e-12 fanout1634
 3.443021e-19 1.764619e-18 4.876190e-12 4.876192e-12 fanout1638
 3.428658e-19 1.918135e-18 4.876190e-12 4.876192e-12 fanout1642
 3.448761e-19 1.863553e-18 4.876190e-12 4.876192e-12 fanout1644
 3.448570e-19 1.865782e-18 4.876190e-12 4.876192e-12 fanout1645
 3.449180e-19 1.850092e-18 4.876190e-12 4.876192e-12 fanout1646
 3.452893e-19 1.763530e-18 4.876190e-12 4.876192e-12 fanout1648
 3.434797e-19 1.955984e-18 4.876190e-12 4.876192e-12 fanout1649
 3.439766e-19 1.696659e-18 4.876190e-12 4.876192e-12 fanout1651
 3.438975e-19 1.723909e-18 4.876190e-12 4.876192e-12 fanout1652
 3.467296e-19 1.898370e-18 4.876190e-12 4.876192e-12 fanout1654
 3.455924e-19 1.772685e-18 4.876190e-12 4.876192e-12 fanout1656
 3.453003e-19 1.842423e-18 4.876190e-12 4.876192e-12 fanout1657
 3.456988e-19 1.728591e-18 4.876190e-12 4.876192e-12 fanout1659
 3.466295e-19 1.901835e-18 4.876190e-12 4.876192e-12 fanout1660
 3.452821e-19 1.786464e-18 4.876190e-12 4.876192e-12 fanout1668
 3.471272e-19 1.790890e-18 4.876190e-12 4.876192e-12 fanout1672
 3.455358e-19 1.839596e-18 4.876190e-12 4.876192e-12 fanout1674
 3.459765e-19 1.742501e-18 4.876190e-12 4.876192e-12 fanout1675
 3.494170e-19 1.654934e-18 4.876190e-12 4.876192e-12 fanout1677
 3.446686e-19 1.697195e-18 4.876190e-12 4.876192e-12 fanout1678
 3.449673e-19 1.604618e-18 4.876190e-12 4.876191e-12 fanout1639
 3.450842e-19 1.579420e-18 4.876190e-12 4.876191e-12 fanout1661
 3.466896e-19 1.588734e-18 4.876190e-12 4.876191e-12 fanout1673
 1.958245e-12 1.712641e-12 1.181000e-12 4.851885e-12 _31829_
 1.957436e-12 1.653065e-12 1.181000e-12 4.791501e-12 _31835_
 1.955590e-12 1.609203e-12 1.181000e-12 4.745793e-12 _31845_
 2.786171e-19 1.286658e-18 4.647980e-12 4.647982e-12 input10
 1.935731e-19 1.058411e-18 4.647803e-12 4.647804e-12 fanout1670
 1.931662e-19 1.341726e-18 4.647802e-12 4.647804e-12 fanout1671
 1.939057e-19 1.109189e-18 4.647802e-12 4.647803e-12 fanout1625
 1.940051e-19 8.999281e-19 4.647802e-12 4.647803e-12 fanout1635
 1.947721e-19 7.191122e-19 4.647803e-12 4.647803e-12 fanout1680
 1.944848e-19 6.370513e-19 4.647802e-12 4.647803e-12 fanout1640
 1.945056e-19 7.913542e-19 4.647802e-12 4.647803e-12 fanout1662
 1.954548e-12 1.440214e-12 1.181000e-12 4.575762e-12 _31830_
 1.953387e-12 1.416755e-12 1.181000e-12 4.551142e-12 _31842_
 1.952961e-12 1.323300e-12 1.181000e-12 4.457261e-12 _31831_
 3.441006e-19 1.813311e-18 4.325311e-12 4.325313e-12 fanout1610
 3.426756e-19 2.240869e-18 4.325310e-12 4.325313e-12 fanout1570
 3.425808e-19 2.115513e-18 4.325310e-12 4.325313e-12 fanout1584
 3.413135e-19 2.241139e-18 4.325310e-12 4.325313e-12 fanout1602
 3.408578e-19 2.340571e-18 4.325310e-12 4.325313e-12 fanout1604
 3.424955e-19 2.043956e-18 4.325310e-12 4.325313e-12 fanout1605
 3.419139e-19 2.136651e-18 4.325310e-12 4.325313e-12 fanout1611
 3.414026e-19 2.284299e-18 4.325310e-12 4.325313e-12 fanout1613
 3.449591e-19 1.702773e-18 4.325310e-12 4.325312e-12 fanout1566
 3.445851e-19 1.654447e-18 4.325310e-12 4.325312e-12 fanout1574
 1.946870e-12 1.145003e-12 1.181000e-12 4.272873e-12 _31836_
 1.941802e-12 1.079923e-12 1.181000e-12 4.202725e-12 _31838_
 1.934692e-12 9.315734e-13 1.181000e-12 4.047266e-12 _31841_
 1.930903e-12 8.480771e-13 1.181000e-12 3.959980e-12 _31847_
 1.933706e-12 8.037998e-13 1.181000e-12 3.918506e-12 _31833_
 1.940940e-19 8.905018e-19 3.659498e-12 3.659500e-12 fanout1580
 1.935558e-19 1.228370e-18 3.659498e-12 3.659500e-12 fanout1583
 1.927226e-19 1.414333e-18 3.659498e-12 3.659500e-12 fanout1601
 1.938968e-19 1.103250e-18 3.659498e-12 3.659499e-12 fanout1575
 1.948243e-19 8.095601e-19 3.659498e-12 3.659499e-12 fanout1578
 1.942033e-19 7.546023e-19 3.659498e-12 3.659499e-12 fanout1581
 1.960904e-19 7.280355e-19 3.659498e-12 3.659499e-12 fanout1585
 1.975241e-19 8.820608e-19 3.659498e-12 3.659499e-12 fanout1586
 1.976799e-19 7.908156e-19 3.659498e-12 3.659499e-12 fanout1587
 1.948666e-19 6.542838e-19 3.659498e-12 3.659499e-12 fanout1589
 1.948901e-19 7.077862e-19 3.659498e-12 3.659499e-12 fanout1590
 1.948688e-19 6.602359e-19 3.659498e-12 3.659499e-12 fanout1591
 1.954459e-19 7.212050e-19 3.659498e-12 3.659499e-12 fanout1595
 1.937556e-19 9.961771e-19 3.659498e-12 3.659499e-12 fanout1596
 1.932923e-19 1.174979e-18 3.659498e-12 3.659499e-12 fanout1600
