     Internal    Switching      Leakage        Total
        Power        Power        Power        Power (Watts)
----------------------------------------------------
 9.092474e-07 4.596545e-06 1.231882e-11 5.505804e-06 clkbuf_4_12__f_core_clk
 4.589581e-07 4.873768e-06 7.189098e-12 5.332733e-06 clkbuf_leaf_166_core_clk
 9.096310e-07 3.583412e-06 1.231893e-11 4.493055e-06 clkbuf_4_9__f_core_clk
 9.095410e-07 3.554766e-06 1.231893e-11 4.464319e-06 clkbuf_4_8__f_core_clk
 9.052963e-07 2.939175e-06 1.231882e-11 3.844484e-06 clkbuf_4_15__f_core_clk
 8.967218e-07 2.922344e-06 1.232079e-11 3.819078e-06 clkbuf_0_core_clk
 9.030488e-07 2.493797e-06 1.231878e-11 3.396858e-06 clkbuf_4_5__f_core_clk
 9.073166e-07 2.453409e-06 1.231893e-11 3.360738e-06 clkbuf_4_11__f_core_clk
 9.067252e-07 2.353665e-06 1.231898e-11 3.260403e-06 clkbuf_4_0__f_core_clk
 9.070589e-07 2.339726e-06 1.231893e-11 3.246797e-06 clkbuf_4_10__f_core_clk
 9.023425e-07 2.327759e-06 1.231878e-11 3.230113e-06 clkbuf_4_6__f_core_clk
 9.039143e-07 2.304541e-06 1.231882e-11 3.208468e-06 clkbuf_4_14__f_core_clk
 9.023124e-07 2.294188e-06 1.231878e-11 3.196512e-06 clkbuf_4_7__f_core_clk
 9.022854e-07 2.232571e-06 1.231878e-11 3.134868e-06 clkbuf_4_4__f_core_clk
 9.063675e-07 2.180632e-06 1.231898e-11 3.087012e-06 clkbuf_4_1__f_core_clk
 9.034264e-07 2.118511e-06 1.231882e-11 3.021950e-06 clkbuf_4_13__f_core_clk
 4.577542e-07 2.529661e-06 7.189321e-12 2.987423e-06 clkbuf_2_1_0_core_clk
 9.059821e-07 2.046535e-06 1.231898e-11 2.952529e-06 clkbuf_4_2__f_core_clk
 4.243528e-07 2.514367e-06 8.268760e-12 2.938728e-06 u_icg
 4.578778e-07 2.333939e-06 7.189321e-12 2.791824e-06 clkbuf_2_3_0_core_clk
 9.054843e-07 1.877461e-06 1.231898e-11 2.782958e-06 clkbuf_4_3__f_core_clk
 4.568300e-07 2.165012e-06 7.189321e-12 2.621849e-06 clkbuf_2_0_0_core_clk
 4.575601e-07 2.137374e-06 7.189321e-12 2.594941e-06 clkbuf_2_2_0_core_clk
 4.580955e-07 1.159441e-06 7.189098e-12 1.617544e-06 clkbuf_leaf_172_core_clk
 4.572037e-07 1.121776e-06 7.189098e-12 1.578987e-06 clkbuf_leaf_168_core_clk
 4.567644e-07 1.105476e-06 7.189098e-12 1.562248e-06 clkbuf_leaf_169_core_clk
 4.557509e-07 1.067004e-06 7.189098e-12 1.522762e-06 clkbuf_leaf_171_core_clk
 4.553217e-07 1.052770e-06 7.189098e-12 1.508099e-06 clkbuf_leaf_173_core_clk
 4.550223e-07 1.032582e-06 7.189059e-12 1.487612e-06 clkbuf_leaf_152_core_clk
 4.514482e-07 1.016281e-06 7.189043e-12 1.467736e-06 clkbuf_leaf_38_core_clk
 4.526703e-07 9.452140e-07 7.189098e-12 1.397891e-06 clkbuf_leaf_167_core_clk
 4.525261e-07 9.380352e-07 7.189098e-12 1.390568e-06 clkbuf_leaf_165_core_clk
 4.490159e-07 9.192236e-07 7.189043e-12 1.368247e-06 clkbuf_leaf_36_core_clk
 4.513478e-07 8.880959e-07 7.189059e-12 1.339451e-06 clkbuf_leaf_151_core_clk
 4.512530e-07 8.856866e-07 7.189059e-12 1.336947e-06 clkbuf_leaf_150_core_clk
 4.509573e-07 8.836759e-07 7.189098e-12 1.334640e-06 clkbuf_leaf_174_core_clk
 4.509863e-07 8.816754e-07 7.189098e-12 1.332669e-06 clkbuf_leaf_170_core_clk
 4.510100e-07 8.746638e-07 7.189059e-12 1.325681e-06 clkbuf_leaf_141_core_clk
 4.473774e-07 8.767725e-07 7.189043e-12 1.324157e-06 clkbuf_leaf_25_core_clk
 4.473212e-07 8.736631e-07 7.189043e-12 1.320991e-06 clkbuf_leaf_23_core_clk
 4.503185e-07 8.528224e-07 7.189098e-12 1.303148e-06 clkbuf_leaf_164_core_clk
 4.500566e-07 8.415186e-07 7.189059e-12 1.291582e-06 clkbuf_leaf_154_core_clk
 4.502126e-07 8.383580e-07 7.189069e-12 1.288578e-06 clkbuf_leaf_43_core_clk
 4.491558e-07 8.320721e-07 7.189050e-12 1.281235e-06 clkbuf_leaf_95_core_clk
 4.467443e-07 8.329375e-07 7.189043e-12 1.279689e-06 clkbuf_leaf_34_core_clk
 4.484264e-07 8.312164e-07 7.189050e-12 1.279650e-06 clkbuf_leaf_120_core_clk
 4.467092e-07 8.316551e-07 7.189043e-12 1.278371e-06 clkbuf_leaf_37_core_clk
 4.506752e-07 8.256285e-07 7.189082e-12 1.276311e-06 clkbuf_leaf_21_core_clk
 4.464673e-07 8.268617e-07 7.189043e-12 1.273336e-06 clkbuf_leaf_31_core_clk
 4.497085e-07 8.187463e-07 7.189069e-12 1.268462e-06 clkbuf_leaf_42_core_clk
 2.049148e-07 1.058105e-06 7.406081e-12 1.263028e-06 fanout125
 4.460555e-07 8.159082e-07 7.189043e-12 1.261971e-06 clkbuf_leaf_29_core_clk
 4.493262e-07 8.119171e-07 7.189059e-12 1.261250e-06 clkbuf_leaf_149_core_clk
 4.462275e-07 8.130057e-07 7.189043e-12 1.259240e-06 clkbuf_leaf_26_core_clk
 4.492340e-07 8.089118e-07 7.189059e-12 1.258153e-06 clkbuf_leaf_153_core_clk
 4.416837e-07 8.080710e-07 7.188949e-12 1.249762e-06 clkbuf_leaf_19_core_clk
 4.491004e-07 7.958588e-07 7.189069e-12 1.244966e-06 clkbuf_leaf_41_core_clk
 4.490460e-07 7.936553e-07 7.189069e-12 1.242708e-06 clkbuf_leaf_39_core_clk
 4.477004e-07 7.946544e-07 7.189050e-12 1.242362e-06 clkbuf_leaf_94_core_clk
 4.495612e-07 7.827404e-07 7.189082e-12 1.232309e-06 clkbuf_leaf_14_core_clk
 4.494296e-07 7.781126e-07 7.189082e-12 1.227549e-06 clkbuf_leaf_16_core_clk
 4.484467e-07 7.782278e-07 7.189059e-12 1.226682e-06 clkbuf_leaf_145_core_clk
 4.494791e-07 7.758836e-07 7.189111e-12 1.225370e-06 clkbuf_leaf_158_core_clk
 4.439269e-07 7.797408e-07 7.189020e-12 1.223675e-06 clkbuf_leaf_81_core_clk
 4.479223e-07 7.750203e-07 7.189079e-12 1.222950e-06 clkbuf_leaf_65_core_clk
 4.482728e-07 7.716664e-07 7.189059e-12 1.219946e-06 clkbuf_leaf_148_core_clk
 4.453864e-07 7.735309e-07 7.189043e-12 1.218924e-06 clkbuf_leaf_35_core_clk
 4.411600e-07 7.766860e-07 7.188949e-12 1.217853e-06 clkbuf_leaf_47_core_clk
 4.489109e-07 7.599689e-07 7.189082e-12 1.208887e-06 clkbuf_leaf_12_core_clk
 4.450617e-07 7.635867e-07 7.189043e-12 1.208656e-06 clkbuf_leaf_27_core_clk
 4.436631e-07 7.646095e-07 7.189024e-12 1.208280e-06 clkbuf_leaf_82_core_clk
 4.449207e-07 7.598207e-07 7.189043e-12 1.204749e-06 clkbuf_leaf_32_core_clk
 4.480530e-07 7.553332e-07 7.189063e-12 1.203393e-06 clkbuf_leaf_133_core_clk
 4.477283e-07 7.507176e-07 7.189059e-12 1.198453e-06 clkbuf_leaf_147_core_clk
 4.407788e-07 7.565901e-07 7.188949e-12 1.197376e-06 clkbuf_leaf_48_core_clk
 4.478209e-07 7.482531e-07 7.189069e-12 1.196081e-06 clkbuf_leaf_53_core_clk
 4.494857e-07 7.458937e-07 7.189124e-12 1.195387e-06 clkbuf_leaf_130_core_clk
 4.484513e-07 7.405060e-07 7.189082e-12 1.188964e-06 clkbuf_leaf_15_core_clk
 8.709687e-07 3.145296e-07 1.232310e-11 1.185511e-06 clkbuf_0_clk
 4.482551e-07 7.361707e-07 7.189082e-12 1.184433e-06 clkbuf_leaf_10_core_clk
 4.405330e-07 7.429069e-07 7.188949e-12 1.183447e-06 clkbuf_leaf_50_core_clk
 4.473829e-07 7.347862e-07 7.189082e-12 1.182176e-06 clkbuf_leaf_77_core_clk
 4.430894e-07 7.389880e-07 7.189024e-12 1.182085e-06 clkbuf_leaf_83_core_clk
 4.482120e-07 7.327946e-07 7.189082e-12 1.181014e-06 clkbuf_leaf_22_core_clk
 4.465824e-07 7.318279e-07 7.189050e-12 1.178417e-06 clkbuf_leaf_105_core_clk
 4.473767e-07 7.293102e-07 7.189069e-12 1.176694e-06 clkbuf_leaf_45_core_clk
 4.403504e-07 7.353877e-07 7.188949e-12 1.175745e-06 clkbuf_leaf_18_core_clk
 4.480726e-07 7.272476e-07 7.189082e-12 1.175327e-06 clkbuf_leaf_13_core_clk
 4.440922e-07 7.303851e-07 7.189043e-12 1.174484e-06 clkbuf_leaf_30_core_clk
 4.473102e-07 7.265598e-07 7.189063e-12 1.173877e-06 clkbuf_leaf_135_core_clk
 4.478379e-07 7.206549e-07 7.189082e-12 1.168500e-06 clkbuf_leaf_9_core_clk
 4.468006e-07 7.160343e-07 7.189059e-12 1.162842e-06 clkbuf_leaf_156_core_clk
 4.471268e-07 7.152113e-07 7.189063e-12 1.162345e-06 clkbuf_leaf_121_core_clk
 4.460620e-07 7.111399e-07 7.189050e-12 1.157209e-06 clkbuf_leaf_107_core_clk
 4.474749e-07 7.063738e-07 7.189082e-12 1.153856e-06 clkbuf_leaf_11_core_clk
 4.467239e-07 7.038619e-07 7.189063e-12 1.150593e-06 clkbuf_leaf_136_core_clk
 6.242776e-08 1.087970e-06 7.226292e-12 1.150405e-06 fanout1306
 4.466074e-07 7.030086e-07 7.189063e-12 1.149623e-06 clkbuf_leaf_142_core_clk
 4.423115e-07 7.044703e-07 7.189024e-12 1.146789e-06 clkbuf_leaf_79_core_clk
 4.459665e-07 6.988534e-07 7.189079e-12 1.144827e-06 clkbuf_leaf_64_core_clk
 4.464717e-07 6.936761e-07 7.189069e-12 1.140155e-06 clkbuf_leaf_46_core_clk
 4.431950e-07 6.959386e-07 7.189043e-12 1.139141e-06 clkbuf_leaf_24_core_clk
 4.455493e-07 6.904572e-07 7.189050e-12 1.136014e-06 clkbuf_leaf_106_core_clk
 4.477641e-07 6.816493e-07 7.189124e-12 1.129421e-06 clkbuf_leaf_123_core_clk
 4.419224e-07 6.868545e-07 7.189024e-12 1.128784e-06 clkbuf_leaf_84_core_clk
 4.455144e-07 6.824748e-07 7.189079e-12 1.127996e-06 clkbuf_leaf_69_core_clk
 4.461329e-07 6.810344e-07 7.189069e-12 1.127174e-06 clkbuf_leaf_44_core_clk
 4.459304e-07 6.790208e-07 7.189082e-12 1.124958e-06 clkbuf_leaf_99_core_clk
 4.446895e-07 6.799464e-07 7.189050e-12 1.124643e-06 clkbuf_leaf_90_core_clk
 1.683523e-07 9.522294e-07 7.431777e-12 1.120589e-06 fanout117
 4.459097e-07 6.745431e-07 7.189069e-12 1.120460e-06 clkbuf_leaf_52_core_clk
 4.449836e-07 6.748057e-07 7.189050e-12 1.119796e-06 clkbuf_leaf_102_core_clk
 4.473747e-07 6.678505e-07 7.189124e-12 1.115232e-06 clkbuf_leaf_122_core_clk
 4.455608e-07 6.661950e-07 7.189082e-12 1.111763e-06 clkbuf_leaf_73_core_clk
 4.450575e-07 6.644087e-07 7.189079e-12 1.109473e-06 clkbuf_leaf_67_core_clk
 4.450077e-07 6.626616e-07 7.189079e-12 1.107676e-06 clkbuf_leaf_66_core_clk
 4.423768e-07 6.595416e-07 7.189043e-12 1.101926e-06 clkbuf_leaf_28_core_clk
 4.470026e-07 6.540378e-07 7.189124e-12 1.101048e-06 clkbuf_leaf_129_core_clk
 4.452900e-07 6.554505e-07 7.189082e-12 1.100748e-06 clkbuf_leaf_71_core_clk
 4.443341e-07 6.563009e-07 7.189050e-12 1.100642e-06 clkbuf_leaf_96_core_clk
 4.440022e-07 6.540263e-07 7.189050e-12 1.098036e-06 clkbuf_leaf_89_core_clk
 4.452470e-07 6.525316e-07 7.189082e-12 1.097786e-06 clkbuf_leaf_101_core_clk
 4.453140e-07 6.508392e-07 7.189063e-12 1.096160e-06 clkbuf_leaf_138_core_clk
 4.411596e-07 6.530846e-07 7.189024e-12 1.094251e-06 clkbuf_leaf_97_core_clk
 4.410790e-07 6.524377e-07 7.189020e-12 1.093524e-06 clkbuf_leaf_87_core_clk
 4.452024e-07 6.479443e-07 7.189063e-12 1.093154e-06 clkbuf_leaf_143_core_clk
 4.410169e-07 6.497840e-07 7.189020e-12 1.090808e-06 clkbuf_leaf_86_core_clk
 4.449922e-07 6.452291e-07 7.189059e-12 1.090228e-06 clkbuf_leaf_155_core_clk
 4.438435e-07 6.445108e-07 7.189050e-12 1.088362e-06 clkbuf_leaf_91_core_clk
 4.451707e-07 6.396436e-07 7.189063e-12 1.084822e-06 clkbuf_leaf_118_core_clk
 4.448286e-07 6.373019e-07 7.189082e-12 1.082138e-06 clkbuf_leaf_80_core_clk
 4.451385e-07 6.363096e-07 7.189063e-12 1.081455e-06 clkbuf_leaf_115_core_clk
 4.443804e-07 6.361716e-07 7.189079e-12 1.080559e-06 clkbuf_leaf_59_core_clk
 4.448952e-07 6.351214e-07 7.189063e-12 1.080024e-06 clkbuf_leaf_137_core_clk
 4.440289e-07 6.342431e-07 7.189050e-12 1.078279e-06 clkbuf_leaf_104_core_clk
 4.442285e-07 6.323062e-07 7.189079e-12 1.076542e-06 clkbuf_leaf_70_core_clk
 4.407491e-07 6.346407e-07 7.189024e-12 1.075397e-06 clkbuf_leaf_93_core_clk
 4.454738e-07 6.287738e-07 7.189082e-12 1.074255e-06 clkbuf_leaf_17_core_clk
 4.450025e-07 6.286610e-07 7.189063e-12 1.073671e-06 clkbuf_leaf_110_core_clk
 4.455319e-07 6.267102e-07 7.189111e-12 1.072249e-06 clkbuf_leaf_157_core_clk
 4.445576e-07 6.257139e-07 7.189082e-12 1.070279e-06 clkbuf_leaf_100_core_clk
 1.542134e-07 9.156569e-07 7.431447e-12 1.069878e-06 fanout119
 8.518496e-07 2.176474e-07 1.232310e-11 1.069509e-06 clkbuf_1_1__f_clk
 4.461680e-07 6.233242e-07 7.189124e-12 1.069499e-06 clkbuf_leaf_131_core_clk
 4.453802e-07 6.219375e-07 7.189111e-12 1.067325e-06 clkbuf_leaf_159_core_clk
 4.436446e-07 6.222828e-07 7.189050e-12 1.065934e-06 clkbuf_leaf_103_core_clk
 4.454565e-07 6.193914e-07 7.189111e-12 1.064855e-06 clkbuf_leaf_163_core_clk
 4.445192e-07 6.194693e-07 7.189063e-12 1.063996e-06 clkbuf_leaf_134_core_clk
 4.404878e-07 6.232194e-07 7.189024e-12 1.063714e-06 clkbuf_leaf_98_core_clk
 4.460370e-07 6.173851e-07 7.189124e-12 1.063429e-06 clkbuf_leaf_125_core_clk
 4.460308e-07 6.172882e-07 7.189124e-12 1.063326e-06 clkbuf_leaf_127_core_clk
 4.404118e-07 6.226330e-07 7.189020e-12 1.063052e-06 clkbuf_leaf_56_core_clk
 4.443878e-07 6.144532e-07 7.189063e-12 1.058848e-06 clkbuf_leaf_132_core_clk
 4.441738e-07 6.114520e-07 7.189082e-12 1.055633e-06 clkbuf_leaf_74_core_clk
 4.457728e-07 6.082931e-07 7.189124e-12 1.054073e-06 clkbuf_leaf_126_core_clk
 4.402714e-07 6.130650e-07 7.189024e-12 1.053344e-06 clkbuf_leaf_92_core_clk
 4.440948e-07 6.080131e-07 7.189082e-12 1.052115e-06 clkbuf_leaf_75_core_clk
 4.441641e-07 6.062531e-07 7.189069e-12 1.050424e-06 clkbuf_leaf_49_core_clk
 4.456716e-07 6.042773e-07 7.189124e-12 1.049956e-06 clkbuf_leaf_128_core_clk
 4.440184e-07 6.046479e-07 7.189082e-12 1.048673e-06 clkbuf_leaf_76_core_clk
 4.442285e-07 6.022410e-07 7.189063e-12 1.046477e-06 clkbuf_leaf_116_core_clk
 4.439109e-07 5.994587e-07 7.189063e-12 1.043377e-06 clkbuf_leaf_146_core_clk
 4.399482e-07 6.019546e-07 7.189020e-12 1.041910e-06 clkbuf_leaf_54_core_clk
 4.448354e-07 5.957983e-07 7.189111e-12 1.040641e-06 clkbuf_leaf_161_core_clk
 4.433376e-07 5.960610e-07 7.189079e-12 1.039406e-06 clkbuf_leaf_68_core_clk
 4.437962e-07 5.916170e-07 7.189069e-12 1.035420e-06 clkbuf_leaf_40_core_clk
 4.408671e-07 5.895743e-07 7.189043e-12 1.030449e-06 clkbuf_leaf_33_core_clk
 4.438648e-07 5.844812e-07 7.189063e-12 1.028353e-06 clkbuf_leaf_112_core_clk
 4.434307e-07 5.802715e-07 7.189063e-12 1.023709e-06 clkbuf_leaf_144_core_clk
 4.372665e-07 5.801872e-07 7.188949e-12 1.017461e-06 clkbuf_leaf_20_core_clk
 4.427778e-07 5.738396e-07 7.189079e-12 1.016625e-06 clkbuf_leaf_58_core_clk
 4.435452e-07 5.729951e-07 7.189063e-12 1.016547e-06 clkbuf_leaf_109_core_clk
 4.434214e-07 5.683937e-07 7.189063e-12 1.011822e-06 clkbuf_leaf_108_core_clk
 4.432748e-07 5.662524e-07 7.189063e-12 1.009534e-06 clkbuf_leaf_117_core_clk
 4.425547e-07 5.654691e-07 7.189079e-12 1.008031e-06 clkbuf_leaf_61_core_clk
 4.391086e-07 5.643131e-07 7.189020e-12 1.003429e-06 clkbuf_leaf_55_core_clk
 1.430782e-07 8.588835e-07 7.062342e-12 1.001969e-06 fanout388
 4.437521e-07 5.553513e-07 7.189111e-12 9.991105e-07 clkbuf_leaf_162_core_clk
 4.422832e-07 5.546476e-07 7.189079e-12 9.969380e-07 clkbuf_leaf_57_core_clk
 4.430372e-07 5.537912e-07 7.189063e-12 9.968355e-07 clkbuf_leaf_119_core_clk
 4.430006e-07 5.520857e-07 7.189063e-12 9.950935e-07 clkbuf_leaf_111_core_clk
 4.421937e-07 5.514976e-07 7.189079e-12 9.936984e-07 clkbuf_leaf_60_core_clk
 4.427139e-07 5.498724e-07 7.189063e-12 9.925935e-07 clkbuf_leaf_140_core_clk
 4.366667e-07 5.505890e-07 7.188949e-12 9.872629e-07 clkbuf_leaf_8_core_clk
 4.366458e-07 5.448421e-07 7.188949e-12 9.814951e-07 clkbuf_leaf_51_core_clk
 4.425837e-07 5.357941e-07 7.189063e-12 9.783849e-07 clkbuf_leaf_113_core_clk
 4.417739e-07 5.348165e-07 7.189079e-12 9.765976e-07 clkbuf_leaf_63_core_clk
 4.422880e-07 5.329250e-07 7.189063e-12 9.752201e-07 clkbuf_leaf_139_core_clk
 4.431039e-07 5.313812e-07 7.189111e-12 9.744923e-07 clkbuf_leaf_160_core_clk
 4.424465e-07 5.316920e-07 7.189063e-12 9.741458e-07 clkbuf_leaf_114_core_clk
 4.384600e-07 5.346201e-07 7.189024e-12 9.730873e-07 clkbuf_leaf_6_core_clk
 1.302275e-07 8.419274e-07 7.324262e-12 9.721622e-07 fanout1239
 4.420163e-07 5.274634e-07 7.189082e-12 9.694869e-07 clkbuf_leaf_78_core_clk
 1.302301e-07 8.370585e-07 7.324262e-12 9.672958e-07 fanout1233
 4.418956e-07 5.248626e-07 7.189082e-12 9.667654e-07 clkbuf_leaf_72_core_clk
 4.413364e-07 5.174922e-07 7.189079e-12 9.588358e-07 clkbuf_leaf_62_core_clk
 4.381494e-07 5.193362e-07 7.189024e-12 9.574927e-07 clkbuf_leaf_85_core_clk
 4.420664e-07 5.147869e-07 7.189104e-12 9.568605e-07 clkbuf_leaf_0_core_clk
 4.380015e-07 5.186128e-07 7.189020e-12 9.566215e-07 clkbuf_leaf_7_core_clk
 4.378509e-07 5.081148e-07 7.189020e-12 9.459728e-07 clkbuf_leaf_88_core_clk
 8.378271e-07 8.576841e-08 1.232310e-11 9.236078e-07 clkbuf_1_0__f_clk
 1.715912e-07 7.416975e-07 4.602634e-12 9.132933e-07 fanout306
 4.401579e-07 4.432017e-07 7.189104e-12 8.833667e-07 clkbuf_leaf_1_core_clk
 1.560825e-07 7.250534e-07 4.601420e-12 8.811406e-07 fanout310
 1.371820e-07 7.389039e-07 4.595346e-12 8.760905e-07 fanout412
 1.418440e-07 7.310917e-07 7.431646e-12 8.729432e-07 fanout115
 4.398167e-07 4.308555e-07 7.189104e-12 8.706793e-07 clkbuf_leaf_3_core_clk
 1.306794e-07 7.395359e-07 4.601043e-12 8.702199e-07 fanout414
 4.408064e-07 4.252212e-07 7.189124e-12 8.660347e-07 clkbuf_leaf_124_core_clk
 4.395952e-07 4.227047e-07 7.189104e-12 8.623070e-07 clkbuf_leaf_4_core_clk
 4.394864e-07 4.179824e-07 7.189104e-12 8.574759e-07 clkbuf_leaf_2_core_clk
 1.353623e-07 7.198086e-07 7.062060e-12 8.551780e-07 fanout386
 1.351619e-07 7.160346e-07 4.600932e-12 8.512010e-07 fanout348
 1.327308e-07 7.153967e-07 7.324193e-12 8.481348e-07 fanout1235
 1.349996e-07 7.118589e-07 4.601525e-12 8.468631e-07 fanout410
 4.390685e-07 4.030571e-07 7.189104e-12 8.421327e-07 clkbuf_leaf_5_core_clk
 1.497481e-07 6.815264e-07 4.601055e-12 8.312791e-07 fanout312
 1.304345e-07 6.985374e-07 7.324262e-12 8.289792e-07 fanout1236
 1.431979e-07 6.751790e-07 4.601504e-12 8.183815e-07 fanout346
 1.306058e-07 6.819067e-07 4.600027e-12 8.125171e-07 fanout314
 1.446210e-07 6.396455e-07 4.599625e-12 7.842711e-07 fanout344
 1.223970e-07 6.525075e-07 4.601868e-12 7.749091e-07 fanout408
 1.478303e-07 6.236132e-07 4.598914e-12 7.714481e-07 fanout366
 1.450180e-07 6.173154e-07 4.599305e-12 7.623379e-07 fanout342
 1.304859e-07 6.269043e-07 4.597780e-12 7.573947e-07 fanout420
 1.319103e-07 6.232269e-07 7.324183e-12 7.551445e-07 fanout1238
 1.247210e-07 6.239378e-07 4.601077e-12 7.486634e-07 fanout350
 1.230884e-07 6.093173e-07 4.601761e-12 7.324103e-07 fanout368
 1.189753e-07 6.063661e-07 4.601748e-12 7.253460e-07 fanout338
 1.371016e-07 5.748120e-07 4.598780e-12 7.119181e-07 fanout418
 1.185340e-07 5.871456e-07 4.601181e-12 7.056842e-07 fanout340
 1.266589e-07 5.788038e-07 4.600251e-12 7.054674e-07 fanout416
 1.448956e-07 5.494601e-07 4.600053e-12 6.943603e-07 fanout364
 1.072975e-07 5.760302e-07 4.598861e-12 6.833324e-07 fanout422
 1.276475e-07 5.554760e-07 4.609440e-12 6.831282e-07 fanout127
 1.474941e-07 5.307155e-07 4.600265e-12 6.782142e-07 fanout131
 1.048150e-07 5.712175e-07 7.080639e-12 6.760396e-07 fanout400
 1.019715e-07 5.677163e-07 4.601744e-12 6.696923e-07 fanout362
 1.284748e-07 5.346595e-07 4.602495e-12 6.631389e-07 fanout129
 1.135661e-07 5.418386e-07 4.601916e-12 6.554093e-07 fanout352
 1.054277e-07 5.483666e-07 4.602090e-12 6.537989e-07 fanout300
 1.183929e-07 5.226561e-07 4.598445e-12 6.410535e-07 fanout302
 9.288973e-08 5.416030e-07 4.614628e-12 6.344973e-07 fanout402
 1.109278e-07 5.104486e-07 4.604273e-12 6.213810e-07 fanout316
 6.609967e-08 5.537301e-07 4.486582e-12 6.198343e-07 fanout1303
 5.368742e-08 5.540360e-07 7.282950e-12 6.077307e-07 fanout1318
 1.130144e-07 4.874699e-07 4.601585e-12 6.004890e-07 fanout304
 1.205775e-07 4.697810e-07 4.604398e-12 5.903631e-07 fanout336
 6.625459e-08 5.223025e-07 4.486582e-12 5.885616e-07 fanout1287
 7.938689e-08 4.963810e-07 6.981163e-12 5.757749e-07 fanout1340
 8.551433e-08 4.851775e-07 7.061776e-12 5.706989e-07 fanout392
 7.741251e-08 4.909123e-07 4.143955e-12 5.683290e-07 fanout413
 8.124445e-08 4.635618e-07 4.151633e-12 5.448103e-07 fanout345
 7.963215e-08 4.500503e-07 4.152400e-12 5.296866e-07 fanout365
 9.092170e-08 4.133097e-07 4.596060e-12 5.042360e-07 fanout406
 1.063779e-07 3.914812e-07 4.157031e-12 4.978633e-07 fanout307
 8.385918e-08 4.110292e-07 4.150357e-12 4.948925e-07 fanout367
 6.656806e-08 4.175861e-07 4.486661e-12 4.841587e-07 fanout1292
 8.289339e-08 3.978321e-07 4.151058e-12 4.807296e-07 fanout343
 8.283667e-08 3.953792e-07 4.152779e-12 4.782200e-07 fanout132
 7.440571e-08 3.958634e-07 4.358888e-12 4.702735e-07 fanout326
 8.542921e-08 3.738350e-07 4.154197e-12 4.592683e-07 fanout313
 7.787327e-08 3.747754e-07 4.154176e-12 4.526528e-07 fanout415
 9.166170e-08 3.573948e-07 4.154852e-12 4.490606e-07 fanout311
 8.263312e-08 3.559035e-07 4.151956e-12 4.385408e-07 fanout309
 7.201395e-08 3.639456e-07 4.154236e-12 4.359637e-07 fanout351
 8.329097e-08 3.524938e-07 4.155004e-12 4.357889e-07 fanout347
 6.701980e-08 3.613552e-07 4.486719e-12 4.283795e-07 fanout1281
 8.264325e-08 3.446465e-07 4.576737e-12 4.272943e-07 fanout296
 6.678440e-08 3.597440e-07 4.486661e-12 4.265328e-07 fanout1302
 9.129613e-08 3.326409e-07 4.159254e-12 4.239412e-07 fanout134
 7.318958e-08 3.465614e-07 4.156781e-12 4.197551e-07 fanout130
 6.710954e-08 3.526140e-07 4.486550e-12 4.197281e-07 fanout1234
 6.706310e-08 3.509393e-07 4.486616e-12 4.180069e-07 fanout1231
 1.490619e-08 4.013348e-07 6.889318e-12 4.162479e-07 fanout689
 6.701940e-08 3.492098e-07 4.155441e-12 4.162333e-07 fanout339
 6.776441e-08 3.464094e-07 4.486685e-12 4.141783e-07 fanout1283
 6.692597e-08 3.454814e-07 4.486607e-12 4.124119e-07 fanout1248
 8.047584e-08 3.298179e-07 4.148322e-12 4.102979e-07 fanout421
 6.735460e-08 3.429325e-07 4.486655e-12 4.102916e-07 fanout1256
 4.101944e-07 0.000000e+00 7.189098e-12 4.102016e-07 clkload24
 4.101588e-07 0.000000e+00 7.189095e-12 4.101660e-07 clkload23
 4.093772e-07 0.000000e+00 7.189053e-12 4.093843e-07 clkload102
 4.092673e-07 0.000000e+00 7.188985e-12 4.092745e-07 clkload90
 4.092257e-07 0.000000e+00 7.189098e-12 4.092329e-07 clkload37
 4.091908e-07 0.000000e+00 7.189046e-12 4.091980e-07 clkload118
 4.091759e-07 0.000000e+00 7.189098e-12 4.091831e-07 clkload32
 4.090593e-07 0.000000e+00 7.189043e-12 4.090665e-07 clkload117
 4.090164e-07 0.000000e+00 7.188981e-12 4.090236e-07 clkload85
 4.088874e-07 0.000000e+00 7.188978e-12 4.088946e-07 clkload86
 4.088487e-07 0.000000e+00 7.189046e-12 4.088559e-07 clkload131
 4.087793e-07 0.000000e+00 7.189043e-12 4.087865e-07 clkload135
 4.087601e-07 0.000000e+00 7.189043e-12 4.087673e-07 clkload133
 4.087105e-07 0.000000e+00 7.189027e-12 4.087177e-07 clkload139
 4.075679e-07 0.000000e+00 7.189124e-12 4.075751e-07 clkload3
 4.070555e-07 0.000000e+00 7.189059e-12 4.070627e-07 clkload4
 7.830285e-08 3.281002e-07 4.155041e-12 4.064071e-07 fanout411
 6.756807e-08 3.387765e-07 4.486729e-12 4.063491e-07 fanout1251
 6.384362e-08 3.401522e-07 4.155742e-12 4.040000e-07 fanout353
 6.687396e-08 3.362623e-07 4.486661e-12 4.031407e-07 fanout1295
 8.036545e-08 3.226316e-07 4.153976e-12 4.030012e-07 fanout349
 6.713481e-08 3.331933e-07 4.486719e-12 4.003326e-07 fanout1278
 8.048714e-08 3.195610e-07 4.606716e-12 4.000528e-07 fanout298
 6.715558e-08 3.327691e-07 4.486680e-12 3.999291e-07 fanout1260
 6.697861e-08 3.322544e-07 4.486582e-12 3.992375e-07 fanout1273
 6.714814e-08 3.318426e-07 4.486680e-12 3.989952e-07 fanout1265
 6.747990e-08 3.307491e-07 4.486697e-12 3.982335e-07 fanout1301
 6.782626e-08 3.302670e-07 4.486736e-12 3.980978e-07 fanout1290
 5.743398e-08 3.392839e-07 4.155435e-12 3.967220e-07 fanout363
 6.804382e-08 3.277544e-07 4.576165e-12 3.958028e-07 fanout332
 6.764237e-08 3.273049e-07 4.486736e-12 3.949518e-07 fanout1264
 4.045684e-08 3.540173e-07 4.602361e-12 3.944788e-07 fanout259
 6.959490e-08 3.212301e-07 4.603584e-12 3.908297e-07 fanout334
 6.858608e-08 3.213323e-07 4.160194e-12 3.899225e-07 fanout337
 6.719064e-08 3.219511e-07 4.486680e-12 3.891463e-07 fanout1266
 4.895083e-08 3.401766e-07 4.606896e-12 3.891320e-07 fanout268
 6.701879e-08 3.209757e-07 4.486607e-12 3.879989e-07 fanout1258
 6.703016e-08 3.198440e-07 4.486607e-12 3.868786e-07 fanout1246
 6.696722e-08 3.184635e-07 4.486661e-12 3.854352e-07 fanout1285
 7.110727e-08 3.132352e-07 4.155464e-12 3.843466e-07 fanout369
 3.981965e-08 3.421780e-07 6.981227e-12 3.820046e-07 fanout1337
 6.771447e-08 3.131798e-07 4.486733e-12 3.808987e-07 fanout1300
 6.705783e-08 3.135200e-07 4.486582e-12 3.805823e-07 fanout1271
 6.722483e-08 3.131740e-07 4.486680e-12 3.804033e-07 fanout1267
 7.578335e-08 3.034468e-07 4.152754e-12 3.792343e-07 fanout417
 6.744018e-08 3.116993e-07 4.486670e-12 3.791440e-07 fanout1250
 6.696584e-08 3.117403e-07 4.486661e-12 3.787106e-07 fanout1294
 7.916931e-08 2.979863e-07 4.150115e-12 3.771597e-07 fanout419
 6.769930e-08 3.094016e-07 4.486729e-12 3.771054e-07 fanout1253
 7.438992e-08 3.012858e-07 4.587336e-12 3.756803e-07 fanout358
 6.777118e-08 3.077235e-07 4.486668e-12 3.754991e-07 fanout1243
 6.050790e-08 3.123425e-07 4.150261e-12 3.728545e-07 fanout423
 5.540601e-08 3.170098e-07 4.178547e-12 3.724199e-07 fanout403
 6.766839e-08 3.044857e-07 4.486671e-12 3.721586e-07 fanout1247
 7.117212e-08 2.988350e-07 4.155656e-12 3.700113e-07 fanout409
 5.868830e-08 3.108500e-07 4.650692e-12 3.695430e-07 fanout404
 6.733548e-08 3.013359e-07 4.154422e-12 3.686755e-07 fanout341
 6.760604e-08 2.984569e-07 4.486777e-12 3.660675e-07 fanout1280
 6.749661e-08 2.979792e-07 4.486670e-12 3.654803e-07 fanout1249
 6.762567e-08 2.977270e-07 4.486697e-12 3.653572e-07 fanout1297
 6.762933e-08 2.966461e-07 4.486697e-12 3.642799e-07 fanout1298
 1.787195e-08 3.445951e-07 7.486733e-12 3.624745e-07 fanout570
 6.705831e-08 2.949804e-07 4.486661e-12 3.620432e-07 fanout1274
 7.473153e-08 2.857788e-07 4.152354e-12 3.605144e-07 fanout315
 5.150448e-08 3.087699e-07 4.842904e-12 3.602792e-07 fanout320
 6.715247e-08 2.888557e-07 4.486582e-12 3.560126e-07 fanout1272
 6.705658e-08 2.876436e-07 4.486661e-12 3.547047e-07 fanout1288
 6.711835e-08 2.874704e-07 4.492600e-12 3.545932e-07 fanout278
 6.709318e-08 2.848778e-07 4.486661e-12 3.519754e-07 fanout1276
 2.025921e-08 3.299461e-07 3.939192e-12 3.502093e-07 wire858
 6.798467e-08 2.781431e-07 4.486692e-12 3.461323e-07 fanout1293
 6.791904e-08 2.755487e-07 4.486668e-12 3.434722e-07 fanout1244
 7.613674e-08 2.631189e-07 4.169240e-12 3.392599e-07 fanout128
 6.573407e-08 2.697891e-07 4.155148e-12 3.355273e-07 fanout305
 1.790705e-08 3.117228e-07 7.486744e-12 3.296373e-07 fanout683
 6.745377e-08 2.584022e-07 4.486680e-12 3.258605e-07 fanout1261
 1.823105e-08 3.075373e-07 7.486790e-12 3.257758e-07 fanout547
 7.111471e-08 2.535616e-07 4.395095e-12 3.246807e-07 fanout121
 5.976816e-08 2.638105e-07 4.362366e-12 3.235830e-07 fanout318
 6.090391e-08 2.599515e-07 4.359034e-12 3.208598e-07 fanout354
 1.828528e-08 2.968090e-07 7.486712e-12 3.151017e-07 fanout694
 1.953534e-08 2.908951e-07 4.827202e-12 3.104352e-07 fanout1056
 1.824876e-08 2.900132e-07 7.486764e-12 3.082694e-07 fanout536
 3.050491e-07 0.000000e+00 1.140713e-11 3.050605e-07 clkload18
 3.045812e-07 0.000000e+00 1.140724e-11 3.045926e-07 clkload11
 3.045496e-07 0.000000e+00 1.140714e-11 3.045610e-07 clkload14
 3.044471e-07 0.000000e+00 1.140723e-11 3.044585e-07 clkload16
 3.044129e-07 0.000000e+00 1.140723e-11 3.044243e-07 clkload20
 3.043000e-07 0.000000e+00 1.140716e-11 3.043114e-07 clkload15
 3.041841e-07 0.000000e+00 1.140720e-11 3.041955e-07 clkload12
 3.041442e-07 0.000000e+00 1.140720e-11 3.041556e-07 clkload13
 3.037625e-07 0.000000e+00 1.140716e-11 3.037739e-07 clkload17
 3.036663e-07 0.000000e+00 1.140717e-11 3.036777e-07 clkload19
 4.064787e-08 2.628926e-07 4.778163e-12 3.035452e-07 fanout1341
 4.412109e-08 2.583132e-07 6.904601e-12 3.024412e-07 fanout324
 5.290702e-08 2.489146e-07 4.358573e-12 3.018259e-07 fanout111
 6.664354e-08 2.347581e-07 4.149515e-12 3.014058e-07 fanout303
 4.328392e-08 2.572775e-07 4.709647e-12 3.005662e-07 fanout393
 1.832806e-08 2.808830e-07 7.486830e-12 2.992185e-07 fanout671
 3.381014e-08 2.651238e-07 4.486499e-12 2.989384e-07 fanout1221
 5.955864e-08 2.320825e-07 4.366299e-12 2.916455e-07 fanout292
 4.911909e-08 2.396801e-07 4.362556e-12 2.888036e-07 fanout288
 6.271017e-08 2.201280e-07 4.159971e-12 2.828423e-07 fanout317
 4.659288e-08 2.329980e-07 3.785180e-12 2.795946e-07 fanout124
 5.661339e-08 2.221419e-07 4.143862e-12 2.787594e-07 fanout361
 1.838198e-08 2.599708e-07 7.486724e-12 2.783602e-07 fanout708
 1.612324e-08 2.611641e-07 7.490478e-12 2.772948e-07 fanout619
 5.157164e-08 2.255032e-07 4.145235e-12 2.770790e-07 fanout407
 1.584008e-08 2.609260e-07 7.490467e-12 2.767736e-07 fanout633
 1.580622e-08 2.574210e-07 7.490491e-12 2.732347e-07 fanout616
 6.088342e-08 2.121453e-07 4.151376e-12 2.730329e-07 fanout136
 4.083109e-08 2.291115e-07 4.362338e-12 2.699469e-07 fanout290
 3.283884e-08 2.370963e-07 4.839314e-12 2.699400e-07 fanout286
 3.244493e-08 2.355047e-07 4.839416e-12 2.679545e-07 fanout282
 1.590450e-08 2.503750e-07 6.889260e-12 2.662863e-07 fanout538
 6.133168e-08 2.027905e-07 4.156054e-12 2.641263e-07 fanout301
 1.586823e-08 2.449937e-07 6.889253e-12 2.608689e-07 fanout572
 1.983677e-08 2.400864e-07 4.374293e-12 2.599275e-07 fanout1075
 1.587891e-08 2.424614e-07 6.889242e-12 2.583472e-07 fanout717
 1.851765e-08 2.394842e-07 7.486785e-12 2.580094e-07 fanout715
 1.986878e-08 2.350542e-07 4.472566e-12 2.549274e-07 fanout1014
 1.592579e-08 2.382619e-07 6.889203e-12 2.541945e-07 fanout673
 1.616223e-08 2.360643e-07 7.055327e-12 2.522335e-07 fanout1198
 4.122839e-08 2.106508e-07 3.785027e-12 2.518829e-07 fanout116
 1.597249e-08 2.350896e-07 6.889223e-12 2.510690e-07 fanout685
 1.594862e-08 2.348501e-07 6.889350e-12 2.508056e-07 fanout696
 1.588331e-08 2.340644e-07 6.889213e-12 2.499546e-07 fanout710
 1.598512e-08 2.286741e-07 6.889255e-12 2.446661e-07 fanout549
 3.162096e-08 2.115166e-07 4.694310e-12 2.431423e-07 fanout1309
 3.805484e-08 2.032971e-07 3.948872e-12 2.413559e-07 fanout1257
 1.599207e-08 2.243759e-07 6.889250e-12 2.403748e-07 fanout498
 1.597918e-08 2.177544e-07 7.490462e-12 2.337410e-07 fanout595
 3.909300e-08 1.938946e-07 4.491723e-12 2.329921e-07 fanout394
 1.659247e-08 2.150585e-07 6.913052e-12 2.316579e-07 fanout1164
 4.029363e-08 1.913090e-07 6.923346e-12 2.316096e-07 fanout978
 3.310954e-08 1.970507e-07 4.611092e-12 2.301648e-07 fanout217
 4.105708e-08 1.838212e-07 4.597469e-12 2.248829e-07 fanout246
 4.729838e-08 1.740421e-07 4.110568e-12 2.213446e-07 fanout297
 1.868749e-08 2.013101e-07 7.486769e-12 2.200051e-07 fanout496
 3.280435e-08 1.857106e-07 7.324456e-12 2.185222e-07 fanout1217
 4.524828e-08 1.702090e-07 4.164353e-12 2.154615e-07 fanout299
 4.734364e-08 1.650486e-07 3.785424e-12 2.123960e-07 fanout372
 2.002467e-08 1.918559e-07 4.374344e-12 2.118849e-07 fanout1033
 2.117352e-07 0.000000e+00 4.601434e-12 2.117398e-07 clkload22
 2.116788e-07 0.000000e+00 4.601431e-12 2.116834e-07 clkload21
 2.110148e-07 0.000000e+00 4.601436e-12 2.110194e-07 clkload38
 2.108626e-07 0.000000e+00 4.601492e-12 2.108672e-07 clkload140
 1.607154e-08 1.937496e-07 7.490449e-12 2.098286e-07 fanout564
 1.257702e-08 1.953410e-07 7.514041e-12 2.079256e-07 fanout446
 3.348582e-08 1.725672e-07 4.486573e-12 2.060575e-07 fanout1226
 3.925256e-08 1.661129e-07 4.158735e-12 2.053696e-07 fanout335
 2.006445e-08 1.811957e-07 4.374288e-12 2.012645e-07 fanout950
 3.793933e-08 1.630707e-07 3.949073e-12 2.010139e-07 fanout1279
 3.821767e-08 1.625041e-07 3.948982e-12 2.007257e-07 fanout1245
 3.861367e-08 1.618547e-07 4.109544e-12 2.004725e-07 fanout333
 3.023181e-08 1.700199e-07 4.160438e-12 2.002559e-07 fanout215
 3.822949e-08 1.570753e-07 3.948872e-12 1.953087e-07 fanout1259
 3.810825e-08 1.550022e-07 3.949033e-12 1.931144e-07 fanout1299
 1.903839e-08 1.727639e-07 7.486698e-12 1.918098e-07 fanout485
 1.661660e-08 1.746164e-07 6.889253e-12 1.912399e-07 fanout699
 3.313474e-08 1.580505e-07 4.611125e-12 1.911898e-07 fanout220
 2.015031e-08 1.686883e-07 4.472566e-12 1.888431e-07 fanout1021
 1.878425e-08 1.691062e-07 7.486780e-12 1.878980e-07 fanout493
 1.645853e-08 1.681096e-07 6.889279e-12 1.845750e-07 fanout487
 3.817766e-08 1.462124e-07 3.959623e-12 1.843940e-07 fanout279
 3.787882e-08 1.464613e-07 3.948968e-12 1.843441e-07 fanout1286
 3.485977e-08 1.491876e-07 4.358334e-12 1.840517e-07 fanout328
 3.358856e-08 1.492348e-07 4.243248e-12 1.828276e-07 fanout405
 2.021479e-08 1.616113e-07 4.827202e-12 1.818309e-07 fanout1064
 2.022430e-08 1.596505e-07 4.374305e-12 1.798791e-07 fanout1080
 1.630721e-08 1.610110e-07 6.889283e-12 1.773251e-07 fanout677
 2.901934e-08 1.468687e-07 4.160484e-12 1.758922e-07 fanout214
 3.448552e-08 1.407930e-07 3.720000e-12 1.752823e-07 fanout355
 3.025788e-08 1.416076e-07 3.719174e-12 1.718692e-07 fanout112
 4.177398e-08 1.287572e-07 4.129584e-12 1.705353e-07 fanout359
 3.379411e-08 1.366957e-07 3.725978e-12 1.704935e-07 fanout319
 3.984141e-08 1.296140e-07 3.784696e-12 1.694592e-07 fanout122
 3.271747e-08 1.359961e-07 4.569895e-12 1.687181e-07 fanout1305
 1.632452e-08 1.523796e-07 7.490433e-12 1.687117e-07 fanout558
 1.890939e-08 1.484388e-07 7.486766e-12 1.673557e-07 fanout565
 1.888381e-08 1.484555e-07 7.486731e-12 1.673468e-07 fanout675
 3.353257e-08 1.333354e-07 3.733033e-12 1.668717e-07 fanout293
 2.613328e-08 1.390378e-07 4.168630e-12 1.651753e-07 fanout232
 1.891310e-08 1.458890e-07 7.486702e-12 1.648096e-07 fanout520
 1.920743e-08 1.443819e-07 7.486775e-12 1.635968e-07 fanout697
 1.630634e-07 0.000000e+00 6.885200e-12 1.630703e-07 clkload158
 1.630425e-07 0.000000e+00 6.885764e-12 1.630494e-07 clkload29
 1.629375e-07 0.000000e+00 6.885636e-12 1.629444e-07 clkload10
 1.629141e-07 0.000000e+00 6.885379e-12 1.629210e-07 clkload145
 1.635529e-08 1.465240e-07 6.889272e-12 1.628862e-07 fanout585
 1.624666e-07 0.000000e+00 6.885200e-12 1.624735e-07 clkload153
 1.623172e-07 0.000000e+00 6.885918e-12 1.623241e-07 clkload1
 1.622545e-07 0.000000e+00 6.885175e-12 1.622614e-07 clkload149
 1.620258e-07 0.000000e+00 6.885738e-12 1.620327e-07 clkload9
 3.758317e-09 1.581996e-07 5.243270e-12 1.619631e-07 _06692_
 1.618043e-07 0.000000e+00 6.885225e-12 1.618111e-07 clkload64
 1.614335e-07 0.000000e+00 6.885175e-12 1.614404e-07 clkload71
 1.611727e-07 0.000000e+00 6.885149e-12 1.611796e-07 clkload68
 1.611562e-07 0.000000e+00 6.885149e-12 1.611630e-07 clkload69
 3.344414e-08 1.260995e-07 4.611125e-12 1.595482e-07 fanout221
 2.022405e-08 1.390838e-07 4.374344e-12 1.593122e-07 fanout1039
 2.816135e-08 1.295705e-07 4.160527e-12 1.577360e-07 fanout213
 2.040577e-08 1.346056e-07 4.729001e-12 1.550161e-07 fanout993
 1.881079e-08 1.361826e-07 7.486757e-12 1.550009e-07 fanout551
 2.030678e-08 1.334151e-07 4.374348e-12 1.537263e-07 fanout1038
 2.035252e-08 1.324993e-07 4.374324e-12 1.528562e-07 fanout953
 2.025498e-08 1.306426e-07 4.374310e-12 1.509020e-07 fanout1070
 2.041846e-08 1.302408e-07 4.827251e-12 1.506641e-07 fanout1050
 2.056078e-08 1.297908e-07 4.728978e-12 1.503563e-07 fanout991
 2.031458e-08 1.271878e-07 4.728966e-12 1.475071e-07 fanout1005
 1.885053e-08 1.285222e-07 7.486796e-12 1.473802e-07 fanout507
 3.206430e-08 1.153087e-07 4.694343e-12 1.473777e-07 fanout1307
 2.034107e-08 1.265224e-07 4.827278e-12 1.468683e-07 fanout973
 1.635352e-08 1.303687e-07 6.889255e-12 1.467291e-07 fanout561
 2.028380e-08 1.258165e-07 4.374354e-12 1.461047e-07 fanout1029
 1.711736e-08 1.285251e-07 4.156561e-12 1.456466e-07 fanout277
 1.882829e-08 1.254068e-07 7.486783e-12 1.442426e-07 fanout490
 2.805502e-08 1.160412e-07 4.709784e-12 1.441009e-07 fanout398
 2.038153e-08 1.232582e-07 4.827261e-12 1.436446e-07 fanout1103
 2.037444e-08 1.230061e-07 4.728992e-12 1.433853e-07 fanout984
 2.046099e-08 1.225082e-07 4.374317e-12 1.429735e-07 fanout1073
 2.027697e-08 1.218995e-07 4.374288e-12 1.421808e-07 fanout951
 2.344021e-08 1.185687e-07 4.168717e-12 1.420131e-07 fanout229
 2.372760e-08 1.181721e-07 4.168672e-12 1.419038e-07 fanout231
 2.229146e-08 1.182418e-07 4.156648e-12 1.405374e-07 fanout254
 1.593931e-08 1.244119e-07 4.390520e-12 1.403556e-07 fanout390
 2.040519e-08 1.192289e-07 4.728987e-12 1.396388e-07 fanout999
 2.037110e-08 1.184955e-07 4.827237e-12 1.388715e-07 fanout1102
 2.039368e-08 1.183488e-07 4.827265e-12 1.387473e-07 fanout1090
 2.674244e-08 1.119167e-07 4.164737e-12 1.386633e-07 fanout263
 1.889117e-08 1.196869e-07 7.486766e-12 1.385855e-07 fanout664
 9.905565e-09 1.283019e-07 7.311824e-12 1.382148e-07 fanout892
 2.053516e-08 1.174497e-07 4.374349e-12 1.379892e-07 fanout1085
 1.882593e-08 1.189480e-07 7.486805e-12 1.377814e-07 fanout722
 1.644182e-08 1.208591e-07 6.889292e-12 1.373078e-07 fanout522
 2.051215e-08 1.167545e-07 4.374349e-12 1.372710e-07 fanout1081
 2.032941e-08 1.165574e-07 4.374300e-12 1.368912e-07 fanout946
 1.621801e-08 1.199714e-07 7.490513e-12 1.361969e-07 fanout669
 1.652846e-08 1.186583e-07 6.889238e-12 1.351936e-07 fanout567
 2.051201e-08 1.146700e-07 4.374364e-12 1.351863e-07 fanout1045
 4.052387e-08 9.452857e-08 1.400371e-11 1.350664e-07 wire883
 2.036969e-08 1.145264e-07 4.472566e-12 1.349006e-07 fanout1015
 2.047116e-08 1.142234e-07 4.729000e-12 1.346993e-07 fanout998
 2.033115e-08 1.142776e-07 4.827241e-12 1.346135e-07 fanout1051
 2.034307e-08 1.130614e-07 4.374300e-12 1.334089e-07 fanout949
 2.041773e-08 1.126194e-07 4.728992e-12 1.330418e-07 fanout985
 2.060981e-08 1.122664e-07 4.374362e-12 1.328806e-07 fanout1040
 2.804224e-08 1.047565e-07 3.726319e-12 1.328025e-07 fanout289
 2.044701e-08 1.115513e-07 4.374347e-12 1.320027e-07 fanout1046
 1.026023e-08 1.212867e-07 4.778113e-12 1.315517e-07 fanout1331
 2.037056e-08 1.109824e-07 4.827228e-12 1.313578e-07 fanout1063
 2.042414e-08 1.108739e-07 4.374305e-12 1.313024e-07 fanout1076
 2.048579e-08 1.106131e-07 4.729012e-12 1.311036e-07 fanout988
 2.559820e-08 1.049659e-07 4.167671e-12 1.305683e-07 fanout238
 2.043915e-08 1.094051e-07 4.374331e-12 1.298487e-07 fanout1082
 1.639644e-08 1.133904e-07 6.889256e-12 1.297938e-07 fanout575
 2.429773e-08 1.054569e-07 3.725928e-12 1.297584e-07 fanout291
 2.043358e-08 1.090096e-07 4.827265e-12 1.294481e-07 fanout1096
 2.056963e-08 1.086077e-07 4.728998e-12 1.291821e-07 fanout1003
 2.040804e-08 1.078930e-07 4.827237e-12 1.283059e-07 fanout1098
 2.038126e-08 1.078799e-07 4.827228e-12 1.282660e-07 fanout1057
 2.059629e-08 1.070688e-07 4.374317e-12 1.276695e-07 fanout962
 1.993793e-08 1.077060e-07 7.398554e-12 1.276513e-07 fanout1209
 2.034055e-08 1.072439e-07 4.472598e-12 1.275889e-07 fanout1012
 2.431794e-08 1.030867e-07 4.147763e-12 1.274087e-07 fanout243
 1.642312e-08 1.102612e-07 6.889292e-12 1.266912e-07 fanout555
 2.663924e-08 9.992163e-08 4.521698e-12 1.265654e-07 fanout1310
 2.053865e-08 1.058409e-07 4.472606e-12 1.263841e-07 fanout1008
 2.558848e-08 1.002148e-07 4.167671e-12 1.258074e-07 fanout236
 1.958242e-08 1.061760e-07 3.725840e-12 1.257622e-07 fanout281
 2.431761e-08 1.014101e-07 4.147763e-12 1.257318e-07 fanout249
 1.628206e-08 1.092470e-07 6.889266e-12 1.255360e-07 fanout545
 2.046025e-08 1.049215e-07 4.728987e-12 1.253865e-07 fanout1004
 2.046064e-08 1.041360e-07 4.374331e-12 1.246010e-07 fanout1087
 2.058508e-08 1.038861e-07 4.374360e-12 1.244756e-07 fanout1023
 2.726449e-08 9.709346e-08 4.167642e-12 1.243621e-07 fanout241
 2.066864e-08 1.035397e-07 4.374322e-12 1.242127e-07 fanout1078
 2.067920e-08 1.032840e-07 4.827290e-12 1.239680e-07 fanout971
 1.881181e-08 1.051182e-07 7.486793e-12 1.239375e-07 fanout539
 2.214438e-08 1.016468e-07 4.191634e-12 1.237954e-07 fanout204
 2.048354e-08 1.026847e-07 4.827274e-12 1.231731e-07 fanout1053
 2.044937e-08 1.024848e-07 4.827283e-12 1.229390e-07 fanout1100
 2.049762e-08 1.018635e-07 4.827297e-12 1.223659e-07 fanout967
 2.046694e-08 1.012989e-07 4.374300e-12 1.217702e-07 fanout958
 2.046715e-08 1.011770e-07 4.374300e-12 1.216485e-07 fanout963
 2.065078e-08 1.007928e-07 4.729026e-12 1.214483e-07 fanout986
 2.442215e-08 9.646202e-08 4.147763e-12 1.208883e-07 fanout247
 1.883613e-08 1.017424e-07 7.486803e-12 1.205861e-07 fanout691
 2.050543e-08 9.990674e-08 4.374367e-12 1.204165e-07 fanout1031
 2.045225e-08 9.985648e-08 4.374363e-12 1.203131e-07 fanout1037
 1.884192e-08 1.011228e-07 7.486787e-12 1.199722e-07 fanout698
 1.634379e-08 1.033103e-07 6.889259e-12 1.196610e-07 fanout713
 2.272858e-08 9.603023e-08 4.191574e-12 1.187630e-07 fanout207
 2.055335e-08 9.755424e-08 4.374310e-12 1.181120e-07 fanout945
 1.640279e-08 1.015863e-07 6.889258e-12 1.179960e-07 fanout630
 2.557146e-08 9.178668e-08 4.167671e-12 1.173623e-07 fanout240
 2.076226e-08 9.655263e-08 4.374341e-12 1.173193e-07 fanout1034
 1.651348e-08 9.973284e-08 6.889193e-12 1.162532e-07 fanout613
 2.049552e-08 9.553745e-08 4.374331e-12 1.160373e-07 fanout1083
 2.050885e-08 9.526626e-08 4.374322e-12 1.157795e-07 fanout1067
 2.058324e-08 9.508338e-08 4.374377e-12 1.156710e-07 fanout1044
 2.065479e-08 9.469013e-08 4.374318e-12 1.153493e-07 fanout957
 2.051617e-08 9.481927e-08 4.374347e-12 1.153398e-07 fanout1041
 1.958230e-08 9.517375e-08 3.718744e-12 1.147598e-07 fanout329
 1.635169e-08 9.830696e-08 6.889271e-12 1.146655e-07 fanout700
 1.891534e-08 9.491924e-08 7.486760e-12 1.138421e-07 fanout589
 2.052833e-08 9.290807e-08 4.374366e-12 1.134408e-07 fanout1027
 2.043792e-08 9.238533e-08 4.827228e-12 1.128281e-07 fanout1061
 2.229633e-08 9.046556e-08 3.958050e-12 1.127658e-07 fanout395
 2.412343e-08 8.740076e-08 4.168672e-12 1.115284e-07 fanout225
 2.050521e-08 9.096347e-08 4.374305e-12 1.114731e-07 fanout1079
 2.066686e-08 9.025166e-08 4.827300e-12 1.109233e-07 fanout1099
 2.442592e-08 8.632529e-08 4.147763e-12 1.107554e-07 fanout245
 2.052574e-08 9.011719e-08 4.827252e-12 1.106478e-07 fanout1052
 1.067616e-08 9.959567e-08 4.390438e-12 1.102762e-07 fanout475
 1.671923e-08 9.354567e-08 6.889210e-12 1.102718e-07 fanout541
 2.054816e-08 8.967852e-08 4.374367e-12 1.102310e-07 fanout1030
 2.011326e-08 9.005624e-08 7.398556e-12 1.101769e-07 fanout1205
 1.642394e-08 9.358136e-08 6.889271e-12 1.100122e-07 fanout666
 2.654962e-08 8.336009e-08 4.521698e-12 1.099142e-07 fanout1311
 2.077314e-08 8.837238e-08 4.374321e-12 1.091499e-07 fanout947
 2.255832e-08 8.647660e-08 4.156648e-12 1.090391e-07 fanout256
 2.064208e-08 8.828940e-08 4.827322e-12 1.089363e-07 fanout975
 1.634306e-08 9.202488e-08 7.490383e-12 1.083754e-07 fanout598
 2.255789e-08 8.580339e-08 4.156648e-12 1.083654e-07 fanout258
 2.076636e-08 8.727796e-08 4.827337e-12 1.080491e-07 fanout974
 2.057115e-08 8.735934e-08 4.472605e-12 1.079350e-07 fanout1017
 2.064881e-08 8.652017e-08 4.827284e-12 1.071738e-07 fanout1095
 2.048573e-08 8.650136e-08 4.374348e-12 1.069915e-07 fanout1036
 2.065119e-08 8.603004e-08 4.729010e-12 1.066860e-07 fanout1001
 1.626678e-08 9.039512e-08 6.889300e-12 1.066688e-07 fanout591
 2.057311e-08 8.563426e-08 4.374329e-12 1.062118e-07 fanout1072
 2.235654e-08 8.315372e-08 4.191612e-12 1.055145e-07 fanout206
 2.053403e-08 8.457615e-08 4.827265e-12 1.051150e-07 fanout1094
 2.055048e-08 8.401465e-08 4.374324e-12 1.045695e-07 fanout955
 1.703701e-08 8.747539e-08 4.156625e-12 1.045166e-07 fanout270
 2.047027e-08 8.244634e-08 4.472592e-12 1.029211e-07 fanout1019
 2.069695e-08 8.206510e-08 4.729037e-12 1.027668e-07 fanout994
 2.058025e-08 8.154729e-08 4.729011e-12 1.021323e-07 fanout982
 2.056373e-08 8.120495e-08 4.827304e-12 1.017735e-07 fanout977
 2.058818e-08 8.074763e-08 4.374329e-12 1.013402e-07 fanout1071
 2.255401e-08 7.802640e-08 4.156648e-12 1.005846e-07 fanout252
 1.379085e-08 8.603993e-08 4.398354e-12 9.983518e-08 fanout182
 2.072202e-08 7.810312e-08 4.827300e-12 9.882996e-08 fanout970
 1.609468e-08 8.223902e-08 4.024954e-12 9.833772e-08 fanout1326
 1.705359e-08 8.121021e-08 4.156625e-12 9.826796e-08 fanout276
 1.603601e-08 8.114105e-08 4.025026e-12 9.718109e-08 fanout1324
 1.630476e-08 7.839031e-08 6.913000e-12 9.470199e-08 fanout1142
 9.846395e-09 8.236310e-08 4.348532e-12 9.221385e-08 fanout705
 1.894792e-08 7.123843e-08 4.172263e-12 9.019053e-08 fanout222
 1.013111e-08 7.852426e-08 4.423386e-12 8.865980e-08 fanout1208
 1.010675e-08 7.733583e-08 4.423407e-12 8.744700e-08 fanout1211
 1.503648e-08 7.164952e-08 4.011830e-12 8.669002e-08 fanout1316
 1.616495e-08 6.996508e-08 4.349262e-12 8.613438e-08 fanout399
 1.000961e-08 7.529089e-08 7.311824e-12 8.530781e-08 fanout891
 1.440148e-08 7.089111e-08 4.150485e-12 8.529674e-08 fanout198
 1.386585e-08 7.102033e-08 4.398354e-12 8.489058e-08 fanout176
 1.801524e-08 6.676249e-08 4.321560e-12 8.478205e-08 fanout1308
 8.476133e-08 0.000000e+00 4.112070e-12 8.476545e-08 clkload84
 8.462545e-08 0.000000e+00 4.112492e-12 8.462956e-08 clkload114
 8.458788e-08 0.000000e+00 4.112025e-12 8.459200e-08 clkload95
 8.431273e-08 0.000000e+00 4.112025e-12 8.431685e-08 clkload92
 8.420027e-08 0.000000e+00 4.112247e-12 8.420438e-08 clkload57
 8.400276e-08 0.000000e+00 4.112336e-12 8.400687e-08 clkload147
 8.395713e-08 0.000000e+00 4.112159e-12 8.396124e-08 clkload157
 8.381488e-08 0.000000e+00 4.112136e-12 8.381899e-08 clkload151
 8.364853e-08 0.000000e+00 4.112136e-12 8.365264e-08 clkload150
 8.353054e-08 0.000000e+00 4.112048e-12 8.353465e-08 clkload161
 1.682993e-08 6.653696e-08 4.715135e-12 8.337161e-08 fanout1199
 1.440866e-08 6.869362e-08 4.150485e-12 8.310643e-08 fanout194
 1.010691e-08 7.091355e-08 4.778128e-12 8.102523e-08 fanout1329
 1.358958e-08 6.355822e-08 4.398391e-12 7.715219e-08 fanout180
 1.157086e-08 6.265515e-08 3.747406e-12 7.422975e-08 fanout1074
 9.813546e-09 6.353475e-08 4.348427e-12 7.335264e-08 fanout543
 1.019532e-08 6.312997e-08 4.335770e-12 7.332962e-08 fanout425
 1.361548e-08 5.964164e-08 4.398391e-12 7.326152e-08 fanout177
 1.017054e-08 6.189190e-08 4.778134e-12 7.206721e-08 fanout1328
 1.074334e-08 6.124601e-08 4.390620e-12 7.199375e-08 fanout155
 1.357683e-08 5.791440e-08 4.398402e-12 7.149562e-08 fanout178
 1.156307e-08 5.979303e-08 4.560005e-12 7.136066e-08 fanout1059
 1.377604e-08 5.735975e-08 4.150546e-12 7.113994e-08 fanout197
 9.577102e-09 6.146909e-08 4.348391e-12 7.105054e-08 fanout560
 1.048946e-08 6.050077e-08 4.390501e-12 7.099462e-08 fanout142
 1.516299e-08 5.581873e-08 4.011861e-12 7.098574e-08 fanout1315
 9.577712e-09 6.131807e-08 4.348391e-12 7.090013e-08 fanout559
 1.155267e-08 5.899301e-08 4.383757e-12 7.055006e-08 fanout983
 1.157330e-08 5.874988e-08 4.560029e-12 7.032774e-08 fanout1093
 1.154564e-08 5.801348e-08 3.747484e-12 6.956287e-08 fanout1026
 1.506156e-08 5.353940e-08 4.137076e-12 6.860510e-08 fanout190
 1.154471e-08 5.691581e-08 4.383778e-12 6.846489e-08 fanout995
 9.670175e-09 5.805307e-08 4.348431e-12 6.772759e-08 fanout554
 9.659006e-09 5.772201e-08 4.348403e-12 6.738536e-08 fanout562
 1.158839e-08 5.413548e-08 4.560029e-12 6.572843e-08 fanout1091
 1.155730e-08 5.333540e-08 3.747428e-12 6.489645e-08 fanout1066
 1.157425e-08 5.322783e-08 4.383759e-12 6.480647e-08 fanout987
 8.333857e-09 5.605392e-08 4.607147e-12 6.439238e-08 fanout1128
 1.050559e-08 5.382153e-08 4.390506e-12 6.433151e-08 fanout148
 1.157829e-08 5.260361e-08 3.747367e-12 6.418565e-08 fanout952
 1.054211e-08 5.340530e-08 4.390511e-12 6.395179e-08 fanout138
 1.077855e-08 5.266075e-08 4.390640e-12 6.344369e-08 fanout152
 1.160465e-08 5.151631e-08 3.923739e-12 6.312488e-08 fanout1013
 1.163650e-08 5.085158e-08 3.747475e-12 6.249182e-08 fanout1086
 6.239726e-08 0.000000e+00 1.466809e-13 6.239740e-08 clkload93
 6.233980e-08 0.000000e+00 1.466886e-13 6.233995e-08 clkload46
 6.180017e-08 0.000000e+00 1.466880e-13 6.180032e-08 clkload82
 8.344985e-09 5.342382e-08 4.836080e-12 6.177364e-08 fanout1146
 1.162495e-08 5.012812e-08 4.383755e-12 6.175745e-08 fanout1002
 8.392378e-09 5.309924e-08 4.836120e-12 6.149646e-08 fanout1172
 6.139950e-08 0.000000e+00 1.466957e-13 6.139965e-08 clkload31
 6.138440e-08 0.000000e+00 1.466978e-13 6.138455e-08 clkload39
 1.183293e-08 4.951458e-08 4.390554e-12 6.135190e-08 fanout160
 6.115518e-08 0.000000e+00 1.466901e-13 6.115533e-08 clkload100
 6.091088e-08 0.000000e+00 1.466875e-13 6.091103e-08 clkload144
 6.066290e-08 0.000000e+00 1.466891e-13 6.066305e-08 clkload137
 1.165138e-08 4.882217e-08 4.560053e-12 6.047812e-08 fanout972
 6.046713e-08 0.000000e+00 1.466660e-13 6.046728e-08 clkload127
 6.025577e-08 0.000000e+00 1.466655e-13 6.025592e-08 clkload125
 6.006691e-08 0.000000e+00 1.466824e-13 6.006706e-08 clkload154
 5.995483e-08 0.000000e+00 1.466819e-13 5.995498e-08 clkload159
 1.052282e-08 4.890860e-08 4.390506e-12 5.943581e-08 fanout147
 1.163154e-08 4.770489e-08 3.747439e-12 5.934018e-08 fanout961
 1.052992e-08 4.860426e-08 4.390506e-12 5.913857e-08 fanout144
 1.166094e-08 4.736558e-08 4.383676e-12 5.903090e-08 fanout992
 9.898807e-09 4.911275e-08 4.651029e-12 5.901621e-08 fanout1189
 1.161319e-08 4.725939e-08 3.923739e-12 5.887650e-08 fanout1007
 1.169834e-08 4.690841e-08 3.747440e-12 5.861049e-08 fanout943
 8.350876e-09 5.007017e-08 4.836109e-12 5.842588e-08 fanout1134
 1.165941e-08 4.665526e-08 3.747427e-12 5.831842e-08 fanout944
 1.160034e-08 4.637741e-08 3.747397e-12 5.798150e-08 fanout1077
 5.764384e-08 0.000000e+00 1.466952e-13 5.764399e-08 clkload7
 1.080414e-08 4.628686e-08 4.390620e-12 5.709540e-08 fanout150
 1.054945e-08 4.585061e-08 4.390501e-12 5.640445e-08 fanout137
 5.113160e-09 5.122249e-08 7.456314e-12 5.634311e-08 fanout940
 8.416788e-09 4.770330e-08 4.836102e-12 5.612493e-08 fanout1114
 1.051348e-08 4.534494e-08 4.390560e-12 5.586281e-08 fanout375
 1.161428e-08 4.401720e-08 3.747503e-12 5.563523e-08 fanout1043
 1.165137e-08 4.365155e-08 3.747467e-12 5.530667e-08 fanout1035
 8.404420e-09 4.635757e-08 4.836077e-12 5.476683e-08 fanout1162
 9.967724e-09 4.462435e-08 4.550542e-12 5.459662e-08 fanout922
 8.338464e-09 4.603209e-08 4.836073e-12 5.437539e-08 fanout1163
 8.375024e-09 4.397333e-08 4.836109e-12 5.235319e-08 fanout1137
 8.417169e-09 4.353058e-08 4.836035e-12 5.195259e-08 fanout1180
 1.039469e-08 4.082347e-08 4.390554e-12 5.122255e-08 fanout377
 1.061260e-08 4.035299e-08 4.390516e-12 5.096998e-08 fanout140
 8.451470e-09 4.099162e-08 4.836084e-12 4.944792e-08 fanout1119
 8.458745e-09 4.078794e-08 4.836088e-12 4.925152e-08 fanout1118
 8.379062e-09 4.067491e-08 4.836028e-12 4.905880e-08 fanout1178
 6.098454e-09 4.255595e-08 3.776398e-12 4.865818e-08 fanout457
 8.432582e-09 3.962845e-08 4.836082e-12 4.806587e-08 fanout1161
 5.717996e-09 4.187595e-08 3.678349e-12 4.759763e-08 fanout431
 1.160425e-08 3.561655e-08 3.923739e-12 4.722472e-08 fanout1011
 1.165136e-08 3.434339e-08 4.560053e-12 4.599931e-08 fanout966
 4.385435e-08 0.000000e+00 3.901477e-12 4.385825e-08 clkload43
 4.381498e-08 0.000000e+00 3.901477e-12 4.381888e-08 clkload48
 4.376401e-08 0.000000e+00 3.901445e-12 4.376791e-08 clkload44
 4.371553e-08 0.000000e+00 3.902131e-12 4.371943e-08 clkload36
 4.370290e-08 0.000000e+00 3.901641e-12 4.370681e-08 clkload103
 4.369583e-08 0.000000e+00 3.902099e-12 4.369973e-08 clkload34
 4.369575e-08 0.000000e+00 3.902099e-12 4.369965e-08 clkload35
 4.367768e-08 0.000000e+00 3.901608e-12 4.368158e-08 clkload108
 4.365737e-08 0.000000e+00 3.901445e-12 4.366127e-08 clkload49
 4.363948e-08 0.000000e+00 3.901412e-12 4.364339e-08 clkload78
 4.362180e-08 0.000000e+00 3.900856e-12 4.362570e-08 clkload98
 4.362100e-08 0.000000e+00 3.900921e-12 4.362490e-08 clkload91
 4.358793e-08 0.000000e+00 3.901543e-12 4.359183e-08 clkload120
 4.357058e-08 0.000000e+00 3.900889e-12 4.357448e-08 clkload87
 4.345050e-08 0.000000e+00 3.900071e-12 4.345440e-08 clkload126
 6.104287e-09 3.728341e-08 3.776120e-12 4.339147e-08 fanout385
 4.336531e-08 0.000000e+00 3.901085e-12 4.336922e-08 clkload156
 4.335864e-08 0.000000e+00 3.901118e-12 4.336254e-08 clkload55
 4.335068e-08 0.000000e+00 3.901314e-12 4.335458e-08 clkload141
 8.494027e-09 3.471769e-08 4.647324e-12 4.321637e-08 fanout1190
 2.368326e-09 4.054236e-08 6.869280e-12 4.291756e-08 fanout761
 7.741261e-09 3.437047e-08 3.777093e-12 4.211551e-08 fanout174
 7.535321e-09 3.448725e-08 3.777103e-12 4.202635e-08 fanout169
 6.217519e-09 3.557960e-08 3.776340e-12 4.180090e-08 fanout476
 8.479510e-09 3.313204e-08 4.836042e-12 4.161638e-08 fanout1179
 6.618168e-09 3.495940e-08 3.776564e-12 4.158134e-08 fanout159
 5.740760e-09 3.513607e-08 3.678337e-12 4.088050e-08 fanout429
 8.434947e-09 3.219350e-08 4.836097e-12 4.063328e-08 fanout1153
 5.045619e-09 3.466120e-08 1.049917e-11 3.971732e-08 fanout737
 8.511279e-09 3.100449e-08 4.647324e-12 3.952042e-08 fanout1191
 8.501987e-09 3.049388e-08 4.836131e-12 3.900071e-08 fanout1170
 5.805602e-09 3.251016e-08 3.678285e-12 3.831944e-08 fanout426
 4.897072e-09 3.331009e-08 4.575854e-12 3.821174e-08 fanout1155
 5.940119e-09 3.191337e-08 3.776470e-12 3.785727e-08 fanout141
 5.779347e-09 3.191080e-08 3.678325e-12 3.769382e-08 fanout433
 7.682967e-09 2.921183e-08 3.790627e-12 3.689859e-08 fanout179
 5.940577e-09 3.079356e-08 3.776119e-12 3.673791e-08 fanout463
 5.952474e-09 3.075623e-08 3.776156e-12 3.671248e-08 fanout468
 7.541837e-09 2.903800e-08 3.777103e-12 3.658361e-08 fanout171
 6.242684e-09 3.033219e-08 3.776360e-12 3.657865e-08 fanout459
 5.051067e-09 3.142995e-08 6.923451e-12 3.648794e-08 fanout904
 2.437016e-09 3.382219e-08 6.869288e-12 3.626607e-08 fanout773
 5.945234e-09 3.007952e-08 3.776470e-12 3.602853e-08 fanout139
 4.987218e-09 3.036625e-08 6.894550e-12 3.536036e-08 fanout890
 6.016891e-09 2.916472e-08 3.776129e-12 3.518539e-08 fanout464
 4.983582e-09 3.018055e-08 7.456311e-12 3.517159e-08 fanout939
 4.976169e-09 3.013578e-08 6.923455e-12 3.511887e-08 fanout905
 5.855109e-09 2.834873e-08 3.776548e-12 3.420762e-08 fanout378
 5.961888e-09 2.816733e-08 3.776156e-12 3.413299e-08 fanout466
 6.563845e-09 2.722983e-08 6.999375e-12 3.380067e-08 fanout886
 5.980516e-09 2.771816e-08 3.776130e-12 3.370246e-08 fanout462
 1.606137e-08 1.739287e-08 1.181000e-12 3.345542e-08 max_cap860
 1.645626e-08 1.669845e-08 1.181000e-12 3.315589e-08 max_cap859
 5.443372e-09 2.759773e-08 4.325244e-12 3.304543e-08 fanout451
 5.821481e-09 2.705591e-08 3.678310e-12 3.288107e-08 fanout428
 7.535675e-09 2.516585e-08 3.777103e-12 3.270530e-08 fanout173
 4.802622e-09 2.714343e-08 4.575875e-12 3.195063e-08 fanout1141
 2.470044e-09 2.936372e-08 6.869292e-12 3.184063e-08 fanout806
 5.846080e-09 2.542883e-08 3.678263e-12 3.127858e-08 fanout424
 2.475384e-09 2.876810e-08 6.869290e-12 3.125036e-08 fanout804
 4.768081e-09 2.583460e-08 4.575831e-12 3.060725e-08 fanout1157
 6.090390e-09 2.439052e-08 3.776666e-12 3.048468e-08 fanout151
 2.477611e-09 2.742365e-08 6.869295e-12 2.990814e-08 fanout814
 2.477277e-09 2.732430e-08 6.869295e-12 2.980845e-08 fanout791
 2.712156e-09 2.647279e-08 6.865726e-12 2.919181e-08 fanout448
 5.865840e-09 2.308143e-08 3.776548e-12 2.895105e-08 fanout376
 4.930240e-09 2.393098e-08 4.575854e-12 2.886579e-08 fanout1152
 5.620873e-09 2.304031e-08 4.243852e-12 2.866543e-08 fanout1188
 6.663331e-09 2.170462e-08 3.776564e-12 2.837173e-08 fanout157
 5.610572e-09 2.264795e-08 4.063575e-12 2.826259e-08 fanout927
 4.809015e-09 2.342726e-08 4.070117e-12 2.824034e-08 fanout1193
 4.317746e-09 2.375231e-08 3.775668e-12 2.807383e-08 fanout1350
 4.736818e-09 2.308836e-08 4.575841e-12 2.782976e-08 fanout1120
 4.728052e-09 2.288210e-08 4.575929e-12 2.761473e-08 fanout1171
 4.348974e-09 2.296208e-08 7.338802e-12 2.731839e-08 fanout1202
 2.488979e-09 2.470820e-08 6.869282e-12 2.720405e-08 fanout767
 2.489826e-09 2.461091e-08 6.869288e-12 2.710760e-08 fanout812
 4.329086e-09 2.276041e-08 3.775679e-12 2.709327e-08 fanout1354
 2.681147e-08 0.000000e+00 1.567550e-12 2.681303e-08 clkload0
 2.482117e-09 2.410398e-08 6.869297e-12 2.659297e-08 fanout769
 4.436909e-09 2.208622e-08 7.040994e-12 2.653017e-08 fanout1343
 4.345407e-09 2.153496e-08 3.775660e-12 2.588414e-08 fanout1351
 4.299412e-09 2.137002e-08 3.775673e-12 2.567321e-08 fanout1352
 4.335356e-09 2.093990e-08 3.775679e-12 2.527903e-08 fanout1356
 4.730602e-09 2.011317e-08 4.165142e-12 2.484794e-08 fanout1127
 4.758737e-09 2.001172e-08 4.575772e-12 2.477503e-08 fanout1176
 4.771396e-09 1.957830e-08 4.070124e-12 2.435376e-08 fanout1192
 4.334339e-09 1.998665e-08 3.775670e-12 2.432476e-08 fanout1358
 2.517673e-09 2.092194e-08 6.869289e-12 2.344648e-08 fanout775
 2.475835e-09 2.087402e-08 6.869280e-12 2.335672e-08 fanout764
 2.493042e-09 2.068452e-08 6.869289e-12 2.318444e-08 fanout728
 2.524899e-09 2.052223e-08 6.869284e-12 2.305400e-08 fanout749
 4.126059e-09 1.865776e-08 7.261598e-12 2.279108e-08 fanout930
 1.206862e-09 2.156050e-08 4.873235e-12 2.277223e-08 fanout794
 2.524493e-09 1.908230e-08 6.869286e-12 2.161366e-08 fanout843
 7.025222e-09 1.433038e-08 1.181000e-12 2.135679e-08 wire855
 2.527014e-09 1.876690e-08 4.374359e-12 2.129829e-08 fanout908
 3.574130e-09 1.737655e-08 4.325222e-12 2.095500e-08 fanout439
 3.362839e-09 1.757461e-08 4.762687e-12 2.094221e-08 fanout885
 4.740066e-09 1.555504e-08 4.070108e-12 2.029918e-08 fanout1194
 2.535246e-09 1.694535e-08 4.374301e-12 1.948497e-08 fanout901
 2.474987e-09 1.661638e-08 6.869290e-12 1.909824e-08 fanout838
 2.497867e-09 1.622933e-08 6.869295e-12 1.873406e-08 fanout733
 2.545946e-09 1.578404e-08 6.869284e-12 1.833686e-08 fanout748
 5.131779e-09 1.318942e-08 1.400135e-11 1.833520e-08 max_cap1183
 2.096787e-09 1.622664e-08 7.511184e-12 1.833094e-08 fanout638
 2.502102e-09 1.556845e-08 6.869295e-12 1.807742e-08 fanout724
 2.521449e-09 1.535303e-08 6.869293e-12 1.788134e-08 fanout777
 2.547568e-09 1.407276e-08 4.374362e-12 1.662471e-08 fanout907
 2.508270e-09 1.405975e-08 6.869296e-12 1.657489e-08 fanout837
 2.535149e-09 1.392025e-08 6.869285e-12 1.646227e-08 fanout857
 2.505058e-09 1.380983e-08 6.869286e-12 1.632176e-08 fanout758
 2.549118e-09 1.315905e-08 6.869286e-12 1.571504e-08 fanout842
 2.596320e-09 1.309305e-08 7.282901e-12 1.569666e-08 fanout933
 2.512449e-09 1.316420e-08 6.869289e-12 1.568351e-08 fanout727
 2.502383e-09 1.315345e-08 6.869278e-12 1.566270e-08 fanout736
 2.634675e-09 1.292658e-08 1.181000e-12 1.556244e-08 fanout1353
 2.506828e-09 1.301742e-08 6.869291e-12 1.553112e-08 fanout831
 2.569454e-09 1.264590e-08 6.869283e-12 1.522223e-08 fanout763
 2.592165e-09 1.255888e-08 6.869279e-12 1.515792e-08 fanout798
 2.551919e-09 1.255145e-08 6.869289e-12 1.511024e-08 fanout774
 2.535732e-09 1.248700e-08 6.869292e-12 1.502960e-08 fanout757
 2.488447e-09 1.242965e-08 6.869288e-12 1.492497e-08 fanout740
 2.559785e-09 1.233154e-08 6.869284e-12 1.489819e-08 fanout829
 6.944225e-09 7.767420e-09 1.181000e-12 1.471283e-08 max_cap854
 2.543697e-09 1.194352e-08 6.869291e-12 1.449408e-08 fanout832
 2.578272e-09 1.149963e-08 6.869287e-12 1.408478e-08 fanout795
 2.579421e-09 1.137986e-08 6.869282e-12 1.396615e-08 fanout808
 2.535285e-09 1.140439e-08 6.869292e-12 1.394655e-08 fanout821
 2.522527e-09 1.099666e-08 6.869277e-12 1.352605e-08 fanout784
 2.489609e-09 1.091774e-08 6.869283e-12 1.341422e-08 fanout819
 2.506595e-09 1.085742e-08 6.869288e-12 1.337089e-08 fanout778
 2.121418e-09 1.057442e-08 4.539813e-12 1.270038e-08 fanout928
 1.264927e-09 1.078159e-08 4.873214e-12 1.205139e-08 fanout644
 1.261857e-09 9.384421e-09 4.423452e-12 1.065070e-08 fanout898
 1.789819e-09 8.816658e-09 4.328838e-12 1.061081e-08 fanout442
 1.268423e-09 8.619966e-09 4.873248e-12 9.893262e-09 fanout848
 1.793116e-09 8.073674e-09 4.328838e-12 9.871119e-09 fanout441
 1.270816e-09 8.235943e-09 4.873231e-12 9.511632e-09 fanout845
 1.269612e-09 8.147856e-09 4.873237e-12 9.422341e-09 fanout793
 1.488845e-09 7.045669e-09 4.872663e-12 8.539387e-09 fanout915
 1.270275e-09 7.111101e-09 4.873248e-12 8.386249e-09 fanout790
 1.277550e-09 6.759963e-09 4.873250e-12 8.042386e-09 fanout746
 1.275320e-09 6.669808e-09 4.873237e-12 7.950002e-09 fanout792
 1.193945e-09 6.476856e-09 4.044327e-12 7.674846e-09 fanout929
 1.249029e-09 6.093520e-09 4.380705e-12 7.346930e-09 fanout1344
 1.511839e-09 5.751567e-09 4.328840e-12 7.267735e-09 fanout474
 1.517179e-09 5.695923e-09 4.328841e-12 7.217431e-09 fanout473
 1.453938e-09 5.642943e-09 3.664843e-12 7.100545e-09 fanout868
 1.276899e-09 5.725074e-09 4.873254e-12 7.006846e-09 fanout772
 1.495495e-09 5.406390e-09 4.872663e-12 6.906757e-09 fanout916
 1.504411e-09 5.372675e-09 4.872664e-12 6.881959e-09 fanout917
 1.283405e-09 5.557369e-09 4.873234e-12 6.845647e-09 fanout874
 1.027311e-09 5.423926e-09 4.327678e-12 6.455565e-09 fanout637
 9.462272e-10 4.949823e-09 3.659404e-12 5.899709e-09 fanout472
 1.242937e-09 4.394185e-09 3.926599e-12 5.641049e-09 fanout1203
 2.412128e-10 5.138872e-09 6.865712e-12 5.386950e-09 fanout444
 7.352550e-10 4.369047e-09 4.278947e-12 5.108581e-09 fanout1241
 7.255294e-10 3.759181e-09 3.664844e-12 4.488375e-09 fanout650
 7.292311e-10 3.451855e-09 4.642501e-12 4.185729e-09 fanout873
 7.253454e-10 3.231424e-09 3.664850e-12 3.960434e-09 fanout647
 4.875990e-10 3.374311e-09 7.513400e-12 3.869424e-09 fanout641
 8.438486e-10 2.954483e-09 4.641477e-12 3.802973e-09 fanout918
 7.246653e-10 2.864226e-09 4.642463e-12 3.593533e-09 fanout645
 7.286478e-10 1.916572e-09 3.664844e-12 2.648884e-09 fanout651
 9.050115e-10 1.589120e-09 1.181000e-12 2.495313e-09 wire818
 8.868234e-10 1.351912e-09 1.181000e-12 2.239917e-09 max_cap817
 2.468004e-10 1.296990e-09 4.325795e-12 1.548116e-09 fanout640
 5.557288e-11 7.480312e-10 7.514097e-12 8.111182e-10 fanout449
 3.175425e-11 1.613826e-10 4.325203e-12 1.974621e-10 fanout450
 3.849207e-19 3.311148e-18 1.416719e-11 1.416720e-11 fanout1372
 3.860811e-19 2.642796e-18 1.416719e-11 1.416720e-11 max_cap1364
 3.717596e-19 3.200715e-18 1.047901e-11 1.047901e-11 fanout1385
 1.867266e-19 9.411814e-19 7.514063e-12 7.514064e-12 fanout1370
 1.638142e-13 6.617618e-13 4.876300e-12 5.701876e-12 fanout913
 9.531325e-20 6.657754e-19 4.876269e-12 4.876270e-12 fanout1380
 9.557050e-20 4.543566e-19 4.876269e-12 4.876270e-12 fanout1384
 1.650948e-16 7.969939e-16 4.786572e-12 4.787534e-12 fanout1374
 3.192661e-16 1.928748e-15 4.661951e-12 4.664200e-12 fanout1360
 1.493344e-15 1.023126e-14 4.648282e-12 4.660007e-12 input8
 0.000000e+00 0.000000e+00 4.648000e-12 4.648000e-12 input23
 0.000000e+00 0.000000e+00 4.648000e-12 4.648000e-12 input24
 0.000000e+00 0.000000e+00 4.648000e-12 4.648000e-12 input25
 0.000000e+00 0.000000e+00 4.648000e-12 4.648000e-12 input26
 0.000000e+00 0.000000e+00 4.648000e-12 4.648000e-12 input27
 0.000000e+00 0.000000e+00 4.648000e-12 4.648000e-12 input28
 0.000000e+00 0.000000e+00 4.648000e-12 4.648000e-12 input29
 0.000000e+00 0.000000e+00 4.648000e-12 4.648000e-12 input30
 0.000000e+00 0.000000e+00 4.648000e-12 4.648000e-12 input33
 0.000000e+00 0.000000e+00 4.648000e-12 4.648000e-12 input34
 0.000000e+00 0.000000e+00 4.648000e-12 4.648000e-12 input36
 0.000000e+00 0.000000e+00 4.648000e-12 4.648000e-12 input37
 0.000000e+00 0.000000e+00 4.648000e-12 4.648000e-12 input38
 0.000000e+00 0.000000e+00 4.648000e-12 4.648000e-12 input39
 0.000000e+00 0.000000e+00 4.648000e-12 4.648000e-12 input40
 0.000000e+00 0.000000e+00 4.648000e-12 4.648000e-12 input41
 0.000000e+00 0.000000e+00 4.648000e-12 4.648000e-12 input42
 0.000000e+00 0.000000e+00 4.648000e-12 4.648000e-12 input43
 0.000000e+00 0.000000e+00 4.648000e-12 4.648000e-12 input44
 0.000000e+00 0.000000e+00 4.648000e-12 4.648000e-12 input45
 0.000000e+00 0.000000e+00 4.648000e-12 4.648000e-12 input46
 0.000000e+00 0.000000e+00 4.648000e-12 4.648000e-12 input48
 0.000000e+00 0.000000e+00 4.648000e-12 4.648000e-12 input49
 0.000000e+00 0.000000e+00 4.648000e-12 4.648000e-12 input50
 0.000000e+00 0.000000e+00 4.648000e-12 4.648000e-12 input51
 0.000000e+00 0.000000e+00 4.648000e-12 4.648000e-12 input52
 0.000000e+00 0.000000e+00 4.648000e-12 4.648000e-12 input53
 0.000000e+00 0.000000e+00 4.648000e-12 4.648000e-12 input54
 0.000000e+00 0.000000e+00 4.648000e-12 4.648000e-12 input9
 5.466109e-20 2.267881e-19 4.647945e-12 4.647945e-12 fanout1383
 2.052656e-16 8.156897e-16 4.538027e-12 4.539048e-12 input7
 9.620955e-20 4.180459e-19 4.325231e-12 4.325231e-12 fanout1365
 9.681429e-20 3.564919e-19 4.325231e-12 4.325231e-12 fanout1367
 2.107763e-16 1.176963e-15 4.168853e-12 4.170241e-12 input4
 2.109267e-16 1.169285e-15 4.126997e-12 4.128378e-12 input2
 2.057797e-16 9.868840e-16 4.053655e-12 4.054847e-12 input1
 1.875678e-16 1.194059e-15 4.043849e-12 4.045230e-12 input5
 9.624236e-17 7.941828e-17 1.181000e-12 1.181176e-12 input11
 6.016333e-17 7.626080e-17 1.181000e-12 1.181136e-12 input6
 0.000000e+00 0.000000e+00 1.181000e-12 1.181000e-12 input12
 0.000000e+00 0.000000e+00 1.181000e-12 1.181000e-12 input13
 0.000000e+00 0.000000e+00 1.181000e-12 1.181000e-12 input14
 0.000000e+00 0.000000e+00 1.181000e-12 1.181000e-12 input15
 0.000000e+00 0.000000e+00 1.181000e-12 1.181000e-12 input16
 0.000000e+00 0.000000e+00 1.181000e-12 1.181000e-12 input17
 0.000000e+00 0.000000e+00 1.181000e-12 1.181000e-12 input18
 0.000000e+00 0.000000e+00 1.181000e-12 1.181000e-12 input19
 0.000000e+00 0.000000e+00 1.181000e-12 1.181000e-12 input20
 0.000000e+00 0.000000e+00 1.181000e-12 1.181000e-12 input21
 0.000000e+00 0.000000e+00 1.181000e-12 1.181000e-12 input22
 0.000000e+00 0.000000e+00 1.181000e-12 1.181000e-12 input55
