     Internal    Switching      Leakage        Total
        Power        Power        Power        Power (Watts)
----------------------------------------------------
 9.012594e-07 2.093414e-06 1.226625e-11 2.994685e-06 clkbuf_0_core_clk
 4.466800e-07 1.431159e-06 7.179906e-12 1.877847e-06 clkbuf_4_3_0_core_clk
 3.091580e-07 1.488319e-06 1.109712e-11 1.797488e-06 clkbuf_0_w_clk
 3.538109e-07 1.387306e-06 1.118665e-11 1.741128e-06 clkbuf_0_v_clk
 4.392402e-07 8.956529e-07 7.179906e-12 1.334900e-06 clkbuf_4_15_0_core_clk
 4.389916e-07 8.910665e-07 7.179906e-12 1.330065e-06 clkbuf_4_5_0_core_clk
 4.389181e-07 8.880218e-07 7.179906e-12 1.326947e-06 clkbuf_4_1_0_core_clk
 4.382121e-07 8.567098e-07 7.179906e-12 1.294929e-06 clkbuf_4_14_0_core_clk
 4.378315e-07 8.416056e-07 7.179906e-12 1.279444e-06 clkbuf_4_9_0_core_clk
 4.378031e-07 8.410895e-07 7.179906e-12 1.278900e-06 clkbuf_4_12_0_core_clk
 4.373534e-07 8.279329e-07 7.179906e-12 1.265293e-06 clkbuf_4_2_0_core_clk
 4.364242e-07 7.934085e-07 7.179906e-12 1.229840e-06 clkbuf_4_0_0_core_clk
 4.360839e-07 7.809161e-07 7.179906e-12 1.217007e-06 clkbuf_4_7_0_core_clk
 4.359404e-07 7.700021e-07 7.179906e-12 1.205950e-06 clkbuf_4_8_0_core_clk
 4.354192e-07 7.554827e-07 7.179906e-12 1.190909e-06 clkbuf_4_4_0_core_clk
 8.700985e-07 3.028952e-07 1.232310e-11 1.173006e-06 clkbuf_0_clk
 4.348076e-07 7.275540e-07 7.179906e-12 1.162369e-06 clkbuf_4_13_0_core_clk
 4.348038e-07 7.271257e-07 7.179906e-12 1.161937e-06 clkbuf_4_11_0_core_clk
 4.344679e-07 7.198158e-07 7.179906e-12 1.154291e-06 clkbuf_4_6_0_core_clk
 4.338289e-07 6.901101e-07 7.179906e-12 1.123946e-06 clkbuf_4_10_0_core_clk
 8.567699e-07 2.623949e-07 1.232310e-11 1.119177e-06 clkbuf_1_0__f_clk
 8.421583e-07 1.271410e-07 1.232310e-11 9.693116e-07 clkbuf_1_1__f_clk
 1.094775e-07 6.395092e-07 7.025415e-12 7.489938e-07 fanout96
 1.739452e-07 4.681893e-07 6.990129e-12 6.421415e-07 clkbuf_4_10_0_v_clk
 4.091267e-07 1.931346e-07 8.296318e-12 6.022696e-07 u_icg
 1.721153e-07 4.174421e-07 6.990129e-12 5.895643e-07 clkbuf_4_3_0_v_clk
 1.727558e-07 4.103291e-07 6.990129e-12 5.830919e-07 clkbuf_4_9_0_v_clk
 1.718932e-07 4.068675e-07 6.990129e-12 5.787677e-07 clkbuf_4_2_0_v_clk
 1.717076e-07 3.933289e-07 6.990129e-12 5.650435e-07 clkbuf_4_5_0_v_clk
 1.715676e-07 3.899011e-07 6.990129e-12 5.614757e-07 clkbuf_4_0_0_v_clk
 1.722160e-07 3.859392e-07 6.990129e-12 5.581622e-07 clkbuf_4_8_0_v_clk
 1.715337e-07 3.824250e-07 6.990129e-12 5.539658e-07 clkbuf_4_6_0_v_clk
 1.719301e-07 3.806282e-07 6.990129e-12 5.525653e-07 clkbuf_4_15_0_v_clk
 1.716283e-07 3.728627e-07 6.990129e-12 5.444979e-07 clkbuf_4_13_0_v_clk
 2.963650e-07 2.479269e-07 8.814774e-12 5.443007e-07 u_icg_v
 7.611609e-08 4.534712e-07 4.692555e-12 5.295920e-07 fanout172
 1.708755e-07 3.547907e-07 6.990129e-12 5.256732e-07 clkbuf_4_4_0_v_clk
 1.708385e-07 3.540305e-07 6.990129e-12 5.248760e-07 clkbuf_4_1_0_v_clk
 1.715057e-07 3.531995e-07 6.990129e-12 5.247122e-07 clkbuf_4_11_0_v_clk
 2.828421e-07 2.276133e-07 8.855527e-12 5.104642e-07 u_icg_w
 1.710965e-07 3.383385e-07 6.990129e-12 5.094419e-07 clkbuf_4_14_0_v_clk
 1.704433e-07 3.309402e-07 6.990129e-12 5.013904e-07 clkbuf_4_7_0_v_clk
 1.705616e-07 3.221006e-07 6.990129e-12 4.926691e-07 clkbuf_4_12_0_v_clk
 7.670662e-08 3.871263e-07 4.692555e-12 4.638376e-07 fanout171
 7.636766e-08 3.749247e-07 4.508944e-12 4.512969e-07 fanout240
 1.486787e-07 3.005731e-07 6.974391e-12 4.492588e-07 clkbuf_4_3_0_w_clk
 1.480576e-07 2.673627e-07 6.974391e-12 4.154273e-07 clkbuf_4_6_0_w_clk
 7.691336e-08 3.217785e-07 4.510015e-12 3.986964e-07 fanout254
 3.961192e-07 0.000000e+00 7.179906e-12 3.961264e-07 clkload7
 7.812468e-08 3.131863e-07 4.510015e-12 3.913155e-07 fanout252
 1.475518e-07 2.405031e-07 6.974391e-12 3.880619e-07 clkbuf_4_9_0_w_clk
 4.564079e-08 3.375805e-07 4.767305e-12 3.832261e-07 fanout170
 1.473933e-07 2.348120e-07 6.974391e-12 3.822123e-07 clkbuf_4_2_0_w_clk
 1.473721e-07 2.336609e-07 6.974391e-12 3.810400e-07 clkbuf_4_1_0_w_clk
 7.704480e-08 2.957888e-07 4.510015e-12 3.728381e-07 fanout265
 7.705729e-08 2.930535e-07 4.510015e-12 3.701153e-07 fanout263
 1.471227e-07 2.188677e-07 6.974391e-12 3.659975e-07 clkbuf_4_11_0_w_clk
 1.468133e-07 2.046158e-07 6.974391e-12 3.514361e-07 clkbuf_4_7_0_w_clk
 7.684083e-08 2.728025e-07 4.510015e-12 3.496478e-07 fanout253
 1.467314e-07 2.009440e-07 6.974391e-12 3.476823e-07 clkbuf_4_0_0_w_clk
 1.467241e-07 2.004817e-07 6.974391e-12 3.472128e-07 clkbuf_4_4_0_w_clk
 1.467459e-07 1.998979e-07 6.974391e-12 3.466508e-07 clkbuf_4_14_0_w_clk
 1.467233e-07 1.989389e-07 6.974391e-12 3.456691e-07 clkbuf_4_8_0_w_clk
 1.465854e-07 1.926794e-07 6.974391e-12 3.392717e-07 clkbuf_4_12_0_w_clk
 1.464551e-07 1.866196e-07 6.974391e-12 3.330817e-07 clkbuf_4_5_0_w_clk
 1.463148e-07 1.788114e-07 6.974391e-12 3.251331e-07 clkbuf_4_13_0_w_clk
 1.462652e-07 1.759441e-07 6.974391e-12 3.222163e-07 clkbuf_4_10_0_w_clk
 1.460201e-07 1.636026e-07 6.974391e-12 3.096297e-07 clkbuf_4_15_0_w_clk
 4.330192e-08 2.289223e-07 3.990867e-12 2.722282e-07 fanout262
 4.531272e-08 2.201592e-07 4.767305e-12 2.654766e-07 fanout164
 4.532853e-08 2.166151e-07 4.767305e-12 2.619484e-07 fanout165
 4.577559e-08 1.914999e-07 4.767305e-12 2.372802e-07 fanout167
 4.546060e-08 1.812740e-07 4.767305e-12 2.267394e-07 fanout161
 4.599794e-08 1.782966e-07 4.767305e-12 2.242993e-07 fanout163
 3.485522e-08 1.809903e-07 7.167440e-12 2.158527e-07 fanout236
 3.910324e-08 1.403796e-07 7.071749e-12 1.794899e-07 fanout403
 9.964960e-09 1.540218e-07 4.549584e-12 1.639914e-07 fanout357
 1.572252e-07 0.000000e+00 6.813216e-12 1.572320e-07 clkload10
 1.565517e-07 0.000000e+00 6.990129e-12 1.565587e-07 clkload36
 1.563817e-07 0.000000e+00 6.990129e-12 1.563887e-07 clkload41
 3.366615e-08 1.149863e-07 7.035991e-12 1.486595e-07 fanout395
 1.364013e-08 1.343506e-07 4.729422e-12 1.479955e-07 fanout159
 3.365953e-08 1.132695e-07 7.035991e-12 1.469360e-07 fanout393
 3.019108e-08 1.136631e-07 7.390047e-12 1.438616e-07 fanout243
 1.845773e-08 1.198012e-07 4.706200e-12 1.382636e-07 fanout408
 1.372701e-07 0.000000e+00 6.974391e-12 1.372771e-07 clkload29
 2.300722e-08 1.140297e-07 6.947792e-12 1.370438e-07 fanout178
 1.369020e-07 0.000000e+00 6.974391e-12 1.369090e-07 clkload18
 2.321768e-08 1.126616e-07 7.431912e-12 1.358867e-07 fanout177
 1.998541e-08 1.154092e-07 4.828304e-12 1.353994e-07 fanout119
 1.971601e-08 1.132276e-07 4.712032e-12 1.329483e-07 fanout115
 1.699165e-08 1.068048e-07 4.731562e-12 1.238011e-07 fanout397
 2.016223e-08 9.829775e-08 4.828304e-12 1.184648e-07 fanout121
 2.006982e-08 9.683236e-08 4.828304e-12 1.169070e-07 fanout120
 1.898572e-08 9.635884e-08 4.676449e-12 1.153492e-07 fanout411
 1.718815e-08 9.796253e-08 4.470018e-12 1.151552e-07 fanout274
 1.387651e-08 9.938822e-08 4.749755e-12 1.132695e-07 fanout228
 1.586310e-08 9.020393e-08 4.503300e-12 1.060715e-07 fanout276
 2.013432e-08 8.152032e-08 4.828304e-12 1.016595e-07 fanout122
 1.580054e-08 8.531460e-08 4.503300e-12 1.011196e-07 fanout277
 2.154809e-08 7.934883e-08 6.944518e-12 1.009039e-07 fanout181
 1.497860e-08 8.572253e-08 4.571735e-12 1.007057e-07 fanout146
 1.628401e-08 8.396418e-08 4.602877e-12 1.002528e-07 fanout286
 1.580766e-08 8.352267e-08 4.503300e-12 9.933483e-08 fanout280
 1.620866e-08 8.239819e-08 4.598703e-12 9.861144e-08 fanout364
 1.623994e-08 8.133678e-08 4.602877e-12 9.758133e-08 fanout284
 1.347159e-08 8.374043e-08 4.472158e-12 9.721649e-08 fanout154
 1.724876e-08 7.521953e-08 4.619838e-12 9.247291e-08 fanout235
 1.631980e-08 7.549810e-08 4.602877e-12 9.182250e-08 fanout285
 1.635821e-08 7.530384e-08 4.598703e-12 9.166664e-08 fanout371
 1.517918e-08 7.497636e-08 4.629845e-12 9.016016e-08 fanout151
 1.371067e-08 7.642877e-08 4.749755e-12 9.014419e-08 fanout226
 1.628791e-08 7.283603e-08 4.598703e-12 8.912854e-08 fanout368
 1.749439e-08 7.095747e-08 4.625671e-12 8.845649e-08 fanout233
 1.627970e-08 7.138597e-08 4.602877e-12 8.767027e-08 fanout283
 1.504113e-08 7.209436e-08 4.629845e-12 8.714012e-08 fanout149
 1.629715e-08 7.061603e-08 4.598703e-12 8.691777e-08 fanout366
 6.127036e-09 8.026645e-08 3.709217e-12 8.639720e-08 fanout89
 1.602808e-08 7.015040e-08 4.698281e-12 8.618318e-08 fanout382
 1.726241e-08 6.859248e-08 4.731562e-12 8.585962e-08 fanout400
 1.595826e-08 6.918911e-08 4.698281e-12 8.515207e-08 fanout376
 1.603298e-08 6.909666e-08 4.698281e-12 8.513435e-08 fanout383
 1.591597e-08 6.912241e-08 4.698281e-12 8.504308e-08 fanout378
 1.350207e-08 7.026214e-08 4.729422e-12 8.376895e-08 fanout155
 1.350580e-08 6.979867e-08 4.729422e-12 8.330920e-08 fanout158
 1.602835e-08 6.701732e-08 4.503300e-12 8.305017e-08 fanout278
 1.131327e-08 7.108742e-08 4.352034e-12 8.240504e-08 hold60
 1.366867e-08 6.759836e-08 4.729422e-12 8.127176e-08 fanout157
 8.096146e-08 0.000000e+00 4.049757e-12 8.096551e-08 clkload15
 8.076297e-08 0.000000e+00 4.770542e-12 8.076774e-08 clkload31
 1.509427e-08 6.510000e-08 4.629845e-12 8.019890e-08 fanout152
 1.120878e-08 6.854263e-08 3.973636e-12 7.975538e-08 fanout271
 1.604777e-08 6.303852e-08 4.698281e-12 7.909099e-08 fanout391
 1.352464e-08 6.462922e-08 4.729422e-12 7.815859e-08 fanout156
 1.379142e-08 6.359548e-08 4.749755e-12 7.739165e-08 fanout224
 1.106194e-08 6.630302e-08 4.367872e-12 7.736933e-08 fanout135
 1.612691e-08 6.106205e-08 4.698281e-12 7.719367e-08 fanout387
 1.613056e-08 6.034648e-08 4.698281e-12 7.648173e-08 fanout386
 1.110572e-08 6.432057e-08 4.352034e-12 7.543063e-08 fanout195
 1.114288e-08 6.420640e-08 4.849493e-12 7.535413e-08 fanout111
 1.377086e-08 6.058873e-08 4.749755e-12 7.436433e-08 fanout227
 1.591014e-08 5.827658e-08 4.503300e-12 7.419123e-08 fanout281
 1.115352e-08 6.168911e-08 4.849493e-12 7.284748e-08 fanout110
 1.113618e-08 6.137639e-08 4.849546e-12 7.251742e-08 fanout201
 8.767040e-09 6.295532e-08 4.442569e-12 7.172680e-08 fanout99
 1.050657e-08 6.094222e-08 4.549584e-12 7.145334e-08 fanout358
 1.356700e-08 5.738436e-08 4.472158e-12 7.095583e-08 fanout153
 7.084941e-08 0.000000e+00 4.783919e-12 7.085419e-08 clkload16
 7.084216e-08 0.000000e+00 4.783919e-12 7.084694e-08 clkload22
 1.114552e-08 5.893766e-08 4.849546e-12 7.008803e-08 fanout205
 1.114444e-08 5.771673e-08 4.352034e-12 6.886552e-08 fanout190
 1.605446e-08 5.259279e-08 4.698281e-12 6.865195e-08 fanout381
 1.257079e-08 5.583176e-08 4.406612e-12 6.840695e-08 fanout180
 1.040613e-08 5.797522e-08 4.549584e-12 6.838590e-08 fanout356
 1.115465e-08 5.673284e-08 4.849546e-12 6.789234e-08 fanout212
 1.052554e-08 5.677052e-08 4.549584e-12 6.730061e-08 fanout359
 1.115136e-08 5.508092e-08 4.352034e-12 6.623662e-08 fanout199
 1.115288e-08 5.481132e-08 4.849546e-12 6.596905e-08 fanout207
 1.122074e-08 5.396029e-08 4.849546e-12 6.518588e-08 fanout204
 1.138081e-08 5.331857e-08 4.561892e-12 6.470395e-08 fanout124
 1.115469e-08 5.281122e-08 4.833708e-12 6.397075e-08 fanout138
 1.125826e-08 5.108067e-08 4.849546e-12 6.234379e-08 fanout206
 9.144734e-09 5.096222e-08 4.157466e-12 6.011111e-08 fanout288
 6.349990e-09 5.327486e-08 3.735856e-12 5.962859e-08 fanout137
 1.127365e-08 4.757823e-08 4.352034e-12 5.885624e-08 fanout198
 5.873494e-08 0.000000e+00 1.452439e-13 5.873509e-08 clkload6
 5.761928e-08 0.000000e+00 1.452439e-13 5.761943e-08 clkload2
 1.057458e-08 4.594976e-08 4.549584e-12 5.652889e-08 fanout360
 1.062536e-08 4.512102e-08 4.289459e-12 5.575067e-08 fanout412
 1.105631e-08 4.449278e-08 4.129820e-12 5.555322e-08 fanout132
 1.102467e-08 4.439143e-08 4.132316e-12 5.542023e-08 fanout131
 1.136259e-08 4.367111e-08 4.403027e-12 5.503810e-08 fanout246
 9.667844e-09 4.422117e-08 4.388333e-12 5.389340e-08 fanout396
 6.273038e-09 4.734566e-08 3.709217e-12 5.362240e-08 fanout88
 8.645864e-09 4.158684e-08 3.848458e-12 5.023655e-08 fanout244
 5.813622e-09 4.440810e-08 4.842911e-12 5.022656e-08 fanout142
 6.310736e-09 4.262827e-08 3.709217e-12 4.894271e-08 fanout90
 9.003085e-09 3.925463e-08 4.328625e-12 4.826204e-08 fanout385
 6.274578e-09 3.997186e-08 3.707442e-12 4.625014e-08 fanout185
 9.808545e-09 3.589563e-08 4.185881e-12 4.570837e-08 fanout133
 9.670111e-09 3.401034e-08 4.388333e-12 4.368484e-08 fanout394
 9.007916e-09 3.426832e-08 4.328625e-12 4.328056e-08 fanout389
 4.250383e-08 0.000000e+00 3.809342e-12 4.250764e-08 clkload3
 4.197859e-08 0.000000e+00 3.809342e-12 4.198240e-08 clkload9
 9.185725e-09 3.277428e-08 4.149979e-12 4.196416e-08 fanout367
 6.314663e-09 3.279640e-08 3.709217e-12 3.911477e-08 fanout80
 6.338465e-09 3.265421e-08 3.709217e-12 3.899639e-08 fanout84
 6.342735e-09 3.169290e-08 3.709217e-12 3.803934e-08 fanout86
 5.913112e-09 3.076131e-08 3.774639e-12 3.667820e-08 fanout242
 4.609872e-09 3.150448e-08 4.356422e-12 3.611871e-08 fanout231
 5.918816e-09 2.877737e-08 4.061855e-12 3.470025e-08 fanout361
 6.332022e-09 2.800092e-08 3.709217e-12 3.433665e-08 fanout82
 6.350695e-09 2.746417e-08 3.709217e-12 3.381858e-08 fanout91
 4.618851e-09 2.897031e-08 4.356422e-12 3.359352e-08 fanout230
 6.329633e-09 2.588834e-08 4.600002e-12 3.222257e-08 fanout210
 3.200093e-08 0.000000e+00 2.748190e-12 3.200368e-08 clkload44
 4.662632e-09 2.442090e-08 4.356422e-12 2.908789e-08 fanout229
 2.665959e-08 0.000000e+00 1.567550e-12 2.666116e-08 clkload0
 2.279204e-08 0.000000e+00 1.152289e-13 2.279216e-08 clkload42
 2.277917e-08 0.000000e+00 1.152289e-13 2.277929e-08 clkload32
 2.244090e-08 0.000000e+00 1.152289e-13 2.244101e-08 clkload33
 2.073999e-08 0.000000e+00 1.127397e-13 2.074010e-08 clkload20
 2.067523e-08 0.000000e+00 1.127397e-13 2.067534e-08 clkload27
 2.033476e-08 0.000000e+00 1.127397e-13 2.033487e-08 clkload24
 2.640909e-09 1.432895e-08 4.592131e-12 1.697445e-08 fanout145
 1.661199e-08 0.000000e+00 1.895100e-12 1.661389e-08 clkload45
 1.658523e-08 0.000000e+00 1.895100e-12 1.658712e-08 clkload35
 3.637218e-09 1.252814e-08 4.866990e-12 1.617022e-08 fanout74
 1.471410e-08 0.000000e+00 1.736347e-12 1.471583e-08 clkload25
 1.470598e-08 0.000000e+00 1.736347e-12 1.470771e-08 clkload28
 1.465233e-08 0.000000e+00 1.736347e-12 1.465407e-08 clkload23
 1.464928e-08 0.000000e+00 1.736347e-12 1.465101e-08 clkload19
 1.462263e-08 0.000000e+00 1.736347e-12 1.462436e-08 clkload26
 2.477865e-09 1.130676e-08 4.604226e-12 1.378923e-08 fanout134
 1.359409e-09 1.025922e-08 4.636192e-12 1.162326e-08 fanout72
 1.381330e-09 4.136528e-09 4.367819e-12 5.522226e-09 fanout215
 8.833947e-10 3.462258e-09 3.768495e-12 4.349421e-09 fanout217
 4.351193e-10 1.656321e-09 3.705714e-12 2.095147e-09 fanout220
 2.338911e-10 1.785641e-09 4.005794e-12 2.023538e-09 fanout290
 2.406487e-10 1.665277e-09 4.005794e-12 1.909932e-09 fanout292
 2.345007e-10 1.502426e-09 4.005794e-12 1.740933e-09 fanout291
 1.442310e-10 1.227558e-09 1.181000e-12 1.372970e-09 _9371_
 1.441956e-10 1.017177e-09 1.181000e-12 1.162554e-09 _9370_
 1.439034e-10 9.801668e-10 1.181000e-12 1.125251e-09 _9377_
 1.435729e-10 9.589434e-10 1.181000e-12 1.103697e-09 _9374_
 2.149231e-10 8.802356e-10 3.736912e-12 1.098896e-09 fanout216
 1.441725e-10 8.802264e-10 1.181000e-12 1.025580e-09 _9373_
 1.441641e-10 8.281929e-10 1.181000e-12 9.735380e-10 _9372_
 1.441578e-10 7.906081e-10 1.181000e-12 9.359470e-10 _9375_
 1.438261e-10 7.854311e-10 1.181000e-12 9.304382e-10 _9376_
 1.438078e-10 7.389864e-10 1.181000e-12 8.839752e-10 _9379_
 8.444102e-11 6.175003e-10 3.890600e-12 7.058319e-10 fanout294
 1.438174e-10 5.352718e-10 1.181000e-12 6.802702e-10 _9378_
 8.668651e-11 5.684608e-10 3.890600e-12 6.590379e-10 fanout296
 9.981521e-11 3.929178e-10 3.686035e-12 4.964190e-10 fanout218
 5.186210e-11 4.009685e-10 1.181000e-12 4.540116e-10 _9369_
 5.175289e-11 4.007774e-10 1.181000e-12 4.537113e-10 _9364_
 5.184977e-11 3.600960e-10 1.181000e-12 4.131268e-10 _9366_
 5.199070e-11 2.854850e-10 1.181000e-12 3.386567e-10 _9368_
 5.182296e-11 2.715909e-10 1.181000e-12 3.245949e-10 _9367_
 5.199711e-11 2.711350e-10 1.181000e-12 3.243131e-10 _9361_
 5.210246e-11 1.353881e-10 1.181000e-12 1.886715e-10 _9360_
 5.192176e-11 9.559907e-11 1.181000e-12 1.487018e-10 _9362_
 1.669478e-11 1.250765e-10 4.326618e-12 1.460980e-10 fanout355
 5.202286e-11 7.678353e-11 1.181000e-12 1.299874e-10 _9363_
 5.169573e-11 7.309395e-11 1.181000e-12 1.259707e-10 _9365_
 9.421942e-12 5.460458e-11 3.661844e-12 6.768836e-11 fanout314
 9.411989e-12 5.365493e-11 3.661844e-12 6.672876e-11 fanout307
 9.443946e-12 4.852150e-11 3.661844e-12 6.162729e-11 fanout309
 9.481783e-12 4.831137e-11 3.661844e-12 6.145500e-11 fanout311
 9.444082e-12 4.516012e-11 3.661844e-12 5.826604e-11 fanout332
 9.463067e-12 4.222235e-11 3.661844e-12 5.534726e-11 fanout324
 9.552368e-12 4.142426e-11 3.661844e-12 5.463847e-11 fanout349
 9.447073e-12 4.085831e-11 3.661844e-12 5.396723e-11 fanout325
 9.535183e-12 3.964374e-11 3.661844e-12 5.284077e-11 fanout323
 9.518948e-12 3.864218e-11 3.661844e-12 5.182298e-11 fanout351
 9.448417e-12 3.662900e-11 3.661844e-12 4.973926e-11 fanout327
 9.455268e-12 3.543478e-11 3.661844e-12 4.855190e-11 fanout353
 9.457892e-12 3.495205e-11 3.661844e-12 4.807179e-11 fanout333
 9.452230e-12 3.471493e-11 3.661844e-12 4.782900e-11 fanout334
 9.457822e-12 3.412647e-11 3.661844e-12 4.724614e-11 fanout330
 9.453638e-12 3.297486e-11 3.661844e-12 4.609035e-11 fanout343
 9.444549e-12 3.193587e-11 3.661844e-12 4.504227e-11 fanout345
 5.582108e-12 2.667236e-11 4.876300e-12 3.713076e-11 fanout305
 5.589446e-12 2.488146e-11 4.876300e-12 3.534721e-11 fanout304
 5.596874e-12 2.307048e-11 4.876300e-12 3.354365e-11 fanout303
 3.162137e-12 2.470854e-11 4.648000e-12 3.251867e-11 fanout302
 3.229192e-12 1.444656e-11 4.648000e-12 2.232375e-11 fanout65
 2.213332e-18 1.873619e-17 4.875230e-12 4.875250e-12 fanout436
 2.239831e-18 1.248571e-17 4.875230e-12 4.875244e-12 fanout431
 2.222299e-18 1.085491e-17 4.875230e-12 4.875243e-12 fanout434
 2.235191e-18 1.012036e-17 4.875230e-12 4.875242e-12 fanout428
 2.263902e-18 8.489751e-18 4.875230e-12 4.875240e-12 fanout427
 2.258125e-18 8.696556e-18 4.875230e-12 4.875240e-12 fanout433
 2.265634e-18 8.128377e-18 4.875230e-12 4.875240e-12 fanout426
 1.355886e-18 5.702702e-18 4.646080e-12 4.646087e-12 input9
 2.203447e-18 1.476538e-17 4.326270e-12 4.326287e-12 fanout415
 2.210349e-18 1.285273e-17 4.326270e-12 4.326285e-12 fanout416
 2.218207e-18 1.293695e-17 4.326270e-12 4.326285e-12 fanout419
 2.227721e-18 1.059198e-17 4.326270e-12 4.326283e-12 fanout421
 1.239833e-18 1.260521e-17 3.661220e-12 3.661234e-12 fanout418
 1.260805e-18 5.620322e-18 3.661220e-12 3.661227e-12 fanout417
 1.222660e-15 1.133889e-14 1.181000e-12 1.193562e-12 input3
 9.917888e-16 6.980881e-15 1.181000e-12 1.188973e-12 input5
 1.158352e-15 6.733333e-15 1.181000e-12 1.188892e-12 input1
 1.196210e-15 4.840600e-15 1.181000e-12 1.187037e-12 input2
 1.177122e-15 1.384462e-15 1.181000e-12 1.183561e-12 input4
 6.385103e-16 1.842198e-15 1.181000e-12 1.183481e-12 input7
 5.334293e-16 3.997729e-16 1.181000e-12 1.181933e-12 input6
