     Internal    Switching      Leakage        Total
        Power        Power        Power        Power (Watts)
----------------------------------------------------
 9.018352e-06 6.168672e-05 1.231739e-11 7.070509e-05 clkbuf_5_0__f_core_clk
 9.038221e-06 3.757329e-05 1.231739e-11 4.661152e-05 clkbuf_0_core_clk
 4.565715e-06 3.870263e-05 7.188896e-12 4.326835e-05 clkbuf_2_2_0_core_clk
 4.560907e-06 3.629180e-05 7.188896e-12 4.085271e-05 clkbuf_2_3_0_core_clk
 4.558909e-06 3.594952e-05 7.188896e-12 4.050843e-05 clkbuf_2_0_0_core_clk
 4.551830e-06 3.292396e-05 7.188896e-12 3.747580e-05 clkbuf_2_1_0_core_clk
 8.941756e-06 2.614420e-05 1.231739e-11 3.508597e-05 clkbuf_5_3__f_core_clk
 8.936095e-06 2.514236e-05 1.231739e-11 3.407846e-05 clkbuf_5_4__f_core_clk
 8.932925e-06 2.422592e-05 1.231739e-11 3.315886e-05 clkbuf_5_5__f_core_clk
 8.936439e-06 2.411794e-05 1.231739e-11 3.305439e-05 clkbuf_5_6__f_core_clk
 8.929324e-06 2.215729e-05 1.231739e-11 3.108662e-05 clkbuf_5_1__f_core_clk
 8.925003e-06 2.051931e-05 1.231739e-11 2.944433e-05 clkbuf_5_2__f_core_clk
 8.925373e-06 2.041850e-05 1.231739e-11 2.934388e-05 clkbuf_5_30__f_core_clk
 8.922080e-06 1.960632e-05 1.231739e-11 2.852841e-05 clkbuf_5_7__f_core_clk
 8.921847e-06 1.838464e-05 1.231739e-11 2.730650e-05 clkbuf_5_29__f_core_clk
 8.923536e-06 1.835914e-05 1.231739e-11 2.728269e-05 clkbuf_5_24__f_core_clk
 8.921148e-06 1.827252e-05 1.231739e-11 2.719368e-05 clkbuf_5_31__f_core_clk
 8.910912e-06 1.808514e-05 1.231739e-11 2.699607e-05 clkbuf_5_16__f_core_clk
 8.917756e-06 1.698439e-05 1.231739e-11 2.590216e-05 clkbuf_5_28__f_core_clk
 8.903328e-06 1.687956e-05 1.231739e-11 2.578290e-05 clkbuf_5_17__f_core_clk
 8.921696e-06 1.653866e-05 1.231739e-11 2.546037e-05 clkbuf_5_9__f_core_clk
 8.882967e-06 1.606684e-05 1.231739e-11 2.494982e-05 clkbuf_5_27__f_core_clk
 8.868468e-06 1.553880e-05 1.231739e-11 2.440729e-05 clkbuf_5_25__f_core_clk
 8.880583e-06 1.541165e-05 1.231739e-11 2.429225e-05 clkbuf_5_11__f_core_clk
 8.877479e-06 1.532243e-05 1.231739e-11 2.419992e-05 clkbuf_5_8__f_core_clk
 8.872415e-06 1.518400e-05 1.231739e-11 2.405643e-05 clkbuf_5_12__f_core_clk
 8.865408e-06 1.499598e-05 1.231739e-11 2.386140e-05 clkbuf_5_13__f_core_clk
 8.840834e-06 1.485779e-05 1.231739e-11 2.369863e-05 clkbuf_5_26__f_core_clk
 8.821782e-06 1.445912e-05 1.231739e-11 2.328092e-05 clkbuf_5_23__f_core_clk
 8.819458e-06 1.438774e-05 1.231739e-11 2.320721e-05 clkbuf_5_20__f_core_clk
 8.826384e-06 1.392299e-05 1.231739e-11 2.274938e-05 clkbuf_5_10__f_core_clk
 8.780403e-06 1.323643e-05 1.231739e-11 2.201684e-05 clkbuf_5_21__f_core_clk
 8.776983e-06 1.313507e-05 1.231739e-11 2.191206e-05 clkbuf_5_22__f_core_clk
 8.790184e-06 1.292985e-05 1.231739e-11 2.172005e-05 clkbuf_5_15__f_core_clk
 8.788255e-06 1.287566e-05 1.231739e-11 2.166393e-05 clkbuf_5_14__f_core_clk
 2.205770e-06 1.874703e-05 7.206386e-12 2.095281e-05 fanout1250
 8.723974e-06 1.157045e-05 1.231739e-11 2.029444e-05 clkbuf_5_19__f_core_clk
 4.284456e-06 1.534164e-05 8.270548e-12 1.962610e-05 u_icg
 8.672190e-06 1.004834e-05 1.231739e-11 1.872054e-05 clkbuf_5_18__f_core_clk
 1.094923e-06 1.474536e-05 7.203374e-12 1.584029e-05 fanout1319
 2.154517e-06 1.233604e-05 7.206386e-12 1.449056e-05 fanout1248
 4.525383e-06 8.952230e-06 7.188896e-12 1.347762e-05 clkbuf_leaf_90_core_clk
 2.128557e-06 1.131308e-05 7.206386e-12 1.344164e-05 fanout1249
 2.153645e-06 1.116408e-05 7.206386e-12 1.331773e-05 fanout1246
 2.142340e-06 1.117038e-05 7.206386e-12 1.331273e-05 fanout1242
 2.144629e-06 1.070024e-05 7.206386e-12 1.284488e-05 fanout1247
 4.469326e-06 8.184374e-06 7.188896e-12 1.265371e-05 clkbuf_leaf_206_core_clk
 8.710422e-06 3.149594e-06 1.232310e-11 1.186003e-05 clkbuf_0_clk
 4.482622e-06 7.354377e-06 7.188896e-12 1.183701e-05 clkbuf_leaf_100_core_clk
 4.480569e-06 7.282755e-06 7.188896e-12 1.176333e-05 clkbuf_leaf_102_core_clk
 4.447041e-06 7.288855e-06 7.188896e-12 1.173590e-05 clkbuf_leaf_205_core_clk
 4.491832e-06 6.987891e-06 7.188896e-12 1.147973e-05 clkbuf_leaf_70_core_clk
 4.459236e-06 6.860135e-06 7.188896e-12 1.131938e-05 clkbuf_leaf_218_core_clk
 4.478731e-06 6.795688e-06 7.188896e-12 1.127443e-05 clkbuf_leaf_24_core_clk
 4.434531e-06 6.797268e-06 7.188896e-12 1.123181e-05 clkbuf_leaf_200_core_clk
 4.469040e-06 6.505598e-06 7.188896e-12 1.097465e-05 clkbuf_leaf_125_core_clk
 4.428479e-06 6.530143e-06 7.188896e-12 1.095863e-05 clkbuf_leaf_213_core_clk
 4.458464e-06 6.463730e-06 7.188896e-12 1.092220e-05 clkbuf_leaf_38_core_clk
 4.457057e-06 6.438793e-06 7.188896e-12 1.089586e-05 clkbuf_leaf_129_core_clk
 4.447138e-06 6.440847e-06 7.188896e-12 1.088799e-05 clkbuf_leaf_48_core_clk
 4.457443e-06 6.410328e-06 7.188896e-12 1.086778e-05 clkbuf_leaf_66_core_clk
 4.425154e-06 6.391685e-06 7.188896e-12 1.081685e-05 clkbuf_leaf_208_core_clk
 4.452399e-06 6.272039e-06 7.188896e-12 1.072445e-05 clkbuf_leaf_89_core_clk
 4.422612e-06 6.295792e-06 7.188896e-12 1.071841e-05 clkbuf_leaf_214_core_clk
 4.420876e-06 6.224182e-06 7.188896e-12 1.064507e-05 clkbuf_leaf_212_core_clk
 4.455632e-06 6.188576e-06 7.188896e-12 1.064421e-05 clkbuf_leaf_36_core_clk
 4.457908e-06 6.158610e-06 7.188896e-12 1.061653e-05 clkbuf_leaf_122_core_clk
 4.460447e-06 6.136465e-06 7.188896e-12 1.059692e-05 clkbuf_leaf_22_core_clk
 4.446646e-06 6.130165e-06 7.188896e-12 1.057682e-05 clkbuf_leaf_20_core_clk
 4.448235e-06 6.098939e-06 7.188896e-12 1.054718e-05 clkbuf_leaf_101_core_clk
 4.417106e-06 6.089827e-06 7.188896e-12 1.050694e-05 clkbuf_leaf_207_core_clk
 4.444248e-06 6.033203e-06 7.188896e-12 1.047746e-05 clkbuf_leaf_7_core_clk
 4.434666e-06 5.975465e-06 7.188896e-12 1.041014e-05 clkbuf_leaf_37_core_clk
 4.461582e-06 5.919082e-06 7.188896e-12 1.038067e-05 clkbuf_leaf_78_core_clk
 4.455431e-06 5.911635e-06 7.188896e-12 1.036707e-05 clkbuf_leaf_77_core_clk
 4.441025e-06 5.915429e-06 7.188896e-12 1.035646e-05 clkbuf_leaf_52_core_clk
 4.461025e-06 5.888184e-06 7.188896e-12 1.034922e-05 clkbuf_leaf_68_core_clk
 4.452578e-06 5.871279e-06 7.188896e-12 1.032386e-05 clkbuf_leaf_147_core_clk
 4.446568e-06 5.863862e-06 7.188896e-12 1.031044e-05 clkbuf_leaf_28_core_clk
 4.431709e-06 5.821575e-06 7.188896e-12 1.025329e-05 clkbuf_leaf_216_core_clk
 4.438331e-06 5.804409e-06 7.188896e-12 1.024275e-05 clkbuf_leaf_103_core_clk
 4.438227e-06 5.801499e-06 7.188896e-12 1.023973e-05 clkbuf_leaf_5_core_clk
 4.437404e-06 5.781847e-06 7.188896e-12 1.021926e-05 clkbuf_leaf_64_core_clk
 4.457303e-06 5.754042e-06 7.188896e-12 1.021135e-05 clkbuf_leaf_93_core_clk
 4.449723e-06 5.754956e-06 7.188896e-12 1.020469e-05 clkbuf_leaf_26_core_clk
 4.429321e-06 5.733809e-06 7.188896e-12 1.016314e-05 clkbuf_leaf_215_core_clk
 4.441058e-06 5.660345e-06 7.188896e-12 1.010141e-05 clkbuf_leaf_16_core_clk
 4.444074e-06 5.650293e-06 7.188896e-12 1.009437e-05 clkbuf_leaf_114_core_clk
 4.443144e-06 5.615176e-06 7.188896e-12 1.005833e-05 clkbuf_leaf_128_core_clk
 4.426607e-06 5.631029e-06 7.188896e-12 1.005764e-05 clkbuf_leaf_204_core_clk
 4.449834e-06 5.587242e-06 7.188896e-12 1.003708e-05 clkbuf_leaf_220_core_clk
 4.444512e-06 5.579398e-06 7.188896e-12 1.002392e-05 clkbuf_leaf_146_core_clk
 4.444827e-06 5.568898e-06 7.188896e-12 1.001373e-05 clkbuf_leaf_87_core_clk
 4.428337e-06 5.579552e-06 7.188896e-12 1.000790e-05 clkbuf_leaf_156_core_clk
 4.433955e-06 5.571876e-06 7.188896e-12 1.000584e-05 clkbuf_leaf_13_core_clk
 4.465387e-06 5.515316e-06 7.188896e-12 9.980710e-06 clkbuf_leaf_104_core_clk
 4.430959e-06 5.531741e-06 7.188896e-12 9.962707e-06 clkbuf_leaf_50_core_clk
 4.441513e-06 5.511445e-06 7.188896e-12 9.952965e-06 clkbuf_leaf_126_core_clk
 4.449984e-06 5.502300e-06 7.188896e-12 9.952291e-06 clkbuf_leaf_80_core_clk
 4.430509e-06 5.515118e-06 7.188896e-12 9.945634e-06 clkbuf_leaf_105_core_clk
 4.457202e-06 5.477638e-06 7.188896e-12 9.934847e-06 clkbuf_leaf_99_core_clk
 1.074597e-06 8.840660e-06 4.586737e-12 9.915261e-06 fanout1261
 4.429266e-06 5.484544e-06 7.188896e-12 9.913818e-06 clkbuf_leaf_61_core_clk
 4.441015e-06 5.455650e-06 7.188896e-12 9.896673e-06 clkbuf_leaf_158_core_clk
 4.448475e-06 5.440133e-06 7.188896e-12 9.888616e-06 clkbuf_leaf_94_core_clk
 4.448123e-06 5.435963e-06 7.188896e-12 9.884094e-06 clkbuf_leaf_79_core_clk
 4.439327e-06 5.432498e-06 7.188896e-12 9.871832e-06 clkbuf_leaf_149_core_clk
 4.441911e-06 5.421823e-06 7.188896e-12 9.863741e-06 clkbuf_leaf_73_core_clk
 4.449620e-06 5.407926e-06 7.188896e-12 9.857553e-06 clkbuf_leaf_131_core_clk
 4.438736e-06 5.412820e-06 7.188896e-12 9.851563e-06 clkbuf_leaf_88_core_clk
 4.423865e-06 5.414966e-06 7.188896e-12 9.838838e-06 clkbuf_leaf_177_core_clk
 4.420807e-06 5.416195e-06 7.188896e-12 9.837009e-06 clkbuf_leaf_201_core_clk
 1.102175e-06 8.734744e-06 7.206386e-12 9.836926e-06 fanout1239
 4.449023e-06 5.382298e-06 7.188896e-12 9.831328e-06 clkbuf_leaf_139_core_clk
 4.426294e-06 5.398813e-06 7.188896e-12 9.825115e-06 clkbuf_leaf_56_core_clk
 4.439328e-06 5.379329e-06 7.188896e-12 9.818665e-06 clkbuf_leaf_27_core_clk
 4.426693e-06 5.388048e-06 7.188896e-12 9.814748e-06 clkbuf_leaf_58_core_clk
 4.448400e-06 5.360327e-06 7.188896e-12 9.808735e-06 clkbuf_leaf_134_core_clk
 4.422496e-06 5.365207e-06 7.188896e-12 9.787710e-06 clkbuf_leaf_178_core_clk
 4.436743e-06 5.335650e-06 7.188896e-12 9.772401e-06 clkbuf_leaf_154_core_clk
 4.419144e-06 5.352524e-06 7.188896e-12 9.771675e-06 clkbuf_leaf_203_core_clk
 4.444505e-06 5.307695e-06 7.188896e-12 9.752206e-06 clkbuf_leaf_85_core_clk
 4.436600e-06 5.295335e-06 7.188896e-12 9.731943e-06 clkbuf_leaf_159_core_clk
 4.430921e-06 5.295985e-06 7.188896e-12 9.726913e-06 clkbuf_leaf_30_core_clk
 4.417391e-06 5.289150e-06 7.188896e-12 9.706548e-06 clkbuf_leaf_217_core_clk
 4.422885e-06 5.271686e-06 7.188896e-12 9.694578e-06 clkbuf_leaf_55_core_clk
 4.444514e-06 5.224525e-06 7.188896e-12 9.669046e-06 clkbuf_leaf_141_core_clk
 1.026818e-06 8.631421e-06 7.217557e-12 9.658247e-06 fanout1331
 4.431971e-06 5.224786e-06 7.188896e-12 9.656765e-06 clkbuf_leaf_12_core_clk
 1.075157e-06 8.579828e-06 4.586737e-12 9.654990e-06 fanout1279
 4.421991e-06 5.219355e-06 7.188896e-12 9.641352e-06 clkbuf_leaf_18_core_clk
 4.431713e-06 5.200438e-06 7.188896e-12 9.632158e-06 clkbuf_leaf_115_core_clk
 4.441197e-06 5.186832e-06 7.188896e-12 9.628036e-06 clkbuf_leaf_81_core_clk
 4.441302e-06 5.179744e-06 7.188896e-12 9.621053e-06 clkbuf_leaf_67_core_clk
 4.424806e-06 5.193358e-06 7.188896e-12 9.618170e-06 clkbuf_leaf_124_core_clk
 4.443138e-06 5.172605e-06 7.188896e-12 9.615750e-06 clkbuf_leaf_138_core_clk
 4.420895e-06 5.193247e-06 7.188896e-12 9.614148e-06 clkbuf_leaf_54_core_clk
 4.432534e-06 5.181436e-06 7.188896e-12 9.613977e-06 clkbuf_leaf_150_core_clk
 4.413415e-06 5.174057e-06 7.188896e-12 9.587480e-06 clkbuf_leaf_31_core_clk
 4.434074e-06 5.139736e-06 7.188896e-12 9.573816e-06 clkbuf_leaf_75_core_clk
 4.419992e-06 5.141752e-06 7.188896e-12 9.561752e-06 clkbuf_leaf_19_core_clk
 4.422829e-06 5.131161e-06 7.188896e-12 9.553997e-06 clkbuf_leaf_153_core_clk
 4.419303e-06 5.122907e-06 7.188896e-12 9.542217e-06 clkbuf_leaf_4_core_clk
 4.419278e-06 5.121532e-06 7.188896e-12 9.540818e-06 clkbuf_leaf_3_core_clk
 4.436371e-06 5.101054e-06 7.188896e-12 9.537433e-06 clkbuf_leaf_109_core_clk
 4.407374e-06 5.122814e-06 7.188896e-12 9.530196e-06 clkbuf_leaf_202_core_clk
 4.411424e-06 5.095670e-06 7.188896e-12 9.507101e-06 clkbuf_leaf_33_core_clk
 4.428021e-06 5.071771e-06 7.188896e-12 9.499799e-06 clkbuf_leaf_112_core_clk
 4.418437e-06 5.075622e-06 7.188896e-12 9.494066e-06 clkbuf_leaf_107_core_clk
 4.418046e-06 5.072690e-06 7.188896e-12 9.490743e-06 clkbuf_leaf_8_core_clk
 4.396086e-06 5.093627e-06 7.188896e-12 9.489720e-06 clkbuf_leaf_187_core_clk
 4.405626e-06 5.070871e-06 7.188896e-12 9.476505e-06 clkbuf_leaf_193_core_clk
 8.398736e-06 1.060021e-06 1.232310e-11 9.458769e-06 clkbuf_1_1__f_clk
 4.399198e-06 5.058788e-06 7.188896e-12 9.457994e-06 clkbuf_leaf_179_core_clk
 4.427016e-06 5.028062e-06 7.188896e-12 9.455085e-06 clkbuf_leaf_117_core_clk
 4.438268e-06 4.999356e-06 7.188896e-12 9.437631e-06 clkbuf_leaf_143_core_clk
 4.428537e-06 4.999084e-06 7.188896e-12 9.427628e-06 clkbuf_leaf_86_core_clk
 4.404404e-06 5.019780e-06 7.188896e-12 9.424191e-06 clkbuf_leaf_194_core_clk
 4.412456e-06 5.007793e-06 7.188896e-12 9.420257e-06 clkbuf_leaf_162_core_clk
 4.415885e-06 4.992013e-06 7.188896e-12 9.407906e-06 clkbuf_leaf_65_core_clk
 4.411806e-06 4.985215e-06 7.188896e-12 9.397028e-06 clkbuf_leaf_161_core_clk
 4.436984e-06 4.953734e-06 7.188896e-12 9.390726e-06 clkbuf_leaf_140_core_clk
 4.408288e-06 4.978706e-06 7.188896e-12 9.387000e-06 clkbuf_leaf_47_core_clk
 4.436508e-06 4.931534e-06 7.188896e-12 9.368048e-06 clkbuf_leaf_132_core_clk
 4.417249e-06 4.946320e-06 7.188896e-12 9.363576e-06 clkbuf_leaf_42_core_clk
 8.389979e-06 9.735778e-07 1.232310e-11 9.363570e-06 clkbuf_1_0__f_clk
 4.426620e-06 4.934570e-06 7.188896e-12 9.361198e-06 clkbuf_leaf_160_core_clk
 4.410868e-06 4.944278e-06 7.188896e-12 9.355153e-06 clkbuf_leaf_163_core_clk
 4.410759e-06 4.933089e-06 7.188896e-12 9.343855e-06 clkbuf_leaf_157_core_clk
 4.440639e-06 4.889075e-06 7.188896e-12 9.329720e-06 clkbuf_leaf_96_core_clk
 4.391740e-06 4.936474e-06 7.188896e-12 9.328221e-06 clkbuf_leaf_186_core_clk
 4.430361e-06 4.887681e-06 7.188896e-12 9.318050e-06 clkbuf_leaf_110_core_clk
 4.406662e-06 4.905763e-06 7.188896e-12 9.312433e-06 clkbuf_leaf_44_core_clk
 4.415183e-06 4.882168e-06 7.188896e-12 9.297359e-06 clkbuf_leaf_39_core_clk
 4.422570e-06 4.874327e-06 7.188896e-12 9.296904e-06 clkbuf_leaf_121_core_clk
 4.413099e-06 4.880474e-06 7.188896e-12 9.293581e-06 clkbuf_leaf_49_core_clk
 4.422460e-06 4.867599e-06 7.188896e-12 9.290066e-06 clkbuf_leaf_120_core_clk
 4.439424e-06 4.846922e-06 7.188896e-12 9.286354e-06 clkbuf_leaf_91_core_clk
 4.422286e-06 4.863693e-06 7.188896e-12 9.285986e-06 clkbuf_leaf_111_core_clk
 4.424987e-06 4.858811e-06 7.188896e-12 9.283805e-06 clkbuf_leaf_21_core_clk
 4.414315e-06 4.847068e-06 7.188896e-12 9.261390e-06 clkbuf_leaf_40_core_clk
 4.438438e-06 4.811458e-06 7.188896e-12 9.249903e-06 clkbuf_leaf_95_core_clk
 4.411987e-06 4.830599e-06 7.188896e-12 9.242593e-06 clkbuf_leaf_57_core_clk
 4.411186e-06 4.819969e-06 7.188896e-12 9.231162e-06 clkbuf_leaf_62_core_clk
 4.420874e-06 4.809253e-06 7.188896e-12 9.230134e-06 clkbuf_leaf_116_core_clk
 4.422150e-06 4.806941e-06 7.188896e-12 9.229098e-06 clkbuf_leaf_84_core_clk
 4.420187e-06 4.799898e-06 7.188896e-12 9.220092e-06 clkbuf_leaf_11_core_clk
 4.399304e-06 4.810302e-06 7.188896e-12 9.209612e-06 clkbuf_leaf_198_core_clk
 4.417129e-06 4.792253e-06 7.188896e-12 9.209389e-06 clkbuf_leaf_35_core_clk
 4.417014e-06 4.790690e-06 7.188896e-12 9.207712e-06 clkbuf_leaf_29_core_clk
 4.388593e-06 4.783207e-06 7.188896e-12 9.171807e-06 clkbuf_leaf_174_core_clk
 4.409603e-06 4.761204e-06 7.188896e-12 9.170813e-06 clkbuf_leaf_60_core_clk
 4.409797e-06 4.758144e-06 7.188896e-12 9.167949e-06 clkbuf_leaf_113_core_clk
 4.391408e-06 4.761488e-06 7.188896e-12 9.152904e-06 clkbuf_leaf_211_core_clk
 4.422419e-06 4.721080e-06 7.188896e-12 9.143507e-06 clkbuf_leaf_74_core_clk
 4.408290e-06 4.719540e-06 7.188896e-12 9.127837e-06 clkbuf_leaf_53_core_clk
 4.417821e-06 4.700422e-06 7.188896e-12 9.118250e-06 clkbuf_leaf_118_core_clk
 4.414373e-06 4.695253e-06 7.188896e-12 9.109634e-06 clkbuf_leaf_17_core_clk
 4.417046e-06 4.689630e-06 7.188896e-12 9.106683e-06 clkbuf_leaf_9_core_clk
 4.420985e-06 4.671662e-06 7.188896e-12 9.092654e-06 clkbuf_leaf_71_core_clk
 4.416609e-06 4.672186e-06 7.188896e-12 9.088802e-06 clkbuf_leaf_14_core_clk
 4.400832e-06 4.686907e-06 7.188896e-12 9.087747e-06 clkbuf_leaf_41_core_clk
 4.425776e-06 4.635275e-06 7.188896e-12 9.061059e-06 clkbuf_leaf_82_core_clk
 4.419686e-06 4.626180e-06 7.188896e-12 9.045873e-06 clkbuf_leaf_72_core_clk
 4.425367e-06 4.619833e-06 7.188896e-12 9.045208e-06 clkbuf_leaf_83_core_clk
 4.406584e-06 4.631302e-06 7.188896e-12 9.037893e-06 clkbuf_leaf_51_core_clk
 4.415189e-06 4.622337e-06 7.188896e-12 9.037532e-06 clkbuf_leaf_97_core_clk
 4.405693e-06 4.604311e-06 7.188896e-12 9.010011e-06 clkbuf_leaf_6_core_clk
 4.405634e-06 4.602854e-06 7.188896e-12 9.008496e-06 clkbuf_leaf_0_core_clk
 1.077078e-06 7.929366e-06 4.586737e-12 9.006448e-06 fanout1267
 4.416072e-06 4.587972e-06 7.188896e-12 9.004052e-06 clkbuf_leaf_151_core_clk
 4.426186e-06 4.571473e-06 7.188896e-12 8.997667e-06 clkbuf_leaf_136_core_clk
 4.397783e-06 4.575978e-06 7.188896e-12 8.973768e-06 clkbuf_leaf_46_core_clk
 4.392699e-06 4.576986e-06 7.188896e-12 8.969693e-06 clkbuf_leaf_191_core_clk
 4.414632e-06 4.542298e-06 7.188896e-12 8.956938e-06 clkbuf_leaf_135_core_clk
 4.404139e-06 4.549047e-06 7.188896e-12 8.953193e-06 clkbuf_leaf_106_core_clk
 4.386140e-06 4.550536e-06 7.188896e-12 8.936683e-06 clkbuf_leaf_181_core_clk
 4.403348e-06 4.529364e-06 7.188896e-12 8.932719e-06 clkbuf_leaf_63_core_clk
 4.385367e-06 4.523784e-06 7.188896e-12 8.909158e-06 clkbuf_leaf_183_core_clk
 4.385014e-06 4.512597e-06 7.188896e-12 8.897618e-06 clkbuf_leaf_184_core_clk
 4.413060e-06 4.479430e-06 7.188896e-12 8.892497e-06 clkbuf_leaf_152_core_clk
 4.411191e-06 4.475838e-06 7.188896e-12 8.887036e-06 clkbuf_leaf_15_core_clk
 4.422801e-06 4.449103e-06 7.188896e-12 8.871912e-06 clkbuf_leaf_137_core_clk
 4.384110e-06 4.487097e-06 7.188896e-12 8.871214e-06 clkbuf_leaf_176_core_clk
 4.390109e-06 4.457985e-06 7.188896e-12 8.848101e-06 clkbuf_leaf_199_core_clk
 4.412160e-06 4.414543e-06 7.188896e-12 8.826710e-06 clkbuf_leaf_148_core_clk
 4.432839e-06 4.368537e-06 7.188896e-12 8.801384e-06 clkbuf_leaf_1_core_clk
 4.410559e-06 4.390643e-06 7.188896e-12 8.801209e-06 clkbuf_leaf_155_core_clk
 4.393328e-06 4.404211e-06 7.188896e-12 8.797547e-06 clkbuf_leaf_45_core_clk
 4.411360e-06 4.369780e-06 7.188896e-12 8.781148e-06 clkbuf_leaf_92_core_clk
 4.411227e-06 4.366125e-06 7.188896e-12 8.777359e-06 clkbuf_leaf_23_core_clk
 4.409934e-06 4.332203e-06 7.188896e-12 8.742144e-06 clkbuf_leaf_145_core_clk
 4.381170e-06 4.359020e-06 7.188896e-12 8.740198e-06 clkbuf_leaf_209_core_clk
 4.409837e-06 4.328788e-06 7.188896e-12 8.738632e-06 clkbuf_leaf_144_core_clk
 4.391447e-06 4.346059e-06 7.188896e-12 8.737514e-06 clkbuf_leaf_32_core_clk
 4.380589e-06 4.347338e-06 7.188896e-12 8.727934e-06 clkbuf_leaf_164_core_clk
 4.390668e-06 4.318547e-06 7.188896e-12 8.709223e-06 clkbuf_leaf_34_core_clk
 1.078544e-06 7.610182e-06 4.586737e-12 8.688730e-06 fanout1290
 4.429413e-06 4.247342e-06 7.188896e-12 8.676761e-06 clkbuf_leaf_2_core_clk
 4.405074e-06 4.242287e-06 7.188896e-12 8.647368e-06 clkbuf_leaf_119_core_clk
 4.411868e-06 4.221680e-06 7.188896e-12 8.633555e-06 clkbuf_leaf_108_core_clk
 4.374048e-06 4.248179e-06 7.188896e-12 8.622235e-06 clkbuf_leaf_185_core_clk
 4.377983e-06 4.234646e-06 7.188896e-12 8.612637e-06 clkbuf_leaf_182_core_clk
 4.373652e-06 4.237870e-06 7.188896e-12 8.611529e-06 clkbuf_leaf_190_core_clk
 4.394678e-06 4.198164e-06 7.188896e-12 8.592850e-06 clkbuf_leaf_43_core_clk
 4.426992e-06 4.161481e-06 7.188896e-12 8.588480e-06 clkbuf_leaf_98_core_clk
 4.413498e-06 4.109686e-06 7.188896e-12 8.523190e-06 clkbuf_leaf_133_core_clk
 4.412771e-06 4.089517e-06 7.188896e-12 8.502296e-06 clkbuf_leaf_142_core_clk
 4.370626e-06 4.113610e-06 7.188896e-12 8.484243e-06 clkbuf_leaf_192_core_clk
 4.370487e-06 4.088876e-06 7.188896e-12 8.459370e-06 clkbuf_leaf_188_core_clk
 4.372810e-06 4.045677e-06 7.188896e-12 8.418494e-06 clkbuf_leaf_170_core_clk
 4.405567e-06 3.995136e-06 7.188896e-12 8.400710e-06 clkbuf_leaf_221_core_clk
 4.401473e-06 3.972275e-06 7.188896e-12 8.373756e-06 clkbuf_leaf_76_core_clk
 1.080938e-06 7.285252e-06 4.586737e-12 8.366194e-06 fanout1262
 1.091205e-06 7.272332e-06 4.586737e-12 8.363541e-06 fanout1302
 1.080989e-06 7.282014e-06 4.586737e-12 8.363008e-06 fanout1260
 4.377235e-06 3.965722e-06 7.188896e-12 8.342964e-06 clkbuf_leaf_197_core_clk
 1.082488e-06 7.244909e-06 4.586737e-12 8.327402e-06 fanout1252
 4.398732e-06 3.913787e-06 7.188896e-12 8.312527e-06 clkbuf_leaf_25_core_clk
 4.333149e-06 3.962242e-06 7.188896e-12 8.295398e-06 clkbuf_leaf_226_core_clk
 4.388470e-06 3.869840e-06 7.188896e-12 8.258317e-06 clkbuf_leaf_130_core_clk
 4.368233e-06 3.866959e-06 7.188896e-12 8.235198e-06 clkbuf_leaf_166_core_clk
 4.367914e-06 3.853246e-06 7.188896e-12 8.221167e-06 clkbuf_leaf_172_core_clk
 1.082042e-06 7.109034e-06 4.586737e-12 8.191080e-06 fanout1268
 4.392338e-06 3.793657e-06 7.188896e-12 8.186003e-06 clkbuf_leaf_10_core_clk
 4.372568e-06 3.797243e-06 7.188896e-12 8.169818e-06 clkbuf_leaf_196_core_clk
 4.363325e-06 3.786884e-06 7.188896e-12 8.150217e-06 clkbuf_leaf_173_core_clk
 4.362807e-06 3.766482e-06 7.188896e-12 8.129296e-06 clkbuf_leaf_175_core_clk
 4.365836e-06 3.757990e-06 7.188896e-12 8.123832e-06 clkbuf_leaf_180_core_clk
 1.083277e-06 7.023921e-06 4.586737e-12 8.107202e-06 fanout1255
 4.364620e-06 3.724111e-06 7.188896e-12 8.088738e-06 clkbuf_leaf_167_core_clk
 1.068093e-06 7.008360e-06 7.206386e-12 8.076460e-06 fanout1229
 4.379899e-06 3.665562e-06 7.188896e-12 8.045468e-06 clkbuf_leaf_59_core_clk
 4.329082e-06 3.683813e-06 7.188896e-12 8.012903e-06 clkbuf_leaf_224_core_clk
 4.381837e-06 3.630958e-06 7.188896e-12 8.012803e-06 clkbuf_leaf_127_core_clk
 4.394320e-06 3.593951e-06 7.188896e-12 7.988278e-06 clkbuf_leaf_219_core_clk
 4.361591e-06 3.606775e-06 7.188896e-12 7.968372e-06 clkbuf_leaf_165_core_clk
 1.087339e-06 6.874936e-06 4.586737e-12 7.962280e-06 fanout1291
 1.081374e-06 6.841730e-06 4.586737e-12 7.923109e-06 fanout1289
 4.360734e-06 3.562262e-06 7.188896e-12 7.923003e-06 clkbuf_leaf_210_core_clk
 4.360230e-06 3.552738e-06 7.188896e-12 7.912976e-06 clkbuf_leaf_171_core_clk
 1.088793e-06 6.811848e-06 7.179942e-12 7.900649e-06 fanout448
 4.358860e-06 3.497729e-06 7.188896e-12 7.856596e-06 clkbuf_leaf_168_core_clk
 1.081356e-06 6.740378e-06 4.586737e-12 7.821738e-06 fanout1258
 4.363637e-06 3.456494e-06 7.188896e-12 7.820138e-06 clkbuf_leaf_195_core_clk
 1.084172e-06 6.719872e-06 4.586737e-12 7.804048e-06 fanout1273
 4.352312e-06 3.421596e-06 7.188896e-12 7.773915e-06 clkbuf_leaf_189_core_clk
 4.325344e-06 3.436065e-06 7.188896e-12 7.761416e-06 clkbuf_leaf_222_core_clk
 1.088861e-06 6.663733e-06 4.586737e-12 7.752598e-06 fanout1285
 1.082883e-06 6.660352e-06 4.586737e-12 7.743240e-06 fanout1282
 4.322506e-06 3.404583e-06 7.188896e-12 7.727097e-06 clkbuf_leaf_225_core_clk
 1.083883e-06 6.581231e-06 4.586737e-12 7.665119e-06 fanout1259
 1.085145e-06 6.565475e-06 4.586737e-12 7.650625e-06 fanout1298
 4.316741e-06 3.305571e-06 7.188896e-12 7.622319e-06 clkbuf_leaf_223_core_clk
 1.084558e-06 6.446930e-06 4.586737e-12 7.531492e-06 fanout1310
 1.067297e-06 6.434508e-06 7.206386e-12 7.501812e-06 fanout1232
 1.084647e-06 6.402561e-06 4.586737e-12 7.487213e-06 fanout1304
 1.089780e-06 6.229076e-06 4.586737e-12 7.318860e-06 fanout1293
 1.087042e-06 6.186206e-06 4.586737e-12 7.273253e-06 fanout1272
 1.085877e-06 6.123192e-06 4.586737e-12 7.209073e-06 fanout1308
 1.086195e-06 6.084364e-06 4.586737e-12 7.170564e-06 fanout1269
 1.084782e-06 6.066502e-06 4.586737e-12 7.151289e-06 fanout1300
 1.096561e-06 5.958478e-06 4.586737e-12 7.055044e-06 fanout1313
 1.087635e-06 5.958947e-06 4.586737e-12 7.046586e-06 fanout1297
 1.085423e-06 5.910033e-06 4.586737e-12 6.995460e-06 fanout1286
 1.089625e-06 5.895268e-06 4.586737e-12 6.984898e-06 fanout1309
 1.082844e-06 5.878990e-06 4.586737e-12 6.961839e-06 fanout1244
 1.068742e-06 5.605010e-06 7.206386e-12 6.673759e-06 fanout1234
 1.098478e-06 5.552541e-06 4.586737e-12 6.651024e-06 fanout1314
 1.088797e-06 5.401786e-06 4.586737e-12 6.490588e-06 fanout1312
 1.090332e-06 5.024920e-06 4.586737e-12 6.115257e-06 fanout1315
 5.695682e-07 4.734471e-06 4.601881e-12 5.304043e-06 fanout328
 5.552206e-07 4.524109e-06 4.599984e-12 5.079334e-06 fanout334
 5.358140e-07 4.492153e-06 4.586737e-12 5.027972e-06 fanout1230
 5.542558e-07 4.411711e-06 4.601312e-12 4.965972e-06 fanout360
 5.411229e-07 4.360037e-06 4.589597e-12 4.901164e-06 fanout397
 5.573695e-07 4.199865e-06 4.601073e-12 4.757239e-06 fanout298
 5.402809e-07 4.163265e-06 4.599065e-12 4.703551e-06 fanout356
 5.259512e-07 4.145102e-06 4.587987e-12 4.671057e-06 fanout354
 5.398017e-07 3.906266e-06 4.600570e-12 4.446072e-06 fanout403
 5.338735e-07 3.880133e-06 4.593982e-12 4.414011e-06 fanout292
 5.525257e-07 3.807110e-06 4.600227e-12 4.359641e-06 fanout413
 5.409701e-07 3.731647e-06 4.602295e-12 4.272622e-06 fanout340
 5.433832e-07 3.707804e-06 4.597122e-12 4.251192e-06 fanout411
 6.145805e-07 3.635630e-06 4.128511e-12 4.250214e-06 fanout1294
 5.444126e-07 3.670143e-06 4.597260e-12 4.214560e-06 fanout399
 5.366982e-07 3.632358e-06 4.589092e-12 4.169061e-06 fanout330
 5.407237e-07 3.609856e-06 4.604191e-12 4.150584e-06 fanout304
 5.294126e-07 3.572429e-06 7.206386e-12 4.101849e-06 fanout1227
 5.410148e-07 3.551129e-06 4.601992e-12 4.092149e-06 fanout129
 4.089782e-06 0.000000e+00 7.188896e-12 4.089789e-06 clkload58
 4.089673e-06 0.000000e+00 7.188896e-12 4.089681e-06 clkload61
 4.089086e-06 0.000000e+00 7.188896e-12 4.089094e-06 clkload55
 4.088630e-06 0.000000e+00 7.188896e-12 4.088637e-06 clkload74
 4.087745e-06 0.000000e+00 7.188896e-12 4.087752e-06 clkload123
 4.087471e-06 0.000000e+00 7.188896e-12 4.087478e-06 clkload153
 4.087373e-06 0.000000e+00 7.188896e-12 4.087381e-06 clkload169
 4.086852e-06 0.000000e+00 7.188896e-12 4.086859e-06 clkload137
 4.086843e-06 0.000000e+00 7.188896e-12 4.086850e-06 clkload76
 4.086826e-06 0.000000e+00 7.188896e-12 4.086833e-06 clkload38
 4.086569e-06 0.000000e+00 7.188896e-12 4.086577e-06 clkload205
 4.086300e-06 0.000000e+00 7.188896e-12 4.086307e-06 clkload114
 4.086287e-06 0.000000e+00 7.188896e-12 4.086294e-06 clkload113
 4.086090e-06 0.000000e+00 7.188896e-12 4.086097e-06 clkload203
 4.085536e-06 0.000000e+00 7.188896e-12 4.085543e-06 clkload91
 4.085464e-06 0.000000e+00 7.188896e-12 4.085472e-06 clkload160
 4.085351e-06 0.000000e+00 7.188896e-12 4.085358e-06 clkload156
 4.085334e-06 0.000000e+00 7.188896e-12 4.085342e-06 clkload57
 4.085040e-06 0.000000e+00 7.188896e-12 4.085047e-06 clkload164
 4.084965e-06 0.000000e+00 7.188896e-12 4.084973e-06 clkload118
 4.084716e-06 0.000000e+00 7.188896e-12 4.084723e-06 clkload181
 4.084674e-06 0.000000e+00 7.188896e-12 4.084681e-06 clkload148
 4.084628e-06 0.000000e+00 7.188896e-12 4.084636e-06 clkload112
 4.084537e-06 0.000000e+00 7.188896e-12 4.084544e-06 clkload105
 4.084349e-06 0.000000e+00 7.188896e-12 4.084357e-06 clkload82
 4.084086e-06 0.000000e+00 7.188896e-12 4.084093e-06 clkload144
 4.083759e-06 0.000000e+00 7.188896e-12 4.083766e-06 clkload192
 4.083743e-06 0.000000e+00 7.188896e-12 4.083750e-06 clkload100
 4.083615e-06 0.000000e+00 7.188896e-12 4.083623e-06 clkload124
 4.082699e-06 0.000000e+00 7.188896e-12 4.082706e-06 clkload176
 4.082110e-06 0.000000e+00 7.188896e-12 4.082117e-06 clkload179
 4.081090e-06 0.000000e+00 7.188896e-12 4.081097e-06 clkload173
 4.080076e-06 0.000000e+00 7.188896e-12 4.080084e-06 clkload188
 4.068554e-06 0.000000e+00 7.188896e-12 4.068561e-06 clkload19
 4.063683e-06 0.000000e+00 7.188896e-12 4.063690e-06 clkload27
 4.063601e-06 0.000000e+00 7.188896e-12 4.063609e-06 clkload16
 4.063435e-06 0.000000e+00 7.188896e-12 4.063442e-06 clkload15
 5.566439e-07 3.494598e-06 4.601497e-12 4.051246e-06 fanout296
 5.362918e-07 3.513195e-06 4.611544e-12 4.049491e-06 fanout127
 5.443628e-07 3.474965e-06 4.602440e-12 4.019333e-06 fanout409
 5.414938e-07 3.392506e-06 4.601803e-12 3.934005e-06 fanout133
 5.385040e-07 3.361989e-06 4.599523e-12 3.900497e-06 fanout344
 4.726131e-07 3.406307e-06 4.526409e-12 3.878925e-06 fanout395
 5.399961e-07 3.318974e-06 4.598964e-12 3.858974e-06 fanout302
 5.521341e-07 3.302584e-06 4.599934e-12 3.854722e-06 fanout362
 5.561319e-07 3.238545e-06 4.612208e-12 3.794681e-06 fanout1213
 5.479640e-07 3.240739e-06 4.600685e-12 3.788708e-06 fanout338
 5.439036e-07 3.224720e-06 4.602059e-12 3.768628e-06 fanout306
 5.621453e-07 3.176615e-06 4.599536e-12 3.738765e-06 fanout342
 6.161592e-07 3.100457e-06 4.128511e-12 3.716620e-06 fanout1296
 5.595213e-07 3.131736e-06 4.600379e-12 3.691262e-06 fanout131
 5.434384e-07 3.093630e-06 4.600938e-12 3.637072e-06 fanout407
 5.505316e-07 3.061000e-06 4.599873e-12 3.611536e-06 fanout346
 5.470104e-07 3.028930e-06 4.600867e-12 3.575944e-06 fanout310
 5.453751e-07 3.013608e-06 4.598337e-12 3.558987e-06 fanout336
 5.423809e-07 3.013348e-06 4.601567e-12 3.555733e-06 fanout308
 6.166571e-07 2.879151e-06 4.128511e-12 3.495812e-06 fanout1265
 5.458392e-07 2.925435e-06 4.600621e-12 3.471278e-06 fanout135
 6.167092e-07 2.828530e-06 4.128511e-12 3.445243e-06 fanout1281
 3.174412e-07 3.106248e-06 4.155679e-12 3.423693e-06 fanout329
 6.151798e-07 2.777882e-06 4.128511e-12 3.393066e-06 fanout1256
 5.456335e-07 2.845671e-06 4.608436e-12 3.391309e-06 fanout294
 5.454012e-07 2.842521e-06 4.596421e-12 3.387927e-06 fanout405
 2.698584e-07 3.114413e-06 6.942579e-12 3.384279e-06 fanout1182
 5.049433e-07 2.870501e-06 4.577242e-12 3.375448e-06 fanout1326
 3.049601e-07 3.038066e-06 4.133641e-12 3.343030e-06 fanout398
 5.013208e-07 2.834535e-06 4.577242e-12 3.335860e-06 fanout1327
 6.178360e-07 2.708830e-06 4.128511e-12 3.326670e-06 fanout1288
 2.700901e-07 3.044807e-06 6.942579e-12 3.314904e-06 fanout1146
 1.190895e-07 3.159357e-06 4.231371e-12 3.278451e-06 _06703_
 4.904040e-07 2.775782e-06 4.549848e-12 3.266190e-06 fanout290
 5.188925e-07 2.746287e-06 4.608190e-12 3.265184e-06 fanout1320
 6.198408e-07 2.645320e-06 4.128511e-12 3.265165e-06 fanout1303
 5.472667e-07 2.707775e-06 4.599227e-12 3.255047e-06 fanout300
 2.947115e-07 2.948899e-06 4.130753e-12 3.243614e-06 fanout355
 3.116213e-07 2.823911e-06 4.151473e-12 3.135536e-06 fanout343
 3.102326e-06 0.000000e+00 1.140660e-11 3.102337e-06 clkload3
 3.093610e-06 0.000000e+00 1.140660e-11 3.093621e-06 clkload4
 3.085483e-06 0.000000e+00 1.140660e-11 3.085495e-06 clkload5
 3.084608e-06 0.000000e+00 1.140660e-11 3.084619e-06 clkload6
 2.725230e-07 2.810588e-06 6.942766e-12 3.083118e-06 fanout1191
 3.069362e-06 0.000000e+00 1.140660e-11 3.069373e-06 clkload1
 3.055914e-06 0.000000e+00 1.140660e-11 3.055925e-06 clkload2
 3.049112e-06 0.000000e+00 1.140660e-11 3.049124e-06 clkload7
 2.751125e-07 2.669735e-06 6.942579e-12 2.944855e-06 fanout1164
 5.068743e-07 2.426084e-06 4.577242e-12 2.932963e-06 fanout1325
 5.289941e-07 2.363249e-06 4.591183e-12 2.892248e-06 fanout1335
 4.783092e-07 2.371406e-06 4.539575e-12 2.849719e-06 fanout326
 2.704556e-07 2.553264e-06 6.942579e-12 2.823727e-06 fanout1173
 3.104571e-07 2.406041e-06 4.152712e-12 2.716502e-06 fanout414
 3.074085e-07 2.285153e-06 4.147388e-12 2.592565e-06 fanout400
 2.677463e-07 2.283873e-06 6.942579e-12 2.551627e-06 fanout1138
 5.572742e-07 1.976603e-06 4.601390e-12 2.533882e-06 fanout358
 3.061996e-07 2.194226e-06 4.145883e-12 2.500430e-06 fanout406
 2.652164e-07 2.205247e-06 6.942766e-12 2.470470e-06 fanout1186
 3.058178e-07 2.157992e-06 4.159824e-12 2.463814e-06 fanout305
 2.644871e-07 2.193894e-06 6.942579e-12 2.458388e-06 fanout1150
 2.645146e-07 2.179904e-06 6.942579e-12 2.444426e-06 fanout1141
 3.059317e-07 2.053223e-06 4.156229e-12 2.359159e-06 fanout333
 3.120711e-07 2.037921e-06 4.415117e-12 2.349996e-06 fanout113
 3.086714e-07 1.989818e-06 4.153533e-12 2.298493e-06 fanout339
 3.052630e-07 1.951500e-06 4.150446e-12 2.256767e-06 fanout303
 2.657499e-07 1.970108e-06 6.942579e-12 2.235865e-06 fanout1174
 3.072506e-07 1.922887e-06 4.156422e-12 2.230142e-06 fanout341
 2.927101e-07 1.934742e-06 4.166997e-12 2.227457e-06 fanout1321
 2.673990e-07 1.957021e-06 4.020279e-12 2.224424e-06 fanout396
 5.062934e-07 1.699401e-06 4.577242e-12 2.205699e-06 fanout1328
 3.128469e-07 1.886595e-06 4.415117e-12 2.199447e-06 fanout119
 3.134684e-07 1.835880e-06 4.415117e-12 2.149353e-06 fanout121
 2.111770e-06 0.000000e+00 4.601603e-12 2.111774e-06 clkload29
 2.110641e-06 0.000000e+00 4.601603e-12 2.110645e-06 clkload60
 2.110205e-06 0.000000e+00 4.601603e-12 2.110210e-06 clkload170
 2.110117e-06 0.000000e+00 4.601603e-12 2.110121e-06 clkload31
 2.110090e-06 0.000000e+00 4.601603e-12 2.110095e-06 clkload69
 2.110034e-06 0.000000e+00 4.601603e-12 2.110038e-06 clkload73
 2.110009e-06 0.000000e+00 4.601603e-12 2.110013e-06 clkload72
 2.109868e-06 0.000000e+00 4.601603e-12 2.109873e-06 clkload171
 2.109682e-06 0.000000e+00 4.601603e-12 2.109686e-06 clkload155
 2.109570e-06 0.000000e+00 4.601603e-12 2.109575e-06 clkload191
 2.109464e-06 0.000000e+00 4.601603e-12 2.109469e-06 clkload168
 2.109436e-06 0.000000e+00 4.601603e-12 2.109441e-06 clkload193
 2.109355e-06 0.000000e+00 4.601603e-12 2.109360e-06 clkload95
 2.109056e-06 0.000000e+00 4.601603e-12 2.109060e-06 clkload56
 2.108647e-06 0.000000e+00 4.601603e-12 2.108652e-06 clkload120
 2.108632e-06 0.000000e+00 4.601603e-12 2.108636e-06 clkload195
 2.108606e-06 0.000000e+00 4.601603e-12 2.108611e-06 clkload210
 2.108211e-06 0.000000e+00 4.601603e-12 2.108215e-06 clkload116
 2.108158e-06 0.000000e+00 4.601603e-12 2.108162e-06 clkload121
 2.108124e-06 0.000000e+00 4.601603e-12 2.108128e-06 clkload189
 2.108078e-06 0.000000e+00 4.601603e-12 2.108082e-06 clkload81
 2.107982e-06 0.000000e+00 4.601603e-12 2.107987e-06 clkload111
 2.107827e-06 0.000000e+00 4.601603e-12 2.107832e-06 clkload206
 2.107699e-06 0.000000e+00 4.601603e-12 2.107703e-06 clkload109
 2.107642e-06 0.000000e+00 4.601603e-12 2.107647e-06 clkload87
 2.106927e-06 0.000000e+00 4.601603e-12 2.106932e-06 clkload208
 2.106919e-06 0.000000e+00 4.601603e-12 2.106924e-06 clkload143
 2.106911e-06 0.000000e+00 4.601603e-12 2.106916e-06 clkload158
 2.106672e-06 0.000000e+00 4.601603e-12 2.106676e-06 clkload162
 2.106460e-06 0.000000e+00 4.601603e-12 2.106464e-06 clkload166
 2.106348e-06 0.000000e+00 4.601603e-12 2.106352e-06 clkload183
 2.105009e-06 0.000000e+00 4.601603e-12 2.105013e-06 clkload46
 2.098962e-06 0.000000e+00 4.601603e-12 2.098967e-06 clkload12
 2.666312e-07 1.823835e-06 6.942579e-12 2.090473e-06 fanout1149
 3.142689e-07 1.760873e-06 4.154990e-12 2.075146e-06 fanout297
 3.130971e-07 1.752401e-06 4.415117e-12 2.065502e-06 fanout115
 2.664000e-07 1.681386e-06 6.975745e-12 1.947793e-06 fanout1137
 3.210108e-07 1.606940e-06 4.415117e-12 1.927955e-06 fanout365
 2.667660e-07 1.615272e-06 6.942579e-12 1.882045e-06 fanout1147
 2.725928e-07 1.605164e-06 4.586737e-12 1.877761e-06 fanout1228
 2.658460e-07 1.587089e-06 6.942579e-12 1.852942e-06 fanout1156
 3.697399e-07 1.443488e-06 4.430014e-12 1.813232e-06 fanout125
 2.664006e-07 1.519292e-06 6.942766e-12 1.785699e-06 fanout1185
 3.175038e-07 1.452934e-06 4.152277e-12 1.770442e-06 fanout335
 3.083635e-07 1.439368e-06 4.149322e-12 1.747735e-06 fanout337
 3.163633e-07 1.425618e-06 4.152984e-12 1.741985e-06 fanout132
 2.642380e-07 1.472650e-06 6.942579e-12 1.736895e-06 fanout1144
 2.650306e-07 1.437602e-06 6.942579e-12 1.702640e-06 fanout1162
 2.939096e-07 1.368164e-06 4.136487e-12 1.662077e-06 fanout1337
 2.644552e-07 1.394876e-06 6.942579e-12 1.659338e-06 fanout1153
 3.090736e-07 1.320360e-06 4.156682e-12 1.629438e-06 fanout410
 3.119218e-07 1.316095e-06 4.152077e-12 1.628021e-06 fanout347
 3.061704e-07 1.319943e-06 4.132734e-12 1.626118e-06 fanout331
 1.623848e-06 0.000000e+00 6.884268e-12 1.623855e-06 clkload130
 3.072896e-07 1.314757e-06 4.155540e-12 1.622050e-06 fanout134
 1.621256e-06 0.000000e+00 6.884268e-12 1.621263e-06 clkload132
 2.677924e-07 1.332329e-06 6.975745e-12 1.600129e-06 fanout1134
 3.078185e-07 1.268233e-06 4.155117e-12 1.576056e-06 fanout309
 3.096526e-07 1.257175e-06 4.153860e-12 1.566832e-06 fanout311
 3.090800e-07 1.252721e-06 4.150917e-12 1.561805e-06 fanout301
 3.149723e-07 1.246538e-06 4.147141e-12 1.561514e-06 fanout412
 3.119808e-07 1.236278e-06 4.151485e-12 1.548263e-06 fanout416
 2.642406e-07 1.273623e-06 6.942579e-12 1.537870e-06 fanout1180
 1.877861e-07 1.347472e-06 4.803388e-12 1.535263e-06 fanout391
 2.915331e-07 1.241234e-06 4.245117e-12 1.532771e-06 fanout353
 3.091922e-07 1.216522e-06 4.155878e-12 1.525719e-06 fanout130
 3.180812e-07 1.197088e-06 4.154229e-12 1.515174e-06 fanout299
 3.118712e-07 1.200962e-06 4.153419e-12 1.512837e-06 fanout136
 1.892681e-07 1.281969e-06 4.803388e-12 1.471242e-06 fanout381
 1.884637e-07 1.268928e-06 4.803290e-12 1.457396e-06 fanout393
 3.131937e-07 1.129976e-06 4.152186e-12 1.443174e-06 fanout363
 2.019427e-07 1.237888e-06 4.383253e-12 1.439835e-06 fanout288
 3.087814e-07 1.124003e-06 4.155999e-12 1.432789e-06 fanout307
 3.123008e-07 1.120163e-06 4.154797e-12 1.432468e-06 fanout359
 2.780845e-07 1.153039e-06 4.062330e-12 1.431127e-06 fanout291
 1.882672e-07 1.235729e-06 4.803388e-12 1.424001e-06 fanout385
 3.085156e-07 1.099003e-06 4.167438e-12 1.407523e-06 fanout295
 3.085595e-07 1.035287e-06 4.151449e-12 1.343851e-06 fanout345
 1.780205e-07 1.153508e-06 4.370760e-12 1.331533e-06 fanout312
 1.767206e-07 1.136155e-06 3.820614e-12 1.312879e-06 fanout116
 1.782412e-07 1.056203e-06 4.370760e-12 1.234449e-06 fanout284
 1.341442e-07 1.088057e-06 4.810956e-12 1.222206e-06 fanout1124
 1.782063e-07 1.043245e-06 4.370760e-12 1.221455e-06 fanout278
 1.341268e-07 1.086923e-06 4.810956e-12 1.221054e-06 fanout1158
 1.343867e-07 1.058524e-06 4.782768e-12 1.192915e-06 fanout1131
 1.893676e-07 9.996900e-07 4.398117e-12 1.189062e-06 fanout387
 1.781715e-07 9.874871e-07 4.830745e-12 1.165663e-06 fanout276
 1.844133e-07 9.587249e-07 4.370760e-12 1.143142e-06 fanout286
 1.781867e-07 9.432338e-07 4.370760e-12 1.121425e-06 fanout282
 2.926773e-07 8.171144e-07 4.136487e-12 1.109796e-06 fanout1336
 1.347388e-07 9.437796e-07 4.810956e-12 1.078523e-06 fanout1122
 1.347224e-07 9.422864e-07 4.810956e-12 1.077014e-06 fanout1157
 1.344895e-07 9.271677e-07 4.810956e-12 1.061662e-06 fanout1161
 1.350070e-07 9.231088e-07 4.810956e-12 1.058121e-06 fanout1166
 1.351317e-07 9.013686e-07 4.810956e-12 1.036505e-06 fanout1126
 1.348052e-07 8.480276e-07 4.810956e-12 9.828376e-07 fanout1170
 1.349749e-07 8.004734e-07 4.810798e-12 9.354531e-07 fanout1188
 1.775765e-07 7.568271e-07 3.820614e-12 9.344074e-07 fanout120
 8.550684e-07 0.000000e+00 4.111417e-12 8.550725e-07 clkload66
 8.548582e-07 0.000000e+00 4.111417e-12 8.548623e-07 clkload93
 8.517406e-07 0.000000e+00 4.111417e-12 8.517447e-07 clkload204
 8.510040e-07 0.000000e+00 4.111417e-12 8.510081e-07 clkload198
 8.507183e-07 0.000000e+00 4.111417e-12 8.507224e-07 clkload106
 1.812863e-07 6.692705e-07 3.820614e-12 8.505607e-07 fanout366
 8.482207e-07 0.000000e+00 4.111417e-12 8.482248e-07 clkload186
 8.470374e-07 0.000000e+00 4.111417e-12 8.470415e-07 clkload34
 8.453557e-07 0.000000e+00 4.111417e-12 8.453598e-07 clkload41
 8.449405e-07 0.000000e+00 4.111417e-12 8.449446e-07 clkload152
 8.431142e-07 0.000000e+00 4.111417e-12 8.431183e-07 clkload151
 8.410897e-07 0.000000e+00 4.111417e-12 8.410938e-07 clkload48
 8.381006e-07 0.000000e+00 4.111417e-12 8.381047e-07 clkload131
 1.063930e-07 7.241907e-07 4.517193e-12 8.305882e-07 fanout392
 1.064292e-07 7.031884e-07 4.517193e-12 8.096222e-07 fanout386
 1.355967e-07 6.516177e-07 4.810956e-12 7.872191e-07 fanout1143
 1.179595e-07 6.451833e-07 4.357116e-12 7.631472e-07 fanout324
 1.044429e-07 6.493792e-07 4.353741e-12 7.538265e-07 fanout348
 1.076335e-07 6.407989e-07 3.790117e-12 7.484362e-07 fanout273
 1.052073e-07 6.410804e-07 4.353741e-12 7.462921e-07 fanout109
 1.809141e-07 5.558404e-07 4.486694e-12 7.367590e-07 fanout351
 1.047289e-07 6.235333e-07 4.353741e-12 7.282666e-07 fanout322
 1.006912e-07 6.230337e-07 3.741037e-12 7.237286e-07 fanout275
 8.693219e-08 6.336064e-07 6.878381e-12 7.205454e-07 fanout1355
 1.047428e-07 5.590677e-07 4.353741e-12 6.638148e-07 fanout111
 1.051758e-07 5.572766e-07 4.353741e-12 6.624568e-07 fanout320
 1.058945e-07 5.443493e-07 4.353741e-12 6.502482e-07 fanout110
 6.411233e-07 0.000000e+00 1.466658e-13 6.411234e-07 clkload59
 6.391866e-07 0.000000e+00 1.466658e-13 6.391868e-07 clkload190
 6.369326e-07 0.000000e+00 1.466658e-13 6.369328e-07 clkload89
 6.345449e-07 0.000000e+00 1.466658e-13 6.345451e-07 clkload115
 6.340139e-07 0.000000e+00 1.466658e-13 6.340140e-07 clkload135
 6.318531e-07 0.000000e+00 1.466658e-13 6.318533e-07 clkload196
 6.316968e-07 0.000000e+00 1.466658e-13 6.316969e-07 clkload141
 6.305321e-07 0.000000e+00 1.466658e-13 6.305323e-07 clkload39
 6.294452e-07 0.000000e+00 1.466658e-13 6.294454e-07 clkload103
 6.291110e-07 0.000000e+00 1.466658e-13 6.291112e-07 clkload147
 6.289329e-07 0.000000e+00 1.466658e-13 6.289330e-07 clkload146
 6.288741e-07 0.000000e+00 1.466658e-13 6.288743e-07 clkload207
 6.282511e-07 0.000000e+00 1.466658e-13 6.282513e-07 clkload178
 6.281248e-07 0.000000e+00 1.466658e-13 6.281250e-07 clkload199
 6.271844e-07 0.000000e+00 1.466658e-13 6.271845e-07 clkload180
 6.265925e-07 0.000000e+00 1.466658e-13 6.265926e-07 clkload172
 6.256995e-07 0.000000e+00 1.466658e-13 6.256997e-07 clkload200
 6.245424e-07 0.000000e+00 1.466658e-13 6.245426e-07 clkload84
 6.237546e-07 0.000000e+00 1.466658e-13 6.237548e-07 clkload33
 6.151282e-07 0.000000e+00 1.466658e-13 6.151283e-07 clkload150
 1.053509e-07 5.078404e-07 4.353741e-12 6.131957e-07 fanout316
 6.110246e-07 0.000000e+00 1.466658e-13 6.110247e-07 clkload52
 6.045956e-07 0.000000e+00 1.466658e-13 6.045958e-07 clkload47
 5.981969e-07 0.000000e+00 1.466658e-13 5.981971e-07 clkload13
 5.980246e-07 0.000000e+00 1.466658e-13 5.980248e-07 clkload14
 5.964984e-07 0.000000e+00 1.466658e-13 5.964986e-07 clkload20
 5.941811e-07 0.000000e+00 1.466658e-13 5.941812e-07 clkload10
 5.882933e-07 0.000000e+00 1.466658e-13 5.882935e-07 clkload11
 5.882655e-07 0.000000e+00 1.466658e-13 5.882657e-07 clkload8
 5.813257e-07 0.000000e+00 1.466658e-13 5.813259e-07 clkload21
 1.075338e-07 4.688060e-07 3.790117e-12 5.763437e-07 fanout388
 1.070034e-07 4.358381e-07 4.517193e-12 5.428460e-07 fanout390
 1.025499e-07 4.237401e-07 3.741037e-12 5.262937e-07 fanout313
 1.042423e-07 4.166705e-07 3.741037e-12 5.209166e-07 fanout287
 1.085466e-07 4.046694e-07 4.517017e-12 5.132205e-07 fanout394
 1.145198e-07 3.949741e-07 3.763450e-12 5.094976e-07 fanout289
 1.077100e-07 3.987338e-07 4.517193e-12 5.064484e-07 fanout382
 1.017002e-07 3.962575e-07 3.741037e-12 4.979614e-07 fanout283
 7.001534e-08 4.121442e-07 4.617621e-12 4.821641e-07 fanout1364
 1.011105e-07 3.686519e-07 3.741037e-12 4.697662e-07 fanout285
 5.907215e-08 3.921909e-07 3.710503e-12 4.512667e-07 fanout112
 4.422262e-07 0.000000e+00 3.900027e-12 4.422301e-07 clkload88
 4.417543e-07 0.000000e+00 3.900027e-12 4.417581e-07 clkload167
 4.416810e-07 0.000000e+00 3.900027e-12 4.416849e-07 clkload54
 4.414770e-07 0.000000e+00 3.900027e-12 4.414809e-07 clkload68
 4.414541e-07 0.000000e+00 3.900027e-12 4.414580e-07 clkload64
 4.414216e-07 0.000000e+00 3.900027e-12 4.414255e-07 clkload28
 4.406656e-07 0.000000e+00 3.900027e-12 4.406695e-07 clkload90
 4.406083e-07 0.000000e+00 3.900027e-12 4.406122e-07 clkload134
 4.406066e-07 0.000000e+00 3.900027e-12 4.406105e-07 clkload99
 4.404732e-07 0.000000e+00 3.900027e-12 4.404771e-07 clkload71
 4.403770e-07 0.000000e+00 3.900027e-12 4.403809e-07 clkload107
 4.403662e-07 0.000000e+00 3.900027e-12 4.403701e-07 clkload108
 4.402843e-07 0.000000e+00 3.900027e-12 4.402882e-07 clkload133
 4.401809e-07 0.000000e+00 3.900027e-12 4.401848e-07 clkload62
 4.401502e-07 0.000000e+00 3.900027e-12 4.401541e-07 clkload201
 4.401469e-07 0.000000e+00 3.900027e-12 4.401508e-07 clkload110
 4.398120e-07 0.000000e+00 3.900027e-12 4.398159e-07 clkload194
 4.397332e-07 0.000000e+00 3.900027e-12 4.397371e-07 clkload119
 4.396895e-07 0.000000e+00 3.900027e-12 4.396934e-07 clkload202
 4.396580e-07 0.000000e+00 3.900027e-12 4.396618e-07 clkload32
 4.395770e-07 0.000000e+00 3.900027e-12 4.395809e-07 clkload154
 4.393727e-07 0.000000e+00 3.900027e-12 4.393766e-07 clkload98
 4.391922e-07 0.000000e+00 3.900027e-12 4.391961e-07 clkload127
 4.391560e-07 0.000000e+00 3.900027e-12 4.391599e-07 clkload182
 4.390823e-07 0.000000e+00 3.900027e-12 4.390862e-07 clkload139
 4.390759e-07 0.000000e+00 3.900027e-12 4.390798e-07 clkload97
 4.389818e-07 0.000000e+00 3.900027e-12 4.389857e-07 clkload136
 4.389551e-07 0.000000e+00 3.900027e-12 4.389590e-07 clkload85
 4.389348e-07 0.000000e+00 3.900027e-12 4.389387e-07 clkload86
 4.388636e-07 0.000000e+00 3.900027e-12 4.388675e-07 clkload138
 4.387195e-07 0.000000e+00 3.900027e-12 4.387234e-07 clkload78
 4.386875e-07 0.000000e+00 3.900027e-12 4.386914e-07 clkload117
 4.385908e-07 0.000000e+00 3.900027e-12 4.385947e-07 clkload79
 4.385613e-07 0.000000e+00 3.900027e-12 4.385652e-07 clkload140
 4.383664e-07 0.000000e+00 3.900027e-12 4.383703e-07 clkload163
 4.383591e-07 0.000000e+00 3.900027e-12 4.383630e-07 clkload96
 4.382730e-07 0.000000e+00 3.900027e-12 4.382769e-07 clkload197
 4.374706e-07 0.000000e+00 3.900027e-12 4.374745e-07 clkload211
 4.374621e-07 0.000000e+00 3.900027e-12 4.374660e-07 clkload40
 4.373971e-07 0.000000e+00 3.900027e-12 4.374010e-07 clkload101
 4.369447e-07 0.000000e+00 3.900027e-12 4.369486e-07 clkload77
 4.363341e-07 0.000000e+00 3.900027e-12 4.363380e-07 clkload44
 5.956096e-08 3.479794e-07 4.596806e-12 4.075449e-07 fanout319
 1.011395e-07 3.008731e-07 3.741037e-12 4.020164e-07 fanout279
 1.696386e-07 2.227221e-07 1.181000e-12 3.923618e-07 max_cap471
 4.443253e-08 3.331404e-07 7.507753e-12 3.775804e-07 fanout1087
 3.802480e-08 3.201017e-07 1.415128e-11 3.581407e-07 fanout614
 3.824569e-08 3.172869e-07 1.415128e-11 3.555467e-07 fanout705
 3.819090e-08 3.109521e-07 1.415128e-11 3.491571e-07 fanout617
 3.803043e-08 2.962475e-07 1.415128e-11 3.342921e-07 fanout576
 3.879249e-08 2.771004e-07 1.415128e-11 3.159070e-07 fanout536
 3.252448e-08 2.795055e-07 1.049221e-11 3.120405e-07 fanout578
 3.843970e-08 2.730780e-07 1.415128e-11 3.115319e-07 fanout573
 3.844111e-08 2.711769e-07 1.415128e-11 3.096321e-07 fanout586
 3.847903e-08 2.683570e-07 1.415128e-11 3.068502e-07 fanout543
 4.463898e-08 2.569234e-07 4.865522e-12 3.015672e-07 fanout1356
 3.252623e-08 2.687913e-07 1.049221e-11 3.013280e-07 fanout545
 3.274688e-08 2.612925e-07 1.049221e-11 2.940498e-07 fanout538
 4.348233e-08 2.463567e-07 6.878381e-12 2.898459e-07 fanout1353
 3.279377e-08 2.544035e-07 1.049221e-11 2.872078e-07 fanout588
 2.720547e-07 0.000000e+00 1.567550e-12 2.720563e-07 clkload0
 2.558289e-07 0.000000e+00 1.563429e-12 2.558305e-07 clkload30
 3.822435e-08 2.048726e-07 1.415128e-11 2.431111e-07 fanout611
 3.814478e-08 1.992257e-07 1.415128e-11 2.373846e-07 fanout580
 3.802748e-08 1.859775e-07 4.183917e-12 2.240091e-07 fanout1362
 3.359755e-08 1.886800e-07 4.617621e-12 2.222821e-07 fanout900
 3.263439e-08 1.864088e-07 1.049221e-11 2.190537e-07 fanout682
 2.165556e-08 1.955014e-07 6.878381e-12 2.171638e-07 fanout1347
 2.208987e-08 1.923697e-07 4.330594e-12 2.144639e-07 fanout1040
 1.929747e-08 1.947559e-07 7.511266e-12 2.140609e-07 fanout592
 2.210423e-08 1.918227e-07 4.330594e-12 2.139313e-07 fanout958
 2.312788e-08 1.904226e-07 4.870911e-12 2.135554e-07 fanout1076
 2.210283e-08 1.905686e-07 4.860133e-12 2.126763e-07 fanout1000
 3.378466e-08 1.787094e-07 4.713224e-12 2.124987e-07 fanout941
 3.378592e-08 1.784242e-07 4.713224e-12 2.122149e-07 fanout942
 3.827346e-08 1.732967e-07 1.415128e-11 2.115843e-07 fanout583
 3.256052e-08 1.764550e-07 1.049221e-11 2.090260e-07 fanout504
 2.213022e-08 1.810551e-07 4.330594e-12 2.031896e-07 fanout1085
 2.211850e-08 1.806850e-07 4.330594e-12 2.028079e-07 fanout1039
 3.384156e-08 1.612053e-07 4.617621e-12 1.950515e-07 fanout899
 2.216173e-08 1.727439e-07 4.330594e-12 1.949099e-07 fanout1081
 2.215011e-08 1.723300e-07 4.860133e-12 1.944850e-07 fanout999
 2.217071e-08 1.712246e-07 4.860133e-12 1.934001e-07 fanout998
 2.193391e-08 1.711477e-07 4.574568e-12 1.930862e-07 fanout194
 2.218231e-08 1.696880e-07 4.330594e-12 1.918746e-07 fanout1038
 2.220765e-08 1.696589e-07 4.330594e-12 1.918709e-07 fanout957
 3.260680e-08 1.581146e-07 1.049221e-11 1.907319e-07 fanout619
 2.227180e-08 1.675143e-07 4.341373e-12 1.897904e-07 fanout1035
 2.218724e-08 1.659557e-07 4.330594e-12 1.881473e-07 fanout1079
 2.217323e-08 1.653545e-07 4.860133e-12 1.875326e-07 fanout997
 2.220066e-08 1.639862e-07 4.330594e-12 1.861912e-07 fanout955
 2.224487e-08 1.637931e-07 4.330594e-12 1.860423e-07 fanout1099
 2.225363e-08 1.636000e-07 4.860133e-12 1.858585e-07 fanout1011
 2.220963e-08 1.625144e-07 4.330594e-12 1.847284e-07 fanout1077
 2.225536e-08 1.612866e-07 4.330594e-12 1.835463e-07 fanout1043
 2.222964e-08 1.612083e-07 4.870911e-12 1.834428e-07 fanout981
 2.224071e-08 1.610929e-07 4.330594e-12 1.833379e-07 fanout962
 2.248205e-08 1.598350e-07 4.648544e-12 1.823217e-07 fanout216
 2.222062e-08 1.595549e-07 4.860133e-12 1.817804e-07 fanout996
 2.226627e-08 1.578165e-07 4.341373e-12 1.800871e-07 fanout1021
 2.222277e-08 1.569174e-07 4.330594e-12 1.791445e-07 fanout1086
 2.224717e-08 1.556381e-07 4.870911e-12 1.778902e-07 fanout1114
 2.224601e-08 1.555089e-07 4.860133e-12 1.777598e-07 fanout1004
 2.225103e-08 1.551024e-07 4.870911e-12 1.773583e-07 fanout1112
 2.223248e-08 1.542805e-07 4.330594e-12 1.765174e-07 fanout1084
 2.225705e-08 1.533566e-07 4.870911e-12 1.756185e-07 fanout1113
 2.230331e-08 1.517466e-07 4.341373e-12 1.740542e-07 fanout1031
 2.224539e-08 1.507699e-07 4.330594e-12 1.730197e-07 fanout1080
 2.229192e-08 1.503852e-07 4.860133e-12 1.726820e-07 fanout1006
 2.227082e-08 1.500781e-07 4.870911e-12 1.723538e-07 fanout1102
 2.231118e-08 1.500326e-07 4.870911e-12 1.723487e-07 fanout1072
 1.928290e-08 1.526334e-07 7.511266e-12 1.719238e-07 fanout656
 2.231350e-08 1.490412e-07 4.870911e-12 1.713596e-07 fanout1073
 1.928335e-08 1.515572e-07 7.511266e-12 1.708480e-07 fanout698
 2.194238e-08 1.479500e-07 4.574568e-12 1.698970e-07 fanout196
 2.227701e-08 1.474442e-07 4.860133e-12 1.697261e-07 fanout1003
 2.231324e-08 1.465887e-07 4.330594e-12 1.689063e-07 fanout1045
 2.170790e-08 1.468490e-07 6.878381e-12 1.685638e-07 fanout1351
 2.267457e-08 1.450787e-07 4.590358e-12 1.677578e-07 fanout207
 2.233256e-08 1.453322e-07 4.330594e-12 1.676691e-07 fanout1054
 2.225116e-08 1.448706e-07 4.870911e-12 1.671266e-07 fanout1062
 2.227080e-08 1.447177e-07 4.341373e-12 1.669928e-07 fanout1033
 2.258693e-08 1.440654e-07 4.648544e-12 1.666570e-07 fanout217
 2.283314e-08 1.428840e-07 4.664439e-12 1.657218e-07 fanout247
 2.222465e-08 1.430837e-07 4.330594e-12 1.653127e-07 fanout1046
 2.228265e-08 1.421900e-07 4.341373e-12 1.644770e-07 fanout1032
 2.233628e-08 1.415218e-07 4.341373e-12 1.638624e-07 fanout1019
 2.235654e-08 1.407954e-07 4.870911e-12 1.631568e-07 fanout1067
 2.232605e-08 1.408083e-07 4.870911e-12 1.631392e-07 fanout1103
 2.235084e-08 1.401301e-07 4.870911e-12 1.624858e-07 fanout992
 2.229063e-08 1.400851e-07 4.330594e-12 1.623801e-07 fanout1036
 2.233642e-08 1.400278e-07 4.330594e-12 1.623686e-07 fanout1093
 2.231141e-08 1.400306e-07 4.330594e-12 1.623463e-07 fanout1049
 2.233731e-08 1.399149e-07 4.330594e-12 1.622566e-07 fanout1055
 2.231837e-08 1.385111e-07 4.870911e-12 1.608343e-07 fanout1060
 2.234201e-08 1.357858e-07 4.330594e-12 1.581321e-07 fanout972
 2.236625e-08 1.355732e-07 4.330594e-12 1.579437e-07 fanout1082
 1.924424e-08 1.385584e-07 7.511266e-12 1.578102e-07 fanout505
 2.206558e-08 1.354021e-07 7.501412e-12 1.574751e-07 fanout1221
 2.236060e-08 1.350951e-07 4.341373e-12 1.574600e-07 fanout1023
 2.238715e-08 1.348148e-07 4.870911e-12 1.572068e-07 fanout990
 2.236376e-08 1.347332e-07 4.330594e-12 1.571013e-07 fanout968
 2.171437e-08 1.352294e-07 4.616455e-12 1.569484e-07 fanout260
 2.233228e-08 1.342091e-07 4.870911e-12 1.565463e-07 fanout1071
 2.245323e-08 1.329495e-07 4.330594e-12 1.554071e-07 fanout1096
 2.232400e-08 1.327930e-07 4.579768e-12 1.551216e-07 fanout265
 2.233713e-08 1.327478e-07 4.860133e-12 1.550898e-07 fanout1005
 2.237307e-08 1.325966e-07 4.330594e-12 1.549740e-07 fanout966
 2.237377e-08 1.320940e-07 4.330594e-12 1.544721e-07 fanout1089
 2.229156e-08 1.307812e-07 4.574170e-12 1.530773e-07 fanout245
 2.237448e-08 1.303430e-07 4.330594e-12 1.527218e-07 fanout1056
 2.238477e-08 1.302514e-07 4.870911e-12 1.526410e-07 fanout1108
 2.265888e-08 1.298968e-07 4.590358e-12 1.525603e-07 fanout208
 1.900480e-08 1.333196e-07 7.511266e-12 1.523319e-07 fanout628
 1.924001e-08 1.328162e-07 7.511266e-12 1.520637e-07 fanout520
 2.233121e-08 1.296141e-07 4.330594e-12 1.519497e-07 fanout1095
 2.234970e-08 1.291790e-07 4.860133e-12 1.515336e-07 fanout1002
 2.238675e-08 1.290053e-07 4.330594e-12 1.513964e-07 fanout1091
 2.238388e-08 1.287325e-07 4.870911e-12 1.511213e-07 fanout988
 2.238123e-08 1.285168e-07 4.860133e-12 1.509029e-07 fanout1007
 2.234910e-08 1.285452e-07 4.860133e-12 1.508992e-07 fanout1001
 2.235862e-08 1.276768e-07 4.870911e-12 1.500403e-07 fanout1101
 2.240114e-08 1.275689e-07 4.860133e-12 1.499749e-07 fanout1015
 2.236639e-08 1.265200e-07 4.330594e-12 1.488907e-07 fanout1052
 1.925187e-08 1.291241e-07 7.511266e-12 1.483835e-07 fanout630
 2.240099e-08 1.256378e-07 4.330594e-12 1.480431e-07 fanout970
 2.212178e-08 1.255512e-07 7.501412e-12 1.476805e-07 fanout1218
 2.239917e-08 1.244786e-07 4.330594e-12 1.468821e-07 fanout1058
 2.235738e-08 1.243235e-07 4.330594e-12 1.466853e-07 fanout1042
 2.248627e-08 1.238741e-07 4.860133e-12 1.463653e-07 fanout1014
 2.246798e-08 1.232475e-07 4.330594e-12 1.457198e-07 fanout1088
 2.242987e-08 1.231937e-07 4.870911e-12 1.456285e-07 fanout1064
 2.241644e-08 1.229064e-07 4.341373e-12 1.453272e-07 fanout1029
 2.241591e-08 1.226505e-07 4.870911e-12 1.450713e-07 fanout1105
 2.238575e-08 1.226438e-07 4.330594e-12 1.450339e-07 fanout964
 1.918068e-08 1.258283e-07 7.511266e-12 1.450165e-07 fanout687
 2.241307e-08 1.225614e-07 4.870911e-12 1.449793e-07 fanout1110
 2.248207e-08 1.219598e-07 4.870911e-12 1.444467e-07 fanout1106
 1.914125e-08 1.246388e-07 7.511266e-12 1.437876e-07 fanout664
 1.906302e-08 1.244811e-07 7.511266e-12 1.435517e-07 fanout553
 2.212606e-08 1.211988e-07 7.501412e-12 1.433323e-07 fanout1219
 1.918022e-08 1.239556e-07 7.511266e-12 1.431433e-07 fanout653
 2.250146e-08 1.202796e-07 4.330594e-12 1.427854e-07 fanout1051
 2.242096e-08 1.200745e-07 4.870911e-12 1.425003e-07 fanout983
 2.241441e-08 1.194354e-07 4.616614e-12 1.418544e-07 fanout236
 1.888051e-08 1.229216e-07 7.511266e-12 1.418097e-07 fanout561
 1.914620e-08 1.216584e-07 7.511266e-12 1.408121e-07 fanout675
 1.920820e-08 1.212109e-07 7.511266e-12 1.404266e-07 fanout481
 2.243001e-08 1.166912e-07 4.860133e-12 1.391261e-07 fanout1010
 2.170387e-08 1.166349e-07 4.622322e-12 1.383434e-07 fanout198
 2.242256e-08 1.156865e-07 4.616614e-12 1.381137e-07 fanout233
 2.245342e-08 1.146896e-07 4.870911e-12 1.371479e-07 fanout1065
 2.244319e-08 1.146566e-07 4.870911e-12 1.371047e-07 fanout1069
 2.243625e-08 1.140470e-07 4.330594e-12 1.364876e-07 fanout974
 2.245273e-08 1.140023e-07 4.330594e-12 1.364593e-07 fanout960
 2.243882e-08 1.132565e-07 4.616614e-12 1.356999e-07 fanout234
 1.917441e-08 1.161963e-07 7.511266e-12 1.353783e-07 fanout528
 2.249794e-08 1.123808e-07 4.330594e-12 1.348830e-07 fanout967
 2.253776e-08 1.108579e-07 4.330594e-12 1.334000e-07 fanout1090
 1.900936e-08 1.142275e-07 7.511266e-12 1.332443e-07 fanout695
 1.646956e-08 1.152509e-07 6.868057e-12 1.317273e-07 fanout658
 1.239738e-08 1.192457e-07 4.106678e-12 1.316472e-07 fanout197
 2.274632e-08 1.083555e-07 4.590358e-12 1.311065e-07 fanout206
 1.916063e-08 1.116402e-07 7.511266e-12 1.308083e-07 fanout711
 1.917935e-08 1.109845e-07 7.511266e-12 1.301714e-07 fanout671
 1.614358e-08 1.134892e-07 6.868057e-12 1.296397e-07 fanout563
 2.248377e-08 1.068752e-07 4.860133e-12 1.293639e-07 fanout1013
 1.915822e-08 1.094407e-07 7.511266e-12 1.286064e-07 fanout546
 2.262330e-08 1.056712e-07 4.860133e-12 1.282993e-07 fanout1009
 2.206468e-08 1.061847e-07 6.878381e-12 1.282563e-07 fanout1348
 2.258320e-08 1.054439e-07 4.330594e-12 1.280314e-07 fanout1057
 1.918361e-08 1.085338e-07 7.511266e-12 1.277250e-07 fanout715
 1.623881e-08 1.092387e-07 7.511741e-12 1.254850e-07 fanout720
 1.639873e-08 1.087557e-07 6.868057e-12 1.251613e-07 fanout677
 1.917977e-08 1.053533e-07 7.511266e-12 1.245406e-07 fanout549
 1.916374e-08 1.044101e-07 7.511266e-12 1.235813e-07 fanout718
 1.630992e-08 1.061276e-07 6.868057e-12 1.224444e-07 fanout483
 1.272236e-08 1.056571e-07 4.267911e-12 1.183837e-07 fanout252
 1.629791e-08 9.867319e-08 6.868057e-12 1.149780e-07 fanout697
 1.284893e-08 1.014172e-07 4.182170e-12 1.142703e-07 fanout230
 1.681461e-08 9.675176e-08 4.617621e-12 1.135710e-07 fanout897
 2.280973e-08 8.929816e-08 4.648544e-12 1.121125e-07 fanout219
 1.883662e-08 9.315509e-08 4.550064e-12 1.119963e-07 fanout187
 1.631663e-08 9.401745e-08 7.511741e-12 1.103416e-07 fanout554
 2.241801e-08 8.493139e-08 4.574170e-12 1.073540e-07 fanout241
 1.635102e-08 9.096244e-08 7.511741e-12 1.073210e-07 fanout629
 1.276599e-08 9.271983e-08 4.267911e-12 1.054901e-07 fanout254
 1.684330e-08 8.843821e-08 4.583884e-12 1.052861e-07 fanout896
 1.256268e-08 9.116578e-08 4.105965e-12 1.037326e-07 fanout243
 1.281733e-08 8.489170e-08 4.116008e-12 9.771313e-08 fanout271
 2.267909e-08 7.442662e-08 4.616614e-12 9.711033e-08 fanout231
 1.609241e-08 8.059184e-08 7.505205e-12 9.669175e-08 fanout1373
 1.263202e-08 8.282178e-08 3.688314e-12 9.545748e-08 fanout1022
 1.262569e-08 8.247160e-08 3.668978e-12 9.510095e-08 fanout977
 1.264013e-08 8.137564e-08 3.688314e-12 9.401946e-08 fanout1026
 2.187116e-08 7.067061e-08 4.616455e-12 9.254639e-08 fanout257
 1.264770e-08 7.945897e-08 4.182110e-12 9.211086e-08 fanout238
 1.264706e-08 7.440517e-08 4.638331e-12 8.705688e-08 fanout1074
 1.943256e-08 6.738439e-08 4.355434e-12 8.682131e-08 fanout943
 1.092683e-08 7.226200e-08 1.405915e-11 8.320289e-08 fanout1120
 1.058465e-08 6.880625e-08 4.062717e-12 7.939497e-08 fanout186
 1.268610e-08 6.656082e-08 4.638331e-12 7.925156e-08 fanout986
 1.264362e-08 6.600833e-08 3.668978e-12 7.865562e-08 fanout956
 1.266617e-08 5.963483e-08 4.182110e-12 7.230518e-08 fanout237
 1.269735e-08 5.584179e-08 4.638331e-12 6.854378e-08 fanout993
 1.266998e-08 5.579163e-08 3.668978e-12 6.846528e-08 fanout1078
 1.235957e-08 5.573091e-08 4.181826e-12 6.809466e-08 fanout261
 1.283889e-08 5.459130e-08 4.267911e-12 6.743446e-08 fanout248
 1.287368e-08 5.414731e-08 4.239395e-12 6.702523e-08 fanout218
 1.268729e-08 5.352111e-08 4.638331e-12 6.621304e-08 fanout1063
 1.272248e-08 5.219752e-08 3.688314e-12 6.492368e-08 fanout1020
 1.272717e-08 5.207395e-08 3.668978e-12 6.480479e-08 fanout1097
 1.272293e-08 5.143942e-08 4.638331e-12 6.416699e-08 fanout1107
 1.255056e-08 5.070287e-08 4.106678e-12 6.325753e-08 fanout193
 1.278402e-08 5.017460e-08 4.638331e-12 6.296326e-08 fanout1115
 1.276236e-08 5.010328e-08 4.638331e-12 6.287028e-08 fanout982
 8.548955e-09 5.118321e-08 4.332770e-12 5.973651e-08 fanout464
 9.503237e-09 5.022154e-08 4.183917e-12 5.972897e-08 fanout1360
 1.267094e-08 4.674070e-08 3.688314e-12 5.941533e-08 fanout1034
 1.258661e-08 4.670737e-08 4.182170e-12 5.929816e-08 fanout223
 1.281535e-08 4.453031e-08 4.239395e-12 5.734990e-08 fanout215
 8.206200e-09 4.861830e-08 4.332770e-12 5.682884e-08 fanout463
 1.265426e-08 4.290813e-08 3.668978e-12 5.556606e-08 fanout976
 9.676627e-09 4.545806e-08 4.123393e-12 5.513881e-08 fanout1212
 9.370944e-09 4.552618e-08 4.333056e-12 5.490146e-08 fanout179
 1.272117e-08 4.132028e-08 3.668978e-12 5.404512e-08 fanout959
 8.480206e-09 4.555350e-08 4.332770e-12 5.403804e-08 fanout164
 8.226066e-09 4.520335e-08 4.332770e-12 5.343376e-08 fanout369
 8.341780e-09 4.462539e-08 4.332770e-12 5.297150e-08 fanout144
 8.255644e-09 4.389554e-08 4.332770e-12 5.215552e-08 fanout160
 8.203865e-09 4.367076e-08 4.332770e-12 5.187896e-08 fanout168
 8.337478e-09 4.320945e-08 4.332770e-12 5.155126e-08 fanout139
 8.211470e-09 4.327654e-08 4.332770e-12 5.149234e-08 fanout371
 8.212495e-09 4.138126e-08 4.332770e-12 4.959809e-08 fanout170
 8.256681e-09 4.083052e-08 4.332770e-12 4.909153e-08 fanout140
 8.280805e-09 3.913019e-08 4.332770e-12 4.741533e-08 fanout368
 5.486628e-09 4.147501e-08 1.048105e-11 4.697212e-08 fanout735
 8.294136e-09 3.862955e-08 4.332770e-12 4.692802e-08 fanout370
 8.268230e-09 3.808455e-08 4.332770e-12 4.635712e-08 fanout158
 5.538078e-09 4.011138e-08 1.048105e-11 4.565994e-08 fanout776
 5.491839e-09 3.947173e-08 1.048105e-11 4.497405e-08 fanout737
 4.610428e-09 3.965081e-08 3.672881e-12 4.426491e-08 fanout452
 5.485107e-09 3.797891e-08 1.048105e-11 4.347450e-08 fanout789
 5.541314e-09 3.729143e-08 6.872040e-12 4.283961e-08 fanout925
 5.483092e-09 3.689460e-08 6.868870e-12 4.238456e-08 fanout901
 5.489059e-09 3.651679e-08 1.048105e-11 4.201634e-08 fanout733
 5.548235e-09 3.515169e-08 7.507753e-12 4.070743e-08 fanout913
 5.588453e-09 3.507948e-08 6.884722e-12 4.067482e-08 fanout1117
 5.504348e-09 3.510858e-08 1.048105e-11 4.062341e-08 fanout861
 4.602861e-09 3.590750e-08 3.672881e-12 4.051404e-08 fanout449
 4.643928e-09 3.581534e-08 3.672881e-12 4.046294e-08 fanout454
 5.550970e-09 3.453267e-08 1.048105e-11 4.009412e-08 fanout803
 5.577405e-09 3.412799e-08 1.048105e-11 3.971587e-08 fanout792
 5.491528e-09 3.378481e-08 7.491901e-12 3.928384e-08 fanout906
 4.661637e-09 3.377854e-08 3.672881e-12 3.844385e-08 fanout154
 8.250486e-09 2.998995e-08 4.332770e-12 3.824477e-08 fanout153
 4.629285e-09 3.338708e-08 3.672881e-12 3.802004e-08 fanout451
 4.605073e-09 3.319963e-08 3.672863e-12 3.780837e-08 fanout1367
 5.550130e-09 3.164008e-08 1.048105e-11 3.720070e-08 fanout842
 4.590258e-09 3.167330e-08 3.672863e-12 3.626723e-08 fanout1366
 4.769465e-09 3.127732e-08 3.672881e-12 3.605046e-08 fanout172
 4.669545e-09 3.099196e-08 3.672881e-12 3.566518e-08 fanout450
 5.276088e-09 2.984132e-08 3.673395e-12 3.512108e-08 fanout180
 4.628394e-09 2.988700e-08 3.672881e-12 3.451906e-08 fanout374
 5.283543e-09 2.884886e-08 3.673395e-12 3.413607e-08 fanout181
 4.634814e-09 2.949749e-08 3.672881e-12 3.413598e-08 fanout384
 4.651602e-09 2.809396e-08 3.672881e-12 3.274924e-08 fanout378
 5.243380e-09 2.662527e-08 4.874168e-12 3.187353e-08 fanout640
 4.626662e-09 2.687112e-08 3.672881e-12 3.150146e-08 fanout373
 4.689252e-09 2.638263e-08 3.672881e-12 3.107555e-08 fanout142
 2.824383e-09 2.747937e-08 6.866096e-12 3.031062e-08 fanout880
 4.622970e-09 2.547879e-08 3.672863e-12 3.010543e-08 fanout1371
 4.632509e-09 2.524120e-08 3.672881e-12 2.987738e-08 fanout453
 5.229994e-09 2.344208e-08 4.327332e-12 2.867640e-08 fanout637
 4.668606e-09 2.321288e-08 3.672881e-12 2.788516e-08 fanout138
 4.653761e-09 2.272858e-08 3.672881e-12 2.738602e-08 fanout459
 4.636086e-09 2.256799e-08 3.672863e-12 2.720775e-08 fanout1370
 4.650243e-09 2.200722e-08 3.672881e-12 2.666114e-08 fanout457
 4.633971e-09 2.198022e-08 3.672863e-12 2.661787e-08 fanout1368
 5.291195e-09 2.119956e-08 3.673395e-12 2.649443e-08 fanout177
 4.651177e-09 2.131708e-08 3.672881e-12 2.597193e-08 fanout469
 5.294751e-09 1.938258e-08 3.673395e-12 2.468100e-08 fanout174
 2.715610e-09 2.118191e-08 6.866096e-12 2.390438e-08 fanout764
 4.641186e-09 1.924018e-08 3.672863e-12 2.388504e-08 fanout1369
 4.660584e-09 1.838236e-08 3.672881e-12 2.304662e-08 fanout461
 4.644640e-09 1.826400e-08 3.672881e-12 2.291232e-08 fanout152
 2.720682e-09 1.986695e-08 6.866096e-12 2.259450e-08 fanout834
 2.766849e-09 1.940826e-08 6.866096e-12 2.218198e-08 fanout840
 4.659818e-09 1.747342e-08 3.672881e-12 2.213691e-08 fanout462
 3.142827e-09 1.837976e-08 4.875081e-12 2.152746e-08 fanout636
 2.755911e-09 1.876120e-08 6.866096e-12 2.152398e-08 fanout724
 4.862966e-09 1.662045e-08 3.672881e-12 2.148709e-08 fanout148
 2.809119e-09 1.859999e-08 6.866096e-12 2.141598e-08 fanout828
 2.758159e-09 1.817179e-08 6.866096e-12 2.093681e-08 fanout801
 4.658812e-09 1.620572e-08 3.672881e-12 2.086820e-08 fanout460
 2.987574e-09 1.786515e-08 3.663125e-12 2.085638e-08 fanout639
 2.748758e-09 1.761202e-08 6.866096e-12 2.036765e-08 fanout767
 2.753790e-09 1.755562e-08 6.866096e-12 2.031627e-08 fanout856
 2.771518e-09 1.733446e-08 6.866096e-12 2.011284e-08 fanout847
 2.736070e-09 1.715498e-08 6.866096e-12 1.989792e-08 fanout875
 2.946337e-09 1.683897e-08 4.848386e-12 1.979016e-08 fanout1196
 2.733442e-09 1.702653e-08 6.866096e-12 1.976684e-08 fanout845
 2.771409e-09 1.632489e-08 6.866096e-12 1.910316e-08 fanout746
 2.746644e-09 1.620492e-08 6.866096e-12 1.895843e-08 fanout823
 2.755744e-09 1.612199e-08 6.866096e-12 1.888460e-08 fanout836
 2.733966e-09 1.600143e-08 6.866096e-12 1.874226e-08 fanout879
 2.744153e-09 1.593484e-08 6.866096e-12 1.868586e-08 fanout824
 2.732038e-09 1.591484e-08 6.866096e-12 1.865374e-08 fanout882
 2.762724e-09 1.585309e-08 6.866096e-12 1.862268e-08 fanout849
 3.012171e-09 1.556556e-08 4.848386e-12 1.858258e-08 fanout1197
 2.746206e-09 1.570239e-08 6.866096e-12 1.845546e-08 fanout783
 3.046085e-09 1.522240e-08 4.353181e-12 1.827284e-08 fanout940
 2.734480e-09 1.542388e-08 6.866096e-12 1.816523e-08 fanout748
 2.760417e-09 1.525440e-08 6.866096e-12 1.802168e-08 fanout826
 2.763280e-09 1.519543e-08 6.866096e-12 1.796558e-08 fanout738
 2.949813e-09 1.475794e-08 4.353181e-12 1.771210e-08 fanout939
 2.814605e-09 1.481220e-08 4.860133e-12 1.763167e-08 fanout1119
 2.748626e-09 1.483915e-08 6.866096e-12 1.759464e-08 fanout769
 3.209308e-09 1.414169e-08 4.326424e-12 1.735533e-08 fanout633
 2.746660e-09 1.447225e-08 6.866096e-12 1.722578e-08 fanout766
 2.956915e-09 1.297749e-08 4.353181e-12 1.593876e-08 fanout935
 2.963449e-09 1.279778e-08 4.848386e-12 1.576608e-08 fanout1192
 1.388000e-09 1.060027e-08 4.875963e-12 1.199315e-08 fanout747
 1.386230e-09 1.041571e-08 4.875963e-12 1.180682e-08 fanout791
 1.386694e-09 1.033406e-08 4.335983e-12 1.172509e-08 fanout910
 1.388227e-09 1.013684e-08 4.875963e-12 1.152994e-08 fanout853
 1.390845e-09 9.869228e-09 4.875963e-12 1.126495e-08 fanout786
 1.526037e-09 9.480211e-09 4.325576e-12 1.101057e-08 fanout436
 1.392938e-09 9.546180e-09 4.875963e-12 1.094399e-08 fanout817
 1.390995e-09 9.461012e-09 4.875963e-12 1.085688e-08 fanout814
 1.400443e-09 8.700718e-09 4.346762e-12 1.010551e-08 fanout945
 1.405961e-09 8.681957e-09 4.875963e-12 1.009279e-08 fanout894
 1.400527e-09 8.455998e-09 4.854743e-12 9.861379e-09 fanout949
 1.396991e-09 8.301721e-09 4.875963e-12 9.703588e-09 fanout794
 1.504411e-09 8.170703e-09 4.325844e-12 9.679439e-09 fanout474
 1.533174e-09 7.940286e-09 4.875930e-12 9.478336e-09 fanout931
 1.397711e-09 7.978129e-09 4.875963e-12 9.380717e-09 fanout871
 1.402832e-09 7.942567e-09 4.854743e-12 9.350253e-09 fanout948
 1.544935e-09 7.705260e-09 4.325576e-12 9.254521e-09 fanout467
 1.534443e-09 7.668338e-09 4.875930e-12 9.207657e-09 fanout932
 1.420361e-09 7.640010e-09 4.875896e-12 9.065248e-09 fanout643
 1.551550e-09 7.458906e-09 4.325576e-12 9.014782e-09 fanout468
 1.406752e-09 7.392682e-09 4.325542e-12 8.803759e-09 fanout890
 1.411687e-09 7.350834e-09 4.325604e-12 8.766846e-09 fanout648
 1.399180e-09 7.313175e-09 4.875963e-12 8.717230e-09 fanout811
 1.536735e-09 7.075764e-09 4.875930e-12 8.617374e-09 fanout929
 1.473592e-09 7.134460e-09 4.875656e-12 8.612928e-09 fanout475
 1.424125e-09 6.842075e-09 4.875896e-12 8.271076e-09 fanout641
 1.668293e-09 6.597933e-09 3.709500e-12 8.269937e-09 fanout938
 1.665817e-09 6.349309e-09 4.597921e-12 8.019724e-09 fanout1195
 1.413226e-09 6.425442e-09 4.325542e-12 7.842994e-09 fanout888
 1.779874e-09 5.907272e-09 3.661497e-12 7.690808e-09 fanout634
 8.572134e-10 6.644834e-09 3.659974e-12 7.505707e-09 fanout421
 8.606730e-10 6.324388e-09 3.659974e-12 7.188721e-09 fanout419
 8.614487e-10 6.094116e-09 3.659974e-12 6.959225e-09 fanout423
 7.877570e-10 6.138673e-09 4.647396e-12 6.931077e-09 fanout863
 7.863860e-10 5.637728e-09 4.647396e-12 6.428761e-09 fanout841
 7.871967e-10 5.426239e-09 4.647396e-12 6.218083e-09 fanout802
 7.947786e-10 5.156824e-09 3.660025e-12 5.955263e-09 fanout647
 8.644933e-10 4.946016e-09 3.659974e-12 5.814170e-09 fanout427
 8.680000e-10 4.847292e-09 4.647335e-12 5.719939e-09 fanout930
 8.678882e-10 4.195035e-09 3.659974e-12 5.066584e-09 fanout428
 8.169464e-10 4.130416e-09 4.597144e-12 4.951960e-09 fanout1200
 8.681632e-10 3.773578e-09 3.659974e-12 4.645401e-09 fanout417
 7.943393e-10 3.722646e-09 3.660025e-12 4.520646e-09 fanout645
 7.945266e-10 3.643270e-09 3.660025e-12 4.441457e-09 fanout644
 8.004261e-10 3.307044e-09 3.710165e-12 4.111180e-09 fanout1201
 8.008799e-10 2.954774e-09 3.660025e-12 3.759314e-09 fanout652
 7.999968e-10 2.766756e-09 4.647274e-12 3.571400e-09 fanout642
 7.012128e-12 7.924329e-11 6.865699e-12 9.312112e-11 fanout443
 7.039916e-12 7.183800e-11 7.514094e-12 8.639201e-11 fanout444
 7.112825e-12 5.968974e-11 7.514094e-12 7.431666e-11 fanout447
 7.070898e-12 4.623943e-11 7.514094e-12 6.082441e-11 fanout441
 7.050667e-12 4.477820e-11 6.865699e-12 5.869456e-11 fanout439
 3.462829e-12 2.586095e-11 4.325205e-12 3.364898e-11 fanout446
 3.551512e-12 2.168027e-11 4.325205e-12 2.955699e-11 fanout445
 3.495553e-12 2.084674e-11 4.325205e-12 2.866750e-11 fanout434
 3.529882e-12 1.692175e-11 4.325205e-12 2.477684e-11 fanout465
 1.985519e-12 1.054440e-11 3.659309e-12 1.618923e-11 fanout466
 5.543832e-19 4.275208e-18 1.416695e-11 1.416695e-11 max_cap1388
 2.738010e-19 1.431299e-18 7.514021e-12 7.514022e-12 fanout1383
 2.858620e-19 1.577651e-18 7.514021e-12 7.514022e-12 fanout1387
 0.000000e+00 0.000000e+00 6.341800e-12 6.341800e-12 _06714_
 0.000000e+00 0.000000e+00 4.876300e-12 4.876300e-12 fanout927
 1.399833e-19 7.222224e-19 4.876232e-12 4.876233e-12 fanout1398
 1.412177e-19 7.273051e-19 4.876232e-12 4.876233e-12 fanout1399
 1.561291e-17 9.018007e-17 4.804331e-12 4.804437e-12 fanout1390
 1.544979e-17 8.327229e-17 4.804331e-12 4.804430e-12 fanout1389
 0.000000e+00 0.000000e+00 4.648000e-12 4.648000e-12 input23
 0.000000e+00 0.000000e+00 4.648000e-12 4.648000e-12 input24
 0.000000e+00 0.000000e+00 4.648000e-12 4.648000e-12 input25
 0.000000e+00 0.000000e+00 4.648000e-12 4.648000e-12 input26
 0.000000e+00 0.000000e+00 4.648000e-12 4.648000e-12 input27
 0.000000e+00 0.000000e+00 4.648000e-12 4.648000e-12 input28
 0.000000e+00 0.000000e+00 4.648000e-12 4.648000e-12 input29
 0.000000e+00 0.000000e+00 4.648000e-12 4.648000e-12 input30
 0.000000e+00 0.000000e+00 4.648000e-12 4.648000e-12 input31
 0.000000e+00 0.000000e+00 4.648000e-12 4.648000e-12 input32
 0.000000e+00 0.000000e+00 4.648000e-12 4.648000e-12 input33
 0.000000e+00 0.000000e+00 4.648000e-12 4.648000e-12 input34
 0.000000e+00 0.000000e+00 4.648000e-12 4.648000e-12 input35
 0.000000e+00 0.000000e+00 4.648000e-12 4.648000e-12 input36
 0.000000e+00 0.000000e+00 4.648000e-12 4.648000e-12 input37
 0.000000e+00 0.000000e+00 4.648000e-12 4.648000e-12 input38
 0.000000e+00 0.000000e+00 4.648000e-12 4.648000e-12 input39
 0.000000e+00 0.000000e+00 4.648000e-12 4.648000e-12 input40
 0.000000e+00 0.000000e+00 4.648000e-12 4.648000e-12 input41
 0.000000e+00 0.000000e+00 4.648000e-12 4.648000e-12 input42
 0.000000e+00 0.000000e+00 4.648000e-12 4.648000e-12 input43
 0.000000e+00 0.000000e+00 4.648000e-12 4.648000e-12 input44
 0.000000e+00 0.000000e+00 4.648000e-12 4.648000e-12 input45
 0.000000e+00 0.000000e+00 4.648000e-12 4.648000e-12 input46
 0.000000e+00 0.000000e+00 4.648000e-12 4.648000e-12 input48
 0.000000e+00 0.000000e+00 4.648000e-12 4.648000e-12 input49
 0.000000e+00 0.000000e+00 4.648000e-12 4.648000e-12 input50
 0.000000e+00 0.000000e+00 4.648000e-12 4.648000e-12 input51
 0.000000e+00 0.000000e+00 4.648000e-12 4.648000e-12 input52
 0.000000e+00 0.000000e+00 4.648000e-12 4.648000e-12 input53
 0.000000e+00 0.000000e+00 4.648000e-12 4.648000e-12 input54
 2.862018e-17 1.588876e-16 4.507754e-12 4.507942e-12 fanout1391
 1.402624e-19 7.795492e-19 4.325268e-12 4.325268e-12 fanout1377
 1.399497e-19 8.074905e-19 4.325268e-12 4.325268e-12 fanout1380
 1.406535e-19 6.368489e-19 4.325268e-12 4.325268e-12 fanout1381
 2.139781e-17 1.381462e-16 4.163583e-12 4.163742e-12 fanout1394
 2.058880e-17 1.373940e-16 4.144034e-12 4.144192e-12 input2
 2.005905e-17 1.394558e-16 4.114914e-12 4.115074e-12 input4
 2.024897e-17 1.172195e-16 4.084142e-12 4.084279e-12 input1
 1.729062e-17 1.168888e-16 3.986811e-12 3.986945e-12 input5
 1.153580e-17 4.382710e-17 3.969094e-12 3.969149e-12 input7
 7.920659e-20 4.572898e-19 3.659420e-12 3.659421e-12 fanout1378
 1.057612e-17 1.437468e-17 1.181000e-12 1.181025e-12 input11
 0.000000e+00 0.000000e+00 1.181000e-12 1.181000e-12 input55
