VCD info: dumpfile /home/yousefzadeha/workspace/BCI_paper/sim/build_gls_md1_full/gls_md1_full.vcd opened for output.
WAVEFORM: dumping to /home/yousefzadeha/workspace/BCI_paper/sim/build_gls_md1_full/gls_md1_full.vcd
WARNING: /home/yousefzadeha/workspace/BCI_paper/sim/tb_bmi_snn.v:136: $readmemh(/home/yousefzadeha/workspace/BCI_paper/sim/vec_indy_20160630_01/stream.hex): Not enough words in the file for the requested range [0:3999999].
WARNING: /home/yousefzadeha/workspace/BCI_paper/sim/tb_bmi_snn.v:137: $readmemh(/home/yousefzadeha/workspace/BCI_paper/sim/vec_indy_20160630_01/expect.hex): Too many words in the file for the requested range [0:199].
TB: mode_dense=1 n_bins=100 idle_gap=0 clk=20 ns
GLS_PROGRESS cycle=20000 max=200000000
GLS_PROGRESS cycle=40000 max=200000000
GLS_PROGRESS cycle=60000 max=200000000
GLS_PROGRESS cycle=80000 max=200000000
GLS_PROGRESS cycle=100000 max=200000000
GLS_PROGRESS cycle=120000 max=200000000
GLS_PROGRESS cycle=140000 max=200000000
GLS_PROGRESS cycle=160000 max=200000000
SUMMARY: bins=100 events=495 errors=0 cycles=163618 active_cycles=163111 avg_latency_cyc=1619 max_latency_cyc=1621
MEASURED: cycles_from_dump_start=163594
PASS: 100 bins bit-exact
/home/yousefzadeha/workspace/BCI_paper/sim/tb_bmi_snn.v:199: $finish called at 3272350000 (1ps)

real	5m42.994s
user	5m22.287s
sys	0m4.137s
