
===========================================================================
report_checks -path_delay max (Setup)
============================================================================
======================= max_ss_125C_4v50 Corner ===================================

Startpoint: _13038_ (rising edge-triggered flip-flop clocked by clk)
Endpoint: _13394_ (rising edge-triggered flip-flop clocked by clk)
Path Group: clk
Path Type: max

Fanout         Cap        Slew       Delay        Time   Description
---------------------------------------------------------------------------------------------
                                  0.000000    0.000000   clock clk (rise edge)
                                  0.000000    0.000000   clock source latency
     2    0.030271    0.269025    0.123303    0.123303 ^ clk (in)
                                                         clk (net)
                      0.269025    0.000000    0.123303 ^ clkbuf_0_clk/I (gf180mcu_fd_sc_mcu7t5v0__clkbuf_16)
     2    0.049600    0.204310    0.459079    0.582382 ^ clkbuf_0_clk/Z (gf180mcu_fd_sc_mcu7t5v0__clkbuf_16)
                                                         clknet_0_clk (net)
                      0.204311    0.000676    0.583058 ^ clkbuf_1_0__f_clk/I (gf180mcu_fd_sc_mcu7t5v0__clkbuf_16)
     1    0.008938    0.139938    0.390594    0.973652 ^ clkbuf_1_0__f_clk/Z (gf180mcu_fd_sc_mcu7t5v0__clkbuf_16)
                                                         clknet_1_0__leaf_clk (net)
                      0.139938    0.000090    0.973742 ^ u_icg/CLK (gf180mcu_fd_sc_mcu7t5v0__icgtp_4)
     3    0.096564    0.784052    1.034917    2.008660 ^ u_icg/Q (gf180mcu_fd_sc_mcu7t5v0__icgtp_4)
                                                         core_clk (net)
                      0.784101    0.009427    2.018087 ^ clkbuf_0_core_clk/I (gf180mcu_fd_sc_mcu7t5v0__clkbuf_16)
    33    0.562875    1.008975    1.049378    3.067465 ^ clkbuf_0_core_clk/Z (gf180mcu_fd_sc_mcu7t5v0__clkbuf_16)
                                                         clknet_0_core_clk (net)
                      1.015699    0.042857    3.110322 ^ clkbuf_4_14_0_core_clk/I (gf180mcu_fd_sc_mcu7t5v0__clkbuf_8)
    31    0.316178    1.142310    1.177743    4.288064 ^ clkbuf_4_14_0_core_clk/Z (gf180mcu_fd_sc_mcu7t5v0__clkbuf_8)
                                                         clknet_4_14_0_core_clk (net)
                      1.142382    0.005052    4.293117 ^ clkbuf_leaf_84_core_clk/I (gf180mcu_fd_sc_mcu7t5v0__clkbuf_8)
     4    0.026857    0.230387    0.611480    4.904596 ^ clkbuf_leaf_84_core_clk/Z (gf180mcu_fd_sc_mcu7t5v0__clkbuf_8)
                                                         clknet_leaf_84_core_clk (net)
                      0.230387    0.000279    4.904875 ^ _13038_/CLK (gf180mcu_fd_sc_mcu7t5v0__dffq_1)
     1    0.011867    0.435530    1.504662    6.409537 ^ _13038_/Q (gf180mcu_fd_sc_mcu7t5v0__dffq_1)
                                                         a_gate (net)
                      0.435530    0.000256    6.409794 ^ fanout482/I (gf180mcu_fd_sc_mcu7t5v0__buf_4)
    13    0.248751    1.738866    1.238038    7.647832 ^ fanout482/Z (gf180mcu_fd_sc_mcu7t5v0__buf_4)
                                                         net482 (net)
                      1.739091    0.011124    7.658957 ^ fanout465/I (gf180mcu_fd_sc_mcu7t5v0__clkbuf_2)
    11    0.097889    1.393264    1.388487    9.047443 ^ fanout465/Z (gf180mcu_fd_sc_mcu7t5v0__clkbuf_2)
                                                         net465 (net)
                      1.393413    0.008044    9.055488 ^ fanout457/I (gf180mcu_fd_sc_mcu7t5v0__buf_2)
    21    0.090470    1.291753    1.085698   10.141185 ^ fanout457/Z (gf180mcu_fd_sc_mcu7t5v0__buf_2)
                                                         net457 (net)
                      1.291753    0.000873   10.142058 ^ fanout456/I (gf180mcu_fd_sc_mcu7t5v0__buf_1)
     5    0.044080    1.290416    1.109573   11.251631 ^ fanout456/Z (gf180mcu_fd_sc_mcu7t5v0__buf_1)
                                                         net456 (net)
                      1.290416    0.000858   11.252489 ^ fanout455/I (gf180mcu_fd_sc_mcu7t5v0__buf_2)
    10    0.065357    0.954447    0.890161   12.142650 ^ fanout455/Z (gf180mcu_fd_sc_mcu7t5v0__buf_2)
                                                         net455 (net)
                      0.954467    0.002404   12.145054 ^ _10554_/A3 (gf180mcu_fd_sc_mcu7t5v0__nand3_1)
     2    0.016562    0.846834    0.576457   12.721511 v _10554_/ZN (gf180mcu_fd_sc_mcu7t5v0__nand3_1)
                                                         _04231_ (net)
                      0.846834    0.000346   12.721857 v _10556_/A1 (gf180mcu_fd_sc_mcu7t5v0__oai21_1)
     2    0.014553    1.069762    0.845624   13.567481 ^ _10556_/ZN (gf180mcu_fd_sc_mcu7t5v0__oai21_1)
                                                         _04233_ (net)
                      1.069762    0.000199   13.567679 ^ _10557_/A2 (gf180mcu_fd_sc_mcu7t5v0__nand2_1)
     1    0.005678    0.434132    0.249312   13.816992 v _10557_/ZN (gf180mcu_fd_sc_mcu7t5v0__nand2_1)
                                                         _04234_ (net)
                      0.434132    0.000062   13.817054 v _10558_/B (gf180mcu_fd_sc_mcu7t5v0__oai21_1)
     2    0.013468    1.001257    0.565879   14.382933 ^ _10558_/ZN (gf180mcu_fd_sc_mcu7t5v0__oai21_1)
                                                         _04235_ (net)
                      1.001257    0.000097   14.383029 ^ _10559_/A2 (gf180mcu_fd_sc_mcu7t5v0__aoi21_1)
     2    0.015625    0.655409    0.441687   14.824717 v _10559_/ZN (gf180mcu_fd_sc_mcu7t5v0__aoi21_1)
                                                         _04236_ (net)
                      0.655409    0.000289   14.825005 v _10560_/A2 (gf180mcu_fd_sc_mcu7t5v0__oai21_1)
     2    0.021459    1.387163    0.980884   15.805888 ^ _10560_/ZN (gf180mcu_fd_sc_mcu7t5v0__oai21_1)
                                                         _04237_ (net)
                      1.387163    0.000652   15.806540 ^ _10561_/A2 (gf180mcu_fd_sc_mcu7t5v0__aoi21_1)
     2    0.012694    0.599326    0.395300   16.201839 v _10561_/ZN (gf180mcu_fd_sc_mcu7t5v0__aoi21_1)
                                                         _04238_ (net)
                      0.599326    0.000174   16.202015 v _10562_/A2 (gf180mcu_fd_sc_mcu7t5v0__or2_1)
     2    0.011934    0.412268    0.946446   17.148460 v _10562_/Z (gf180mcu_fd_sc_mcu7t5v0__or2_1)
                                                         _04239_ (net)
                      0.412268    0.000348   17.148809 v _10563_/A2 (gf180mcu_fd_sc_mcu7t5v0__aoi21_1)
     3    0.017793    1.322517    0.850356   17.999165 ^ _10563_/ZN (gf180mcu_fd_sc_mcu7t5v0__aoi21_1)
                                                         _04240_ (net)
                      1.322517    0.000242   17.999407 ^ _10566_/A2 (gf180mcu_fd_sc_mcu7t5v0__oai21_1)
     2    0.015052    0.760592    0.578547   18.577953 v _10566_/ZN (gf180mcu_fd_sc_mcu7t5v0__oai21_1)
                                                         _04243_ (net)
                      0.760592    0.000375   18.578329 v _10567_/A2 (gf180mcu_fd_sc_mcu7t5v0__nor2_1)
     2    0.014448    0.992260    0.752952   19.331280 ^ _10567_/ZN (gf180mcu_fd_sc_mcu7t5v0__nor2_1)
                                                         _04244_ (net)
                      0.992260    0.000338   19.331617 ^ _10575_/A1 (gf180mcu_fd_sc_mcu7t5v0__aoi21_1)
     2    0.019025    0.734438    0.565844   19.897463 v _10575_/ZN (gf180mcu_fd_sc_mcu7t5v0__aoi21_1)
                                                         _04252_ (net)
                      0.734438    0.000455   19.897917 v _10576_/A2 (gf180mcu_fd_sc_mcu7t5v0__oai21_1)
     2    0.021452    1.389191    0.995591   20.893509 ^ _10576_/ZN (gf180mcu_fd_sc_mcu7t5v0__oai21_1)
                                                         _04253_ (net)
                      1.389191    0.000711   20.894218 ^ _10577_/B (gf180mcu_fd_sc_mcu7t5v0__aoi21_1)
     2    0.019170    0.938729    0.778357   21.672575 v _10577_/ZN (gf180mcu_fd_sc_mcu7t5v0__aoi21_1)
                                                         _04254_ (net)
                      0.938729    0.000330   21.672905 v _10579_/A3 (gf180mcu_fd_sc_mcu7t5v0__oai31_2)
     3    0.030434    1.917861    1.378991   23.051897 ^ _10579_/ZN (gf180mcu_fd_sc_mcu7t5v0__oai31_2)
                                                         _04256_ (net)
                      1.917861    0.000540   23.052437 ^ _10581_/A3 (gf180mcu_fd_sc_mcu7t5v0__nand3_2)
     4    0.049177    1.178494    0.755412   23.807848 v _10581_/ZN (gf180mcu_fd_sc_mcu7t5v0__nand3_2)
                                                         _04258_ (net)
                      1.178494    0.000968   23.808817 v _10582_/A2 (gf180mcu_fd_sc_mcu7t5v0__aoi21_2)
     3    0.029297    1.163202    0.992257   24.801073 ^ _10582_/ZN (gf180mcu_fd_sc_mcu7t5v0__aoi21_2)
                                                         _04259_ (net)
                      1.163202    0.000416   24.801489 ^ fanout67/I (gf180mcu_fd_sc_mcu7t5v0__buf_2)
    21    0.096835    1.378600    1.128024   25.929514 ^ fanout67/Z (gf180mcu_fd_sc_mcu7t5v0__buf_2)
                                                         net67 (net)
                      1.378661    0.005114   25.934628 ^ _10652_/B (gf180mcu_fd_sc_mcu7t5v0__aoi21_1)
     1    0.005820    0.681712    0.507713   26.442341 v _10652_/ZN (gf180mcu_fd_sc_mcu7t5v0__aoi21_1)
                                                         _04317_ (net)
                      0.681712    0.000068   26.442408 v _10653_/B2 (gf180mcu_fd_sc_mcu7t5v0__aoi221_1)
     1    0.002931    1.055725    0.909635   27.352043 ^ _10653_/ZN (gf180mcu_fd_sc_mcu7t5v0__aoi221_1)
                                                         _00369_ (net)
                      1.055725    0.000028   27.352072 ^ _13394_/D (gf180mcu_fd_sc_mcu7t5v0__dffq_2)
                                             27.352072   data arrival time

                                 20.000000   20.000000   clock clk (rise edge)
                                  0.000000   20.000000   clock source latency
     2    0.030271    0.269025    0.123302   20.123302 ^ clk (in)
                                                         clk (net)
                      0.269025    0.000000   20.123302 ^ clkbuf_0_clk/I (gf180mcu_fd_sc_mcu7t5v0__clkbuf_16)
     2    0.049600    0.204310    0.459080   20.582382 ^ clkbuf_0_clk/Z (gf180mcu_fd_sc_mcu7t5v0__clkbuf_16)
                                                         clknet_0_clk (net)
                      0.204311    0.000675   20.583057 ^ clkbuf_1_0__f_clk/I (gf180mcu_fd_sc_mcu7t5v0__clkbuf_16)
     1    0.008938    0.139938    0.390594   20.973652 ^ clkbuf_1_0__f_clk/Z (gf180mcu_fd_sc_mcu7t5v0__clkbuf_16)
                                                         clknet_1_0__leaf_clk (net)
                      0.139938    0.000091   20.973742 ^ u_icg/CLK (gf180mcu_fd_sc_mcu7t5v0__icgtp_4)
     3    0.096564    0.783859    1.034874   22.008615 ^ u_icg/Q (gf180mcu_fd_sc_mcu7t5v0__icgtp_4)
                                                         core_clk (net)
                      0.783908    0.009427   22.018044 ^ clkbuf_0_core_clk/I (gf180mcu_fd_sc_mcu7t5v0__clkbuf_16)
    33    0.562875    1.008974    1.049344   23.067387 ^ clkbuf_0_core_clk/Z (gf180mcu_fd_sc_mcu7t5v0__clkbuf_16)
                                                         clknet_0_core_clk (net)
                      1.028136    0.081917   23.149303 ^ clkbuf_4_5_0_core_clk/I (gf180mcu_fd_sc_mcu7t5v0__clkbuf_8)
    23    0.260723    0.956733    1.072888   24.222191 ^ clkbuf_4_5_0_core_clk/Z (gf180mcu_fd_sc_mcu7t5v0__clkbuf_8)
                                                         clknet_4_5_0_core_clk (net)
                      0.956782    0.003810   24.226002 ^ clkbuf_leaf_23_core_clk/I (gf180mcu_fd_sc_mcu7t5v0__clkbuf_8)
     3    0.015584    0.191936    0.556812   24.782812 ^ clkbuf_leaf_23_core_clk/Z (gf180mcu_fd_sc_mcu7t5v0__clkbuf_8)
                                                         clknet_leaf_23_core_clk (net)
                      0.191936    0.000115   24.782928 ^ _13394_/CLK (gf180mcu_fd_sc_mcu7t5v0__dffq_2)
                                 -0.250000   24.532928   clock uncertainty
                                  0.000079   24.533009   clock reconvergence pessimism
                                 -0.566748   23.966259   library setup time
                                             23.966259   data required time
---------------------------------------------------------------------------------------------
                                             23.966259   data required time
                                            -27.352072   data arrival time
---------------------------------------------------------------------------------------------
                                             -3.385813   slack (VIOLATED)


Startpoint: _13038_ (rising edge-triggered flip-flop clocked by clk)
Endpoint: _13388_ (rising edge-triggered flip-flop clocked by clk)
Path Group: clk
Path Type: max

Fanout         Cap        Slew       Delay        Time   Description
---------------------------------------------------------------------------------------------
                                  0.000000    0.000000   clock clk (rise edge)
                                  0.000000    0.000000   clock source latency
     2    0.030271    0.269025    0.123303    0.123303 ^ clk (in)
                                                         clk (net)
                      0.269025    0.000000    0.123303 ^ clkbuf_0_clk/I (gf180mcu_fd_sc_mcu7t5v0__clkbuf_16)
     2    0.049600    0.204310    0.459079    0.582382 ^ clkbuf_0_clk/Z (gf180mcu_fd_sc_mcu7t5v0__clkbuf_16)
                                                         clknet_0_clk (net)
                      0.204311    0.000676    0.583058 ^ clkbuf_1_0__f_clk/I (gf180mcu_fd_sc_mcu7t5v0__clkbuf_16)
     1    0.008938    0.139938    0.390594    0.973652 ^ clkbuf_1_0__f_clk/Z (gf180mcu_fd_sc_mcu7t5v0__clkbuf_16)
                                                         clknet_1_0__leaf_clk (net)
                      0.139938    0.000090    0.973742 ^ u_icg/CLK (gf180mcu_fd_sc_mcu7t5v0__icgtp_4)
     3    0.096564    0.784052    1.034917    2.008660 ^ u_icg/Q (gf180mcu_fd_sc_mcu7t5v0__icgtp_4)
                                                         core_clk (net)
                      0.784101    0.009427    2.018087 ^ clkbuf_0_core_clk/I (gf180mcu_fd_sc_mcu7t5v0__clkbuf_16)
    33    0.562875    1.008975    1.049378    3.067465 ^ clkbuf_0_core_clk/Z (gf180mcu_fd_sc_mcu7t5v0__clkbuf_16)
                                                         clknet_0_core_clk (net)
                      1.015699    0.042857    3.110322 ^ clkbuf_4_14_0_core_clk/I (gf180mcu_fd_sc_mcu7t5v0__clkbuf_8)
    31    0.316178    1.142310    1.177743    4.288064 ^ clkbuf_4_14_0_core_clk/Z (gf180mcu_fd_sc_mcu7t5v0__clkbuf_8)
                                                         clknet_4_14_0_core_clk (net)
                      1.142382    0.005052    4.293117 ^ clkbuf_leaf_84_core_clk/I (gf180mcu_fd_sc_mcu7t5v0__clkbuf_8)
     4    0.026857    0.230387    0.611480    4.904596 ^ clkbuf_leaf_84_core_clk/Z (gf180mcu_fd_sc_mcu7t5v0__clkbuf_8)
                                                         clknet_leaf_84_core_clk (net)
                      0.230387    0.000279    4.904875 ^ _13038_/CLK (gf180mcu_fd_sc_mcu7t5v0__dffq_1)
     1    0.011867    0.435530    1.504662    6.409537 ^ _13038_/Q (gf180mcu_fd_sc_mcu7t5v0__dffq_1)
                                                         a_gate (net)
                      0.435530    0.000256    6.409794 ^ fanout482/I (gf180mcu_fd_sc_mcu7t5v0__buf_4)
    13    0.248751    1.738866    1.238038    7.647832 ^ fanout482/Z (gf180mcu_fd_sc_mcu7t5v0__buf_4)
                                                         net482 (net)
                      1.739091    0.011124    7.658957 ^ fanout465/I (gf180mcu_fd_sc_mcu7t5v0__clkbuf_2)
    11    0.097889    1.393264    1.388487    9.047443 ^ fanout465/Z (gf180mcu_fd_sc_mcu7t5v0__clkbuf_2)
                                                         net465 (net)
                      1.393413    0.008044    9.055488 ^ fanout457/I (gf180mcu_fd_sc_mcu7t5v0__buf_2)
    21    0.090470    1.291753    1.085698   10.141185 ^ fanout457/Z (gf180mcu_fd_sc_mcu7t5v0__buf_2)
                                                         net457 (net)
                      1.291753    0.000873   10.142058 ^ fanout456/I (gf180mcu_fd_sc_mcu7t5v0__buf_1)
     5    0.044080    1.290416    1.109573   11.251631 ^ fanout456/Z (gf180mcu_fd_sc_mcu7t5v0__buf_1)
                                                         net456 (net)
                      1.290416    0.000858   11.252489 ^ fanout455/I (gf180mcu_fd_sc_mcu7t5v0__buf_2)
    10    0.065357    0.954447    0.890161   12.142650 ^ fanout455/Z (gf180mcu_fd_sc_mcu7t5v0__buf_2)
                                                         net455 (net)
                      0.954467    0.002404   12.145054 ^ _10554_/A3 (gf180mcu_fd_sc_mcu7t5v0__nand3_1)
     2    0.016562    0.846834    0.576457   12.721511 v _10554_/ZN (gf180mcu_fd_sc_mcu7t5v0__nand3_1)
                                                         _04231_ (net)
                      0.846834    0.000346   12.721857 v _10556_/A1 (gf180mcu_fd_sc_mcu7t5v0__oai21_1)
     2    0.014553    1.069762    0.845624   13.567481 ^ _10556_/ZN (gf180mcu_fd_sc_mcu7t5v0__oai21_1)
                                                         _04233_ (net)
                      1.069762    0.000199   13.567679 ^ _10557_/A2 (gf180mcu_fd_sc_mcu7t5v0__nand2_1)
     1    0.005678    0.434132    0.249312   13.816992 v _10557_/ZN (gf180mcu_fd_sc_mcu7t5v0__nand2_1)
                                                         _04234_ (net)
                      0.434132    0.000062   13.817054 v _10558_/B (gf180mcu_fd_sc_mcu7t5v0__oai21_1)
     2    0.013468    1.001257    0.565879   14.382933 ^ _10558_/ZN (gf180mcu_fd_sc_mcu7t5v0__oai21_1)
                                                         _04235_ (net)
                      1.001257    0.000097   14.383029 ^ _10559_/A2 (gf180mcu_fd_sc_mcu7t5v0__aoi21_1)
     2    0.015625    0.655409    0.441687   14.824717 v _10559_/ZN (gf180mcu_fd_sc_mcu7t5v0__aoi21_1)
                                                         _04236_ (net)
                      0.655409    0.000289   14.825005 v _10560_/A2 (gf180mcu_fd_sc_mcu7t5v0__oai21_1)
     2    0.021459    1.387163    0.980884   15.805888 ^ _10560_/ZN (gf180mcu_fd_sc_mcu7t5v0__oai21_1)
                                                         _04237_ (net)
                      1.387163    0.000652   15.806540 ^ _10561_/A2 (gf180mcu_fd_sc_mcu7t5v0__aoi21_1)
     2    0.012694    0.599326    0.395300   16.201839 v _10561_/ZN (gf180mcu_fd_sc_mcu7t5v0__aoi21_1)
                                                         _04238_ (net)
                      0.599326    0.000174   16.202015 v _10562_/A2 (gf180mcu_fd_sc_mcu7t5v0__or2_1)
     2    0.011934    0.412268    0.946446   17.148460 v _10562_/Z (gf180mcu_fd_sc_mcu7t5v0__or2_1)
                                                         _04239_ (net)
                      0.412268    0.000348   17.148809 v _10563_/A2 (gf180mcu_fd_sc_mcu7t5v0__aoi21_1)
     3    0.017793    1.322517    0.850356   17.999165 ^ _10563_/ZN (gf180mcu_fd_sc_mcu7t5v0__aoi21_1)
                                                         _04240_ (net)
                      1.322517    0.000242   17.999407 ^ _10566_/A2 (gf180mcu_fd_sc_mcu7t5v0__oai21_1)
     2    0.015052    0.760592    0.578547   18.577953 v _10566_/ZN (gf180mcu_fd_sc_mcu7t5v0__oai21_1)
                                                         _04243_ (net)
                      0.760592    0.000375   18.578329 v _10567_/A2 (gf180mcu_fd_sc_mcu7t5v0__nor2_1)
     2    0.014448    0.992260    0.752952   19.331280 ^ _10567_/ZN (gf180mcu_fd_sc_mcu7t5v0__nor2_1)
                                                         _04244_ (net)
                      0.992260    0.000338   19.331617 ^ _10575_/A1 (gf180mcu_fd_sc_mcu7t5v0__aoi21_1)
     2    0.019025    0.734438    0.565844   19.897463 v _10575_/ZN (gf180mcu_fd_sc_mcu7t5v0__aoi21_1)
                                                         _04252_ (net)
                      0.734438    0.000455   19.897917 v _10576_/A2 (gf180mcu_fd_sc_mcu7t5v0__oai21_1)
     2    0.021452    1.389191    0.995591   20.893509 ^ _10576_/ZN (gf180mcu_fd_sc_mcu7t5v0__oai21_1)
                                                         _04253_ (net)
                      1.389191    0.000711   20.894218 ^ _10577_/B (gf180mcu_fd_sc_mcu7t5v0__aoi21_1)
     2    0.019170    0.938729    0.778357   21.672575 v _10577_/ZN (gf180mcu_fd_sc_mcu7t5v0__aoi21_1)
                                                         _04254_ (net)
                      0.938729    0.000330   21.672905 v _10579_/A3 (gf180mcu_fd_sc_mcu7t5v0__oai31_2)
     3    0.030434    1.917861    1.378991   23.051897 ^ _10579_/ZN (gf180mcu_fd_sc_mcu7t5v0__oai31_2)
                                                         _04256_ (net)
                      1.917861    0.000540   23.052437 ^ _10581_/A3 (gf180mcu_fd_sc_mcu7t5v0__nand3_2)
     4    0.049177    1.178494    0.755412   23.807848 v _10581_/ZN (gf180mcu_fd_sc_mcu7t5v0__nand3_2)
                                                         _04258_ (net)
                      1.178494    0.000968   23.808817 v _10582_/A2 (gf180mcu_fd_sc_mcu7t5v0__aoi21_2)
     3    0.029297    1.163202    0.992257   24.801073 ^ _10582_/ZN (gf180mcu_fd_sc_mcu7t5v0__aoi21_2)
                                                         _04259_ (net)
                      1.163202    0.000416   24.801489 ^ fanout67/I (gf180mcu_fd_sc_mcu7t5v0__buf_2)
    21    0.096835    1.378600    1.128024   25.929514 ^ fanout67/Z (gf180mcu_fd_sc_mcu7t5v0__buf_2)
                                                         net67 (net)
                      1.378634    0.003814   25.933327 ^ _10619_/B (gf180mcu_fd_sc_mcu7t5v0__aoi21_1)
     1    0.004959    0.663426    0.488770   26.422098 v _10619_/ZN (gf180mcu_fd_sc_mcu7t5v0__aoi21_1)
                                                         _04290_ (net)
                      0.663426    0.000052   26.422150 v _10620_/B2 (gf180mcu_fd_sc_mcu7t5v0__aoi221_1)
     1    0.003956    1.126542    0.954408   27.376556 ^ _10620_/ZN (gf180mcu_fd_sc_mcu7t5v0__aoi221_1)
                                                         _00363_ (net)
                      1.126542    0.000082   27.376638 ^ _13388_/D (gf180mcu_fd_sc_mcu7t5v0__dffq_2)
                                             27.376638   data arrival time

                                 20.000000   20.000000   clock clk (rise edge)
                                  0.000000   20.000000   clock source latency
     2    0.030271    0.269025    0.123302   20.123302 ^ clk (in)
                                                         clk (net)
                      0.269025    0.000000   20.123302 ^ clkbuf_0_clk/I (gf180mcu_fd_sc_mcu7t5v0__clkbuf_16)
     2    0.049600    0.204310    0.459080   20.582382 ^ clkbuf_0_clk/Z (gf180mcu_fd_sc_mcu7t5v0__clkbuf_16)
                                                         clknet_0_clk (net)
                      0.204311    0.000675   20.583057 ^ clkbuf_1_0__f_clk/I (gf180mcu_fd_sc_mcu7t5v0__clkbuf_16)
     1    0.008938    0.139938    0.390594   20.973652 ^ clkbuf_1_0__f_clk/Z (gf180mcu_fd_sc_mcu7t5v0__clkbuf_16)
                                                         clknet_1_0__leaf_clk (net)
                      0.139938    0.000091   20.973742 ^ u_icg/CLK (gf180mcu_fd_sc_mcu7t5v0__icgtp_4)
     3    0.096564    0.783859    1.034874   22.008615 ^ u_icg/Q (gf180mcu_fd_sc_mcu7t5v0__icgtp_4)
                                                         core_clk (net)
                      0.783908    0.009427   22.018044 ^ clkbuf_0_core_clk/I (gf180mcu_fd_sc_mcu7t5v0__clkbuf_16)
    33    0.562875    1.008974    1.049344   23.067387 ^ clkbuf_0_core_clk/Z (gf180mcu_fd_sc_mcu7t5v0__clkbuf_16)
                                                         clknet_0_core_clk (net)
                      1.027968    0.081476   23.148863 ^ clkbuf_4_4_0_core_clk/I (gf180mcu_fd_sc_mcu7t5v0__clkbuf_8)
    21    0.276113    1.006789    1.102165   24.251028 ^ clkbuf_4_4_0_core_clk/Z (gf180mcu_fd_sc_mcu7t5v0__clkbuf_8)
                                                         clknet_4_4_0_core_clk (net)
                      1.006826    0.003366   24.254395 ^ clkbuf_leaf_21_core_clk/I (gf180mcu_fd_sc_mcu7t5v0__clkbuf_8)
     4    0.022454    0.213405    0.582006   24.836401 ^ clkbuf_leaf_21_core_clk/Z (gf180mcu_fd_sc_mcu7t5v0__clkbuf_8)
                                                         clknet_leaf_21_core_clk (net)
                      0.213405    0.000169   24.836569 ^ _13388_/CLK (gf180mcu_fd_sc_mcu7t5v0__dffq_2)
                                 -0.250000   24.586571   clock uncertainty
                                  0.000079   24.586649   clock reconvergence pessimism
                                 -0.563705   24.022942   library setup time
                                             24.022942   data required time
---------------------------------------------------------------------------------------------
                                             24.022942   data required time
                                            -27.376638   data arrival time
---------------------------------------------------------------------------------------------
                                             -3.353696   slack (VIOLATED)


Startpoint: _13038_ (rising edge-triggered flip-flop clocked by clk)
Endpoint: _13383_ (rising edge-triggered flip-flop clocked by clk)
Path Group: clk
Path Type: max

Fanout         Cap        Slew       Delay        Time   Description
---------------------------------------------------------------------------------------------
                                  0.000000    0.000000   clock clk (rise edge)
                                  0.000000    0.000000   clock source latency
     2    0.030271    0.269025    0.123303    0.123303 ^ clk (in)
                                                         clk (net)
                      0.269025    0.000000    0.123303 ^ clkbuf_0_clk/I (gf180mcu_fd_sc_mcu7t5v0__clkbuf_16)
     2    0.049600    0.204310    0.459079    0.582382 ^ clkbuf_0_clk/Z (gf180mcu_fd_sc_mcu7t5v0__clkbuf_16)
                                                         clknet_0_clk (net)
                      0.204311    0.000676    0.583058 ^ clkbuf_1_0__f_clk/I (gf180mcu_fd_sc_mcu7t5v0__clkbuf_16)
     1    0.008938    0.139938    0.390594    0.973652 ^ clkbuf_1_0__f_clk/Z (gf180mcu_fd_sc_mcu7t5v0__clkbuf_16)
                                                         clknet_1_0__leaf_clk (net)
                      0.139938    0.000090    0.973742 ^ u_icg/CLK (gf180mcu_fd_sc_mcu7t5v0__icgtp_4)
     3    0.096564    0.784052    1.034917    2.008660 ^ u_icg/Q (gf180mcu_fd_sc_mcu7t5v0__icgtp_4)
                                                         core_clk (net)
                      0.784101    0.009427    2.018087 ^ clkbuf_0_core_clk/I (gf180mcu_fd_sc_mcu7t5v0__clkbuf_16)
    33    0.562875    1.008975    1.049378    3.067465 ^ clkbuf_0_core_clk/Z (gf180mcu_fd_sc_mcu7t5v0__clkbuf_16)
                                                         clknet_0_core_clk (net)
                      1.015699    0.042857    3.110322 ^ clkbuf_4_14_0_core_clk/I (gf180mcu_fd_sc_mcu7t5v0__clkbuf_8)
    31    0.316178    1.142310    1.177743    4.288064 ^ clkbuf_4_14_0_core_clk/Z (gf180mcu_fd_sc_mcu7t5v0__clkbuf_8)
                                                         clknet_4_14_0_core_clk (net)
                      1.142382    0.005052    4.293117 ^ clkbuf_leaf_84_core_clk/I (gf180mcu_fd_sc_mcu7t5v0__clkbuf_8)
     4    0.026857    0.230387    0.611480    4.904596 ^ clkbuf_leaf_84_core_clk/Z (gf180mcu_fd_sc_mcu7t5v0__clkbuf_8)
                                                         clknet_leaf_84_core_clk (net)
                      0.230387    0.000279    4.904875 ^ _13038_/CLK (gf180mcu_fd_sc_mcu7t5v0__dffq_1)
     1    0.011867    0.435530    1.504662    6.409537 ^ _13038_/Q (gf180mcu_fd_sc_mcu7t5v0__dffq_1)
                                                         a_gate (net)
                      0.435530    0.000256    6.409794 ^ fanout482/I (gf180mcu_fd_sc_mcu7t5v0__buf_4)
    13    0.248751    1.738866    1.238038    7.647832 ^ fanout482/Z (gf180mcu_fd_sc_mcu7t5v0__buf_4)
                                                         net482 (net)
                      1.739091    0.011124    7.658957 ^ fanout465/I (gf180mcu_fd_sc_mcu7t5v0__clkbuf_2)
    11    0.097889    1.393264    1.388487    9.047443 ^ fanout465/Z (gf180mcu_fd_sc_mcu7t5v0__clkbuf_2)
                                                         net465 (net)
                      1.393413    0.008044    9.055488 ^ fanout457/I (gf180mcu_fd_sc_mcu7t5v0__buf_2)
    21    0.090470    1.291753    1.085698   10.141185 ^ fanout457/Z (gf180mcu_fd_sc_mcu7t5v0__buf_2)
                                                         net457 (net)
                      1.291753    0.000873   10.142058 ^ fanout456/I (gf180mcu_fd_sc_mcu7t5v0__buf_1)
     5    0.044080    1.290416    1.109573   11.251631 ^ fanout456/Z (gf180mcu_fd_sc_mcu7t5v0__buf_1)
                                                         net456 (net)
                      1.290416    0.000858   11.252489 ^ fanout455/I (gf180mcu_fd_sc_mcu7t5v0__buf_2)
    10    0.065357    0.954447    0.890161   12.142650 ^ fanout455/Z (gf180mcu_fd_sc_mcu7t5v0__buf_2)
                                                         net455 (net)
                      0.954467    0.002404   12.145054 ^ _10554_/A3 (gf180mcu_fd_sc_mcu7t5v0__nand3_1)
     2    0.016562    0.846834    0.576457   12.721511 v _10554_/ZN (gf180mcu_fd_sc_mcu7t5v0__nand3_1)
                                                         _04231_ (net)
                      0.846834    0.000346   12.721857 v _10556_/A1 (gf180mcu_fd_sc_mcu7t5v0__oai21_1)
     2    0.014553    1.069762    0.845624   13.567481 ^ _10556_/ZN (gf180mcu_fd_sc_mcu7t5v0__oai21_1)
                                                         _04233_ (net)
                      1.069762    0.000199   13.567679 ^ _10557_/A2 (gf180mcu_fd_sc_mcu7t5v0__nand2_1)
     1    0.005678    0.434132    0.249312   13.816992 v _10557_/ZN (gf180mcu_fd_sc_mcu7t5v0__nand2_1)
                                                         _04234_ (net)
                      0.434132    0.000062   13.817054 v _10558_/B (gf180mcu_fd_sc_mcu7t5v0__oai21_1)
     2    0.013468    1.001257    0.565879   14.382933 ^ _10558_/ZN (gf180mcu_fd_sc_mcu7t5v0__oai21_1)
                                                         _04235_ (net)
                      1.001257    0.000097   14.383029 ^ _10559_/A2 (gf180mcu_fd_sc_mcu7t5v0__aoi21_1)
     2    0.015625    0.655409    0.441687   14.824717 v _10559_/ZN (gf180mcu_fd_sc_mcu7t5v0__aoi21_1)
                                                         _04236_ (net)
                      0.655409    0.000289   14.825005 v _10560_/A2 (gf180mcu_fd_sc_mcu7t5v0__oai21_1)
     2    0.021459    1.387163    0.980884   15.805888 ^ _10560_/ZN (gf180mcu_fd_sc_mcu7t5v0__oai21_1)
                                                         _04237_ (net)
                      1.387163    0.000652   15.806540 ^ _10561_/A2 (gf180mcu_fd_sc_mcu7t5v0__aoi21_1)
     2    0.012694    0.599326    0.395300   16.201839 v _10561_/ZN (gf180mcu_fd_sc_mcu7t5v0__aoi21_1)
                                                         _04238_ (net)
                      0.599326    0.000174   16.202015 v _10562_/A2 (gf180mcu_fd_sc_mcu7t5v0__or2_1)
     2    0.011934    0.412268    0.946446   17.148460 v _10562_/Z (gf180mcu_fd_sc_mcu7t5v0__or2_1)
                                                         _04239_ (net)
                      0.412268    0.000348   17.148809 v _10563_/A2 (gf180mcu_fd_sc_mcu7t5v0__aoi21_1)
     3    0.017793    1.322517    0.850356   17.999165 ^ _10563_/ZN (gf180mcu_fd_sc_mcu7t5v0__aoi21_1)
                                                         _04240_ (net)
                      1.322517    0.000242   17.999407 ^ _10566_/A2 (gf180mcu_fd_sc_mcu7t5v0__oai21_1)
     2    0.015052    0.760592    0.578547   18.577953 v _10566_/ZN (gf180mcu_fd_sc_mcu7t5v0__oai21_1)
                                                         _04243_ (net)
                      0.760592    0.000375   18.578329 v _10567_/A2 (gf180mcu_fd_sc_mcu7t5v0__nor2_1)
     2    0.014448    0.992260    0.752952   19.331280 ^ _10567_/ZN (gf180mcu_fd_sc_mcu7t5v0__nor2_1)
                                                         _04244_ (net)
                      0.992260    0.000338   19.331617 ^ _10575_/A1 (gf180mcu_fd_sc_mcu7t5v0__aoi21_1)
     2    0.019025    0.734438    0.565844   19.897463 v _10575_/ZN (gf180mcu_fd_sc_mcu7t5v0__aoi21_1)
                                                         _04252_ (net)
                      0.734438    0.000455   19.897917 v _10576_/A2 (gf180mcu_fd_sc_mcu7t5v0__oai21_1)
     2    0.021452    1.389191    0.995591   20.893509 ^ _10576_/ZN (gf180mcu_fd_sc_mcu7t5v0__oai21_1)
                                                         _04253_ (net)
                      1.389191    0.000711   20.894218 ^ _10577_/B (gf180mcu_fd_sc_mcu7t5v0__aoi21_1)
     2    0.019170    0.938729    0.778357   21.672575 v _10577_/ZN (gf180mcu_fd_sc_mcu7t5v0__aoi21_1)
                                                         _04254_ (net)
                      0.938729    0.000330   21.672905 v _10579_/A3 (gf180mcu_fd_sc_mcu7t5v0__oai31_2)
     3    0.030434    1.917861    1.378991   23.051897 ^ _10579_/ZN (gf180mcu_fd_sc_mcu7t5v0__oai31_2)
                                                         _04256_ (net)
                      1.917861    0.000540   23.052437 ^ _10581_/A3 (gf180mcu_fd_sc_mcu7t5v0__nand3_2)
     4    0.049177    1.178494    0.755412   23.807848 v _10581_/ZN (gf180mcu_fd_sc_mcu7t5v0__nand3_2)
                                                         _04258_ (net)
                      1.178494    0.000968   23.808817 v _10582_/A2 (gf180mcu_fd_sc_mcu7t5v0__aoi21_2)
     3    0.029297    1.163202    0.992257   24.801073 ^ _10582_/ZN (gf180mcu_fd_sc_mcu7t5v0__aoi21_2)
                                                         _04259_ (net)
                      1.163202    0.000416   24.801489 ^ fanout67/I (gf180mcu_fd_sc_mcu7t5v0__buf_2)
    21    0.096835    1.378600    1.128024   25.929514 ^ fanout67/Z (gf180mcu_fd_sc_mcu7t5v0__buf_2)
                                                         net67 (net)
                      1.378614    0.002460   25.931974 ^ _10591_/B (gf180mcu_fd_sc_mcu7t5v0__aoi21_1)
     1    0.007227    0.706567    0.538607   26.470581 v _10591_/ZN (gf180mcu_fd_sc_mcu7t5v0__aoi21_1)
                                                         _04267_ (net)
                      0.706567    0.000156   26.470737 v _10592_/B2 (gf180mcu_fd_sc_mcu7t5v0__aoi221_1)
     1    0.003558    1.103629    0.941563   27.412300 ^ _10592_/ZN (gf180mcu_fd_sc_mcu7t5v0__aoi221_1)
