
==========================================================================
finish report_tns
--------------------------------------------------------------------------
tns 0.00

==========================================================================
finish report_wns
--------------------------------------------------------------------------
wns 0.00

==========================================================================
finish report_worst_slack
--------------------------------------------------------------------------
worst slack 11895.10

==========================================================================
finish report_clock_skew
--------------------------------------------------------------------------
Clock clk
 143.82 source latency a_valid$_SDFF_PP0_/CLK ^
 -81.71 target latency en_q$_DFF_P_/CLK ^
  -0.23 CRPR
--------------
  61.88 setup skew


==========================================================================
finish report_checks -path_delay min
--------------------------------------------------------------------------
Startpoint: x[43]$_SDFFE_PP0P_ (rising edge-triggered flip-flop clocked by clk)
Endpoint: x[43]$_SDFFE_PP0P_ (rising edge-triggered flip-flop clocked by clk)
Path Group: clk
Path Type: min

Fanout     Cap    Slew   Delay    Time   Description
-----------------------------------------------------------------------------
                          0.00    0.00   clock clk (rise edge)
                          0.00    0.00   clock source latency
     1    1.07    0.00    0.00    0.00 ^ clk (in)
                                         clk (net)
                  0.28    0.09    0.09 ^ clkbuf_0_clk/A (BUFx8_ASAP7_75t_R)
     2    1.88    6.94   13.97   14.06 ^ clkbuf_0_clk/Y (BUFx8_ASAP7_75t_R)
                                         clknet_0_clk (net)
                  6.94    0.15   14.21 ^ clkbuf_1_0__f_clk/A (BUFx8_ASAP7_75t_R)
     2    2.00    7.02   16.12   30.33 ^ clkbuf_1_0__f_clk/Y (BUFx8_ASAP7_75t_R)
                                         clknet_1_0__leaf_clk (net)
                  7.02    0.18   30.51 ^ u_icg/CLK (ICGx1_ASAP7_75t_R)
     1    4.07   27.95   18.53   49.04 ^ u_icg/GCLK (ICGx1_ASAP7_75t_R)
                                         core_clk (net)
                 28.29    1.72   50.77 ^ clkbuf_0_core_clk/A (BUFx8_ASAP7_75t_R)
     4   10.77   15.57   25.62   76.39 ^ clkbuf_0_core_clk/Y (BUFx8_ASAP7_75t_R)
                                         clknet_0_core_clk (net)
                 16.06    1.51   77.89 ^ clkbuf_2_0__f_core_clk/A (BUFx8_ASAP7_75t_R)
     9   26.26   28.89   26.31  104.20 ^ clkbuf_2_0__f_core_clk/Y (BUFx8_ASAP7_75t_R)
                                         clknet_2_0__leaf_core_clk (net)
                 33.79    6.16  110.36 ^ clkbuf_leaf_0_core_clk/A (BUFx16f_ASAP7_75t_R)
    24   12.44   11.41   21.86  132.22 ^ clkbuf_leaf_0_core_clk/Y (BUFx16f_ASAP7_75t_R)
                                         clknet_leaf_0_core_clk (net)
                 12.58    1.90  134.12 ^ x[43]$_SDFFE_PP0P_/CLK (DFFHQNx2_ASAP7_75t_R)
     2    1.37   14.58   41.40  175.52 ^ x[43]$_SDFFE_PP0P_/QN (DFFHQNx2_ASAP7_75t_R)
                                         _00089_ (net)
                 14.58    0.09  175.62 ^ _19019_/A (NOR2x1_ASAP7_75t_R)
     1    0.62    6.52   10.22  185.83 v _19019_/Y (NOR2x1_ASAP7_75t_R)
                                         _01042_ (net)
                  6.52    0.05  185.88 v x[43]$_SDFFE_PP0P_/D (DFFHQNx2_ASAP7_75t_R)
                                185.88   data arrival time

                          0.00    0.00   clock clk (rise edge)
                          0.00    0.00   clock source latency
     1    1.28    0.00    0.00    0.00 ^ clk (in)
                                         clk (net)
                  0.34    0.11    0.11 ^ clkbuf_0_clk/A (BUFx8_ASAP7_75t_R)
     2    2.29    7.24   14.18   14.29 ^ clkbuf_0_clk/Y (BUFx8_ASAP7_75t_R)
                                         clknet_0_clk (net)
                  7.24    0.18   14.47 ^ clkbuf_1_0__f_clk/A (BUFx8_ASAP7_75t_R)
     2    2.77    7.57   16.56   31.03 ^ clkbuf_1_0__f_clk/Y (BUFx8_ASAP7_75t_R)
                                         clknet_1_0__leaf_clk (net)
                  7.60    0.25   31.28 ^ u_icg/CLK (ICGx1_ASAP7_75t_R)
     1    4.27   29.32   19.15   50.44 ^ u_icg/GCLK (ICGx1_ASAP7_75t_R)
                                         core_clk (net)
                 29.69    1.86   52.30 ^ clkbuf_0_core_clk/A (BUFx8_ASAP7_75t_R)
     4   11.60   15.95   26.29   78.59 ^ clkbuf_0_core_clk/Y (BUFx8_ASAP7_75t_R)
                                         clknet_0_core_clk (net)
                 16.54    1.64   80.23 ^ clkbuf_2_0__f_core_clk/A (BUFx8_ASAP7_75t_R)
     9   32.88   34.89   28.12  108.35 ^ clkbuf_2_0__f_core_clk/Y (BUFx8_ASAP7_75t_R)
                                         clknet_2_0__leaf_core_clk (net)
                 41.14    7.61  115.95 ^ clkbuf_leaf_0_core_clk/A (BUFx16f_ASAP7_75t_R)
    24   15.13   13.20   23.79  139.75 ^ clkbuf_leaf_0_core_clk/Y (BUFx16f_ASAP7_75t_R)
                                         clknet_leaf_0_core_clk (net)
                 14.67    2.31  142.06 ^ x[43]$_SDFFE_PP0P_/CLK (DFFHQNx2_ASAP7_75t_R)
                         -7.53  134.53   clock reconvergence pessimism
                         10.26  144.79   library hold time
                                144.79   data required time
-----------------------------------------------------------------------------
                                144.79   data required time
                               -185.88   data arrival time
-----------------------------------------------------------------------------
                                 41.10   slack (MET)



==========================================================================
finish report_checks -path_delay max
--------------------------------------------------------------------------
Startpoint: wr_en (input port clocked by clk)
Endpoint: tick_ready (output port clocked by clk)
Path Group: clk
Path Type: max

Fanout     Cap    Slew   Delay    Time   Description
-----------------------------------------------------------------------------
                          0.00    0.00   clock clk (rise edge)
                          0.00    0.00   clock network delay (propagated)
                       4000.00 4000.00 v input external delay
     1    0.71    0.00    0.00 4000.00 v wr_en (in)
                                         wr_en (net)
                  0.13    0.04 4000.04 v input11/A (BUFx2_ASAP7_75t_R)
     1    0.69    5.09   10.65 4010.69 v input11/Y (BUFx2_ASAP7_75t_R)
                                         net11 (net)
                  5.09    0.03 4010.72 v _09852_/A (INVx1_ASAP7_75t_R)
     2    2.07   14.54    8.60 4019.32 ^ _09852_/Y (INVx1_ASAP7_75t_R)
                                         _01437_ (net)
                 14.58    0.45 4019.77 ^ _09853_/B (AND4x2_ASAP7_75t_R)
     6    8.56   41.30   45.28 4065.05 ^ _09853_/Y (AND4x2_ASAP7_75t_R)
                                         _01438_ (net)
                 41.44    1.41 4066.45 ^ _19085_/A (NAND2x1_ASAP7_75t_R)
     2    1.88   17.11   15.28 4081.74 v _19085_/Y (NAND2x1_ASAP7_75t_R)
                                         _01418_ (net)
                 17.12    0.16 4081.90 v _19087_/B (NOR2x1_ASAP7_75t_R)
     1    0.72   11.71    9.96 4091.86 ^ _19087_/Y (NOR2x1_ASAP7_75t_R)
                                         net16 (net)
                 11.71    0.06 4091.92 ^ output16/A (BUFx2_ASAP7_75t_R)
     1    0.26    4.37   12.96 4104.88 ^ output16/Y (BUFx2_ASAP7_75t_R)
                                         tick_ready (net)
                  4.37    0.02 4104.90 ^ tick_ready (out)
                               4104.90   data arrival time

                       20000.00 20000.00   clock clk (rise edge)
                          0.00 20000.00   clock network delay (propagated)
                          0.00 20000.00   clock reconvergence pessimism
                       -4000.00 16000.00   output external delay
                               16000.00   data required time
-----------------------------------------------------------------------------
                               16000.00   data required time
                               -4104.90   data arrival time
-----------------------------------------------------------------------------
                               11895.10   slack (MET)



==========================================================================
finish report_checks -unconstrained
--------------------------------------------------------------------------
Startpoint: wr_en (input port clocked by clk)
Endpoint: tick_ready (output port clocked by clk)
Path Group: clk
Path Type: max

Fanout     Cap    Slew   Delay    Time   Description
-----------------------------------------------------------------------------
                          0.00    0.00   clock clk (rise edge)
                          0.00    0.00   clock network delay (propagated)
                       4000.00 4000.00 v input external delay
     1    0.71    0.00    0.00 4000.00 v wr_en (in)
                                         wr_en (net)
                  0.13    0.04 4000.04 v input11/A (BUFx2_ASAP7_75t_R)
     1    0.69    5.09   10.65 4010.69 v input11/Y (BUFx2_ASAP7_75t_R)
                                         net11 (net)
                  5.09    0.03 4010.72 v _09852_/A (INVx1_ASAP7_75t_R)
     2    2.07   14.54    8.60 4019.32 ^ _09852_/Y (INVx1_ASAP7_75t_R)
                                         _01437_ (net)
                 14.58    0.45 4019.77 ^ _09853_/B (AND4x2_ASAP7_75t_R)
     6    8.56   41.30   45.28 4065.05 ^ _09853_/Y (AND4x2_ASAP7_75t_R)
                                         _01438_ (net)
                 41.44    1.41 4066.45 ^ _19085_/A (NAND2x1_ASAP7_75t_R)
     2    1.88   17.11   15.28 4081.74 v _19085_/Y (NAND2x1_ASAP7_75t_R)
                                         _01418_ (net)
                 17.12    0.16 4081.90 v _19087_/B (NOR2x1_ASAP7_75t_R)
     1    0.72   11.71    9.96 4091.86 ^ _19087_/Y (NOR2x1_ASAP7_75t_R)
                                         net16 (net)
                 11.71    0.06 4091.92 ^ output16/A (BUFx2_ASAP7_75t_R)
     1    0.26    4.37   12.96 4104.88 ^ output16/Y (BUFx2_ASAP7_75t_R)
                                         tick_ready (net)
                  4.37    0.02 4104.90 ^ tick_ready (out)
                               4104.90   data arrival time

                       20000.00 20000.00   clock clk (rise edge)
                          0.00 20000.00   clock network delay (propagated)
                          0.00 20000.00   clock reconvergence pessimism
                       -4000.00 16000.00   output external delay
                               16000.00   data required time
-----------------------------------------------------------------------------
                               16000.00   data required time
                               -4104.90   data arrival time
-----------------------------------------------------------------------------
                               11895.10   slack (MET)



==========================================================================
finish report_check_types -max_slew -max_cap -max_fanout -violators
--------------------------------------------------------------------------

==========================================================================
finish max_slew_check_slack
--------------------------------------------------------------------------
231.8230438232422

==========================================================================
finish max_slew_check_limit
--------------------------------------------------------------------------
320.0

==========================================================================
finish max_slew_check_slack_limit
--------------------------------------------------------------------------
0.7244

==========================================================================
finish max_fanout_check_slack
--------------------------------------------------------------------------
1.0000000150474662e+30

==========================================================================
finish max_fanout_check_limit
--------------------------------------------------------------------------
1.0000000150474662e+30

==========================================================================
finish max_capacitance_check_slack
--------------------------------------------------------------------------
16.21022605895996

==========================================================================
finish max_capacitance_check_limit
--------------------------------------------------------------------------
23.040000915527344

==========================================================================
finish max_capacitance_check_slack_limit
--------------------------------------------------------------------------
0.7036

==========================================================================
finish max_slew_violation_count
--------------------------------------------------------------------------
max slew violation count 0

==========================================================================
finish max_fanout_violation_count
--------------------------------------------------------------------------
max fanout violation count 0

==========================================================================
finish max_cap_violation_count
--------------------------------------------------------------------------
max cap violation count 0

==========================================================================
finish setup_violation_count
--------------------------------------------------------------------------
setup violation count 0

==========================================================================
finish hold_violation_count
--------------------------------------------------------------------------
hold violation count 0

==========================================================================
finish report_checks -path_delay max reg to reg
--------------------------------------------------------------------------
Startpoint: s_r[0]$_SDFFE_PP0P_ (rising edge-triggered flip-flop clocked by clk)
Endpoint: x[40]$_SDFFE_PP0P_ (rising edge-triggered flip-flop clocked by clk)
Path Group: clk
Path Type: max

  Delay    Time   Description
---------------------------------------------------------
   0.00    0.00   clock clk (rise edge)
   0.00    0.00   clock source latency
   0.00    0.00 ^ clk (in)
  14.29   14.29 ^ clkbuf_0_clk/Y (BUFx8_ASAP7_75t_R)
  16.75   31.03 ^ clkbuf_1_0__f_clk/Y (BUFx8_ASAP7_75t_R)
  19.41   50.44 ^ u_icg/GCLK (ICGx1_ASAP7_75t_R)
  28.15   78.59 ^ clkbuf_0_core_clk/Y (BUFx8_ASAP7_75t_R)
  33.12  111.70 ^ clkbuf_2_2__f_core_clk/Y (BUFx8_ASAP7_75t_R)
  28.90  140.60 ^ clkbuf_leaf_18_core_clk/Y (BUFx16f_ASAP7_75t_R)
   2.01  142.62 ^ s_r[0]$_SDFFE_PP0P_/CLK (DFFHQNx3_ASAP7_75t_R)
  47.21  189.83 v s_r[0]$_SDFFE_PP0P_/QN (DFFHQNx3_ASAP7_75t_R)
  20.56  210.38 v _10206_/Y (BUFx3_ASAP7_75t_R)
  19.67  230.06 v _10207_/Y (AND4x1_ASAP7_75t_R)
  16.21  246.27 v _10208_/Y (BUFx6f_ASAP7_75t_R)
  22.37  268.63 v _10210_/Y (AND2x2_ASAP7_75t_R)
  16.37  285.00 v _10211_/Y (BUFx6f_ASAP7_75t_R)
  25.06  310.05 v _10255_/Y (AO21x2_ASAP7_75t_R)
  50.82  360.88 v _10262_/Y (OR4x2_ASAP7_75t_R)
  34.40  395.27 v _10283_/Y (AND3x4_ASAP7_75t_R)
  36.00  431.27 v _10285_/Y (OR4x1_ASAP7_75t_R)
  25.08  456.35 v _10289_/Y (AO21x2_ASAP7_75t_R)
  21.05  477.40 ^ _10290_/Y (NAND2x2_ASAP7_75t_R)
  26.60  504.00 v _10317_/Y (AOI21x1_ASAP7_75t_R)
  32.09  536.08 v _18975_/Y (AO21x2_ASAP7_75t_R)
  21.91  557.99 v _18976_/Y (BUFx6f_ASAP7_75t_R)
  21.55  579.54 v _18977_/Y (BUFx12f_ASAP7_75t_R)
  24.87  604.41 v _19011_/Y (BUFx12f_ASAP7_75t_R)
  10.65  615.05 ^ _19016_/Y (NOR2x1_ASAP7_75t_R)
   0.07  615.12 ^ x[40]$_SDFFE_PP0P_/D (DFFHQNx2_ASAP7_75t_R)
         615.12   data arrival time

20000.00 20000.00   clock clk (rise edge)
   0.00 20000.00   clock source latency
   0.00 20000.00 ^ clk (in)
  14.06 20014.06 ^ clkbuf_0_clk/Y (BUFx8_ASAP7_75t_R)
  16.28 20030.33 ^ clkbuf_1_0__f_clk/Y (BUFx8_ASAP7_75t_R)
  18.71 20049.04 ^ u_icg/GCLK (ICGx1_ASAP7_75t_R)
  27.34 20076.38 ^ clkbuf_0_core_clk/Y (BUFx8_ASAP7_75t_R)
  27.82 20104.20 ^ clkbuf_2_0__f_core_clk/Y (BUFx8_ASAP7_75t_R)
  28.02 20132.22 ^ clkbuf_leaf_0_core_clk/Y (BUFx16f_ASAP7_75t_R)
   1.46 20133.68 ^ x[40]$_SDFFE_PP0P_/CLK (DFFHQNx2_ASAP7_75t_R)
   2.20 20135.88   clock reconvergence pessimism
  -6.19 20129.69   library setup time
        20129.69   data required time
---------------------------------------------------------
        20129.69   data required time
        -615.12   data arrival time
---------------------------------------------------------
        19514.57   slack (MET)



==========================================================================
finish report_checks -path_delay min reg to reg
--------------------------------------------------------------------------
Startpoint: x[43]$_SDFFE_PP0P_ (rising edge-triggered flip-flop clocked by clk)
Endpoint: x[43]$_SDFFE_PP0P_ (rising edge-triggered flip-flop clocked by clk)
Path Group: clk
Path Type: min

  Delay    Time   Description
---------------------------------------------------------
   0.00    0.00   clock clk (rise edge)
   0.00    0.00   clock source latency
   0.00    0.00 ^ clk (in)
  14.06   14.06 ^ clkbuf_0_clk/Y (BUFx8_ASAP7_75t_R)
  16.28   30.33 ^ clkbuf_1_0__f_clk/Y (BUFx8_ASAP7_75t_R)
  18.71   49.04 ^ u_icg/GCLK (ICGx1_ASAP7_75t_R)
  27.34   76.39 ^ clkbuf_0_core_clk/Y (BUFx8_ASAP7_75t_R)
  27.82  104.20 ^ clkbuf_2_0__f_core_clk/Y (BUFx8_ASAP7_75t_R)
  28.02  132.22 ^ clkbuf_leaf_0_core_clk/Y (BUFx16f_ASAP7_75t_R)
   1.90  134.12 ^ x[43]$_SDFFE_PP0P_/CLK (DFFHQNx2_ASAP7_75t_R)
  41.40  175.52 ^ x[43]$_SDFFE_PP0P_/QN (DFFHQNx2_ASAP7_75t_R)
  10.31  185.83 v _19019_/Y (NOR2x1_ASAP7_75t_R)
   0.05  185.88 v x[43]$_SDFFE_PP0P_/D (DFFHQNx2_ASAP7_75t_R)
         185.88   data arrival time

   0.00    0.00   clock clk (rise edge)
   0.00    0.00   clock source latency
   0.00    0.00 ^ clk (in)
  14.29   14.29 ^ clkbuf_0_clk/Y (BUFx8_ASAP7_75t_R)
  16.75   31.03 ^ clkbuf_1_0__f_clk/Y (BUFx8_ASAP7_75t_R)
  19.41   50.44 ^ u_icg/GCLK (ICGx1_ASAP7_75t_R)
  28.15   78.59 ^ clkbuf_0_core_clk/Y (BUFx8_ASAP7_75t_R)
  29.76  108.35 ^ clkbuf_2_0__f_core_clk/Y (BUFx8_ASAP7_75t_R)
  31.40  139.75 ^ clkbuf_leaf_0_core_clk/Y (BUFx16f_ASAP7_75t_R)
   2.31  142.06 ^ x[43]$_SDFFE_PP0P_/CLK (DFFHQNx2_ASAP7_75t_R)
  -7.53  134.53   clock reconvergence pessimism
  10.26  144.79   library hold time
         144.79   data required time
---------------------------------------------------------
         144.79   data required time
        -185.88   data arrival time
---------------------------------------------------------
          41.10   slack (MET)



==========================================================================
finish critical path target clock latency max path
--------------------------------------------------------------------------
132.1686

==========================================================================
finish critical path target clock latency min path
--------------------------------------------------------------------------
140.8833

==========================================================================
finish critical path source clock latency min path
--------------------------------------------------------------------------
0.0000

==========================================================================
finish critical path delay
--------------------------------------------------------------------------
4104.9014

==========================================================================
finish critical path slack
--------------------------------------------------------------------------
11895.0986

==========================================================================
finish slack div critical path delay
--------------------------------------------------------------------------
289.777937

==========================================================================
finish report_power
--------------------------------------------------------------------------
Group                  Internal  Switching    Leakage      Total
                          Power      Power      Power      Power (Watts)
----------------------------------------------------------------
Sequential             4.30e-05   2.35e-06   1.13e-07   4.55e-05  26.5%
Combinational          3.71e-05   4.64e-05   1.27e-06   8.48e-05  49.4%
Clock                  2.31e-05   1.84e-05   1.76e-08   4.15e-05  24.2%
Macro                  0.00e+00   0.00e+00   0.00e+00   0.00e+00   0.0%
Pad                    0.00e+00   0.00e+00   0.00e+00   0.00e+00   0.0%
----------------------------------------------------------------
Total                  1.03e-04   6.72e-05   1.41e-06   1.72e-04 100.0%
                          60.1%      39.1%       0.8%
