     Internal    Switching      Leakage        Total
        Power        Power        Power        Power (Watts)
----------------------------------------------------
 8.712810e-07 3.984340e-07 1.232310e-11 1.269727e-06 clkbuf_1_1__f_clk
 8.720406e-07 3.237158e-07 1.232310e-11 1.195769e-06 clkbuf_0_clk
 8.388826e-07 9.682345e-08 1.232310e-11 9.357184e-07 clkbuf_1_0__f_clk
 1.354386e-07 4.501726e-10 9.133827e-12 1.358979e-07 u_icg
 2.618686e-08 0.000000e+00 1.567550e-12 2.618842e-08 clkload0
 3.170971e-10 2.422016e-09 1.047943e-11 2.749593e-09 clkbuf_0_core_clk
 1.553576e-10 8.500163e-10 6.865810e-12 1.012240e-09 clkbuf_4_13_0_core_clk
 1.553901e-10 7.614333e-10 6.865810e-12 9.236892e-10 clkbuf_4_14_0_core_clk
 1.552276e-10 7.260561e-10 6.865810e-12 8.881495e-10 clkbuf_4_7_0_core_clk
 1.552482e-10 7.111240e-10 6.865810e-12 8.732380e-10 clkbuf_4_12_0_core_clk
 1.553230e-10 6.875026e-10 6.865810e-12 8.496914e-10 clkbuf_4_8_0_core_clk
 1.553070e-10 6.783689e-10 6.865810e-12 8.405417e-10 clkbuf_4_15_0_core_clk
 1.552550e-10 6.683517e-10 6.865810e-12 8.304724e-10 clkbuf_4_2_0_core_clk
 1.553684e-10 6.668050e-10 6.865810e-12 8.290392e-10 clkbuf_4_11_0_core_clk
 1.552465e-10 6.595979e-10 6.865810e-12 8.217102e-10 clkbuf_4_3_0_core_clk
 1.552356e-10 6.519597e-10 6.865810e-12 8.140611e-10 clkbuf_4_1_0_core_clk
 1.551623e-10 6.520073e-10 6.865810e-12 8.140354e-10 clkbuf_4_4_0_core_clk
 1.553255e-10 6.502593e-10 6.865810e-12 8.124507e-10 clkbuf_4_10_0_core_clk
 1.551664e-10 6.481150e-10 6.865810e-12 8.101472e-10 clkbuf_4_6_0_core_clk
 1.551376e-10 6.164478e-10 6.865810e-12 7.784512e-10 clkbuf_4_5_0_core_clk
 1.551916e-10 5.961985e-10 6.865810e-12 7.582558e-10 clkbuf_4_0_0_core_clk
 1.552326e-10 5.892074e-10 6.865810e-12 7.513058e-10 clkbuf_4_9_0_core_clk
 1.581074e-10 4.137433e-10 6.865810e-12 5.787164e-10 clkbuf_leaf_7_core_clk
 1.575982e-10 3.919441e-10 6.865810e-12 5.564081e-10 clkbuf_leaf_5_core_clk
 1.579747e-10 3.862234e-10 6.865810e-12 5.510639e-10 clkbuf_leaf_153_core_clk
 1.571907e-10 3.749217e-10 6.865810e-12 5.389783e-10 clkbuf_leaf_6_core_clk
 1.571144e-10 3.715300e-10 6.865810e-12 5.355102e-10 clkbuf_leaf_4_core_clk
 1.560754e-10 3.276491e-10 6.865810e-12 4.905902e-10 clkbuf_leaf_3_core_clk
 1.565049e-10 3.262703e-10 6.865810e-12 4.896410e-10 clkbuf_leaf_0_core_clk
 1.561839e-10 3.132067e-10 6.865810e-12 4.762564e-10 clkbuf_leaf_1_core_clk
 1.555401e-10 3.058221e-10 6.865810e-12 4.682280e-10 clkbuf_leaf_9_core_clk
 1.557120e-10 2.940770e-10 6.865810e-12 4.566549e-10 clkbuf_leaf_151_core_clk
 1.551954e-10 2.910154e-10 6.865810e-12 4.530766e-10 clkbuf_leaf_8_core_clk
 1.549380e-10 2.803548e-10 6.865810e-12 4.421586e-10 clkbuf_leaf_10_core_clk
 1.552285e-10 2.743448e-10 6.865810e-12 4.364391e-10 clkbuf_leaf_149_core_clk
 1.552272e-10 2.742251e-10 6.865810e-12 4.363182e-10 clkbuf_leaf_152_core_clk
 1.551951e-10 2.729442e-10 6.865810e-12 4.350051e-10 clkbuf_leaf_150_core_clk
 1.546250e-10 2.732357e-10 6.865810e-12 4.347265e-10 clkbuf_leaf_75_core_clk
 1.550884e-10 2.684768e-10 6.865810e-12 4.304310e-10 clkbuf_leaf_2_core_clk
 1.545104e-10 2.680978e-10 6.865810e-12 4.294741e-10 clkbuf_leaf_82_core_clk
 1.544621e-10 2.659890e-10 6.865810e-12 4.273168e-10 clkbuf_leaf_85_core_clk
 1.538877e-10 2.414454e-10 6.865810e-12 4.021989e-10 clkbuf_leaf_83_core_clk
 1.540477e-10 2.410820e-10 6.865810e-12 4.019955e-10 clkbuf_leaf_114_core_clk
 1.537307e-10 2.352627e-10 6.865810e-12 3.958592e-10 clkbuf_leaf_79_core_clk
 1.536789e-10 2.315401e-10 6.865810e-12 3.920848e-10 clkbuf_leaf_141_core_clk
 1.537143e-10 2.272669e-10 6.865810e-12 3.878470e-10 clkbuf_leaf_121_core_clk
 1.533198e-10 2.267671e-10 6.865810e-12 3.869528e-10 clkbuf_leaf_40_core_clk
 1.535819e-10 2.258920e-10 6.865810e-12 3.863397e-10 clkbuf_leaf_107_core_clk
 1.534372e-10 2.226193e-10 6.865810e-12 3.829223e-10 clkbuf_leaf_78_core_clk
 1.531835e-10 2.210763e-10 6.865810e-12 3.811256e-10 clkbuf_leaf_44_core_clk
 1.533672e-10 2.195329e-10 6.865810e-12 3.797659e-10 clkbuf_leaf_76_core_clk
 1.533845e-10 2.185793e-10 6.865810e-12 3.788296e-10 clkbuf_leaf_147_core_clk
 1.533101e-10 2.168132e-10 6.865810e-12 3.769892e-10 clkbuf_leaf_74_core_clk
 1.532937e-10 2.164780e-10 6.865810e-12 3.766375e-10 clkbuf_leaf_77_core_clk
 1.529542e-10 2.163938e-10 6.865810e-12 3.762138e-10 clkbuf_leaf_86_core_clk
 1.529314e-10 2.155221e-10 6.865810e-12 3.753193e-10 clkbuf_leaf_90_core_clk
 1.534050e-10 2.142983e-10 6.865810e-12 3.745692e-10 clkbuf_leaf_120_core_clk
 1.531732e-10 2.108642e-10 6.865810e-12 3.709032e-10 clkbuf_leaf_84_core_clk
 1.534891e-10 2.097964e-10 6.865810e-12 3.701514e-10 clkbuf_leaf_32_core_clk
 1.529981e-10 2.057375e-10 6.865810e-12 3.656014e-10 clkbuf_leaf_127_core_clk
 1.523091e-10 2.056885e-10 6.865810e-12 3.648635e-10 clkbuf_leaf_72_core_clk
 1.530508e-10 2.029875e-10 6.865810e-12 3.629041e-10 clkbuf_leaf_112_core_clk
 1.532885e-10 2.014268e-10 6.865810e-12 3.615811e-10 clkbuf_leaf_27_core_clk
 1.528659e-10 2.001805e-10 6.865810e-12 3.599122e-10 clkbuf_leaf_130_core_clk
 1.528510e-10 1.994182e-10 6.865810e-12 3.591350e-10 clkbuf_leaf_126_core_clk
 1.529257e-10 1.991550e-10 6.865810e-12 3.589465e-10 clkbuf_leaf_148_core_clk
 1.529151e-10 1.986857e-10 6.865810e-12 3.584667e-10 clkbuf_leaf_146_core_clk
 1.529116e-10 1.986407e-10 6.865810e-12 3.584181e-10 clkbuf_leaf_144_core_clk
 1.529879e-10 1.984090e-10 6.865810e-12 3.582627e-10 clkbuf_leaf_28_core_clk
 1.531928e-10 1.976309e-10 6.865810e-12 3.576895e-10 clkbuf_leaf_30_core_clk
 1.521421e-10 1.978592e-10 6.865810e-12 3.568671e-10 clkbuf_leaf_71_core_clk
 1.521395e-10 1.976339e-10 6.865810e-12 3.566392e-10 clkbuf_leaf_69_core_clk
 1.526031e-10 1.952369e-10 6.865810e-12 3.547058e-10 clkbuf_leaf_38_core_clk
 1.526001e-10 1.952336e-10 6.865810e-12 3.546994e-10 clkbuf_leaf_45_core_clk
 1.527688e-10 1.941159e-10 6.865810e-12 3.537505e-10 clkbuf_leaf_81_core_clk
 1.528488e-10 1.927983e-10 6.865810e-12 3.525129e-10 clkbuf_leaf_24_core_clk
 1.527691e-10 1.926666e-10 6.865810e-12 3.523015e-10 clkbuf_leaf_142_core_clk
 1.530204e-10 1.905277e-10 6.865810e-12 3.504139e-10 clkbuf_leaf_34_core_clk
 1.527231e-10 1.906209e-10 6.865810e-12 3.502098e-10 clkbuf_leaf_143_core_clk
 1.528293e-10 1.899927e-10 6.865810e-12 3.496879e-10 clkbuf_leaf_117_core_clk
 1.528125e-10 1.889861e-10 6.865810e-12 3.486644e-10 clkbuf_leaf_113_core_clk
 1.519583e-10 1.892175e-10 6.865810e-12 3.480416e-10 clkbuf_leaf_64_core_clk
 1.527379e-10 1.883318e-10 6.865810e-12 3.479355e-10 clkbuf_leaf_22_core_clk
 1.527412e-10 1.862570e-10 6.865810e-12 3.458640e-10 clkbuf_leaf_115_core_clk
 1.527348e-10 1.860620e-10 6.865810e-12 3.456626e-10 clkbuf_leaf_122_core_clk
 1.526055e-10 1.855555e-10 6.865810e-12 3.450268e-10 clkbuf_leaf_145_core_clk
 1.518968e-10 1.861083e-10 6.865810e-12 3.448710e-10 clkbuf_leaf_63_core_clk
 1.523811e-10 1.854854e-10 6.865810e-12 3.447323e-10 clkbuf_leaf_42_core_clk
 1.523710e-10 1.852877e-10 6.865810e-12 3.445245e-10 clkbuf_leaf_43_core_clk
 1.527076e-10 1.845987e-10 6.865810e-12 3.441721e-10 clkbuf_leaf_116_core_clk
 1.526665e-10 1.832891e-10 6.865810e-12 3.428214e-10 clkbuf_leaf_119_core_clk
 1.524691e-10 1.828708e-10 6.865810e-12 3.422058e-10 clkbuf_leaf_124_core_clk
 1.523175e-10 1.826759e-10 6.865810e-12 3.418592e-10 clkbuf_leaf_41_core_clk
 1.521455e-10 1.803464e-10 6.865810e-12 3.393577e-10 clkbuf_leaf_93_core_clk
 1.517833e-10 1.806765e-10 6.865810e-12 3.393256e-10 clkbuf_leaf_68_core_clk
 1.527523e-10 1.794616e-10 6.865810e-12 3.390797e-10 clkbuf_leaf_33_core_clk
 1.526651e-10 1.758013e-10 6.865810e-12 3.353323e-10 clkbuf_leaf_31_core_clk
 1.524907e-10 1.754784e-10 6.865810e-12 3.348349e-10 clkbuf_leaf_111_core_clk
 1.516763e-10 1.758026e-10 6.865810e-12 3.343447e-10 clkbuf_leaf_65_core_clk
 1.523513e-10 1.734850e-10 6.865810e-12 3.327021e-10 clkbuf_leaf_110_core_clk
 1.519731e-10 1.726325e-10 6.865810e-12 3.314714e-10 clkbuf_leaf_94_core_clk
 1.516183e-10 1.728502e-10 6.865810e-12 3.313343e-10 clkbuf_leaf_67_core_clk
 1.520694e-10 1.718041e-10 6.865810e-12 3.307393e-10 clkbuf_leaf_35_core_clk
 1.520559e-10 1.711969e-10 6.865810e-12 3.301186e-10 clkbuf_leaf_36_core_clk
 1.519168e-10 1.701180e-10 6.865810e-12 3.289007e-10 clkbuf_leaf_91_core_clk
 1.519179e-10 1.699817e-10 6.865810e-12 3.287654e-10 clkbuf_leaf_88_core_clk
 1.521520e-10 1.693470e-10 6.865810e-12 3.283648e-10 clkbuf_leaf_131_core_clk
 1.515489e-10 1.694936e-10 6.865810e-12 3.279082e-10 clkbuf_leaf_62_core_clk
 1.522320e-10 1.686224e-10 6.865810e-12 3.277202e-10 clkbuf_leaf_108_core_clk
 1.523057e-10 1.680188e-10 6.865810e-12 3.271903e-10 clkbuf_leaf_118_core_clk
 1.521019e-10 1.673315e-10 6.865810e-12 3.262992e-10 clkbuf_leaf_128_core_clk
 1.519616e-10 1.670536e-10 6.865810e-12 3.258810e-10 clkbuf_leaf_46_core_clk
 1.523995e-10 1.649386e-10 6.865810e-12 3.242039e-10 clkbuf_leaf_37_core_clk
 1.520525e-10 1.649566e-10 6.865810e-12 3.238749e-10 clkbuf_leaf_123_core_clk
 1.521306e-10 1.641403e-10 6.865810e-12 3.231367e-10 clkbuf_leaf_109_core_clk
 1.520973e-10 1.629213e-10 6.865810e-12 3.218845e-10 clkbuf_leaf_92_core_clk
 1.517569e-10 1.628345e-10 6.865810e-12 3.214571e-10 clkbuf_leaf_87_core_clk
 1.514013e-10 1.626119e-10 6.865810e-12 3.208789e-10 clkbuf_leaf_47_core_clk
 1.520772e-10 1.619258e-10 6.865810e-12 3.208688e-10 clkbuf_leaf_105_core_clk
 1.520609e-10 1.597752e-10 6.865810e-12 3.187019e-10 clkbuf_leaf_23_core_clk
 1.518985e-10 1.583560e-10 6.865810e-12 3.171203e-10 clkbuf_leaf_125_core_clk
 1.517663e-10 1.583422e-10 6.865810e-12 3.169743e-10 clkbuf_leaf_39_core_clk
 1.519764e-10 1.577123e-10 6.865810e-12 3.165545e-10 clkbuf_leaf_106_core_clk
 1.512404e-10 1.548986e-10 6.865810e-12 3.130049e-10 clkbuf_leaf_70_core_clk
 1.519277e-10 1.537107e-10 6.865810e-12 3.125042e-10 clkbuf_leaf_29_core_clk
 1.515150e-10 1.519292e-10 6.865810e-12 3.103100e-10 clkbuf_leaf_89_core_clk
 1.515071e-10 1.516733e-10 6.865810e-12 3.100462e-10 clkbuf_leaf_96_core_clk
 1.516699e-10 1.487002e-10 6.865810e-12 3.072359e-10 clkbuf_leaf_129_core_clk
 1.513903e-10 1.464509e-10 6.865810e-12 3.047071e-10 clkbuf_leaf_97_core_clk
 1.512677e-10 1.363949e-10 6.865810e-12 2.945284e-10 clkbuf_leaf_49_core_clk
 1.514502e-10 1.336548e-10 6.865810e-12 2.919708e-10 clkbuf_leaf_25_core_clk
 1.507903e-10 1.335484e-10 6.865810e-12 2.912045e-10 clkbuf_leaf_73_core_clk
 1.513757e-10 1.319275e-10 6.865810e-12 2.901690e-10 clkbuf_leaf_104_core_clk
 1.507359e-10 1.310764e-10 6.865810e-12 2.886782e-10 clkbuf_leaf_66_core_clk
 1.513294e-10 1.286638e-10 6.865810e-12 2.868591e-10 clkbuf_leaf_26_core_clk
 1.512362e-10 1.239330e-10 6.865810e-12 2.820350e-10 clkbuf_leaf_18_core_clk
 1.512067e-10 1.237312e-10 6.865810e-12 2.818038e-10 clkbuf_leaf_21_core_clk
 1.511660e-10 1.225735e-10 6.865810e-12 2.806053e-10 clkbuf_leaf_14_core_clk
 1.508504e-10 1.222813e-10 6.865810e-12 2.799975e-10 clkbuf_leaf_95_core_clk
 1.511705e-10 1.217928e-10 6.865810e-12 2.798291e-10 clkbuf_leaf_20_core_clk
 1.504833e-10 1.139627e-10 6.865810e-12 2.713117e-10 clkbuf_leaf_59_core_clk
 1.499931e-10 1.077660e-10 6.865810e-12 2.646249e-10 clkbuf_leaf_99_core_clk
 1.499194e-10 1.046699e-10 6.865810e-12 2.614551e-10 clkbuf_leaf_19_core_clk
 1.498428e-10 1.035266e-10 6.865810e-12 2.602352e-10 clkbuf_leaf_50_core_clk
 1.500043e-10 1.019943e-10 6.865810e-12 2.588643e-10 clkbuf_leaf_132_core_clk
 1.495826e-10 9.681909e-11 6.865810e-12 2.532675e-10 clkbuf_leaf_136_core_clk
 1.491225e-10 9.659625e-11 6.865810e-12 2.525846e-10 clkbuf_leaf_98_core_clk
 1.488967e-10 9.373417e-11 6.865810e-12 2.494967e-10 clkbuf_leaf_55_core_clk
 1.489299e-10 9.219436e-11 6.865810e-12 2.479900e-10 clkbuf_leaf_51_core_clk
 1.490674e-10 9.050692e-11 6.865810e-12 2.464402e-10 clkbuf_leaf_134_core_clk
 1.490176e-10 8.988104e-11 6.865810e-12 2.457645e-10 clkbuf_leaf_135_core_clk
 1.487443e-10 8.993498e-11 6.865810e-12 2.455451e-10 clkbuf_leaf_17_core_clk
 1.486951e-10 8.964982e-11 6.865810e-12 2.452107e-10 clkbuf_leaf_139_core_clk
 1.486457e-10 8.904107e-11 6.865810e-12 2.445526e-10 clkbuf_leaf_138_core_clk
 1.482812e-10 8.579844e-11 6.865810e-12 2.409454e-10 clkbuf_leaf_60_core_clk
 1.485373e-10 8.411833e-11 6.865810e-12 2.395215e-10 clkbuf_leaf_101_core_clk
 1.481649e-10 8.269916e-11 6.865810e-12 2.377299e-10 clkbuf_leaf_54_core_clk
 1.482385e-10 8.040446e-11 6.865810e-12 2.355088e-10 clkbuf_leaf_102_core_clk
 1.478013e-10 7.966024e-11 6.865810e-12 2.343273e-10 clkbuf_leaf_61_core_clk
 1.476705e-10 7.800564e-11 6.865810e-12 2.325420e-10 clkbuf_leaf_57_core_clk
 1.476565e-10 7.784038e-11 6.865810e-12 2.323627e-10 clkbuf_leaf_56_core_clk
 1.474371e-10 7.501422e-11 6.865810e-12 2.293171e-10 clkbuf_leaf_58_core_clk
 1.460936e-10 5.415708e-11 6.865810e-12 2.071165e-10 clkbuf_leaf_100_core_clk
 2.355385e-11 1.692436e-10 7.514057e-12 2.003115e-10 fanout345
 2.984175e-11 1.318135e-10 1.047906e-11 1.721343e-10 fanout232
 1.432581e-10 0.000000e+00 6.865810e-12 1.501239e-10 clkload75
 1.430135e-10 0.000000e+00 6.865810e-12 1.498793e-10 clkload100
 1.429871e-10 0.000000e+00 6.865810e-12 1.498529e-10 clkload77
 1.429837e-10 0.000000e+00 6.865810e-12 1.498495e-10 clkload98
 1.428824e-10 0.000000e+00 6.865810e-12 1.497482e-10 clkload80
 1.428748e-10 0.000000e+00 6.865810e-12 1.497407e-10 clkload79
 1.425654e-10 0.000000e+00 6.865810e-12 1.494312e-10 clkload54
 1.423802e-10 0.000000e+00 6.865810e-12 1.492460e-10 clkload95
 1.423219e-10 0.000000e+00 6.865810e-12 1.491877e-10 clkload122
 1.423143e-10 0.000000e+00 6.865810e-12 1.491801e-10 clkload70
 1.422843e-10 0.000000e+00 6.865810e-12 1.491501e-10 clkload51
 1.422562e-10 0.000000e+00 6.865810e-12 1.491220e-10 clkload60
 1.422488e-10 0.000000e+00 6.865810e-12 1.491146e-10 clkload35
 1.422338e-10 0.000000e+00 6.865810e-12 1.490996e-10 clkload47
 1.421685e-10 0.000000e+00 6.865810e-12 1.490343e-10 clkload117
 1.421375e-10 0.000000e+00 6.865810e-12 1.490033e-10 clkload89
 1.421324e-10 0.000000e+00 6.865810e-12 1.489982e-10 clkload62
 1.421210e-10 0.000000e+00 6.865810e-12 1.489868e-10 clkload30
 1.416312e-10 0.000000e+00 6.865810e-12 1.484971e-10 clkload24
 1.412083e-10 0.000000e+00 6.865810e-12 1.480741e-10 clkload8
 1.912884e-11 1.199023e-10 6.865725e-12 1.458968e-10 fanout485
 2.038864e-11 1.016572e-10 1.047898e-11 1.325248e-10 fanout639
 1.927110e-11 9.271136e-11 6.865725e-12 1.188482e-10 fanout1005
 2.019143e-11 7.654351e-11 1.047898e-11 1.072139e-10 fanout633
 2.020723e-11 7.151837e-11 1.416709e-11 1.058927e-10 fanout235
 1.188071e-11 8.633098e-11 4.876272e-12 1.030880e-10 fanout337
 2.029124e-11 5.759311e-11 1.416716e-11 9.205152e-11 fanout722
 1.202774e-11 7.335339e-11 4.325236e-12 8.970637e-11 fanout348
 9.641863e-12 7.182813e-11 4.876278e-12 8.634628e-11 fanout807
 1.126430e-11 6.059718e-11 1.416723e-11 8.602872e-11 fanout642
 1.200638e-11 6.966223e-11 4.325236e-12 8.599384e-11 fanout349
 1.200856e-11 6.911752e-11 4.325236e-12 8.545133e-11 fanout354
 1.147863e-11 5.799140e-11 1.047891e-11 7.994893e-11 fanout406
 7.374430e-11 0.000000e+00 4.876206e-12 7.862051e-11 clkload99
 7.373799e-11 0.000000e+00 4.876206e-12 7.861420e-11 clkload102
 7.373023e-11 0.000000e+00 4.876206e-12 7.860643e-11 clkload76
 7.371381e-11 0.000000e+00 4.876206e-12 7.859001e-11 clkload101
 7.367004e-11 0.000000e+00 4.876206e-12 7.854624e-11 clkload103
 7.365576e-11 0.000000e+00 4.876206e-12 7.853197e-11 clkload78
 7.362215e-11 0.000000e+00 4.876206e-12 7.849835e-11 clkload104
 7.344533e-11 0.000000e+00 4.876206e-12 7.832154e-11 clkload41
 7.343522e-11 0.000000e+00 4.876206e-12 7.831143e-11 clkload43
 7.339704e-11 0.000000e+00 4.876206e-12 7.827324e-11 clkload49
 7.336162e-11 0.000000e+00 4.876206e-12 7.823783e-11 clkload94
 9.699846e-12 6.391038e-11 4.325230e-12 7.793546e-11 fanout768
 1.163720e-11 5.133314e-11 1.416727e-11 7.713761e-11 fanout727
 9.757918e-12 6.240364e-11 4.325230e-12 7.648679e-11 fanout767
 1.134155e-11 5.403021e-11 1.047884e-11 7.585060e-11 fanout585
 9.742049e-12 6.121444e-11 4.325225e-12 7.528172e-11 fanout250
 1.125247e-11 4.972691e-11 1.416727e-11 7.514665e-11 fanout446
 1.133031e-11 4.880567e-11 1.416727e-11 7.430325e-11 fanout725
 1.206596e-11 5.713733e-11 4.325236e-12 7.352852e-11 fanout339
 1.124570e-11 4.802658e-11 1.416727e-11 7.343955e-11 fanout588
 1.212688e-11 5.605940e-11 4.876272e-12 7.306255e-11 fanout298
 9.774077e-12 5.890601e-11 4.325230e-12 7.300531e-11 fanout772
 1.120366e-11 4.752355e-11 1.416723e-11 7.289444e-11 fanout443
 1.209805e-11 5.641542e-11 4.325236e-12 7.283871e-11 fanout352
 9.692677e-12 5.799392e-11 4.876278e-12 7.256287e-11 fanout804
 1.210725e-11 5.456334e-11 4.325236e-12 7.099583e-11 fanout350
 9.768531e-12 5.611067e-11 4.876278e-12 7.075548e-11 fanout781
 9.715138e-12 5.628061e-11 4.325225e-12 7.032097e-11 fanout260
 9.784240e-12 5.596985e-11 4.325225e-12 7.007932e-11 fanout253
 1.015025e-11 5.144369e-11 7.514077e-12 6.910802e-11 fanout209
 5.786063e-12 5.510831e-11 7.514077e-12 6.840845e-11 fanout656
 1.003588e-11 5.118389e-11 6.865725e-12 6.808550e-11 fanout400
 9.723817e-12 5.403244e-11 4.325225e-12 6.808148e-11 fanout262
 1.210278e-11 5.118900e-11 4.325236e-12 6.761701e-11 fanout346
 9.846657e-12 5.324135e-11 4.325225e-12 6.741323e-11 fanout256
 9.700051e-12 5.244022e-11 4.876278e-12 6.701655e-11 fanout785
 1.014584e-11 4.952160e-11 6.865732e-12 6.653317e-11 fanout1002
 1.206074e-11 4.929249e-11 4.876272e-12 6.622950e-11 fanout336
 9.757853e-12 5.143101e-11 4.876278e-12 6.606514e-11 fanout795
 1.127300e-11 4.029475e-11 1.416723e-11 6.573499e-11 fanout729
 9.720724e-12 5.059287e-11 4.876278e-12 6.518987e-11 fanout806
 9.808218e-12 5.028379e-11 4.876278e-12 6.496829e-11 fanout773
 1.128341e-11 3.933636e-11 1.416709e-11 6.478686e-11 fanout372
 9.809229e-12 4.967784e-11 4.876278e-12 6.436335e-11 fanout805
 9.711110e-12 4.969395e-11 4.876278e-12 6.428134e-11 fanout774
 9.792840e-12 4.988371e-11 4.325225e-12 6.400178e-11 fanout255
 1.210967e-11 4.692990e-11 4.876272e-12 6.391585e-11 fanout275
 1.225541e-11 4.635475e-11 4.876272e-12 6.348644e-11 fanout291
 1.130656e-11 4.166315e-11 1.047891e-11 6.344861e-11 fanout984
 1.119698e-11 4.162636e-11 1.047887e-11 6.330222e-11 fanout619
 9.867720e-12 4.893236e-11 4.325225e-12 6.312530e-11 fanout264
 1.206596e-11 4.672081e-11 4.325236e-12 6.311201e-11 fanout344
 9.770354e-12 4.841181e-11 4.876278e-12 6.305844e-11 fanout789
 9.821186e-12 4.854683e-11 4.325225e-12 6.269325e-11 fanout257
 5.793531e-11 0.000000e+00 4.330870e-12 6.226618e-11 clkload7
 1.219205e-11 4.519729e-11 4.876272e-12 6.226561e-11 fanout328
 9.813328e-12 4.740679e-11 4.876278e-12 6.209640e-11 fanout797
 9.787250e-12 4.780393e-11 4.325225e-12 6.191641e-11 fanout258
 5.750100e-11 0.000000e+00 4.330870e-12 6.183187e-11 clkload1
 9.721077e-12 4.721414e-11 4.876278e-12 6.181150e-11 fanout778
 5.744333e-11 0.000000e+00 4.330870e-12 6.177420e-11 clkload10
 9.760514e-12 4.760834e-11 4.325225e-12 6.169409e-11 fanout249
 1.008688e-11 4.365108e-11 7.514058e-12 6.125202e-11 fanout474
 5.675384e-11 0.000000e+00 4.330870e-12 6.108471e-11 clkload131
 5.656363e-11 0.000000e+00 4.330870e-12 6.089450e-11 clkload134
 5.646673e-11 0.000000e+00 4.330870e-12 6.079760e-11 clkload129
 5.635420e-11 0.000000e+00 4.330870e-12 6.068508e-11 clkload133
 5.814932e-12 4.723953e-11 7.514063e-12 6.056852e-11 fanout758
 5.695698e-12 4.796807e-11 6.865719e-12 6.052949e-11 fanout230
 1.211745e-11 4.272881e-11 4.876272e-12 5.972253e-11 fanout304
 9.756820e-12 4.554308e-11 4.325225e-12 5.962512e-11 fanout261
 9.850287e-12 4.352557e-11 4.876278e-12 5.825213e-11 fanout788
 9.790455e-12 4.346251e-11 4.876278e-12 5.812925e-11 fanout792
 9.787299e-12 4.176617e-11 4.876278e-12 5.642974e-11 fanout782
 9.788185e-12 4.229997e-11 4.325230e-12 5.641338e-11 fanout770
 9.775704e-12 4.179493e-11 4.325230e-12 5.589587e-11 fanout766
 9.894027e-12 3.993772e-11 4.876278e-12 5.470802e-11 fanout787
 1.147099e-11 3.263280e-11 1.047891e-11 5.458270e-11 fanout266
 9.797671e-12 3.934551e-11 4.876278e-12 5.401946e-11 fanout776
 1.133601e-11 3.184206e-11 1.047891e-11 5.365697e-11 fanout987
 9.853031e-12 3.870950e-11 4.876278e-12 5.343881e-11 fanout793
 9.905408e-12 3.799227e-11 4.876278e-12 5.277396e-11 fanout790
 6.799887e-12 4.123047e-11 4.647951e-12 5.267831e-11 fanout296
 9.807073e-12 3.710247e-11 4.876278e-12 5.178583e-11 fanout775
 9.852245e-12 3.700356e-11 4.876278e-12 5.173208e-11 fanout779
 5.583486e-12 3.921323e-11 6.865705e-12 5.166242e-11 fanout551
 9.813013e-12 3.548182e-11 4.876278e-12 5.017111e-11 fanout783
 5.579494e-12 3.440164e-11 6.865725e-12 4.684686e-11 fanout226
 6.816523e-12 3.570440e-11 3.659364e-12 4.618029e-11 fanout342
 6.802304e-12 3.372150e-11 4.647951e-12 4.517176e-11 fanout315
 5.755432e-12 3.216011e-11 6.865712e-12 4.478126e-11 fanout248
 5.663639e-12 3.182603e-11 6.865712e-12 4.435538e-11 fanout208
 6.805519e-12 3.264045e-11 4.647951e-12 4.409392e-11 fanout282
 6.788780e-12 3.255072e-11 4.647951e-12 4.398745e-11 fanout334
 5.512977e-12 3.457170e-11 3.659345e-12 4.374402e-11 fanout263
 6.900334e-12 3.107428e-11 4.647951e-12 4.262257e-11 fanout327
 6.810218e-12 3.089660e-11 4.647951e-12 4.235477e-11 fanout287
 5.510870e-12 3.211965e-11 4.647960e-12 4.227848e-11 fanout796
 5.634628e-12 2.976486e-11 6.865699e-12 4.226519e-11 fanout242
 5.657920e-12 2.966867e-11 6.865712e-12 4.219230e-11 fanout482
 6.796349e-12 2.961798e-11 4.647951e-12 4.106228e-11 fanout324
 5.609638e-12 2.846909e-11 6.865725e-12 4.094446e-11 fanout960
 6.875678e-12 2.936401e-11 4.647951e-12 4.088764e-11 fanout323
 5.525478e-12 2.951259e-11 4.647960e-12 3.968603e-11 fanout800
 5.654935e-12 2.692949e-11 6.865719e-12 3.945014e-11 fanout990
 6.815615e-12 2.782070e-11 4.647951e-12 3.928427e-11 fanout293
 5.661966e-12 2.633157e-11 6.865712e-12 3.885925e-11 fanout996
 5.620129e-12 2.600737e-11 6.865712e-12 3.849321e-11 fanout1000
 5.644704e-12 2.531633e-11 7.514077e-12 3.847511e-11 fanout375
 5.697348e-12 2.572029e-11 6.865719e-12 3.828336e-11 fanout983
 6.855844e-12 2.666895e-11 4.647951e-12 3.817275e-11 fanout281
 6.856861e-12 2.643681e-11 4.647951e-12 3.794163e-11 fanout333
 5.493181e-12 2.775191e-11 4.647960e-12 3.789305e-11 fanout802
 5.587851e-12 2.445451e-11 7.514077e-12 3.755644e-11 fanout653
 5.647413e-12 2.491471e-11 6.865745e-12 3.742787e-11 fanout216
 5.597780e-12 2.272824e-11 7.514063e-12 3.584008e-11 fanout757
 5.689680e-12 2.079114e-11 7.514063e-12 3.399488e-11 fanout735
 2.868300e-12 2.595266e-11 4.876289e-12 3.369725e-11 fanout399
 5.714035e-12 2.100864e-11 6.865712e-12 3.358839e-11 fanout998
 6.842731e-12 2.177808e-11 4.647951e-12 3.326876e-11 fanout313
 2.835732e-12 2.571630e-11 4.325236e-12 3.287727e-11 fanout632
 3.392834e-12 2.146136e-11 7.513921e-12 3.236812e-11 fanout592
 2.956771e-12 2.487507e-11 4.325209e-12 3.215705e-11 fanout111
 2.962296e-11 0.000000e+00 1.895556e-12 3.151851e-11 clkload124
 2.960043e-11 0.000000e+00 1.895556e-12 3.149599e-11 clkload114
 2.953059e-11 0.000000e+00 1.895556e-12 3.142614e-11 clkload74
 2.950578e-11 0.000000e+00 1.895556e-12 3.140134e-11 clkload81
 2.946142e-11 0.000000e+00 1.895556e-12 3.135698e-11 clkload87
 2.944395e-11 0.000000e+00 1.895556e-12 3.133951e-11 clkload83
 2.941735e-11 0.000000e+00 1.895556e-12 3.131291e-11 clkload32
 2.940480e-11 0.000000e+00 1.895556e-12 3.130036e-11 clkload31
 3.390980e-12 2.037285e-11 7.513921e-12 3.127775e-11 fanout590
 2.923732e-11 0.000000e+00 1.895556e-12 3.113288e-11 clkload130
 3.505400e-12 1.969139e-11 6.865881e-12 3.006267e-11 fanout763
 2.261829e-12 1.318191e-11 1.416734e-11 2.961108e-11 fanout478
 5.671566e-12 1.643963e-11 6.865725e-12 2.897693e-11 fanout974
 2.226616e-12 1.254106e-11 1.416734e-11 2.893502e-11 fanout459
 2.840493e-12 1.966094e-11 4.325214e-12 2.682665e-11 fanout534
 2.236930e-12 2.076495e-11 3.659508e-12 2.666138e-11 fanout188
 3.363165e-12 1.554058e-11 7.513909e-12 2.641766e-11 fanout915
 2.214798e-12 9.895572e-12 1.416734e-11 2.627771e-11 fanout623
 2.234246e-12 9.765870e-12 1.416734e-11 2.616746e-11 fanout620
 1.580146e-12 2.009342e-11 3.659315e-12 2.533289e-11 wire133
 2.860634e-12 1.752618e-11 4.876278e-12 2.526309e-11 fanout929
 2.855527e-12 1.731188e-11 4.876284e-12 2.504369e-11 fanout419
 2.865791e-12 1.695304e-11 4.876294e-12 2.469513e-11 fanout578
 2.212270e-12 8.111419e-12 1.416734e-11 2.449103e-11 fanout646
 2.852131e-12 1.651130e-11 4.876294e-12 2.423973e-11 fanout584
 2.846917e-12 1.664449e-11 4.325230e-12 2.381664e-11 fanout754
 2.853830e-12 1.584309e-11 4.876294e-12 2.357322e-11 fanout543
 2.256798e-12 6.964459e-12 1.416734e-11 2.338860e-11 fanout246
 2.868491e-12 1.552311e-11 4.876283e-12 2.326788e-11 fanout416
 4.199099e-12 1.454041e-11 4.325373e-12 2.306488e-11 fanout692
 2.850096e-12 1.575674e-11 4.325230e-12 2.293206e-11 fanout745
 2.865363e-12 1.512156e-11 4.876284e-12 2.286321e-11 fanout433
 2.887896e-12 1.493756e-11 4.876283e-12 2.270174e-11 fanout412
 2.875788e-12 1.547437e-11 4.325230e-12 2.267539e-11 fanout744
 2.263544e-12 1.671016e-11 3.659508e-12 2.263321e-11 fanout192
 2.868407e-12 1.465250e-11 4.876294e-12 2.239720e-11 fanout560
 2.218000e-11 0.000000e+00 9.556653e-14 2.227557e-11 clkload44
 2.872750e-12 1.493825e-11 4.325214e-12 2.213622e-11 fanout522
 2.196865e-11 0.000000e+00 9.556653e-14 2.206422e-11 clkload120
 2.190921e-11 0.000000e+00 9.556653e-14 2.200477e-11 clkload71
 2.888360e-12 1.423595e-11 4.876294e-12 2.200061e-11 fanout559
 2.870890e-12 1.423680e-11 4.876289e-12 2.198398e-11 fanout378
 2.184930e-11 0.000000e+00 9.556653e-14 2.194486e-11 clkload118
 2.183678e-11 0.000000e+00 9.556653e-14 2.193235e-11 clkload69
 2.176199e-11 0.000000e+00 9.556653e-14 2.185756e-11 clkload59
 2.859903e-12 1.402181e-11 4.876294e-12 2.175801e-11 fanout549
 4.158991e-12 1.322747e-11 4.325363e-12 2.171182e-11 fanout681
 2.867979e-12 1.390603e-11 4.876289e-12 2.165030e-11 fanout387
 2.154945e-11 0.000000e+00 9.556653e-14 2.164501e-11 clkload108
 2.862428e-12 1.443154e-11 4.325214e-12 2.161918e-11 fanout532
 2.146938e-11 0.000000e+00 9.556653e-14 2.156495e-11 clkload36
 2.868313e-12 1.380535e-11 4.876289e-12 2.154995e-11 fanout391
 2.869881e-12 1.374908e-11 4.876284e-12 2.149525e-11 fanout413
 2.871004e-12 1.373737e-11 4.876284e-12 2.148465e-11 fanout429
 2.881342e-12 1.370809e-11 4.876289e-12 2.146572e-11 fanout394
 2.891951e-12 1.419106e-11 4.325230e-12 2.140824e-11 fanout748
 2.894445e-12 1.413436e-11 4.325230e-12 2.135404e-11 fanout752
 2.886673e-12 1.349362e-11 4.876278e-12 2.125657e-11 fanout945
 2.876938e-12 1.349600e-11 4.876283e-12 2.124922e-11 fanout418
 2.899220e-12 1.341619e-11 4.876278e-12 2.119169e-11 fanout977
 2.900187e-12 1.339848e-11 4.876289e-12 2.117496e-11 fanout392
 2.874837e-12 1.333474e-11 4.876283e-12 2.108586e-11 fanout423
 2.912828e-12 1.324806e-11 4.876278e-12 2.103716e-11 fanout951
 2.883441e-12 1.323996e-11 4.876294e-12 2.099969e-11 fanout554
 2.859607e-12 1.378091e-11 4.325230e-12 2.096575e-11 fanout751
 2.875170e-12 1.320248e-11 4.876294e-12 2.095394e-11 fanout538
 2.894765e-12 1.366615e-11 4.325230e-12 2.088615e-11 fanout747
 2.870585e-12 1.311705e-11 4.876289e-12 2.086392e-11 fanout396
 2.887096e-12 1.309076e-11 4.876278e-12 2.085413e-11 fanout962
 2.871255e-12 1.308993e-11 4.876289e-12 2.083748e-11 fanout393
 2.879459e-12 1.359951e-11 4.325230e-12 2.080420e-11 fanout753
 2.878794e-12 1.297606e-11 4.876278e-12 2.073113e-11 fanout959
 2.894695e-12 1.293899e-11 4.876294e-12 2.070998e-11 fanout535
 2.881621e-12 1.292855e-11 4.876278e-12 2.068645e-11 fanout970
 2.876428e-12 1.273734e-11 4.876294e-12 2.049006e-11 fanout553
 2.893061e-12 1.272038e-11 4.876283e-12 2.048973e-11 fanout421
 2.274067e-12 1.455092e-11 3.659508e-12 2.048450e-11 fanout193
 2.279615e-12 7.673654e-12 1.047880e-11 2.043207e-11 fanout625
 2.885811e-12 1.321026e-11 4.325230e-12 2.042130e-11 fanout742
 2.872941e-12 1.266670e-11 4.876289e-12 2.041593e-11 fanout385
 2.894916e-12 1.248792e-11 4.876289e-12 2.025913e-11 fanout999
 2.880071e-12 1.235173e-11 4.876278e-12 2.010808e-11 fanout927
 2.943292e-12 1.271790e-11 4.325208e-12 1.998640e-11 fanout118
 2.895381e-12 1.216005e-11 4.876278e-12 1.993170e-11 fanout953
 1.701003e-12 1.332633e-11 4.876146e-12 1.990348e-11 fanout762
 2.264277e-12 1.397481e-11 3.659508e-12 1.989859e-11 fanout195
 2.914940e-12 1.206848e-11 4.876278e-12 1.985970e-11 fanout935
 2.880136e-12 1.206374e-11 4.876283e-12 1.982016e-11 fanout424
 3.005762e-12 1.192270e-11 4.876289e-12 1.980475e-11 fanout437
 2.918469e-12 1.200982e-11 4.876278e-12 1.980457e-11 fanout942
 2.894529e-12 1.201809e-11 4.876283e-12 1.978890e-11 fanout986
 1.967379e-11 0.000000e+00 9.556653e-14 1.976936e-11 clkload11
 2.911616e-12 1.246282e-11 4.325230e-12 1.969967e-11 fanout737
 1.958694e-11 0.000000e+00 9.556653e-14 1.968251e-11 clkload14
 2.894959e-12 1.239513e-11 4.325214e-12 1.961530e-11 fanout514
 2.884529e-12 1.180548e-11 4.876278e-12 1.956629e-11 fanout937
 2.900528e-12 1.233743e-11 4.325230e-12 1.956319e-11 fanout749
 2.884822e-12 1.173310e-11 4.876278e-12 1.949420e-11 fanout931
 2.879183e-12 1.173350e-11 4.876284e-12 1.948897e-11 fanout430
 2.901331e-12 1.167424e-11 4.876278e-12 1.945185e-11 fanout965
 2.897256e-12 1.163994e-11 4.876283e-12 1.941348e-11 fanout431
 2.880657e-12 1.207699e-11 4.325214e-12 1.928286e-11 fanout491
 2.880799e-12 1.206341e-11 4.325214e-12 1.926943e-11 fanout530
 2.914203e-12 1.199874e-11 4.325214e-12 1.923816e-11 fanout490
 2.871711e-12 1.200568e-11 4.325214e-12 1.920260e-11 fanout533
 2.899243e-12 1.142326e-11 4.876289e-12 1.919879e-11 fanout995
 2.899012e-12 1.134815e-11 4.876278e-12 1.912344e-11 fanout952
 2.864435e-12 1.183128e-11 4.325230e-12 1.902094e-11 fanout741
 2.886121e-12 1.123820e-11 4.876278e-12 1.900060e-11 fanout957
 2.911780e-12 1.113976e-11 4.876278e-12 1.892781e-11 fanout961
 1.124982e-12 1.063264e-11 6.865699e-12 1.862333e-11 fanout368
 2.896748e-12 1.134153e-11 4.325230e-12 1.856350e-11 fanout743
 2.898301e-12 1.115029e-11 4.325214e-12 1.837380e-11 fanout575
 1.703418e-12 1.233119e-11 4.325363e-12 1.835997e-11 fanout921
 2.922222e-12 1.102312e-11 4.325230e-12 1.827057e-11 fanout734
 2.898665e-12 1.046223e-11 4.876294e-12 1.823719e-11 fanout570
 2.897963e-12 1.040461e-11 4.876294e-12 1.817886e-11 fanout545
 2.903704e-12 1.039592e-11 4.876278e-12 1.817591e-11 fanout968
 2.259289e-12 1.221040e-11 3.659508e-12 1.812920e-11 fanout187
 2.876490e-12 1.030296e-11 4.876294e-12 1.805575e-11 fanout566
 2.890105e-12 1.078417e-11 4.325230e-12 1.799951e-11 fanout755
 1.116013e-12 9.959257e-12 6.865699e-12 1.794097e-11 fanout371
 2.966007e-12 1.062231e-11 4.325208e-12 1.791353e-11 fanout126
 2.271285e-12 1.197219e-11 3.659508e-12 1.790299e-11 fanout196
 2.914570e-12 1.010951e-11 4.876294e-12 1.790038e-11 fanout552
 1.115590e-12 9.895928e-12 6.865699e-12 1.787722e-11 fanout239
 2.278896e-12 1.176712e-11 3.659508e-12 1.770552e-11 fanout190
 2.274020e-12 1.171831e-11 3.659602e-12 1.765194e-11 max_cap184
 2.888669e-12 1.043452e-11 4.325214e-12 1.764840e-11 fanout520
 2.982908e-12 9.637013e-12 4.876261e-12 1.749618e-11 fanout674
 2.262506e-12 1.097954e-11 3.659508e-12 1.690155e-11 fanout191
 1.613225e-12 1.059270e-11 4.647990e-12 1.685391e-11 fanout568
 1.123844e-12 8.604143e-12 6.865699e-12 1.659369e-11 fanout370
 1.716417e-12 9.983364e-12 4.876157e-12 1.657594e-11 fanout607
 1.123381e-12 8.415529e-12 6.865699e-12 1.640461e-11 fanout213
 2.295423e-12 1.042370e-11 3.659601e-12 1.637872e-11 fanout817
 1.573133e-11 0.000000e+00 6.411114e-13 1.637245e-11 clkload57
 1.566704e-11 0.000000e+00 6.411114e-13 1.630815e-11 clkload37
 1.566120e-11 0.000000e+00 6.411114e-13 1.630231e-11 clkload38
 1.566078e-11 0.000000e+00 6.411114e-13 1.630189e-11 clkload53
 1.563853e-11 0.000000e+00 6.411114e-13 1.627964e-11 clkload56
 1.551117e-11 0.000000e+00 6.411114e-13 1.615228e-11 clkload55
 1.612339e-12 9.806100e-12 4.647990e-12 1.606643e-11 fanout548
 1.530635e-11 0.000000e+00 6.411114e-13 1.594746e-11 clkload93
 1.530046e-11 0.000000e+00 6.411114e-13 1.594157e-11 clkload96
 1.529106e-11 0.000000e+00 6.411114e-13 1.593217e-11 clkload72
 1.529016e-11 0.000000e+00 6.411114e-13 1.593127e-11 clkload67
 1.528152e-11 0.000000e+00 6.411114e-13 1.592263e-11 clkload119
 1.528087e-11 0.000000e+00 6.411114e-13 1.592198e-11 clkload121
 1.527782e-11 0.000000e+00 6.411114e-13 1.591893e-11 clkload58
 1.527555e-11 0.000000e+00 6.411114e-13 1.591666e-11 clkload97
 1.526061e-11 0.000000e+00 6.411114e-13 1.590172e-11 clkload50
 1.524801e-11 0.000000e+00 6.411114e-13 1.588912e-11 clkload63
 1.524095e-11 0.000000e+00 6.411114e-13 1.588206e-11 clkload65
 1.523531e-11 0.000000e+00 6.411114e-13 1.587642e-11 clkload107
 1.520432e-11 0.000000e+00 6.411114e-13 1.584543e-11 clkload113
 1.520340e-11 0.000000e+00 6.411114e-13 1.584451e-11 clkload115
 1.729985e-12 9.232084e-12 4.876157e-12 1.583823e-11 fanout597
 2.285788e-12 9.873474e-12 3.659612e-12 1.581887e-11 fanout659
 1.114158e-12 7.119322e-12 7.514089e-12 1.574757e-11 fanout218
 1.509339e-11 0.000000e+00 6.411114e-13 1.573450e-11 clkload135
 1.499315e-11 0.000000e+00 6.411114e-13 1.563426e-11 clkload25
 2.307042e-12 9.649461e-12 3.659621e-12 1.561612e-11 fanout816
 1.495789e-11 0.000000e+00 6.411114e-13 1.559900e-11 clkload26
 1.711759e-12 9.511908e-12 4.325346e-12 1.554901e-11 fanout870
 2.359911e-12 9.375813e-12 3.659592e-12 1.539532e-11 fanout708
 1.724956e-12 8.764598e-12 4.876157e-12 1.536571e-11 fanout614
 1.717533e-12 8.703665e-12 4.876157e-12 1.529735e-11 fanout599
 1.714292e-12 9.211891e-12 4.325346e-12 1.525153e-11 fanout893
 1.726490e-12 8.525422e-12 4.876157e-12 1.512807e-11 fanout596
 1.623473e-12 8.836990e-12 4.647960e-12 1.510842e-11 fanout976
 2.347369e-12 8.990548e-12 3.659592e-12 1.499751e-11 fanout696
 1.616553e-12 8.667495e-12 4.647990e-12 1.493204e-11 fanout546
 1.618922e-12 8.602134e-12 4.647960e-12 1.486902e-11 fanout967
 1.621253e-12 9.560110e-12 3.659325e-12 1.484069e-11 fanout504
 1.723714e-12 8.191212e-12 4.876157e-12 1.479108e-11 fanout609
 1.635243e-12 8.484294e-12 4.647960e-12 1.476750e-11 fanout947
 1.122768e-12 6.710613e-12 6.865699e-12 1.469908e-11 fanout240
 1.622637e-12 8.320122e-12 4.647960e-12 1.459072e-11 fanout975
 1.122174e-12 6.581104e-12 6.865699e-12 1.456898e-11 fanout238
 1.633246e-12 9.206789e-12 3.659325e-12 1.449936e-11 fanout523
 1.619805e-12 8.205573e-12 4.647960e-12 1.447334e-11 fanout956
 1.622143e-12 8.187482e-12 4.647960e-12 1.445758e-11 fanout954
 1.630638e-12 9.156611e-12 3.659325e-12 1.444657e-11 fanout502
 2.352228e-12 8.316555e-12 3.659592e-12 1.432837e-11 fanout664
 1.132552e-12 6.250318e-12 6.865699e-12 1.424857e-11 fanout403
 1.625471e-12 7.840725e-12 4.647960e-12 1.411416e-11 fanout966
 1.624956e-12 7.831526e-12 4.647990e-12 1.410447e-11 fanout542
 1.621766e-12 7.715576e-12 4.647970e-12 1.398531e-11 fanout414
 1.118536e-12 5.932636e-12 6.865699e-12 1.391687e-11 fanout198
 1.727403e-12 7.299969e-12 4.876157e-12 1.390353e-11 fanout604
 1.723166e-12 7.301316e-12 4.876157e-12 1.390064e-11 fanout601
 1.623819e-12 7.509720e-12 4.647980e-12 1.378152e-11 fanout386
 1.615835e-12 7.473858e-12 4.647990e-12 1.373768e-11 fanout567
 1.119769e-12 5.098251e-12 7.514090e-12 1.373211e-11 fanout451
 1.728499e-12 7.033926e-12 4.876157e-12 1.363858e-11 fanout605
 2.294661e-12 7.523255e-12 3.659612e-12 1.347753e-11 fanout711
 1.741937e-12 6.835261e-12 4.876157e-12 1.345335e-11 fanout595
 1.151540e-12 4.773723e-12 7.514089e-12 1.343935e-11 fanout643
 1.633490e-12 7.040135e-12 4.647960e-12 1.332159e-11 fanout978
 1.622236e-12 7.004811e-12 4.647960e-12 1.327501e-11 fanout933
 1.750674e-12 6.506219e-12 4.876157e-12 1.313305e-11 fanout600
 1.627997e-12 7.752791e-12 3.659325e-12 1.304011e-11 fanout508
 1.630817e-12 6.752673e-12 4.647960e-12 1.303145e-11 fanout941
 1.128283e-12 4.233549e-12 7.514090e-12 1.287592e-11 fanout458
 1.637888e-12 7.509516e-12 3.659325e-12 1.280673e-11 fanout489
 1.623221e-12 6.462287e-12 4.647990e-12 1.273350e-11 fanout581
 1.624088e-12 7.365307e-12 3.659325e-12 1.264872e-11 fanout176
 2.275100e-12 6.585912e-12 3.659508e-12 1.252052e-11 fanout186
 1.676012e-12 6.167632e-12 4.647980e-12 1.249163e-11 fanout671
 1.150192e-12 3.722102e-12 7.514089e-12 1.238638e-11 fanout644
 1.622545e-12 5.975429e-12 4.647960e-12 1.224593e-11 fanout958
 1.621042e-12 6.792351e-12 3.659325e-12 1.207272e-11 fanout529
 1.622575e-12 6.732184e-12 3.659325e-12 1.201408e-11 fanout503
 1.661002e-12 5.659233e-12 4.647980e-12 1.196821e-11 fanout686
 1.793127e-12 5.819829e-12 4.325346e-12 1.193830e-11 fanout706
 1.622487e-12 6.632035e-12 3.659325e-12 1.191385e-11 fanout498
 1.636280e-12 5.547757e-12 4.647960e-12 1.183200e-11 fanout940
 1.629500e-12 6.458018e-12 3.659325e-12 1.174684e-11 fanout173
 1.630440e-12 5.396778e-12 4.647960e-12 1.167518e-11 fanout964
 1.624403e-12 4.901493e-12 4.647990e-12 1.117389e-11 fanout555
 1.782564e-12 5.064066e-12 4.325346e-12 1.117198e-11 fanout678
 9.701552e-13 5.108605e-12 4.647743e-12 1.072650e-11 fanout612
 1.378505e-18 7.328594e-18 1.047954e-11 1.047955e-11 fanout1117
 9.720100e-13 5.664674e-12 3.659562e-12 1.029625e-11 fanout907
 9.799973e-13 4.392907e-12 4.647743e-12 1.002065e-11 fanout608
 9.702906e-13 5.223052e-12 3.659562e-12 9.852904e-12 fanout912
 9.701150e-13 5.145499e-12 3.659562e-12 9.775175e-12 fanout836
 9.852048e-13 4.803471e-12 3.659562e-12 9.448237e-12 fanout861
 9.717073e-13 4.815939e-12 3.659562e-12 9.447209e-12 fanout849
 9.787135e-13 4.786289e-12 3.659562e-12 9.424564e-12 fanout898
 9.718432e-13 4.768362e-12 3.659562e-12 9.399767e-12 fanout848
 9.799424e-13 4.744410e-12 3.659562e-12 9.383914e-12 fanout905
 9.717962e-13 4.712489e-12 3.659562e-12 9.343847e-12 fanout879
 9.815603e-13 4.655240e-12 3.659562e-12 9.296362e-12 fanout867
 9.877373e-13 4.574729e-12 3.659562e-12 9.222028e-12 fanout864
 9.765090e-13 4.575372e-12 3.659562e-12 9.211442e-12 fanout887
 9.792450e-13 4.553267e-12 3.659562e-12 9.192074e-12 fanout909
 9.816713e-13 4.535534e-12 3.659562e-12 9.176767e-12 fanout855
 9.747977e-13 4.539949e-12 3.659562e-12 9.174309e-12 fanout902
 9.865829e-13 4.466750e-12 3.659562e-12 9.112894e-12 fanout859
 9.811017e-13 4.463768e-12 3.659562e-12 9.104432e-12 fanout877
 9.829646e-13 4.454661e-12 3.659562e-12 9.097187e-12 fanout900
 1.001780e-12 4.410324e-12 3.659571e-12 9.071676e-12 fanout810
 9.748711e-13 4.418723e-12 3.659562e-12 9.053156e-12 fanout871
 9.754698e-13 4.402185e-12 3.659562e-12 9.037217e-12 fanout866
 9.800673e-13 4.397470e-12 3.659562e-12 9.037099e-12 fanout897
 9.806238e-13 4.390646e-12 3.659562e-12 9.030832e-12 fanout896
 9.960691e-13 4.362712e-12 3.659581e-12 9.018362e-12 fanout675
 9.802309e-13 4.350728e-12 3.659562e-12 8.990520e-12 fanout894
 9.788680e-13 4.345699e-12 3.659562e-12 8.984129e-12 fanout904
 9.886778e-13 4.289802e-12 3.659562e-12 8.938042e-12 fanout705
 9.724059e-13 4.295200e-12 3.659562e-12 8.927168e-12 fanout843
 9.728563e-13 4.288683e-12 3.659562e-12 8.921102e-12 fanout906
 9.860787e-13 4.256190e-12 3.659562e-12 8.901831e-12 fanout889
 9.751705e-13 4.252527e-12 3.659562e-12 8.887259e-12 fanout845
 9.730842e-13 4.254261e-12 3.659562e-12 8.886907e-12 fanout878
 9.759542e-13 4.243052e-12 3.659562e-12 8.878568e-12 fanout863
 9.896239e-13 4.229222e-12 3.659562e-12 8.878408e-12 fanout875
 9.803754e-13 4.217425e-12 3.659562e-12 8.857363e-12 fanout908
 9.921648e-13 4.194539e-12 3.659562e-12 8.846266e-12 fanout700
 9.825614e-13 4.182286e-12 3.659562e-12 8.824410e-12 fanout850
 9.889911e-13 4.166830e-12 3.659562e-12 8.815382e-12 fanout832
 9.735310e-13 4.177567e-12 3.659562e-12 8.810660e-12 fanout852
 9.843731e-13 4.159866e-12 3.659562e-12 8.803801e-12 fanout838
 9.837640e-13 4.103470e-12 3.659562e-12 8.746796e-12 fanout857
 9.761453e-13 4.036869e-12 3.659562e-12 8.672577e-12 fanout869
 9.725806e-13 3.984637e-12 3.659562e-12 8.616779e-12 fanout881
 9.761686e-13 3.970989e-12 3.659562e-12 8.606720e-12 fanout858
 9.802725e-13 3.958344e-12 3.659581e-12 8.598198e-12 fanout701
 9.834189e-13 3.914639e-12 3.659562e-12 8.557620e-12 fanout683
 9.768982e-13 3.865761e-12 3.659562e-12 8.502221e-12 fanout892
 9.825447e-13 3.851375e-12 3.659562e-12 8.493482e-12 fanout717
 9.914749e-13 3.787517e-12 3.659562e-12 8.438554e-12 fanout677
 5.744234e-13 2.954898e-12 4.876300e-12 8.405621e-12 fanout829
 9.775778e-13 3.649016e-12 3.659562e-12 8.286156e-12 fanout886
 9.834748e-13 3.603165e-12 3.659562e-12 8.246201e-12 fanout891
 9.809943e-13 3.605101e-12 3.659572e-12 8.245666e-12 fanout814
 9.842247e-13 3.554149e-12 3.659562e-12 8.197935e-12 fanout847
 9.823604e-13 3.552133e-12 3.659562e-12 8.194055e-12 fanout868
 9.872846e-13 3.477489e-12 3.659562e-12 8.124335e-12 fanout657
 9.810880e-13 3.419321e-12 3.659562e-12 8.059971e-12 fanout862
 5.759080e-13 2.601603e-12 4.876300e-12 8.053811e-12 fanout830
 5.743923e-13 2.602524e-12 4.876300e-12 8.053216e-12 fanout648
 5.783692e-13 2.529512e-12 4.876300e-12 7.984181e-12 fanout825
 5.769629e-13 2.449499e-12 4.876300e-12 7.902762e-12 fanout821
 9.728030e-13 3.256515e-12 3.659562e-12 7.888881e-12 fanout833
 9.846861e-13 3.209550e-12 3.659562e-12 7.853797e-12 fanout890
 9.752178e-13 3.190312e-12 3.659562e-12 7.825091e-12 fanout865
 5.797251e-13 2.347303e-12 4.876300e-12 7.803328e-12 fanout828
 9.760838e-13 3.138421e-12 3.659562e-12 7.774066e-12 fanout876
 9.943536e-13 3.055534e-12 3.659562e-12 7.709449e-12 fanout669
 5.782802e-13 2.231085e-12 4.876300e-12 7.685665e-12 fanout158
 5.833287e-13 2.090217e-12 4.876300e-12 7.549845e-12 fanout362
 5.846970e-13 1.990479e-12 4.876300e-12 7.451475e-12 fanout820
 5.921942e-13 1.885288e-12 4.876300e-12 7.353782e-12 fanout714
 5.744814e-13 2.399929e-12 4.325209e-12 7.299618e-12 fanout624
 5.854037e-13 2.176067e-12 4.325209e-12 7.086680e-12 fanout163
 3.248278e-13 2.099175e-12 4.648000e-12 7.072003e-12 fanout626
 3.388280e-13 1.690922e-12 4.648000e-12 6.677750e-12 fanout819
 3.329881e-13 1.665618e-12 4.648000e-12 6.646606e-12 fanout827
 3.255836e-13 1.516070e-12 4.648000e-12 6.489653e-12 fanout169
 3.264426e-13 1.502597e-12 4.648000e-12 6.477039e-12 fanout167
 3.326093e-13 1.345597e-12 4.648000e-12 6.326206e-12 fanout693
 3.298521e-13 1.325360e-12 4.648000e-12 6.303211e-12 fanout713
 3.324318e-13 1.209034e-12 4.648000e-12 6.189466e-12 fanout694
 3.287588e-13 1.094869e-12 4.648000e-12 6.071628e-12 fanout361
 3.332852e-13 1.042816e-12 4.648000e-12 6.024101e-12 fanout205
 3.313572e-13 1.573138e-12 3.659315e-12 5.563810e-12 fanout185
 3.288665e-13 1.340189e-12 3.659315e-12 5.328371e-12 fanout164
 3.255237e-13 1.247052e-12 3.659315e-12 5.231890e-12 fanout109
 3.416103e-19 2.176509e-18 4.876190e-12 4.876192e-12 fanout1116
 3.452299e-19 1.736076e-18 4.876190e-12 4.876192e-12 fanout1105
 3.430505e-19 1.854162e-18 4.876190e-12 4.876192e-12 fanout1107
 3.424753e-19 1.884651e-18 4.876190e-12 4.876192e-12 fanout1109
 3.442681e-19 1.687111e-18 4.876190e-12 4.876192e-12 fanout1111
 3.464808e-19 1.765471e-18 4.876190e-12 4.876192e-12 fanout1113
 3.455903e-19 1.369324e-18 4.876190e-12 4.876191e-12 fanout1110
 3.307567e-13 8.759074e-13 3.659315e-12 4.865979e-12 max_cap574
 1.941398e-19 9.480863e-19 4.647802e-12 4.647803e-12 fanout1115
 1.949413e-19 8.285371e-19 4.647802e-12 4.647803e-12 fanout1103
 1.957133e-19 6.954260e-19 4.647802e-12 4.647803e-12 fanout1114
 5.957140e-13 2.554660e-12 1.181000e-12 4.331374e-12 fanout899
 3.407012e-19 2.578128e-18 4.325310e-12 4.325313e-12 fanout1072
 3.426387e-19 2.081631e-18 4.325310e-12 4.325313e-12 fanout1023
 3.415400e-19 2.276967e-18 4.325310e-12 4.325313e-12 fanout1038
 3.412540e-19 2.268864e-18 4.325310e-12 4.325313e-12 fanout1071
 3.458301e-19 1.841614e-18 4.325310e-12 4.325312e-12 fanout1010
 3.437587e-19 1.782669e-18 4.325310e-12 4.325312e-12 fanout1011
 3.421382e-19 2.034546e-18 4.325310e-12 4.325312e-12 fanout1054
 3.440892e-19 1.719699e-18 4.325310e-12 4.325312e-12 fanout1073
 3.448471e-19 1.547236e-18 4.325310e-12 4.325312e-12 fanout1015
 3.504772e-19 1.327995e-18 4.325310e-12 4.325312e-12 fanout1031
 3.449333e-19 1.439091e-18 4.325310e-12 4.325312e-12 fanout1046
 3.442164e-19 1.482153e-18 4.325310e-12 4.325312e-12 fanout1050
 3.453749e-19 1.276953e-18 4.325310e-12 4.325312e-12 fanout1064
 3.497815e-19 1.234791e-18 4.325310e-12 4.325312e-12 fanout1068
 3.487958e-19 1.367827e-18 4.325310e-12 4.325312e-12 fanout1075
 3.480146e-19 1.433901e-18 4.325310e-12 4.325312e-12 fanout1080
 3.480852e-19 1.418121e-18 4.325310e-12 4.325312e-12 fanout1081
 3.471327e-19 1.387682e-18 4.325310e-12 4.325312e-12 fanout1084
 1.002709e-12 1.731965e-12 1.181000e-12 3.915674e-12 max_cap154
 1.968941e-19 8.953673e-19 3.659498e-12 3.659499e-12 fanout1018
 1.946230e-19 1.034725e-18 3.659498e-12 3.659499e-12 fanout1039
 1.950511e-19 9.104154e-19 3.659498e-12 3.659499e-12 fanout1043
 1.938391e-19 9.968030e-19 3.659498e-12 3.659499e-12 fanout1055
 1.961146e-19 9.247918e-19 3.659498e-12 3.659499e-12 fanout1061
 1.957682e-19 9.470418e-19 3.659498e-12 3.659499e-12 fanout1078
 1.949185e-19 8.967593e-19 3.659498e-12 3.659499e-12 fanout1079
 1.944611e-19 1.040037e-18 3.659498e-12 3.659499e-12 fanout1085
 1.951682e-19 9.353440e-19 3.659498e-12 3.659499e-12 fanout1094
 1.945511e-19 1.012343e-18 3.659498e-12 3.659499e-12 fanout1095
 1.950694e-19 8.154977e-19 3.659498e-12 3.659498e-12 fanout1037
 1.940950e-19 8.478997e-19 3.659498e-12 3.659498e-12 fanout1062
 1.961007e-19 6.790909e-19 3.659498e-12 3.659498e-12 fanout1066
 1.960756e-19 6.280517e-19 3.659498e-12 3.659498e-12 fanout1069
 1.941150e-19 8.532000e-19 3.659498e-12 3.659498e-12 fanout1070
 1.964444e-19 8.091434e-19 3.659498e-12 3.659498e-12 fanout1097
 1.975517e-13 4.855109e-13 1.181000e-12 1.864063e-12 _22752_
 1.971229e-13 4.172869e-13 1.181000e-12 1.795410e-12 _22751_
 1.976479e-13 3.987771e-13 1.181000e-12 1.777425e-12 _22747_
 1.966003e-13 2.785617e-13 1.181000e-12 1.656162e-12 _22750_
 1.972769e-13 2.616952e-13 1.181000e-12 1.639972e-12 _22759_
 1.963243e-13 2.556836e-13 1.181000e-12 1.633008e-12 _22749_
 1.971083e-13 2.456431e-13 1.181000e-12 1.623751e-12 _22757_
 1.962536e-13 2.263102e-13 1.181000e-12 1.603564e-12 _22745_
 1.967907e-13 2.154054e-13 1.181000e-12 1.593196e-12 _22758_
 1.967625e-13 2.127353e-13 1.181000e-12 1.590498e-12 _22756_
 1.956825e-13 2.107415e-13 1.181000e-12 1.587424e-12 _22753_
 1.959690e-13 2.016066e-13 1.181000e-12 1.578576e-12 _22748_
 1.963466e-13 1.731437e-13 1.181000e-12 1.550490e-12 _22754_
 1.949402e-13 1.409844e-13 1.181000e-12 1.516925e-12 _22744_
 1.938088e-13 1.134124e-13 1.181000e-12 1.488221e-12 _22755_
 1.929855e-13 8.073166e-14 1.181000e-12 1.454717e-12 _22746_
 2.561852e-19 8.915389e-19 1.181000e-12 1.181001e-12 input1
 1.700142e-19 6.684264e-19 1.181000e-12 1.181001e-12 input2
 1.704047e-19 6.037527e-19 1.181000e-12 1.181001e-12 input3
 1.706422e-19 6.185887e-19 1.181000e-12 1.181001e-12 input6
 1.711262e-19 5.252037e-19 1.181000e-12 1.181001e-12 input5
 8.415009e-20 4.353903e-19 1.181000e-12 1.181001e-12 input4
 8.531896e-20 3.025110e-19 1.181000e-12 1.181000e-12 input7
