     Internal    Switching      Leakage        Total
        Power        Power        Power        Power (Watts)
----------------------------------------------------
 3.488022e-07 2.823442e-06 1.118622e-11 3.172255e-06 clkbuf_0_v_clk
 8.920328e-07 2.081617e-06 1.226608e-11 2.973663e-06 clkbuf_0_core_clk
 3.094701e-07 1.967182e-06 1.110205e-11 2.276663e-06 clkbuf_0_w_clk
 4.461002e-07 1.153649e-06 7.179876e-12 1.599756e-06 clkbuf_4_1_0_core_clk
 3.549835e-07 1.187280e-06 1.117915e-11 1.542275e-06 clkbuf_3_7__f_v_clk
 4.436611e-07 1.060941e-06 7.179876e-12 1.504609e-06 clkbuf_4_15_0_core_clk
 4.427452e-07 1.026701e-06 7.179876e-12 1.469454e-06 clkbuf_4_0_0_core_clk
 4.425456e-07 1.018319e-06 7.179876e-12 1.460872e-06 clkbuf_4_12_0_core_clk
 3.548781e-07 1.082946e-06 1.117915e-11 1.437835e-06 clkbuf_3_6__f_v_clk
 4.418270e-07 9.926245e-07 7.179876e-12 1.434459e-06 clkbuf_4_7_0_core_clk
 4.408780e-07 9.567593e-07 7.179876e-12 1.397644e-06 clkbuf_4_6_0_core_clk
 4.404029e-07 9.374108e-07 7.179876e-12 1.377821e-06 clkbuf_4_13_0_core_clk
 3.547287e-07 1.021940e-06 1.117915e-11 1.376680e-06 clkbuf_3_5__f_v_clk
 4.403622e-07 9.355174e-07 7.179876e-12 1.375887e-06 clkbuf_4_9_0_core_clk
 3.547215e-07 1.019277e-06 1.117915e-11 1.374009e-06 clkbuf_3_4__f_v_clk
 3.549841e-07 9.922851e-07 1.117915e-11 1.347280e-06 clkbuf_3_1__f_v_clk
 4.393198e-07 8.976571e-07 7.179876e-12 1.336984e-06 clkbuf_4_5_0_core_clk
 4.377029e-07 8.359684e-07 7.179876e-12 1.273679e-06 clkbuf_4_2_0_core_clk
 4.374141e-07 8.241927e-07 7.179876e-12 1.261614e-06 clkbuf_4_10_0_core_clk
 3.548849e-07 8.914262e-07 1.117915e-11 1.246322e-06 clkbuf_3_0__f_v_clk
 4.367862e-07 8.008323e-07 7.179876e-12 1.237626e-06 clkbuf_4_14_0_core_clk
 1.504380e-07 1.077564e-06 7.294833e-12 1.228009e-06 fanout695
 3.031730e-07 9.227201e-07 1.110205e-11 1.225904e-06 clkbuf_3_7__f_w_clk
 3.547780e-07 8.654727e-07 1.117915e-11 1.220262e-06 clkbuf_3_3__f_v_clk
 4.363379e-07 7.835120e-07 7.179876e-12 1.219857e-06 clkbuf_4_11_0_core_clk
 1.504417e-07 1.066426e-06 7.294833e-12 1.216875e-06 fanout666
 3.030879e-07 9.065385e-07 1.110205e-11 1.209638e-06 clkbuf_3_1__f_w_clk
 3.030854e-07 9.013945e-07 1.110205e-11 1.204491e-06 clkbuf_3_0__f_w_clk
 4.357952e-07 7.640398e-07 7.179876e-12 1.199842e-06 clkbuf_4_4_0_core_clk
 8.717779e-07 3.221361e-07 1.232310e-11 1.193926e-06 clkbuf_0_clk
 4.354466e-07 7.496636e-07 7.179876e-12 1.185117e-06 clkbuf_4_8_0_core_clk
 4.348271e-07 7.267728e-07 7.179876e-12 1.161607e-06 clkbuf_4_3_0_core_clk
 3.547014e-07 7.879304e-07 1.117915e-11 1.142643e-06 clkbuf_3_2__f_v_clk
 3.026234e-07 8.023287e-07 1.110205e-11 1.104963e-06 clkbuf_3_5__f_w_clk
 3.029227e-07 8.004513e-07 1.110205e-11 1.103385e-06 clkbuf_3_6__f_w_clk
 3.029471e-07 7.789644e-07 1.110205e-11 1.081923e-06 clkbuf_3_2__f_w_clk
 3.029519e-07 7.681704e-07 1.110205e-11 1.071134e-06 clkbuf_3_3__f_w_clk
 8.500813e-07 2.017836e-07 1.232310e-11 1.051877e-06 clkbuf_1_0__f_clk
 4.228926e-07 6.194832e-07 8.296403e-12 1.042384e-06 u_icg
 8.436942e-07 1.425719e-07 1.232310e-11 9.862783e-07 clkbuf_1_1__f_clk
 3.022326e-07 6.458421e-07 1.110205e-11 9.480858e-07 clkbuf_3_4__f_w_clk
 3.052488e-07 5.411052e-07 8.814966e-12 8.463629e-07 u_icg_v
 2.846796e-07 4.200405e-07 8.853277e-12 7.047290e-07 u_icg_w
 1.491814e-07 5.008519e-07 1.156585e-11 6.500449e-07 fanout194
 1.485477e-07 4.747331e-07 1.307855e-11 6.232939e-07 fanout196
 7.616434e-08 5.418187e-07 4.509048e-12 6.179876e-07 fanout640
 7.592384e-08 5.185234e-07 4.511563e-12 5.944517e-07 fanout694
 7.606594e-08 4.970357e-07 4.692453e-12 5.731064e-07 fanout426
 7.658821e-08 4.957356e-07 1.339351e-11 5.723372e-07 fanout353
 7.644852e-08 4.924991e-07 4.512482e-12 5.689521e-07 fanout670
 7.624349e-08 4.630485e-07 4.692453e-12 5.392967e-07 fanout422
 7.645309e-08 4.488195e-07 4.692453e-12 5.252773e-07 fanout419
 7.639054e-08 4.402307e-07 4.692453e-12 5.166260e-07 fanout403
 7.653408e-08 4.289374e-07 4.692453e-12 5.054762e-07 fanout417
 1.051508e-07 3.829763e-07 1.285855e-11 4.881399e-07 fanout198
 7.641736e-08 3.893353e-07 4.511563e-12 4.657572e-07 fanout674
 1.690459e-07 2.960851e-07 6.990053e-12 4.651380e-07 clkbuf_2_2_0_v_clk
 7.655510e-08 3.876750e-07 4.692453e-12 4.642348e-07 fanout435
 1.689686e-07 2.902344e-07 6.990053e-12 4.592100e-07 clkbuf_2_3_0_v_clk
 7.678891e-08 3.736470e-07 4.692453e-12 4.504406e-07 fanout407
 1.687950e-07 2.767135e-07 6.990053e-12 4.455155e-07 clkbuf_2_1_0_v_clk
 1.687470e-07 2.737847e-07 6.990053e-12 4.425387e-07 clkbuf_2_0_0_v_clk
 7.702118e-08 3.570544e-07 4.693372e-12 4.340803e-07 fanout416
 1.705515e-07 2.571863e-07 6.990053e-12 4.277448e-07 clkbuf_leaf_67_v_clk
 7.567959e-08 3.448407e-07 1.125240e-11 4.205315e-07 fanout354
 1.712107e-07 2.480214e-07 6.990053e-12 4.192390e-07 clkbuf_leaf_12_v_clk
 7.726446e-08 3.379438e-07 4.692453e-12 4.152130e-07 fanout412
 7.680143e-08 3.355078e-07 4.692453e-12 4.123139e-07 fanout400
 1.701045e-07 2.409330e-07 6.990053e-12 4.110445e-07 clkbuf_leaf_72_v_clk
 6.870138e-08 3.374632e-07 1.240452e-11 4.061770e-07 fanout630
 7.697626e-08 3.277312e-07 4.692453e-12 4.047122e-07 fanout408
 7.704951e-08 3.259066e-07 4.693372e-12 4.029608e-07 fanout418
 1.693482e-07 2.321131e-07 6.990053e-12 4.014683e-07 clkbuf_leaf_52_v_clk
 8.301080e-08 3.150176e-07 1.362999e-11 3.980421e-07 fanout333
 7.772447e-08 3.195015e-07 4.693372e-12 3.972307e-07 fanout399
 7.709475e-08 3.201112e-07 4.693372e-12 3.972107e-07 fanout401
 1.697879e-07 2.261586e-07 6.990053e-12 3.959535e-07 clkbuf_leaf_93_v_clk
 8.486600e-08 3.077055e-07 1.271649e-11 3.925842e-07 fanout179
 7.747828e-08 3.115674e-07 4.512482e-12 3.890502e-07 fanout673
 7.690929e-08 3.112778e-07 4.512482e-12 3.881916e-07 fanout659
 1.703821e-07 2.162165e-07 6.990053e-12 3.866056e-07 clkbuf_leaf_15_v_clk
 1.695987e-07 2.167812e-07 6.990053e-12 3.863868e-07 clkbuf_leaf_103_v_clk
 1.695009e-07 2.167354e-07 6.990053e-12 3.862433e-07 clkbuf_leaf_76_v_clk
 1.695641e-07 2.162146e-07 6.990053e-12 3.857857e-07 clkbuf_leaf_94_v_clk
 1.692293e-07 2.158780e-07 6.990053e-12 3.851143e-07 clkbuf_leaf_37_v_clk
 8.400373e-08 3.009989e-07 1.363059e-11 3.850163e-07 fanout335
 1.689588e-07 2.157313e-07 6.990053e-12 3.846971e-07 clkbuf_leaf_50_v_clk
 7.746183e-08 3.071011e-07 4.692453e-12 3.845676e-07 fanout431
 1.689429e-07 2.149017e-07 6.990053e-12 3.838516e-07 clkbuf_leaf_54_v_clk
 1.702570e-07 2.115524e-07 6.990053e-12 3.818164e-07 clkbuf_leaf_18_v_clk
 1.702437e-07 2.114277e-07 6.990053e-12 3.816784e-07 clkbuf_leaf_13_v_clk
 1.687999e-07 2.090947e-07 6.990053e-12 3.779016e-07 clkbuf_leaf_48_v_clk
 7.760044e-08 2.997020e-07 4.693372e-12 3.773071e-07 fanout405
 1.687100e-07 2.059867e-07 6.990053e-12 3.747037e-07 clkbuf_leaf_58_v_clk
 1.501039e-07 2.225002e-07 6.975258e-12 3.726111e-07 clkbuf_leaf_77_w_clk
 1.691950e-07 2.026096e-07 6.990053e-12 3.718116e-07 clkbuf_leaf_92_v_clk
 1.686121e-07 2.022464e-07 6.990053e-12 3.708655e-07 clkbuf_leaf_65_v_clk
 1.686347e-07 2.021436e-07 6.990053e-12 3.707853e-07 clkbuf_leaf_53_v_clk
 1.685753e-07 2.005899e-07 6.990053e-12 3.691721e-07 clkbuf_leaf_64_v_clk
 1.498027e-07 2.188905e-07 6.975258e-12 3.687002e-07 clkbuf_leaf_32_w_clk
 1.685045e-07 1.970498e-07 6.990053e-12 3.655612e-07 clkbuf_leaf_56_v_clk
 7.778976e-08 2.870665e-07 1.217056e-11 3.648684e-07 fanout585
 8.275125e-08 2.816754e-07 1.101433e-11 3.644377e-07 fanout336
 1.496894e-07 2.145672e-07 6.975258e-12 3.642636e-07 clkbuf_leaf_31_w_clk
 7.707150e-08 2.866641e-07 4.512482e-12 3.637401e-07 fanout648
 1.689518e-07 1.935081e-07 6.990053e-12 3.624669e-07 clkbuf_leaf_63_v_clk
 1.687110e-07 1.930590e-07 6.990053e-12 3.617770e-07 clkbuf_leaf_49_v_clk
 4.960094e-08 3.120855e-07 7.363830e-12 3.616938e-07 fanout574
 1.693445e-07 1.919387e-07 6.990053e-12 3.612902e-07 clkbuf_leaf_30_v_clk
 1.502224e-07 2.098877e-07 6.975258e-12 3.601170e-07 clkbuf_leaf_54_w_clk
 1.686316e-07 1.902928e-07 6.990053e-12 3.589313e-07 clkbuf_leaf_42_v_clk
 1.501155e-07 2.084341e-07 6.975258e-12 3.585565e-07 clkbuf_leaf_19_w_clk
 1.685970e-07 1.897047e-07 6.990053e-12 3.583086e-07 clkbuf_leaf_39_v_clk
 1.689122e-07 1.892626e-07 6.990053e-12 3.581818e-07 clkbuf_leaf_102_v_clk
 1.688475e-07 1.885781e-07 6.990053e-12 3.574326e-07 clkbuf_leaf_69_v_clk
 1.683108e-07 1.891127e-07 6.990053e-12 3.574305e-07 clkbuf_leaf_57_v_clk
 1.685826e-07 1.884738e-07 6.990053e-12 3.570634e-07 clkbuf_leaf_43_v_clk
 1.695826e-07 1.871463e-07 6.990053e-12 3.567359e-07 clkbuf_leaf_11_v_clk
 1.495080e-07 2.063054e-07 6.975258e-12 3.558204e-07 clkbuf_leaf_40_w_clk
 1.688043e-07 1.867888e-07 6.990053e-12 3.556000e-07 clkbuf_leaf_96_v_clk
 1.687723e-07 1.857731e-07 6.990053e-12 3.545524e-07 clkbuf_leaf_91_v_clk
 1.684270e-07 1.836265e-07 6.990053e-12 3.520605e-07 clkbuf_leaf_34_v_clk
 1.691037e-07 1.819463e-07 6.990053e-12 3.510569e-07 clkbuf_leaf_28_v_clk
 1.499210e-07 2.010597e-07 6.975258e-12 3.509877e-07 clkbuf_leaf_26_w_clk
 1.684431e-07 1.824388e-07 6.990053e-12 3.508889e-07 clkbuf_leaf_41_v_clk
 1.681343e-07 1.810075e-07 6.990053e-12 3.491488e-07 clkbuf_leaf_51_v_clk
 1.498718e-07 1.988587e-07 6.975258e-12 3.487374e-07 clkbuf_leaf_25_w_clk
 1.683268e-07 1.794235e-07 6.990053e-12 3.477573e-07 clkbuf_leaf_35_v_clk
 1.685746e-07 1.791155e-07 6.990053e-12 3.476971e-07 clkbuf_leaf_71_v_clk
 1.493244e-07 1.975144e-07 6.975258e-12 3.468458e-07 clkbuf_leaf_35_w_clk
 1.690197e-07 1.777732e-07 6.990053e-12 3.467999e-07 clkbuf_leaf_26_v_clk
 1.693474e-07 1.774206e-07 6.990053e-12 3.467751e-07 clkbuf_leaf_16_v_clk
 1.685226e-07 1.768648e-07 6.990053e-12 3.453944e-07 clkbuf_leaf_81_v_clk
 7.714700e-08 2.672954e-07 1.162347e-11 3.444541e-07 fanout1002
 1.685208e-07 1.754775e-07 6.990053e-12 3.440052e-07 clkbuf_leaf_97_v_clk
 1.498212e-07 1.940735e-07 6.975258e-12 3.439016e-07 clkbuf_leaf_53_w_clk
 1.692319e-07 1.739720e-07 6.990053e-12 3.432109e-07 clkbuf_leaf_10_v_clk
 1.492138e-07 1.938355e-07 6.975258e-12 3.430563e-07 clkbuf_leaf_41_w_clk
 1.688674e-07 1.741224e-07 6.990053e-12 3.429968e-07 clkbuf_leaf_5_v_clk
 1.684442e-07 1.740396e-07 6.990053e-12 3.424908e-07 clkbuf_leaf_82_v_clk
 1.682041e-07 1.741405e-07 6.990053e-12 3.423516e-07 clkbuf_leaf_36_v_clk
 1.684705e-07 1.736839e-07 6.990053e-12 3.421614e-07 clkbuf_leaf_70_v_clk
 1.692026e-07 1.721235e-07 6.990053e-12 3.413331e-07 clkbuf_leaf_20_v_clk
 1.679359e-07 1.727896e-07 6.990053e-12 3.407325e-07 clkbuf_leaf_55_v_clk
 1.684240e-07 1.722490e-07 6.990053e-12 3.406800e-07 clkbuf_leaf_66_v_clk
 1.493167e-07 1.909407e-07 6.975258e-12 3.402643e-07 clkbuf_leaf_75_w_clk
 1.491249e-07 1.899825e-07 6.975258e-12 3.391143e-07 clkbuf_leaf_39_w_clk
 1.691066e-07 1.687464e-07 6.990053e-12 3.378600e-07 clkbuf_leaf_14_v_clk
 1.686888e-07 1.676646e-07 6.990053e-12 3.363604e-07 clkbuf_leaf_7_v_clk
 1.683446e-07 1.668991e-07 6.990053e-12 3.352507e-07 clkbuf_leaf_101_v_clk
 1.491927e-07 1.858141e-07 6.975258e-12 3.350138e-07 clkbuf_leaf_1_w_clk
 1.683308e-07 1.663098e-07 6.990053e-12 3.346477e-07 clkbuf_leaf_100_v_clk
 1.686401e-07 1.658640e-07 6.990053e-12 3.345111e-07 clkbuf_leaf_8_v_clk
 1.690171e-07 1.651378e-07 6.990053e-12 3.341619e-07 clkbuf_leaf_17_v_clk
 1.686272e-07 1.634308e-07 6.990053e-12 3.320650e-07 clkbuf_leaf_2_v_clk
 1.489482e-07 1.827311e-07 6.975258e-12 3.316863e-07 clkbuf_leaf_37_w_clk
 1.495167e-07 1.805137e-07 6.975258e-12 3.300374e-07 clkbuf_leaf_57_w_clk
 1.493922e-07 1.802125e-07 6.975258e-12 3.296117e-07 clkbuf_leaf_21_w_clk
 1.678766e-07 1.611958e-07 6.990053e-12 3.290794e-07 clkbuf_leaf_33_v_clk
 4.332535e-08 2.855809e-07 4.318170e-12 3.289106e-07 fanout415
 1.681198e-07 1.596714e-07 6.990053e-12 3.277981e-07 clkbuf_leaf_77_v_clk
 1.487805e-07 1.783110e-07 6.975258e-12 3.270985e-07 clkbuf_leaf_30_w_clk
 1.684771e-07 1.584033e-07 6.990053e-12 3.268874e-07 clkbuf_leaf_29_v_clk
 1.489965e-07 1.778795e-07 6.975258e-12 3.268830e-07 clkbuf_leaf_3_w_clk
 1.684727e-07 1.575264e-07 6.990053e-12 3.260061e-07 clkbuf_leaf_108_v_clk
 1.487536e-07 1.757660e-07 6.975258e-12 3.245266e-07 clkbuf_leaf_33_w_clk
 1.487695e-07 1.754055e-07 6.975258e-12 3.241819e-07 clkbuf_leaf_38_w_clk
 1.675357e-07 1.565238e-07 6.990053e-12 3.240665e-07 clkbuf_leaf_59_v_clk
 1.680448e-07 1.559312e-07 6.990053e-12 3.239830e-07 clkbuf_leaf_95_v_clk
 1.675346e-07 1.559524e-07 6.990053e-12 3.234940e-07 clkbuf_leaf_46_v_clk
 1.488906e-07 1.740644e-07 6.975258e-12 3.229620e-07 clkbuf_leaf_71_w_clk
 1.493722e-07 1.735744e-07 6.975258e-12 3.229535e-07 clkbuf_leaf_62_w_clk
 1.683959e-07 1.538899e-07 6.990053e-12 3.222928e-07 clkbuf_leaf_22_v_clk
 1.679531e-07 1.533094e-07 6.990053e-12 3.212695e-07 clkbuf_leaf_68_v_clk
 1.679934e-07 1.529400e-07 6.990053e-12 3.209404e-07 clkbuf_leaf_98_v_clk
 1.683538e-07 1.521256e-07 6.990053e-12 3.204865e-07 clkbuf_leaf_25_v_clk
 1.683515e-07 1.521199e-07 6.990053e-12 3.204784e-07 clkbuf_leaf_21_v_clk
 1.491589e-07 1.713082e-07 6.975258e-12 3.204741e-07 clkbuf_leaf_49_w_clk
 1.491688e-07 1.706063e-07 6.975258e-12 3.197821e-07 clkbuf_leaf_46_w_clk
 1.679615e-07 1.517102e-07 6.990053e-12 3.196787e-07 clkbuf_leaf_0_v_clk
 1.491331e-07 1.704234e-07 6.975258e-12 3.195635e-07 clkbuf_leaf_22_w_clk
 7.543185e-08 2.438680e-07 1.213560e-11 3.193120e-07 fanout599
 1.487426e-07 1.702227e-07 6.975258e-12 3.189722e-07 clkbuf_leaf_6_w_clk
 1.682898e-07 1.500865e-07 6.990053e-12 3.183834e-07 clkbuf_leaf_1_v_clk
 1.491029e-07 1.692548e-07 6.975258e-12 3.183647e-07 clkbuf_leaf_27_w_clk
 1.487735e-07 1.693258e-07 6.975258e-12 3.181063e-07 clkbuf_leaf_81_w_clk
 1.487774e-07 1.692421e-07 6.975258e-12 3.180265e-07 clkbuf_leaf_80_w_clk
 1.675997e-07 1.490057e-07 6.990053e-12 3.166124e-07 clkbuf_leaf_38_v_clk
 1.673611e-07 1.486294e-07 6.990053e-12 3.159975e-07 clkbuf_leaf_47_v_clk
 7.831800e-08 2.366758e-07 1.162347e-11 3.150054e-07 fanout1004
 1.490465e-07 1.655398e-07 6.975258e-12 3.145932e-07 clkbuf_leaf_44_w_clk
 1.485234e-07 1.660356e-07 6.975258e-12 3.145659e-07 clkbuf_leaf_42_w_clk
 1.678318e-07 1.465229e-07 6.990053e-12 3.143617e-07 clkbuf_leaf_104_v_clk
 1.677212e-07 1.461408e-07 6.990053e-12 3.138689e-07 clkbuf_leaf_89_v_clk
 1.485615e-07 1.652680e-07 6.975258e-12 3.138365e-07 clkbuf_leaf_34_w_clk
 1.485905e-07 1.649980e-07 6.975258e-12 3.135954e-07 clkbuf_leaf_5_w_clk
 5.720201e-08 2.559918e-07 1.351383e-11 3.132074e-07 fanout608
 1.677281e-07 1.454549e-07 6.990053e-12 3.131900e-07 clkbuf_leaf_80_v_clk
 1.674747e-07 1.437119e-07 6.990053e-12 3.111937e-07 clkbuf_leaf_44_v_clk
 1.485990e-07 1.625124e-07 6.975258e-12 3.111184e-07 clkbuf_leaf_78_w_clk
 1.684109e-07 1.423525e-07 6.990053e-12 3.107704e-07 clkbuf_leaf_19_v_clk
 1.674409e-07 1.417127e-07 6.990053e-12 3.091606e-07 clkbuf_leaf_45_v_clk
 1.675904e-07 1.405323e-07 6.990053e-12 3.081297e-07 clkbuf_leaf_86_v_clk
 1.675973e-07 1.402397e-07 6.990053e-12 3.078441e-07 clkbuf_leaf_83_v_clk
 1.680021e-07 1.396417e-07 6.990053e-12 3.076507e-07 clkbuf_leaf_105_v_clk
 1.675685e-07 1.398144e-07 6.990053e-12 3.073899e-07 clkbuf_leaf_87_v_clk
 1.676564e-07 1.395991e-07 6.990053e-12 3.072624e-07 clkbuf_leaf_99_v_clk
 1.488136e-07 1.578111e-07 6.975258e-12 3.066317e-07 clkbuf_leaf_23_w_clk
 1.483415e-07 1.580612e-07 6.975258e-12 3.064096e-07 clkbuf_leaf_36_w_clk
 7.901289e-08 2.270034e-07 1.302146e-11 3.060293e-07 fanout696
 1.484752e-07 1.573971e-07 6.975258e-12 3.058793e-07 clkbuf_leaf_0_w_clk
 1.679415e-07 1.373565e-07 6.990053e-12 3.053049e-07 clkbuf_leaf_3_v_clk
 1.678554e-07 1.344136e-07 6.990053e-12 3.022760e-07 clkbuf_leaf_27_v_clk
 1.674359e-07 1.346241e-07 6.990053e-12 3.020670e-07 clkbuf_leaf_88_v_clk
 1.483853e-07 1.535883e-07 6.975258e-12 3.019806e-07 clkbuf_leaf_69_w_clk
 1.488026e-07 1.531360e-07 6.975258e-12 3.019456e-07 clkbuf_leaf_61_w_clk
 1.483293e-07 1.517653e-07 6.975258e-12 3.001016e-07 clkbuf_leaf_74_w_clk
 1.673651e-07 1.320928e-07 6.990053e-12 2.994648e-07 clkbuf_leaf_84_v_clk
 1.482226e-07 1.506627e-07 6.975258e-12 2.988922e-07 clkbuf_leaf_15_w_clk
 1.668702e-07 1.314226e-07 6.990053e-12 2.982998e-07 clkbuf_leaf_62_v_clk
 1.672795e-07 1.308323e-07 6.990053e-12 2.981188e-07 clkbuf_leaf_74_v_clk
 1.491066e-07 1.489694e-07 6.975258e-12 2.980830e-07 clkbuf_leaf_17_w_clk
 1.482401e-07 1.492594e-07 6.975258e-12 2.975065e-07 clkbuf_leaf_4_w_clk
 1.482386e-07 1.475008e-07 6.975258e-12 2.957464e-07 clkbuf_leaf_9_w_clk
 1.482283e-07 1.473184e-07 6.975258e-12 2.955536e-07 clkbuf_leaf_73_w_clk
 1.674125e-07 1.274625e-07 6.990053e-12 2.948820e-07 clkbuf_leaf_23_v_clk
 1.485570e-07 1.460530e-07 6.975258e-12 2.946170e-07 clkbuf_leaf_45_w_clk
 1.670106e-07 1.275730e-07 6.990053e-12 2.945905e-07 clkbuf_leaf_73_v_clk
 1.481143e-07 1.432144e-07 6.975258e-12 2.913356e-07 clkbuf_leaf_72_w_clk
 1.670811e-07 1.237274e-07 6.990053e-12 2.908155e-07 clkbuf_leaf_109_v_clk
 1.670504e-07 1.234898e-07 6.990053e-12 2.905472e-07 clkbuf_leaf_4_v_clk
 1.670002e-07 1.230062e-07 6.990053e-12 2.900134e-07 clkbuf_leaf_32_v_clk
 6.890870e-08 2.199026e-07 1.226298e-11 2.888236e-07 fanout565
 1.668546e-07 1.212250e-07 6.990053e-12 2.880866e-07 clkbuf_leaf_31_v_clk
 4.306456e-08 2.445200e-07 3.989133e-12 2.875886e-07 fanout639
 1.483890e-07 1.375002e-07 6.975258e-12 2.858962e-07 clkbuf_leaf_55_w_clk
 1.483878e-07 1.368661e-07 6.975258e-12 2.852608e-07 clkbuf_leaf_63_w_clk
 3.777545e-08 2.468768e-07 7.128681e-12 2.846594e-07 fanout109
 1.483074e-07 1.362660e-07 6.975258e-12 2.845804e-07 clkbuf_leaf_43_w_clk
 1.665840e-07 1.178147e-07 6.990053e-12 2.844057e-07 clkbuf_leaf_106_v_clk
 1.479302e-07 1.354105e-07 6.975258e-12 2.833476e-07 clkbuf_leaf_79_w_clk
 1.660547e-07 1.158784e-07 6.990053e-12 2.819401e-07 clkbuf_leaf_75_v_clk
 1.663932e-07 1.154467e-07 6.990053e-12 2.818468e-07 clkbuf_leaf_107_v_clk
 1.478794e-07 1.328899e-07 6.975258e-12 2.807762e-07 clkbuf_leaf_2_w_clk
 1.482477e-07 1.316812e-07 6.975258e-12 2.799358e-07 clkbuf_leaf_65_w_clk
 1.481907e-07 1.294294e-07 6.975258e-12 2.776270e-07 clkbuf_leaf_67_w_clk
 1.484997e-07 1.267243e-07 6.975258e-12 2.752310e-07 clkbuf_leaf_16_w_clk
 1.481086e-07 1.259265e-07 6.975258e-12 2.740420e-07 clkbuf_leaf_68_w_clk
 1.480839e-07 1.252310e-07 6.975258e-12 2.733218e-07 clkbuf_leaf_66_w_clk
 1.653720e-07 1.073447e-07 6.990053e-12 2.727237e-07 clkbuf_leaf_78_v_clk
 1.479439e-07 1.241841e-07 6.975258e-12 2.721349e-07 clkbuf_leaf_48_w_clk
 4.574625e-08 2.235525e-07 7.095578e-12 2.693058e-07 max_cap199
 1.483782e-07 1.205833e-07 6.975258e-12 2.689685e-07 clkbuf_leaf_29_w_clk
 6.215610e-08 2.065243e-07 1.336991e-11 2.686937e-07 fanout313
 1.652523e-07 1.017070e-07 6.990053e-12 2.669663e-07 clkbuf_leaf_24_v_clk
 1.478288e-07 1.185699e-07 6.975258e-12 2.664056e-07 clkbuf_leaf_47_w_clk
 1.651532e-07 1.010969e-07 6.990053e-12 2.662570e-07 clkbuf_leaf_6_v_clk
 1.477770e-07 1.170399e-07 6.975258e-12 2.648239e-07 clkbuf_leaf_50_w_clk
 1.478522e-07 1.167797e-07 6.975258e-12 2.646389e-07 clkbuf_leaf_60_w_clk
 3.860235e-08 2.257596e-07 7.066914e-12 2.643691e-07 fanout1006
 1.471075e-07 1.123444e-07 6.975258e-12 2.594589e-07 clkbuf_leaf_7_w_clk
 4.320999e-08 2.158526e-07 3.993644e-12 2.590666e-07 fanout665
 1.477376e-07 1.108406e-07 6.975258e-12 2.585852e-07 clkbuf_leaf_18_w_clk
 4.321881e-08 2.149580e-07 3.993644e-12 2.581808e-07 fanout684
 3.770104e-08 2.168957e-07 7.090735e-12 2.546038e-07 fanout1021
 4.360569e-08 2.100999e-07 3.993645e-12 2.537096e-07 fanout682
 4.316175e-08 2.081608e-07 3.995293e-12 2.513265e-07 fanout693
 2.916851e-08 2.196172e-07 7.224941e-12 2.487930e-07 fanout249
 3.979622e-08 2.058576e-07 7.355972e-12 2.456612e-07 max_cap241
 6.259619e-08 1.805840e-07 1.297813e-11 2.431931e-07 fanout708
 4.341347e-08 1.995452e-07 3.993645e-12 2.429627e-07 fanout657
 4.332087e-08 1.980398e-07 4.318170e-12 2.413650e-07 fanout397
 4.335193e-08 1.969319e-07 3.995293e-12 2.402878e-07 fanout653
 4.354774e-08 1.965382e-07 3.995293e-12 2.400900e-07 fanout683
 6.257636e-08 1.760450e-07 1.297685e-11 2.386344e-07 fanout711
 4.355249e-08 1.917411e-07 4.318170e-12 2.352979e-07 fanout434
 4.331096e-08 1.902121e-07 3.995293e-12 2.335271e-07 fanout647
 4.375402e-08 1.883074e-07 3.993645e-12 2.320654e-07 fanout685
 6.309337e-08 1.674322e-07 1.166680e-11 2.305372e-07 fanout954
 4.362904e-08 1.850261e-07 4.319819e-12 2.286594e-07 fanout406
 4.357825e-08 1.837263e-07 4.318170e-12 2.273089e-07 fanout428
 4.322080e-08 1.835528e-07 3.995293e-12 2.267776e-07 fanout688
 4.291462e-08 1.771646e-07 7.177149e-12 2.200864e-07 fanout595
 3.655924e-08 1.834190e-07 7.090735e-12 2.199854e-07 fanout1020
 4.361759e-08 1.746721e-07 3.993645e-12 2.182937e-07 fanout692
 4.356381e-08 1.712476e-07 3.995293e-12 2.148154e-07 fanout664
 2.443820e-08 1.857720e-07 4.748770e-12 2.102150e-07 fanout584
 3.543046e-08 1.717764e-07 7.069726e-12 2.072139e-07 fanout1011
 3.353680e-08 1.733669e-07 6.962500e-12 2.069107e-07 fanout341
 4.329722e-08 1.632544e-07 3.993644e-12 2.065556e-07 fanout678
 3.667628e-08 1.693298e-07 7.090735e-12 2.060132e-07 fanout1015
 2.036684e-07 0.000000e+00 4.609269e-12 2.036730e-07 clkload2
 1.914532e-08 1.835239e-07 7.041762e-12 2.026762e-07 fanout558
 3.671241e-08 1.622648e-07 7.090735e-12 1.989843e-07 fanout1019
 2.426293e-08 1.738940e-07 4.452901e-12 1.981614e-07 fanout570
 3.889389e-08 1.573968e-07 7.005473e-12 1.962977e-07 fanout318
 3.239546e-08 1.621822e-07 7.184980e-12 1.945849e-07 fanout728
 3.860842e-08 1.459341e-07 7.156940e-12 1.845497e-07 fanout600
 2.207923e-08 1.612444e-07 1.395908e-11 1.833376e-07 fanout309
 3.500604e-08 1.481139e-07 7.340181e-12 1.831273e-07 fanout702
 4.368047e-08 1.369027e-07 3.993645e-12 1.805871e-07 fanout687
 2.541032e-08 1.547348e-07 6.940563e-12 1.801520e-07 fanout312
 3.146164e-08 1.468819e-07 7.305044e-12 1.783509e-07 fanout717
 2.616759e-08 1.513086e-07 7.034606e-12 1.774833e-07 fanout267
 2.729333e-08 1.500110e-07 7.438952e-12 1.773118e-07 fanout310
 3.387500e-08 1.418263e-07 7.194596e-12 1.757085e-07 hold14
 2.603950e-08 1.483981e-07 6.910732e-12 1.744446e-07 fanout192
 3.664806e-08 1.369118e-07 7.090735e-12 1.735669e-07 fanout1017
 2.447236e-08 1.450413e-07 4.748770e-12 1.695184e-07 fanout577
 2.436332e-08 1.430172e-07 4.748770e-12 1.673853e-07 fanout580
 2.438483e-08 1.424008e-07 4.452901e-12 1.667901e-07 fanout572
 3.562714e-08 1.299359e-07 7.069726e-12 1.655701e-07 fanout1010
 7.408927e-09 1.554501e-07 4.150507e-12 1.628631e-07 _11711_
 3.642217e-08 1.228096e-07 7.090735e-12 1.592388e-07 fanout1014
 1.576048e-07 0.000000e+00 6.990053e-12 1.576118e-07 clkload95
 1.575053e-07 0.000000e+00 6.990053e-12 1.575123e-07 clkload138
 2.452089e-08 1.329817e-07 4.748770e-12 1.575073e-07 fanout576
 1.574463e-07 0.000000e+00 6.990053e-12 1.574533e-07 clkload121
 1.574266e-07 0.000000e+00 6.990053e-12 1.574336e-07 clkload127
 1.573565e-07 0.000000e+00 6.990053e-12 1.573635e-07 clkload155
 1.573555e-07 0.000000e+00 6.990053e-12 1.573625e-07 clkload137
 1.573197e-07 0.000000e+00 6.990053e-12 1.573267e-07 clkload158
 1.573142e-07 0.000000e+00 6.990053e-12 1.573212e-07 clkload153
 1.572924e-07 0.000000e+00 6.990053e-12 1.572994e-07 clkload160
 1.572873e-07 0.000000e+00 6.990053e-12 1.572943e-07 clkload157
 1.572851e-07 0.000000e+00 6.990053e-12 1.572921e-07 clkload159
 1.572386e-07 0.000000e+00 6.990053e-12 1.572456e-07 clkload177
 1.572312e-07 0.000000e+00 6.990053e-12 1.572382e-07 clkload178
 1.571999e-07 0.000000e+00 6.990053e-12 1.572069e-07 clkload166
 1.571716e-07 0.000000e+00 6.990053e-12 1.571786e-07 clkload100
 1.570980e-07 0.000000e+00 6.990053e-12 1.571050e-07 clkload169
 1.564418e-07 0.000000e+00 6.812981e-12 1.564486e-07 clkload10
 1.563336e-07 0.000000e+00 6.990053e-12 1.563406e-07 clkload81
 3.118951e-08 1.249317e-07 7.304819e-12 1.561285e-07 fanout719
 1.652003e-08 1.387729e-07 4.596758e-12 1.552975e-07 hold13
 2.451366e-08 1.295283e-07 4.748770e-12 1.540467e-07 fanout578
 2.441944e-08 1.282353e-07 4.748770e-12 1.526595e-07 fanout582
 3.135991e-08 1.209399e-07 7.304819e-12 1.523071e-07 fanout716
 3.760076e-08 1.143686e-07 1.378990e-11 1.519832e-07 fanout624
 2.035969e-08 1.306550e-07 6.895142e-12 1.510216e-07 fanout506
 2.047602e-08 1.301459e-07 7.271965e-12 1.506292e-07 fanout121
 3.107600e-08 1.179083e-07 7.074756e-12 1.489913e-07 fanout979
 2.621897e-08 1.194135e-07 7.034606e-12 1.456395e-07 fanout263
 3.243323e-08 1.131068e-07 7.184980e-12 1.455472e-07 fanout735
 3.116311e-08 1.135002e-07 7.074756e-12 1.446704e-07 fanout952
 2.643129e-08 1.157475e-07 7.034767e-12 1.421859e-07 fanout264
 2.599853e-08 1.133058e-07 6.910732e-12 1.393112e-07 fanout193
 3.113318e-08 1.076827e-07 7.304819e-12 1.388232e-07 fanout725
 1.386582e-07 0.000000e+00 6.974162e-12 1.386652e-07 clkload41
 1.385595e-07 0.000000e+00 6.974162e-12 1.385664e-07 clkload26
 1.385329e-07 0.000000e+00 6.974162e-12 1.385398e-07 clkload50
 2.008117e-08 1.179854e-07 7.107633e-12 1.380736e-07 fanout127
 3.020939e-08 1.062949e-07 7.376148e-12 1.365116e-07 fanout561
 2.032641e-08 1.147541e-07 7.370393e-12 1.350879e-07 fanout119
 3.155540e-08 1.032440e-07 7.074756e-12 1.348064e-07 fanout961
 3.105486e-08 1.036605e-07 7.074756e-12 1.347224e-07 fanout977
 2.732760e-08 1.068950e-07 7.409238e-12 1.342300e-07 fanout324
 2.468006e-08 1.094760e-07 4.748770e-12 1.341608e-07 fanout575
 3.167870e-08 1.022860e-07 7.074756e-12 1.339717e-07 fanout976
 3.123867e-08 1.012493e-07 7.074756e-12 1.324951e-07 fanout987
 3.161846e-08 1.007124e-07 7.304819e-12 1.323381e-07 fanout707
 3.113735e-08 9.982005e-08 7.074756e-12 1.309645e-07 fanout984
 1.636692e-08 1.126333e-07 4.604732e-12 1.290048e-07 fanout736
 1.863699e-08 1.097635e-07 7.337714e-12 1.284078e-07 fanout536
 3.131590e-08 9.686553e-08 7.304819e-12 1.281887e-07 fanout709
 1.847266e-08 1.095276e-07 4.685034e-12 1.280049e-07 fanout1016
 2.462308e-08 1.029109e-07 7.425494e-12 1.275414e-07 fanout602
 1.956368e-08 1.066197e-07 4.398837e-12 1.261878e-07 fanout350
 2.030656e-08 1.053535e-07 7.370393e-12 1.256674e-07 fanout118
 1.699147e-08 1.059392e-07 4.802581e-12 1.229355e-07 fanout298
 1.814154e-08 1.018906e-07 4.754781e-12 1.200369e-07 fanout376
 7.356246e-09 1.093508e-07 3.327063e-12 1.167103e-07 _11712_
 1.644289e-08 9.993673e-08 4.604931e-12 1.163842e-07 fanout734
 1.647594e-08 9.767103e-08 4.596759e-12 1.141516e-07 fanout936
 1.817784e-08 9.559157e-08 4.754562e-12 1.137742e-07 fanout372
 1.714041e-08 9.660358e-08 4.802581e-12 1.137488e-07 fanout282
 1.706027e-08 9.620455e-08 4.802581e-12 1.132696e-07 fanout293
 1.980326e-08 9.333419e-08 7.128462e-12 1.131446e-07 fanout739
 1.828227e-08 9.403536e-08 4.754676e-12 1.123224e-07 fanout370
 1.980084e-08 9.182791e-08 7.128462e-12 1.116359e-07 fanout737
 1.819149e-08 9.281314e-08 4.754562e-12 1.110094e-07 fanout367
 1.819780e-08 9.226713e-08 4.754562e-12 1.104697e-07 fanout374
 1.709333e-08 9.302417e-08 6.919850e-12 1.101244e-07 fanout251
 1.820223e-08 9.148685e-08 4.754676e-12 1.096938e-07 fanout378
 1.649655e-08 9.250422e-08 4.596759e-12 1.090054e-07 fanout946
 1.706907e-08 9.181640e-08 4.802581e-12 1.088903e-07 fanout286
 1.659307e-08 9.141416e-08 6.920953e-12 1.080141e-07 fanout185
 1.705576e-08 9.014347e-08 4.802581e-12 1.072040e-07 fanout292
 1.579190e-08 9.059812e-08 4.698615e-12 1.063947e-07 fanout966
 1.579173e-08 9.043308e-08 4.698615e-12 1.062295e-07 fanout989
 1.580089e-08 9.040611e-08 4.503075e-12 1.062115e-07 fanout721
 1.606799e-08 8.975272e-08 6.966568e-12 1.058277e-07 fanout171
 1.655238e-08 8.922246e-08 4.596957e-12 1.057794e-07 fanout935
 1.032223e-08 9.464883e-08 7.474135e-12 1.049785e-07 fanout589
 1.853902e-08 8.449102e-08 7.041762e-12 1.030371e-07 fanout552
 1.774719e-08 8.370262e-08 4.728669e-12 1.014545e-07 fanout1000
 1.450882e-08 8.646771e-08 4.780478e-12 1.009813e-07 fanout348
 1.435541e-08 8.615210e-08 6.904098e-12 1.005144e-07 fanout157
 1.774930e-08 8.243787e-08 4.728669e-12 1.001919e-07 fanout996
 1.591829e-08 8.421392e-08 4.502885e-12 1.001367e-07 fanout712
 1.822497e-08 8.184747e-08 4.754781e-12 1.000772e-07 fanout381
 1.659316e-08 8.231450e-08 4.596957e-12 9.891225e-08 fanout938
 1.655000e-08 8.173803e-08 4.596957e-12 9.829262e-08 fanout931
 1.659977e-08 8.131192e-08 4.596760e-12 9.791628e-08 fanout943
 1.995412e-08 7.772594e-08 7.128605e-12 9.768718e-08 fanout741
 1.843099e-08 7.832836e-08 4.754676e-12 9.676410e-08 fanout380
 1.588034e-08 8.048244e-08 4.698615e-12 9.636747e-08 fanout969
 1.668353e-08 7.840491e-08 4.596957e-12 9.509304e-08 fanout940
 1.718840e-08 7.771231e-08 4.802581e-12 9.490552e-08 fanout281
 1.588903e-08 7.855392e-08 4.698615e-12 9.444765e-08 fanout965
 8.101951e-09 8.479856e-08 4.600259e-12 9.290511e-08 wire82
 1.581283e-08 7.666548e-08 4.444350e-12 9.248275e-08 fanout314
 1.608936e-08 7.604344e-08 4.698805e-12 9.213749e-08 fanout956
 1.664069e-08 7.456306e-08 4.596957e-12 9.120835e-08 fanout945
 1.651586e-08 7.404198e-08 7.427272e-12 9.056527e-08 fanout278
 1.652423e-08 7.372086e-08 7.427272e-12 9.025251e-08 fanout275
 1.585783e-08 7.423478e-08 6.934679e-12 9.009955e-08 fanout245
 1.335193e-08 7.476066e-08 6.911713e-12 8.811951e-08 fanout252
 1.735192e-08 6.895969e-08 4.622914e-12 8.631623e-08 fanout613
 1.592566e-08 7.020405e-08 4.698615e-12 8.613440e-08 fanout983
 1.013331e-08 7.578996e-08 4.548722e-12 8.592781e-08 hold9
 1.601038e-08 6.986735e-08 6.934669e-12 8.588466e-08 fanout243
 1.592571e-08 6.991532e-08 4.698615e-12 8.584573e-08 fanout970
 1.588373e-08 6.995020e-08 4.503075e-12 8.583844e-08 fanout724
 9.150122e-09 7.584318e-08 3.709017e-12 8.499701e-08 fanout95
 1.673818e-08 6.638708e-08 4.596957e-12 8.312985e-08 fanout941
 1.451419e-08 6.715675e-08 4.422847e-12 8.167536e-08 fanout607
 8.127404e-08 0.000000e+00 4.770607e-12 8.127881e-08 clkload84
 8.125765e-08 0.000000e+00 4.770607e-12 8.126242e-08 clkload94
 8.124475e-08 0.000000e+00 4.770607e-12 8.124952e-08 clkload85
 8.123897e-08 0.000000e+00 4.770607e-12 8.124373e-08 clkload90
 8.123497e-08 0.000000e+00 4.770607e-12 8.123974e-08 clkload89
 8.120853e-08 0.000000e+00 4.770607e-12 8.121329e-08 clkload154
 8.118250e-08 0.000000e+00 4.770607e-12 8.118727e-08 clkload128
 8.117753e-08 0.000000e+00 4.770607e-12 8.118230e-08 clkload163
 1.594127e-08 6.523645e-08 4.503075e-12 8.118223e-08 fanout714
 8.115686e-08 0.000000e+00 4.770607e-12 8.116163e-08 clkload170
 8.114748e-08 0.000000e+00 4.770607e-12 8.115225e-08 clkload174
 8.110288e-08 0.000000e+00 4.770607e-12 8.110765e-08 clkload99
 1.595499e-08 6.306502e-08 4.698615e-12 7.902471e-08 fanout988
 1.350338e-08 6.535176e-08 4.732603e-12 7.885988e-08 fanout260
 1.591490e-08 6.289206e-08 4.698615e-12 7.881166e-08 fanout953
 1.595981e-08 6.218049e-08 4.698615e-12 7.814499e-08 fanout981
 1.592753e-08 5.905625e-08 4.503075e-12 7.498829e-08 fanout723
 1.025465e-08 6.416969e-08 4.447361e-12 7.442879e-08 fanout117
 1.003835e-08 6.429752e-08 4.652968e-12 7.434052e-08 fanout745
 1.044584e-08 6.362269e-08 4.828435e-12 7.407336e-08 fanout105
 1.021185e-08 6.351566e-08 4.670722e-12 7.373218e-08 fanout125
 1.043324e-08 6.312074e-08 4.851402e-12 7.355883e-08 fanout514
 7.162483e-08 0.000000e+00 4.784113e-12 7.162961e-08 clkload45
 7.162336e-08 0.000000e+00 4.784113e-12 7.162814e-08 clkload52
 7.161561e-08 0.000000e+00 4.784113e-12 7.162039e-08 clkload46
 7.156299e-08 0.000000e+00 4.784113e-12 7.156778e-08 clkload43
 7.152362e-08 0.000000e+00 4.784113e-12 7.152840e-08 clkload66
 1.050167e-08 6.093958e-08 4.851275e-12 7.144610e-08 fanout500
 1.045492e-08 6.094211e-08 4.350540e-12 7.140137e-08 fanout462
 1.024612e-08 6.101808e-08 4.447304e-12 7.126864e-08 fanout116
 7.076455e-08 0.000000e+00 4.783182e-12 7.076933e-08 clkload22
 9.421746e-09 6.099182e-08 4.726657e-12 7.041829e-08 fanout557
 1.599794e-08 5.331305e-08 4.698615e-12 6.931569e-08 fanout968
 1.044699e-08 5.841153e-08 4.851402e-12 6.886338e-08 fanout508
 1.061650e-08 5.821344e-08 4.161154e-12 6.883410e-08 fanout385
 1.053860e-08 5.743096e-08 4.851275e-12 6.797441e-08 fanout501
 1.049849e-08 5.714820e-08 4.350414e-12 6.765104e-08 fanout474
 1.048286e-08 5.604154e-08 4.350540e-12 6.652875e-08 fanout448
 1.059662e-08 5.588540e-08 4.851275e-12 6.648688e-08 fanout492
 1.005147e-08 5.620387e-08 6.905427e-12 6.626225e-08 fanout235
 1.027512e-08 5.559911e-08 4.429988e-12 6.587866e-08 fanout383
 1.012846e-08 5.529441e-08 4.548843e-12 6.542743e-08 fanout903
 9.483919e-09 5.568934e-08 4.726657e-12 6.517799e-08 fanout553
 1.049950e-08 5.439742e-08 4.851275e-12 6.490178e-08 fanout510
 1.046928e-08 5.434410e-08 4.851402e-12 6.481823e-08 fanout521
 1.052755e-08 5.424316e-08 4.350540e-12 6.477507e-08 fanout473
 1.048591e-08 5.412375e-08 4.828435e-12 6.461450e-08 fanout103
 1.046926e-08 5.348031e-08 4.851402e-12 6.395443e-08 fanout502
 8.618441e-09 5.517472e-08 4.447117e-12 6.379761e-08 fanout365
 1.052106e-08 5.300200e-08 4.350540e-12 6.352742e-08 fanout478
 1.050336e-08 5.294396e-08 4.373301e-12 6.345169e-08 fanout439
 1.058576e-08 5.160275e-08 4.828389e-12 6.219334e-08 fanout441
 1.054056e-08 5.113827e-08 4.350540e-12 6.168317e-08 fanout471
 1.056870e-08 5.076906e-08 4.851275e-12 6.134262e-08 fanout497
 9.639315e-09 5.137136e-08 4.515745e-12 6.101520e-08 fanout287
 9.458625e-09 5.148398e-08 4.726657e-12 6.094733e-08 fanout549
 9.187912e-09 5.167283e-08 3.708727e-12 6.086445e-08 fanout91
 9.456238e-09 5.124024e-08 3.709018e-12 6.070019e-08 fanout102
 1.060033e-08 4.983270e-08 4.350540e-12 6.043738e-08 fanout482
 1.023196e-08 4.976708e-08 4.548843e-12 6.000359e-08 fanout916
 1.062774e-08 4.934310e-08 4.350540e-12 5.997519e-08 fanout463
 1.032039e-08 4.928931e-08 4.429801e-12 5.961413e-08 fanout371
 1.053825e-08 4.873544e-08 4.350540e-12 5.927804e-08 fanout483
 1.051146e-08 4.798257e-08 4.851275e-12 5.849889e-08 fanout494
 1.050857e-08 4.761980e-08 4.350540e-12 5.813272e-08 fanout456
 1.010708e-08 4.766760e-08 4.652968e-12 5.777933e-08 fanout740
 1.049387e-08 4.706438e-08 4.851402e-12 5.756310e-08 fanout505
 5.756267e-08 0.000000e+00 1.452392e-13 5.756281e-08 clkload6
 1.058599e-08 4.693602e-08 4.851275e-12 5.752687e-08 fanout499
 1.022860e-08 4.726117e-08 4.169726e-12 5.749394e-08 fanout387
 9.644784e-09 4.778672e-08 4.515745e-12 5.743602e-08 fanout297
 9.472053e-09 4.778385e-08 4.726657e-12 5.726063e-08 fanout542
 5.662324e-08 0.000000e+00 1.452392e-13 5.662338e-08 clkload15
 1.051624e-08 4.604589e-08 4.164539e-12 5.656629e-08 fanout393
 1.051740e-08 4.595845e-08 4.851275e-12 5.648070e-08 fanout523
 1.054872e-08 4.590296e-08 4.350415e-12 5.645603e-08 fanout461
 1.055339e-08 4.561132e-08 4.350540e-12 5.616906e-08 fanout476
 5.551659e-08 0.000000e+00 5.187198e-12 5.552178e-08 clkload71
 1.052118e-08 4.492004e-08 4.350540e-12 5.544557e-08 fanout465
 1.016895e-08 4.526512e-08 4.548722e-12 5.543862e-08 fanout908
 5.536890e-08 0.000000e+00 5.187198e-12 5.537409e-08 clkload68
 5.531917e-08 0.000000e+00 5.187198e-12 5.532435e-08 clkload74
 5.523744e-08 0.000000e+00 5.195857e-12 5.524263e-08 clkload20
 5.522105e-08 0.000000e+00 5.195857e-12 5.522625e-08 clkload21
 5.512334e-08 0.000000e+00 5.195857e-12 5.512854e-08 clkload17
 1.052355e-08 4.434386e-08 4.350540e-12 5.487176e-08 fanout464
 9.536418e-09 4.523757e-08 4.726657e-12 5.477871e-08 fanout547
 1.055594e-08 4.417620e-08 4.350415e-12 5.473649e-08 fanout459
 1.059601e-08 4.399525e-08 4.350415e-12 5.459561e-08 fanout472
 1.059562e-08 4.331168e-08 4.851275e-12 5.391215e-08 fanout515
 1.064807e-08 4.318219e-08 4.350415e-12 5.383461e-08 fanout460
 1.058772e-08 4.272934e-08 4.350415e-12 5.332141e-08 fanout447
 1.057752e-08 4.249157e-08 4.109266e-12 5.307320e-08 fanout389
 9.603982e-09 4.301718e-08 4.726657e-12 5.262589e-08 fanout551
 9.658342e-09 4.281446e-08 4.515745e-12 5.247731e-08 fanout295
 1.066376e-08 4.149772e-08 4.350415e-12 5.216584e-08 fanout479
 1.062137e-08 3.922741e-08 4.350540e-12 4.985312e-08 fanout484
 8.034041e-09 4.099820e-08 4.384018e-12 4.903662e-08 fanout535
 1.026963e-08 3.766566e-08 4.548843e-12 4.793984e-08 fanout913
 9.222233e-09 3.857922e-08 3.708727e-12 4.780516e-08 fanout93
 7.572102e-09 3.998903e-08 4.390200e-12 4.756552e-08 fanout265
 9.221722e-09 3.775216e-08 3.708727e-12 4.697759e-08 fanout94
 6.065990e-09 3.918828e-08 6.876793e-12 4.526115e-08 fanout158
 8.968528e-09 3.619239e-08 4.329224e-12 4.516524e-08 fanout973
 8.139545e-09 3.654679e-08 4.817680e-12 4.469115e-08 fanout244
 5.941322e-09 3.799110e-08 4.603105e-12 4.393703e-08 fanout504
 6.120587e-09 3.736489e-08 4.603105e-12 4.349008e-08 fanout229
 6.420711e-09 3.689969e-08 6.885206e-12 4.332728e-08 fanout329
 6.063657e-09 3.590972e-08 6.879316e-12 4.198026e-08 fanout169
 4.174312e-08 0.000000e+00 3.809042e-12 4.174693e-08 clkload7
 5.895130e-09 3.573658e-08 4.603331e-12 4.163631e-08 fanout490
 3.019470e-08 9.365712e-09 7.194596e-12 3.956761e-08 fanout928
 9.247616e-09 2.999908e-08 3.709017e-12 3.925041e-08 fanout97
 5.939729e-09 3.310378e-08 3.749751e-12 3.904725e-08 fanout87
 5.704548e-09 3.308156e-08 4.060309e-12 3.879017e-08 fanout919
 5.046019e-09 3.206513e-08 4.359217e-12 3.711551e-08 fanout588
 9.368728e-09 2.745734e-08 3.708965e-12 3.682977e-08 fanout96
 6.095815e-09 3.071434e-08 3.749685e-12 3.681390e-08 fanout90
 5.706199e-09 3.016977e-08 4.247113e-12 3.588022e-08 fanout742
 5.939316e-09 2.974149e-08 4.603331e-12 3.568541e-08 fanout518
 5.928988e-09 2.925863e-08 3.704762e-12 3.519132e-08 fanout485
 7.621754e-09 2.703313e-08 4.334368e-12 3.465922e-08 fanout132
 5.934997e-09 2.844685e-08 3.704536e-12 3.438555e-08 fanout458
 5.966515e-09 2.830244e-08 4.562046e-12 3.427352e-08 fanout442
 5.922828e-09 2.780533e-08 3.704762e-12 3.373186e-08 fanout451
 3.351292e-08 0.000000e+00 2.747670e-12 3.351566e-08 clkload123
 3.336429e-08 0.000000e+00 2.747670e-12 3.336704e-08 clkload135
 3.318589e-08 0.000000e+00 2.747670e-12 3.318864e-08 clkload133
 3.295486e-08 0.000000e+00 2.747670e-12 3.295760e-08 clkload131
 3.285897e-08 0.000000e+00 2.747670e-12 3.286171e-08 clkload109
 3.283109e-08 0.000000e+00 2.747670e-12 3.283383e-08 clkload96
 3.282457e-08 0.000000e+00 2.747670e-12 3.282732e-08 clkload104
 3.270830e-08 0.000000e+00 2.747670e-12 3.271105e-08 clkload171
 6.106540e-09 2.656391e-08 4.561820e-12 3.267501e-08 fanout233
 3.263262e-08 0.000000e+00 2.747670e-12 3.263537e-08 clkload147
 3.260484e-08 0.000000e+00 2.747670e-12 3.260758e-08 clkload144
 5.715891e-09 2.670620e-08 4.060527e-12 3.242615e-08 fanout911
 5.947240e-09 2.616166e-08 3.704762e-12 3.211261e-08 fanout455
 4.282933e-09 2.772182e-08 6.879418e-12 3.201163e-08 fanout167
 5.974900e-09 2.505193e-08 3.749686e-12 3.103058e-08 fanout85
 5.952398e-09 2.450984e-08 3.704762e-12 3.046595e-08 fanout480
 5.922173e-09 2.377805e-08 4.603331e-12 2.970482e-08 fanout493
 2.896700e-08 0.000000e+00 2.638684e-12 2.896964e-08 clkload47
 5.736552e-09 2.206653e-08 4.060309e-12 2.780715e-08 fanout917
 5.953882e-09 2.118836e-08 3.704536e-12 2.714594e-08 fanout446
 2.686424e-08 0.000000e+00 1.567550e-12 2.686581e-08 clkload0
 2.537437e-08 0.000000e+00 1.152169e-13 2.537448e-08 clkload88
 4.917880e-09 2.015688e-08 3.878211e-12 2.507864e-08 fanout364
 4.247028e-09 2.061238e-08 4.339259e-12 2.486375e-08 fanout154
 2.465060e-08 0.000000e+00 1.152169e-13 2.465071e-08 clkload125
 2.463957e-08 0.000000e+00 1.152169e-13 2.463968e-08 clkload142
 2.458897e-08 0.000000e+00 1.152169e-13 2.458909e-08 clkload141
 2.458579e-08 0.000000e+00 1.152169e-13 2.458591e-08 clkload140
 2.457506e-08 0.000000e+00 1.152169e-13 2.457517e-08 clkload162
 2.455713e-08 0.000000e+00 1.152169e-13 2.455725e-08 clkload161
 2.441714e-08 0.000000e+00 1.152169e-13 2.441726e-08 clkload164
 5.965765e-09 1.841179e-08 3.704536e-12 2.438126e-08 fanout450
 4.982894e-09 1.938490e-08 4.338762e-12 2.437213e-08 fanout152
 2.414568e-08 0.000000e+00 1.152169e-13 2.414580e-08 clkload168
 2.410472e-08 0.000000e+00 1.152169e-13 2.410484e-08 clkload111
 5.039146e-09 1.794208e-08 4.338755e-12 2.298556e-08 fanout151
 2.173963e-08 0.000000e+00 1.127036e-13 2.173974e-08 clkload42
 2.170240e-08 0.000000e+00 1.127036e-13 2.170251e-08 clkload54
 3.595746e-09 1.785626e-08 6.876178e-12 2.145888e-08 fanout176
 2.094224e-08 0.000000e+00 1.127036e-13 2.094235e-08 clkload30
 2.076895e-08 0.000000e+00 1.127036e-13 2.076906e-08 clkload77
 3.279899e-09 1.746431e-08 3.668270e-12 2.074788e-08 fanout130
 4.241835e-09 1.426495e-08 4.862435e-12 1.851165e-08 fanout156
 3.071625e-09 1.484096e-08 3.694318e-12 1.791628e-08 fanout225
 2.209055e-09 1.495997e-08 7.510328e-12 1.717654e-08 fanout162
 1.715356e-08 0.000000e+00 1.894335e-12 1.715546e-08 clkload92
 1.709410e-08 0.000000e+00 1.894335e-12 1.709599e-08 clkload87
 1.703231e-08 0.000000e+00 1.894335e-12 1.703421e-08 clkload139
 1.702317e-08 0.000000e+00 1.894335e-12 1.702506e-08 clkload86
 1.701776e-08 0.000000e+00 1.894335e-12 1.701965e-08 clkload91
 1.700005e-08 0.000000e+00 1.894335e-12 1.700195e-08 clkload136
 1.699778e-08 0.000000e+00 1.894335e-12 1.699967e-08 clkload143
 1.698503e-08 0.000000e+00 1.894335e-12 1.698692e-08 clkload120
 1.692187e-08 0.000000e+00 1.894335e-12 1.692376e-08 clkload115
 1.690531e-08 0.000000e+00 1.894335e-12 1.690720e-08 clkload126
 1.688341e-08 0.000000e+00 1.894335e-12 1.688531e-08 clkload173
 1.686196e-08 0.000000e+00 1.894335e-12 1.686385e-08 clkload172
 1.684982e-08 0.000000e+00 1.894335e-12 1.685171e-08 clkload98
 1.682870e-08 0.000000e+00 1.894335e-12 1.683060e-08 clkload117
 1.682842e-08 0.000000e+00 1.894335e-12 1.683032e-08 clkload112
 1.681077e-08 0.000000e+00 1.894335e-12 1.681266e-08 clkload167
 1.681069e-08 0.000000e+00 1.894335e-12 1.681259e-08 clkload108
 1.675791e-08 0.000000e+00 1.894335e-12 1.675980e-08 clkload150
 1.488243e-08 0.000000e+00 1.734047e-12 1.488416e-08 clkload62
 1.484737e-08 0.000000e+00 1.734047e-12 1.484910e-08 clkload36
 1.479404e-08 0.000000e+00 1.734047e-12 1.479577e-08 clkload59
 1.477251e-08 0.000000e+00 1.734047e-12 1.477425e-08 clkload55
 1.477052e-08 0.000000e+00 1.734047e-12 1.477225e-08 clkload48
 1.475444e-08 0.000000e+00 1.734047e-12 1.475617e-08 clkload69
 3.078130e-09 1.098679e-08 4.613368e-12 1.406953e-08 fanout223
 1.476052e-09 1.248358e-08 3.661507e-12 1.396329e-08 wire72
 1.843985e-09 1.035987e-08 4.867393e-12 1.220873e-08 fanout177
 1.981308e-09 9.270741e-09 6.869248e-12 1.125892e-08 fanout163
 2.806548e-09 8.364943e-09 4.624095e-12 1.117612e-08 fanout148
 1.533516e-09 7.836289e-09 4.869148e-12 9.374674e-09 fanout160
 1.872355e-09 6.485670e-09 4.765514e-12 8.362790e-09 fanout531
 1.975649e-09 4.854091e-09 3.677988e-12 6.833418e-09 max_cap443
 3.078275e-10 5.213641e-09 6.334134e-12 5.527803e-09 _14151_
 5.422940e-10 1.758427e-09 4.755460e-12 2.305476e-09 fanout747
 3.134447e-10 1.482737e-09 4.431197e-12 1.800613e-09 fanout748
 1.546548e-10 1.150403e-09 3.659647e-12 1.308718e-09 max_cap76
 1.116809e-10 5.013283e-10 4.227931e-12 6.172372e-10 fanout750
 1.852921e-10 3.269953e-10 1.181000e-12 5.134684e-10 _24554_
 3.620160e-11 4.550395e-10 3.659645e-12 4.949007e-10 wire70
 1.834279e-10 2.106108e-10 1.181000e-12 3.952197e-10 _24556_
 1.836045e-10 1.589399e-10 1.181000e-12 3.437254e-10 _24560_
 3.881592e-11 2.964209e-10 4.328534e-12 3.395653e-10 fanout861
 3.880447e-11 2.798804e-10 4.328534e-12 3.230134e-10 fanout902
 1.821022e-10 1.182151e-10 1.181000e-12 3.014983e-10 _24557_
 1.819742e-10 1.154274e-10 1.181000e-12 2.985826e-10 _24562_
 3.906301e-11 2.473599e-10 4.328534e-12 2.907514e-10 fanout796
 1.818593e-10 9.497632e-11 1.181000e-12 2.780166e-10 _24563_
 1.808097e-10 9.004082e-11 1.181000e-12 2.720315e-10 _24559_
 1.814291e-10 8.660009e-11 1.181000e-12 2.692102e-10 _24558_
 1.813709e-10 8.546525e-11 1.181000e-12 2.680172e-10 _24561_
 1.802679e-10 7.823034e-11 1.181000e-12 2.596793e-10 _24555_
 6.761480e-11 1.239007e-10 1.181000e-12 1.926965e-10 _24551_
 6.760578e-11 1.224397e-10 1.181000e-12 1.912264e-10 _24546_
 2.206087e-11 1.367559e-10 3.665280e-12 1.624820e-10 fanout877
 2.214104e-11 1.278067e-10 3.665282e-12 1.536130e-10 fanout836
 2.209026e-11 1.276730e-10 3.665282e-12 1.534285e-10 fanout860
 2.242799e-11 1.251565e-10 3.665282e-12 1.512498e-10 fanout806
 2.243450e-11 1.248485e-10 3.665282e-12 1.509483e-10 fanout803
 2.241504e-11 1.232137e-10 3.665282e-12 1.492940e-10 fanout771
 2.228355e-11 1.202603e-10 3.665282e-12 1.462091e-10 fanout875
 2.210438e-11 1.196898e-10 3.665280e-12 1.454595e-10 fanout896
 2.221666e-11 1.194406e-10 3.665282e-12 1.453225e-10 fanout892
 2.215859e-11 1.191690e-10 3.665282e-12 1.449929e-10 fanout834
 2.214427e-11 1.181302e-10 3.665282e-12 1.439397e-10 fanout899
 2.214118e-11 1.174484e-10 3.665282e-12 1.432549e-10 fanout767
 2.226384e-11 1.166993e-10 3.665282e-12 1.426284e-10 fanout879
 2.217887e-11 1.164326e-10 3.665282e-12 1.422767e-10 fanout827
 2.218773e-11 1.155187e-10 3.665282e-12 1.413717e-10 fanout856
 2.221632e-11 1.145140e-10 3.665280e-12 1.403956e-10 fanout825
 2.212632e-11 1.140277e-10 3.665282e-12 1.398193e-10 fanout848
 2.218431e-11 1.135890e-10 3.665282e-12 1.394386e-10 fanout812
 2.223958e-11 1.133552e-10 3.665282e-12 1.392600e-10 fanout833
 2.227483e-11 1.132969e-10 3.665282e-12 1.392370e-10 fanout885
 2.225237e-11 1.132203e-10 3.665282e-12 1.391379e-10 fanout894
 2.243434e-11 1.126606e-10 3.665282e-12 1.387602e-10 fanout822
 2.216070e-11 1.126281e-10 3.665282e-12 1.384541e-10 fanout819
 2.212336e-11 1.122569e-10 3.665280e-12 1.380456e-10 fanout886
 2.254782e-11 1.110119e-10 3.665282e-12 1.372250e-10 fanout791
 2.225485e-11 1.100709e-10 3.665282e-12 1.359910e-10 fanout897
 2.216113e-11 1.094505e-10 3.665282e-12 1.352769e-10 fanout795
 2.228430e-11 1.091141e-10 3.665282e-12 1.350636e-10 fanout813
 2.240575e-11 1.076990e-10 3.665283e-12 1.337700e-10 fanout872
 2.245495e-11 1.066451e-10 3.665282e-12 1.327653e-10 fanout887
 2.216311e-11 1.061665e-10 3.665282e-12 1.319949e-10 fanout864
 2.217206e-11 1.059595e-10 3.665282e-12 1.317969e-10 fanout784
 2.230042e-11 1.042091e-10 3.665282e-12 1.301748e-10 fanout884
 2.228973e-11 1.020901e-10 3.665282e-12 1.280451e-10 fanout826
 2.229762e-11 1.014667e-10 3.665282e-12 1.274296e-10 fanout761
 6.701396e-11 5.918926e-11 1.181000e-12 1.273842e-10 _24552_
 2.222920e-11 1.009083e-10 3.665282e-12 1.268028e-10 fanout853
 2.230379e-11 1.004389e-10 3.665282e-12 1.264080e-10 fanout824
 2.247497e-11 1.001159e-10 3.665282e-12 1.262561e-10 fanout793
 2.223846e-11 9.977262e-11 3.665283e-12 1.256764e-10 fanout773
 2.229589e-11 9.912593e-11 3.665282e-12 1.250871e-10 fanout831
 6.698600e-11 5.672567e-11 1.181000e-12 1.248927e-10 _24547_
 2.228162e-11 9.805019e-11 3.665282e-12 1.239971e-10 fanout891
 6.688174e-11 5.589768e-11 1.181000e-12 1.239604e-10 _24553_
 2.254667e-11 9.767338e-11 3.665282e-12 1.238853e-10 fanout802
 2.219923e-11 9.776015e-11 3.665282e-12 1.236247e-10 fanout900
 2.245906e-11 9.714259e-11 3.665283e-12 1.232669e-10 fanout808
 2.229943e-11 9.652198e-11 3.665282e-12 1.224867e-10 fanout766
 2.248190e-11 9.619417e-11 3.665282e-12 1.223413e-10 fanout788
 2.243086e-11 9.603655e-11 3.665282e-12 1.221327e-10 fanout862
 2.236982e-11 9.522124e-11 3.665282e-12 1.212563e-10 fanout863
 6.693891e-11 5.254545e-11 1.181000e-12 1.206654e-10 _24544_
 2.233330e-11 9.463762e-11 3.665283e-12 1.206362e-10 fanout845
 2.224058e-11 9.466079e-11 3.665282e-12 1.205666e-10 fanout816
 2.229068e-11 9.423557e-11 3.665282e-12 1.201915e-10 fanout870
 2.227374e-11 9.388667e-11 3.665282e-12 1.198257e-10 fanout769
 6.682838e-11 5.160735e-11 1.181000e-12 1.196167e-10 _24548_
 2.252657e-11 9.324937e-11 3.665282e-12 1.194412e-10 fanout768
 2.253106e-11 9.257189e-11 3.665283e-12 1.187682e-10 fanout764
 6.681653e-11 5.065070e-11 1.181000e-12 1.186482e-10 _24549_
 2.220308e-11 9.236237e-11 3.665282e-12 1.182307e-10 fanout781
 2.228796e-11 9.214485e-11 3.665282e-12 1.180981e-10 fanout871
 6.680162e-11 4.944847e-11 1.181000e-12 1.174311e-10 _24545_
 2.253185e-11 8.974481e-11 3.665282e-12 1.159419e-10 fanout809
 2.239346e-11 8.933946e-11 3.665283e-12 1.153982e-10 fanout777
 2.247176e-11 8.749348e-11 3.665282e-12 1.136305e-10 fanout854
 2.232200e-11 8.733277e-11 3.665282e-12 1.133200e-10 fanout883
 2.233475e-11 8.722209e-11 3.665283e-12 1.132221e-10 fanout790
 2.242872e-11 8.493841e-11 3.665282e-12 1.110324e-10 fanout797
 2.240297e-11 8.471533e-11 3.665282e-12 1.107836e-10 fanout890
 2.230927e-11 8.433940e-11 3.665282e-12 1.103140e-10 fanout823
 2.247398e-11 8.409579e-11 3.665282e-12 1.102351e-10 fanout786
 2.248551e-11 8.337726e-11 3.665283e-12 1.095281e-10 fanout785
 2.235668e-11 8.326152e-11 3.665282e-12 1.092835e-10 fanout775
 6.659395e-11 4.115063e-11 1.181000e-12 1.089256e-10 _24550_
 2.242780e-11 8.193921e-11 3.665283e-12 1.080323e-10 fanout763
 2.240256e-11 8.073770e-11 3.665282e-12 1.068055e-10 fanout765
 2.219758e-11 8.046174e-11 3.665282e-12 1.063246e-10 fanout841
 2.230634e-11 7.951256e-11 3.665282e-12 1.054842e-10 fanout810
 2.246870e-11 7.743155e-11 3.665282e-12 1.035655e-10 fanout889
 2.239971e-11 7.744616e-11 3.665282e-12 1.035112e-10 fanout858
 2.251930e-11 7.720273e-11 3.665282e-12 1.033873e-10 fanout804
 2.224017e-11 7.728811e-11 3.665282e-12 1.031936e-10 fanout807
 2.217928e-11 7.621372e-11 3.665282e-12 1.020583e-10 fanout868
 2.231448e-11 6.890526e-11 3.665282e-12 9.488503e-11 fanout792
 1.350125e-11 7.429749e-11 4.876300e-12 9.267504e-11 fanout753
 1.309021e-11 6.800150e-11 4.876300e-12 8.596800e-11 fanout757
 1.310425e-11 6.450734e-11 4.876300e-12 8.248788e-11 fanout759
 1.323235e-11 5.792590e-11 4.876300e-12 7.603455e-11 fanout758
 1.313430e-11 5.709864e-11 4.876300e-12 7.510924e-11 fanout754
 7.680530e-12 2.455540e-11 4.648000e-12 3.688393e-11 max_cap437
 7.854965e-18 5.474280e-17 4.873785e-12 4.873847e-12 fanout1073
 7.880380e-18 4.422114e-17 4.873785e-12 4.873837e-12 fanout1090
 7.898121e-18 4.354505e-17 4.873785e-12 4.873837e-12 fanout1085
 7.841283e-18 4.333398e-17 4.873785e-12 4.873836e-12 fanout1078
 7.837277e-18 4.275885e-17 4.873785e-12 4.873836e-12 fanout1056
 7.935755e-18 3.885171e-17 4.873785e-12 4.873832e-12 fanout1087
 7.861375e-18 3.750149e-17 4.873785e-12 4.873831e-12 fanout1067
 7.870472e-18 3.717191e-17 4.873785e-12 4.873830e-12 fanout1063
 7.953063e-18 3.715323e-17 4.873785e-12 4.873830e-12 fanout1075
 7.943850e-18 3.571709e-17 4.873785e-12 4.873829e-12 fanout1062
 7.871284e-18 3.590763e-17 4.873785e-12 4.873829e-12 fanout1077
 7.932824e-18 3.599506e-17 4.873785e-12 4.873829e-12 fanout1086
 7.864987e-18 3.540475e-17 4.873785e-12 4.873828e-12 fanout1059
 7.880897e-18 3.453707e-17 4.873785e-12 4.873827e-12 fanout1060
 7.878442e-18 3.413598e-17 4.873785e-12 4.873827e-12 fanout1076
 7.924349e-18 3.416877e-17 4.873785e-12 4.873827e-12 fanout1091
 7.949946e-18 3.369812e-17 4.873785e-12 4.873827e-12 fanout1083
 8.006842e-18 3.302488e-17 4.873785e-12 4.873826e-12 fanout1050
 7.894566e-18 3.186175e-17 4.873785e-12 4.873825e-12 fanout1070
 7.892362e-18 3.172593e-17 4.873785e-12 4.873824e-12 fanout1061
 7.966915e-18 3.019712e-17 4.873785e-12 4.873823e-12 fanout1065
 7.935504e-18 2.965901e-17 4.873785e-12 4.873823e-12 fanout1052
 7.923978e-18 2.704836e-17 4.873785e-12 4.873820e-12 fanout1089
 5.530322e-18 2.808042e-17 4.873785e-12 4.873819e-12 input9
 4.434975e-18 2.721368e-17 4.643488e-12 4.643520e-12 fanout1055
 4.472794e-18 2.085204e-17 4.643488e-12 4.643513e-12 fanout1074
 4.456238e-18 2.064647e-17 4.643488e-12 4.643513e-12 fanout1084
 4.438996e-18 1.985156e-17 4.643488e-12 4.643512e-12 fanout1071
 4.459362e-18 1.966098e-17 4.643488e-12 4.643512e-12 fanout1088
 4.446731e-18 1.913597e-17 4.643488e-12 4.643511e-12 fanout1079
 4.462287e-18 1.847304e-17 4.643488e-12 4.643511e-12 fanout1066
 4.457993e-18 1.701056e-17 4.643488e-12 4.643510e-12 fanout1053
 4.456323e-18 1.606941e-17 4.643488e-12 4.643508e-12 fanout1051
 7.005855e-18 1.367958e-16 4.353385e-12 4.353529e-12 _11717_
 7.728964e-18 6.461973e-17 4.327716e-12 4.327788e-12 fanout1036
 7.777045e-18 5.079439e-17 4.327716e-12 4.327774e-12 fanout1028
 7.817694e-18 4.986271e-17 4.327716e-12 4.327774e-12 fanout1031
 7.790270e-18 5.044633e-17 4.327716e-12 4.327774e-12 fanout1033
 7.834104e-18 4.032530e-17 4.327716e-12 4.327764e-12 fanout1025
 7.862489e-18 3.891357e-17 4.327716e-12 4.327763e-12 fanout1037
 4.409137e-18 2.966455e-17 3.663813e-12 3.663847e-12 fanout1026
 4.439863e-18 2.789920e-17 3.663814e-12 3.663847e-12 fanout1024
 4.436672e-18 1.545630e-17 3.663813e-12 3.663833e-12 fanout1035
 1.235946e-15 2.214521e-15 1.181000e-12 1.184450e-12 input1
 1.231556e-15 2.201188e-15 1.181000e-12 1.184433e-12 input4
 1.342213e-15 2.056611e-15 1.181000e-12 1.184399e-12 input3
 1.050018e-15 2.259166e-15 1.181000e-12 1.184309e-12 input5
 1.206926e-15 2.048622e-15 1.181000e-12 1.184255e-12 input2
 6.492762e-16 1.574266e-15 1.181000e-12 1.183224e-12 input7
 5.600237e-16 1.500869e-15 1.181000e-12 1.183061e-12 input6
