
==========================================================================
finish report_tns
--------------------------------------------------------------------------
tns 0.00

==========================================================================
finish report_wns
--------------------------------------------------------------------------
wns 0.00

==========================================================================
finish report_worst_slack
--------------------------------------------------------------------------
worst slack 119.79

==========================================================================
finish report_clock_skew
--------------------------------------------------------------------------
Clock clk
   0.26 source latency en_q$_DFF_P_/CK ^
  -0.05 target latency u_icg/CK ^
   0.00 CRPR
--------------
   0.20 setup skew


==========================================================================
finish report_checks -path_delay min
--------------------------------------------------------------------------
Startpoint: state[0]$_SDFFE_PP0P_
            (rising edge-triggered flip-flop clocked by clk)
Endpoint: v[4][0]$_SDFF_PP0_ (rising edge-triggered flip-flop clocked by clk)
Path Group: clk
Path Type: min

Fanout     Cap    Slew   Delay    Time   Description
-----------------------------------------------------------------------------
                          0.00    0.00   clock clk (rise edge)
                          0.00    0.00   clock source latency
     1    1.62    0.00    0.00    0.00 ^ clk (in)
                                         clk (net)
                  0.00    0.00    0.00 ^ clkbuf_0_clk/A (CLKBUF_X3)
     2    4.67    0.01    0.03    0.03 ^ clkbuf_0_clk/Z (CLKBUF_X3)
                                         clknet_0_clk (net)
                  0.01    0.00    0.03 ^ clkbuf_1_1__f_clk/A (CLKBUF_X3)
     1    2.48    0.01    0.03    0.05 ^ clkbuf_1_1__f_clk/Z (CLKBUF_X3)
                                         clknet_1_1__leaf_clk (net)
                  0.01    0.00    0.05 ^ u_icg/CK (CLKGATE_X1)
     1    5.71    0.02    0.04    0.09 ^ u_icg/GCK (CLKGATE_X1)
                                         core_clk (net)
                  0.02    0.00    0.09 ^ clkbuf_0_core_clk/A (CLKBUF_X3)
     8   25.26    0.02    0.05    0.14 ^ clkbuf_0_core_clk/Z (CLKBUF_X3)
                                         clknet_0_core_clk (net)
                  0.02    0.00    0.14 ^ clkbuf_3_3_0_core_clk/A (CLKBUF_X3)
     2    4.42    0.01    0.03    0.18 ^ clkbuf_3_3_0_core_clk/Z (CLKBUF_X3)
                                         clknet_3_3_0_core_clk (net)
                  0.01    0.00    0.18 ^ clkbuf_4_6__f_core_clk/A (CLKBUF_X3)
     1    1.61    0.01    0.03    0.20 ^ clkbuf_4_6__f_core_clk/Z (CLKBUF_X3)
                                         clknet_4_6__leaf_core_clk (net)
                  0.01    0.00    0.20 ^ clkbuf_level_0_1_732_core_clk/A (CLKBUF_X3)
     1    1.77    0.01    0.03    0.23 ^ clkbuf_level_0_1_732_core_clk/Z (CLKBUF_X3)
                                         clknet_level_0_1_732_core_clk (net)
                  0.01    0.00    0.23 ^ clkbuf_level_1_1_733_core_clk/A (CLKBUF_X3)
     1    2.05    0.01    0.03    0.25 ^ clkbuf_level_1_1_733_core_clk/Z (CLKBUF_X3)
                                         clknet_level_1_1_733_core_clk (net)
                  0.01    0.00    0.25 ^ clkbuf_level_2_1_734_core_clk/A (CLKBUF_X3)
     1    1.70    0.01    0.03    0.28 ^ clkbuf_level_2_1_734_core_clk/Z (CLKBUF_X3)
                                         clknet_level_2_1_734_core_clk (net)
                  0.01    0.00    0.28 ^ clkbuf_level_3_1_735_core_clk/A (CLKBUF_X3)
    16   21.21    0.02    0.04    0.32 ^ clkbuf_level_3_1_735_core_clk/Z (CLKBUF_X3)
                                         clknet_level_3_1_735_core_clk (net)
                  0.02    0.00    0.32 ^ state[0]$_SDFFE_PP0P_/CK (DFF_X1)
     3    8.77    0.01    0.10    0.42 v state[0]$_SDFFE_PP0P_/Q (DFF_X1)
                                         state[0] (net)
                  0.01    0.00    0.42 v _14053_/A (INV_X2)
     3   13.05    0.02    0.03    0.45 ^ _14053_/ZN (INV_X2)
                                         _05372_ (net)
                  0.02    0.00    0.45 ^ _14180_/A2 (NOR3_X2)
     2    8.47    0.01    0.02    0.47 v _14180_/ZN (NOR3_X2)
                                         _05490_ (net)
                  0.01    0.00    0.47 v _21944_/A2 (NAND3_X1)
     1    1.81    0.01    0.02    0.48 ^ _21944_/ZN (NAND3_X1)
                                         _12871_ (net)
                  0.01    0.00    0.48 ^ _21945_/B2 (AOI21_X1)
     1    1.40    0.01    0.01    0.50 v _21945_/ZN (AOI21_X1)
                                         _00432_ (net)
                  0.01    0.00    0.50 v v[4][0]$_SDFF_PP0_/D (DFF_X1)
                                  0.50   data arrival time

                          0.00    0.00   clock clk (rise edge)
                          0.00    0.00   clock source latency
     1    1.62    0.00    0.00    0.00 ^ clk (in)
                                         clk (net)
                  0.00    0.00    0.00 ^ clkbuf_0_clk/A (CLKBUF_X3)
     2    4.67    0.01    0.03    0.03 ^ clkbuf_0_clk/Z (CLKBUF_X3)
                                         clknet_0_clk (net)
                  0.01    0.00    0.03 ^ clkbuf_1_1__f_clk/A (CLKBUF_X3)
     1    2.48    0.01    0.03    0.05 ^ clkbuf_1_1__f_clk/Z (CLKBUF_X3)
                                         clknet_1_1__leaf_clk (net)
                  0.01    0.00    0.05 ^ u_icg/CK (CLKGATE_X1)
     1    5.71    0.02    0.04    0.09 ^ u_icg/GCK (CLKGATE_X1)
                                         core_clk (net)
                  0.02    0.00    0.09 ^ clkbuf_0_core_clk/A (CLKBUF_X3)
     8   25.26    0.02    0.05    0.14 ^ clkbuf_0_core_clk/Z (CLKBUF_X3)
                                         clknet_0_core_clk (net)
                  0.02    0.00    0.14 ^ clkbuf_3_6_0_core_clk/A (CLKBUF_X3)
     2    4.31    0.01    0.03    0.18 ^ clkbuf_3_6_0_core_clk/Z (CLKBUF_X3)
                                         clknet_3_6_0_core_clk (net)
                  0.01    0.00    0.18 ^ clkbuf_4_13__f_core_clk/A (CLKBUF_X3)
     2    7.42    0.01    0.03    0.21 ^ clkbuf_4_13__f_core_clk/Z (CLKBUF_X3)
                                         clknet_4_13__leaf_core_clk (net)
                  0.01    0.00    0.21 ^ u_icg_v/CK (CLKGATE_X1)
     1   11.66    0.03    0.05    0.26 ^ u_icg_v/GCK (CLKGATE_X1)
                                         v_clk (net)
                  0.03    0.00    0.26 ^ clkbuf_0_v_clk/A (CLKBUF_X3)
     8   65.45    0.05    0.09    0.35 ^ clkbuf_0_v_clk/Z (CLKBUF_X3)
                                         clknet_0_v_clk (net)
                  0.05    0.01    0.35 ^ clkbuf_3_3__f_v_clk/A (CLKBUF_X3)
     9   25.39    0.02    0.06    0.42 ^ clkbuf_3_3__f_v_clk/Z (CLKBUF_X3)
                                         clknet_3_3__leaf_v_clk (net)
                  0.02    0.00    0.42 ^ clkbuf_leaf_13_v_clk/A (CLKBUF_X3)
     7   10.75    0.01    0.04    0.46 ^ clkbuf_leaf_13_v_clk/Z (CLKBUF_X3)
                                         clknet_leaf_13_v_clk (net)
                  0.01    0.00    0.46 ^ v[4][0]$_SDFF_PP0_/CK (DFF_X1)
                          0.00    0.46   clock reconvergence pessimism
                          0.00    0.46   library hold time
                                  0.46   data required time
-----------------------------------------------------------------------------
                                  0.46   data required time
                                 -0.50   data arrival time
-----------------------------------------------------------------------------
                                  0.04   slack (MET)



==========================================================================
finish report_checks -path_delay max
--------------------------------------------------------------------------
Startpoint: wr_en (input port clocked by clk)
Endpoint: tick_ready (output port clocked by clk)
Path Group: clk
Path Type: max

Fanout     Cap    Slew   Delay    Time   Description
-----------------------------------------------------------------------------
                          0.00    0.00   clock clk (rise edge)
                          0.00    0.00   clock network delay (propagated)
                         40.00   40.00 v input external delay
     1    1.71    0.00    0.00   40.00 v wr_en (in)
                                         wr_en (net)
                  0.00    0.00   40.00 v input11/A (BUF_X1)
     1    3.87    0.01    0.03   40.03 v input11/Z (BUF_X1)
                                         net11 (net)
                  0.01    0.00   40.03 v _13838_/A (INV_X1)
     2    8.31    0.02    0.03   40.05 ^ _13838_/ZN (INV_X1)
                                         _05161_ (net)
                  0.02    0.00   40.06 ^ _13839_/A2 (NAND2_X1)
     2    6.95    0.02    0.03   40.08 v _13839_/ZN (NAND2_X1)
                                         _05162_ (net)
                  0.02    0.00   40.08 v _13840_/A (INV_X1)
     3    7.64    0.02    0.03   40.11 ^ _13840_/ZN (INV_X1)
                                         _05163_ (net)
                  0.02    0.00   40.11 ^ _13841_/A1 (NAND2_X1)
     1    1.74    0.01    0.02   40.13 v _13841_/ZN (NAND2_X1)
                                         _05164_ (net)
                  0.01    0.00   40.13 v _13842_/A (INV_X1)
     2    3.90    0.01    0.02   40.15 ^ _13842_/ZN (INV_X1)
                                         net14 (net)
                  0.01    0.00   40.15 ^ _26852_/A1 (AND3_X1)
     1    1.61    0.01    0.04   40.19 ^ _26852_/ZN (AND3_X1)
                                         net16 (net)
                  0.01    0.00   40.19 ^ output16/A (BUF_X1)
     1    1.00    0.01    0.02   40.21 ^ output16/Z (BUF_X1)
                                         tick_ready (net)
                  0.01    0.00   40.21 ^ tick_ready (out)
                                 40.21   data arrival time

                        200.00  200.00   clock clk (rise edge)
                          0.00  200.00   clock network delay (propagated)
                          0.00  200.00   clock reconvergence pessimism
                        -40.00  160.00   output external delay
                                160.00   data required time
-----------------------------------------------------------------------------
                                160.00   data required time
                                -40.21   data arrival time
-----------------------------------------------------------------------------
                                119.79   slack (MET)



==========================================================================
finish report_checks -unconstrained
--------------------------------------------------------------------------
Startpoint: wr_en (input port clocked by clk)
Endpoint: tick_ready (output port clocked by clk)
Path Group: clk
Path Type: max

Fanout     Cap    Slew   Delay    Time   Description
-----------------------------------------------------------------------------
                          0.00    0.00   clock clk (rise edge)
                          0.00    0.00   clock network delay (propagated)
                         40.00   40.00 v input external delay
     1    1.71    0.00    0.00   40.00 v wr_en (in)
                                         wr_en (net)
                  0.00    0.00   40.00 v input11/A (BUF_X1)
     1    3.87    0.01    0.03   40.03 v input11/Z (BUF_X1)
                                         net11 (net)
                  0.01    0.00   40.03 v _13838_/A (INV_X1)
     2    8.31    0.02    0.03   40.05 ^ _13838_/ZN (INV_X1)
                                         _05161_ (net)
                  0.02    0.00   40.06 ^ _13839_/A2 (NAND2_X1)
     2    6.95    0.02    0.03   40.08 v _13839_/ZN (NAND2_X1)
                                         _05162_ (net)
                  0.02    0.00   40.08 v _13840_/A (INV_X1)
     3    7.64    0.02    0.03   40.11 ^ _13840_/ZN (INV_X1)
                                         _05163_ (net)
                  0.02    0.00   40.11 ^ _13841_/A1 (NAND2_X1)
     1    1.74    0.01    0.02   40.13 v _13841_/ZN (NAND2_X1)
                                         _05164_ (net)
                  0.01    0.00   40.13 v _13842_/A (INV_X1)
     2    3.90    0.01    0.02   40.15 ^ _13842_/ZN (INV_X1)
                                         net14 (net)
                  0.01    0.00   40.15 ^ _26852_/A1 (AND3_X1)
     1    1.61    0.01    0.04   40.19 ^ _26852_/ZN (AND3_X1)
                                         net16 (net)
                  0.01    0.00   40.19 ^ output16/A (BUF_X1)
     1    1.00    0.01    0.02   40.21 ^ output16/Z (BUF_X1)
                                         tick_ready (net)
                  0.01    0.00   40.21 ^ tick_ready (out)
                                 40.21   data arrival time

                        200.00  200.00   clock clk (rise edge)
                          0.00  200.00   clock network delay (propagated)
                          0.00  200.00   clock reconvergence pessimism
                        -40.00  160.00   output external delay
                                160.00   data required time
-----------------------------------------------------------------------------
                                160.00   data required time
                                -40.21   data arrival time
-----------------------------------------------------------------------------
                                119.79   slack (MET)



==========================================================================
finish report_check_types -max_slew -max_cap -max_fanout -violators
--------------------------------------------------------------------------
max capacitance

Pin                                    Limit     Cap   Slack
------------------------------------------------------------
_23393_/ZN                            106.81  111.90   -5.09 (VIOLATED)
f_row[3]$_SDFFE_PP0P_/QN              120.54  122.55   -2.01 (VIOLATED)


==========================================================================
finish max_slew_check_slack
--------------------------------------------------------------------------
0.06524908542633057

==========================================================================
finish max_slew_check_limit
--------------------------------------------------------------------------
0.1985349953174591

==========================================================================
finish max_slew_check_slack_limit
--------------------------------------------------------------------------
0.3287

==========================================================================
finish max_fanout_check_slack
--------------------------------------------------------------------------
1.0000000150474662e+30

==========================================================================
finish max_fanout_check_limit
--------------------------------------------------------------------------
1.0000000150474662e+30

==========================================================================
finish max_capacitance_check_slack
--------------------------------------------------------------------------
-5.092294216156006

==========================================================================
finish max_capacitance_check_limit
--------------------------------------------------------------------------
106.81099700927734

==========================================================================
finish max_capacitance_check_slack_limit
--------------------------------------------------------------------------
-0.0477

==========================================================================
finish max_slew_violation_count
--------------------------------------------------------------------------
max slew violation count 0

==========================================================================
finish max_fanout_violation_count
--------------------------------------------------------------------------
max fanout violation count 0

==========================================================================
finish max_cap_violation_count
--------------------------------------------------------------------------
max cap violation count 2

==========================================================================
finish setup_violation_count
--------------------------------------------------------------------------
setup violation count 0

==========================================================================
finish hold_violation_count
--------------------------------------------------------------------------
hold violation count 0

==========================================================================
finish report_checks -path_delay max reg to reg
--------------------------------------------------------------------------
Startpoint: a_gate$_SDFFE_PP0P_ (rising edge-triggered flip-flop clocked by clk)
Endpoint: v[2][6]$_SDFF_PP0_ (rising edge-triggered flip-flop clocked by clk)
Path Group: clk
Path Type: max

  Delay    Time   Description
---------------------------------------------------------
   0.00    0.00   clock clk (rise edge)
   0.00    0.00   clock source latency
   0.00    0.00 ^ clk (in)
   0.03    0.03 ^ clkbuf_0_clk/Z (CLKBUF_X3)
   0.03    0.05 ^ clkbuf_1_1__f_clk/Z (CLKBUF_X3)
   0.04    0.09 ^ u_icg/GCK (CLKGATE_X1)
   0.05    0.14 ^ clkbuf_0_core_clk/Z (CLKBUF_X3)
   0.04    0.18 ^ clkbuf_3_6_0_core_clk/Z (CLKBUF_X3)
   0.03    0.21 ^ clkbuf_4_13__f_core_clk/Z (CLKBUF_X3)
   0.03    0.24 ^ clkbuf_level_0_1_1460_core_clk/Z (CLKBUF_X3)
   0.03    0.26 ^ clkbuf_level_1_1_1461_core_clk/Z (CLKBUF_X3)
   0.03    0.29 ^ clkbuf_level_2_1_1462_core_clk/Z (CLKBUF_X3)
   0.04    0.33 ^ clkbuf_level_3_1_1463_core_clk/Z (CLKBUF_X3)
   0.00    0.33 ^ a_gate$_SDFFE_PP0P_/CK (DFF_X2)
   0.16    0.49 ^ a_gate$_SDFFE_PP0P_/Q (DFF_X2)
   0.03    0.52 ^ max_cap2/Z (BUF_X16)
   0.07    0.59 ^ max_cap120/Z (BUF_X16)
   0.05    0.64 ^ max_cap119/Z (BUF_X16)
   0.03    0.68 v _13850_/ZN (INV_X32)
   0.28    0.96 ^ _21271_/ZN (OAI21_X1)
   0.03    0.99 v _21274_/ZN (AOI21_X1)
   0.02    1.01 ^ _21275_/ZN (INV_X1)
   0.02    1.03 v _21277_/ZN (AOI21_X1)
   0.03    1.06 ^ _21282_/ZN (OAI21_X1)
   0.02    1.08 v _21283_/ZN (INV_X1)
   0.04    1.11 ^ _21287_/ZN (OAI21_X2)
   0.02    1.13 v _21292_/ZN (AOI21_X2)
   0.04    1.17 ^ _21295_/ZN (AOI21_X1)
   0.03    1.20 v _21304_/ZN (NAND3_X1)
   0.07    1.27 v _21307_/ZN (OR3_X1)
   0.02    1.29 ^ _21313_/ZN (NAND2_X1)
   0.04    1.33 ^ _21315_/ZN (XNOR2_X1)
   0.02    1.35 v _21316_/ZN (INV_X1)
   0.03    1.38 ^ _21329_/ZN (NAND2_X2)
   0.03    1.41 v _21380_/ZN (NAND2_X1)
   0.03    1.44 ^ _21388_/ZN (INV_X1)
   0.02    1.45 v _21391_/ZN (OAI21_X1)
   0.04    1.49 v _21392_/ZN (AND3_X1)
   0.00    1.49 v v[2][6]$_SDFF_PP0_/D (DFF_X2)
           1.49   data arrival time

 200.00  200.00   clock clk (rise edge)
   0.00  200.00   clock source latency
   0.00  200.00 ^ clk (in)
   0.03  200.03 ^ clkbuf_0_clk/Z (CLKBUF_X3)
   0.03  200.05 ^ clkbuf_1_1__f_clk/Z (CLKBUF_X3)
   0.04  200.09 ^ u_icg/GCK (CLKGATE_X1)
   0.05  200.14 ^ clkbuf_0_core_clk/Z (CLKBUF_X3)
   0.04  200.18 ^ clkbuf_3_6_0_core_clk/Z (CLKBUF_X3)
   0.03  200.21 ^ clkbuf_4_13__f_core_clk/Z (CLKBUF_X3)
   0.05  200.26 ^ u_icg_v/GCK (CLKGATE_X1)
   0.09  200.35 ^ clkbuf_0_v_clk/Z (CLKBUF_X3)
   0.06  200.41 ^ clkbuf_3_0__f_v_clk/Z (CLKBUF_X3)
   0.04  200.45 ^ clkbuf_leaf_66_v_clk/Z (CLKBUF_X3)
   0.00  200.45 ^ v[2][6]$_SDFF_PP0_/CK (DFF_X2)
   0.00  200.45   clock reconvergence pessimism
  -0.04  200.41   library setup time
         200.41   data required time
---------------------------------------------------------
         200.41   data required time
          -1.49   data arrival time
---------------------------------------------------------
         198.92   slack (MET)



==========================================================================
finish report_checks -path_delay min reg to reg
--------------------------------------------------------------------------
Startpoint: state[0]$_SDFFE_PP0P_
            (rising edge-triggered flip-flop clocked by clk)
Endpoint: v[4][0]$_SDFF_PP0_ (rising edge-triggered flip-flop clocked by clk)
Path Group: clk
Path Type: min

  Delay    Time   Description
---------------------------------------------------------
   0.00    0.00   clock clk (rise edge)
   0.00    0.00   clock source latency
   0.00    0.00 ^ clk (in)
   0.03    0.03 ^ clkbuf_0_clk/Z (CLKBUF_X3)
   0.03    0.05 ^ clkbuf_1_1__f_clk/Z (CLKBUF_X3)
   0.04    0.09 ^ u_icg/GCK (CLKGATE_X1)
   0.05    0.14 ^ clkbuf_0_core_clk/Z (CLKBUF_X3)
   0.04    0.18 ^ clkbuf_3_3_0_core_clk/Z (CLKBUF_X3)
   0.03    0.20 ^ clkbuf_4_6__f_core_clk/Z (CLKBUF_X3)
   0.03    0.23 ^ clkbuf_level_0_1_732_core_clk/Z (CLKBUF_X3)
   0.03    0.25 ^ clkbuf_level_1_1_733_core_clk/Z (CLKBUF_X3)
   0.03    0.28 ^ clkbuf_level_2_1_734_core_clk/Z (CLKBUF_X3)
   0.04    0.32 ^ clkbuf_level_3_1_735_core_clk/Z (CLKBUF_X3)
   0.00    0.32 ^ state[0]$_SDFFE_PP0P_/CK (DFF_X1)
   0.10    0.42 v state[0]$_SDFFE_PP0P_/Q (DFF_X1)
   0.03    0.45 ^ _14053_/ZN (INV_X2)
   0.02    0.47 v _14180_/ZN (NOR3_X2)
   0.02    0.48 ^ _21944_/ZN (NAND3_X1)
   0.01    0.50 v _21945_/ZN (AOI21_X1)
   0.00    0.50 v v[4][0]$_SDFF_PP0_/D (DFF_X1)
           0.50   data arrival time

   0.00    0.00   clock clk (rise edge)
   0.00    0.00   clock source latency
   0.00    0.00 ^ clk (in)
   0.03    0.03 ^ clkbuf_0_clk/Z (CLKBUF_X3)
   0.03    0.05 ^ clkbuf_1_1__f_clk/Z (CLKBUF_X3)
   0.04    0.09 ^ u_icg/GCK (CLKGATE_X1)
   0.05    0.14 ^ clkbuf_0_core_clk/Z (CLKBUF_X3)
   0.04    0.18 ^ clkbuf_3_6_0_core_clk/Z (CLKBUF_X3)
   0.03    0.21 ^ clkbuf_4_13__f_core_clk/Z (CLKBUF_X3)
   0.05    0.26 ^ u_icg_v/GCK (CLKGATE_X1)
   0.09    0.35 ^ clkbuf_0_v_clk/Z (CLKBUF_X3)
   0.07    0.42 ^ clkbuf_3_3__f_v_clk/Z (CLKBUF_X3)
   0.04    0.46 ^ clkbuf_leaf_13_v_clk/Z (CLKBUF_X3)
   0.00    0.46 ^ v[4][0]$_SDFF_PP0_/CK (DFF_X1)
   0.00    0.46   clock reconvergence pessimism
   0.00    0.46   library hold time
           0.46   data required time
---------------------------------------------------------
           0.46   data required time
          -0.50   data arrival time
---------------------------------------------------------
           0.04   slack (MET)



==========================================================================
finish critical path target clock latency max path
--------------------------------------------------------------------------
0.3305

==========================================================================
finish critical path target clock latency min path
--------------------------------------------------------------------------
0.3309

==========================================================================
finish critical path source clock latency min path
--------------------------------------------------------------------------
0.0000

==========================================================================
finish critical path delay
--------------------------------------------------------------------------
40.2086

==========================================================================
finish critical path slack
--------------------------------------------------------------------------
119.7914

==========================================================================
finish slack div critical path delay
--------------------------------------------------------------------------
297.924822

==========================================================================
finish report_power
--------------------------------------------------------------------------
Group                  Internal  Switching    Leakage      Total
                          Power      Power      Power      Power (Watts)
----------------------------------------------------------------
Sequential             3.28e-05   6.16e-06   6.97e-05   1.09e-04  13.2%
Combinational          1.23e-04   1.82e-04   3.80e-04   6.85e-04  83.4%
Clock                  1.01e-05   8.77e-06   9.19e-06   2.81e-05   3.4%
Macro                  0.00e+00   0.00e+00   0.00e+00   0.00e+00   0.0%
Pad                    0.00e+00   0.00e+00   0.00e+00   0.00e+00   0.0%
----------------------------------------------------------------
Total                  1.66e-04   1.97e-04   4.59e-04   8.22e-04 100.0%
                          20.2%      24.0%      55.9%
