
===========================================================================
report_checks -path_delay min (Hold)
============================================================================
======================= nom_tt_025C_1v80 Corner ===================================

Startpoint: _210003_ (rising edge-triggered flip-flop clocked by clk)
Endpoint: _209999_ (rising edge-triggered flip-flop clocked by clk)
Path Group: clk
Path Type: min

Fanout         Cap        Slew       Delay        Time   Description
---------------------------------------------------------------------------------------------
                                  0.000000    0.000000   clock clk (rise edge)
                                  0.000000    0.000000   clock source latency
     2    0.011489    0.058058    0.038839    0.038839 ^ clk (in)
                                                         clk (net)
                      0.058059    0.000000    0.038839 ^ clkbuf_0_clk/A (sky130_fd_sc_hd__clkbuf_16)
     2    0.018800    0.040827    0.128935    0.167774 ^ clkbuf_0_clk/X (sky130_fd_sc_hd__clkbuf_16)
                                                         clknet_0_clk (net)
                      0.040829    0.000507    0.168280 ^ clkbuf_1_0__f_clk/A (sky130_fd_sc_hd__clkbuf_16)
     2    0.008294    0.031867    0.112699    0.280979 ^ clkbuf_1_0__f_clk/X (sky130_fd_sc_hd__clkbuf_16)
                                                         clknet_1_0__leaf_clk (net)
                      0.031867    0.000176    0.281156 ^ u_icg/CLK (sky130_fd_sc_hd__dlclkp_4)
     3    0.355128    1.044952    0.847082    1.128237 ^ u_icg/GCLK (sky130_fd_sc_hd__dlclkp_4)
                                                         core_clk (net)
                      1.046164    0.029563    1.157801 ^ clkbuf_0_core_clk/A (sky130_fd_sc_hd__clkbuf_16)
     5    0.165237    0.186858    0.410200    1.568001 ^ clkbuf_0_core_clk/X (sky130_fd_sc_hd__clkbuf_16)
                                                         clknet_0_core_clk (net)
                      0.187663    0.009755    1.577756 ^ clkbuf_1_1_0_core_clk/A (sky130_fd_sc_hd__clkbuf_8)
     5    0.136787    0.240206    0.305945    1.883701 ^ clkbuf_1_1_0_core_clk/X (sky130_fd_sc_hd__clkbuf_8)
                                                         clknet_1_1_0_core_clk (net)
                      0.243035    0.021033    1.904734 ^ clkbuf_2_2_0_core_clk/A (sky130_fd_sc_hd__clkbuf_8)
     3    0.085023    0.153746    0.275052    2.179786 ^ clkbuf_2_2_0_core_clk/X (sky130_fd_sc_hd__clkbuf_8)
                                                         clknet_2_2_0_core_clk (net)
                      0.154121    0.006157    2.185943 ^ clkbuf_2_2_1_core_clk/A (sky130_fd_sc_hd__clkbuf_8)
     9    0.135357    0.236729    0.298842    2.484785 ^ clkbuf_2_2_1_core_clk/X (sky130_fd_sc_hd__clkbuf_8)
                                                         clknet_2_2_1_core_clk (net)
                      0.237553    0.011494    2.496278 ^ clkbuf_4_10_0_core_clk/A (sky130_fd_sc_hd__clkbuf_8)
     5    0.102217    0.183120    0.285449    2.781728 ^ clkbuf_4_10_0_core_clk/X (sky130_fd_sc_hd__clkbuf_8)
                                                         clknet_4_10_0_core_clk (net)
                      0.185468    0.016639    2.798367 ^ clkbuf_5_20_0_core_clk/A (sky130_fd_sc_hd__clkbuf_8)
     9    0.124968    0.218978    0.300713    3.099080 ^ clkbuf_5_20_0_core_clk/X (sky130_fd_sc_hd__clkbuf_8)
                                                         clknet_5_20_0_core_clk (net)
                      0.219778    0.010762    3.109842 ^ clkbuf_7_82__f_core_clk/A (sky130_fd_sc_hd__clkbuf_16)
    13    0.070936    0.089970    0.221648    3.331490 ^ clkbuf_7_82__f_core_clk/X (sky130_fd_sc_hd__clkbuf_16)
                                                         clknet_7_82__leaf_core_clk (net)
                      0.090064    0.002668    3.334158 ^ clkbuf_leaf_625_core_clk/A (sky130_fd_sc_hd__clkbuf_8)
     4    0.013097    0.040866    0.138278    3.472436 ^ clkbuf_leaf_625_core_clk/X (sky130_fd_sc_hd__clkbuf_8)
                                                         clknet_leaf_625_core_clk (net)
                      0.040868    0.000255    3.472691 ^ _210003_/CLK (sky130_fd_sc_hd__dfxtp_2)
     2    0.008649    0.055346    0.325158    3.797849 ^ _210003_/Q (sky130_fd_sc_hd__dfxtp_2)
                                                         v[58][4] (net)
                      0.055400    0.000356    3.798205 ^ _141177_/A_N (sky130_fd_sc_hd__nand2b_1)
     1    0.003610    0.052564    0.101273    3.899479 ^ _141177_/Y (sky130_fd_sc_hd__nand2b_1)
                                                         _088448_ (net)
                      0.052564    0.000083    3.899561 ^ _154574_/A2 (sky130_fd_sc_hd__a21oi_1)
     1    0.002782    0.039207    0.060548    3.960109 v _154574_/Y (sky130_fd_sc_hd__a21oi_1)
                                                         _100631_ (net)
                      0.039207    0.000057    3.960166 v _154641_/B2 (sky130_fd_sc_hd__o221a_1)
     1    0.002915    0.035220    0.198956    4.159122 v _154641_/X (sky130_fd_sc_hd__o221a_1)
                                                         _003501_ (net)
                      0.035220    0.000092    4.159214 v hold916/A (sky130_fd_sc_hd__dlygate4sd3_1)
     1    0.002284    0.050270    0.539675    4.698889 v hold916/X (sky130_fd_sc_hd__dlygate4sd3_1)
                                                         net25612 (net)
                      0.050270    0.000065    4.698954 v _209999_/D (sky130_fd_sc_hd__dfxtp_1)
                                              4.698954   data arrival time

                                  0.000000    0.000000   clock clk (rise edge)
                                  0.000000    0.000000   clock source latency
     2    0.011489    0.058058    0.038839    0.038839 ^ clk (in)
                                                         clk (net)
                      0.058059    0.000000    0.038839 ^ clkbuf_0_clk/A (sky130_fd_sc_hd__clkbuf_16)
     2    0.018800    0.040827    0.128935    0.167774 ^ clkbuf_0_clk/X (sky130_fd_sc_hd__clkbuf_16)
                                                         clknet_0_clk (net)
                      0.040829    0.000507    0.168280 ^ clkbuf_1_0__f_clk/A (sky130_fd_sc_hd__clkbuf_16)
     2    0.008294    0.031867    0.112699    0.280979 ^ clkbuf_1_0__f_clk/X (sky130_fd_sc_hd__clkbuf_16)
                                                         clknet_1_0__leaf_clk (net)
                      0.031867    0.000176    0.281156 ^ u_icg/CLK (sky130_fd_sc_hd__dlclkp_4)
     3    0.355128    1.044952    0.847082    1.128237 ^ u_icg/GCLK (sky130_fd_sc_hd__dlclkp_4)
                                                         core_clk (net)
                      1.046164    0.029563    1.157801 ^ clkbuf_0_core_clk/A (sky130_fd_sc_hd__clkbuf_16)
     5    0.165237    0.186858    0.410200    1.568001 ^ clkbuf_0_core_clk/X (sky130_fd_sc_hd__clkbuf_16)
                                                         clknet_0_core_clk (net)
                      0.187663    0.009755    1.577756 ^ clkbuf_1_1_0_core_clk/A (sky130_fd_sc_hd__clkbuf_8)
     5    0.136787    0.240206    0.305945    1.883701 ^ clkbuf_1_1_0_core_clk/X (sky130_fd_sc_hd__clkbuf_8)
                                                         clknet_1_1_0_core_clk (net)
                      0.243035    0.021033    1.904734 ^ clkbuf_2_2_0_core_clk/A (sky130_fd_sc_hd__clkbuf_8)
     3    0.085023    0.153746    0.275052    2.179786 ^ clkbuf_2_2_0_core_clk/X (sky130_fd_sc_hd__clkbuf_8)
                                                         clknet_2_2_0_core_clk (net)
                      0.154121    0.006157    2.185943 ^ clkbuf_2_2_1_core_clk/A (sky130_fd_sc_hd__clkbuf_8)
     9    0.135357    0.236729    0.298842    2.484785 ^ clkbuf_2_2_1_core_clk/X (sky130_fd_sc_hd__clkbuf_8)
                                                         clknet_2_2_1_core_clk (net)
                      0.237629    0.011990    2.496775 ^ clkbuf_4_11_0_core_clk/A (sky130_fd_sc_hd__clkbuf_8)
     5    0.116622    0.207405    0.297340    2.794115 ^ clkbuf_4_11_0_core_clk/X (sky130_fd_sc_hd__clkbuf_8)
                                                         clknet_4_11_0_core_clk (net)
                      0.211782    0.023999    2.818114 ^ clkbuf_5_22_0_core_clk/A (sky130_fd_sc_hd__clkbuf_8)
     9    0.135660    0.237267    0.319055    3.137169 ^ clkbuf_5_22_0_core_clk/X (sky130_fd_sc_hd__clkbuf_8)
                                                         clknet_5_22_0_core_clk (net)
                      0.238614    0.014495    3.151664 ^ clkbuf_7_88__f_core_clk/A (sky130_fd_sc_hd__clkbuf_16)
    15    0.105610    0.120603    0.250238    3.401902 ^ clkbuf_7_88__f_core_clk/X (sky130_fd_sc_hd__clkbuf_16)
                                                         clknet_7_88__leaf_core_clk (net)
                      0.121939    0.009929    3.411831 ^ clkbuf_leaf_627_core_clk/A (sky130_fd_sc_hd__clkbuf_8)
     3    0.014730    0.043326    0.152486    3.564317 ^ clkbuf_leaf_627_core_clk/X (sky130_fd_sc_hd__clkbuf_8)
                                                         clknet_leaf_627_core_clk (net)
                      0.043327    0.000323    3.564641 ^ _209999_/CLK (sky130_fd_sc_hd__dfxtp_1)
                                  0.250000    3.814640   clock uncertainty
                                  0.000000    3.814640   clock reconvergence pessimism
                                 -0.056118    3.758522   library hold time
                                              3.758522   data required time
---------------------------------------------------------------------------------------------
                                              3.758522   data required time
                                             -4.698954   data arrival time
---------------------------------------------------------------------------------------------
                                              0.940432   slack (MET)


Startpoint: _209899_ (rising edge-triggered flip-flop clocked by clk)
Endpoint: _209899_ (rising edge-triggered flip-flop clocked by clk)
Path Group: clk
Path Type: min

Fanout         Cap        Slew       Delay        Time   Description
---------------------------------------------------------------------------------------------
                                  0.000000    0.000000   clock clk (rise edge)
                                  0.000000    0.000000   clock source latency
     2    0.011489    0.058058    0.038839    0.038839 ^ clk (in)
                                                         clk (net)
                      0.058059    0.000000    0.038839 ^ clkbuf_0_clk/A (sky130_fd_sc_hd__clkbuf_16)
     2    0.018800    0.040827    0.128935    0.167774 ^ clkbuf_0_clk/X (sky130_fd_sc_hd__clkbuf_16)
                                                         clknet_0_clk (net)
                      0.040829    0.000507    0.168280 ^ clkbuf_1_0__f_clk/A (sky130_fd_sc_hd__clkbuf_16)
     2    0.008294    0.031867    0.112699    0.280979 ^ clkbuf_1_0__f_clk/X (sky130_fd_sc_hd__clkbuf_16)
                                                         clknet_1_0__leaf_clk (net)
                      0.031867    0.000176    0.281156 ^ u_icg/CLK (sky130_fd_sc_hd__dlclkp_4)
     3    0.355128    1.044952    0.847082    1.128237 ^ u_icg/GCLK (sky130_fd_sc_hd__dlclkp_4)
                                                         core_clk (net)
                      1.046164    0.029563    1.157801 ^ clkbuf_0_core_clk/A (sky130_fd_sc_hd__clkbuf_16)
     5    0.165237    0.186858    0.410200    1.568001 ^ clkbuf_0_core_clk/X (sky130_fd_sc_hd__clkbuf_16)
                                                         clknet_0_core_clk (net)
                      0.187663    0.009755    1.577756 ^ clkbuf_1_1_0_core_clk/A (sky130_fd_sc_hd__clkbuf_8)
     5    0.136787    0.240206    0.305945    1.883701 ^ clkbuf_1_1_0_core_clk/X (sky130_fd_sc_hd__clkbuf_8)
                                                         clknet_1_1_0_core_clk (net)
                      0.243035    0.021033    1.904734 ^ clkbuf_2_2_0_core_clk/A (sky130_fd_sc_hd__clkbuf_8)
     3    0.085023    0.153746    0.275052    2.179786 ^ clkbuf_2_2_0_core_clk/X (sky130_fd_sc_hd__clkbuf_8)
                                                         clknet_2_2_0_core_clk (net)
                      0.154121    0.006157    2.185943 ^ clkbuf_2_2_1_core_clk/A (sky130_fd_sc_hd__clkbuf_8)
     9    0.135357    0.236729    0.298842    2.484785 ^ clkbuf_2_2_1_core_clk/X (sky130_fd_sc_hd__clkbuf_8)
                                                         clknet_2_2_1_core_clk (net)
                      0.239415    0.020227    2.505012 ^ clkbuf_4_9_0_core_clk/A (sky130_fd_sc_hd__clkbuf_8)
     5    0.093592    0.169115    0.274853    2.779865 ^ clkbuf_4_9_0_core_clk/X (sky130_fd_sc_hd__clkbuf_8)
                                                         clknet_4_9_0_core_clk (net)
                      0.172170    0.018103    2.797967 ^ clkbuf_5_18_0_core_clk/A (sky130_fd_sc_hd__clkbuf_8)
     9    0.113777    0.200516    0.282811    3.080778 ^ clkbuf_5_18_0_core_clk/X (sky130_fd_sc_hd__clkbuf_8)
                                                         clknet_5_18_0_core_clk (net)
                      0.200724    0.005381    3.086160 ^ clkbuf_7_75__f_core_clk/A (sky130_fd_sc_hd__clkbuf_16)
    15    0.109838    0.124380    0.241316    3.327476 ^ clkbuf_7_75__f_core_clk/X (sky130_fd_sc_hd__clkbuf_16)
                                                         clknet_7_75__leaf_core_clk (net)
                      0.125761    0.010389    3.337865 ^ clkbuf_leaf_797_core_clk/A (sky130_fd_sc_hd__clkbuf_8)
     3    0.016145    0.045524    0.155846    3.493711 ^ clkbuf_leaf_797_core_clk/X (sky130_fd_sc_hd__clkbuf_8)
                                                         clknet_leaf_797_core_clk (net)
                      0.045525    0.000299    3.494010 ^ _209899_/CLK (sky130_fd_sc_hd__dfxtp_1)
     1    0.002557    0.038881    0.297873    3.791883 ^ _209899_/Q (sky130_fd_sc_hd__dfxtp_1)
                                                         v[53][0] (net)
                      0.038881    0.000078    3.791960 ^ hold1417/A (sky130_fd_sc_hd__dlygate4sd3_1)
     6    0.021804    0.225058    0.669231    4.461192 ^ hold1417/X (sky130_fd_sc_hd__dlygate4sd3_1)
                                                         net26113 (net)
                      0.225058    0.000285    4.461476 ^ _153698_/A1 (sky130_fd_sc_hd__o311a_1)
     1    0.002507    0.045106    0.193566    4.655042 ^ _153698_/X (sky130_fd_sc_hd__o311a_1)
                                                         _003401_ (net)
                      0.045106    0.000076    4.655118 ^ _209899_/D (sky130_fd_sc_hd__dfxtp_1)
                                              4.655118   data arrival time

                                  0.000000    0.000000   clock clk (rise edge)
                                  0.000000    0.000000   clock source latency
     2    0.011489    0.058058    0.038839    0.038839 ^ clk (in)
                                                         clk (net)
                      0.058059    0.000000    0.038839 ^ clkbuf_0_clk/A (sky130_fd_sc_hd__clkbuf_16)
     2    0.018800    0.040827    0.128935    0.167774 ^ clkbuf_0_clk/X (sky130_fd_sc_hd__clkbuf_16)
                                                         clknet_0_clk (net)
                      0.040829    0.000507    0.168280 ^ clkbuf_1_0__f_clk/A (sky130_fd_sc_hd__clkbuf_16)
     2    0.008294    0.031867    0.112699    0.280979 ^ clkbuf_1_0__f_clk/X (sky130_fd_sc_hd__clkbuf_16)
                                                         clknet_1_0__leaf_clk (net)
                      0.031867    0.000176    0.281156 ^ u_icg/CLK (sky130_fd_sc_hd__dlclkp_4)
     3    0.355128    1.044952    0.847082    1.128237 ^ u_icg/GCLK (sky130_fd_sc_hd__dlclkp_4)
                                                         core_clk (net)
                      1.046164    0.029563    1.157801 ^ clkbuf_0_core_clk/A (sky130_fd_sc_hd__clkbuf_16)
     5    0.165237    0.186858    0.410200    1.568001 ^ clkbuf_0_core_clk/X (sky130_fd_sc_hd__clkbuf_16)
                                                         clknet_0_core_clk (net)
                      0.187663    0.009755    1.577756 ^ clkbuf_1_1_0_core_clk/A (sky130_fd_sc_hd__clkbuf_8)
     5    0.136787    0.240206    0.305945    1.883701 ^ clkbuf_1_1_0_core_clk/X (sky130_fd_sc_hd__clkbuf_8)
                                                         clknet_1_1_0_core_clk (net)
                      0.243035    0.021033    1.904734 ^ clkbuf_2_2_0_core_clk/A (sky130_fd_sc_hd__clkbuf_8)
     3    0.085023    0.153746    0.275052    2.179786 ^ clkbuf_2_2_0_core_clk/X (sky130_fd_sc_hd__clkbuf_8)
                                                         clknet_2_2_0_core_clk (net)
                      0.154121    0.006157    2.185943 ^ clkbuf_2_2_1_core_clk/A (sky130_fd_sc_hd__clkbuf_8)
     9    0.135357    0.236729    0.298842    2.484785 ^ clkbuf_2_2_1_core_clk/X (sky130_fd_sc_hd__clkbuf_8)
                                                         clknet_2_2_1_core_clk (net)
                      0.239415    0.020227    2.505012 ^ clkbuf_4_9_0_core_clk/A (sky130_fd_sc_hd__clkbuf_8)
     5    0.093592    0.169115    0.274853    2.779865 ^ clkbuf_4_9_0_core_clk/X (sky130_fd_sc_hd__clkbuf_8)
                                                         clknet_4_9_0_core_clk (net)
                      0.172170    0.018103    2.797967 ^ clkbuf_5_18_0_core_clk/A (sky130_fd_sc_hd__clkbuf_8)
     9    0.113777    0.200516    0.282811    3.080778 ^ clkbuf_5_18_0_core_clk/X (sky130_fd_sc_hd__clkbuf_8)
                                                         clknet_5_18_0_core_clk (net)
                      0.200724    0.005381    3.086160 ^ clkbuf_7_75__f_core_clk/A (sky130_fd_sc_hd__clkbuf_16)
    15    0.109838    0.124380    0.241316    3.327476 ^ clkbuf_7_75__f_core_clk/X (sky130_fd_sc_hd__clkbuf_16)
                                                         clknet_7_75__leaf_core_clk (net)
                      0.125761    0.010389    3.337865 ^ clkbuf_leaf_797_core_clk/A (sky130_fd_sc_hd__clkbuf_8)
     3    0.016145    0.045524    0.155846    3.493711 ^ clkbuf_leaf_797_core_clk/X (sky130_fd_sc_hd__clkbuf_8)
                                                         clknet_leaf_797_core_clk (net)
                      0.045525    0.000299    3.494010 ^ _209899_/CLK (sky130_fd_sc_hd__dfxtp_1)
                                  0.250000    3.744010   clock uncertainty
                                  0.000000    3.744010   clock reconvergence pessimism
                                 -0.031223    3.712786   library hold time
                                              3.712786   data required time
---------------------------------------------------------------------------------------------
                                              3.712786   data required time
                                             -4.655118   data arrival time
---------------------------------------------------------------------------------------------
                                              0.942332   slack (MET)


Startpoint: _208769_ (rising edge-triggered flip-flop clocked by clk)
Endpoint: _208769_ (rising edge-triggered flip-flop clocked by clk)
Path Group: clk
Path Type: min

Fanout         Cap        Slew       Delay        Time   Description
---------------------------------------------------------------------------------------------
                                  0.000000    0.000000   clock clk (rise edge)
                                  0.000000    0.000000   clock source latency
     2    0.011489    0.058058    0.038839    0.038839 ^ clk (in)
                                                         clk (net)
                      0.058059    0.000000    0.038839 ^ clkbuf_0_clk/A (sky130_fd_sc_hd__clkbuf_16)
     2    0.018800    0.040827    0.128935    0.167774 ^ clkbuf_0_clk/X (sky130_fd_sc_hd__clkbuf_16)
                                                         clknet_0_clk (net)
                      0.040829    0.000507    0.168280 ^ clkbuf_1_0__f_clk/A (sky130_fd_sc_hd__clkbuf_16)
     2    0.008294    0.031867    0.112699    0.280979 ^ clkbuf_1_0__f_clk/X (sky130_fd_sc_hd__clkbuf_16)
                                                         clknet_1_0__leaf_clk (net)
                      0.031867    0.000176    0.281156 ^ u_icg/CLK (sky130_fd_sc_hd__dlclkp_4)
     3    0.355128    1.044952    0.847082    1.128237 ^ u_icg/GCLK (sky130_fd_sc_hd__dlclkp_4)
                                                         core_clk (net)
                      1.046164    0.029563    1.157801 ^ clkbuf_0_core_clk/A (sky130_fd_sc_hd__clkbuf_16)
     5    0.165237    0.186858    0.410200    1.568001 ^ clkbuf_0_core_clk/X (sky130_fd_sc_hd__clkbuf_16)
                                                         clknet_0_core_clk (net)
                      0.187663    0.009755    1.577756 ^ clkbuf_1_1_0_core_clk/A (sky130_fd_sc_hd__clkbuf_8)
     5    0.136787    0.240206    0.305945    1.883701 ^ clkbuf_1_1_0_core_clk/X (sky130_fd_sc_hd__clkbuf_8)
                                                         clknet_1_1_0_core_clk (net)
                      0.243035    0.021033    1.904734 ^ clkbuf_2_2_0_core_clk/A (sky130_fd_sc_hd__clkbuf_8)
     3    0.085023    0.153746    0.275052    2.179786 ^ clkbuf_2_2_0_core_clk/X (sky130_fd_sc_hd__clkbuf_8)
                                                         clknet_2_2_0_core_clk (net)
                      0.154121    0.006157    2.185943 ^ clkbuf_2_2_1_core_clk/A (sky130_fd_sc_hd__clkbuf_8)
     9    0.135357    0.236729    0.298842    2.484785 ^ clkbuf_2_2_1_core_clk/X (sky130_fd_sc_hd__clkbuf_8)
                                                         clknet_2_2_1_core_clk (net)
                      0.239415    0.020227    2.505012 ^ clkbuf_4_9_0_core_clk/A (sky130_fd_sc_hd__clkbuf_8)
     5    0.093592    0.169115    0.274853    2.779865 ^ clkbuf_4_9_0_core_clk/X (sky130_fd_sc_hd__clkbuf_8)
                                                         clknet_4_9_0_core_clk (net)
                      0.173608    0.021803    2.801668 ^ clkbuf_5_19_0_core_clk/A (sky130_fd_sc_hd__clkbuf_8)
     9    0.122591    0.216654    0.286258    3.087926 ^ clkbuf_5_19_0_core_clk/X (sky130_fd_sc_hd__clkbuf_8)
                                                         clknet_5_19_0_core_clk (net)
                      0.219947    0.021404    3.109329 ^ clkbuf_7_77__f_core_clk/A (sky130_fd_sc_hd__clkbuf_16)
    17    0.099408    0.116116    0.242860    3.352189 ^ clkbuf_7_77__f_core_clk/X (sky130_fd_sc_hd__clkbuf_16)
                                                         clknet_7_77__leaf_core_clk (net)
                      0.116467    0.004726    3.356915 ^ clkbuf_leaf_605_core_clk/A (sky130_fd_sc_hd__clkbuf_8)
     7    0.025852    0.059965    0.165808    3.522723 ^ clkbuf_leaf_605_core_clk/X (sky130_fd_sc_hd__clkbuf_8)
                                                         clknet_leaf_605_core_clk (net)
                      0.059976    0.000780    3.523504 ^ _208769_/CLK (sky130_fd_sc_hd__dfxtp_1)
     4    0.022140    0.212255    0.429979    3.953482 ^ _208769_/Q (sky130_fd_sc_hd__dfxtp_1)
                                                         s_pad[42] (net)
                      0.212255    0.000535    3.954017 ^ hold1381/A (sky130_fd_sc_hd__dlygate4sd3_1)
     2    0.006476    0.084958    0.605758    4.559775 ^ hold1381/X (sky130_fd_sc_hd__dlygate4sd3_1)
                                                         net26077 (net)
                      0.084958    0.000125    4.559900 ^ _139396_/A2 (sky130_fd_sc_hd__o211a_1)
     1    0.003101    0.042618    0.138338    4.698238 ^ _139396_/X (sky130_fd_sc_hd__o211a_1)
                                                         _002271_ (net)
                      0.042618    0.000095    4.698334 ^ _208769_/D (sky130_fd_sc_hd__dfxtp_1)
                                              4.698334   data arrival time

                                  0.000000    0.000000   clock clk (rise edge)
                                  0.000000    0.000000   clock source latency
     2    0.011489    0.058058    0.038839    0.038839 ^ clk (in)
                                                         clk (net)
                      0.058059    0.000000    0.038839 ^ clkbuf_0_clk/A (sky130_fd_sc_hd__clkbuf_16)
     2    0.018800    0.040827    0.128935    0.167774 ^ clkbuf_0_clk/X (sky130_fd_sc_hd__clkbuf_16)
                                                         clknet_0_clk (net)
                      0.040829    0.000507    0.168280 ^ clkbuf_1_0__f_clk/A (sky130_fd_sc_hd__clkbuf_16)
     2    0.008294    0.031867    0.112699    0.280979 ^ clkbuf_1_0__f_clk/X (sky130_fd_sc_hd__clkbuf_16)
                                                         clknet_1_0__leaf_clk (net)
                      0.031867    0.000176    0.281156 ^ u_icg/CLK (sky130_fd_sc_hd__dlclkp_4)
     3    0.355128    1.044952    0.847082    1.128237 ^ u_icg/GCLK (sky130_fd_sc_hd__dlclkp_4)
                                                         core_clk (net)
                      1.046164    0.029563    1.157801 ^ clkbuf_0_core_clk/A (sky130_fd_sc_hd__clkbuf_16)
     5    0.165237    0.186858    0.410200    1.568001 ^ clkbuf_0_core_clk/X (sky130_fd_sc_hd__clkbuf_16)
                                                         clknet_0_core_clk (net)
                      0.187663    0.009755    1.577756 ^ clkbuf_1_1_0_core_clk/A (sky130_fd_sc_hd__clkbuf_8)
     5    0.136787    0.240206    0.305945    1.883701 ^ clkbuf_1_1_0_core_clk/X (sky130_fd_sc_hd__clkbuf_8)
                                                         clknet_1_1_0_core_clk (net)
                      0.243035    0.021033    1.904734 ^ clkbuf_2_2_0_core_clk/A (sky130_fd_sc_hd__clkbuf_8)
     3    0.085023    0.153746    0.275052    2.179786 ^ clkbuf_2_2_0_core_clk/X (sky130_fd_sc_hd__clkbuf_8)
                                                         clknet_2_2_0_core_clk (net)
                      0.154121    0.006157    2.185943 ^ clkbuf_2_2_1_core_clk/A (sky130_fd_sc_hd__clkbuf_8)
     9    0.135357    0.236729    0.298842    2.484785 ^ clkbuf_2_2_1_core_clk/X (sky130_fd_sc_hd__clkbuf_8)
                                                         clknet_2_2_1_core_clk (net)
                      0.239415    0.020227    2.505012 ^ clkbuf_4_9_0_core_clk/A (sky130_fd_sc_hd__clkbuf_8)
     5    0.093592    0.169115    0.274853    2.779865 ^ clkbuf_4_9_0_core_clk/X (sky130_fd_sc_hd__clkbuf_8)
                                                         clknet_4_9_0_core_clk (net)
                      0.173608    0.021803    2.801668 ^ clkbuf_5_19_0_core_clk/A (sky130_fd_sc_hd__clkbuf_8)
     9    0.122591    0.216654    0.286258    3.087926 ^ clkbuf_5_19_0_core_clk/X (sky130_fd_sc_hd__clkbuf_8)
                                                         clknet_5_19_0_core_clk (net)
                      0.219947    0.021404    3.109329 ^ clkbuf_7_77__f_core_clk/A (sky130_fd_sc_hd__clkbuf_16)
    17    0.099408    0.116116    0.242860    3.352189 ^ clkbuf_7_77__f_core_clk/X (sky130_fd_sc_hd__clkbuf_16)
                                                         clknet_7_77__leaf_core_clk (net)
                      0.116467    0.004726    3.356915 ^ clkbuf_leaf_605_core_clk/A (sky130_fd_sc_hd__clkbuf_8)
     7    0.025852    0.059965    0.165808    3.522723 ^ clkbuf_leaf_605_core_clk/X (sky130_fd_sc_hd__clkbuf_8)
                                                         clknet_leaf_605_core_clk (net)
                      0.059976    0.000780    3.523504 ^ _208769_/CLK (sky130_fd_sc_hd__dfxtp_1)
                                  0.250000    3.773503   clock uncertainty
                                  0.000000    3.773503   clock reconvergence pessimism
                                 -0.028798    3.744705   library hold time
                                              3.744705   data required time
---------------------------------------------------------------------------------------------
                                              3.744705   data required time
                                             -4.698334   data arrival time
---------------------------------------------------------------------------------------------
                                              0.953629   slack (MET)


Startpoint: _208749_ (rising edge-triggered flip-flop clocked by clk)
Endpoint: _208749_ (rising edge-triggered flip-flop clocked by clk)
Path Group: clk
Path Type: min

Fanout         Cap        Slew       Delay        Time   Description
---------------------------------------------------------------------------------------------
                                  0.000000    0.000000   clock clk (rise edge)
                                  0.000000    0.000000   clock source latency
     2    0.011489    0.058058    0.038839    0.038839 ^ clk (in)
                                                         clk (net)
                      0.058059    0.000000    0.038839 ^ clkbuf_0_clk/A (sky130_fd_sc_hd__clkbuf_16)
     2    0.018800    0.040827    0.128935    0.167774 ^ clkbuf_0_clk/X (sky130_fd_sc_hd__clkbuf_16)
                                                         clknet_0_clk (net)
                      0.040829    0.000507    0.168280 ^ clkbuf_1_0__f_clk/A (sky130_fd_sc_hd__clkbuf_16)
     2    0.008294    0.031867    0.112699    0.280979 ^ clkbuf_1_0__f_clk/X (sky130_fd_sc_hd__clkbuf_16)
                                                         clknet_1_0__leaf_clk (net)
                      0.031867    0.000176    0.281156 ^ u_icg/CLK (sky130_fd_sc_hd__dlclkp_4)
     3    0.355128    1.044952    0.847082    1.128237 ^ u_icg/GCLK (sky130_fd_sc_hd__dlclkp_4)
                                                         core_clk (net)
                      1.046164    0.029563    1.157801 ^ clkbuf_0_core_clk/A (sky130_fd_sc_hd__clkbuf_16)
     5    0.165237    0.186858    0.410200    1.568001 ^ clkbuf_0_core_clk/X (sky130_fd_sc_hd__clkbuf_16)
                                                         clknet_0_core_clk (net)
                      0.187663    0.009755    1.577756 ^ clkbuf_1_1_0_core_clk/A (sky130_fd_sc_hd__clkbuf_8)
     5    0.136787    0.240206    0.305945    1.883701 ^ clkbuf_1_1_0_core_clk/X (sky130_fd_sc_hd__clkbuf_8)
                                                         clknet_1_1_0_core_clk (net)
                      0.243035    0.021033    1.904734 ^ clkbuf_2_2_0_core_clk/A (sky130_fd_sc_hd__clkbuf_8)
     3    0.085023    0.153746    0.275052    2.179786 ^ clkbuf_2_2_0_core_clk/X (sky130_fd_sc_hd__clkbuf_8)
                                                         clknet_2_2_0_core_clk (net)
                      0.154121    0.006157    2.185943 ^ clkbuf_2_2_1_core_clk/A (sky130_fd_sc_hd__clkbuf_8)
     9    0.135357    0.236729    0.298842    2.484785 ^ clkbuf_2_2_1_core_clk/X (sky130_fd_sc_hd__clkbuf_8)
                                                         clknet_2_2_1_core_clk (net)
                      0.239415    0.020227    2.505012 ^ clkbuf_4_9_0_core_clk/A (sky130_fd_sc_hd__clkbuf_8)
     5    0.093592    0.169115    0.274853    2.779865 ^ clkbuf_4_9_0_core_clk/X (sky130_fd_sc_hd__clkbuf_8)
                                                         clknet_4_9_0_core_clk (net)
                      0.173608    0.021803    2.801668 ^ clkbuf_5_19_0_core_clk/A (sky130_fd_sc_hd__clkbuf_8)
     9    0.122591    0.216654    0.286258    3.087926 ^ clkbuf_5_19_0_core_clk/X (sky130_fd_sc_hd__clkbuf_8)
                                                         clknet_5_19_0_core_clk (net)
                      0.219446    0.019783    3.107708 ^ clkbuf_7_78__f_core_clk/A (sky130_fd_sc_hd__clkbuf_16)
    19    0.100502    0.117761    0.243051    3.350759 ^ clkbuf_7_78__f_core_clk/X (sky130_fd_sc_hd__clkbuf_16)
                                                         clknet_7_78__leaf_core_clk (net)
                      0.118042    0.004199    3.354958 ^ clkbuf_leaf_597_core_clk/A (sky130_fd_sc_hd__clkbuf_8)
     6    0.022643    0.055118    0.162541    3.517498 ^ clkbuf_leaf_597_core_clk/X (sky130_fd_sc_hd__clkbuf_8)
                                                         clknet_leaf_597_core_clk (net)
                      0.055119    0.000359    3.517857 ^ _208749_/CLK (sky130_fd_sc_hd__dfxtp_1)
     4    0.016255    0.159115    0.390719    3.908577 ^ _208749_/Q (sky130_fd_sc_hd__dfxtp_1)
                                                         s_pad[22] (net)
                      0.159115    0.000370    3.908947 ^ hold1535/A (sky130_fd_sc_hd__dlygate4sd3_1)
     2    0.007810    0.096876    0.604722    4.513669 ^ hold1535/X (sky130_fd_sc_hd__dlygate4sd3_1)
                                                         net26231 (net)
                      0.096994    0.000206    4.513875 ^ _137115_/A1 (sky130_fd_sc_hd__o221a_1)
     1    0.002014    0.045191    0.181606    4.695481 ^ _137115_/X (sky130_fd_sc_hd__o221a_1)
                                                         _002251_ (net)
                      0.045191    0.000056    4.695537 ^ _208749_/D (sky130_fd_sc_hd__dfxtp_1)
                                              4.695537   data arrival time

                                  0.000000    0.000000   clock clk (rise edge)
                                  0.000000    0.000000   clock source latency
     2    0.011489    0.058058    0.038839    0.038839 ^ clk (in)
                                                         clk (net)
                      0.058059    0.000000    0.038839 ^ clkbuf_0_clk/A (sky130_fd_sc_hd__clkbuf_16)
     2    0.018800    0.040827    0.128935    0.167774 ^ clkbuf_0_clk/X (sky130_fd_sc_hd__clkbuf_16)
                                                         clknet_0_clk (net)
                      0.040829    0.000507    0.168280 ^ clkbuf_1_0__f_clk/A (sky130_fd_sc_hd__clkbuf_16)
     2    0.008294    0.031867    0.112699    0.280979 ^ clkbuf_1_0__f_clk/X (sky130_fd_sc_hd__clkbuf_16)
                                                         clknet_1_0__leaf_clk (net)
                      0.031867    0.000176    0.281156 ^ u_icg/CLK (sky130_fd_sc_hd__dlclkp_4)
     3    0.355128    1.044952    0.847082    1.128237 ^ u_icg/GCLK (sky130_fd_sc_hd__dlclkp_4)
                                                         core_clk (net)
                      1.046164    0.029563    1.157801 ^ clkbuf_0_core_clk/A (sky130_fd_sc_hd__clkbuf_16)
     5    0.165237    0.186858    0.410200    1.568001 ^ clkbuf_0_core_clk/X (sky130_fd_sc_hd__clkbuf_16)
                                                         clknet_0_core_clk (net)
                      0.187663    0.009755    1.577756 ^ clkbuf_1_1_0_core_clk/A (sky130_fd_sc_hd__clkbuf_8)
