
===========================================================================
report_checks -path_delay max (Setup)
============================================================================
======================= max_ss_100C_1v60 Corner ===================================

Startpoint: _27829_ (rising edge-triggered flip-flop clocked by clk)
Endpoint: _27808_ (rising edge-triggered flip-flop clocked by clk)
Path Group: clk
Path Type: max

Fanout         Cap        Slew       Delay        Time   Description
---------------------------------------------------------------------------------------------
                                  0.000000    0.000000   clock clk (rise edge)
                                  0.000000    0.000000   clock source latency
     2    0.011827    0.093702    0.061790    0.061790 ^ clk (in)
                                                         clk (net)
                      0.093712    0.000000    0.061790 ^ clkbuf_0_clk/A (sky130_fd_sc_hd__clkbuf_16)
     2    0.019680    0.067044    0.231544    0.293334 ^ clkbuf_0_clk/X (sky130_fd_sc_hd__clkbuf_16)
                                                         clknet_0_clk (net)
                      0.067063    0.001411    0.294745 ^ clkbuf_1_0__f_clk/A (sky130_fd_sc_hd__clkbuf_16)
     1    0.006436    0.049764    0.199469    0.494214 ^ clkbuf_1_0__f_clk/X (sky130_fd_sc_hd__clkbuf_16)
                                                         clknet_1_0__leaf_clk (net)
                      0.049765    0.000353    0.494567 ^ u_icg/CLK (sky130_fd_sc_hd__dlclkp_4)
     3    0.041299    0.227604    0.431157    0.925724 ^ u_icg/GCLK (sky130_fd_sc_hd__dlclkp_4)
                                                         core_clk (net)
                      0.228240    0.008594    0.934318 ^ clkbuf_0_core_clk/A (sky130_fd_sc_hd__clkbuf_16)
     5    0.067957    0.131822    0.350787    1.285105 ^ clkbuf_0_core_clk/X (sky130_fd_sc_hd__clkbuf_16)
                                                         clknet_0_core_clk (net)
                      0.132550    0.007133    1.292237 ^ clkbuf_1_0__f_core_clk/A (sky130_fd_sc_hd__clkbuf_16)
    19    0.172266    0.281569    0.412449    1.704686 ^ clkbuf_1_0__f_core_clk/X (sky130_fd_sc_hd__clkbuf_16)
                                                         clknet_1_0__leaf_core_clk (net)
                      0.282391    0.012586    1.717271 ^ clkbuf_leaf_2_core_clk/A (sky130_fd_sc_hd__clkbuf_8)
    27    0.086554    0.243812    0.457562    2.174833 ^ clkbuf_leaf_2_core_clk/X (sky130_fd_sc_hd__clkbuf_8)
                                                         clknet_leaf_2_core_clk (net)
                      0.243941    0.005155    2.179988 ^ _27829_/CLK (sky130_fd_sc_hd__dfxtp_4)
     1    0.007999    0.074996    0.776095    2.956083 ^ _27829_/Q (sky130_fd_sc_hd__dfxtp_4)
                                                         a_gate (net)
                      0.074996    0.000650    2.956733 ^ hold27/A (sky130_fd_sc_hd__dlygate4sd3_1)
     1    0.010491    0.196385    1.140260    4.096993 ^ hold27/X (sky130_fd_sc_hd__dlygate4sd3_1)
                                                         net1170 (net)
                      0.196385    0.000838    4.097831 ^ hold6/A (sky130_fd_sc_hd__clkbuf_8)
     5    0.060432    0.179219    0.371339    4.469170 ^ hold6/X (sky130_fd_sc_hd__clkbuf_8)
                                                         net1149 (net)
                      0.179328    0.004096    4.473266 ^ fanout957/A (sky130_fd_sc_hd__buf_6)
     1    0.005027    0.042210    0.201622    4.674889 ^ fanout957/X (sky130_fd_sc_hd__buf_6)
                                                         net957 (net)
                      0.042210    0.000236    4.675125 ^ hold7/A (sky130_fd_sc_hd__buf_6)
    11    0.189657    0.591844    0.500238    5.175363 ^ hold7/X (sky130_fd_sc_hd__buf_6)
                                                         net1150 (net)
                      0.591900    0.005100    5.180463 ^ fanout877/A (sky130_fd_sc_hd__clkbuf_4)
     3    0.026191    0.148701    0.534307    5.714770 ^ fanout877/X (sky130_fd_sc_hd__clkbuf_4)
                                                         net877 (net)
                      0.148772    0.002988    5.717758 ^ hold8/A (sky130_fd_sc_hd__dlygate4sd3_1)
    11    0.077865    1.161144    1.869163    7.586921 ^ hold8/X (sky130_fd_sc_hd__dlygate4sd3_1)
                                                         net1151 (net)
                      1.161152    0.005349    7.592269 ^ fanout874/A (sky130_fd_sc_hd__buf_2)
    11    0.059541    0.463080    0.839637    8.431906 ^ fanout874/X (sky130_fd_sc_hd__buf_2)
                                                         net874 (net)
                      0.463080    0.001661    8.433567 ^ fanout858/A (sky130_fd_sc_hd__clkbuf_2)
     6    0.028849    0.252847    0.483357    8.916924 ^ fanout858/X (sky130_fd_sc_hd__clkbuf_2)
                                                         net858 (net)
                      0.252850    0.001371    8.918296 ^ fanout855/A (sky130_fd_sc_hd__buf_2)
    21    0.052367    0.408004    0.519164    9.437460 ^ fanout855/X (sky130_fd_sc_hd__buf_2)
                                                         net855 (net)
                      0.408218    0.005019    9.442479 ^ fanout854/A (sky130_fd_sc_hd__buf_2)
    10    0.035832    0.285133    0.494397    9.936876 ^ fanout854/X (sky130_fd_sc_hd__buf_2)
                                                         net854 (net)
                      0.285137    0.001624    9.938500 ^ _26694_/A (sky130_fd_sc_hd__nand3_1)
     2    0.008523    0.273297    0.318094   10.256594 v _26694_/Y (sky130_fd_sc_hd__nand3_1)
                                                         _10047_ (net)
                      0.273297    0.000592   10.257187 v _26696_/B (sky130_fd_sc_hd__nor3_1)
     2    0.005531    0.369959    0.458867   10.716053 ^ _26696_/Y (sky130_fd_sc_hd__nor3_1)
                                                         _10049_ (net)
                      0.369959    0.000187   10.716241 ^ max_cap188/A (sky130_fd_sc_hd__buf_1)
     2    0.010539    0.211814    0.356320   11.072561 ^ max_cap188/X (sky130_fd_sc_hd__buf_1)
                                                         net188 (net)
                      0.211814    0.000478   11.073039 ^ _26697_/A2 (sky130_fd_sc_hd__o211ai_2)
     2    0.007319    0.169277    0.236918   11.309957 v _26697_/Y (sky130_fd_sc_hd__o211ai_2)
                                                         _10050_ (net)
                      0.169277    0.000453   11.310410 v _26698_/A2 (sky130_fd_sc_hd__a211o_1)
     3    0.011321    0.161711    0.664829   11.975239 v _26698_/X (sky130_fd_sc_hd__a211o_1)
                                                         _10051_ (net)
                      0.161713    0.000754   11.975993 v _26700_/A2 (sky130_fd_sc_hd__a211o_1)
     3    0.011213    0.160692    0.660740   12.636733 v _26700_/X (sky130_fd_sc_hd__a211o_1)
                                                         _10053_ (net)
                      0.160694    0.000844   12.637577 v _26701_/A2 (sky130_fd_sc_hd__a211o_1)
     3    0.013600    0.175626    0.683735   13.321312 v _26701_/X (sky130_fd_sc_hd__a211o_1)
                                                         _10054_ (net)
                      0.175629    0.001116   13.322427 v _26703_/A2 (sky130_fd_sc_hd__a211o_1)
     3    0.009688    0.146299    0.651411   13.973838 v _26703_/X (sky130_fd_sc_hd__a211o_1)
                                                         _10056_ (net)
                      0.146299    0.000604   13.974442 v _26704_/A2 (sky130_fd_sc_hd__a211oi_1)
     3    0.011142    0.687572    0.720945   14.695387 ^ _26704_/Y (sky130_fd_sc_hd__a211oi_1)
                                                         _10057_ (net)
                      0.687572    0.000358   14.695745 ^ _26706_/A2 (sky130_fd_sc_hd__o211a_1)
     2    0.006631    0.122666    0.501152   15.196897 ^ _26706_/X (sky130_fd_sc_hd__o211a_1)
                                                         _10059_ (net)
                      0.122666    0.000378   15.197275 ^ _26707_/B1 (sky130_fd_sc_hd__a21o_1)
     3    0.010236    0.157607    0.230635   15.427910 ^ _26707_/X (sky130_fd_sc_hd__a21o_1)
                                                         _10060_ (net)
                      0.157607    0.000545   15.428455 ^ _26708_/A2 (sky130_fd_sc_hd__a21boi_1)
     2    0.005446    0.127002    0.190751   15.619205 v _26708_/Y (sky130_fd_sc_hd__a21boi_1)
                                                         _10061_ (net)
                      0.127002    0.000338   15.619543 v _26709_/C (sky130_fd_sc_hd__or3_1)
     2    0.004565    0.157426    0.766827   16.386370 v _26709_/X (sky130_fd_sc_hd__or3_1)
                                                         _10062_ (net)
                      0.157426    0.000147   16.386517 v _26710_/B (sky130_fd_sc_hd__and2b_1)
     3    0.008917    0.115195    0.412085   16.798601 v _26710_/X (sky130_fd_sc_hd__and2b_1)
                                                         _10063_ (net)
                      0.115195    0.000579   16.799181 v _26717_/A (sky130_fd_sc_hd__and2_2)
     6    0.027943    0.168523    0.486379   17.285561 v _26717_/X (sky130_fd_sc_hd__and2_2)
                                                         _10070_ (net)
                      0.168545    0.001986   17.287546 v _26769_/B (sky130_fd_sc_hd__or2_2)
     6    0.026884    0.220746    0.818414   18.105961 v _26769_/X (sky130_fd_sc_hd__or2_2)
                                                         _10121_ (net)
                      0.220750    0.001286   18.107246 v _26787_/A (sky130_fd_sc_hd__or3b_1)
     1    0.001644    0.124167    0.878908   18.986155 v _26787_/X (sky130_fd_sc_hd__or3b_1)
                                                         _10136_ (net)
                      0.124167    0.000075   18.986229 v hold1015/A (sky130_fd_sc_hd__dlygate4sd3_1)
     1    0.002653    0.104509    1.146686   20.132915 v hold1015/X (sky130_fd_sc_hd__dlygate4sd3_1)
                                                         net2158 (net)
                      0.104509    0.000190   20.133104 v _26790_/A1 (sky130_fd_sc_hd__a21oi_1)
     1    0.002738    0.174260    0.213332   20.346436 ^ _26790_/Y (sky130_fd_sc_hd__a21oi_1)
                                                         _00516_ (net)
                      0.174260    0.000197   20.346634 ^ hold1016/A (sky130_fd_sc_hd__dlygate4sd3_1)
     1    0.001955    0.082201    1.069358   21.415991 ^ hold1016/X (sky130_fd_sc_hd__dlygate4sd3_1)
                                                         net2159 (net)
                      0.082201    0.000140   21.416132 ^ _27808_/D (sky130_fd_sc_hd__dfxtp_1)
                                             21.416132   data arrival time

                                 20.000000   20.000000   clock clk (rise edge)
                                  0.000000   20.000000   clock source latency
     2    0.011827    0.093702    0.061789   20.061789 ^ clk (in)
                                                         clk (net)
                      0.093712    0.000000   20.061789 ^ clkbuf_0_clk/A (sky130_fd_sc_hd__clkbuf_16)
     2    0.019680    0.067044    0.231545   20.293333 ^ clkbuf_0_clk/X (sky130_fd_sc_hd__clkbuf_16)
                                                         clknet_0_clk (net)
                      0.067063    0.001410   20.294744 ^ clkbuf_1_0__f_clk/A (sky130_fd_sc_hd__clkbuf_16)
     1    0.006436    0.049764    0.199471   20.494215 ^ clkbuf_1_0__f_clk/X (sky130_fd_sc_hd__clkbuf_16)
                                                         clknet_1_0__leaf_clk (net)
                      0.049765    0.000353   20.494568 ^ u_icg/CLK (sky130_fd_sc_hd__dlclkp_4)
     3    0.041299    0.227604    0.431156   20.925724 ^ u_icg/GCLK (sky130_fd_sc_hd__dlclkp_4)
                                                         core_clk (net)
                      0.228240    0.008594   20.934319 ^ clkbuf_0_core_clk/A (sky130_fd_sc_hd__clkbuf_16)
     5    0.067957    0.131822    0.350786   21.285105 ^ clkbuf_0_core_clk/X (sky130_fd_sc_hd__clkbuf_16)
                                                         clknet_0_core_clk (net)
                      0.132550    0.007134   21.292238 ^ clkbuf_1_0__f_core_clk/A (sky130_fd_sc_hd__clkbuf_16)
    19    0.172266    0.281569    0.412449   21.704687 ^ clkbuf_1_0__f_core_clk/X (sky130_fd_sc_hd__clkbuf_16)
                                                         clknet_1_0__leaf_core_clk (net)
                      0.281725    0.005627   21.710314 ^ clkbuf_leaf_15_core_clk/A (sky130_fd_sc_hd__clkbuf_8)
    15    0.082854    0.234754    0.450056   22.160370 ^ clkbuf_leaf_15_core_clk/X (sky130_fd_sc_hd__clkbuf_8)
                                                         clknet_leaf_15_core_clk (net)
                      0.234830    0.004018   22.164389 ^ u_icg_v/CLK (sky130_fd_sc_hd__dlclkp_4)
     3    0.100786    0.490245    0.688392   22.852779 ^ u_icg_v/GCLK (sky130_fd_sc_hd__dlclkp_4)
                                                         v_clk (net)
                      0.492447    0.026738   22.879519 ^ clkbuf_0_v_clk/A (sky130_fd_sc_hd__clkbuf_16)
     9    0.234760    0.367297    0.627379   23.506897 ^ clkbuf_0_v_clk/X (sky130_fd_sc_hd__clkbuf_16)
                                                         clknet_0_v_clk (net)
                      0.368273    0.015669   23.522566 ^ clkbuf_2_2_0_v_clk/A (sky130_fd_sc_hd__clkbuf_8)
     9    0.126169    0.341119    0.563714   24.086281 ^ clkbuf_2_2_0_v_clk/X (sky130_fd_sc_hd__clkbuf_8)
                                                         clknet_2_2_0_v_clk (net)
                      0.341933    0.012356   24.098637 ^ clkbuf_4_8__f_v_clk/A (sky130_fd_sc_hd__clkbuf_16)
    23    0.145832    0.243294    0.477433   24.576071 ^ clkbuf_4_8__f_v_clk/X (sky130_fd_sc_hd__clkbuf_16)
                                                         clknet_4_8__leaf_v_clk (net)
                      0.244950    0.015632   24.591702 ^ clkbuf_leaf_162_v_clk/A (sky130_fd_sc_hd__clkbuf_8)
     6    0.024006    0.093470    0.324093   24.915794 ^ clkbuf_leaf_162_v_clk/X (sky130_fd_sc_hd__clkbuf_8)
                                                         clknet_leaf_162_v_clk (net)
                      0.093472    0.000648   24.916443 ^ _27808_/CLK (sky130_fd_sc_hd__dfxtp_1)
                                 -0.250000   24.666443   clock uncertainty
                                  0.000000   24.666443   clock reconvergence pessimism
                                 -0.127572   24.538872   library setup time
                                             24.538872   data required time
---------------------------------------------------------------------------------------------
                                             24.538872   data required time
                                            -21.416132   data arrival time
---------------------------------------------------------------------------------------------
                                              3.122740   slack (MET)


Startpoint: _27829_ (rising edge-triggered flip-flop clocked by clk)
Endpoint: _27806_ (rising edge-triggered flip-flop clocked by clk)
Path Group: clk
Path Type: max

Fanout         Cap        Slew       Delay        Time   Description
---------------------------------------------------------------------------------------------
                                  0.000000    0.000000   clock clk (rise edge)
                                  0.000000    0.000000   clock source latency
     2    0.011827    0.093702    0.061790    0.061790 ^ clk (in)
                                                         clk (net)
                      0.093712    0.000000    0.061790 ^ clkbuf_0_clk/A (sky130_fd_sc_hd__clkbuf_16)
     2    0.019680    0.067044    0.231544    0.293334 ^ clkbuf_0_clk/X (sky130_fd_sc_hd__clkbuf_16)
                                                         clknet_0_clk (net)
                      0.067063    0.001411    0.294745 ^ clkbuf_1_0__f_clk/A (sky130_fd_sc_hd__clkbuf_16)
     1    0.006436    0.049764    0.199469    0.494214 ^ clkbuf_1_0__f_clk/X (sky130_fd_sc_hd__clkbuf_16)
                                                         clknet_1_0__leaf_clk (net)
                      0.049765    0.000353    0.494567 ^ u_icg/CLK (sky130_fd_sc_hd__dlclkp_4)
     3    0.041299    0.227604    0.431157    0.925724 ^ u_icg/GCLK (sky130_fd_sc_hd__dlclkp_4)
                                                         core_clk (net)
                      0.228240    0.008594    0.934318 ^ clkbuf_0_core_clk/A (sky130_fd_sc_hd__clkbuf_16)
     5    0.067957    0.131822    0.350787    1.285105 ^ clkbuf_0_core_clk/X (sky130_fd_sc_hd__clkbuf_16)
                                                         clknet_0_core_clk (net)
                      0.132550    0.007133    1.292237 ^ clkbuf_1_0__f_core_clk/A (sky130_fd_sc_hd__clkbuf_16)
    19    0.172266    0.281569    0.412449    1.704686 ^ clkbuf_1_0__f_core_clk/X (sky130_fd_sc_hd__clkbuf_16)
                                                         clknet_1_0__leaf_core_clk (net)
                      0.282391    0.012586    1.717271 ^ clkbuf_leaf_2_core_clk/A (sky130_fd_sc_hd__clkbuf_8)
    27    0.086554    0.243812    0.457562    2.174833 ^ clkbuf_leaf_2_core_clk/X (sky130_fd_sc_hd__clkbuf_8)
                                                         clknet_leaf_2_core_clk (net)
                      0.243941    0.005155    2.179988 ^ _27829_/CLK (sky130_fd_sc_hd__dfxtp_4)
     1    0.007999    0.074996    0.776095    2.956083 ^ _27829_/Q (sky130_fd_sc_hd__dfxtp_4)
                                                         a_gate (net)
                      0.074996    0.000650    2.956733 ^ hold27/A (sky130_fd_sc_hd__dlygate4sd3_1)
     1    0.010491    0.196385    1.140260    4.096993 ^ hold27/X (sky130_fd_sc_hd__dlygate4sd3_1)
                                                         net1170 (net)
                      0.196385    0.000838    4.097831 ^ hold6/A (sky130_fd_sc_hd__clkbuf_8)
     5    0.060432    0.179219    0.371339    4.469170 ^ hold6/X (sky130_fd_sc_hd__clkbuf_8)
                                                         net1149 (net)
                      0.179328    0.004096    4.473266 ^ fanout957/A (sky130_fd_sc_hd__buf_6)
     1    0.005027    0.042210    0.201622    4.674889 ^ fanout957/X (sky130_fd_sc_hd__buf_6)
                                                         net957 (net)
                      0.042210    0.000236    4.675125 ^ hold7/A (sky130_fd_sc_hd__buf_6)
    11    0.189657    0.591844    0.500238    5.175363 ^ hold7/X (sky130_fd_sc_hd__buf_6)
                                                         net1150 (net)
                      0.591900    0.005100    5.180463 ^ fanout877/A (sky130_fd_sc_hd__clkbuf_4)
     3    0.026191    0.148701    0.534307    5.714770 ^ fanout877/X (sky130_fd_sc_hd__clkbuf_4)
                                                         net877 (net)
                      0.148772    0.002988    5.717758 ^ hold8/A (sky130_fd_sc_hd__dlygate4sd3_1)
    11    0.077865    1.161144    1.869163    7.586921 ^ hold8/X (sky130_fd_sc_hd__dlygate4sd3_1)
                                                         net1151 (net)
                      1.161152    0.005349    7.592269 ^ fanout874/A (sky130_fd_sc_hd__buf_2)
    11    0.059541    0.463080    0.839637    8.431906 ^ fanout874/X (sky130_fd_sc_hd__buf_2)
                                                         net874 (net)
                      0.463080    0.001661    8.433567 ^ fanout858/A (sky130_fd_sc_hd__clkbuf_2)
     6    0.028849    0.252847    0.483357    8.916924 ^ fanout858/X (sky130_fd_sc_hd__clkbuf_2)
                                                         net858 (net)
                      0.252850    0.001371    8.918296 ^ fanout855/A (sky130_fd_sc_hd__buf_2)
    21    0.052367    0.408004    0.519164    9.437460 ^ fanout855/X (sky130_fd_sc_hd__buf_2)
                                                         net855 (net)
                      0.408218    0.005019    9.442479 ^ fanout854/A (sky130_fd_sc_hd__buf_2)
    10    0.035832    0.285133    0.494397    9.936876 ^ fanout854/X (sky130_fd_sc_hd__buf_2)
                                                         net854 (net)
                      0.285137    0.001624    9.938500 ^ _26694_/A (sky130_fd_sc_hd__nand3_1)
     2    0.008523    0.273297    0.318094   10.256594 v _26694_/Y (sky130_fd_sc_hd__nand3_1)
                                                         _10047_ (net)
                      0.273297    0.000592   10.257187 v _26696_/B (sky130_fd_sc_hd__nor3_1)
     2    0.005531    0.369959    0.458867   10.716053 ^ _26696_/Y (sky130_fd_sc_hd__nor3_1)
                                                         _10049_ (net)
                      0.369959    0.000187   10.716241 ^ max_cap188/A (sky130_fd_sc_hd__buf_1)
     2    0.010539    0.211814    0.356320   11.072561 ^ max_cap188/X (sky130_fd_sc_hd__buf_1)
                                                         net188 (net)
                      0.211814    0.000478   11.073039 ^ _26697_/A2 (sky130_fd_sc_hd__o211ai_2)
     2    0.007319    0.169277    0.236918   11.309957 v _26697_/Y (sky130_fd_sc_hd__o211ai_2)
                                                         _10050_ (net)
                      0.169277    0.000453   11.310410 v _26698_/A2 (sky130_fd_sc_hd__a211o_1)
     3    0.011321    0.161711    0.664829   11.975239 v _26698_/X (sky130_fd_sc_hd__a211o_1)
                                                         _10051_ (net)
                      0.161713    0.000754   11.975993 v _26700_/A2 (sky130_fd_sc_hd__a211o_1)
     3    0.011213    0.160692    0.660740   12.636733 v _26700_/X (sky130_fd_sc_hd__a211o_1)
                                                         _10053_ (net)
                      0.160694    0.000844   12.637577 v _26701_/A2 (sky130_fd_sc_hd__a211o_1)
     3    0.013600    0.175626    0.683735   13.321312 v _26701_/X (sky130_fd_sc_hd__a211o_1)
                                                         _10054_ (net)
                      0.175629    0.001116   13.322427 v _26703_/A2 (sky130_fd_sc_hd__a211o_1)
     3    0.009688    0.146299    0.651411   13.973838 v _26703_/X (sky130_fd_sc_hd__a211o_1)
                                                         _10056_ (net)
                      0.146299    0.000604   13.974442 v _26704_/A2 (sky130_fd_sc_hd__a211oi_1)
     3    0.011142    0.687572    0.720945   14.695387 ^ _26704_/Y (sky130_fd_sc_hd__a211oi_1)
                                                         _10057_ (net)
                      0.687572    0.000358   14.695745 ^ _26706_/A2 (sky130_fd_sc_hd__o211a_1)
     2    0.006631    0.122666    0.501152   15.196897 ^ _26706_/X (sky130_fd_sc_hd__o211a_1)
                                                         _10059_ (net)
                      0.122666    0.000378   15.197275 ^ _26707_/B1 (sky130_fd_sc_hd__a21o_1)
     3    0.010236    0.157607    0.230635   15.427910 ^ _26707_/X (sky130_fd_sc_hd__a21o_1)
                                                         _10060_ (net)
                      0.157607    0.000545   15.428455 ^ _26708_/A2 (sky130_fd_sc_hd__a21boi_1)
     2    0.005446    0.127002    0.190751   15.619205 v _26708_/Y (sky130_fd_sc_hd__a21boi_1)
                                                         _10061_ (net)
                      0.127002    0.000338   15.619543 v _26709_/C (sky130_fd_sc_hd__or3_1)
     2    0.004565    0.157426    0.766827   16.386370 v _26709_/X (sky130_fd_sc_hd__or3_1)
                                                         _10062_ (net)
                      0.157426    0.000147   16.386517 v _26710_/B (sky130_fd_sc_hd__and2b_1)
     3    0.008917    0.115195    0.412085   16.798601 v _26710_/X (sky130_fd_sc_hd__and2b_1)
                                                         _10063_ (net)
                      0.115195    0.000579   16.799181 v _26717_/A (sky130_fd_sc_hd__and2_2)
     6    0.027943    0.168523    0.486379   17.285561 v _26717_/X (sky130_fd_sc_hd__and2_2)
                                                         _10070_ (net)
                      0.168545    0.001986   17.287546 v _26769_/B (sky130_fd_sc_hd__or2_2)
     6    0.026884    0.220746    0.818414   18.105961 v _26769_/X (sky130_fd_sc_hd__or2_2)
                                                         _10121_ (net)
                      0.220753    0.001569   18.107529 v _26777_/A (sky130_fd_sc_hd__or3b_1)
     1    0.002245    0.130992    0.891569   18.999098 v _26777_/X (sky130_fd_sc_hd__or3b_1)
                                                         _10128_ (net)
                      0.130992    0.000142   18.999241 v hold1005/A (sky130_fd_sc_hd__dlygate4sd3_1)
     1    0.002658    0.104579    1.150084   20.149324 v hold1005/X (sky130_fd_sc_hd__dlygate4sd3_1)
                                                         net2148 (net)
                      0.104579    0.000197   20.149521 v _26779_/A1 (sky130_fd_sc_hd__a21oi_1)
     1    0.002774    0.175246    0.214262   20.363785 ^ _26779_/Y (sky130_fd_sc_hd__a21oi_1)
                                                         _00514_ (net)
                      0.175246    0.000172   20.363956 ^ hold1006/A (sky130_fd_sc_hd__dlygate4sd3_1)
     1    0.002077    0.083717    1.071626   21.435583 ^ hold1006/X (sky130_fd_sc_hd__dlygate4sd3_1)
                                                         net2149 (net)
                      0.083717    0.000139   21.435720 ^ _27806_/D (sky130_fd_sc_hd__dfxtp_1)
                                             21.435720   data arrival time

                                 20.000000   20.000000   clock clk (rise edge)
                                  0.000000   20.000000   clock source latency
     2    0.011827    0.093702    0.061789   20.061789 ^ clk (in)
                                                         clk (net)
                      0.093712    0.000000   20.061789 ^ clkbuf_0_clk/A (sky130_fd_sc_hd__clkbuf_16)
     2    0.019680    0.067044    0.231545   20.293333 ^ clkbuf_0_clk/X (sky130_fd_sc_hd__clkbuf_16)
                                                         clknet_0_clk (net)
                      0.067063    0.001410   20.294744 ^ clkbuf_1_0__f_clk/A (sky130_fd_sc_hd__clkbuf_16)
     1    0.006436    0.049764    0.199471   20.494215 ^ clkbuf_1_0__f_clk/X (sky130_fd_sc_hd__clkbuf_16)
                                                         clknet_1_0__leaf_clk (net)
                      0.049765    0.000353   20.494568 ^ u_icg/CLK (sky130_fd_sc_hd__dlclkp_4)
     3    0.041299    0.227604    0.431156   20.925724 ^ u_icg/GCLK (sky130_fd_sc_hd__dlclkp_4)
                                                         core_clk (net)
                      0.228240    0.008594   20.934319 ^ clkbuf_0_core_clk/A (sky130_fd_sc_hd__clkbuf_16)
     5    0.067957    0.131822    0.350786   21.285105 ^ clkbuf_0_core_clk/X (sky130_fd_sc_hd__clkbuf_16)
                                                         clknet_0_core_clk (net)
                      0.132550    0.007134   21.292238 ^ clkbuf_1_0__f_core_clk/A (sky130_fd_sc_hd__clkbuf_16)
    19    0.172266    0.281569    0.412449   21.704687 ^ clkbuf_1_0__f_core_clk/X (sky130_fd_sc_hd__clkbuf_16)
                                                         clknet_1_0__leaf_core_clk (net)
                      0.281725    0.005627   21.710314 ^ clkbuf_leaf_15_core_clk/A (sky130_fd_sc_hd__clkbuf_8)
    15    0.082854    0.234754    0.450056   22.160370 ^ clkbuf_leaf_15_core_clk/X (sky130_fd_sc_hd__clkbuf_8)
                                                         clknet_leaf_15_core_clk (net)
                      0.234830    0.004018   22.164389 ^ u_icg_v/CLK (sky130_fd_sc_hd__dlclkp_4)
     3    0.100786    0.490245    0.688392   22.852779 ^ u_icg_v/GCLK (sky130_fd_sc_hd__dlclkp_4)
                                                         v_clk (net)
                      0.492447    0.026738   22.879519 ^ clkbuf_0_v_clk/A (sky130_fd_sc_hd__clkbuf_16)
     9    0.234760    0.367297    0.627379   23.506897 ^ clkbuf_0_v_clk/X (sky130_fd_sc_hd__clkbuf_16)
                                                         clknet_0_v_clk (net)
                      0.371496    0.031513   23.538408 ^ clkbuf_2_0_0_v_clk/A (sky130_fd_sc_hd__clkbuf_8)
     9    0.116895    0.319050    0.548930   24.087339 ^ clkbuf_2_0_0_v_clk/X (sky130_fd_sc_hd__clkbuf_8)
                                                         clknet_2_0_0_v_clk (net)
                      0.319698    0.010816   24.098156 ^ clkbuf_4_2__f_v_clk/A (sky130_fd_sc_hd__clkbuf_16)
    31    0.171306    0.279694    0.491843   24.589998 ^ clkbuf_4_2__f_v_clk/X (sky130_fd_sc_hd__clkbuf_16)
                                                         clknet_4_2__leaf_v_clk (net)
                      0.283802    0.027155   24.617153 ^ clkbuf_leaf_181_v_clk/A (sky130_fd_sc_hd__clkbuf_8)
     6    0.022036    0.089477    0.335817   24.952971 ^ clkbuf_leaf_181_v_clk/X (sky130_fd_sc_hd__clkbuf_8)
                                                         clknet_leaf_181_v_clk (net)
                      0.089490    0.001096   24.954065 ^ _27806_/CLK (sky130_fd_sc_hd__dfxtp_1)
                                 -0.250000   24.704067   clock uncertainty
                                  0.000000   24.704067   clock reconvergence pessimism
                                 -0.128639   24.575428   library setup time
                                             24.575428   data required time
---------------------------------------------------------------------------------------------
                                             24.575428   data required time
                                            -21.435720   data arrival time
---------------------------------------------------------------------------------------------
                                              3.139707   slack (MET)


Startpoint: _27829_ (rising edge-triggered flip-flop clocked by clk)
Endpoint: _28386_ (rising edge-triggered flip-flop clocked by clk)
Path Group: clk
Path Type: max

Fanout         Cap        Slew       Delay        Time   Description
---------------------------------------------------------------------------------------------
                                  0.000000    0.000000   clock clk (rise edge)
                                  0.000000    0.000000   clock source latency
     2    0.011827    0.093702    0.061790    0.061790 ^ clk (in)
                                                         clk (net)
                      0.093712    0.000000    0.061790 ^ clkbuf_0_clk/A (sky130_fd_sc_hd__clkbuf_16)
     2    0.019680    0.067044    0.231544    0.293334 ^ clkbuf_0_clk/X (sky130_fd_sc_hd__clkbuf_16)
                                                         clknet_0_clk (net)
                      0.067063    0.001411    0.294745 ^ clkbuf_1_0__f_clk/A (sky130_fd_sc_hd__clkbuf_16)
     1    0.006436    0.049764    0.199469    0.494214 ^ clkbuf_1_0__f_clk/X (sky130_fd_sc_hd__clkbuf_16)
                                                         clknet_1_0__leaf_clk (net)
                      0.049765    0.000353    0.494567 ^ u_icg/CLK (sky130_fd_sc_hd__dlclkp_4)
     3    0.041299    0.227604    0.431157    0.925724 ^ u_icg/GCLK (sky130_fd_sc_hd__dlclkp_4)
                                                         core_clk (net)
                      0.228240    0.008594    0.934318 ^ clkbuf_0_core_clk/A (sky130_fd_sc_hd__clkbuf_16)
     5    0.067957    0.131822    0.350787    1.285105 ^ clkbuf_0_core_clk/X (sky130_fd_sc_hd__clkbuf_16)
                                                         clknet_0_core_clk (net)
                      0.132550    0.007133    1.292237 ^ clkbuf_1_0__f_core_clk/A (sky130_fd_sc_hd__clkbuf_16)
    19    0.172266    0.281569    0.412449    1.704686 ^ clkbuf_1_0__f_core_clk/X (sky130_fd_sc_hd__clkbuf_16)
                                                         clknet_1_0__leaf_core_clk (net)
                      0.282391    0.012586    1.717271 ^ clkbuf_leaf_2_core_clk/A (sky130_fd_sc_hd__clkbuf_8)
    27    0.086554    0.243812    0.457562    2.174833 ^ clkbuf_leaf_2_core_clk/X (sky130_fd_sc_hd__clkbuf_8)
                                                         clknet_leaf_2_core_clk (net)
                      0.243941    0.005155    2.179988 ^ _27829_/CLK (sky130_fd_sc_hd__dfxtp_4)
     1    0.007999    0.074996    0.776095    2.956083 ^ _27829_/Q (sky130_fd_sc_hd__dfxtp_4)
                                                         a_gate (net)
                      0.074996    0.000650    2.956733 ^ hold27/A (sky130_fd_sc_hd__dlygate4sd3_1)
     1    0.010491    0.196385    1.140260    4.096993 ^ hold27/X (sky130_fd_sc_hd__dlygate4sd3_1)
                                                         net1170 (net)
                      0.196385    0.000838    4.097831 ^ hold6/A (sky130_fd_sc_hd__clkbuf_8)
     5    0.060432    0.179219    0.371339    4.469170 ^ hold6/X (sky130_fd_sc_hd__clkbuf_8)
                                                         net1149 (net)
                      0.179328    0.004096    4.473266 ^ fanout957/A (sky130_fd_sc_hd__buf_6)
     1    0.005027    0.042210    0.201622    4.674889 ^ fanout957/X (sky130_fd_sc_hd__buf_6)
                                                         net957 (net)
                      0.042210    0.000236    4.675125 ^ hold7/A (sky130_fd_sc_hd__buf_6)
    11    0.189657    0.591844    0.500238    5.175363 ^ hold7/X (sky130_fd_sc_hd__buf_6)
                                                         net1150 (net)
                      0.591900    0.005100    5.180463 ^ fanout877/A (sky130_fd_sc_hd__clkbuf_4)
     3    0.026191    0.148701    0.534307    5.714770 ^ fanout877/X (sky130_fd_sc_hd__clkbuf_4)
