     Internal    Switching      Leakage        Total
        Power        Power        Power        Power (Watts)
----------------------------------------------------
 8.913742e-07 3.503153e-06 1.226861e-11 4.394540e-06 clkbuf_0_core_clk
 4.416196e-07 2.073450e-06 7.180321e-12 2.515077e-06 clkbuf_4_9_0_core_clk
 3.481812e-07 1.976868e-06 1.117931e-11 2.325060e-06 clkbuf_0_v_clk
 3.053270e-07 1.594466e-06 1.109070e-11 1.899804e-06 clkbuf_0_w_clk
 4.403688e-07 1.448897e-06 7.180321e-12 1.889273e-06 clkbuf_4_8_0_core_clk
 4.375505e-07 1.102743e-06 7.180321e-12 1.540300e-06 clkbuf_4_14_0_core_clk
 4.362616e-07 1.038231e-06 7.180321e-12 1.474500e-06 clkbuf_4_6_0_core_clk
 4.348152e-07 9.706782e-07 7.180321e-12 1.405501e-06 clkbuf_4_3_0_core_clk
 4.344384e-07 9.560428e-07 7.180321e-12 1.390488e-06 clkbuf_4_4_0_core_clk
 4.338210e-07 9.314483e-07 7.180321e-12 1.365276e-06 clkbuf_4_15_0_core_clk
 4.338872e-07 9.305855e-07 7.180321e-12 1.364480e-06 clkbuf_4_10_0_core_clk
 4.329828e-07 8.881864e-07 7.180321e-12 1.321176e-06 clkbuf_4_0_0_core_clk
 4.327615e-07 8.798660e-07 7.180321e-12 1.312635e-06 clkbuf_4_11_0_core_clk
 4.326402e-07 8.735290e-07 7.180321e-12 1.306176e-06 clkbuf_4_5_0_core_clk
 4.326613e-07 8.693319e-07 7.180321e-12 1.302000e-06 clkbuf_4_2_0_core_clk
 4.320659e-07 8.434975e-07 7.180321e-12 1.275571e-06 clkbuf_4_7_0_core_clk
 4.316925e-07 8.347094e-07 7.180321e-12 1.266409e-06 clkbuf_4_12_0_core_clk
 8.710816e-07 3.947241e-07 1.232310e-11 1.265818e-06 clkbuf_1_0__f_clk
 4.283004e-07 7.947511e-07 8.295129e-12 1.223060e-06 u_icg
 1.507321e-07 1.052662e-06 7.079642e-12 1.203402e-06 fanout312
 2.987687e-07 9.036189e-07 1.109070e-11 1.202399e-06 clkbuf_2_2__f_w_clk
 4.303275e-07 7.706515e-07 7.180321e-12 1.200986e-06 clkbuf_4_13_0_core_clk
 2.984454e-07 8.912313e-07 1.109070e-11 1.189688e-06 clkbuf_2_1__f_w_clk
 2.985963e-07 8.788110e-07 1.109070e-11 1.177418e-06 clkbuf_2_0__f_w_clk
 8.699473e-07 3.009440e-07 1.232310e-11 1.170904e-06 clkbuf_0_clk
 4.295511e-07 7.310104e-07 7.180321e-12 1.160569e-06 clkbuf_4_1_0_core_clk
 1.478365e-07 9.452388e-07 7.300157e-12 1.093083e-06 fanout450
 2.983691e-07 7.720021e-07 1.109070e-11 1.070382e-06 clkbuf_2_3__f_w_clk
 3.400038e-07 6.978901e-07 1.117931e-11 1.037905e-06 clkbuf_3_4__f_v_clk
 3.393132e-07 6.729948e-07 1.117931e-11 1.012319e-06 clkbuf_3_2__f_v_clk
 3.390399e-07 6.314615e-07 1.117931e-11 9.705125e-07 clkbuf_3_6__f_v_clk
 8.398110e-07 1.044496e-07 1.232310e-11 9.442729e-07 clkbuf_1_1__f_clk
 3.374131e-07 5.831837e-07 1.117931e-11 9.206080e-07 clkbuf_3_5__f_v_clk
 3.372057e-07 5.797514e-07 1.117931e-11 9.169683e-07 clkbuf_3_7__f_v_clk
 3.363419e-07 5.541250e-07 1.117931e-11 8.904781e-07 clkbuf_3_1__f_v_clk
 3.345409e-07 5.102961e-07 1.117931e-11 8.448482e-07 clkbuf_3_0__f_v_clk
 3.323950e-07 4.563733e-07 1.117931e-11 7.887796e-07 clkbuf_3_3__f_v_clk
 7.465846e-08 7.062299e-07 4.694462e-12 7.808930e-07 fanout297
 2.961663e-07 4.104605e-07 8.818219e-12 7.066356e-07 u_icg_v
 7.533011e-08 4.931520e-07 4.508097e-12 5.684866e-07 fanout472
 2.812731e-07 2.731535e-07 8.858546e-12 5.544354e-07 u_icg_w
 7.525441e-08 4.749627e-07 4.507038e-12 5.502216e-07 fanout449
 7.535591e-08 4.454560e-07 4.508097e-12 5.208165e-07 fanout481
 7.527503e-08 4.134820e-07 4.694462e-12 4.887618e-07 fanout296
 7.590738e-08 3.939332e-07 4.694462e-12 4.698453e-07 fanout285
 7.599567e-08 3.731787e-07 4.694462e-12 4.491790e-07 fanout290
 7.564112e-08 3.700640e-07 4.508097e-12 4.457096e-07 fanout491
 7.564158e-08 3.571037e-07 4.694462e-12 4.327499e-07 fanout311
 7.665478e-08 3.464484e-07 4.694462e-12 4.231079e-07 fanout294
 7.553997e-08 3.416843e-07 4.694462e-12 4.172290e-07 fanout295
 7.580864e-08 3.186565e-07 4.694462e-12 3.944699e-07 fanout298
 1.693844e-07 2.153510e-07 6.988837e-12 3.847423e-07 clkbuf_leaf_26_v_clk
 1.693630e-07 2.147802e-07 6.988837e-12 3.841502e-07 clkbuf_leaf_23_v_clk
 1.698694e-07 2.112666e-07 6.988837e-12 3.811430e-07 clkbuf_leaf_49_v_clk
 7.615839e-08 3.017649e-07 4.694462e-12 3.779280e-07 fanout305
 1.687180e-07 2.080275e-07 6.988837e-12 3.767525e-07 clkbuf_leaf_6_v_clk
 1.686976e-07 2.060792e-07 6.988837e-12 3.747839e-07 clkbuf_leaf_11_v_clk
 1.691013e-07 2.052116e-07 6.988837e-12 3.743199e-07 clkbuf_leaf_31_v_clk
 1.686662e-07 2.039998e-07 6.988837e-12 3.726730e-07 clkbuf_leaf_47_v_clk
 1.685961e-07 2.033665e-07 6.988837e-12 3.719696e-07 clkbuf_leaf_8_v_clk
 7.643051e-08 2.953269e-07 4.508097e-12 3.717620e-07 fanout462
 1.691400e-07 2.021156e-07 6.988837e-12 3.712626e-07 clkbuf_leaf_3_v_clk
 5.349379e-08 3.164278e-07 1.341302e-11 3.699350e-07 fanout230
 1.684894e-07 1.975367e-07 6.988837e-12 3.660331e-07 clkbuf_leaf_46_v_clk
 1.689095e-07 1.936759e-07 6.988837e-12 3.625924e-07 clkbuf_leaf_61_v_clk
 1.691024e-07 1.929646e-07 6.988837e-12 3.620740e-07 clkbuf_leaf_59_v_clk
 1.683594e-07 1.936910e-07 6.988837e-12 3.620574e-07 clkbuf_leaf_13_v_clk
 1.693451e-07 1.926623e-07 6.988837e-12 3.620144e-07 clkbuf_leaf_44_v_clk
 1.687243e-07 1.916165e-07 6.988837e-12 3.603477e-07 clkbuf_leaf_29_v_clk
 1.470911e-07 2.092068e-07 6.973262e-12 3.563049e-07 clkbuf_leaf_7_w_clk
 1.470408e-07 2.084063e-07 6.973262e-12 3.554541e-07 clkbuf_leaf_13_w_clk
 1.682279e-07 1.851020e-07 6.988837e-12 3.533369e-07 clkbuf_leaf_36_v_clk
 1.469471e-07 2.042483e-07 6.973262e-12 3.512023e-07 clkbuf_leaf_12_w_clk
 1.685958e-07 1.823767e-07 6.988837e-12 3.509795e-07 clkbuf_leaf_1_v_clk
 1.683702e-07 1.802213e-07 6.988837e-12 3.485985e-07 clkbuf_leaf_18_v_clk
 1.683842e-07 1.793869e-07 6.988837e-12 3.477782e-07 clkbuf_leaf_27_v_clk
 1.679408e-07 1.774460e-07 6.988837e-12 3.453937e-07 clkbuf_leaf_55_v_clk
 1.679233e-07 1.766841e-07 6.988837e-12 3.446144e-07 clkbuf_leaf_51_v_clk
 1.678879e-07 1.754481e-07 6.988837e-12 3.433431e-07 clkbuf_leaf_50_v_clk
 1.467586e-07 1.964576e-07 6.973262e-12 3.432232e-07 clkbuf_leaf_11_w_clk
 1.688242e-07 1.741419e-07 6.988837e-12 3.429730e-07 clkbuf_leaf_42_v_clk
 1.679303e-07 1.740447e-07 6.988837e-12 3.419819e-07 clkbuf_leaf_34_v_clk
 1.678966e-07 1.727694e-07 6.988837e-12 3.406730e-07 clkbuf_leaf_35_v_clk
 1.677608e-07 1.727465e-07 6.988837e-12 3.405142e-07 clkbuf_leaf_7_v_clk
 1.678927e-07 1.719638e-07 6.988837e-12 3.398635e-07 clkbuf_leaf_33_v_clk
 1.681070e-07 1.711844e-07 6.988837e-12 3.392984e-07 clkbuf_leaf_21_v_clk
 1.682700e-07 1.709041e-07 6.988837e-12 3.391811e-07 clkbuf_leaf_4_v_clk
 1.466104e-07 1.904376e-07 6.973262e-12 3.370550e-07 clkbuf_leaf_8_w_clk
 1.677214e-07 1.693218e-07 6.988837e-12 3.370502e-07 clkbuf_leaf_52_v_clk
 1.677520e-07 1.679610e-07 6.988837e-12 3.357200e-07 clkbuf_leaf_38_v_clk
 1.676355e-07 1.678378e-07 6.988837e-12 3.354803e-07 clkbuf_leaf_9_v_clk
 1.680484e-07 1.673258e-07 6.988837e-12 3.353811e-07 clkbuf_leaf_24_v_clk
 1.683681e-07 1.666875e-07 6.988837e-12 3.350626e-07 clkbuf_leaf_58_v_clk
 1.679393e-07 1.648829e-07 6.988837e-12 3.328291e-07 clkbuf_leaf_19_v_clk
 1.682864e-07 1.638873e-07 6.988837e-12 3.321807e-07 clkbuf_leaf_56_v_clk
 1.676304e-07 1.634166e-07 6.988837e-12 3.310540e-07 clkbuf_leaf_39_v_clk
 4.268705e-08 2.880884e-07 3.987426e-12 3.307795e-07 fanout484
 1.468005e-07 1.828063e-07 6.973262e-12 3.296138e-07 clkbuf_leaf_20_w_clk
 1.675116e-07 1.617113e-07 6.988837e-12 3.292299e-07 clkbuf_leaf_48_v_clk
 1.463187e-07 1.827582e-07 6.973262e-12 3.290838e-07 clkbuf_leaf_36_w_clk
 1.684165e-07 1.596799e-07 6.988837e-12 3.281033e-07 clkbuf_leaf_41_v_clk
 1.683882e-07 1.586266e-07 6.988837e-12 3.270218e-07 clkbuf_leaf_43_v_clk
 1.677587e-07 1.583336e-07 6.988837e-12 3.260994e-07 clkbuf_leaf_16_v_clk
 1.462655e-07 1.783994e-07 6.973262e-12 3.246719e-07 clkbuf_leaf_45_w_clk
 1.467032e-07 1.775456e-07 6.973262e-12 3.242558e-07 clkbuf_leaf_24_w_clk
 1.673028e-07 1.547741e-07 6.988837e-12 3.220839e-07 clkbuf_leaf_14_v_clk
 1.673025e-07 1.540016e-07 6.988837e-12 3.213111e-07 clkbuf_leaf_53_v_clk
 1.462112e-07 1.744754e-07 6.973262e-12 3.206936e-07 clkbuf_leaf_1_w_clk
 1.673805e-07 1.532207e-07 6.988837e-12 3.206082e-07 clkbuf_leaf_32_v_clk
 1.673317e-07 1.527190e-07 6.988837e-12 3.200577e-07 clkbuf_leaf_40_v_clk
 1.672625e-07 1.526184e-07 6.988837e-12 3.198879e-07 clkbuf_leaf_45_v_clk
 1.461823e-07 1.727714e-07 6.973262e-12 3.189607e-07 clkbuf_leaf_6_w_clk
 1.671876e-07 1.511311e-07 6.988837e-12 3.183257e-07 clkbuf_leaf_10_v_clk
 1.672084e-07 1.506032e-07 6.988837e-12 3.178186e-07 clkbuf_leaf_54_v_clk
 1.675128e-07 1.496305e-07 6.988837e-12 3.171502e-07 clkbuf_leaf_22_v_clk
 1.675152e-07 1.493899e-07 6.988837e-12 3.169121e-07 clkbuf_leaf_17_v_clk
 1.678451e-07 1.479940e-07 6.988837e-12 3.158461e-07 clkbuf_leaf_0_v_clk
 1.672280e-07 1.485157e-07 6.988837e-12 3.157507e-07 clkbuf_leaf_30_v_clk
 1.672152e-07 1.484082e-07 6.988837e-12 3.156304e-07 clkbuf_leaf_37_v_clk
 1.676284e-07 1.478322e-07 6.988837e-12 3.154676e-07 clkbuf_leaf_5_v_clk
 1.677717e-07 1.454670e-07 6.988837e-12 3.132457e-07 clkbuf_leaf_57_v_clk
 1.675609e-07 1.451627e-07 6.988837e-12 3.127306e-07 clkbuf_leaf_2_v_clk
 1.460168e-07 1.666619e-07 6.973262e-12 3.126857e-07 clkbuf_leaf_9_w_clk
 1.459432e-07 1.664293e-07 6.973262e-12 3.123795e-07 clkbuf_leaf_34_w_clk
 1.463168e-07 1.647874e-07 6.973262e-12 3.111112e-07 clkbuf_leaf_16_w_clk
 1.673930e-07 1.436397e-07 6.988837e-12 3.110397e-07 clkbuf_leaf_25_v_clk
 1.669831e-07 1.434078e-07 6.988837e-12 3.103979e-07 clkbuf_leaf_12_v_clk
 1.458532e-07 1.639724e-07 6.973262e-12 3.098326e-07 clkbuf_leaf_38_w_clk
 1.673180e-07 1.424228e-07 6.988837e-12 3.097478e-07 clkbuf_leaf_20_v_clk
 1.462901e-07 1.611132e-07 6.973262e-12 3.074103e-07 clkbuf_leaf_25_w_clk
 1.674036e-07 1.395051e-07 6.988837e-12 3.069157e-07 clkbuf_leaf_60_v_clk
 1.461582e-07 1.566447e-07 6.973262e-12 3.028098e-07 clkbuf_leaf_23_w_clk
 1.461508e-07 1.556037e-07 6.973262e-12 3.017614e-07 clkbuf_leaf_28_w_clk
 1.460809e-07 1.552217e-07 6.973262e-12 3.013095e-07 clkbuf_leaf_17_w_clk
 1.457755e-07 1.555066e-07 6.973262e-12 3.012891e-07 clkbuf_leaf_43_w_clk
 1.456835e-07 1.545668e-07 6.973262e-12 3.002573e-07 clkbuf_leaf_46_w_clk
 1.457207e-07 1.544353e-07 6.973262e-12 3.001630e-07 clkbuf_leaf_50_w_clk
 1.456139e-07 1.529616e-07 6.973262e-12 2.985825e-07 clkbuf_leaf_33_w_clk
 1.456253e-07 1.515955e-07 6.973262e-12 2.972278e-07 clkbuf_leaf_14_w_clk
 1.454591e-07 1.480690e-07 6.973262e-12 2.935350e-07 clkbuf_leaf_39_w_clk
 1.663083e-07 1.271017e-07 6.988837e-12 2.934170e-07 clkbuf_leaf_15_v_clk
 1.455411e-07 1.477322e-07 6.973262e-12 2.932803e-07 clkbuf_leaf_2_w_clk
 1.454482e-07 1.472051e-07 6.973262e-12 2.926602e-07 clkbuf_leaf_37_w_clk
 1.664777e-07 1.246982e-07 6.988837e-12 2.911829e-07 clkbuf_leaf_28_v_clk
 1.458612e-07 1.452410e-07 6.973262e-12 2.911091e-07 clkbuf_leaf_22_w_clk
 1.454410e-07 1.432953e-07 6.973262e-12 2.887433e-07 clkbuf_leaf_0_w_clk
 1.457604e-07 1.418520e-07 6.973262e-12 2.876194e-07 clkbuf_leaf_19_w_clk
 1.453776e-07 1.414281e-07 6.973262e-12 2.868127e-07 clkbuf_leaf_47_w_clk
 1.452730e-07 1.385289e-07 6.973262e-12 2.838088e-07 clkbuf_leaf_32_w_clk
 1.456325e-07 1.357284e-07 6.973262e-12 2.813679e-07 clkbuf_leaf_27_w_clk
 1.452238e-07 1.332334e-07 6.973262e-12 2.784641e-07 clkbuf_leaf_44_w_clk
 1.449521e-07 1.276285e-07 6.973262e-12 2.725876e-07 clkbuf_leaf_40_w_clk
 1.447967e-07 1.191396e-07 6.973262e-12 2.639432e-07 clkbuf_leaf_30_w_clk
 1.447247e-07 1.178530e-07 6.973262e-12 2.625846e-07 clkbuf_leaf_35_w_clk
 2.207412e-08 2.329773e-07 6.896850e-12 2.550584e-07 hold29
 6.666757e-08 1.840223e-07 1.143750e-11 2.507013e-07 fanout718
 5.986395e-08 1.899164e-07 1.346902e-11 2.497939e-07 fanout437
 4.306021e-08 2.023812e-07 4.321774e-12 2.454458e-07 fanout289
 4.287777e-08 1.977602e-07 3.987426e-12 2.406420e-07 fanout479
 4.306050e-08 1.884437e-07 3.987426e-12 2.315082e-07 fanout488
 5.043103e-08 1.787803e-07 1.362106e-11 2.292249e-07 fanout376
 3.652629e-08 1.925579e-07 7.098394e-12 2.290913e-07 fanout742
 3.513786e-08 1.878780e-07 7.022947e-12 2.230229e-07 fanout224
 4.287574e-08 1.793430e-07 3.987426e-12 2.222228e-07 fanout467
 4.289055e-08 1.722682e-07 4.321774e-12 2.151631e-07 fanout286
 3.310855e-08 1.783074e-07 7.094781e-12 2.114230e-07 fanout132
 4.299274e-08 1.669783e-07 4.321774e-12 2.099754e-07 fanout302
 3.838306e-08 1.697899e-07 7.069611e-12 2.081800e-07 fanout727
 3.499293e-08 1.710286e-07 7.063755e-12 2.060286e-07 fanout735
 2.041165e-07 0.000000e+00 4.608891e-12 2.041212e-07 clkload6
 3.648492e-08 1.636326e-07 7.098394e-12 2.001246e-07 fanout743
 3.799625e-08 1.608371e-07 7.069611e-12 1.988404e-07 fanout731
 3.476065e-08 1.604327e-07 7.176396e-12 1.952005e-07 fanout387
 1.829632e-08 1.746397e-07 4.707965e-12 1.929407e-07 fanout739
 3.380761e-08 1.580587e-07 7.164309e-12 1.918735e-07 fanout428
 3.339508e-08 1.531568e-07 7.034224e-12 1.865589e-07 fanout724
 3.429580e-08 1.499308e-07 7.022947e-12 1.842336e-07 fanout222
 4.278515e-08 1.384348e-07 4.321774e-12 1.812243e-07 fanout308
 3.834947e-08 1.425371e-07 7.318753e-12 1.808939e-07 fanout262
 3.879943e-08 1.408632e-07 7.069611e-12 1.796697e-07 fanout730
 3.113272e-08 1.478520e-07 7.212966e-12 1.789920e-07 fanout385
 2.655331e-08 1.470801e-07 7.013042e-12 1.736404e-07 fanout396
 3.337183e-08 1.382069e-07 7.034224e-12 1.715857e-07 fanout720
 1.580551e-08 1.539969e-07 4.595865e-12 1.698070e-07 fanout675
 1.141513e-08 1.554333e-07 4.802272e-12 1.668532e-07 fanout203
 2.202032e-08 1.442914e-07 7.482855e-12 1.663193e-07 fanout351
 3.335692e-08 1.313490e-07 7.345481e-12 1.647133e-07 fanout521
 2.223426e-08 1.394674e-07 6.959463e-12 1.617087e-07 fanout265
 3.095387e-08 1.279547e-07 7.166739e-12 1.589157e-07 fanout383
 1.616818e-08 1.426542e-07 7.408779e-12 1.588298e-07 fanout177
 3.081047e-08 1.277638e-07 7.306730e-12 1.585816e-07 fanout528
 1.571118e-07 0.000000e+00 6.816497e-12 1.571186e-07 clkload2
 1.559764e-07 0.000000e+00 6.816497e-12 1.559832e-07 clkload10
 1.558792e-07 0.000000e+00 6.988837e-12 1.558862e-07 clkload97
 1.558753e-07 0.000000e+00 6.988837e-12 1.558822e-07 clkload87
 1.558607e-07 0.000000e+00 6.988837e-12 1.558677e-07 clkload100
 1.558209e-07 0.000000e+00 6.988837e-12 1.558279e-07 clkload69
 1.558139e-07 0.000000e+00 6.988837e-12 1.558209e-07 clkload99
 1.558003e-07 0.000000e+00 6.988837e-12 1.558073e-07 clkload60
 1.557728e-07 0.000000e+00 6.988837e-12 1.557798e-07 clkload96
 1.557699e-07 0.000000e+00 6.988837e-12 1.557769e-07 clkload75
 1.557668e-07 0.000000e+00 6.988837e-12 1.557738e-07 clkload95
 1.557514e-07 0.000000e+00 6.988837e-12 1.557583e-07 clkload73
 1.557325e-07 0.000000e+00 6.988837e-12 1.557395e-07 clkload61
 1.556872e-07 0.000000e+00 6.988837e-12 1.556942e-07 clkload77
 1.556812e-07 0.000000e+00 6.988837e-12 1.556882e-07 clkload83
 2.315909e-08 1.325089e-07 6.952796e-12 1.556749e-07 fanout202
 1.556609e-07 0.000000e+00 6.988837e-12 1.556678e-07 clkload67
 1.556367e-07 0.000000e+00 6.988837e-12 1.556437e-07 clkload79
 3.345105e-08 1.208888e-07 7.345481e-12 1.543472e-07 fanout517
 3.368120e-08 1.180962e-07 7.034224e-12 1.517844e-07 fanout719
 1.406572e-08 1.355552e-07 7.437438e-12 1.496283e-07 fanout175
 1.544358e-08 1.341074e-07 4.501452e-12 1.495555e-07 fanout526
 3.158035e-08 1.170840e-07 7.184059e-12 1.486715e-07 fanout543
 1.511835e-08 1.318761e-07 7.466533e-12 1.470019e-07 fanout130
 3.319625e-08 1.125081e-07 7.200070e-12 1.457116e-07 fanout421
 2.293248e-08 1.218667e-07 7.432764e-12 1.448066e-07 fanout372
 2.682024e-08 1.162231e-07 7.366664e-12 1.430507e-07 fanout392
 3.112912e-08 1.076678e-07 7.306730e-12 1.388042e-07 fanout527
 3.103234e-08 1.069861e-07 7.306730e-12 1.380258e-07 fanout531
 2.031565e-08 1.174934e-07 7.126866e-12 1.378162e-07 fanout548
 1.360520e-07 0.000000e+00 6.973262e-12 1.360590e-07 clkload51
 1.360010e-07 0.000000e+00 6.973262e-12 1.360080e-07 clkload37
 1.359288e-07 0.000000e+00 6.973262e-12 1.359357e-07 clkload45
 1.349158e-07 0.000000e+00 6.973262e-12 1.349228e-07 clkload18
 1.565155e-08 1.138481e-07 4.700128e-12 1.295044e-07 fanout698
 2.507320e-08 1.037122e-07 7.404169e-12 1.287928e-07 fanout379
 1.928937e-08 1.017073e-07 7.445225e-12 1.210041e-07 fanout194
 1.352618e-08 1.065158e-07 7.443232e-12 1.200494e-07 fanout189
 2.241943e-08 9.458240e-08 7.482855e-12 1.170093e-07 fanout352
 1.564415e-08 9.893729e-08 4.620435e-12 1.145861e-07 fanout384
 1.570485e-08 9.758272e-08 4.700128e-12 1.132923e-07 fanout716
 1.607346e-08 9.515680e-08 4.595865e-12 1.112349e-07 fanout681
 1.607786e-08 9.494843e-08 4.595865e-12 1.110309e-07 fanout680
 1.709379e-08 9.334177e-08 4.622500e-12 1.104402e-07 fanout429
 1.557360e-08 9.294403e-08 4.700128e-12 1.085223e-07 fanout690
 1.602852e-08 9.124589e-08 4.595865e-12 1.072790e-07 fanout676
 1.539425e-08 9.080418e-08 7.463791e-12 1.062059e-07 fanout171
 1.565525e-08 9.036571e-08 4.700128e-12 1.060257e-07 fanout689
 1.603551e-08 8.952409e-08 4.595865e-12 1.055642e-07 fanout683
 1.762221e-08 8.789215e-08 7.452702e-12 1.055218e-07 fanout431
 1.479404e-08 8.987025e-08 6.916974e-12 1.046712e-07 fanout186
 1.441888e-08 9.022089e-08 7.434634e-12 1.046472e-07 fanout207
 1.499941e-08 8.890802e-08 4.574896e-12 1.039120e-07 fanout254
 2.377065e-08 7.882038e-08 7.424541e-12 1.025985e-07 fanout442
 1.563647e-08 8.629750e-08 4.700128e-12 1.019387e-07 fanout711
 1.192977e-08 8.979814e-08 7.473821e-12 1.017354e-07 fanout183
 1.573777e-08 8.579678e-08 4.501452e-12 1.015391e-07 fanout534
 1.785465e-08 8.349843e-08 4.707965e-12 1.013578e-07 fanout736
 1.598464e-08 8.470699e-08 4.595865e-12 1.006962e-07 fanout674
 1.606016e-08 8.345091e-08 4.595865e-12 9.951567e-08 fanout678
 1.014968e-08 8.788443e-08 6.898595e-12 9.804101e-08 fanout165
 1.484181e-08 8.293258e-08 4.574896e-12 9.777897e-08 fanout252
 1.572021e-08 8.191713e-08 4.700128e-12 9.764204e-08 fanout710
 1.760440e-08 7.976391e-08 7.452702e-12 9.737577e-08 fanout432
 1.340003e-08 8.233939e-08 4.730946e-12 9.574415e-08 fanout198
 2.139573e-08 7.388596e-08 7.436005e-12 9.528914e-08 fanout267
 1.337885e-08 7.766400e-08 4.730946e-12 9.104758e-08 fanout200
 1.346358e-08 7.569791e-08 4.470633e-12 8.916596e-08 fanout195
 1.568794e-08 7.330902e-08 4.700128e-12 8.900166e-08 fanout714
 1.348805e-08 7.502164e-08 6.936474e-12 8.851663e-08 fanout191
 1.151588e-08 7.565417e-08 6.931489e-12 8.717699e-08 fanout141
 1.333667e-08 7.347606e-08 4.470633e-12 8.681720e-08 fanout196
 1.563672e-08 7.096715e-08 4.501452e-12 8.660837e-08 fanout533
 1.621705e-08 6.867504e-08 4.595865e-12 8.489669e-08 fanout672
 1.057099e-08 7.332687e-08 6.900277e-12 8.390477e-08 fanout374
 1.578239e-08 6.774370e-08 4.700128e-12 8.353079e-08 fanout708
 1.616811e-08 6.698066e-08 4.595865e-12 8.315337e-08 fanout679
 1.619484e-08 6.687328e-08 4.595865e-12 8.307271e-08 fanout682
 9.881565e-09 7.316869e-08 4.479794e-12 8.305473e-08 fanout401
 1.516685e-08 6.773148e-08 6.916537e-12 8.290525e-08 fanout131
 9.399661e-09 7.301780e-08 6.908812e-12 8.242437e-08 fanout134
 1.571382e-08 6.662265e-08 4.700128e-12 8.234117e-08 fanout715
 8.119177e-08 0.000000e+00 4.052605e-12 8.119582e-08 clkload7
 1.574359e-08 6.531679e-08 4.700128e-12 8.106507e-08 fanout706
 8.085163e-08 0.000000e+00 4.052605e-12 8.085568e-08 clkload4
 1.574578e-08 6.480859e-08 4.700128e-12 8.055907e-08 fanout699
 8.045594e-08 0.000000e+00 4.771640e-12 8.046072e-08 clkload91
 8.044896e-08 0.000000e+00 4.771640e-12 8.045374e-08 clkload66
 8.043649e-08 0.000000e+00 4.771640e-12 8.044126e-08 clkload86
 8.042454e-08 0.000000e+00 4.771640e-12 8.042932e-08 clkload58
 8.042185e-08 0.000000e+00 4.771640e-12 8.042662e-08 clkload88
 8.041761e-08 0.000000e+00 4.771640e-12 8.042239e-08 clkload102
 8.041486e-08 0.000000e+00 4.771640e-12 8.041963e-08 clkload98
 8.039780e-08 0.000000e+00 4.771640e-12 8.040258e-08 clkload70
 8.033199e-08 0.000000e+00 4.771640e-12 8.033677e-08 clkload68
 8.030839e-08 0.000000e+00 4.771640e-12 8.031316e-08 clkload101
 8.030704e-08 0.000000e+00 4.771640e-12 8.031181e-08 clkload104
 1.599079e-08 6.431509e-08 4.700128e-12 8.031058e-08 fanout687
 1.079074e-08 6.809675e-08 4.663326e-12 7.889215e-08 fanout110
 1.095777e-08 6.771764e-08 4.374208e-12 7.867979e-08 fanout457
 1.365040e-08 6.481716e-08 4.751068e-12 7.847231e-08 fanout395
 1.593506e-08 6.099324e-08 4.700128e-12 7.693300e-08 fanout701
 1.600280e-08 5.986602e-08 4.700128e-12 7.587352e-08 fanout703
 1.100828e-08 6.468711e-08 4.374208e-12 7.569976e-08 fanout456
 1.098133e-08 6.268319e-08 4.827372e-12 7.366935e-08 fanout315
 8.697518e-09 6.433402e-08 4.441351e-12 7.303598e-08 fanout115
 1.272355e-08 5.999019e-08 4.418634e-12 7.271816e-08 fanout380
 9.276578e-09 6.318899e-08 6.901959e-12 7.247247e-08 fanout168
 1.096169e-08 6.063629e-08 4.849824e-12 7.160283e-08 fanout509
 1.071851e-08 6.044134e-08 4.547255e-12 7.116440e-08 fanout669
 9.602962e-09 6.139249e-08 4.479794e-12 7.099993e-08 fanout400
 7.021185e-08 0.000000e+00 4.784878e-12 7.021663e-08 clkload49
 7.020316e-08 0.000000e+00 4.784878e-12 7.020794e-08 clkload43
 7.017397e-08 0.000000e+00 4.784878e-12 7.017875e-08 clkload48
 7.016047e-08 0.000000e+00 4.784878e-12 7.016526e-08 clkload39
 7.010581e-08 0.000000e+00 4.784878e-12 7.011059e-08 clkload32
 1.102695e-08 5.892988e-08 4.849824e-12 6.996168e-08 fanout502
 1.033576e-08 5.752997e-08 4.547255e-12 6.787028e-08 fanout665
 1.227935e-08 5.500182e-08 4.401319e-12 6.728557e-08 fanout444
 1.038627e-08 5.682061e-08 4.388822e-12 6.721127e-08 fanout415
 9.686583e-09 5.602384e-08 4.721785e-12 6.571515e-08 fanout408
 1.037511e-08 5.502098e-08 4.547255e-12 6.540063e-08 fanout659
 1.077426e-08 5.445390e-08 4.146216e-12 6.523231e-08 fanout282
 1.034633e-08 5.470624e-08 4.547255e-12 6.505712e-08 fanout666
 1.040894e-08 5.428693e-08 4.547255e-12 6.470042e-08 fanout657
 1.101451e-08 5.348234e-08 4.351756e-12 6.450120e-08 fanout341
 1.113600e-08 5.237406e-08 4.351756e-12 6.351441e-08 fanout326
 1.043749e-08 5.296857e-08 4.547255e-12 6.341062e-08 fanout655
 8.798723e-09 5.438880e-08 4.441351e-12 6.319196e-08 fanout234
 1.037408e-08 5.124389e-08 4.547255e-12 6.162252e-08 fanout660
 1.034475e-08 5.121107e-08 4.654324e-12 6.156048e-08 fanout546
 6.148046e-08 0.000000e+00 5.303181e-12 6.148576e-08 clkload54
 1.039274e-08 5.095750e-08 4.547255e-12 6.135479e-08 fanout656
 6.130495e-08 0.000000e+00 5.303181e-12 6.131025e-08 clkload52
 9.455034e-09 5.161381e-08 4.188396e-12 6.107303e-08 fanout284
 1.106268e-08 4.994465e-08 4.827372e-12 6.101215e-08 fanout95
 1.115575e-08 4.973760e-08 4.351756e-12 6.089770e-08 fanout325
 1.145126e-08 4.928357e-08 3.981204e-12 6.073881e-08 fanout272
 1.105569e-08 4.942501e-08 4.849824e-12 6.048555e-08 fanout512
 9.079309e-09 5.130203e-08 4.331939e-12 6.038568e-08 fanout707
 9.681711e-09 5.060641e-08 4.721785e-12 6.029285e-08 fanout405
 9.761474e-09 4.952905e-08 4.721785e-12 5.929525e-08 fanout402
 1.112466e-08 4.785298e-08 4.351756e-12 5.898199e-08 fanout348
 1.103462e-08 4.761711e-08 4.351756e-12 5.865609e-08 fanout346
 1.112437e-08 4.710808e-08 4.351756e-12 5.823681e-08 fanout339
 5.777663e-08 0.000000e+00 1.453096e-13 5.777678e-08 clkload3
 1.110685e-08 4.654158e-08 4.849824e-12 5.765328e-08 fanout496
 9.475443e-09 4.792985e-08 6.895168e-12 5.741219e-08 fanout185
 5.720670e-08 0.000000e+00 1.453096e-13 5.720685e-08 clkload5
 6.320952e-09 5.084624e-08 3.708699e-12 5.717090e-08 fanout90
 1.042231e-08 4.662216e-08 4.547255e-12 5.704902e-08 fanout662
 9.687308e-09 4.735261e-08 4.721785e-12 5.704464e-08 fanout412
 1.042993e-08 4.627044e-08 4.547255e-12 5.670491e-08 fanout664
 5.657407e-08 0.000000e+00 1.453096e-13 5.657422e-08 clkload14
 1.085980e-08 4.493808e-08 4.124082e-12 5.580200e-08 fanout280
 1.066133e-08 4.491747e-08 4.114392e-12 5.558292e-08 fanout275
 1.051485e-08 4.447222e-08 4.142322e-12 5.499121e-08 fanout279
 1.118102e-08 4.350650e-08 4.351756e-12 5.469188e-08 fanout322
 1.108935e-08 4.355381e-08 4.351756e-12 5.464751e-08 fanout328
 5.460586e-08 0.000000e+00 5.180086e-12 5.461104e-08 clkload33
 1.109049e-08 4.265145e-08 4.351756e-12 5.374629e-08 fanout335
 1.118418e-08 4.228373e-08 4.351756e-12 5.347226e-08 fanout338
 1.043027e-08 4.280893e-08 4.151061e-12 5.324335e-08 fanout269
 8.752254e-09 4.441637e-08 4.441351e-12 5.317307e-08 fanout235
 1.115137e-08 4.181683e-08 4.351756e-12 5.297255e-08 fanout349
 7.057511e-09 4.557757e-08 4.392741e-12 5.263947e-08 fanout206
 1.037538e-08 4.209099e-08 4.152771e-12 5.247052e-08 fanout270
 9.904216e-09 4.228416e-08 4.167497e-12 5.219254e-08 fanout273
 1.110599e-08 4.074136e-08 4.849824e-12 5.185220e-08 fanout505
 8.791449e-09 4.299285e-08 4.760229e-12 5.178906e-08 fanout242
 5.311148e-09 4.636400e-08 6.882147e-12 5.168203e-08 fanout188
 8.824824e-09 4.237827e-08 4.760229e-12 5.120786e-08 fanout247
 7.116344e-09 4.405072e-08 4.808839e-12 5.117187e-08 fanout218
 1.124939e-08 3.968801e-08 4.070788e-12 5.094147e-08 fanout277
 1.110206e-08 3.961214e-08 4.375187e-12 5.071858e-08 fanout80
 8.869258e-09 4.119165e-08 4.760229e-12 5.006567e-08 fanout246
 8.868088e-09 4.027099e-08 4.760229e-12 4.914384e-08 fanout238
 6.206882e-09 4.241979e-08 3.708699e-12 4.863038e-08 fanout91
 8.872256e-09 3.941715e-08 4.760229e-12 4.829416e-08 fanout236
 9.748974e-09 3.851065e-08 4.721785e-12 4.826435e-08 fanout410
 7.186143e-09 4.060588e-08 7.492076e-12 4.779952e-08 fanout192
 9.548009e-09 3.813044e-08 4.123037e-12 4.768257e-08 fanout276
 7.092918e-09 4.030525e-08 4.808839e-12 4.740298e-08 fanout211
 6.201383e-09 4.119298e-08 4.560221e-12 4.739893e-08 fanout316
 8.807794e-09 3.837348e-08 4.760229e-12 4.718604e-08 fanout244
 8.842803e-09 3.734987e-08 4.760229e-12 4.619743e-08 fanout240
 1.000567e-08 3.614219e-08 4.146312e-12 4.615201e-08 fanout268
 6.215268e-09 3.979526e-08 3.708699e-12 4.601424e-08 fanout87
 7.100675e-09 3.871266e-08 4.808839e-12 4.581814e-08 fanout216
 9.767773e-09 3.597577e-08 4.139852e-12 4.574768e-08 fanout283
 9.279461e-09 3.518916e-08 4.111162e-12 4.447273e-08 fanout274
 4.379969e-09 3.986590e-08 6.880278e-12 4.425275e-08 fanout176
 6.246333e-09 3.781798e-08 3.706942e-12 4.406802e-08 fanout324
 6.201150e-09 3.764269e-08 3.706942e-12 4.384755e-08 fanout345
 7.128909e-09 3.571401e-08 4.808839e-12 4.284773e-08 fanout214
 6.238135e-09 3.555992e-08 3.708699e-12 4.180176e-08 fanout89
 8.901240e-09 3.154294e-08 3.975504e-12 4.044815e-08 fanout535
 7.121656e-09 3.327234e-08 4.808839e-12 4.039881e-08 fanout212
 4.009368e-08 0.000000e+00 4.483985e-12 4.009816e-08 clkload16
 7.146014e-09 3.272773e-08 4.808839e-12 3.987856e-08 fanout210
 7.150452e-09 3.211422e-08 4.502462e-12 3.926917e-08 fanout281
 6.125565e-09 3.162340e-08 4.853848e-12 3.775382e-08 fanout75
 6.259357e-09 3.141986e-08 3.706942e-12 3.768292e-08 fanout332
 5.839047e-09 3.160019e-08 4.057678e-12 3.744330e-08 fanout104
 5.855146e-09 3.092476e-08 4.057678e-12 3.678396e-08 fanout667
 6.238796e-09 2.956778e-08 4.600501e-12 3.581118e-08 fanout514
 6.230441e-09 2.909600e-08 3.706942e-12 3.533015e-08 fanout323
 6.230824e-09 2.685010e-08 3.706942e-12 3.308463e-08 fanout347
 4.785538e-09 2.818044e-08 4.839657e-12 3.297082e-08 fanout135
 3.271994e-08 0.000000e+00 2.739335e-12 3.272267e-08 clkload105
 3.267479e-08 0.000000e+00 2.739335e-12 3.267753e-08 clkload85
 3.256927e-08 0.000000e+00 2.739335e-12 3.257201e-08 clkload65
 3.240870e-08 0.000000e+00 2.739335e-12 3.241144e-08 clkload80
 6.236464e-09 2.613800e-08 4.600501e-12 3.237907e-08 fanout506
 4.952518e-09 2.734520e-08 4.439762e-12 3.230216e-08 fanout241
 4.958049e-09 2.540508e-08 4.439762e-12 3.036757e-08 fanout243
 6.166741e-09 2.403521e-08 4.853848e-12 3.020681e-08 fanout106
 5.255817e-09 2.479936e-08 4.550816e-12 3.005972e-08 fanout278
 6.270240e-09 2.364738e-08 3.706942e-12 2.992133e-08 fanout331
 6.250053e-09 2.342031e-08 3.708699e-12 2.967407e-08 fanout84
 6.355185e-09 2.236611e-08 3.708699e-12 2.872501e-08 fanout82
 5.021044e-09 2.362998e-08 4.555471e-12 2.865558e-08 fanout271
 2.845582e-08 0.000000e+00 2.632513e-12 2.845846e-08 clkload38
 2.840673e-08 0.000000e+00 2.632513e-12 2.840936e-08 clkload42
 2.836750e-08 0.000000e+00 2.632513e-12 2.837014e-08 clkload50
 2.834803e-08 0.000000e+00 2.632513e-12 2.835066e-08 clkload35
 2.833504e-08 0.000000e+00 2.632513e-12 2.833768e-08 clkload25
 5.883888e-09 2.239633e-08 4.057678e-12 2.828428e-08 fanout658
 2.816500e-08 0.000000e+00 2.632513e-12 2.816763e-08 clkload27
 2.806397e-08 0.000000e+00 2.632513e-12 2.806660e-08 clkload29
 4.787555e-09 2.146095e-08 4.356098e-12 2.625286e-08 fanout370
 2.619998e-08 0.000000e+00 1.567550e-12 2.620155e-08 clkload0
 6.244879e-09 1.838612e-08 3.708699e-12 2.463471e-08 fanout83
 2.430174e-08 0.000000e+00 1.150246e-13 2.430186e-08 clkload62
 2.427241e-08 0.000000e+00 1.150246e-13 2.427253e-08 clkload64
 2.425898e-08 0.000000e+00 1.150246e-13 2.425910e-08 clkload92
 2.423547e-08 0.000000e+00 1.150246e-13 2.423558e-08 clkload72
 2.419502e-08 0.000000e+00 1.150246e-13 2.419514e-08 clkload84
 3.797959e-09 2.025612e-08 1.181000e-12 2.405526e-08 fanout86
 4.056705e-09 1.997042e-08 4.526971e-12 2.403165e-08 fanout219
 2.399859e-08 0.000000e+00 1.150246e-13 2.399871e-08 clkload78
 2.244281e-08 0.000000e+00 1.150246e-13 2.244293e-08 clkload56
 3.386570e-09 1.796697e-08 3.720717e-12 2.135726e-08 fanout184
 2.098893e-08 0.000000e+00 1.125613e-13 2.098904e-08 clkload40
 2.335603e-09 1.830376e-08 4.626530e-12 2.064399e-08 fanout71
 3.326060e-09 1.623953e-08 6.878783e-12 1.957246e-08 fanout142
 1.895669e-08 0.000000e+00 1.125613e-13 1.895680e-08 clkload17
 2.452716e-09 1.627012e-08 4.625010e-12 1.872747e-08 fanout122
 3.474346e-09 1.481834e-08 3.699722e-12 1.829639e-08 wire108
 1.682432e-08 0.000000e+00 1.882076e-12 1.682620e-08 clkload57
 1.676672e-08 0.000000e+00 1.882076e-12 1.676861e-08 clkload71
 1.676456e-08 0.000000e+00 1.882076e-12 1.676644e-08 clkload63
 1.676228e-08 0.000000e+00 1.882076e-12 1.676416e-08 clkload90
 1.676023e-08 0.000000e+00 1.882076e-12 1.676212e-08 clkload94
 3.136046e-09 1.290169e-08 4.333699e-12 1.604207e-08 fanout163
 2.462109e-09 1.350832e-08 6.872989e-12 1.597730e-08 fanout114
 1.463001e-08 0.000000e+00 1.724970e-12 1.463173e-08 clkload36
 1.451487e-08 0.000000e+00 1.724970e-12 1.451660e-08 clkload31
 2.388876e-09 1.151020e-08 4.626530e-12 1.390370e-08 fanout72
 2.659872e-09 1.095759e-08 7.506155e-12 1.362497e-08 fanout258
 3.103803e-09 1.048629e-08 4.867880e-12 1.359497e-08 fanout161
 1.075490e-09 4.436647e-09 4.349419e-12 5.516486e-09 fanout362
 8.377142e-10 3.779361e-09 3.670083e-12 4.620746e-09 max_cap317
 3.493431e-10 3.788552e-09 4.275510e-12 4.142171e-09 fanout550
 2.577014e-10 2.382119e-09 4.071832e-12 2.643892e-09 fanout552
 4.556593e-10 1.847582e-09 3.747887e-12 2.306989e-09 fanout359
 2.103158e-10 1.315871e-09 1.181000e-12 1.527367e-09 _17145_
 2.102796e-10 1.126686e-09 1.181000e-12 1.338147e-09 _17140_
 2.102638e-10 1.043853e-09 1.181000e-12 1.255298e-09 _17141_
 2.153780e-10 9.670442e-10 1.181000e-12 1.183603e-09 _17148_
 1.535564e-10 9.711730e-10 1.181000e-12 1.125910e-09 _17132_
 2.154832e-10 8.926630e-10 1.181000e-12 1.109327e-09 _17146_
 1.535521e-10 9.364828e-10 1.181000e-12 1.091216e-09 _17131_
 2.102572e-10 8.590861e-10 1.181000e-12 1.070524e-09 _17144_
 1.553680e-10 9.095723e-10 1.181000e-12 1.066121e-09 _17136_
 1.553735e-10 8.987492e-10 1.181000e-12 1.055304e-09 _17137_
 1.899521e-10 7.848304e-10 3.713782e-12 9.784963e-10 fanout354
 1.535337e-10 7.870489e-10 1.181000e-12 9.417637e-10 _17135_
 1.554771e-10 7.338853e-10 1.181000e-12 8.905435e-10 _17133_
 2.153997e-10 6.175564e-10 1.181000e-12 8.341371e-10 _17149_
 2.153408e-10 4.605512e-10 1.181000e-12 6.770730e-10 _17147_
 2.107683e-10 4.283064e-10 1.181000e-12 6.402558e-10 _17143_
 1.556711e-10 4.246342e-10 1.181000e-12 5.814863e-10 _17139_
 1.116315e-10 4.606646e-10 3.687372e-12 5.759835e-10 fanout353
 8.708002e-11 3.995641e-10 3.672648e-12 4.903168e-10 fanout360
 7.337683e-11 2.990552e-10 3.666093e-12 3.760981e-10 fanout358
 2.110688e-10 1.422823e-10 1.181000e-12 3.545321e-10 _17142_
 1.537767e-10 1.690988e-10 1.181000e-12 3.240566e-10 _17138_
 1.515268e-10 8.892185e-11 1.181000e-12 2.416297e-10 _17130_
 1.505290e-10 6.371721e-11 1.181000e-12 2.154272e-10 _17134_
 1.641029e-11 1.162780e-10 4.326603e-12 1.370149e-10 fanout622
 1.651132e-11 9.069374e-11 4.326603e-12 1.115317e-10 fanout601
 1.650248e-11 8.460970e-11 4.326603e-12 1.054388e-10 fanout621
 1.656540e-11 7.964810e-11 4.326603e-12 1.005401e-10 fanout619
 9.277668e-12 6.819409e-11 3.661818e-12 8.113358e-11 fanout565
 9.302905e-12 6.524990e-11 3.661818e-12 7.821463e-11 fanout652
 9.388036e-12 6.077876e-11 3.661818e-12 7.382862e-11 fanout578
 9.319454e-12 5.988802e-11 3.661818e-12 7.286929e-11 fanout606
 9.428332e-12 5.558888e-11 3.661818e-12 6.867903e-11 fanout576
 9.315743e-12 5.336176e-11 3.661818e-12 6.633932e-11 fanout598
 9.303731e-12 5.194954e-11 3.661818e-12 6.491509e-11 fanout607
 9.334515e-12 5.112684e-11 3.661818e-12 6.412318e-11 fanout625
 9.329841e-12 5.108379e-11 3.661818e-12 6.407545e-11 fanout643
 9.355430e-12 5.076254e-11 3.661818e-12 6.377979e-11 fanout592
 9.305723e-12 5.008560e-11 3.661818e-12 6.305315e-11 fanout647
 9.392320e-12 4.938679e-11 3.661818e-12 6.244093e-11 fanout616
 9.445286e-12 4.541365e-11 3.661818e-12 5.852075e-11 fanout573
 9.340171e-12 4.543439e-11 3.661818e-12 5.843637e-11 fanout634
 9.420287e-12 4.460080e-11 3.661818e-12 5.768290e-11 fanout632
 9.343720e-12 4.463107e-11 3.661818e-12 5.763660e-11 fanout575
 9.336585e-12 4.436378e-11 3.661818e-12 5.736218e-11 fanout593
 9.341926e-12 4.364867e-11 3.661818e-12 5.665242e-11 fanout617
 9.475257e-12 4.346256e-11 3.661818e-12 5.659963e-11 fanout636
 9.389217e-12 4.345843e-11 3.661818e-12 5.650947e-11 fanout587
 9.372943e-12 4.339826e-11 3.661818e-12 5.643302e-11 fanout623
 9.444770e-12 4.222939e-11 3.661818e-12 5.533598e-11 fanout649
 9.325293e-12 4.233419e-11 3.661818e-12 5.532130e-11 fanout648
 9.396904e-12 4.106077e-11 3.661818e-12 5.411949e-11 fanout582
 9.385067e-12 4.079911e-11 3.661818e-12 5.384599e-11 fanout595
 9.684149e-12 4.024850e-11 3.662293e-12 5.359494e-11 fanout364
 9.466131e-12 4.042722e-11 3.661818e-12 5.355517e-11 fanout602
 9.353180e-12 4.053656e-11 3.661818e-12 5.355156e-11 fanout614
 9.386700e-12 4.046464e-11 3.661818e-12 5.351316e-11 fanout646
 9.416151e-12 4.003511e-11 3.661818e-12 5.311308e-11 fanout571
 9.331196e-12 3.874656e-11 3.661818e-12 5.173957e-11 fanout651
 9.333735e-12 3.846484e-11 3.661818e-12 5.146039e-11 fanout562
 9.399707e-12 3.806449e-11 3.661818e-12 5.112601e-11 fanout586
 9.422675e-12 3.744155e-11 3.662103e-12 5.052633e-11 fanout356
 9.453573e-12 3.731850e-11 3.661818e-12 5.043389e-11 fanout612
 9.330449e-12 3.743053e-11 3.661818e-12 5.042279e-11 fanout640
 9.357095e-12 3.675549e-11 3.661818e-12 4.977441e-11 fanout574
 9.478785e-12 3.652697e-11 3.661818e-12 4.966757e-11 fanout579
 9.333046e-12 3.649616e-11 3.661818e-12 4.949103e-11 fanout603
 9.333019e-12 3.645316e-11 3.661818e-12 4.944800e-11 fanout605
 9.354018e-12 3.638868e-11 3.661818e-12 4.940452e-11 fanout610
 9.355247e-12 3.485002e-11 3.661818e-12 4.786708e-11 fanout566
 9.356841e-12 3.437247e-11 3.661818e-12 4.739113e-11 fanout580
 9.424662e-12 3.344519e-11 3.661818e-12 4.653167e-11 fanout628
 9.356741e-12 3.331342e-11 3.661818e-12 4.633198e-11 fanout577
 9.396348e-12 3.276648e-11 3.661818e-12 4.582465e-11 fanout584
 9.457356e-12 3.101529e-11 3.661818e-12 4.413446e-11 fanout589
 5.517685e-12 2.514913e-11 4.876300e-12 3.554311e-11 fanout555
 5.532298e-12 2.385198e-11 4.876300e-12 3.426058e-11 fanout558
 5.709620e-12 2.314623e-11 4.876300e-12 3.373215e-11 fanout560
 3.103859e-12 2.449073e-11 3.659443e-12 3.125403e-11 wire68
 5.547507e-12 2.011554e-11 4.876300e-12 3.053935e-11 fanout559
 3.111995e-12 1.529568e-11 4.648000e-12 2.305567e-11 fanout561
 3.127479e-12 1.410485e-11 4.648000e-12 2.188033e-11 fanout556
 4.353522e-18 2.901886e-17 7.512854e-12 7.512887e-12 fanout762
 4.342390e-18 2.290169e-17 7.512854e-12 7.512881e-12 fanout756
 2.188179e-18 1.495743e-17 4.875240e-12 4.875258e-12 fanout782
 2.205663e-18 1.198536e-17 4.875240e-12 4.875255e-12 fanout768
 2.204122e-18 1.138325e-17 4.875240e-12 4.875254e-12 fanout792
 2.229674e-18 1.035688e-17 4.875240e-12 4.875253e-12 fanout788
 2.208780e-18 1.022468e-17 4.875240e-12 4.875253e-12 fanout789
 2.221840e-18 9.364465e-18 4.875240e-12 4.875252e-12 fanout774
 2.216053e-18 8.982881e-18 4.875240e-12 4.875252e-12 fanout770
 2.225302e-18 8.556815e-18 4.875240e-12 4.875251e-12 fanout775
 1.238409e-18 7.722270e-18 4.646100e-12 4.646109e-12 fanout781
 1.242801e-18 6.772520e-18 4.646100e-12 4.646108e-12 fanout776
 1.244492e-18 6.136721e-18 4.646100e-12 4.646107e-12 fanout773
 1.252004e-18 6.070490e-18 4.646100e-12 4.646107e-12 fanout791
 1.245378e-18 5.805089e-18 4.646100e-12 4.646107e-12 fanout771
 1.251118e-18 5.895107e-18 4.646100e-12 4.646107e-12 fanout786
 1.247604e-18 4.683878e-18 4.646100e-12 4.646106e-12 fanout765
 2.204770e-18 1.255046e-17 4.326259e-12 4.326274e-12 fanout753
 2.213421e-18 1.111587e-17 4.326259e-12 4.326272e-12 fanout751
 2.222836e-18 1.074788e-17 4.326259e-12 4.326272e-12 fanout750
 2.202649e-18 1.067649e-17 4.326259e-12 4.326272e-12 fanout758
 2.210676e-18 1.003621e-17 4.326259e-12 4.326271e-12 fanout747
 2.211967e-18 9.934329e-18 4.326259e-12 4.326271e-12 fanout754
 2.204759e-18 1.015139e-17 4.326259e-12 4.326271e-12 fanout760
 1.243023e-18 7.445296e-18 3.661200e-12 3.661208e-12 fanout755
 1.247444e-18 6.446236e-18 3.661200e-12 3.661208e-12 fanout752
 1.236413e-15 8.176184e-15 1.181000e-12 1.190413e-12 input3
 9.926794e-16 5.649580e-15 1.181000e-12 1.187642e-12 input5
 1.179346e-15 5.408038e-15 1.181000e-12 1.187587e-12 input2
 6.235437e-16 2.809290e-15 1.181000e-12 1.184433e-12 input7
 5.219345e-16 1.770364e-15 1.181000e-12 1.183292e-12 input6
