     Internal    Switching      Leakage        Total
        Power        Power        Power        Power (Watts)
----------------------------------------------------
 8.697208e-07 2.998340e-07 1.232310e-11 1.169567e-06 clkbuf_0_clk
 8.516641e-07 2.149358e-07 1.232310e-11 1.066612e-06 clkbuf_1_0__f_clk
 8.413566e-07 1.195443e-07 1.232310e-11 9.609132e-07 clkbuf_1_1__f_clk
 1.351863e-07 4.709209e-11 9.134016e-12 1.352425e-07 u_icg
 2.682030e-08 0.000000e+00 1.567550e-12 2.682187e-08 clkload0
 6.411537e-11 2.463161e-10 1.047893e-11 3.209104e-10 clkbuf_0_v_clk
 9.879313e-11 1.893519e-10 1.047899e-11 2.986240e-10 clkbuf_1_1__f_core_clk
 6.215856e-11 2.222425e-10 1.047892e-11 2.948800e-10 clkbuf_0_w_clk
 9.833617e-11 1.712454e-10 1.047899e-11 2.800606e-10 clkbuf_1_0__f_core_clk
 6.482565e-11 1.888137e-10 1.047893e-11 2.641183e-10 clkbuf_4_13__f_v_clk
 6.262148e-11 1.725643e-10 1.047892e-11 2.456647e-10 clkbuf_4_6__f_w_clk
 6.254776e-11 1.723648e-10 1.047892e-11 2.453915e-10 clkbuf_4_3__f_w_clk
 6.476956e-11 1.633753e-10 1.047893e-11 2.386238e-10 clkbuf_4_14__f_v_clk
 6.472926e-11 1.623456e-10 1.047893e-11 2.375538e-10 clkbuf_4_7__f_v_clk
 6.240701e-11 1.629422e-10 1.047892e-11 2.358281e-10 clkbuf_4_12__f_w_clk
 6.478543e-11 1.509602e-10 1.047893e-11 2.262246e-10 clkbuf_4_2__f_v_clk
 6.475096e-11 1.499528e-10 1.047893e-11 2.251827e-10 clkbuf_4_12__f_v_clk
 6.250027e-11 1.474758e-10 1.047892e-11 2.204550e-10 clkbuf_4_2__f_w_clk
 6.259857e-11 1.470867e-10 1.047892e-11 2.201642e-10 clkbuf_4_8__f_w_clk
 6.471228e-11 1.424588e-10 1.047893e-11 2.176500e-10 clkbuf_4_8__f_v_clk
 6.256538e-11 1.422780e-10 1.047892e-11 2.153223e-10 clkbuf_4_7__f_w_clk
 6.472988e-11 1.400087e-10 1.047893e-11 2.152175e-10 clkbuf_4_15__f_v_clk
 6.461678e-11 1.350811e-10 1.047893e-11 2.101768e-10 clkbuf_4_4__f_v_clk
 6.462162e-11 1.338321e-10 1.047893e-11 2.089327e-10 clkbuf_4_5__f_v_clk
 3.831932e-11 1.611244e-10 8.986267e-12 2.084300e-10 u_icg_v
 6.471593e-11 1.309178e-10 1.047893e-11 2.061127e-10 clkbuf_4_1__f_v_clk
 6.232153e-11 1.280307e-10 1.047892e-11 2.008312e-10 clkbuf_4_14__f_w_clk
 6.246057e-11 1.276105e-10 1.047892e-11 2.005500e-10 clkbuf_4_1__f_w_clk
 6.473296e-11 1.253291e-10 1.047893e-11 2.005409e-10 clkbuf_4_3__f_v_clk
 6.470727e-11 1.236027e-10 1.047893e-11 1.987889e-10 clkbuf_4_0__f_v_clk
 6.255675e-11 1.230162e-10 1.047892e-11 1.960519e-10 clkbuf_4_9__f_w_clk
 6.251999e-11 1.204923e-10 1.047892e-11 1.934912e-10 clkbuf_4_5__f_w_clk
 6.437962e-11 1.139942e-10 1.047893e-11 1.888528e-10 clkbuf_4_11__f_v_clk
 6.223957e-11 1.155211e-10 1.047892e-11 1.882396e-10 clkbuf_4_13__f_w_clk
 6.233598e-11 1.148319e-10 1.047892e-11 1.876468e-10 clkbuf_4_0__f_w_clk
 6.217989e-11 1.092135e-10 1.047892e-11 1.818723e-10 clkbuf_4_4__f_w_clk
 3.137137e-11 1.427029e-10 6.865722e-12 1.809400e-10 clkbuf_2_3_0_w_clk
 6.208416e-11 1.063596e-10 1.047892e-11 1.789226e-10 clkbuf_4_11__f_w_clk
 3.241816e-11 1.383154e-10 6.865722e-12 1.775993e-10 clkbuf_2_1_0_v_clk
 3.242714e-11 1.377095e-10 6.865722e-12 1.770023e-10 clkbuf_2_3_0_v_clk
 6.385347e-11 1.023416e-10 1.047893e-11 1.766740e-10 clkbuf_4_6__f_v_clk
 6.382442e-11 1.006838e-10 1.047893e-11 1.749872e-10 clkbuf_4_9__f_v_clk
 6.171104e-11 1.026682e-10 1.047892e-11 1.748582e-10 clkbuf_4_15__f_w_clk
 3.242273e-11 1.342874e-10 6.865722e-12 1.735758e-10 clkbuf_2_2_0_v_clk
 3.240578e-11 1.323281e-10 6.865722e-12 1.715996e-10 clkbuf_2_0_0_v_clk
 3.134490e-11 1.315221e-10 6.865722e-12 1.697327e-10 clkbuf_2_0_0_w_clk
 4.882513e-11 1.137242e-10 6.865734e-12 1.694150e-10 clkbuf_leaf_17_core_clk
 6.356465e-11 9.408981e-11 1.047893e-11 1.681334e-10 clkbuf_4_10__f_v_clk
 3.133490e-11 1.253661e-10 6.865722e-12 1.635668e-10 clkbuf_2_1_0_w_clk
 3.133887e-11 1.235803e-10 6.865722e-12 1.617849e-10 clkbuf_2_2_0_w_clk
 4.860103e-11 1.056505e-10 6.865734e-12 1.611173e-10 clkbuf_leaf_16_core_clk
 3.768821e-11 1.135057e-10 8.986267e-12 1.601802e-10 u_icg_w
 6.132492e-11 8.762907e-11 1.047892e-11 1.594329e-10 clkbuf_4_10__f_w_clk
 9.270225e-11 5.526162e-11 1.047899e-11 1.584429e-10 clkbuf_0_core_clk
 4.841010e-11 9.878261e-11 6.865734e-12 1.540584e-10 clkbuf_leaf_20_core_clk
 4.837184e-11 9.734714e-11 6.865734e-12 1.525847e-10 clkbuf_leaf_1_core_clk
 4.833434e-11 9.598664e-11 6.865734e-12 1.511867e-10 clkbuf_leaf_2_core_clk
 4.832143e-11 9.558943e-11 6.865734e-12 1.507766e-10 clkbuf_leaf_21_core_clk
 4.822296e-11 9.523823e-11 6.865734e-12 1.503269e-10 clkbuf_leaf_4_core_clk
 4.828589e-11 9.431136e-11 6.865734e-12 1.494630e-10 clkbuf_leaf_0_core_clk
 4.828134e-11 9.409041e-11 6.865734e-12 1.492375e-10 clkbuf_leaf_15_core_clk
 4.826721e-11 9.355632e-11 6.865734e-12 1.486893e-10 clkbuf_leaf_13_core_clk
 4.818607e-11 9.065339e-11 6.865734e-12 1.457052e-10 clkbuf_leaf_19_core_clk
 4.816577e-11 8.989907e-11 6.865734e-12 1.449306e-10 clkbuf_leaf_14_core_clk
 4.815947e-11 8.968623e-11 6.865734e-12 1.447114e-10 clkbuf_leaf_18_core_clk
 4.801524e-11 8.771875e-11 6.865734e-12 1.425997e-10 clkbuf_leaf_5_core_clk
 4.768637e-11 7.573671e-11 6.865734e-12 1.302888e-10 clkbuf_leaf_11_core_clk
 4.763352e-11 7.377734e-11 6.865734e-12 1.282766e-10 clkbuf_leaf_10_core_clk
 4.755695e-11 7.091180e-11 6.865734e-12 1.253345e-10 clkbuf_leaf_7_core_clk
 4.755592e-11 7.086175e-11 6.865734e-12 1.252834e-10 clkbuf_leaf_8_core_clk
 4.754450e-11 7.051294e-11 6.865734e-12 1.249232e-10 clkbuf_leaf_6_core_clk
 4.746329e-11 6.748655e-11 6.865734e-12 1.218156e-10 clkbuf_leaf_3_core_clk
 4.740213e-11 6.537491e-11 6.865734e-12 1.196428e-10 clkbuf_leaf_12_core_clk
 8.960415e-12 6.657049e-11 6.865712e-12 8.239662e-11 fanout575
 3.061573e-11 4.281949e-11 6.865722e-12 8.030095e-11 clkbuf_leaf_87_w_clk
 3.068043e-11 4.142376e-11 6.865722e-12 7.896991e-11 clkbuf_leaf_131_w_clk
 3.048766e-11 4.082302e-11 6.865722e-12 7.817641e-11 clkbuf_leaf_74_w_clk
 3.055807e-11 4.056962e-11 6.865722e-12 7.799341e-11 clkbuf_leaf_88_w_clk
 3.164396e-11 3.923234e-11 6.865722e-12 7.774203e-11 clkbuf_leaf_148_v_clk
 3.162331e-11 3.844802e-11 6.865722e-12 7.693705e-11 clkbuf_leaf_139_v_clk
 3.044554e-11 3.939150e-11 6.865722e-12 7.670277e-11 clkbuf_leaf_75_w_clk
 3.167697e-11 3.799481e-11 6.865722e-12 7.653750e-11 clkbuf_leaf_51_v_clk
 3.061347e-11 3.901167e-11 6.865722e-12 7.649086e-11 clkbuf_leaf_132_w_clk
 3.158325e-11 3.696989e-11 6.865722e-12 7.541886e-11 clkbuf_leaf_140_v_clk
 3.158467e-11 3.695353e-11 6.865722e-12 7.540393e-11 clkbuf_leaf_124_v_clk
 3.146563e-11 3.615756e-11 6.865722e-12 7.448891e-11 clkbuf_leaf_73_v_clk
 3.155582e-11 3.581366e-11 6.865722e-12 7.423519e-11 clkbuf_leaf_135_v_clk
 3.160249e-11 3.541211e-11 6.865722e-12 7.388033e-11 clkbuf_leaf_49_v_clk
 3.049678e-11 3.611531e-11 6.865722e-12 7.347780e-11 clkbuf_leaf_125_w_clk
 3.035402e-11 3.613000e-11 6.865722e-12 7.334974e-11 clkbuf_leaf_86_w_clk
 3.035365e-11 3.608074e-11 6.865722e-12 7.330012e-11 clkbuf_leaf_85_w_clk
 3.036534e-11 3.599567e-11 6.865722e-12 7.322674e-11 clkbuf_leaf_79_w_clk
 3.039887e-11 3.592849e-11 6.865722e-12 7.319308e-11 clkbuf_leaf_22_w_clk
 3.042841e-11 3.558435e-11 6.865722e-12 7.287849e-11 clkbuf_leaf_92_w_clk
 3.142809e-11 3.441115e-11 6.865722e-12 7.270496e-11 clkbuf_leaf_20_v_clk
 3.150598e-11 3.410859e-11 6.865722e-12 7.248029e-11 clkbuf_leaf_141_v_clk
 3.153392e-11 3.407140e-11 6.865722e-12 7.247104e-11 clkbuf_leaf_160_v_clk
 3.140625e-11 3.388614e-11 6.865722e-12 7.215812e-11 clkbuf_leaf_66_v_clk
 3.128619e-11 3.394161e-11 6.865722e-12 7.209352e-11 clkbuf_leaf_106_v_clk
 3.049413e-11 3.466014e-11 6.865722e-12 7.201999e-11 clkbuf_leaf_138_w_clk
 3.142974e-11 3.361200e-11 6.865722e-12 7.190747e-11 clkbuf_leaf_10_v_clk
 3.039794e-11 3.452208e-11 6.865722e-12 7.178574e-11 clkbuf_leaf_90_w_clk
 3.039663e-11 3.447012e-11 6.865722e-12 7.173247e-11 clkbuf_leaf_89_w_clk
 3.128929e-11 3.343168e-11 6.865722e-12 7.158669e-11 clkbuf_leaf_98_v_clk
 3.148451e-11 3.317470e-11 6.865722e-12 7.152493e-11 clkbuf_leaf_136_v_clk
 3.045070e-11 3.420724e-11 6.865722e-12 7.152366e-11 clkbuf_leaf_100_w_clk
 3.035769e-11 3.400961e-11 6.865722e-12 7.123303e-11 clkbuf_leaf_25_w_clk
 3.030762e-11 3.401196e-11 6.865722e-12 7.118530e-11 clkbuf_leaf_76_w_clk
 3.038089e-11 3.391329e-11 6.865722e-12 7.115990e-11 clkbuf_leaf_94_w_clk
 3.126822e-11 3.272262e-11 6.865722e-12 7.085657e-11 clkbuf_leaf_88_v_clk
 3.042476e-11 3.353660e-11 6.865722e-12 7.082708e-11 clkbuf_leaf_128_w_clk
 4.986068e-12 5.511543e-11 1.047889e-11 7.058039e-11 fanout260
 3.127087e-11 3.232439e-11 6.865722e-12 7.046098e-11 clkbuf_leaf_96_v_clk
 3.145672e-11 3.212640e-11 6.865722e-12 7.044884e-11 clkbuf_leaf_132_v_clk
 3.146738e-11 3.211210e-11 6.865722e-12 7.044521e-11 clkbuf_leaf_157_v_clk
 3.135892e-11 3.201400e-11 6.865722e-12 7.023864e-11 clkbuf_leaf_18_v_clk
 3.124331e-11 3.206914e-11 6.865722e-12 7.017818e-11 clkbuf_leaf_99_v_clk
 3.144569e-11 3.178936e-11 6.865722e-12 7.010077e-11 clkbuf_leaf_123_v_clk
 3.033038e-11 3.278921e-11 6.865722e-12 6.998531e-11 clkbuf_leaf_27_w_clk
 3.129943e-11 3.152480e-11 6.865722e-12 6.968995e-11 clkbuf_leaf_110_v_clk
 3.148958e-11 3.126226e-11 6.865722e-12 6.961755e-11 clkbuf_leaf_48_v_clk
 3.134121e-11 3.140210e-11 6.865722e-12 6.960903e-11 clkbuf_leaf_74_v_clk
 3.133162e-11 3.100778e-11 6.865722e-12 6.920512e-11 clkbuf_leaf_23_v_clk
 3.132410e-11 3.074859e-11 6.865722e-12 6.893842e-11 clkbuf_leaf_22_v_clk
 3.146297e-11 3.040512e-11 6.865722e-12 6.873382e-11 clkbuf_leaf_55_v_clk
 3.140560e-11 3.042308e-11 6.865722e-12 6.869441e-11 clkbuf_leaf_146_v_clk
 3.036795e-11 3.138481e-11 6.865722e-12 6.861848e-11 clkbuf_leaf_130_w_clk
 3.145893e-11 3.026956e-11 6.865722e-12 6.859422e-11 clkbuf_leaf_57_v_clk
 3.128730e-11 3.039063e-11 6.865722e-12 6.854365e-11 clkbuf_leaf_114_v_clk
 3.043596e-11 3.122222e-11 6.865722e-12 6.852390e-11 clkbuf_leaf_46_w_clk
 3.128266e-11 3.036991e-11 6.865722e-12 6.851830e-11 clkbuf_leaf_117_v_clk
 3.138317e-11 3.011739e-11 6.865722e-12 6.836628e-11 clkbuf_leaf_69_v_clk
 3.039492e-11 3.106149e-11 6.865722e-12 6.832213e-11 clkbuf_leaf_137_w_clk
 3.139895e-11 3.002447e-11 6.865722e-12 6.828915e-11 clkbuf_leaf_130_v_clk
 3.127284e-11 3.008802e-11 6.865722e-12 6.822658e-11 clkbuf_leaf_113_v_clk
 3.042844e-11 3.092999e-11 6.865722e-12 6.822416e-11 clkbuf_leaf_37_w_clk
 3.044439e-11 3.084113e-11 6.865722e-12 6.815124e-11 clkbuf_leaf_54_w_clk
 3.139533e-11 2.988049e-11 6.865722e-12 6.814154e-11 clkbuf_leaf_133_v_clk
 3.044437e-11 3.082228e-11 6.865722e-12 6.813238e-11 clkbuf_leaf_58_w_clk
 3.144467e-11 2.981318e-11 6.865722e-12 6.812357e-11 clkbuf_leaf_53_v_clk
 3.038349e-11 3.086450e-11 6.865722e-12 6.811371e-11 clkbuf_leaf_68_w_clk
 3.140080e-11 2.970285e-11 6.865722e-12 6.796937e-11 clkbuf_leaf_155_v_clk
 3.119588e-11 2.974983e-11 6.865722e-12 6.781143e-11 clkbuf_leaf_102_v_clk
 3.037220e-11 3.046707e-11 6.865722e-12 6.770500e-11 clkbuf_leaf_64_w_clk
 3.037040e-11 3.040816e-11 6.865722e-12 6.764429e-11 clkbuf_leaf_65_w_clk
 3.128650e-11 2.943671e-11 6.865722e-12 6.758893e-11 clkbuf_leaf_58_v_clk
 3.128862e-11 2.943282e-11 6.865722e-12 6.758716e-11 clkbuf_leaf_62_v_clk
 3.036861e-11 3.032760e-11 6.865722e-12 6.756194e-11 clkbuf_leaf_71_w_clk
 3.127705e-11 2.937386e-11 6.865722e-12 6.751663e-11 clkbuf_leaf_116_v_clk
 3.140084e-11 2.921132e-11 6.865722e-12 6.747788e-11 clkbuf_leaf_161_v_clk
 3.042301e-11 3.007755e-11 6.865722e-12 6.736629e-11 clkbuf_leaf_60_w_clk
 3.028031e-11 3.017755e-11 6.865722e-12 6.732358e-11 clkbuf_leaf_84_w_clk
 3.136684e-11 2.898144e-11 6.865722e-12 6.721400e-11 clkbuf_leaf_142_v_clk
 3.032888e-11 2.997832e-11 6.865722e-12 6.717293e-11 clkbuf_leaf_129_w_clk
 3.127552e-11 2.901126e-11 6.865722e-12 6.715250e-11 clkbuf_leaf_61_v_clk
 3.136463e-11 2.884673e-11 6.865722e-12 6.707707e-11 clkbuf_leaf_125_v_clk
 3.115970e-11 2.897309e-11 6.865722e-12 6.699852e-11 clkbuf_leaf_107_v_clk
 3.136360e-11 2.875082e-11 6.865722e-12 6.698014e-11 clkbuf_leaf_122_v_clk
 3.135646e-11 2.857148e-11 6.865722e-12 6.679366e-11 clkbuf_leaf_138_v_clk
 3.023787e-11 2.967360e-11 6.865722e-12 6.677720e-11 clkbuf_leaf_23_w_clk
 3.034705e-11 2.934243e-11 6.865722e-12 6.655521e-11 clkbuf_leaf_135_w_clk
 3.146471e-11 2.797232e-11 6.865722e-12 6.630275e-11 clkbuf_leaf_41_v_clk
 3.115127e-11 2.823689e-11 6.865722e-12 6.625388e-11 clkbuf_leaf_101_v_clk
 3.114793e-11 2.819181e-11 6.865722e-12 6.620547e-11 clkbuf_leaf_100_v_clk
 3.124888e-11 2.799827e-11 6.865722e-12 6.611287e-11 clkbuf_leaf_59_v_clk
 3.136351e-11 2.786698e-11 6.865722e-12 6.609621e-11 clkbuf_leaf_164_v_clk
 3.126827e-11 2.792931e-11 6.865722e-12 6.606331e-11 clkbuf_leaf_15_v_clk
 3.124766e-11 2.783515e-11 6.865722e-12 6.594853e-11 clkbuf_leaf_64_v_clk
 3.133673e-11 2.771596e-11 6.865722e-12 6.591842e-11 clkbuf_leaf_131_v_clk
 3.132762e-11 2.753299e-11 6.865722e-12 6.572634e-11 clkbuf_leaf_137_v_clk
 3.127836e-11 2.750840e-11 6.865722e-12 6.565249e-11 clkbuf_leaf_27_v_clk
 3.035755e-11 2.839306e-11 6.865722e-12 6.561634e-11 clkbuf_leaf_34_w_clk
 3.133777e-11 2.739624e-11 6.865722e-12 6.559974e-11 clkbuf_leaf_151_v_clk
 3.119656e-11 2.748239e-11 6.865722e-12 6.554467e-11 clkbuf_leaf_109_v_clk
 3.019648e-11 2.835914e-11 6.865722e-12 6.542135e-11 clkbuf_leaf_20_w_clk
 3.035264e-11 2.820097e-11 6.865722e-12 6.541934e-11 clkbuf_leaf_38_w_clk
 3.112012e-11 2.742493e-11 6.865722e-12 6.541077e-11 clkbuf_leaf_105_v_clk
 3.111987e-11 2.737930e-11 6.865722e-12 6.536489e-11 clkbuf_leaf_108_v_clk
 3.128027e-11 2.699431e-11 6.865722e-12 6.514030e-11 clkbuf_leaf_30_v_clk
 3.133431e-11 2.678827e-11 6.865722e-12 6.498831e-11 clkbuf_leaf_162_v_clk
 3.125804e-11 2.682755e-11 6.865722e-12 6.495132e-11 clkbuf_leaf_21_v_clk
 3.136112e-11 2.671641e-11 6.865722e-12 6.494325e-11 clkbuf_leaf_56_v_clk
 3.131701e-11 2.669200e-11 6.865722e-12 6.487474e-11 clkbuf_leaf_149_v_clk
 3.112247e-11 2.683113e-11 6.865722e-12 6.481932e-11 clkbuf_leaf_95_v_clk
 3.019737e-11 2.775299e-11 6.865722e-12 6.481608e-11 clkbuf_leaf_28_w_clk
 3.125952e-11 2.663666e-11 6.865722e-12 6.476190e-11 clkbuf_leaf_91_v_clk
 3.141753e-11 2.640225e-11 6.865722e-12 6.468550e-11 clkbuf_leaf_36_v_clk
 3.130957e-11 2.640526e-11 6.865722e-12 6.458055e-11 clkbuf_leaf_150_v_clk
 3.124473e-11 2.646419e-11 6.865722e-12 6.457464e-11 clkbuf_leaf_12_v_clk
 3.121677e-11 2.646656e-11 6.865722e-12 6.454905e-11 clkbuf_leaf_17_v_clk
 3.135144e-11 2.633051e-11 6.865722e-12 6.454767e-11 clkbuf_leaf_50_v_clk
 3.041011e-11 2.711364e-11 6.865722e-12 6.438947e-11 clkbuf_leaf_29_w_clk
 3.016861e-11 2.733288e-11 6.865722e-12 6.436721e-11 clkbuf_leaf_21_w_clk
 3.032334e-11 2.716512e-11 6.865722e-12 6.435419e-11 clkbuf_leaf_35_w_clk
 3.130460e-11 2.617012e-11 6.865722e-12 6.434045e-11 clkbuf_leaf_154_v_clk
 3.131287e-11 2.609641e-11 6.865722e-12 6.427501e-11 clkbuf_leaf_167_v_clk
 3.129754e-11 2.591593e-11 6.865722e-12 6.407920e-11 clkbuf_leaf_153_v_clk
 3.120049e-11 2.601136e-11 6.865722e-12 6.407757e-11 clkbuf_leaf_67_v_clk
 3.033038e-11 2.670387e-11 6.865722e-12 6.389998e-11 clkbuf_leaf_59_w_clk
 3.119122e-11 2.571359e-11 6.865722e-12 6.377053e-11 clkbuf_leaf_60_v_clk
 3.107737e-11 2.570493e-11 6.865722e-12 6.364802e-11 clkbuf_leaf_103_v_clk
 3.123020e-11 2.552278e-11 6.865722e-12 6.361871e-11 clkbuf_leaf_87_v_clk
 3.122839e-11 2.544292e-11 6.865722e-12 6.353704e-11 clkbuf_leaf_28_v_clk
 3.132063e-11 2.527853e-11 6.865722e-12 6.346489e-11 clkbuf_leaf_54_v_clk
 3.023443e-11 2.623204e-11 6.865722e-12 6.333219e-11 clkbuf_leaf_98_w_clk
 3.118952e-11 2.524033e-11 6.865722e-12 6.329557e-11 clkbuf_leaf_16_v_clk
 3.127557e-11 2.514976e-11 6.865722e-12 6.329105e-11 clkbuf_leaf_145_v_clk
 3.114324e-11 2.524142e-11 6.865722e-12 6.325038e-11 clkbuf_leaf_111_v_clk
 3.126208e-11 2.511802e-11 6.865722e-12 6.324583e-11 clkbuf_leaf_147_v_clk
 3.022366e-11 2.613793e-11 6.865722e-12 6.322731e-11 clkbuf_leaf_102_w_clk
 3.031128e-11 2.602126e-11 6.865722e-12 6.319826e-11 clkbuf_leaf_66_w_clk
 3.127747e-11 2.497393e-11 6.865722e-12 6.311712e-11 clkbuf_leaf_4_v_clk
 3.117732e-11 2.506739e-11 6.865722e-12 6.311043e-11 clkbuf_leaf_65_v_clk
 3.015884e-11 2.605508e-11 6.865722e-12 6.307965e-11 clkbuf_leaf_2_w_clk
 3.022597e-11 2.596392e-11 6.865722e-12 6.305562e-11 clkbuf_leaf_97_w_clk
 3.015899e-11 2.601562e-11 6.865722e-12 6.304034e-11 clkbuf_leaf_1_w_clk
 3.021544e-11 2.581840e-11 6.865722e-12 6.289956e-11 clkbuf_leaf_103_w_clk
 3.123912e-11 2.479144e-11 6.865722e-12 6.289629e-11 clkbuf_leaf_72_v_clk
 3.137200e-11 2.465780e-11 6.865722e-12 6.289552e-11 clkbuf_leaf_34_v_clk
 3.126922e-11 2.455003e-11 6.865722e-12 6.268496e-11 clkbuf_leaf_163_v_clk
 3.014695e-11 2.565873e-11 6.865722e-12 6.267140e-11 clkbuf_leaf_7_w_clk
 3.116318e-11 2.460717e-11 6.865722e-12 6.263608e-11 clkbuf_leaf_63_v_clk
 3.036061e-11 2.536718e-11 6.865722e-12 6.259351e-11 clkbuf_leaf_33_w_clk
 3.117021e-11 2.426439e-11 6.865722e-12 6.230032e-11 clkbuf_leaf_24_v_clk
 3.103415e-11 2.419097e-11 6.865722e-12 6.209083e-11 clkbuf_leaf_94_v_clk
 3.115341e-11 2.405704e-11 6.865722e-12 6.207617e-11 clkbuf_leaf_26_v_clk
 3.019506e-11 2.500524e-11 6.865722e-12 6.206602e-11 clkbuf_leaf_126_w_clk
 3.111606e-11 2.401582e-11 6.865722e-12 6.199760e-11 clkbuf_leaf_19_v_clk
 3.130095e-11 2.382673e-11 6.865722e-12 6.199340e-11 clkbuf_leaf_126_v_clk
 3.132807e-11 2.377438e-11 6.865722e-12 6.196817e-11 clkbuf_leaf_47_v_clk
 3.102719e-11 2.404720e-11 6.865722e-12 6.194011e-11 clkbuf_leaf_97_v_clk
 3.120077e-11 2.377476e-11 6.865722e-12 6.184126e-11 clkbuf_leaf_3_v_clk
 3.127948e-11 2.362449e-11 6.865722e-12 6.176969e-11 clkbuf_leaf_37_v_clk
 3.024140e-11 2.465211e-11 6.865722e-12 6.175924e-11 clkbuf_leaf_122_w_clk
 3.011952e-11 2.468638e-11 6.865722e-12 6.167162e-11 clkbuf_leaf_10_w_clk
 3.115847e-11 2.354951e-11 6.865722e-12 6.157370e-11 clkbuf_leaf_143_v_clk
 3.111889e-11 2.358859e-11 6.865722e-12 6.157320e-11 clkbuf_leaf_85_v_clk
 3.113974e-11 2.346988e-11 6.865722e-12 6.147535e-11 clkbuf_leaf_82_v_clk
 3.023545e-11 2.436977e-11 6.865722e-12 6.147094e-11 clkbuf_leaf_110_w_clk
 3.110086e-11 2.339972e-11 6.865722e-12 6.136631e-11 clkbuf_leaf_80_v_clk
 3.115680e-11 2.332426e-11 6.865722e-12 6.134679e-11 clkbuf_leaf_1_v_clk
 3.115506e-11 2.330378e-11 6.865722e-12 6.132456e-11 clkbuf_leaf_9_v_clk
 3.017447e-11 2.423089e-11 6.865722e-12 6.127109e-11 clkbuf_leaf_99_w_clk
 3.111868e-11 2.322250e-11 6.865722e-12 6.120690e-11 clkbuf_leaf_83_v_clk
 3.019747e-11 2.413486e-11 6.865722e-12 6.119805e-11 clkbuf_leaf_67_w_clk
 3.022786e-11 2.409338e-11 6.865722e-12 6.118697e-11 clkbuf_leaf_109_w_clk
 3.105864e-11 2.319268e-11 6.865722e-12 6.111705e-11 clkbuf_leaf_14_v_clk
 3.109013e-11 2.311808e-11 6.865722e-12 6.107392e-11 clkbuf_leaf_31_v_clk
 3.016333e-11 2.395586e-11 6.865722e-12 6.098491e-11 clkbuf_leaf_107_w_clk
 3.110426e-11 2.290661e-11 6.865722e-12 6.087660e-11 clkbuf_leaf_121_v_clk
 3.021320e-11 2.370564e-11 6.865722e-12 6.078456e-11 clkbuf_leaf_123_w_clk
 3.009535e-11 2.374712e-11 6.865722e-12 6.070820e-11 clkbuf_leaf_9_w_clk
 3.104303e-11 2.269230e-11 6.865722e-12 6.060106e-11 clkbuf_leaf_89_v_clk
 3.108591e-11 2.250055e-11 6.865722e-12 6.045218e-11 clkbuf_leaf_6_v_clk
 3.101181e-11 2.252246e-11 6.865722e-12 6.039999e-11 clkbuf_leaf_11_v_clk
 3.108479e-11 2.244287e-11 6.865722e-12 6.039338e-11 clkbuf_leaf_166_v_clk
 3.107036e-11 2.237300e-11 6.865722e-12 6.030908e-11 clkbuf_leaf_158_v_clk
 3.017497e-11 2.325817e-11 6.865722e-12 6.029887e-11 clkbuf_leaf_108_w_clk
 3.012026e-11 2.327855e-11 6.865722e-12 6.026453e-11 clkbuf_leaf_127_w_clk
 3.106962e-11 2.231703e-11 6.865722e-12 6.025237e-11 clkbuf_leaf_0_v_clk
 3.100926e-11 2.237494e-11 6.865722e-12 6.024992e-11 clkbuf_leaf_13_v_clk
 3.103889e-11 2.230412e-11 6.865722e-12 6.020873e-11 clkbuf_leaf_84_v_clk
 3.103975e-11 2.230311e-11 6.865722e-12 6.020858e-11 clkbuf_leaf_71_v_clk
 3.013690e-11 2.316187e-11 6.865722e-12 6.016449e-11 clkbuf_leaf_63_w_clk
 3.105831e-11 2.218012e-11 6.865722e-12 6.010416e-11 clkbuf_leaf_7_v_clk
 3.016078e-11 2.297308e-11 6.865722e-12 5.999959e-11 clkbuf_leaf_47_w_clk
 3.009252e-11 2.297296e-11 6.865722e-12 5.993121e-11 clkbuf_leaf_56_w_clk
 3.003541e-11 2.297526e-11 6.865722e-12 5.987640e-11 clkbuf_leaf_3_w_clk
 3.111821e-11 2.178776e-11 6.865722e-12 5.977169e-11 clkbuf_leaf_118_v_clk
 3.093243e-11 2.185881e-11 6.865722e-12 5.965696e-11 clkbuf_leaf_75_v_clk
 3.096482e-11 2.177607e-11 6.865722e-12 5.960661e-11 clkbuf_leaf_29_v_clk
 3.009098e-11 2.263215e-11 6.865722e-12 5.958885e-11 clkbuf_leaf_70_w_clk
 3.011581e-11 2.258564e-11 6.865722e-12 5.956716e-11 clkbuf_leaf_111_w_clk
 3.095721e-11 2.168448e-11 6.865722e-12 5.950741e-11 clkbuf_leaf_93_v_clk
 3.100566e-11 2.163328e-11 6.865722e-12 5.950466e-11 clkbuf_leaf_159_v_clk
 3.095673e-11 2.167639e-11 6.865722e-12 5.949884e-11 clkbuf_leaf_81_v_clk
 3.005772e-11 2.257379e-11 6.865722e-12 5.949723e-11 clkbuf_leaf_133_w_clk
 3.100844e-11 2.161216e-11 6.865722e-12 5.948633e-11 clkbuf_leaf_5_v_clk
 3.111800e-11 2.146178e-11 6.865722e-12 5.944550e-11 clkbuf_leaf_42_v_clk
 3.004800e-11 2.246890e-11 6.865722e-12 5.938262e-11 clkbuf_leaf_105_w_clk
 3.108527e-11 2.141122e-11 6.865722e-12 5.936222e-11 clkbuf_leaf_120_v_clk
 3.088492e-11 2.160696e-11 6.865722e-12 5.935760e-11 clkbuf_leaf_112_v_clk
 3.099837e-11 2.142536e-11 6.865722e-12 5.928946e-11 clkbuf_leaf_165_v_clk
 3.003772e-11 2.234558e-11 6.865722e-12 5.924902e-11 clkbuf_leaf_50_w_clk
 3.006205e-11 2.229993e-11 6.865722e-12 5.922769e-11 clkbuf_leaf_69_w_clk
 3.109461e-11 2.119835e-11 6.865722e-12 5.915868e-11 clkbuf_leaf_39_v_clk
 3.109304e-11 2.116616e-11 6.865722e-12 5.912493e-11 clkbuf_leaf_43_v_clk
 3.003007e-11 2.220795e-11 6.865722e-12 5.910374e-11 clkbuf_leaf_101_w_clk
 3.097345e-11 2.126194e-11 6.865722e-12 5.910111e-11 clkbuf_leaf_152_v_clk
 3.090594e-11 2.108793e-11 6.865722e-12 5.885959e-11 clkbuf_leaf_92_v_clk
 3.006670e-11 2.190729e-11 6.865722e-12 5.883972e-11 clkbuf_leaf_36_w_clk
 3.089186e-11 2.098094e-11 6.865722e-12 5.873851e-11 clkbuf_leaf_25_v_clk
 2.999851e-11 2.180532e-11 6.865722e-12 5.866955e-11 clkbuf_leaf_106_w_clk
 3.000359e-11 2.163403e-11 6.865722e-12 5.850335e-11 clkbuf_leaf_73_w_clk
 2.996242e-11 2.147289e-11 6.865722e-12 5.830104e-11 clkbuf_leaf_45_w_clk
 3.086096e-11 2.057201e-11 6.865722e-12 5.829870e-11 clkbuf_leaf_78_v_clk
 3.090994e-11 2.047333e-11 6.865722e-12 5.824900e-11 clkbuf_leaf_168_v_clk
 3.078643e-11 2.058359e-11 6.865722e-12 5.823574e-11 clkbuf_leaf_104_v_clk
 3.099066e-11 2.036200e-11 6.865722e-12 5.821838e-11 clkbuf_leaf_129_v_clk
 3.087454e-11 2.039015e-11 6.865722e-12 5.813041e-11 clkbuf_leaf_70_v_clk
 3.100932e-11 2.024601e-11 6.865722e-12 5.812106e-11 clkbuf_leaf_44_v_clk
 3.087785e-11 2.025758e-11 6.865722e-12 5.800115e-11 clkbuf_leaf_134_v_clk
 3.006584e-11 2.099036e-11 6.865722e-12 5.792192e-11 clkbuf_leaf_32_w_clk
 3.005908e-11 2.091628e-11 6.865722e-12 5.784109e-11 clkbuf_leaf_31_w_clk
 2.991379e-11 2.089998e-11 6.865722e-12 5.767950e-11 clkbuf_leaf_55_w_clk
 3.080805e-11 1.991768e-11 6.865722e-12 5.759145e-11 clkbuf_leaf_90_v_clk
 3.084206e-11 1.973786e-11 6.865722e-12 5.744565e-11 clkbuf_leaf_156_v_clk
 3.075459e-11 1.971433e-11 6.865722e-12 5.733464e-11 clkbuf_leaf_68_v_clk
 2.990300e-11 2.048046e-11 6.865722e-12 5.724918e-11 clkbuf_leaf_72_w_clk
 2.990367e-11 2.018604e-11 6.865722e-12 5.695543e-11 clkbuf_leaf_121_w_clk
 2.984839e-11 2.015320e-11 6.865722e-12 5.686732e-11 clkbuf_leaf_48_w_clk
 2.984856e-11 2.014191e-11 6.865722e-12 5.685619e-11 clkbuf_leaf_51_w_clk
 2.987391e-11 1.984665e-11 6.865722e-12 5.658628e-11 clkbuf_leaf_124_w_clk
 2.986007e-11 1.967355e-11 6.865722e-12 5.639934e-11 clkbuf_leaf_112_w_clk
 3.075723e-11 1.870461e-11 6.865722e-12 5.632756e-11 clkbuf_leaf_8_v_clk
 3.079724e-11 1.820361e-11 6.865722e-12 5.586656e-11 clkbuf_leaf_35_v_clk
 3.070062e-11 1.805344e-11 6.865722e-12 5.561979e-11 clkbuf_leaf_2_v_clk
 2.967422e-11 1.871559e-11 6.865722e-12 5.525553e-11 clkbuf_leaf_4_w_clk
 2.966973e-11 1.869011e-11 6.865722e-12 5.522557e-11 clkbuf_leaf_6_w_clk
 2.963671e-11 1.831280e-11 6.865722e-12 5.481524e-11 clkbuf_leaf_139_w_clk
 2.962752e-11 1.816198e-11 6.865722e-12 5.465522e-11 clkbuf_leaf_5_w_clk
 3.057412e-11 1.718944e-11 6.865722e-12 5.462928e-11 clkbuf_leaf_79_v_clk
 3.052095e-11 1.716415e-11 6.865722e-12 5.455082e-11 clkbuf_leaf_115_v_clk
 2.961537e-11 1.804618e-11 6.865722e-12 5.452728e-11 clkbuf_leaf_8_w_clk
 2.960941e-11 1.798845e-11 6.865722e-12 5.446359e-11 clkbuf_leaf_136_w_clk
 3.070507e-11 1.687985e-11 6.865722e-12 5.445065e-11 clkbuf_leaf_46_v_clk
 3.052627e-11 1.656171e-11 6.865722e-12 5.395370e-11 clkbuf_leaf_32_v_clk
 3.062340e-11 1.596866e-11 6.865722e-12 5.345779e-11 clkbuf_leaf_45_v_clk
 2.952813e-11 1.643106e-11 6.865722e-12 5.282492e-11 clkbuf_leaf_53_w_clk
 3.049086e-11 1.475844e-11 6.865722e-12 5.211502e-11 clkbuf_leaf_128_v_clk
 2.946399e-11 1.568328e-11 6.865722e-12 5.201299e-11 clkbuf_leaf_52_w_clk
 3.046501e-11 1.447581e-11 6.865722e-12 5.180655e-11 clkbuf_leaf_127_v_clk
 3.036999e-11 1.451959e-11 6.865722e-12 5.175530e-11 clkbuf_leaf_76_v_clk
 3.032630e-11 1.397796e-11 6.865722e-12 5.116998e-11 clkbuf_leaf_77_v_clk
 3.041656e-11 1.369231e-11 6.865722e-12 5.097460e-11 clkbuf_leaf_40_v_clk
 2.930976e-11 1.389679e-11 6.865722e-12 5.007228e-11 clkbuf_leaf_49_w_clk
 5.158625e-12 3.073178e-11 1.416735e-11 5.005776e-11 fanout460
 3.025675e-11 1.214311e-11 6.865722e-12 4.926557e-11 clkbuf_leaf_119_v_clk
 2.908399e-11 1.247483e-11 6.865722e-12 4.842454e-11 clkbuf_leaf_0_w_clk
 2.918391e-11 1.235282e-11 6.865722e-12 4.840245e-11 clkbuf_leaf_16_w_clk
 5.076352e-12 3.250694e-11 1.047889e-11 4.806218e-11 fanout276
 5.114261e-12 2.865191e-11 1.416733e-11 4.793350e-11 max_cap907
 2.902286e-11 1.168644e-11 6.865722e-12 4.757503e-11 clkbuf_leaf_11_w_clk
 7.371247e-12 2.781829e-11 1.047890e-11 4.566844e-11 fanout1005
 2.881509e-11 9.255477e-12 6.865722e-12 4.493628e-11 clkbuf_leaf_83_w_clk
 5.110792e-12 2.529579e-11 1.416729e-11 4.457387e-11 fanout264
 2.782562e-12 2.695387e-11 1.416727e-11 4.390370e-11 fanout611
 2.878625e-11 7.746226e-12 6.865722e-12 4.339820e-11 clkbuf_leaf_17_w_clk
 2.774488e-12 2.596769e-11 1.416737e-11 4.290955e-11 fanout290
 2.873931e-11 7.199673e-12 6.865722e-12 4.280470e-11 clkbuf_leaf_18_w_clk
 2.861084e-11 6.768889e-12 6.865722e-12 4.224545e-11 clkbuf_leaf_93_w_clk
 5.047089e-12 2.297034e-11 1.416731e-11 4.218474e-11 fanout279
 5.099999e-12 2.232612e-11 1.416733e-11 4.159345e-11 fanout905
 5.002907e-12 2.070492e-11 1.416735e-11 3.987517e-11 fanout972
 5.088692e-12 2.004499e-11 1.416731e-11 3.930100e-11 fanout644
 5.068828e-12 1.998933e-11 1.416733e-11 3.922549e-11 fanout954
 5.035348e-12 1.987307e-11 1.416734e-11 3.907576e-11 fanout943
 5.096088e-12 1.962810e-11 1.416734e-11 3.889153e-11 fanout895
 5.104879e-12 2.321183e-11 1.047886e-11 3.879556e-11 fanout957
 4.859447e-12 2.940251e-11 4.325239e-12 3.858719e-11 fanout1040
 5.082326e-12 2.249995e-11 1.047889e-11 3.806117e-11 fanout259
 2.536974e-12 2.864168e-11 6.865705e-12 3.804436e-11 fanout655
 4.870337e-12 2.831294e-11 4.325239e-12 3.750852e-11 fanout1036
 5.051084e-12 2.106272e-11 1.047886e-11 3.659265e-11 fanout469
 2.934443e-11 0.000000e+00 6.865722e-12 3.621016e-11 clkload215
 2.932755e-11 0.000000e+00 6.865722e-12 3.619327e-11 clkload225
 2.929521e-11 0.000000e+00 6.865722e-12 3.616093e-11 clkload214
 2.929272e-11 0.000000e+00 6.865722e-12 3.615845e-11 clkload167
 2.928391e-11 0.000000e+00 6.865722e-12 3.614963e-11 clkload202
 2.927868e-11 0.000000e+00 6.865722e-12 3.614440e-11 clkload162
 2.927195e-11 0.000000e+00 6.865722e-12 3.613767e-11 clkload164
 2.927020e-11 0.000000e+00 6.865722e-12 3.613593e-11 clkload159
 2.926888e-11 0.000000e+00 6.865722e-12 3.613460e-11 clkload267
 2.926885e-11 0.000000e+00 6.865722e-12 3.613457e-11 clkload262
 2.926789e-11 0.000000e+00 6.865722e-12 3.613361e-11 clkload163
 2.925832e-11 0.000000e+00 6.865722e-12 3.612405e-11 clkload206
 2.925830e-11 0.000000e+00 6.865722e-12 3.612402e-11 clkload166
 5.186644e-12 2.045645e-11 1.047884e-11 3.612193e-11 max_cap975
 2.925285e-11 0.000000e+00 6.865722e-12 3.611857e-11 clkload227
 2.924656e-11 0.000000e+00 6.865722e-12 3.611228e-11 clkload201
 2.924537e-11 0.000000e+00 6.865722e-12 3.611109e-11 clkload208
 2.924360e-11 0.000000e+00 6.865722e-12 3.610932e-11 clkload136
 2.924047e-11 0.000000e+00 6.865722e-12 3.610620e-11 clkload135
 2.923611e-11 0.000000e+00 6.865722e-12 3.610184e-11 clkload200
 2.923458e-11 0.000000e+00 6.865722e-12 3.610030e-11 clkload138
 2.923322e-11 0.000000e+00 6.865722e-12 3.609895e-11 clkload204
 2.923236e-11 0.000000e+00 6.865722e-12 3.609808e-11 clkload152
 2.923011e-11 0.000000e+00 6.865722e-12 3.609583e-11 clkload241
 2.922981e-11 0.000000e+00 6.865722e-12 3.609554e-11 clkload178
 2.922692e-11 0.000000e+00 6.865722e-12 3.609264e-11 clkload129
 2.922478e-11 0.000000e+00 6.865722e-12 3.609050e-11 clkload219
 2.922279e-11 0.000000e+00 6.865722e-12 3.608851e-11 clkload223
 2.922223e-11 0.000000e+00 6.865722e-12 3.608796e-11 clkload221
 2.921055e-11 0.000000e+00 6.865722e-12 3.607627e-11 clkload234
 2.920742e-11 0.000000e+00 6.865722e-12 3.607314e-11 clkload147
 2.920613e-11 0.000000e+00 6.865722e-12 3.607185e-11 clkload171
 2.920600e-11 0.000000e+00 6.865722e-12 3.607173e-11 clkload255
 2.920514e-11 0.000000e+00 6.865722e-12 3.607086e-11 clkload245
 2.920374e-11 0.000000e+00 6.865722e-12 3.606946e-11 clkload157
 2.919328e-11 0.000000e+00 6.865722e-12 3.605900e-11 clkload180
 5.057602e-12 1.677650e-11 1.416729e-11 3.600139e-11 fanout1096
 5.188980e-12 1.661940e-11 1.416733e-11 3.597571e-11 max_cap466
 2.905722e-11 0.000000e+00 6.865722e-12 3.592295e-11 clkload124
 2.904060e-11 0.000000e+00 6.865722e-12 3.590632e-11 clkload117
 2.900467e-11 0.000000e+00 6.865722e-12 3.587039e-11 clkload126
 5.110293e-12 1.658974e-11 1.416729e-11 3.586732e-11 fanout1114
 2.882151e-12 1.872956e-11 1.416737e-11 3.577908e-11 fanout394
 5.098256e-12 1.984539e-11 1.047886e-11 3.542250e-11 fanout959
 2.825935e-11 0.000000e+00 6.865722e-12 3.512507e-11 clkload107
 2.822662e-11 0.000000e+00 6.865722e-12 3.509234e-11 clkload111
 2.821998e-11 0.000000e+00 6.865722e-12 3.508571e-11 clkload59
 2.821721e-11 0.000000e+00 6.865722e-12 3.508293e-11 clkload58
 2.821368e-11 0.000000e+00 6.865722e-12 3.507940e-11 clkload83
 2.821246e-11 0.000000e+00 6.865722e-12 3.507818e-11 clkload66
 2.821159e-11 0.000000e+00 6.865722e-12 3.507732e-11 clkload48
 2.819299e-11 0.000000e+00 6.865722e-12 3.505871e-11 clkload101
 2.817907e-11 0.000000e+00 6.865722e-12 3.504479e-11 clkload39
 2.817652e-11 0.000000e+00 6.865722e-12 3.504224e-11 clkload78
 4.874856e-12 2.563702e-11 4.325239e-12 3.483712e-11 fanout1028
 5.157765e-12 1.913309e-11 1.047890e-11 3.476976e-11 fanout960
 4.918360e-12 2.476913e-11 4.325239e-12 3.401273e-11 fanout1076
 4.574634e-12 2.400820e-11 4.876289e-12 3.345912e-11 fanout568
 5.131889e-12 1.407488e-11 1.416729e-11 3.337406e-11 fanout1097
 2.795062e-12 1.617990e-11 1.416737e-11 3.314233e-11 fanout492
 2.786561e-12 1.605509e-11 1.416737e-11 3.300902e-11 fanout311
 4.882100e-12 2.367335e-11 4.325239e-12 3.288069e-11 fanout1016
 4.590836e-12 2.294459e-11 4.876289e-12 3.241171e-11 fanout539
 4.888591e-12 2.287031e-11 4.325239e-12 3.208414e-11 fanout1083
 2.837086e-12 1.843920e-11 1.047894e-11 3.175523e-11 fanout612
 4.625189e-12 2.211623e-11 4.876289e-12 3.161770e-11 fanout532
 2.799080e-12 1.829248e-11 1.047883e-11 3.157039e-11 fanout152
 2.561049e-12 2.145833e-11 7.514084e-12 3.153346e-11 fanout339
 2.012336e-12 2.188516e-11 7.514044e-12 3.141154e-11 hold11
 4.921628e-12 2.195798e-11 4.325239e-12 3.120485e-11 fanout1072
 4.889375e-12 2.192607e-11 4.325239e-12 3.114068e-11 fanout1057
 4.938676e-12 2.183408e-11 4.325239e-12 3.109799e-11 fanout1056
 2.868334e-12 1.715923e-11 1.047882e-11 3.050638e-11 fanout293
 4.925445e-12 2.121779e-11 4.325239e-12 3.046847e-11 fanout1075
 4.896324e-12 2.105625e-11 4.325239e-12 3.027781e-11 fanout1066
 4.575955e-12 2.079647e-11 4.876289e-12 3.024872e-11 fanout588
 4.602047e-12 2.075705e-11 4.876289e-12 3.023539e-11 fanout584
 4.921429e-12 2.081946e-11 4.325239e-12 3.006613e-11 fanout1045
 4.612131e-12 2.054154e-11 4.876289e-12 3.002996e-11 fanout563
 2.915696e-12 1.281314e-11 1.416737e-11 2.989620e-11 fanout402
 4.603688e-12 2.035347e-11 4.876289e-12 2.983344e-11 fanout586
 4.949654e-12 2.053575e-11 4.325239e-12 2.981064e-11 fanout1073
 4.903143e-12 2.032947e-11 4.325239e-12 2.955785e-11 fanout1037
 2.813765e-12 1.624949e-11 1.047883e-11 2.954208e-11 fanout265
 4.613634e-12 2.002092e-11 4.876289e-12 2.951084e-11 fanout569
 2.833622e-12 1.245613e-11 1.416728e-11 2.945704e-11 fanout624
 2.854080e-12 1.241380e-11 1.416731e-11 2.943519e-11 fanout914
 2.810896e-12 1.229075e-11 1.416736e-11 2.926900e-11 fanout923
 2.862316e-12 1.567288e-11 1.047886e-11 2.901405e-11 fanout388
 4.609051e-12 1.909206e-11 4.876289e-12 2.857740e-11 fanout579
 4.902355e-12 1.928032e-11 4.325239e-12 2.850791e-11 fanout1050
 2.834339e-12 1.134113e-11 1.416737e-11 2.834284e-11 fanout273
 4.965774e-12 1.903451e-11 4.325239e-12 2.832552e-11 fanout1032
 4.612212e-12 1.871474e-11 4.876289e-12 2.820324e-11 fanout551
 4.611034e-12 1.856246e-11 4.876289e-12 2.804978e-11 fanout581
 4.900786e-12 1.880122e-11 4.325239e-12 2.802725e-11 fanout1053
 4.615644e-12 1.850432e-11 4.876289e-12 2.799625e-11 fanout559
 2.812597e-12 1.095596e-11 1.416727e-11 2.793583e-11 fanout948
 4.960402e-12 1.848442e-11 4.325239e-12 2.777006e-11 fanout1017
 4.907687e-12 1.825529e-11 4.325239e-12 2.748821e-11 fanout1069
 4.918297e-12 1.816319e-11 4.325239e-12 2.740673e-11 fanout1030
 2.240095e-11 0.000000e+00 4.876271e-12 2.727722e-11 clkload14
 2.810586e-12 1.396895e-11 1.047882e-11 2.725836e-11 fanout318
 4.614459e-12 1.772676e-11 4.876289e-12 2.721750e-11 fanout535
 4.664177e-12 1.761180e-11 4.876289e-12 2.715226e-11 fanout585
 2.879562e-12 1.375031e-11 1.047894e-11 2.710881e-11 wire660
 4.645075e-12 1.749770e-11 4.876289e-12 2.701906e-11 fanout571
 2.832469e-12 9.848478e-12 1.416728e-11 2.684823e-11 fanout625
 2.823321e-12 9.688127e-12 1.416737e-11 2.667882e-11 fanout889
 2.823255e-12 1.330861e-11 1.047882e-11 2.661068e-11 fanout480
 4.635685e-12 1.698387e-11 4.876289e-12 2.649585e-11 fanout549
 2.553678e-12 1.700563e-11 6.865716e-12 2.642503e-11 fanout1420
 2.842843e-12 9.265119e-12 1.416737e-11 2.627533e-11 fanout951
 4.625375e-12 1.666585e-11 4.876289e-12 2.616752e-11 fanout573
 4.645465e-12 1.660962e-11 4.876289e-12 2.613137e-11 fanout566
 2.812770e-12 1.276325e-11 1.047882e-11 2.605484e-11 fanout493
 4.955340e-12 1.675050e-11 4.325239e-12 2.603108e-11 fanout1018
 4.631681e-12 1.596835e-11 4.876289e-12 2.547632e-11 fanout547
 4.612229e-12 1.582351e-11 4.876289e-12 2.531203e-11 fanout534
 2.600094e-12 1.514729e-11 7.514076e-12 2.526146e-11 fanout658
 2.568246e-12 1.573137e-11 6.865714e-12 2.516533e-11 hold53
 1.976636e-12 1.601038e-11 6.865743e-12 2.485276e-11 fanout995
 2.814130e-12 1.147352e-11 1.047883e-11 2.476648e-11 fanout970
 2.797988e-12 1.147662e-11 1.047892e-11 2.475353e-11 wire610
 2.554400e-12 1.488801e-11 6.865716e-12 2.430813e-11 hold61
 2.528175e-12 1.474076e-11 6.865705e-12 2.413464e-11 max_cap628
 2.609039e-12 1.397592e-11 7.514091e-12 2.409905e-11 fanout840
 2.630189e-12 1.448956e-11 6.865714e-12 2.398546e-11 hold54
 2.823818e-12 1.035174e-11 1.047887e-11 2.365444e-11 fanout916
 2.849141e-12 1.020397e-11 1.047882e-11 2.353193e-11 fanout952
 2.605064e-12 1.291965e-11 7.514079e-12 2.303879e-11 fanout600
 2.543848e-12 1.355835e-11 6.865714e-12 2.296791e-11 fanout1475
 2.746489e-12 1.629830e-11 3.659369e-12 2.270416e-11 fanout1025
 2.821686e-12 9.157299e-12 1.047889e-11 2.245788e-11 fanout1480
 2.539833e-12 1.236271e-11 7.514084e-12 2.241663e-11 fanout338
 2.590308e-12 1.575126e-11 3.659320e-12 2.200089e-11 fanout883
 1.678897e-12 9.687523e-12 1.047916e-11 2.184558e-11 fanout143
 2.555501e-12 1.242416e-11 6.865708e-12 2.184537e-11 fanout1470
 1.730160e-11 0.000000e+00 4.330269e-12 2.163186e-11 clkload20
 1.726360e-11 0.000000e+00 4.330269e-12 2.159387e-11 clkload16
 2.553781e-12 1.144853e-11 7.514079e-12 2.151639e-11 fanout597
 1.710710e-11 0.000000e+00 4.330269e-12 2.143737e-11 clkload3
 2.541149e-12 1.192527e-11 6.865705e-12 2.133212e-11 fanout1455
 1.988329e-12 1.241222e-11 6.865759e-12 2.126631e-11 fanout432
 1.687269e-12 9.020232e-12 1.047913e-11 2.118663e-11 fanout144
 2.587518e-12 1.382815e-11 4.647980e-12 2.106365e-11 fanout553
 2.771700e-12 1.434122e-11 3.659369e-12 2.077228e-11 fanout1081
 1.976920e-12 1.101628e-11 7.514037e-12 2.050724e-11 fanout437
 2.631287e-12 1.097880e-11 6.865705e-12 2.047580e-11 hold19
 2.754433e-12 1.399498e-11 3.659369e-12 2.040878e-11 fanout1039
 2.588767e-12 1.316491e-11 4.647980e-12 2.040165e-11 fanout542
 1.978088e-12 1.148393e-11 6.865753e-12 2.032777e-11 fanout1124
 2.755785e-12 1.385335e-11 3.659369e-12 2.026851e-11 fanout1013
 2.539960e-12 1.019591e-11 7.514081e-12 2.024995e-11 fanout1102
 2.557794e-12 1.006527e-11 7.514081e-12 2.013714e-11 fanout1111
 2.776763e-12 1.356393e-11 3.659369e-12 2.000006e-11 fanout1079
 1.510896e-11 0.000000e+00 4.876281e-12 1.998524e-11 clkload232
 1.510832e-11 0.000000e+00 4.876281e-12 1.998460e-11 clkload189
 1.510809e-11 0.000000e+00 4.876281e-12 1.998437e-11 clkload213
 1.510188e-11 0.000000e+00 4.876281e-12 1.997816e-11 clkload229
 1.509984e-11 0.000000e+00 4.876281e-12 1.997612e-11 clkload160
 1.509879e-11 0.000000e+00 4.876281e-12 1.997507e-11 clkload266
 1.509876e-11 0.000000e+00 4.876281e-12 1.997504e-11 clkload226
 1.509821e-11 0.000000e+00 4.876281e-12 1.997449e-11 clkload216
 1.509817e-11 0.000000e+00 4.876281e-12 1.997446e-11 clkload190
 1.509660e-11 0.000000e+00 4.876281e-12 1.997288e-11 clkload203
 1.509456e-11 0.000000e+00 4.876281e-12 1.997084e-11 clkload263
 1.509393e-11 0.000000e+00 4.876281e-12 1.997021e-11 clkload196
 1.509360e-11 0.000000e+00 4.876281e-12 1.996988e-11 clkload228
 1.509317e-11 0.000000e+00 4.876281e-12 1.996945e-11 clkload140
 1.509237e-11 0.000000e+00 4.876281e-12 1.996866e-11 clkload141
 1.509121e-11 0.000000e+00 4.876281e-12 1.996749e-11 clkload137
 1.509112e-11 0.000000e+00 4.876281e-12 1.996740e-11 clkload130
 1.509087e-11 0.000000e+00 4.876281e-12 1.996715e-11 clkload231
 1.508896e-11 0.000000e+00 4.876281e-12 1.996524e-11 clkload194
 1.508877e-11 0.000000e+00 4.876281e-12 1.996505e-11 clkload132
 1.508458e-11 0.000000e+00 4.876281e-12 1.996086e-11 clkload142
 1.508261e-11 0.000000e+00 4.876281e-12 1.995889e-11 clkload199
 1.508000e-11 0.000000e+00 4.876281e-12 1.995628e-11 clkload195
 1.507919e-11 0.000000e+00 4.876281e-12 1.995547e-11 clkload144
 1.507567e-11 0.000000e+00 4.876281e-12 1.995195e-11 clkload239
 1.506980e-11 0.000000e+00 4.876281e-12 1.994608e-11 clkload258
 1.506599e-11 0.000000e+00 4.876281e-12 1.994227e-11 clkload218
 1.506512e-11 0.000000e+00 4.876281e-12 1.994140e-11 clkload170
 1.506324e-11 0.000000e+00 4.876281e-12 1.993953e-11 clkload176
 2.575434e-12 9.829427e-12 7.514081e-12 1.991894e-11 fanout1088
 2.542566e-12 1.038893e-11 6.865705e-12 1.979720e-11 fanout1458
 2.528783e-12 9.610960e-12 7.514081e-12 1.965382e-11 fanout1100
 1.447093e-12 1.062490e-11 7.514087e-12 1.958608e-11 fanout635
 2.536988e-12 1.008207e-11 6.865705e-12 1.948476e-11 fanout1464
 1.457705e-11 0.000000e+00 4.876282e-12 1.945334e-11 clkload110
 1.457060e-11 0.000000e+00 4.876282e-12 1.944688e-11 clkload106
 1.456777e-11 0.000000e+00 4.876282e-12 1.944405e-11 clkload54
 1.456078e-11 0.000000e+00 4.876282e-12 1.943707e-11 clkload43
 1.455098e-11 0.000000e+00 4.876282e-12 1.942726e-11 clkload113
 1.453253e-11 0.000000e+00 4.876282e-12 1.940881e-11 clkload33
 1.437634e-12 1.044592e-11 7.514092e-12 1.939765e-11 fanout669
 1.446997e-11 0.000000e+00 4.876282e-12 1.934625e-11 clkload29
 1.445811e-11 0.000000e+00 4.876282e-12 1.933440e-11 clkload31
 2.552898e-12 9.211682e-12 7.514081e-12 1.927866e-11 fanout1090
 1.966859e-12 9.715004e-12 7.514054e-12 1.919592e-11 fanout982
 2.543575e-12 9.773611e-12 6.865705e-12 1.918289e-11 fanout1462
 2.574800e-12 9.072380e-12 7.514081e-12 1.916126e-11 fanout1085
 2.769326e-12 1.269678e-11 3.659369e-12 1.912547e-11 fanout1027
 2.593276e-12 1.182621e-11 4.647980e-12 1.906747e-11 fanout578
 2.541235e-12 9.652645e-12 6.865716e-12 1.905960e-11 fanout1432
 2.549332e-12 9.444376e-12 6.865716e-12 1.885942e-11 fanout1439
 2.542118e-12 8.769876e-12 7.514081e-12 1.882608e-11 fanout1116
 2.547646e-12 9.357469e-12 6.865705e-12 1.877082e-11 fanout1453
 2.556647e-12 9.329469e-12 6.865716e-12 1.875183e-11 fanout1442
 2.565349e-12 9.292204e-12 6.865716e-12 1.872327e-11 fanout1407
 2.565180e-12 9.225646e-12 6.865716e-12 1.865654e-11 fanout1406
 2.580445e-12 9.209908e-12 6.865716e-12 1.865607e-11 fanout1422
 1.991380e-12 9.138854e-12 7.514044e-12 1.864428e-11 fanout1377
 1.965662e-12 9.135385e-12 7.514054e-12 1.861510e-11 fanout983
 2.573965e-12 9.122665e-12 6.865716e-12 1.856235e-11 fanout1448
 2.536527e-12 8.447736e-12 7.514081e-12 1.849834e-11 fanout1108
 2.760953e-12 1.207657e-11 3.659369e-12 1.849689e-11 fanout1061
 1.968977e-12 8.921631e-12 7.514037e-12 1.840465e-11 fanout433
 1.971724e-12 9.492231e-12 6.865753e-12 1.832971e-11 fanout1118
 1.960140e-12 9.445970e-12 6.865759e-12 1.827187e-11 fanout428
 1.979725e-12 9.414217e-12 6.865753e-12 1.825970e-11 fanout1125
 2.561873e-12 8.817663e-12 6.865716e-12 1.824525e-11 fanout1404
 1.968992e-12 8.704378e-12 7.514037e-12 1.818741e-11 fanout434
 2.571998e-12 8.060512e-12 7.514081e-12 1.814659e-11 fanout1099
 1.961234e-12 9.178216e-12 6.865743e-12 1.800519e-11 fanout992
 5.601227e-13 3.255452e-12 1.416739e-11 1.798296e-11 fanout938
 1.969480e-12 9.145898e-12 6.865743e-12 1.798112e-11 fanout994
 2.757500e-12 1.153926e-11 3.659369e-12 1.795613e-11 fanout1019
 2.529128e-12 8.541830e-12 6.865716e-12 1.793667e-11 fanout1399
 1.444536e-12 9.560471e-12 6.865709e-12 1.787072e-11 fanout526
 2.760465e-12 1.138162e-11 3.659369e-12 1.780145e-11 fanout1054
 2.783739e-12 1.135418e-11 3.659369e-12 1.779729e-11 fanout1071
 2.559285e-12 8.354763e-12 6.865716e-12 1.777976e-11 fanout1425
 1.409512e-12 8.836517e-12 7.514087e-12 1.776012e-11 fanout632
 2.546109e-12 8.339075e-12 6.865716e-12 1.775090e-11 fanout1445
 2.546740e-12 8.320290e-12 6.865716e-12 1.773275e-11 fanout1437
 1.986614e-12 8.113680e-12 7.514044e-12 1.761434e-11 fanout1370
 1.980374e-12 8.752939e-12 6.865753e-12 1.759907e-11 fanout1120
 2.579019e-12 7.943735e-12 6.865716e-12 1.738847e-11 fanout1421
 2.763404e-12 1.088329e-11 3.659369e-12 1.730607e-11 fanout1035
 2.784816e-12 1.083021e-11 3.659369e-12 1.727440e-11 fanout1074
 1.275113e-12 1.105459e-11 4.876289e-12 1.720599e-11 fanout649
 1.407286e-12 8.831581e-12 6.865703e-12 1.710457e-11 max_cap257
 5.607380e-13 2.357402e-12 1.416739e-11 1.708553e-11 fanout527
 2.048450e-12 7.501441e-12 7.514044e-12 1.706393e-11 hold12
 1.993618e-12 8.144299e-12 6.865753e-12 1.700367e-11 fanout1119
 1.459587e-12 8.501946e-12 6.865716e-12 1.682725e-11 hold44
 1.426943e-12 7.777089e-12 7.514092e-12 1.671812e-11 fanout157
 1.408263e-12 7.717254e-12 7.514092e-12 1.663961e-11 fanout664
 2.788225e-12 1.018655e-11 3.659369e-12 1.663414e-11 fanout1034
 2.606797e-12 9.345087e-12 4.647980e-12 1.659986e-11 fanout567
 5.627567e-13 1.837797e-12 1.416739e-11 1.656794e-11 fanout927
 8.446125e-13 8.143213e-12 7.514048e-12 1.650187e-11 fanout844
 8.496409e-13 8.006862e-12 7.514035e-12 1.637054e-11 fanout203
 1.395052e-12 7.457762e-12 7.514094e-12 1.636691e-11 fanout289
 1.402037e-12 8.086525e-12 6.865703e-12 1.635427e-11 max_cap272
 1.404895e-12 7.397936e-12 7.514076e-12 1.631691e-11 fanout949
 1.984407e-12 6.769191e-12 7.514044e-12 1.626764e-11 fanout1380
 1.418134e-12 7.187665e-12 7.514087e-12 1.611989e-11 fanout494
 1.404135e-12 7.837567e-12 6.865703e-12 1.610740e-11 fanout400
 8.300655e-13 7.758280e-12 7.514057e-12 1.610240e-11 fanout1238
 1.397884e-12 7.836649e-12 6.865703e-12 1.610024e-11 max_cap302
 1.414923e-12 7.028616e-12 7.514087e-12 1.595763e-11 fanout498
 2.761907e-12 9.532450e-12 3.659369e-12 1.595373e-11 fanout1031
 1.410866e-12 7.600394e-12 6.865705e-12 1.587697e-11 fanout617
 1.411415e-12 6.908289e-12 7.514092e-12 1.583380e-11 fanout966
 1.148843e-11 0.000000e+00 4.330179e-12 1.581861e-11 clkload127
 1.148832e-11 0.000000e+00 4.330179e-12 1.581850e-11 clkload122
 1.148410e-11 0.000000e+00 4.330179e-12 1.581428e-11 clkload120
 1.399040e-12 7.546077e-12 6.865703e-12 1.581082e-11 fanout463
 2.597346e-12 8.532895e-12 4.647980e-12 1.577822e-11 fanout564
 5.608778e-13 4.726442e-12 1.047880e-11 1.576612e-11 fanout189
 8.673245e-13 7.379169e-12 7.514048e-12 1.576054e-11 fanout849
 1.405954e-12 7.487407e-12 6.865709e-12 1.575907e-11 fanout642
 1.414009e-12 6.782588e-12 7.514092e-12 1.571069e-11 fanout153
 1.424362e-12 6.714207e-12 7.514092e-12 1.565266e-11 fanout155
 1.126979e-11 0.000000e+00 4.330173e-12 1.559997e-11 clkload25
 1.412737e-12 6.525461e-12 7.514091e-12 1.545229e-11 fanout912
 2.757049e-12 8.973763e-12 3.659369e-12 1.539018e-11 fanout1051
 8.354742e-13 7.672662e-12 6.865748e-12 1.537388e-11 fanout863
 1.406179e-12 6.427936e-12 7.514092e-12 1.534821e-11 fanout667
 1.415797e-12 7.045083e-12 6.865703e-12 1.532658e-11 fanout336
 1.409944e-12 6.336847e-12 7.514087e-12 1.526088e-11 fanout630
 1.405014e-12 6.307336e-12 7.514092e-12 1.522644e-11 fanout665
 1.310154e-12 8.787209e-12 4.876292e-12 1.497365e-11 fanout326
 1.403136e-12 6.673760e-12 6.865709e-12 1.494260e-11 fanout524
 1.283277e-12 8.564005e-12 4.876294e-12 1.472357e-11 hold50
 1.411636e-12 6.387198e-12 6.865705e-12 1.466454e-11 fanout444
 1.408376e-12 6.324903e-12 6.865703e-12 1.459898e-11 max_cap347
 1.411459e-12 6.274062e-12 6.865705e-12 1.455123e-11 fanout445
 5.603803e-13 3.505476e-12 1.047880e-11 1.454466e-11 fanout422
 1.283458e-12 8.057274e-12 4.876286e-12 1.421702e-11 fanout1436
 1.405558e-12 5.922327e-12 6.865704e-12 1.419359e-11 fanout971
 1.285461e-12 8.028971e-12 4.876286e-12 1.419072e-11 fanout1428
 5.612272e-13 3.138857e-12 1.047880e-11 1.417888e-11 fanout439
 1.434539e-12 5.760755e-12 6.865705e-12 1.406100e-11 fanout922
 5.644773e-13 2.998692e-12 1.047880e-11 1.404197e-11 fanout275
 5.613519e-13 2.827908e-12 1.047880e-11 1.386806e-11 fanout183
 8.665703e-13 5.210724e-12 7.514039e-12 1.359133e-11 fanout150
 5.639955e-13 2.480503e-12 1.047880e-11 1.352330e-11 fanout319
 1.286280e-12 7.350081e-12 4.876286e-12 1.351265e-11 fanout1444
 1.289718e-12 7.050689e-12 4.876294e-12 1.321670e-11 fanout1459
 5.783415e-13 1.067956e-11 1.894911e-12 1.315281e-11 _15152_
 1.411117e-12 4.643343e-12 6.865709e-12 1.292017e-11 fanout888
 1.410116e-12 4.634014e-12 6.865701e-12 1.290983e-11 fanout814
 8.397450e-13 5.180789e-12 6.865748e-12 1.288628e-11 fanout870
 8.481654e-13 4.488203e-12 7.514039e-12 1.285041e-11 fanout148
 8.407061e-13 4.448627e-12 7.514048e-12 1.280338e-11 fanout847
 9.958011e-13 6.802825e-12 4.876249e-12 1.267488e-11 fanout431
 1.289125e-12 7.059399e-12 4.325216e-12 1.267374e-11 fanout1093
 8.450081e-13 4.210814e-12 7.514039e-12 1.256986e-11 fanout1352
 8.383888e-13 4.162079e-12 7.514048e-12 1.251452e-11 fanout841
 1.305142e-12 6.125906e-12 4.876286e-12 1.230733e-11 fanout1408
 8.444139e-13 3.854189e-12 7.514039e-12 1.221264e-11 fanout1362
 1.297078e-12 6.032853e-12 4.876286e-12 1.220622e-11 fanout1446
 1.312336e-12 5.852125e-12 4.876286e-12 1.204075e-11 fanout1423
 8.385779e-13 3.615114e-12 7.514048e-12 1.196774e-11 fanout842
 8.579650e-13 3.573935e-12 7.514039e-12 1.194594e-11 fanout1351
 1.294392e-12 5.731657e-12 4.876286e-12 1.190234e-11 fanout1435
 1.004597e-12 6.462961e-12 4.325248e-12 1.179281e-11 hold199
 1.295111e-12 5.521309e-12 4.876286e-12 1.169271e-11 fanout1431
 1.299481e-12 5.480322e-12 4.876286e-12 1.165609e-11 fanout1440
 2.441807e-12 2.326844e-12 6.865714e-12 1.163437e-11 fanout1479
 8.339421e-13 3.896785e-12 6.865758e-12 1.159649e-11 fanout1140
 1.006673e-12 6.261552e-12 4.325250e-12 1.159347e-11 hold281
 1.296515e-12 5.414551e-12 4.876286e-12 1.158735e-11 fanout1450
 3.849264e-13 7.453095e-12 3.659314e-12 1.149734e-11 wire178
 1.046065e-12 5.911209e-12 4.325255e-12 1.128253e-11 hold412
 1.295336e-12 5.638408e-12 4.325216e-12 1.125896e-11 fanout1105
 1.004718e-12 5.885895e-12 4.325248e-12 1.121586e-11 fanout1375
 1.297616e-12 5.007785e-12 4.876286e-12 1.118169e-11 fanout1424
 1.001365e-12 5.825845e-12 4.325248e-12 1.115246e-11 fanout1389
 1.906326e-12 1.510284e-12 7.514044e-12 1.093065e-11 fanout1384
 9.973678e-13 5.575087e-12 4.325248e-12 1.089770e-11 fanout1386
 1.001795e-12 5.559364e-12 4.325248e-12 1.088641e-11 fanout1376
 1.298487e-12 4.711468e-12 4.876286e-12 1.088624e-11 fanout1433
 1.007389e-12 5.542816e-12 4.325248e-12 1.087545e-11 fanout1381
 8.941516e-12 0.000000e+00 1.895033e-12 1.083655e-11 clkload18
 8.845332e-12 0.000000e+00 1.895033e-12 1.074037e-11 clkload1
 7.122126e-13 5.108712e-12 4.876296e-12 1.069722e-11 fanout705
 7.146504e-13 5.048086e-12 4.876299e-12 1.063903e-11 fanout793
 1.002849e-12 5.306605e-12 4.325248e-12 1.063470e-11 fanout1382
 1.006100e-12 5.205178e-12 4.325248e-12 1.053653e-11 fanout1374
 7.124935e-13 4.459412e-12 4.876296e-12 1.004820e-11 fanout695
 7.143394e-13 4.445233e-12 4.876299e-12 1.003587e-11 fanout819
 7.126536e-13 4.412215e-12 4.876299e-12 1.000117e-11 fanout792
 1.006342e-12 4.648923e-12 4.325248e-12 9.980513e-12 fanout1392
 7.142763e-13 4.333653e-12 4.876296e-12 9.924225e-12 fanout687
 1.008960e-12 3.975109e-12 4.876254e-12 9.860323e-12 fanout1126
 7.163349e-13 4.266686e-12 4.876297e-12 9.859318e-12 fanout406
 7.205439e-13 4.250343e-12 4.876296e-12 9.847182e-12 fanout702
 7.161950e-13 4.135075e-12 4.876296e-12 9.727566e-12 fanout686
 7.152526e-13 4.133514e-12 4.876296e-12 9.725063e-12 fanout670
 7.167870e-13 4.129743e-12 4.876296e-12 9.722825e-12 fanout689
 7.259568e-13 4.337127e-12 4.647975e-12 9.711059e-12 fanout1415
 2.796756e-13 1.872402e-12 7.514097e-12 9.666174e-12 max_cap397
 7.139736e-13 4.074312e-12 4.876296e-12 9.664582e-12 fanout704
 7.171426e-13 3.976570e-12 4.876292e-12 9.570005e-12 fanout519
 7.162914e-13 3.956800e-12 4.876292e-12 9.549384e-12 fanout511
 7.193990e-13 3.950118e-12 4.876299e-12 9.545816e-12 fanout783
 7.177216e-13 3.878169e-12 4.876292e-12 9.472182e-12 fanout643
 7.168868e-13 3.822770e-12 4.876299e-12 9.415956e-12 fanout811
 7.125067e-13 4.356928e-12 4.325206e-12 9.394641e-12 fanout668
 7.171594e-13 3.796237e-12 4.876296e-12 9.389692e-12 fanout683
 7.222589e-13 3.774123e-12 4.876292e-12 9.372674e-12 fanout502
 7.219337e-13 3.769784e-12 4.876299e-12 9.368016e-12 fanout784
 7.176967e-13 3.689030e-12 4.876296e-12 9.283022e-12 fanout452
 7.152449e-13 4.192656e-12 4.325203e-12 9.233104e-12 fanout735
 7.173016e-13 3.638183e-12 4.876292e-12 9.231777e-12 fanout509
 7.198649e-13 3.616562e-12 4.876292e-12 9.212719e-12 fanout505
 7.157552e-13 3.604941e-12 4.876296e-12 9.196992e-12 fanout701
 2.801855e-13 2.049436e-12 6.865699e-12 9.195321e-12 max_cap197
 7.176014e-13 3.565126e-12 4.876292e-12 9.159019e-12 fanout510
 7.207391e-13 3.553563e-12 4.876299e-12 9.150600e-12 fanout786
 7.160337e-13 3.534295e-12 4.876296e-12 9.126625e-12 fanout696
 2.829493e-13 1.925221e-12 6.865699e-12 9.073870e-12 max_cap254
 7.162734e-13 3.471372e-12 4.876296e-12 9.063941e-12 fanout697
 7.182110e-13 3.450031e-12 4.876292e-12 9.044534e-12 fanout503
 7.160174e-13 3.999047e-12 4.325203e-12 9.040268e-12 fanout738
 7.300833e-13 3.980215e-12 4.325223e-12 9.035521e-12 fanout935
 7.126334e-13 3.984802e-12 4.325203e-12 9.022639e-12 fanout773
 7.205255e-13 3.374228e-12 4.876299e-12 8.971052e-12 fanout796
 7.207350e-13 3.367127e-12 4.876296e-12 8.964158e-12 fanout703
 2.856446e-13 1.811989e-12 6.865699e-12 8.963333e-12 fanout305
 2.776092e-13 1.796190e-12 6.865699e-12 8.939498e-12 max_cap278
 2.823937e-13 1.773588e-12 6.865699e-12 8.921681e-12 fanout327
 7.230870e-13 3.285610e-12 4.876296e-12 8.884993e-12 fanout676
 7.191846e-13 3.264823e-12 4.876299e-12 8.860307e-12 fanout807
 7.220519e-13 3.252880e-12 4.876299e-12 8.851231e-12 fanout781
 2.798187e-13 1.697750e-12 6.865699e-12 8.843268e-12 fanout440
 7.221548e-13 3.230636e-12 4.876296e-12 8.829087e-12 fanout671
 7.179483e-13 3.219414e-12 4.876292e-12 8.813655e-12 fanout522
 7.193544e-13 3.215780e-12 4.876299e-12 8.811433e-12 fanout805
 7.241485e-13 3.185396e-12 4.876296e-12 8.785841e-12 fanout698
 7.223034e-13 3.181238e-12 4.876299e-12 8.779841e-12 fanout800
 7.261847e-13 3.701908e-12 4.325203e-12 8.753297e-12 fanout718
 7.214899e-13 3.151585e-12 4.876299e-12 8.749373e-12 fanout794
 7.198527e-13 3.122330e-12 4.876299e-12 8.718481e-12 fanout791
 7.216095e-13 3.668941e-12 4.325206e-12 8.715756e-12 fanout156
 7.192895e-13 3.662694e-12 4.325203e-12 8.707187e-12 fanout713
 7.175377e-13 3.652864e-12 4.325203e-12 8.695605e-12 fanout731
 7.220109e-13 3.071442e-12 4.876296e-12 8.669749e-12 fanout681
 7.229081e-13 3.044991e-12 4.876299e-12 8.644198e-12 fanout777
 7.231340e-13 3.000666e-12 4.876299e-12 8.600099e-12 fanout780
 7.240607e-13 2.940454e-12 4.876299e-12 8.540814e-12 fanout810
 7.271905e-13 2.927775e-12 4.876299e-12 8.531264e-12 fanout775
 7.273029e-13 3.460092e-12 4.325203e-12 8.512599e-12 fanout722
 7.182963e-13 2.914998e-12 4.876299e-12 8.509593e-12 fanout790
 7.184552e-13 3.436174e-12 4.325203e-12 8.479833e-12 fanout725
 7.359245e-13 3.061780e-12 4.647975e-12 8.445680e-12 fanout1403
 7.186267e-13 3.397447e-12 4.325203e-12 8.441277e-12 fanout727
 2.820336e-13 1.289926e-12 6.865699e-12 8.437659e-12 fanout306
 2.773726e-13 6.247163e-13 7.514097e-12 8.416186e-12 wire85
 7.245899e-13 2.810615e-12 4.876299e-12 8.411503e-12 fanout815
 7.281322e-13 3.356937e-12 4.325203e-12 8.410272e-12 fanout768
 9.132315e-13 3.801425e-12 3.659393e-12 8.374050e-12 fanout354
 7.158941e-13 3.298914e-12 4.325203e-12 8.340012e-12 fanout758
 7.210281e-13 3.250801e-12 4.325203e-12 8.297033e-12 fanout366
 7.193430e-13 3.203353e-12 4.325203e-12 8.247900e-12 fanout754
 7.213785e-13 2.630315e-12 4.876296e-12 8.227989e-12 fanout694
 7.260494e-13 3.144169e-12 4.325203e-12 8.195422e-12 fanout757
 7.191090e-13 3.139934e-12 4.325203e-12 8.184246e-12 fanout752
 7.190680e-13 3.104208e-12 4.325203e-12 8.148479e-12 fanout711
 7.274958e-13 3.084152e-12 4.325203e-12 8.136851e-12 fanout709
 7.261783e-13 3.084821e-12 4.325203e-12 8.136204e-12 fanout767
 7.198384e-13 3.080562e-12 4.325203e-12 8.125604e-12 fanout755
 7.218992e-13 3.055752e-12 4.325203e-12 8.102855e-12 fanout715
 7.281667e-13 3.046276e-12 4.325203e-12 8.099646e-12 fanout708
 6.204242e-12 0.000000e+00 1.894955e-12 8.099198e-12 clkload257
 6.201206e-12 0.000000e+00 1.894955e-12 8.096161e-12 clkload186
 7.206787e-13 2.460594e-12 4.876299e-12 8.057572e-12 fanout803
 7.249335e-13 3.004871e-12 4.325203e-12 8.055008e-12 fanout712
 7.279501e-13 2.994853e-12 4.325203e-12 8.048007e-12 fanout710
 7.225442e-13 2.987128e-12 4.325203e-12 8.034876e-12 fanout763
 6.130638e-12 0.000000e+00 1.894955e-12 8.025593e-12 clkload173
 6.106732e-12 0.000000e+00 1.894955e-12 8.001687e-12 clkload243
 4.261864e-13 2.692060e-12 4.876259e-12 7.994505e-12 fanout859
 6.099490e-12 0.000000e+00 1.894955e-12 7.994445e-12 clkload168
 7.309351e-13 2.928565e-12 4.325203e-12 7.984704e-12 fanout706
 9.102935e-13 3.387791e-12 3.659393e-12 7.957477e-12 fanout355
 7.249937e-13 2.902804e-12 4.325203e-12 7.953001e-12 fanout736
 7.262102e-13 2.892337e-12 4.325203e-12 7.943751e-12 fanout103
 7.262639e-13 2.881843e-12 4.325203e-12 7.933310e-12 fanout102
 7.305914e-13 2.870941e-12 4.325203e-12 7.926736e-12 fanout744
 3.304996e-13 5.685139e-12 1.894933e-12 7.910572e-12 _16302_
 7.269132e-13 2.851362e-12 4.325203e-12 7.903478e-12 fanout724
 7.201953e-13 2.855438e-12 4.325203e-12 7.900836e-12 fanout723
 7.271537e-13 2.842439e-12 4.325203e-12 7.894796e-12 fanout726
 4.272934e-13 2.590983e-12 4.876250e-12 7.894526e-12 fanout1132
 4.264491e-13 3.142174e-12 4.325236e-12 7.893859e-12 fanout1343
 5.965615e-12 0.000000e+00 1.894950e-12 7.860565e-12 clkload102
 4.317163e-13 2.550517e-12 4.876259e-12 7.858492e-12 fanout877
 7.204000e-13 2.777368e-12 4.325203e-12 7.822971e-12 fanout707
 5.926981e-12 0.000000e+00 1.894950e-12 7.821931e-12 clkload99
 5.922893e-12 0.000000e+00 1.894950e-12 7.817843e-12 clkload67
 5.919831e-12 0.000000e+00 1.894950e-12 7.814782e-12 clkload100
 5.911850e-12 0.000000e+00 1.894950e-12 7.806800e-12 clkload95
 7.297701e-13 2.741689e-12 4.325203e-12 7.796663e-12 fanout714
 5.899210e-12 0.000000e+00 1.894950e-12 7.794159e-12 clkload69
 7.270860e-13 2.731700e-12 4.325203e-12 7.783990e-12 fanout759
 5.887599e-12 0.000000e+00 1.894950e-12 7.782549e-12 clkload62
 7.329839e-13 2.716016e-12 4.325203e-12 7.774203e-12 fanout741
 5.878990e-12 0.000000e+00 1.894950e-12 7.773939e-12 clkload80
 4.295560e-13 2.438496e-12 4.876250e-12 7.744302e-12 fanout1135
 7.253638e-13 2.687381e-12 4.325203e-12 7.737948e-12 fanout769
 5.841801e-12 0.000000e+00 1.894950e-12 7.736750e-12 clkload36
 5.836458e-12 0.000000e+00 1.894950e-12 7.731408e-12 clkload73
 4.317557e-13 2.412565e-12 4.876259e-12 7.720579e-12 fanout879
 4.269978e-13 2.952248e-12 4.325256e-12 7.704502e-12 fanout211
 7.311996e-13 2.623954e-12 4.325203e-12 7.680356e-12 fanout729
 7.234588e-13 2.571733e-12 4.325203e-12 7.620396e-12 fanout734
 7.249434e-13 2.543210e-12 4.325203e-12 7.593357e-12 fanout364
 7.242270e-13 2.542895e-12 4.325203e-12 7.592326e-12 fanout746
 4.274025e-13 2.835043e-12 4.325252e-12 7.587697e-12 fanout1350
 4.277513e-13 2.832135e-12 4.325236e-12 7.585123e-12 fanout1289
 7.250394e-13 2.516855e-12 4.325203e-12 7.567098e-12 fanout770
 4.289398e-13 2.254937e-12 4.876259e-12 7.560136e-12 fanout866
 7.310162e-13 2.498344e-12 4.325203e-12 7.554564e-12 fanout101
 4.292968e-13 2.246519e-12 4.876259e-12 7.552074e-12 fanout869
 4.302687e-13 2.230014e-12 4.876259e-12 7.536541e-12 fanout850
 1.143881e-19 5.139856e-19 7.514067e-12 7.514068e-12 fanout1523
 1.129902e-19 5.584801e-19 7.514067e-12 7.514068e-12 fanout1527
 4.279738e-13 2.730423e-12 4.325252e-12 7.483648e-12 fanout146
 4.263067e-13 2.719618e-12 4.325256e-12 7.471180e-12 fanout200
 4.327769e-13 2.157918e-12 4.876259e-12 7.466953e-12 fanout864
 4.295041e-13 2.103060e-12 4.876259e-12 7.408823e-12 fanout867
 4.044001e-13 2.346957e-12 4.647992e-12 7.399350e-12 fanout675
 4.267197e-13 2.608598e-12 4.325256e-12 7.360574e-12 fanout199
 4.285904e-13 2.563789e-12 4.325252e-12 7.317631e-12 fanout1368
 4.313437e-13 1.988088e-12 4.876259e-12 7.295690e-12 fanout856
 4.047744e-13 2.235470e-12 4.647992e-12 7.288238e-12 fanout682
 4.302264e-13 2.531771e-12 4.325256e-12 7.287253e-12 fanout208
 4.330280e-13 1.872564e-12 4.876259e-12 7.181851e-12 fanout873
 4.051577e-13 2.122185e-12 4.647997e-12 7.175340e-12 fanout797
 4.044975e-13 2.099068e-12 4.647997e-12 7.151563e-12 fanout816
 4.287892e-13 2.343963e-12 4.325256e-12 7.098008e-12 fanout206
 4.071075e-13 2.041596e-12 4.647992e-12 7.096696e-12 fanout699
 4.325122e-13 2.302648e-12 4.325252e-12 7.060412e-12 fanout1361
 4.320805e-13 2.293237e-12 4.325252e-12 7.050569e-12 fanout1360
 4.374669e-13 1.725312e-12 4.876259e-12 7.039037e-12 fanout875
 4.070328e-13 1.914145e-12 4.647997e-12 6.969176e-12 fanout114
 4.048933e-13 1.910623e-12 4.647997e-12 6.963514e-12 fanout808
 4.335967e-13 2.121652e-12 4.325252e-12 6.880501e-12 fanout1365
 1.152876e-19 5.822290e-19 6.865732e-12 6.865732e-12 fanout1598
 4.334960e-13 2.090909e-12 4.325252e-12 6.849656e-12 fanout1356
 4.336711e-13 2.054168e-12 4.325252e-12 6.813090e-12 fanout1355
 4.121267e-13 1.708115e-12 4.647997e-12 6.768239e-12 fanout802
 4.053145e-13 1.692527e-12 4.647997e-12 6.745839e-12 fanout813
 4.136246e-13 1.638211e-12 4.647995e-12 6.699830e-12 fanout826
 4.068524e-13 1.613819e-12 4.647997e-12 6.668669e-12 fanout371
 4.313908e-13 1.863265e-12 4.325252e-12 6.619908e-12 fanout1353
 5.854699e-13 2.281087e-12 3.659398e-12 6.525954e-12 fanout360
 4.072272e-13 1.428870e-12 4.647997e-12 6.484095e-12 fanout110
 4.041187e-13 2.419175e-12 3.659319e-12 6.482612e-12 fanout495
 4.446808e-13 1.691680e-12 4.325255e-12 6.461615e-12 fanout823
 2.426181e-13 1.507365e-12 4.647926e-12 6.397909e-12 fanout872
 5.892401e-13 2.096651e-12 3.659390e-12 6.345282e-12 fanout352
 4.114265e-13 2.255823e-12 3.659306e-12 6.326555e-12 fanout369
 4.448409e-13 1.442480e-12 4.325238e-12 6.212559e-12 fanout830
 2.428062e-13 1.286787e-12 4.647926e-12 6.177519e-12 fanout861
 4.091314e-13 2.089043e-12 3.659306e-12 6.157480e-12 fanout771
 2.440476e-13 1.171616e-12 4.647926e-12 6.063590e-12 fanout854
 2.430672e-13 1.159366e-12 4.647911e-12 6.050343e-12 fanout1137
 4.062594e-13 1.904992e-12 3.659306e-12 5.970557e-12 fanout761
 1.422551e-13 9.025047e-13 4.876300e-12 5.921060e-12 fanout328
 4.105945e-13 1.743314e-12 3.659306e-12 5.813214e-12 fanout719
 4.085906e-13 1.743931e-12 3.659306e-12 5.811827e-12 fanout760
 4.110420e-13 1.696735e-12 3.659306e-12 5.767083e-12 fanout123
 4.101187e-13 1.697309e-12 3.659306e-12 5.766733e-12 fanout117
 4.102859e-13 1.694595e-12 3.659306e-12 5.764187e-12 fanout127
 4.102468e-13 1.675053e-12 3.659306e-12 5.744605e-12 fanout121
 4.098671e-13 1.654801e-12 3.659306e-12 5.723974e-12 fanout119
 4.101908e-13 1.647792e-12 3.659306e-12 5.717289e-12 fanout118
 4.200158e-13 1.620047e-12 3.659306e-12 5.699368e-12 fanout128
 1.491449e-13 6.548783e-13 4.876300e-12 5.680323e-12 fanout1154
 1.447403e-13 6.587015e-13 4.876300e-12 5.679742e-12 fanout1153
 1.447975e-13 6.579528e-13 4.876300e-12 5.679050e-12 fanout162
 4.095838e-13 1.567157e-12 3.659306e-12 5.636047e-12 fanout125
 4.107886e-13 1.561237e-12 3.659306e-12 5.631331e-12 fanout750
 1.454241e-13 5.928205e-13 4.876300e-12 5.614544e-12 fanout1152
 4.095312e-13 1.544941e-12 3.659306e-12 5.613778e-12 fanout122
 4.059323e-13 1.542015e-12 3.659306e-12 5.607253e-12 fanout745
 4.102697e-13 1.525860e-12 3.659306e-12 5.595436e-12 fanout721
 4.099376e-13 1.522122e-12 3.659306e-12 5.591365e-12 fanout124
 4.058732e-13 1.509887e-12 3.659306e-12 5.575066e-12 fanout751
 4.095518e-13 1.492813e-12 3.659306e-12 5.561670e-12 fanout120
 4.080746e-13 1.483466e-12 3.659306e-12 5.550847e-12 fanout106
 1.447509e-13 5.253733e-13 4.876300e-12 5.546424e-12 fanout1156
 4.063365e-13 1.454889e-12 3.659306e-12 5.520531e-12 fanout368
 1.452703e-13 4.925876e-13 4.876300e-12 5.514158e-12 fanout140
 4.079988e-13 1.435101e-12 3.659306e-12 5.502406e-12 fanout742
 1.458646e-13 4.564868e-13 4.876300e-12 5.478651e-12 fanout1143
 7.265681e-13 8.844794e-13 3.659331e-12 5.270378e-12 fanout963
 2.432911e-13 1.293717e-12 3.659365e-12 5.196374e-12 fanout1293
 2.421722e-13 1.282825e-12 3.659400e-12 5.184397e-12 fanout205
 2.431309e-13 1.265595e-12 3.659365e-12 5.168092e-12 fanout1187
 2.449056e-13 1.251453e-12 3.659365e-12 5.155724e-12 fanout1232
 2.431329e-13 1.252160e-12 3.659365e-12 5.154658e-12 fanout1205
 2.438869e-13 1.240897e-12 3.659365e-12 5.144149e-12 fanout1200
 2.448997e-13 1.233131e-12 3.659365e-12 5.137396e-12 fanout1335
 2.427823e-13 1.228451e-12 3.659365e-12 5.130599e-12 fanout1281
 2.424487e-13 1.208707e-12 3.659365e-12 5.110521e-12 fanout1342
 2.433540e-13 1.206317e-12 3.659365e-12 5.109036e-12 fanout1158
 1.452340e-13 6.250993e-13 4.325202e-12 5.095535e-12 fanout129
 2.444466e-13 1.185215e-12 3.659365e-12 5.089027e-12 fanout1325
 2.425184e-13 1.183106e-12 3.659365e-12 5.084990e-12 fanout1326
 2.448370e-13 1.178063e-12 3.659365e-12 5.082265e-12 fanout1309
 2.425361e-13 1.177012e-12 3.659365e-12 5.078913e-12 fanout1317
 2.429322e-13 1.169480e-12 3.659365e-12 5.071777e-12 fanout1212
 2.462639e-13 1.165220e-12 3.659365e-12 5.070849e-12 fanout1250
 2.451601e-13 1.159611e-12 3.659365e-12 5.064137e-12 fanout1334
 2.441569e-13 1.157101e-12 3.659365e-12 5.060623e-12 fanout1202
 2.444818e-13 1.149907e-12 3.659365e-12 5.053754e-12 fanout1327
 8.158598e-14 3.170036e-13 4.648000e-12 5.046589e-12 fanout168
 8.334509e-14 3.075689e-13 4.648000e-12 5.038914e-12 fanout174
 2.452345e-13 1.130964e-12 3.659365e-12 5.035564e-12 fanout1207
 2.446848e-13 1.122986e-12 3.659365e-12 5.027036e-12 fanout1312
 4.085697e-13 9.552411e-13 3.659311e-12 5.023122e-12 max_cap65
 2.431162e-13 1.105577e-12 3.659365e-12 5.008059e-12 fanout1287
 2.430251e-13 1.097977e-12 3.659365e-12 5.000367e-12 fanout1306
 2.454192e-13 1.092851e-12 3.659365e-12 4.997635e-12 fanout1169
 1.452178e-13 5.215599e-13 4.325202e-12 4.991980e-12 fanout247
 2.431631e-13 1.088640e-12 3.659365e-12 4.991168e-12 fanout1162
 2.462351e-13 1.083696e-12 3.659365e-12 4.989296e-12 fanout1313
 2.473146e-13 1.080144e-12 3.659365e-12 4.986824e-12 fanout1198
 2.449809e-13 1.082053e-12 3.659365e-12 4.986399e-12 fanout1181
 2.449633e-13 1.075761e-12 3.659365e-12 4.980090e-12 fanout1333
 2.435827e-13 1.073502e-12 3.659365e-12 4.976450e-12 fanout1211
 2.457170e-13 1.071216e-12 3.659365e-12 4.976298e-12 fanout1340
 2.454488e-13 1.071070e-12 3.659365e-12 4.975884e-12 fanout1295
 2.428040e-13 1.072234e-12 3.659365e-12 4.974403e-12 fanout1336
 2.459872e-13 1.065747e-12 3.659365e-12 4.971100e-12 fanout1228
 2.428162e-13 1.067714e-12 3.659365e-12 4.969896e-12 fanout1308
 1.462524e-13 4.983022e-13 4.325202e-12 4.969757e-12 fanout164
 2.432167e-13 1.066937e-12 3.659365e-12 4.969520e-12 fanout1170
 2.524195e-13 1.055965e-12 3.659373e-12 4.967758e-12 fanout824
 2.451555e-13 1.058836e-12 3.659365e-12 4.963357e-12 fanout1235
 2.440546e-13 1.058554e-12 3.659365e-12 4.961974e-12 fanout1252
 2.440285e-13 1.058377e-12 3.659365e-12 4.961771e-12 fanout1184
 2.448800e-13 1.056161e-12 3.659365e-12 4.960406e-12 fanout1321
 2.438059e-13 1.056704e-12 3.659365e-12 4.959875e-12 fanout1274
 2.458033e-13 1.053709e-12 3.659365e-12 4.958878e-12 fanout1233
 2.493962e-13 1.048543e-12 3.659383e-12 4.957322e-12 fanout835
 2.427265e-13 1.052123e-12 3.659365e-12 4.954214e-12 fanout1279
 2.467746e-13 1.047828e-12 3.659365e-12 4.953968e-12 fanout1189
 2.450195e-13 1.046659e-12 3.659365e-12 4.951044e-12 fanout1240
 2.460189e-13 1.044555e-12 3.659365e-12 4.949939e-12 fanout1331
 2.442925e-13 1.044305e-12 3.659365e-12 4.947963e-12 fanout1290
 2.437721e-13 1.044491e-12 3.659365e-12 4.947628e-12 fanout1176
 2.437990e-13 1.043393e-12 3.659365e-12 4.946557e-12 fanout1174
 2.447236e-13 1.042051e-12 3.659365e-12 4.946140e-12 fanout1318
 2.474596e-13 1.031098e-12 3.659365e-12 4.937922e-12 fanout1262
 2.439096e-13 1.028596e-12 3.659365e-12 4.931871e-12 fanout1161
 2.447989e-13 1.025151e-12 3.659365e-12 4.929315e-12 fanout1341
 2.449364e-13 1.023981e-12 3.659365e-12 4.928283e-12 fanout1322
 2.457427e-13 1.023120e-12 3.659365e-12 4.928228e-12 fanout1175
 2.460965e-13 1.019069e-12 3.659365e-12 4.924531e-12 fanout1167
 2.433021e-13 1.020408e-12 3.659365e-12 4.923076e-12 fanout1166
 2.432955e-13 1.019032e-12 3.659365e-12 4.921693e-12 fanout1217
 2.447562e-13 1.016879e-12 3.659365e-12 4.921000e-12 fanout1282
 2.506113e-13 1.010155e-12 3.659405e-12 4.920171e-12 fanout828
 2.438572e-13 1.007983e-12 3.659365e-12 4.911205e-12 fanout1277
 2.439990e-13 1.007089e-12 3.659365e-12 4.910454e-12 fanout1194
 2.440453e-13 1.003821e-12 3.659365e-12 4.907231e-12 fanout1255
 2.486846e-13 9.980727e-13 3.659373e-12 4.906130e-12 fanout829
 2.455473e-13 1.001008e-12 3.659365e-12 4.905920e-12 fanout1339
 2.456368e-13 9.973468e-13 3.659365e-12 4.902349e-12 fanout1273
 2.464182e-13 9.937130e-13 3.659365e-12 4.899497e-12 fanout1264
 2.455330e-13 9.904382e-13 3.659365e-12 4.895337e-12 fanout1332
 2.456646e-13 9.899267e-13 3.659365e-12 4.894957e-12 fanout1239
 2.453177e-13 9.898493e-13 3.659365e-12 4.894532e-12 fanout1284
 2.460060e-13 9.871504e-13 3.659365e-12 4.892522e-12 fanout1300
 7.817066e-14 1.154498e-12 3.659303e-12 4.891971e-12 wire81
 2.525390e-13 9.735777e-13 3.659368e-12 4.885484e-12 fanout832
 2.451794e-13 9.802527e-13 3.659365e-12 4.884797e-12 fanout1227
 2.432965e-13 9.805964e-13 3.659365e-12 4.883258e-12 fanout1165
 2.440943e-13 9.793372e-13 3.659365e-12 4.882797e-12 fanout1253
 2.450100e-13 9.746537e-13 3.659365e-12 4.879029e-12 fanout1241
 5.795765e-20 2.836670e-19 4.876273e-12 4.876273e-12 fanout1535
 5.818267e-20 2.184255e-19 4.876273e-12 4.876273e-12 fanout1537
 5.761358e-20 2.759288e-19 4.876273e-12 4.876273e-12 fanout1538
 5.811242e-20 2.262095e-19 4.876273e-12 4.876273e-12 fanout1539
 5.758561e-20 2.834543e-19 4.876273e-12 4.876273e-12 fanout1540
 5.826945e-20 2.331071e-19 4.876273e-12 4.876273e-12 fanout1541
 5.773639e-20 2.488955e-19 4.876273e-12 4.876273e-12 fanout1542
 5.722341e-20 3.272990e-19 4.876273e-12 4.876273e-12 fanout1543
 5.817662e-20 2.282428e-19 4.876273e-12 4.876273e-12 fanout1544
 5.744101e-20 2.692369e-19 4.876273e-12 4.876273e-12 fanout1545
 5.755283e-20 2.414529e-19 4.876273e-12 4.876273e-12 fanout1546
 5.812917e-20 2.201350e-19 4.876273e-12 4.876273e-12 fanout1549
 5.799846e-20 2.648791e-19 4.876273e-12 4.876273e-12 fanout1552
 5.827482e-20 2.205725e-19 4.876273e-12 4.876273e-12 fanout1553
 5.803156e-20 2.581416e-19 4.876273e-12 4.876273e-12 fanout1554
 5.792106e-20 2.552735e-19 4.876273e-12 4.876273e-12 fanout1556
 5.751138e-20 2.930113e-19 4.876273e-12 4.876273e-12 fanout1558
 5.748473e-20 2.261984e-19 4.876273e-12 4.876273e-12 fanout1559
 5.817332e-20 2.138746e-19 4.876273e-12 4.876273e-12 fanout1561
 5.773670e-20 2.815344e-19 4.876273e-12 4.876273e-12 fanout1562
 5.818161e-20 2.039005e-19 4.876273e-12 4.876273e-12 fanout1564
 5.772859e-20 2.807579e-19 4.876273e-12 4.876273e-12 fanout1565
 5.790572e-20 2.416115e-19 4.876273e-12 4.876273e-12 fanout1566
 5.718983e-20 3.049319e-19 4.876273e-12 4.876273e-12 fanout1567
 5.825891e-20 1.970735e-19 4.876273e-12 4.876273e-12 fanout1570
 5.738111e-20 2.545672e-19 4.876273e-12 4.876273e-12 fanout1571
 5.824015e-20 1.996400e-19 4.876273e-12 4.876273e-12 fanout1572
 5.815753e-20 2.407469e-19 4.876273e-12 4.876273e-12 fanout1573
 5.792751e-20 2.204256e-19 4.876273e-12 4.876273e-12 fanout1575
 5.789498e-20 2.276240e-19 4.876273e-12 4.876273e-12 fanout1576
 5.682442e-20 4.084217e-19 4.876273e-12 4.876273e-12 fanout1579
 5.756221e-20 2.572889e-19 4.876273e-12 4.876273e-12 fanout1581
 5.762291e-20 2.419745e-19 4.876273e-12 4.876273e-12 fanout1582
 5.767246e-20 2.291080e-19 4.876273e-12 4.876273e-12 fanout1583
 5.795161e-20 2.395947e-19 4.876273e-12 4.876273e-12 fanout1584
 5.784665e-20 2.584295e-19 4.876273e-12 4.876273e-12 fanout1586
 5.793774e-20 2.378536e-19 4.876273e-12 4.876273e-12 fanout1587
 5.745381e-20 2.878716e-19 4.876273e-12 4.876273e-12 fanout1590
 5.823150e-20 2.266683e-19 4.876273e-12 4.876273e-12 fanout1591
 5.841349e-20 2.272367e-19 4.876273e-12 4.876273e-12 fanout1593
 5.767336e-20 2.344960e-19 4.876273e-12 4.876273e-12 fanout1594
 2.475103e-13 9.680831e-13 3.659365e-12 4.874959e-12 fanout1222
 2.454377e-13 9.659137e-13 3.659365e-12 4.870717e-12 fanout1180
 2.496065e-13 9.603700e-13 3.659383e-12 4.869359e-12 fanout831
 2.472011e-13 9.568766e-13 3.659395e-12 4.863473e-12 fanout358
 2.450885e-13 9.559621e-13 3.659365e-12 4.860416e-12 fanout1163
 2.459465e-13 9.499744e-13 3.659365e-12 4.855286e-12 fanout1226
 2.469472e-13 9.476633e-13 3.659365e-12 4.853976e-12 fanout1208
 2.467390e-13 9.466056e-13 3.659365e-12 4.852710e-12 fanout1259
 2.441371e-13 9.467206e-13 3.659393e-12 4.850250e-12 fanout1359
 2.471787e-13 9.418732e-13 3.659365e-12 4.848417e-12 fanout1248
 2.456677e-13 9.425580e-13 3.659365e-12 4.847591e-12 fanout1159
 2.485678e-13 9.304219e-13 3.659398e-12 4.838388e-12 fanout825
 2.437091e-13 9.325456e-13 3.659365e-12 4.835620e-12 fanout1225
 2.450867e-13 9.296254e-13 3.659365e-12 4.834078e-12 fanout1206
 4.736290e-12 0.000000e+00 9.555269e-14 4.831842e-12 clkload209
 2.457150e-13 9.109995e-13 3.659365e-12 4.816080e-12 fanout1276
 2.441566e-13 9.007798e-13 3.659365e-12 4.804302e-12 fanout1191
 2.437550e-13 8.902398e-13 3.659365e-12 4.793360e-12 fanout1179
 2.449912e-13 8.881420e-13 3.659365e-12 4.792499e-12 fanout1251
 2.470447e-13 8.761307e-13 3.659365e-12 4.782541e-12 fanout1247
 2.447343e-13 8.769631e-13 3.659365e-12 4.781063e-12 fanout1329
 2.441161e-13 8.705038e-13 3.659365e-12 4.773985e-12 fanout1292
 2.431973e-13 8.685592e-13 3.659365e-12 4.771122e-12 fanout1260
 4.665988e-12 0.000000e+00 9.555269e-14 4.761541e-12 clkload193
 2.436996e-13 8.450284e-13 3.659365e-12 4.748093e-12 fanout1220
 2.451155e-13 8.429882e-13 3.659365e-12 4.747469e-12 fanout1209
 2.454687e-13 8.379572e-13 3.659365e-12 4.742791e-12 fanout1160
 4.637409e-12 0.000000e+00 9.555269e-14 4.732961e-12 clkload260
 2.437448e-13 8.269515e-13 3.659365e-12 4.730062e-12 fanout1267
 2.463412e-13 8.136416e-13 3.659365e-12 4.719348e-12 fanout1249
 4.606334e-12 0.000000e+00 9.555269e-14 4.701886e-12 clkload151
 2.437298e-13 7.948877e-13 3.659365e-12 4.697983e-12 fanout1263
 2.442087e-13 7.878060e-13 3.659365e-12 4.691380e-12 fanout1199
 4.590032e-12 0.000000e+00 9.555269e-14 4.685584e-12 clkload156
 4.583852e-12 0.000000e+00 9.555269e-14 4.679404e-12 clkload235
 2.458967e-13 7.727476e-13 3.659365e-12 4.678010e-12 fanout1223
 4.577584e-12 0.000000e+00 9.555269e-14 4.673137e-12 clkload175
 4.575034e-12 0.000000e+00 9.555269e-14 4.670587e-12 clkload254
 2.445264e-13 7.567028e-13 3.659365e-12 4.660594e-12 fanout1323
 4.563643e-12 0.000000e+00 9.555269e-14 4.659196e-12 clkload149
 4.562586e-12 0.000000e+00 9.555269e-14 4.658138e-12 clkload222
 3.251054e-20 1.438473e-19 4.647950e-12 4.647950e-12 fanout1536
 3.255508e-20 1.562923e-19 4.647950e-12 4.647950e-12 fanout1550
 3.246491e-20 1.668438e-19 4.647950e-12 4.647950e-12 fanout1563
 3.251633e-20 1.659921e-19 4.647950e-12 4.647950e-12 fanout1588
 3.242265e-20 1.443417e-19 4.647950e-12 4.647950e-12 fanout1592
 3.500104e-20 1.081611e-19 4.647950e-12 4.647950e-12 input9
 4.547859e-12 0.000000e+00 9.555256e-14 4.643411e-12 clkload46
 2.431982e-13 7.389415e-13 3.659365e-12 4.641505e-12 fanout1244
 4.545109e-12 0.000000e+00 9.555269e-14 4.640661e-12 clkload249
 4.542048e-12 0.000000e+00 9.555269e-14 4.637601e-12 clkload169
 4.539147e-12 0.000000e+00 9.555269e-14 4.634700e-12 clkload181
 4.526541e-12 0.000000e+00 9.555269e-14 4.622094e-12 clkload182
 4.522035e-12 0.000000e+00 9.555269e-14 4.617588e-12 clkload174
 4.513051e-12 0.000000e+00 9.555269e-14 4.608604e-12 clkload158
 4.505984e-12 0.000000e+00 9.555256e-14 4.601536e-12 clkload57
 4.445798e-12 0.000000e+00 9.555256e-14 4.541350e-12 clkload55
 4.417242e-12 0.000000e+00 9.555256e-14 4.512794e-12 clkload63
 4.408386e-12 0.000000e+00 9.555256e-14 4.503939e-12 clkload51
 4.398705e-12 0.000000e+00 9.555256e-14 4.494257e-12 clkload65
 8.007252e-14 7.240951e-13 3.659303e-12 4.463471e-12 wire86
 4.359560e-12 0.000000e+00 9.555256e-14 4.455113e-12 clkload77
 4.347000e-12 0.000000e+00 9.555256e-14 4.442552e-12 clkload86
 4.325570e-12 0.000000e+00 9.555256e-14 4.421123e-12 clkload79
 8.020142e-14 6.527837e-13 3.659303e-12 4.392289e-12 wire77
 4.273673e-12 0.000000e+00 9.555269e-14 4.369225e-12 clkload123
 8.019886e-14 6.295463e-13 3.659303e-12 4.369049e-12 wire82
 5.774366e-20 2.683166e-19 4.325227e-12 4.325228e-12 fanout1486
 5.743378e-20 2.796504e-19 4.325227e-12 4.325228e-12 fanout1490
 5.806241e-20 2.537398e-19 4.325227e-12 4.325228e-12 fanout1493
 5.786061e-20 2.014462e-19 4.325227e-12 4.325228e-12 fanout1504
 5.785809e-20 2.628358e-19 4.325227e-12 4.325228e-12 fanout1522
 5.759204e-20 2.973425e-19 4.325227e-12 4.325228e-12 fanout1524
 5.729609e-20 3.381784e-19 4.325227e-12 4.325228e-12 fanout1529
 5.729619e-20 3.217579e-19 4.325227e-12 4.325228e-12 fanout1530
 5.705416e-20 3.554444e-19 4.325227e-12 4.325228e-12 fanout1532
 8.078556e-14 5.671295e-13 3.659303e-12 4.307219e-12 max_cap83
 8.102353e-14 5.068549e-13 3.659303e-12 4.247182e-12 max_cap78
 4.110970e-12 0.000000e+00 9.555269e-14 4.206523e-12 clkload121
 8.344073e-14 3.641603e-13 3.659303e-12 4.106904e-12 fanout133
 8.300932e-14 3.615205e-13 3.659303e-12 4.103833e-12 fanout138
 8.189832e-14 3.558834e-13 3.659303e-12 4.097085e-12 fanout92
 3.988252e-12 0.000000e+00 9.555256e-14 4.083805e-12 clkload26
 8.158905e-14 3.285264e-13 3.659303e-12 4.069419e-12 max_cap74
 8.160904e-14 3.141701e-13 3.659303e-12 4.055083e-12 max_cap79
 8.430450e-14 3.064208e-13 3.659303e-12 4.050029e-12 fanout165
 8.169418e-14 2.934726e-13 3.659303e-12 4.034470e-12 max_cap84
 8.156632e-14 2.902927e-13 3.659303e-12 4.031162e-12 max_cap90
 8.149204e-14 2.704611e-13 3.659303e-12 4.011257e-12 max_cap66
 8.151196e-14 2.692457e-13 3.659303e-12 4.010061e-12 fanout131
 8.267895e-14 2.330812e-13 3.659303e-12 3.975063e-12 max_cap378
 8.156296e-14 2.315981e-13 3.659303e-12 3.972464e-12 max_cap75
 8.182065e-14 1.984041e-13 3.659303e-12 3.939528e-12 max_cap73
 8.164380e-14 1.917478e-13 3.659303e-12 3.932695e-12 max_cap89
 3.286718e-12 0.000000e+00 6.402289e-13 3.926947e-12 clkload188
 3.272210e-12 0.000000e+00 6.402289e-13 3.912439e-12 clkload212
 3.266988e-12 0.000000e+00 6.402289e-13 3.907217e-12 clkload265
 3.264737e-12 0.000000e+00 6.402289e-13 3.904966e-12 clkload191
 3.262033e-12 0.000000e+00 6.402289e-13 3.902262e-12 clkload192
 3.229211e-12 0.000000e+00 6.402289e-13 3.869439e-12 clkload161
 3.222463e-12 0.000000e+00 6.402289e-13 3.862692e-12 clkload165
 3.206716e-12 0.000000e+00 6.402289e-13 3.846945e-12 clkload230
 3.203068e-12 0.000000e+00 6.402289e-13 3.843297e-12 clkload261
 3.194252e-12 0.000000e+00 6.402289e-13 3.834480e-12 clkload133
 3.188131e-12 0.000000e+00 6.402289e-13 3.828360e-12 clkload233
 3.187475e-12 0.000000e+00 6.402289e-13 3.827704e-12 clkload205
 3.186960e-12 0.000000e+00 6.402289e-13 3.827189e-12 clkload197
 3.183330e-12 0.000000e+00 6.402289e-13 3.823559e-12 clkload134
 3.171420e-12 0.000000e+00 6.402289e-13 3.811649e-12 clkload211
 3.163160e-12 0.000000e+00 6.402289e-13 3.803389e-12 clkload131
 3.158911e-12 0.000000e+00 6.402289e-13 3.799139e-12 clkload217
 3.156353e-12 0.000000e+00 6.402289e-13 3.796582e-12 clkload236
 3.154916e-12 0.000000e+00 6.402289e-13 3.795145e-12 clkload247
 3.154249e-12 0.000000e+00 6.402289e-13 3.794478e-12 clkload253
 3.152788e-12 0.000000e+00 6.402289e-13 3.793017e-12 clkload240
 3.150082e-12 0.000000e+00 6.402289e-13 3.790311e-12 clkload251
 3.150039e-12 0.000000e+00 6.402289e-13 3.790268e-12 clkload248
 3.144812e-12 0.000000e+00 6.402289e-13 3.785041e-12 clkload259
 3.143591e-12 0.000000e+00 6.402289e-13 3.783820e-12 clkload184
 3.141878e-12 0.000000e+00 6.402289e-13 3.782107e-12 clkload237
 3.140739e-12 0.000000e+00 6.402289e-13 3.780967e-12 clkload187
 3.132395e-12 0.000000e+00 6.402207e-13 3.772616e-12 clkload108
 3.124895e-12 0.000000e+00 6.402207e-13 3.765116e-12 clkload109
 3.099435e-12 0.000000e+00 6.402207e-13 3.739656e-12 clkload45
 3.091027e-12 0.000000e+00 6.402207e-13 3.731247e-12 clkload60
 3.079855e-12 0.000000e+00 6.402207e-13 3.720076e-12 clkload81
 3.079028e-12 0.000000e+00 6.402207e-13 3.719249e-12 clkload82
 3.035019e-12 0.000000e+00 6.402207e-13 3.675240e-12 clkload97
 3.034876e-12 0.000000e+00 6.402207e-13 3.675096e-12 clkload96
 3.033903e-12 0.000000e+00 6.402207e-13 3.674124e-12 clkload112
 3.032875e-12 0.000000e+00 6.402207e-13 3.673096e-12 clkload88
 3.263787e-20 1.346240e-19 3.659349e-12 3.659349e-12 fanout1495
 3.245983e-20 1.235755e-19 3.659349e-12 3.659349e-12 fanout1497
 3.250148e-20 1.253272e-19 3.659349e-12 3.659349e-12 fanout1499
 3.259212e-20 1.406625e-19 3.659349e-12 3.659349e-12 fanout1500
 3.256252e-20 1.094999e-19 3.659349e-12 3.659349e-12 fanout1501
 3.242000e-20 1.681681e-19 3.659349e-12 3.659349e-12 fanout1502
 3.240552e-20 1.732119e-19 3.659349e-12 3.659349e-12 fanout1503
 3.294240e-20 1.245749e-19 3.659349e-12 3.659349e-12 fanout1505
 3.249416e-20 1.094461e-19 3.659349e-12 3.659349e-12 fanout1506
 3.289772e-20 1.236949e-19 3.659349e-12 3.659349e-12 fanout1507
 3.293154e-20 1.157136e-19 3.659349e-12 3.659349e-12 fanout1508
 3.297334e-20 1.360116e-19 3.659349e-12 3.659349e-12 fanout1509
 3.280591e-20 1.086258e-19 3.659349e-12 3.659349e-12 fanout1510
 3.244616e-20 1.438904e-19 3.659349e-12 3.659349e-12 fanout1514
 3.262660e-20 1.317498e-19 3.659349e-12 3.659349e-12 fanout1521
 3.240412e-20 1.731153e-19 3.659349e-12 3.659349e-12 fanout1525
 3.243798e-20 1.213449e-19 3.659349e-12 3.659349e-12 fanout1531
 2.964868e-12 0.000000e+00 6.402207e-13 3.605088e-12 clkload24
 1.478309e-13 5.253728e-13 1.181000e-12 1.854204e-12 fanout1213
 4.972465e-14 6.946004e-14 1.181000e-12 1.300185e-12 max_cap836
 4.919541e-14 6.266167e-14 1.181000e-12 1.292857e-12 _31762_
 4.891928e-14 3.769590e-14 1.181000e-12 1.267615e-12 _31757_
 4.897097e-14 3.400301e-14 1.181000e-12 1.263974e-12 _31772_
 4.896774e-14 3.369479e-14 1.181000e-12 1.263662e-12 _31766_
 4.885219e-14 3.212817e-14 1.181000e-12 1.261980e-12 _31763_
 4.869385e-14 2.710563e-14 1.181000e-12 1.256799e-12 _31768_
 4.862406e-14 2.516308e-14 1.181000e-12 1.254787e-12 _31767_
 4.861089e-14 2.487826e-14 1.181000e-12 1.254489e-12 _31769_
 4.848463e-14 2.347947e-14 1.181000e-12 1.252964e-12 _31761_
 4.854112e-14 2.336236e-14 1.181000e-12 1.252903e-12 _31773_
 4.857113e-14 2.314439e-14 1.181000e-12 1.252715e-12 _31771_
 4.848667e-14 2.310584e-14 1.181000e-12 1.252592e-12 _31764_
 4.847904e-14 2.295781e-14 1.181000e-12 1.252437e-12 _31765_
 4.848987e-14 2.224896e-14 1.181000e-12 1.251739e-12 _31770_
 4.844257e-14 2.223832e-14 1.181000e-12 1.251681e-12 _31754_
 4.843483e-14 2.205829e-14 1.181000e-12 1.251493e-12 _31756_
 4.842264e-14 2.177456e-14 1.181000e-12 1.251197e-12 _31758_
 4.840922e-14 2.170302e-14 1.181000e-12 1.251112e-12 _31759_
 4.839808e-14 2.120278e-14 1.181000e-12 1.250601e-12 _31755_
 4.834927e-14 2.006885e-14 1.181000e-12 1.249418e-12 _31760_
 6.472782e-20 1.250260e-19 1.181000e-12 1.181000e-12 input3
 4.323756e-20 5.055784e-20 1.181000e-12 1.181000e-12 input1
 2.156300e-20 4.267390e-20 1.181000e-12 1.181000e-12 input7
 4.313263e-20 8.408717e-20 1.181000e-12 1.181000e-12 input6
