Warning: /media/pdk/OpenROAD-flow-scripts/flow/platforms/asap7/lib/NLDM/asap7sc7p5t_SIMPLE_SRAM_TT_nldm_211120.lib.gz line 13178, timing group from output port.
Warning: /media/pdk/OpenROAD-flow-scripts/flow/platforms/asap7/lib/NLDM/asap7sc7p5t_SIMPLE_SRAM_TT_nldm_211120.lib.gz line 13211, timing group from output port.
Warning: /media/pdk/OpenROAD-flow-scripts/flow/platforms/asap7/lib/NLDM/asap7sc7p5t_SIMPLE_SRAM_TT_nldm_211120.lib.gz line 13244, timing group from output port.
Warning: /media/pdk/OpenROAD-flow-scripts/flow/platforms/asap7/lib/NLDM/asap7sc7p5t_SIMPLE_SRAM_TT_nldm_211120.lib.gz line 13277, timing group from output port.
Warning: /media/pdk/OpenROAD-flow-scripts/flow/platforms/asap7/lib/NLDM/asap7sc7p5t_SIMPLE_SRAM_TT_nldm_211120.lib.gz line 13310, timing group from output port.
Warning: /media/pdk/OpenROAD-flow-scripts/flow/platforms/asap7/lib/NLDM/asap7sc7p5t_SIMPLE_SRAM_TT_nldm_211120.lib.gz line 13343, timing group from output port.
Warning: /media/pdk/OpenROAD-flow-scripts/flow/platforms/asap7/lib/NLDM/asap7sc7p5t_SIMPLE_SRAM_TT_nldm_211120.lib.gz line 13376, timing group from output port.
Warning: /media/pdk/OpenROAD-flow-scripts/flow/platforms/asap7/lib/NLDM/asap7sc7p5t_SIMPLE_SRAM_TT_nldm_211120.lib.gz line 14772, timing group from output port.
Warning: /media/pdk/OpenROAD-flow-scripts/flow/platforms/asap7/lib/NLDM/asap7sc7p5t_SIMPLE_SRAM_TT_nldm_211120.lib.gz line 14805, timing group from output port.
Warning: /media/pdk/OpenROAD-flow-scripts/flow/platforms/asap7/lib/NLDM/asap7sc7p5t_SIMPLE_SRAM_TT_nldm_211120.lib.gz line 14838, timing group from output port.
Warning: /media/pdk/OpenROAD-flow-scripts/flow/results/asap7/bmi_snn_min32_5m_sram/base/6_final.v line 17870, module DECAPx10_ASAP7_75t_SRAM not found. Creating black box for FILLER_2_156.
Warning: /media/pdk/OpenROAD-flow-scripts/flow/results/asap7/bmi_snn_min32_5m_sram/base/6_final.v line 18842, module DECAPx4_ASAP7_75t_SRAM not found. Creating black box for FILLER_1_1036.
Warning: /media/pdk/OpenROAD-flow-scripts/flow/results/asap7/bmi_snn_min32_5m_sram/base/6_final.v line 19943, module FILLERxp5_ASAP7_75t_SRAM not found. Creating black box for FILLER_1_923.
Warning: /media/pdk/OpenROAD-flow-scripts/flow/results/asap7/bmi_snn_min32_5m_sram/base/6_final.v line 19951, module DECAPx6_ASAP7_75t_SRAM not found. Creating black box for FILLER_1_909.
Warning: /media/pdk/OpenROAD-flow-scripts/flow/results/asap7/bmi_snn_min32_5m_sram/base/6_final.v line 20380, module FILLER_ASAP7_75t_SRAM not found. Creating black box for FILLER_1_816.
Warning: /media/pdk/OpenROAD-flow-scripts/flow/results/asap7/bmi_snn_min32_5m_sram/base/6_final.v line 20787, module DECAPx1_ASAP7_75t_SRAM not found. Creating black box for FILLER_1_691.
Warning: /media/pdk/OpenROAD-flow-scripts/flow/results/asap7/bmi_snn_min32_5m_sram/base/6_final.v line 21641, module DECAPx2_ASAP7_75t_SRAM not found. Creating black box for FILLER_1_547.
Warning: /media/pdk/OpenROAD-flow-scripts/flow/results/asap7/bmi_snn_min32_5m_sram/base/6_final.v line 36900, module TAPCELL_ASAP7_75t_SRAM not found. Creating black box for TAP_TAPCELL_ROW_208_628.
worst slack 69.75115
worst slack 119865.82812
Startpoint                           Endpoint                               Slack
--------------------------------------------------------------------------------
x[40]$_SDFFE_PP0P_/QN (DFFHQNx2_ASAP7_75t_SRAM) x[40]$_SDFFE_PP0P_/D (DFFHQNx2_ASAP7_75t_SRAM)   69.75
x[5]$_SDFFE_PP0P_/QN (DFFHQNx2_ASAP7_75t_SRAM) x[5]$_SDFFE_PP0P_/D (DFFHQNx2_ASAP7_75t_SRAM)   69.98
x[4]$_SDFFE_PP0P_/QN (DFFHQNx2_ASAP7_75t_SRAM) x[4]$_SDFFE_PP0P_/D (DFFHQNx2_ASAP7_75t_SRAM)   70.06

