
===========================================================================
report_checks -path_delay max (Setup)
============================================================================
======================= nom_tt_025C_5v00 Corner ===================================

Startpoint: _13038_ (rising edge-triggered flip-flop clocked by clk)
Endpoint: _13394_ (rising edge-triggered flip-flop clocked by clk)
Path Group: clk
Path Type: max

Fanout         Cap        Slew       Delay        Time   Description
---------------------------------------------------------------------------------------------
                                  0.000000    0.000000   clock clk (rise edge)
                                  0.000000    0.000000   clock source latency
     2    0.029126    0.152134    0.072567    0.072567 ^ clk (in)
                                                         clk (net)
                      0.152134    0.000000    0.072567 ^ clkbuf_0_clk/I (gf180mcu_fd_sc_mcu7t5v0__clkbuf_16)
     2    0.048525    0.113871    0.254082    0.326649 ^ clkbuf_0_clk/Z (gf180mcu_fd_sc_mcu7t5v0__clkbuf_16)
                                                         clknet_0_clk (net)
                      0.113872    0.000646    0.327295 ^ clkbuf_1_0__f_clk/I (gf180mcu_fd_sc_mcu7t5v0__clkbuf_16)
     1    0.008723    0.077874    0.216634    0.543929 ^ clkbuf_1_0__f_clk/Z (gf180mcu_fd_sc_mcu7t5v0__clkbuf_16)
                                                         clknet_1_0__leaf_clk (net)
                      0.077874    0.000087    0.544016 ^ u_icg/CLK (gf180mcu_fd_sc_mcu7t5v0__icgtp_4)
     3    0.088929    0.420123    0.550678    1.094694 ^ u_icg/Q (gf180mcu_fd_sc_mcu7t5v0__icgtp_4)
                                                         core_clk (net)
                      0.420241    0.007858    1.102551 ^ clkbuf_0_core_clk/I (gf180mcu_fd_sc_mcu7t5v0__clkbuf_16)
    33    0.516608    0.537934    0.551990    1.654541 ^ clkbuf_0_core_clk/Z (gf180mcu_fd_sc_mcu7t5v0__clkbuf_16)
                                                         clknet_0_core_clk (net)
                      0.546985    0.036339    1.690880 ^ clkbuf_4_14_0_core_clk/I (gf180mcu_fd_sc_mcu7t5v0__clkbuf_8)
    31    0.300272    0.637389    0.645045    2.335925 ^ clkbuf_4_14_0_core_clk/Z (gf180mcu_fd_sc_mcu7t5v0__clkbuf_8)
                                                         clknet_4_14_0_core_clk (net)
                      0.637488    0.004422    2.340346 ^ clkbuf_leaf_84_core_clk/I (gf180mcu_fd_sc_mcu7t5v0__clkbuf_8)
     4    0.025254    0.126663    0.336329    2.676675 ^ clkbuf_leaf_84_core_clk/Z (gf180mcu_fd_sc_mcu7t5v0__clkbuf_8)
                                                         clknet_leaf_84_core_clk (net)
                      0.126663    0.000253    2.676928 ^ _13038_/CLK (gf180mcu_fd_sc_mcu7t5v0__dffq_1)
     1    0.011390    0.241907    0.797075    3.474004 ^ _13038_/Q (gf180mcu_fd_sc_mcu7t5v0__dffq_1)
                                                         a_gate (net)
                      0.241907    0.000240    3.474244 ^ fanout482/I (gf180mcu_fd_sc_mcu7t5v0__buf_4)
    13    0.223999    0.920962    0.660514    4.134758 ^ fanout482/Z (gf180mcu_fd_sc_mcu7t5v0__buf_4)
                                                         net482 (net)
                      0.921263    0.009327    4.144085 ^ fanout465/I (gf180mcu_fd_sc_mcu7t5v0__clkbuf_2)
    11    0.087939    0.738330    0.738910    4.882996 ^ fanout465/Z (gf180mcu_fd_sc_mcu7t5v0__clkbuf_2)
                                                         net465 (net)
                      0.738526    0.006724    4.889719 ^ fanout457/I (gf180mcu_fd_sc_mcu7t5v0__buf_2)
    21    0.084305    0.709588    0.593487    5.483206 ^ fanout457/Z (gf180mcu_fd_sc_mcu7t5v0__buf_2)
                                                         net457 (net)
                      0.709590    0.000758    5.483964 ^ fanout456/I (gf180mcu_fd_sc_mcu7t5v0__buf_1)
     5    0.041453    0.714598    0.605165    6.089129 ^ fanout456/Z (gf180mcu_fd_sc_mcu7t5v0__buf_1)
                                                         net456 (net)
                      0.714601    0.000778    6.089907 ^ fanout455/I (gf180mcu_fd_sc_mcu7t5v0__buf_2)
    10    0.062301    0.535688    0.493976    6.583882 ^ fanout455/Z (gf180mcu_fd_sc_mcu7t5v0__buf_2)
                                                         net455 (net)
                      0.535717    0.002169    6.586051 ^ _10554_/A3 (gf180mcu_fd_sc_mcu7t5v0__nand3_1)
     2    0.015844    0.444842    0.298167    6.884219 v _10554_/ZN (gf180mcu_fd_sc_mcu7t5v0__nand3_1)
                                                         _04231_ (net)
                      0.444842    0.000319    6.884538 v _10556_/A1 (gf180mcu_fd_sc_mcu7t5v0__oai21_1)
     2    0.014007    0.557450    0.443988    7.328526 ^ _10556_/ZN (gf180mcu_fd_sc_mcu7t5v0__oai21_1)
                                                         _04233_ (net)
                      0.557450    0.000184    7.328710 ^ _10557_/A2 (gf180mcu_fd_sc_mcu7t5v0__nand2_1)
     1    0.005495    0.233776    0.131432    7.460142 v _10557_/ZN (gf180mcu_fd_sc_mcu7t5v0__nand2_1)
                                                         _04234_ (net)
                      0.233776    0.000059    7.460201 v _10558_/B (gf180mcu_fd_sc_mcu7t5v0__oai21_1)
     2    0.013036    0.536388    0.312156    7.772357 ^ _10558_/ZN (gf180mcu_fd_sc_mcu7t5v0__oai21_1)
                                                         _04235_ (net)
                      0.536388    0.000092    7.772449 ^ _10559_/A2 (gf180mcu_fd_sc_mcu7t5v0__aoi21_1)
     2    0.014950    0.370532    0.232316    8.004765 v _10559_/ZN (gf180mcu_fd_sc_mcu7t5v0__aoi21_1)
                                                         _04236_ (net)
                      0.370532    0.000269    8.005033 v _10560_/A2 (gf180mcu_fd_sc_mcu7t5v0__oai21_1)
     2    0.020243    0.729167    0.514283    8.519316 ^ _10560_/ZN (gf180mcu_fd_sc_mcu7t5v0__oai21_1)
                                                         _04237_ (net)
                      0.729167    0.000574    8.519890 ^ _10561_/A2 (gf180mcu_fd_sc_mcu7t5v0__aoi21_1)
     2    0.012212    0.336593    0.207566    8.727456 v _10561_/ZN (gf180mcu_fd_sc_mcu7t5v0__aoi21_1)
                                                         _04238_ (net)
                      0.336593    0.000165    8.727621 v _10562_/A2 (gf180mcu_fd_sc_mcu7t5v0__or2_1)
     2    0.011349    0.225768    0.499799    9.227421 v _10562_/Z (gf180mcu_fd_sc_mcu7t5v0__or2_1)
                                                         _04239_ (net)
                      0.225768    0.000321    9.227741 v _10563_/A2 (gf180mcu_fd_sc_mcu7t5v0__aoi21_1)
     3    0.017054    0.710452    0.451227    9.678968 ^ _10563_/ZN (gf180mcu_fd_sc_mcu7t5v0__aoi21_1)
                                                         _04240_ (net)
                      0.710452    0.000222    9.679191 ^ _10566_/A2 (gf180mcu_fd_sc_mcu7t5v0__oai21_1)
     2    0.014185    0.413159    0.300303    9.979493 v _10566_/ZN (gf180mcu_fd_sc_mcu7t5v0__oai21_1)
                                                         _04243_ (net)
                      0.413159    0.000335    9.979828 v _10567_/A2 (gf180mcu_fd_sc_mcu7t5v0__nor2_1)
     2    0.013765    0.527995    0.396442   10.376270 ^ _10567_/ZN (gf180mcu_fd_sc_mcu7t5v0__nor2_1)
                                                         _04244_ (net)
                      0.527995    0.000304   10.376574 ^ _10575_/A1 (gf180mcu_fd_sc_mcu7t5v0__aoi21_1)
     2    0.018013    0.410708    0.292414   10.668988 v _10575_/ZN (gf180mcu_fd_sc_mcu7t5v0__aoi21_1)
                                                         _04252_ (net)
                      0.410708    0.000401   10.669389 v _10576_/A2 (gf180mcu_fd_sc_mcu7t5v0__oai21_1)
     2    0.020150    0.728334    0.520505   11.189894 ^ _10576_/ZN (gf180mcu_fd_sc_mcu7t5v0__oai21_1)
                                                         _04253_ (net)
                      0.728334    0.000626   11.190520 ^ _10577_/B (gf180mcu_fd_sc_mcu7t5v0__aoi21_1)
     2    0.018166    0.514167    0.415231   11.605750 v _10577_/ZN (gf180mcu_fd_sc_mcu7t5v0__aoi21_1)
                                                         _04254_ (net)
                      0.514167    0.000307   11.606058 v _10579_/A3 (gf180mcu_fd_sc_mcu7t5v0__oai31_2)
     3    0.028880    0.989716    0.704572   12.310629 ^ _10579_/ZN (gf180mcu_fd_sc_mcu7t5v0__oai31_2)
                                                         _04256_ (net)
                      0.989716    0.000496   12.311125 ^ _10581_/A3 (gf180mcu_fd_sc_mcu7t5v0__nand3_2)
     4    0.045658    0.603083    0.380313   12.691438 v _10581_/ZN (gf180mcu_fd_sc_mcu7t5v0__nand3_2)
                                                         _04258_ (net)
                      0.603084    0.000854   12.692292 v _10582_/A2 (gf180mcu_fd_sc_mcu7t5v0__aoi21_2)
     3    0.027248    0.609420    0.509822   13.202114 ^ _10582_/ZN (gf180mcu_fd_sc_mcu7t5v0__aoi21_2)
                                                         _04259_ (net)
                      0.609420    0.000378   13.202493 ^ fanout67/I (gf180mcu_fd_sc_mcu7t5v0__buf_2)
    21    0.089665    0.752766    0.615452   13.817945 ^ fanout67/Z (gf180mcu_fd_sc_mcu7t5v0__buf_2)
                                                         net67 (net)
                      0.752847    0.004367   13.822311 ^ _10652_/B (gf180mcu_fd_sc_mcu7t5v0__aoi21_1)
     1    0.005585    0.385964    0.274153   14.096465 v _10652_/ZN (gf180mcu_fd_sc_mcu7t5v0__aoi21_1)
                                                         _04317_ (net)
                      0.385964    0.000063   14.096528 v _10653_/B2 (gf180mcu_fd_sc_mcu7t5v0__aoi221_1)
     1    0.002895    0.572058    0.470018   14.566545 ^ _10653_/ZN (gf180mcu_fd_sc_mcu7t5v0__aoi221_1)
                                                         _00369_ (net)
                      0.572058    0.000028   14.566574 ^ _13394_/D (gf180mcu_fd_sc_mcu7t5v0__dffq_2)
                                             14.566574   data arrival time

                                 20.000000   20.000000   clock clk (rise edge)
                                  0.000000   20.000000   clock source latency
     2    0.029126    0.152134    0.072568   20.072569 ^ clk (in)
                                                         clk (net)
                      0.152134    0.000000   20.072569 ^ clkbuf_0_clk/I (gf180mcu_fd_sc_mcu7t5v0__clkbuf_16)
     2    0.048525    0.113871    0.254081   20.326649 ^ clkbuf_0_clk/Z (gf180mcu_fd_sc_mcu7t5v0__clkbuf_16)
                                                         clknet_0_clk (net)
                      0.113872    0.000645   20.327293 ^ clkbuf_1_0__f_clk/I (gf180mcu_fd_sc_mcu7t5v0__clkbuf_16)
     1    0.008723    0.077874    0.216636   20.543930 ^ clkbuf_1_0__f_clk/Z (gf180mcu_fd_sc_mcu7t5v0__clkbuf_16)
                                                         clknet_1_0__leaf_clk (net)
                      0.077874    0.000087   20.544018 ^ u_icg/CLK (gf180mcu_fd_sc_mcu7t5v0__icgtp_4)
     3    0.088929    0.420052    0.550676   21.094692 ^ u_icg/Q (gf180mcu_fd_sc_mcu7t5v0__icgtp_4)
                                                         core_clk (net)
                      0.420172    0.007859   21.102551 ^ clkbuf_0_core_clk/I (gf180mcu_fd_sc_mcu7t5v0__clkbuf_16)
    33    0.516608    0.537933    0.551976   21.654528 ^ clkbuf_0_core_clk/Z (gf180mcu_fd_sc_mcu7t5v0__clkbuf_16)
                                                         clknet_0_core_clk (net)
                      0.563718    0.068514   21.723042 ^ clkbuf_4_5_0_core_clk/I (gf180mcu_fd_sc_mcu7t5v0__clkbuf_8)
    23    0.247836    0.532925    0.588113   22.311155 ^ clkbuf_4_5_0_core_clk/Z (gf180mcu_fd_sc_mcu7t5v0__clkbuf_8)
                                                         clknet_4_5_0_core_clk (net)
                      0.532998    0.003453   22.314608 ^ clkbuf_leaf_23_core_clk/I (gf180mcu_fd_sc_mcu7t5v0__clkbuf_8)
     3    0.015025    0.106333    0.306370   22.620977 ^ clkbuf_leaf_23_core_clk/Z (gf180mcu_fd_sc_mcu7t5v0__clkbuf_8)
                                                         clknet_leaf_23_core_clk (net)
                      0.106333    0.000108   22.621086 ^ _13394_/CLK (gf180mcu_fd_sc_mcu7t5v0__dffq_2)
                                 -0.250000   22.371086   clock uncertainty
                                  0.000013   22.371099   clock reconvergence pessimism
                                 -0.273667   22.097431   library setup time
                                             22.097431   data required time
---------------------------------------------------------------------------------------------
                                             22.097431   data required time
                                            -14.566574   data arrival time
---------------------------------------------------------------------------------------------
                                              7.530858   slack (MET)


Startpoint: _13038_ (rising edge-triggered flip-flop clocked by clk)
Endpoint: _13242_ (rising edge-triggered flip-flop clocked by clk)
Path Group: clk
Path Type: max

Fanout         Cap        Slew       Delay        Time   Description
---------------------------------------------------------------------------------------------
                                  0.000000    0.000000   clock clk (rise edge)
                                  0.000000    0.000000   clock source latency
     2    0.029126    0.152134    0.072567    0.072567 ^ clk (in)
                                                         clk (net)
                      0.152134    0.000000    0.072567 ^ clkbuf_0_clk/I (gf180mcu_fd_sc_mcu7t5v0__clkbuf_16)
     2    0.048525    0.113871    0.254082    0.326649 ^ clkbuf_0_clk/Z (gf180mcu_fd_sc_mcu7t5v0__clkbuf_16)
                                                         clknet_0_clk (net)
                      0.113872    0.000646    0.327295 ^ clkbuf_1_0__f_clk/I (gf180mcu_fd_sc_mcu7t5v0__clkbuf_16)
     1    0.008723    0.077874    0.216634    0.543929 ^ clkbuf_1_0__f_clk/Z (gf180mcu_fd_sc_mcu7t5v0__clkbuf_16)
                                                         clknet_1_0__leaf_clk (net)
                      0.077874    0.000087    0.544016 ^ u_icg/CLK (gf180mcu_fd_sc_mcu7t5v0__icgtp_4)
     3    0.088929    0.420123    0.550678    1.094694 ^ u_icg/Q (gf180mcu_fd_sc_mcu7t5v0__icgtp_4)
                                                         core_clk (net)
                      0.420241    0.007858    1.102551 ^ clkbuf_0_core_clk/I (gf180mcu_fd_sc_mcu7t5v0__clkbuf_16)
    33    0.516608    0.537934    0.551990    1.654541 ^ clkbuf_0_core_clk/Z (gf180mcu_fd_sc_mcu7t5v0__clkbuf_16)
                                                         clknet_0_core_clk (net)
                      0.546985    0.036339    1.690880 ^ clkbuf_4_14_0_core_clk/I (gf180mcu_fd_sc_mcu7t5v0__clkbuf_8)
    31    0.300272    0.637389    0.645045    2.335925 ^ clkbuf_4_14_0_core_clk/Z (gf180mcu_fd_sc_mcu7t5v0__clkbuf_8)
                                                         clknet_4_14_0_core_clk (net)
                      0.637488    0.004422    2.340346 ^ clkbuf_leaf_84_core_clk/I (gf180mcu_fd_sc_mcu7t5v0__clkbuf_8)
     4    0.025254    0.126663    0.336329    2.676675 ^ clkbuf_leaf_84_core_clk/Z (gf180mcu_fd_sc_mcu7t5v0__clkbuf_8)
                                                         clknet_leaf_84_core_clk (net)
                      0.126663    0.000253    2.676928 ^ _13038_/CLK (gf180mcu_fd_sc_mcu7t5v0__dffq_1)
     1    0.011390    0.241907    0.797075    3.474004 ^ _13038_/Q (gf180mcu_fd_sc_mcu7t5v0__dffq_1)
                                                         a_gate (net)
                      0.241907    0.000240    3.474244 ^ fanout482/I (gf180mcu_fd_sc_mcu7t5v0__buf_4)
    13    0.223999    0.920962    0.660514    4.134758 ^ fanout482/Z (gf180mcu_fd_sc_mcu7t5v0__buf_4)
                                                         net482 (net)
                      0.921051    0.005171    4.139930 ^ fanout481/I (gf180mcu_fd_sc_mcu7t5v0__buf_2)
    15    0.093303    0.781754    0.640316    4.780246 ^ fanout481/Z (gf180mcu_fd_sc_mcu7t5v0__buf_2)
                                                         net481 (net)
                      0.781806    0.003562    4.783808 ^ fanout480/I (gf180mcu_fd_sc_mcu7t5v0__buf_2)
    19    0.120218    0.992423    0.758412    5.542220 ^ fanout480/Z (gf180mcu_fd_sc_mcu7t5v0__buf_2)
                                                         net480 (net)
                      0.992434    0.001845    5.544065 ^ fanout479/I (gf180mcu_fd_sc_mcu7t5v0__clkbuf_2)
     5    0.050521    0.446058    0.578595    6.122660 ^ fanout479/Z (gf180mcu_fd_sc_mcu7t5v0__clkbuf_2)
                                                         net479 (net)
                      0.446086    0.002018    6.124678 ^ fanout477/I (gf180mcu_fd_sc_mcu7t5v0__buf_2)
     9    0.063926    0.547475    0.486097    6.610775 ^ fanout477/Z (gf180mcu_fd_sc_mcu7t5v0__buf_2)
                                                         net477 (net)
                      0.547475    0.000395    6.611170 ^ fanout476/I (gf180mcu_fd_sc_mcu7t5v0__buf_2)
     7    0.056878    0.491834    0.461054    7.072224 ^ fanout476/Z (gf180mcu_fd_sc_mcu7t5v0__buf_2)
                                                         net476 (net)
                      0.491845    0.001338    7.073562 ^ _09173_/A2 (gf180mcu_fd_sc_mcu7t5v0__nand2_1)
     1    0.007945    0.243645    0.158476    7.232038 v _09173_/ZN (gf180mcu_fd_sc_mcu7t5v0__nand2_1)
                                                         _02994_ (net)
                      0.243645    0.000079    7.232116 v _09175_/A2 (gf180mcu_fd_sc_mcu7t5v0__xor2_1)
     2    0.019910    0.386696    0.584595    7.816711 v _09175_/Z (gf180mcu_fd_sc_mcu7t5v0__xor2_1)
                                                         _02996_ (net)
                      0.386696    0.000345    7.817056 v _09182_/A1 (gf180mcu_fd_sc_mcu7t5v0__nand2_2)
     2    0.026083    0.331868    0.284726    8.101782 ^ _09182_/ZN (gf180mcu_fd_sc_mcu7t5v0__nand2_2)
                                                         _03003_ (net)
                      0.331868    0.000247    8.102029 ^ _09186_/A2 (gf180mcu_fd_sc_mcu7t5v0__aoi211_4)
     3    0.021611    0.416455    0.150426    8.252455 v _09186_/ZN (gf180mcu_fd_sc_mcu7t5v0__aoi211_4)
                                                         _03007_ (net)
                      0.416455    0.000351    8.252806 v _09187_/A2 (gf180mcu_fd_sc_mcu7t5v0__oai21_2)
     3    0.037302    0.771071    0.552989    8.805795 ^ _09187_/ZN (gf180mcu_fd_sc_mcu7t5v0__oai21_2)
                                                         _03008_ (net)
                      0.771071    0.001094    8.806889 ^ _09191_/A2 (gf180mcu_fd_sc_mcu7t5v0__aoi211_4)
     3    0.021833    0.434276    0.143640    8.950528 v _09191_/ZN (gf180mcu_fd_sc_mcu7t5v0__aoi211_4)
                                                         _03012_ (net)
                      0.434276    0.000349    8.950877 v _09192_/A2 (gf180mcu_fd_sc_mcu7t5v0__oai21_2)
     3    0.019528    0.493988    0.393352    9.344230 ^ _09192_/ZN (gf180mcu_fd_sc_mcu7t5v0__oai21_2)
                                                         _03013_ (net)
                      0.493988    0.000161    9.344391 ^ _09193_/A2 (gf180mcu_fd_sc_mcu7t5v0__aoi21_2)
     3    0.024474    0.386724    0.214757    9.559148 v _09193_/ZN (gf180mcu_fd_sc_mcu7t5v0__aoi21_2)
                                                         _03014_ (net)
                      0.386724    0.000921    9.560068 v _09196_/A2 (gf180mcu_fd_sc_mcu7t5v0__oai21_1)
     3    0.017760    0.660018    0.476618   10.036687 ^ _09196_/ZN (gf180mcu_fd_sc_mcu7t5v0__oai21_1)
                                                         _03017_ (net)
                      0.660018    0.000205   10.036892 ^ _09197_/A2 (gf180mcu_fd_sc_mcu7t5v0__nor2_1)
     3    0.022754    0.464022    0.379242   10.416133 v _09197_/ZN (gf180mcu_fd_sc_mcu7t5v0__nor2_1)
                                                         _03018_ (net)
                      0.464022    0.000520   10.416653 v _09205_/A1 (gf180mcu_fd_sc_mcu7t5v0__aoi211_2)
     2    0.019035    0.789860    0.488446   10.905099 ^ _09205_/ZN (gf180mcu_fd_sc_mcu7t5v0__aoi211_2)
                                                         _03026_ (net)
                      0.789860    0.000387   10.905486 ^ _09206_/A2 (gf180mcu_fd_sc_mcu7t5v0__oai21_1)
     2    0.013868    0.428756    0.302692   11.208178 v _09206_/ZN (gf180mcu_fd_sc_mcu7t5v0__oai21_1)
                                                         _03027_ (net)
                      0.428756    0.000175   11.208353 v _09207_/B (gf180mcu_fd_sc_mcu7t5v0__oai21_1)
     2    0.011169    0.469785    0.354606   11.562959 ^ _09207_/ZN (gf180mcu_fd_sc_mcu7t5v0__oai21_1)
                                                         _03028_ (net)
                      0.469785    0.000214   11.563173 ^ _09208_/A2 (gf180mcu_fd_sc_mcu7t5v0__aoi21_1)
     3    0.015838    0.381960    0.237758   11.800931 v _09208_/ZN (gf180mcu_fd_sc_mcu7t5v0__aoi21_1)
                                                         _03029_ (net)
                      0.381960    0.000217   11.801148 v _09210_/A2 (gf180mcu_fd_sc_mcu7t5v0__or2_1)
     2    0.011465    0.227399    0.512630   12.313778 v _09210_/Z (gf180mcu_fd_sc_mcu7t5v0__or2_1)
                                                         _03031_ (net)
                      0.227399    0.000199   12.313977 v _09214_/A1 (gf180mcu_fd_sc_mcu7t5v0__oai21_1)
     2    0.010237    0.441698    0.318322   12.632299 ^ _09214_/ZN (gf180mcu_fd_sc_mcu7t5v0__oai21_1)
                                                         _03035_ (net)
                      0.441698    0.000147   12.632445 ^ _09215_/I (gf180mcu_fd_sc_mcu7t5v0__inv_1)
     5    0.043059    0.463132    0.369269   13.001715 v _09215_/ZN (gf180mcu_fd_sc_mcu7t5v0__inv_1)
                                                         _03036_ (net)
                      0.463138    0.000933   13.002647 v fanout70/I (gf180mcu_fd_sc_mcu7t5v0__buf_2)
    21    0.100736    0.508220    0.600415   13.603063 v fanout70/Z (gf180mcu_fd_sc_mcu7t5v0__buf_2)
                                                         net70 (net)
                      0.508336    0.004395   13.607457 v _09245_/B2 (gf180mcu_fd_sc_mcu7t5v0__aoi221_1)
     1    0.005940    0.689273    0.560259   14.167716 ^ _09245_/ZN (gf180mcu_fd_sc_mcu7t5v0__aoi221_1)
                                                         _03062_ (net)
                      0.689273    0.000121   14.167837 ^ _09246_/B (gf180mcu_fd_sc_mcu7t5v0__aoi211_1)
     1    0.006786    0.520175    0.308500   14.476337 v _09246_/ZN (gf180mcu_fd_sc_mcu7t5v0__aoi211_1)
                                                         _00217_ (net)
                      0.520175    0.000158   14.476495 v _13242_/D (gf180mcu_fd_sc_mcu7t5v0__dffq_1)
                                             14.476495   data arrival time

                                 20.000000   20.000000   clock clk (rise edge)
                                  0.000000   20.000000   clock source latency
     2    0.029126    0.152134    0.072568   20.072569 ^ clk (in)
                                                         clk (net)
                      0.152134    0.000000   20.072569 ^ clkbuf_0_clk/I (gf180mcu_fd_sc_mcu7t5v0__clkbuf_16)
     2    0.048525    0.113871    0.254081   20.326649 ^ clkbuf_0_clk/Z (gf180mcu_fd_sc_mcu7t5v0__clkbuf_16)
                                                         clknet_0_clk (net)
                      0.113872    0.000645   20.327293 ^ clkbuf_1_0__f_clk/I (gf180mcu_fd_sc_mcu7t5v0__clkbuf_16)
     1    0.008723    0.077874    0.216636   20.543930 ^ clkbuf_1_0__f_clk/Z (gf180mcu_fd_sc_mcu7t5v0__clkbuf_16)
                                                         clknet_1_0__leaf_clk (net)
                      0.077874    0.000087   20.544018 ^ u_icg/CLK (gf180mcu_fd_sc_mcu7t5v0__icgtp_4)
     3    0.088929    0.420052    0.550676   21.094692 ^ u_icg/Q (gf180mcu_fd_sc_mcu7t5v0__icgtp_4)
                                                         core_clk (net)
                      0.420172    0.007859   21.102551 ^ clkbuf_0_core_clk/I (gf180mcu_fd_sc_mcu7t5v0__clkbuf_16)
    33    0.516608    0.537933    0.551976   21.654528 ^ clkbuf_0_core_clk/Z (gf180mcu_fd_sc_mcu7t5v0__clkbuf_16)
                                                         clknet_0_core_clk (net)
                      0.546616    0.035413   21.689941 ^ clkbuf_4_13_0_core_clk/I (gf180mcu_fd_sc_mcu7t5v0__clkbuf_8)
    25    0.274494    0.584464    0.615376   22.305317 ^ clkbuf_4_13_0_core_clk/Z (gf180mcu_fd_sc_mcu7t5v0__clkbuf_8)
                                                         clknet_4_13_0_core_clk (net)
                      0.584549    0.003904   22.309221 ^ clkbuf_leaf_55_core_clk/I (gf180mcu_fd_sc_mcu7t5v0__clkbuf_8)
     5    0.024878    0.124253    0.328246   22.637468 ^ clkbuf_leaf_55_core_clk/Z (gf180mcu_fd_sc_mcu7t5v0__clkbuf_8)
                                                         clknet_leaf_55_core_clk (net)
                      0.124253    0.000176   22.637644 ^ _13242_/CLK (gf180mcu_fd_sc_mcu7t5v0__dffq_1)
                                 -0.250000   22.387644   clock uncertainty
                                  0.000013   22.387657   clock reconvergence pessimism
                                 -0.364076   22.023581   library setup time
                                             22.023581   data required time
---------------------------------------------------------------------------------------------
                                             22.023581   data required time
                                            -14.476495   data arrival time
---------------------------------------------------------------------------------------------
                                              7.547085   slack (MET)


Startpoint: _13038_ (rising edge-triggered flip-flop clocked by clk)
Endpoint: _13388_ (rising edge-triggered flip-flop clocked by clk)
Path Group: clk
Path Type: max

Fanout         Cap        Slew       Delay        Time   Description
---------------------------------------------------------------------------------------------
                                  0.000000    0.000000   clock clk (rise edge)
                                  0.000000    0.000000   clock source latency
     2    0.029126    0.152134    0.072567    0.072567 ^ clk (in)
                                                         clk (net)
                      0.152134    0.000000    0.072567 ^ clkbuf_0_clk/I (gf180mcu_fd_sc_mcu7t5v0__clkbuf_16)
     2    0.048525    0.113871    0.254082    0.326649 ^ clkbuf_0_clk/Z (gf180mcu_fd_sc_mcu7t5v0__clkbuf_16)
                                                         clknet_0_clk (net)
                      0.113872    0.000646    0.327295 ^ clkbuf_1_0__f_clk/I (gf180mcu_fd_sc_mcu7t5v0__clkbuf_16)
     1    0.008723    0.077874    0.216634    0.543929 ^ clkbuf_1_0__f_clk/Z (gf180mcu_fd_sc_mcu7t5v0__clkbuf_16)
                                                         clknet_1_0__leaf_clk (net)
                      0.077874    0.000087    0.544016 ^ u_icg/CLK (gf180mcu_fd_sc_mcu7t5v0__icgtp_4)
     3    0.088929    0.420123    0.550678    1.094694 ^ u_icg/Q (gf180mcu_fd_sc_mcu7t5v0__icgtp_4)
                                                         core_clk (net)
                      0.420241    0.007858    1.102551 ^ clkbuf_0_core_clk/I (gf180mcu_fd_sc_mcu7t5v0__clkbuf_16)
    33    0.516608    0.537934    0.551990    1.654541 ^ clkbuf_0_core_clk/Z (gf180mcu_fd_sc_mcu7t5v0__clkbuf_16)
                                                         clknet_0_core_clk (net)
                      0.546985    0.036339    1.690880 ^ clkbuf_4_14_0_core_clk/I (gf180mcu_fd_sc_mcu7t5v0__clkbuf_8)
    31    0.300272    0.637389    0.645045    2.335925 ^ clkbuf_4_14_0_core_clk/Z (gf180mcu_fd_sc_mcu7t5v0__clkbuf_8)
                                                         clknet_4_14_0_core_clk (net)
                      0.637488    0.004422    2.340346 ^ clkbuf_leaf_84_core_clk/I (gf180mcu_fd_sc_mcu7t5v0__clkbuf_8)
     4    0.025254    0.126663    0.336329    2.676675 ^ clkbuf_leaf_84_core_clk/Z (gf180mcu_fd_sc_mcu7t5v0__clkbuf_8)
                                                         clknet_leaf_84_core_clk (net)
                      0.126663    0.000253    2.676928 ^ _13038_/CLK (gf180mcu_fd_sc_mcu7t5v0__dffq_1)
     1    0.011390    0.241907    0.797075    3.474004 ^ _13038_/Q (gf180mcu_fd_sc_mcu7t5v0__dffq_1)
                                                         a_gate (net)
                      0.241907    0.000240    3.474244 ^ fanout482/I (gf180mcu_fd_sc_mcu7t5v0__buf_4)
    13    0.223999    0.920962    0.660514    4.134758 ^ fanout482/Z (gf180mcu_fd_sc_mcu7t5v0__buf_4)
                                                         net482 (net)
                      0.921263    0.009327    4.144085 ^ fanout465/I (gf180mcu_fd_sc_mcu7t5v0__clkbuf_2)
    11    0.087939    0.738330    0.738910    4.882996 ^ fanout465/Z (gf180mcu_fd_sc_mcu7t5v0__clkbuf_2)
                                                         net465 (net)
                      0.738526    0.006724    4.889719 ^ fanout457/I (gf180mcu_fd_sc_mcu7t5v0__buf_2)
    21    0.084305    0.709588    0.593487    5.483206 ^ fanout457/Z (gf180mcu_fd_sc_mcu7t5v0__buf_2)
                                                         net457 (net)
                      0.709590    0.000758    5.483964 ^ fanout456/I (gf180mcu_fd_sc_mcu7t5v0__buf_1)
     5    0.041453    0.714598    0.605165    6.089129 ^ fanout456/Z (gf180mcu_fd_sc_mcu7t5v0__buf_1)
                                                         net456 (net)
                      0.714601    0.000778    6.089907 ^ fanout455/I (gf180mcu_fd_sc_mcu7t5v0__buf_2)
    10    0.062301    0.535688    0.493976    6.583882 ^ fanout455/Z (gf180mcu_fd_sc_mcu7t5v0__buf_2)
                                                         net455 (net)
                      0.535717    0.002169    6.586051 ^ _10554_/A3 (gf180mcu_fd_sc_mcu7t5v0__nand3_1)
     2    0.015844    0.444842    0.298167    6.884219 v _10554_/ZN (gf180mcu_fd_sc_mcu7t5v0__nand3_1)
                                                         _04231_ (net)
                      0.444842    0.000319    6.884538 v _10556_/A1 (gf180mcu_fd_sc_mcu7t5v0__oai21_1)
     2    0.014007    0.557450    0.443988    7.328526 ^ _10556_/ZN (gf180mcu_fd_sc_mcu7t5v0__oai21_1)
                                                         _04233_ (net)
                      0.557450    0.000184    7.328710 ^ _10557_/A2 (gf180mcu_fd_sc_mcu7t5v0__nand2_1)
     1    0.005495    0.233776    0.131432    7.460142 v _10557_/ZN (gf180mcu_fd_sc_mcu7t5v0__nand2_1)
                                                         _04234_ (net)
                      0.233776    0.000059    7.460201 v _10558_/B (gf180mcu_fd_sc_mcu7t5v0__oai21_1)
     2    0.013036    0.536388    0.312156    7.772357 ^ _10558_/ZN (gf180mcu_fd_sc_mcu7t5v0__oai21_1)
                                                         _04235_ (net)
                      0.536388    0.000092    7.772449 ^ _10559_/A2 (gf180mcu_fd_sc_mcu7t5v0__aoi21_1)
     2    0.014950    0.370532    0.232316    8.004765 v _10559_/ZN (gf180mcu_fd_sc_mcu7t5v0__aoi21_1)
                                                         _04236_ (net)
                      0.370532    0.000269    8.005033 v _10560_/A2 (gf180mcu_fd_sc_mcu7t5v0__oai21_1)
     2    0.020243    0.729167    0.514283    8.519316 ^ _10560_/ZN (gf180mcu_fd_sc_mcu7t5v0__oai21_1)
                                                         _04237_ (net)
                      0.729167    0.000574    8.519890 ^ _10561_/A2 (gf180mcu_fd_sc_mcu7t5v0__aoi21_1)
     2    0.012212    0.336593    0.207566    8.727456 v _10561_/ZN (gf180mcu_fd_sc_mcu7t5v0__aoi21_1)
                                                         _04238_ (net)
                      0.336593    0.000165    8.727621 v _10562_/A2 (gf180mcu_fd_sc_mcu7t5v0__or2_1)
     2    0.011349    0.225768    0.499799    9.227421 v _10562_/Z (gf180mcu_fd_sc_mcu7t5v0__or2_1)
                                                         _04239_ (net)
                      0.225768    0.000321    9.227741 v _10563_/A2 (gf180mcu_fd_sc_mcu7t5v0__aoi21_1)
     3    0.017054    0.710452    0.451227    9.678968 ^ _10563_/ZN (gf180mcu_fd_sc_mcu7t5v0__aoi21_1)
                                                         _04240_ (net)
                      0.710452    0.000222    9.679191 ^ _10566_/A2 (gf180mcu_fd_sc_mcu7t5v0__oai21_1)
     2    0.014185    0.413159    0.300303    9.979493 v _10566_/ZN (gf180mcu_fd_sc_mcu7t5v0__oai21_1)
                                                         _04243_ (net)
                      0.413159    0.000335    9.979828 v _10567_/A2 (gf180mcu_fd_sc_mcu7t5v0__nor2_1)
     2    0.013765    0.527995    0.396442   10.376270 ^ _10567_/ZN (gf180mcu_fd_sc_mcu7t5v0__nor2_1)
                                                         _04244_ (net)
                      0.527995    0.000304   10.376574 ^ _10575_/A1 (gf180mcu_fd_sc_mcu7t5v0__aoi21_1)
     2    0.018013    0.410708    0.292414   10.668988 v _10575_/ZN (gf180mcu_fd_sc_mcu7t5v0__aoi21_1)
                                                         _04252_ (net)
                      0.410708    0.000401   10.669389 v _10576_/A2 (gf180mcu_fd_sc_mcu7t5v0__oai21_1)
     2    0.020150    0.728334    0.520505   11.189894 ^ _10576_/ZN (gf180mcu_fd_sc_mcu7t5v0__oai21_1)
                                                         _04253_ (net)
                      0.728334    0.000626   11.190520 ^ _10577_/B (gf180mcu_fd_sc_mcu7t5v0__aoi21_1)
     2    0.018166    0.514167    0.415231   11.605750 v _10577_/ZN (gf180mcu_fd_sc_mcu7t5v0__aoi21_1)
                                                         _04254_ (net)
                      0.514167    0.000307   11.606058 v _10579_/A3 (gf180mcu_fd_sc_mcu7t5v0__oai31_2)
     3    0.028880    0.989716    0.704572   12.310629 ^ _10579_/ZN (gf180mcu_fd_sc_mcu7t5v0__oai31_2)
                                                         _04256_ (net)
                      0.989716    0.000496   12.311125 ^ _10581_/A3 (gf180mcu_fd_sc_mcu7t5v0__nand3_2)
     4    0.045658    0.603083    0.380313   12.691438 v _10581_/ZN (gf180mcu_fd_sc_mcu7t5v0__nand3_2)
                                                         _04258_ (net)
                      0.603084    0.000854   12.692292 v _10582_/A2 (gf180mcu_fd_sc_mcu7t5v0__aoi21_2)
     3    0.027248    0.609420    0.509822   13.202114 ^ _10582_/ZN (gf180mcu_fd_sc_mcu7t5v0__aoi21_2)
                                                         _04259_ (net)
                      0.609420    0.000378   13.202493 ^ fanout67/I (gf180mcu_fd_sc_mcu7t5v0__buf_2)
    21    0.089665    0.752766    0.615452   13.817945 ^ fanout67/Z (gf180mcu_fd_sc_mcu7t5v0__buf_2)
                                                         net67 (net)
                      0.752811    0.003275   13.821219 ^ _10619_/B (gf180mcu_fd_sc_mcu7t5v0__aoi21_1)
     1    0.004838    0.377552    0.264891   14.086110 v _10619_/ZN (gf180mcu_fd_sc_mcu7t5v0__aoi21_1)
