     Internal    Switching      Leakage        Total
        Power        Power        Power        Power (Watts)
----------------------------------------------------
 8.683273e-07 2.846145e-07 1.232310e-11 1.152954e-06 clkbuf_0_clk
 8.502756e-07 2.010658e-07 1.232310e-11 1.051354e-06 clkbuf_1_0__f_clk
 8.395270e-07 1.005329e-07 1.232310e-11 9.400722e-07 clkbuf_1_1__f_clk
 1.353383e-07 4.647764e-11 9.134016e-12 1.353939e-07 u_icg
 2.686695e-08 0.000000e+00 1.567550e-12 2.686852e-08 clkload0
 6.287138e-11 3.581246e-10 1.047892e-11 4.314749e-10 clkbuf_0_w_clk
 6.531597e-11 3.355494e-10 1.047893e-11 4.113443e-10 clkbuf_0_v_clk
 9.823856e-11 2.197524e-10 1.047899e-11 3.284700e-10 clkbuf_0_core_clk
 6.410455e-11 1.756195e-10 1.047893e-11 2.502030e-10 clkbuf_3_0__f_v_clk
 6.414126e-11 1.734650e-10 1.047893e-11 2.480852e-10 clkbuf_3_7__f_v_clk
 6.407028e-11 1.681011e-10 1.047893e-11 2.426503e-10 clkbuf_3_2__f_v_clk
 6.411822e-11 1.648085e-10 1.047893e-11 2.394056e-10 clkbuf_3_5__f_v_clk
 6.411643e-11 1.636239e-10 1.047893e-11 2.382192e-10 clkbuf_3_6__f_v_clk
 6.408316e-11 1.606427e-10 1.047893e-11 2.352048e-10 clkbuf_3_1__f_v_clk
 6.403619e-11 1.557685e-10 1.047893e-11 2.302836e-10 clkbuf_3_3__f_v_clk
 6.406865e-11 1.477619e-10 1.047893e-11 2.223095e-10 clkbuf_3_4__f_v_clk
 6.172508e-11 1.387953e-10 1.047892e-11 2.109993e-10 clkbuf_3_1__f_w_clk
 6.152537e-11 1.335941e-10 1.047892e-11 2.055984e-10 clkbuf_3_3__f_w_clk
 6.157339e-11 1.272924e-10 1.047892e-11 1.993447e-10 clkbuf_3_6__f_w_clk
 6.168790e-11 1.235663e-10 1.047892e-11 1.957332e-10 clkbuf_3_0__f_w_clk
 6.159120e-11 1.223001e-10 1.047892e-11 1.943702e-10 clkbuf_3_7__f_w_clk
 6.154736e-11 1.140145e-10 1.047892e-11 1.860408e-10 clkbuf_3_4__f_w_clk
 6.133244e-11 1.132324e-10 1.047892e-11 1.850438e-10 clkbuf_3_2__f_w_clk
 6.146687e-11 1.121152e-10 1.047892e-11 1.840610e-10 clkbuf_3_5__f_w_clk
 4.843134e-11 1.086478e-10 6.865734e-12 1.639448e-10 clkbuf_4_13_0_core_clk
 4.835287e-11 1.054303e-10 6.865734e-12 1.606489e-10 clkbuf_4_10_0_core_clk
 4.827976e-11 1.017827e-10 6.865734e-12 1.569282e-10 clkbuf_4_7_0_core_clk
 4.823014e-11 1.004411e-10 6.865734e-12 1.555370e-10 clkbuf_4_0_0_core_clk
 4.820214e-11 9.994607e-11 6.865734e-12 1.550139e-10 clkbuf_4_15_0_core_clk
 4.820003e-11 9.991638e-11 6.865734e-12 1.549821e-10 clkbuf_4_12_0_core_clk
 4.812253e-11 9.633525e-11 6.865734e-12 1.513235e-10 clkbuf_4_2_0_core_clk
 4.810331e-11 9.517171e-11 6.865734e-12 1.501407e-10 clkbuf_4_6_0_core_clk
 4.809172e-11 9.517920e-11 6.865734e-12 1.501367e-10 clkbuf_4_3_0_core_clk
 4.807048e-11 9.456910e-11 6.865734e-12 1.495053e-10 clkbuf_4_8_0_core_clk
 4.801859e-11 9.298398e-11 6.865734e-12 1.478683e-10 clkbuf_4_14_0_core_clk
 4.803060e-11 9.292673e-11 6.865734e-12 1.478231e-10 clkbuf_4_1_0_core_clk
 4.795132e-11 9.028985e-11 6.865734e-12 1.451069e-10 clkbuf_4_11_0_core_clk
 4.782981e-11 8.546525e-11 6.865734e-12 1.401608e-10 clkbuf_4_9_0_core_clk
 4.782311e-11 8.463604e-11 6.865734e-12 1.393249e-10 clkbuf_4_5_0_core_clk
 4.774157e-11 8.156627e-11 6.865734e-12 1.361736e-10 clkbuf_4_4_0_core_clk
 3.770172e-11 8.345934e-11 8.986267e-12 1.301473e-10 u_icg_w
 3.846315e-11 7.320609e-11 8.986267e-12 1.206555e-10 u_icg_v
 3.123595e-11 6.275819e-11 6.865722e-12 1.008599e-10 clkbuf_leaf_3_w_clk
 3.183082e-11 5.251491e-11 6.865722e-12 9.121146e-11 clkbuf_leaf_3_v_clk
 3.093597e-11 5.175705e-11 6.865722e-12 8.955874e-11 clkbuf_leaf_1_w_clk
 3.087528e-11 4.953885e-11 6.865722e-12 8.727986e-11 clkbuf_leaf_2_w_clk
 3.085626e-11 4.890697e-11 6.865722e-12 8.662895e-11 clkbuf_leaf_7_w_clk
 3.083663e-11 4.811600e-11 6.865722e-12 8.581836e-11 clkbuf_leaf_5_w_clk
 3.081799e-11 4.744697e-11 6.865722e-12 8.513069e-11 clkbuf_leaf_80_w_clk
 3.071085e-11 4.372917e-11 6.865722e-12 8.130573e-11 clkbuf_leaf_49_w_clk
 3.071028e-11 4.354147e-11 6.865722e-12 8.111747e-11 clkbuf_leaf_4_w_clk
 3.157024e-11 4.177881e-11 6.865722e-12 8.021477e-11 clkbuf_leaf_56_v_clk
 3.157213e-11 4.010472e-11 6.865722e-12 7.854257e-11 clkbuf_leaf_94_v_clk
 3.059802e-11 4.094666e-11 6.865722e-12 7.841041e-11 clkbuf_leaf_28_w_clk
 3.151183e-11 4.001558e-11 6.865722e-12 7.839313e-11 clkbuf_leaf_6_v_clk
 3.154497e-11 3.949446e-11 6.865722e-12 7.790515e-11 clkbuf_leaf_37_v_clk
 3.149180e-11 3.894137e-11 6.865722e-12 7.729890e-11 clkbuf_leaf_101_v_clk
 3.157834e-11 3.878499e-11 6.865722e-12 7.722906e-11 clkbuf_leaf_83_v_clk
 3.151556e-11 3.823272e-11 6.865722e-12 7.661401e-11 clkbuf_leaf_41_v_clk
 3.156028e-11 3.803429e-11 6.865722e-12 7.646029e-11 clkbuf_leaf_85_v_clk
 3.149604e-11 3.809595e-11 6.865722e-12 7.645771e-11 clkbuf_leaf_9_v_clk
 3.057911e-11 3.888513e-11 6.865722e-12 7.632996e-11 clkbuf_leaf_45_w_clk
 3.151406e-11 3.793605e-11 6.865722e-12 7.631584e-11 clkbuf_leaf_92_v_clk
 3.147225e-11 3.790512e-11 6.865722e-12 7.624309e-11 clkbuf_leaf_48_v_clk
 3.148291e-11 3.722663e-11 6.865722e-12 7.557526e-11 clkbuf_leaf_31_v_clk
 3.055699e-11 3.808989e-11 6.865722e-12 7.551260e-11 clkbuf_leaf_44_w_clk
 3.055349e-11 3.797582e-11 6.865722e-12 7.539504e-11 clkbuf_leaf_48_w_clk
 3.054308e-11 3.794911e-11 6.865722e-12 7.535791e-11 clkbuf_leaf_50_w_clk
 3.055778e-11 3.791667e-11 6.865722e-12 7.534017e-11 clkbuf_leaf_6_w_clk
 3.144738e-11 3.696158e-11 6.865722e-12 7.527468e-11 clkbuf_leaf_65_v_clk
 3.148991e-11 3.687151e-11 6.865722e-12 7.522714e-11 clkbuf_leaf_96_v_clk
 3.146124e-11 3.613069e-11 6.865722e-12 7.445766e-11 clkbuf_leaf_42_v_clk
 3.052547e-11 3.674303e-11 6.865722e-12 7.413423e-11 clkbuf_leaf_0_w_clk
 3.050538e-11 3.660552e-11 6.865722e-12 7.397662e-11 clkbuf_leaf_37_w_clk
 3.050588e-11 3.625071e-11 6.865722e-12 7.362231e-11 clkbuf_leaf_42_w_clk
 3.049242e-11 3.607071e-11 6.865722e-12 7.342885e-11 clkbuf_leaf_34_w_clk
 3.046169e-11 3.589618e-11 6.865722e-12 7.322360e-11 clkbuf_leaf_29_w_clk
 3.148245e-11 3.478281e-11 6.865722e-12 7.313098e-11 clkbuf_leaf_67_v_clk
 3.141990e-11 3.473931e-11 6.865722e-12 7.302494e-11 clkbuf_leaf_60_v_clk
 3.138330e-11 3.465063e-11 6.865722e-12 7.289965e-11 clkbuf_leaf_53_v_clk
 3.146631e-11 3.452447e-11 6.865722e-12 7.285650e-11 clkbuf_leaf_82_v_clk
 3.140857e-11 3.450580e-11 6.865722e-12 7.278009e-11 clkbuf_leaf_68_v_clk
 3.142142e-11 3.425039e-11 6.865722e-12 7.253754e-11 clkbuf_leaf_95_v_clk
 3.046359e-11 3.505112e-11 6.865722e-12 7.238043e-11 clkbuf_leaf_38_w_clk
 3.138912e-11 3.393123e-11 6.865722e-12 7.218608e-11 clkbuf_leaf_19_v_clk
 3.137142e-11 3.394713e-11 6.865722e-12 7.218427e-11 clkbuf_leaf_55_v_clk
 3.043401e-11 3.485833e-11 6.865722e-12 7.215807e-11 clkbuf_leaf_23_w_clk
 3.139636e-11 3.371924e-11 6.865722e-12 7.198132e-11 clkbuf_leaf_70_v_clk
 3.045180e-11 3.459000e-11 6.865722e-12 7.190753e-11 clkbuf_leaf_40_w_clk
 3.138098e-11 3.361776e-11 6.865722e-12 7.186447e-11 clkbuf_leaf_20_v_clk
 3.134591e-11 3.337139e-11 6.865722e-12 7.158302e-11 clkbuf_leaf_0_v_clk
 3.143907e-11 3.323516e-11 6.865722e-12 7.153995e-11 clkbuf_leaf_88_v_clk
 3.139664e-11 3.327329e-11 6.865722e-12 7.153565e-11 clkbuf_leaf_97_v_clk
 3.135061e-11 3.322950e-11 6.865722e-12 7.144583e-11 clkbuf_leaf_59_v_clk
 3.135200e-11 3.319271e-11 6.865722e-12 7.141044e-11 clkbuf_leaf_47_v_clk
 3.138319e-11 3.314762e-11 6.865722e-12 7.139653e-11 clkbuf_leaf_40_v_clk
 3.143199e-11 3.308080e-11 6.865722e-12 7.137851e-11 clkbuf_leaf_79_v_clk
 3.135047e-11 3.310784e-11 6.865722e-12 7.132402e-11 clkbuf_leaf_54_v_clk
 3.139220e-11 3.297207e-11 6.865722e-12 7.122999e-11 clkbuf_leaf_28_v_clk
 3.137363e-11 3.298382e-11 6.865722e-12 7.122317e-11 clkbuf_leaf_39_v_clk
 3.137477e-11 3.297470e-11 6.865722e-12 7.121519e-11 clkbuf_leaf_32_v_clk
 3.137075e-11 3.275679e-11 6.865722e-12 7.099326e-11 clkbuf_leaf_64_v_clk
 3.137297e-11 3.272044e-11 6.865722e-12 7.095913e-11 clkbuf_leaf_43_v_clk
 3.136672e-11 3.266208e-11 6.865722e-12 7.089452e-11 clkbuf_leaf_38_v_clk
 3.133073e-11 3.264742e-11 6.865722e-12 7.084388e-11 clkbuf_leaf_103_v_clk
 3.133270e-11 3.252162e-11 6.865722e-12 7.072003e-11 clkbuf_leaf_58_v_clk
 3.137122e-11 3.238010e-11 6.865722e-12 7.061705e-11 clkbuf_leaf_91_v_clk
 3.135875e-11 3.215919e-11 6.865722e-12 7.038366e-11 clkbuf_leaf_44_v_clk
 3.040593e-11 3.290372e-11 6.865722e-12 7.017537e-11 clkbuf_leaf_51_w_clk
 3.137463e-11 3.190120e-11 6.865722e-12 7.014155e-11 clkbuf_leaf_22_v_clk
 3.139718e-11 3.182762e-11 6.865722e-12 7.009052e-11 clkbuf_leaf_81_v_clk
 3.041111e-11 3.276758e-11 6.865722e-12 7.004441e-11 clkbuf_leaf_41_w_clk
 3.130976e-11 3.170958e-11 6.865722e-12 6.988506e-11 clkbuf_leaf_51_v_clk
 3.131259e-11 3.163666e-11 6.865722e-12 6.981497e-11 clkbuf_leaf_46_v_clk
 3.037118e-11 3.242808e-11 6.865722e-12 6.966498e-11 clkbuf_leaf_24_w_clk
 3.135369e-11 3.144006e-11 6.865722e-12 6.965948e-11 clkbuf_leaf_27_v_clk
 3.038627e-11 3.220049e-11 6.865722e-12 6.945248e-11 clkbuf_leaf_39_w_clk
 3.132038e-11 3.125021e-11 6.865722e-12 6.943631e-11 clkbuf_leaf_15_v_clk
 3.133481e-11 3.106176e-11 6.865722e-12 6.926229e-11 clkbuf_leaf_84_v_clk
 3.134186e-11 3.104174e-11 6.865722e-12 6.924932e-11 clkbuf_leaf_29_v_clk
 3.129048e-11 3.107703e-11 6.865722e-12 6.923323e-11 clkbuf_leaf_1_v_clk
 3.035213e-11 3.176099e-11 6.865722e-12 6.897884e-11 clkbuf_leaf_26_w_clk
 3.131870e-11 3.074747e-11 6.865722e-12 6.893189e-11 clkbuf_leaf_62_v_clk
 3.038228e-11 3.168031e-11 6.865722e-12 6.892832e-11 clkbuf_leaf_43_w_clk
 3.128703e-11 3.074287e-11 6.865722e-12 6.889562e-11 clkbuf_leaf_57_v_clk
 3.033224e-11 3.155940e-11 6.865722e-12 6.875737e-11 clkbuf_leaf_73_w_clk
 3.033897e-11 3.127879e-11 6.865722e-12 6.848348e-11 clkbuf_leaf_25_w_clk
 3.039670e-11 3.122040e-11 6.865722e-12 6.848282e-11 clkbuf_leaf_13_w_clk
 3.132812e-11 3.027707e-11 6.865722e-12 6.847092e-11 clkbuf_leaf_25_v_clk
 3.036016e-11 3.121809e-11 6.865722e-12 6.844397e-11 clkbuf_leaf_33_w_clk
 3.126925e-11 3.020161e-11 6.865722e-12 6.833659e-11 clkbuf_leaf_100_v_clk
 3.130168e-11 3.015021e-11 6.865722e-12 6.831761e-11 clkbuf_leaf_72_v_clk
 3.129811e-11 2.993433e-11 6.865722e-12 6.809817e-11 clkbuf_leaf_71_v_clk
 3.130097e-11 2.991080e-11 6.865722e-12 6.807750e-11 clkbuf_leaf_45_v_clk
 3.125607e-11 2.985433e-11 6.865722e-12 6.797612e-11 clkbuf_leaf_105_v_clk
 3.038348e-11 3.071626e-11 6.865722e-12 6.796546e-11 clkbuf_leaf_11_w_clk
 3.125195e-11 2.980323e-11 6.865722e-12 6.792091e-11 clkbuf_leaf_5_v_clk
 3.130986e-11 2.967265e-11 6.865722e-12 6.784823e-11 clkbuf_leaf_24_v_clk
 3.035105e-11 3.054010e-11 6.865722e-12 6.775687e-11 clkbuf_leaf_46_w_clk
 3.125505e-11 2.961154e-11 6.865722e-12 6.773231e-11 clkbuf_leaf_52_v_clk
 3.125928e-11 2.958380e-11 6.865722e-12 6.770880e-11 clkbuf_leaf_49_v_clk
 3.128419e-11 2.948472e-11 6.865722e-12 6.763463e-11 clkbuf_leaf_73_v_clk
 3.124731e-11 2.951897e-11 6.865722e-12 6.763200e-11 clkbuf_leaf_106_v_clk
 3.125170e-11 2.948126e-11 6.865722e-12 6.759868e-11 clkbuf_leaf_50_v_clk
 3.029467e-11 3.034094e-11 6.865722e-12 6.750133e-11 clkbuf_leaf_78_w_clk
 3.127692e-11 2.934507e-11 6.865722e-12 6.748772e-11 clkbuf_leaf_75_v_clk
 3.132614e-11 2.890188e-11 6.865722e-12 6.709374e-11 clkbuf_leaf_66_v_clk
 3.126334e-11 2.869639e-11 6.865722e-12 6.682544e-11 clkbuf_leaf_61_v_clk
 3.126766e-11 2.866116e-11 6.865722e-12 6.679454e-11 clkbuf_leaf_36_v_clk
 3.031719e-11 2.960950e-11 6.865722e-12 6.679241e-11 clkbuf_leaf_35_w_clk
 3.122686e-11 2.852899e-11 6.865722e-12 6.662158e-11 clkbuf_leaf_2_v_clk
 3.127226e-11 2.840660e-11 6.865722e-12 6.654458e-11 clkbuf_leaf_30_v_clk
 3.125361e-11 2.830465e-11 6.865722e-12 6.642398e-11 clkbuf_leaf_33_v_clk
 3.121484e-11 2.830456e-11 6.865722e-12 6.638511e-11 clkbuf_leaf_4_v_clk
 3.124146e-11 2.815123e-11 6.865722e-12 6.625842e-11 clkbuf_leaf_13_v_clk
 3.125110e-11 2.812966e-11 6.865722e-12 6.624649e-11 clkbuf_leaf_63_v_clk
 3.031389e-11 2.852100e-11 6.865722e-12 6.570061e-11 clkbuf_leaf_64_w_clk
 3.124899e-11 2.742489e-11 6.865722e-12 6.553959e-11 clkbuf_leaf_26_v_clk
 3.030959e-11 2.829129e-11 6.865722e-12 6.546660e-11 clkbuf_leaf_53_w_clk
 3.025716e-11 2.828894e-11 6.865722e-12 6.541183e-11 clkbuf_leaf_27_w_clk
 3.123905e-11 2.727969e-11 6.865722e-12 6.538447e-11 clkbuf_leaf_90_v_clk
 3.024073e-11 2.818731e-11 6.865722e-12 6.529377e-11 clkbuf_leaf_79_w_clk
 3.125058e-11 2.716800e-11 6.865722e-12 6.528431e-11 clkbuf_leaf_21_v_clk
 3.122003e-11 2.707741e-11 6.865722e-12 6.516317e-11 clkbuf_leaf_74_v_clk
 3.117822e-11 2.689495e-11 6.865722e-12 6.493889e-11 clkbuf_leaf_11_v_clk
 3.120493e-11 2.681688e-11 6.865722e-12 6.488753e-11 clkbuf_leaf_7_v_clk
 3.122341e-11 2.677638e-11 6.865722e-12 6.486552e-11 clkbuf_leaf_93_v_clk
 3.029963e-11 2.769759e-11 6.865722e-12 6.486295e-11 clkbuf_leaf_14_w_clk
 3.029029e-11 2.765476e-11 6.865722e-12 6.481077e-11 clkbuf_leaf_65_w_clk
 3.120806e-11 2.669357e-11 6.865722e-12 6.476735e-11 clkbuf_leaf_76_v_clk
 3.025720e-11 2.745580e-11 6.865722e-12 6.457872e-11 clkbuf_leaf_36_w_clk
 3.028636e-11 2.721565e-11 6.865722e-12 6.436773e-11 clkbuf_leaf_16_w_clk
 3.124436e-11 2.612532e-11 6.865722e-12 6.423540e-11 clkbuf_leaf_87_v_clk
 3.021284e-11 2.712145e-11 6.865722e-12 6.420002e-11 clkbuf_leaf_74_w_clk
 3.118862e-11 2.607877e-11 6.865722e-12 6.413312e-11 clkbuf_leaf_12_v_clk
 3.124061e-11 2.594950e-11 6.865722e-12 6.405583e-11 clkbuf_leaf_80_v_clk
 3.118589e-11 2.600274e-11 6.865722e-12 6.405436e-11 clkbuf_leaf_16_v_clk
 3.120457e-11 2.588807e-11 6.865722e-12 6.395837e-11 clkbuf_leaf_99_v_clk
 3.019901e-11 2.663015e-11 6.865722e-12 6.369488e-11 clkbuf_leaf_70_w_clk
 3.020936e-11 2.648061e-11 6.865722e-12 6.355569e-11 clkbuf_leaf_22_w_clk
 3.114769e-11 2.547222e-11 6.865722e-12 6.348563e-11 clkbuf_leaf_102_v_clk
 3.027085e-11 2.632007e-11 6.865722e-12 6.345664e-11 clkbuf_leaf_55_w_clk
 3.026082e-11 2.626901e-11 6.865722e-12 6.339555e-11 clkbuf_leaf_12_w_clk
 3.024472e-11 2.593417e-11 6.865722e-12 6.304461e-11 clkbuf_leaf_66_w_clk
 3.024943e-11 2.587951e-11 6.865722e-12 6.299466e-11 clkbuf_leaf_15_w_clk
 3.018115e-11 2.591272e-11 6.865722e-12 6.295959e-11 clkbuf_leaf_72_w_clk
 3.115662e-11 2.492602e-11 6.865722e-12 6.294836e-11 clkbuf_leaf_23_v_clk
 3.116042e-11 2.487463e-11 6.865722e-12 6.290077e-11 clkbuf_leaf_77_v_clk
 3.113243e-11 2.487860e-11 6.865722e-12 6.287676e-11 clkbuf_leaf_104_v_clk
 3.022819e-11 2.543251e-11 6.865722e-12 6.252642e-11 clkbuf_leaf_63_w_clk
 3.113864e-11 2.446287e-11 6.865722e-12 6.246723e-11 clkbuf_leaf_14_v_clk
 3.023291e-11 2.524578e-11 6.865722e-12 6.234441e-11 clkbuf_leaf_19_w_clk
 3.022129e-11 2.511327e-11 6.865722e-12 6.220029e-11 clkbuf_leaf_62_w_clk
 3.111618e-11 2.420533e-11 6.865722e-12 6.218723e-11 clkbuf_leaf_17_v_clk
 3.113275e-11 2.417461e-11 6.865722e-12 6.217308e-11 clkbuf_leaf_98_v_clk
 3.022496e-11 2.496326e-11 6.865722e-12 6.205395e-11 clkbuf_leaf_20_w_clk
 3.023241e-11 2.492812e-11 6.865722e-12 6.202625e-11 clkbuf_leaf_56_w_clk
 3.021598e-11 2.489348e-11 6.865722e-12 6.197518e-11 clkbuf_leaf_69_w_clk
 3.021461e-11 2.483904e-11 6.865722e-12 6.191937e-11 clkbuf_leaf_52_w_clk
 3.108653e-11 2.385006e-11 6.865722e-12 6.180231e-11 clkbuf_leaf_18_v_clk
 3.021406e-11 2.425475e-11 6.865722e-12 6.133453e-11 clkbuf_leaf_57_w_clk
 3.019697e-11 2.414499e-11 6.865722e-12 6.120768e-11 clkbuf_leaf_68_w_clk
 3.105416e-11 2.321483e-11 6.865722e-12 6.113471e-11 clkbuf_leaf_89_v_clk
 3.106429e-11 2.287270e-11 6.865722e-12 6.080271e-11 clkbuf_leaf_78_v_clk
 3.009171e-11 2.341831e-11 6.865722e-12 6.037575e-11 clkbuf_leaf_77_w_clk
 3.008876e-11 2.335830e-11 6.865722e-12 6.031279e-11 clkbuf_leaf_9_w_clk
 3.014371e-11 2.311495e-11 6.865722e-12 6.012439e-11 clkbuf_leaf_61_w_clk
 3.007117e-11 2.296803e-11 6.865722e-12 5.990493e-11 clkbuf_leaf_30_w_clk
 3.011985e-11 2.284561e-11 6.865722e-12 5.983118e-11 clkbuf_leaf_60_w_clk
 3.008578e-11 2.243926e-11 6.865722e-12 5.939076e-11 clkbuf_leaf_58_w_clk
 3.000817e-11 2.242385e-11 6.865722e-12 5.929774e-11 clkbuf_leaf_76_w_clk
 3.001226e-11 2.230285e-11 6.865722e-12 5.918083e-11 clkbuf_leaf_32_w_clk
 3.082121e-11 2.069361e-11 6.865722e-12 5.838054e-11 clkbuf_leaf_8_v_clk
 2.989961e-11 2.112909e-11 6.865722e-12 5.789443e-11 clkbuf_leaf_71_w_clk
 3.077989e-11 1.992281e-11 6.865722e-12 5.756842e-11 clkbuf_leaf_34_v_clk
 2.991396e-11 2.061756e-11 6.865722e-12 5.739724e-11 clkbuf_leaf_67_w_clk
 3.074006e-11 1.968326e-11 6.865722e-12 5.728904e-11 clkbuf_leaf_69_v_clk
 2.989390e-11 2.032781e-11 6.865722e-12 5.708744e-11 clkbuf_leaf_10_w_clk
 2.985968e-11 1.993278e-11 6.865722e-12 5.665818e-11 clkbuf_leaf_17_w_clk
 2.970480e-11 1.883570e-11 6.865722e-12 5.540623e-11 clkbuf_leaf_75_w_clk
 2.973336e-11 1.841801e-11 6.865722e-12 5.501709e-11 clkbuf_leaf_47_w_clk
 2.970937e-11 1.812662e-11 6.865722e-12 5.470171e-11 clkbuf_leaf_59_w_clk
 2.963783e-11 1.730979e-11 6.865722e-12 5.381335e-11 clkbuf_leaf_54_w_clk
 6.704442e-12 3.648466e-11 7.514090e-12 5.070320e-11 fanout174
 2.013196e-12 4.130217e-11 6.341711e-12 4.965708e-11 _10699_
 3.350096e-12 3.983656e-11 4.876292e-12 4.806295e-11 fanout259
 4.871915e-12 3.045509e-11 4.325239e-12 3.965224e-11 fanout509
 4.872358e-12 3.036272e-11 4.325239e-12 3.956032e-11 fanout496
 4.883239e-12 2.797520e-11 4.325239e-12 3.718367e-11 fanout536
 2.923017e-11 0.000000e+00 6.865722e-12 3.609589e-11 clkload140
 2.922474e-11 0.000000e+00 6.865722e-12 3.609046e-11 clkload135
 2.922245e-11 0.000000e+00 6.865722e-12 3.608818e-11 clkload159
 2.922201e-11 0.000000e+00 6.865722e-12 3.608773e-11 clkload136
 2.921699e-11 0.000000e+00 6.865722e-12 3.608271e-11 clkload138
 2.921038e-11 0.000000e+00 6.865722e-12 3.607611e-11 clkload145
 2.920976e-11 0.000000e+00 6.865722e-12 3.607548e-11 clkload150
 2.920699e-11 0.000000e+00 6.865722e-12 3.607271e-11 clkload131
 2.920569e-11 0.000000e+00 6.865722e-12 3.607141e-11 clkload130
 2.920277e-11 0.000000e+00 6.865722e-12 3.606849e-11 clkload143
 2.918885e-11 0.000000e+00 6.865722e-12 3.605458e-11 clkload178
 2.918743e-11 0.000000e+00 6.865722e-12 3.605315e-11 clkload171
 2.918397e-11 0.000000e+00 6.865722e-12 3.604970e-11 clkload106
 4.583469e-12 2.581899e-11 4.876289e-12 3.527875e-11 fanout327
 2.821602e-11 0.000000e+00 6.865722e-12 3.508174e-11 clkload71
 2.820401e-11 0.000000e+00 6.865722e-12 3.506972e-11 clkload44
 2.819082e-11 0.000000e+00 6.865722e-12 3.505654e-11 clkload42
 2.815589e-11 0.000000e+00 6.865722e-12 3.502161e-11 clkload87
 2.802748e-11 0.000000e+00 6.865722e-12 3.489321e-11 clkload19
 2.801836e-11 0.000000e+00 6.865722e-12 3.488408e-11 clkload21
 4.889375e-12 2.515820e-11 4.325239e-12 3.437281e-11 fanout532
 4.585974e-12 2.438803e-11 4.876289e-12 3.385029e-11 fanout316
 4.880393e-12 2.422284e-11 4.325239e-12 3.342847e-11 fanout495
 4.894576e-12 2.395083e-11 4.325239e-12 3.317064e-11 fanout520
 4.595607e-12 2.292911e-11 4.876289e-12 3.240101e-11 fanout307
 4.629825e-12 2.210990e-11 4.876289e-12 3.161602e-11 fanout317
 5.135992e-12 1.599094e-11 1.047885e-11 3.160578e-11 fanout753
 4.924749e-12 2.220336e-11 4.325239e-12 3.145335e-11 fanout519
 4.599620e-12 2.165076e-11 4.876289e-12 3.112667e-11 fanout334
 4.613922e-12 2.162301e-11 4.876289e-12 3.111322e-11 fanout326
 4.644596e-12 2.115954e-11 4.876289e-12 3.068042e-11 fanout311
 4.602170e-12 2.119738e-11 4.876289e-12 3.067584e-11 fanout330
 4.626047e-12 2.110307e-11 4.876289e-12 3.060541e-11 fanout313
 4.892338e-12 2.131499e-11 4.325239e-12 3.053256e-11 fanout492
 4.604022e-12 2.087000e-11 4.876289e-12 3.035031e-11 fanout312
 4.926869e-12 2.056133e-11 4.325239e-12 2.981344e-11 fanout529
 4.609227e-12 1.962189e-11 4.876289e-12 2.910740e-11 fanout308
 4.916510e-12 1.984477e-11 4.325239e-12 2.908652e-11 fanout489
 4.916283e-12 1.975308e-11 4.325239e-12 2.899460e-11 fanout521
 4.936493e-12 1.964331e-11 4.325239e-12 2.890505e-11 fanout494
 4.939566e-12 1.897156e-11 4.325239e-12 2.823636e-11 fanout493
 4.949789e-12 1.867185e-11 4.325239e-12 2.794688e-11 fanout514
 4.644662e-12 1.838404e-11 4.876289e-12 2.790499e-11 fanout305
 4.940468e-12 1.836533e-11 4.325239e-12 2.763104e-11 fanout501
 4.655389e-12 1.787314e-11 4.876289e-12 2.740481e-11 fanout332
 4.616306e-12 1.789120e-11 4.876289e-12 2.738380e-11 fanout323
 4.961319e-12 1.802789e-11 4.325239e-12 2.731445e-11 fanout491
 4.904944e-12 1.806560e-11 4.325239e-12 2.729578e-11 fanout487
 4.932555e-12 1.800777e-11 4.325239e-12 2.726557e-11 fanout525
 4.662943e-12 1.764790e-11 4.876289e-12 2.718713e-11 fanout343
 4.615771e-12 1.769211e-11 4.876289e-12 2.718417e-11 fanout336
 2.589058e-12 1.662833e-11 7.514079e-12 2.673146e-11 fanout249
 4.630262e-12 1.673245e-11 4.876289e-12 2.623900e-11 fanout339
 4.927309e-12 1.664754e-11 4.325239e-12 2.590009e-11 fanout510
 3.448291e-12 1.655999e-11 4.876292e-12 2.488458e-11 fanout260
 2.535941e-12 1.372918e-11 7.514084e-12 2.377921e-11 fanout150
 3.432014e-12 1.546207e-11 4.876292e-12 2.377037e-11 fanout256
 2.514183e-12 1.290421e-11 7.514089e-12 2.293248e-11 fanout480
 3.491160e-12 1.427843e-11 4.876292e-12 2.264589e-11 fanout255
 2.529613e-12 1.275155e-11 6.865717e-12 2.214688e-11 fanout463
 3.477690e-12 1.367680e-11 4.876292e-12 2.203079e-11 fanout257
 1.718063e-11 0.000000e+00 4.330269e-12 2.151090e-11 clkload6
 2.527355e-12 1.200031e-11 6.865717e-12 2.139338e-11 fanout251
 2.561115e-12 1.111881e-11 7.514087e-12 2.119401e-11 fanout292
 3.461688e-12 1.275032e-11 4.876292e-12 2.108830e-11 fanout261
 2.524795e-12 1.052127e-11 7.514091e-12 2.056016e-11 fanout539
 2.769656e-12 1.403666e-11 3.659369e-12 2.046568e-11 fanout513
 2.048717e-12 1.061669e-11 7.514044e-12 2.017946e-11 hold34
 2.535125e-12 1.012437e-11 7.514091e-12 2.017359e-11 fanout477
 2.625953e-12 1.064920e-11 6.865714e-12 2.014087e-11 fanout760
 2.532755e-12 1.065023e-11 6.865716e-12 2.004870e-11 fanout470
 1.509072e-11 0.000000e+00 4.876281e-12 1.996700e-11 clkload121
 1.508522e-11 0.000000e+00 4.876281e-12 1.996150e-11 clkload161
 1.508203e-11 0.000000e+00 4.876281e-12 1.995832e-11 clkload153
 1.508090e-11 0.000000e+00 4.876281e-12 1.995719e-11 clkload126
 1.507955e-11 0.000000e+00 4.876281e-12 1.995583e-11 clkload134
 1.507713e-11 0.000000e+00 4.876281e-12 1.995341e-11 clkload170
 1.507711e-11 0.000000e+00 4.876281e-12 1.995339e-11 clkload139
 1.507390e-11 0.000000e+00 4.876281e-12 1.995018e-11 clkload148
 1.507300e-11 0.000000e+00 4.876281e-12 1.994929e-11 clkload151
 1.506120e-11 0.000000e+00 4.876281e-12 1.993748e-11 clkload103
 1.494431e-11 0.000000e+00 4.876281e-12 1.982060e-11 clkload96
 1.493329e-11 0.000000e+00 4.876281e-12 1.980957e-11 clkload91
 2.593440e-12 1.241411e-11 4.647980e-12 1.965553e-11 fanout320
 1.400166e-12 1.135545e-11 6.865703e-12 1.962132e-11 fanout183
 1.456059e-11 0.000000e+00 4.876282e-12 1.943687e-11 clkload70
 1.445952e-11 0.000000e+00 4.876282e-12 1.933580e-11 clkload17
 2.766938e-12 1.243036e-11 3.659369e-12 1.885666e-11 fanout526
 2.762530e-12 1.233177e-11 3.659369e-12 1.875367e-11 fanout535
 1.981816e-12 9.158482e-12 7.514044e-12 1.865434e-11 fanout726
 1.399970e-12 1.028264e-11 6.865709e-12 1.854832e-11 fanout220
 2.607194e-12 1.081569e-11 4.647980e-12 1.807086e-11 fanout314
 2.618045e-12 1.076751e-11 4.647980e-12 1.803353e-11 fanout329
 2.599179e-12 1.061597e-11 4.647980e-12 1.786313e-11 fanout340
 1.997360e-12 8.878728e-12 6.865753e-12 1.774184e-11 fanout550
 2.580016e-12 8.276779e-12 6.865705e-12 1.772250e-11 fanout746
 1.432555e-12 8.726426e-12 7.514079e-12 1.767306e-11 fanout288
 2.768404e-12 1.078455e-11 3.659369e-12 1.721233e-11 fanout524
 2.771518e-12 1.067130e-11 3.659369e-12 1.710219e-11 fanout512
 2.586461e-12 7.569185e-12 6.865705e-12 1.702135e-11 fanout745
 2.595130e-12 9.628727e-12 4.647980e-12 1.687184e-11 fanout325
 1.407541e-12 8.594573e-12 6.865703e-12 1.686782e-11 fanout181
 2.594197e-12 9.617455e-12 4.647980e-12 1.685963e-11 fanout337
 2.772156e-12 1.030223e-11 3.659369e-12 1.673375e-11 fanout531
 1.454072e-12 7.602479e-12 7.514087e-12 1.657064e-11 fanout224
 1.453940e-12 8.195344e-12 6.865721e-12 1.651500e-11 fanout465
 1.948715e-12 9.811422e-12 4.647985e-12 1.640812e-11 fanout254
 1.411346e-12 7.942483e-12 6.865705e-12 1.621953e-11 fanout240
 1.393683e-12 7.106280e-12 7.514096e-12 1.601406e-11 fanout397
 1.156884e-11 0.000000e+00 4.330179e-12 1.589902e-11 clkload94
 1.733066e-12 9.250910e-12 4.876296e-12 1.586027e-11 fanout168
 2.598312e-12 8.398189e-12 4.647980e-12 1.564448e-11 fanout342
 1.115703e-11 0.000000e+00 4.330173e-12 1.548721e-11 clkload27
 1.114764e-11 0.000000e+00 4.330173e-12 1.547781e-11 clkload25
 1.979629e-12 5.976350e-12 7.514044e-12 1.547002e-11 fanout723
 1.720615e-12 8.757139e-12 4.876296e-12 1.535405e-11 fanout171
 1.439393e-12 6.361887e-12 7.514091e-12 1.531537e-11 fanout442
 1.410833e-12 6.335300e-12 7.514087e-12 1.526022e-11 fanout263
 1.420699e-12 6.267841e-12 7.514084e-12 1.520262e-11 fanout468
 1.338334e-12 9.403808e-12 4.325216e-12 1.506736e-11 fanout548
 1.278554e-12 8.808908e-12 4.876294e-12 1.496376e-11 fanout751
 1.424208e-12 6.008873e-12 7.514091e-12 1.494717e-11 fanout441
 1.413899e-12 5.964066e-12 7.514092e-12 1.489206e-11 fanout277
 1.404933e-12 5.933146e-12 7.514092e-12 1.485217e-11 fanout242
 1.724842e-12 8.158860e-12 4.876296e-12 1.476000e-11 fanout214
 1.411470e-12 5.744469e-12 7.514094e-12 1.467003e-11 fanout290
 1.302942e-12 8.359179e-12 4.876286e-12 1.453841e-11 fanout743
 1.404795e-12 5.145729e-12 7.514092e-12 1.406462e-11 fanout462
 8.404142e-13 5.704590e-12 7.514035e-12 1.405904e-11 fanout142
 1.399217e-12 5.750245e-12 6.865709e-12 1.401517e-11 fanout225
 1.408502e-12 4.916107e-12 7.514087e-12 1.383870e-11 fanout264
 1.420953e-12 5.380303e-12 6.865716e-12 1.366697e-11 fanout764
 1.291695e-12 7.405110e-12 4.876292e-12 1.357310e-11 fanout296
 4.729660e-13 6.712521e-12 6.341417e-12 1.352690e-11 _10363_
 1.302020e-12 7.604749e-12 4.325217e-12 1.323199e-11 fanout250
 1.288836e-12 6.865497e-12 4.876286e-12 1.303062e-11 fanout738
 8.332214e-12 0.000000e+00 4.647966e-12 1.298018e-11 clkload18
 1.289169e-12 6.784635e-12 4.876286e-12 1.295009e-11 fanout742
 1.289429e-12 6.723417e-12 4.876286e-12 1.288913e-11 fanout739
 1.289852e-12 6.612565e-12 4.876286e-12 1.277870e-11 fanout734
 1.294312e-12 6.515097e-12 4.876293e-12 1.268570e-11 fanout755
 1.285586e-12 6.487439e-12 4.876286e-12 1.264931e-11 fanout732
 1.300285e-12 6.359302e-12 4.876286e-12 1.253587e-11 fanout733
 8.432597e-13 4.644681e-12 6.865738e-12 1.235368e-11 fanout229
 7.142003e-13 6.569430e-12 4.876292e-12 1.215992e-11 fanout275
 8.456638e-13 3.638707e-12 7.514048e-12 1.199842e-11 fanout445
 1.292971e-12 5.818464e-12 4.876286e-12 1.198772e-11 fanout740
 1.298006e-12 5.632478e-12 4.876292e-12 1.180678e-11 fanout295
 1.318444e-12 5.339981e-12 4.876293e-12 1.153472e-11 hold5
 1.008823e-12 5.566118e-12 4.876254e-12 1.145119e-11 fanout549
 1.291049e-12 5.735516e-12 4.325216e-12 1.135178e-11 fanout543
 8.418751e-13 3.634082e-12 6.865758e-12 1.134171e-11 fanout551
 1.321594e-12 4.937508e-12 4.876294e-12 1.113540e-11 fanout747
 1.937378e-12 1.516071e-12 7.514044e-12 1.096749e-11 fanout728
 8.896306e-12 0.000000e+00 1.895033e-12 1.079134e-11 clkload11
 8.882192e-12 0.000000e+00 1.895033e-12 1.077722e-11 clkload4
 1.344770e-12 4.370054e-12 4.876286e-12 1.059111e-11 fanout744
 1.301548e-12 4.187688e-12 4.876286e-12 1.036552e-11 fanout736
 7.255454e-13 4.736469e-12 4.876296e-12 1.033831e-11 fanout141
 7.126877e-13 4.525446e-12 4.876296e-12 1.011443e-11 fanout140
 7.134908e-13 4.387110e-12 4.876299e-12 9.976900e-12 fanout432
 7.304771e-13 4.306351e-12 4.876296e-12 9.913124e-12 fanout287
 7.164730e-13 4.094993e-12 4.876296e-12 9.687762e-12 fanout281
 1.013489e-12 4.219038e-12 4.325248e-12 9.557775e-12 fanout721
 7.153965e-13 3.935110e-12 4.876299e-12 9.526805e-12 fanout416
 7.104857e-13 4.387899e-12 4.325205e-12 9.423590e-12 fanout166
 7.175129e-13 3.683803e-12 4.876296e-12 9.277612e-12 fanout285
 7.163937e-13 3.680321e-12 4.876299e-12 9.273013e-12 fanout423
 7.397107e-13 4.074192e-12 4.325203e-12 9.139106e-12 fanout348
 2.865224e-13 1.321356e-12 7.514097e-12 9.121975e-12 fanout152
 7.170633e-13 3.522229e-12 4.876299e-12 9.115590e-12 fanout407
 7.184635e-13 3.515787e-12 4.876299e-12 9.110549e-12 fanout425
 2.836801e-13 1.301096e-12 7.514097e-12 9.098873e-12 fanout182
 5.712049e-13 3.612437e-12 4.876299e-12 9.059940e-12 fanout110
 2.847372e-13 1.256996e-12 7.514097e-12 9.055831e-12 fanout217
 7.189069e-13 3.395123e-12 4.876299e-12 8.990329e-12 fanout431
 7.392360e-13 3.363899e-12 4.876282e-12 8.979417e-12 fanout466
 5.716183e-13 3.504927e-12 4.876299e-12 8.952844e-12 fanout176
 7.191731e-13 3.318086e-12 4.876279e-12 8.913538e-12 fanout459
 2.816074e-13 1.739607e-12 6.865699e-12 8.886914e-12 fanout138
 4.225803e-13 4.127971e-12 4.325256e-12 8.875807e-12 fanout119
 7.152189e-13 3.264209e-12 4.876292e-12 8.855720e-12 fanout271
 2.883971e-13 1.043290e-12 7.514097e-12 8.845784e-12 fanout233
 7.230432e-13 3.193935e-12 4.876299e-12 8.793277e-12 fanout417
 2.890294e-13 1.545969e-12 6.865699e-12 8.700698e-12 fanout158
 7.231758e-13 3.622472e-12 4.325208e-12 8.670856e-12 fanout440
 7.203080e-13 3.047453e-12 4.876299e-12 8.644059e-12 fanout428
 7.260081e-13 2.970405e-12 4.876299e-12 8.572712e-12 fanout410
 7.164643e-13 2.926917e-12 4.876292e-12 8.519673e-12 fanout272
 2.815936e-13 1.360578e-12 6.865699e-12 8.507871e-12 fanout139
 2.816996e-13 1.347895e-12 6.865699e-12 8.495294e-12 fanout235
 7.208261e-13 2.890687e-12 4.876299e-12 8.487812e-12 fanout403
 7.265308e-13 3.430204e-12 4.325203e-12 8.481937e-12 fanout359
 5.736817e-13 3.013602e-12 4.876299e-12 8.463582e-12 fanout175
 7.254537e-13 2.838174e-12 4.876296e-12 8.439924e-12 fanout283
 7.206909e-13 3.319461e-12 4.325203e-12 8.365355e-12 fanout396
 7.214451e-13 2.766217e-12 4.876299e-12 8.363961e-12 fanout426
 7.199808e-13 3.297774e-12 4.325203e-12 8.342958e-12 fanout384
 7.212164e-13 3.295191e-12 4.325203e-12 8.341610e-12 fanout347
 7.270401e-13 3.238824e-12 4.325203e-12 8.291067e-12 fanout378
 7.275973e-13 3.180063e-12 4.325203e-12 8.232864e-12 fanout367
 7.260969e-13 3.143401e-12 4.325203e-12 8.194702e-12 fanout395
 7.196989e-13 3.143921e-12 4.325203e-12 8.188824e-12 fanout388
 7.214045e-13 3.139624e-12 4.325203e-12 8.186232e-12 fanout390
 7.232895e-13 3.102805e-12 4.325203e-12 8.151298e-12 fanout374
 7.217174e-13 3.069765e-12 4.325203e-12 8.116685e-12 fanout391
 9.237398e-13 3.528428e-12 3.659385e-12 8.111553e-12 fanout298
 6.201479e-12 0.000000e+00 1.894955e-12 8.096434e-12 clkload141
 7.201628e-13 3.036077e-12 4.325203e-12 8.081444e-12 fanout386
 7.203407e-13 3.010600e-12 4.325203e-12 8.056144e-12 fanout360
 7.265182e-13 3.001926e-12 4.325203e-12 8.053648e-12 fanout382
 6.141546e-12 0.000000e+00 1.894955e-12 8.036501e-12 clkload144
 6.119061e-12 0.000000e+00 1.894955e-12 8.014017e-12 clkload129
 6.107227e-12 0.000000e+00 1.894955e-12 8.002182e-12 clkload149
 6.102804e-12 0.000000e+00 1.894955e-12 7.997760e-12 clkload116
 6.093288e-12 0.000000e+00 1.894955e-12 7.988244e-12 clkload100
 6.091622e-12 0.000000e+00 1.894955e-12 7.986578e-12 clkload142
 6.087381e-12 0.000000e+00 1.894955e-12 7.982336e-12 clkload182
 6.086292e-12 0.000000e+00 1.894955e-12 7.981248e-12 clkload102
 6.070550e-12 0.000000e+00 1.894955e-12 7.965506e-12 clkload173
 6.068985e-12 0.000000e+00 1.894955e-12 7.963940e-12 clkload169
 7.295134e-13 2.899215e-12 4.325203e-12 7.953931e-12 fanout353
 7.292349e-13 2.841608e-12 4.325203e-12 7.896047e-12 fanout368
 5.995032e-12 0.000000e+00 1.894950e-12 7.889982e-12 clkload36
 7.286909e-13 2.835044e-12 4.325203e-12 7.888939e-12 fanout394
 7.232663e-13 2.817395e-12 4.325203e-12 7.865864e-12 fanout346
 5.968703e-12 0.000000e+00 1.894950e-12 7.863652e-12 clkload41
 5.962567e-12 0.000000e+00 1.894950e-12 7.857517e-12 clkload65
 7.282377e-13 2.765853e-12 4.325203e-12 7.819295e-12 fanout361
 7.229889e-13 2.755044e-12 4.325203e-12 7.803237e-12 fanout356
 5.903493e-12 0.000000e+00 1.894950e-12 7.798442e-12 clkload31
 4.290035e-13 2.488556e-12 4.876259e-12 7.793819e-12 fanout450
 5.894665e-12 0.000000e+00 1.894950e-12 7.789614e-12 clkload59
 5.886239e-12 0.000000e+00 1.894950e-12 7.781189e-12 clkload50
 5.881828e-12 0.000000e+00 1.894950e-12 7.776777e-12 clkload46
 5.765949e-13 2.311088e-12 4.876299e-12 7.763981e-12 fanout104
 7.231977e-13 2.704410e-12 4.325203e-12 7.752811e-12 fanout355
 5.853478e-12 0.000000e+00 1.894950e-12 7.748428e-12 clkload52
 4.295684e-13 2.434637e-12 4.876259e-12 7.740465e-12 fanout456
 4.400439e-13 2.973179e-12 4.325243e-12 7.738466e-12 fanout448
 5.841994e-12 0.000000e+00 1.894950e-12 7.736943e-12 clkload81
 7.297609e-13 2.680264e-12 4.325203e-12 7.735227e-12 fanout377
 7.276202e-13 2.679692e-12 4.325203e-12 7.732516e-12 fanout358
 5.833640e-12 0.000000e+00 1.894950e-12 7.728590e-12 clkload76
 5.833225e-12 0.000000e+00 1.894950e-12 7.728175e-12 clkload85
 4.254440e-13 2.954402e-12 4.325256e-12 7.705102e-12 fanout118
 4.308675e-13 2.338214e-12 4.876259e-12 7.645340e-12 fanout449
 7.283426e-13 2.580288e-12 4.325203e-12 7.633834e-12 fanout381
 5.783080e-13 2.174771e-12 4.876299e-12 7.629378e-12 fanout208
 4.298359e-13 2.296211e-12 4.876259e-12 7.602306e-12 fanout452
 7.285098e-13 3.185659e-12 3.659328e-12 7.573497e-12 fanout545
 7.287212e-13 2.508853e-12 4.325203e-12 7.562778e-12 fanout370
 4.276701e-13 2.803168e-12 4.325252e-12 7.556089e-12 fanout718
 4.323504e-13 2.232341e-12 4.876259e-12 7.540951e-12 fanout451
 4.043433e-13 2.313046e-12 4.647992e-12 7.365382e-12 fanout280
 4.283329e-13 2.480659e-12 4.325243e-12 7.234235e-12 fanout446
 4.082957e-13 2.119191e-12 4.647995e-12 7.175482e-12 fanout160
 4.067297e-13 2.086821e-12 4.647997e-12 7.141548e-12 fanout418
 5.665348e-13 2.880231e-12 3.659385e-12 7.106150e-12 fanout727
 4.052314e-13 1.997447e-12 4.647992e-12 7.050671e-12 fanout282
 4.065715e-13 1.897824e-12 4.647997e-12 6.952393e-12 fanout411
 4.343038e-13 1.609459e-12 4.876259e-12 6.920022e-12 fanout455
 4.306897e-13 2.133587e-12 4.325256e-12 6.889532e-12 fanout120
 4.315985e-13 2.078994e-12 4.325256e-12 6.835849e-12 fanout123
 4.088006e-13 1.662549e-12 4.647997e-12 6.719346e-12 fanout430
 5.861610e-13 2.455177e-12 3.659398e-12 6.700736e-12 fanout301
 4.307840e-13 1.845909e-12 4.325256e-12 6.601949e-12 fanout117
 3.241783e-13 1.609626e-12 4.647997e-12 6.581802e-12 fanout206
 5.859280e-13 2.322997e-12 3.659398e-12 6.568323e-12 fanout302
 4.071272e-13 1.507620e-12 4.647985e-12 6.562732e-12 fanout268
 4.866605e-13 2.316791e-12 3.659352e-12 6.462804e-12 fanout103
 4.894923e-13 2.288046e-12 3.659352e-12 6.436891e-12 fanout98
 3.261041e-13 1.253449e-12 4.647997e-12 6.227551e-12 fanout105
 4.904484e-13 2.068018e-12 3.659352e-12 6.217819e-12 fanout97
 4.045943e-13 2.099286e-12 3.659306e-12 6.163187e-12 fanout375
 4.940157e-13 1.928775e-12 3.659352e-12 6.082143e-12 fanout92
 4.899191e-13 1.870276e-12 3.659352e-12 6.019547e-12 fanout99
 4.897017e-13 1.731675e-12 3.659352e-12 5.880729e-12 fanout101
 4.871756e-13 1.725268e-12 3.659352e-12 5.871795e-12 fanout95
 4.094852e-13 1.797539e-12 3.659306e-12 5.866330e-12 fanout362
 1.428134e-13 8.372148e-13 4.876300e-12 5.856328e-12 fanout164
 4.871576e-13 1.691238e-12 3.659352e-12 5.837748e-12 fanout94
 4.074883e-13 1.736698e-12 3.659306e-12 5.803493e-12 fanout372
 4.056118e-13 1.712110e-12 3.659306e-12 5.777028e-12 fanout365
 4.059412e-13 1.682032e-12 3.659306e-12 5.747279e-12 fanout379
 1.494879e-13 7.162455e-13 4.876300e-12 5.742033e-12 fanout565
 1.489578e-13 7.011531e-13 4.876300e-12 5.726411e-12 fanout562
 4.056076e-13 1.612647e-12 3.659306e-12 5.677560e-12 fanout354
 4.063148e-13 1.594532e-12 3.659306e-12 5.660153e-12 fanout393
 4.895004e-13 1.489942e-12 3.659352e-12 5.638795e-12 fanout86
 1.452559e-13 6.035576e-13 4.876300e-12 5.625113e-12 fanout566
 1.451661e-13 5.771794e-13 4.876300e-12 5.598645e-12 fanout564
 1.459445e-13 5.525937e-13 4.876300e-12 5.574838e-12 fanout567
 1.494700e-13 4.915441e-13 4.876300e-12 5.517314e-12 fanout557
 1.470638e-13 4.804016e-13 4.876300e-12 5.503765e-12 fanout134
 1.483024e-13 4.219676e-13 4.876300e-12 5.446570e-12 fanout135
 2.448961e-13 1.425139e-12 3.659365e-12 5.329400e-12 fanout652
 2.427412e-13 1.385368e-12 3.659365e-12 5.287474e-12 fanout621
 4.595022e-12 0.000000e+00 6.403433e-13 5.235365e-12 clkload3
 2.425958e-13 1.311379e-12 3.659400e-12 5.213375e-12 fanout121
 2.432258e-13 1.274725e-12 3.659393e-12 5.177344e-12 fanout717
 2.428556e-13 1.263059e-12 3.659365e-12 5.165280e-12 fanout594
 2.428556e-13 1.235580e-12 3.659365e-12 5.137802e-12 fanout682
 2.438942e-13 1.223688e-12 3.659365e-12 5.126947e-12 fanout593
 2.429414e-13 1.223132e-12 3.659365e-12 5.125439e-12 fanout702
 2.429842e-13 1.207098e-12 3.659365e-12 5.109447e-12 fanout710
 2.432900e-13 1.204463e-12 3.659365e-12 5.107118e-12 fanout586
 8.124895e-14 3.614912e-13 4.648000e-12 5.090740e-12 fanout82
 2.431654e-13 1.178182e-12 3.659365e-12 5.080712e-12 fanout648
 8.468207e-14 3.409869e-13 4.648000e-12 5.073669e-12 fanout555
 8.248320e-14 3.424468e-13 4.648000e-12 5.072930e-12 fanout133
 2.471011e-13 1.158382e-12 3.659365e-12 5.064849e-12 fanout637
 8.170574e-14 3.333188e-13 4.648000e-12 5.063025e-12 fanout569
 8.215466e-14 3.196684e-13 4.648000e-12 5.049823e-12 fanout80
 8.196475e-14 3.158981e-13 4.648000e-12 5.045863e-12 fanout568
 2.432719e-13 1.139528e-12 3.659365e-12 5.042165e-12 fanout650
 2.429787e-13 1.138925e-12 3.659365e-12 5.041269e-12 fanout599
 2.445152e-13 1.126656e-12 3.659365e-12 5.030537e-12 fanout703
 1.473172e-13 5.505449e-13 4.325202e-12 5.023064e-12 fanout130
 8.231678e-14 2.799469e-13 4.648000e-12 5.010263e-12 fanout556
 2.454180e-13 1.104901e-12 3.659365e-12 5.009685e-12 fanout605
 8.298942e-14 2.709961e-13 4.648000e-12 5.001985e-12 fanout210
 2.439940e-13 1.095761e-12 3.659365e-12 4.999120e-12 fanout711
 2.456610e-13 1.094077e-12 3.659365e-12 4.999104e-12 fanout629
 2.474203e-13 1.083981e-12 3.659365e-12 4.990766e-12 fanout636
 2.446313e-13 1.082134e-12 3.659365e-12 4.986131e-12 fanout707
 2.466714e-13 1.078419e-12 3.659365e-12 4.984456e-12 fanout661
 2.497075e-13 1.074853e-12 3.659402e-12 4.983962e-12 fanout304
 2.474808e-13 1.069881e-12 3.659365e-12 4.976727e-12 fanout633
 2.446013e-13 1.072061e-12 3.659365e-12 4.976028e-12 fanout688
 2.432916e-13 1.067213e-12 3.659365e-12 4.969870e-12 fanout669
 2.434857e-13 1.062540e-12 3.659365e-12 4.965391e-12 fanout645
 2.435901e-13 1.060590e-12 3.659365e-12 4.963545e-12 fanout609
 2.463506e-13 1.057177e-12 3.659365e-12 4.962893e-12 fanout671
 2.463286e-13 1.052373e-12 3.659365e-12 4.958067e-12 fanout571
 1.448777e-13 4.854562e-13 4.325202e-12 4.955536e-12 fanout145
 2.446948e-13 1.051036e-12 3.659365e-12 4.955096e-12 fanout583
 2.465825e-13 1.046803e-12 3.659365e-12 4.952750e-12 fanout584
 2.449806e-13 1.035957e-12 3.659365e-12 4.940303e-12 fanout646
 2.437759e-13 1.034999e-12 3.659365e-12 4.938140e-12 fanout617
 2.456662e-13 1.030605e-12 3.659365e-12 4.935636e-12 fanout604
 2.470360e-13 1.017440e-12 3.659365e-12 4.923841e-12 fanout685
 2.465976e-13 1.017414e-12 3.659365e-12 4.923377e-12 fanout585
 2.460769e-13 1.011542e-12 3.659365e-12 4.916984e-12 fanout642
 2.475632e-13 1.009424e-12 3.659365e-12 4.916352e-12 fanout624
 2.500627e-13 1.002313e-12 3.659402e-12 4.911778e-12 fanout352
 2.433067e-13 1.002901e-12 3.659365e-12 4.905573e-12 fanout690
 2.433723e-13 1.001944e-12 3.659365e-12 4.904682e-12 fanout660
 2.458434e-13 9.933274e-13 3.659365e-12 4.898536e-12 fanout663
 2.463395e-13 9.900748e-13 3.659365e-12 4.895780e-12 fanout678
 2.437370e-13 9.915592e-13 3.659365e-12 4.894661e-12 fanout619
 2.433875e-13 9.897133e-13 3.659365e-12 4.892466e-12 fanout680
 2.451522e-13 9.874873e-13 3.659365e-12 4.892005e-12 fanout649
 2.441244e-13 9.856619e-13 3.659365e-12 4.889152e-12 fanout643
 2.444257e-13 9.840242e-13 3.659365e-12 4.887815e-12 fanout576
 2.459889e-13 9.809013e-13 3.659365e-12 4.886255e-12 fanout578
 2.438039e-13 9.822699e-13 3.659365e-12 4.885439e-12 fanout697
 2.459852e-13 9.793693e-13 3.659365e-12 4.884720e-12 fanout574
 2.475095e-13 9.763375e-13 3.659365e-12 4.883212e-12 fanout666
 0.000000e+00 0.000000e+00 4.876300e-12 4.876300e-12 fanout84
 5.859095e-20 2.180459e-19 4.876273e-12 4.876273e-12 fanout795
 5.873618e-20 2.184721e-19 4.876273e-12 4.876273e-12 fanout796
 5.793834e-20 1.919123e-19 4.876273e-12 4.876273e-12 fanout797
 5.769971e-20 2.892117e-19 4.876273e-12 4.876273e-12 fanout799
 5.764100e-20 3.064050e-19 4.876273e-12 4.876273e-12 fanout800
 5.805232e-20 2.528861e-19 4.876273e-12 4.876273e-12 fanout802
 5.750428e-20 2.699716e-19 4.876273e-12 4.876273e-12 fanout803
 5.818627e-20 2.605883e-19 4.876273e-12 4.876273e-12 fanout805
 5.826901e-20 2.433079e-19 4.876273e-12 4.876273e-12 fanout806
 5.830268e-20 2.363733e-19 4.876273e-12 4.876273e-12 fanout807
 5.825466e-20 2.074390e-19 4.876273e-12 4.876273e-12 fanout810
 5.815228e-20 2.292437e-19 4.876273e-12 4.876273e-12 fanout811
 5.797553e-20 2.900054e-19 4.876273e-12 4.876273e-12 fanout813
 5.756142e-20 2.512967e-19 4.876273e-12 4.876273e-12 fanout814
 5.798436e-20 2.281643e-19 4.876273e-12 4.876273e-12 fanout816
 5.843074e-20 2.185654e-19 4.876273e-12 4.876273e-12 fanout819
 5.763455e-20 2.391090e-19 4.876273e-12 4.876273e-12 fanout820
 5.827299e-20 2.506007e-19 4.876273e-12 4.876273e-12 fanout823
 5.812082e-20 2.369863e-19 4.876273e-12 4.876273e-12 fanout824
 5.832993e-20 2.077997e-19 4.876273e-12 4.876273e-12 fanout825
 5.739000e-20 2.612306e-19 4.876273e-12 4.876273e-12 fanout826
 5.807083e-20 2.159974e-19 4.876273e-12 4.876273e-12 fanout827
 5.830086e-20 1.880107e-19 4.876273e-12 4.876273e-12 fanout829
 5.747105e-20 2.406895e-19 4.876273e-12 4.876273e-12 fanout832
 5.805191e-20 2.168433e-19 4.876273e-12 4.876273e-12 fanout833
 5.744699e-20 3.817839e-19 4.876273e-12 4.876273e-12 fanout836
 2.448821e-13 9.665228e-13 3.659365e-12 4.870770e-12 fanout647
 2.437958e-13 9.654650e-13 3.659365e-12 4.868626e-12 fanout698
 2.433017e-13 9.643750e-13 3.659365e-12 4.867042e-12 fanout689
 2.437057e-13 9.618574e-13 3.659365e-12 4.864929e-12 fanout612
 2.498050e-13 9.536406e-13 3.659405e-12 4.862851e-12 fanout434
 2.461046e-13 9.560153e-13 3.659365e-12 4.861485e-12 fanout607
 2.464437e-13 9.494752e-13 3.659365e-12 4.855284e-12 fanout595
 2.432212e-13 9.465490e-13 3.659365e-12 4.849136e-12 fanout572
 2.462346e-13 9.385307e-13 3.659365e-12 4.844131e-12 fanout676
 2.434637e-13 9.354356e-13 3.659365e-12 4.838265e-12 fanout684
 2.453514e-13 9.201796e-13 3.659365e-12 4.824897e-12 fanout634
 2.444500e-13 9.208557e-13 3.659365e-12 4.824671e-12 fanout658
 2.445455e-13 9.104370e-13 3.659365e-12 4.814348e-12 fanout701
 2.445686e-13 9.094526e-13 3.659365e-12 4.813387e-12 fanout589
 2.434521e-13 9.079591e-13 3.659365e-12 4.810777e-12 fanout602
 2.433666e-13 9.061787e-13 3.659365e-12 4.808911e-12 fanout679
 2.446097e-13 8.945397e-13 3.659365e-12 4.798515e-12 fanout706
 2.466809e-13 8.883657e-13 3.659365e-12 4.794412e-12 fanout581
 2.434931e-13 8.858573e-13 3.659365e-12 4.788715e-12 fanout615
 4.690143e-12 0.000000e+00 9.555269e-14 4.785695e-12 clkload157
 2.433484e-13 8.825238e-13 3.659365e-12 4.785237e-12 fanout662
 2.450426e-13 8.673309e-13 3.659365e-12 4.771739e-12 fanout628
 2.462899e-13 8.598933e-13 3.659365e-12 4.765549e-12 fanout597
 2.460835e-13 8.582170e-13 3.659365e-12 4.763666e-12 fanout674
 4.665204e-12 0.000000e+00 9.555269e-14 4.760757e-12 clkload122
 2.453332e-13 8.284288e-13 3.659365e-12 4.733128e-12 fanout623
 2.462177e-13 8.245129e-13 3.659365e-12 4.730096e-12 fanout598
 4.588057e-12 0.000000e+00 9.555269e-14 4.683610e-12 clkload119
 2.445816e-13 7.778014e-13 3.659365e-12 4.681748e-12 fanout667
 2.438254e-13 7.741928e-13 3.659365e-12 4.677383e-12 fanout626
 2.438242e-13 7.715493e-13 3.659365e-12 4.674739e-12 fanout638
 4.577245e-12 0.000000e+00 9.555269e-14 4.672798e-12 clkload163
 4.575758e-12 0.000000e+00 9.555256e-14 4.671310e-12 clkload69
 4.566542e-12 0.000000e+00 9.555269e-14 4.662094e-12 clkload146
 4.555873e-12 0.000000e+00 9.555256e-14 4.651426e-12 clkload73
 3.272580e-20 1.493904e-19 4.647950e-12 4.647950e-12 fanout812
 3.261586e-20 1.390051e-19 4.647950e-12 4.647950e-12 fanout817
 3.272383e-20 1.653049e-19 4.647950e-12 4.647950e-12 fanout818
 3.252189e-20 1.626554e-19 4.647950e-12 4.647950e-12 fanout834
 4.543745e-12 0.000000e+00 9.555269e-14 4.639298e-12 clkload154
 4.543197e-12 0.000000e+00 9.555269e-14 4.638749e-12 clkload124
 4.530509e-12 0.000000e+00 9.555269e-14 4.626062e-12 clkload180
 4.526478e-12 0.000000e+00 9.555269e-14 4.622031e-12 clkload110
 4.522676e-12 0.000000e+00 9.555269e-14 4.618229e-12 clkload105
 4.513365e-12 0.000000e+00 9.555269e-14 4.608917e-12 clkload99
 4.513181e-12 0.000000e+00 9.555269e-14 4.608734e-12 clkload112
 4.512908e-12 0.000000e+00 9.555256e-14 4.608460e-12 clkload47
 4.497601e-12 0.000000e+00 9.555269e-14 4.593154e-12 clkload187
 4.493267e-12 0.000000e+00 9.555269e-14 4.588820e-12 clkload164
 4.491295e-12 0.000000e+00 9.555269e-14 4.586847e-12 clkload184
 4.478621e-12 0.000000e+00 9.555256e-14 4.574174e-12 clkload33
 4.448366e-12 0.000000e+00 9.555269e-14 4.543918e-12 clkload189
 2.439100e-13 6.397585e-13 3.659365e-12 4.543034e-12 fanout641
 7.978851e-14 7.895721e-13 3.659303e-12 4.528664e-12 wire70
 4.425749e-12 0.000000e+00 9.555256e-14 4.521301e-12 clkload38
 4.417426e-12 0.000000e+00 9.555256e-14 4.512979e-12 clkload66
 4.409383e-12 0.000000e+00 9.555256e-14 4.504936e-12 clkload67
 4.396285e-12 0.000000e+00 9.555256e-14 4.491837e-12 clkload43
 8.028550e-14 6.451520e-13 3.659303e-12 4.384741e-12 wire78
 8.082435e-14 6.188788e-13 3.659303e-12 4.359007e-12 wire68
 8.059327e-14 6.032831e-13 3.659303e-12 4.343179e-12 max_cap71
 8.045650e-14 5.871487e-13 3.659303e-12 4.326909e-12 wire75
 5.811876e-20 2.398041e-19 4.325227e-12 4.325228e-12 fanout768
 5.747073e-20 2.695505e-19 4.325227e-12 4.325228e-12 fanout769
 5.783634e-20 2.130688e-19 4.325227e-12 4.325228e-12 fanout773
 5.746536e-20 3.384101e-19 4.325227e-12 4.325228e-12 fanout775
 5.720357e-20 3.057984e-19 4.325227e-12 4.325228e-12 fanout776
 5.786109e-20 2.675224e-19 4.325227e-12 4.325228e-12 fanout777
 5.725415e-20 2.923262e-19 4.325227e-12 4.325228e-12 fanout779
 5.695513e-20 3.910958e-19 4.325227e-12 4.325228e-12 fanout780
 5.775873e-20 2.245061e-19 4.325227e-12 4.325228e-12 fanout787
 5.730468e-20 3.400449e-19 4.325227e-12 4.325228e-12 fanout788
 5.717229e-20 3.369092e-19 4.325227e-12 4.325228e-12 fanout793
 4.214363e-12 0.000000e+00 9.555256e-14 4.309915e-12 clkload90
 8.083354e-14 5.394606e-13 3.659303e-12 4.279598e-12 max_cap73
 4.110772e-12 0.000000e+00 9.555269e-14 4.206325e-12 clkload97
 4.104252e-12 0.000000e+00 9.555269e-14 4.199805e-12 clkload93
 4.035541e-12 0.000000e+00 9.555256e-14 4.131093e-12 clkload20
 8.139791e-14 3.712734e-13 3.659303e-12 4.111975e-12 max_cap69
 8.138275e-14 3.311230e-13 3.659303e-12 4.071809e-12 max_cap74
 8.144076e-14 2.781271e-13 3.659303e-12 4.018871e-12 fanout146
 8.126714e-14 2.246906e-13 3.659303e-12 3.965261e-12 fanout128
 3.161334e-12 0.000000e+00 6.402289e-13 3.801563e-12 clkload132
 3.159238e-12 0.000000e+00 6.402289e-13 3.799467e-12 clkload127
 3.157151e-12 0.000000e+00 6.402289e-13 3.797380e-12 clkload162
 3.156147e-12 0.000000e+00 6.402289e-13 3.796376e-12 clkload160
 3.156083e-12 0.000000e+00 6.402289e-13 3.796312e-12 clkload133
 3.155402e-12 0.000000e+00 6.402289e-13 3.795631e-12 clkload137
 3.151940e-12 0.000000e+00 6.402289e-13 3.792169e-12 clkload152
 3.142506e-12 0.000000e+00 6.402289e-13 3.782735e-12 clkload115
 3.141799e-12 0.000000e+00 6.402289e-13 3.782028e-12 clkload108
 3.141150e-12 0.000000e+00 6.402289e-13 3.781378e-12 clkload155
 3.140341e-12 0.000000e+00 6.402289e-13 3.780570e-12 clkload177
 3.136366e-12 0.000000e+00 6.402289e-13 3.776595e-12 clkload183
 3.136352e-12 0.000000e+00 6.402289e-13 3.776581e-12 clkload156
 3.132539e-12 0.000000e+00 6.402289e-13 3.772768e-12 clkload172
 3.106134e-12 0.000000e+00 6.402207e-13 3.746355e-12 clkload68
 3.063277e-12 0.000000e+00 6.402207e-13 3.703498e-12 clkload72
 3.061334e-12 0.000000e+00 6.402207e-13 3.701555e-12 clkload37
 3.049103e-12 0.000000e+00 6.402207e-13 3.689324e-12 clkload61
 3.043190e-12 0.000000e+00 6.402207e-13 3.683410e-12 clkload35
 3.040469e-12 0.000000e+00 6.402207e-13 3.680690e-12 clkload60
 3.040369e-12 0.000000e+00 6.402207e-13 3.680590e-12 clkload40
 3.034620e-12 0.000000e+00 6.402207e-13 3.674841e-12 clkload39
 3.031387e-12 0.000000e+00 6.402207e-13 3.671607e-12 clkload54
 3.022946e-12 0.000000e+00 6.402207e-13 3.663167e-12 clkload51
 3.020146e-12 0.000000e+00 6.402207e-13 3.660366e-12 clkload56
 3.233713e-20 1.838868e-19 3.659349e-12 3.659349e-12 fanout771
 3.259191e-20 1.114830e-19 3.659349e-12 3.659349e-12 fanout784
 3.250039e-20 1.459945e-19 3.659349e-12 3.659349e-12 fanout786
 3.018490e-12 0.000000e+00 6.402207e-13 3.658711e-12 clkload79
 3.015031e-12 0.000000e+00 6.402207e-13 3.655252e-12 clkload89
 1.478751e-13 4.841136e-13 1.181000e-12 1.812989e-12 fanout699
 2.475779e-13 3.806134e-13 1.181000e-12 1.809191e-12 max_cap197
 2.475865e-13 3.714848e-13 1.181000e-12 1.800071e-12 max_cap187
 2.476229e-13 3.384973e-13 1.181000e-12 1.767120e-12 max_cap185
 4.964452e-14 9.621757e-14 1.181000e-12 1.326862e-12 max_cap193
 4.965117e-14 8.235774e-14 1.181000e-12 1.313009e-12 max_cap199
 4.915998e-14 5.492948e-14 1.181000e-12 1.285089e-12 _21845_
 4.894251e-14 4.677077e-14 1.181000e-12 1.276713e-12 _21859_
 4.892258e-14 3.633950e-14 1.181000e-12 1.266262e-12 _21854_
 4.878830e-14 3.375708e-14 1.181000e-12 1.263545e-12 _21860_
 4.877875e-14 3.295166e-14 1.181000e-12 1.262730e-12 _21855_
 4.868464e-14 3.046778e-14 1.181000e-12 1.260152e-12 _21861_
 4.864904e-14 2.971049e-14 1.181000e-12 1.259359e-12 _21862_
 4.860555e-14 2.878650e-14 1.181000e-12 1.258392e-12 _21857_
 4.870322e-14 2.818720e-14 1.181000e-12 1.257890e-12 _21846_
 4.865336e-14 2.719842e-14 1.181000e-12 1.256852e-12 _21847_
 4.863188e-14 2.677281e-14 1.181000e-12 1.256405e-12 _21851_
 4.850523e-14 2.425987e-14 1.181000e-12 1.253765e-12 _21848_
 4.853125e-14 2.422943e-14 1.181000e-12 1.253761e-12 _21856_
 4.851103e-14 2.375633e-14 1.181000e-12 1.253267e-12 _21858_
 4.846967e-14 2.355452e-14 1.181000e-12 1.253024e-12 _21844_
 4.843634e-14 2.289363e-14 1.181000e-12 1.252330e-12 _21853_
 4.842749e-14 2.271793e-14 1.181000e-12 1.252145e-12 _21850_
 4.837678e-14 2.171192e-14 1.181000e-12 1.251089e-12 _21849_
 4.837163e-14 2.160977e-14 1.181000e-12 1.250981e-12 _21852_
 4.825561e-14 2.134113e-14 1.181000e-12 1.250597e-12 _21863_
 8.649822e-20 9.873079e-20 1.181000e-12 1.181000e-12 input5
 4.323982e-20 4.318003e-20 1.181000e-12 1.181000e-12 input1
 6.488515e-20 8.151920e-20 1.181000e-12 1.181000e-12 input2
 6.489377e-20 8.719472e-20 1.181000e-12 1.181000e-12 input3
 8.644455e-20 6.349595e-20 1.181000e-12 1.181000e-12 input4
 4.327205e-20 6.488663e-20 1.181000e-12 1.181000e-12 input6
 2.162703e-20 2.684433e-20 1.181000e-12 1.181000e-12 input7
