SDF: annotated /home/yousefzadeha/workspace/BCI_paper/sim/build_bmi_snn_topg_5m_sdf_w2000_indy_20170131_02/design.icarus.sdf onto u_dut
VCD info: dumpfile /home/yousefzadeha/workspace/BCI_paper/sim/build_bmi_snn_topg_5m_sdf_w2000_indy_20170131_02/bmi_snn_topg_5m_sdf_w2000_indy_20170131_02.vcd opened for output.
WAVEFORM: dumping to /home/yousefzadeha/workspace/BCI_paper/sim/build_bmi_snn_topg_5m_sdf_w2000_indy_20170131_02/bmi_snn_topg_5m_sdf_w2000_indy_20170131_02.vcd
WARNING: /home/yousefzadeha/workspace/BCI_paper/sim/tb_bmi_snn.v:140: $readmemh(/home/yousefzadeha/workspace/BCI_paper/sim/vecfull_indy_20170131_02/stream.hex): Not enough words in the file for the requested range [0:1399999].
WARNING: /home/yousefzadeha/workspace/BCI_paper/sim/tb_bmi_snn.v:141: $readmemh(/home/yousefzadeha/workspace/BCI_paper/sim/vecfull_indy_20170131_02/expect.hex): Too many words in the file for the requested range [0:3999].
TB: mode_dense=0 n_bins=2000 idle_gap=0 clk=200 ns
GLS_PROGRESS cycle=20000 max=2000000000
GLS_PROGRESS cycle=40000 max=2000000000
GLS_PROGRESS cycle=60000 max=2000000000
GLS_PROGRESS cycle=80000 max=2000000000
GLS_PROGRESS cycle=100000 max=2000000000
GLS_PROGRESS cycle=120000 max=2000000000
GLS_PROGRESS cycle=140000 max=2000000000
GLS_PROGRESS cycle=160000 max=2000000000
GLS_PROGRESS cycle=180000 max=2000000000
GLS_PROGRESS cycle=200000 max=2000000000
GLS_PROGRESS cycle=220000 max=2000000000
GLS_PROGRESS cycle=240000 max=2000000000
GLS_PROGRESS cycle=260000 max=2000000000
GLS_PROGRESS cycle=280000 max=2000000000
SUMMARY: bins=2000 events=7233 errors=0 cycles=292994 active_cycles=292982 avg_latency_cyc=83 max_latency_cyc=85
MEASURED: cycles_from_dump_start=292970 active_cycles_from_dump_start=292962
PASS: 2000 bins bit-exact
/home/yousefzadeha/workspace/BCI_paper/sim/tb_bmi_snn.v:207: $finish called at 58598700000 (1ps)

real	371m52.016s
user	128m43.954s
sys	0m48.182s
