     Internal    Switching      Leakage        Total
        Power        Power        Power        Power (Watts)
----------------------------------------------------
 8.672269e-06 2.861724e-06 1.232310e-11 1.153401e-05 clkbuf_0_clk
 8.427935e-06 1.320018e-06 1.232310e-11 9.747966e-06 clkbuf_1_1__f_clk
 8.395285e-06 1.006565e-06 1.232310e-11 9.401863e-06 clkbuf_1_0__f_clk
 1.354389e-06 4.011189e-09 9.133755e-12 1.358409e-06 u_icg
 2.710262e-07 0.000000e+00 1.567550e-12 2.710277e-07 clkload0
 1.573894e-09 7.619381e-09 8.986167e-12 9.202262e-09 u_icg_v
 1.531231e-09 6.746314e-09 8.986172e-12 8.286531e-09 u_icg_w
 7.478960e-10 4.545744e-09 1.047898e-11 5.304119e-09 fanout1237
 7.848815e-10 4.101753e-09 1.047898e-11 4.897114e-09 fanout506
 7.438533e-10 2.827500e-09 1.416697e-11 3.585521e-09 fanout1487
 3.920031e-10 2.777954e-09 1.416736e-11 3.184125e-09 fanout592
 3.895874e-10 2.407250e-09 7.513927e-12 2.804351e-09 fanout1739
 3.970263e-10 2.197659e-09 7.513875e-12 2.602199e-09 fanout1839
 2.968319e-10 1.922598e-09 1.047928e-11 2.229909e-09 max_cap686
 2.975553e-10 1.801308e-09 1.047902e-11 2.109342e-09 fanout990
 2.909484e-10 1.672980e-09 1.047887e-11 1.974407e-09 fanout374
 3.737665e-10 1.536794e-09 6.865764e-12 1.917427e-09 fanout1900
 2.017356e-10 1.538840e-09 1.047880e-11 1.751054e-09 fanout735
 2.624269e-10 1.436755e-09 6.865787e-12 1.706048e-09 clkbuf_2_2_0_w_clk
 2.590895e-10 1.412003e-09 6.865781e-12 1.677958e-09 clkbuf_2_0_0_v_clk
 4.730866e-10 1.109065e-09 1.047932e-11 1.592631e-09 clkbuf_4_10__f_v_clk
 2.039250e-10 1.321205e-09 1.416693e-11 1.539297e-09 fanout426
 1.991775e-10 1.319705e-09 4.325374e-12 1.523208e-09 fanout1362
 2.985383e-10 1.162387e-09 1.416700e-11 1.475092e-09 max_cap1085
 3.856800e-10 1.065830e-09 1.047925e-11 1.461990e-09 clkbuf_4_7__f_w_clk
 3.003544e-10 1.151018e-09 1.047913e-11 1.461852e-09 max_cap1472
 1.996332e-10 1.251683e-09 4.325215e-12 1.455642e-09 fanout1304
 1.999690e-10 1.249257e-09 4.876283e-12 1.454102e-09 fanout1048
 2.986832e-10 1.112324e-09 1.416693e-11 1.425174e-09 max_cap1239
 2.042942e-10 1.201916e-09 1.416712e-11 1.420377e-09 fanout1081
 3.834048e-10 1.019923e-09 1.047932e-11 1.413808e-09 clkbuf_4_5__f_v_clk
 1.884066e-10 1.203543e-09 4.876256e-12 1.396826e-09 fanout1179
 1.885059e-10 1.167276e-09 4.325215e-12 1.360107e-09 fanout1309
 2.007239e-10 1.119666e-09 1.047917e-11 1.330869e-09 fanout483
 1.886735e-10 1.119631e-09 4.325206e-12 1.312630e-09 fanout562
 2.032390e-10 1.019955e-09 1.047895e-11 1.233673e-09 max_cap477
 1.674851e-10 1.051889e-09 7.513915e-12 1.226888e-09 fanout1541
 2.044311e-10 1.007824e-09 1.416712e-11 1.226422e-09 max_cap1249
 2.023052e-10 1.004105e-09 1.047895e-11 1.216889e-09 fanout716
 2.076656e-10 9.862923e-10 1.047898e-11 1.204437e-09 max_cap1235
 1.446621e-10 1.037204e-09 6.865758e-12 1.188732e-09 max_cap710
 1.449841e-10 1.030595e-09 6.865725e-12 1.182444e-09 max_cap499
 1.920831e-10 9.747001e-10 4.325210e-12 1.171108e-09 fanout214
 1.887623e-10 9.612193e-10 4.325242e-12 1.154307e-09 fanout1114
 1.900726e-10 9.429586e-10 7.514049e-12 1.140545e-09 max_cap470
 1.229214e-10 1.005415e-09 7.513888e-12 1.135850e-09 hold855
 2.024501e-10 8.932003e-10 1.047935e-11 1.106130e-09 wire1476
 1.459947e-10 9.081649e-10 7.514024e-12 1.061674e-09 max_cap406
 1.543440e-10 8.589334e-10 4.325206e-12 1.017603e-09 fanout567
 1.455354e-10 8.562941e-10 6.865894e-12 1.008695e-09 fanout1394
 2.095570e-10 7.847085e-10 1.047895e-11 1.004744e-09 fanout1932
 9.976130e-11 8.906376e-10 6.865764e-12 9.972646e-10 max_cap449
 1.581932e-10 8.227755e-10 1.416705e-11 9.951358e-10 fanout985
 1.574693e-10 8.223874e-10 1.416634e-11 9.940231e-10 fanout1413
 1.453355e-10 8.387602e-10 6.865712e-12 9.909614e-10 max_cap447
 1.003253e-10 8.620903e-10 7.514030e-12 9.699297e-10 max_cap718
 1.008027e-10 8.551978e-10 6.865745e-12 9.628662e-10 max_cap768
 4.475254e-11 9.128976e-10 4.330512e-12 9.619807e-10 _20705_
 1.122250e-10 8.169552e-10 1.047880e-11 9.396590e-10 fanout726
 1.196537e-10 8.124018e-10 4.876118e-12 9.369315e-10 fanout1639
 1.197224e-10 7.922409e-10 4.876118e-12 9.168394e-10 fanout1634
 2.034161e-10 6.971026e-10 1.047932e-11 9.109980e-10 clkbuf_4_15__f_v_clk
 1.465923e-10 7.158100e-10 6.865705e-12 8.692680e-10 fanout1323
 1.008956e-10 7.523537e-10 7.514042e-12 8.607633e-10 max_cap723
 1.011415e-10 7.372385e-10 7.514015e-12 8.458940e-10 max_cap490
 9.970964e-11 7.354608e-10 6.865751e-12 8.420362e-10 fanout1192
 1.120660e-10 7.167502e-10 1.047880e-11 8.392950e-10 fanout699
 1.131371e-10 7.046367e-10 1.047887e-11 8.282528e-10 fanout367
 1.009799e-10 7.077160e-10 6.865725e-12 8.155616e-10 max_cap404
 9.672140e-11 6.843550e-10 4.876256e-12 7.859527e-10 fanout1197
 1.480104e-10 6.282357e-10 6.865764e-12 7.831119e-10 fanout1863
 9.665659e-11 6.792093e-10 4.876268e-12 7.807421e-10 fanout1141
 1.026718e-10 6.695682e-10 6.865725e-12 7.791057e-10 max_cap422
 3.816539e-10 3.671062e-10 6.865790e-12 7.556260e-10 clkbuf_leaf_83_v_clk
 1.005167e-10 6.357614e-10 7.514018e-12 7.437922e-10 max_cap410
 3.835208e-10 3.465737e-10 6.865790e-12 7.369603e-10 clkbuf_leaf_53_v_clk
 1.133579e-10 6.074622e-10 1.416723e-11 7.349873e-10 max_cap994
 9.913440e-11 6.259630e-10 4.325220e-12 7.294226e-10 fanout962
 9.662253e-11 6.232400e-10 4.876294e-12 7.247389e-10 fanout656
 1.006398e-10 6.161341e-10 7.514037e-12 7.242879e-10 max_cap479
 1.129176e-10 6.005340e-10 3.659320e-12 7.171108e-10 fanout168
 1.479975e-10 5.536231e-10 6.865764e-12 7.084864e-10 fanout1868
 3.800192e-10 3.209019e-10 6.865790e-12 7.077869e-10 clkbuf_leaf_133_v_clk
 9.990139e-11 5.934555e-10 6.865764e-12 7.002226e-10 max_cap693
 1.140570e-10 5.278314e-10 1.047880e-11 6.523672e-10 max_cap751
 1.145339e-10 5.231638e-10 1.047887e-11 6.481766e-10 max_cap1087
 1.047067e-10 5.348502e-10 6.865732e-12 6.464225e-10 hold64
 3.598411e-10 2.779101e-10 6.865790e-12 6.446170e-10 clkbuf_leaf_171_v_clk
 3.579633e-10 2.745534e-10 6.865790e-12 6.393824e-10 clkbuf_leaf_29_v_clk
 1.016479e-10 5.299385e-10 7.514017e-12 6.391006e-10 max_cap783
 1.012357e-10 5.268448e-10 6.865712e-12 6.349462e-10 max_cap674
 1.085333e-10 5.061502e-10 3.659564e-12 6.183431e-10 fanout1684
 1.069563e-10 4.998859e-10 3.659563e-12 6.105018e-10 fanout1743
 1.149165e-10 4.800715e-10 1.416723e-11 6.091552e-10 max_cap1418
 6.520889e-11 5.394982e-10 4.325391e-12 6.090324e-10 hold171
 9.742280e-11 5.048857e-10 4.325357e-12 6.066339e-10 fanout1523
 9.982402e-11 4.975084e-10 4.325210e-12 6.016576e-10 fanout191
 2.750258e-10 3.081886e-10 6.865790e-12 5.900802e-10 clkbuf_leaf_111_v_clk
 1.067768e-10 4.764324e-10 3.659564e-12 5.868688e-10 fanout1789
 1.143099e-10 4.441195e-10 1.047891e-11 5.689083e-10 max_cap1423
 6.539658e-11 4.829561e-10 4.325374e-12 5.526781e-10 hold330
 1.249890e-10 4.229475e-10 4.325407e-12 5.522620e-10 fanout850
 1.122066e-10 4.203519e-10 1.047930e-11 5.430378e-10 clkbuf_0_w_clk
 1.015961e-10 4.272370e-10 6.865764e-12 5.356989e-10 fanout1919
 4.105768e-11 4.784522e-10 4.325402e-12 5.238353e-10 hold900
 1.049239e-10 4.104313e-10 6.865732e-12 5.222209e-10 hold70
 7.427266e-11 4.408530e-10 4.876135e-12 5.200018e-10 fanout1385
 7.477746e-11 4.381794e-10 4.325215e-12 5.172821e-10 fanout1318
 1.134497e-10 3.803626e-10 1.047925e-11 5.042915e-10 clkbuf_4_2__f_w_clk
 1.008929e-10 3.921670e-10 6.865745e-12 4.999257e-10 max_cap1068
 5.552927e-11 4.260407e-10 7.514068e-12 4.890840e-10 max_cap366
 1.169420e-10 3.615504e-10 4.647940e-12 4.831403e-10 fanout937
 5.840119e-11 4.056179e-10 7.514074e-12 4.715332e-10 fanout156
 2.698270e-10 1.939108e-10 6.865790e-12 4.706037e-10 clkbuf_leaf_86_v_clk
 7.694399e-11 3.872209e-10 4.325210e-12 4.684901e-10 fanout143
 6.806442e-11 3.872337e-10 1.047887e-11 4.657770e-10 fanout402
 2.243094e-11 4.366396e-10 6.341638e-12 4.654122e-10 _20526_
 7.907082e-11 3.765250e-10 6.865836e-12 4.624616e-10 fanout814
 5.346763e-11 3.987723e-10 4.325407e-12 4.565653e-10 hold1315
 7.752200e-11 3.686774e-10 4.876300e-12 4.510757e-10 fanout1666
 7.442499e-11 3.692401e-10 4.325357e-12 4.479905e-10 fanout1550
 1.105723e-10 3.231250e-10 3.659632e-12 4.373569e-10 fanout941
 7.641388e-11 3.517023e-10 4.325210e-12 4.324414e-10 fanout201
 2.489665e-10 1.696816e-10 6.865787e-12 4.255139e-10 clkbuf_leaf_80_w_clk
 5.126831e-11 3.692175e-10 4.876294e-12 4.253621e-10 fanout304
 5.629144e-11 3.620238e-10 6.865712e-12 4.251809e-10 max_cap753
 5.631340e-11 3.504945e-10 7.513963e-12 4.143219e-10 fanout832
 5.144117e-11 3.559391e-10 4.876245e-12 4.122565e-10 hold74
 5.128514e-11 3.482842e-10 4.876283e-12 4.044456e-10 fanout1061
 7.004633e-11 3.122837e-10 1.416601e-11 3.964960e-10 hold16
 1.875123e-10 1.971957e-10 6.865787e-12 3.915738e-10 clkbuf_leaf_98_w_clk
 5.114416e-11 3.319129e-10 4.876118e-12 3.879332e-10 fanout1616
 5.600316e-11 3.233018e-10 6.865725e-12 3.861707e-10 max_cap1064
 3.960447e-11 3.353308e-10 4.325418e-12 3.792607e-10 hold655
 5.133884e-11 3.230009e-10 4.876295e-12 3.792161e-10 fanout627
 5.173033e-11 3.182926e-10 4.325227e-12 3.743481e-10 fanout526
 5.649528e-11 3.100112e-10 7.513895e-12 3.740204e-10 fanout1371
 5.160125e-11 3.168157e-10 4.325206e-12 3.727422e-10 fanout557
 5.590908e-11 3.099198e-10 6.865720e-12 3.726946e-10 max_cap537
 5.127155e-11 3.147774e-10 4.325374e-12 3.703743e-10 fanout1376
 4.190483e-11 3.236696e-10 4.647980e-12 3.702224e-10 wire335
 5.147857e-11 3.081571e-10 4.325265e-12 3.639610e-10 fanout1611
 3.969225e-11 3.150605e-10 4.325418e-12 3.590782e-10 hold690
 5.650752e-11 2.939705e-10 7.513915e-12 3.579919e-10 fanout1505
 5.148811e-11 3.007627e-10 4.876256e-12 3.571271e-10 fanout1210
 4.159821e-11 3.111557e-10 4.325418e-12 3.570794e-10 hold716
 5.602149e-11 2.941777e-10 6.865712e-12 3.570648e-10 max_cap362
 5.132895e-11 2.921167e-10 4.876267e-12 3.483219e-10 fanout1132
 5.141592e-11 2.840796e-10 4.876135e-12 3.403717e-10 fanout1399
 1.853858e-10 1.457332e-10 6.865787e-12 3.379848e-10 clkbuf_leaf_49_w_clk
 5.153441e-11 2.786771e-10 4.325227e-12 3.345367e-10 fanout516
 5.188629e-11 2.755743e-10 4.325210e-12 3.317858e-10 fanout209
 7.610638e-11 2.486143e-10 4.325369e-12 3.290461e-10 fanout950
 5.499022e-11 2.660609e-10 3.659563e-12 3.247107e-10 fanout1793
 5.213282e-11 2.672730e-10 4.876300e-12 3.242821e-10 fanout289
 5.152068e-11 2.684240e-10 4.325347e-12 3.242700e-10 fanout1698
 4.173337e-11 2.681204e-10 4.325369e-12 3.141791e-10 hold422
 5.201195e-11 2.548662e-10 4.876228e-12 3.117544e-10 fanout1435
 4.174601e-11 2.647131e-10 4.325379e-12 3.107845e-10 hold495
 5.161776e-11 2.513451e-10 4.876295e-12 3.078392e-10 fanout632
 3.559553e-11 2.634128e-10 4.647742e-12 3.036561e-10 wire334
 5.196142e-11 2.459844e-10 4.876289e-12 3.028221e-10 fanout971
 5.512133e-11 2.412976e-10 3.659415e-12 3.000783e-10 fanout1593
 5.283076e-11 2.428111e-10 4.325210e-12 2.999671e-10 fanout103
 2.294467e-11 2.732141e-10 1.895022e-12 2.980538e-10 _19120_
 1.631282e-10 1.230303e-10 6.865790e-12 2.930243e-10 clkbuf_leaf_191_v_clk
 1.429445e-10 1.412724e-10 6.865787e-12 2.910827e-10 clkbuf_leaf_119_w_clk
 5.258915e-11 2.303813e-10 4.325210e-12 2.872957e-10 fanout195
 1.418340e-10 1.381314e-10 6.865790e-12 2.868312e-10 clkbuf_leaf_19_v_clk
 1.010747e-10 1.763059e-10 6.865839e-12 2.842465e-10 clkbuf_leaf_10_core_clk
 5.308228e-11 2.249392e-10 4.325210e-12 2.823466e-10 fanout173
 5.714469e-11 2.173162e-10 7.514024e-12 2.819749e-10 fanout1602
 4.200108e-11 2.350637e-10 3.659582e-12 2.807244e-10 fanout1500
 5.711183e-11 2.160772e-10 6.865764e-12 2.800548e-10 fanout1873
 6.805370e-11 1.999176e-10 1.047925e-11 2.784506e-10 clkbuf_4_12__f_w_clk
 5.193827e-11 2.195458e-10 4.876245e-12 2.763604e-10 fanout1878
 7.059466e-11 1.961352e-10 3.659662e-12 2.703895e-10 fanout841
 4.006397e-11 2.250979e-10 4.876256e-12 2.700381e-10 fanout1206
 4.035352e-11 2.209269e-10 4.876256e-12 2.661567e-10 fanout1224
 1.421886e-10 1.160424e-10 6.865787e-12 2.650967e-10 clkbuf_leaf_79_w_clk
 1.412058e-10 1.156874e-10 6.865790e-12 2.637590e-10 clkbuf_leaf_124_v_clk
 5.381008e-11 2.030288e-10 4.876294e-12 2.617152e-10 fanout552
 5.352844e-11 2.033452e-10 4.325391e-12 2.611991e-10 fanout846
 5.193925e-11 2.045895e-10 4.325215e-12 2.608540e-10 fanout340
 1.411466e-10 1.096131e-10 6.865787e-12 2.576254e-10 clkbuf_leaf_151_w_clk
 5.282812e-11 1.958816e-10 4.325407e-12 2.530351e-10 fanout919
 2.977259e-11 2.181223e-10 4.648000e-12 2.525429e-10 fanout1661
 5.542307e-11 1.920068e-10 3.659563e-12 2.510894e-10 fanout1820
 1.334421e-11 2.280324e-10 6.341640e-12 2.477183e-10 _19489_
 7.921853e-11 1.602282e-10 6.865839e-12 2.463126e-10 clkbuf_leaf_14_core_clk
 1.404611e-10 9.527069e-11 6.865787e-12 2.425976e-10 clkbuf_leaf_129_w_clk
 3.499376e-11 1.995758e-10 7.513927e-12 2.420835e-10 hold32
 5.328176e-11 1.799878e-10 4.325396e-12 2.375950e-10 fanout1334
 4.245074e-11 1.890220e-10 3.659633e-12 2.351324e-10 fanout932
 4.361689e-11 1.869163e-10 3.659316e-12 2.341925e-10 fanout279
 2.913444e-11 2.009786e-10 3.659564e-12 2.337726e-10 fanout1707
 9.955890e-11 1.254984e-10 6.865790e-12 2.319231e-10 clkbuf_leaf_43_v_clk
 5.348199e-11 1.720742e-10 4.325397e-12 2.298816e-10 fanout882
 4.030144e-11 1.834497e-10 4.325210e-12 2.280764e-10 fanout116
 5.335099e-11 1.697674e-10 4.876289e-12 2.279947e-10 fanout1348
 9.942864e-11 1.216481e-10 6.865839e-12 2.279426e-10 clkbuf_leaf_23_core_clk
 2.841666e-11 1.940223e-10 4.325407e-12 2.267644e-10 fanout1825
 1.385299e-10 7.823669e-11 6.865790e-12 2.236323e-10 clkbuf_leaf_74_v_clk
 2.151684e-10 0.000000e+00 6.865787e-12 2.220342e-10 clkload94
 4.187227e-11 1.757895e-10 4.325396e-12 2.219872e-10 fanout878
 2.847961e-11 1.823303e-10 4.876245e-12 2.156862e-10 fanout1882
 2.899787e-11 1.828734e-10 3.659563e-12 2.155308e-10 fanout1770
 3.410246e-11 1.742962e-10 6.865737e-12 2.152644e-10 fanout1123
 2.906257e-11 1.730018e-10 4.325214e-12 2.063896e-10 hold55
 9.828878e-11 1.007306e-10 6.865790e-12 2.058852e-10 clkbuf_leaf_21_v_clk
 9.873953e-11 9.966186e-11 6.865790e-12 2.052672e-10 clkbuf_leaf_60_v_clk
 2.854105e-11 1.717897e-10 4.325215e-12 2.046560e-10 fanout1313
 9.827179e-11 9.615937e-11 6.865790e-12 2.012970e-10 clkbuf_leaf_147_v_clk
 4.144883e-11 1.553929e-10 4.325210e-12 2.011669e-10 fanout151
 2.864409e-11 1.634053e-10 4.325275e-12 1.963747e-10 hold98
 9.804479e-11 8.839842e-11 6.865790e-12 1.933090e-10 clkbuf_leaf_17_v_clk
 9.852325e-11 8.652007e-11 6.865790e-12 1.919091e-10 clkbuf_leaf_168_v_clk
 9.796761e-11 8.660022e-11 6.865790e-12 1.914336e-10 clkbuf_leaf_20_v_clk
 9.878393e-11 8.533702e-11 6.865787e-12 1.909867e-10 clkbuf_leaf_93_w_clk
 2.909686e-11 1.571432e-10 3.659328e-12 1.898994e-10 fanout204
 9.836537e-11 8.448647e-11 6.865790e-12 1.897176e-10 clkbuf_leaf_189_v_clk
 9.801472e-11 8.375338e-11 6.865790e-12 1.886339e-10 clkbuf_leaf_154_v_clk
 1.773343e-11 1.638952e-10 4.325390e-12 1.859540e-10 hold368
 3.573793e-11 1.449613e-10 4.647925e-12 1.853472e-10 fanout1188
 9.817571e-11 7.841683e-11 6.865787e-12 1.834583e-10 clkbuf_leaf_50_w_clk
 9.771461e-11 7.735945e-11 6.865790e-12 1.819399e-10 clkbuf_leaf_71_v_clk
 9.771815e-11 7.613891e-11 6.865790e-12 1.807229e-10 clkbuf_leaf_102_v_clk
 9.771475e-11 7.558706e-11 6.865790e-12 1.801676e-10 clkbuf_leaf_35_v_clk
 9.802562e-11 7.447833e-11 6.865787e-12 1.793697e-10 clkbuf_leaf_162_w_clk
 3.028190e-11 1.437233e-10 3.659623e-12 1.776648e-10 fanout873
 2.913386e-11 1.426578e-10 3.659563e-12 1.754513e-10 fanout1807
 9.766182e-11 6.862453e-11 6.865787e-12 1.731521e-10 clkbuf_leaf_120_w_clk
 9.737340e-11 6.774759e-11 6.865790e-12 1.719868e-10 clkbuf_leaf_67_v_clk
 2.990030e-11 1.376482e-10 4.325210e-12 1.718737e-10 fanout219
 2.925706e-11 1.380519e-10 3.659564e-12 1.709685e-10 fanout1784
 9.707043e-11 6.365736e-11 6.865790e-12 1.675936e-10 clkbuf_leaf_206_v_clk
 7.704289e-11 8.344002e-11 6.865839e-12 1.673487e-10 clkbuf_leaf_0_core_clk
 2.884731e-11 1.341581e-10 4.325212e-12 1.673306e-10 fanout122
 2.883931e-11 1.291698e-10 4.325357e-12 1.623345e-10 fanout1555
 9.630501e-11 5.726826e-11 6.865787e-12 1.604391e-10 clkbuf_leaf_143_w_clk
 7.682435e-11 7.278005e-11 6.865790e-12 1.564702e-10 clkbuf_leaf_165_v_clk
 2.924303e-11 1.227776e-10 3.659564e-12 1.556802e-10 fanout1675
 2.922935e-11 1.216260e-10 4.647990e-12 1.555033e-10 fanout665
 2.945849e-11 1.217388e-10 3.659563e-12 1.548569e-10 fanout1702
 2.956440e-11 1.200777e-10 3.659564e-12 1.533016e-10 fanout1716
 9.616834e-11 5.024400e-11 6.865787e-12 1.532781e-10 clkbuf_leaf_46_w_clk
 2.921717e-11 1.199413e-10 3.659563e-12 1.528180e-10 fanout1757
 2.926588e-11 1.174045e-10 4.876300e-12 1.515467e-10 fanout397
 9.556696e-11 4.842132e-11 6.865787e-12 1.508541e-10 clkbuf_leaf_3_w_clk
 7.601474e-11 6.547122e-11 6.865790e-12 1.483517e-10 clkbuf_leaf_140_v_clk
 2.948903e-11 1.142433e-10 3.659336e-12 1.473916e-10 fanout331
 2.997370e-11 1.126606e-10 3.659315e-12 1.462936e-10 fanout294
 2.945413e-11 1.128853e-10 3.659563e-12 1.459989e-10 fanout1802
 2.931414e-11 1.125029e-10 3.659326e-12 1.454763e-10 fanout355
 7.617727e-11 5.763797e-11 6.865790e-12 1.406810e-10 clkbuf_leaf_201_v_clk
 1.334784e-10 0.000000e+00 6.865790e-12 1.403442e-10 clkload152
 1.333281e-10 0.000000e+00 6.865790e-12 1.401939e-10 clkload189
 9.467400e-11 3.511695e-11 6.865787e-12 1.366567e-10 clkbuf_leaf_25_w_clk
 3.679564e-11 9.522071e-11 3.659672e-12 1.356760e-10 fanout891
 1.710863e-11 1.120198e-10 4.876294e-12 1.340048e-10 fanout617
 1.609681e-11 1.136564e-10 3.659563e-12 1.334128e-10 fanout1775
 1.709180e-11 1.118624e-10 4.325390e-12 1.332796e-10 fanout1848
 7.537559e-11 4.585082e-11 6.865787e-12 1.280922e-10 clkbuf_leaf_38_w_clk
 5.517242e-11 6.280028e-11 6.865787e-12 1.248385e-10 clkbuf_leaf_76_w_clk
 5.510225e-11 6.109541e-11 6.865790e-12 1.230634e-10 clkbuf_leaf_183_v_clk
 5.500787e-11 5.997113e-11 6.865790e-12 1.218448e-10 clkbuf_leaf_214_v_clk
 5.491823e-11 5.770636e-11 6.865790e-12 1.194904e-10 clkbuf_leaf_196_v_clk
 5.513404e-11 5.704899e-11 6.865787e-12 1.190488e-10 clkbuf_leaf_89_w_clk
 1.781314e-11 9.642373e-11 4.325210e-12 1.185621e-10 fanout126
 5.467996e-11 5.654206e-11 6.865790e-12 1.180878e-10 clkbuf_leaf_96_v_clk
 2.302326e-11 8.897286e-11 3.659563e-12 1.156557e-10 fanout1766
 5.494027e-11 5.351391e-11 6.865787e-12 1.153200e-10 clkbuf_leaf_69_w_clk
 5.489763e-11 5.279853e-11 6.865790e-12 1.145620e-10 clkbuf_leaf_158_v_clk
 5.446634e-11 5.278434e-11 6.865790e-12 1.141165e-10 clkbuf_leaf_127_v_clk
 5.482740e-11 5.159600e-11 6.865790e-12 1.132892e-10 clkbuf_leaf_176_v_clk
 5.454014e-11 5.104452e-11 6.865790e-12 1.124504e-10 clkbuf_leaf_30_v_clk
 5.466031e-11 4.979230e-11 6.865787e-12 1.113184e-10 clkbuf_leaf_32_w_clk
 5.471959e-11 4.946123e-11 6.865787e-12 1.110466e-10 clkbuf_leaf_130_w_clk
 5.446000e-11 4.898897e-11 6.865790e-12 1.103148e-10 clkbuf_leaf_15_v_clk
 1.616034e-11 8.835434e-11 4.647921e-12 1.091626e-10 fanout1165
 5.443076e-11 4.605688e-11 6.865790e-12 1.073534e-10 clkbuf_leaf_105_v_clk
 1.721713e-11 8.520846e-11 4.876294e-12 1.073019e-10 fanout637
 1.744289e-11 8.517725e-11 4.325407e-12 1.069456e-10 hold17
 1.125781e-11 8.567686e-11 6.865699e-12 1.038004e-10 max_cap712
 1.744871e-11 8.036417e-11 4.876300e-12 1.026892e-10 fanout225
 5.447040e-11 4.103680e-11 6.865787e-12 1.023730e-10 clkbuf_leaf_90_w_clk
 5.438991e-11 3.964074e-11 6.865787e-12 1.008964e-10 clkbuf_leaf_116_w_clk
 1.621213e-11 8.066103e-11 3.659318e-12 1.005325e-10 fanout158
 9.228304e-11 0.000000e+00 6.865790e-12 9.914883e-11 clkload184
 9.221431e-11 0.000000e+00 6.865790e-12 9.908010e-11 clkload170
 1.746610e-11 7.639927e-11 4.876184e-12 9.874156e-11 fanout80
 5.388661e-11 3.557511e-11 6.865787e-12 9.632752e-11 clkbuf_leaf_55_w_clk
 1.628867e-11 7.503478e-11 3.659563e-12 9.498301e-11 fanout1670
 1.788127e-11 6.915682e-11 4.325385e-12 9.136348e-11 fanout855
 5.336917e-11 3.006757e-11 6.865787e-12 9.030253e-11 clkbuf_leaf_138_w_clk
 1.617010e-11 7.006474e-11 3.659563e-12 8.989440e-11 fanout1811
 1.643956e-11 6.860009e-11 3.659564e-12 8.869921e-11 fanout1689
 1.625028e-11 6.825796e-11 3.659318e-12 8.816756e-11 wire132
 5.329406e-11 2.797413e-11 6.865787e-12 8.813398e-11 clkbuf_leaf_63_w_clk
 1.625372e-11 6.809406e-11 3.659564e-12 8.800734e-11 fanout1720
 1.665693e-11 6.761583e-11 3.659632e-12 8.793239e-11 fanout946
 1.126646e-11 6.782161e-11 6.865699e-12 8.595377e-11 max_cap705
 1.618540e-11 6.112158e-11 3.659563e-12 8.096655e-11 fanout1816
 1.124339e-11 6.215178e-11 6.865699e-12 8.026087e-11 max_cap1008
 7.468429e-11 0.000000e+00 1.895400e-12 7.657969e-11 clkload116
 6.888836e-11 0.000000e+00 4.876226e-12 7.376458e-11 clkload125
 1.642219e-11 5.141576e-11 3.659318e-12 7.149727e-11 max_cap111
 1.647047e-11 5.052764e-11 3.659318e-12 7.065743e-11 wire140
 2.611617e-11 3.653408e-11 1.181000e-12 6.383125e-11 max_cap145
 3.249210e-11 2.432972e-11 6.865790e-12 6.368760e-11 clkbuf_leaf_114_v_clk
 2.567876e-11 3.376998e-11 1.181000e-12 6.062973e-11 wire146
 3.305312e-11 2.024157e-11 1.181000e-12 5.447569e-11 _39950_
 5.268692e-11 0.000000e+00 9.556345e-14 5.278248e-11 clkload198
 4.778247e-11 0.000000e+00 4.876226e-12 5.265870e-11 clkload44
 4.761613e-11 0.000000e+00 4.876222e-12 5.249235e-11 clkload210
 4.760580e-11 0.000000e+00 4.876222e-12 5.248202e-11 clkload283
 9.715670e-12 3.737996e-11 3.659563e-12 5.075519e-11 fanout1798
 2.179277e-11 2.317704e-11 1.181000e-12 4.615081e-11 max_cap539
 3.665750e-11 0.000000e+00 4.330691e-12 4.098820e-11 clkload102
 5.771611e-12 2.995752e-11 4.325215e-12 4.005434e-11 fanout1286
 3.860917e-11 0.000000e+00 6.409151e-13 3.925009e-11 clkload161
 3.073737e-11 0.000000e+00 6.865790e-12 3.760316e-11 clkload166
 3.690743e-11 0.000000e+00 6.409151e-13 3.754834e-11 clkload251
 2.653466e-11 0.000000e+00 4.876226e-12 3.141089e-11 clkload76
 2.647970e-11 0.000000e+00 4.876226e-12 3.135592e-11 clkload107
 2.647256e-11 0.000000e+00 4.876222e-12 3.134878e-11 clkload300
 2.646118e-11 0.000000e+00 4.876222e-12 3.133740e-11 clkload256
 2.645380e-11 0.000000e+00 4.876222e-12 3.133002e-11 clkload233
 2.796371e-11 0.000000e+00 1.895400e-12 2.985911e-11 clkload85
 5.967847e-12 1.894333e-11 4.325413e-12 2.923659e-11 fanout1339
 2.733148e-11 0.000000e+00 9.556345e-14 2.742705e-11 clkload292
 5.929218e-12 2.022098e-11 1.181000e-12 2.733120e-11 fanout1748
 1.743619e-11 8.665066e-12 1.181000e-12 2.728225e-11 _39955_
 1.741289e-11 8.047337e-12 1.181000e-12 2.664123e-11 _39960_
 5.781923e-12 1.584270e-11 4.325210e-12 2.594983e-11 wire186
 1.082850e-11 7.270816e-12 6.865790e-12 2.496511e-11 clkbuf_leaf_59_v_clk
 2.024142e-11 0.000000e+00 4.330717e-12 2.457214e-11 clkload139
 1.951262e-11 0.000000e+00 1.895400e-12 2.140802e-11 clkload80
 1.923707e-11 0.000000e+00 1.895422e-12 2.113249e-11 clkload247
 1.890098e-11 0.000000e+00 1.895400e-12 2.079638e-11 clkload31
 2.068652e-11 0.000000e+00 9.556345e-14 2.078208e-11 clkload242
 3.287250e-12 1.376134e-11 3.659318e-12 2.070791e-11 wire187
 3.272444e-12 1.309458e-11 3.659613e-12 2.002663e-11 fanout928
 3.323295e-12 1.192540e-11 4.648000e-12 1.989670e-11 max_cap229
 3.266718e-12 1.281130e-11 3.659564e-12 1.973758e-11 fanout1711
 9.832876e-12 8.242849e-12 1.181000e-12 1.925672e-11 wire358
 3.236330e-12 1.180231e-11 3.659319e-12 1.869796e-11 fanout178
 9.900542e-12 6.810720e-12 1.181000e-12 1.789226e-11 max_cap538
 1.481563e-11 0.000000e+00 9.556293e-14 1.491119e-11 clkload35
 1.468460e-11 0.000000e+00 9.556345e-14 1.478017e-11 clkload143
 1.450511e-11 0.000000e+00 9.556345e-14 1.460068e-11 clkload157
 1.432433e-11 0.000000e+00 9.556345e-14 1.441990e-11 clkload229
 0.000000e+00 0.000000e+00 1.416734e-11 1.416734e-11 fanout1264
 0.000000e+00 0.000000e+00 1.416730e-11 1.416730e-11 fanout1301
 0.000000e+00 0.000000e+00 1.416727e-11 1.416727e-11 fanout1469
 0.000000e+00 0.000000e+00 1.416727e-11 1.416727e-11 fanout1470
 0.000000e+00 0.000000e+00 1.416720e-11 1.416720e-11 fanout1259
 0.000000e+00 0.000000e+00 1.416715e-11 1.416715e-11 fanout1231
 0.000000e+00 0.000000e+00 1.416712e-11 1.416712e-11 fanout988
 0.000000e+00 0.000000e+00 1.416711e-11 1.416711e-11 fanout700
 0.000000e+00 0.000000e+00 1.416710e-11 1.416710e-11 fanout1425
 0.000000e+00 0.000000e+00 1.416708e-11 1.416708e-11 fanout1065
 0.000000e+00 0.000000e+00 1.416705e-11 1.416705e-11 fanout475
 0.000000e+00 0.000000e+00 1.416705e-11 1.416705e-11 fanout995
 0.000000e+00 0.000000e+00 1.416704e-11 1.416704e-11 fanout369
 0.000000e+00 0.000000e+00 1.416701e-11 1.416701e-11 fanout501
 0.000000e+00 0.000000e+00 1.416700e-11 1.416700e-11 fanout432
 0.000000e+00 0.000000e+00 1.416697e-11 1.416697e-11 fanout725
 0.000000e+00 0.000000e+00 1.416697e-11 1.416697e-11 fanout1488
 0.000000e+00 0.000000e+00 1.416697e-11 1.416697e-11 fanout412
 0.000000e+00 0.000000e+00 1.416697e-11 1.416697e-11 fanout1603
 0.000000e+00 0.000000e+00 1.416697e-11 1.416697e-11 fanout738
 0.000000e+00 0.000000e+00 1.416696e-11 1.416696e-11 fanout371
 0.000000e+00 0.000000e+00 1.416693e-11 1.416693e-11 fanout1355
 0.000000e+00 0.000000e+00 1.416693e-11 1.416693e-11 fanout471
 0.000000e+00 0.000000e+00 1.416692e-11 1.416692e-11 fanout486
 0.000000e+00 0.000000e+00 1.416686e-11 1.416686e-11 fanout984
 0.000000e+00 0.000000e+00 1.416685e-11 1.416685e-11 fanout457
 0.000000e+00 0.000000e+00 1.416678e-11 1.416678e-11 fanout1284
 2.253858e-18 1.035916e-17 1.416666e-11 1.416667e-11 fanout1964
 0.000000e+00 0.000000e+00 1.416623e-11 1.416623e-11 fanout1379
 0.000000e+00 0.000000e+00 1.416601e-11 1.416601e-11 fanout1835
 1.126288e-11 0.000000e+00 9.556345e-14 1.135845e-11 clkload274
 9.990887e-12 0.000000e+00 6.409151e-13 1.063180e-11 clkload305
 9.985983e-12 0.000000e+00 6.409151e-13 1.062690e-11 clkload193
 9.916842e-12 0.000000e+00 6.409151e-13 1.055776e-11 clkload314
 0.000000e+00 0.000000e+00 1.047959e-11 1.047959e-11 clkbuf_0_core_clk
 0.000000e+00 0.000000e+00 1.047959e-11 1.047959e-11 clkbuf_1_0__f_core_clk
 0.000000e+00 0.000000e+00 1.047959e-11 1.047959e-11 clkbuf_1_1__f_core_clk
 0.000000e+00 0.000000e+00 1.047932e-11 1.047932e-11 clkbuf_0_v_clk
 0.000000e+00 0.000000e+00 1.047932e-11 1.047932e-11 clkbuf_4_0__f_v_clk
 0.000000e+00 0.000000e+00 1.047932e-11 1.047932e-11 clkbuf_4_11__f_v_clk
 0.000000e+00 0.000000e+00 1.047932e-11 1.047932e-11 clkbuf_4_12__f_v_clk
 0.000000e+00 0.000000e+00 1.047932e-11 1.047932e-11 clkbuf_4_13__f_v_clk
 0.000000e+00 0.000000e+00 1.047932e-11 1.047932e-11 clkbuf_4_14__f_v_clk
 0.000000e+00 0.000000e+00 1.047932e-11 1.047932e-11 clkbuf_4_1__f_v_clk
 0.000000e+00 0.000000e+00 1.047932e-11 1.047932e-11 clkbuf_4_2__f_v_clk
 0.000000e+00 0.000000e+00 1.047932e-11 1.047932e-11 clkbuf_4_3__f_v_clk
 0.000000e+00 0.000000e+00 1.047932e-11 1.047932e-11 clkbuf_4_4__f_v_clk
 0.000000e+00 0.000000e+00 1.047932e-11 1.047932e-11 clkbuf_4_6__f_v_clk
 0.000000e+00 0.000000e+00 1.047932e-11 1.047932e-11 clkbuf_4_7__f_v_clk
 0.000000e+00 0.000000e+00 1.047932e-11 1.047932e-11 clkbuf_4_8__f_v_clk
 0.000000e+00 0.000000e+00 1.047932e-11 1.047932e-11 clkbuf_4_9__f_v_clk
 0.000000e+00 0.000000e+00 1.047925e-11 1.047925e-11 clkbuf_4_0__f_w_clk
 0.000000e+00 0.000000e+00 1.047925e-11 1.047925e-11 clkbuf_4_10__f_w_clk
 0.000000e+00 0.000000e+00 1.047925e-11 1.047925e-11 clkbuf_4_11__f_w_clk
 0.000000e+00 0.000000e+00 1.047925e-11 1.047925e-11 clkbuf_4_13__f_w_clk
 0.000000e+00 0.000000e+00 1.047925e-11 1.047925e-11 clkbuf_4_14__f_w_clk
 0.000000e+00 0.000000e+00 1.047925e-11 1.047925e-11 clkbuf_4_15__f_w_clk
 0.000000e+00 0.000000e+00 1.047925e-11 1.047925e-11 clkbuf_4_1__f_w_clk
 0.000000e+00 0.000000e+00 1.047925e-11 1.047925e-11 clkbuf_4_3__f_w_clk
 0.000000e+00 0.000000e+00 1.047925e-11 1.047925e-11 clkbuf_4_4__f_w_clk
 0.000000e+00 0.000000e+00 1.047925e-11 1.047925e-11 clkbuf_4_5__f_w_clk
 0.000000e+00 0.000000e+00 1.047925e-11 1.047925e-11 clkbuf_4_6__f_w_clk
 0.000000e+00 0.000000e+00 1.047925e-11 1.047925e-11 clkbuf_4_8__f_w_clk
 0.000000e+00 0.000000e+00 1.047925e-11 1.047925e-11 clkbuf_4_9__f_w_clk
 0.000000e+00 0.000000e+00 1.047921e-11 1.047921e-11 fanout793
 0.000000e+00 0.000000e+00 1.047917e-11 1.047917e-11 fanout1957
 0.000000e+00 0.000000e+00 1.047917e-11 1.047917e-11 fanout748
 0.000000e+00 0.000000e+00 1.047913e-11 1.047913e-11 fanout1951
 0.000000e+00 0.000000e+00 1.047910e-11 1.047910e-11 fanout439
 0.000000e+00 0.000000e+00 1.047910e-11 1.047910e-11 fanout795
 0.000000e+00 0.000000e+00 1.047906e-11 1.047906e-11 fanout442
 0.000000e+00 0.000000e+00 1.047905e-11 1.047905e-11 fanout1431
 0.000000e+00 0.000000e+00 1.047902e-11 1.047902e-11 fanout365
 0.000000e+00 0.000000e+00 1.047902e-11 1.047902e-11 fanout389
 0.000000e+00 0.000000e+00 1.047902e-11 1.047902e-11 fanout1158
 0.000000e+00 0.000000e+00 1.047898e-11 1.047898e-11 fanout1942
 0.000000e+00 0.000000e+00 1.047898e-11 1.047898e-11 fanout364
 0.000000e+00 0.000000e+00 1.047898e-11 1.047898e-11 fanout494
 0.000000e+00 0.000000e+00 1.047895e-11 1.047895e-11 fanout1013
 0.000000e+00 0.000000e+00 1.047895e-11 1.047895e-11 fanout1454
 0.000000e+00 0.000000e+00 1.047895e-11 1.047895e-11 fanout1930
 0.000000e+00 0.000000e+00 1.047895e-11 1.047895e-11 fanout1937
 0.000000e+00 0.000000e+00 1.047895e-11 1.047895e-11 fanout489
 0.000000e+00 0.000000e+00 1.047895e-11 1.047895e-11 fanout713
 0.000000e+00 0.000000e+00 1.047895e-11 1.047895e-11 fanout724
 0.000000e+00 0.000000e+00 1.047895e-11 1.047895e-11 fanout801
 0.000000e+00 0.000000e+00 1.047894e-11 1.047894e-11 fanout1005
 0.000000e+00 0.000000e+00 1.047894e-11 1.047894e-11 fanout386
 0.000000e+00 0.000000e+00 1.047894e-11 1.047894e-11 fanout695
 0.000000e+00 0.000000e+00 1.047891e-11 1.047891e-11 fanout1089
 0.000000e+00 0.000000e+00 1.047891e-11 1.047891e-11 fanout1420
 0.000000e+00 0.000000e+00 1.047888e-11 1.047888e-11 fanout474
 0.000000e+00 0.000000e+00 1.047887e-11 1.047887e-11 fanout416
 0.000000e+00 0.000000e+00 1.047887e-11 1.047887e-11 fanout456
 0.000000e+00 0.000000e+00 1.047887e-11 1.047887e-11 fanout974
 0.000000e+00 0.000000e+00 1.047887e-11 1.047887e-11 fanout1001
 0.000000e+00 0.000000e+00 1.047887e-11 1.047887e-11 fanout373
 0.000000e+00 0.000000e+00 1.047887e-11 1.047887e-11 fanout466
 0.000000e+00 0.000000e+00 1.047887e-11 1.047887e-11 fanout685
 0.000000e+00 0.000000e+00 1.047887e-11 1.047887e-11 fanout767
 0.000000e+00 0.000000e+00 1.047887e-11 1.047887e-11 fanout1148
 0.000000e+00 0.000000e+00 1.047884e-11 1.047884e-11 fanout1325
 0.000000e+00 0.000000e+00 1.047884e-11 1.047884e-11 fanout1327
 0.000000e+00 0.000000e+00 1.047880e-11 1.047880e-11 fanout1266
 0.000000e+00 0.000000e+00 1.047880e-11 1.047880e-11 fanout1268
 0.000000e+00 0.000000e+00 1.047880e-11 1.047880e-11 fanout468
 8.036936e-12 0.000000e+00 9.556345e-14 8.132499e-12 clkload323
 7.768191e-12 0.000000e+00 9.557113e-14 7.863763e-12 clkload4
 0.000000e+00 0.000000e+00 7.514093e-12 7.514093e-12 fanout571
 0.000000e+00 0.000000e+00 7.514092e-12 7.514092e-12 fanout564
 0.000000e+00 0.000000e+00 7.514087e-12 7.514087e-12 fanout172
 0.000000e+00 0.000000e+00 7.514082e-12 7.514082e-12 fanout1288
 0.000000e+00 0.000000e+00 7.514068e-12 7.514068e-12 fanout512
 0.000000e+00 0.000000e+00 7.514050e-12 7.514050e-12 fanout1096
 0.000000e+00 0.000000e+00 7.514050e-12 7.514050e-12 fanout1100
 0.000000e+00 0.000000e+00 7.514050e-12 7.514050e-12 fanout1110
 0.000000e+00 0.000000e+00 7.514043e-12 7.514043e-12 fanout1429
 0.000000e+00 0.000000e+00 7.514024e-12 7.514024e-12 fanout1571
 0.000000e+00 0.000000e+00 7.514024e-12 7.514024e-12 fanout1578
 0.000000e+00 0.000000e+00 7.514024e-12 7.514024e-12 fanout1579
 0.000000e+00 0.000000e+00 7.514024e-12 7.514024e-12 fanout1592
 0.000000e+00 0.000000e+00 7.514024e-12 7.514024e-12 fanout1601
 0.000000e+00 0.000000e+00 7.514024e-12 7.514024e-12 fanout1609
 0.000000e+00 0.000000e+00 7.514024e-12 7.514024e-12 fanout1610
 0.000000e+00 0.000000e+00 7.514024e-12 7.514024e-12 fanout1613
 0.000000e+00 0.000000e+00 7.514018e-12 7.514018e-12 fanout1356
 2.251800e-19 1.601354e-18 7.513969e-12 7.513971e-12 fanout1996
 0.000000e+00 0.000000e+00 7.513969e-12 7.513969e-12 fanout1960
 0.000000e+00 0.000000e+00 7.513969e-12 7.513969e-12 fanout1963
 0.000000e+00 0.000000e+00 7.513963e-12 7.513963e-12 fanout829
 0.000000e+00 0.000000e+00 7.513963e-12 7.513963e-12 fanout835
 0.000000e+00 0.000000e+00 7.513927e-12 7.513927e-12 hold10
 0.000000e+00 0.000000e+00 7.513917e-12 7.513917e-12 fanout1517
 0.000000e+00 0.000000e+00 7.513915e-12 7.513915e-12 fanout1542
 0.000000e+00 0.000000e+00 7.513895e-12 7.513895e-12 fanout1373
 0.000000e+00 0.000000e+00 7.513894e-12 7.513894e-12 fanout1368
 0.000000e+00 0.000000e+00 7.513875e-12 7.513875e-12 fanout1846
 0.000000e+00 0.000000e+00 7.513875e-12 7.513875e-12 hold1
 0.000000e+00 0.000000e+00 7.513874e-12 7.513874e-12 fanout1840
 0.000000e+00 0.000000e+00 7.513856e-12 7.513856e-12 fanout1828
 0.000000e+00 0.000000e+00 7.513856e-12 7.513856e-12 fanout1830
 0.000000e+00 0.000000e+00 7.513836e-12 7.513836e-12 fanout463
 0.000000e+00 0.000000e+00 7.513836e-12 7.513836e-12 fanout464
 0.000000e+00 0.000000e+00 7.513836e-12 7.513836e-12 fanout803
 1.990402e-12 3.794266e-12 1.181000e-12 6.965668e-12 wire258
 0.000000e+00 0.000000e+00 6.865932e-12 6.865932e-12 fanout1649
 0.000000e+00 0.000000e+00 6.865914e-12 6.865914e-12 fanout1646
 0.000000e+00 0.000000e+00 6.865914e-12 6.865914e-12 fanout1645
 0.000000e+00 0.000000e+00 6.865894e-12 6.865894e-12 fanout1381
 0.000000e+00 0.000000e+00 6.865894e-12 6.865894e-12 fanout1388
 0.000000e+00 0.000000e+00 6.865894e-12 6.865894e-12 fanout1402
 0.000000e+00 0.000000e+00 6.865894e-12 6.865894e-12 fanout1411
 0.000000e+00 0.000000e+00 6.865839e-12 6.865839e-12 clkbuf_leaf_11_core_clk
 0.000000e+00 0.000000e+00 6.865839e-12 6.865839e-12 clkbuf_leaf_12_core_clk
 0.000000e+00 0.000000e+00 6.865839e-12 6.865839e-12 clkbuf_leaf_13_core_clk
 0.000000e+00 0.000000e+00 6.865839e-12 6.865839e-12 clkbuf_leaf_15_core_clk
 0.000000e+00 0.000000e+00 6.865839e-12 6.865839e-12 clkbuf_leaf_16_core_clk
 0.000000e+00 0.000000e+00 6.865839e-12 6.865839e-12 clkbuf_leaf_17_core_clk
 0.000000e+00 0.000000e+00 6.865839e-12 6.865839e-12 clkbuf_leaf_18_core_clk
 0.000000e+00 0.000000e+00 6.865839e-12 6.865839e-12 clkbuf_leaf_19_core_clk
 0.000000e+00 0.000000e+00 6.865839e-12 6.865839e-12 clkbuf_leaf_1_core_clk
 0.000000e+00 0.000000e+00 6.865839e-12 6.865839e-12 clkbuf_leaf_20_core_clk
 0.000000e+00 0.000000e+00 6.865839e-12 6.865839e-12 clkbuf_leaf_21_core_clk
 0.000000e+00 0.000000e+00 6.865839e-12 6.865839e-12 clkbuf_leaf_22_core_clk
 0.000000e+00 0.000000e+00 6.865839e-12 6.865839e-12 clkbuf_leaf_2_core_clk
 0.000000e+00 0.000000e+00 6.865839e-12 6.865839e-12 clkbuf_leaf_3_core_clk
 0.000000e+00 0.000000e+00 6.865839e-12 6.865839e-12 clkbuf_leaf_4_core_clk
 0.000000e+00 0.000000e+00 6.865839e-12 6.865839e-12 clkbuf_leaf_5_core_clk
 0.000000e+00 0.000000e+00 6.865839e-12 6.865839e-12 clkbuf_leaf_6_core_clk
 0.000000e+00 0.000000e+00 6.865839e-12 6.865839e-12 clkbuf_leaf_7_core_clk
 0.000000e+00 0.000000e+00 6.865839e-12 6.865839e-12 clkbuf_leaf_8_core_clk
 0.000000e+00 0.000000e+00 6.865839e-12 6.865839e-12 clkbuf_leaf_9_core_clk
 0.000000e+00 0.000000e+00 6.865839e-12 6.865839e-12 clkload5
 0.000000e+00 0.000000e+00 6.865836e-12 6.865836e-12 fanout806
 0.000000e+00 0.000000e+00 6.865829e-12 6.865829e-12 fanout2004
 0.000000e+00 0.000000e+00 6.865790e-12 6.865790e-12 clkbuf_leaf_0_v_clk
 0.000000e+00 0.000000e+00 6.865790e-12 6.865790e-12 clkbuf_leaf_100_v_clk
 0.000000e+00 0.000000e+00 6.865790e-12 6.865790e-12 clkbuf_leaf_101_v_clk
 0.000000e+00 0.000000e+00 6.865790e-12 6.865790e-12 clkbuf_leaf_103_v_clk
 0.000000e+00 0.000000e+00 6.865790e-12 6.865790e-12 clkbuf_leaf_104_v_clk
 0.000000e+00 0.000000e+00 6.865790e-12 6.865790e-12 clkbuf_leaf_107_v_clk
 0.000000e+00 0.000000e+00 6.865790e-12 6.865790e-12 clkbuf_leaf_108_v_clk
 0.000000e+00 0.000000e+00 6.865790e-12 6.865790e-12 clkbuf_leaf_109_v_clk
 0.000000e+00 0.000000e+00 6.865790e-12 6.865790e-12 clkbuf_leaf_10_v_clk
 0.000000e+00 0.000000e+00 6.865790e-12 6.865790e-12 clkbuf_leaf_110_v_clk
 0.000000e+00 0.000000e+00 6.865790e-12 6.865790e-12 clkbuf_leaf_112_v_clk
 0.000000e+00 0.000000e+00 6.865790e-12 6.865790e-12 clkbuf_leaf_113_v_clk
 0.000000e+00 0.000000e+00 6.865790e-12 6.865790e-12 clkbuf_leaf_115_v_clk
 0.000000e+00 0.000000e+00 6.865790e-12 6.865790e-12 clkbuf_leaf_116_v_clk
 0.000000e+00 0.000000e+00 6.865790e-12 6.865790e-12 clkbuf_leaf_118_v_clk
 0.000000e+00 0.000000e+00 6.865790e-12 6.865790e-12 clkbuf_leaf_119_v_clk
 0.000000e+00 0.000000e+00 6.865790e-12 6.865790e-12 clkbuf_leaf_11_v_clk
 0.000000e+00 0.000000e+00 6.865790e-12 6.865790e-12 clkbuf_leaf_120_v_clk
 0.000000e+00 0.000000e+00 6.865790e-12 6.865790e-12 clkbuf_leaf_121_v_clk
 0.000000e+00 0.000000e+00 6.865790e-12 6.865790e-12 clkbuf_leaf_122_v_clk
 0.000000e+00 0.000000e+00 6.865790e-12 6.865790e-12 clkbuf_leaf_123_v_clk
 0.000000e+00 0.000000e+00 6.865790e-12 6.865790e-12 clkbuf_leaf_125_v_clk
 0.000000e+00 0.000000e+00 6.865790e-12 6.865790e-12 clkbuf_leaf_126_v_clk
 0.000000e+00 0.000000e+00 6.865790e-12 6.865790e-12 clkbuf_leaf_128_v_clk
 0.000000e+00 0.000000e+00 6.865790e-12 6.865790e-12 clkbuf_leaf_129_v_clk
 0.000000e+00 0.000000e+00 6.865790e-12 6.865790e-12 clkbuf_leaf_12_v_clk
 0.000000e+00 0.000000e+00 6.865790e-12 6.865790e-12 clkbuf_leaf_130_v_clk
 0.000000e+00 0.000000e+00 6.865790e-12 6.865790e-12 clkbuf_leaf_131_v_clk
 0.000000e+00 0.000000e+00 6.865790e-12 6.865790e-12 clkbuf_leaf_132_v_clk
 0.000000e+00 0.000000e+00 6.865790e-12 6.865790e-12 clkbuf_leaf_134_v_clk
 0.000000e+00 0.000000e+00 6.865790e-12 6.865790e-12 clkbuf_leaf_135_v_clk
 0.000000e+00 0.000000e+00 6.865790e-12 6.865790e-12 clkbuf_leaf_137_v_clk
 0.000000e+00 0.000000e+00 6.865790e-12 6.865790e-12 clkbuf_leaf_138_v_clk
 0.000000e+00 0.000000e+00 6.865790e-12 6.865790e-12 clkbuf_leaf_139_v_clk
 0.000000e+00 0.000000e+00 6.865790e-12 6.865790e-12 clkbuf_leaf_13_v_clk
 0.000000e+00 0.000000e+00 6.865790e-12 6.865790e-12 clkbuf_leaf_141_v_clk
 0.000000e+00 0.000000e+00 6.865790e-12 6.865790e-12 clkbuf_leaf_142_v_clk
 0.000000e+00 0.000000e+00 6.865790e-12 6.865790e-12 clkbuf_leaf_143_v_clk
 0.000000e+00 0.000000e+00 6.865790e-12 6.865790e-12 clkbuf_leaf_144_v_clk
 0.000000e+00 0.000000e+00 6.865790e-12 6.865790e-12 clkbuf_leaf_145_v_clk
 0.000000e+00 0.000000e+00 6.865790e-12 6.865790e-12 clkbuf_leaf_146_v_clk
 0.000000e+00 0.000000e+00 6.865790e-12 6.865790e-12 clkbuf_leaf_148_v_clk
 0.000000e+00 0.000000e+00 6.865790e-12 6.865790e-12 clkbuf_leaf_149_v_clk
 0.000000e+00 0.000000e+00 6.865790e-12 6.865790e-12 clkbuf_leaf_14_v_clk
 0.000000e+00 0.000000e+00 6.865790e-12 6.865790e-12 clkbuf_leaf_150_v_clk
 0.000000e+00 0.000000e+00 6.865790e-12 6.865790e-12 clkbuf_leaf_151_v_clk
 0.000000e+00 0.000000e+00 6.865790e-12 6.865790e-12 clkbuf_leaf_152_v_clk
 0.000000e+00 0.000000e+00 6.865790e-12 6.865790e-12 clkbuf_leaf_153_v_clk
 0.000000e+00 0.000000e+00 6.865790e-12 6.865790e-12 clkbuf_leaf_156_v_clk
 0.000000e+00 0.000000e+00 6.865790e-12 6.865790e-12 clkbuf_leaf_157_v_clk
 0.000000e+00 0.000000e+00 6.865790e-12 6.865790e-12 clkbuf_leaf_159_v_clk
 0.000000e+00 0.000000e+00 6.865790e-12 6.865790e-12 clkbuf_leaf_160_v_clk
 0.000000e+00 0.000000e+00 6.865790e-12 6.865790e-12 clkbuf_leaf_161_v_clk
 0.000000e+00 0.000000e+00 6.865790e-12 6.865790e-12 clkbuf_leaf_162_v_clk
 0.000000e+00 0.000000e+00 6.865790e-12 6.865790e-12 clkbuf_leaf_163_v_clk
 0.000000e+00 0.000000e+00 6.865790e-12 6.865790e-12 clkbuf_leaf_164_v_clk
 0.000000e+00 0.000000e+00 6.865790e-12 6.865790e-12 clkbuf_leaf_166_v_clk
 0.000000e+00 0.000000e+00 6.865790e-12 6.865790e-12 clkbuf_leaf_169_v_clk
 0.000000e+00 0.000000e+00 6.865790e-12 6.865790e-12 clkbuf_leaf_16_v_clk
 0.000000e+00 0.000000e+00 6.865790e-12 6.865790e-12 clkbuf_leaf_170_v_clk
 0.000000e+00 0.000000e+00 6.865790e-12 6.865790e-12 clkbuf_leaf_172_v_clk
 0.000000e+00 0.000000e+00 6.865790e-12 6.865790e-12 clkbuf_leaf_173_v_clk
 0.000000e+00 0.000000e+00 6.865790e-12 6.865790e-12 clkbuf_leaf_174_v_clk
 0.000000e+00 0.000000e+00 6.865790e-12 6.865790e-12 clkbuf_leaf_175_v_clk
 0.000000e+00 0.000000e+00 6.865790e-12 6.865790e-12 clkbuf_leaf_177_v_clk
 0.000000e+00 0.000000e+00 6.865790e-12 6.865790e-12 clkbuf_leaf_178_v_clk
 0.000000e+00 0.000000e+00 6.865790e-12 6.865790e-12 clkbuf_leaf_179_v_clk
 0.000000e+00 0.000000e+00 6.865790e-12 6.865790e-12 clkbuf_leaf_180_v_clk
 0.000000e+00 0.000000e+00 6.865790e-12 6.865790e-12 clkbuf_leaf_181_v_clk
 0.000000e+00 0.000000e+00 6.865790e-12 6.865790e-12 clkbuf_leaf_182_v_clk
 0.000000e+00 0.000000e+00 6.865790e-12 6.865790e-12 clkbuf_leaf_184_v_clk
 0.000000e+00 0.000000e+00 6.865790e-12 6.865790e-12 clkbuf_leaf_185_v_clk
 0.000000e+00 0.000000e+00 6.865790e-12 6.865790e-12 clkbuf_leaf_186_v_clk
 0.000000e+00 0.000000e+00 6.865790e-12 6.865790e-12 clkbuf_leaf_188_v_clk
 0.000000e+00 0.000000e+00 6.865790e-12 6.865790e-12 clkbuf_leaf_18_v_clk
 0.000000e+00 0.000000e+00 6.865790e-12 6.865790e-12 clkbuf_leaf_190_v_clk
 0.000000e+00 0.000000e+00 6.865790e-12 6.865790e-12 clkbuf_leaf_192_v_clk
 0.000000e+00 0.000000e+00 6.865790e-12 6.865790e-12 clkbuf_leaf_193_v_clk
 0.000000e+00 0.000000e+00 6.865790e-12 6.865790e-12 clkbuf_leaf_194_v_clk
 0.000000e+00 0.000000e+00 6.865790e-12 6.865790e-12 clkbuf_leaf_195_v_clk
 0.000000e+00 0.000000e+00 6.865790e-12 6.865790e-12 clkbuf_leaf_197_v_clk
 0.000000e+00 0.000000e+00 6.865790e-12 6.865790e-12 clkbuf_leaf_198_v_clk
 0.000000e+00 0.000000e+00 6.865790e-12 6.865790e-12 clkbuf_leaf_199_v_clk
 0.000000e+00 0.000000e+00 6.865790e-12 6.865790e-12 clkbuf_leaf_1_v_clk
 0.000000e+00 0.000000e+00 6.865790e-12 6.865790e-12 clkbuf_leaf_200_v_clk
 0.000000e+00 0.000000e+00 6.865790e-12 6.865790e-12 clkbuf_leaf_202_v_clk
 0.000000e+00 0.000000e+00 6.865790e-12 6.865790e-12 clkbuf_leaf_203_v_clk
 0.000000e+00 0.000000e+00 6.865790e-12 6.865790e-12 clkbuf_leaf_204_v_clk
 0.000000e+00 0.000000e+00 6.865790e-12 6.865790e-12 clkbuf_leaf_205_v_clk
 0.000000e+00 0.000000e+00 6.865790e-12 6.865790e-12 clkbuf_leaf_207_v_clk
 0.000000e+00 0.000000e+00 6.865790e-12 6.865790e-12 clkbuf_leaf_208_v_clk
 0.000000e+00 0.000000e+00 6.865790e-12 6.865790e-12 clkbuf_leaf_209_v_clk
 0.000000e+00 0.000000e+00 6.865790e-12 6.865790e-12 clkbuf_leaf_210_v_clk
 0.000000e+00 0.000000e+00 6.865790e-12 6.865790e-12 clkbuf_leaf_211_v_clk
 0.000000e+00 0.000000e+00 6.865790e-12 6.865790e-12 clkbuf_leaf_212_v_clk
 0.000000e+00 0.000000e+00 6.865790e-12 6.865790e-12 clkbuf_leaf_213_v_clk
 0.000000e+00 0.000000e+00 6.865790e-12 6.865790e-12 clkbuf_leaf_215_v_clk
 0.000000e+00 0.000000e+00 6.865790e-12 6.865790e-12 clkbuf_leaf_216_v_clk
 0.000000e+00 0.000000e+00 6.865790e-12 6.865790e-12 clkbuf_leaf_217_v_clk
 0.000000e+00 0.000000e+00 6.865790e-12 6.865790e-12 clkbuf_leaf_22_v_clk
 0.000000e+00 0.000000e+00 6.865790e-12 6.865790e-12 clkbuf_leaf_23_v_clk
 0.000000e+00 0.000000e+00 6.865790e-12 6.865790e-12 clkbuf_leaf_24_v_clk
 0.000000e+00 0.000000e+00 6.865790e-12 6.865790e-12 clkbuf_leaf_25_v_clk
 0.000000e+00 0.000000e+00 6.865790e-12 6.865790e-12 clkbuf_leaf_26_v_clk
 0.000000e+00 0.000000e+00 6.865790e-12 6.865790e-12 clkbuf_leaf_27_v_clk
 0.000000e+00 0.000000e+00 6.865790e-12 6.865790e-12 clkbuf_leaf_28_v_clk
 0.000000e+00 0.000000e+00 6.865790e-12 6.865790e-12 clkbuf_leaf_2_v_clk
 0.000000e+00 0.000000e+00 6.865790e-12 6.865790e-12 clkbuf_leaf_31_v_clk
 0.000000e+00 0.000000e+00 6.865790e-12 6.865790e-12 clkbuf_leaf_32_v_clk
 0.000000e+00 0.000000e+00 6.865790e-12 6.865790e-12 clkbuf_leaf_33_v_clk
 0.000000e+00 0.000000e+00 6.865790e-12 6.865790e-12 clkbuf_leaf_34_v_clk
 0.000000e+00 0.000000e+00 6.865790e-12 6.865790e-12 clkbuf_leaf_36_v_clk
 0.000000e+00 0.000000e+00 6.865790e-12 6.865790e-12 clkbuf_leaf_37_v_clk
 0.000000e+00 0.000000e+00 6.865790e-12 6.865790e-12 clkbuf_leaf_38_v_clk
 0.000000e+00 0.000000e+00 6.865790e-12 6.865790e-12 clkbuf_leaf_39_v_clk
 0.000000e+00 0.000000e+00 6.865790e-12 6.865790e-12 clkbuf_leaf_3_v_clk
 0.000000e+00 0.000000e+00 6.865790e-12 6.865790e-12 clkbuf_leaf_40_v_clk
 0.000000e+00 0.000000e+00 6.865790e-12 6.865790e-12 clkbuf_leaf_42_v_clk
 0.000000e+00 0.000000e+00 6.865790e-12 6.865790e-12 clkbuf_leaf_44_v_clk
 0.000000e+00 0.000000e+00 6.865790e-12 6.865790e-12 clkbuf_leaf_45_v_clk
 0.000000e+00 0.000000e+00 6.865790e-12 6.865790e-12 clkbuf_leaf_48_v_clk
 0.000000e+00 0.000000e+00 6.865790e-12 6.865790e-12 clkbuf_leaf_49_v_clk
 0.000000e+00 0.000000e+00 6.865790e-12 6.865790e-12 clkbuf_leaf_4_v_clk
 0.000000e+00 0.000000e+00 6.865790e-12 6.865790e-12 clkbuf_leaf_50_v_clk
 0.000000e+00 0.000000e+00 6.865790e-12 6.865790e-12 clkbuf_leaf_51_v_clk
 0.000000e+00 0.000000e+00 6.865790e-12 6.865790e-12 clkbuf_leaf_52_v_clk
 0.000000e+00 0.000000e+00 6.865790e-12 6.865790e-12 clkbuf_leaf_54_v_clk
 0.000000e+00 0.000000e+00 6.865790e-12 6.865790e-12 clkbuf_leaf_55_v_clk
 0.000000e+00 0.000000e+00 6.865790e-12 6.865790e-12 clkbuf_leaf_56_v_clk
 0.000000e+00 0.000000e+00 6.865790e-12 6.865790e-12 clkbuf_leaf_57_v_clk
 0.000000e+00 0.000000e+00 6.865790e-12 6.865790e-12 clkbuf_leaf_58_v_clk
 0.000000e+00 0.000000e+00 6.865790e-12 6.865790e-12 clkbuf_leaf_5_v_clk
 0.000000e+00 0.000000e+00 6.865790e-12 6.865790e-12 clkbuf_leaf_61_v_clk
 0.000000e+00 0.000000e+00 6.865790e-12 6.865790e-12 clkbuf_leaf_62_v_clk
 0.000000e+00 0.000000e+00 6.865790e-12 6.865790e-12 clkbuf_leaf_63_v_clk
 0.000000e+00 0.000000e+00 6.865790e-12 6.865790e-12 clkbuf_leaf_64_v_clk
 0.000000e+00 0.000000e+00 6.865790e-12 6.865790e-12 clkbuf_leaf_65_v_clk
 0.000000e+00 0.000000e+00 6.865790e-12 6.865790e-12 clkbuf_leaf_66_v_clk
 0.000000e+00 0.000000e+00 6.865790e-12 6.865790e-12 clkbuf_leaf_68_v_clk
 0.000000e+00 0.000000e+00 6.865790e-12 6.865790e-12 clkbuf_leaf_69_v_clk
 0.000000e+00 0.000000e+00 6.865790e-12 6.865790e-12 clkbuf_leaf_6_v_clk
 0.000000e+00 0.000000e+00 6.865790e-12 6.865790e-12 clkbuf_leaf_70_v_clk
 0.000000e+00 0.000000e+00 6.865790e-12 6.865790e-12 clkbuf_leaf_72_v_clk
 0.000000e+00 0.000000e+00 6.865790e-12 6.865790e-12 clkbuf_leaf_73_v_clk
 0.000000e+00 0.000000e+00 6.865790e-12 6.865790e-12 clkbuf_leaf_75_v_clk
 0.000000e+00 0.000000e+00 6.865790e-12 6.865790e-12 clkbuf_leaf_76_v_clk
 0.000000e+00 0.000000e+00 6.865790e-12 6.865790e-12 clkbuf_leaf_78_v_clk
 0.000000e+00 0.000000e+00 6.865790e-12 6.865790e-12 clkbuf_leaf_79_v_clk
 0.000000e+00 0.000000e+00 6.865790e-12 6.865790e-12 clkbuf_leaf_7_v_clk
 0.000000e+00 0.000000e+00 6.865790e-12 6.865790e-12 clkbuf_leaf_80_v_clk
 0.000000e+00 0.000000e+00 6.865790e-12 6.865790e-12 clkbuf_leaf_81_v_clk
 0.000000e+00 0.000000e+00 6.865790e-12 6.865790e-12 clkbuf_leaf_82_v_clk
 0.000000e+00 0.000000e+00 6.865790e-12 6.865790e-12 clkbuf_leaf_84_v_clk
 0.000000e+00 0.000000e+00 6.865790e-12 6.865790e-12 clkbuf_leaf_85_v_clk
 0.000000e+00 0.000000e+00 6.865790e-12 6.865790e-12 clkbuf_leaf_87_v_clk
 0.000000e+00 0.000000e+00 6.865790e-12 6.865790e-12 clkbuf_leaf_88_v_clk
 0.000000e+00 0.000000e+00 6.865790e-12 6.865790e-12 clkbuf_leaf_89_v_clk
 0.000000e+00 0.000000e+00 6.865790e-12 6.865790e-12 clkbuf_leaf_8_v_clk
 0.000000e+00 0.000000e+00 6.865790e-12 6.865790e-12 clkbuf_leaf_90_v_clk
 0.000000e+00 0.000000e+00 6.865790e-12 6.865790e-12 clkbuf_leaf_91_v_clk
 0.000000e+00 0.000000e+00 6.865790e-12 6.865790e-12 clkbuf_leaf_93_v_clk
 0.000000e+00 0.000000e+00 6.865790e-12 6.865790e-12 clkbuf_leaf_94_v_clk
 0.000000e+00 0.000000e+00 6.865790e-12 6.865790e-12 clkbuf_leaf_95_v_clk
 0.000000e+00 0.000000e+00 6.865790e-12 6.865790e-12 clkbuf_leaf_97_v_clk
 0.000000e+00 0.000000e+00 6.865790e-12 6.865790e-12 clkbuf_leaf_98_v_clk
 0.000000e+00 0.000000e+00 6.865790e-12 6.865790e-12 clkbuf_leaf_99_v_clk
 0.000000e+00 0.000000e+00 6.865790e-12 6.865790e-12 clkbuf_leaf_9_v_clk
 0.000000e+00 0.000000e+00 6.865790e-12 6.865790e-12 clkload146
 0.000000e+00 0.000000e+00 6.865790e-12 6.865790e-12 clkload153
 0.000000e+00 0.000000e+00 6.865790e-12 6.865790e-12 clkload164
 0.000000e+00 0.000000e+00 6.865790e-12 6.865790e-12 clkload167
 0.000000e+00 0.000000e+00 6.865790e-12 6.865790e-12 clkload174
 0.000000e+00 0.000000e+00 6.865790e-12 6.865790e-12 clkload177
 0.000000e+00 0.000000e+00 6.865790e-12 6.865790e-12 clkload187
 0.000000e+00 0.000000e+00 6.865790e-12 6.865790e-12 clkload194
 0.000000e+00 0.000000e+00 6.865790e-12 6.865790e-12 clkload208
 0.000000e+00 0.000000e+00 6.865790e-12 6.865790e-12 clkload213
 0.000000e+00 0.000000e+00 6.865790e-12 6.865790e-12 clkload216
 0.000000e+00 0.000000e+00 6.865790e-12 6.865790e-12 clkload231
 0.000000e+00 0.000000e+00 6.865790e-12 6.865790e-12 clkload237
 0.000000e+00 0.000000e+00 6.865790e-12 6.865790e-12 clkload254
 0.000000e+00 0.000000e+00 6.865790e-12 6.865790e-12 clkload255
 0.000000e+00 0.000000e+00 6.865790e-12 6.865790e-12 clkload258
 0.000000e+00 0.000000e+00 6.865790e-12 6.865790e-12 clkload267
 0.000000e+00 0.000000e+00 6.865790e-12 6.865790e-12 clkload272
 0.000000e+00 0.000000e+00 6.865790e-12 6.865790e-12 clkload275
 0.000000e+00 0.000000e+00 6.865790e-12 6.865790e-12 clkload308
 0.000000e+00 0.000000e+00 6.865790e-12 6.865790e-12 clkload310
 0.000000e+00 0.000000e+00 6.865790e-12 6.865790e-12 clkload318
 0.000000e+00 0.000000e+00 6.865790e-12 6.865790e-12 clkload322
 0.000000e+00 0.000000e+00 6.865787e-12 6.865787e-12 clkbuf_2_0_0_w_clk
 0.000000e+00 0.000000e+00 6.865787e-12 6.865787e-12 clkbuf_2_1_0_w_clk
 0.000000e+00 0.000000e+00 6.865787e-12 6.865787e-12 clkbuf_2_3_0_w_clk
 0.000000e+00 0.000000e+00 6.865787e-12 6.865787e-12 clkbuf_leaf_100_w_clk
 0.000000e+00 0.000000e+00 6.865787e-12 6.865787e-12 clkbuf_leaf_102_w_clk
 0.000000e+00 0.000000e+00 6.865787e-12 6.865787e-12 clkbuf_leaf_103_w_clk
 0.000000e+00 0.000000e+00 6.865787e-12 6.865787e-12 clkbuf_leaf_108_w_clk
 0.000000e+00 0.000000e+00 6.865787e-12 6.865787e-12 clkbuf_leaf_10_w_clk
 0.000000e+00 0.000000e+00 6.865787e-12 6.865787e-12 clkbuf_leaf_110_w_clk
 0.000000e+00 0.000000e+00 6.865787e-12 6.865787e-12 clkbuf_leaf_112_w_clk
 0.000000e+00 0.000000e+00 6.865787e-12 6.865787e-12 clkbuf_leaf_113_w_clk
 0.000000e+00 0.000000e+00 6.865787e-12 6.865787e-12 clkbuf_leaf_114_w_clk
 0.000000e+00 0.000000e+00 6.865787e-12 6.865787e-12 clkbuf_leaf_115_w_clk
 0.000000e+00 0.000000e+00 6.865787e-12 6.865787e-12 clkbuf_leaf_117_w_clk
 0.000000e+00 0.000000e+00 6.865787e-12 6.865787e-12 clkbuf_leaf_118_w_clk
 0.000000e+00 0.000000e+00 6.865787e-12 6.865787e-12 clkbuf_leaf_11_w_clk
 0.000000e+00 0.000000e+00 6.865787e-12 6.865787e-12 clkbuf_leaf_121_w_clk
 0.000000e+00 0.000000e+00 6.865787e-12 6.865787e-12 clkbuf_leaf_124_w_clk
 0.000000e+00 0.000000e+00 6.865787e-12 6.865787e-12 clkbuf_leaf_125_w_clk
 0.000000e+00 0.000000e+00 6.865787e-12 6.865787e-12 clkbuf_leaf_127_w_clk
 0.000000e+00 0.000000e+00 6.865787e-12 6.865787e-12 clkbuf_leaf_128_w_clk
 0.000000e+00 0.000000e+00 6.865787e-12 6.865787e-12 clkbuf_leaf_12_w_clk
 0.000000e+00 0.000000e+00 6.865787e-12 6.865787e-12 clkbuf_leaf_131_w_clk
 0.000000e+00 0.000000e+00 6.865787e-12 6.865787e-12 clkbuf_leaf_132_w_clk
 0.000000e+00 0.000000e+00 6.865787e-12 6.865787e-12 clkbuf_leaf_13_w_clk
 0.000000e+00 0.000000e+00 6.865787e-12 6.865787e-12 clkbuf_leaf_141_w_clk
 0.000000e+00 0.000000e+00 6.865787e-12 6.865787e-12 clkbuf_leaf_146_w_clk
 0.000000e+00 0.000000e+00 6.865787e-12 6.865787e-12 clkbuf_leaf_147_w_clk
 0.000000e+00 0.000000e+00 6.865787e-12 6.865787e-12 clkbuf_leaf_149_w_clk
 0.000000e+00 0.000000e+00 6.865787e-12 6.865787e-12 clkbuf_leaf_150_w_clk
 0.000000e+00 0.000000e+00 6.865787e-12 6.865787e-12 clkbuf_leaf_152_w_clk
 0.000000e+00 0.000000e+00 6.865787e-12 6.865787e-12 clkbuf_leaf_153_w_clk
 0.000000e+00 0.000000e+00 6.865787e-12 6.865787e-12 clkbuf_leaf_154_w_clk
 0.000000e+00 0.000000e+00 6.865787e-12 6.865787e-12 clkbuf_leaf_156_w_clk
 0.000000e+00 0.000000e+00 6.865787e-12 6.865787e-12 clkbuf_leaf_158_w_clk
 0.000000e+00 0.000000e+00 6.865787e-12 6.865787e-12 clkbuf_leaf_159_w_clk
 0.000000e+00 0.000000e+00 6.865787e-12 6.865787e-12 clkbuf_leaf_160_w_clk
 0.000000e+00 0.000000e+00 6.865787e-12 6.865787e-12 clkbuf_leaf_163_w_clk
 0.000000e+00 0.000000e+00 6.865787e-12 6.865787e-12 clkbuf_leaf_164_w_clk
 0.000000e+00 0.000000e+00 6.865787e-12 6.865787e-12 clkbuf_leaf_165_w_clk
 0.000000e+00 0.000000e+00 6.865787e-12 6.865787e-12 clkbuf_leaf_166_w_clk
 0.000000e+00 0.000000e+00 6.865787e-12 6.865787e-12 clkbuf_leaf_167_w_clk
 0.000000e+00 0.000000e+00 6.865787e-12 6.865787e-12 clkbuf_leaf_17_w_clk
 0.000000e+00 0.000000e+00 6.865787e-12 6.865787e-12 clkbuf_leaf_18_w_clk
 0.000000e+00 0.000000e+00 6.865787e-12 6.865787e-12 clkbuf_leaf_1_w_clk
 0.000000e+00 0.000000e+00 6.865787e-12 6.865787e-12 clkbuf_leaf_21_w_clk
 0.000000e+00 0.000000e+00 6.865787e-12 6.865787e-12 clkbuf_leaf_22_w_clk
 0.000000e+00 0.000000e+00 6.865787e-12 6.865787e-12 clkbuf_leaf_24_w_clk
 0.000000e+00 0.000000e+00 6.865787e-12 6.865787e-12 clkbuf_leaf_27_w_clk
 0.000000e+00 0.000000e+00 6.865787e-12 6.865787e-12 clkbuf_leaf_29_w_clk
 0.000000e+00 0.000000e+00 6.865787e-12 6.865787e-12 clkbuf_leaf_2_w_clk
 0.000000e+00 0.000000e+00 6.865787e-12 6.865787e-12 clkbuf_leaf_30_w_clk
 0.000000e+00 0.000000e+00 6.865787e-12 6.865787e-12 clkbuf_leaf_31_w_clk
 0.000000e+00 0.000000e+00 6.865787e-12 6.865787e-12 clkbuf_leaf_33_w_clk
 0.000000e+00 0.000000e+00 6.865787e-12 6.865787e-12 clkbuf_leaf_34_w_clk
 0.000000e+00 0.000000e+00 6.865787e-12 6.865787e-12 clkbuf_leaf_35_w_clk
 0.000000e+00 0.000000e+00 6.865787e-12 6.865787e-12 clkbuf_leaf_39_w_clk
 0.000000e+00 0.000000e+00 6.865787e-12 6.865787e-12 clkbuf_leaf_40_w_clk
 0.000000e+00 0.000000e+00 6.865787e-12 6.865787e-12 clkbuf_leaf_42_w_clk
 0.000000e+00 0.000000e+00 6.865787e-12 6.865787e-12 clkbuf_leaf_44_w_clk
 0.000000e+00 0.000000e+00 6.865787e-12 6.865787e-12 clkbuf_leaf_45_w_clk
 0.000000e+00 0.000000e+00 6.865787e-12 6.865787e-12 clkbuf_leaf_47_w_clk
 0.000000e+00 0.000000e+00 6.865787e-12 6.865787e-12 clkbuf_leaf_48_w_clk
 0.000000e+00 0.000000e+00 6.865787e-12 6.865787e-12 clkbuf_leaf_4_w_clk
 0.000000e+00 0.000000e+00 6.865787e-12 6.865787e-12 clkbuf_leaf_51_w_clk
 0.000000e+00 0.000000e+00 6.865787e-12 6.865787e-12 clkbuf_leaf_52_w_clk
 0.000000e+00 0.000000e+00 6.865787e-12 6.865787e-12 clkbuf_leaf_53_w_clk
 0.000000e+00 0.000000e+00 6.865787e-12 6.865787e-12 clkbuf_leaf_54_w_clk
 0.000000e+00 0.000000e+00 6.865787e-12 6.865787e-12 clkbuf_leaf_56_w_clk
 0.000000e+00 0.000000e+00 6.865787e-12 6.865787e-12 clkbuf_leaf_59_w_clk
 0.000000e+00 0.000000e+00 6.865787e-12 6.865787e-12 clkbuf_leaf_5_w_clk
 0.000000e+00 0.000000e+00 6.865787e-12 6.865787e-12 clkbuf_leaf_60_w_clk
 0.000000e+00 0.000000e+00 6.865787e-12 6.865787e-12 clkbuf_leaf_64_w_clk
 0.000000e+00 0.000000e+00 6.865787e-12 6.865787e-12 clkbuf_leaf_67_w_clk
 0.000000e+00 0.000000e+00 6.865787e-12 6.865787e-12 clkbuf_leaf_68_w_clk
 0.000000e+00 0.000000e+00 6.865787e-12 6.865787e-12 clkbuf_leaf_6_w_clk
 0.000000e+00 0.000000e+00 6.865787e-12 6.865787e-12 clkbuf_leaf_72_w_clk
 0.000000e+00 0.000000e+00 6.865787e-12 6.865787e-12 clkbuf_leaf_73_w_clk
 0.000000e+00 0.000000e+00 6.865787e-12 6.865787e-12 clkbuf_leaf_74_w_clk
 0.000000e+00 0.000000e+00 6.865787e-12 6.865787e-12 clkbuf_leaf_75_w_clk
 0.000000e+00 0.000000e+00 6.865787e-12 6.865787e-12 clkbuf_leaf_77_w_clk
 0.000000e+00 0.000000e+00 6.865787e-12 6.865787e-12 clkbuf_leaf_78_w_clk
 0.000000e+00 0.000000e+00 6.865787e-12 6.865787e-12 clkbuf_leaf_7_w_clk
 0.000000e+00 0.000000e+00 6.865787e-12 6.865787e-12 clkbuf_leaf_81_w_clk
 0.000000e+00 0.000000e+00 6.865787e-12 6.865787e-12 clkbuf_leaf_82_w_clk
 0.000000e+00 0.000000e+00 6.865787e-12 6.865787e-12 clkbuf_leaf_83_w_clk
 0.000000e+00 0.000000e+00 6.865787e-12 6.865787e-12 clkbuf_leaf_85_w_clk
 0.000000e+00 0.000000e+00 6.865787e-12 6.865787e-12 clkbuf_leaf_88_w_clk
 0.000000e+00 0.000000e+00 6.865787e-12 6.865787e-12 clkbuf_leaf_8_w_clk
 0.000000e+00 0.000000e+00 6.865787e-12 6.865787e-12 clkbuf_leaf_91_w_clk
 0.000000e+00 0.000000e+00 6.865787e-12 6.865787e-12 clkbuf_leaf_92_w_clk
 0.000000e+00 0.000000e+00 6.865787e-12 6.865787e-12 clkbuf_leaf_94_w_clk
 0.000000e+00 0.000000e+00 6.865787e-12 6.865787e-12 clkbuf_leaf_95_w_clk
 0.000000e+00 0.000000e+00 6.865787e-12 6.865787e-12 clkbuf_leaf_96_w_clk
 0.000000e+00 0.000000e+00 6.865787e-12 6.865787e-12 clkbuf_leaf_97_w_clk
 0.000000e+00 0.000000e+00 6.865787e-12 6.865787e-12 clkbuf_leaf_9_w_clk
 0.000000e+00 0.000000e+00 6.865787e-12 6.865787e-12 clkload127
 0.000000e+00 0.000000e+00 6.865787e-12 6.865787e-12 clkload128
 0.000000e+00 0.000000e+00 6.865787e-12 6.865787e-12 clkload24
 0.000000e+00 0.000000e+00 6.865787e-12 6.865787e-12 clkload34
 0.000000e+00 0.000000e+00 6.865787e-12 6.865787e-12 clkload42
 0.000000e+00 0.000000e+00 6.865787e-12 6.865787e-12 clkload43
 0.000000e+00 0.000000e+00 6.865787e-12 6.865787e-12 clkload45
 0.000000e+00 0.000000e+00 6.865787e-12 6.865787e-12 clkload48
 0.000000e+00 0.000000e+00 6.865787e-12 6.865787e-12 clkload61
 0.000000e+00 0.000000e+00 6.865787e-12 6.865787e-12 clkload74
 0.000000e+00 0.000000e+00 6.865787e-12 6.865787e-12 clkload96
 0.000000e+00 0.000000e+00 6.865784e-12 6.865784e-12 fanout1093
 0.000000e+00 0.000000e+00 6.865781e-12 6.865781e-12 clkbuf_2_1_0_v_clk
 0.000000e+00 0.000000e+00 6.865781e-12 6.865781e-12 clkbuf_2_2_0_v_clk
 0.000000e+00 0.000000e+00 6.865781e-12 6.865781e-12 clkbuf_2_3_0_v_clk
 0.000000e+00 0.000000e+00 6.865764e-12 6.865764e-12 fanout1855
 0.000000e+00 0.000000e+00 6.865764e-12 6.865764e-12 fanout1864
 0.000000e+00 0.000000e+00 6.865764e-12 6.865764e-12 fanout1870
 0.000000e+00 0.000000e+00 6.865764e-12 6.865764e-12 fanout1874
 0.000000e+00 0.000000e+00 6.865764e-12 6.865764e-12 fanout1888
 0.000000e+00 0.000000e+00 6.865764e-12 6.865764e-12 fanout1889
 0.000000e+00 0.000000e+00 6.865764e-12 6.865764e-12 fanout1901
 0.000000e+00 0.000000e+00 6.865764e-12 6.865764e-12 fanout1902
 0.000000e+00 0.000000e+00 6.865764e-12 6.865764e-12 fanout1907
 0.000000e+00 0.000000e+00 6.865764e-12 6.865764e-12 fanout1912
 0.000000e+00 0.000000e+00 6.865764e-12 6.865764e-12 fanout1916
 0.000000e+00 0.000000e+00 6.865764e-12 6.865764e-12 fanout1922
 0.000000e+00 0.000000e+00 6.865764e-12 6.865764e-12 fanout1872
 0.000000e+00 0.000000e+00 6.865764e-12 6.865764e-12 fanout1877
 0.000000e+00 0.000000e+00 6.865764e-12 6.865764e-12 fanout1897
 0.000000e+00 0.000000e+00 6.865738e-12 6.865738e-12 fanout1118
 0.000000e+00 0.000000e+00 6.865738e-12 6.865738e-12 fanout1121
 0.000000e+00 0.000000e+00 6.865738e-12 6.865738e-12 fanout1124
 0.000000e+00 0.000000e+00 6.865737e-12 6.865737e-12 fanout1145
 0.000000e+00 0.000000e+00 6.865737e-12 6.865737e-12 fanout1147
 0.000000e+00 0.000000e+00 6.865725e-12 6.865725e-12 fanout1939
 0.000000e+00 0.000000e+00 6.865725e-12 6.865725e-12 fanout387
 0.000000e+00 0.000000e+00 6.865720e-12 6.865720e-12 fanout534
 0.000000e+00 0.000000e+00 6.865720e-12 6.865720e-12 fanout535
 0.000000e+00 0.000000e+00 6.865718e-12 6.865718e-12 fanout1035
 0.000000e+00 0.000000e+00 6.865718e-12 6.865718e-12 fanout1044
 0.000000e+00 0.000000e+00 6.865712e-12 6.865712e-12 fanout1021
 0.000000e+00 0.000000e+00 6.865712e-12 6.865712e-12 fanout973
 0.000000e+00 0.000000e+00 6.865705e-12 6.865705e-12 fanout649
 0.000000e+00 0.000000e+00 6.865699e-12 6.865699e-12 fanout727
 2.003598e-12 3.314643e-12 1.181000e-12 6.499241e-12 wire236
 1.993104e-12 3.147198e-12 1.181000e-12 6.321302e-12 max_cap267
 1.996735e-12 3.000663e-12 1.181000e-12 6.178397e-12 max_cap261
 1.991149e-12 2.939145e-12 1.181000e-12 6.111294e-12 max_cap237
 1.994635e-12 2.382140e-12 1.181000e-12 5.557775e-12 max_cap260
 1.980204e-12 2.335632e-12 1.181000e-12 5.496836e-12 max_cap275
 0.000000e+00 0.000000e+00 4.876300e-12 4.876300e-12 fanout1653
 0.000000e+00 0.000000e+00 4.876300e-12 4.876300e-12 fanout1659
 0.000000e+00 0.000000e+00 4.876300e-12 4.876300e-12 fanout1660
 0.000000e+00 0.000000e+00 4.876300e-12 4.876300e-12 fanout1662
 0.000000e+00 0.000000e+00 4.876300e-12 4.876300e-12 fanout1663
 0.000000e+00 0.000000e+00 4.876300e-12 4.876300e-12 fanout257
 0.000000e+00 0.000000e+00 4.876300e-12 4.876300e-12 fanout272
 0.000000e+00 0.000000e+00 4.876300e-12 4.876300e-12 fanout285
 0.000000e+00 0.000000e+00 4.876300e-12 4.876300e-12 fanout291
 0.000000e+00 0.000000e+00 4.876300e-12 4.876300e-12 fanout702
 0.000000e+00 0.000000e+00 4.876300e-12 4.876300e-12 fanout73
 0.000000e+00 0.000000e+00 4.876300e-12 4.876300e-12 fanout89
 0.000000e+00 0.000000e+00 4.876299e-12 4.876299e-12 fanout308
 0.000000e+00 0.000000e+00 4.876299e-12 4.876299e-12 fanout341
 0.000000e+00 0.000000e+00 4.876295e-12 4.876295e-12 fanout594
 0.000000e+00 0.000000e+00 4.876295e-12 4.876295e-12 fanout604
 0.000000e+00 0.000000e+00 4.876295e-12 4.876295e-12 fanout610
 0.000000e+00 0.000000e+00 4.876295e-12 4.876295e-12 fanout613
 0.000000e+00 0.000000e+00 4.876295e-12 4.876295e-12 fanout616
 0.000000e+00 0.000000e+00 4.876295e-12 4.876295e-12 fanout618
 0.000000e+00 0.000000e+00 4.876295e-12 4.876295e-12 fanout641
 0.000000e+00 0.000000e+00 4.876295e-12 4.876295e-12 fanout662
 0.000000e+00 0.000000e+00 4.876295e-12 4.876295e-12 fanout668
 0.000000e+00 0.000000e+00 4.876294e-12 4.876294e-12 fanout306
 0.000000e+00 0.000000e+00 4.876294e-12 4.876294e-12 fanout398
 0.000000e+00 0.000000e+00 4.876294e-12 4.876294e-12 fanout545
 0.000000e+00 0.000000e+00 4.876294e-12 4.876294e-12 fanout595
 0.000000e+00 0.000000e+00 4.876294e-12 4.876294e-12 fanout601
 0.000000e+00 0.000000e+00 4.876294e-12 4.876294e-12 fanout621
 0.000000e+00 0.000000e+00 4.876294e-12 4.876294e-12 fanout630
 0.000000e+00 0.000000e+00 4.876294e-12 4.876294e-12 fanout643
 0.000000e+00 0.000000e+00 4.876294e-12 4.876294e-12 fanout653
 0.000000e+00 0.000000e+00 4.876294e-12 4.876294e-12 fanout655
 0.000000e+00 0.000000e+00 4.876294e-12 4.876294e-12 fanout659
 0.000000e+00 0.000000e+00 4.876294e-12 4.876294e-12 fanout664
 0.000000e+00 0.000000e+00 4.876294e-12 4.876294e-12 fanout669
 0.000000e+00 0.000000e+00 4.876289e-12 4.876289e-12 fanout368
 0.000000e+00 0.000000e+00 4.876289e-12 4.876289e-12 fanout963
 0.000000e+00 0.000000e+00 4.876289e-12 4.876289e-12 fanout251
 0.000000e+00 0.000000e+00 4.876289e-12 4.876289e-12 fanout964
 0.000000e+00 0.000000e+00 4.876289e-12 4.876289e-12 fanout972
 0.000000e+00 0.000000e+00 4.876284e-12 4.876284e-12 fanout1040
 0.000000e+00 0.000000e+00 4.876284e-12 4.876284e-12 fanout1054
 0.000000e+00 0.000000e+00 4.876283e-12 4.876283e-12 fanout1037
 0.000000e+00 0.000000e+00 4.876283e-12 4.876283e-12 fanout1046
 0.000000e+00 0.000000e+00 4.876283e-12 4.876283e-12 fanout1060
 0.000000e+00 0.000000e+00 4.876283e-12 4.876283e-12 fanout917
 0.000000e+00 0.000000e+00 4.876278e-12 4.876278e-12 fanout870
 0.000000e+00 0.000000e+00 4.876278e-12 4.876278e-12 fanout1931
 0.000000e+00 0.000000e+00 4.876272e-12 4.876272e-12 fanout730
 0.000000e+00 0.000000e+00 4.876268e-12 4.876268e-12 fanout1135
 0.000000e+00 0.000000e+00 4.876268e-12 4.876268e-12 fanout1142
 0.000000e+00 0.000000e+00 4.876268e-12 4.876268e-12 fanout1143
 0.000000e+00 0.000000e+00 4.876267e-12 4.876267e-12 fanout1122
 0.000000e+00 0.000000e+00 4.876267e-12 4.876267e-12 fanout1129
 0.000000e+00 0.000000e+00 4.876258e-12 4.876258e-12 fanout1203
 0.000000e+00 0.000000e+00 4.876258e-12 4.876258e-12 fanout1218
 0.000000e+00 0.000000e+00 4.876256e-12 4.876256e-12 fanout1161
 0.000000e+00 0.000000e+00 4.876256e-12 4.876256e-12 fanout1166
 0.000000e+00 0.000000e+00 4.876256e-12 4.876256e-12 fanout1170
 0.000000e+00 0.000000e+00 4.876256e-12 4.876256e-12 fanout1172
 0.000000e+00 0.000000e+00 4.876256e-12 4.876256e-12 fanout1173
 0.000000e+00 0.000000e+00 4.876256e-12 4.876256e-12 fanout1178
 0.000000e+00 0.000000e+00 4.876256e-12 4.876256e-12 fanout1189
 0.000000e+00 0.000000e+00 4.876256e-12 4.876256e-12 fanout1193
 0.000000e+00 0.000000e+00 4.876256e-12 4.876256e-12 fanout1194
 0.000000e+00 0.000000e+00 4.876256e-12 4.876256e-12 fanout1195
 0.000000e+00 0.000000e+00 4.876256e-12 4.876256e-12 fanout1199
 0.000000e+00 0.000000e+00 4.876256e-12 4.876256e-12 fanout1202
 0.000000e+00 0.000000e+00 4.876256e-12 4.876256e-12 fanout1209
 0.000000e+00 0.000000e+00 4.876256e-12 4.876256e-12 fanout1212
 0.000000e+00 0.000000e+00 4.876256e-12 4.876256e-12 fanout1217
 0.000000e+00 0.000000e+00 4.876256e-12 4.876256e-12 fanout1221
 0.000000e+00 0.000000e+00 4.876256e-12 4.876256e-12 fanout1222
 0.000000e+00 0.000000e+00 4.876256e-12 4.876256e-12 fanout1223
 0.000000e+00 0.000000e+00 4.876256e-12 4.876256e-12 fanout1225
 0.000000e+00 0.000000e+00 4.876256e-12 4.876256e-12 fanout1226
 0.000000e+00 0.000000e+00 4.876256e-12 4.876256e-12 hold1208
 0.000000e+00 0.000000e+00 4.876250e-12 4.876250e-12 fanout911
 0.000000e+00 0.000000e+00 4.876245e-12 4.876245e-12 fanout1857
 0.000000e+00 0.000000e+00 4.876245e-12 4.876245e-12 fanout1856
 0.000000e+00 0.000000e+00 4.876245e-12 4.876245e-12 fanout1869
 0.000000e+00 0.000000e+00 4.876245e-12 4.876245e-12 fanout1884
 0.000000e+00 0.000000e+00 4.876245e-12 4.876245e-12 fanout1885
 0.000000e+00 0.000000e+00 4.876245e-12 4.876245e-12 fanout1892
 0.000000e+00 0.000000e+00 4.876245e-12 4.876245e-12 fanout1895
 0.000000e+00 0.000000e+00 4.876245e-12 4.876245e-12 fanout1909
 0.000000e+00 0.000000e+00 4.876245e-12 4.876245e-12 fanout1913
 0.000000e+00 0.000000e+00 4.876245e-12 4.876245e-12 fanout1917
 0.000000e+00 0.000000e+00 4.876245e-12 4.876245e-12 fanout1918
 0.000000e+00 0.000000e+00 4.876245e-12 4.876245e-12 fanout1921
 0.000000e+00 0.000000e+00 4.876245e-12 4.876245e-12 fanout1925
 0.000000e+00 0.000000e+00 4.876245e-12 4.876245e-12 fanout1926
 0.000000e+00 0.000000e+00 4.876245e-12 4.876245e-12 fanout749
 0.000000e+00 0.000000e+00 4.876226e-12 4.876226e-12 clkload123
 0.000000e+00 0.000000e+00 4.876226e-12 4.876226e-12 clkload126
 0.000000e+00 0.000000e+00 4.876226e-12 4.876226e-12 clkload130
 0.000000e+00 0.000000e+00 4.876226e-12 4.876226e-12 clkload46
 0.000000e+00 0.000000e+00 4.876226e-12 4.876226e-12 clkload47
 0.000000e+00 0.000000e+00 4.876226e-12 4.876226e-12 clkload59
 0.000000e+00 0.000000e+00 4.876226e-12 4.876226e-12 clkload60
 0.000000e+00 0.000000e+00 4.876226e-12 4.876226e-12 clkload72
 0.000000e+00 0.000000e+00 4.876226e-12 4.876226e-12 clkload77
 0.000000e+00 0.000000e+00 4.876226e-12 4.876226e-12 clkload78
 0.000000e+00 0.000000e+00 4.876226e-12 4.876226e-12 clkload86
 0.000000e+00 0.000000e+00 4.876226e-12 4.876226e-12 clkload95
 0.000000e+00 0.000000e+00 4.876226e-12 4.876226e-12 clkload98
 0.000000e+00 0.000000e+00 4.876222e-12 4.876222e-12 clkload145
 0.000000e+00 0.000000e+00 4.876222e-12 4.876222e-12 clkload147
 0.000000e+00 0.000000e+00 4.876222e-12 4.876222e-12 clkload150
 0.000000e+00 0.000000e+00 4.876222e-12 4.876222e-12 clkload151
 0.000000e+00 0.000000e+00 4.876222e-12 4.876222e-12 clkload162
 0.000000e+00 0.000000e+00 4.876222e-12 4.876222e-12 clkload169
 0.000000e+00 0.000000e+00 4.876222e-12 4.876222e-12 clkload179
 0.000000e+00 0.000000e+00 4.876222e-12 4.876222e-12 clkload191
 0.000000e+00 0.000000e+00 4.876222e-12 4.876222e-12 clkload197
 0.000000e+00 0.000000e+00 4.876222e-12 4.876222e-12 clkload207
 0.000000e+00 0.000000e+00 4.876222e-12 4.876222e-12 clkload209
 0.000000e+00 0.000000e+00 4.876222e-12 4.876222e-12 clkload212
 0.000000e+00 0.000000e+00 4.876222e-12 4.876222e-12 clkload219
 0.000000e+00 0.000000e+00 4.876222e-12 4.876222e-12 clkload220
 0.000000e+00 0.000000e+00 4.876222e-12 4.876222e-12 clkload223
 0.000000e+00 0.000000e+00 4.876222e-12 4.876222e-12 clkload225
 0.000000e+00 0.000000e+00 4.876222e-12 4.876222e-12 clkload226
 0.000000e+00 0.000000e+00 4.876222e-12 4.876222e-12 clkload236
 0.000000e+00 0.000000e+00 4.876222e-12 4.876222e-12 clkload239
 0.000000e+00 0.000000e+00 4.876222e-12 4.876222e-12 clkload293
 0.000000e+00 0.000000e+00 4.876222e-12 4.876222e-12 clkload299
 0.000000e+00 0.000000e+00 4.876222e-12 4.876222e-12 clkload301
 0.000000e+00 0.000000e+00 4.876222e-12 4.876222e-12 clkload303
 0.000000e+00 0.000000e+00 4.876222e-12 4.876222e-12 clkload304
 0.000000e+00 0.000000e+00 4.876222e-12 4.876222e-12 clkload309
 0.000000e+00 0.000000e+00 4.876222e-12 4.876222e-12 clkload312
 1.509153e-18 6.327078e-18 4.876190e-12 4.876198e-12 fanout2000
 0.000000e+00 0.000000e+00 4.876190e-12 4.876190e-12 fanout1998
 0.000000e+00 0.000000e+00 4.876190e-12 4.876190e-12 fanout2001
 0.000000e+00 0.000000e+00 4.876190e-12 4.876190e-12 fanout2003
 0.000000e+00 0.000000e+00 4.876190e-12 4.876190e-12 fanout2006
 0.000000e+00 0.000000e+00 4.876185e-12 4.876185e-12 fanout808
 0.000000e+00 0.000000e+00 4.876184e-12 4.876184e-12 fanout810
 0.000000e+00 0.000000e+00 4.876184e-12 4.876184e-12 fanout813
 0.000000e+00 0.000000e+00 4.876184e-12 4.876184e-12 fanout816
 0.000000e+00 0.000000e+00 4.876135e-12 4.876135e-12 fanout1383
 0.000000e+00 0.000000e+00 4.876135e-12 4.876135e-12 fanout1391
 0.000000e+00 0.000000e+00 4.876135e-12 4.876135e-12 fanout1395
 0.000000e+00 0.000000e+00 4.876135e-12 4.876135e-12 fanout1397
 0.000000e+00 0.000000e+00 4.876135e-12 4.876135e-12 fanout1398
 0.000000e+00 0.000000e+00 4.876135e-12 4.876135e-12 fanout1400
 0.000000e+00 0.000000e+00 4.876135e-12 4.876135e-12 fanout1401
 0.000000e+00 0.000000e+00 4.876135e-12 4.876135e-12 fanout1403
 0.000000e+00 0.000000e+00 4.876135e-12 4.876135e-12 fanout1406
 0.000000e+00 0.000000e+00 4.876135e-12 4.876135e-12 fanout1408
 0.000000e+00 0.000000e+00 4.876118e-12 4.876118e-12 fanout1619
 0.000000e+00 0.000000e+00 4.876118e-12 4.876118e-12 fanout1621
 0.000000e+00 0.000000e+00 4.876118e-12 4.876118e-12 fanout1627
 0.000000e+00 0.000000e+00 4.876118e-12 4.876118e-12 fanout1628
 0.000000e+00 0.000000e+00 4.876118e-12 4.876118e-12 fanout1638
 0.000000e+00 0.000000e+00 4.648000e-12 4.648000e-12 fanout1651
 0.000000e+00 0.000000e+00 4.648000e-12 4.648000e-12 fanout1654
 0.000000e+00 0.000000e+00 4.648000e-12 4.648000e-12 fanout1656
 0.000000e+00 0.000000e+00 4.648000e-12 4.648000e-12 fanout1664
 0.000000e+00 0.000000e+00 4.648000e-12 4.648000e-12 fanout1665
 0.000000e+00 0.000000e+00 4.648000e-12 4.648000e-12 fanout292
 0.000000e+00 0.000000e+00 4.648000e-12 4.648000e-12 fanout296
 0.000000e+00 0.000000e+00 4.647999e-12 4.647999e-12 fanout342
 0.000000e+00 0.000000e+00 4.647990e-12 4.647990e-12 fanout598
 0.000000e+00 0.000000e+00 4.647990e-12 4.647990e-12 fanout614
 0.000000e+00 0.000000e+00 4.647990e-12 4.647990e-12 fanout625
 0.000000e+00 0.000000e+00 4.647990e-12 4.647990e-12 fanout648
 0.000000e+00 0.000000e+00 4.647990e-12 4.647990e-12 fanout658
 0.000000e+00 0.000000e+00 4.647990e-12 4.647990e-12 fanout670
 0.000000e+00 0.000000e+00 4.647990e-12 4.647990e-12 fanout1324
 0.000000e+00 0.000000e+00 4.647990e-12 4.647990e-12 fanout600
 0.000000e+00 0.000000e+00 4.647990e-12 4.647990e-12 fanout603
 0.000000e+00 0.000000e+00 4.647990e-12 4.647990e-12 fanout605
 0.000000e+00 0.000000e+00 4.647990e-12 4.647990e-12 fanout623
 0.000000e+00 0.000000e+00 4.647990e-12 4.647990e-12 fanout631
 0.000000e+00 0.000000e+00 4.647990e-12 4.647990e-12 fanout638
 0.000000e+00 0.000000e+00 4.647990e-12 4.647990e-12 fanout644
 0.000000e+00 0.000000e+00 4.647989e-12 4.647989e-12 fanout339
 0.000000e+00 0.000000e+00 4.647980e-12 4.647980e-12 fanout312
 0.000000e+00 0.000000e+00 4.647980e-12 4.647980e-12 fanout315
 0.000000e+00 0.000000e+00 4.647980e-12 4.647980e-12 fanout318
 0.000000e+00 0.000000e+00 4.647980e-12 4.647980e-12 fanout970
 0.000000e+00 0.000000e+00 4.647970e-12 4.647970e-12 fanout918
 5.514779e-19 3.804357e-18 4.647960e-12 4.647964e-12 input4
 0.000000e+00 0.000000e+00 4.647961e-12 4.647961e-12 fanout861
 0.000000e+00 0.000000e+00 4.647960e-12 4.647960e-12 fanout921
 0.000000e+00 0.000000e+00 4.647960e-12 4.647960e-12 fanout935
 0.000000e+00 0.000000e+00 4.647942e-12 4.647942e-12 fanout1140
 0.000000e+00 0.000000e+00 4.647921e-12 4.647921e-12 fanout1171
 0.000000e+00 0.000000e+00 4.647921e-12 4.647921e-12 fanout1196
 0.000000e+00 0.000000e+00 4.647921e-12 4.647921e-12 fanout1205
 2.760067e-19 1.843881e-18 4.647901e-12 4.647903e-12 input1
 0.000000e+00 0.000000e+00 4.647901e-12 4.647901e-12 fanout1880
 0.000000e+00 0.000000e+00 4.647901e-12 4.647901e-12 fanout1886
 0.000000e+00 0.000000e+00 4.647891e-12 4.647891e-12 fanout839
 0.000000e+00 0.000000e+00 4.647862e-12 4.647862e-12 clkload142
 0.000000e+00 0.000000e+00 4.647674e-12 4.647674e-12 fanout1635
 2.929455e-19 5.859266e-18 4.331024e-12 4.331030e-12 _19250_
 0.000000e+00 0.000000e+00 4.330717e-12 4.330717e-12 clkload135
 0.000000e+00 0.000000e+00 4.330717e-12 4.330717e-12 clkload138
 0.000000e+00 0.000000e+00 4.330717e-12 4.330717e-12 clkload141
 0.000000e+00 0.000000e+00 4.330691e-12 4.330691e-12 clkload104
 0.000000e+00 0.000000e+00 4.330691e-12 4.330691e-12 clkload25
 0.000000e+00 0.000000e+00 4.330691e-12 4.330691e-12 clkload28
 0.000000e+00 0.000000e+00 4.325407e-12 4.325407e-12 fanout890
 0.000000e+00 0.000000e+00 4.325402e-12 4.325402e-12 fanout840
 0.000000e+00 0.000000e+00 4.325402e-12 4.325402e-12 fanout876
 0.000000e+00 0.000000e+00 4.325397e-12 4.325397e-12 fanout953
 0.000000e+00 0.000000e+00 4.325396e-12 4.325396e-12 fanout880
 0.000000e+00 0.000000e+00 4.325391e-12 4.325391e-12 fanout1836
 0.000000e+00 0.000000e+00 4.325385e-12 4.325385e-12 fanout879
 0.000000e+00 0.000000e+00 4.325385e-12 4.325385e-12 fanout940
 0.000000e+00 0.000000e+00 4.325380e-12 4.325380e-12 fanout858
 0.000000e+00 0.000000e+00 4.325379e-12 4.325379e-12 fanout885
 0.000000e+00 0.000000e+00 4.325379e-12 4.325379e-12 fanout886
 0.000000e+00 0.000000e+00 4.325379e-12 4.325379e-12 fanout892
 0.000000e+00 0.000000e+00 4.325379e-12 4.325379e-12 fanout893
 0.000000e+00 0.000000e+00 4.325379e-12 4.325379e-12 fanout944
 0.000000e+00 0.000000e+00 4.325375e-12 4.325375e-12 fanout1359
 0.000000e+00 0.000000e+00 4.325375e-12 4.325375e-12 fanout1375
 0.000000e+00 0.000000e+00 4.325374e-12 4.325374e-12 fanout1364
 0.000000e+00 0.000000e+00 4.325374e-12 4.325374e-12 fanout1378
 0.000000e+00 0.000000e+00 4.325369e-12 4.325369e-12 fanout909
 0.000000e+00 0.000000e+00 4.325357e-12 4.325357e-12 fanout1489
 0.000000e+00 0.000000e+00 4.325357e-12 4.325357e-12 fanout1499
 0.000000e+00 0.000000e+00 4.325357e-12 4.325357e-12 fanout1502
 0.000000e+00 0.000000e+00 4.325357e-12 4.325357e-12 fanout1508
 0.000000e+00 0.000000e+00 4.325357e-12 4.325357e-12 fanout1512
 0.000000e+00 0.000000e+00 4.325357e-12 4.325357e-12 fanout1516
 0.000000e+00 0.000000e+00 4.325357e-12 4.325357e-12 fanout1526
 0.000000e+00 0.000000e+00 4.325357e-12 4.325357e-12 fanout1535
 0.000000e+00 0.000000e+00 4.325357e-12 4.325357e-12 fanout1543
 0.000000e+00 0.000000e+00 4.325357e-12 4.325357e-12 fanout1545
 0.000000e+00 0.000000e+00 4.325357e-12 4.325357e-12 fanout1551
 0.000000e+00 0.000000e+00 4.325357e-12 4.325357e-12 fanout1558
 0.000000e+00 0.000000e+00 4.325357e-12 4.325357e-12 fanout1559
 0.000000e+00 0.000000e+00 4.325355e-12 4.325355e-12 fanout1527
 0.000000e+00 0.000000e+00 4.325355e-12 4.325355e-12 fanout1531
 0.000000e+00 0.000000e+00 4.325355e-12 4.325355e-12 fanout1533
 0.000000e+00 0.000000e+00 4.325355e-12 4.325355e-12 fanout1534
 0.000000e+00 0.000000e+00 4.325355e-12 4.325355e-12 fanout1540
 0.000000e+00 0.000000e+00 4.325355e-12 4.325355e-12 fanout1549
 0.000000e+00 0.000000e+00 4.325355e-12 4.325355e-12 fanout1557
 0.000000e+00 0.000000e+00 4.325355e-12 4.325355e-12 fanout1560
 0.000000e+00 0.000000e+00 4.325352e-12 4.325352e-12 fanout1335
 0.000000e+00 0.000000e+00 4.325347e-12 4.325347e-12 fanout1671
 0.000000e+00 0.000000e+00 4.325347e-12 4.325347e-12 fanout1692
 0.000000e+00 0.000000e+00 4.325347e-12 4.325347e-12 fanout1763
 0.000000e+00 0.000000e+00 4.325347e-12 4.325347e-12 fanout1777
 0.000000e+00 0.000000e+00 4.325347e-12 4.325347e-12 fanout1818
 0.000000e+00 0.000000e+00 4.325347e-12 4.325347e-12 fanout1823
 1.021465e-18 7.367438e-18 4.325310e-12 4.325318e-12 fanout1991
 0.000000e+00 0.000000e+00 4.325317e-12 4.325317e-12 fanout68
 0.000000e+00 0.000000e+00 4.325317e-12 4.325317e-12 fanout92
 0.000000e+00 0.000000e+00 4.325316e-12 4.325316e-12 fanout827
 0.000000e+00 0.000000e+00 4.325316e-12 4.325316e-12 fanout830
 0.000000e+00 0.000000e+00 4.325316e-12 4.325316e-12 fanout833
 0.000000e+00 0.000000e+00 4.325316e-12 4.325316e-12 fanout834
 0.000000e+00 0.000000e+00 4.325311e-12 4.325311e-12 fanout1967
 0.000000e+00 0.000000e+00 4.325310e-12 4.325310e-12 fanout1965
 0.000000e+00 0.000000e+00 4.325310e-12 4.325310e-12 fanout1994
 0.000000e+00 0.000000e+00 4.325310e-12 4.325310e-12 fanout1995
 0.000000e+00 0.000000e+00 4.325292e-12 4.325292e-12 fanout1285
 0.000000e+00 0.000000e+00 4.325281e-12 4.325281e-12 fanout755
 0.000000e+00 0.000000e+00 4.325265e-12 4.325265e-12 fanout1580
 0.000000e+00 0.000000e+00 4.325265e-12 4.325265e-12 fanout1596
 0.000000e+00 0.000000e+00 4.325265e-12 4.325265e-12 fanout1608
 0.000000e+00 0.000000e+00 4.325264e-12 4.325264e-12 fanout1590
 0.000000e+00 0.000000e+00 4.325264e-12 4.325264e-12 fanout1606
 0.000000e+00 0.000000e+00 4.325242e-12 4.325242e-12 fanout1111
 0.000000e+00 0.000000e+00 4.325242e-12 4.325242e-12 fanout1112
 0.000000e+00 0.000000e+00 4.325242e-12 4.325242e-12 fanout1097
 0.000000e+00 0.000000e+00 4.325236e-12 4.325236e-12 fanout1567
 0.000000e+00 0.000000e+00 4.325227e-12 4.325227e-12 fanout510
 0.000000e+00 0.000000e+00 4.325227e-12 4.325227e-12 fanout529
 0.000000e+00 0.000000e+00 4.325220e-12 4.325220e-12 fanout961
 0.000000e+00 0.000000e+00 4.325215e-12 4.325215e-12 fanout554
 0.000000e+00 0.000000e+00 4.325215e-12 4.325215e-12 fanout1289
 0.000000e+00 0.000000e+00 4.325215e-12 4.325215e-12 fanout1291
 0.000000e+00 0.000000e+00 4.325215e-12 4.325215e-12 fanout1292
 0.000000e+00 0.000000e+00 4.325215e-12 4.325215e-12 fanout1294
 0.000000e+00 0.000000e+00 4.325215e-12 4.325215e-12 fanout1299
 0.000000e+00 0.000000e+00 4.325215e-12 4.325215e-12 fanout1302
 0.000000e+00 0.000000e+00 4.325215e-12 4.325215e-12 fanout1303
 0.000000e+00 0.000000e+00 4.325215e-12 4.325215e-12 fanout1307
 0.000000e+00 0.000000e+00 4.325215e-12 4.325215e-12 fanout1308
 0.000000e+00 0.000000e+00 4.325215e-12 4.325215e-12 fanout1311
 0.000000e+00 0.000000e+00 4.325215e-12 4.325215e-12 fanout1317
 0.000000e+00 0.000000e+00 4.325215e-12 4.325215e-12 fanout1319
 0.000000e+00 0.000000e+00 4.325215e-12 4.325215e-12 fanout1320
 0.000000e+00 0.000000e+00 4.325212e-12 4.325212e-12 fanout118
 0.000000e+00 0.000000e+00 4.325211e-12 4.325211e-12 fanout193
 0.000000e+00 0.000000e+00 4.325211e-12 4.325211e-12 fanout166
 0.000000e+00 0.000000e+00 4.325211e-12 4.325211e-12 fanout177
 0.000000e+00 0.000000e+00 4.325211e-12 4.325211e-12 fanout188
 0.000000e+00 0.000000e+00 4.325211e-12 4.325211e-12 fanout190
 0.000000e+00 0.000000e+00 4.325210e-12 4.325210e-12 fanout102
 0.000000e+00 0.000000e+00 4.325210e-12 4.325210e-12 fanout114
 0.000000e+00 0.000000e+00 4.325210e-12 4.325210e-12 fanout120
 0.000000e+00 0.000000e+00 4.325210e-12 4.325210e-12 fanout134
 0.000000e+00 0.000000e+00 4.325210e-12 4.325210e-12 fanout148
 0.000000e+00 0.000000e+00 4.325210e-12 4.325210e-12 fanout149
 0.000000e+00 0.000000e+00 4.325210e-12 4.325210e-12 fanout197
 0.000000e+00 0.000000e+00 4.325210e-12 4.325210e-12 fanout207
 0.000000e+00 0.000000e+00 4.325209e-12 4.325209e-12 fanout124
 0.000000e+00 0.000000e+00 4.325209e-12 4.325209e-12 fanout395
 0.000000e+00 0.000000e+00 4.325206e-12 4.325206e-12 fanout556
 0.000000e+00 0.000000e+00 4.325206e-12 4.325206e-12 fanout558
 0.000000e+00 0.000000e+00 4.325206e-12 4.325206e-12 fanout568
 0.000000e+00 0.000000e+00 4.325206e-12 4.325206e-12 fanout576
 0.000000e+00 0.000000e+00 4.325206e-12 4.325206e-12 fanout578
 0.000000e+00 0.000000e+00 4.325206e-12 4.325206e-12 fanout581
 0.000000e+00 0.000000e+00 4.325206e-12 4.325206e-12 fanout584
 0.000000e+00 0.000000e+00 4.325206e-12 4.325206e-12 fanout579
 0.000000e+00 0.000000e+00 4.325206e-12 4.325206e-12 fanout583
 0.000000e+00 0.000000e+00 4.325206e-12 4.325206e-12 fanout586
 0.000000e+00 0.000000e+00 4.325206e-12 4.325206e-12 fanout590
 0.000000e+00 0.000000e+00 3.659721e-12 3.659721e-12 fanout1332
 0.000000e+00 0.000000e+00 3.659691e-12 3.659691e-12 fanout1347
 0.000000e+00 0.000000e+00 3.659691e-12 3.659691e-12 fanout845
 0.000000e+00 0.000000e+00 3.659691e-12 3.659691e-12 fanout913
 0.000000e+00 0.000000e+00 3.659652e-12 3.659652e-12 fanout924
 0.000000e+00 0.000000e+00 3.659652e-12 3.659652e-12 fanout954
 0.000000e+00 0.000000e+00 3.659652e-12 3.659652e-12 fanout1342
 0.000000e+00 0.000000e+00 3.659652e-12 3.659652e-12 fanout868
 0.000000e+00 0.000000e+00 3.659652e-12 3.659652e-12 fanout877
 0.000000e+00 0.000000e+00 3.659652e-12 3.659652e-12 fanout895
 0.000000e+00 0.000000e+00 3.659652e-12 3.659652e-12 fanout949
 4.145418e-19 2.653435e-18 3.659646e-12 3.659649e-12 input3
 0.000000e+00 0.000000e+00 3.659632e-12 3.659632e-12 fanout1337
 0.000000e+00 0.000000e+00 3.659632e-12 3.659632e-12 fanout1349
 0.000000e+00 0.000000e+00 3.659632e-12 3.659632e-12 fanout849
 0.000000e+00 0.000000e+00 3.659632e-12 3.659632e-12 fanout854
 0.000000e+00 0.000000e+00 3.659632e-12 3.659632e-12 fanout956
 0.000000e+00 0.000000e+00 3.659623e-12 3.659623e-12 fanout908
 0.000000e+00 0.000000e+00 3.659623e-12 3.659623e-12 fanout853
 0.000000e+00 0.000000e+00 3.659623e-12 3.659623e-12 fanout859
 0.000000e+00 0.000000e+00 3.659623e-12 3.659623e-12 fanout865
 0.000000e+00 0.000000e+00 3.659613e-12 3.659613e-12 fanout1366
 0.000000e+00 0.000000e+00 3.659613e-12 3.659613e-12 fanout903
 0.000000e+00 0.000000e+00 3.659603e-12 3.659603e-12 fanout866
 0.000000e+00 0.000000e+00 3.659603e-12 3.659603e-12 fanout875
 0.000000e+00 0.000000e+00 3.659603e-12 3.659603e-12 fanout915
 0.000000e+00 0.000000e+00 3.659603e-12 3.659603e-12 fanout926
 0.000000e+00 0.000000e+00 3.659603e-12 3.659603e-12 fanout927
 0.000000e+00 0.000000e+00 3.659603e-12 3.659603e-12 fanout939
 0.000000e+00 0.000000e+00 3.659603e-12 3.659603e-12 fanout952
 0.000000e+00 0.000000e+00 3.659603e-12 3.659603e-12 fanout981
 4.133936e-19 2.899207e-18 3.659596e-12 3.659600e-12 input2
 0.000000e+00 0.000000e+00 3.659583e-12 3.659583e-12 fanout898
 0.000000e+00 0.000000e+00 3.659582e-12 3.659582e-12 fanout1510
 0.000000e+00 0.000000e+00 3.659582e-12 3.659582e-12 fanout1515
 0.000000e+00 0.000000e+00 3.659582e-12 3.659582e-12 fanout1521
 0.000000e+00 0.000000e+00 3.659582e-12 3.659582e-12 fanout1547
 0.000000e+00 0.000000e+00 3.659581e-12 3.659581e-12 fanout1556
 0.000000e+00 0.000000e+00 3.659577e-12 3.659577e-12 fanout1553
 0.000000e+00 0.000000e+00 3.659573e-12 3.659573e-12 fanout1331
 0.000000e+00 0.000000e+00 3.659573e-12 3.659573e-12 fanout1338
 0.000000e+00 0.000000e+00 3.659564e-12 3.659564e-12 fanout1667
 0.000000e+00 0.000000e+00 3.659564e-12 3.659564e-12 fanout1669
 0.000000e+00 0.000000e+00 3.659564e-12 3.659564e-12 fanout1676
 0.000000e+00 0.000000e+00 3.659564e-12 3.659564e-12 fanout1680
 0.000000e+00 0.000000e+00 3.659564e-12 3.659564e-12 fanout1683
 0.000000e+00 0.000000e+00 3.659564e-12 3.659564e-12 fanout1705
 0.000000e+00 0.000000e+00 3.659564e-12 3.659564e-12 fanout1706
 0.000000e+00 0.000000e+00 3.659564e-12 3.659564e-12 fanout1710
 0.000000e+00 0.000000e+00 3.659564e-12 3.659564e-12 fanout1718
 0.000000e+00 0.000000e+00 3.659564e-12 3.659564e-12 fanout1730
 0.000000e+00 0.000000e+00 3.659564e-12 3.659564e-12 fanout1786
 0.000000e+00 0.000000e+00 3.659564e-12 3.659564e-12 fanout1788
 0.000000e+00 0.000000e+00 3.659563e-12 3.659563e-12 fanout1668
 0.000000e+00 0.000000e+00 3.659563e-12 3.659563e-12 fanout1673
 0.000000e+00 0.000000e+00 3.659563e-12 3.659563e-12 fanout1681
 0.000000e+00 0.000000e+00 3.659563e-12 3.659563e-12 fanout1682
 0.000000e+00 0.000000e+00 3.659563e-12 3.659563e-12 fanout1685
 0.000000e+00 0.000000e+00 3.659563e-12 3.659563e-12 fanout1686
 0.000000e+00 0.000000e+00 3.659563e-12 3.659563e-12 fanout1687
 0.000000e+00 0.000000e+00 3.659563e-12 3.659563e-12 fanout1688
 0.000000e+00 0.000000e+00 3.659563e-12 3.659563e-12 fanout1690
 0.000000e+00 0.000000e+00 3.659563e-12 3.659563e-12 fanout1694
 0.000000e+00 0.000000e+00 3.659563e-12 3.659563e-12 fanout1695
 0.000000e+00 0.000000e+00 3.659563e-12 3.659563e-12 fanout1697
 0.000000e+00 0.000000e+00 3.659563e-12 3.659563e-12 fanout1699
 0.000000e+00 0.000000e+00 3.659563e-12 3.659563e-12 fanout1701
 0.000000e+00 0.000000e+00 3.659563e-12 3.659563e-12 fanout1703
 0.000000e+00 0.000000e+00 3.659563e-12 3.659563e-12 fanout1709
 0.000000e+00 0.000000e+00 3.659563e-12 3.659563e-12 fanout1713
 0.000000e+00 0.000000e+00 3.659563e-12 3.659563e-12 fanout1719
 0.000000e+00 0.000000e+00 3.659563e-12 3.659563e-12 fanout1729
 0.000000e+00 0.000000e+00 3.659563e-12 3.659563e-12 fanout1731
 0.000000e+00 0.000000e+00 3.659563e-12 3.659563e-12 fanout1732
 0.000000e+00 0.000000e+00 3.659563e-12 3.659563e-12 fanout1733
 0.000000e+00 0.000000e+00 3.659563e-12 3.659563e-12 fanout1735
 0.000000e+00 0.000000e+00 3.659563e-12 3.659563e-12 fanout1737
 0.000000e+00 0.000000e+00 3.659563e-12 3.659563e-12 fanout1738
 0.000000e+00 0.000000e+00 3.659563e-12 3.659563e-12 fanout1745
 0.000000e+00 0.000000e+00 3.659563e-12 3.659563e-12 fanout1749
 0.000000e+00 0.000000e+00 3.659563e-12 3.659563e-12 fanout1750
 0.000000e+00 0.000000e+00 3.659563e-12 3.659563e-12 fanout1754
 0.000000e+00 0.000000e+00 3.659563e-12 3.659563e-12 fanout1755
 0.000000e+00 0.000000e+00 3.659563e-12 3.659563e-12 fanout1756
 0.000000e+00 0.000000e+00 3.659563e-12 3.659563e-12 fanout1759
 0.000000e+00 0.000000e+00 3.659563e-12 3.659563e-12 fanout1764
 0.000000e+00 0.000000e+00 3.659563e-12 3.659563e-12 fanout1768
 0.000000e+00 0.000000e+00 3.659563e-12 3.659563e-12 fanout1773
 0.000000e+00 0.000000e+00 3.659563e-12 3.659563e-12 fanout1779
 0.000000e+00 0.000000e+00 3.659563e-12 3.659563e-12 fanout1781
 0.000000e+00 0.000000e+00 3.659563e-12 3.659563e-12 fanout1790
 0.000000e+00 0.000000e+00 3.659563e-12 3.659563e-12 fanout1795
 0.000000e+00 0.000000e+00 3.659563e-12 3.659563e-12 fanout1797
 0.000000e+00 0.000000e+00 3.659563e-12 3.659563e-12 fanout1800
 0.000000e+00 0.000000e+00 3.659563e-12 3.659563e-12 fanout1805
 0.000000e+00 0.000000e+00 3.659563e-12 3.659563e-12 fanout1809
 0.000000e+00 0.000000e+00 3.659563e-12 3.659563e-12 fanout1812
 0.000000e+00 0.000000e+00 3.659563e-12 3.659563e-12 fanout1813
 0.000000e+00 0.000000e+00 3.659563e-12 3.659563e-12 fanout1817
 0.000000e+00 0.000000e+00 3.659563e-12 3.659563e-12 fanout1821
 0.000000e+00 0.000000e+00 3.659563e-12 3.659563e-12 fanout1753
 0.000000e+00 0.000000e+00 3.659563e-12 3.659563e-12 fanout1799
 0.000000e+00 0.000000e+00 3.659563e-12 3.659563e-12 fanout1806
 5.813451e-19 3.633586e-18 3.659498e-12 3.659502e-12 fanout1987
 3.278595e-19 1.053030e-18 3.659498e-12 3.659500e-12 fanout1982
 0.000000e+00 0.000000e+00 3.659498e-12 3.659498e-12 fanout1976
 0.000000e+00 0.000000e+00 3.659498e-12 3.659498e-12 fanout1977
 0.000000e+00 0.000000e+00 3.659498e-12 3.659498e-12 fanout1979
 0.000000e+00 0.000000e+00 3.659498e-12 3.659498e-12 fanout1981
 0.000000e+00 0.000000e+00 3.659498e-12 3.659498e-12 fanout1983
 0.000000e+00 0.000000e+00 3.659498e-12 3.659498e-12 fanout1984
 0.000000e+00 0.000000e+00 3.659498e-12 3.659498e-12 fanout1985
 0.000000e+00 0.000000e+00 3.659498e-12 3.659498e-12 fanout1988
 0.000000e+00 0.000000e+00 3.659498e-12 3.659498e-12 fanout1989
 0.000000e+00 0.000000e+00 3.659498e-12 3.659498e-12 fanout1992
 0.000000e+00 0.000000e+00 3.659348e-12 3.659348e-12 fanout527
 0.000000e+00 0.000000e+00 3.659337e-12 3.659337e-12 fanout333
 0.000000e+00 0.000000e+00 3.659336e-12 3.659336e-12 fanout329
 0.000000e+00 0.000000e+00 3.659328e-12 3.659328e-12 fanout301
 0.000000e+00 0.000000e+00 3.659326e-12 3.659326e-12 fanout1293
 0.000000e+00 0.000000e+00 3.659326e-12 3.659326e-12 fanout1296
 0.000000e+00 0.000000e+00 3.659326e-12 3.659326e-12 fanout1305
 0.000000e+00 0.000000e+00 3.659326e-12 3.659326e-12 fanout1306
 0.000000e+00 0.000000e+00 3.659326e-12 3.659326e-12 fanout1312
 0.000000e+00 0.000000e+00 3.659326e-12 3.659326e-12 fanout1315
 0.000000e+00 0.000000e+00 3.659326e-12 3.659326e-12 fanout1316
 0.000000e+00 0.000000e+00 3.659326e-12 3.659326e-12 fanout344
 0.000000e+00 0.000000e+00 3.659326e-12 3.659326e-12 fanout346
 0.000000e+00 0.000000e+00 3.659326e-12 3.659326e-12 fanout348
 0.000000e+00 0.000000e+00 3.659326e-12 3.659326e-12 fanout351
 0.000000e+00 0.000000e+00 3.659326e-12 3.659326e-12 fanout352
 0.000000e+00 0.000000e+00 3.659326e-12 3.659326e-12 fanout354
 0.000000e+00 0.000000e+00 3.659326e-12 3.659326e-12 fanout357
 0.000000e+00 0.000000e+00 3.659326e-12 3.659326e-12 fanout548
 0.000000e+00 0.000000e+00 3.659326e-12 3.659326e-12 fanout555
 0.000000e+00 0.000000e+00 3.659320e-12 3.659320e-12 fanout154
 0.000000e+00 0.000000e+00 3.659319e-12 3.659319e-12 fanout176
 0.000000e+00 0.000000e+00 3.659319e-12 3.659319e-12 fanout189
 0.000000e+00 0.000000e+00 3.659319e-12 3.659319e-12 fanout200
 0.000000e+00 0.000000e+00 3.659319e-12 3.659319e-12 fanout106
 0.000000e+00 0.000000e+00 3.659319e-12 3.659319e-12 fanout142
 0.000000e+00 0.000000e+00 3.659319e-12 3.659319e-12 fanout144
 0.000000e+00 0.000000e+00 3.659319e-12 3.659319e-12 fanout152
 0.000000e+00 0.000000e+00 3.659319e-12 3.659319e-12 fanout198
 0.000000e+00 0.000000e+00 3.659319e-12 3.659319e-12 fanout202
 0.000000e+00 0.000000e+00 3.659319e-12 3.659319e-12 fanout213
 0.000000e+00 0.000000e+00 3.659319e-12 3.659319e-12 fanout253
 0.000000e+00 0.000000e+00 3.659318e-12 3.659318e-12 fanout115
 0.000000e+00 0.000000e+00 3.659318e-12 3.659318e-12 fanout121
 0.000000e+00 0.000000e+00 3.659318e-12 3.659318e-12 fanout184
 0.000000e+00 0.000000e+00 3.659315e-12 3.659315e-12 fanout298
 0.000000e+00 0.000000e+00 3.659311e-12 3.659311e-12 fanout585
 0.000000e+00 0.000000e+00 3.659311e-12 3.659311e-12 fanout588
 0.000000e+00 0.000000e+00 3.659311e-12 3.659311e-12 fanout573
 0.000000e+00 0.000000e+00 1.895755e-12 1.895755e-12 clkload16
 0.000000e+00 0.000000e+00 1.895755e-12 1.895755e-12 clkload20
 0.000000e+00 0.000000e+00 1.895422e-12 1.895422e-12 clkload159
 0.000000e+00 0.000000e+00 1.895422e-12 1.895422e-12 clkload196
 0.000000e+00 0.000000e+00 1.895422e-12 1.895422e-12 clkload199
 0.000000e+00 0.000000e+00 1.895422e-12 1.895422e-12 clkload266
 0.000000e+00 0.000000e+00 1.895422e-12 1.895422e-12 clkload271
 0.000000e+00 0.000000e+00 1.895422e-12 1.895422e-12 clkload276
 0.000000e+00 0.000000e+00 1.895422e-12 1.895422e-12 clkload295
 0.000000e+00 0.000000e+00 1.895400e-12 1.895400e-12 clkload56
 0.000000e+00 0.000000e+00 1.895400e-12 1.895400e-12 clkload68
 0.000000e+00 0.000000e+00 1.895400e-12 1.895400e-12 clkload81
 0.000000e+00 0.000000e+00 1.895400e-12 1.895400e-12 clkload82
 0.000000e+00 0.000000e+00 1.895400e-12 1.895400e-12 clkload84
 0.000000e+00 0.000000e+00 1.895400e-12 1.895400e-12 clkload87
 0.000000e+00 0.000000e+00 1.181000e-12 1.181000e-12 _39946_
 0.000000e+00 0.000000e+00 1.181000e-12 1.181000e-12 _39947_
 0.000000e+00 0.000000e+00 1.181000e-12 1.181000e-12 _39948_
 0.000000e+00 0.000000e+00 1.181000e-12 1.181000e-12 _39949_
 0.000000e+00 0.000000e+00 1.181000e-12 1.181000e-12 _39951_
 0.000000e+00 0.000000e+00 1.181000e-12 1.181000e-12 _39952_
 0.000000e+00 0.000000e+00 1.181000e-12 1.181000e-12 _39953_
 0.000000e+00 0.000000e+00 1.181000e-12 1.181000e-12 _39954_
 0.000000e+00 0.000000e+00 1.181000e-12 1.181000e-12 _39956_
 0.000000e+00 0.000000e+00 1.181000e-12 1.181000e-12 _39957_
 0.000000e+00 0.000000e+00 1.181000e-12 1.181000e-12 _39958_
 0.000000e+00 0.000000e+00 1.181000e-12 1.181000e-12 _39959_
 0.000000e+00 0.000000e+00 1.181000e-12 1.181000e-12 _39961_
 0.000000e+00 0.000000e+00 6.414054e-13 6.414054e-13 clkload3
 0.000000e+00 0.000000e+00 6.414054e-13 6.414054e-13 clkload7
 0.000000e+00 0.000000e+00 6.409151e-13 6.409151e-13 clkload144
 0.000000e+00 0.000000e+00 6.409151e-13 6.409151e-13 clkload160
 0.000000e+00 0.000000e+00 6.409151e-13 6.409151e-13 clkload163
 0.000000e+00 0.000000e+00 6.409151e-13 6.409151e-13 clkload165
 0.000000e+00 0.000000e+00 6.409151e-13 6.409151e-13 clkload168
 0.000000e+00 0.000000e+00 6.409151e-13 6.409151e-13 clkload171
 0.000000e+00 0.000000e+00 6.409151e-13 6.409151e-13 clkload173
 0.000000e+00 0.000000e+00 6.409151e-13 6.409151e-13 clkload180
 0.000000e+00 0.000000e+00 6.409151e-13 6.409151e-13 clkload181
 0.000000e+00 0.000000e+00 6.409151e-13 6.409151e-13 clkload185
 0.000000e+00 0.000000e+00 6.409151e-13 6.409151e-13 clkload186
 0.000000e+00 0.000000e+00 6.409151e-13 6.409151e-13 clkload195
 0.000000e+00 0.000000e+00 6.409151e-13 6.409151e-13 clkload200
 0.000000e+00 0.000000e+00 6.409151e-13 6.409151e-13 clkload217
 0.000000e+00 0.000000e+00 6.409151e-13 6.409151e-13 clkload218
 0.000000e+00 0.000000e+00 6.409151e-13 6.409151e-13 clkload221
 0.000000e+00 0.000000e+00 6.409151e-13 6.409151e-13 clkload222
 0.000000e+00 0.000000e+00 6.409151e-13 6.409151e-13 clkload227
 0.000000e+00 0.000000e+00 6.409151e-13 6.409151e-13 clkload235
 0.000000e+00 0.000000e+00 6.409151e-13 6.409151e-13 clkload244
 0.000000e+00 0.000000e+00 6.409151e-13 6.409151e-13 clkload248
 0.000000e+00 0.000000e+00 6.409151e-13 6.409151e-13 clkload250
 0.000000e+00 0.000000e+00 6.409151e-13 6.409151e-13 clkload252
 0.000000e+00 0.000000e+00 6.409151e-13 6.409151e-13 clkload253
 0.000000e+00 0.000000e+00 6.409151e-13 6.409151e-13 clkload262
 0.000000e+00 0.000000e+00 6.409151e-13 6.409151e-13 clkload268
 0.000000e+00 0.000000e+00 6.409151e-13 6.409151e-13 clkload281
 0.000000e+00 0.000000e+00 6.409151e-13 6.409151e-13 clkload285
 0.000000e+00 0.000000e+00 6.409151e-13 6.409151e-13 clkload286
 0.000000e+00 0.000000e+00 6.409151e-13 6.409151e-13 clkload289
 0.000000e+00 0.000000e+00 6.409151e-13 6.409151e-13 clkload296
 0.000000e+00 0.000000e+00 6.409151e-13 6.409151e-13 clkload311
 0.000000e+00 0.000000e+00 6.409151e-13 6.409151e-13 clkload315
 0.000000e+00 0.000000e+00 6.409151e-13 6.409151e-13 clkload317
 0.000000e+00 0.000000e+00 6.409151e-13 6.409151e-13 clkload324
 0.000000e+00 0.000000e+00 6.408824e-13 6.408824e-13 clkload105
 0.000000e+00 0.000000e+00 6.408824e-13 6.408824e-13 clkload106
 0.000000e+00 0.000000e+00 6.408824e-13 6.408824e-13 clkload110
 0.000000e+00 0.000000e+00 6.408824e-13 6.408824e-13 clkload33
 0.000000e+00 0.000000e+00 6.408824e-13 6.408824e-13 clkload70
 0.000000e+00 0.000000e+00 9.557113e-14 9.557113e-14 clkload10
 0.000000e+00 0.000000e+00 9.557113e-14 9.557113e-14 clkload6
 0.000000e+00 0.000000e+00 9.556345e-14 9.556345e-14 clkload140
 0.000000e+00 0.000000e+00 9.556345e-14 9.556345e-14 clkload155
 0.000000e+00 0.000000e+00 9.556345e-14 9.556345e-14 clkload156
 0.000000e+00 0.000000e+00 9.556345e-14 9.556345e-14 clkload176
 0.000000e+00 0.000000e+00 9.556345e-14 9.556345e-14 clkload188
 0.000000e+00 0.000000e+00 9.556345e-14 9.556345e-14 clkload190
 0.000000e+00 0.000000e+00 9.556345e-14 9.556345e-14 clkload202
 0.000000e+00 0.000000e+00 9.556345e-14 9.556345e-14 clkload204
 0.000000e+00 0.000000e+00 9.556345e-14 9.556345e-14 clkload228
 0.000000e+00 0.000000e+00 9.556345e-14 9.556345e-14 clkload232
 0.000000e+00 0.000000e+00 9.556345e-14 9.556345e-14 clkload245
 0.000000e+00 0.000000e+00 9.556345e-14 9.556345e-14 clkload249
 0.000000e+00 0.000000e+00 9.556345e-14 9.556345e-14 clkload263
 0.000000e+00 0.000000e+00 9.556345e-14 9.556345e-14 clkload269
 0.000000e+00 0.000000e+00 9.556345e-14 9.556345e-14 clkload270
 0.000000e+00 0.000000e+00 9.556345e-14 9.556345e-14 clkload273
 0.000000e+00 0.000000e+00 9.556345e-14 9.556345e-14 clkload278
 0.000000e+00 0.000000e+00 9.556345e-14 9.556345e-14 clkload287
 0.000000e+00 0.000000e+00 9.556345e-14 9.556345e-14 clkload294
 0.000000e+00 0.000000e+00 9.556345e-14 9.556345e-14 clkload298
 0.000000e+00 0.000000e+00 9.556345e-14 9.556345e-14 clkload306
 0.000000e+00 0.000000e+00 9.556345e-14 9.556345e-14 clkload316
 0.000000e+00 0.000000e+00 9.556345e-14 9.556345e-14 clkload321
 0.000000e+00 0.000000e+00 9.556293e-14 9.556293e-14 clkload117
 0.000000e+00 0.000000e+00 9.556293e-14 9.556293e-14 clkload26
 0.000000e+00 0.000000e+00 9.556293e-14 9.556293e-14 clkload30
 0.000000e+00 0.000000e+00 9.556293e-14 9.556293e-14 clkload36
 0.000000e+00 0.000000e+00 9.556293e-14 9.556293e-14 clkload39
 0.000000e+00 0.000000e+00 9.556293e-14 9.556293e-14 clkload40
 0.000000e+00 0.000000e+00 9.556293e-14 9.556293e-14 clkload50
 0.000000e+00 0.000000e+00 9.556293e-14 9.556293e-14 clkload52
 0.000000e+00 0.000000e+00 9.556293e-14 9.556293e-14 clkload54
 0.000000e+00 0.000000e+00 9.556293e-14 9.556293e-14 clkload79
 0.000000e+00 0.000000e+00 9.556293e-14 9.556293e-14 clkload83
 0.000000e+00 0.000000e+00 9.556293e-14 9.556293e-14 clkload89
 0.000000e+00 0.000000e+00 9.556293e-14 9.556293e-14 clkload92
 0.000000e+00 0.000000e+00 9.556293e-14 9.556293e-14 clkload93
 0.000000e+00 0.000000e+00 9.556293e-14 9.556293e-14 clkload97
