     Internal    Switching      Leakage        Total
        Power        Power        Power        Power (Watts)
----------------------------------------------------
 8.707278e-07 3.100305e-07 1.232310e-11 1.180771e-06 clkbuf_0_clk
 8.432733e-07 1.379069e-07 1.232310e-11 9.811924e-07 clkbuf_1_0__f_clk
 8.413602e-07 1.201888e-07 1.232310e-11 9.615612e-07 clkbuf_1_1__f_clk
 1.351832e-07 1.013708e-10 9.134014e-12 1.352937e-07 u_icg
 2.708248e-08 0.000000e+00 1.567550e-12 2.708404e-08 clkload0
 6.211284e-11 2.816972e-10 1.047892e-11 3.542890e-10 clkbuf_0_w_clk
 6.439710e-11 2.641698e-10 1.047893e-11 3.390458e-10 clkbuf_0_v_clk
 1.010609e-10 1.874941e-10 1.047900e-11 2.990340e-10 clkbuf_1_1__f_core_clk
 6.271657e-11 2.060482e-10 1.047892e-11 2.792437e-10 clkbuf_4_8__f_w_clk
 6.249451e-11 2.042410e-10 1.047892e-11 2.772144e-10 clkbuf_4_2__f_w_clk
 6.444091e-11 1.960162e-10 1.047893e-11 2.709360e-10 clkbuf_4_1__f_v_clk
 6.271456e-11 1.974652e-10 1.047892e-11 2.706586e-10 clkbuf_4_7__f_w_clk
 6.270478e-11 1.901278e-10 1.047892e-11 2.633115e-10 clkbuf_4_6__f_w_clk
 6.459343e-11 1.871591e-10 1.047893e-11 2.622314e-10 clkbuf_4_13__f_v_clk
 9.940757e-11 1.480909e-10 1.047900e-11 2.579774e-10 clkbuf_1_0__f_core_clk
 6.267254e-11 1.798634e-10 1.047892e-11 2.530148e-10 clkbuf_4_9__f_w_clk
 6.452384e-11 1.767372e-10 1.047893e-11 2.517400e-10 clkbuf_4_8__f_v_clk
 6.438577e-11 1.768711e-10 1.047893e-11 2.517358e-10 clkbuf_4_4__f_v_clk
 6.456808e-11 1.766413e-10 1.047893e-11 2.516883e-10 clkbuf_4_14__f_v_clk
 6.443872e-11 1.767188e-10 1.047893e-11 2.516364e-10 clkbuf_4_2__f_v_clk
 6.439003e-11 1.764991e-10 1.047893e-11 2.513681e-10 clkbuf_4_7__f_v_clk
 6.456619e-11 1.750146e-10 1.047893e-11 2.500597e-10 clkbuf_4_15__f_v_clk
 6.268205e-11 1.768347e-10 1.047892e-11 2.499956e-10 clkbuf_4_4__f_w_clk
 6.271927e-11 1.753647e-10 1.047892e-11 2.485629e-10 clkbuf_4_13__f_w_clk
 6.437575e-11 1.710349e-10 1.047893e-11 2.458896e-10 clkbuf_4_5__f_v_clk
 6.242513e-11 1.697218e-10 1.047892e-11 2.426259e-10 clkbuf_4_3__f_w_clk
 6.440477e-11 1.665078e-10 1.047893e-11 2.413915e-10 clkbuf_4_3__f_v_clk
 6.437743e-11 1.610118e-10 1.047893e-11 2.358681e-10 clkbuf_4_0__f_v_clk
 6.264224e-11 1.623932e-10 1.047892e-11 2.355144e-10 clkbuf_4_11__f_w_clk
 6.239783e-11 1.547639e-10 1.047892e-11 2.276406e-10 clkbuf_4_1__f_w_clk
 6.263974e-11 1.539234e-10 1.047892e-11 2.270421e-10 clkbuf_4_5__f_w_clk
 6.262606e-11 1.534966e-10 1.047892e-11 2.266015e-10 clkbuf_4_10__f_w_clk
 6.268371e-11 1.528741e-10 1.047892e-11 2.260367e-10 clkbuf_4_12__f_w_clk
 6.431639e-11 1.442964e-10 1.047893e-11 2.190918e-10 clkbuf_4_6__f_v_clk
 3.241011e-11 1.753963e-10 6.865722e-12 2.146722e-10 clkbuf_2_1_0_v_clk
 6.447910e-11 1.331015e-10 1.047893e-11 2.080595e-10 clkbuf_4_12__f_v_clk
 3.239207e-11 1.659858e-10 6.865722e-12 2.052436e-10 clkbuf_2_0_0_v_clk
 6.434715e-11 1.269421e-10 1.047893e-11 2.017682e-10 clkbuf_4_11__f_v_clk
 6.263125e-11 1.258451e-10 1.047892e-11 1.989552e-10 clkbuf_4_15__f_w_clk
 3.239111e-11 1.594903e-10 6.865722e-12 1.987471e-10 clkbuf_2_3_0_v_clk
 3.238971e-11 1.586019e-10 6.865722e-12 1.978573e-10 clkbuf_2_2_0_v_clk
 6.434564e-11 1.227115e-10 1.047893e-11 1.975361e-10 clkbuf_4_10__f_v_clk
 6.428369e-11 1.189150e-10 1.047893e-11 1.936776e-10 clkbuf_4_9__f_v_clk
 6.229614e-11 1.168057e-10 1.047892e-11 1.895808e-10 clkbuf_4_0__f_w_clk
 6.240717e-11 1.122705e-10 1.047892e-11 1.851566e-10 clkbuf_4_14__f_w_clk
 3.795537e-11 1.338224e-10 8.986267e-12 1.807641e-10 u_icg_w
 3.113229e-11 1.417058e-10 6.865722e-12 1.797038e-10 clkbuf_2_0_0_w_clk
 3.866140e-11 1.290087e-10 8.986267e-12 1.766563e-10 u_icg_v
 5.019678e-11 1.195066e-10 6.865734e-12 1.765691e-10 clkbuf_leaf_16_core_clk
 5.018768e-11 1.190307e-10 6.865734e-12 1.760841e-10 clkbuf_leaf_12_core_clk
 4.997720e-11 1.116252e-10 6.865734e-12 1.684682e-10 clkbuf_leaf_15_core_clk
 4.991410e-11 1.092122e-10 6.865734e-12 1.659921e-10 clkbuf_leaf_13_core_clk
 9.421491e-11 6.126017e-11 1.047900e-11 1.659541e-10 clkbuf_0_core_clk
 4.984165e-11 1.068038e-10 6.865734e-12 1.635112e-10 clkbuf_leaf_0_core_clk
 4.983211e-11 1.064142e-10 6.865734e-12 1.631121e-10 clkbuf_leaf_14_core_clk
 4.980978e-11 1.054525e-10 6.865734e-12 1.621280e-10 clkbuf_leaf_11_core_clk
 4.958357e-11 1.048060e-10 6.865734e-12 1.612553e-10 clkbuf_leaf_3_core_clk
 3.109207e-11 1.221380e-10 6.865722e-12 1.600958e-10 clkbuf_2_2_0_w_clk
 3.108780e-11 1.211087e-10 6.865722e-12 1.590622e-10 clkbuf_2_1_0_w_clk
 4.950615e-11 1.019699e-10 6.865734e-12 1.583418e-10 clkbuf_leaf_2_core_clk
 3.108292e-11 1.180353e-10 6.865722e-12 1.559839e-10 clkbuf_2_3_0_w_clk
 4.962684e-11 9.892089e-11 6.865734e-12 1.554135e-10 clkbuf_leaf_10_core_clk
 4.925068e-11 9.263699e-11 6.865734e-12 1.487534e-10 clkbuf_leaf_5_core_clk
 4.916780e-11 8.972682e-11 6.865734e-12 1.457603e-10 clkbuf_leaf_7_core_clk
 4.911911e-11 8.785465e-11 6.865734e-12 1.438395e-10 clkbuf_leaf_1_core_clk
 4.887158e-11 7.900129e-11 6.865734e-12 1.347386e-10 clkbuf_leaf_9_core_clk
 4.883619e-11 7.770486e-11 6.865734e-12 1.334068e-10 clkbuf_leaf_8_core_clk
 4.882272e-11 7.708498e-11 6.865734e-12 1.327734e-10 clkbuf_leaf_4_core_clk
 4.871580e-11 7.316967e-11 6.865734e-12 1.287512e-10 clkbuf_leaf_6_core_clk
 3.177686e-11 5.231706e-11 6.865722e-12 9.095965e-11 clkbuf_leaf_110_v_clk
 3.154746e-11 4.403602e-11 6.865722e-12 8.244921e-11 clkbuf_leaf_117_v_clk
 3.172254e-11 4.333143e-11 6.865722e-12 8.191969e-11 clkbuf_leaf_133_v_clk
 3.153045e-11 4.317639e-11 6.865722e-12 8.157256e-11 clkbuf_leaf_115_v_clk
 3.146660e-11 4.090443e-11 6.865722e-12 7.923675e-11 clkbuf_leaf_119_v_clk
 3.054778e-11 4.180104e-11 6.865722e-12 7.921454e-11 clkbuf_leaf_162_w_clk
 4.961059e-12 5.986890e-11 1.416731e-11 7.899727e-11 fanout365
 9.618894e-12 6.180798e-11 7.514054e-12 7.894093e-11 fanout1516
 3.149465e-11 3.957401e-11 6.865722e-12 7.793439e-11 clkbuf_leaf_38_v_clk
 3.143375e-11 3.947791e-11 6.865722e-12 7.777738e-11 clkbuf_leaf_120_v_clk
 3.160183e-11 3.888182e-11 6.865722e-12 7.734938e-11 clkbuf_leaf_141_v_clk
 3.141548e-11 3.883796e-11 6.865722e-12 7.711917e-11 clkbuf_leaf_118_v_clk
 3.143384e-11 3.875423e-11 6.865722e-12 7.705380e-11 clkbuf_leaf_113_v_clk
 3.159126e-11 3.844609e-11 6.865722e-12 7.690307e-11 clkbuf_leaf_131_v_clk
 3.143859e-11 3.832914e-11 6.865722e-12 7.663346e-11 clkbuf_leaf_125_v_clk
 3.138573e-11 3.731145e-11 6.865722e-12 7.556290e-11 clkbuf_leaf_116_v_clk
 3.142813e-11 3.724441e-11 6.865722e-12 7.553826e-11 clkbuf_leaf_129_v_clk
 3.044858e-11 3.796027e-11 6.865722e-12 7.527457e-11 clkbuf_leaf_127_w_clk
 3.142220e-11 3.681507e-11 6.865722e-12 7.510299e-11 clkbuf_leaf_17_v_clk
 3.139365e-11 3.634472e-11 6.865722e-12 7.460409e-11 clkbuf_leaf_126_v_clk
 3.160262e-11 3.601615e-11 6.865722e-12 7.448449e-11 clkbuf_leaf_48_v_clk
 3.143284e-11 3.616435e-11 6.865722e-12 7.446292e-11 clkbuf_leaf_145_v_clk
 3.145089e-11 3.609307e-11 6.865722e-12 7.440969e-11 clkbuf_leaf_16_v_clk
 3.134887e-11 3.617641e-11 6.865722e-12 7.439100e-11 clkbuf_leaf_170_v_clk
 3.135139e-11 3.572867e-11 6.865722e-12 7.394578e-11 clkbuf_leaf_111_v_clk
 3.135328e-11 3.566624e-11 6.865722e-12 7.388525e-11 clkbuf_leaf_22_v_clk
 3.143770e-11 3.555019e-11 6.865722e-12 7.385362e-11 clkbuf_leaf_7_v_clk
 3.137158e-11 3.538816e-11 6.865722e-12 7.362547e-11 clkbuf_leaf_19_v_clk
 3.138948e-11 3.536661e-11 6.865722e-12 7.362182e-11 clkbuf_leaf_44_v_clk
 3.040296e-11 3.627323e-11 6.865722e-12 7.354192e-11 clkbuf_leaf_156_w_clk
 3.141187e-11 3.511948e-11 6.865722e-12 7.339707e-11 clkbuf_leaf_152_v_clk
 3.020921e-11 3.628321e-11 6.865722e-12 7.335815e-11 clkbuf_leaf_0_w_clk
 3.153967e-11 3.480240e-11 6.865722e-12 7.320779e-11 clkbuf_leaf_67_v_clk
 3.153663e-11 3.477191e-11 6.865722e-12 7.317426e-11 clkbuf_leaf_62_v_clk
 3.149228e-11 3.471037e-11 6.865722e-12 7.306838e-11 clkbuf_leaf_136_v_clk
 3.051933e-11 3.555920e-11 6.865722e-12 7.294425e-11 clkbuf_leaf_74_w_clk
 3.038661e-11 3.563270e-11 6.865722e-12 7.288503e-11 clkbuf_leaf_163_w_clk
 3.131394e-11 3.466851e-11 6.865722e-12 7.284817e-11 clkbuf_leaf_178_v_clk
 3.154550e-11 3.441286e-11 6.865722e-12 7.282409e-11 clkbuf_leaf_54_v_clk
 3.130611e-11 3.447734e-11 6.865722e-12 7.264917e-11 clkbuf_leaf_175_v_clk
 3.132311e-11 3.445240e-11 6.865722e-12 7.264123e-11 clkbuf_leaf_112_v_clk
 3.140160e-11 3.417382e-11 6.865722e-12 7.244114e-11 clkbuf_leaf_15_v_clk
 3.151845e-11 3.404299e-11 6.865722e-12 7.242715e-11 clkbuf_leaf_69_v_clk
 3.154353e-11 3.389044e-11 6.865722e-12 7.229969e-11 clkbuf_leaf_41_v_clk
 3.028481e-11 3.508692e-11 6.865722e-12 7.223745e-11 clkbuf_leaf_93_w_clk
 3.137890e-11 3.384577e-11 6.865722e-12 7.209040e-11 clkbuf_leaf_149_v_clk
 3.132272e-11 3.385897e-11 6.865722e-12 7.204742e-11 clkbuf_leaf_124_v_clk
 3.130784e-11 3.381531e-11 6.865722e-12 7.198887e-11 clkbuf_leaf_23_v_clk
 3.135791e-11 3.374348e-11 6.865722e-12 7.196712e-11 clkbuf_leaf_72_v_clk
 3.128558e-11 3.375982e-11 6.865722e-12 7.191112e-11 clkbuf_leaf_171_v_clk
 3.135550e-11 3.365832e-11 6.865722e-12 7.187955e-11 clkbuf_leaf_73_v_clk
 3.132731e-11 3.365281e-11 6.865722e-12 7.184584e-11 clkbuf_leaf_30_v_clk
 3.130241e-11 3.331649e-11 6.865722e-12 7.148463e-11 clkbuf_leaf_107_v_clk
 3.137767e-11 3.322410e-11 6.865722e-12 7.146750e-11 clkbuf_leaf_9_v_clk
 3.129511e-11 3.318702e-11 6.865722e-12 7.134785e-11 clkbuf_leaf_114_v_clk
 3.148423e-11 3.299163e-11 6.865722e-12 7.134158e-11 clkbuf_leaf_106_v_clk
 3.132989e-11 3.310252e-11 6.865722e-12 7.129813e-11 clkbuf_leaf_39_v_clk
 3.148513e-11 3.284633e-11 6.865722e-12 7.119719e-11 clkbuf_leaf_65_v_clk
 3.143910e-11 3.270747e-11 6.865722e-12 7.101229e-11 clkbuf_leaf_134_v_clk
 3.131577e-11 3.282184e-11 6.865722e-12 7.100334e-11 clkbuf_leaf_36_v_clk
 3.147484e-11 3.263530e-11 6.865722e-12 7.097586e-11 clkbuf_leaf_104_v_clk
 3.131317e-11 3.278898e-11 6.865722e-12 7.096788e-11 clkbuf_leaf_35_v_clk
 3.147381e-11 3.260631e-11 6.865722e-12 7.094584e-11 clkbuf_leaf_105_v_clk
 3.033311e-11 3.365300e-11 6.865722e-12 7.085183e-11 clkbuf_leaf_158_w_clk
 3.133972e-11 3.260601e-11 6.865722e-12 7.081145e-11 clkbuf_leaf_144_v_clk
 3.147230e-11 3.241308e-11 6.865722e-12 7.075111e-11 clkbuf_leaf_61_v_clk
 3.150339e-11 3.238123e-11 6.865722e-12 7.075035e-11 clkbuf_leaf_45_v_clk
 3.131828e-11 3.256353e-11 6.865722e-12 7.074753e-11 clkbuf_leaf_18_v_clk
 3.129776e-11 3.257047e-11 6.865722e-12 7.073395e-11 clkbuf_leaf_127_v_clk
 3.033213e-11 3.344721e-11 6.865722e-12 7.064506e-11 clkbuf_leaf_126_w_clk
 3.133380e-11 3.239540e-11 6.865722e-12 7.059493e-11 clkbuf_leaf_142_v_clk
 3.132010e-11 3.233618e-11 6.865722e-12 7.052200e-11 clkbuf_leaf_160_v_clk
 3.137414e-11 3.227487e-11 6.865722e-12 7.051473e-11 clkbuf_leaf_188_v_clk
 3.135277e-11 3.227021e-11 6.865722e-12 7.048871e-11 clkbuf_leaf_5_v_clk
 3.132365e-11 3.214948e-11 6.865722e-12 7.033885e-11 clkbuf_leaf_99_v_clk
 3.129169e-11 3.188801e-11 6.865722e-12 7.004542e-11 clkbuf_leaf_130_v_clk
 3.131040e-11 3.183787e-11 6.865722e-12 7.001400e-11 clkbuf_leaf_83_v_clk
 3.145255e-11 3.163277e-11 6.865722e-12 6.995104e-11 clkbuf_leaf_66_v_clk
 3.133827e-11 3.174113e-11 6.865722e-12 6.994512e-11 clkbuf_leaf_11_v_clk
 3.023825e-11 3.282449e-11 6.865722e-12 6.992846e-11 clkbuf_leaf_92_w_clk
 3.126657e-11 3.161911e-11 6.865722e-12 6.975140e-11 clkbuf_leaf_122_v_clk
 3.131953e-11 3.152643e-11 6.865722e-12 6.971169e-11 clkbuf_leaf_148_v_clk
 3.123696e-11 3.155770e-11 6.865722e-12 6.966040e-11 clkbuf_leaf_181_v_clk
 3.129724e-11 3.136471e-11 6.865722e-12 6.952767e-11 clkbuf_leaf_74_v_clk
 3.129722e-11 3.131169e-11 6.865722e-12 6.947463e-11 clkbuf_leaf_77_v_clk
 3.143330e-11 3.115684e-11 6.865722e-12 6.945587e-11 clkbuf_leaf_108_v_clk
 3.128885e-11 3.112279e-11 6.865722e-12 6.927736e-11 clkbuf_leaf_168_v_clk
 8.927288e-12 5.348149e-11 6.865712e-12 6.927448e-11 fanout1226
 3.129131e-11 3.092528e-11 6.865722e-12 6.908232e-11 clkbuf_leaf_91_v_clk
 3.125887e-11 3.090938e-11 6.865722e-12 6.903397e-11 clkbuf_leaf_31_v_clk
 3.126248e-11 3.085827e-11 6.865722e-12 6.898648e-11 clkbuf_leaf_20_v_clk
 3.138650e-11 3.071983e-11 6.865722e-12 6.897206e-11 clkbuf_leaf_137_v_clk
 3.040969e-11 3.168306e-11 6.865722e-12 6.895846e-11 clkbuf_leaf_72_w_clk
 3.028611e-11 3.178470e-11 6.865722e-12 6.893654e-11 clkbuf_leaf_161_w_clk
 3.123618e-11 3.079201e-11 6.865722e-12 6.889391e-11 clkbuf_leaf_25_v_clk
 3.128072e-11 3.065797e-11 6.865722e-12 6.880441e-11 clkbuf_leaf_80_v_clk
 3.041054e-11 3.147338e-11 6.865722e-12 6.874964e-11 clkbuf_leaf_76_w_clk
 3.122699e-11 3.055560e-11 6.865722e-12 6.864832e-11 clkbuf_leaf_24_v_clk
 3.039841e-11 3.133422e-11 6.865722e-12 6.859836e-11 clkbuf_leaf_54_w_clk
 3.122174e-11 3.041974e-11 6.865722e-12 6.850719e-11 clkbuf_leaf_32_v_clk
 3.136889e-11 3.015476e-11 6.865722e-12 6.838937e-11 clkbuf_leaf_140_v_clk
 3.143938e-11 3.007642e-11 6.865722e-12 6.838153e-11 clkbuf_leaf_47_v_clk
 3.141021e-11 3.007557e-11 6.865722e-12 6.835151e-11 clkbuf_leaf_68_v_clk
 3.122126e-11 3.019558e-11 6.865722e-12 6.828257e-11 clkbuf_leaf_26_v_clk
 3.128315e-11 3.012413e-11 6.865722e-12 6.827299e-11 clkbuf_leaf_156_v_clk
 3.127312e-11 3.013155e-11 6.865722e-12 6.827040e-11 clkbuf_leaf_89_v_clk
 3.125480e-11 3.013008e-11 6.865722e-12 6.825061e-11 clkbuf_leaf_43_v_clk
 3.127528e-11 3.004109e-11 6.865722e-12 6.818209e-11 clkbuf_leaf_146_v_clk
 3.127459e-11 2.999272e-11 6.865722e-12 6.813303e-11 clkbuf_leaf_147_v_clk
 3.126076e-11 2.992280e-11 6.865722e-12 6.804929e-11 clkbuf_leaf_82_v_clk
 3.026301e-11 3.087280e-11 6.865722e-12 6.800153e-11 clkbuf_leaf_165_w_clk
 3.127580e-11 2.982262e-11 6.865722e-12 6.796416e-11 clkbuf_leaf_150_v_clk
 3.139025e-11 2.953396e-11 6.865722e-12 6.778993e-11 clkbuf_leaf_103_v_clk
 3.135310e-11 2.956729e-11 6.865722e-12 6.778611e-11 clkbuf_leaf_139_v_clk
 3.121788e-11 2.965668e-11 6.865722e-12 6.774028e-11 clkbuf_leaf_123_v_clk
 3.128075e-11 2.951466e-11 6.865722e-12 6.766113e-11 clkbuf_leaf_3_v_clk
 3.025010e-11 3.048713e-11 6.865722e-12 6.760296e-11 clkbuf_leaf_159_w_clk
 3.007882e-11 3.062073e-11 6.865722e-12 6.756528e-11 clkbuf_leaf_9_w_clk
 3.123592e-11 2.925947e-11 6.865722e-12 6.736111e-11 clkbuf_leaf_166_v_clk
 3.120929e-11 2.922036e-11 6.865722e-12 6.729537e-11 clkbuf_leaf_121_v_clk
 3.124584e-11 2.917101e-11 6.865722e-12 6.728258e-11 clkbuf_leaf_93_v_clk
 3.024315e-11 3.006131e-11 6.865722e-12 6.717018e-11 clkbuf_leaf_42_w_clk
 3.121514e-11 2.905792e-11 6.865722e-12 6.713879e-11 clkbuf_leaf_128_v_clk
 3.140304e-11 2.877744e-11 6.865722e-12 6.704620e-11 clkbuf_leaf_50_v_clk
 3.024285e-11 2.992622e-11 6.865722e-12 6.703479e-11 clkbuf_leaf_133_w_clk
 3.006091e-11 2.998309e-11 6.865722e-12 6.690972e-11 clkbuf_leaf_34_w_clk
 3.023367e-11 2.977563e-11 6.865722e-12 6.687502e-11 clkbuf_leaf_166_w_clk
 3.023823e-11 2.976225e-11 6.865722e-12 6.686621e-11 clkbuf_leaf_132_w_clk
 3.128104e-11 2.871400e-11 6.865722e-12 6.686076e-11 clkbuf_leaf_193_v_clk
 3.132989e-11 2.865434e-11 6.865722e-12 6.684996e-11 clkbuf_leaf_138_v_clk
 3.122283e-11 2.873604e-11 6.865722e-12 6.682459e-11 clkbuf_leaf_165_v_clk
 3.035823e-11 2.957631e-11 6.865722e-12 6.680027e-11 clkbuf_leaf_77_w_clk
 3.126027e-11 2.866083e-11 6.865722e-12 6.678683e-11 clkbuf_leaf_6_v_clk
 3.122719e-11 2.854698e-11 6.865722e-12 6.663989e-11 clkbuf_leaf_79_v_clk
 3.015324e-11 2.951874e-11 6.865722e-12 6.653770e-11 clkbuf_leaf_91_w_clk
 3.015567e-11 2.948700e-11 6.865722e-12 6.650839e-11 clkbuf_leaf_89_w_clk
 3.126780e-11 2.830947e-11 6.865722e-12 6.644299e-11 clkbuf_leaf_1_v_clk
 3.126914e-11 2.825656e-11 6.865722e-12 6.639143e-11 clkbuf_leaf_189_v_clk
 3.126717e-11 2.817573e-11 6.865722e-12 6.630863e-11 clkbuf_leaf_187_v_clk
 3.137886e-11 2.794411e-11 6.865722e-12 6.618870e-11 clkbuf_leaf_40_v_clk
 3.120965e-11 2.811103e-11 6.865722e-12 6.618640e-11 clkbuf_leaf_161_v_clk
 3.021797e-11 2.894836e-11 6.865722e-12 6.603206e-11 clkbuf_leaf_125_w_clk
 3.018740e-11 2.890652e-11 6.865722e-12 6.595965e-11 clkbuf_leaf_52_w_clk
 3.020922e-11 2.887832e-11 6.865722e-12 6.595326e-11 clkbuf_leaf_130_w_clk
 3.133976e-11 2.772087e-11 6.865722e-12 6.592635e-11 clkbuf_leaf_109_v_clk
 3.033461e-11 2.870670e-11 6.865722e-12 6.590703e-11 clkbuf_leaf_75_w_clk
 3.134382e-11 2.768828e-11 6.865722e-12 6.589782e-11 clkbuf_leaf_71_v_clk
 3.013636e-11 2.886792e-11 6.865722e-12 6.587000e-11 clkbuf_leaf_87_w_clk
 3.121166e-11 2.776298e-11 6.865722e-12 6.584036e-11 clkbuf_leaf_98_v_clk
 3.119192e-11 2.771929e-11 6.865722e-12 6.577693e-11 clkbuf_leaf_135_v_clk
 3.135456e-11 2.747912e-11 6.865722e-12 6.569940e-11 clkbuf_leaf_56_v_clk
 3.123098e-11 2.755001e-11 6.865722e-12 6.564671e-11 clkbuf_leaf_13_v_clk
 3.121023e-11 2.756380e-11 6.865722e-12 6.563975e-11 clkbuf_leaf_143_v_clk
 3.123050e-11 2.750041e-11 6.865722e-12 6.559663e-11 clkbuf_leaf_12_v_clk
 9.615551e-12 4.821116e-11 7.514054e-12 6.534077e-11 fanout1531
 3.118952e-11 2.726295e-11 6.865722e-12 6.531819e-11 clkbuf_leaf_157_v_clk
 3.132747e-11 2.709682e-11 6.865722e-12 6.529001e-11 clkbuf_leaf_63_v_clk
 3.112848e-11 2.720184e-11 6.865722e-12 6.519604e-11 clkbuf_leaf_185_v_clk
 3.134106e-11 2.693978e-11 6.865722e-12 6.514656e-11 clkbuf_leaf_60_v_clk
 3.133395e-11 2.672290e-11 6.865722e-12 6.492257e-11 clkbuf_leaf_57_v_clk
 3.118639e-11 2.683863e-11 6.865722e-12 6.489075e-11 clkbuf_leaf_92_v_clk
 3.117948e-11 2.669249e-11 6.865722e-12 6.473769e-11 clkbuf_leaf_76_v_clk
 3.117347e-11 2.666987e-11 6.865722e-12 6.470907e-11 clkbuf_leaf_162_v_clk
 3.113998e-11 2.662236e-11 6.865722e-12 6.462807e-11 clkbuf_leaf_27_v_clk
 3.111513e-11 2.664150e-11 6.865722e-12 6.462236e-11 clkbuf_leaf_177_v_clk
 3.130998e-11 2.642387e-11 6.865722e-12 6.459957e-11 clkbuf_leaf_70_v_clk
 3.111434e-11 2.659693e-11 6.865722e-12 6.457700e-11 clkbuf_leaf_183_v_clk
 3.000938e-11 2.764329e-11 6.865722e-12 6.451839e-11 clkbuf_leaf_7_w_clk
 3.110990e-11 2.648980e-11 6.865722e-12 6.446543e-11 clkbuf_leaf_176_v_clk
 3.116473e-11 2.640721e-11 6.865722e-12 6.443766e-11 clkbuf_leaf_163_v_clk
 3.121613e-11 2.630920e-11 6.865722e-12 6.439105e-11 clkbuf_leaf_8_v_clk
 3.027471e-11 2.719984e-11 6.865722e-12 6.434027e-11 clkbuf_leaf_169_w_clk
 3.110731e-11 2.632989e-11 6.865722e-12 6.430292e-11 clkbuf_leaf_180_v_clk
 3.000078e-11 2.738501e-11 6.865722e-12 6.425151e-11 clkbuf_leaf_15_w_clk
 3.110596e-11 2.624966e-11 6.865722e-12 6.422134e-11 clkbuf_leaf_182_v_clk
 3.119055e-11 2.601665e-11 6.865722e-12 6.407293e-11 clkbuf_leaf_4_v_clk
 3.116732e-11 2.602819e-11 6.865722e-12 6.406123e-11 clkbuf_leaf_94_v_clk
 2.999196e-11 2.715375e-11 6.865722e-12 6.401144e-11 clkbuf_leaf_38_w_clk
 3.116098e-11 2.596971e-11 6.865722e-12 6.399641e-11 clkbuf_leaf_78_v_clk
 3.115546e-11 2.591116e-11 6.865722e-12 6.393235e-11 clkbuf_leaf_158_v_clk
 3.130739e-11 2.572377e-11 6.865722e-12 6.389689e-11 clkbuf_leaf_52_v_clk
 3.109707e-11 2.591025e-11 6.865722e-12 6.387305e-11 clkbuf_leaf_179_v_clk
 3.120291e-11 2.575529e-11 6.865722e-12 6.382392e-11 clkbuf_leaf_191_v_clk
 3.131678e-11 2.563641e-11 6.865722e-12 6.381891e-11 clkbuf_leaf_42_v_clk
 3.117024e-11 2.572494e-11 6.865722e-12 6.376091e-11 clkbuf_leaf_153_v_clk
 3.114928e-11 2.567200e-11 6.865722e-12 6.368701e-11 clkbuf_leaf_155_v_clk
 2.998449e-11 2.672740e-11 6.865722e-12 6.357762e-11 clkbuf_leaf_10_w_clk
 2.998254e-11 2.665186e-11 6.865722e-12 6.350012e-11 clkbuf_leaf_35_w_clk
 3.129660e-11 2.531725e-11 6.865722e-12 6.347958e-11 clkbuf_leaf_59_v_clk
 3.001596e-11 2.654922e-11 6.865722e-12 6.343090e-11 clkbuf_leaf_121_w_clk
 3.116157e-11 2.537856e-11 6.865722e-12 6.340585e-11 clkbuf_leaf_151_v_clk
 9.612859e-12 4.624974e-11 7.514054e-12 6.337665e-11 fanout1523
 3.114218e-11 2.527597e-11 6.865722e-12 6.328387e-11 clkbuf_leaf_81_v_clk
 3.114841e-11 2.526322e-11 6.865722e-12 6.327735e-11 clkbuf_leaf_96_v_clk
 3.113848e-11 2.521861e-11 6.865722e-12 6.322281e-11 clkbuf_leaf_159_v_clk
 3.112682e-11 2.522196e-11 6.865722e-12 6.321451e-11 clkbuf_leaf_37_v_clk
 3.126739e-11 2.504548e-11 6.865722e-12 6.317859e-11 clkbuf_leaf_102_v_clk
 3.123414e-11 2.507243e-11 6.865722e-12 6.317229e-11 clkbuf_leaf_132_v_clk
 3.113429e-11 2.506611e-11 6.865722e-12 6.306612e-11 clkbuf_leaf_154_v_clk
 3.107576e-11 2.507568e-11 6.865722e-12 6.301715e-11 clkbuf_leaf_184_v_clk
 3.116370e-11 2.497604e-11 6.865722e-12 6.300547e-11 clkbuf_leaf_14_v_clk
 3.107102e-11 2.506531e-11 6.865722e-12 6.300205e-11 clkbuf_leaf_172_v_clk
 3.013968e-11 2.596960e-11 6.865722e-12 6.297501e-11 clkbuf_leaf_134_w_clk
 3.129234e-11 2.473632e-11 6.865722e-12 6.289438e-11 clkbuf_leaf_46_v_clk
 3.010837e-11 2.583463e-11 6.865722e-12 6.280872e-11 clkbuf_leaf_49_w_clk
 3.125640e-11 2.456923e-11 6.865722e-12 6.269135e-11 clkbuf_leaf_64_v_clk
 7.490836e-12 4.102063e-11 1.416728e-11 6.267876e-11 wire355
 2.995696e-11 2.579947e-11 6.865722e-12 6.262215e-11 clkbuf_leaf_40_w_clk
 2.996211e-11 2.575871e-11 6.865722e-12 6.258654e-11 clkbuf_leaf_12_w_clk
 3.116292e-11 2.448967e-11 6.865722e-12 6.251831e-11 clkbuf_leaf_196_v_clk
 2.995522e-11 2.567902e-11 6.865722e-12 6.249996e-11 clkbuf_leaf_39_w_clk
 2.995899e-11 2.557013e-11 6.865722e-12 6.239484e-11 clkbuf_leaf_4_w_clk
 3.110763e-11 2.440162e-11 6.865722e-12 6.237498e-11 clkbuf_leaf_75_v_clk
 3.107521e-11 2.430833e-11 6.865722e-12 6.224926e-11 clkbuf_leaf_33_v_clk
 3.009322e-11 2.527157e-11 6.865722e-12 6.223051e-11 clkbuf_leaf_58_w_clk
 3.009087e-11 2.518179e-11 6.865722e-12 6.213838e-11 clkbuf_leaf_51_w_clk
 3.108989e-11 2.411733e-11 6.865722e-12 6.207294e-11 clkbuf_leaf_100_v_clk
 3.019478e-11 2.499552e-11 6.865722e-12 6.205602e-11 clkbuf_leaf_85_w_clk
 3.108397e-11 2.403119e-11 6.865722e-12 6.198088e-11 clkbuf_leaf_88_v_clk
 3.120504e-11 2.377381e-11 6.865722e-12 6.184457e-11 clkbuf_leaf_58_v_clk
 3.020795e-11 2.476295e-11 6.865722e-12 6.183662e-11 clkbuf_leaf_170_w_clk
 2.997199e-11 2.496650e-11 6.865722e-12 6.180421e-11 clkbuf_leaf_113_w_clk
 2.997446e-11 2.496290e-11 6.865722e-12 6.180308e-11 clkbuf_leaf_116_w_clk
 3.106919e-11 2.385398e-11 6.865722e-12 6.178890e-11 clkbuf_leaf_87_v_clk
 2.997546e-11 2.489748e-11 6.865722e-12 6.173866e-11 clkbuf_leaf_119_w_clk
 2.994073e-11 2.490241e-11 6.865722e-12 6.170886e-11 clkbuf_leaf_36_w_clk
 2.994389e-11 2.479497e-11 6.865722e-12 6.160458e-11 clkbuf_leaf_6_w_clk
 3.007582e-11 2.463440e-11 6.865722e-12 6.157595e-11 clkbuf_leaf_60_w_clk
 2.996886e-11 2.461893e-11 6.865722e-12 6.145352e-11 clkbuf_leaf_118_w_clk
 3.115364e-11 2.342458e-11 6.865722e-12 6.144394e-11 clkbuf_leaf_101_v_clk
 3.107723e-11 2.346790e-11 6.865722e-12 6.141086e-11 clkbuf_leaf_195_v_clk
 3.009460e-11 2.444431e-11 6.865722e-12 6.140463e-11 clkbuf_leaf_129_w_clk
 7.341253e-12 3.955255e-11 1.416731e-11 6.106111e-11 fanout384
 3.017080e-11 2.402110e-11 6.865722e-12 6.105762e-11 clkbuf_leaf_80_w_clk
 3.104951e-11 2.313727e-11 6.865722e-12 6.105250e-11 clkbuf_leaf_190_v_clk
 3.100594e-11 2.310880e-11 6.865722e-12 6.098046e-11 clkbuf_leaf_90_v_clk
 3.000852e-11 2.410388e-11 6.865722e-12 6.097812e-11 clkbuf_leaf_94_w_clk
 3.097916e-11 2.312413e-11 6.865722e-12 6.096901e-11 clkbuf_leaf_29_v_clk
 3.019698e-11 2.378514e-11 6.865722e-12 6.084783e-11 clkbuf_leaf_71_w_clk
 3.095003e-11 2.275154e-11 6.865722e-12 6.056729e-11 clkbuf_leaf_34_v_clk
 9.597664e-12 4.342762e-11 7.514054e-12 6.053934e-11 fanout1540
 3.095552e-11 2.264134e-11 6.865722e-12 6.046258e-11 clkbuf_leaf_164_v_clk
 3.100152e-11 2.257427e-11 6.865722e-12 6.044151e-11 clkbuf_leaf_0_v_clk
 2.993728e-11 2.360500e-11 6.865722e-12 6.040800e-11 clkbuf_leaf_109_w_clk
 2.990464e-11 2.361132e-11 6.865722e-12 6.038169e-11 clkbuf_leaf_2_w_clk
 2.998447e-11 2.346253e-11 6.865722e-12 6.031273e-11 clkbuf_leaf_96_w_clk
 3.089136e-11 2.253379e-11 6.865722e-12 6.029087e-11 clkbuf_leaf_173_v_clk
 3.095238e-11 2.245783e-11 6.865722e-12 6.027594e-11 clkbuf_leaf_95_v_clk
 2.988565e-11 2.339706e-11 6.865722e-12 6.014843e-11 clkbuf_leaf_11_w_clk
 3.092781e-11 2.217384e-11 6.865722e-12 5.996737e-11 clkbuf_leaf_84_v_clk
 3.095756e-11 2.207021e-11 6.865722e-12 5.989349e-11 clkbuf_leaf_2_v_clk
 2.999061e-11 2.270538e-11 6.865722e-12 5.956172e-11 clkbuf_leaf_128_w_clk
 2.984793e-11 2.284317e-11 6.865722e-12 5.955682e-11 clkbuf_leaf_29_w_clk
 3.101399e-11 2.157113e-11 6.865722e-12 5.945083e-11 clkbuf_leaf_51_v_clk
 3.086124e-11 2.165486e-11 6.865722e-12 5.938183e-11 clkbuf_leaf_21_v_clk
 5.112885e-12 3.998139e-11 1.416731e-11 5.926159e-11 fanout979
 3.005227e-11 2.231280e-11 6.865722e-12 5.923080e-11 clkbuf_leaf_174_w_clk
 3.089961e-11 2.136064e-11 6.865722e-12 5.912597e-11 clkbuf_leaf_192_v_clk
 2.979095e-11 2.224049e-11 6.865722e-12 5.889716e-11 clkbuf_leaf_37_w_clk
 2.979265e-11 2.223145e-11 6.865722e-12 5.888982e-11 clkbuf_leaf_33_w_clk
 2.979347e-11 2.218876e-11 6.865722e-12 5.884795e-11 clkbuf_leaf_8_w_clk
 3.001142e-11 2.196834e-11 6.865722e-12 5.884548e-11 clkbuf_leaf_79_w_clk
 2.981209e-11 2.213376e-11 6.865722e-12 5.881158e-11 clkbuf_leaf_114_w_clk
 3.083657e-11 2.107409e-11 6.865722e-12 5.877638e-11 clkbuf_leaf_86_v_clk
 3.000038e-11 2.166945e-11 6.865722e-12 5.853556e-11 clkbuf_leaf_168_w_clk
 3.000976e-11 2.163977e-11 6.865722e-12 5.851525e-11 clkbuf_leaf_73_w_clk
 5.110126e-12 3.917057e-11 1.416731e-11 5.844801e-11 fanout982
 5.003756e-12 3.920003e-11 1.416729e-11 5.837108e-11 fanout446
 2.998397e-11 2.151464e-11 6.865722e-12 5.836433e-11 clkbuf_leaf_172_w_clk
 2.982974e-11 2.166188e-11 6.865722e-12 5.835734e-11 clkbuf_leaf_95_w_clk
 3.079225e-11 2.058805e-11 6.865722e-12 5.824603e-11 clkbuf_leaf_85_v_clk
 2.975963e-11 2.147526e-11 6.865722e-12 5.810061e-11 clkbuf_leaf_117_w_clk
 3.081846e-11 2.039084e-11 6.865722e-12 5.807503e-11 clkbuf_leaf_194_v_clk
 2.971935e-11 2.132769e-11 6.865722e-12 5.791276e-11 clkbuf_leaf_30_w_clk
 2.993151e-11 2.108503e-11 6.865722e-12 5.788226e-11 clkbuf_leaf_86_w_clk
 3.076564e-11 2.021300e-11 6.865722e-12 5.784436e-11 clkbuf_leaf_97_v_clk
 5.131767e-12 4.217115e-11 1.047887e-11 5.778179e-11 max_cap775
 2.982585e-11 2.101529e-11 6.865722e-12 5.770687e-11 clkbuf_leaf_56_w_clk
 2.969467e-11 2.101762e-11 6.865722e-12 5.757800e-11 clkbuf_leaf_13_w_clk
 2.971746e-11 2.091837e-11 6.865722e-12 5.750156e-11 clkbuf_leaf_120_w_clk
 2.982619e-11 2.072083e-11 6.865722e-12 5.741274e-11 clkbuf_leaf_46_w_clk
 3.071697e-11 1.977608e-11 6.865722e-12 5.735877e-11 clkbuf_leaf_167_v_clk
 2.976335e-11 2.071805e-11 6.865722e-12 5.734713e-11 clkbuf_leaf_138_w_clk
 2.978824e-11 2.056222e-11 6.865722e-12 5.721618e-11 clkbuf_leaf_57_w_clk
 2.974871e-11 2.054218e-11 6.865722e-12 5.715661e-11 clkbuf_leaf_146_w_clk
 3.064202e-11 1.946804e-11 6.865722e-12 5.697578e-11 clkbuf_leaf_174_v_clk
 2.977758e-11 2.014418e-11 6.865722e-12 5.678748e-11 clkbuf_leaf_50_w_clk
 7.283869e-12 3.531798e-11 1.416731e-11 5.676917e-11 fanout454
 9.032979e-12 4.083318e-11 6.865712e-12 5.673188e-11 fanout1208
 3.079351e-11 1.904469e-11 6.865722e-12 5.670392e-11 clkbuf_leaf_53_v_clk
 2.969782e-11 2.000617e-11 6.865722e-12 5.656971e-11 clkbuf_leaf_141_w_clk
 2.970195e-11 1.997096e-11 6.865722e-12 5.653863e-11 clkbuf_leaf_137_w_clk
 3.063674e-11 1.874657e-11 6.865722e-12 5.624903e-11 clkbuf_leaf_169_v_clk
 2.961539e-11 1.969292e-11 6.865722e-12 5.617404e-11 clkbuf_leaf_115_w_clk
 5.077992e-12 4.057575e-11 1.047885e-11 5.613259e-11 fanout494
 2.959014e-11 1.965625e-11 6.865722e-12 5.611211e-11 clkbuf_leaf_32_w_clk
 2.965657e-11 1.949863e-11 6.865722e-12 5.602092e-11 clkbuf_leaf_140_w_clk
 7.382287e-12 3.430114e-11 1.416731e-11 5.585074e-11 fanout492
 3.071730e-11 1.816609e-11 6.865722e-12 5.574911e-11 clkbuf_leaf_55_v_clk
 2.976014e-11 1.907593e-11 6.865722e-12 5.570178e-11 clkbuf_leaf_81_w_clk
 2.975838e-11 1.890417e-11 6.865722e-12 5.552827e-11 clkbuf_leaf_173_w_clk
 2.961917e-11 1.903815e-11 6.865722e-12 5.552304e-11 clkbuf_leaf_139_w_clk
 2.963942e-11 1.901652e-11 6.865722e-12 5.552166e-11 clkbuf_leaf_154_w_clk
 7.442220e-12 3.387669e-11 1.416730e-11 5.548621e-11 max_cap1082
 2.953135e-11 1.896153e-11 6.865722e-12 5.535859e-11 clkbuf_leaf_31_w_clk
 2.953927e-11 1.868826e-11 6.865722e-12 5.509325e-11 clkbuf_leaf_110_w_clk
 2.970181e-11 1.824192e-11 6.865722e-12 5.480946e-11 clkbuf_leaf_171_w_clk
 5.124598e-12 3.898896e-11 1.047892e-11 5.459248e-11 max_cap680
 2.966142e-11 1.794199e-11 6.865722e-12 5.446912e-11 clkbuf_leaf_84_w_clk
 2.947826e-11 1.796293e-11 6.865722e-12 5.430692e-11 clkbuf_leaf_124_w_clk
 2.946255e-11 1.755947e-11 6.865722e-12 5.388774e-11 clkbuf_leaf_148_w_clk
 2.943612e-11 1.741022e-11 6.865722e-12 5.371206e-11 clkbuf_leaf_122_w_clk
 2.953052e-11 1.643757e-11 6.865722e-12 5.283381e-11 clkbuf_leaf_88_w_clk
 2.953688e-11 1.634210e-11 6.865722e-12 5.274470e-11 clkbuf_leaf_1_w_clk
 2.943570e-11 1.634867e-11 6.865722e-12 5.265009e-11 clkbuf_leaf_53_w_clk
 5.088705e-12 3.692734e-11 1.047884e-11 5.249488e-11 fanout688
 2.937320e-11 1.616712e-11 6.865722e-12 5.240604e-11 clkbuf_leaf_24_w_clk
 2.934105e-11 1.563822e-11 6.865722e-12 5.184499e-11 clkbuf_leaf_144_w_clk
 7.342098e-12 3.027919e-11 1.416728e-11 5.178857e-11 fanout1349
 2.943647e-11 1.530951e-11 6.865722e-12 5.161170e-11 clkbuf_leaf_78_w_clk
 4.441281e-11 0.000000e+00 6.865734e-12 5.127854e-11 clkload1
 4.438698e-11 0.000000e+00 6.865734e-12 5.125271e-11 clkload9
 5.052470e-12 3.189895e-11 1.416727e-11 5.111868e-11 fanout453
 5.044988e-12 3.161686e-11 1.416729e-11 5.082914e-11 fanout368
 2.923947e-11 1.421790e-11 6.865722e-12 5.032309e-11 clkbuf_leaf_152_w_clk
 5.032635e-12 3.470454e-11 1.047889e-11 5.021607e-11 fanout678
 2.919102e-11 1.400248e-11 6.865722e-12 5.005923e-11 clkbuf_leaf_63_w_clk
 5.095009e-12 3.078679e-11 1.416732e-11 5.004912e-11 fanout1057
 2.930266e-11 1.376865e-11 6.865722e-12 4.993703e-11 clkbuf_leaf_83_w_clk
 5.058141e-12 3.411095e-11 1.047885e-11 4.964794e-11 fanout722
 7.409857e-12 3.160373e-11 1.047886e-11 4.949246e-11 fanout1419
 5.068166e-12 2.957122e-11 1.416729e-11 4.880667e-11 fanout442
 2.907030e-11 1.273407e-11 6.865722e-12 4.867010e-11 clkbuf_leaf_149_w_clk
 2.912834e-11 1.243784e-11 6.865722e-12 4.843190e-11 clkbuf_leaf_67_w_clk
 2.907210e-11 1.248143e-11 6.865722e-12 4.841925e-11 clkbuf_leaf_28_w_clk
 2.905399e-11 1.229499e-11 6.865722e-12 4.821470e-11 clkbuf_leaf_26_w_clk
 2.907222e-11 1.220617e-11 6.865722e-12 4.814411e-11 clkbuf_leaf_151_w_clk
 5.040279e-12 2.853877e-11 1.416729e-11 4.774634e-11 fanout410
 2.895177e-11 1.110151e-11 6.865722e-12 4.691900e-11 clkbuf_leaf_64_w_clk
 2.894161e-11 1.063788e-11 6.865722e-12 4.644521e-11 clkbuf_leaf_20_w_clk
 5.053356e-12 2.701058e-11 1.416730e-11 4.623124e-11 fanout501
 5.073473e-12 3.050349e-11 1.047886e-11 4.605582e-11 fanout1058
 2.890757e-11 9.828317e-12 6.865722e-12 4.560161e-11 clkbuf_leaf_100_w_clk
 5.136636e-12 2.604688e-11 1.416731e-11 4.535083e-11 fanout984
 2.882520e-11 9.217307e-12 6.865722e-12 4.490823e-11 clkbuf_leaf_16_w_clk
 2.883197e-11 8.920621e-12 6.865722e-12 4.461832e-11 clkbuf_leaf_99_w_clk
 2.874920e-11 8.795771e-12 6.865722e-12 4.441069e-11 clkbuf_leaf_147_w_clk
 4.837803e-12 3.341628e-11 4.325239e-12 4.257932e-11 fanout1498
 5.081552e-12 2.689758e-11 1.047889e-11 4.245802e-11 fanout484
 5.059514e-12 2.675966e-11 1.047884e-11 4.229802e-11 fanout707
 4.568164e-12 3.275717e-11 4.876289e-12 4.220162e-11 fanout1192
 5.199041e-12 2.549688e-11 1.047884e-11 4.117476e-11 wire450
 5.071006e-12 2.525221e-11 1.047884e-11 4.080206e-11 fanout672
 5.053194e-12 2.477865e-11 1.047886e-11 4.031070e-11 fanout360
 5.186180e-12 1.968935e-11 1.416728e-11 3.904281e-11 max_cap1241
 5.167099e-12 2.218813e-11 1.047887e-11 3.783410e-11 max_cap1069
 4.562482e-12 2.823222e-11 4.876289e-12 3.767098e-11 fanout1177
 4.611411e-12 2.811538e-11 4.876289e-12 3.760308e-11 fanout1197
 5.149888e-12 2.192182e-11 1.047885e-11 3.755056e-11 max_cap1237
 3.364542e-12 1.984879e-11 1.416721e-11 3.738054e-11 fanout823
 5.162620e-12 2.149074e-11 1.047887e-11 3.713223e-11 fanout1067
 2.878380e-12 1.949878e-11 1.416737e-11 3.654452e-11 max_cap1443
 2.789260e-12 2.317860e-11 1.047882e-11 3.644668e-11 fanout699
 2.924255e-11 0.000000e+00 6.865722e-12 3.610828e-11 clkload248
 2.924247e-11 0.000000e+00 6.865722e-12 3.610819e-11 clkload236
 2.923667e-11 0.000000e+00 6.865722e-12 3.610239e-11 clkload194
 2.923667e-11 0.000000e+00 6.865722e-12 3.610239e-11 clkload254
 2.923602e-11 0.000000e+00 6.865722e-12 3.610174e-11 clkload299
 2.923421e-11 0.000000e+00 6.865722e-12 3.609993e-11 clkload191
 2.923370e-11 0.000000e+00 6.865722e-12 3.609942e-11 clkload270
 2.814692e-12 2.280455e-11 1.047882e-11 3.609806e-11 fanout996
 2.923059e-11 0.000000e+00 6.865722e-12 3.609631e-11 clkload146
 2.922914e-11 0.000000e+00 6.865722e-12 3.609487e-11 clkload289
 2.922838e-11 0.000000e+00 6.865722e-12 3.609410e-11 clkload151
 5.082897e-12 1.684131e-11 1.416734e-11 3.609155e-11 fanout1556
 2.922336e-11 0.000000e+00 6.865722e-12 3.608908e-11 clkload291
 2.921903e-11 0.000000e+00 6.865722e-12 3.608475e-11 clkload169
 2.921711e-11 0.000000e+00 6.865722e-12 3.608284e-11 clkload287
 2.921540e-11 0.000000e+00 6.865722e-12 3.608113e-11 clkload183
 2.921151e-11 0.000000e+00 6.865722e-12 3.607723e-11 clkload167
 2.921055e-11 0.000000e+00 6.865722e-12 3.607627e-11 clkload268
 2.920916e-11 0.000000e+00 6.865722e-12 3.607488e-11 clkload238
 2.920746e-11 0.000000e+00 6.865722e-12 3.607318e-11 clkload241
 2.920640e-11 0.000000e+00 6.865722e-12 3.607212e-11 clkload224
 2.920587e-11 0.000000e+00 6.865722e-12 3.607159e-11 clkload172
 2.920321e-11 0.000000e+00 6.865722e-12 3.606893e-11 clkload215
 2.920082e-11 0.000000e+00 6.865722e-12 3.606655e-11 clkload209
 2.919606e-11 0.000000e+00 6.865722e-12 3.606178e-11 clkload188
 2.918627e-11 0.000000e+00 6.865722e-12 3.605199e-11 clkload212
 2.916256e-11 0.000000e+00 6.865722e-12 3.602829e-11 clkload278
 4.860275e-12 2.677273e-11 4.325239e-12 3.595824e-11 fanout1511
 5.172298e-12 2.023563e-11 1.047890e-11 3.588683e-11 wire1468
 4.859047e-12 2.667515e-11 4.325239e-12 3.585943e-11 fanout1493
 4.873677e-12 2.661467e-11 4.325239e-12 3.581359e-11 fanout1500
 5.108730e-12 2.015852e-11 1.047885e-11 3.574610e-11 fanout1934
 2.580008e-12 2.555699e-11 7.514084e-12 3.565108e-11 fanout985
 2.826100e-11 0.000000e+00 6.865722e-12 3.512672e-11 clkload58
 2.825560e-11 0.000000e+00 6.865722e-12 3.512132e-11 clkload100
 2.823729e-11 0.000000e+00 6.865722e-12 3.510301e-11 clkload124
 2.821798e-11 0.000000e+00 6.865722e-12 3.508370e-11 clkload125
 2.821554e-11 0.000000e+00 6.865722e-12 3.508126e-11 clkload78
 2.821458e-11 0.000000e+00 6.865722e-12 3.508030e-11 clkload128
 2.821440e-11 0.000000e+00 6.865722e-12 3.508012e-11 clkload79
 2.821059e-11 0.000000e+00 6.865722e-12 3.507631e-11 clkload101
 2.820932e-11 0.000000e+00 6.865722e-12 3.507504e-11 clkload95
 2.820670e-11 0.000000e+00 6.865722e-12 3.507242e-11 clkload81
 2.818689e-11 0.000000e+00 6.865722e-12 3.505261e-11 clkload118
 2.817056e-11 0.000000e+00 6.865722e-12 3.503628e-11 clkload112
 2.816958e-11 0.000000e+00 6.865722e-12 3.503530e-11 clkload120
 4.585791e-12 2.530344e-11 4.876289e-12 3.476552e-11 fanout1186
 4.584285e-12 2.525240e-11 4.876289e-12 3.471298e-11 fanout1171
 4.573803e-12 2.511944e-11 4.876289e-12 3.456953e-11 fanout1220
 1.148056e-12 2.378142e-11 9.454252e-12 3.438373e-11 _20806_
 4.587926e-12 2.463162e-11 4.876289e-12 3.409583e-11 fanout1205
 3.628132e-12 2.256156e-11 7.514079e-12 3.370377e-11 max_cap378
 2.824034e-12 2.022964e-11 1.047882e-11 3.353249e-11 fanout470
 5.025447e-12 1.785306e-11 1.047884e-11 3.335734e-11 fanout1924
 1.095970e-12 2.279471e-11 9.454252e-12 3.334494e-11 _21141_
 4.609397e-12 2.377724e-11 4.876289e-12 3.326293e-11 fanout1179
 4.592456e-12 2.375221e-11 4.876289e-12 3.322095e-11 fanout1162
 5.132514e-12 1.754235e-11 1.047884e-11 3.315370e-11 fanout1921
 4.929513e-12 2.381976e-11 4.325239e-12 3.307451e-11 fanout1483
 4.882482e-12 2.384680e-11 4.325239e-12 3.305452e-11 fanout1522
 4.879517e-12 2.376630e-11 4.325239e-12 3.297106e-11 fanout1485
 4.582935e-12 2.342306e-11 4.876289e-12 3.288228e-11 fanout1215
 2.813723e-12 1.953591e-11 1.047882e-11 3.282845e-11 fanout757
 5.164313e-12 1.682360e-11 1.047885e-11 3.246676e-11 max_cap1278
 2.803802e-12 1.911151e-11 1.047884e-11 3.239415e-11 fanout710
 2.514349e-12 2.218496e-11 7.514086e-12 3.221340e-11 max_cap714
 2.855097e-12 1.517757e-11 1.416735e-11 3.220002e-11 fanout1347
 4.922797e-12 2.292980e-11 4.325239e-12 3.217784e-11 fanout1518
 4.922362e-12 2.285736e-11 4.325239e-12 3.210496e-11 fanout1505
 4.607985e-12 2.255622e-11 4.876289e-12 3.204050e-11 fanout1194
 5.074032e-12 1.643007e-11 1.047884e-11 3.198294e-11 fanout1928
 5.076902e-12 1.631836e-11 1.047884e-11 3.187410e-11 fanout1927
 4.617653e-12 2.232436e-11 4.876289e-12 3.181830e-11 fanout1204
 4.595737e-12 2.224714e-11 4.876289e-12 3.171917e-11 fanout1174
 4.596849e-12 2.224214e-11 4.876289e-12 3.171528e-11 fanout1188
 2.826710e-12 1.458992e-11 1.416735e-11 3.158398e-11 fanout1346
 4.925115e-12 2.230617e-11 4.325239e-12 3.155652e-11 fanout1520
 2.847809e-12 1.443703e-11 1.416737e-11 3.145221e-11 fanout1444
 5.021895e-12 1.585171e-11 1.047884e-11 3.135244e-11 fanout1922
 4.926705e-12 2.200277e-11 4.325239e-12 3.125471e-11 fanout1484
 4.585591e-12 2.156860e-11 4.876289e-12 3.103048e-11 fanout1191
 4.888951e-12 2.181222e-11 4.325239e-12 3.102641e-11 fanout1538
 2.812050e-12 1.716189e-11 1.047882e-11 3.045276e-11 fanout687
 2.804018e-12 1.709108e-11 1.047882e-11 3.037392e-11 fanout443
 2.802988e-12 1.327848e-11 1.416727e-11 3.024873e-11 fanout971
 4.604755e-12 2.069902e-11 4.876289e-12 3.018007e-11 fanout1196
 4.900772e-12 2.092857e-11 4.325239e-12 3.015459e-11 fanout1528
 2.795143e-12 1.317071e-11 1.416736e-11 3.013321e-11 fanout980
 4.915552e-12 2.086351e-11 4.325239e-12 3.010430e-11 fanout1491
 2.890491e-12 1.301784e-11 1.416729e-11 3.007562e-11 max_cap1480
 4.598129e-12 2.052603e-11 4.876289e-12 3.000045e-11 fanout1198
 4.928920e-12 2.070055e-11 4.325239e-12 2.995471e-11 fanout1488
 4.940460e-12 2.035521e-11 4.325239e-12 2.962090e-11 fanout1502
 2.816037e-12 1.259218e-11 1.416737e-11 2.957558e-11 fanout1456
 4.919591e-12 1.997393e-11 4.325239e-12 2.921876e-11 fanout1542
 4.936763e-12 1.989735e-11 4.325239e-12 2.915935e-11 fanout1481
 4.644484e-12 1.954740e-11 4.876289e-12 2.906817e-11 fanout1187
 2.832091e-12 1.547976e-11 1.047882e-11 2.879067e-11 fanout376
 4.921371e-12 1.937224e-11 4.325239e-12 2.861885e-11 fanout1510
 4.638671e-12 1.901263e-11 4.876289e-12 2.852759e-11 fanout1213
 4.647460e-12 1.881138e-11 4.876289e-12 2.833512e-11 fanout1172
 2.803434e-12 1.484633e-11 1.047891e-11 2.812867e-11 fanout772
 4.612847e-12 1.858870e-11 4.876289e-12 2.807784e-11 fanout1167
 4.611963e-12 1.857514e-11 4.876289e-12 2.806339e-11 fanout1183
 4.678227e-12 1.846900e-11 4.876289e-12 2.802352e-11 fanout1165
 2.814598e-12 1.453983e-11 1.047883e-11 2.783325e-11 fanout739
 2.500806e-12 1.843888e-11 6.865705e-12 2.780540e-11 max_cap671
 2.815712e-12 1.420986e-11 1.047882e-11 2.750439e-11 fanout444
 4.615477e-12 1.796563e-11 4.876289e-12 2.745739e-11 fanout1166
 4.634518e-12 1.787526e-11 4.876289e-12 2.738607e-11 fanout1170
 4.617273e-12 1.784985e-11 4.876289e-12 2.734341e-11 fanout1160
 2.801941e-12 1.403042e-11 1.047884e-11 2.731119e-11 fanout993
 4.949460e-12 1.792846e-11 4.325239e-12 2.720316e-11 fanout1514
 4.951521e-12 1.789149e-11 4.325239e-12 2.716824e-11 fanout1517
 4.904739e-12 1.785618e-11 4.325239e-12 2.708615e-11 fanout1546
 4.907039e-12 1.782335e-11 4.325239e-12 2.705563e-11 fanout1548
 2.816517e-12 9.830236e-12 1.416736e-11 2.681411e-11 fanout1410
 2.522046e-12 1.671921e-11 7.514082e-12 2.675534e-11 max_cap354
 2.799807e-12 1.332081e-11 1.047882e-11 2.659943e-11 fanout361
 2.804919e-12 1.323606e-11 1.047884e-11 2.651981e-11 fanout715
 4.632657e-12 1.700810e-11 4.876289e-12 2.651705e-11 fanout1221
 4.648675e-12 1.687520e-11 4.876289e-12 2.640016e-11 fanout1217
 2.523454e-12 1.623497e-11 7.514081e-12 2.627251e-11 max_cap464
 2.804115e-12 1.297027e-11 1.047882e-11 2.625320e-11 fanout371
 2.839881e-12 9.242051e-12 1.416737e-11 2.624930e-11 max_cap1089
 4.923621e-12 1.692627e-11 4.325239e-12 2.617512e-11 fanout1543
 2.534110e-12 1.601246e-11 7.514076e-12 2.606064e-11 max_cap426
 4.648762e-12 1.644130e-11 4.876289e-12 2.596635e-11 fanout1216
 2.813120e-12 1.251200e-11 1.047882e-11 2.580394e-11 fanout1084
 4.638556e-12 1.610848e-11 4.876289e-12 2.562332e-11 fanout1203
 2.813458e-12 1.225620e-11 1.047882e-11 2.554848e-11 fanout784
 2.874202e-12 1.190649e-11 1.047882e-11 2.525951e-11 max_cap1270
 2.804980e-12 1.180960e-11 1.047882e-11 2.509340e-11 fanout370
 2.870512e-12 1.150904e-11 1.047882e-11 2.485838e-11 max_cap1453
 2.864762e-12 1.134523e-11 1.047890e-11 2.468889e-11 max_cap781
 2.881853e-12 1.125070e-11 1.047886e-11 2.461141e-11 fanout1156
 2.798061e-12 1.120507e-11 1.047883e-11 2.448196e-11 fanout1087
 2.883224e-12 1.087412e-11 1.047889e-11 2.423624e-11 max_cap1943
 2.543371e-12 1.407822e-11 7.514076e-12 2.413567e-11 max_cap429
 2.876648e-12 1.009376e-11 1.047882e-11 2.344923e-11 max_cap1274
 2.548587e-12 1.373066e-11 6.865705e-12 2.314496e-11 fanout1074
 2.862671e-12 9.475689e-12 1.047892e-11 2.281728e-11 fanout1423
 2.582973e-12 1.297022e-11 6.865721e-12 2.241891e-11 fanout1090
 2.130463e-12 1.566081e-11 4.325249e-12 2.211652e-11 hold456
 1.764310e-11 0.000000e+00 4.330275e-12 2.197337e-11 clkload10
 1.763937e-11 0.000000e+00 4.330275e-12 2.196965e-11 clkload14
 2.530602e-12 1.248479e-11 6.865716e-12 2.188111e-11 fanout1864
 2.613140e-12 1.238664e-11 6.865716e-12 2.186550e-11 hold36
 1.751239e-11 0.000000e+00 4.330275e-12 2.184266e-11 clkload3
 2.513094e-12 1.244877e-11 6.865705e-12 2.182757e-11 max_cap377
 2.559844e-12 1.239945e-11 6.865716e-12 2.182501e-11 fanout1861
 1.747583e-11 0.000000e+00 4.330275e-12 2.180611e-11 clkload4
 1.391704e-12 1.313511e-11 6.865705e-12 2.139252e-11 max_cap695
 2.822862e-12 7.760007e-12 1.047882e-11 2.106169e-11 fanout951
 2.568529e-12 1.091277e-11 7.514081e-12 2.099538e-11 fanout1558
 2.531225e-12 1.049495e-11 7.514081e-12 2.054026e-11 fanout1580
 2.570257e-12 1.087513e-11 6.865716e-12 2.031111e-11 fanout1866
 1.980165e-12 1.079540e-11 7.514044e-12 2.028961e-11 fanout1839
 2.600081e-12 1.286206e-11 4.647980e-12 2.011013e-11 fanout1219
 2.544030e-12 9.938219e-12 7.514081e-12 1.999633e-11 fanout1591
 1.509313e-11 0.000000e+00 4.876281e-12 1.996941e-11 clkload149
 1.509229e-11 0.000000e+00 4.876281e-12 1.996857e-11 clkload301
 1.508833e-11 0.000000e+00 4.876281e-12 1.996461e-11 clkload305
 1.508528e-11 0.000000e+00 4.876281e-12 1.996156e-11 clkload300
 1.508497e-11 0.000000e+00 4.876281e-12 1.996125e-11 clkload197
 1.508055e-11 0.000000e+00 4.876281e-12 1.995683e-11 clkload284
 1.507987e-11 0.000000e+00 4.876281e-12 1.995615e-11 clkload162
 1.507946e-11 0.000000e+00 4.876281e-12 1.995573e-11 clkload292
 1.507859e-11 0.000000e+00 4.876281e-12 1.995487e-11 clkload180
 1.507856e-11 0.000000e+00 4.876281e-12 1.995484e-11 clkload306
 1.507830e-11 0.000000e+00 4.876281e-12 1.995458e-11 clkload267
 1.507817e-11 0.000000e+00 4.876281e-12 1.995445e-11 clkload266
 1.507730e-11 0.000000e+00 4.876281e-12 1.995358e-11 clkload235
 1.507536e-11 0.000000e+00 4.876281e-12 1.995164e-11 clkload283
 1.507515e-11 0.000000e+00 4.876281e-12 1.995143e-11 clkload282
 1.507435e-11 0.000000e+00 4.876281e-12 1.995063e-11 clkload187
 1.507366e-11 0.000000e+00 4.876281e-12 1.994994e-11 clkload256
 1.507134e-11 0.000000e+00 4.876281e-12 1.994762e-11 clkload168
 1.507114e-11 0.000000e+00 4.876281e-12 1.994742e-11 clkload182
 1.507068e-11 0.000000e+00 4.876281e-12 1.994696e-11 clkload171
 1.506731e-11 0.000000e+00 4.876281e-12 1.994359e-11 clkload228
 1.506481e-11 0.000000e+00 4.876281e-12 1.994109e-11 clkload225
 1.506400e-11 0.000000e+00 4.876281e-12 1.994028e-11 clkload220
 1.506172e-11 0.000000e+00 4.876281e-12 1.993800e-11 clkload237
 2.541518e-12 9.858133e-12 7.514081e-12 1.991373e-11 fanout1565
 2.756268e-12 1.332780e-11 3.659369e-12 1.974344e-11 fanout1535
 2.545652e-12 9.674580e-12 7.514081e-12 1.973431e-11 fanout1571
 2.647253e-12 1.005753e-11 6.865708e-12 1.957049e-11 hold49
 1.462090e-11 0.000000e+00 4.876282e-12 1.949718e-11 clkload52
 1.461954e-11 0.000000e+00 4.876282e-12 1.949582e-11 clkload108
 1.461558e-11 0.000000e+00 4.876282e-12 1.949186e-11 clkload53
 1.461321e-11 0.000000e+00 4.876282e-12 1.948949e-11 clkload99
 1.460973e-11 0.000000e+00 4.876282e-12 1.948601e-11 clkload54
 1.460887e-11 0.000000e+00 4.876282e-12 1.948515e-11 clkload97
 1.460669e-11 0.000000e+00 4.876282e-12 1.948298e-11 clkload71
 1.460235e-11 0.000000e+00 4.876282e-12 1.947863e-11 clkload98
 1.460220e-11 0.000000e+00 4.876282e-12 1.947848e-11 clkload55
 1.459412e-11 0.000000e+00 4.876282e-12 1.947040e-11 clkload96
 1.458782e-11 0.000000e+00 4.876282e-12 1.946410e-11 clkload70
 1.457895e-11 0.000000e+00 4.876282e-12 1.945523e-11 clkload59
 1.457589e-11 0.000000e+00 4.876282e-12 1.945217e-11 clkload57
 1.456269e-11 0.000000e+00 4.876282e-12 1.943897e-11 clkload74
 1.455857e-11 0.000000e+00 4.876282e-12 1.943485e-11 clkload90
 1.455429e-11 0.000000e+00 4.876282e-12 1.943057e-11 clkload102
 1.454580e-11 0.000000e+00 4.876282e-12 1.942208e-11 clkload111
 1.454483e-11 0.000000e+00 4.876282e-12 1.942111e-11 clkload63
 2.772841e-12 1.296289e-11 3.659369e-12 1.939510e-11 fanout1534
 2.559176e-12 9.935902e-12 6.865716e-12 1.936079e-11 fanout1899
 2.554961e-12 9.249032e-12 7.514081e-12 1.931807e-11 fanout1563
 2.537757e-12 9.880157e-12 6.865716e-12 1.928363e-11 fanout1910
 1.440124e-11 0.000000e+00 4.876282e-12 1.927752e-11 clkload26
 2.568613e-12 9.804557e-12 6.865716e-12 1.923889e-11 fanout1916
 2.570341e-12 9.137389e-12 7.514081e-12 1.922181e-11 fanout1590
 2.569449e-12 9.125437e-12 7.514081e-12 1.920897e-11 fanout1568
 2.751510e-12 1.279479e-11 3.659369e-12 1.920567e-11 fanout1515
 2.564504e-12 8.990276e-12 7.514081e-12 1.906886e-11 fanout1585
 1.677224e-12 9.829373e-12 7.514066e-12 1.902066e-11 fanout808
 2.577585e-12 8.874869e-12 7.514079e-12 1.896653e-11 fanout1471
 1.399198e-12 9.930954e-12 7.514084e-12 1.884424e-11 max_cap476
 5.658770e-13 4.067386e-12 1.416739e-11 1.880065e-11 fanout1345
 5.630561e-13 3.997020e-12 1.416739e-11 1.872746e-11 fanout1007
 2.610731e-12 1.137577e-11 4.647980e-12 1.863448e-11 fanout1211
 2.594905e-12 1.133570e-11 4.647980e-12 1.857858e-11 fanout1182
 1.400751e-12 1.014337e-11 6.865703e-12 1.840982e-11 max_cap732
 2.535096e-12 8.981349e-12 6.865705e-12 1.838215e-11 fanout1929
 2.553005e-12 8.853027e-12 6.865716e-12 1.827175e-11 fanout1845
 1.983584e-12 8.636176e-12 7.514044e-12 1.813380e-11 fanout1829
 2.563751e-12 8.691361e-12 6.865716e-12 1.812083e-11 fanout1891
 1.963215e-12 8.569101e-12 7.514044e-12 1.804636e-11 fanout1828
 5.786742e-13 1.097333e-11 6.341672e-12 1.789368e-11 _20116_
 1.457534e-12 8.781870e-12 7.514096e-12 1.775350e-11 hold22
 2.576765e-12 8.302756e-12 6.865716e-12 1.774524e-11 fanout1855
 1.415648e-12 8.793287e-12 7.514096e-12 1.772303e-11 fanout1291
 1.397547e-12 9.358924e-12 6.865704e-12 1.762217e-11 fanout988
 1.409486e-12 8.672717e-12 7.514078e-12 1.759628e-11 max_cap725
 2.614028e-12 1.022888e-11 4.647980e-12 1.749089e-11 fanout1173
 2.776524e-12 1.102417e-11 3.659369e-12 1.746007e-11 fanout1521
 1.637560e-12 1.136189e-11 4.325246e-12 1.732470e-11 hold266
 1.974193e-12 8.460534e-12 6.865753e-12 1.730048e-11 fanout1633
 1.407165e-12 9.010907e-12 6.865703e-12 1.728378e-11 max_cap986
 1.682375e-12 8.074699e-12 7.514066e-12 1.727114e-11 fanout822
 1.403129e-12 8.968054e-12 6.865709e-12 1.723689e-11 fanout1129
 1.565193e-12 1.126171e-11 4.325242e-12 1.715214e-11 hold85
 1.415163e-12 8.866870e-12 6.865704e-12 1.714774e-11 fanout532
 1.396508e-12 8.883185e-12 6.865704e-12 1.714540e-11 fanout534
 1.400608e-12 8.111693e-12 7.514076e-12 1.702638e-11 max_cap1011
 5.682420e-13 2.232826e-12 1.416739e-11 1.696845e-11 max_cap999
 2.778942e-12 1.052443e-11 3.659369e-12 1.696274e-11 fanout1504
 2.775977e-12 1.044186e-11 3.659369e-12 1.687720e-11 fanout1482
 1.694222e-12 8.305552e-12 6.865734e-12 1.686551e-11 fanout796
 2.760531e-12 1.035346e-11 3.659369e-12 1.677336e-11 fanout1547
 1.418704e-12 7.826555e-12 7.514087e-12 1.675935e-11 fanout1109
 1.407654e-12 8.461151e-12 6.865703e-12 1.673451e-11 fanout1147
 1.403057e-12 7.795263e-12 7.514079e-12 1.671240e-11 fanout421
 1.424969e-12 8.415167e-12 6.865704e-12 1.670584e-11 fanout1052
 1.679006e-12 7.489123e-12 7.514066e-12 1.668219e-11 fanout817
 5.749282e-13 1.911430e-12 1.416739e-11 1.665374e-11 max_cap1262
 1.396087e-12 8.167404e-12 6.865703e-12 1.642919e-11 max_cap748
 1.972214e-12 7.580906e-12 6.865753e-12 1.641887e-11 fanout1614
 2.608392e-12 9.040071e-12 4.647980e-12 1.629644e-11 fanout1214
 2.763880e-12 9.812214e-12 3.659369e-12 1.623546e-11 fanout1527
 1.416778e-12 7.289721e-12 7.514087e-12 1.622059e-11 fanout1112
 1.414609e-12 7.822298e-12 6.865704e-12 1.610261e-11 fanout1042
 2.765824e-12 9.611108e-12 3.659369e-12 1.603630e-11 fanout1544
 1.398317e-12 7.753824e-12 6.865701e-12 1.601784e-11 fanout1321
 2.766352e-12 9.591910e-12 3.659369e-12 1.601763e-11 fanout1492
 2.780431e-12 9.517923e-12 3.659369e-12 1.595772e-11 fanout1537
 2.594285e-12 8.712588e-12 4.647980e-12 1.595485e-11 fanout1161
 1.278624e-12 9.726031e-12 4.876286e-12 1.588094e-11 fanout1890
 1.151156e-11 0.000000e+00 4.330179e-12 1.584174e-11 clkload135
 1.470615e-12 7.503944e-12 6.865701e-12 1.584026e-11 hold13
 1.130354e-11 0.000000e+00 4.330173e-12 1.563371e-11 clkload22
 1.128817e-11 0.000000e+00 4.330173e-12 1.561835e-11 clkload19
 4.505925e-13 8.814137e-12 6.341417e-12 1.560615e-11 _19118_
 1.125547e-11 0.000000e+00 4.330173e-12 1.558565e-11 clkload18
 1.408470e-12 6.624067e-12 7.514087e-12 1.554662e-11 fanout1094
 1.415519e-12 7.260687e-12 6.865705e-12 1.554191e-11 max_cap472
 1.405831e-12 6.442443e-12 7.514092e-12 1.536237e-11 fanout1018
 1.410834e-12 6.352753e-12 7.514092e-12 1.527768e-11 fanout525
 1.410423e-12 6.317396e-12 7.514092e-12 1.524191e-11 fanout508
 8.364090e-13 7.430948e-12 6.865748e-12 1.513310e-11 fanout1381
 1.410592e-12 6.170811e-12 7.514092e-12 1.509549e-11 fanout530
 1.125095e-12 6.429411e-12 7.514098e-12 1.506860e-11 fanout570
 2.183509e-12 8.458347e-12 4.325249e-12 1.496710e-11 fanout863
 1.390050e-12 5.809676e-12 7.514091e-12 1.471382e-11 fanout1433
 1.402174e-12 5.797150e-12 7.514096e-12 1.471342e-11 fanout1308
 5.709480e-13 3.533847e-12 1.047880e-11 1.458359e-11 fanout1268
 2.548326e-12 5.134608e-12 6.865716e-12 1.454865e-11 fanout1876
 5.601495e-13 3.243273e-12 1.047880e-11 1.428222e-11 fanout744
 3.219887e-13 7.520390e-12 6.341761e-12 1.418414e-11 _20526_
 1.412051e-12 5.860925e-12 6.865703e-12 1.413868e-11 fanout964
 5.624460e-13 3.032072e-12 1.047880e-11 1.407332e-11 fanout991
 1.412969e-12 5.787629e-12 6.865709e-12 1.406631e-11 fanout1141
 8.808360e-13 5.661607e-12 7.514057e-12 1.405650e-11 hold26
 5.630265e-13 2.886124e-12 1.047880e-11 1.392795e-11 fanout693
 1.127953e-12 5.906431e-12 6.865701e-12 1.390008e-11 fanout625
 8.457767e-13 5.163068e-12 7.514048e-12 1.352289e-11 fanout1367
 1.284525e-12 7.340926e-12 4.876286e-12 1.350174e-11 fanout1889
 8.737523e-13 4.914017e-12 7.514039e-12 1.330181e-11 hold16
 8.501249e-13 4.812441e-12 7.514039e-12 1.317660e-11 fanout1821
 1.302661e-12 7.491889e-12 4.325220e-12 1.311977e-11 fanout747
 1.126922e-12 4.412662e-12 7.514098e-12 1.305368e-11 fanout566
 5.697653e-13 1.965757e-12 1.047880e-11 1.301432e-11 max_cap1266
 8.463105e-13 4.560951e-12 7.514057e-12 1.292132e-11 fanout1694
 1.291159e-12 6.703902e-12 4.876286e-12 1.287135e-11 fanout1905
 9.965291e-13 6.989405e-12 4.876254e-12 1.286219e-11 fanout1630
 5.757530e-13 1.028637e-11 1.894867e-12 1.275698e-11 _21719_
 1.296405e-12 6.584188e-12 4.876286e-12 1.275688e-11 fanout1853
 1.294979e-12 6.557118e-12 4.876286e-12 1.272838e-11 fanout1888
 1.300698e-12 6.551212e-12 4.876286e-12 1.272820e-11 fanout1911
 9.950310e-13 7.385653e-12 4.325245e-12 1.270593e-11 hold518
 1.290369e-12 7.089079e-12 4.325216e-12 1.270466e-11 fanout1597
 1.041928e-12 7.337243e-12 4.325248e-12 1.270442e-11 hold478
 1.300062e-12 6.493996e-12 4.876286e-12 1.267034e-11 fanout1886
 1.303057e-12 6.949036e-12 4.325216e-12 1.257731e-11 fanout1564
 9.957551e-13 7.233986e-12 4.325250e-12 1.255499e-11 hold1052
 1.001789e-12 6.610188e-12 4.876254e-12 1.248823e-11 fanout1617
 8.463125e-13 4.119395e-12 7.514035e-12 1.247974e-11 fanout459
 1.292514e-12 6.259894e-12 4.876286e-12 1.242869e-11 fanout1918
 8.396754e-13 4.665491e-12 6.865748e-12 1.237092e-11 fanout1405
 9.987819e-13 7.042176e-12 4.325242e-12 1.236620e-11 hold393
 1.302362e-12 6.173362e-12 4.876286e-12 1.235201e-11 fanout1892
 1.645202e-12 6.363447e-12 4.325246e-12 1.233390e-11 fanout841
 8.436859e-13 3.958050e-12 7.514035e-12 1.231577e-11 fanout458
 1.610583e-12 6.353165e-12 4.325252e-12 1.228900e-11 fanout905
 1.302483e-12 6.579817e-12 4.325216e-12 1.220752e-11 fanout1560
 8.467783e-13 3.791503e-12 7.514048e-12 1.215233e-11 fanout1354
 1.305960e-12 5.940775e-12 4.876286e-12 1.212302e-11 fanout1894
 1.304066e-12 5.907805e-12 4.876286e-12 1.208816e-11 fanout1917
 9.989580e-13 6.178115e-12 4.876254e-12 1.205333e-11 fanout1608
 1.002561e-12 6.131587e-12 4.876254e-12 1.201040e-11 fanout1627
 8.503056e-13 3.636857e-12 7.514048e-12 1.200121e-11 fanout1371
 1.302611e-12 5.689716e-12 4.876286e-12 1.186861e-11 fanout1901
 1.312579e-12 5.676143e-12 4.876286e-12 1.186501e-11 fanout1856
 1.003915e-12 5.901987e-12 4.876254e-12 1.178216e-11 fanout1610
 1.011463e-12 5.892803e-12 4.876254e-12 1.178052e-11 fanout1613
 1.301500e-12 6.125007e-12 4.325216e-12 1.175172e-11 fanout1559
 1.291238e-12 5.554762e-12 4.876286e-12 1.172229e-11 fanout1882
 1.045035e-12 6.351223e-12 4.325245e-12 1.172150e-11 hold558
 7.066832e-13 6.114567e-12 4.876296e-12 1.169755e-11 fanout1035
 1.307254e-12 6.010269e-12 4.325216e-12 1.164274e-11 fanout1576
 1.293523e-12 5.465997e-12 4.876286e-12 1.163581e-11 fanout1874
 1.303890e-12 5.409810e-12 4.876286e-12 1.158999e-11 fanout1904
 1.001681e-12 5.703395e-12 4.876254e-12 1.158133e-11 fanout1612
 1.295839e-12 5.953808e-12 4.325216e-12 1.157486e-11 fanout1573
 1.311380e-12 5.229529e-12 4.876286e-12 1.141720e-11 fanout1881
 1.306917e-12 5.717548e-12 4.325216e-12 1.134968e-11 fanout1572
 1.308203e-12 5.143943e-12 4.876286e-12 1.132843e-11 fanout1865
 1.602747e-12 5.369607e-12 4.325246e-12 1.129760e-11 fanout865
 1.005862e-12 5.400829e-12 4.876254e-12 1.128295e-11 fanout1626
 1.003805e-12 5.387401e-12 4.876254e-12 1.126746e-11 fanout1619
 8.382852e-13 3.544335e-12 6.865748e-12 1.124837e-11 fanout1373
 1.311896e-12 5.019662e-12 4.876286e-12 1.120784e-11 fanout1848
 1.614675e-12 5.245427e-12 4.325245e-12 1.118535e-11 fanout858
 1.003482e-12 5.299279e-12 4.876254e-12 1.117902e-11 fanout1621
 7.094319e-13 5.588433e-12 4.876296e-12 1.117416e-11 fanout536
 7.432237e-13 5.545726e-12 4.876287e-12 1.116524e-11 hold756
 1.303310e-12 4.974256e-12 4.876286e-12 1.115385e-11 fanout1854
 1.614178e-12 5.210118e-12 4.325245e-12 1.114954e-11 fanout878
 5.770880e-13 8.653740e-12 1.894867e-12 1.112569e-11 _22305_
 1.327125e-12 4.882398e-12 4.876294e-12 1.108582e-11 fanout856
 1.623545e-12 5.135772e-12 4.325249e-12 1.108457e-11 fanout911
 1.630062e-12 5.127519e-12 4.325245e-12 1.108283e-11 fanout844
 1.304486e-12 5.424692e-12 4.325216e-12 1.105439e-11 fanout1593
 1.005890e-12 5.712048e-12 4.325248e-12 1.104319e-11 fanout1835
 1.304787e-12 4.790842e-12 4.876286e-12 1.097192e-11 fanout1871
 1.638658e-12 4.968358e-12 4.325245e-12 1.093226e-11 fanout879
 1.315144e-12 4.740292e-12 4.876286e-12 1.093172e-11 fanout1903
 9.994272e-13 5.580750e-12 4.325248e-12 1.090542e-11 fanout1826
 8.569272e-13 5.133779e-12 4.876271e-12 1.086698e-11 fanout802
 1.004808e-12 4.971734e-12 4.876254e-12 1.085280e-11 fanout1625
 1.007496e-12 5.493097e-12 4.325248e-12 1.082584e-11 fanout1836
 1.298892e-12 5.166518e-12 4.325216e-12 1.079063e-11 fanout1575
 8.622953e-13 4.833228e-12 4.876271e-12 1.057179e-11 fanout795
 1.013775e-12 4.670766e-12 4.876254e-12 1.056080e-11 fanout1632
 7.123970e-13 4.971965e-12 4.876292e-12 1.056065e-11 fanout1137
 2.263923e-19 1.166596e-18 1.047898e-11 1.047899e-11 fanout1998
 2.351062e-19 1.161396e-18 1.047898e-11 1.047899e-11 input9
 1.262592e-12 5.448635e-12 3.659387e-12 1.037062e-11 fanout864
 1.290092e-12 4.169239e-12 4.876286e-12 1.033562e-11 fanout1878
 1.338462e-12 3.990989e-12 4.876286e-12 1.020574e-11 hold35
 7.153085e-13 4.528270e-12 4.876297e-12 1.011988e-11 fanout362
 7.123798e-13 5.074938e-12 4.325206e-12 1.011252e-11 fanout519
 8.620414e-13 4.845766e-12 4.325229e-12 1.003304e-11 fanout821
 8.617748e-13 4.220095e-12 4.876271e-12 9.958140e-12 fanout800
 7.134249e-13 4.225869e-12 4.876292e-12 9.815586e-12 fanout1132
 7.150494e-13 4.144345e-12 4.876296e-12 9.735691e-12 fanout1049
 8.342347e-13 1.299392e-12 7.514039e-12 9.647666e-12 hold7
 7.190034e-13 3.955257e-12 4.876297e-12 9.550558e-12 fanout962
 7.161632e-13 3.955395e-12 4.876296e-12 9.547854e-12 fanout1047
 1.043952e-12 4.154242e-12 4.325239e-12 9.523432e-12 fanout828
 8.610190e-13 4.311140e-12 4.325229e-12 9.497388e-12 fanout809
 7.151173e-13 4.434707e-12 4.325223e-12 9.475047e-12 fanout1282
 7.191304e-13 3.862550e-12 4.876296e-12 9.457976e-12 fanout1044
 7.126921e-13 4.416599e-12 4.325205e-12 9.454496e-12 fanout734
 7.159136e-13 3.858888e-12 4.876292e-12 9.451094e-12 fanout1125
 7.106267e-13 4.415072e-12 4.325203e-12 9.450903e-12 fanout1303
 7.201405e-13 3.845470e-12 4.876292e-12 9.441902e-12 fanout1138
 7.192526e-13 3.826107e-12 4.876296e-12 9.421654e-12 fanout1043
 7.133337e-13 4.355414e-12 4.325203e-12 9.393952e-12 fanout1298
 7.125441e-13 4.307113e-12 4.325203e-12 9.344861e-12 fanout1316
 7.228920e-13 3.645089e-12 4.876296e-12 9.244277e-12 fanout1025
 7.220633e-13 3.588791e-12 4.876296e-12 9.187150e-12 fanout1026
 7.143096e-13 4.109840e-12 4.325210e-12 9.149360e-12 fanout1101
 7.289519e-13 3.534590e-12 4.876282e-12 9.139823e-12 fanout1424
 7.161856e-13 3.528400e-12 4.876292e-12 9.120878e-12 fanout1116
 7.137827e-13 4.067929e-12 4.325206e-12 9.106918e-12 fanout514
 2.796447e-13 1.943978e-12 6.865699e-12 9.089321e-12 max_cap736
 7.197647e-13 4.022833e-12 4.325206e-12 9.067804e-12 fanout520
 7.170717e-13 3.438389e-12 4.876296e-12 9.031757e-12 fanout1028
 8.805350e-13 3.274175e-12 4.876271e-12 9.030982e-12 fanout88
 7.167604e-13 3.958997e-12 4.325203e-12 9.000961e-12 fanout1292
 7.186947e-13 3.368693e-12 4.876299e-12 8.963687e-12 fanout544
 5.684566e-13 3.500223e-12 4.876299e-12 8.944978e-12 fanout667
 2.795201e-13 1.789787e-12 6.865699e-12 8.935007e-12 max_cap724
 2.811724e-13 1.754097e-12 6.865699e-12 8.900969e-12 max_cap1091
 2.791199e-13 1.749452e-12 6.865699e-12 8.894272e-12 max_cap364
 1.045652e-12 3.481298e-12 4.325249e-12 8.852198e-12 fanout1329
 5.669053e-13 3.944467e-12 4.325201e-12 8.836574e-12 fanout563
 5.702240e-13 3.918439e-12 4.325201e-12 8.813865e-12 fanout578
 1.040677e-12 3.445166e-12 4.325252e-12 8.811094e-12 fanout876
 2.792513e-13 1.665788e-12 6.865699e-12 8.810739e-12 max_cap705
 7.250580e-13 3.198990e-12 4.876299e-12 8.800347e-12 fanout394
 7.195780e-13 3.740275e-12 4.325206e-12 8.785059e-12 fanout521
 7.241557e-13 3.697288e-12 4.325205e-12 8.746648e-12 fanout949
 7.187531e-13 3.698180e-12 4.325206e-12 8.742140e-12 fanout517
 5.698079e-13 3.844812e-12 4.325201e-12 8.739821e-12 fanout567
 2.812883e-13 1.547240e-12 6.865699e-12 8.694228e-12 max_cap682
 7.183140e-13 3.622182e-12 4.325203e-12 8.665700e-12 fanout1315
 1.026604e-12 3.295313e-12 4.325250e-12 8.647167e-12 fanout862
 7.208803e-13 3.033772e-12 4.876299e-12 8.630951e-12 fanout308
 7.162619e-13 3.567836e-12 4.325203e-12 8.609301e-12 fanout1290
 7.358455e-13 3.210233e-12 4.647975e-12 8.594054e-12 fanout1868
 7.194451e-13 2.985721e-12 4.876292e-12 8.581458e-12 fanout1126
 1.029771e-12 3.181858e-12 4.325253e-12 8.536883e-12 fanout1334
 7.168775e-13 3.471878e-12 4.325210e-12 8.513966e-12 fanout1102
 7.190847e-13 3.407062e-12 4.325203e-12 8.451350e-12 fanout1313
 1.291154e-12 2.383071e-13 6.865701e-12 8.395161e-12 fanout1320
 7.184672e-13 3.347689e-12 4.325203e-12 8.391360e-12 fanout1285
 5.751890e-13 2.938320e-12 4.876299e-12 8.389808e-12 fanout601
 7.444823e-13 2.986610e-12 4.647990e-12 8.379082e-12 fanout857
 1.020759e-12 3.012256e-12 4.325245e-12 8.358260e-12 fanout872
 8.685115e-13 3.161965e-12 4.325229e-12 8.355705e-12 fanout68
 2.821663e-13 5.566399e-13 7.514097e-12 8.352903e-12 wire175
 7.504055e-13 2.943756e-12 4.647985e-12 8.342146e-12 fanout922
 7.318439e-13 2.953432e-12 4.647975e-12 8.333251e-12 fanout1884
 5.744672e-13 2.876634e-12 4.876299e-12 8.327400e-12 fanout624
 9.183228e-13 3.735059e-12 3.659375e-12 8.312757e-12 fanout937
 7.239274e-13 2.704000e-12 4.876297e-12 8.304224e-12 fanout313
 7.191149e-13 3.242853e-12 4.325203e-12 8.287171e-12 fanout1302
 7.215628e-13 2.650608e-12 4.876297e-12 8.248468e-12 fanout952
 7.307340e-13 2.634561e-12 4.876299e-12 8.241593e-12 fanout549
 9.033547e-13 3.670808e-12 3.659387e-12 8.233551e-12 fanout908
 9.158126e-13 3.634462e-12 3.659387e-12 8.209662e-12 fanout939
 7.243682e-13 2.603507e-12 4.876297e-12 8.204173e-12 fanout312
 7.199402e-13 3.154939e-12 4.325203e-12 8.200082e-12 fanout1294
 7.256952e-13 3.143558e-12 4.325203e-12 8.194457e-12 fanout1304
 9.032507e-13 3.623018e-12 3.659383e-12 8.185652e-12 fanout840
 9.114596e-13 3.600339e-12 3.659381e-12 8.171179e-12 fanout842
 5.749133e-13 2.706409e-12 4.876299e-12 8.157621e-12 fanout628
 5.751990e-13 2.705777e-12 4.876299e-12 8.157275e-12 fanout666
 5.712505e-13 3.260274e-12 4.325201e-12 8.156725e-12 fanout576
 5.736793e-13 3.250509e-12 4.325201e-12 8.149389e-12 fanout571
 9.154397e-13 3.563186e-12 3.659387e-12 8.138013e-12 fanout882
 7.205620e-13 3.090728e-12 4.325203e-12 8.136493e-12 fanout1311
 7.479179e-13 2.730788e-12 4.647990e-12 8.126696e-12 fanout906
 5.750568e-13 2.665031e-12 4.876299e-12 8.116387e-12 fanout643
 7.467480e-13 2.492647e-12 4.876297e-12 8.115692e-12 fanout1343
 6.200982e-12 0.000000e+00 1.894955e-12 8.095937e-12 clkload157
 5.751079e-13 2.633741e-12 4.876299e-12 8.085147e-12 fanout611
 7.204656e-13 3.036494e-12 4.325203e-12 8.082163e-12 fanout337
 5.715346e-13 3.184897e-12 4.325201e-12 8.081633e-12 fanout577
 6.182813e-12 0.000000e+00 1.894955e-12 8.077768e-12 clkload293
 5.734493e-13 3.166445e-12 4.325201e-12 8.065095e-12 fanout568
 7.209968e-13 2.984880e-12 4.325203e-12 8.031079e-12 fanout1312
 7.487615e-13 2.618756e-12 4.647973e-12 8.015491e-12 fanout825
 6.115353e-12 0.000000e+00 1.894955e-12 8.010309e-12 clkload258
 6.108875e-12 0.000000e+00 1.894955e-12 8.003830e-12 clkload242
 6.107336e-12 0.000000e+00 1.894955e-12 8.002292e-12 clkload210
 6.106498e-12 0.000000e+00 1.894955e-12 8.001453e-12 clkload262
 9.072392e-13 3.433660e-12 3.659387e-12 8.000286e-12 fanout910
 6.102114e-12 0.000000e+00 1.894955e-12 7.997070e-12 clkload257
 6.098057e-12 0.000000e+00 1.894955e-12 7.993013e-12 clkload201
 6.085901e-12 0.000000e+00 1.894955e-12 7.980856e-12 clkload261
 6.085809e-12 0.000000e+00 1.894955e-12 7.980764e-12 clkload207
 5.756285e-13 2.526594e-12 4.876299e-12 7.978521e-12 fanout642
 6.077243e-12 0.000000e+00 1.894955e-12 7.972198e-12 clkload260
 7.206547e-13 2.917654e-12 4.325205e-12 7.963514e-12 fanout331
 7.243314e-13 2.904841e-12 4.325203e-12 7.954376e-12 fanout1306
 7.202577e-13 2.887225e-12 4.325203e-12 7.932686e-12 fanout1309
 6.036409e-12 0.000000e+00 1.894955e-12 7.931365e-12 clkload279
 4.284503e-13 2.623571e-12 4.876259e-12 7.928280e-12 fanout1397
 5.792173e-13 2.468638e-12 4.876299e-12 7.924154e-12 fanout636
 5.758127e-13 2.468167e-12 4.876299e-12 7.920279e-12 fanout657
 6.024110e-12 0.000000e+00 1.894955e-12 7.919065e-12 clkload280
 7.208768e-13 2.863224e-12 4.325205e-12 7.909305e-12 fanout321
 4.286536e-13 2.586850e-12 4.876259e-12 7.891762e-12 fanout1386
 5.831544e-13 2.414396e-12 4.876299e-12 7.873848e-12 fanout588
 9.144650e-13 3.295020e-12 3.659393e-12 7.868877e-12 fanout837
 5.767848e-13 2.941541e-12 4.325201e-12 7.843526e-12 fanout564
 5.798752e-13 2.385595e-12 4.876299e-12 7.841768e-12 fanout599
 4.296505e-13 2.530110e-12 4.876259e-12 7.836020e-12 fanout1387
 5.775662e-13 2.375411e-12 4.876299e-12 7.829276e-12 fanout629
 9.189005e-13 3.241856e-12 3.659375e-12 7.820132e-12 fanout853
 4.260023e-13 3.065153e-12 4.325236e-12 7.816392e-12 fanout1734
 5.899913e-12 0.000000e+00 1.894950e-12 7.794863e-12 clkload49
 5.818725e-13 2.334449e-12 4.876299e-12 7.792621e-12 fanout609
 9.162559e-13 3.216095e-12 3.659383e-12 7.791734e-12 fanout926
 5.763668e-13 2.328937e-12 4.876299e-12 7.781603e-12 fanout617
 5.878227e-12 0.000000e+00 1.894950e-12 7.773176e-12 clkload51
 7.307541e-13 3.374678e-12 3.659328e-12 7.764761e-12 fanout1582
 5.759774e-13 2.820770e-12 4.325201e-12 7.721949e-12 fanout574
 5.728607e-13 2.819301e-12 4.325201e-12 7.717362e-12 fanout561
 4.272094e-13 2.411566e-12 4.876259e-12 7.715034e-12 fanout1375
 7.223889e-13 2.666910e-12 4.325203e-12 7.714503e-12 fanout1299
 7.217065e-13 2.635873e-12 4.325205e-12 7.682785e-12 fanout159
 5.767750e-13 2.224902e-12 4.876299e-12 7.677976e-12 fanout616
 5.820196e-13 2.211906e-12 4.876299e-12 7.670225e-12 fanout664
 5.755863e-13 2.759113e-12 4.325201e-12 7.659900e-12 fanout559
 5.783741e-13 2.191591e-12 4.876299e-12 7.646264e-12 fanout598
 4.012714e-13 3.584651e-12 3.659319e-12 7.645240e-12 wire333
 5.811530e-13 2.186620e-12 4.876299e-12 7.644072e-12 fanout623
 5.732257e-13 2.716687e-12 4.325201e-12 7.615113e-12 fanout562
 4.315897e-13 2.266816e-12 4.876259e-12 7.574665e-12 fanout1402
 4.299134e-13 2.254127e-12 4.876259e-12 7.560299e-12 fanout1383
 9.317860e-13 2.967314e-12 3.659375e-12 7.558476e-12 fanout861
 9.212748e-13 2.972332e-12 3.659383e-12 7.552989e-12 fanout933
 5.762344e-13 2.619072e-12 4.325201e-12 7.520507e-12 fanout557
 5.786239e-13 2.616028e-12 4.325201e-12 7.519854e-12 fanout585
 1.128226e-19 4.742383e-19 7.514067e-12 7.514068e-12 fanout1947
 1.123874e-19 6.540056e-19 7.514067e-12 7.514068e-12 fanout1976
 1.123635e-19 5.866977e-19 7.514067e-12 7.514068e-12 fanout1979
 9.087290e-13 2.923824e-12 3.659383e-12 7.491936e-12 fanout835
 5.787216e-13 2.023798e-12 4.876299e-12 7.478818e-12 fanout654
 9.176510e-13 2.874303e-12 3.659375e-12 7.451329e-12 fanout938
 5.765831e-13 2.544144e-12 4.325201e-12 7.445928e-12 fanout556
 4.309164e-13 2.115955e-12 4.876259e-12 7.423130e-12 fanout1404
 4.267840e-13 2.657958e-12 4.325236e-12 7.409979e-12 fanout1769
 9.102108e-13 2.827605e-12 3.659381e-12 7.397196e-12 fanout843
 9.178745e-13 2.805974e-12 3.659383e-12 7.383231e-12 fanout942
 4.269756e-13 2.623523e-12 4.325236e-12 7.375735e-12 fanout1812
 7.319530e-13 2.921492e-12 3.659328e-12 7.312774e-12 fanout1601
 5.796056e-13 2.402344e-12 4.325201e-12 7.307151e-12 fanout584
 4.283667e-13 2.541905e-12 4.325243e-12 7.295515e-12 fanout1361
 4.290279e-13 1.943633e-12 4.876259e-12 7.248919e-12 fanout1377
 9.236459e-13 2.657125e-12 3.659387e-12 7.240158e-12 fanout867
 9.225132e-13 2.584339e-12 3.659387e-12 7.166240e-12 fanout869
 4.087543e-13 2.068400e-12 4.647995e-12 7.125149e-12 fanout318
 4.057025e-13 2.016111e-12 4.647995e-12 7.069809e-12 fanout316
 4.310910e-13 2.306605e-12 4.325243e-12 7.062939e-12 fanout1369
 9.171804e-13 2.452635e-12 3.659381e-12 7.029196e-12 fanout845
 3.253364e-13 2.036143e-12 4.647997e-12 7.009476e-12 fanout608
 4.044994e-13 1.901665e-12 4.647992e-12 6.954157e-12 fanout1040
 4.842363e-13 2.782205e-12 3.659352e-12 6.925793e-12 fanout818
 4.294449e-13 2.154607e-12 4.325236e-12 6.909288e-12 fanout1781
 4.053956e-13 1.849146e-12 4.647995e-12 6.902536e-12 fanout956
 4.883623e-13 1.754117e-12 4.647948e-12 6.890427e-12 fanout791
 4.026057e-13 2.816637e-12 3.659306e-12 6.878549e-12 fanout341
 1.128731e-19 5.772013e-19 6.865732e-12 6.865732e-12 fanout1988
 4.081444e-13 1.799307e-12 4.647985e-12 6.855437e-12 fanout1115
 4.045818e-13 1.766963e-12 4.647985e-12 6.819530e-12 fanout1133
 3.234102e-13 1.818838e-12 4.647997e-12 6.790245e-12 fanout630
 5.874061e-13 2.537820e-12 3.659383e-12 6.784608e-12 fanout1332
 5.850984e-13 2.531537e-12 3.659378e-12 6.776014e-12 fanout889
 3.240293e-13 1.799345e-12 4.647997e-12 6.771371e-12 fanout595
 5.836371e-13 2.519354e-12 3.659375e-12 6.762366e-12 fanout924
 4.097572e-13 1.664726e-12 4.647995e-12 6.722478e-12 fanout319
 4.189847e-13 1.635587e-12 4.647990e-12 6.702562e-12 fanout921
 5.925370e-13 2.394998e-12 3.659398e-12 6.646933e-12 fanout831
 3.262739e-13 1.630662e-12 4.647997e-12 6.604934e-12 fanout627
 3.240702e-13 1.630682e-12 4.647997e-12 6.602750e-12 fanout638
 3.261372e-13 1.607217e-12 4.647997e-12 6.581352e-12 fanout632
 6.419484e-12 0.000000e+00 9.555461e-14 6.515039e-12 clkload2
 4.186225e-13 2.419008e-12 3.659309e-12 6.496939e-12 fanout332
 3.243856e-13 1.523407e-12 4.647997e-12 6.495789e-12 fanout633
 3.265593e-13 1.459065e-12 4.647997e-12 6.433621e-12 fanout620
 4.091905e-13 1.327005e-12 4.647995e-12 6.384190e-12 fanout960
 3.271205e-13 1.388690e-12 4.647997e-12 6.363807e-12 fanout665
 3.263230e-13 1.311378e-12 4.647997e-12 6.285698e-12 fanout600
 5.734051e-13 2.040026e-12 3.659378e-12 6.272809e-12 fanout914
 4.454838e-13 1.499703e-12 4.325248e-12 6.270435e-12 fanout832
 3.264674e-13 1.294179e-12 4.647997e-12 6.268644e-12 fanout591
 3.259849e-13 1.291165e-12 4.647997e-12 6.265147e-12 fanout660
 3.280636e-13 1.262942e-12 4.647997e-12 6.239003e-12 fanout589
 5.843878e-13 1.994943e-12 3.659381e-12 6.238712e-12 fanout851
 5.879668e-13 1.990683e-12 3.659381e-12 6.238030e-12 fanout839
 3.250271e-13 1.259753e-12 4.647997e-12 6.232777e-12 fanout655
 3.251714e-13 1.255485e-12 4.647997e-12 6.228654e-12 fanout594
 5.882226e-13 1.964642e-12 3.659370e-12 6.212235e-12 fanout829
 5.860829e-13 1.883592e-12 3.659381e-12 6.129056e-12 fanout892
 4.467413e-13 1.348188e-12 4.325238e-12 6.120168e-12 fanout1330
 5.847438e-13 1.825580e-12 3.659393e-12 6.069717e-12 fanout877
 4.082248e-13 1.917648e-12 3.659309e-12 5.985181e-12 fanout325
 5.838618e-13 1.739161e-12 3.659398e-12 5.982420e-12 fanout900
 4.104421e-13 1.883929e-12 3.659306e-12 5.953677e-12 fanout342
 4.100859e-13 1.872428e-12 3.659309e-12 5.941822e-12 fanout330
 4.879150e-13 1.790476e-12 3.659352e-12 5.937742e-12 fanout820
 5.873705e-13 1.662543e-12 3.659390e-12 5.909304e-12 fanout827
 1.430364e-13 8.850378e-13 4.876300e-12 5.904374e-12 fanout694
 2.438333e-13 9.661538e-13 4.647926e-12 5.857913e-12 fanout1398
 4.089296e-13 1.727905e-12 3.659306e-12 5.796140e-12 fanout1305
 4.106862e-13 1.638705e-12 3.659306e-12 5.708697e-12 fanout305
 4.101401e-13 1.636370e-12 3.659306e-12 5.705816e-12 fanout351
 4.101347e-13 1.630609e-12 3.659306e-12 5.700049e-12 fanout349
 4.053725e-13 1.631596e-12 3.659306e-12 5.696275e-12 fanout346
 4.053713e-13 1.623935e-12 3.659306e-12 5.688612e-12 fanout348
 1.463977e-13 6.376103e-13 4.876300e-12 5.660308e-12 fanout393
 4.053655e-13 1.581885e-12 3.659306e-12 5.646557e-12 fanout347
 3.239343e-13 1.660829e-12 3.659302e-12 5.644066e-12 fanout558
 1.462738e-13 5.864426e-13 4.876300e-12 5.609016e-12 fanout1650
 2.411420e-13 1.704224e-12 3.659365e-12 5.604731e-12 fanout1709
 4.058427e-13 1.536397e-12 3.659306e-12 5.601545e-12 fanout304
 1.489374e-13 5.651993e-13 4.876300e-12 5.590437e-12 fanout1648
 1.461613e-13 5.596484e-13 4.876300e-12 5.582109e-12 fanout340
 1.457043e-13 5.591445e-13 4.876300e-12 5.581149e-12 fanout1646
 4.054758e-13 1.515672e-12 3.659306e-12 5.580453e-12 fanout344
 1.494937e-13 5.511469e-13 4.876300e-12 5.576940e-12 fanout1647
 1.497868e-13 5.319294e-13 4.876300e-12 5.558016e-12 fanout1640
 4.106044e-13 1.487961e-12 3.659306e-12 5.557872e-12 fanout343
 1.471462e-13 5.193215e-13 4.876300e-12 5.542768e-12 fanout338
 4.101857e-13 1.348382e-12 3.659306e-12 5.417874e-12 fanout303
 4.682912e-12 0.000000e+00 6.403514e-13 5.323264e-12 clkload6
 2.437857e-13 1.415177e-12 3.659365e-12 5.318328e-12 fanout1655
 2.419702e-13 1.379481e-12 3.659365e-12 5.280817e-12 fanout1733
 2.454747e-13 1.328187e-12 3.659365e-12 5.233027e-12 fanout1671
 2.430605e-13 1.303940e-12 3.659365e-12 5.206366e-12 fanout1732
 2.422243e-13 1.280195e-12 3.659365e-12 5.181785e-12 fanout1720
 2.436201e-13 1.271442e-12 3.659365e-12 5.174427e-12 fanout1757
 2.423061e-13 1.268260e-12 3.659378e-12 5.169944e-12 fanout1366
 2.436337e-13 1.264601e-12 3.659365e-12 5.167600e-12 fanout1696
 2.435788e-13 1.258293e-12 3.659365e-12 5.161237e-12 fanout1726
 2.431812e-13 1.253347e-12 3.659365e-12 5.155894e-12 fanout1658
 2.447200e-13 1.237009e-12 3.659365e-12 5.141095e-12 fanout1771
 1.456716e-13 6.688703e-13 4.325202e-12 5.139744e-12 fanout128
 2.443584e-13 1.230010e-12 3.659365e-12 5.133733e-12 fanout1699
 1.492381e-13 6.448247e-13 4.325202e-12 5.119265e-12 fanout123
 2.450792e-13 1.208929e-12 3.659365e-12 5.113373e-12 fanout1688
 2.432482e-13 1.210275e-12 3.659365e-12 5.112888e-12 fanout1747
 1.460815e-13 6.383978e-13 4.325202e-12 5.109681e-12 fanout188
 2.438243e-13 1.204847e-12 3.659365e-12 5.108037e-12 fanout1761
 2.432630e-13 1.204244e-12 3.659365e-12 5.106872e-12 fanout1741
 1.493367e-13 6.301771e-13 4.325202e-12 5.104716e-12 fanout116
 2.459413e-13 1.194633e-12 3.659365e-12 5.099940e-12 fanout1659
 2.428745e-13 1.192056e-12 3.659365e-12 5.094296e-12 fanout1681
 2.450167e-13 1.189780e-12 3.659365e-12 5.094162e-12 fanout1666
 2.430324e-13 1.191438e-12 3.659365e-12 5.093835e-12 fanout1799
 2.447227e-13 1.188421e-12 3.659365e-12 5.092509e-12 fanout1790
 1.441202e-13 6.208312e-13 4.325202e-12 5.090154e-12 fanout391
 8.225545e-14 3.578358e-13 4.648000e-12 5.088091e-12 fanout1639
 1.469089e-13 6.090488e-13 4.325202e-12 5.081160e-12 fanout103
 2.450707e-13 1.176392e-12 3.659365e-12 5.080829e-12 fanout1754
 2.444527e-13 1.175568e-12 3.659365e-12 5.079386e-12 fanout1776
 1.461505e-13 6.071632e-13 4.325202e-12 5.078516e-12 fanout311
 2.429641e-13 1.170858e-12 3.659365e-12 5.073187e-12 fanout1750
 2.438509e-13 1.169116e-12 3.659365e-12 5.072332e-12 fanout1728
 1.468618e-13 5.985308e-13 4.325202e-12 5.070595e-12 fanout151
 1.454512e-13 5.989465e-13 4.325202e-12 5.069600e-12 fanout218
 1.479726e-13 5.946186e-13 4.325202e-12 5.067793e-12 fanout214
 2.433657e-13 1.162599e-12 3.659365e-12 5.065330e-12 fanout1656
 1.483359e-13 5.896194e-13 4.325202e-12 5.063157e-12 fanout202
 1.451188e-13 5.865894e-13 4.325202e-12 5.056910e-12 fanout213
 2.448520e-13 1.149452e-12 3.659365e-12 5.053669e-12 fanout1804
 2.430701e-13 1.148075e-12 3.659365e-12 5.050510e-12 fanout1736
 1.460379e-13 5.775579e-13 4.325202e-12 5.048798e-12 fanout163
 1.464245e-13 5.723541e-13 4.325202e-12 5.043981e-12 fanout219
 2.440914e-13 1.139295e-12 3.659365e-12 5.042752e-12 fanout1716
 2.440955e-13 1.138790e-12 3.659365e-12 5.042251e-12 fanout1715
 2.450867e-13 1.132350e-12 3.659365e-12 5.036802e-12 fanout1792
 2.444872e-13 1.132411e-12 3.659365e-12 5.036264e-12 fanout1687
 2.437464e-13 1.133083e-12 3.659365e-12 5.036195e-12 fanout1805
 1.477662e-13 5.623172e-13 4.325202e-12 5.035286e-12 fanout180
 1.458152e-13 5.636603e-13 4.325202e-12 5.034678e-12 fanout390
 2.431258e-13 1.127966e-12 3.659365e-12 5.030457e-12 fanout1739
 2.425285e-13 1.128427e-12 3.659365e-12 5.030321e-12 fanout1707
 2.431974e-13 1.125160e-12 3.659365e-12 5.027723e-12 fanout1689
 8.186340e-14 2.962504e-13 4.648000e-12 5.026114e-12 fanout1649
 2.431958e-13 1.115548e-12 3.659365e-12 5.018109e-12 fanout1798
 2.446953e-13 1.103646e-12 3.659365e-12 5.007707e-12 fanout1772
 2.437897e-13 1.101677e-12 3.659365e-12 5.004832e-12 fanout1674
 2.448263e-13 1.099970e-12 3.659365e-12 5.004162e-12 fanout1727
 2.433464e-13 1.101095e-12 3.659365e-12 5.003807e-12 fanout1806
 2.444832e-13 1.096708e-12 3.659365e-12 5.000556e-12 fanout1676
 1.477147e-13 5.255957e-13 4.325202e-12 4.998512e-12 fanout216
 2.499404e-13 1.086619e-12 3.659398e-12 4.995957e-12 fanout1342
 1.459555e-13 5.237747e-13 4.325202e-12 4.994932e-12 fanout195
 8.351520e-14 2.583321e-13 4.648000e-12 4.989847e-12 fanout295
 1.458915e-13 5.113043e-13 4.325202e-12 4.982398e-12 fanout115
 1.459653e-13 5.107730e-13 4.325202e-12 4.981940e-12 fanout196
 2.470809e-13 1.074444e-12 3.659383e-12 4.980908e-12 fanout1344
 2.455884e-13 1.073995e-12 3.659365e-12 4.978948e-12 fanout1794
 2.434224e-13 1.075619e-12 3.659365e-12 4.978407e-12 fanout1752
 2.433058e-13 1.074949e-12 3.659365e-12 4.977620e-12 fanout1755
 2.434076e-13 1.074768e-12 3.659365e-12 4.977541e-12 fanout1668
 2.441464e-13 1.071670e-12 3.659365e-12 4.975182e-12 fanout1731
 1.451356e-13 5.046244e-13 4.325202e-12 4.974962e-12 fanout184
 2.435736e-13 1.071867e-12 3.659365e-12 4.974806e-12 fanout1764
 2.464274e-13 1.068809e-12 3.659365e-12 4.974601e-12 fanout1669
 2.451483e-13 1.070018e-12 3.659365e-12 4.974532e-12 fanout1737
 2.437438e-13 1.071363e-12 3.659365e-12 4.974473e-12 fanout1785
 1.443515e-13 5.002293e-13 4.325202e-12 4.969783e-12 fanout166
 2.434300e-13 1.065849e-12 3.659365e-12 4.968645e-12 fanout1665
 8.277187e-14 2.369579e-13 4.648000e-12 4.967730e-12 fanout299
 2.443482e-13 1.056330e-12 3.659365e-12 4.960043e-12 fanout1718
 2.432459e-13 1.057282e-12 3.659365e-12 4.959893e-12 fanout1683
 2.456332e-13 1.050678e-12 3.659365e-12 4.955676e-12 fanout1682
 2.463263e-13 1.048479e-12 3.659365e-12 4.954170e-12 fanout1684
 2.442128e-13 1.049804e-12 3.659365e-12 4.953382e-12 fanout1729
 2.432411e-13 1.050702e-12 3.659365e-12 4.953309e-12 fanout1693
 2.433847e-13 1.048629e-12 3.659365e-12 4.951379e-12 fanout1795
 2.460422e-13 1.044118e-12 3.659365e-12 4.949526e-12 fanout1779
 2.446646e-13 1.042423e-12 3.659365e-12 4.946453e-12 fanout1698
 2.435980e-13 1.039019e-12 3.659365e-12 4.941982e-12 fanout1653
 2.441140e-13 1.038467e-12 3.659365e-12 4.941946e-12 fanout1763
 2.438348e-13 1.036290e-12 3.659365e-12 4.939490e-12 fanout1725
 2.449093e-13 1.031342e-12 3.659365e-12 4.935617e-12 fanout1777
 2.463668e-13 1.025937e-12 3.659365e-12 4.931669e-12 fanout1787
 2.450001e-13 1.018051e-12 3.659365e-12 4.922417e-12 fanout1749
 2.460556e-13 1.014221e-12 3.659365e-12 4.919642e-12 fanout1783
 2.438203e-13 1.012877e-12 3.659365e-12 4.916062e-12 fanout1722
 2.443373e-13 1.011846e-12 3.659365e-12 4.915549e-12 fanout1710
 2.450167e-13 1.006308e-12 3.659365e-12 4.910689e-12 fanout1701
 2.433705e-13 1.007884e-12 3.659365e-12 4.910620e-12 fanout1723
 2.442131e-13 1.002480e-12 3.659365e-12 4.906059e-12 fanout1661
 2.488229e-13 9.975606e-13 3.659370e-12 4.905754e-12 fanout883
 2.448480e-13 9.953865e-13 3.659365e-12 4.899600e-12 fanout1680
 2.458175e-13 9.938911e-13 3.659365e-12 4.899074e-12 fanout1759
 2.448407e-13 9.869969e-13 3.659365e-12 4.891203e-12 fanout1778
 2.439975e-13 9.876179e-13 3.659365e-12 4.890981e-12 fanout1809
 2.522380e-13 9.745536e-13 3.659368e-12 4.886159e-12 fanout1325
 2.449201e-13 9.774619e-13 3.659365e-12 4.881747e-12 fanout1773
 2.445661e-13 9.724593e-13 3.659365e-12 4.876391e-12 fanout1770
 0.000000e+00 0.000000e+00 4.876300e-12 4.876300e-12 fanout260
 0.000000e+00 0.000000e+00 4.876300e-12 4.876300e-12 fanout89
 5.739325e-20 2.924662e-19 4.876273e-12 4.876273e-12 fanout1986
 5.739784e-20 2.823058e-19 4.876273e-12 4.876273e-12 fanout1992
 5.757047e-20 2.350157e-19 4.876273e-12 4.876273e-12 fanout1993
 5.794561e-20 2.298273e-19 4.876273e-12 4.876273e-12 fanout1994
 2.442776e-13 9.704697e-13 3.659365e-12 4.874112e-12 fanout1745
 2.435371e-13 9.606674e-13 3.659365e-12 4.863570e-12 fanout1652
 2.516772e-13 9.503242e-13 3.659387e-12 4.861389e-12 fanout1337
 2.437554e-13 9.509468e-13 3.659365e-12 4.854068e-12 fanout1721
 2.433775e-13 9.405824e-13 3.659365e-12 4.843325e-12 fanout1788
 2.442927e-13 9.385462e-13 3.659365e-12 4.842204e-12 fanout1717
 4.736322e-12 0.000000e+00 9.555269e-14 4.831874e-12 clkload250
 2.464139e-13 9.246130e-13 3.659365e-12 4.830392e-12 fanout1670
 2.435154e-13 9.250276e-13 3.659365e-12 4.827908e-12 fanout1664
 2.437548e-13 9.156047e-13 3.659365e-12 4.818725e-12 fanout1660
 4.715575e-12 0.000000e+00 9.555269e-14 4.811128e-12 clkload249
 2.435166e-13 9.050034e-13 3.659365e-12 4.807885e-12 fanout1672
 2.450070e-13 9.034297e-13 3.659365e-12 4.807802e-12 fanout1713
 4.708458e-12 0.000000e+00 9.555269e-14 4.804010e-12 clkload199
 2.437894e-13 8.905664e-13 3.659405e-12 4.793761e-12 fanout1326
 4.683861e-12 0.000000e+00 9.555269e-14 4.779414e-12 clkload198
 2.450496e-13 8.611965e-13 3.659365e-12 4.765612e-12 fanout1797
 2.450226e-13 8.452603e-13 3.659365e-12 4.749648e-12 fanout1796
 4.653354e-12 0.000000e+00 9.555269e-14 4.748907e-12 clkload295
 2.449373e-13 8.429459e-13 3.659365e-12 4.747249e-12 fanout1791
 4.639050e-12 0.000000e+00 9.555269e-14 4.734602e-12 clkload170
 2.436491e-13 8.116947e-13 3.659365e-12 4.714709e-12 fanout1742
 4.613095e-12 0.000000e+00 9.555269e-14 4.708648e-12 clkload156
 4.602179e-12 0.000000e+00 9.555269e-14 4.697732e-12 clkload231
 4.585849e-12 0.000000e+00 9.555256e-14 4.681401e-12 clkload103
 4.583570e-12 0.000000e+00 9.555269e-14 4.679123e-12 clkload233
 4.583132e-12 0.000000e+00 9.555269e-14 4.678685e-12 clkload244
 2.440755e-13 7.713870e-13 3.659365e-12 4.674828e-12 fanout1719
 4.577634e-12 0.000000e+00 9.555269e-14 4.673186e-12 clkload213
 4.575950e-12 0.000000e+00 9.555269e-14 4.671503e-12 clkload186
 4.572807e-12 0.000000e+00 9.555269e-14 4.668360e-12 clkload165
 4.560229e-12 0.000000e+00 9.555269e-14 4.655782e-12 clkload158
 4.559349e-12 0.000000e+00 9.555269e-14 4.654901e-12 clkload176
 2.438615e-13 7.486325e-13 3.659365e-12 4.651860e-12 fanout1810
 0.000000e+00 0.000000e+00 4.648000e-12 4.648000e-12 max_cap232
 0.000000e+00 0.000000e+00 4.648000e-12 4.648000e-12 max_cap266
 1.380100e-19 9.320440e-19 4.647973e-12 4.647974e-12 input5
 3.261005e-20 1.284099e-19 4.647950e-12 4.647950e-12 fanout1990
 3.258301e-20 1.647016e-19 4.647950e-12 4.647950e-12 fanout1991
 3.256210e-20 1.407158e-19 4.647950e-12 4.647950e-12 fanout1995
 4.551945e-12 0.000000e+00 9.555269e-14 4.647498e-12 clkload263
 4.550246e-12 0.000000e+00 9.555269e-14 4.645799e-12 clkload184
 4.548082e-12 0.000000e+00 9.555269e-14 4.643634e-12 clkload230
 4.538916e-12 0.000000e+00 9.555256e-14 4.634469e-12 clkload83
 4.531774e-12 0.000000e+00 9.555269e-14 4.627326e-12 clkload221
 2.499389e-13 7.169550e-13 3.659385e-12 4.626279e-12 fanout833
 4.530628e-12 0.000000e+00 9.555269e-14 4.626181e-12 clkload218
 4.522642e-12 0.000000e+00 9.555256e-14 4.618194e-12 clkload73
 4.507719e-12 0.000000e+00 9.555269e-14 4.603272e-12 clkload205
 4.496052e-12 0.000000e+00 9.555256e-14 4.591605e-12 clkload88
 4.495500e-12 0.000000e+00 9.555269e-14 4.591053e-12 clkload226
 4.486206e-12 0.000000e+00 9.555256e-14 4.581759e-12 clkload105
 4.454573e-12 0.000000e+00 9.555256e-14 4.550125e-12 clkload86
 4.454454e-12 0.000000e+00 9.555256e-14 4.550006e-12 clkload77
 4.437726e-12 0.000000e+00 9.555256e-14 4.533279e-12 clkload75
 4.433065e-12 0.000000e+00 9.555256e-14 4.528618e-12 clkload89
 4.431991e-12 0.000000e+00 9.555256e-14 4.527543e-12 clkload92
 4.397142e-12 0.000000e+00 9.555256e-14 4.492694e-12 clkload50
 4.376219e-12 0.000000e+00 9.555256e-14 4.471771e-12 clkload45
 4.371282e-12 0.000000e+00 9.555256e-14 4.466834e-12 clkload121
 4.361722e-12 0.000000e+00 9.555256e-14 4.457275e-12 clkload122
 4.359168e-12 0.000000e+00 9.555256e-14 4.454720e-12 clkload110
 5.807171e-20 2.570495e-19 4.325227e-12 4.325228e-12 fanout1950
 5.789051e-20 2.227724e-19 4.325227e-12 4.325228e-12 fanout1965
 5.776433e-20 2.515147e-19 4.325227e-12 4.325228e-12 fanout1966
 5.716605e-20 3.270950e-19 4.325227e-12 4.325228e-12 fanout1975
 5.760590e-20 2.559821e-19 4.325227e-12 4.325228e-12 fanout1978
 5.744480e-20 2.855534e-19 4.325227e-12 4.325228e-12 fanout1980
 5.720932e-20 3.412057e-19 4.325227e-12 4.325228e-12 fanout1981
 8.075147e-14 5.554288e-13 3.659303e-12 4.295484e-12 wire139
 4.166557e-12 0.000000e+00 9.555269e-14 4.262110e-12 clkload138
 8.092069e-14 5.144257e-13 3.659303e-12 4.254650e-12 wire177
 4.115157e-12 0.000000e+00 9.555269e-14 4.210710e-12 clkload131
 8.142647e-14 4.690794e-13 3.659303e-12 4.209809e-12 wire135
 4.100605e-12 0.000000e+00 9.555269e-14 4.196157e-12 clkload134
 8.115711e-14 4.099866e-13 3.659303e-12 4.150447e-12 fanout112
 8.109404e-14 3.718370e-13 3.659303e-12 4.112234e-12 fanout167
 8.175275e-14 3.611175e-13 3.659303e-12 4.102173e-12 max_cap150
 8.145405e-14 3.478695e-13 3.659303e-12 4.088627e-12 fanout256
 8.248712e-14 3.419911e-13 3.659303e-12 4.083781e-12 fanout172
 8.211273e-14 3.400587e-13 3.659303e-12 4.081475e-12 wire142
 8.294914e-14 3.379353e-13 3.659303e-12 4.080188e-12 fanout194
 8.087168e-14 3.393136e-13 3.659303e-12 4.079488e-12 fanout118
 8.340822e-14 3.347888e-13 3.659303e-12 4.077500e-12 fanout162
 8.179864e-14 3.220836e-13 3.659303e-12 4.063186e-12 wire149
 8.145957e-14 3.204550e-13 3.659303e-12 4.061218e-12 fanout169
 8.337190e-14 3.185341e-13 3.659303e-12 4.061209e-12 fanout284
 8.213343e-14 3.128836e-13 3.659303e-12 4.054320e-12 wire131
 8.110296e-14 3.127762e-13 3.659303e-12 4.053183e-12 wire143
 8.123528e-14 3.038841e-13 3.659303e-12 4.044423e-12 fanout221
 8.172312e-14 3.015561e-13 3.659303e-12 4.042583e-12 wire132
 8.348500e-14 2.969971e-13 3.659303e-12 4.039785e-12 fanout297
 8.140294e-14 2.988653e-13 3.659303e-12 4.039572e-12 fanout137
 8.206523e-14 2.967471e-13 3.659303e-12 4.038116e-12 fanout183
 8.277004e-14 2.938376e-13 3.659303e-12 4.035911e-12 fanout217
 8.314799e-14 2.836056e-13 3.659303e-12 4.026057e-12 fanout301
 8.201132e-14 2.824265e-13 3.659303e-12 4.023741e-12 fanout164
 8.179504e-14 2.822032e-13 3.659303e-12 4.023302e-12 fanout191
 8.334328e-14 2.793832e-13 3.659303e-12 4.022030e-12 fanout203
 8.250438e-14 2.724455e-13 3.659303e-12 4.014253e-12 fanout207
 8.182413e-14 2.681684e-13 3.659303e-12 4.009296e-12 fanout141
 8.192516e-14 2.617662e-13 3.659303e-12 4.002995e-12 fanout201
 8.307837e-14 2.505437e-13 3.659303e-12 3.992925e-12 fanout215
 8.208129e-14 2.507424e-13 3.659303e-12 3.992127e-12 max_cap199
 8.185131e-14 2.155570e-13 3.659303e-12 3.956712e-12 wire192
 3.192581e-12 0.000000e+00 6.402289e-13 3.832810e-12 clkload247
 3.190449e-12 0.000000e+00 6.402289e-13 3.830678e-12 clkload150
 3.182930e-12 0.000000e+00 6.402289e-13 3.823159e-12 clkload144
 3.177417e-12 0.000000e+00 6.402289e-13 3.817646e-12 clkload143
 3.177242e-12 0.000000e+00 6.402289e-13 3.817471e-12 clkload302
 3.170472e-12 0.000000e+00 6.402289e-13 3.810701e-12 clkload252
 3.170468e-12 0.000000e+00 6.402289e-13 3.810697e-12 clkload298
 3.168072e-12 0.000000e+00 6.402289e-13 3.808301e-12 clkload153
 3.164262e-12 0.000000e+00 6.402289e-13 3.804491e-12 clkload296
 3.163443e-12 0.000000e+00 6.402289e-13 3.803672e-12 clkload307
 3.161560e-12 0.000000e+00 6.402289e-13 3.801788e-12 clkload265
 3.161205e-12 0.000000e+00 6.402289e-13 3.801434e-12 clkload253
 3.160579e-12 0.000000e+00 6.402289e-13 3.800808e-12 clkload189
 3.160420e-12 0.000000e+00 6.402289e-13 3.800649e-12 clkload303
 3.159067e-12 0.000000e+00 6.402289e-13 3.799296e-12 clkload192
 3.158986e-12 0.000000e+00 6.402289e-13 3.799215e-12 clkload160
 3.158031e-12 0.000000e+00 6.402289e-13 3.798259e-12 clkload145
 3.157790e-12 0.000000e+00 6.402289e-13 3.798019e-12 clkload161
 3.157600e-12 0.000000e+00 6.402289e-13 3.797829e-12 clkload251
 3.157473e-12 0.000000e+00 6.402289e-13 3.797702e-12 clkload195
 3.157022e-12 0.000000e+00 6.402289e-13 3.797251e-12 clkload286
 3.156876e-12 0.000000e+00 6.402289e-13 3.797105e-12 clkload164
 3.154920e-12 0.000000e+00 6.402289e-13 3.795149e-12 clkload240
 3.154918e-12 0.000000e+00 6.402289e-13 3.795147e-12 clkload185
 3.152936e-12 0.000000e+00 6.402289e-13 3.793165e-12 clkload147
 3.152062e-12 0.000000e+00 6.402289e-13 3.792291e-12 clkload181
 3.150961e-12 0.000000e+00 6.402289e-13 3.791190e-12 clkload227
 3.149785e-12 0.000000e+00 6.402289e-13 3.790014e-12 clkload178
 3.149290e-12 0.000000e+00 6.402289e-13 3.789519e-12 clkload245
 3.148705e-12 0.000000e+00 6.402289e-13 3.788934e-12 clkload219
 3.147939e-12 0.000000e+00 6.402289e-13 3.788168e-12 clkload239
 3.147658e-12 0.000000e+00 6.402289e-13 3.787887e-12 clkload175
 3.147190e-12 0.000000e+00 6.402289e-13 3.787419e-12 clkload216
 3.146677e-12 0.000000e+00 6.402289e-13 3.786906e-12 clkload173
 3.145953e-12 0.000000e+00 6.402289e-13 3.786182e-12 clkload269
 3.145865e-12 0.000000e+00 6.402289e-13 3.786094e-12 clkload232
 3.143067e-12 0.000000e+00 6.402289e-13 3.783296e-12 clkload243
 3.142919e-12 0.000000e+00 6.402289e-13 3.783147e-12 clkload255
 3.142265e-12 0.000000e+00 6.402289e-13 3.782494e-12 clkload200
 3.141809e-12 0.000000e+00 6.402289e-13 3.782038e-12 clkload259
 3.138401e-12 0.000000e+00 6.402289e-13 3.778629e-12 clkload206
 3.132079e-12 0.000000e+00 6.402289e-13 3.772308e-12 clkload202
 3.125069e-12 0.000000e+00 6.402207e-13 3.765290e-12 clkload130
 3.082753e-12 0.000000e+00 6.402207e-13 3.722974e-12 clkload76
 3.076244e-12 0.000000e+00 6.402207e-13 3.716465e-12 clkload61
 3.071557e-12 0.000000e+00 6.402207e-13 3.711778e-12 clkload29
 3.067276e-12 0.000000e+00 6.402289e-13 3.707505e-12 clkload139
 3.064111e-12 0.000000e+00 6.402207e-13 3.704332e-12 clkload34
 3.050222e-12 0.000000e+00 6.402207e-13 3.690443e-12 clkload113
 3.049752e-12 0.000000e+00 6.402207e-13 3.689972e-12 clkload30
 3.041558e-12 0.000000e+00 6.402207e-13 3.681779e-12 clkload93
 3.032915e-12 0.000000e+00 6.402207e-13 3.673136e-12 clkload47
 3.247803e-20 1.209712e-19 3.659349e-12 3.659349e-12 fanout1951
 3.248329e-20 1.351785e-19 3.659349e-12 3.659349e-12 fanout1952
 3.265463e-20 1.221432e-19 3.659349e-12 3.659349e-12 fanout1953
 3.243775e-20 1.545932e-19 3.659349e-12 3.659349e-12 fanout1954
 3.278722e-20 1.212498e-19 3.659349e-12 3.659349e-12 fanout1958
 3.277468e-20 1.150218e-19 3.659349e-12 3.659349e-12 fanout1959
 3.253453e-20 1.298153e-19 3.659349e-12 3.659349e-12 fanout1960
 3.263528e-20 1.188711e-19 3.659349e-12 3.659349e-12 fanout1961
 3.248273e-20 1.569890e-19 3.659349e-12 3.659349e-12 fanout1962
 3.257063e-20 1.569299e-19 3.659349e-12 3.659349e-12 fanout1973
 6.151705e-14 1.574324e-12 1.894800e-12 3.530641e-12 _20934_
 5.456917e-13 6.175634e-13 1.181000e-12 2.344255e-12 max_cap538
 1.477463e-13 4.658467e-13 1.181000e-12 1.794593e-12 fanout1690
 1.478528e-13 1.624128e-13 1.181000e-12 1.491265e-12 wire539
 5.072753e-14 9.109499e-14 1.181000e-12 1.322822e-12 wire943
 4.976907e-14 4.916204e-14 1.181000e-12 1.279931e-12 max_cap944
 4.907238e-14 4.073857e-14 1.181000e-12 1.270811e-12 _39946_
 4.880304e-14 3.687782e-14 1.181000e-12 1.266681e-12 _39955_
 4.892444e-14 3.648915e-14 1.181000e-12 1.266414e-12 _39956_
 4.869840e-14 2.867969e-14 1.181000e-12 1.258378e-12 _39961_
 4.868909e-14 2.790063e-14 1.181000e-12 1.257590e-12 _39951_
 4.858410e-14 2.548430e-14 1.181000e-12 1.255068e-12 _39952_
 4.853550e-14 2.539711e-14 1.181000e-12 1.254933e-12 _39954_
 4.863391e-14 2.500038e-14 1.181000e-12 1.254634e-12 _39950_
 4.860720e-14 2.444226e-14 1.181000e-12 1.254049e-12 _39947_
 4.846694e-14 2.280263e-14 1.181000e-12 1.252270e-12 _39948_
 4.846085e-14 2.266281e-14 1.181000e-12 1.252124e-12 _39953_
 4.829080e-14 2.252641e-14 1.181000e-12 1.251817e-12 _39957_
 4.843008e-14 2.074315e-14 1.181000e-12 1.250173e-12 _39949_
 4.827528e-14 2.014046e-14 1.181000e-12 1.249416e-12 _39959_
 4.827499e-14 2.012286e-14 1.181000e-12 1.249398e-12 _39960_
 4.826735e-14 1.997921e-14 1.181000e-12 1.249246e-12 _39958_
 2.986529e-19 1.096489e-18 1.181000e-12 1.181001e-12 input8
 8.609702e-20 1.954504e-19 1.181000e-12 1.181000e-12 input4
 6.461473e-20 1.431733e-19 1.181000e-12 1.181000e-12 input2
 6.476202e-20 1.140559e-19 1.181000e-12 1.181000e-12 input3
 4.319337e-20 7.759293e-20 1.181000e-12 1.181000e-12 input1
 2.097777e-20 1.211461e-19 1.181000e-12 1.181000e-12 input7
 0.000000e+00 0.000000e+00 1.181000e-12 1.181000e-12 max_cap239
 0.000000e+00 0.000000e+00 1.181000e-12 1.181000e-12 max_cap262
 0.000000e+00 0.000000e+00 1.181000e-12 1.181000e-12 max_cap278
 0.000000e+00 0.000000e+00 1.181000e-12 1.181000e-12 wire261
 0.000000e+00 0.000000e+00 1.181000e-12 1.181000e-12 wire264
 0.000000e+00 0.000000e+00 1.181000e-12 1.181000e-12 wire270
