
===========================================================================
report_checks -path_delay max (Setup)
============================================================================
======================= nom_ss_125C_4v50 Corner ===================================

Startpoint: _13038_ (rising edge-triggered flip-flop clocked by clk)
Endpoint: _13394_ (rising edge-triggered flip-flop clocked by clk)
Path Group: clk
Path Type: max

Fanout         Cap        Slew       Delay        Time   Description
---------------------------------------------------------------------------------------------
                                  0.000000    0.000000   clock clk (rise edge)
                                  0.000000    0.000000   clock source latency
     2    0.029548    0.264059    0.120404    0.120404 ^ clk (in)
                                                         clk (net)
                      0.264059    0.000000    0.120404 ^ clkbuf_0_clk/I (gf180mcu_fd_sc_mcu7t5v0__clkbuf_16)
     2    0.049065    0.203471    0.457289    0.577692 ^ clkbuf_0_clk/Z (gf180mcu_fd_sc_mcu7t5v0__clkbuf_16)
                                                         clknet_0_clk (net)
                      0.203471    0.000653    0.578345 ^ clkbuf_1_0__f_clk/I (gf180mcu_fd_sc_mcu7t5v0__clkbuf_16)
     1    0.008816    0.139731    0.390229    0.968574 ^ clkbuf_1_0__f_clk/Z (gf180mcu_fd_sc_mcu7t5v0__clkbuf_16)
                                                         clknet_1_0__leaf_clk (net)
                      0.139731    0.000088    0.968662 ^ u_icg/CLK (gf180mcu_fd_sc_mcu7t5v0__icgtp_4)
     3    0.089503    0.740448    1.007120    1.975783 ^ u_icg/Q (gf180mcu_fd_sc_mcu7t5v0__icgtp_4)
                                                         core_clk (net)
                      0.740485    0.007922    1.983704 ^ clkbuf_0_core_clk/I (gf180mcu_fd_sc_mcu7t5v0__clkbuf_16)
    33    0.520632    0.941175    1.006733    2.990437 ^ clkbuf_0_core_clk/Z (gf180mcu_fd_sc_mcu7t5v0__clkbuf_16)
                                                         clknet_0_core_clk (net)
                      0.946565    0.036859    3.027296 ^ clkbuf_4_14_0_core_clk/I (gf180mcu_fd_sc_mcu7t5v0__clkbuf_8)
    31    0.304693    1.103691    1.143752    4.171048 ^ clkbuf_4_14_0_core_clk/Z (gf180mcu_fd_sc_mcu7t5v0__clkbuf_8)
                                                         clknet_4_14_0_core_clk (net)
                      1.103750    0.004483    4.175531 ^ clkbuf_leaf_84_core_clk/I (gf180mcu_fd_sc_mcu7t5v0__clkbuf_8)
     4    0.025395    0.225102    0.603397    4.778928 ^ clkbuf_leaf_84_core_clk/Z (gf180mcu_fd_sc_mcu7t5v0__clkbuf_8)
                                                         clknet_leaf_84_core_clk (net)
                      0.225102    0.000254    4.779182 ^ _13038_/CLK (gf180mcu_fd_sc_mcu7t5v0__dffq_1)
     1    0.011567    0.427945    1.498834    6.278017 ^ _13038_/Q (gf180mcu_fd_sc_mcu7t5v0__dffq_1)
                                                         a_gate (net)
                      0.427945    0.000244    6.278261 ^ fanout482/I (gf180mcu_fd_sc_mcu7t5v0__buf_4)
    13    0.225751    1.584868    1.150994    7.429255 ^ fanout482/Z (gf180mcu_fd_sc_mcu7t5v0__buf_4)
                                                         net482 (net)
                      1.585044    0.009394    7.438649 ^ fanout465/I (gf180mcu_fd_sc_mcu7t5v0__clkbuf_2)
    11    0.089265    1.276547    1.304167    8.742816 ^ fanout465/Z (gf180mcu_fd_sc_mcu7t5v0__clkbuf_2)
                                                         net465 (net)
                      1.276665    0.006819    8.749634 ^ fanout457/I (gf180mcu_fd_sc_mcu7t5v0__buf_2)
    21    0.086688    1.240796    1.052405    9.802039 ^ fanout457/Z (gf180mcu_fd_sc_mcu7t5v0__buf_2)
                                                         net457 (net)
                      1.240796    0.000779    9.802818 ^ fanout456/I (gf180mcu_fd_sc_mcu7t5v0__buf_1)
     5    0.041934    1.232446    1.074790   10.877608 ^ fanout456/Z (gf180mcu_fd_sc_mcu7t5v0__buf_1)
                                                         net456 (net)
                      1.232446    0.000787   10.878395 ^ fanout455/I (gf180mcu_fd_sc_mcu7t5v0__buf_2)
    10    0.063138    0.924466    0.870848   11.749244 ^ fanout455/Z (gf180mcu_fd_sc_mcu7t5v0__buf_2)
                                                         net455 (net)
                      0.924483    0.002199   11.751443 ^ _10554_/A3 (gf180mcu_fd_sc_mcu7t5v0__nand3_1)
     2    0.016138    0.828326    0.566614   12.318057 v _10554_/ZN (gf180mcu_fd_sc_mcu7t5v0__nand3_1)
                                                         _04231_ (net)
                      0.828326    0.000325   12.318382 v _10556_/A1 (gf180mcu_fd_sc_mcu7t5v0__oai21_1)
     2    0.014337    1.057544    0.833550   13.151933 ^ _10556_/ZN (gf180mcu_fd_sc_mcu7t5v0__oai21_1)
                                                         _04233_ (net)
                      1.057544    0.000188   13.152121 ^ _10557_/A2 (gf180mcu_fd_sc_mcu7t5v0__nand2_1)
     1    0.005612    0.431582    0.247811   13.399931 v _10557_/ZN (gf180mcu_fd_sc_mcu7t5v0__nand2_1)
                                                         _04234_ (net)
                      0.431582    0.000060   13.399991 v _10558_/B (gf180mcu_fd_sc_mcu7t5v0__oai21_1)
     2    0.013379    0.995279    0.563551   13.963542 ^ _10558_/ZN (gf180mcu_fd_sc_mcu7t5v0__oai21_1)
                                                         _04235_ (net)
                      0.995279    0.000094   13.963636 ^ _10559_/A2 (gf180mcu_fd_sc_mcu7t5v0__aoi21_1)
     2    0.015284    0.647143    0.435318   14.398954 v _10559_/ZN (gf180mcu_fd_sc_mcu7t5v0__aoi21_1)
                                                         _04236_ (net)
                      0.647143    0.000276   14.399231 v _10560_/A2 (gf180mcu_fd_sc_mcu7t5v0__oai21_1)
     2    0.020515    1.338119    0.951021   15.350251 ^ _10560_/ZN (gf180mcu_fd_sc_mcu7t5v0__oai21_1)
                                                         _04237_ (net)
                      1.338119    0.000583   15.350834 ^ _10561_/A2 (gf180mcu_fd_sc_mcu7t5v0__aoi21_1)
     2    0.012436    0.586439    0.390072   15.740906 v _10561_/ZN (gf180mcu_fd_sc_mcu7t5v0__aoi21_1)
                                                         _04238_ (net)
                      0.586439    0.000167   15.741073 v _10562_/A2 (gf180mcu_fd_sc_mcu7t5v0__or2_1)
     2    0.011476    0.405390    0.936794   16.677866 v _10562_/Z (gf180mcu_fd_sc_mcu7t5v0__or2_1)
                                                         _04239_ (net)
                      0.405390    0.000325   16.678192 v _10563_/A2 (gf180mcu_fd_sc_mcu7t5v0__aoi21_1)
     3    0.017369    1.299559    0.835732   17.513924 ^ _10563_/ZN (gf180mcu_fd_sc_mcu7t5v0__aoi21_1)
                                                         _04240_ (net)
                      1.299559    0.000227   17.514151 ^ _10566_/A2 (gf180mcu_fd_sc_mcu7t5v0__oai21_1)
     2    0.014356    0.740796    0.562736   18.076887 v _10566_/ZN (gf180mcu_fd_sc_mcu7t5v0__oai21_1)
                                                         _04243_ (net)
                      0.740796    0.000339   18.077225 v _10567_/A2 (gf180mcu_fd_sc_mcu7t5v0__nor2_1)
     2    0.013958    0.966297    0.734556   18.811781 ^ _10567_/ZN (gf180mcu_fd_sc_mcu7t5v0__nor2_1)
                                                         _04244_ (net)
                      0.966297    0.000307   18.812088 ^ _10575_/A1 (gf180mcu_fd_sc_mcu7t5v0__aoi21_1)
     2    0.018347    0.717509    0.549084   19.361174 v _10575_/ZN (gf180mcu_fd_sc_mcu7t5v0__aoi21_1)
                                                         _04252_ (net)
                      0.717509    0.000410   19.361584 v _10576_/A2 (gf180mcu_fd_sc_mcu7t5v0__oai21_1)
     2    0.020380    1.333534    0.960375   20.321959 ^ _10576_/ZN (gf180mcu_fd_sc_mcu7t5v0__oai21_1)
                                                         _04253_ (net)
                      1.333534    0.000634   20.322592 ^ _10577_/B (gf180mcu_fd_sc_mcu7t5v0__aoi21_1)
     2    0.018662    0.912479    0.760195   21.082788 v _10577_/ZN (gf180mcu_fd_sc_mcu7t5v0__aoi21_1)
                                                         _04254_ (net)
                      0.912479    0.000316   21.083103 v _10579_/A3 (gf180mcu_fd_sc_mcu7t5v0__oai31_2)
     3    0.029727    1.887203    1.358052   22.441154 ^ _10579_/ZN (gf180mcu_fd_sc_mcu7t5v0__oai31_2)
                                                         _04256_ (net)
                      1.887203    0.000510   22.441666 ^ _10581_/A3 (gf180mcu_fd_sc_mcu7t5v0__nand3_2)
     4    0.046324    1.130230    0.722515   23.164181 v _10581_/ZN (gf180mcu_fd_sc_mcu7t5v0__nand3_2)
                                                         _04258_ (net)
                      1.130230    0.000869   23.165049 v _10582_/A2 (gf180mcu_fd_sc_mcu7t5v0__aoi21_2)
     3    0.027490    1.113616    0.950672   24.115721 ^ _10582_/ZN (gf180mcu_fd_sc_mcu7t5v0__aoi21_2)
                                                         _04259_ (net)
                      1.113616    0.000382   24.116104 ^ fanout67/I (gf180mcu_fd_sc_mcu7t5v0__buf_2)
    21    0.091935    1.312455    1.088415   25.204517 ^ fanout67/Z (gf180mcu_fd_sc_mcu7t5v0__buf_2)
                                                         net67 (net)
                      1.312503    0.004464   25.208982 ^ _10652_/B (gf180mcu_fd_sc_mcu7t5v0__aoi21_1)
     1    0.005661    0.661937    0.497954   25.706936 v _10652_/ZN (gf180mcu_fd_sc_mcu7t5v0__aoi21_1)
                                                         _04317_ (net)
                      0.661937    0.000064   25.707001 v _10653_/B2 (gf180mcu_fd_sc_mcu7t5v0__aoi221_1)
     1    0.002885    1.048189    0.905050   26.612051 ^ _10653_/ZN (gf180mcu_fd_sc_mcu7t5v0__aoi221_1)
                                                         _00369_ (net)
                      1.048189    0.000028   26.612078 ^ _13394_/D (gf180mcu_fd_sc_mcu7t5v0__dffq_2)
                                             26.612078   data arrival time

                                 20.000000   20.000000   clock clk (rise edge)
                                  0.000000   20.000000   clock source latency
     2    0.029548    0.264059    0.120403   20.120403 ^ clk (in)
                                                         clk (net)
                      0.264059    0.000000   20.120403 ^ clkbuf_0_clk/I (gf180mcu_fd_sc_mcu7t5v0__clkbuf_16)
     2    0.049065    0.203471    0.457289   20.577694 ^ clkbuf_0_clk/Z (gf180mcu_fd_sc_mcu7t5v0__clkbuf_16)
                                                         clknet_0_clk (net)
                      0.203471    0.000652   20.578344 ^ clkbuf_1_0__f_clk/I (gf180mcu_fd_sc_mcu7t5v0__clkbuf_16)
     1    0.008816    0.139731    0.390230   20.968575 ^ clkbuf_1_0__f_clk/Z (gf180mcu_fd_sc_mcu7t5v0__clkbuf_16)
                                                         clknet_1_0__leaf_clk (net)
                      0.139731    0.000087   20.968662 ^ u_icg/CLK (gf180mcu_fd_sc_mcu7t5v0__icgtp_4)
     3    0.089503    0.740288    1.007072   21.975735 ^ u_icg/Q (gf180mcu_fd_sc_mcu7t5v0__icgtp_4)
                                                         core_clk (net)
                      0.740325    0.007921   21.983654 ^ clkbuf_0_core_clk/I (gf180mcu_fd_sc_mcu7t5v0__clkbuf_16)
    33    0.520632    0.941174    1.006704   22.990358 ^ clkbuf_0_core_clk/Z (gf180mcu_fd_sc_mcu7t5v0__clkbuf_16)
                                                         clknet_0_core_clk (net)
                      0.956210    0.070079   23.060438 ^ clkbuf_4_5_0_core_clk/I (gf180mcu_fd_sc_mcu7t5v0__clkbuf_8)
    23    0.252615    0.930109    1.044688   24.105125 ^ clkbuf_4_5_0_core_clk/Z (gf180mcu_fd_sc_mcu7t5v0__clkbuf_8)
                                                         clknet_4_5_0_core_clk (net)
                      0.930152    0.003503   24.108629 ^ clkbuf_leaf_23_core_clk/I (gf180mcu_fd_sc_mcu7t5v0__clkbuf_8)
     3    0.015110    0.189486    0.551212   24.659842 ^ clkbuf_leaf_23_core_clk/Z (gf180mcu_fd_sc_mcu7t5v0__clkbuf_8)
                                                         clknet_leaf_23_core_clk (net)
                      0.189486    0.000108   24.659950 ^ _13394_/CLK (gf180mcu_fd_sc_mcu7t5v0__dffq_2)
                                 -0.250000   24.409950   clock uncertainty
                                  0.000078   24.410028   clock reconvergence pessimism
                                 -0.566839   23.843189   library setup time
                                             23.843189   data required time
---------------------------------------------------------------------------------------------
                                             23.843189   data required time
                                            -26.612078   data arrival time
---------------------------------------------------------------------------------------------
                                             -2.768889   slack (VIOLATED)


Startpoint: _13038_ (rising edge-triggered flip-flop clocked by clk)
Endpoint: _13388_ (rising edge-triggered flip-flop clocked by clk)
Path Group: clk
Path Type: max

Fanout         Cap        Slew       Delay        Time   Description
---------------------------------------------------------------------------------------------
                                  0.000000    0.000000   clock clk (rise edge)
                                  0.000000    0.000000   clock source latency
     2    0.029548    0.264059    0.120404    0.120404 ^ clk (in)
                                                         clk (net)
                      0.264059    0.000000    0.120404 ^ clkbuf_0_clk/I (gf180mcu_fd_sc_mcu7t5v0__clkbuf_16)
     2    0.049065    0.203471    0.457289    0.577692 ^ clkbuf_0_clk/Z (gf180mcu_fd_sc_mcu7t5v0__clkbuf_16)
                                                         clknet_0_clk (net)
                      0.203471    0.000653    0.578345 ^ clkbuf_1_0__f_clk/I (gf180mcu_fd_sc_mcu7t5v0__clkbuf_16)
     1    0.008816    0.139731    0.390229    0.968574 ^ clkbuf_1_0__f_clk/Z (gf180mcu_fd_sc_mcu7t5v0__clkbuf_16)
                                                         clknet_1_0__leaf_clk (net)
                      0.139731    0.000088    0.968662 ^ u_icg/CLK (gf180mcu_fd_sc_mcu7t5v0__icgtp_4)
     3    0.089503    0.740448    1.007120    1.975783 ^ u_icg/Q (gf180mcu_fd_sc_mcu7t5v0__icgtp_4)
                                                         core_clk (net)
                      0.740485    0.007922    1.983704 ^ clkbuf_0_core_clk/I (gf180mcu_fd_sc_mcu7t5v0__clkbuf_16)
    33    0.520632    0.941175    1.006733    2.990437 ^ clkbuf_0_core_clk/Z (gf180mcu_fd_sc_mcu7t5v0__clkbuf_16)
                                                         clknet_0_core_clk (net)
                      0.946565    0.036859    3.027296 ^ clkbuf_4_14_0_core_clk/I (gf180mcu_fd_sc_mcu7t5v0__clkbuf_8)
    31    0.304693    1.103691    1.143752    4.171048 ^ clkbuf_4_14_0_core_clk/Z (gf180mcu_fd_sc_mcu7t5v0__clkbuf_8)
                                                         clknet_4_14_0_core_clk (net)
                      1.103750    0.004483    4.175531 ^ clkbuf_leaf_84_core_clk/I (gf180mcu_fd_sc_mcu7t5v0__clkbuf_8)
     4    0.025395    0.225102    0.603397    4.778928 ^ clkbuf_leaf_84_core_clk/Z (gf180mcu_fd_sc_mcu7t5v0__clkbuf_8)
                                                         clknet_leaf_84_core_clk (net)
                      0.225102    0.000254    4.779182 ^ _13038_/CLK (gf180mcu_fd_sc_mcu7t5v0__dffq_1)
     1    0.011567    0.427945    1.498834    6.278017 ^ _13038_/Q (gf180mcu_fd_sc_mcu7t5v0__dffq_1)
                                                         a_gate (net)
                      0.427945    0.000244    6.278261 ^ fanout482/I (gf180mcu_fd_sc_mcu7t5v0__buf_4)
    13    0.225751    1.584868    1.150994    7.429255 ^ fanout482/Z (gf180mcu_fd_sc_mcu7t5v0__buf_4)
                                                         net482 (net)
                      1.585044    0.009394    7.438649 ^ fanout465/I (gf180mcu_fd_sc_mcu7t5v0__clkbuf_2)
    11    0.089265    1.276547    1.304167    8.742816 ^ fanout465/Z (gf180mcu_fd_sc_mcu7t5v0__clkbuf_2)
                                                         net465 (net)
                      1.276665    0.006819    8.749634 ^ fanout457/I (gf180mcu_fd_sc_mcu7t5v0__buf_2)
    21    0.086688    1.240796    1.052405    9.802039 ^ fanout457/Z (gf180mcu_fd_sc_mcu7t5v0__buf_2)
                                                         net457 (net)
                      1.240796    0.000779    9.802818 ^ fanout456/I (gf180mcu_fd_sc_mcu7t5v0__buf_1)
     5    0.041934    1.232446    1.074790   10.877608 ^ fanout456/Z (gf180mcu_fd_sc_mcu7t5v0__buf_1)
                                                         net456 (net)
                      1.232446    0.000787   10.878395 ^ fanout455/I (gf180mcu_fd_sc_mcu7t5v0__buf_2)
    10    0.063138    0.924466    0.870848   11.749244 ^ fanout455/Z (gf180mcu_fd_sc_mcu7t5v0__buf_2)
                                                         net455 (net)
                      0.924483    0.002199   11.751443 ^ _10554_/A3 (gf180mcu_fd_sc_mcu7t5v0__nand3_1)
     2    0.016138    0.828326    0.566614   12.318057 v _10554_/ZN (gf180mcu_fd_sc_mcu7t5v0__nand3_1)
                                                         _04231_ (net)
                      0.828326    0.000325   12.318382 v _10556_/A1 (gf180mcu_fd_sc_mcu7t5v0__oai21_1)
     2    0.014337    1.057544    0.833550   13.151933 ^ _10556_/ZN (gf180mcu_fd_sc_mcu7t5v0__oai21_1)
                                                         _04233_ (net)
                      1.057544    0.000188   13.152121 ^ _10557_/A2 (gf180mcu_fd_sc_mcu7t5v0__nand2_1)
     1    0.005612    0.431582    0.247811   13.399931 v _10557_/ZN (gf180mcu_fd_sc_mcu7t5v0__nand2_1)
                                                         _04234_ (net)
                      0.431582    0.000060   13.399991 v _10558_/B (gf180mcu_fd_sc_mcu7t5v0__oai21_1)
     2    0.013379    0.995279    0.563551   13.963542 ^ _10558_/ZN (gf180mcu_fd_sc_mcu7t5v0__oai21_1)
                                                         _04235_ (net)
                      0.995279    0.000094   13.963636 ^ _10559_/A2 (gf180mcu_fd_sc_mcu7t5v0__aoi21_1)
     2    0.015284    0.647143    0.435318   14.398954 v _10559_/ZN (gf180mcu_fd_sc_mcu7t5v0__aoi21_1)
                                                         _04236_ (net)
                      0.647143    0.000276   14.399231 v _10560_/A2 (gf180mcu_fd_sc_mcu7t5v0__oai21_1)
     2    0.020515    1.338119    0.951021   15.350251 ^ _10560_/ZN (gf180mcu_fd_sc_mcu7t5v0__oai21_1)
                                                         _04237_ (net)
                      1.338119    0.000583   15.350834 ^ _10561_/A2 (gf180mcu_fd_sc_mcu7t5v0__aoi21_1)
     2    0.012436    0.586439    0.390072   15.740906 v _10561_/ZN (gf180mcu_fd_sc_mcu7t5v0__aoi21_1)
                                                         _04238_ (net)
                      0.586439    0.000167   15.741073 v _10562_/A2 (gf180mcu_fd_sc_mcu7t5v0__or2_1)
     2    0.011476    0.405390    0.936794   16.677866 v _10562_/Z (gf180mcu_fd_sc_mcu7t5v0__or2_1)
                                                         _04239_ (net)
                      0.405390    0.000325   16.678192 v _10563_/A2 (gf180mcu_fd_sc_mcu7t5v0__aoi21_1)
     3    0.017369    1.299559    0.835732   17.513924 ^ _10563_/ZN (gf180mcu_fd_sc_mcu7t5v0__aoi21_1)
                                                         _04240_ (net)
                      1.299559    0.000227   17.514151 ^ _10566_/A2 (gf180mcu_fd_sc_mcu7t5v0__oai21_1)
     2    0.014356    0.740796    0.562736   18.076887 v _10566_/ZN (gf180mcu_fd_sc_mcu7t5v0__oai21_1)
                                                         _04243_ (net)
                      0.740796    0.000339   18.077225 v _10567_/A2 (gf180mcu_fd_sc_mcu7t5v0__nor2_1)
     2    0.013958    0.966297    0.734556   18.811781 ^ _10567_/ZN (gf180mcu_fd_sc_mcu7t5v0__nor2_1)
                                                         _04244_ (net)
                      0.966297    0.000307   18.812088 ^ _10575_/A1 (gf180mcu_fd_sc_mcu7t5v0__aoi21_1)
     2    0.018347    0.717509    0.549084   19.361174 v _10575_/ZN (gf180mcu_fd_sc_mcu7t5v0__aoi21_1)
                                                         _04252_ (net)
                      0.717509    0.000410   19.361584 v _10576_/A2 (gf180mcu_fd_sc_mcu7t5v0__oai21_1)
     2    0.020380    1.333534    0.960375   20.321959 ^ _10576_/ZN (gf180mcu_fd_sc_mcu7t5v0__oai21_1)
                                                         _04253_ (net)
                      1.333534    0.000634   20.322592 ^ _10577_/B (gf180mcu_fd_sc_mcu7t5v0__aoi21_1)
     2    0.018662    0.912479    0.760195   21.082788 v _10577_/ZN (gf180mcu_fd_sc_mcu7t5v0__aoi21_1)
                                                         _04254_ (net)
                      0.912479    0.000316   21.083103 v _10579_/A3 (gf180mcu_fd_sc_mcu7t5v0__oai31_2)
     3    0.029727    1.887203    1.358052   22.441154 ^ _10579_/ZN (gf180mcu_fd_sc_mcu7t5v0__oai31_2)
                                                         _04256_ (net)
                      1.887203    0.000510   22.441666 ^ _10581_/A3 (gf180mcu_fd_sc_mcu7t5v0__nand3_2)
     4    0.046324    1.130230    0.722515   23.164181 v _10581_/ZN (gf180mcu_fd_sc_mcu7t5v0__nand3_2)
                                                         _04258_ (net)
                      1.130230    0.000869   23.165049 v _10582_/A2 (gf180mcu_fd_sc_mcu7t5v0__aoi21_2)
     3    0.027490    1.113616    0.950672   24.115721 ^ _10582_/ZN (gf180mcu_fd_sc_mcu7t5v0__aoi21_2)
                                                         _04259_ (net)
                      1.113616    0.000382   24.116104 ^ fanout67/I (gf180mcu_fd_sc_mcu7t5v0__buf_2)
    21    0.091935    1.312455    1.088415   25.204517 ^ fanout67/Z (gf180mcu_fd_sc_mcu7t5v0__buf_2)
                                                         net67 (net)
                      1.312482    0.003352   25.207870 ^ _10619_/B (gf180mcu_fd_sc_mcu7t5v0__aoi21_1)
     1    0.004914    0.646217    0.481792   25.689663 v _10619_/ZN (gf180mcu_fd_sc_mcu7t5v0__aoi21_1)
                                                         _04290_ (net)
                      0.646217    0.000050   25.689713 v _10620_/B2 (gf180mcu_fd_sc_mcu7t5v0__aoi221_1)
     1    0.003817    1.113183    0.945873   26.635586 ^ _10620_/ZN (gf180mcu_fd_sc_mcu7t5v0__aoi221_1)
                                                         _00363_ (net)
                      1.113183    0.000076   26.635662 ^ _13388_/D (gf180mcu_fd_sc_mcu7t5v0__dffq_2)
                                             26.635662   data arrival time

                                 20.000000   20.000000   clock clk (rise edge)
                                  0.000000   20.000000   clock source latency
     2    0.029548    0.264059    0.120403   20.120403 ^ clk (in)
                                                         clk (net)
                      0.264059    0.000000   20.120403 ^ clkbuf_0_clk/I (gf180mcu_fd_sc_mcu7t5v0__clkbuf_16)
     2    0.049065    0.203471    0.457289   20.577694 ^ clkbuf_0_clk/Z (gf180mcu_fd_sc_mcu7t5v0__clkbuf_16)
                                                         clknet_0_clk (net)
                      0.203471    0.000652   20.578344 ^ clkbuf_1_0__f_clk/I (gf180mcu_fd_sc_mcu7t5v0__clkbuf_16)
     1    0.008816    0.139731    0.390230   20.968575 ^ clkbuf_1_0__f_clk/Z (gf180mcu_fd_sc_mcu7t5v0__clkbuf_16)
                                                         clknet_1_0__leaf_clk (net)
                      0.139731    0.000087   20.968662 ^ u_icg/CLK (gf180mcu_fd_sc_mcu7t5v0__icgtp_4)
     3    0.089503    0.740288    1.007072   21.975735 ^ u_icg/Q (gf180mcu_fd_sc_mcu7t5v0__icgtp_4)
                                                         core_clk (net)
                      0.740325    0.007921   21.983654 ^ clkbuf_0_core_clk/I (gf180mcu_fd_sc_mcu7t5v0__clkbuf_16)
    33    0.520632    0.941174    1.006704   22.990358 ^ clkbuf_0_core_clk/Z (gf180mcu_fd_sc_mcu7t5v0__clkbuf_16)
                                                         clknet_0_core_clk (net)
                      0.956084    0.069715   23.060074 ^ clkbuf_4_4_0_core_clk/I (gf180mcu_fd_sc_mcu7t5v0__clkbuf_8)
    21    0.268908    0.983346    1.075923   24.135998 ^ clkbuf_4_4_0_core_clk/Z (gf180mcu_fd_sc_mcu7t5v0__clkbuf_8)
                                                         clknet_4_4_0_core_clk (net)
                      0.983378    0.003107   24.139103 ^ clkbuf_leaf_21_core_clk/I (gf180mcu_fd_sc_mcu7t5v0__clkbuf_8)
     4    0.022194    0.211761    0.577424   24.716528 ^ clkbuf_leaf_21_core_clk/Z (gf180mcu_fd_sc_mcu7t5v0__clkbuf_8)
                                                         clknet_leaf_21_core_clk (net)
                      0.211761    0.000158   24.716686 ^ _13388_/CLK (gf180mcu_fd_sc_mcu7t5v0__dffq_2)
                                 -0.250000   24.466686   clock uncertainty
                                  0.000078   24.466764   clock reconvergence pessimism
                                 -0.563798   23.902967   library setup time
                                             23.902967   data required time
---------------------------------------------------------------------------------------------
                                             23.902967   data required time
                                            -26.635662   data arrival time
---------------------------------------------------------------------------------------------
                                             -2.732694   slack (VIOLATED)


Startpoint: _13038_ (rising edge-triggered flip-flop clocked by clk)
Endpoint: _13384_ (rising edge-triggered flip-flop clocked by clk)
Path Group: clk
Path Type: max

Fanout         Cap        Slew       Delay        Time   Description
---------------------------------------------------------------------------------------------
                                  0.000000    0.000000   clock clk (rise edge)
                                  0.000000    0.000000   clock source latency
     2    0.029548    0.264059    0.120404    0.120404 ^ clk (in)
                                                         clk (net)
                      0.264059    0.000000    0.120404 ^ clkbuf_0_clk/I (gf180mcu_fd_sc_mcu7t5v0__clkbuf_16)
     2    0.049065    0.203471    0.457289    0.577692 ^ clkbuf_0_clk/Z (gf180mcu_fd_sc_mcu7t5v0__clkbuf_16)
                                                         clknet_0_clk (net)
                      0.203471    0.000653    0.578345 ^ clkbuf_1_0__f_clk/I (gf180mcu_fd_sc_mcu7t5v0__clkbuf_16)
     1    0.008816    0.139731    0.390229    0.968574 ^ clkbuf_1_0__f_clk/Z (gf180mcu_fd_sc_mcu7t5v0__clkbuf_16)
                                                         clknet_1_0__leaf_clk (net)
                      0.139731    0.000088    0.968662 ^ u_icg/CLK (gf180mcu_fd_sc_mcu7t5v0__icgtp_4)
     3    0.089503    0.740448    1.007120    1.975783 ^ u_icg/Q (gf180mcu_fd_sc_mcu7t5v0__icgtp_4)
                                                         core_clk (net)
                      0.740485    0.007922    1.983704 ^ clkbuf_0_core_clk/I (gf180mcu_fd_sc_mcu7t5v0__clkbuf_16)
    33    0.520632    0.941175    1.006733    2.990437 ^ clkbuf_0_core_clk/Z (gf180mcu_fd_sc_mcu7t5v0__clkbuf_16)
                                                         clknet_0_core_clk (net)
                      0.946565    0.036859    3.027296 ^ clkbuf_4_14_0_core_clk/I (gf180mcu_fd_sc_mcu7t5v0__clkbuf_8)
    31    0.304693    1.103691    1.143752    4.171048 ^ clkbuf_4_14_0_core_clk/Z (gf180mcu_fd_sc_mcu7t5v0__clkbuf_8)
                                                         clknet_4_14_0_core_clk (net)
                      1.103750    0.004483    4.175531 ^ clkbuf_leaf_84_core_clk/I (gf180mcu_fd_sc_mcu7t5v0__clkbuf_8)
     4    0.025395    0.225102    0.603397    4.778928 ^ clkbuf_leaf_84_core_clk/Z (gf180mcu_fd_sc_mcu7t5v0__clkbuf_8)
                                                         clknet_leaf_84_core_clk (net)
                      0.225102    0.000254    4.779182 ^ _13038_/CLK (gf180mcu_fd_sc_mcu7t5v0__dffq_1)
     1    0.011567    0.427945    1.498834    6.278017 ^ _13038_/Q (gf180mcu_fd_sc_mcu7t5v0__dffq_1)
                                                         a_gate (net)
                      0.427945    0.000244    6.278261 ^ fanout482/I (gf180mcu_fd_sc_mcu7t5v0__buf_4)
    13    0.225751    1.584868    1.150994    7.429255 ^ fanout482/Z (gf180mcu_fd_sc_mcu7t5v0__buf_4)
                                                         net482 (net)
                      1.585044    0.009394    7.438649 ^ fanout465/I (gf180mcu_fd_sc_mcu7t5v0__clkbuf_2)
    11    0.089265    1.276547    1.304167    8.742816 ^ fanout465/Z (gf180mcu_fd_sc_mcu7t5v0__clkbuf_2)
                                                         net465 (net)
                      1.276665    0.006819    8.749634 ^ fanout457/I (gf180mcu_fd_sc_mcu7t5v0__buf_2)
    21    0.086688    1.240796    1.052405    9.802039 ^ fanout457/Z (gf180mcu_fd_sc_mcu7t5v0__buf_2)
                                                         net457 (net)
                      1.240796    0.000779    9.802818 ^ fanout456/I (gf180mcu_fd_sc_mcu7t5v0__buf_1)
     5    0.041934    1.232446    1.074790   10.877608 ^ fanout456/Z (gf180mcu_fd_sc_mcu7t5v0__buf_1)
                                                         net456 (net)
                      1.232446    0.000787   10.878395 ^ fanout455/I (gf180mcu_fd_sc_mcu7t5v0__buf_2)
    10    0.063138    0.924466    0.870848   11.749244 ^ fanout455/Z (gf180mcu_fd_sc_mcu7t5v0__buf_2)
                                                         net455 (net)
                      0.924483    0.002199   11.751443 ^ _10554_/A3 (gf180mcu_fd_sc_mcu7t5v0__nand3_1)
     2    0.016138    0.828326    0.566614   12.318057 v _10554_/ZN (gf180mcu_fd_sc_mcu7t5v0__nand3_1)
                                                         _04231_ (net)
                      0.828326    0.000325   12.318382 v _10556_/A1 (gf180mcu_fd_sc_mcu7t5v0__oai21_1)
     2    0.014337    1.057544    0.833550   13.151933 ^ _10556_/ZN (gf180mcu_fd_sc_mcu7t5v0__oai21_1)
                                                         _04233_ (net)
                      1.057544    0.000188   13.152121 ^ _10557_/A2 (gf180mcu_fd_sc_mcu7t5v0__nand2_1)
     1    0.005612    0.431582    0.247811   13.399931 v _10557_/ZN (gf180mcu_fd_sc_mcu7t5v0__nand2_1)
                                                         _04234_ (net)
                      0.431582    0.000060   13.399991 v _10558_/B (gf180mcu_fd_sc_mcu7t5v0__oai21_1)
     2    0.013379    0.995279    0.563551   13.963542 ^ _10558_/ZN (gf180mcu_fd_sc_mcu7t5v0__oai21_1)
                                                         _04235_ (net)
                      0.995279    0.000094   13.963636 ^ _10559_/A2 (gf180mcu_fd_sc_mcu7t5v0__aoi21_1)
     2    0.015284    0.647143    0.435318   14.398954 v _10559_/ZN (gf180mcu_fd_sc_mcu7t5v0__aoi21_1)
                                                         _04236_ (net)
                      0.647143    0.000276   14.399231 v _10560_/A2 (gf180mcu_fd_sc_mcu7t5v0__oai21_1)
     2    0.020515    1.338119    0.951021   15.350251 ^ _10560_/ZN (gf180mcu_fd_sc_mcu7t5v0__oai21_1)
                                                         _04237_ (net)
                      1.338119    0.000583   15.350834 ^ _10561_/A2 (gf180mcu_fd_sc_mcu7t5v0__aoi21_1)
     2    0.012436    0.586439    0.390072   15.740906 v _10561_/ZN (gf180mcu_fd_sc_mcu7t5v0__aoi21_1)
                                                         _04238_ (net)
                      0.586439    0.000167   15.741073 v _10562_/A2 (gf180mcu_fd_sc_mcu7t5v0__or2_1)
     2    0.011476    0.405390    0.936794   16.677866 v _10562_/Z (gf180mcu_fd_sc_mcu7t5v0__or2_1)
                                                         _04239_ (net)
                      0.405390    0.000325   16.678192 v _10563_/A2 (gf180mcu_fd_sc_mcu7t5v0__aoi21_1)
     3    0.017369    1.299559    0.835732   17.513924 ^ _10563_/ZN (gf180mcu_fd_sc_mcu7t5v0__aoi21_1)
                                                         _04240_ (net)
                      1.299559    0.000227   17.514151 ^ _10566_/A2 (gf180mcu_fd_sc_mcu7t5v0__oai21_1)
     2    0.014356    0.740796    0.562736   18.076887 v _10566_/ZN (gf180mcu_fd_sc_mcu7t5v0__oai21_1)
                                                         _04243_ (net)
                      0.740796    0.000339   18.077225 v _10567_/A2 (gf180mcu_fd_sc_mcu7t5v0__nor2_1)
     2    0.013958    0.966297    0.734556   18.811781 ^ _10567_/ZN (gf180mcu_fd_sc_mcu7t5v0__nor2_1)
                                                         _04244_ (net)
                      0.966297    0.000307   18.812088 ^ _10575_/A1 (gf180mcu_fd_sc_mcu7t5v0__aoi21_1)
     2    0.018347    0.717509    0.549084   19.361174 v _10575_/ZN (gf180mcu_fd_sc_mcu7t5v0__aoi21_1)
                                                         _04252_ (net)
                      0.717509    0.000410   19.361584 v _10576_/A2 (gf180mcu_fd_sc_mcu7t5v0__oai21_1)
     2    0.020380    1.333534    0.960375   20.321959 ^ _10576_/ZN (gf180mcu_fd_sc_mcu7t5v0__oai21_1)
                                                         _04253_ (net)
                      1.333534    0.000634   20.322592 ^ _10577_/B (gf180mcu_fd_sc_mcu7t5v0__aoi21_1)
     2    0.018662    0.912479    0.760195   21.082788 v _10577_/ZN (gf180mcu_fd_sc_mcu7t5v0__aoi21_1)
                                                         _04254_ (net)
                      0.912479    0.000316   21.083103 v _10579_/A3 (gf180mcu_fd_sc_mcu7t5v0__oai31_2)
     3    0.029727    1.887203    1.358052   22.441154 ^ _10579_/ZN (gf180mcu_fd_sc_mcu7t5v0__oai31_2)
                                                         _04256_ (net)
                      1.887203    0.000510   22.441666 ^ _10581_/A3 (gf180mcu_fd_sc_mcu7t5v0__nand3_2)
     4    0.046324    1.130230    0.722515   23.164181 v _10581_/ZN (gf180mcu_fd_sc_mcu7t5v0__nand3_2)
                                                         _04258_ (net)
                      1.130230    0.000869   23.165049 v _10582_/A2 (gf180mcu_fd_sc_mcu7t5v0__aoi21_2)
     3    0.027490    1.113616    0.950672   24.115721 ^ _10582_/ZN (gf180mcu_fd_sc_mcu7t5v0__aoi21_2)
                                                         _04259_ (net)
                      1.113616    0.000382   24.116104 ^ fanout67/I (gf180mcu_fd_sc_mcu7t5v0__buf_2)
    21    0.091935    1.312455    1.088415   25.204517 ^ fanout67/Z (gf180mcu_fd_sc_mcu7t5v0__buf_2)
                                                         net67 (net)
                      1.312466    0.002141   25.206659 ^ _10597_/B (gf180mcu_fd_sc_mcu7t5v0__aoi21_1)
     1    0.007487    0.694928    0.537398   25.744057 v _10597_/ZN (gf180mcu_fd_sc_mcu7t5v0__aoi21_1)
                                                         _04272_ (net)
                      0.694928    0.000169   25.744225 v _10598_/B2 (gf180mcu_fd_sc_mcu7t5v0__aoi221_1)
     1    0.003113    1.065722    0.919652   26.663877 ^ _10598_/ZN (gf180mcu_fd_sc_mcu7t5v0__aoi221_1)
