     Internal    Switching      Leakage        Total
        Power        Power        Power        Power (Watts)
----------------------------------------------------
 8.602855e-07 9.993658e-06 1.226512e-11 1.085396e-05 clkbuf_0_core_clk
 4.292316e-07 4.097233e-06 7.176568e-12 4.526471e-06 clkbuf_2_0_0_core_clk
 4.300977e-07 3.736830e-06 7.176568e-12 4.166935e-06 clkbuf_2_1_0_core_clk
 4.291602e-07 3.588511e-06 7.176568e-12 4.017678e-06 clkbuf_2_3_0_core_clk
 4.293537e-07 3.453484e-06 7.176568e-12 3.882845e-06 clkbuf_2_2_0_core_clk
 8.682443e-07 2.776773e-06 1.226512e-11 3.645030e-06 clkbuf_5_26__f_core_clk
 8.683327e-07 2.620045e-06 1.226512e-11 3.488390e-06 clkbuf_5_29__f_core_clk
 8.683994e-07 2.607714e-06 1.226512e-11 3.476126e-06 clkbuf_5_24__f_core_clk
 8.643522e-07 2.526801e-06 1.226512e-11 3.391166e-06 clkbuf_5_5__f_core_clk
 8.653187e-07 2.518351e-06 1.226512e-11 3.383682e-06 clkbuf_5_2__f_core_clk
 8.689071e-07 2.494392e-06 1.226512e-11 3.363311e-06 clkbuf_5_23__f_core_clk
 8.681828e-07 2.329320e-06 1.226512e-11 3.197515e-06 clkbuf_5_16__f_core_clk
 8.664855e-07 2.290920e-06 1.226512e-11 3.157418e-06 clkbuf_5_8__f_core_clk
 8.659088e-07 2.265745e-06 1.226512e-11 3.131666e-06 clkbuf_5_15__f_core_clk
 8.680851e-07 2.257286e-06 1.226512e-11 3.125383e-06 clkbuf_5_20__f_core_clk
 8.682559e-07 2.208756e-06 1.226512e-11 3.077024e-06 clkbuf_5_18__f_core_clk
 8.669211e-07 2.186656e-06 1.226512e-11 3.053590e-06 clkbuf_5_27__f_core_clk
 8.681110e-07 2.140570e-06 1.226512e-11 3.008694e-06 clkbuf_5_19__f_core_clk
 8.669212e-07 2.137724e-06 1.226512e-11 3.004658e-06 clkbuf_5_31__f_core_clk
 8.636384e-07 2.139278e-06 1.226512e-11 3.002929e-06 clkbuf_5_4__f_core_clk
 8.657744e-07 2.125161e-06 1.226512e-11 2.990947e-06 clkbuf_5_11__f_core_clk
 8.656451e-07 2.115050e-06 1.226512e-11 2.980707e-06 clkbuf_5_14__f_core_clk
 8.644230e-07 2.111821e-06 1.226512e-11 2.976257e-06 clkbuf_5_3__f_core_clk
 8.662485e-07 2.082692e-06 1.226512e-11 2.948953e-06 clkbuf_5_13__f_core_clk
 8.679503e-07 2.067587e-06 1.226512e-11 2.935549e-06 clkbuf_5_22__f_core_clk
 8.659591e-07 2.064967e-06 1.226512e-11 2.930938e-06 clkbuf_5_9__f_core_clk
 8.671477e-07 2.051298e-06 1.226512e-11 2.918458e-06 clkbuf_5_25__f_core_clk
 2.959348e-07 2.557368e-06 1.294433e-11 2.853315e-06 fanout1502
 8.630335e-07 1.977186e-06 1.226512e-11 2.840232e-06 clkbuf_5_7__f_core_clk
 8.673982e-07 1.970356e-06 1.226512e-11 2.837766e-06 clkbuf_5_17__f_core_clk
 8.639547e-07 1.945552e-06 1.226512e-11 2.809519e-06 clkbuf_5_0__f_core_clk
 8.663437e-07 1.913559e-06 1.226512e-11 2.779915e-06 clkbuf_5_30__f_core_clk
 8.658325e-07 1.895970e-06 1.226512e-11 2.761814e-06 clkbuf_5_12__f_core_clk
 8.666875e-07 1.888805e-06 1.226512e-11 2.755504e-06 clkbuf_5_28__f_core_clk
 8.670650e-07 1.791516e-06 1.226512e-11 2.658594e-06 clkbuf_5_21__f_core_clk
 8.630937e-07 1.772979e-06 1.226512e-11 2.636085e-06 clkbuf_5_1__f_core_clk
 8.636000e-07 1.722460e-06 1.226512e-11 2.586072e-06 clkbuf_5_6__f_core_clk
 8.618558e-07 1.563814e-06 1.226512e-11 2.425682e-06 clkbuf_5_10__f_core_clk
 3.357493e-07 2.065180e-06 1.279535e-11 2.400942e-06 fanout636
 4.239153e-07 1.670595e-06 8.296883e-12 2.094518e-06 u_icg
 2.982435e-07 1.790238e-06 1.167933e-11 2.088493e-06 fanout460
 4.477289e-07 1.173438e-06 7.179708e-12 1.621174e-06 clkbuf_leaf_340_core_clk
 4.439511e-07 1.029633e-06 7.179708e-12 1.473592e-06 clkbuf_leaf_336_core_clk
 4.435701e-07 1.015871e-06 7.179708e-12 1.459448e-06 clkbuf_leaf_342_core_clk
 4.415401e-07 1.009997e-06 7.179708e-12 1.451545e-06 clkbuf_leaf_338_core_clk
 4.422629e-07 9.672290e-07 7.179708e-12 1.409499e-06 clkbuf_leaf_335_core_clk
 4.403231e-07 9.626084e-07 7.179708e-12 1.402939e-06 clkbuf_leaf_339_core_clk
 4.396471e-07 9.363442e-07 7.179708e-12 1.375999e-06 clkbuf_leaf_327_core_clk
 4.409432e-07 9.194667e-07 7.179708e-12 1.360417e-06 clkbuf_leaf_341_core_clk
 4.388400e-07 9.041563e-07 7.179708e-12 1.343003e-06 clkbuf_leaf_329_core_clk
 4.403347e-07 8.963080e-07 7.179708e-12 1.336650e-06 clkbuf_leaf_3_core_clk
 4.385741e-07 8.936655e-07 7.179708e-12 1.332247e-06 clkbuf_leaf_324_core_clk
 4.382620e-07 8.818432e-07 7.179708e-12 1.320112e-06 clkbuf_leaf_326_core_clk
 4.397533e-07 8.750891e-07 7.179708e-12 1.314850e-06 clkbuf_leaf_2_core_clk
 1.486677e-07 1.128288e-06 7.330542e-12 1.276963e-06 fanout352
 4.370873e-07 8.364491e-07 7.179708e-12 1.273544e-06 clkbuf_leaf_330_core_clk
 4.380197e-07 8.114752e-07 7.179708e-12 1.249502e-06 clkbuf_leaf_345_core_clk
 4.362508e-07 8.046309e-07 7.179708e-12 1.240889e-06 clkbuf_leaf_331_core_clk
 4.359350e-07 7.937049e-07 7.179708e-12 1.229647e-06 clkbuf_leaf_328_core_clk
 4.371586e-07 7.797133e-07 7.179708e-12 1.216879e-06 clkbuf_leaf_344_core_clk
 4.355026e-07 7.797784e-07 7.179708e-12 1.215288e-06 clkbuf_leaf_334_core_clk
 4.368588e-07 7.684648e-07 7.179708e-12 1.205331e-06 clkbuf_leaf_343_core_clk
 4.343976e-07 7.655208e-07 7.179708e-12 1.199926e-06 clkbuf_leaf_278_core_clk
 8.712186e-07 3.142171e-07 1.232310e-11 1.185448e-06 clkbuf_0_clk
 1.044317e-07 1.070812e-06 1.099055e-11 1.175254e-06 fanout381
 4.322477e-07 7.280168e-07 7.179708e-12 1.160272e-06 clkbuf_leaf_186_core_clk
 4.332202e-07 6.918390e-07 7.179708e-12 1.125066e-06 clkbuf_leaf_337_core_clk
 4.324483e-07 6.895280e-07 7.179708e-12 1.121983e-06 clkbuf_leaf_277_core_clk
 4.310948e-07 6.819049e-07 7.179708e-12 1.113007e-06 clkbuf_leaf_195_core_clk
 4.310062e-07 6.787328e-07 7.179708e-12 1.109746e-06 clkbuf_leaf_192_core_clk
 4.318027e-07 6.661995e-07 7.179708e-12 1.098009e-06 clkbuf_leaf_283_core_clk
 4.305106e-07 6.588041e-07 7.179708e-12 1.089322e-06 clkbuf_leaf_184_core_clk
 4.322588e-07 6.518804e-07 7.179708e-12 1.084146e-06 clkbuf_leaf_333_core_clk
 4.315691e-07 6.478011e-07 7.179708e-12 1.079377e-06 clkbuf_leaf_103_core_clk
 4.315874e-07 6.477265e-07 7.179708e-12 1.079321e-06 clkbuf_leaf_98_core_clk
 4.311508e-07 6.370032e-07 7.179708e-12 1.068161e-06 clkbuf_leaf_291_core_clk
 4.318952e-07 6.345444e-07 7.179708e-12 1.066447e-06 clkbuf_leaf_91_core_clk
 4.310447e-07 6.343426e-07 7.179708e-12 1.065394e-06 clkbuf_leaf_279_core_clk
 4.297751e-07 6.287593e-07 7.179708e-12 1.058542e-06 clkbuf_leaf_180_core_clk
 1.471088e-07 9.095501e-07 7.076734e-12 1.056666e-06 fanout1984
 4.295658e-07 6.211075e-07 7.179708e-12 1.050680e-06 clkbuf_leaf_182_core_clk
 4.306924e-07 6.171774e-07 7.179708e-12 1.047877e-06 clkbuf_leaf_57_core_clk
 4.288084e-07 6.154472e-07 7.179708e-12 1.044263e-06 clkbuf_leaf_140_core_clk
 4.304464e-07 6.129783e-07 7.179708e-12 1.043432e-06 clkbuf_leaf_288_core_clk
 4.313035e-07 6.120267e-07 7.179708e-12 1.043337e-06 clkbuf_leaf_92_core_clk
 4.302420e-07 6.047330e-07 7.179708e-12 1.034982e-06 clkbuf_leaf_284_core_clk
 4.310838e-07 6.037748e-07 7.179708e-12 1.034866e-06 clkbuf_leaf_89_core_clk
 4.300668e-07 5.966626e-07 7.179708e-12 1.026737e-06 clkbuf_leaf_281_core_clk
 4.300068e-07 5.959045e-07 7.179708e-12 1.025918e-06 clkbuf_leaf_282_core_clk
 4.282263e-07 5.964011e-07 7.179708e-12 1.024635e-06 clkbuf_leaf_136_core_clk
 4.308163e-07 5.934830e-07 7.179708e-12 1.024306e-06 clkbuf_leaf_82_core_clk
 4.302188e-07 5.936955e-07 7.179708e-12 1.023922e-06 clkbuf_leaf_97_core_clk
 4.290553e-07 5.864700e-07 7.179708e-12 1.015532e-06 clkbuf_leaf_11_core_clk
 4.296370e-07 5.808158e-07 7.179708e-12 1.010460e-06 clkbuf_leaf_290_core_clk
 4.283864e-07 5.734834e-07 7.179708e-12 1.001877e-06 clkbuf_leaf_183_core_clk
 4.301653e-07 5.714811e-07 7.179708e-12 1.001653e-06 clkbuf_leaf_166_core_clk
 4.287559e-07 5.727233e-07 7.179708e-12 1.001486e-06 clkbuf_leaf_14_core_clk
 4.301210e-07 5.712381e-07 7.179708e-12 1.001366e-06 clkbuf_leaf_171_core_clk
 4.283709e-07 5.722430e-07 7.179708e-12 1.000621e-06 clkbuf_leaf_193_core_clk
 4.276691e-07 5.726341e-07 7.179708e-12 1.000310e-06 clkbuf_leaf_134_core_clk
 4.292656e-07 5.665058e-07 7.179708e-12 9.957786e-07 clkbuf_leaf_285_core_clk
 4.307853e-07 5.619179e-07 7.179708e-12 9.927103e-07 clkbuf_leaf_152_core_clk
 4.281964e-07 5.640094e-07 7.179708e-12 9.922129e-07 clkbuf_leaf_189_core_clk
 4.293387e-07 5.625997e-07 7.179708e-12 9.919455e-07 clkbuf_leaf_102_core_clk
 4.299584e-07 5.604753e-07 7.179708e-12 9.904409e-07 clkbuf_leaf_90_core_clk
 4.274582e-07 5.627169e-07 7.179708e-12 9.901822e-07 clkbuf_leaf_137_core_clk
 4.291918e-07 5.585981e-07 7.179708e-12 9.877971e-07 clkbuf_leaf_69_core_clk
 4.279415e-07 5.552964e-07 7.179708e-12 9.832451e-07 clkbuf_leaf_190_core_clk
 1.475186e-07 8.347388e-07 7.076734e-12 9.822645e-07 fanout458
 4.291506e-07 5.508386e-07 7.179708e-12 9.799963e-07 clkbuf_leaf_96_core_clk
 4.278997e-07 5.520600e-07 7.179708e-12 9.799669e-07 clkbuf_leaf_185_core_clk
 4.304255e-07 5.489960e-07 7.179708e-12 9.794287e-07 clkbuf_leaf_175_core_clk
 4.288674e-07 5.496616e-07 7.179708e-12 9.785361e-07 clkbuf_leaf_280_core_clk
 4.271950e-07 5.509954e-07 7.179708e-12 9.781976e-07 clkbuf_leaf_128_core_clk
 4.272218e-07 5.506078e-07 7.179708e-12 9.778367e-07 clkbuf_leaf_142_core_clk
 4.295957e-07 5.470353e-07 7.179708e-12 9.766383e-07 clkbuf_leaf_81_core_clk
 4.307293e-07 5.441271e-07 7.179708e-12 9.748636e-07 clkbuf_leaf_250_core_clk
 4.287780e-07 5.424691e-07 7.179708e-12 9.712543e-07 clkbuf_leaf_70_core_clk
 4.288253e-07 5.407684e-07 7.179708e-12 9.696009e-07 clkbuf_leaf_99_core_clk
 4.287265e-07 5.381001e-07 7.179708e-12 9.668338e-07 clkbuf_leaf_101_core_clk
 4.278872e-07 5.389185e-07 7.179708e-12 9.668129e-07 clkbuf_leaf_15_core_clk
 4.298763e-07 5.363356e-07 7.179708e-12 9.662191e-07 clkbuf_leaf_274_core_clk
 8.417822e-07 1.243476e-07 1.232310e-11 9.661420e-07 clkbuf_1_1__f_clk
 4.285297e-07 5.369637e-07 7.179708e-12 9.655006e-07 clkbuf_leaf_286_core_clk
 4.286151e-07 5.350901e-07 7.179708e-12 9.637124e-07 clkbuf_leaf_105_core_clk
 4.278356e-07 5.319675e-07 7.179708e-12 9.598102e-07 clkbuf_leaf_233_core_clk
 4.291293e-07 5.292645e-07 7.179708e-12 9.584010e-07 clkbuf_leaf_87_core_clk
 4.277628e-07 5.291795e-07 7.179708e-12 9.569494e-07 clkbuf_leaf_222_core_clk
 4.284769e-07 5.271064e-07 7.179708e-12 9.555904e-07 clkbuf_leaf_94_core_clk
 4.297787e-07 5.251946e-07 7.179708e-12 9.549805e-07 clkbuf_leaf_172_core_clk
 4.287791e-07 5.258101e-07 7.179708e-12 9.545964e-07 clkbuf_leaf_145_core_clk
 4.275330e-07 5.255062e-07 7.179708e-12 9.530463e-07 clkbuf_leaf_20_core_clk
 4.297640e-07 5.227061e-07 7.179708e-12 9.524773e-07 clkbuf_leaf_181_core_clk
 4.275105e-07 5.242421e-07 7.179708e-12 9.517597e-07 clkbuf_leaf_8_core_clk
 4.275248e-07 5.228949e-07 7.179708e-12 9.504269e-07 clkbuf_leaf_224_core_clk
 4.296744e-07 5.205577e-07 7.179708e-12 9.502393e-07 clkbuf_leaf_153_core_clk
 4.265136e-07 5.213594e-07 7.179708e-12 9.478802e-07 clkbuf_leaf_141_core_clk
 4.273218e-07 5.171794e-07 7.179708e-12 9.445084e-07 clkbuf_leaf_10_core_clk
 4.294371e-07 5.121329e-07 7.179708e-12 9.415772e-07 clkbuf_leaf_157_core_clk
 4.262731e-07 5.143754e-07 7.179708e-12 9.406556e-07 clkbuf_leaf_133_core_clk
 4.284084e-07 5.112332e-07 7.179708e-12 9.396488e-07 clkbuf_leaf_146_core_clk
 4.263026e-07 5.126925e-07 7.179708e-12 9.390022e-07 clkbuf_leaf_148_core_clk
 4.272979e-07 5.095482e-07 7.179708e-12 9.368532e-07 clkbuf_leaf_229_core_clk
 4.297185e-07 5.070171e-07 7.179708e-12 9.367428e-07 clkbuf_leaf_246_core_clk
 8.390328e-07 9.764344e-08 1.232310e-11 9.366885e-07 clkbuf_1_0__f_clk
 4.261864e-07 5.100146e-07 7.179708e-12 9.362082e-07 clkbuf_leaf_138_core_clk
 4.278452e-07 5.068117e-07 7.179708e-12 9.346641e-07 clkbuf_leaf_58_core_clk
 4.290836e-07 5.047468e-07 7.179708e-12 9.338375e-07 clkbuf_leaf_347_core_clk
 4.270645e-07 5.047590e-07 7.179708e-12 9.318306e-07 clkbuf_leaf_223_core_clk
 4.271049e-07 5.023142e-07 7.179708e-12 9.294262e-07 clkbuf_leaf_231_core_clk
 4.259615e-07 5.019773e-07 7.179708e-12 9.279460e-07 clkbuf_leaf_132_core_clk
 4.266067e-07 5.004176e-07 7.179708e-12 9.270314e-07 clkbuf_leaf_188_core_clk
 4.291196e-07 4.976851e-07 7.179708e-12 9.268118e-07 clkbuf_leaf_194_core_clk
 4.288461e-07 4.979372e-07 7.179708e-12 9.267904e-07 clkbuf_leaf_263_core_clk
 4.269943e-07 4.989497e-07 7.179708e-12 9.259512e-07 clkbuf_leaf_247_core_clk
 4.268195e-07 4.963614e-07 7.179708e-12 9.231881e-07 clkbuf_leaf_18_core_clk
 4.281830e-07 4.931375e-07 7.179708e-12 9.213277e-07 clkbuf_leaf_93_core_clk
 4.275855e-07 4.935699e-07 7.179708e-12 9.211625e-07 clkbuf_leaf_54_core_clk
 4.268638e-07 4.929410e-07 7.179708e-12 9.198120e-07 clkbuf_leaf_232_core_clk
 4.280498e-07 4.916981e-07 7.179708e-12 9.197552e-07 clkbuf_leaf_167_core_clk
 4.274973e-07 4.915345e-07 7.179708e-12 9.190391e-07 clkbuf_leaf_60_core_clk
 4.266637e-07 4.907525e-07 7.179708e-12 9.174233e-07 clkbuf_leaf_21_core_clk
 4.263682e-07 4.895055e-07 7.179708e-12 9.158809e-07 clkbuf_leaf_318_core_clk
 4.279608e-07 4.869356e-07 7.179708e-12 9.149036e-07 clkbuf_leaf_162_core_clk
 4.279266e-07 4.868191e-07 7.179708e-12 9.147528e-07 clkbuf_leaf_173_core_clk
 4.279770e-07 4.852697e-07 7.179708e-12 9.132539e-07 clkbuf_leaf_95_core_clk
 4.272986e-07 4.855915e-07 7.179708e-12 9.128972e-07 clkbuf_leaf_56_core_clk
 4.266259e-07 4.851652e-07 7.179708e-12 9.117983e-07 clkbuf_leaf_226_core_clk
 4.286873e-07 4.818751e-07 7.179708e-12 9.105696e-07 clkbuf_leaf_179_core_clk
 4.289859e-07 4.800913e-07 7.179708e-12 9.090843e-07 clkbuf_leaf_248_core_clk
 4.286622e-07 4.802334e-07 7.179708e-12 9.089028e-07 clkbuf_leaf_196_core_clk
 4.285785e-07 4.798023e-07 7.179708e-12 9.083880e-07 clkbuf_leaf_160_core_clk
 4.275742e-07 4.800242e-07 7.179708e-12 9.076056e-07 clkbuf_leaf_156_core_clk
 4.260437e-07 4.787239e-07 7.179708e-12 9.047748e-07 clkbuf_leaf_191_core_clk
 4.264964e-07 4.777602e-07 7.179708e-12 9.042637e-07 clkbuf_leaf_227_core_clk
 4.263476e-07 4.774194e-07 7.179708e-12 9.037741e-07 clkbuf_leaf_16_core_clk
 4.274519e-07 4.759669e-07 7.179708e-12 9.034260e-07 clkbuf_leaf_151_core_clk
 4.272773e-07 4.760562e-07 7.179708e-12 9.033407e-07 clkbuf_leaf_268_core_clk
 4.270771e-07 4.760198e-07 7.179708e-12 9.031041e-07 clkbuf_leaf_63_core_clk
 4.271090e-07 4.755002e-07 7.179708e-12 9.026164e-07 clkbuf_leaf_100_core_clk
 4.253462e-07 4.735743e-07 7.179708e-12 8.989277e-07 clkbuf_leaf_127_core_clk
 4.263533e-07 4.724331e-07 7.179708e-12 8.987935e-07 clkbuf_leaf_228_core_clk
 4.271297e-07 4.707537e-07 7.179708e-12 8.978906e-07 clkbuf_leaf_243_core_clk
 4.270008e-07 4.667333e-07 7.179708e-12 8.937412e-07 clkbuf_leaf_261_core_clk
 4.261862e-07 4.663057e-07 7.179708e-12 8.924990e-07 clkbuf_leaf_234_core_clk
 4.273523e-07 4.632540e-07 7.179708e-12 8.906134e-07 clkbuf_leaf_169_core_clk
 4.268651e-07 4.625181e-07 7.179708e-12 8.893904e-07 clkbuf_leaf_104_core_clk
 4.268998e-07 4.617711e-07 7.179708e-12 8.886780e-07 clkbuf_leaf_258_core_clk
 4.272874e-07 4.609711e-07 7.179708e-12 8.882657e-07 clkbuf_leaf_74_core_clk
 4.267227e-07 4.609676e-07 7.179708e-12 8.876974e-07 clkbuf_leaf_61_core_clk
 4.268511e-07 4.606940e-07 7.179708e-12 8.875522e-07 clkbuf_leaf_260_core_clk
 4.268631e-07 4.598737e-07 7.179708e-12 8.867439e-07 clkbuf_leaf_266_core_clk
 4.269984e-07 4.579748e-07 7.179708e-12 8.849804e-07 clkbuf_leaf_154_core_clk
 4.257485e-07 4.579146e-07 7.179708e-12 8.836703e-07 clkbuf_leaf_321_core_clk
 4.278974e-07 4.546384e-07 7.179708e-12 8.825430e-07 clkbuf_leaf_158_core_clk
 4.267369e-07 4.552067e-07 7.179708e-12 8.819508e-07 clkbuf_leaf_253_core_clk
 4.248588e-07 4.549742e-07 7.179708e-12 8.798401e-07 clkbuf_leaf_139_core_clk
 4.276488e-07 4.507808e-07 7.179708e-12 8.784367e-07 clkbuf_leaf_4_core_clk
 4.269777e-07 4.511307e-07 7.179708e-12 8.781155e-07 clkbuf_leaf_170_core_clk
 4.255449e-07 4.523066e-07 7.179708e-12 8.778587e-07 clkbuf_leaf_315_core_clk
 4.276075e-07 4.499741e-07 7.179708e-12 8.775887e-07 clkbuf_leaf_1_core_clk
 4.277494e-07 4.489859e-07 7.179708e-12 8.767424e-07 clkbuf_leaf_159_core_clk
 4.263024e-07 4.457278e-07 7.179708e-12 8.720373e-07 clkbuf_leaf_64_core_clk
 4.266469e-07 4.443110e-07 7.179708e-12 8.709651e-07 clkbuf_leaf_144_core_clk
 4.279597e-07 4.423397e-07 7.179708e-12 8.703066e-07 clkbuf_leaf_255_core_clk
 4.255339e-07 4.442412e-07 7.179708e-12 8.697822e-07 clkbuf_leaf_17_core_clk
 4.266442e-07 4.429883e-07 7.179708e-12 8.696397e-07 clkbuf_leaf_149_core_clk
 4.276017e-07 4.411256e-07 7.179708e-12 8.687345e-07 clkbuf_leaf_197_core_clk
 4.273313e-07 4.411069e-07 7.179708e-12 8.684454e-07 clkbuf_leaf_275_core_clk
 4.262001e-07 4.417481e-07 7.179708e-12 8.679554e-07 clkbuf_leaf_59_core_clk
 4.278334e-07 4.375689e-07 7.179708e-12 8.654094e-07 clkbuf_leaf_245_core_clk
 4.277473e-07 4.344860e-07 7.179708e-12 8.622404e-07 clkbuf_leaf_249_core_clk
 4.262003e-07 4.345425e-07 7.179708e-12 8.607500e-07 clkbuf_leaf_244_core_clk
 4.252981e-07 4.353689e-07 7.179708e-12 8.606742e-07 clkbuf_leaf_7_core_clk
 4.276846e-07 4.324053e-07 7.179708e-12 8.600971e-07 clkbuf_leaf_256_core_clk
 4.250502e-07 4.349264e-07 7.179708e-12 8.599837e-07 clkbuf_leaf_316_core_clk
 4.261589e-07 4.327704e-07 7.179708e-12 8.589365e-07 clkbuf_leaf_267_core_clk
 4.252862e-07 4.328774e-07 7.179708e-12 8.581708e-07 clkbuf_leaf_225_core_clk
 4.264972e-07 4.305422e-07 7.179708e-12 8.570465e-07 clkbuf_leaf_168_core_clk
 4.264834e-07 4.304006e-07 7.179708e-12 8.568912e-07 clkbuf_leaf_165_core_clk
 4.261864e-07 4.271059e-07 7.179708e-12 8.532995e-07 clkbuf_leaf_155_core_clk
 4.281416e-07 4.250152e-07 7.179708e-12 8.531640e-07 clkbuf_leaf_77_core_clk
 4.271221e-07 4.255750e-07 7.179708e-12 8.527043e-07 clkbuf_leaf_174_core_clk
 4.271739e-07 4.253081e-07 7.179708e-12 8.524891e-07 clkbuf_leaf_198_core_clk
 1.460631e-07 7.013969e-07 7.299101e-12 8.474672e-07 fanout1495
 4.262317e-07 4.208134e-07 7.179708e-12 8.470522e-07 clkbuf_leaf_161_core_clk
 4.247978e-07 4.214299e-07 7.179708e-12 8.462349e-07 clkbuf_leaf_322_core_clk
 4.261603e-07 4.179953e-07 7.179708e-12 8.441628e-07 clkbuf_leaf_163_core_clk
 4.266862e-07 4.165779e-07 7.179708e-12 8.432712e-07 clkbuf_leaf_276_core_clk
 4.249811e-07 4.176960e-07 7.179708e-12 8.426843e-07 clkbuf_leaf_230_core_clk
 4.255137e-07 4.162540e-07 7.179708e-12 8.417749e-07 clkbuf_leaf_55_core_clk
 4.238829e-07 4.173711e-07 7.179708e-12 8.412611e-07 clkbuf_leaf_135_core_clk
 4.261306e-07 4.146323e-07 7.179708e-12 8.407701e-07 clkbuf_leaf_24_core_clk
 4.258839e-07 4.139424e-07 7.179708e-12 8.398334e-07 clkbuf_leaf_147_core_clk
 4.259792e-07 4.136358e-07 7.179708e-12 8.396222e-07 clkbuf_leaf_71_core_clk
 4.256283e-07 4.135883e-07 7.179708e-12 8.392238e-07 clkbuf_leaf_257_core_clk
 4.265968e-07 4.115105e-07 7.179708e-12 8.381145e-07 clkbuf_leaf_9_core_clk
 4.247132e-07 4.114972e-07 7.179708e-12 8.362176e-07 clkbuf_leaf_12_core_clk
 4.257375e-07 4.093983e-07 7.179708e-12 8.351429e-07 clkbuf_leaf_143_core_clk
 1.467592e-07 6.875974e-07 7.330522e-12 8.343639e-07 fanout347
 4.264304e-07 4.072618e-07 7.179708e-12 8.336993e-07 clkbuf_leaf_264_core_clk
 4.254894e-07 4.071283e-07 7.179708e-12 8.326249e-07 clkbuf_leaf_259_core_clk
 4.242988e-07 4.066318e-07 7.179708e-12 8.309378e-07 clkbuf_leaf_319_core_clk
 4.252950e-07 4.046490e-07 7.179708e-12 8.299511e-07 clkbuf_leaf_62_core_clk
 4.268805e-07 4.024756e-07 7.179708e-12 8.293633e-07 clkbuf_leaf_252_core_clk
 4.262724e-07 4.010971e-07 7.179708e-12 8.273767e-07 clkbuf_leaf_273_core_clk
 4.257331e-07 4.004015e-07 7.179708e-12 8.261418e-07 clkbuf_leaf_32_core_clk
 4.264790e-07 3.989587e-07 7.179708e-12 8.254449e-07 clkbuf_leaf_187_core_clk
 4.242924e-07 4.002391e-07 7.179708e-12 8.245387e-07 clkbuf_leaf_320_core_clk
 4.256095e-07 3.970271e-07 7.179708e-12 8.226437e-07 clkbuf_leaf_75_core_clk
 4.254959e-07 3.962995e-07 7.179708e-12 8.218026e-07 clkbuf_leaf_45_core_clk
 4.257753e-07 3.952919e-07 7.179708e-12 8.210744e-07 clkbuf_leaf_235_core_clk
 4.254989e-07 3.932572e-07 7.179708e-12 8.187632e-07 clkbuf_leaf_73_core_clk
 4.239366e-07 3.915226e-07 7.179708e-12 8.154664e-07 clkbuf_leaf_317_core_clk
 4.270690e-07 3.859881e-07 7.179708e-12 8.130643e-07 clkbuf_leaf_68_core_clk
 4.264089e-07 3.850897e-07 7.179708e-12 8.115059e-07 clkbuf_leaf_251_core_clk
 4.248984e-07 3.863629e-07 7.179708e-12 8.112685e-07 clkbuf_leaf_108_core_clk
 5.554440e-08 7.550020e-07 7.224230e-12 8.105536e-07 fanout323
 4.254853e-07 3.835400e-07 7.179708e-12 8.090324e-07 clkbuf_leaf_236_core_clk
 4.254153e-07 3.808209e-07 7.179708e-12 8.062434e-07 clkbuf_leaf_237_core_clk
 4.257567e-07 3.800485e-07 7.179708e-12 8.058124e-07 clkbuf_leaf_5_core_clk
 4.258382e-07 3.786882e-07 7.179708e-12 8.045336e-07 clkbuf_leaf_109_core_clk
 4.268372e-07 3.776006e-07 7.179708e-12 8.044450e-07 clkbuf_leaf_76_core_clk
 4.256014e-07 3.762009e-07 7.179708e-12 8.018095e-07 clkbuf_leaf_269_core_clk
 4.255886e-07 3.753582e-07 7.179708e-12 8.009540e-07 clkbuf_leaf_272_core_clk
 4.260663e-07 3.748229e-07 7.179708e-12 8.008964e-07 clkbuf_leaf_35_core_clk
 4.255654e-07 3.744511e-07 7.179708e-12 8.000237e-07 clkbuf_leaf_271_core_clk
 4.236979e-07 3.720246e-07 7.179708e-12 7.957296e-07 clkbuf_leaf_19_core_clk
 4.248772e-07 3.683452e-07 7.179708e-12 7.932296e-07 clkbuf_leaf_83_core_clk
 4.248373e-07 3.675100e-07 7.179708e-12 7.923544e-07 clkbuf_leaf_80_core_clk
 4.245964e-07 3.669432e-07 7.179708e-12 7.915468e-07 clkbuf_leaf_150_core_clk
 4.236092e-07 3.673975e-07 7.179708e-12 7.910139e-07 clkbuf_leaf_13_core_clk
 4.253870e-07 3.614690e-07 7.179708e-12 7.868631e-07 clkbuf_leaf_110_core_clk
 4.246672e-07 3.596185e-07 7.179708e-12 7.842929e-07 clkbuf_leaf_23_core_clk
 4.233861e-07 3.607271e-07 7.179708e-12 7.841203e-07 clkbuf_leaf_323_core_clk
 4.255194e-07 3.526198e-07 7.179708e-12 7.781464e-07 clkbuf_leaf_254_core_clk
 4.261234e-07 3.519465e-07 7.179708e-12 7.780770e-07 clkbuf_leaf_66_core_clk
 4.252102e-07 3.518058e-07 7.179708e-12 7.770232e-07 clkbuf_leaf_200_core_clk
 4.240846e-07 3.529065e-07 7.179708e-12 7.769983e-07 clkbuf_leaf_242_core_clk
 4.249061e-07 3.499380e-07 7.179708e-12 7.748512e-07 clkbuf_leaf_265_core_clk
 4.240002e-07 3.506446e-07 7.179708e-12 7.746520e-07 clkbuf_leaf_262_core_clk
 4.248922e-07 3.493549e-07 7.179708e-12 7.742543e-07 clkbuf_leaf_270_core_clk
 4.243343e-07 3.483306e-07 7.179708e-12 7.726721e-07 clkbuf_leaf_84_core_clk
 4.230445e-07 3.471497e-07 7.179708e-12 7.702013e-07 clkbuf_leaf_332_core_clk
 4.247992e-07 3.440446e-07 7.179708e-12 7.688510e-07 clkbuf_leaf_0_core_clk
 4.242266e-07 3.438122e-07 7.179708e-12 7.680460e-07 clkbuf_leaf_164_core_clk
 4.227432e-07 3.441168e-07 7.179708e-12 7.668672e-07 clkbuf_leaf_314_core_clk
 4.245030e-07 3.384662e-07 7.179708e-12 7.629764e-07 clkbuf_leaf_311_core_clk
 4.242621e-07 3.379239e-07 7.179708e-12 7.621932e-07 clkbuf_leaf_239_core_clk
 4.244596e-07 3.360436e-07 7.179708e-12 7.605104e-07 clkbuf_leaf_305_core_clk
 4.247545e-07 3.353129e-07 7.179708e-12 7.600746e-07 clkbuf_leaf_201_core_clk
 4.255758e-07 3.337943e-07 7.179708e-12 7.593774e-07 clkbuf_leaf_65_core_clk
 4.245067e-07 3.341958e-07 7.179708e-12 7.587097e-07 clkbuf_leaf_6_core_clk
 4.239642e-07 3.339605e-07 7.179708e-12 7.579318e-07 clkbuf_leaf_31_core_clk
 4.238628e-07 3.330364e-07 7.179708e-12 7.569064e-07 clkbuf_leaf_85_core_clk
 4.242058e-07 3.307901e-07 7.179708e-12 7.550030e-07 clkbuf_leaf_346_core_clk
 4.236731e-07 3.307970e-07 7.179708e-12 7.544772e-07 clkbuf_leaf_26_core_clk
 4.236812e-07 3.305620e-07 7.179708e-12 7.542503e-07 clkbuf_leaf_25_core_clk
 1.138278e-07 6.353127e-07 1.254057e-11 7.491531e-07 fanout423
 6.603600e-08 6.812687e-07 1.249156e-11 7.473172e-07 fanout649
 4.229682e-07 3.223060e-07 7.179708e-12 7.452813e-07 clkbuf_leaf_22_core_clk
 4.227626e-07 3.180317e-07 7.179708e-12 7.408015e-07 clkbuf_leaf_126_core_clk
 4.227659e-07 3.085935e-07 7.179708e-12 7.313665e-07 clkbuf_leaf_33_core_clk
 4.232771e-07 3.074357e-07 7.179708e-12 7.307199e-07 clkbuf_leaf_67_core_clk
 4.232309e-07 3.069594e-07 7.179708e-12 7.301975e-07 clkbuf_leaf_78_core_clk
 4.225038e-07 3.054260e-07 7.179708e-12 7.279369e-07 clkbuf_leaf_309_core_clk
 4.212907e-07 3.004823e-07 7.179708e-12 7.217802e-07 clkbuf_leaf_240_core_clk
 4.218705e-07 2.985658e-07 7.179708e-12 7.204434e-07 clkbuf_leaf_36_core_clk
 4.207422e-07 2.994962e-07 7.179708e-12 7.202455e-07 clkbuf_leaf_209_core_clk
 7.402298e-08 6.436624e-07 4.696032e-12 7.176901e-07 fanout1085
 5.439868e-08 6.591251e-07 1.097278e-11 7.135347e-07 fanout388
 4.206076e-07 2.923212e-07 7.179708e-12 7.129360e-07 clkbuf_leaf_202_core_clk
 4.209780e-07 2.912638e-07 7.179708e-12 7.122489e-07 clkbuf_leaf_44_core_clk
 4.215234e-07 2.874134e-07 7.179708e-12 7.089440e-07 clkbuf_leaf_79_core_clk
 4.200517e-07 2.886095e-07 7.179708e-12 7.086684e-07 clkbuf_leaf_72_core_clk
 4.204318e-07 2.878080e-07 7.179708e-12 7.082469e-07 clkbuf_leaf_310_core_clk
 4.202076e-07 2.876031e-07 7.179708e-12 7.078178e-07 clkbuf_leaf_205_core_clk
 5.111176e-08 6.550252e-07 1.105199e-11 7.061481e-07 fanout372
 4.198426e-07 2.836700e-07 7.179708e-12 7.035197e-07 clkbuf_leaf_42_core_clk
 4.194190e-07 2.799599e-07 7.179708e-12 6.993860e-07 clkbuf_leaf_30_core_clk
 4.179657e-07 2.791040e-07 7.179708e-12 6.970768e-07 clkbuf_leaf_129_core_clk
 4.189532e-07 2.745766e-07 7.179708e-12 6.935370e-07 clkbuf_leaf_29_core_clk
 4.190720e-07 2.740424e-07 7.179708e-12 6.931215e-07 clkbuf_leaf_203_core_clk
 4.183849e-07 2.710459e-07 7.179708e-12 6.894380e-07 clkbuf_leaf_289_core_clk
 4.172021e-07 2.688392e-07 7.179708e-12 6.860485e-07 clkbuf_leaf_312_core_clk
 4.185507e-07 2.657710e-07 7.179708e-12 6.843289e-07 clkbuf_leaf_313_core_clk
 4.182765e-07 2.651723e-07 7.179708e-12 6.834559e-07 clkbuf_leaf_49_core_clk
 4.182007e-07 2.646186e-07 7.179708e-12 6.828265e-07 clkbuf_leaf_106_core_clk
 4.179681e-07 2.618239e-07 7.179708e-12 6.797992e-07 clkbuf_leaf_114_core_clk
 4.178345e-07 2.595758e-07 7.179708e-12 6.774175e-07 clkbuf_leaf_217_core_clk
 4.174539e-07 2.599419e-07 7.179708e-12 6.774029e-07 clkbuf_leaf_299_core_clk
 4.172397e-07 2.533093e-07 7.179708e-12 6.705561e-07 clkbuf_leaf_53_core_clk
 7.413664e-08 5.942120e-07 4.505655e-12 6.683532e-07 fanout1596
 4.167059e-07 2.513198e-07 7.179708e-12 6.680330e-07 clkbuf_leaf_208_core_clk
 4.176701e-07 2.497114e-07 7.179708e-12 6.673887e-07 clkbuf_leaf_37_core_clk
 7.398429e-08 5.929509e-07 4.481230e-12 6.669396e-07 fanout337
 7.691298e-08 5.893514e-07 1.160119e-11 6.662760e-07 fanout1960
 4.169358e-07 2.464996e-07 7.179708e-12 6.634425e-07 clkbuf_leaf_308_core_clk
 4.163562e-07 2.465733e-07 7.179708e-12 6.629367e-07 clkbuf_leaf_296_core_clk
 4.152398e-07 2.456757e-07 7.179708e-12 6.609226e-07 clkbuf_leaf_124_core_clk
 4.155973e-07 2.378421e-07 7.179708e-12 6.534465e-07 clkbuf_leaf_292_core_clk
 7.027383e-08 5.822754e-07 1.109608e-11 6.525603e-07 wire382
 4.158242e-07 2.363797e-07 7.179708e-12 6.522111e-07 clkbuf_leaf_112_core_clk
 4.160492e-07 2.359875e-07 7.179708e-12 6.520439e-07 clkbuf_leaf_306_core_clk
 4.161801e-07 2.352683e-07 7.179708e-12 6.514556e-07 clkbuf_leaf_40_core_clk
 4.156050e-07 2.356020e-07 7.179708e-12 6.512141e-07 clkbuf_leaf_293_core_clk
 4.156560e-07 2.349141e-07 7.179708e-12 6.505772e-07 clkbuf_leaf_38_core_clk
 5.560006e-08 5.946010e-07 1.103604e-11 6.502121e-07 fanout681
 4.155620e-07 2.334166e-07 7.179708e-12 6.489857e-07 clkbuf_leaf_52_core_clk
 4.158184e-07 2.310088e-07 7.179708e-12 6.468344e-07 clkbuf_leaf_43_core_clk
 4.152433e-07 2.312931e-07 7.179708e-12 6.465436e-07 clkbuf_leaf_214_core_clk
 7.141817e-08 5.701168e-07 1.228003e-11 6.415472e-07 fanout727
 4.152061e-07 2.239873e-07 7.179708e-12 6.392006e-07 clkbuf_leaf_41_core_clk
 4.151713e-07 2.234497e-07 7.179708e-12 6.386281e-07 clkbuf_leaf_111_core_clk
 4.146471e-07 2.228948e-07 7.179708e-12 6.375491e-07 clkbuf_leaf_39_core_clk
 4.147049e-07 2.204998e-07 7.179708e-12 6.352119e-07 clkbuf_leaf_304_core_clk
 7.426480e-08 5.607848e-07 4.508836e-12 6.350541e-07 fanout1491
 9.120925e-08 5.414670e-07 1.111186e-11 6.326874e-07 fanout380
 7.444574e-08 5.571254e-07 4.696933e-12 6.315759e-07 fanout1598
 4.142063e-07 2.147146e-07 7.179708e-12 6.289281e-07 clkbuf_leaf_302_core_clk
 4.136439e-07 2.145239e-07 7.179708e-12 6.281749e-07 clkbuf_leaf_300_core_clk
 4.137930e-07 2.121160e-07 7.179708e-12 6.259162e-07 clkbuf_leaf_48_core_clk
 4.136027e-07 2.102176e-07 7.179708e-12 6.238275e-07 clkbuf_leaf_107_core_clk
 8.487034e-08 5.380345e-07 4.530316e-12 6.229094e-07 fanout581
 4.127948e-07 2.006204e-07 7.179708e-12 6.134224e-07 clkbuf_leaf_113_core_clk
 7.415593e-08 5.361420e-07 4.507935e-12 6.103024e-07 fanout1492
 7.445419e-08 5.350877e-07 4.696032e-12 6.095466e-07 fanout1619
 4.123025e-07 1.969861e-07 7.179708e-12 6.092957e-07 clkbuf_leaf_213_core_clk
 4.122699e-07 1.942519e-07 7.179708e-12 6.065289e-07 clkbuf_leaf_51_core_clk
 4.121599e-07 1.906531e-07 7.179708e-12 6.028203e-07 clkbuf_leaf_303_core_clk
 4.114632e-07 1.847631e-07 7.179708e-12 5.962336e-07 clkbuf_leaf_47_core_clk
 4.101269e-07 1.832682e-07 7.179708e-12 5.934023e-07 clkbuf_leaf_120_core_clk
 4.099637e-07 1.816766e-07 7.179708e-12 5.916474e-07 clkbuf_leaf_207_core_clk
 4.110969e-07 1.804760e-07 7.179708e-12 5.915800e-07 clkbuf_leaf_46_core_clk
 4.107060e-07 1.797349e-07 7.179708e-12 5.904481e-07 clkbuf_leaf_301_core_clk
 4.107933e-07 1.794841e-07 7.179708e-12 5.902846e-07 clkbuf_leaf_210_core_clk
 7.038571e-08 5.173893e-07 1.189464e-11 5.877868e-07 fanout1092
 8.562935e-08 5.002354e-07 4.530194e-12 5.858693e-07 fanout631
 4.098190e-07 1.678754e-07 7.179708e-12 5.777016e-07 clkbuf_leaf_219_core_clk
 4.097649e-07 1.664424e-07 7.179708e-12 5.762145e-07 clkbuf_leaf_241_core_clk
 7.420714e-08 5.014326e-07 4.481230e-12 5.756442e-07 fanout346
 4.087093e-07 1.662206e-07 7.179708e-12 5.749370e-07 clkbuf_leaf_117_core_clk
 1.267943e-07 4.468819e-07 1.263593e-11 5.736889e-07 max_cap440
 5.357026e-08 5.168887e-07 1.092079e-11 5.704699e-07 fanout431
 7.521365e-08 4.907901e-07 4.696032e-12 5.660085e-07 fanout1630
 4.081212e-07 1.475918e-07 7.179708e-12 5.557202e-07 clkbuf_leaf_212_core_clk
 7.902470e-08 4.764704e-07 1.160119e-11 5.555067e-07 fanout1961
 8.524118e-08 4.608188e-07 4.530194e-12 5.460645e-07 fanout622
 7.441177e-08 4.679934e-07 4.507935e-12 5.424097e-07 fanout1489
 7.456772e-08 4.636214e-07 4.696933e-12 5.381939e-07 fanout1635
 7.456146e-08 4.596892e-07 4.481301e-12 5.342551e-07 fanout350
 7.477197e-08 4.586983e-07 4.696933e-12 5.334750e-07 fanout1088
 8.535226e-08 4.456443e-07 4.530316e-12 5.310011e-07 fanout593
 6.432184e-08 4.608378e-07 1.318339e-11 5.251728e-07 fanout1350
 7.437787e-08 4.489634e-07 4.672273e-12 5.233459e-07 fanout487
 7.497878e-08 4.480391e-07 4.508836e-12 5.230223e-07 fanout1484
 7.467681e-08 4.462934e-07 4.507935e-12 5.209747e-07 fanout1490
 7.511387e-08 4.458302e-07 4.696032e-12 5.209488e-07 fanout1626
 8.530363e-08 4.350255e-07 4.530194e-12 5.203337e-07 fanout634
 7.440808e-08 4.452512e-07 4.481301e-12 5.196637e-07 fanout336
 1.007730e-07 4.160027e-07 1.250751e-11 5.167881e-07 max_cap720
 8.530562e-08 4.309751e-07 4.530316e-12 5.162852e-07 fanout583
 7.141757e-08 4.416523e-07 1.193212e-11 5.130818e-07 fanout989
 8.569707e-08 4.245004e-07 4.530194e-12 5.102020e-07 fanout615
 7.480772e-08 4.335359e-07 4.505655e-12 5.083481e-07 fanout1588
 7.480837e-08 4.319189e-07 4.505655e-12 5.067318e-07 fanout1582
 7.505786e-08 4.288399e-07 4.696933e-12 5.039025e-07 fanout1633
 7.529191e-08 4.271045e-07 4.696032e-12 5.024012e-07 fanout1608
 7.492329e-08 4.238390e-07 4.696032e-12 4.987670e-07 fanout1622
 7.485512e-08 4.207005e-07 4.696032e-12 4.955604e-07 fanout1976
 5.952580e-08 4.347226e-07 7.249321e-12 4.942557e-07 max_cap409
 7.308407e-08 4.181296e-07 1.336947e-11 4.912271e-07 fanout419
 7.502968e-08 4.160242e-07 4.696933e-12 4.910586e-07 fanout1079
 8.669004e-08 4.041895e-07 4.530194e-12 4.908841e-07 fanout617
 7.502120e-08 4.145717e-07 4.508836e-12 4.895974e-07 fanout1479
 8.583494e-08 4.016651e-07 4.530316e-12 4.875046e-07 fanout579
 8.627560e-08 3.996732e-07 4.530193e-12 4.859534e-07 fanout578
 8.651992e-08 3.920008e-07 4.530193e-12 4.785253e-07 fanout603
 8.583972e-08 3.905950e-07 4.530194e-12 4.764392e-07 fanout619
 8.607264e-08 3.903574e-07 4.530194e-12 4.764346e-07 fanout591
 7.505843e-08 4.003003e-07 4.696933e-12 4.753634e-07 fanout1601
 8.505690e-08 3.881113e-07 4.530316e-12 4.731728e-07 fanout609
 7.506927e-08 3.959524e-07 4.696032e-12 4.710263e-07 fanout1628
 7.209265e-08 3.958507e-07 1.332839e-11 4.679567e-07 fanout689
 7.480666e-08 3.921025e-07 4.481230e-12 4.669137e-07 fanout333
 8.563384e-08 3.805041e-07 4.530316e-12 4.661425e-07 fanout585
 7.512190e-08 3.892951e-07 4.507935e-12 4.644215e-07 fanout1481
 8.582678e-08 3.780646e-07 4.530317e-12 4.638959e-07 fanout630
 8.620859e-08 3.772668e-07 4.530194e-12 4.634799e-07 fanout582
 7.507187e-08 3.882097e-07 4.696032e-12 4.632863e-07 fanout1621
 8.576608e-08 3.763111e-07 4.529415e-12 4.620817e-07 fanout76
 8.567873e-08 3.730046e-07 4.530194e-12 4.586879e-07 fanout605
 7.516373e-08 3.832241e-07 4.696933e-12 4.583926e-07 fanout1086
 7.484121e-08 3.830918e-07 4.481230e-12 4.579375e-07 fanout340
 8.558655e-08 3.699105e-07 4.530193e-12 4.555016e-07 fanout98
 7.466432e-08 3.804229e-07 4.481230e-12 4.550917e-07 fanout348
 6.982274e-08 3.851445e-07 1.310379e-11 4.549803e-07 fanout970
 6.852141e-08 3.848008e-07 1.334095e-11 4.533355e-07 wire281
 5.159776e-08 4.014916e-07 1.098881e-11 4.531004e-07 fanout328
 7.546968e-08 3.767623e-07 4.671371e-12 4.522366e-07 fanout484
 7.552268e-08 3.727721e-07 4.671371e-12 4.482994e-07 fanout516
 7.527155e-08 3.725118e-07 4.671371e-12 4.477880e-07 fanout467
 4.522233e-08 4.017363e-07 1.094718e-11 4.469696e-07 wire739
 7.587535e-08 3.708552e-07 4.672273e-12 4.467352e-07 fanout493
 8.636462e-08 3.588956e-07 4.529292e-12 4.452647e-07 fanout81
 7.508440e-08 3.658671e-07 4.696032e-12 4.409562e-07 fanout1617
 8.652438e-08 3.504729e-07 4.530193e-12 4.370018e-07 fanout188
 7.532665e-08 3.574504e-07 4.508836e-12 4.327816e-07 fanout1485
 7.509940e-08 3.569186e-07 4.505655e-12 4.320225e-07 fanout1583
 7.598336e-08 3.541805e-07 4.672273e-12 4.301686e-07 fanout554
 5.841190e-08 3.694834e-07 6.979195e-12 4.279023e-07 max_cap324
 8.614609e-08 3.414680e-07 4.530194e-12 4.276186e-07 fanout625
 7.595251e-08 3.513929e-07 4.508836e-12 4.273499e-07 fanout1496
 7.497527e-08 3.518158e-07 4.696933e-12 4.267958e-07 fanout1631
 7.568661e-08 3.508970e-07 4.696933e-12 4.265883e-07 fanout1620
 7.522939e-08 3.483702e-07 4.696032e-12 4.236043e-07 fanout1083
 8.636595e-08 3.371125e-07 4.530194e-12 4.234830e-07 fanout632
 4.941154e-08 3.725004e-07 7.284029e-12 4.219192e-07 max_cap315
 7.560728e-08 3.458236e-07 4.671371e-12 4.214355e-07 fanout483
 7.560730e-08 3.441133e-07 4.696933e-12 4.197253e-07 fanout1973
 7.528563e-08 3.444066e-07 4.672273e-12 4.196969e-07 fanout505
 7.489542e-08 3.432252e-07 4.507935e-12 4.181252e-07 fanout1498
 8.579390e-08 3.312354e-07 4.530194e-12 4.170339e-07 fanout600
 7.533882e-08 3.399985e-07 4.672273e-12 4.153420e-07 fanout494
 7.600955e-08 3.375618e-07 4.671371e-12 4.135760e-07 fanout504
 8.609600e-08 3.257521e-07 4.530193e-12 4.118527e-07 fanout88
 7.530876e-08 3.360656e-07 4.671371e-12 4.113790e-07 fanout556
 8.624767e-08 3.250977e-07 4.530316e-12 4.113499e-07 fanout182
 7.529407e-08 3.358331e-07 4.672273e-12 4.111318e-07 fanout524
 8.582143e-08 3.250073e-07 4.530194e-12 4.108333e-07 fanout594
 7.588737e-08 3.324302e-07 4.696032e-12 4.083223e-07 fanout1610
 7.537166e-08 3.324767e-07 4.671371e-12 4.078530e-07 fanout575
 7.571291e-08 3.312913e-07 4.672273e-12 4.070089e-07 fanout497
 8.589502e-08 3.207254e-07 4.530193e-12 4.066249e-07 fanout70
 7.532859e-08 3.311022e-07 4.671371e-12 4.064354e-07 fanout560
 5.990428e-08 3.448713e-07 1.107613e-11 4.047866e-07 fanout721
 7.591959e-08 3.281020e-07 4.696032e-12 4.040263e-07 fanout1615
 7.523983e-08 3.283562e-07 4.671371e-12 4.036006e-07 fanout510
 5.821976e-08 3.445587e-07 1.248298e-11 4.027909e-07 fanout1198
 8.787961e-08 3.138462e-07 1.319920e-11 4.017390e-07 max_cap1043
 3.994095e-07 0.000000e+00 7.176568e-12 3.994166e-07 clkload232
 3.993302e-07 0.000000e+00 7.176568e-12 3.993374e-07 clkload191
 3.992521e-07 0.000000e+00 7.176568e-12 3.992593e-07 clkload91
 3.992503e-07 0.000000e+00 7.176568e-12 3.992575e-07 clkload234
 3.992369e-07 0.000000e+00 7.176568e-12 3.992441e-07 clkload233
 3.990317e-07 0.000000e+00 7.176568e-12 3.990389e-07 clkload141
 3.989955e-07 0.000000e+00 7.176568e-12 3.990027e-07 clkload90
 3.989688e-07 0.000000e+00 7.176568e-12 3.989760e-07 clkload190
 3.989327e-07 0.000000e+00 7.176568e-12 3.989398e-07 clkload92
 3.988918e-07 0.000000e+00 7.176568e-12 3.988990e-07 clkload139
 3.987597e-07 0.000000e+00 7.176568e-12 3.987669e-07 clkload93
 3.987583e-07 0.000000e+00 7.176568e-12 3.987655e-07 clkload138
 3.987101e-07 0.000000e+00 7.176568e-12 3.987173e-07 clkload187
 3.986421e-07 0.000000e+00 7.176568e-12 3.986493e-07 clkload94
 3.986129e-07 0.000000e+00 7.176568e-12 3.986200e-07 clkload188
 3.985547e-07 0.000000e+00 7.176568e-12 3.985619e-07 clkload185
 3.984523e-07 0.000000e+00 7.176568e-12 3.984595e-07 clkload143
 3.984253e-07 0.000000e+00 7.176568e-12 3.984325e-07 clkload114
 3.984209e-07 0.000000e+00 7.176568e-12 3.984281e-07 clkload140
 3.984172e-07 0.000000e+00 7.176568e-12 3.984244e-07 clkload97
 3.983224e-07 0.000000e+00 7.176568e-12 3.983296e-07 clkload236
 3.981315e-07 0.000000e+00 7.176568e-12 3.981387e-07 clkload135
 3.980993e-07 0.000000e+00 7.176568e-12 3.981065e-07 clkload235
 3.980590e-07 0.000000e+00 7.176568e-12 3.980662e-07 clkload88
 3.979397e-07 0.000000e+00 7.176568e-12 3.979468e-07 clkload87
 3.977640e-07 0.000000e+00 7.176568e-12 3.977712e-07 clkload58
 3.976346e-07 0.000000e+00 7.176568e-12 3.976418e-07 clkload118
 3.975821e-07 0.000000e+00 7.176568e-12 3.975892e-07 clkload59
 3.975659e-07 0.000000e+00 7.176568e-12 3.975731e-07 clkload136
 3.974882e-07 0.000000e+00 7.176568e-12 3.974954e-07 clkload215
 3.974423e-07 0.000000e+00 7.176568e-12 3.974495e-07 clkload81
 3.974054e-07 0.000000e+00 7.176568e-12 3.974126e-07 clkload83
 3.973684e-07 0.000000e+00 7.176568e-12 3.973755e-07 clkload33
 3.973597e-07 0.000000e+00 7.176568e-12 3.973668e-07 clkload253
 3.972538e-07 0.000000e+00 7.176568e-12 3.972610e-07 clkload80
 3.972455e-07 0.000000e+00 7.176568e-12 3.972527e-07 clkload183
 3.971072e-07 0.000000e+00 7.176568e-12 3.971144e-07 clkload198
 3.970858e-07 0.000000e+00 7.176568e-12 3.970930e-07 clkload256
 3.970696e-07 0.000000e+00 7.176568e-12 3.970768e-07 clkload259
 3.969417e-07 0.000000e+00 7.176568e-12 3.969489e-07 clkload226
 3.969023e-07 0.000000e+00 7.176568e-12 3.969095e-07 clkload47
 3.968822e-07 0.000000e+00 7.176568e-12 3.968894e-07 clkload221
 3.968646e-07 0.000000e+00 7.176568e-12 3.968718e-07 clkload56
 3.967140e-07 0.000000e+00 7.176568e-12 3.967212e-07 clkload109
 3.966471e-07 0.000000e+00 7.176568e-12 3.966543e-07 clkload51
 3.965734e-07 0.000000e+00 7.176568e-12 3.965806e-07 clkload154
 3.964851e-07 0.000000e+00 7.176568e-12 3.964923e-07 clkload101
 3.964348e-07 0.000000e+00 7.176568e-12 3.964420e-07 clkload148
 3.963801e-07 0.000000e+00 7.176568e-12 3.963873e-07 clkload155
 3.963793e-07 0.000000e+00 7.176568e-12 3.963865e-07 clkload159
 3.943503e-07 0.000000e+00 7.179708e-12 3.943575e-07 clkload19
 7.546865e-08 3.188746e-07 4.671371e-12 3.943479e-07 fanout477
 7.549279e-08 3.153059e-07 4.672273e-12 3.908034e-07 fanout543
 7.589503e-08 3.148095e-07 4.672273e-12 3.907091e-07 fanout530
 7.539535e-08 3.148207e-07 4.671371e-12 3.902207e-07 fanout557
 7.568916e-08 3.136816e-07 4.672273e-12 3.893754e-07 fanout551
 7.545766e-08 3.116142e-07 4.696933e-12 3.870765e-07 fanout1599
 7.539268e-08 3.112941e-07 4.672273e-12 3.866914e-07 fanout527
 7.561284e-08 3.060867e-07 4.672273e-12 3.817042e-07 fanout465
 7.561206e-08 3.043268e-07 4.671371e-12 3.799435e-07 fanout545
 7.597865e-08 3.022215e-07 4.672273e-12 3.782048e-07 fanout562
 7.599829e-08 2.976121e-07 4.672273e-12 3.736151e-07 fanout565
 7.577095e-08 2.970939e-07 4.671371e-12 3.728695e-07 fanout502
 8.244353e-08 2.902721e-07 1.220539e-11 3.727278e-07 fanout1467
 7.550133e-08 2.971355e-07 4.696032e-12 3.726416e-07 fanout1636
 5.191256e-08 3.202726e-07 1.082591e-11 3.721960e-07 fanout321
 7.542881e-08 2.966214e-07 4.671371e-12 3.720549e-07 fanout468
 6.534632e-08 3.065435e-07 1.321568e-11 3.719030e-07 fanout429
 7.543117e-08 2.962012e-07 4.671371e-12 3.716370e-07 fanout470
 7.594393e-08 2.897475e-07 4.672273e-12 3.656961e-07 fanout495
 7.632683e-08 2.866389e-07 4.672273e-12 3.629704e-07 fanout573
 4.742218e-08 3.103668e-07 7.033528e-12 3.577960e-07 max_cap403
 5.030077e-08 2.851533e-07 1.364611e-11 3.354677e-07 max_cap1178
 2.788397e-08 3.054325e-07 6.968578e-12 3.333235e-07 max_cap660
 8.041455e-08 2.527543e-07 1.341766e-11 3.331822e-07 max_cap1049
 4.446970e-08 2.856696e-07 1.386459e-11 3.301531e-07 wire1055
 6.854999e-08 2.615711e-07 1.144629e-11 3.301325e-07 fanout1952
 4.598173e-08 2.834320e-07 1.092126e-11 3.294246e-07 fanout716
 6.790965e-08 2.582349e-07 1.144768e-11 3.261560e-07 fanout1949
 3.678432e-08 2.878532e-07 1.072647e-11 3.246482e-07 fanout707
 4.216188e-08 2.729832e-07 3.983045e-12 3.151490e-07 fanout1592
 4.527905e-08 2.670054e-07 7.300214e-12 3.122917e-07 fanout389
 6.930677e-08 2.425748e-07 1.302809e-11 3.118946e-07 fanout1505
 4.229503e-08 2.681180e-07 4.280348e-12 3.104174e-07 fanout553
 3.556524e-08 2.745240e-07 7.006142e-12 3.100962e-07 fanout1042
 4.811994e-08 2.590413e-07 4.027289e-12 3.071653e-07 fanout589
 6.038720e-08 2.447885e-07 1.124713e-11 3.051870e-07 max_cap1447
 3.314709e-08 2.719200e-07 1.078053e-11 3.050778e-07 fanout971
 4.213813e-08 2.609311e-07 3.939352e-12 3.030732e-07 fanout334
 7.127315e-08 2.314184e-07 1.173405e-11 3.027033e-07 fanout1969
 3.159910e-08 2.696045e-07 7.070686e-12 3.012107e-07 fanout1946
 3.763031e-08 2.619219e-07 7.287277e-12 2.995595e-07 max_cap724
 2.953244e-07 0.000000e+00 1.135376e-11 2.953358e-07 clkload42
 2.952666e-07 0.000000e+00 1.135376e-11 2.952779e-07 clkload43
 2.951167e-07 0.000000e+00 1.135376e-11 2.951280e-07 clkload44
 6.924973e-08 2.248658e-07 1.302809e-11 2.941286e-07 fanout1506
 3.222054e-08 2.616423e-07 7.200815e-12 2.938700e-07 fanout1867
 4.233202e-08 2.509211e-07 4.280348e-12 2.932574e-07 fanout548
 4.233263e-08 2.472836e-07 4.280348e-12 2.896205e-07 fanout481
 4.138687e-08 2.457065e-07 6.992322e-12 2.871003e-07 fanout413
 3.966412e-08 2.464122e-07 1.088425e-11 2.860872e-07 fanout969
 4.231603e-08 2.403218e-07 4.281965e-12 2.826421e-07 fanout546
 4.256526e-08 2.386241e-07 4.280348e-12 2.811936e-07 fanout466
 6.020030e-08 2.154046e-07 1.339699e-11 2.756183e-07 max_cap1445
 3.882121e-08 2.356858e-07 1.270045e-11 2.745197e-07 fanout1847
 5.691123e-08 2.159773e-07 1.111763e-11 2.728996e-07 fanout1441
 4.266792e-08 2.286501e-07 4.326207e-12 2.713223e-07 fanout1627
 3.518678e-08 2.356244e-07 6.961737e-12 2.708181e-07 max_cap397
 4.240815e-08 2.267892e-07 4.280348e-12 2.692016e-07 fanout534
 4.241458e-08 2.246582e-07 4.280348e-12 2.670770e-07 fanout537
 4.565992e-08 2.198734e-07 1.194730e-11 2.655453e-07 fanout750
 2.842007e-08 2.353720e-07 7.401449e-12 2.637995e-07 fanout1440
 4.851135e-08 2.148325e-07 4.027069e-12 2.633479e-07 fanout592
 4.249904e-08 2.203859e-07 4.280348e-12 2.628893e-07 fanout517
 4.827702e-08 2.140662e-07 4.027069e-12 2.623472e-07 fanout599
 4.241102e-08 2.195919e-07 4.280348e-12 2.620072e-07 fanout462
 4.234820e-08 2.192952e-07 4.281965e-12 2.616476e-07 fanout498
 3.294877e-08 2.264220e-07 6.950712e-12 2.593778e-07 fanout1134
 4.252536e-08 2.116010e-07 3.981415e-12 2.541303e-07 max_cap194
 3.431872e-08 2.193137e-07 6.981558e-12 2.536394e-07 max_cap374
 3.812912e-08 2.154949e-07 7.304350e-12 2.536313e-07 max_cap729
 4.246830e-08 2.108767e-07 3.988753e-12 2.533490e-07 fanout1500
 3.867626e-08 2.145949e-07 7.208357e-12 2.532784e-07 max_cap672
 3.759965e-08 2.153823e-07 7.112406e-12 2.529890e-07 fanout393
 4.267676e-08 2.095894e-07 4.324590e-12 2.522705e-07 fanout1616
 2.326258e-08 2.288657e-07 1.068459e-11 2.521390e-07 fanout647
 4.262458e-08 2.077100e-07 4.281965e-12 2.503389e-07 fanout563
 2.676821e-08 2.205832e-07 4.753868e-12 2.473562e-07 fanout314
 4.245232e-08 2.041718e-07 4.280348e-12 2.466284e-07 fanout473
 4.830306e-08 1.982283e-07 4.027289e-12 2.465354e-07 fanout604
 4.241368e-08 2.024871e-07 4.326207e-12 2.449051e-07 fanout1604
 6.866554e-08 1.744669e-07 1.144768e-11 2.431439e-07 fanout1951
 3.351782e-08 2.086769e-07 6.947090e-12 2.422016e-07 fanout664
 4.897443e-08 1.925913e-07 1.101868e-11 2.415768e-07 max_cap1194
 4.260152e-08 1.979901e-07 3.988753e-12 2.405956e-07 fanout1494
 2.512895e-08 2.103600e-07 6.953414e-12 2.354959e-07 max_cap685
 4.245172e-08 1.922605e-07 3.988753e-12 2.347162e-07 fanout1486
 4.243006e-08 1.917985e-07 3.939225e-12 2.342325e-07 fanout332
 3.440724e-08 1.987147e-07 6.950691e-12 2.331289e-07 max_cap436
 2.925354e-08 2.023016e-07 7.000906e-12 2.315622e-07 fanout1448
 4.307364e-08 1.882949e-07 4.280348e-12 2.313729e-07 fanout512
 4.836867e-08 1.828346e-07 4.027069e-12 2.312073e-07 fanout614
 4.832933e-08 1.815550e-07 4.027069e-12 2.298884e-07 fanout618
 3.457993e-08 1.934315e-07 6.971780e-12 2.280185e-07 max_cap736
 4.559721e-08 1.761952e-07 1.095014e-11 2.218033e-07 fanout1435
 3.145136e-08 1.897001e-07 7.341149e-12 2.211588e-07 fanout1344
 5.423749e-08 1.660244e-07 1.107630e-11 2.202729e-07 max_cap1399
 4.836992e-08 1.716861e-07 4.027289e-12 2.200601e-07 fanout610
 2.796611e-08 1.917184e-07 1.075279e-11 2.196952e-07 fanout1152
 3.227385e-08 1.821221e-07 1.072376e-11 2.144067e-07 max_cap1184
 4.829856e-08 1.653295e-07 4.027069e-12 2.136320e-07 fanout595
 4.249335e-08 1.709286e-07 4.281965e-12 2.134262e-07 fanout525
 3.815363e-08 1.738080e-07 7.062998e-12 2.119687e-07 fanout1959
 3.199391e-08 1.762434e-07 7.178765e-12 2.082445e-07 fanout1557
 3.231500e-08 1.748834e-07 7.356621e-12 2.072058e-07 fanout983
 2.637644e-08 1.801878e-07 7.012737e-12 2.065712e-07 fanout1338
 2.059911e-07 0.000000e+00 4.612081e-12 2.059957e-07 clkload193
 2.059214e-07 0.000000e+00 4.612081e-12 2.059260e-07 clkload196
 2.059153e-07 0.000000e+00 4.612081e-12 2.059199e-07 clkload195
 2.058713e-07 0.000000e+00 4.612081e-12 2.058759e-07 clkload192
 2.058063e-07 0.000000e+00 4.612081e-12 2.058109e-07 clkload194
 2.057987e-07 0.000000e+00 4.612081e-12 2.058033e-07 clkload142
 2.055531e-07 0.000000e+00 4.612081e-12 2.055577e-07 clkload189
 2.054412e-07 0.000000e+00 4.612081e-12 2.054458e-07 clkload95
 2.053816e-07 0.000000e+00 4.612081e-12 2.053862e-07 clkload186
 2.052735e-07 0.000000e+00 4.612081e-12 2.052781e-07 clkload117
 2.052576e-07 0.000000e+00 4.612081e-12 2.052623e-07 clkload96
 2.051814e-07 0.000000e+00 4.612081e-12 2.051860e-07 clkload120
 2.051362e-07 0.000000e+00 4.612081e-12 2.051409e-07 clkload127
 2.051092e-07 0.000000e+00 4.612081e-12 2.051138e-07 clkload82
 2.050195e-07 0.000000e+00 4.612081e-12 2.050242e-07 clkload30
 2.050055e-07 0.000000e+00 4.612081e-12 2.050101e-07 clkload79
 2.049942e-07 0.000000e+00 4.612081e-12 2.049988e-07 clkload84
 2.049916e-07 0.000000e+00 4.612081e-12 2.049962e-07 clkload126
 2.049533e-07 0.000000e+00 4.612081e-12 2.049579e-07 clkload260
 2.049166e-07 0.000000e+00 4.612081e-12 2.049212e-07 clkload263
 2.049138e-07 0.000000e+00 4.612081e-12 2.049184e-07 clkload175
 2.048940e-07 0.000000e+00 4.612081e-12 2.048986e-07 clkload35
 2.048587e-07 0.000000e+00 4.612081e-12 2.048633e-07 clkload261
 2.048478e-07 0.000000e+00 4.612081e-12 2.048524e-07 clkload46
 2.048102e-07 0.000000e+00 4.612081e-12 2.048148e-07 clkload208
 4.444619e-08 1.601679e-07 1.367000e-11 2.046277e-07 max_cap1420
 4.247239e-08 1.620967e-07 4.281965e-12 2.045734e-07 fanout540
 3.493337e-08 1.690553e-07 7.006155e-12 2.039957e-07 fanout1041
 3.071056e-08 1.731091e-07 7.309112e-12 2.038269e-07 fanout1532
 2.467879e-08 1.781468e-07 6.953617e-12 2.028326e-07 max_cap696
 4.281881e-08 1.593194e-07 3.988753e-12 2.021422e-07 fanout1497
 4.839968e-08 1.532874e-07 4.027069e-12 2.016911e-07 fanout624
 3.231463e-08 1.692223e-07 7.356621e-12 2.015443e-07 fanout982
 4.260259e-08 1.578573e-07 4.280348e-12 2.004641e-07 fanout485
 3.769032e-08 1.622259e-07 1.064457e-11 1.999269e-07 fanout748
 3.373308e-08 1.656954e-07 7.036014e-12 1.994355e-07 fanout1955
 4.244232e-08 1.545740e-07 4.324590e-12 1.970206e-07 fanout1637
 1.986249e-08 1.764261e-07 7.256232e-12 1.962959e-07 fanout1852
 3.564073e-08 1.598983e-07 7.086354e-12 1.955461e-07 fanout1970
 3.184118e-08 1.626638e-07 7.178765e-12 1.945122e-07 fanout1567
 3.195597e-08 1.621049e-07 7.178765e-12 1.940680e-07 fanout1560
 4.271124e-08 1.508008e-07 4.281965e-12 1.935163e-07 fanout500
 4.264079e-08 1.494624e-07 4.280348e-12 1.921074e-07 fanout513
 3.034811e-08 1.592704e-07 7.070686e-12 1.896256e-07 fanout1905
 3.214022e-08 1.537141e-07 7.200814e-12 1.858615e-07 fanout1865
 4.267201e-08 1.424906e-07 4.281965e-12 1.851669e-07 fanout531
 3.020797e-08 1.548724e-07 6.925046e-12 1.850873e-07 fanout401
 2.461883e-08 1.591684e-07 1.070089e-11 1.837979e-07 fanout968
 3.134846e-08 1.523381e-07 7.323656e-12 1.836939e-07 fanout690
 3.187397e-08 1.430812e-07 7.200586e-12 1.749623e-07 fanout1857
 2.220907e-08 1.520744e-07 4.544578e-12 1.742880e-07 fanout718
 4.107509e-08 1.295839e-07 1.085678e-11 1.706698e-07 max_cap938
 3.438556e-08 1.361271e-07 7.371975e-12 1.705201e-07 max_cap749
 3.171183e-08 1.379288e-07 7.200586e-12 1.696479e-07 fanout1862
 3.186482e-08 1.368750e-07 7.200586e-12 1.687470e-07 fanout1855
 3.068665e-08 1.376924e-07 7.308892e-12 1.683863e-07 fanout1537
 3.664094e-08 1.296643e-07 1.084770e-11 1.663161e-07 fanout1191
 2.324117e-08 1.405479e-07 6.931424e-12 1.637960e-07 max_cap371
 3.160435e-08 1.312695e-07 7.200586e-12 1.628810e-07 fanout1861
 3.891250e-08 1.228839e-07 7.085882e-12 1.618035e-07 max_cap975
 3.056515e-08 1.293995e-07 7.308892e-12 1.599720e-07 fanout1530
 3.061273e-08 1.286883e-07 7.309112e-12 1.593083e-07 fanout1522
 1.590233e-07 0.000000e+00 6.786840e-12 1.590301e-07 clkload276
 1.582479e-07 0.000000e+00 6.786840e-12 1.582547e-07 clkload165
 1.580432e-07 0.000000e+00 6.786840e-12 1.580500e-07 clkload170
 2.238306e-08 1.354546e-07 4.558559e-12 1.578422e-07 fanout683
 1.574939e-07 0.000000e+00 6.811656e-12 1.575007e-07 clkload18
 1.574336e-07 0.000000e+00 6.786840e-12 1.574404e-07 clkload174
 1.572446e-07 0.000000e+00 6.811656e-12 1.572514e-07 clkload12
 3.061918e-08 1.261842e-07 7.308892e-12 1.568107e-07 fanout1516
 1.567742e-07 0.000000e+00 6.811656e-12 1.567810e-07 clkload7
 1.565159e-07 0.000000e+00 6.786840e-12 1.565227e-07 clkload69
 1.563697e-07 0.000000e+00 6.811656e-12 1.563765e-07 clkload27
 1.562816e-07 0.000000e+00 6.811656e-12 1.562884e-07 clkload25
 1.559275e-07 0.000000e+00 6.786840e-12 1.559342e-07 clkload66
 1.556759e-07 0.000000e+00 6.786840e-12 1.556827e-07 clkload68
 1.554016e-07 0.000000e+00 6.811656e-12 1.554084e-07 clkload9
 1.552085e-07 0.000000e+00 6.786840e-12 1.552153e-07 clkload41
 2.403314e-08 1.299204e-07 6.956378e-12 1.539605e-07 fanout700
 3.072190e-08 1.201475e-07 7.070686e-12 1.508764e-07 fanout1935
 3.085335e-08 1.177382e-07 7.308892e-12 1.485989e-07 fanout1521
 1.655433e-08 1.316686e-07 4.804045e-12 1.482277e-07 fanout1114
 3.040137e-08 1.158156e-07 7.309112e-12 1.462242e-07 fanout1544
 1.923237e-08 1.263055e-07 1.064267e-11 1.455486e-07 fanout424
 1.915881e-08 1.220802e-07 7.123488e-12 1.412462e-07 fanout1576
 3.088825e-08 1.097779e-07 7.070686e-12 1.406733e-07 fanout1888
 1.188848e-08 1.257335e-07 7.498325e-12 1.376294e-07 fanout178
 1.620519e-08 1.204252e-07 4.610213e-12 1.366350e-07 fanout1566
 2.344729e-08 1.113171e-07 1.068170e-11 1.347751e-07 fanout1051
 1.769767e-08 1.170468e-07 4.756932e-12 1.347493e-07 fanout1021
 3.076293e-08 1.015453e-07 7.308892e-12 1.323155e-07 fanout1509
 3.081781e-08 1.006364e-07 7.070686e-12 1.314613e-07 fanout1898
 1.981864e-08 1.109515e-07 7.373047e-12 1.307775e-07 fanout448
 3.055972e-08 9.978280e-08 7.070686e-12 1.303496e-07 fanout1914
 2.002528e-08 1.091113e-07 7.373097e-12 1.291439e-07 fanout446
 1.770109e-08 1.105369e-07 4.756921e-12 1.282427e-07 fanout996
 1.917232e-08 1.084030e-07 7.123488e-12 1.275825e-07 fanout1574
 1.538207e-08 1.121779e-07 4.499613e-12 1.275645e-07 fanout1549
 3.038049e-08 9.694196e-08 7.309112e-12 1.273298e-07 fanout1554
 3.062078e-08 9.669333e-08 7.070686e-12 1.273212e-07 fanout1900
 1.860509e-08 1.081877e-07 4.799562e-12 1.267976e-07 fanout384
 3.113579e-08 9.513416e-08 7.388723e-12 1.262773e-07 max_cap735
 1.669994e-08 1.080182e-07 4.804016e-12 1.247229e-07 fanout1138
 1.930094e-08 1.033231e-07 7.256232e-12 1.226313e-07 fanout1850
 1.615476e-08 1.064105e-07 4.450562e-12 1.225697e-07 fanout1337
 1.980767e-08 1.026254e-07 7.373047e-12 1.224404e-07 fanout451
 1.572195e-08 1.054159e-07 6.898448e-12 1.211447e-07 max_cap698
 1.902165e-08 1.017802e-07 4.666615e-12 1.208065e-07 fanout394
 1.668489e-08 1.035178e-07 4.804016e-12 1.202075e-07 fanout1116
 1.593004e-08 1.033704e-07 4.472198e-12 1.193049e-07 fanout1343
 1.544204e-08 1.037006e-07 4.499427e-12 1.191471e-07 fanout1524
 1.787665e-08 1.008610e-07 4.756932e-12 1.187424e-07 fanout997
 1.778466e-08 1.008313e-07 4.756932e-12 1.186207e-07 fanout1009
 1.787789e-08 1.005889e-07 4.756932e-12 1.184715e-07 fanout998
 1.786871e-08 9.999749e-08 4.756932e-12 1.178709e-07 fanout1035
 3.056178e-08 8.719845e-08 7.070686e-12 1.177673e-07 fanout1876
 1.172279e-07 0.000000e+00 4.169190e-12 1.172321e-07 clkload14
 1.171979e-07 0.000000e+00 4.169190e-12 1.172021e-07 clkload15
 1.996288e-08 9.719281e-08 6.932288e-12 1.171626e-07 fanout936
 1.674474e-08 9.976877e-08 4.804016e-12 1.165183e-07 fanout1135
 1.780976e-08 9.771390e-08 4.757032e-12 1.155284e-07 fanout1000
 1.947618e-08 9.567723e-08 7.123348e-12 1.151605e-07 fanout1575
 1.670174e-08 9.821989e-08 4.804016e-12 1.149264e-07 fanout1120
 1.542709e-08 9.927991e-08 4.702073e-12 1.147117e-07 fanout1934
 1.775533e-08 9.616895e-08 4.756921e-12 1.139290e-07 fanout1003
 1.544301e-08 9.815595e-08 4.499613e-12 1.136035e-07 fanout1546
 1.782242e-08 9.572258e-08 4.756932e-12 1.135497e-07 fanout993
 1.794169e-08 9.497482e-08 4.757032e-12 1.129213e-07 fanout994
 1.789557e-08 9.498481e-08 4.756932e-12 1.128851e-07 fanout1034
 1.670986e-08 9.605176e-08 4.804016e-12 1.127664e-07 fanout1143
 1.780890e-08 9.490488e-08 4.756932e-12 1.127185e-07 fanout1008
 1.671896e-08 9.575860e-08 4.804016e-12 1.124824e-07 fanout1137
 1.979481e-08 9.267680e-08 7.373047e-12 1.124790e-07 fanout447
 1.791059e-08 9.416853e-08 4.757032e-12 1.120839e-07 fanout1031
 1.779351e-08 9.367378e-08 4.757032e-12 1.114720e-07 fanout1019
 1.791373e-08 9.264194e-08 4.757032e-12 1.105604e-07 fanout1033
 1.779274e-08 9.261669e-08 4.757032e-12 1.104142e-07 fanout1020
 1.941332e-08 9.061454e-08 7.256231e-12 1.100351e-07 fanout1845
 1.940366e-08 9.054635e-08 7.256231e-12 1.099573e-07 fanout1846
 1.679862e-08 9.300674e-08 4.804016e-12 1.098102e-07 fanout1131
 1.617324e-08 9.356716e-08 4.610213e-12 1.097450e-07 fanout1561
 1.546653e-08 9.374819e-08 4.702073e-12 1.092194e-07 fanout1883
 1.792389e-08 9.051400e-08 4.757032e-12 1.084426e-07 fanout1007
 1.538601e-08 9.295895e-08 4.702073e-12 1.083497e-07 fanout1928
 1.669143e-08 9.078676e-08 4.804016e-12 1.074830e-07 fanout1133
 1.690644e-08 8.968695e-08 4.804016e-12 1.065982e-07 fanout1122
 1.606519e-08 8.920072e-08 6.916954e-12 1.052728e-07 fanout711
 1.612364e-08 8.881655e-08 4.591667e-12 1.049448e-07 fanout1866
 1.676498e-08 8.810272e-08 4.804016e-12 1.048725e-07 fanout1108
 1.801020e-08 8.673531e-08 4.756921e-12 1.047503e-07 fanout1037
 2.035887e-08 8.385640e-08 6.932142e-12 1.042222e-07 fanout935
 1.619357e-08 8.791157e-08 4.591667e-12 1.041097e-07 fanout1854
 1.549910e-08 8.853460e-08 4.702073e-12 1.040384e-07 fanout1873
 1.675657e-08 8.722520e-08 4.804016e-12 1.039866e-07 fanout1115
 1.785205e-08 8.589832e-08 4.757032e-12 1.037551e-07 fanout1039
 1.546904e-08 8.800396e-08 4.499427e-12 1.034775e-07 fanout1553
 1.516915e-08 8.705957e-08 6.918398e-12 1.022356e-07 max_cap976
 1.804644e-08 8.399645e-08 4.757032e-12 1.020476e-07 fanout1011
 1.608923e-08 8.588521e-08 7.428949e-12 1.019819e-07 fanout1095
 1.608971e-08 8.551918e-08 7.428949e-12 1.016163e-07 fanout1093
 1.786525e-08 8.301028e-08 4.757032e-12 1.008803e-07 fanout1038
 1.928376e-08 8.142982e-08 7.256232e-12 1.007208e-07 fanout1849
 1.683780e-08 8.378830e-08 4.804016e-12 1.006309e-07 fanout1132
 1.676196e-08 8.369905e-08 4.804016e-12 1.004658e-07 fanout1118
 1.784433e-08 8.083427e-08 4.756932e-12 9.868335e-08 fanout1024
 1.796102e-08 8.012809e-08 4.756921e-12 9.809386e-08 fanout999
 1.671788e-08 8.126138e-08 4.804016e-12 9.798406e-08 fanout1110
 1.550877e-08 8.226935e-08 4.499613e-12 9.778261e-08 fanout1547
 1.189968e-08 8.582326e-08 4.161936e-12 9.772710e-08 wire279
 1.799829e-08 7.931092e-08 4.756921e-12 9.731396e-08 fanout1013
 1.785533e-08 7.847442e-08 4.756932e-12 9.633450e-08 fanout1018
 1.552062e-08 8.044708e-08 4.702073e-12 9.597240e-08 fanout1880
 1.609798e-08 7.965114e-08 7.428949e-12 9.575656e-08 fanout1101
 1.693645e-08 7.832622e-08 4.804016e-12 9.526747e-08 fanout1112
 1.543692e-08 7.905694e-08 4.702073e-12 9.449856e-08 fanout1918
 1.556251e-08 7.879768e-08 4.499613e-12 9.436469e-08 fanout1536
 1.673147e-08 7.761787e-08 4.804016e-12 9.435414e-08 fanout1113
 1.568827e-08 7.854322e-08 4.499613e-12 9.423599e-08 fanout1510
 1.793521e-08 7.603802e-08 4.756921e-12 9.397798e-08 fanout1005
 1.551903e-08 7.812802e-08 4.702073e-12 9.365176e-08 fanout1896
 2.099806e-08 7.233358e-08 4.516135e-12 9.333616e-08 fanout1320
 1.570824e-08 7.737539e-08 4.702073e-12 9.308833e-08 fanout1921
 1.790996e-08 7.433456e-08 4.757032e-12 9.224927e-08 fanout1025
 2.194505e-08 6.903259e-08 4.534631e-12 9.098218e-08 fanout1239
 1.680317e-08 7.357377e-08 4.804016e-12 9.038175e-08 fanout1123
 1.798426e-08 7.189171e-08 4.756932e-12 8.988072e-08 fanout1036
 1.681063e-08 7.299723e-08 4.804016e-12 8.981267e-08 fanout1146
 1.552902e-08 7.405851e-08 4.702073e-12 8.959223e-08 fanout1931
 1.567211e-08 7.323326e-08 4.702073e-12 8.891007e-08 fanout1938
 1.556705e-08 7.331929e-08 4.702073e-12 8.889104e-08 fanout1927
 1.691038e-08 7.190236e-08 4.804016e-12 8.881755e-08 fanout1127
 2.101999e-08 6.756345e-08 4.526492e-12 8.858796e-08 fanout1295
 5.713284e-09 8.276263e-08 2.647959e-12 8.847856e-08 _22578_
 1.697526e-08 7.145763e-08 4.804134e-12 8.843769e-08 fanout1140
 1.571219e-08 7.263301e-08 4.702073e-12 8.834991e-08 fanout1887
 1.552645e-08 7.183627e-08 4.702073e-12 8.736743e-08 fanout1941
 1.558575e-08 7.175100e-08 4.702073e-12 8.734146e-08 fanout1909
 1.792660e-08 6.895506e-08 4.757035e-12 8.688642e-08 fanout1022
 1.060973e-08 7.610752e-08 6.899611e-12 8.672415e-08 max_cap958
 1.574518e-08 6.974906e-08 4.499613e-12 8.549873e-08 fanout1543
 8.457562e-08 0.000000e+00 4.026867e-12 8.457965e-08 clkload214
 8.426516e-08 0.000000e+00 4.026867e-12 8.426919e-08 clkload77
 1.556964e-08 6.853557e-08 4.702073e-12 8.410991e-08 fanout1875
 1.560563e-08 6.843913e-08 4.499613e-12 8.404925e-08 fanout1538
 8.395381e-08 0.000000e+00 4.026867e-12 8.395784e-08 clkload124
 8.371261e-08 0.000000e+00 4.026867e-12 8.371664e-08 clkload218
 1.559205e-08 6.784739e-08 4.702073e-12 8.344414e-08 fanout1915
 1.556154e-08 6.775907e-08 4.702073e-12 8.332532e-08 fanout1895
 8.305545e-08 0.000000e+00 4.026867e-12 8.305948e-08 clkload78
 8.304524e-08 0.000000e+00 4.026867e-12 8.304927e-08 clkload86
 8.296817e-08 0.000000e+00 4.026867e-12 8.297220e-08 clkload255
 8.296365e-08 0.000000e+00 4.026867e-12 8.296768e-08 clkload50
 8.293940e-08 0.000000e+00 4.026867e-12 8.294343e-08 clkload55
 8.292650e-08 0.000000e+00 4.026867e-12 8.293053e-08 clkload178
 8.289335e-08 0.000000e+00 4.026867e-12 8.289738e-08 clkload209
 2.061430e-08 6.223510e-08 4.498749e-12 8.285390e-08 fanout1266
 8.279704e-08 0.000000e+00 4.026867e-12 8.280107e-08 clkload210
 8.279172e-08 0.000000e+00 4.026867e-12 8.279575e-08 clkload182
 8.272336e-08 0.000000e+00 4.026867e-12 8.272739e-08 clkload49
 8.270634e-08 0.000000e+00 4.026867e-12 8.271036e-08 clkload184
 8.270358e-08 0.000000e+00 4.026867e-12 8.270761e-08 clkload99
 8.267263e-08 0.000000e+00 4.026867e-12 8.267666e-08 clkload286
 8.266765e-08 0.000000e+00 4.026867e-12 8.267168e-08 clkload265
 8.261485e-08 0.000000e+00 4.026867e-12 8.261888e-08 clkload222
 1.556804e-08 6.704268e-08 4.499613e-12 8.261522e-08 fanout1545
 8.259170e-08 0.000000e+00 4.026867e-12 8.259573e-08 clkload45
 8.257731e-08 0.000000e+00 4.026867e-12 8.258134e-08 clkload212
 8.255153e-08 0.000000e+00 4.026867e-12 8.255556e-08 clkload254
 8.251229e-08 0.000000e+00 4.026867e-12 8.251632e-08 clkload282
 8.242628e-08 0.000000e+00 4.026867e-12 8.243031e-08 clkload230
 8.238288e-08 0.000000e+00 4.026867e-12 8.238690e-08 clkload157
 8.236911e-08 0.000000e+00 4.026867e-12 8.237313e-08 clkload284
 8.229787e-08 0.000000e+00 4.026867e-12 8.230190e-08 clkload150
 2.098182e-08 6.131243e-08 4.498996e-12 8.229875e-08 fanout1318
 8.217913e-08 0.000000e+00 4.026867e-12 8.218316e-08 clkload246
 8.211480e-08 0.000000e+00 4.026867e-12 8.211883e-08 clkload248
 8.204150e-08 0.000000e+00 4.026867e-12 8.204552e-08 clkload161
 8.198639e-08 0.000000e+00 4.026867e-12 8.199041e-08 clkload144
 1.017111e-08 7.166154e-08 4.851763e-12 8.183750e-08 fanout913
 1.563328e-08 6.618635e-08 4.702073e-12 8.182433e-08 fanout1901
 1.569136e-08 6.601553e-08 4.702073e-12 8.171159e-08 fanout1919
 8.164847e-08 0.000000e+00 4.026867e-12 8.165249e-08 clkload269
 8.163158e-08 0.000000e+00 4.026867e-12 8.163560e-08 clkload268
 8.162375e-08 0.000000e+00 4.026867e-12 8.162778e-08 clkload164
 8.149450e-08 0.000000e+00 4.026867e-12 8.149853e-08 clkload277
 1.572399e-08 6.553933e-08 4.702073e-12 8.126802e-08 fanout1940
 1.575618e-08 6.527566e-08 4.499613e-12 8.103633e-08 fanout1520
 1.576876e-08 6.454258e-08 4.499613e-12 8.031584e-08 fanout1542
 1.549019e-08 6.460436e-08 4.702073e-12 8.009926e-08 fanout1922
 1.560750e-08 6.365526e-08 4.499427e-12 7.926725e-08 fanout1526
 1.018615e-08 6.903499e-08 4.851763e-12 7.922599e-08 fanout856
 1.576174e-08 6.304636e-08 4.702073e-12 7.881280e-08 fanout1894
 1.557412e-08 6.304113e-08 4.702073e-12 7.861996e-08 fanout1930
 1.003837e-08 6.728667e-08 4.445044e-12 7.732949e-08 fanout450
 1.563169e-08 6.144298e-08 4.702073e-12 7.707938e-08 fanout1870
 1.859500e-08 5.688270e-08 4.467062e-12 7.548217e-08 fanout1315
 1.022808e-08 6.513574e-08 4.851763e-12 7.536868e-08 fanout914
 1.221880e-08 6.242766e-08 6.904752e-12 7.465336e-08 fanout967
 1.022958e-08 6.359802e-08 4.350048e-12 7.383196e-08 fanout810
 1.551639e-08 5.810851e-08 4.433030e-12 7.362934e-08 fanout1280
 9.353161e-09 6.344887e-08 4.729682e-12 7.280676e-08 fanout1374
 1.024351e-08 6.224503e-08 4.819827e-12 7.249336e-08 fanout939
 1.566777e-08 5.564699e-08 4.702073e-12 7.131946e-08 fanout1925
 9.362491e-09 6.097129e-08 4.729682e-12 7.033852e-08 fanout1361
 1.049520e-08 5.932181e-08 6.899295e-12 6.982391e-08 fanout972
 1.025457e-08 5.784071e-08 4.350048e-12 6.809963e-08 fanout807
 8.491626e-09 5.954236e-08 4.831760e-12 6.803882e-08 fanout962
 1.026968e-08 5.775432e-08 4.350048e-12 6.802834e-08 fanout819
 1.560104e-08 5.177714e-08 4.702073e-12 6.738289e-08 fanout1943
 1.025553e-08 5.710334e-08 4.350048e-12 6.736322e-08 fanout824
 9.272510e-09 5.796816e-08 4.444743e-12 6.724512e-08 fanout991
 1.022506e-08 5.697922e-08 4.381983e-12 6.720867e-08 fanout1332
 1.005770e-08 5.689989e-08 4.433848e-12 6.696203e-08 fanout1010
 1.031073e-08 5.611026e-08 1.057606e-11 6.643156e-08 fanout965
 9.122143e-09 5.674020e-08 4.137007e-12 6.586647e-08 fanout1858
 1.030059e-08 5.552311e-08 4.851763e-12 6.582854e-08 fanout895
 1.278282e-08 5.274177e-08 4.854406e-12 6.552945e-08 fanout288
 9.284905e-09 5.607247e-08 4.729662e-12 6.536211e-08 fanout1355
 1.031192e-08 5.437775e-08 4.350048e-12 6.469402e-08 fanout802
 1.122296e-08 5.335384e-08 4.046531e-12 6.458084e-08 fanout1227
 9.341663e-09 5.447479e-08 4.729682e-12 6.382118e-08 fanout1385
 1.025884e-08 5.348142e-08 4.851763e-12 6.374512e-08 fanout845
 6.362720e-08 0.000000e+00 1.447161e-13 6.362735e-08 clkload62
 1.556995e-08 4.802199e-08 4.702073e-12 6.359664e-08 fanout1910
 1.168132e-08 5.185856e-08 4.078164e-12 6.354395e-08 fanout1238
 9.357825e-09 5.385345e-08 4.729682e-12 6.321601e-08 fanout1375
 9.284526e-09 5.368975e-08 4.729662e-12 6.297901e-08 fanout1384
 6.292380e-08 0.000000e+00 1.447161e-13 6.292394e-08 clkload119
 1.552954e-08 4.721888e-08 4.702073e-12 6.275313e-08 fanout1897
 6.231435e-08 0.000000e+00 1.447161e-13 6.231449e-08 clkload32
 6.213387e-08 0.000000e+00 1.447161e-13 6.213401e-08 clkload177
 6.189342e-08 0.000000e+00 1.447161e-13 6.189357e-08 clkload181
 6.183227e-08 0.000000e+00 1.447161e-13 6.183241e-08 clkload31
 1.035569e-08 5.144541e-08 4.350048e-12 6.180544e-08 fanout785
 1.010513e-08 5.160662e-08 4.434029e-12 6.171618e-08 fanout1032
 6.146217e-08 0.000000e+00 1.447161e-13 6.146232e-08 clkload199
 1.028042e-08 5.116851e-08 4.350048e-12 6.145328e-08 fanout798
 6.143992e-08 0.000000e+00 1.447161e-13 6.144006e-08 clkload290
 6.130524e-08 0.000000e+00 1.447161e-13 6.130539e-08 clkload213
 6.130362e-08 0.000000e+00 1.447161e-13 6.130377e-08 clkload294
 6.124926e-08 0.000000e+00 1.447161e-13 6.124940e-08 clkload205
 6.119966e-08 0.000000e+00 1.447161e-13 6.119980e-08 clkload264
 6.116967e-08 0.000000e+00 1.447161e-13 6.116981e-08 clkload103
 6.113113e-08 0.000000e+00 1.447161e-13 6.113127e-08 clkload283
 6.112597e-08 0.000000e+00 1.447161e-13 6.112612e-08 clkload53
 9.301417e-09 5.180265e-08 4.729662e-12 6.110880e-08 fanout1360
 1.028034e-08 5.072159e-08 4.350048e-12 6.100628e-08 fanout843
 6.095580e-08 0.000000e+00 1.447161e-13 6.095594e-08 clkload160
 6.094313e-08 0.000000e+00 1.447161e-13 6.094327e-08 clkload295
 6.088462e-08 0.000000e+00 1.447161e-13 6.088477e-08 clkload202
 6.083342e-08 0.000000e+00 1.447161e-13 6.083356e-08 clkload225
 1.180356e-08 4.901176e-08 3.991231e-12 6.081931e-08 fanout1322
 6.077208e-08 0.000000e+00 1.447161e-13 6.077222e-08 clkload224
 6.055043e-08 0.000000e+00 1.447161e-13 6.055058e-08 clkload54
 9.390032e-09 5.113301e-08 4.729682e-12 6.052778e-08 fanout1352
 6.044743e-08 0.000000e+00 1.447161e-13 6.044757e-08 clkload102
 6.033156e-08 0.000000e+00 1.447161e-13 6.033170e-08 clkload280
 6.023781e-08 0.000000e+00 1.447161e-13 6.023795e-08 clkload152
 6.019739e-08 0.000000e+00 1.447161e-13 6.019753e-08 clkload219
 6.008392e-08 0.000000e+00 1.447161e-13 6.008406e-08 clkload156
 1.179324e-08 4.828022e-08 4.318177e-12 6.007777e-08 fanout1204
 6.000608e-08 0.000000e+00 1.447161e-13 6.000622e-08 clkload287
 5.996999e-08 0.000000e+00 1.447161e-13 5.997013e-08 clkload153
 1.297185e-08 4.699252e-08 4.340255e-12 5.996872e-08 fanout296
 5.996223e-08 0.000000e+00 1.447161e-13 5.996237e-08 clkload249
 1.146241e-08 4.843774e-08 4.009810e-12 5.990415e-08 fanout1216
 1.133584e-08 4.794396e-08 3.942562e-12 5.928374e-08 fanout1274
 9.327182e-09 4.989470e-08 4.729682e-12 5.922661e-08 fanout1369
 1.030271e-08 4.886770e-08 4.851763e-12 5.917526e-08 fanout911
 1.035712e-08 4.875602e-08 4.349925e-12 5.911749e-08 fanout800
 5.892102e-08 0.000000e+00 1.447161e-13 5.892117e-08 clkload279
 1.055827e-08 4.807563e-08 3.996096e-12 5.863790e-08 fanout1208
 1.140811e-08 4.719521e-08 3.960703e-12 5.860729e-08 fanout1325
 1.012437e-08 4.838152e-08 4.433848e-12 5.851033e-08 fanout1029
 8.768605e-09 4.950775e-08 3.971871e-12 5.828033e-08 fanout1539
 9.401830e-09 4.867990e-08 4.729682e-12 5.808646e-08 fanout1390
 9.305412e-09 4.858130e-08 4.729662e-12 5.789144e-08 fanout1379
 1.034484e-08 4.749476e-08 4.350048e-12 5.784395e-08 fanout818
 1.140870e-08 4.630430e-08 3.960703e-12 5.771696e-08 fanout1324
 9.908855e-09 4.773521e-08 3.916238e-12 5.764798e-08 fanout1205
 8.251444e-09 4.928727e-08 4.397573e-12 5.754311e-08 fanout1096
 9.457614e-09 4.793485e-08 3.760911e-12 5.739623e-08 fanout275
 1.117412e-08 4.614077e-08 3.992114e-12 5.731888e-08 fanout1231
 1.030507e-08 4.697652e-08 4.851886e-12 5.728644e-08 fanout922
 8.755479e-09 4.838003e-08 4.335430e-12 5.713984e-08 fanout1926
 9.370412e-09 4.749972e-08 4.729570e-12 5.687486e-08 fanout1358
 1.032807e-08 4.653764e-08 4.851640e-12 5.687056e-08 fanout902
 9.443564e-09 4.716876e-08 4.518318e-12 5.661685e-08 fanout1111
 1.037518e-08 4.612011e-08 4.350048e-12 5.649964e-08 fanout791
 1.058032e-08 4.589410e-08 3.944111e-12 5.647836e-08 fanout1276
 1.035877e-08 4.591938e-08 4.350048e-12 5.628250e-08 fanout794
 1.063587e-08 4.555773e-08 4.010917e-12 5.619760e-08 fanout1261
 9.320952e-09 4.672599e-08 4.729662e-12 5.605167e-08 fanout1356
 5.599439e-08 0.000000e+00 1.452127e-13 5.599453e-08 clkload28
 1.028575e-08 4.569545e-08 4.851763e-12 5.598605e-08 fanout898
 5.598465e-08 0.000000e+00 1.452127e-13 5.598479e-08 clkload4
 9.366031e-09 4.660202e-08 4.729682e-12 5.597278e-08 fanout1388
 1.046831e-08 4.490098e-08 4.851763e-12 5.537414e-08 fanout854
 1.035003e-08 4.484210e-08 4.851763e-12 5.519698e-08 fanout924
 1.040575e-08 4.477772e-08 4.851763e-12 5.518833e-08 fanout910
 1.108749e-08 4.402409e-08 3.998088e-12 5.511558e-08 fanout1223
 1.042171e-08 4.466504e-08 4.819692e-12 5.509157e-08 fanout263
 1.049321e-08 4.440025e-08 4.349925e-12 5.489781e-08 fanout99
 9.348001e-09 4.535331e-08 4.729682e-12 5.470604e-08 fanout1393
 1.032087e-08 4.421076e-08 4.851886e-12 5.453648e-08 fanout850
 1.042377e-08 4.391520e-08 4.350048e-12 5.434332e-08 fanout781
 1.040011e-08 4.369078e-08 4.350048e-12 5.409524e-08 fanout837
 1.033006e-08 4.372995e-08 4.350048e-12 5.406437e-08 fanout759
 1.125712e-08 4.266784e-08 3.975966e-12 5.392893e-08 fanout1299
 1.040139e-08 4.343079e-08 4.350048e-12 5.383652e-08 fanout841
 1.036929e-08 4.345638e-08 4.350048e-12 5.383002e-08 fanout793
 1.031367e-08 4.337197e-08 4.851763e-12 5.369049e-08 fanout885
 1.148913e-08 4.211988e-08 4.859806e-12 5.361387e-08 fanout294
 9.492986e-09 4.408745e-08 3.760911e-12 5.358419e-08 fanout271
 1.031067e-08 4.319385e-08 3.914192e-12 5.350844e-08 fanout1314
 1.007880e-08 4.328099e-08 4.434029e-12 5.336422e-08 fanout1026
 1.100558e-08 4.224303e-08 4.048522e-12 5.325265e-08 fanout1286
 1.044570e-08 4.277103e-08 4.851763e-12 5.322158e-08 fanout71
 1.033117e-08 4.246378e-08 4.851886e-12 5.279981e-08 fanout875
 1.120002e-08 4.129672e-08 4.341896e-12 5.250108e-08 fanout293
 8.297221e-09 4.414704e-08 4.397573e-12 5.244866e-08 fanout1102
 9.356740e-09 4.303169e-08 4.729682e-12 5.239316e-08 fanout1362
 1.223865e-08 4.008957e-08 3.998752e-12 5.233222e-08 fanout1317
 1.039372e-08 4.193167e-08 4.350048e-12 5.232974e-08 fanout789
 9.357445e-09 4.244864e-08 4.729682e-12 5.181081e-08 fanout1368
 8.788937e-09 4.276727e-08 3.971871e-12 5.156018e-08 fanout1555
 1.112008e-08 4.041940e-08 4.002731e-12 5.154348e-08 fanout1259
 1.033362e-08 4.102833e-08 4.851763e-12 5.136681e-08 fanout889
 9.547291e-09 4.179945e-08 4.518531e-12 5.135126e-08 fanout1141
 9.393956e-09 4.179551e-08 4.729570e-12 5.119420e-08 fanout1357
 1.047501e-08 4.066813e-08 4.851763e-12 5.114799e-08 fanout846
 1.149276e-08 3.964319e-08 4.859806e-12 5.114081e-08 fanout295
 9.398613e-09 4.164621e-08 4.729682e-12 5.104956e-08 fanout1377
 9.478000e-09 4.138053e-08 3.761028e-12 5.086230e-08 fanout267
 9.635727e-09 4.102688e-08 3.981938e-12 5.066659e-08 fanout1247
 1.045056e-08 4.020684e-08 4.350048e-12 5.066174e-08 fanout814
 1.073452e-08 3.981541e-08 4.020428e-12 5.055396e-08 fanout1214
 1.036502e-08 4.016920e-08 4.851763e-12 5.053907e-08 fanout896
 8.203769e-09 4.214901e-08 3.691592e-12 5.035647e-08 fanout246
 9.165873e-09 4.114812e-08 3.912259e-12 5.031791e-08 fanout1271
 1.069318e-08 3.944622e-08 3.929511e-12 5.014333e-08 fanout1212
 1.128383e-08 3.872139e-08 3.966676e-12 5.000919e-08 fanout1305
 1.043484e-08 3.956820e-08 4.851763e-12 5.000790e-08 fanout870
 1.040794e-08 3.948021e-08 4.851763e-12 4.989300e-08 fanout883
 1.031247e-08 3.955374e-08 4.851763e-12 4.987105e-08 fanout855
 5.764107e-09 4.409707e-08 4.546686e-12 4.986573e-08 fanout946
 1.040516e-08 3.938667e-08 4.350048e-12 4.979618e-08 fanout787
 9.684682e-09 4.003857e-08 3.933273e-12 4.972718e-08 fanout1251
 1.033662e-08 3.931405e-08 4.851886e-12 4.965552e-08 fanout880
 1.034173e-08 3.930700e-08 4.851763e-12 4.965359e-08 fanout907
 1.182447e-08 3.780263e-08 4.036134e-12 4.963114e-08 fanout1265
 1.125822e-08 3.803055e-08 3.987025e-12 4.929275e-08 fanout1313
 1.039710e-08 3.879220e-08 4.851763e-12 4.919415e-08 fanout872
 1.034191e-08 3.875329e-08 4.851763e-12 4.910005e-08 fanout858
 1.118906e-08 3.788748e-08 4.015340e-12 4.908056e-08 fanout1311
 8.821329e-09 4.008787e-08 4.335430e-12 4.891353e-08 fanout1913
 1.044772e-08 3.834248e-08 4.000298e-12 4.879420e-08 fanout1329
 9.392950e-09 3.923321e-08 4.729682e-12 4.863089e-08 fanout1381
 1.043461e-08 3.792579e-08 4.851763e-12 4.836525e-08 fanout868
 1.099775e-08 3.715369e-08 4.048522e-12 4.815549e-08 fanout1287
 9.464754e-09 3.868583e-08 4.729662e-12 4.815531e-08 fanout1367
 1.074015e-08 3.733424e-08 4.349808e-12 4.807874e-08 fanout1283
 1.037420e-08 3.730895e-08 4.851763e-12 4.768800e-08 fanout926
 1.034791e-08 3.727518e-08 4.350048e-12 4.762743e-08 fanout825
 9.496685e-09 3.800406e-08 4.518318e-12 4.750527e-08 fanout1136
 1.079384e-08 3.627296e-08 4.015561e-12 4.707082e-08 fanout1220
 1.127019e-08 3.572893e-08 3.678261e-12 4.700280e-08 fanout254
 1.082325e-08 3.608499e-08 3.985919e-12 4.691223e-08 fanout1263
 1.114072e-08 3.551238e-08 4.075509e-12 4.665717e-08 fanout1202
 9.266660e-09 3.705774e-08 3.906728e-12 4.632831e-08 fanout1222
 8.889471e-09 3.655362e-08 4.335430e-12 4.544742e-08 fanout1869
 1.124361e-08 3.384021e-08 3.965347e-12 4.508778e-08 fanout1303
 1.123237e-08 3.374848e-08 4.046531e-12 4.498490e-08 fanout1228
 9.947041e-09 3.484906e-08 3.933273e-12 4.480003e-08 fanout1253
 8.854184e-09 3.570421e-08 4.335430e-12 4.456273e-08 fanout1907
 4.448115e-08 0.000000e+00 3.775678e-12 4.448492e-08 clkload111
 4.444042e-08 0.000000e+00 3.775678e-12 4.444419e-08 clkload112
 9.425102e-09 3.493444e-08 4.729570e-12 4.436427e-08 fanout1359
 4.435276e-08 0.000000e+00 3.775678e-12 4.435654e-08 clkload115
 9.390250e-09 3.479708e-08 4.729682e-12 4.419206e-08 fanout1363
 4.418346e-08 0.000000e+00 3.775678e-12 4.418724e-08 clkload113
 4.409814e-08 0.000000e+00 3.775678e-12 4.410192e-08 clkload137
 4.409176e-08 0.000000e+00 3.775678e-12 4.409553e-08 clkload133
 4.402301e-08 0.000000e+00 3.775678e-12 4.402679e-08 clkload134
 4.397944e-08 0.000000e+00 3.775678e-12 4.398321e-08 clkload132
 4.397442e-08 0.000000e+00 3.775678e-12 4.397820e-08 clkload116
 4.385348e-08 0.000000e+00 3.775678e-12 4.385725e-08 clkload89
 8.799557e-09 3.502007e-08 4.335430e-12 4.382396e-08 fanout1872
 8.855061e-09 3.483525e-08 4.335430e-12 4.369465e-08 fanout1889
 9.490803e-09 3.411499e-08 4.518318e-12 4.361031e-08 fanout1119
 4.345753e-08 0.000000e+00 3.775678e-12 4.346130e-08 clkload110
 4.341755e-08 0.000000e+00 3.775678e-12 4.342133e-08 clkload237
 8.713750e-09 3.463904e-08 3.691549e-12 4.335648e-08 fanout247
 4.301102e-08 0.000000e+00 3.775678e-12 4.301480e-08 clkload61
 4.301090e-08 0.000000e+00 3.775678e-12 4.301468e-08 clkload60
 4.299280e-08 0.000000e+00 3.775678e-12 4.299658e-08 clkload217
 4.297971e-08 0.000000e+00 3.775678e-12 4.298348e-08 clkload29
 4.291934e-08 0.000000e+00 3.775678e-12 4.292312e-08 clkload129
 4.285400e-08 0.000000e+00 3.775678e-12 4.285777e-08 clkload125
 4.284973e-08 0.000000e+00 3.775678e-12 4.285351e-08 clkload262
 4.280308e-08 0.000000e+00 3.807352e-12 4.280689e-08 clkload26
 4.276747e-08 0.000000e+00 3.775678e-12 4.277124e-08 clkload258
 1.030238e-08 3.244474e-08 4.851886e-12 4.275197e-08 fanout881
 4.272009e-08 0.000000e+00 3.775678e-12 4.272386e-08 clkload252
 4.268390e-08 0.000000e+00 3.775678e-12 4.268768e-08 clkload257
 4.267871e-08 0.000000e+00 3.775678e-12 4.268249e-08 clkload105
 4.267257e-08 0.000000e+00 3.775678e-12 4.267635e-08 clkload200
 4.263739e-08 0.000000e+00 3.775678e-12 4.264117e-08 clkload107
 4.263338e-08 0.000000e+00 3.775678e-12 4.263716e-08 clkload206
 4.263332e-08 0.000000e+00 3.775678e-12 4.263709e-08 clkload204
 4.261385e-08 0.000000e+00 3.775678e-12 4.261762e-08 clkload223
 4.261038e-08 0.000000e+00 3.775678e-12 4.261416e-08 clkload297
 4.259736e-08 0.000000e+00 3.775678e-12 4.260114e-08 clkload293
 4.258857e-08 0.000000e+00 3.775678e-12 4.259235e-08 clkload98
 4.256575e-08 0.000000e+00 3.775678e-12 4.256952e-08 clkload228
 4.255845e-08 0.000000e+00 3.775678e-12 4.256223e-08 clkload220
 4.253155e-08 0.000000e+00 3.775678e-12 4.253532e-08 clkload241
 4.251108e-08 0.000000e+00 3.775678e-12 4.251486e-08 clkload285
 4.247020e-08 0.000000e+00 3.775678e-12 4.247397e-08 clkload158
 4.237035e-08 0.000000e+00 3.775678e-12 4.237413e-08 clkload242
 1.019936e-08 3.161641e-08 4.287206e-12 4.182006e-08 fanout1309
 4.169127e-08 0.000000e+00 3.775678e-12 4.169504e-08 clkload76
 5.799936e-09 3.542326e-08 3.703878e-12 4.122690e-08 fanout836
 5.787709e-09 3.500358e-08 4.603979e-12 4.079589e-08 fanout859
 5.853405e-09 3.479575e-08 4.603979e-12 4.065376e-08 fanout863
 5.862376e-09 3.463719e-08 3.703708e-12 4.050327e-08 fanout305
 1.058310e-08 2.980589e-08 3.944111e-12 4.039294e-08 fanout1277
 5.865068e-09 3.386178e-08 3.703708e-12 3.973055e-08 fanout304
 8.709180e-09 3.073877e-08 3.852753e-12 3.945180e-08 fanout1281
 5.859284e-09 3.352663e-08 4.603979e-12 3.939052e-08 fanout893
 5.781119e-09 3.338097e-08 4.603979e-12 3.916669e-08 fanout904
 5.867490e-09 3.316492e-08 3.703708e-12 3.903612e-08 fanout306
 8.825430e-09 3.009286e-08 4.335430e-12 3.892262e-08 fanout1920
 5.809263e-09 3.261683e-08 4.603979e-12 3.843070e-08 fanout927
 5.810549e-09 3.234268e-08 4.546686e-12 3.815777e-08 fanout944
 5.844972e-09 3.228804e-08 4.546571e-12 3.813755e-08 fanout258
 5.864631e-09 3.226179e-08 4.603979e-12 3.813102e-08 fanout897
 5.807947e-09 3.193036e-08 4.603979e-12 3.774291e-08 fanout930
 5.786334e-09 3.184746e-08 4.546907e-12 3.763834e-08 fanout945
 5.812737e-09 3.149963e-08 3.703878e-12 3.731607e-08 fanout766
 5.831626e-09 3.120869e-08 3.703878e-12 3.704402e-08 fanout777
 5.867032e-09 3.027502e-08 3.703681e-12 3.614576e-08 fanout303
 5.813265e-09 3.025527e-08 4.603979e-12 3.607314e-08 fanout920
 5.817397e-09 3.022404e-08 3.703878e-12 3.604515e-08 fanout831
 6.136077e-09 2.972800e-08 4.865042e-12 3.586894e-08 fanout252
 5.821885e-09 2.957888e-08 3.703879e-12 3.540447e-08 fanout823
 5.851787e-09 2.899178e-08 3.703664e-12 3.484726e-08 fanout310
 5.821572e-09 2.889018e-08 3.703878e-12 3.471545e-08 fanout768
 5.820608e-09 2.879955e-08 3.703878e-12 3.462386e-08 fanout786
 5.897820e-09 2.859993e-08 3.703579e-12 3.450145e-08 fanout309
 5.822684e-09 2.841143e-08 3.703878e-12 3.423782e-08 fanout779
 6.972471e-09 2.716068e-08 3.793688e-12 3.413694e-08 fanout1218
 5.843452e-09 2.764132e-08 3.703878e-12 3.348848e-08 fanout775
 5.824538e-09 2.761808e-08 3.703879e-12 3.344632e-08 fanout804
 5.836849e-09 2.742200e-08 3.703658e-12 3.326255e-08 fanout801
 5.826855e-09 2.696980e-08 4.603979e-12 3.280126e-08 fanout869
 5.849878e-09 2.671455e-08 3.703879e-12 3.256813e-08 fanout838
 5.829404e-09 2.667203e-08 3.703878e-12 3.250513e-08 fanout827
 6.277898e-09 2.619372e-08 4.158858e-12 3.247578e-08 fanout106
 5.808686e-09 2.629690e-08 4.604200e-12 3.211019e-08 fanout871
 5.811345e-09 2.623180e-08 3.703879e-12 3.204686e-08 fanout809
 5.808587e-09 2.620768e-08 3.703879e-12 3.201997e-08 fanout835
 6.830299e-09 2.511185e-08 4.331902e-12 3.194648e-08 fanout120
 5.840509e-09 2.594815e-08 3.703879e-12 3.179236e-08 fanout788
 5.831732e-09 2.545604e-08 3.703878e-12 3.129147e-08 fanout783
 5.812073e-09 2.529074e-08 3.703879e-12 3.110652e-08 fanout758
 5.293744e-09 2.549364e-08 4.332512e-12 3.079171e-08 fanout118
 5.812355e-09 2.461621e-08 3.703879e-12 3.043227e-08 fanout817
 5.270184e-09 2.478048e-08 4.384759e-12 3.005505e-08 fanout1353
 5.861362e-09 2.409234e-08 3.703664e-12 2.995740e-08 fanout308
 5.934000e-09 2.328285e-08 3.703579e-12 2.922055e-08 fanout302
 5.831092e-09 2.310305e-08 4.603979e-12 2.893875e-08 fanout918
 5.842694e-09 2.296596e-08 4.546686e-12 2.881320e-08 fanout941
 5.830457e-09 2.268870e-08 4.603979e-12 2.852376e-08 fanout929
 5.813392e-09 2.241641e-08 4.603979e-12 2.823441e-08 fanout862
 5.829531e-09 2.188380e-08 4.603979e-12 2.771794e-08 fanout925
 5.887920e-09 2.162703e-08 4.546387e-12 2.751950e-08 fanout261
 2.712994e-08 0.000000e+00 1.567550e-12 2.713151e-08 clkload0
 5.837575e-09 2.079810e-08 4.603979e-12 2.664028e-08 fanout878
 5.936068e-09 2.058244e-08 3.703793e-12 2.652221e-08 fanout301
 7.611471e-09 1.862397e-08 1.181000e-12 2.623662e-08 max_cap659
 5.924783e-09 1.862238e-08 3.703579e-12 2.455086e-08 fanout300
 5.922670e-09 1.755221e-08 3.703579e-12 2.347859e-08 fanout299
 5.845146e-09 1.640165e-08 3.703879e-12 2.225049e-08 fanout774
 4.206636e-09 1.781001e-08 3.694101e-12 2.202034e-08 fanout367
 2.855554e-09 1.879889e-08 3.669097e-12 2.165812e-08 wire125
 2.845821e-09 1.631504e-08 4.616253e-12 1.916548e-08 fanout248
 2.925397e-09 1.541509e-08 3.692617e-12 1.834418e-08 fanout644
 2.948670e-09 1.526609e-08 4.614941e-12 1.821937e-08 fanout641
 7.184848e-09 8.130938e-09 1.181000e-12 1.531697e-08 max_cap755
 3.659778e-09 1.155202e-08 4.262718e-12 1.521606e-08 fanout238
 2.363677e-09 1.252561e-08 4.627596e-12 1.489392e-08 fanout361
 2.885921e-09 1.138300e-08 3.669097e-12 1.427259e-08 fanout124
 6.410845e-09 5.463237e-09 1.181000e-12 1.187526e-08 max_cap753
 2.709133e-09 8.920799e-09 3.661974e-12 1.163359e-08 max_cap119
 2.711221e-09 8.854435e-09 4.526123e-12 1.157018e-08 fanout1653
 2.890356e-09 8.670622e-09 4.044965e-12 1.156502e-08 fanout240
 7.100776e-09 4.259475e-09 1.181000e-12 1.136143e-08 max_cap234
 1.712364e-09 9.180335e-09 4.325398e-12 1.089702e-08 fanout221
 1.976598e-09 8.180271e-09 4.065331e-12 1.016093e-08 fanout1646
 1.669670e-09 6.988331e-09 4.325918e-12 8.662328e-09 fanout114
 1.298745e-09 6.831508e-09 4.325403e-12 8.134578e-09 fanout163
 1.575485e-09 6.350012e-09 4.325391e-12 7.929822e-09 fanout126
 1.598927e-09 5.456275e-09 3.672731e-12 7.058874e-09 fanout152
 1.310782e-09 5.325099e-09 4.326628e-12 6.640207e-09 fanout143
 1.106713e-09 4.802091e-09 4.325396e-12 5.913129e-09 fanout223
 1.133760e-09 3.428721e-09 3.665867e-12 4.566147e-09 fanout135
 8.042081e-10 3.441066e-09 3.809616e-12 4.249083e-09 fanout1668
 7.419239e-10 3.447566e-09 3.775133e-12 4.193265e-09 fanout1655
 8.115301e-10 3.332785e-09 3.662317e-12 4.147978e-09 fanout128
 1.436068e-09 1.836344e-09 1.181000e-12 3.273593e-09 max_cap933
 1.113797e-09 2.103909e-09 1.181000e-12 3.218887e-09 wire236
 6.912495e-10 2.449406e-09 4.325762e-12 3.144981e-09 fanout146
 1.095363e-09 1.757070e-09 1.181000e-12 2.853614e-09 wire242
 5.053599e-10 2.278888e-09 3.675571e-12 2.787924e-09 fanout162
 1.115166e-09 1.621820e-09 1.181000e-12 2.738167e-09 max_cap235
 6.755954e-10 2.052973e-09 4.341786e-12 2.732910e-09 fanout1651
 1.101174e-09 1.377762e-09 1.181000e-12 2.480117e-09 max_cap241
 5.055571e-10 1.574027e-09 3.663400e-12 2.083247e-09 max_cap229
 3.825238e-10 1.643137e-09 3.708744e-12 2.029370e-09 fanout1670
 3.334467e-10 1.671268e-09 4.875560e-12 2.009590e-09 fanout1680
 3.528765e-10 1.452889e-09 3.692386e-12 1.809458e-09 fanout1673
 2.306635e-10 1.255818e-09 4.251159e-12 1.490732e-09 fanout1679
 2.728064e-10 1.201380e-09 3.659639e-12 1.477846e-09 fanout156
 2.299908e-10 1.147545e-09 4.251151e-12 1.381787e-09 fanout1678
 2.029482e-10 8.364683e-10 3.704548e-12 1.043121e-09 fanout1660
 5.027752e-10 3.967926e-10 1.181000e-12 9.007488e-10 max_cap141
 1.713569e-10 6.627763e-10 4.325390e-12 8.384586e-10 fanout157
 1.287668e-10 6.707226e-10 4.583628e-12 8.040730e-10 fanout1677
 1.130735e-10 4.832905e-10 3.671580e-12 6.000355e-10 fanout1648
 1.676883e-10 4.258529e-10 4.325390e-12 5.978665e-10 wire169
 9.499600e-11 4.944740e-10 3.659642e-12 5.931297e-10 fanout166
 9.506811e-11 4.695697e-10 3.659641e-12 5.682974e-10 max_cap171
 9.486887e-11 4.219516e-10 3.659642e-12 5.204802e-10 wire170
 9.534329e-11 4.007938e-10 3.659641e-12 4.997966e-10 fanout167
 1.233234e-10 3.265881e-10 3.659644e-12 4.535712e-10 max_cap109
 1.368278e-10 2.206014e-10 1.181000e-12 3.586102e-10 _41673_
 1.363007e-10 1.855565e-10 1.181000e-12 3.230382e-10 _41675_
 1.362384e-10 1.814074e-10 1.181000e-12 3.188268e-10 _41678_
 1.361722e-10 1.770077e-10 1.181000e-12 3.143609e-10 _41677_
 3.827073e-11 2.578555e-10 4.328469e-12 3.004547e-10 fanout1807
 3.824117e-11 2.524281e-10 4.328469e-12 2.949978e-10 fanout1727
 5.263022e-11 2.374271e-10 3.665830e-12 2.937232e-10 fanout1664
 1.352326e-10 1.145422e-10 1.181000e-12 2.509558e-10 _41672_
 3.845583e-11 2.027769e-10 4.328469e-12 2.455612e-10 fanout1740
 1.352735e-10 1.073184e-10 1.181000e-12 2.437729e-10 _41679_
 1.352627e-10 1.065308e-10 1.181000e-12 2.429745e-10 _41676_
 1.350158e-10 1.001217e-10 1.181000e-12 2.363185e-10 _41674_
 7.514468e-11 1.239350e-10 1.181000e-12 2.002607e-10 _41682_
 7.501597e-11 1.124236e-10 1.181000e-12 1.886206e-10 _41685_
 3.643483e-11 1.391160e-10 3.659639e-12 1.792105e-10 fanout217
 2.158348e-11 1.516191e-10 3.665166e-12 1.768677e-10 fanout1801
 2.173622e-11 1.381728e-10 3.665165e-12 1.635742e-10 fanout1842
 2.173411e-11 1.380995e-10 3.665165e-12 1.634988e-10 fanout1820
 2.171444e-11 1.346168e-10 3.665165e-12 1.599964e-10 fanout1756
 2.163606e-11 1.341482e-10 3.665165e-12 1.594495e-10 fanout1699
 2.164103e-11 1.318503e-10 3.665165e-12 1.571565e-10 fanout1714
 2.169312e-11 1.316105e-10 3.665165e-12 1.569688e-10 fanout1707
 2.163569e-11 1.304253e-10 3.665166e-12 1.557262e-10 fanout1789
 2.168228e-11 1.271339e-10 3.665165e-12 1.524813e-10 fanout1708
 2.178541e-11 1.257243e-10 3.665165e-12 1.511749e-10 fanout1733
 7.482354e-11 7.461103e-11 1.181000e-12 1.506156e-10 _41687_
 2.180474e-11 1.217890e-10 3.665165e-12 1.472589e-10 fanout1825
 2.166796e-11 1.215215e-10 3.665165e-12 1.468547e-10 fanout1718
 2.194121e-11 1.198642e-10 3.665165e-12 1.454706e-10 fanout1809
 7.453347e-11 6.926641e-11 1.181000e-12 1.449809e-10 _41684_
 2.172725e-11 1.190311e-10 3.665165e-12 1.444235e-10 fanout1749
 2.172634e-11 1.185362e-10 3.665165e-12 1.439277e-10 fanout1823
 2.166518e-11 1.184473e-10 3.665166e-12 1.437777e-10 fanout1785
 2.178978e-11 1.125826e-10 3.665165e-12 1.380376e-10 fanout1753
 2.192363e-11 1.122843e-10 3.665166e-12 1.378731e-10 fanout1700
 2.169285e-11 1.115618e-10 3.665165e-12 1.369198e-10 fanout1717
 2.187528e-11 1.106650e-10 3.665165e-12 1.362054e-10 fanout1721
 2.168499e-11 1.100006e-10 3.665166e-12 1.353507e-10 fanout1800
 2.183826e-11 1.084426e-10 3.665165e-12 1.339460e-10 fanout1739
 2.177034e-11 1.077227e-10 3.665165e-12 1.331582e-10 fanout1731
 2.208048e-11 1.073966e-10 3.665165e-12 1.331423e-10 fanout1767
 2.194555e-11 1.060553e-10 3.665166e-12 1.316660e-10 fanout1802
 2.170231e-11 1.062837e-10 3.665165e-12 1.316512e-10 fanout1819
 2.174914e-11 1.062310e-10 3.665165e-12 1.316453e-10 fanout1769
 2.184993e-11 1.060523e-10 3.665165e-12 1.315674e-10 fanout1715
 2.179734e-11 1.058880e-10 3.665165e-12 1.313506e-10 fanout1694
 2.184754e-11 1.056763e-10 3.665165e-12 1.311890e-10 fanout1763
 2.170236e-11 1.057996e-10 3.665165e-12 1.311672e-10 fanout1841
 2.190418e-11 1.055386e-10 3.665165e-12 1.311079e-10 fanout1702
 2.191182e-11 1.047016e-10 3.665166e-12 1.302786e-10 fanout1711
 2.191625e-11 1.046681e-10 3.665165e-12 1.302495e-10 fanout1734
 2.191986e-11 1.045825e-10 3.665166e-12 1.301675e-10 fanout1817
 2.177897e-11 1.046028e-10 3.665165e-12 1.300469e-10 fanout1732
 2.192057e-11 1.044041e-10 3.665165e-12 1.299898e-10 fanout1741
 2.176764e-11 1.044200e-10 3.665165e-12 1.298528e-10 fanout1747
 2.192431e-11 1.042073e-10 3.665165e-12 1.297967e-10 fanout1723
 2.181969e-11 1.040878e-10 3.665166e-12 1.295727e-10 fanout1782
 2.189011e-11 1.026107e-10 3.665165e-12 1.281660e-10 fanout1816
 2.191184e-11 1.024858e-10 3.665166e-12 1.280628e-10 fanout1815
 2.200657e-11 1.021908e-10 3.665165e-12 1.278625e-10 fanout1757
 2.188559e-11 1.018614e-10 3.665166e-12 1.274122e-10 fanout1730
 2.175014e-11 1.018736e-10 3.665165e-12 1.272889e-10 fanout1706
 2.177823e-11 1.017786e-10 3.665165e-12 1.272219e-10 fanout1692
 2.175892e-11 1.016082e-10 3.665166e-12 1.270323e-10 fanout1786
 2.181282e-11 1.012741e-10 3.665165e-12 1.267520e-10 fanout1712
 2.195076e-11 1.002953e-10 3.665166e-12 1.259112e-10 fanout1703
 2.186405e-11 1.003202e-10 3.665165e-12 1.258494e-10 fanout1735
 7.456622e-11 4.999050e-11 1.181000e-12 1.257377e-10 _41681_
 2.182889e-11 1.001446e-10 3.665165e-12 1.256387e-10 fanout1834
 2.197091e-11 9.990981e-11 3.665165e-12 1.255459e-10 fanout1826
 2.193673e-11 9.977624e-11 3.665165e-12 1.253781e-10 fanout1743
 2.189942e-11 9.980872e-11 3.665165e-12 1.253733e-10 fanout1818
 2.181618e-11 9.970604e-11 3.665166e-12 1.251874e-10 fanout1777
 2.178016e-11 9.969681e-11 3.665165e-12 1.251421e-10 fanout1744
 2.191298e-11 9.949091e-11 3.665165e-12 1.250691e-10 fanout1722
 2.186585e-11 9.921682e-11 3.665166e-12 1.247478e-10 fanout1790
 2.172440e-11 9.899868e-11 3.665165e-12 1.243882e-10 fanout1726
 2.190782e-11 9.874236e-11 3.665165e-12 1.243153e-10 fanout1762
 2.190257e-11 9.752276e-11 3.665166e-12 1.230905e-10 fanout1766
 2.171677e-11 9.739794e-11 3.665166e-12 1.227799e-10 fanout1798
 2.197086e-11 9.701224e-11 3.665165e-12 1.226483e-10 fanout1751
 2.203037e-11 9.651191e-11 3.665166e-12 1.222074e-10 fanout1745
 2.196975e-11 9.650484e-11 3.665165e-12 1.221398e-10 fanout1724
 2.198053e-11 9.643088e-11 3.665165e-12 1.220766e-10 fanout1811
 2.203284e-11 9.554667e-11 3.665166e-12 1.212447e-10 fanout1796
 2.190880e-11 9.516877e-11 3.665166e-12 1.207427e-10 fanout1836
 2.188730e-11 9.418596e-11 3.665165e-12 1.197384e-10 fanout1716
 2.194453e-11 9.409896e-11 3.665166e-12 1.197087e-10 fanout1690
 2.192438e-11 9.388635e-11 3.665166e-12 1.194759e-10 fanout1701
 2.178279e-11 9.385576e-11 3.665166e-12 1.193037e-10 fanout1805
 2.190738e-11 9.364994e-11 3.665165e-12 1.192225e-10 fanout1736
 2.179341e-11 9.338866e-11 3.665165e-12 1.188472e-10 fanout1827
 2.185032e-11 9.311454e-11 3.665165e-12 1.186300e-10 fanout1833
 2.175691e-11 9.296340e-11 3.665165e-12 1.183855e-10 fanout1754
 2.185213e-11 9.256220e-11 3.665166e-12 1.180795e-10 fanout1822
 2.183001e-11 9.145496e-11 3.665165e-12 1.169501e-10 fanout1821
 2.183998e-11 9.101776e-11 3.665165e-12 1.165229e-10 fanout1759
 2.203985e-11 9.076336e-11 3.665165e-12 1.164684e-10 fanout1758
 2.201889e-11 9.015180e-11 3.665168e-12 1.158359e-10 fanout1779
 2.192216e-11 8.994236e-11 3.665165e-12 1.155297e-10 fanout1839
 2.201631e-11 8.925805e-11 3.665166e-12 1.149395e-10 fanout1770
 2.199516e-11 8.909400e-11 3.665166e-12 1.147543e-10 fanout1787
 2.195645e-11 8.889344e-11 3.665166e-12 1.145151e-10 fanout1771
 2.195603e-11 8.879741e-11 3.665166e-12 1.144186e-10 fanout1742
 2.181957e-11 8.890317e-11 3.665166e-12 1.143879e-10 fanout1803
 2.188212e-11 8.647524e-11 3.665166e-12 1.120225e-10 fanout1773
 2.192284e-11 8.573552e-11 3.665165e-12 1.113235e-10 fanout1746
 7.391654e-11 3.588747e-11 1.181000e-12 1.109850e-10 _41680_
 2.185738e-11 8.516329e-11 3.665165e-12 1.106858e-10 fanout1761
 7.388938e-11 3.532566e-11 1.181000e-12 1.103960e-10 _41683_
 2.215123e-11 8.423423e-11 3.665166e-12 1.100506e-10 fanout1829
 2.180470e-11 8.434321e-11 3.665165e-12 1.098131e-10 fanout1728
 2.172399e-11 8.294235e-11 3.665166e-12 1.083315e-10 fanout1795
 7.374593e-11 3.235425e-11 1.181000e-12 1.072812e-10 _41686_
 2.174903e-11 8.131869e-11 3.665165e-12 1.067329e-10 fanout1755
 2.181408e-11 7.965956e-11 3.665165e-12 1.051388e-10 fanout1775
 2.179506e-11 7.699372e-11 3.665165e-12 1.024539e-10 fanout1813
 2.190924e-11 7.536276e-11 3.665165e-12 1.009372e-10 fanout1720
 2.178522e-11 7.215682e-11 3.665165e-12 9.760721e-11 fanout1768
 2.198275e-11 6.880167e-11 3.665165e-12 9.444957e-11 fanout1830
 1.288928e-11 6.578401e-11 4.876300e-12 8.354959e-11 fanout1681
 1.296648e-11 6.064783e-11 4.876300e-12 7.849061e-11 fanout1688
 1.298043e-11 5.763676e-11 4.876300e-12 7.549349e-11 fanout1686
 1.290161e-11 4.905194e-11 4.876300e-12 6.682985e-11 fanout1682
 1.335266e-11 4.475283e-11 1.181000e-12 5.928649e-11 fanout1794
 7.264296e-12 2.464240e-11 4.648000e-12 3.655469e-11 fanout1683
 3.044275e-17 1.754795e-16 1.049531e-11 1.049551e-11 fanout2195
 1.528396e-17 1.128836e-16 6.868601e-12 6.868729e-12 fanout2168
 1.518608e-17 8.582395e-17 6.868601e-12 6.868702e-12 fanout2179
 7.602713e-18 5.547427e-17 4.873834e-12 4.873897e-12 fanout2185
 7.668848e-18 5.193332e-17 4.873834e-12 4.873893e-12 fanout2190
 7.694552e-18 4.514244e-17 4.873834e-12 4.873887e-12 fanout2164
 7.681142e-18 4.502004e-17 4.873834e-12 4.873887e-12 fanout2177
 7.663828e-18 4.473354e-17 4.873834e-12 4.873886e-12 fanout2183
 7.650819e-18 4.473313e-17 4.873834e-12 4.873886e-12 fanout2194
 7.665555e-18 4.417711e-17 4.873834e-12 4.873886e-12 fanout2182
 7.691078e-18 4.242533e-17 4.873834e-12 4.873884e-12 fanout2175
 7.667718e-18 4.210389e-17 4.873834e-12 4.873884e-12 fanout2167
 7.786055e-18 4.119696e-17 4.873834e-12 4.873883e-12 fanout2171
 7.674132e-18 4.011624e-17 4.873834e-12 4.873882e-12 fanout2166
 7.794951e-18 3.940105e-17 4.873834e-12 4.873881e-12 fanout2173
 7.685461e-18 3.829453e-17 4.873834e-12 4.873880e-12 fanout2188
 7.690129e-18 3.643090e-17 4.873834e-12 4.873878e-12 fanout2161
 7.716052e-18 3.604577e-17 4.873834e-12 4.873878e-12 fanout2169
 7.731230e-18 3.558406e-17 4.873834e-12 4.873877e-12 fanout2186
 5.401335e-18 3.503250e-17 4.873834e-12 4.873874e-12 input9
 7.734201e-18 3.190970e-17 4.873834e-12 4.873873e-12 fanout2174
 4.347359e-18 2.455052e-17 4.643576e-12 4.643605e-12 fanout2191
 4.337161e-18 2.361779e-17 4.643576e-12 4.643604e-12 fanout2189
 4.353187e-18 2.264117e-17 4.643576e-12 4.643603e-12 fanout2163
 4.338716e-18 2.211651e-17 4.643576e-12 4.643602e-12 fanout2184
 4.400401e-18 2.031619e-17 4.643576e-12 4.643601e-12 fanout2172
 7.593254e-18 5.859859e-17 4.327667e-12 4.327733e-12 fanout2158
 7.615289e-18 5.307436e-17 4.327667e-12 4.327727e-12 fanout2056
 7.675188e-18 5.075830e-17 4.327668e-12 4.327726e-12 fanout2057
 7.645153e-18 5.071912e-17 4.327668e-12 4.327726e-12 fanout2114
 7.666537e-18 4.775747e-17 4.327668e-12 4.327723e-12 fanout2083
 7.671273e-18 4.601728e-17 4.327668e-12 4.327721e-12 fanout2031
 7.676428e-18 4.548970e-17 4.327668e-12 4.327721e-12 fanout2111
 7.669203e-18 4.476292e-17 4.327668e-12 4.327720e-12 fanout2126
 7.702879e-18 4.271886e-17 4.327668e-12 4.327718e-12 fanout2030
 7.691158e-18 4.262280e-17 4.327668e-12 4.327718e-12 fanout2044
 7.716524e-18 4.232067e-17 4.327668e-12 4.327717e-12 fanout2099
 7.688846e-18 4.105538e-17 4.327668e-12 4.327716e-12 fanout1987
 7.694851e-18 4.073657e-17 4.327668e-12 4.327716e-12 fanout2135
 7.735319e-18 3.896773e-17 4.327668e-12 4.327714e-12 fanout2042
 7.710523e-18 3.805004e-17 4.327668e-12 4.327714e-12 fanout2017
 7.730684e-18 3.796611e-17 4.327668e-12 4.327713e-12 fanout2014
 7.706583e-18 3.784839e-17 4.327668e-12 4.327713e-12 fanout2140
 7.714689e-18 3.705505e-17 4.327668e-12 4.327712e-12 fanout2069
 7.720162e-18 3.620989e-17 4.327668e-12 4.327711e-12 fanout2143
 7.742174e-18 3.498020e-17 4.327668e-12 4.327710e-12 fanout2007
 7.697896e-18 3.490612e-17 4.327668e-12 4.327710e-12 fanout2154
 7.765428e-18 3.451101e-17 4.327668e-12 4.327710e-12 fanout2091
 7.728197e-18 3.419152e-17 4.327668e-12 4.327710e-12 fanout2101
 7.737830e-18 3.330045e-17 4.327668e-12 4.327709e-12 fanout2097
 7.747600e-18 3.355961e-17 4.327668e-12 4.327709e-12 fanout2125
 7.802729e-18 3.354626e-17 4.327668e-12 4.327709e-12 fanout2151
 7.720664e-18 3.300420e-17 4.327668e-12 4.327708e-12 fanout2037
 7.730352e-18 3.272200e-17 4.327668e-12 4.327708e-12 fanout2052
 7.796374e-18 3.188704e-17 4.327668e-12 4.327707e-12 fanout2045
 7.782123e-18 3.222228e-17 4.327668e-12 4.327707e-12 fanout2085
 7.773726e-18 3.145081e-17 4.327668e-12 4.327707e-12 fanout2117
 7.822391e-18 3.086038e-17 4.327668e-12 4.327706e-12 fanout2048
 7.788915e-18 3.064627e-17 4.327668e-12 4.327706e-12 fanout2084
 7.825052e-18 3.076045e-17 4.327668e-12 4.327706e-12 fanout2124
 7.761481e-18 3.043761e-17 4.327668e-12 4.327706e-12 fanout2004
 7.730986e-18 3.045396e-17 4.327668e-12 4.327706e-12 fanout2040
 7.732447e-18 2.948985e-17 4.327668e-12 4.327705e-12 fanout2002
 7.789591e-18 2.969076e-17 4.327668e-12 4.327705e-12 fanout2066
 7.752138e-18 2.744711e-17 4.327668e-12 4.327703e-12 fanout2128
 4.305936e-18 3.764324e-17 3.663726e-12 3.663769e-12 fanout2013
 4.336877e-18 3.044961e-17 3.663727e-12 3.663762e-12 fanout1998
 4.353738e-18 2.642700e-17 3.663727e-12 3.663758e-12 fanout1994
 4.343647e-18 2.544289e-17 3.663726e-12 3.663756e-12 fanout2098
 4.343311e-18 2.495084e-17 3.663726e-12 3.663756e-12 fanout2141
 4.356362e-18 2.330445e-17 3.663726e-12 3.663754e-12 fanout2028
 4.349355e-18 2.345373e-17 3.663726e-12 3.663754e-12 fanout2090
 4.370107e-18 2.215474e-17 3.663727e-12 3.663754e-12 fanout1996
 4.352609e-18 2.235050e-17 3.663726e-12 3.663753e-12 fanout2093
 4.353481e-18 2.157983e-17 3.663726e-12 3.663752e-12 fanout2139
 4.364705e-18 2.058875e-17 3.663726e-12 3.663752e-12 fanout2046
 4.354132e-18 1.930912e-17 3.663727e-12 3.663751e-12 fanout2019
 4.352805e-18 2.042981e-17 3.663726e-12 3.663751e-12 fanout2077
 4.349434e-18 2.049712e-17 3.663726e-12 3.663751e-12 fanout2105
 4.349185e-18 2.041382e-17 3.663726e-12 3.663751e-12 fanout2145
 4.344175e-18 1.917635e-17 3.663727e-12 3.663751e-12 fanout1997
 4.360836e-18 1.918787e-17 3.663726e-12 3.663750e-12 fanout2062
 4.377605e-18 1.779354e-17 3.663727e-12 3.663749e-12 fanout2132
 4.371099e-18 1.802772e-17 3.663726e-12 3.663749e-12 fanout2118
 4.354171e-18 1.812570e-17 3.663726e-12 3.663749e-12 fanout2148
 4.362149e-18 1.700854e-17 3.663727e-12 3.663749e-12 fanout2005
 4.365680e-18 1.462605e-17 3.663727e-12 3.663746e-12 fanout1989
 4.357484e-18 1.568240e-17 3.663726e-12 3.663746e-12 fanout2079
 4.378370e-18 1.522790e-17 3.663726e-12 3.663746e-12 fanout2116
 4.357711e-18 1.490606e-17 3.663726e-12 3.663746e-12 fanout2072
 4.354167e-18 1.428544e-17 3.663726e-12 3.663745e-12 fanout2102
 4.365586e-18 1.270137e-17 3.663727e-12 3.663744e-12 fanout1988
 4.368415e-18 1.347839e-17 3.663726e-12 3.663744e-12 fanout2038
 1.189410e-15 5.197475e-15 1.181000e-12 1.187387e-12 input1
 1.295052e-15 5.074610e-15 1.181000e-12 1.187370e-12 input3
 1.162112e-15 4.982672e-15 1.181000e-12 1.187145e-12 input2
 1.196267e-15 3.820673e-15 1.181000e-12 1.186017e-12 input4
 1.023495e-15 2.966305e-15 1.181000e-12 1.184990e-12 input5
 6.397009e-16 1.156288e-15 1.181000e-12 1.182796e-12 input7
 5.526344e-16 1.009270e-15 1.181000e-12 1.182562e-12 input6
 0.000000e+00 0.000000e+00 1.181000e-12 1.181000e-12 input11
