     Internal    Switching      Leakage        Total
        Power        Power        Power        Power (Watts)
----------------------------------------------------
 8.992964e-07 2.131238e-06 1.224612e-11 3.030547e-06 clkbuf_4_9__f_core_clk
 8.705248e-07 2.086603e-06 1.226397e-11 2.957141e-06 clkbuf_0_core_clk
 3.072508e-07 2.173882e-06 1.110205e-11 2.481143e-06 clkbuf_0_w_clk
 4.223891e-07 1.900854e-06 8.297462e-12 2.323251e-06 u_icg
 8.722306e-07 1.068973e-06 1.224612e-11 1.941216e-06 clkbuf_4_7__f_core_clk
 3.034371e-07 1.626212e-06 1.293688e-11 1.929662e-06 fanout758
 8.709285e-07 1.028513e-06 1.224612e-11 1.899454e-06 clkbuf_4_5__f_core_clk
 8.671332e-07 9.364587e-07 1.224612e-11 1.803604e-06 clkbuf_4_0__f_core_clk
 8.656086e-07 9.070922e-07 1.224612e-11 1.772713e-06 clkbuf_4_4__f_core_clk
 8.647758e-07 8.988341e-07 1.224612e-11 1.763622e-06 clkbuf_4_6__f_core_clk
 8.645523e-07 8.923222e-07 1.224612e-11 1.756887e-06 clkbuf_4_2__f_core_clk
 8.642060e-07 8.843759e-07 1.224612e-11 1.748594e-06 clkbuf_4_3__f_core_clk
 8.633636e-07 8.504416e-07 1.224612e-11 1.713817e-06 clkbuf_4_1__f_core_clk
 8.614269e-07 8.118482e-07 1.224612e-11 1.673287e-06 clkbuf_4_14__f_core_clk
 3.476284e-07 1.321030e-06 1.118622e-11 1.668670e-06 clkbuf_0_v_clk
 8.605694e-07 7.923638e-07 1.224612e-11 1.652945e-06 clkbuf_4_15__f_core_clk
 8.605407e-07 7.792166e-07 1.224612e-11 1.639770e-06 clkbuf_4_8__f_core_clk
 8.566208e-07 6.887947e-07 1.224612e-11 1.545428e-06 clkbuf_4_13__f_core_clk
 8.541818e-07 6.587855e-07 1.224612e-11 1.512980e-06 clkbuf_4_10__f_core_clk
 8.538673e-07 6.516828e-07 1.224612e-11 1.505562e-06 clkbuf_4_11__f_core_clk
 8.494561e-07 5.249450e-07 1.224612e-11 1.374413e-06 clkbuf_4_12__f_core_clk
 1.559557e-07 1.074071e-06 7.294833e-12 1.230034e-06 hold3
 1.521929e-07 1.059152e-06 7.297792e-12 1.211352e-06 fanout759
 8.704849e-07 3.065062e-07 1.232310e-11 1.177003e-06 clkbuf_0_clk
 3.492474e-07 6.965790e-07 1.117915e-11 1.045838e-06 clkbuf_4_14__f_v_clk
 8.436537e-07 1.412163e-07 1.232310e-11 9.848823e-07 clkbuf_1_1__f_clk
 3.481244e-07 6.184101e-07 1.117915e-11 9.665457e-07 clkbuf_4_8__f_v_clk
 1.482819e-07 8.090191e-07 7.080924e-12 9.573081e-07 fanout512
 4.284544e-07 5.230537e-07 7.179506e-12 9.515152e-07 clkbuf_3_5_0_core_clk
 3.470376e-07 6.039995e-07 1.117915e-11 9.510482e-07 clkbuf_4_12__f_v_clk
 2.843151e-07 6.602326e-07 8.853141e-12 9.445566e-07 u_icg_w
 4.282782e-07 5.155730e-07 7.179506e-12 9.438585e-07 clkbuf_3_3_0_core_clk
 3.467095e-07 5.960445e-07 1.117915e-11 9.427652e-07 clkbuf_4_13__f_v_clk
 3.471973e-07 5.942703e-07 1.117915e-11 9.414787e-07 clkbuf_4_11__f_v_clk
 4.281945e-07 5.130906e-07 7.179506e-12 9.412923e-07 clkbuf_3_1_0_core_clk
 8.394415e-07 1.011696e-07 1.232310e-11 9.406235e-07 clkbuf_1_0__f_clk
 1.514525e-07 7.806628e-07 6.974162e-12 9.321222e-07 clkbuf_2_1_0_w_clk
 3.059914e-07 6.185906e-07 1.110205e-11 9.245932e-07 clkbuf_4_12__f_w_clk
 3.460139e-07 5.780744e-07 1.117915e-11 9.240995e-07 clkbuf_4_15__f_v_clk
 1.486367e-07 7.710236e-07 7.080924e-12 9.196673e-07 fanout482
 1.513268e-07 7.680961e-07 6.974162e-12 9.194299e-07 clkbuf_2_0_0_w_clk
 4.273992e-07 4.833280e-07 7.179506e-12 9.107343e-07 clkbuf_3_7_0_core_clk
 4.274177e-07 4.828795e-07 7.179506e-12 9.103044e-07 clkbuf_3_2_0_core_clk
 1.516551e-07 7.550806e-07 6.974162e-12 9.067427e-07 clkbuf_2_3_0_w_clk
 3.054519e-07 5.941876e-07 1.110205e-11 8.996506e-07 clkbuf_4_6__f_w_clk
 3.059023e-07 5.861457e-07 8.814841e-12 8.920568e-07 u_icg_v
 3.059110e-07 5.843497e-07 1.110205e-11 8.902718e-07 clkbuf_4_13__f_w_clk
 4.268650e-07 4.621760e-07 7.179506e-12 8.890482e-07 clkbuf_3_0_0_core_clk
 3.055158e-07 5.768349e-07 1.110205e-11 8.823618e-07 clkbuf_4_4__f_w_clk
 3.441669e-07 5.366520e-07 1.117915e-11 8.808301e-07 clkbuf_4_2__f_v_clk
 3.440923e-07 5.364786e-07 1.117915e-11 8.805821e-07 clkbuf_4_7__f_v_clk
 1.516148e-07 7.279659e-07 6.974162e-12 8.795876e-07 clkbuf_2_2_0_w_clk
 3.440415e-07 5.320392e-07 1.117915e-11 8.760919e-07 clkbuf_4_4__f_v_clk
 1.746541e-07 6.949790e-07 6.990053e-12 8.696401e-07 clkbuf_2_1_0_v_clk
 4.263897e-07 4.431832e-07 7.179506e-12 8.695800e-07 clkbuf_3_4_0_core_clk
 1.746531e-07 6.943973e-07 6.990053e-12 8.690574e-07 clkbuf_2_0_0_v_clk
 4.262511e-07 4.392680e-07 7.179506e-12 8.655263e-07 clkbuf_3_6_0_core_clk
 1.746216e-07 6.897623e-07 6.990053e-12 8.643909e-07 clkbuf_2_3_0_v_clk
 3.053780e-07 5.572095e-07 1.110205e-11 8.625985e-07 clkbuf_4_8__f_w_clk
 3.438189e-07 5.129961e-07 1.117915e-11 8.568261e-07 clkbuf_4_9__f_v_clk
 1.745612e-07 6.501529e-07 6.990053e-12 8.247211e-07 clkbuf_2_2_0_v_clk
 3.031346e-07 5.197634e-07 1.110205e-11 8.229090e-07 clkbuf_4_7__f_w_clk
 3.030508e-07 5.152165e-07 1.110205e-11 8.182785e-07 clkbuf_4_5__f_w_clk
 3.419866e-07 4.680320e-07 1.117915e-11 8.100298e-07 clkbuf_4_10__f_v_clk
 3.405953e-07 4.503733e-07 1.117915e-11 7.909799e-07 clkbuf_4_6__f_v_clk
 3.019866e-07 4.876375e-07 1.110205e-11 7.896352e-07 clkbuf_4_3__f_w_clk
 3.405836e-07 4.488829e-07 1.117915e-11 7.894777e-07 clkbuf_4_5__f_v_clk
 3.023318e-07 4.809620e-07 1.110205e-11 7.833049e-07 clkbuf_4_9__f_w_clk
 3.403473e-07 4.405060e-07 1.117915e-11 7.808645e-07 clkbuf_4_1__f_v_clk
 3.014551e-07 4.716603e-07 1.110205e-11 7.731265e-07 clkbuf_4_1__f_w_clk
 3.391835e-07 4.139405e-07 1.117915e-11 7.531352e-07 clkbuf_4_3__f_v_clk
 3.388333e-07 4.035501e-07 1.117915e-11 7.423946e-07 clkbuf_4_0__f_v_clk
 2.990154e-07 4.127535e-07 1.110205e-11 7.117799e-07 clkbuf_4_2__f_w_clk
 2.990264e-07 4.121374e-07 1.110205e-11 7.111749e-07 clkbuf_4_0__f_w_clk
 2.991813e-07 4.093136e-07 1.110205e-11 7.085060e-07 clkbuf_4_14__f_w_clk
 2.991899e-07 4.027760e-07 1.110205e-11 7.019769e-07 clkbuf_4_10__f_w_clk
 2.986346e-07 3.887047e-07 1.110205e-11 6.873503e-07 clkbuf_4_11__f_w_clk
 2.978431e-07 3.757652e-07 1.110205e-11 6.736194e-07 clkbuf_4_15__f_w_clk
 7.631390e-08 5.052675e-07 4.692453e-12 5.815861e-07 fanout469
 7.631841e-08 4.819068e-07 4.692453e-12 5.582299e-07 fanout498
 7.606130e-08 4.811955e-07 4.511563e-12 5.572613e-07 fanout765
 7.647208e-08 4.697041e-07 4.692453e-12 5.461809e-07 fanout475
 7.639521e-08 4.634633e-07 4.692453e-12 5.398633e-07 fanout503
 7.604536e-08 4.557795e-07 4.693372e-12 5.318296e-07 fanout497
 1.205126e-07 4.077060e-07 1.156545e-11 5.282301e-07 fanout337
 1.189754e-07 3.874563e-07 1.307895e-11 5.064448e-07 fanout339
 7.716687e-08 4.211579e-07 4.511563e-12 4.983293e-07 fanout809
 4.631192e-08 4.427942e-07 7.298022e-12 4.891133e-07 max_cap193
 7.636365e-08 4.117571e-07 4.692453e-12 4.881255e-07 fanout468
 7.648245e-08 4.037963e-07 4.511563e-12 4.802832e-07 fanout787
 7.655562e-08 4.033282e-07 4.693372e-12 4.798886e-07 fanout506
 7.626569e-08 4.022701e-07 4.693372e-12 4.785405e-07 fanout488
 7.649304e-08 4.016825e-07 4.511563e-12 4.781801e-07 fanout796
 8.123475e-08 3.952375e-07 1.182062e-11 4.764841e-07 fanout184
 7.693816e-08 3.864466e-07 1.316407e-11 4.633979e-07 fanout327
 7.702000e-08 3.772813e-07 4.512483e-12 4.543058e-07 fanout807
 7.686572e-08 3.774119e-07 4.692453e-12 4.542823e-07 fanout473
 7.724909e-08 3.647540e-07 4.512482e-12 4.420076e-07 fanout771
 1.458673e-08 4.229217e-07 5.616718e-12 4.375140e-07 _21167_
 7.671136e-08 3.511404e-07 4.511563e-12 4.278563e-07 fanout810
 7.686523e-08 3.343228e-07 4.692453e-12 4.111928e-07 fanout461
 7.516115e-08 3.302177e-07 1.353824e-11 4.053924e-07 fanout732
 7.725408e-08 3.267251e-07 4.512482e-12 4.039837e-07 fanout773
 7.693674e-08 3.227194e-07 4.512483e-12 3.996607e-07 fanout777
 8.593473e-08 3.136341e-07 1.247434e-11 3.995814e-07 fanout634
 3.964025e-07 0.000000e+00 7.179506e-12 3.964097e-07 clkload2
 7.749205e-08 3.182641e-07 4.692453e-12 3.957608e-07 fanout472
 3.941628e-07 0.000000e+00 7.179506e-12 3.941700e-07 clkload5
 7.733823e-08 3.124761e-07 4.692453e-12 3.898190e-07 fanout491
 6.345464e-08 3.257118e-07 1.120516e-11 3.891777e-07 fanout310
 7.746832e-08 3.111790e-07 4.511563e-12 3.886518e-07 fanout790
 7.699838e-08 3.105562e-07 4.692453e-12 3.875593e-07 fanout499
 7.741419e-08 3.075850e-07 4.693372e-12 3.850039e-07 fanout500
 7.730522e-08 3.025299e-07 4.512483e-12 3.798396e-07 fanout805
 7.740682e-08 3.005149e-07 4.693372e-12 3.779265e-07 fanout464
 7.730954e-08 2.987203e-07 4.512483e-12 3.760344e-07 fanout783
 7.741480e-08 2.967265e-07 4.692453e-12 3.741459e-07 fanout476
 6.128691e-08 3.090063e-07 1.104777e-11 3.703043e-07 fanout191
 1.702169e-07 1.969008e-07 6.990053e-12 3.671248e-07 clkbuf_leaf_114_v_clk
 7.752354e-08 2.879041e-07 4.692453e-12 3.654323e-07 fanout489
 8.434495e-08 2.807305e-07 1.224052e-11 3.650877e-07 fanout706
 1.705738e-07 1.878299e-07 6.990053e-12 3.584106e-07 clkbuf_leaf_15_v_clk
 1.699104e-07 1.873469e-07 6.990053e-12 3.572643e-07 clkbuf_leaf_77_v_clk
 7.483732e-08 2.810869e-07 1.192057e-11 3.559361e-07 max_cap426
 7.739904e-08 2.749982e-07 4.512483e-12 3.524017e-07 fanout778
 1.703297e-07 1.807990e-07 6.990053e-12 3.511357e-07 clkbuf_leaf_44_v_clk
 7.738395e-08 2.730047e-07 4.512483e-12 3.503932e-07 fanout804
 1.697525e-07 1.804843e-07 6.990053e-12 3.502439e-07 clkbuf_leaf_116_v_clk
 1.702294e-07 1.796191e-07 6.990053e-12 3.498555e-07 clkbuf_leaf_123_v_clk
 1.700691e-07 1.793392e-07 6.990053e-12 3.494154e-07 clkbuf_leaf_86_v_clk
 1.696619e-07 1.781910e-07 6.990053e-12 3.478599e-07 clkbuf_leaf_78_v_clk
 1.696015e-07 1.764466e-07 6.990053e-12 3.460551e-07 clkbuf_leaf_69_v_clk
 1.513393e-07 1.944260e-07 6.975258e-12 3.457722e-07 clkbuf_leaf_109_w_clk
 1.697488e-07 1.756086e-07 6.990053e-12 3.453644e-07 clkbuf_leaf_108_v_clk
 1.699540e-07 1.751643e-07 6.990053e-12 3.451253e-07 clkbuf_leaf_91_v_clk
 5.734550e-08 2.860577e-07 1.351465e-11 3.434168e-07 fanout742
 1.504020e-07 1.904308e-07 6.975258e-12 3.408398e-07 clkbuf_leaf_51_w_clk
 1.706361e-07 1.699053e-07 6.990053e-12 3.405484e-07 clkbuf_leaf_127_v_clk
 7.035731e-08 2.699163e-07 1.101429e-11 3.402846e-07 fanout748
 1.694337e-07 1.680312e-07 6.990053e-12 3.374719e-07 clkbuf_leaf_113_v_clk
 1.503173e-07 1.867998e-07 6.975258e-12 3.371241e-07 clkbuf_leaf_54_w_clk
 1.696114e-07 1.646244e-07 6.990053e-12 3.342427e-07 clkbuf_leaf_67_v_clk
 1.704648e-07 1.637354e-07 6.990053e-12 3.342071e-07 clkbuf_leaf_3_v_clk
 1.511578e-07 1.823832e-07 6.975258e-12 3.335480e-07 clkbuf_leaf_84_w_clk
 4.604202e-08 2.874610e-07 7.249032e-12 3.335103e-07 max_cap194
 1.697639e-07 1.636633e-07 6.990053e-12 3.334342e-07 clkbuf_leaf_117_v_clk
 1.694264e-07 1.636031e-07 6.990053e-12 3.330365e-07 clkbuf_leaf_107_v_clk
 1.692654e-07 1.636167e-07 6.990053e-12 3.328892e-07 clkbuf_leaf_82_v_clk
 1.696196e-07 1.632262e-07 6.990053e-12 3.328528e-07 clkbuf_leaf_87_v_clk
 7.101771e-08 2.612021e-07 1.363063e-11 3.322334e-07 fanout747
 1.702281e-07 1.605988e-07 6.990053e-12 3.308339e-07 clkbuf_leaf_30_v_clk
 1.696686e-07 1.604265e-07 6.990053e-12 3.301021e-07 clkbuf_leaf_119_v_clk
 1.691754e-07 1.607437e-07 6.990053e-12 3.299261e-07 clkbuf_leaf_75_v_clk
 1.702018e-07 1.597083e-07 6.990053e-12 3.299171e-07 clkbuf_leaf_31_v_clk
 1.701950e-07 1.593750e-07 6.990053e-12 3.295770e-07 clkbuf_leaf_25_v_clk
 1.692541e-07 1.600956e-07 6.990053e-12 3.293567e-07 clkbuf_leaf_111_v_clk
 1.504025e-07 1.787064e-07 6.975258e-12 3.291159e-07 clkbuf_leaf_32_w_clk
 1.510080e-07 1.769894e-07 6.975258e-12 3.280043e-07 clkbuf_leaf_81_w_clk
 1.701454e-07 1.568860e-07 6.990053e-12 3.270384e-07 clkbuf_leaf_9_v_clk
 1.697054e-07 1.567251e-07 6.990053e-12 3.264375e-07 clkbuf_leaf_23_v_clk
 1.696703e-07 1.564488e-07 6.990053e-12 3.261261e-07 clkbuf_leaf_42_v_clk
 1.693510e-07 1.565140e-07 6.990053e-12 3.258720e-07 clkbuf_leaf_49_v_clk
 1.501194e-07 1.756688e-07 6.975258e-12 3.257952e-07 clkbuf_leaf_92_w_clk
 1.697983e-07 1.559225e-07 6.990053e-12 3.257278e-07 clkbuf_leaf_97_v_clk
 1.696446e-07 1.559219e-07 6.990053e-12 3.255735e-07 clkbuf_leaf_45_v_clk
 1.690740e-07 1.556560e-07 6.990053e-12 3.247369e-07 clkbuf_leaf_115_v_clk
 1.700205e-07 1.532742e-07 6.990053e-12 3.233018e-07 clkbuf_leaf_29_v_clk
 1.699983e-07 1.525035e-07 6.990053e-12 3.225088e-07 clkbuf_leaf_35_v_clk
 7.368391e-08 2.470655e-07 1.112041e-11 3.207606e-07 fanout754
 1.501720e-07 1.704288e-07 6.975258e-12 3.206078e-07 clkbuf_leaf_34_w_clk
 1.506513e-07 1.696263e-07 6.975258e-12 3.202846e-07 clkbuf_leaf_111_w_clk
 1.694528e-07 1.494886e-07 6.990053e-12 3.189484e-07 clkbuf_leaf_48_v_clk
 6.947536e-08 2.485109e-07 1.097137e-11 3.179973e-07 fanout648
 8.693526e-09 3.092007e-07 5.274520e-12 3.178995e-07 _20523_
 1.498667e-07 1.662377e-07 6.975258e-12 3.161113e-07 clkbuf_leaf_96_w_clk
 1.693505e-07 1.458163e-07 6.990053e-12 3.151738e-07 clkbuf_leaf_43_v_clk
 1.697146e-07 1.454052e-07 6.990053e-12 3.151268e-07 clkbuf_leaf_93_v_clk
 1.698011e-07 1.452590e-07 6.990053e-12 3.150672e-07 clkbuf_leaf_22_v_clk
 1.691952e-07 1.450021e-07 6.990053e-12 3.142042e-07 clkbuf_leaf_66_v_clk
 1.687638e-07 1.453070e-07 6.990053e-12 3.140778e-07 clkbuf_leaf_79_v_clk
 1.690346e-07 1.449455e-07 6.990053e-12 3.139871e-07 clkbuf_leaf_50_v_clk
 1.694636e-07 1.438900e-07 6.990053e-12 3.133606e-07 clkbuf_leaf_103_v_clk
 1.690355e-07 1.436242e-07 6.990053e-12 3.126667e-07 clkbuf_leaf_60_v_clk
 1.697282e-07 1.428913e-07 6.990053e-12 3.126265e-07 clkbuf_leaf_36_v_clk
 1.689768e-07 1.427401e-07 6.990053e-12 3.117239e-07 clkbuf_leaf_51_v_clk
 6.837303e-08 2.428516e-07 1.239358e-11 3.112370e-07 fanout711
 1.495843e-07 1.604210e-07 6.975258e-12 3.100122e-07 clkbuf_leaf_52_w_clk
 1.504722e-07 1.580553e-07 6.975258e-12 3.085345e-07 clkbuf_leaf_82_w_clk
 1.495511e-07 1.588925e-07 6.975258e-12 3.084506e-07 clkbuf_leaf_58_w_clk
 1.688899e-07 1.393288e-07 6.990053e-12 3.082257e-07 clkbuf_leaf_53_v_clk
 1.693073e-07 1.383866e-07 6.990053e-12 3.077009e-07 clkbuf_leaf_96_v_clk
 1.498162e-07 1.575272e-07 6.975258e-12 3.073503e-07 clkbuf_leaf_30_w_clk
 1.689938e-07 1.377086e-07 6.990053e-12 3.067094e-07 clkbuf_leaf_72_v_clk
 1.686781e-07 1.378460e-07 6.990053e-12 3.065311e-07 clkbuf_leaf_110_v_clk
 1.691099e-07 1.364290e-07 6.990053e-12 3.055458e-07 clkbuf_leaf_41_v_clk
 1.497622e-07 1.555561e-07 6.975258e-12 3.053253e-07 clkbuf_leaf_33_w_clk
 1.696622e-07 1.355200e-07 6.990053e-12 3.051892e-07 clkbuf_leaf_124_v_clk
 1.695185e-07 1.352443e-07 6.990053e-12 3.047697e-07 clkbuf_leaf_27_v_clk
 4.328415e-08 2.611578e-07 4.318170e-12 3.044463e-07 fanout507
 1.688577e-07 1.355361e-07 6.990053e-12 3.044008e-07 clkbuf_leaf_90_v_clk
 1.684963e-07 1.357111e-07 6.990053e-12 3.042144e-07 clkbuf_leaf_74_v_clk
 1.690771e-07 1.350764e-07 6.990053e-12 3.041605e-07 clkbuf_leaf_40_v_clk
 1.689674e-07 1.347880e-07 6.990053e-12 3.037623e-07 clkbuf_leaf_120_v_clk
 1.689462e-07 1.346545e-07 6.990053e-12 3.036077e-07 clkbuf_leaf_118_v_clk
 1.687853e-07 1.346241e-07 6.990053e-12 3.034164e-07 clkbuf_leaf_56_v_clk
 1.684707e-07 1.345065e-07 6.990053e-12 3.029842e-07 clkbuf_leaf_76_v_clk
 1.687345e-07 1.341204e-07 6.990053e-12 3.028619e-07 clkbuf_leaf_46_v_clk
 1.691693e-07 1.334675e-07 6.990053e-12 3.026437e-07 clkbuf_leaf_104_v_clk
 1.495076e-07 1.531083e-07 6.975258e-12 3.026229e-07 clkbuf_leaf_95_w_clk
 1.687531e-07 1.336573e-07 6.990053e-12 3.024174e-07 clkbuf_leaf_59_v_clk
 1.696441e-07 1.327629e-07 6.990053e-12 3.024140e-07 clkbuf_leaf_4_v_clk
 1.496653e-07 1.521362e-07 6.975258e-12 3.018084e-07 clkbuf_leaf_29_w_clk
 1.687624e-07 1.324104e-07 6.990053e-12 3.011798e-07 clkbuf_leaf_89_v_clk
 1.689653e-07 1.321014e-07 6.990053e-12 3.010737e-07 clkbuf_leaf_39_v_clk
 1.493491e-07 1.516246e-07 6.975258e-12 3.009806e-07 clkbuf_leaf_53_w_clk
 7.803914e-08 2.228088e-07 1.339252e-11 3.008614e-07 max_cap644
 1.684149e-07 1.323645e-07 6.990053e-12 3.007864e-07 clkbuf_leaf_112_v_clk
 1.690431e-07 1.314428e-07 6.990053e-12 3.004929e-07 clkbuf_leaf_106_v_clk
 1.683713e-07 1.320113e-07 6.990053e-12 3.003896e-07 clkbuf_leaf_81_v_clk
 1.500940e-07 1.496180e-07 6.975258e-12 2.997189e-07 clkbuf_leaf_112_w_clk
 1.501051e-07 1.492999e-07 6.975258e-12 2.994119e-07 clkbuf_leaf_0_w_clk
 1.691923e-07 1.297570e-07 6.990053e-12 2.989563e-07 clkbuf_leaf_13_v_clk
 1.685473e-07 1.299644e-07 6.990053e-12 2.985187e-07 clkbuf_leaf_88_v_clk
 1.495681e-07 1.486498e-07 6.975258e-12 2.982249e-07 clkbuf_leaf_31_w_clk
 1.685149e-07 1.296153e-07 6.990053e-12 2.981372e-07 clkbuf_leaf_85_v_clk
 1.684206e-07 1.294269e-07 6.990053e-12 2.978545e-07 clkbuf_leaf_54_v_clk
 1.687272e-07 1.291016e-07 6.990053e-12 2.978358e-07 clkbuf_leaf_19_v_clk
 1.686155e-07 1.291364e-07 6.990053e-12 2.977589e-07 clkbuf_leaf_122_v_clk
 1.684207e-07 1.290271e-07 6.990053e-12 2.974548e-07 clkbuf_leaf_58_v_clk
 1.685273e-07 1.289004e-07 6.990053e-12 2.974347e-07 clkbuf_leaf_71_v_clk
 1.500772e-07 1.465063e-07 6.975258e-12 2.965905e-07 clkbuf_leaf_88_w_clk
 1.689421e-07 1.269928e-07 6.990053e-12 2.959418e-07 clkbuf_leaf_14_v_clk
 1.683895e-07 1.273293e-07 6.990053e-12 2.957258e-07 clkbuf_leaf_64_v_clk
 1.689045e-07 1.267632e-07 6.990053e-12 2.956746e-07 clkbuf_leaf_38_v_clk
 1.499966e-07 1.454438e-07 6.975258e-12 2.954474e-07 clkbuf_leaf_4_w_clk
 1.685108e-07 1.267239e-07 6.990053e-12 2.952417e-07 clkbuf_leaf_17_v_clk
 1.492856e-07 1.453859e-07 6.975258e-12 2.946785e-07 clkbuf_leaf_99_w_clk
 1.687679e-07 1.252706e-07 6.990053e-12 2.940455e-07 clkbuf_leaf_37_v_clk
 1.679511e-07 1.257024e-07 6.990053e-12 2.936605e-07 clkbuf_leaf_109_v_clk
 1.681091e-07 1.250449e-07 6.990053e-12 2.931611e-07 clkbuf_leaf_84_v_clk
 1.494239e-07 1.437061e-07 6.975258e-12 2.931370e-07 clkbuf_leaf_36_w_clk
 1.499307e-07 1.431702e-07 6.975258e-12 2.931078e-07 clkbuf_leaf_3_w_clk
 1.685488e-07 1.237497e-07 6.990053e-12 2.923055e-07 clkbuf_leaf_94_v_clk
 1.499093e-07 1.422788e-07 6.975258e-12 2.921950e-07 clkbuf_leaf_1_w_clk
 1.500632e-07 1.417973e-07 6.975258e-12 2.918675e-07 clkbuf_leaf_66_w_clk
 1.676818e-07 1.241770e-07 6.990053e-12 2.918657e-07 clkbuf_leaf_70_v_clk
 1.498787e-07 1.419486e-07 6.975258e-12 2.918343e-07 clkbuf_leaf_115_w_clk
 1.686727e-07 1.227339e-07 6.990053e-12 2.914136e-07 clkbuf_leaf_126_v_clk
 1.682933e-07 1.230993e-07 6.990053e-12 2.913995e-07 clkbuf_leaf_98_v_clk
 1.685495e-07 1.226661e-07 6.990053e-12 2.912225e-07 clkbuf_leaf_10_v_clk
 1.678542e-07 1.230362e-07 6.990053e-12 2.908975e-07 clkbuf_leaf_47_v_clk
 1.683830e-07 1.219114e-07 6.990053e-12 2.903013e-07 clkbuf_leaf_92_v_clk
 1.499986e-07 1.396107e-07 6.975258e-12 2.896163e-07 clkbuf_leaf_62_w_clk
 1.499509e-07 1.395691e-07 6.975258e-12 2.895270e-07 clkbuf_leaf_80_w_clk
 1.491371e-07 1.399567e-07 6.975258e-12 2.891007e-07 clkbuf_leaf_97_w_clk
 1.492997e-07 1.391024e-07 6.975258e-12 2.884091e-07 clkbuf_leaf_35_w_clk
 1.499097e-07 1.381046e-07 6.975258e-12 2.880213e-07 clkbuf_leaf_79_w_clk
 1.673680e-07 1.204265e-07 6.990053e-12 2.878015e-07 clkbuf_leaf_80_v_clk
 1.675745e-07 1.196943e-07 6.990053e-12 2.872758e-07 clkbuf_leaf_52_v_clk
 1.490901e-07 1.381167e-07 6.975258e-12 2.872137e-07 clkbuf_leaf_90_w_clk
 1.681894e-07 1.187856e-07 6.990053e-12 2.869820e-07 clkbuf_leaf_11_v_clk
 1.499046e-07 1.361141e-07 6.975258e-12 2.860256e-07 clkbuf_leaf_60_w_clk
 1.497172e-07 1.361223e-07 6.975258e-12 2.858464e-07 clkbuf_leaf_116_w_clk
 1.489334e-07 1.366211e-07 6.975258e-12 2.855614e-07 clkbuf_leaf_57_w_clk
 4.498909e-08 2.399951e-07 7.300105e-12 2.849915e-07 fanout335
 1.674054e-07 1.175112e-07 6.990053e-12 2.849236e-07 clkbuf_leaf_57_v_clk
 1.678929e-07 1.165569e-07 6.990053e-12 2.844568e-07 clkbuf_leaf_95_v_clk
 1.675964e-07 1.165274e-07 6.990053e-12 2.841308e-07 clkbuf_leaf_16_v_clk
 1.680948e-07 1.159178e-07 6.990053e-12 2.840196e-07 clkbuf_leaf_1_v_clk
 1.673961e-07 1.161563e-07 6.990053e-12 2.835594e-07 clkbuf_leaf_73_v_clk
 1.675241e-07 1.157226e-07 6.990053e-12 2.832537e-07 clkbuf_leaf_18_v_clk
 1.677344e-07 1.148080e-07 6.990053e-12 2.825495e-07 clkbuf_leaf_101_v_clk
 1.671818e-07 1.149987e-07 6.990053e-12 2.821875e-07 clkbuf_leaf_55_v_clk
 1.679226e-07 1.140744e-07 6.990053e-12 2.820040e-07 clkbuf_leaf_6_v_clk
 1.677700e-07 1.142126e-07 6.990053e-12 2.819895e-07 clkbuf_leaf_12_v_clk
 1.495854e-07 1.314087e-07 6.975258e-12 2.810011e-07 clkbuf_leaf_113_w_clk
 1.670561e-07 1.135351e-07 6.990053e-12 2.805982e-07 clkbuf_leaf_62_v_clk
 1.672346e-07 1.127511e-07 6.990053e-12 2.799927e-07 clkbuf_leaf_34_v_clk
 1.672151e-07 1.122994e-07 6.990053e-12 2.795214e-07 clkbuf_leaf_20_v_clk
 1.496031e-07 1.298906e-07 6.975258e-12 2.795007e-07 clkbuf_leaf_85_w_clk
 1.670629e-07 1.123659e-07 6.990053e-12 2.794357e-07 clkbuf_leaf_65_v_clk
 1.674370e-07 1.107218e-07 6.990053e-12 2.781658e-07 clkbuf_leaf_26_v_clk
 3.747799e-08 2.390809e-07 1.335139e-11 2.765722e-07 fanout396
 1.495507e-07 1.254167e-07 6.975258e-12 2.749744e-07 clkbuf_leaf_78_w_clk
 1.671139e-07 1.070522e-07 6.990053e-12 2.741731e-07 clkbuf_leaf_7_v_clk
 1.670452e-07 1.064437e-07 6.990053e-12 2.734959e-07 clkbuf_leaf_28_v_clk
 1.669704e-07 1.064406e-07 6.990053e-12 2.734180e-07 clkbuf_leaf_100_v_clk
 1.670233e-07 1.061979e-07 6.990053e-12 2.732282e-07 clkbuf_leaf_32_v_clk
 6.046956e-08 2.116014e-07 1.126323e-11 2.720822e-07 fanout738
 1.670525e-07 1.046907e-07 6.990053e-12 2.717503e-07 clkbuf_leaf_5_v_clk
 1.493140e-07 1.222694e-07 6.975258e-12 2.715904e-07 clkbuf_leaf_110_w_clk
 1.493494e-07 1.220019e-07 6.975258e-12 2.713583e-07 clkbuf_leaf_71_w_clk
 1.663913e-07 1.048008e-07 6.990053e-12 2.711991e-07 clkbuf_leaf_63_v_clk
 1.493697e-07 1.213874e-07 6.975258e-12 2.707641e-07 clkbuf_leaf_89_w_clk
 1.668126e-07 1.037725e-07 6.990053e-12 2.705920e-07 clkbuf_leaf_8_v_clk
 1.663914e-07 1.030561e-07 6.990053e-12 2.694545e-07 clkbuf_leaf_21_v_clk
 1.661962e-07 1.026258e-07 6.990053e-12 2.688290e-07 clkbuf_leaf_68_v_clk
 1.667949e-07 1.019121e-07 6.990053e-12 2.687139e-07 clkbuf_leaf_0_v_clk
 1.666403e-07 1.020174e-07 6.990053e-12 2.686647e-07 clkbuf_leaf_33_v_clk
 1.492840e-07 1.184838e-07 6.975258e-12 2.677749e-07 clkbuf_leaf_86_w_clk
 1.489691e-07 1.186266e-07 6.975258e-12 2.676026e-07 clkbuf_leaf_7_w_clk
 4.368358e-08 2.216022e-07 4.319819e-12 2.652901e-07 fanout492
 4.322242e-08 2.219349e-07 4.318170e-12 2.651616e-07 fanout508
 5.463654e-08 2.098902e-07 1.108727e-11 2.645379e-07 fanout704
 1.657478e-07 9.870851e-08 6.990053e-12 2.644633e-07 clkbuf_leaf_61_v_clk
 1.658614e-07 9.819281e-08 6.990053e-12 2.640612e-07 clkbuf_leaf_121_v_clk
 1.658436e-07 9.793411e-08 6.990053e-12 2.637847e-07 clkbuf_leaf_125_v_clk
 1.659515e-07 9.718229e-08 6.990053e-12 2.631408e-07 clkbuf_leaf_102_v_clk
 1.488181e-07 1.114538e-07 6.975258e-12 2.602788e-07 clkbuf_leaf_83_w_clk
 1.657277e-07 9.042849e-08 6.990053e-12 2.561631e-07 clkbuf_leaf_2_v_clk
 1.477472e-07 1.081172e-07 6.975258e-12 2.558714e-07 clkbuf_leaf_91_w_clk
 4.347667e-08 2.112087e-07 3.993645e-12 2.546894e-07 fanout762
 1.482527e-07 1.064006e-07 6.975258e-12 2.546603e-07 clkbuf_leaf_69_w_clk
 1.475367e-07 1.057225e-07 6.975258e-12 2.532662e-07 clkbuf_leaf_98_w_clk
 4.346647e-08 2.093483e-07 3.993644e-12 2.528188e-07 fanout793
 1.476477e-07 1.046691e-07 6.975258e-12 2.523238e-07 clkbuf_leaf_25_w_clk
 3.006819e-08 2.222479e-07 6.989236e-12 2.523230e-07 fanout656
 1.479517e-07 1.030767e-07 6.975258e-12 2.510353e-07 clkbuf_leaf_70_w_clk
 3.643927e-08 2.145314e-07 7.090735e-12 2.509777e-07 fanout1136
 1.472513e-07 1.033599e-07 6.975258e-12 2.506181e-07 clkbuf_leaf_16_w_clk
 1.474259e-07 1.021570e-07 6.975258e-12 2.495898e-07 clkbuf_leaf_24_w_clk
 5.925698e-08 1.886107e-07 1.368477e-11 2.478814e-07 fanout730
 1.469415e-07 1.004180e-07 6.975258e-12 2.473664e-07 clkbuf_leaf_46_w_clk
 4.934699e-08 1.974788e-07 1.103032e-11 2.468368e-07 fanout636
 1.471738e-07 9.930967e-08 6.975258e-12 2.464904e-07 clkbuf_leaf_27_w_clk
 4.215779e-08 2.025978e-07 7.204212e-12 2.447627e-07 fanout709
 4.346835e-08 2.004205e-07 4.319819e-12 2.438932e-07 fanout501
 1.469090e-07 9.632462e-08 6.975258e-12 2.432405e-07 clkbuf_leaf_23_w_clk
 1.467739e-07 9.477449e-08 6.975258e-12 2.415554e-07 clkbuf_leaf_26_w_clk
 1.471313e-07 9.413742e-08 6.975258e-12 2.412757e-07 clkbuf_leaf_67_w_clk
 1.470783e-07 9.357203e-08 6.975258e-12 2.406573e-07 clkbuf_leaf_64_w_clk
 1.464081e-07 9.356983e-08 6.975258e-12 2.399849e-07 clkbuf_leaf_18_w_clk
 1.471422e-07 9.276913e-08 6.975258e-12 2.399183e-07 clkbuf_leaf_65_w_clk
 5.874222e-08 1.809408e-07 1.368469e-11 2.396967e-07 fanout729
 7.222046e-09 2.301389e-07 4.848759e-12 2.373658e-07 _21332_
 1.460727e-07 9.087656e-08 7.293752e-12 2.369566e-07 fanout782
 1.460732e-07 8.973825e-08 6.975258e-12 2.358185e-07 clkbuf_leaf_21_w_clk
 1.460587e-07 8.954616e-08 6.975258e-12 2.356118e-07 clkbuf_leaf_17_w_clk
 2.837088e-08 2.033245e-07 6.983618e-12 2.317024e-07 hold31
 4.329708e-08 1.869485e-07 4.318170e-12 2.302499e-07 fanout480
 3.253371e-08 1.970577e-07 7.184980e-12 2.295986e-07 fanout859
 2.962236e-08 1.991798e-07 6.971280e-12 2.288092e-07 fanout142
 1.454212e-07 8.229343e-08 6.975258e-12 2.277216e-07 clkbuf_leaf_38_w_clk
 4.977984e-08 1.767793e-07 7.062767e-12 2.265662e-07 fanout430
 1.455456e-07 8.001230e-08 6.975258e-12 2.255649e-07 clkbuf_leaf_11_w_clk
 4.335892e-08 1.819121e-07 4.318170e-12 2.252754e-07 fanout496
 1.454341e-07 7.877752e-08 6.975258e-12 2.242186e-07 clkbuf_leaf_12_w_clk
 1.454243e-07 7.779644e-08 6.975258e-12 2.232277e-07 clkbuf_leaf_6_w_clk
 1.454941e-07 7.616192e-08 6.975258e-12 2.216630e-07 clkbuf_leaf_68_w_clk
 2.530208e-08 1.962396e-07 4.763177e-12 2.215465e-07 wire138
 3.027816e-08 1.899097e-07 6.989387e-12 2.201949e-07 fanout657
 1.451647e-07 7.497102e-08 6.975258e-12 2.201427e-07 clkbuf_leaf_5_w_clk
 3.519095e-08 1.846777e-07 6.992829e-12 2.198757e-07 fanout213
 3.159159e-08 1.881225e-07 6.986392e-12 2.197211e-07 max_cap201
 1.447582e-07 7.461865e-08 6.975258e-12 2.193838e-07 clkbuf_leaf_15_w_clk
 1.447068e-07 7.449999e-08 6.975258e-12 2.192137e-07 clkbuf_leaf_47_w_clk
 4.343012e-08 1.749268e-07 3.993645e-12 2.183610e-07 fanout799
 1.449056e-07 7.276822e-08 6.975258e-12 2.176808e-07 clkbuf_leaf_107_w_clk
 4.464886e-08 1.707288e-07 7.163083e-12 2.153848e-07 fanout632
 1.444283e-07 7.079885e-08 6.975258e-12 2.152342e-07 clkbuf_leaf_22_w_clk
 3.334282e-08 1.807240e-07 6.952300e-12 2.140737e-07 fanout388
 1.446604e-07 6.927120e-08 6.975258e-12 2.139385e-07 clkbuf_leaf_8_w_clk
 4.568023e-08 1.670971e-07 1.098479e-11 2.127883e-07 fanout717
 1.441914e-07 6.853728e-08 6.975258e-12 2.127356e-07 clkbuf_leaf_49_w_clk
 1.441892e-07 6.807531e-08 6.975258e-12 2.122715e-07 clkbuf_leaf_14_w_clk
 1.441814e-07 6.788132e-08 6.975258e-12 2.120697e-07 clkbuf_leaf_20_w_clk
 1.444102e-07 6.656253e-08 6.975258e-12 2.109797e-07 clkbuf_leaf_10_w_clk
 4.074637e-08 1.670464e-07 7.076589e-12 2.077999e-07 max_cap312
 1.437840e-07 6.381789e-08 6.975258e-12 2.076088e-07 clkbuf_leaf_45_w_clk
 3.261527e-08 1.745359e-07 7.194595e-12 2.071584e-07 fanout1034
 2.775862e-08 1.785685e-07 6.946445e-12 2.063341e-07 max_cap177
 1.865315e-08 1.869327e-07 4.465099e-12 2.055903e-07 hold378
 1.436508e-07 6.190324e-08 6.975258e-12 2.055610e-07 clkbuf_leaf_13_w_clk
 1.438870e-07 6.133030e-08 6.975258e-12 2.052243e-07 clkbuf_leaf_106_w_clk
 2.049237e-07 0.000000e+00 4.609584e-12 2.049283e-07 clkload6
 2.045901e-07 0.000000e+00 4.609584e-12 2.045947e-07 clkload4
 1.435105e-07 6.018931e-08 6.975258e-12 2.037068e-07 clkbuf_leaf_43_w_clk
 2.109139e-08 1.823654e-07 4.535640e-12 2.034613e-07 hold2316
 3.971236e-08 1.602893e-07 7.066914e-12 2.000087e-07 fanout1123
 1.434459e-07 5.599544e-08 6.975258e-12 1.994483e-07 clkbuf_leaf_100_w_clk
 3.495237e-08 1.630312e-07 7.039395e-12 1.979906e-07 fanout1118
 3.658804e-08 1.594428e-07 7.090735e-12 1.960380e-07 fanout1134
 1.427933e-07 5.232215e-08 6.975258e-12 1.951224e-07 clkbuf_leaf_48_w_clk
 4.334713e-08 1.506866e-07 3.995294e-12 1.940377e-07 fanout767
 3.552282e-08 1.576635e-07 7.069726e-12 1.931934e-07 fanout1128
 2.232197e-08 1.701502e-07 6.932870e-12 1.924791e-07 fanout309
 3.018354e-08 1.618818e-07 6.941844e-12 1.920722e-07 fanout141
 4.349909e-08 1.473257e-07 3.993644e-12 1.908288e-07 fanout795
 3.612520e-08 1.532082e-07 7.039395e-12 1.893404e-07 hold28
 3.189163e-08 1.536116e-07 7.074756e-12 1.855103e-07 hold21
 1.924974e-08 1.656805e-07 4.484464e-12 1.849348e-07 hold1098
 3.543082e-08 1.487558e-07 7.039395e-12 1.841936e-07 fanout1107
 1.419020e-07 4.204478e-08 6.975258e-12 1.839538e-07 clkbuf_leaf_75_w_clk
 3.246984e-08 1.509726e-07 7.194595e-12 1.834497e-07 fanout1035
 3.266726e-08 1.489068e-07 7.194595e-12 1.815813e-07 fanout1033
 3.584649e-08 1.441458e-07 7.419744e-12 1.799997e-07 hold45
 3.436544e-08 1.432613e-07 6.962608e-12 1.776337e-07 fanout639
 2.916961e-08 1.443137e-07 6.980362e-12 1.734903e-07 fanout746
 2.554489e-08 1.461075e-07 4.549016e-12 1.716569e-07 fanout197
 2.421843e-08 1.427967e-07 4.800381e-12 1.670199e-07 fanout241
 4.463908e-08 1.180605e-07 1.370910e-11 1.627132e-07 fanout626
 3.636861e-08 1.252940e-07 7.039395e-12 1.616696e-07 hold114
 4.115228e-08 1.205064e-07 7.340430e-12 1.616661e-07 max_cap332
 1.578539e-07 0.000000e+00 6.990053e-12 1.578609e-07 clkload101
 1.577480e-07 0.000000e+00 6.990053e-12 1.577550e-07 clkload174
 1.577431e-07 0.000000e+00 6.990053e-12 1.577501e-07 clkload105
 1.577361e-07 0.000000e+00 6.990053e-12 1.577431e-07 clkload162
 1.576882e-07 0.000000e+00 6.990053e-12 1.576952e-07 clkload104
 1.576263e-07 0.000000e+00 6.990053e-12 1.576333e-07 clkload159
 1.576113e-07 0.000000e+00 6.990053e-12 1.576183e-07 clkload134
 1.575893e-07 0.000000e+00 6.990053e-12 1.575963e-07 clkload107
 1.575496e-07 0.000000e+00 6.990053e-12 1.575566e-07 clkload157
 1.575252e-07 0.000000e+00 6.990053e-12 1.575322e-07 clkload116
 1.575246e-07 0.000000e+00 6.990053e-12 1.575316e-07 clkload110
 1.575242e-07 0.000000e+00 6.990053e-12 1.575311e-07 clkload127
 1.574964e-07 0.000000e+00 6.990053e-12 1.575034e-07 clkload133
 1.574961e-07 0.000000e+00 6.990053e-12 1.575031e-07 clkload178
 1.574918e-07 0.000000e+00 6.990053e-12 1.574988e-07 clkload156
 1.574871e-07 0.000000e+00 6.990053e-12 1.574941e-07 clkload177
 1.574861e-07 0.000000e+00 6.990053e-12 1.574931e-07 clkload125
 1.574828e-07 0.000000e+00 6.990053e-12 1.574898e-07 clkload158
 1.574707e-07 0.000000e+00 6.990053e-12 1.574777e-07 clkload143
 1.574551e-07 0.000000e+00 6.990053e-12 1.574621e-07 clkload132
 1.574435e-07 0.000000e+00 6.990053e-12 1.574505e-07 clkload151
 1.574364e-07 0.000000e+00 6.990053e-12 1.574434e-07 clkload124
 1.574244e-07 0.000000e+00 6.990053e-12 1.574314e-07 clkload131
 1.574210e-07 0.000000e+00 6.990053e-12 1.574280e-07 clkload186
 1.573512e-07 0.000000e+00 6.990053e-12 1.573582e-07 clkload183
 1.573391e-07 0.000000e+00 6.990053e-12 1.573461e-07 clkload165
 1.929150e-08 1.379877e-07 4.481950e-12 1.572837e-07 hold819
 3.118613e-08 1.254954e-07 7.305042e-12 1.566888e-07 fanout816
 2.464072e-08 1.305054e-07 6.954053e-12 1.551531e-07 fanout178
 2.279658e-08 1.319879e-07 4.507082e-12 1.547890e-07 fanout336
 3.251384e-08 1.197830e-07 7.194595e-12 1.523040e-07 fanout1032
 2.006910e-08 1.285901e-07 6.911657e-12 1.486661e-07 fanout322
 1.987761e-08 1.227866e-07 7.251112e-12 1.426715e-07 fanout1027
 1.393478e-07 0.000000e+00 6.975258e-12 1.393548e-07 clkload36
 1.393185e-07 0.000000e+00 6.975258e-12 1.393255e-07 clkload42
 1.392768e-07 0.000000e+00 6.975258e-12 1.392837e-07 clkload37
 1.391076e-07 0.000000e+00 6.975258e-12 1.391146e-07 clkload38
 1.390601e-07 0.000000e+00 6.975258e-12 1.390671e-07 clkload39
 1.389130e-07 0.000000e+00 6.975258e-12 1.389200e-07 clkload84
 1.387933e-07 0.000000e+00 6.975258e-12 1.388002e-07 clkload24
 1.385807e-07 0.000000e+00 6.975258e-12 1.385877e-07 clkload28
 1.382074e-07 0.000000e+00 6.975258e-12 1.382144e-07 clkload18
 2.383788e-08 1.126159e-07 6.945246e-12 1.364607e-07 fanout447
 1.838572e-08 1.156608e-07 4.702891e-12 1.340512e-07 hold53
 2.025071e-08 1.127194e-07 7.009152e-12 1.329771e-07 fanout232
 1.563960e-08 1.160720e-07 4.791292e-12 1.317164e-07 fanout192
 3.158604e-08 9.258861e-08 7.074532e-12 1.241817e-07 fanout1051
 2.007900e-08 1.035691e-07 6.905697e-12 1.236551e-07 fanout449
 2.104461e-08 1.025506e-07 6.940289e-12 1.236021e-07 fanout299
 1.874837e-08 1.043393e-07 7.337812e-12 1.230950e-07 fanout667
 2.024362e-08 1.023942e-07 7.107749e-12 1.226449e-07 fanout157
 1.983315e-08 1.022299e-07 7.128462e-12 1.220701e-07 fanout871
 2.322945e-08 9.753091e-08 7.426732e-12 1.207678e-07 fanout718
 1.644834e-08 1.040813e-07 4.604931e-12 1.205342e-07 fanout866
 1.821181e-08 1.012032e-07 4.754562e-12 1.194198e-07 fanout419
 1.645510e-08 1.027730e-07 4.596760e-12 1.192327e-07 fanout1037
 1.817180e-08 9.924109e-08 4.754667e-12 1.174176e-07 fanout403
 1.825401e-08 9.808450e-08 4.754562e-12 1.163433e-07 fanout398
 1.817266e-08 9.805994e-08 4.754562e-12 1.162374e-07 fanout407
 2.258408e-08 9.335623e-08 6.954767e-12 1.159473e-07 fanout716
 1.667576e-08 9.887206e-08 7.427140e-12 1.155553e-07 fanout361
 1.652923e-08 9.685753e-08 4.604931e-12 1.133914e-07 fanout860
 1.706942e-08 9.619576e-08 7.427161e-12 1.132726e-07 fanout362
 1.577200e-08 9.549585e-08 4.698805e-12 1.112725e-07 fanout1082
 1.825834e-08 9.286723e-08 4.754781e-12 1.111303e-07 fanout418
 1.872674e-08 9.154063e-08 7.337812e-12 1.102747e-07 fanout660
 1.831492e-08 9.088446e-08 4.754781e-12 1.092041e-07 fanout415
 1.985459e-08 8.931725e-08 7.251112e-12 1.091791e-07 fanout1026
 1.651127e-08 9.010311e-08 4.604931e-12 1.066190e-07 fanout865
 1.821363e-08 8.750082e-08 4.754562e-12 1.057192e-07 fanout413
 2.010721e-08 8.529563e-08 4.705280e-12 1.054076e-07 fanout1124
 1.821934e-08 8.673391e-08 4.754667e-12 1.049580e-07 fanout404
 1.783883e-08 8.587066e-08 4.728669e-12 1.037142e-07 fanout1115
 1.659746e-08 8.369184e-08 4.604931e-12 1.002939e-07 fanout862
 1.590307e-08 8.396145e-08 4.502886e-12 9.986903e-08 fanout849
 1.791672e-08 8.165144e-08 4.796294e-12 9.957295e-08 fanout749
 1.578275e-08 8.349365e-08 4.503076e-12 9.928090e-08 fanout850
 1.824408e-08 8.033260e-08 4.754562e-12 9.858143e-08 fanout408
 1.830109e-08 7.978649e-08 4.754781e-12 9.809233e-08 fanout411
 1.582836e-08 8.119162e-08 4.502886e-12 9.702448e-08 fanout824
 1.585100e-08 8.079359e-08 4.503077e-12 9.664909e-08 fanout837
 1.019870e-08 8.575978e-08 4.447318e-12 9.596292e-08 fanout229
 1.653383e-08 7.871683e-08 4.604931e-12 9.525527e-08 fanout856
 1.592836e-08 7.805032e-08 4.503077e-12 9.398318e-08 fanout841
 1.662746e-08 7.697295e-08 7.427140e-12 9.360783e-08 fanout356
 1.835721e-08 7.451224e-08 4.754562e-12 9.287421e-08 fanout399
 1.599887e-08 7.684994e-08 4.698805e-12 9.285350e-08 fanout1100
 1.669306e-08 7.599441e-08 4.596760e-12 9.269208e-08 fanout1030
 1.588510e-08 7.611271e-08 4.503077e-12 9.200231e-08 fanout829
 1.593921e-08 7.569150e-08 4.503077e-12 9.163521e-08 fanout840
 1.587541e-08 7.466707e-08 4.698615e-12 9.054718e-08 fanout1078
 1.592626e-08 7.444563e-08 4.698805e-12 9.037659e-08 fanout1066
 1.594744e-08 7.375188e-08 4.503077e-12 8.970382e-08 fanout843
 1.672720e-08 7.253620e-08 4.604931e-12 8.926801e-08 fanout855
 2.059243e-08 6.857510e-08 6.895142e-12 8.917441e-08 fanout591
 1.591585e-08 7.323929e-08 4.698615e-12 8.915984e-08 fanout1041
 1.655707e-08 7.254114e-08 4.604931e-12 8.910281e-08 fanout858
 1.218730e-08 7.690633e-08 4.808690e-12 8.909844e-08 fanout448
 1.587120e-08 7.266610e-08 4.503077e-12 8.854181e-08 fanout846
 1.656167e-08 7.195592e-08 4.604931e-12 8.852220e-08 fanout854
 1.828626e-08 7.010791e-08 4.754562e-12 8.839893e-08 fanout410
 1.589194e-08 7.232696e-08 4.503077e-12 8.822341e-08 fanout817
 1.593974e-08 7.212827e-08 4.503077e-12 8.807251e-08 fanout825
 1.593845e-08 7.182426e-08 4.698615e-12 8.776741e-08 fanout1103
 1.587007e-08 7.084402e-08 4.698805e-12 8.671879e-08 fanout1089
 1.609634e-08 7.036828e-08 4.698615e-12 8.646931e-08 fanout1055
 1.589474e-08 7.029347e-08 4.698615e-12 8.619291e-08 fanout1080
 1.594181e-08 6.978127e-08 4.698615e-12 8.572778e-08 fanout1072
 1.589235e-08 6.907872e-08 4.502886e-12 8.497558e-08 fanout813
 1.593095e-08 6.850346e-08 4.698615e-12 8.443910e-08 fanout1090
 1.593173e-08 6.827676e-08 4.698615e-12 8.421319e-08 fanout1093
 1.610919e-08 6.808554e-08 4.698615e-12 8.419943e-08 fanout1053
 1.613656e-08 6.698460e-08 4.698615e-12 8.312585e-08 fanout1098
 1.017727e-08 7.273607e-08 4.670573e-12 8.291801e-08 fanout155
 1.077116e-08 7.212956e-08 4.812904e-12 8.290552e-08 fanout300
 1.595983e-08 6.657760e-08 4.698615e-12 8.254213e-08 fanout1060
 1.607423e-08 6.613021e-08 4.698805e-12 8.220914e-08 fanout1092
 8.175568e-08 0.000000e+00 4.047016e-12 8.175973e-08 clkload3
 8.171025e-08 0.000000e+00 4.047016e-12 8.171430e-08 clkload1
 8.137991e-08 0.000000e+00 4.770607e-12 8.138468e-08 clkload197
 8.137985e-08 0.000000e+00 4.770607e-12 8.138462e-08 clkload99
 8.135176e-08 0.000000e+00 4.770607e-12 8.135653e-08 clkload103
 8.132350e-08 0.000000e+00 4.770607e-12 8.132827e-08 clkload106
 8.130908e-08 0.000000e+00 4.770607e-12 8.131385e-08 clkload108
 8.130907e-08 0.000000e+00 4.770607e-12 8.131384e-08 clkload170
 8.130171e-08 0.000000e+00 4.770607e-12 8.130647e-08 clkload180
 8.128709e-08 0.000000e+00 4.770607e-12 8.129186e-08 clkload195
 8.125436e-08 0.000000e+00 4.770607e-12 8.125912e-08 clkload109
 8.124969e-08 0.000000e+00 4.770607e-12 8.125446e-08 clkload166
 8.124712e-08 0.000000e+00 4.770607e-12 8.125188e-08 clkload115
 1.605696e-08 6.518720e-08 4.503077e-12 8.124866e-08 fanout814
 8.123826e-08 0.000000e+00 4.770607e-12 8.124303e-08 clkload150
 8.121079e-08 0.000000e+00 4.770607e-12 8.121555e-08 clkload113
 8.120991e-08 0.000000e+00 4.770607e-12 8.121468e-08 clkload152
 8.120943e-08 0.000000e+00 4.770607e-12 8.121420e-08 clkload141
 8.119400e-08 0.000000e+00 4.770607e-12 8.119876e-08 clkload188
 1.605537e-08 6.481461e-08 4.698805e-12 8.087467e-08 fanout1102
 1.590506e-08 6.493033e-08 4.503077e-12 8.083990e-08 fanout844
 1.591660e-08 6.462950e-08 4.698615e-12 8.055080e-08 fanout1076
 1.608538e-08 6.403161e-08 4.698615e-12 8.012169e-08 fanout1052
 1.597695e-08 6.280742e-08 4.698805e-12 7.878907e-08 fanout1064
 1.592774e-08 6.194797e-08 4.698615e-12 7.788042e-08 fanout1075
 1.591103e-08 6.173644e-08 4.698805e-12 7.765217e-08 fanout1056
 1.043561e-08 6.714291e-08 4.350541e-12 7.758288e-08 fanout578
 1.611317e-08 6.064952e-08 4.698805e-12 7.676739e-08 fanout1059
 1.607855e-08 6.035155e-08 4.698615e-12 7.643479e-08 fanout1044
 1.592353e-08 5.987742e-08 4.503077e-12 7.580545e-08 fanout847
 1.108260e-08 6.460159e-08 6.903249e-12 7.569110e-08 fanout303
 1.979635e-08 5.517693e-08 4.443635e-12 7.497771e-08 hold115
 1.592354e-08 5.809796e-08 4.698615e-12 7.402620e-08 fanout1099
 1.597603e-08 5.785861e-08 4.698615e-12 7.383933e-08 fanout1091
 1.608170e-08 5.730709e-08 4.698615e-12 7.339349e-08 fanout1086
 1.045675e-08 6.258532e-08 4.350541e-12 7.304642e-08 fanout564
 9.467446e-09 6.266668e-08 4.726657e-12 7.213885e-08 fanout687
 7.193862e-08 0.000000e+00 4.783182e-12 7.194340e-08 clkload75
 7.189964e-08 0.000000e+00 4.783182e-12 7.190442e-08 clkload73
 7.187117e-08 0.000000e+00 4.783182e-12 7.187595e-08 clkload48
 7.186774e-08 0.000000e+00 4.783182e-12 7.187252e-08 clkload35
 7.186454e-08 0.000000e+00 4.783182e-12 7.186932e-08 clkload47
 7.185601e-08 0.000000e+00 4.783182e-12 7.186080e-08 clkload71
 7.184306e-08 0.000000e+00 4.783182e-12 7.184784e-08 clkload40
 7.183792e-08 0.000000e+00 4.783182e-12 7.184271e-08 clkload74
 7.181460e-08 0.000000e+00 4.783182e-12 7.181938e-08 clkload72
 7.180027e-08 0.000000e+00 4.783182e-12 7.180505e-08 clkload34
 7.179377e-08 0.000000e+00 4.783182e-12 7.179855e-08 clkload33
 7.175392e-08 0.000000e+00 4.783182e-12 7.175871e-08 clkload41
 7.174069e-08 0.000000e+00 4.783182e-12 7.174547e-08 clkload81
 7.159032e-08 0.000000e+00 4.783182e-12 7.159510e-08 clkload87
 1.492341e-08 5.663921e-08 6.952300e-12 7.156957e-08 fanout371
 1.044292e-08 6.110430e-08 4.851275e-12 7.155207e-08 fanout602
 7.149145e-08 0.000000e+00 4.783182e-12 7.149623e-08 clkload78
 7.107722e-08 0.000000e+00 4.783182e-12 7.108200e-08 clkload17
 9.147580e-09 6.098749e-08 3.709096e-12 7.013877e-08 fanout113
 1.025634e-08 5.884690e-08 4.447410e-12 6.910769e-08 fanout222
 1.046337e-08 5.819317e-08 4.350541e-12 6.866088e-08 fanout534
 1.047173e-08 5.713244e-08 4.350542e-12 6.760853e-08 fanout574
 1.045088e-08 5.673620e-08 4.851275e-12 6.719194e-08 fanout596
 1.603833e-08 5.076303e-08 4.698615e-12 6.680606e-08 fanout1071
 9.518111e-09 5.666804e-08 4.726771e-12 6.619087e-08 fanout691
 3.355117e-08 3.214729e-08 7.039395e-12 6.570550e-08 fanout1111
 9.217391e-09 5.633503e-08 3.708886e-12 6.555614e-08 fanout117
 1.036130e-08 5.517938e-08 6.900560e-12 6.554757e-08 fanout624
 1.023278e-08 5.478601e-08 4.447410e-12 6.502324e-08 fanout228
 1.050844e-08 5.429724e-08 4.851275e-12 6.481053e-08 fanout582
 9.509001e-09 5.507168e-08 4.726688e-12 6.458541e-08 fanout690
 1.027371e-08 5.403880e-08 4.447325e-12 6.431696e-08 fanout216
 9.224510e-09 5.467703e-08 3.708886e-12 6.390525e-08 fanout114
 9.503969e-09 5.381280e-08 4.726657e-12 6.332149e-08 fanout674
 9.158509e-09 5.402586e-08 3.709096e-12 6.318808e-08 fanout115
 9.499039e-09 5.344080e-08 4.726657e-12 6.294457e-08 fanout694
 1.035336e-08 5.176342e-08 4.447318e-12 6.212123e-08 fanout225
 1.044850e-08 5.137402e-08 4.372295e-12 6.182689e-08 fanout518
 1.028564e-08 5.130740e-08 4.447318e-12 6.159748e-08 fanout230
 9.536293e-09 5.167892e-08 4.726771e-12 6.121994e-08 fanout692
 9.506788e-09 5.154354e-08 4.726657e-12 6.105505e-08 fanout695
 1.053100e-08 5.046051e-08 4.851275e-12 6.099636e-08 fanout610
 1.035972e-08 5.035152e-08 4.447410e-12 6.071570e-08 fanout224
 1.050482e-08 5.016919e-08 4.829468e-12 6.067884e-08 fanout102
 1.063903e-08 4.954972e-08 4.851275e-12 6.019360e-08 fanout592
 1.026853e-08 4.982690e-08 4.670681e-12 6.010010e-08 fanout152
 1.053157e-08 4.943978e-08 4.851275e-12 5.997620e-08 fanout601
 1.054108e-08 4.939537e-08 4.350542e-12 5.994080e-08 fanout535
 1.050238e-08 4.861097e-08 4.350542e-12 5.911770e-08 fanout571
 1.051353e-08 4.819182e-08 4.851275e-12 5.871021e-08 fanout586
 8.931039e-09 4.955682e-08 4.329224e-12 5.849219e-08 fanout1094
 8.418369e-09 5.002033e-08 4.399093e-12 5.844310e-08 fanout354
 8.931165e-09 4.940415e-08 4.329224e-12 5.833964e-08 fanout1096
 8.409112e-09 4.988899e-08 4.399111e-12 5.830250e-08 fanout349
 1.053094e-08 4.749981e-08 4.350542e-12 5.803510e-08 fanout555
 1.027991e-08 4.767404e-08 4.670573e-12 5.795862e-08 fanout156
 1.053295e-08 4.729219e-08 4.350542e-12 5.782949e-08 fanout567
 1.053312e-08 4.725683e-08 4.350542e-12 5.779431e-08 fanout565
 1.001672e-08 4.774242e-08 7.474105e-12 5.776661e-08 fanout209
 9.539409e-09 4.791969e-08 4.726688e-12 5.746383e-08 fanout699
 1.143819e-08 4.601554e-08 4.044519e-12 5.745778e-08 fanout459
 1.050770e-08 4.690548e-08 4.851275e-12 5.741804e-08 fanout603
 1.056617e-08 4.684519e-08 4.851275e-12 5.741621e-08 fanout607
 9.529391e-09 4.764465e-08 4.726657e-12 5.717877e-08 fanout680
 1.028679e-08 4.675724e-08 4.429784e-12 5.704846e-08 fanout405
 1.790931e-08 3.901437e-08 4.702891e-12 5.692838e-08 fanout1129
 8.956258e-09 4.752373e-08 4.329224e-12 5.648431e-08 fanout1067
 9.535486e-09 4.604462e-08 4.726657e-12 5.558483e-08 fanout676
 1.057393e-08 4.498573e-08 4.350542e-12 5.556401e-08 fanout562
 1.111230e-08 4.441805e-08 3.987851e-12 5.553434e-08 fanout452
 1.062394e-08 4.487768e-08 4.851275e-12 5.550648e-08 fanout584
 9.599600e-09 4.571121e-08 4.726771e-12 5.531554e-08 fanout678
 9.551778e-09 4.553260e-08 4.475034e-12 5.508885e-08 fanout661
 1.054644e-08 4.449777e-08 4.851275e-12 5.504906e-08 fanout580
 1.130367e-08 4.367147e-08 3.979062e-12 5.497911e-08 fanout451
 9.203267e-09 4.523532e-08 3.708873e-12 5.444229e-08 fanout118
 1.150339e-08 4.262236e-08 3.979095e-12 5.412973e-08 fanout455
 9.266756e-09 4.483623e-08 3.708886e-12 5.410670e-08 fanout112
 8.417449e-09 4.495178e-08 4.399093e-12 5.337362e-08 fanout359
 1.052587e-08 4.258952e-08 4.350542e-12 5.311975e-08 fanout573
 1.065365e-08 4.244287e-08 4.851275e-12 5.310137e-08 fanout587
 9.520817e-09 4.339851e-08 4.726771e-12 5.292405e-08 fanout686
 7.580006e-09 4.533457e-08 4.802701e-12 5.291938e-08 fanout381
 1.053331e-08 4.230701e-08 4.851275e-12 5.284518e-08 fanout593
 8.440717e-09 4.434665e-08 4.399093e-12 5.279177e-08 fanout352
 9.249857e-09 4.336126e-08 3.709096e-12 5.261483e-08 fanout110
 1.060235e-08 4.183710e-08 4.350542e-12 5.244381e-08 fanout548
 9.542751e-09 4.269845e-08 4.726657e-12 5.224593e-08 fanout701
 1.063955e-08 4.154924e-08 4.350542e-12 5.219314e-08 fanout570
 7.594008e-09 4.431188e-08 4.802581e-12 5.191069e-08 fanout387
 9.575270e-09 4.218008e-08 4.726771e-12 5.176007e-08 fanout697
 9.551763e-09 4.220170e-08 4.726657e-12 5.175819e-08 fanout681
 1.063062e-08 4.076255e-08 4.350542e-12 5.139751e-08 fanout556
 1.068652e-08 4.046753e-08 4.350542e-12 5.115841e-08 fanout572
 9.214140e-09 4.176056e-08 3.708873e-12 5.097841e-08 fanout120
 1.060288e-08 4.033867e-08 4.851275e-12 5.094640e-08 fanout611
 1.065774e-08 4.016900e-08 4.829521e-12 5.083156e-08 fanout520
 1.058411e-08 4.016668e-08 4.350542e-12 5.075514e-08 fanout533
 9.191250e-09 4.155705e-08 3.709096e-12 5.075201e-08 fanout116
 1.056879e-08 4.017355e-08 4.851275e-12 5.074719e-08 fanout597
 1.063292e-08 3.940080e-08 4.350668e-12 5.003807e-08 fanout543
 9.590076e-09 3.986193e-08 4.726688e-12 4.945674e-08 fanout682
 7.649872e-09 4.176006e-08 4.802701e-12 4.941474e-08 fanout377
 1.062312e-08 3.849724e-08 4.350542e-12 4.912470e-08 fanout539
 7.653705e-09 4.131196e-08 4.802701e-12 4.897047e-08 fanout374
 1.055935e-08 3.783526e-08 4.350541e-12 4.839896e-08 fanout553
 7.679811e-09 4.036763e-08 4.802701e-12 4.805225e-08 fanout370
 1.064217e-08 3.705521e-08 4.851275e-12 4.770224e-08 fanout600
 8.953754e-09 3.862566e-08 3.978419e-12 4.758340e-08 fanout835
 1.071451e-08 3.676260e-08 4.350542e-12 4.748146e-08 fanout538
 1.064139e-08 3.682072e-08 4.372296e-12 4.746649e-08 fanout68
 9.645227e-09 3.732195e-08 4.726771e-12 4.697191e-08 fanout675
 4.675720e-08 0.000000e+00 4.458382e-12 4.676166e-08 clkload90
 7.670265e-09 3.905232e-08 4.802694e-12 4.672739e-08 fanout385
 8.971389e-09 3.696321e-08 4.329224e-12 4.593893e-08 fanout1042
 1.052655e-08 3.528035e-08 4.350542e-12 4.581125e-08 fanout576
 9.657716e-09 3.613611e-08 4.726688e-12 4.579855e-08 fanout684
 5.957499e-09 3.955165e-08 4.843005e-12 4.551400e-08 fanout293
 7.626293e-09 3.688642e-08 4.802581e-12 4.451752e-08 fanout376
 7.474497e-09 3.671203e-08 4.858040e-12 4.419138e-08 fanout130
 9.002045e-09 3.511310e-08 4.329224e-12 4.411948e-08 fanout1049
 8.956104e-09 3.488695e-08 3.978419e-12 4.384703e-08 fanout818
 4.293198e-08 0.000000e+00 3.805311e-12 4.293578e-08 clkload7
 7.716459e-09 3.475845e-08 4.802701e-12 4.247971e-08 fanout363
 4.246551e-08 0.000000e+00 3.805311e-12 4.246932e-08 clkload8
 7.686495e-09 3.423384e-08 4.802701e-12 4.192514e-08 fanout375
 7.641497e-09 3.379264e-08 4.802694e-12 4.143894e-08 fanout380
 1.795908e-08 2.318373e-08 4.728669e-12 4.114754e-08 hold27
 7.643663e-09 3.261273e-08 4.802581e-12 4.026120e-08 fanout379
 5.906999e-09 3.423779e-08 3.704763e-12 4.014850e-08 fanout569
 2.912621e-08 1.092675e-08 7.074756e-12 4.006003e-08 fanout1073
 7.630613e-09 3.234513e-08 4.802694e-12 3.998055e-08 fanout365
 4.579100e-09 3.331894e-08 3.681672e-12 3.790172e-08 wire88
 3.185178e-08 5.630794e-09 7.039395e-12 3.748962e-08 fanout1108
 9.010935e-09 2.829728e-08 4.329224e-12 3.731255e-08 fanout1077
 5.926557e-09 3.032187e-08 4.603105e-12 3.625303e-08 fanout612
 5.923695e-09 2.986730e-08 3.704764e-12 3.579470e-08 fanout575
 5.927069e-09 2.980833e-08 3.704763e-12 3.573911e-08 fanout549
 5.939147e-09 2.955126e-08 4.603105e-12 3.549501e-08 fanout608
 5.922920e-09 2.931159e-08 3.704764e-12 3.523822e-08 fanout542
 3.832502e-09 3.074386e-08 3.676018e-12 3.458004e-08 wire76
 5.925968e-09 2.820800e-08 3.704764e-12 3.413767e-08 fanout546
 5.384787e-09 2.851745e-08 3.928109e-12 3.390617e-08 fanout664
 5.968878e-09 2.766854e-08 4.563941e-12 3.364199e-08 fanout101
 5.930747e-09 2.755827e-08 4.603105e-12 3.349362e-08 fanout590
 4.757464e-09 2.872751e-08 3.791867e-12 3.348876e-08 fanout351
 6.033768e-09 2.733905e-08 4.603557e-12 3.337743e-08 fanout96
 3.333867e-08 0.000000e+00 2.747670e-12 3.334142e-08 clkload136
 5.923067e-09 2.729267e-08 3.704764e-12 3.321945e-08 fanout560
 3.308019e-08 0.000000e+00 2.747670e-12 3.308293e-08 clkload184
 3.307229e-08 0.000000e+00 2.747670e-12 3.307504e-08 clkload163
 5.933557e-09 2.677952e-08 4.603105e-12 3.271768e-08 fanout598
 3.215522e-08 0.000000e+00 2.747670e-12 3.215797e-08 clkload93
 5.938043e-09 2.472546e-08 4.603105e-12 3.066810e-08 fanout588
 5.950835e-09 2.447562e-08 3.704764e-12 3.043017e-08 fanout530
 6.707409e-09 2.352097e-08 4.337516e-12 3.023272e-08 fanout165
 3.188575e-09 2.692502e-08 3.679001e-12 3.011727e-08 wire71
 5.365971e-09 2.463991e-08 4.379739e-12 3.001027e-08 fanout685
 5.975190e-09 2.396846e-08 4.563941e-12 2.994822e-08 fanout99
 5.752482e-09 2.413114e-08 4.347192e-12 2.988797e-08 fanout137
 5.941225e-09 2.377076e-08 3.704763e-12 2.971569e-08 fanout551
 5.937955e-09 2.342225e-08 3.704764e-12 2.936391e-08 fanout568
 5.755231e-09 2.330871e-08 4.347192e-12 2.906829e-08 fanout136
 2.901199e-08 0.000000e+00 2.646198e-12 2.901463e-08 clkload64
 2.899429e-08 0.000000e+00 2.646198e-12 2.899694e-08 clkload65
 2.894968e-08 0.000000e+00 2.646198e-12 2.895233e-08 clkload30
 2.889203e-08 0.000000e+00 2.646198e-12 2.889468e-08 clkload31
 2.885704e-08 0.000000e+00 2.646198e-12 2.885968e-08 clkload51
 5.418950e-09 2.303550e-08 4.379739e-12 2.845883e-08 fanout679
 2.844514e-08 0.000000e+00 2.646198e-12 2.844779e-08 clkload19
 2.838753e-08 0.000000e+00 2.646198e-12 2.839018e-08 clkload9
 2.826355e-08 0.000000e+00 2.646198e-12 2.826620e-08 clkload11
 2.822372e-08 0.000000e+00 2.646198e-12 2.822636e-08 clkload12
 4.774629e-09 2.287889e-08 3.791867e-12 2.765731e-08 fanout353
 2.722526e-08 0.000000e+00 1.567550e-12 2.722683e-08 clkload0
 4.301889e-09 2.132689e-08 4.515948e-12 2.563329e-08 fanout366
 5.941507e-09 1.964561e-08 3.704764e-12 2.559082e-08 fanout536
 2.553268e-08 0.000000e+00 1.152169e-13 2.553280e-08 clkload155
 2.551262e-08 0.000000e+00 1.152169e-13 2.551274e-08 clkload114
 2.550644e-08 0.000000e+00 1.152169e-13 2.550655e-08 clkload111
 5.522026e-09 1.992861e-08 4.858506e-12 2.545549e-08 fanout277
 2.531145e-08 0.000000e+00 1.152169e-13 2.531157e-08 clkload128
 2.516636e-08 0.000000e+00 1.152169e-13 2.516648e-08 clkload122
 2.508020e-08 0.000000e+00 1.152169e-13 2.508031e-08 clkload120
 5.418954e-09 1.962288e-08 4.858512e-12 2.504669e-08 fanout275
 2.495581e-08 0.000000e+00 1.152169e-13 2.495592e-08 clkload190
 2.475984e-08 0.000000e+00 1.152169e-13 2.475996e-08 clkload164
 2.466072e-08 0.000000e+00 1.152169e-13 2.466083e-08 clkload187
 2.465058e-08 0.000000e+00 1.152169e-13 2.465070e-08 clkload169
 5.385389e-09 1.880667e-08 4.343185e-12 2.419640e-08 fanout278
 5.545846e-09 1.859851e-08 4.864200e-12 2.414922e-08 fanout166
 2.326197e-08 0.000000e+00 1.152169e-13 2.326209e-08 clkload91
 2.325976e-08 0.000000e+00 1.152169e-13 2.325988e-08 clkload92
 2.265781e-08 0.000000e+00 1.152169e-13 2.265793e-08 clkload97
 4.213410e-09 1.820216e-08 4.330922e-12 2.241990e-08 fanout129
 3.296555e-09 1.842966e-08 6.875606e-12 2.173309e-08 max_cap291
 2.152438e-08 0.000000e+00 1.128769e-13 2.152449e-08 clkload68
 4.602809e-09 1.565979e-08 4.864206e-12 2.026746e-08 fanout169
 2.018232e-08 0.000000e+00 1.128769e-13 2.018244e-08 clkload10
 4.503851e-09 1.567274e-08 4.337496e-12 2.018093e-08 fanout171
 7.114915e-09 1.305692e-08 1.181000e-12 2.017301e-08 max_cap265
 4.255317e-09 1.556865e-08 4.863190e-12 1.982883e-08 fanout162
 4.248622e-09 1.501564e-08 4.615240e-12 1.926888e-08 fanout131
 4.247005e-09 1.468919e-08 4.338507e-12 1.894053e-08 fanout159
 7.328910e-09 1.160157e-08 1.181000e-12 1.893167e-08 max_cap248
 4.499024e-09 1.414190e-08 4.628131e-12 1.864555e-08 fanout93
 4.243175e-09 1.431695e-08 4.338507e-12 1.856447e-08 fanout160
 4.327986e-09 1.380145e-08 3.676071e-12 1.813311e-08 max_cap77
 1.746588e-08 0.000000e+00 1.894335e-12 1.746777e-08 clkload100
 1.738082e-08 0.000000e+00 1.894335e-12 1.738271e-08 clkload173
 1.733878e-08 0.000000e+00 1.894335e-12 1.734068e-08 clkload123
 1.733007e-08 0.000000e+00 1.894335e-12 1.733197e-08 clkload102
 1.731855e-08 0.000000e+00 1.894335e-12 1.732044e-08 clkload193
 1.723837e-08 0.000000e+00 1.894335e-12 1.724027e-08 clkload194
 1.719368e-08 0.000000e+00 1.894335e-12 1.719557e-08 clkload160
 1.718137e-08 0.000000e+00 1.894335e-12 1.718327e-08 clkload171
 1.712457e-08 0.000000e+00 1.894335e-12 1.712647e-08 clkload154
 1.712402e-08 0.000000e+00 1.894335e-12 1.712592e-08 clkload176
 1.707051e-08 0.000000e+00 1.894335e-12 1.707240e-08 clkload112
 1.706963e-08 0.000000e+00 1.894335e-12 1.707152e-08 clkload172
 1.704357e-08 0.000000e+00 1.894335e-12 1.704546e-08 clkload137
 1.703317e-08 0.000000e+00 1.894335e-12 1.703507e-08 clkload182
 1.702543e-08 0.000000e+00 1.894335e-12 1.702732e-08 clkload153
 1.700589e-08 0.000000e+00 1.894335e-12 1.700779e-08 clkload189
 1.696745e-08 0.000000e+00 1.894335e-12 1.696934e-08 clkload148
 1.695765e-08 0.000000e+00 1.894335e-12 1.695954e-08 clkload192
 1.692614e-08 0.000000e+00 1.894335e-12 1.692804e-08 clkload145
 4.859097e-09 1.186876e-08 3.686228e-12 1.673155e-08 max_cap70
 3.309410e-09 1.311897e-08 4.334483e-12 1.643271e-08 fanout527
 1.551478e-08 0.000000e+00 1.745098e-12 1.551653e-08 clkload26
 1.548923e-08 0.000000e+00 1.745098e-12 1.549098e-08 clkload25
 1.543378e-08 0.000000e+00 1.745098e-12 1.543553e-08 clkload23
 3.019582e-09 1.231859e-08 3.691567e-12 1.534187e-08 fanout279
 5.748321e-09 9.504530e-09 1.181000e-12 1.525403e-08 max_cap259
 1.523284e-08 0.000000e+00 1.745098e-12 1.523458e-08 clkload45
 1.518467e-08 0.000000e+00 1.745098e-12 1.518641e-08 clkload46
 1.495291e-08 0.000000e+00 1.745098e-12 1.495465e-08 clkload85
 1.485836e-08 0.000000e+00 1.745098e-12 1.486011e-08 clkload58
 2.431903e-09 1.235903e-08 3.683173e-12 1.479462e-08 fanout161
 3.130979e-09 1.089147e-08 3.679344e-12 1.402613e-08 max_cap167
 3.222322e-09 9.958507e-09 4.704776e-12 1.318553e-08 hold986
 2.387566e-09 9.069461e-09 3.666865e-12 1.146069e-08 fanout135
 1.281225e-09 7.717871e-09 3.665987e-12 9.002763e-09 max_cap78
 1.748004e-09 7.084414e-09 3.890432e-12 8.836309e-09 fanout620
 1.685048e-09 6.633906e-09 3.673712e-12 8.322628e-09 max_cap81
 1.794659e-09 4.200171e-09 3.667363e-12 5.998497e-09 max_cap86
 5.662430e-10 4.544700e-09 3.662368e-12 5.114606e-09 wire65
 9.003480e-10 3.038651e-09 3.665544e-12 3.942664e-09 max_cap79
 1.136700e-09 1.644198e-09 1.181000e-12 2.782079e-09 max_cap528
 1.095378e-09 1.440666e-09 1.181000e-12 2.537225e-09 max_cap526
 2.141879e-10 1.510275e-09 3.659650e-12 1.728122e-09 wire74
 2.158766e-10 1.035537e-09 3.659649e-12 1.255074e-09 max_cap75
 1.597768e-10 8.306096e-10 1.414509e-11 1.004532e-09 hold123
 1.253826e-10 8.177204e-10 3.659651e-12 9.467627e-10 wire84
 1.432195e-10 4.726857e-10 4.286814e-12 6.201919e-10 fanout874
 5.257743e-11 2.092248e-10 3.667538e-12 2.654698e-10 fanout617
 3.933719e-11 1.989976e-10 4.328534e-12 2.426634e-10 fanout1018
 3.924144e-11 1.933149e-10 4.328534e-12 2.368848e-10 fanout986
 1.469485e-10 6.078477e-11 1.414509e-11 2.218783e-10 fanout1025
 3.936570e-11 1.755480e-10 4.328534e-12 2.192423e-10 fanout928
 1.295608e-10 8.490446e-11 1.181000e-12 2.156462e-10 _24615_
 1.293110e-10 7.949692e-11 1.181000e-12 2.099889e-10 _24622_
 1.288585e-10 6.970316e-11 1.181000e-12 1.997426e-10 _24623_
 1.287729e-10 6.783148e-11 1.181000e-12 1.977854e-10 _24618_
 1.287439e-10 6.722002e-11 1.181000e-12 1.971449e-10 _24619_
 1.286641e-10 6.547489e-11 1.181000e-12 1.953200e-10 _24621_
 1.285296e-10 6.257041e-11 1.181000e-12 1.922810e-10 _24614_
 5.285340e-11 1.342581e-10 3.677239e-12 1.907888e-10 fanout615
 2.213576e-11 1.637451e-10 3.665282e-12 1.895462e-10 fanout965
 1.284944e-10 5.773925e-11 1.181000e-12 1.874146e-10 _24620_
 1.281845e-10 5.508213e-11 1.181000e-12 1.844476e-10 _24617_
 1.280606e-10 5.242548e-11 1.181000e-12 1.816671e-10 _24616_
 2.223100e-11 1.343863e-10 3.665282e-12 1.602826e-10 fanout985
 2.214296e-11 1.287438e-10 3.665282e-12 1.545520e-10 fanout952
 2.211434e-11 1.205888e-10 3.665282e-12 1.463684e-10 fanout957
 2.234469e-11 1.164457e-10 3.665282e-12 1.424557e-10 fanout895
 2.227601e-11 1.132653e-10 3.665283e-12 1.392065e-10 fanout983
 2.235967e-11 1.128116e-10 3.665283e-12 1.388365e-10 fanout935
 2.215980e-11 1.121218e-10 3.665282e-12 1.379469e-10 fanout984
 2.237779e-11 1.117949e-10 3.665282e-12 1.378380e-10 fanout898
 2.249064e-11 1.114054e-10 3.665282e-12 1.375614e-10 fanout1000
 2.231491e-11 1.098716e-10 3.665282e-12 1.358518e-10 fanout972
 2.238885e-11 1.083837e-10 3.665283e-12 1.344379e-10 fanout943
 2.229691e-11 1.075251e-10 3.665283e-12 1.334872e-10 fanout1012
 2.224695e-11 1.068124e-10 3.665283e-12 1.327246e-10 fanout961
 2.240204e-11 1.053540e-10 3.665282e-12 1.314213e-10 fanout995
 2.218141e-11 1.041715e-10 3.665282e-12 1.300182e-10 fanout978
 2.221651e-11 1.036460e-10 3.665282e-12 1.295278e-10 fanout951
 2.221796e-11 1.029401e-10 3.665282e-12 1.288233e-10 fanout945
 2.232317e-11 1.025945e-10 3.665282e-12 1.285829e-10 fanout970
 2.226691e-11 1.016924e-10 3.665282e-12 1.276246e-10 fanout956
 2.221859e-11 1.009502e-10 3.665282e-12 1.268340e-10 fanout885
 2.240628e-11 9.989512e-11 3.665283e-12 1.259667e-10 fanout931
 2.225369e-11 1.000432e-10 3.665283e-12 1.259622e-10 fanout1008
 8.405626e-11 4.022713e-11 1.181000e-12 1.254644e-10 _24613_
 2.231575e-11 9.938621e-11 3.665283e-12 1.253672e-10 fanout982
 2.234205e-11 9.882849e-11 3.665282e-12 1.248358e-10 fanout1007
 2.239395e-11 9.836802e-11 3.665283e-12 1.244272e-10 fanout1021
 8.399657e-11 3.905325e-11 1.181000e-12 1.242308e-10 _24612_
 8.395498e-11 3.823471e-11 1.181000e-12 1.233707e-10 _24605_
 2.219956e-11 9.743924e-11 3.665282e-12 1.233041e-10 fanout890
 2.244981e-11 9.716764e-11 3.665283e-12 1.232827e-10 fanout946
 2.220015e-11 9.716375e-11 3.665282e-12 1.230292e-10 fanout903
 2.243254e-11 9.690588e-11 3.665283e-12 1.230037e-10 fanout1015
 2.223484e-11 9.685283e-11 3.665282e-12 1.227529e-10 fanout942
 2.219825e-11 9.671875e-11 3.665282e-12 1.225823e-10 fanout936
 8.390092e-11 3.717259e-11 1.181000e-12 1.222545e-10 _24611_
 8.385720e-11 3.631280e-11 1.181000e-12 1.213510e-10 _24610_
 8.384796e-11 3.613152e-11 1.181000e-12 1.211605e-10 _24604_
 2.220416e-11 9.526718e-11 3.665282e-12 1.211366e-10 fanout988
 8.383162e-11 3.580987e-11 1.181000e-12 1.208225e-10 _24606_
 8.382754e-11 3.573001e-11 1.181000e-12 1.207386e-10 _24608_
 8.381607e-11 3.550372e-11 1.181000e-12 1.205008e-10 _24607_
 2.239032e-11 9.444099e-11 3.665283e-12 1.204966e-10 fanout944
 2.242310e-11 9.389413e-11 3.665282e-12 1.199825e-10 fanout902
 2.220637e-11 9.409611e-11 3.665282e-12 1.199678e-10 fanout989
 2.220826e-11 9.392433e-11 3.665282e-12 1.197979e-10 fanout997
 8.377909e-11 3.477798e-11 1.181000e-12 1.197381e-10 _24609_
 2.221245e-11 9.378937e-11 3.665282e-12 1.196671e-10 fanout1010
 2.242571e-11 9.348466e-11 3.665283e-12 1.195756e-10 fanout1014
 2.220520e-11 9.217499e-11 3.665282e-12 1.180455e-10 fanout977
 2.244635e-11 9.165198e-11 3.665283e-12 1.177636e-10 fanout976
 2.225843e-11 9.093671e-11 3.665282e-12 1.168604e-10 fanout958
 2.233872e-11 9.075984e-11 3.665283e-12 1.167638e-10 fanout947
 2.239427e-11 8.992297e-11 3.665283e-12 1.159825e-10 fanout991
 2.252730e-11 8.898180e-11 3.665283e-12 1.151744e-10 fanout922
 2.234182e-11 8.880034e-11 3.665282e-12 1.148074e-10 fanout966
 2.243194e-11 8.829674e-11 3.665283e-12 1.143940e-10 fanout910
 2.220768e-11 8.797352e-11 3.665283e-12 1.138465e-10 fanout920
 2.220314e-11 8.792023e-11 3.665282e-12 1.137887e-10 fanout913
 2.220763e-11 8.758573e-11 3.665283e-12 1.134586e-10 fanout915
 2.223385e-11 8.624672e-11 3.665282e-12 1.121458e-10 fanout886
 2.240899e-11 8.604847e-11 3.665282e-12 1.121227e-10 fanout891
 2.220672e-11 8.541058e-11 3.665282e-12 1.112826e-10 fanout888
 2.234275e-11 8.492992e-11 3.665282e-12 1.109380e-10 fanout1017
 2.220270e-11 8.142823e-11 3.665282e-12 1.072962e-10 fanout938
 2.216016e-11 8.089086e-11 3.665282e-12 1.067163e-10 fanout963
 2.239853e-11 7.954321e-11 3.665282e-12 1.056070e-10 fanout927
 2.234009e-11 7.711236e-11 3.665283e-12 1.031177e-10 fanout925
 2.220508e-11 7.659258e-11 3.665282e-12 1.024629e-10 fanout1003
 2.240409e-11 7.461972e-11 3.665282e-12 1.006891e-10 fanout901
 2.238806e-11 7.352687e-11 3.665283e-12 9.958021e-11 fanout932
 2.220881e-11 7.070188e-11 3.665283e-12 9.657598e-11 fanout908
 2.236811e-11 6.340183e-11 3.665282e-12 8.943522e-11 fanout892
 2.237993e-11 6.191069e-11 3.665282e-12 8.795591e-11 fanout899
 1.309727e-11 6.335853e-11 4.876300e-12 8.133211e-11 fanout877
 1.316033e-11 5.969817e-11 4.876300e-12 7.773480e-11 fanout882
 1.316437e-11 5.873348e-11 4.876300e-12 7.677415e-11 fanout883
 1.365821e-11 5.334239e-11 4.876300e-12 7.187690e-11 fanout881
 1.366677e-11 4.872664e-11 4.876300e-12 6.726971e-11 fanout880
 1.338221e-11 4.802587e-11 4.876300e-12 6.628438e-11 fanout878
 7.465860e-12 2.620325e-11 4.648000e-12 3.831711e-11 max_cap514
 2.101523e-11 5.166369e-12 3.665282e-12 2.984689e-11 fanout914
 7.836918e-18 4.377434e-17 4.873785e-12 4.873837e-12 fanout1179
 7.853889e-18 4.132255e-17 4.873785e-12 4.873834e-12 fanout1204
 7.851782e-18 4.080389e-17 4.873785e-12 4.873834e-12 fanout1209
 7.864310e-18 3.858821e-17 4.873785e-12 4.873831e-12 fanout1202
 7.889877e-18 3.748756e-17 4.873785e-12 4.873831e-12 fanout1188
 7.868173e-18 3.683782e-17 4.873785e-12 4.873830e-12 fanout1207
 7.891851e-18 3.646270e-17 4.873785e-12 4.873829e-12 fanout1192
 7.878258e-18 3.589077e-17 4.873785e-12 4.873829e-12 fanout1165
 7.905761e-18 3.381856e-17 4.873786e-12 4.873827e-12 fanout1167
 7.945075e-18 3.430360e-17 4.873785e-12 4.873827e-12 fanout1184
 7.901022e-18 3.397194e-17 4.873785e-12 4.873827e-12 fanout1199
 7.971822e-18 3.365354e-17 4.873785e-12 4.873827e-12 fanout1196
 7.911204e-18 3.250523e-17 4.873786e-12 4.873826e-12 fanout1169
 7.887642e-18 3.315356e-17 4.873785e-12 4.873826e-12 fanout1172
 7.975473e-18 3.279066e-17 4.873785e-12 4.873826e-12 fanout1198
 7.962522e-18 3.289537e-17 4.873785e-12 4.873826e-12 fanout1212
 7.920946e-18 3.159273e-17 4.873785e-12 4.873824e-12 fanout1183
 8.020462e-18 3.102351e-17 4.873785e-12 4.873824e-12 fanout1193
 7.897451e-18 3.072493e-17 4.873785e-12 4.873824e-12 fanout1173
 7.929023e-18 3.007467e-17 4.873785e-12 4.873823e-12 fanout1177
 7.932564e-18 2.936267e-17 4.873785e-12 4.873822e-12 fanout1175
 7.964992e-18 2.952660e-17 4.873785e-12 4.873822e-12 fanout1201
 7.937261e-18 2.854383e-17 4.873785e-12 4.873821e-12 fanout1181
 7.935322e-18 2.803309e-17 4.873785e-12 4.873821e-12 fanout1180
 7.920522e-18 2.758770e-17 4.873785e-12 4.873821e-12 fanout1190
 4.424166e-18 2.678409e-17 4.643488e-12 4.643519e-12 fanout1206
 4.424605e-18 2.472100e-17 4.643488e-12 4.643517e-12 fanout1170
 4.433096e-18 2.421565e-17 4.643488e-12 4.643516e-12 fanout1186
 4.435019e-18 2.394050e-17 4.643488e-12 4.643516e-12 fanout1191
 4.439140e-18 2.268389e-17 4.643488e-12 4.643515e-12 fanout1189
 4.480762e-18 2.120960e-17 4.643488e-12 4.643513e-12 fanout1197
 4.453478e-18 2.019840e-17 4.643488e-12 4.643513e-12 fanout1176
 4.455619e-18 1.948668e-17 4.643488e-12 4.643512e-12 fanout1178
 4.448141e-18 1.843707e-17 4.643488e-12 4.643511e-12 fanout1195
 4.449670e-18 1.474573e-17 4.643489e-12 4.643508e-12 fanout1168
 7.821525e-18 5.428065e-17 4.327716e-12 4.327778e-12 fanout1155
 7.824583e-18 4.493756e-17 4.327716e-12 4.327769e-12 fanout1154
 7.862253e-18 4.415523e-17 4.327716e-12 4.327768e-12 fanout1153
 7.824349e-18 4.367712e-17 4.327716e-12 4.327767e-12 fanout1158
 7.828595e-18 4.164168e-17 4.327716e-12 4.327765e-12 fanout1162
 7.914628e-18 4.076032e-17 4.327716e-12 4.327765e-12 fanout1140
 7.881001e-18 3.985414e-17 4.327716e-12 4.327764e-12 fanout1152
 7.856409e-18 3.988211e-17 4.327716e-12 4.327763e-12 fanout1147
 7.906936e-18 3.789094e-17 4.327716e-12 4.327762e-12 fanout1159
 7.869951e-18 3.645898e-17 4.327716e-12 4.327760e-12 fanout1148
 7.919852e-18 3.495668e-17 4.327716e-12 4.327759e-12 fanout1161
 7.926454e-18 3.471296e-17 4.327716e-12 4.327759e-12 fanout1150
 7.951088e-18 3.431084e-17 4.327716e-12 4.327758e-12 fanout1142
 7.934673e-18 3.372622e-17 4.327716e-12 4.327757e-12 fanout1146
 4.441318e-18 2.438781e-17 3.663813e-12 3.663842e-12 fanout1156
 1.054318e-15 1.643336e-15 1.181000e-12 1.183698e-12 input5
 6.534831e-16 9.404769e-16 1.181000e-12 1.182594e-12 input7
 5.645572e-16 8.980384e-16 1.181000e-12 1.182463e-12 input6
