     Internal    Switching      Leakage        Total
        Power        Power        Power        Power (Watts)
----------------------------------------------------
 2.507201e-07 3.347053e-06 1.100381e-11 3.597784e-06 clkbuf_0_w_clk
 3.072392e-07 2.522544e-06 1.110808e-11 2.829794e-06 clkbuf_0_v_clk
 8.948459e-07 1.748318e-06 1.225454e-11 2.643176e-06 clkbuf_1_1__f_core_clk
 8.948311e-07 1.730970e-06 1.225454e-11 2.625813e-06 clkbuf_1_0__f_core_clk
 2.530089e-07 1.301063e-06 1.313718e-11 1.554085e-06 fanout909
 8.447605e-07 5.989708e-07 1.225454e-11 1.443744e-06 clkbuf_0_core_clk
 4.398408e-07 9.609594e-07 7.177848e-12 1.400807e-06 clkbuf_leaf_3_core_clk
 4.383935e-07 9.081979e-07 7.177848e-12 1.346599e-06 clkbuf_leaf_2_core_clk
 4.383339e-07 9.023264e-07 7.177848e-12 1.340667e-06 clkbuf_leaf_14_core_clk
 4.382549e-07 9.002435e-07 7.177848e-12 1.338506e-06 clkbuf_leaf_18_core_clk
 4.376507e-07 8.810090e-07 7.177848e-12 1.318667e-06 clkbuf_leaf_4_core_clk
 4.376311e-07 8.769198e-07 7.177848e-12 1.314558e-06 clkbuf_leaf_1_core_clk
 4.366245e-07 8.402097e-07 7.177848e-12 1.276841e-06 clkbuf_leaf_13_core_clk
 4.365299e-07 8.369009e-07 7.177848e-12 1.273438e-06 clkbuf_leaf_12_core_clk
 4.362823e-07 8.279812e-07 7.177848e-12 1.264271e-06 clkbuf_leaf_17_core_clk
 3.099310e-07 9.102756e-07 1.110179e-11 1.220218e-06 clkbuf_4_13__f_v_clk
 4.342788e-07 7.576733e-07 7.177848e-12 1.191959e-06 clkbuf_leaf_9_core_clk
 4.342487e-07 7.537859e-07 7.177848e-12 1.188042e-06 clkbuf_leaf_0_core_clk
 4.341214e-07 7.519714e-07 7.177848e-12 1.186100e-06 clkbuf_leaf_7_core_clk
 8.702651e-07 3.042308e-07 1.232310e-11 1.174508e-06 clkbuf_0_clk
 4.334532e-07 7.241206e-07 7.177848e-12 1.157581e-06 clkbuf_leaf_15_core_clk
 4.333196e-07 7.197531e-07 7.177848e-12 1.153080e-06 clkbuf_leaf_16_core_clk
 4.327950e-07 7.032118e-07 7.177848e-12 1.136014e-06 clkbuf_leaf_6_core_clk
 4.327825e-07 7.030978e-07 7.177848e-12 1.135887e-06 clkbuf_leaf_8_core_clk
 3.098903e-07 8.171388e-07 1.110179e-11 1.127040e-06 clkbuf_4_14__f_v_clk
 4.320503e-07 6.732437e-07 7.177848e-12 1.105301e-06 clkbuf_leaf_10_core_clk
 4.317514e-07 6.624417e-07 7.177848e-12 1.094200e-06 clkbuf_leaf_11_core_clk
 2.843143e-07 7.940751e-07 8.850819e-12 1.078398e-06 u_icg_v
 3.096532e-07 7.680092e-07 1.110808e-11 1.077674e-06 clkbuf_4_2__f_v_clk
 3.085638e-07 7.523265e-07 1.110179e-11 1.060901e-06 clkbuf_4_8__f_v_clk
 8.503252e-07 2.028363e-07 1.232310e-11 1.053174e-06 clkbuf_1_1__f_clk
 4.303937e-07 6.153526e-07 7.177848e-12 1.045753e-06 clkbuf_leaf_5_core_clk
 3.096470e-07 7.360310e-07 1.110808e-11 1.045689e-06 clkbuf_4_1__f_v_clk
 1.532183e-07 8.698462e-07 6.976317e-12 1.023071e-06 clkbuf_2_1_0_v_clk
 3.096394e-07 7.090518e-07 1.110179e-11 1.018702e-06 clkbuf_4_15__f_v_clk
 3.094983e-07 6.887344e-07 1.110179e-11 9.982438e-07 clkbuf_4_12__f_v_clk
 3.072555e-07 6.457963e-07 1.110179e-11 9.530630e-07 clkbuf_4_7__f_v_clk
 2.572204e-07 6.918455e-07 1.100381e-11 9.490769e-07 clkbuf_4_12__f_w_clk
 2.579205e-07 6.908505e-07 1.100381e-11 9.487820e-07 clkbuf_4_1__f_w_clk
 3.086709e-07 6.376059e-07 1.110179e-11 9.462879e-07 clkbuf_4_11__f_v_clk
 3.093852e-07 6.330928e-07 1.110808e-11 9.424891e-07 clkbuf_4_3__f_v_clk
 8.391066e-07 9.770270e-08 1.232310e-11 9.368216e-07 clkbuf_1_0__f_clk
 1.525917e-07 7.769649e-07 6.976317e-12 9.295636e-07 clkbuf_2_2_0_v_clk
 3.085411e-07 6.150433e-07 1.110179e-11 9.235955e-07 clkbuf_4_10__f_v_clk
 3.093565e-07 6.061010e-07 1.110808e-11 9.154685e-07 clkbuf_4_0__f_v_clk
 2.577737e-07 6.575037e-07 1.100381e-11 9.152885e-07 clkbuf_4_2__f_w_clk
 2.568477e-07 6.560148e-07 1.100381e-11 9.128736e-07 clkbuf_4_6__f_w_clk
 2.578364e-07 6.497828e-07 1.100381e-11 9.076302e-07 clkbuf_4_3__f_w_clk
 3.082005e-07 5.875822e-07 1.110179e-11 8.957938e-07 clkbuf_4_9__f_v_clk
 3.074258e-07 5.830654e-07 1.110179e-11 8.905022e-07 clkbuf_4_4__f_v_clk
 2.570652e-07 6.133252e-07 1.100381e-11 8.704014e-07 clkbuf_4_14__f_w_clk
 2.570065e-07 6.119918e-07 1.100381e-11 8.690094e-07 clkbuf_4_13__f_w_clk
 1.262355e-07 7.373475e-07 7.046793e-12 8.635901e-07 fanout605
 1.527775e-07 7.106502e-07 6.976317e-12 8.634347e-07 clkbuf_2_3_0_v_clk
 1.517470e-07 7.098055e-07 6.976317e-12 8.615595e-07 clkbuf_2_0_0_v_clk
 2.576514e-07 5.892598e-07 1.100381e-11 8.469221e-07 clkbuf_4_0__f_w_clk
 1.264776e-07 7.156976e-07 7.046793e-12 8.421822e-07 fanout600
 4.173797e-07 4.194489e-07 8.302201e-12 8.368369e-07 u_icg
 1.267181e-07 7.090151e-07 6.957988e-12 8.357401e-07 clkbuf_2_1_0_w_clk
 2.569457e-07 5.764657e-07 1.100381e-11 8.334224e-07 clkbuf_4_15__f_w_clk
 1.270660e-07 7.023712e-07 6.957988e-12 8.294441e-07 clkbuf_2_3_0_w_clk
 3.046931e-07 5.180868e-07 1.110179e-11 8.227909e-07 clkbuf_4_5__f_v_clk
 2.566266e-07 5.507328e-07 1.100381e-11 8.073704e-07 clkbuf_4_7__f_w_clk
 2.573752e-07 5.369129e-07 1.100381e-11 7.942991e-07 clkbuf_4_9__f_w_clk
 2.574465e-07 5.256246e-07 1.100381e-11 7.830821e-07 clkbuf_4_11__f_w_clk
 5.923515e-08 7.195624e-07 1.140668e-11 7.788090e-07 fanout904
 3.027081e-07 4.709412e-07 1.110179e-11 7.736604e-07 clkbuf_4_6__f_v_clk
 1.267904e-07 6.466349e-07 6.957988e-12 7.734322e-07 clkbuf_2_2_0_w_clk
 1.269810e-07 6.424191e-07 6.957988e-12 7.694071e-07 clkbuf_2_0_0_w_clk
 2.567453e-07 4.991740e-07 1.100381e-11 7.559304e-07 clkbuf_4_4__f_w_clk
 2.555668e-07 4.445808e-07 1.100381e-11 7.001586e-07 clkbuf_4_10__f_w_clk
 2.585260e-07 4.327810e-07 8.897059e-12 6.913160e-07 u_icg_w
 2.545595e-07 4.349449e-07 1.100381e-11 6.895154e-07 clkbuf_4_5__f_w_clk
 2.548229e-07 4.270599e-07 1.100381e-11 6.818938e-07 clkbuf_4_8__f_w_clk
 8.349939e-08 5.664064e-07 1.269373e-11 6.499185e-07 fanout408
 5.902228e-08 5.736759e-07 1.138477e-11 6.327096e-07 fanout330
 6.284365e-08 5.430763e-07 1.143184e-11 6.059313e-07 hold86
 3.958164e-08 5.635360e-07 1.089596e-11 6.031286e-07 fanout211
 1.187656e-07 4.636737e-07 1.151915e-11 5.824508e-07 fanout702
 1.200484e-07 4.136929e-07 1.151962e-11 5.337529e-07 max_cap700
 7.614658e-08 4.561450e-07 1.350236e-11 5.323051e-07 fanout208
 7.478148e-08 4.470220e-07 1.316447e-11 5.218166e-07 fanout193
 3.692485e-08 4.827538e-07 7.296451e-12 5.196859e-07 max_cap192
 6.354785e-08 4.540724e-07 4.722381e-12 5.176250e-07 fanout614
 7.512094e-08 4.379630e-07 1.291683e-11 5.130968e-07 fanout344
 8.390392e-08 4.232558e-07 1.160340e-11 5.071714e-07 fanout334
 8.602071e-08 3.945950e-07 1.267276e-11 4.806284e-07 fanout1024
 6.370185e-08 4.109219e-07 4.722381e-12 4.746285e-07 fanout627
 6.450889e-08 3.957572e-07 1.319493e-11 4.602793e-07 fanout392
 6.385086e-08 3.941082e-07 4.483006e-12 4.579636e-07 fanout1059
 6.389679e-08 3.939232e-07 4.482236e-12 4.578245e-07 fanout1047
 6.500954e-08 3.837661e-07 1.115179e-11 4.487868e-07 fanout165
 6.431088e-08 3.807041e-07 4.722381e-12 4.450197e-07 fanout570
 5.181092e-08 3.910295e-07 1.356072e-11 4.428539e-07 fanout455
 6.381870e-08 3.768489e-07 4.483006e-12 4.406721e-07 fanout1096
 6.430209e-08 3.746164e-07 4.483006e-12 4.389230e-07 fanout1098
 6.395342e-08 3.731516e-07 4.722381e-12 4.371097e-07 fanout576
 6.415592e-08 3.663075e-07 4.482237e-12 4.304679e-07 fanout1097
 3.283739e-08 3.927904e-07 7.290937e-12 4.256351e-07 max_cap740
 5.832411e-08 3.668628e-07 7.065420e-12 4.251940e-07 fanout692
 6.894345e-08 3.477892e-07 1.095760e-11 4.167437e-07 fanout988
 6.456803e-08 3.419195e-07 4.722381e-12 4.064923e-07 fanout628
 4.487467e-08 3.479578e-07 7.317352e-12 3.928398e-07 max_cap149
 6.427283e-08 3.258712e-07 4.722381e-12 3.901488e-07 fanout571
 6.417567e-08 3.254919e-07 4.482236e-12 3.896720e-07 fanout1050
 6.413332e-08 3.252285e-07 4.483006e-12 3.893663e-07 fanout1038
 4.373659e-08 3.444854e-07 1.104322e-11 3.882330e-07 fanout324
 7.004635e-08 3.165089e-07 1.202774e-11 3.865673e-07 max_cap915
 6.310500e-08 3.225923e-07 1.133800e-11 3.857087e-07 fanout746
 3.818988e-08 3.462904e-07 1.093342e-11 3.844913e-07 fanout360
 6.426124e-08 3.122184e-07 4.483006e-12 3.764842e-07 fanout1046
 6.436227e-08 3.106227e-07 4.722381e-12 3.749897e-07 fanout620
 6.407098e-08 3.100819e-07 4.722381e-12 3.741576e-07 fanout601
 3.434915e-08 3.388882e-07 7.287418e-12 3.732446e-07 max_cap368
 6.416821e-08 3.075868e-07 4.722381e-12 3.717597e-07 fanout630
 6.908312e-08 3.024739e-07 1.261547e-11 3.715696e-07 fanout916
 6.492997e-08 3.065801e-07 4.722381e-12 3.715148e-07 fanout595
 6.467829e-08 3.044261e-07 4.482236e-12 3.691089e-07 fanout1035
 3.089872e-08 3.380944e-07 6.979725e-12 3.690001e-07 fanout717
 6.468025e-08 3.037592e-07 4.483006e-12 3.684439e-07 fanout1049
 6.424651e-08 3.022336e-07 4.722381e-12 3.664848e-07 fanout586
 7.039687e-08 2.939829e-07 1.261618e-11 3.643924e-07 max_cap918
 6.439763e-08 2.996665e-07 4.722381e-12 3.640688e-07 fanout573
 6.425935e-08 2.983469e-07 4.482236e-12 3.626107e-07 fanout1041
 6.440992e-08 2.978713e-07 4.722381e-12 3.622860e-07 fanout574
 6.247981e-08 2.984969e-07 1.360380e-11 3.609903e-07 max_cap990
 5.515677e-08 3.035813e-07 1.353898e-11 3.587515e-07 fanout220
 6.429853e-08 2.930603e-07 4.482236e-12 3.573633e-07 fanout1042
 1.521008e-07 2.033952e-07 6.976317e-12 3.555030e-07 clkbuf_leaf_104_v_clk
 5.141950e-08 3.029655e-07 7.250026e-12 3.543922e-07 max_cap410
 6.429744e-08 2.893644e-07 4.722381e-12 3.536666e-07 fanout587
 6.525147e-08 2.854676e-07 4.722381e-12 3.507238e-07 fanout578
 6.484931e-08 2.848486e-07 4.483006e-12 3.497024e-07 fanout1045
 6.736309e-08 2.782815e-07 1.271228e-11 3.456573e-07 fanout1030
 7.506600e-08 2.687477e-07 1.303176e-11 3.438268e-07 fanout687
 6.448069e-08 2.772029e-07 4.722381e-12 3.416883e-07 fanout607
 1.276516e-07 2.103972e-07 6.957988e-12 3.380557e-07 clkbuf_leaf_72_w_clk
 6.833815e-08 2.661189e-07 1.155697e-11 3.344686e-07 max_cap396
 7.139315e-08 2.619263e-07 1.149023e-11 3.333309e-07 hold235
 6.477198e-08 2.680803e-07 4.483006e-12 3.328568e-07 fanout1100
 6.444704e-08 2.680519e-07 4.482236e-12 3.325034e-07 fanout1053
 7.135906e-08 2.609875e-07 1.149023e-11 3.323580e-07 hold213
 6.335442e-08 2.688899e-07 1.108379e-11 3.322554e-07 fanout722
 1.511927e-07 1.788656e-07 6.976317e-12 3.300652e-07 clkbuf_leaf_82_v_clk
 1.512559e-07 1.778374e-07 6.976317e-12 3.291003e-07 clkbuf_leaf_45_v_clk
 6.216597e-08 2.661061e-07 1.104102e-11 3.282831e-07 fanout993
 1.513936e-07 1.763321e-07 6.976317e-12 3.277326e-07 clkbuf_leaf_156_v_clk
 6.486793e-08 2.613610e-07 4.482236e-12 3.262334e-07 fanout1037
 6.511929e-08 2.606843e-07 4.722381e-12 3.258083e-07 fanout606
 1.502655e-07 1.752296e-07 6.976317e-12 3.255021e-07 clkbuf_leaf_59_v_clk
 3.406105e-08 2.898157e-07 7.247331e-12 3.238841e-07 fanout1021
 6.270839e-08 2.575635e-07 1.330662e-11 3.202852e-07 fanout744
 3.675810e-08 2.826394e-07 6.998484e-12 3.194045e-07 max_cap168
 1.511480e-07 1.682027e-07 6.976317e-12 3.193576e-07 clkbuf_leaf_106_v_clk
 6.361821e-08 2.532787e-07 1.351715e-11 3.169104e-07 fanout714
 1.510338e-07 1.631951e-07 6.976317e-12 3.142358e-07 clkbuf_leaf_162_v_clk
 1.498823e-07 1.612417e-07 6.976317e-12 3.111309e-07 clkbuf_leaf_57_v_clk
 6.508147e-08 2.460330e-07 4.483006e-12 3.111190e-07 fanout1048
 1.509485e-07 1.592139e-07 6.976317e-12 3.101694e-07 clkbuf_leaf_1_v_clk
 1.507643e-07 1.593955e-07 6.976317e-12 3.101667e-07 clkbuf_leaf_78_v_clk
 6.416683e-08 2.450486e-07 1.356083e-11 3.092290e-07 fanout720
 6.450698e-08 2.443675e-07 4.483006e-12 3.088790e-07 fanout1088
 6.743601e-08 2.412783e-07 1.089532e-11 3.087252e-07 fanout737
 1.514192e-07 1.565475e-07 6.976317e-12 3.079736e-07 clkbuf_leaf_39_v_clk
 6.455047e-08 2.428687e-07 4.483006e-12 3.074237e-07 fanout1057
 1.506750e-07 1.562267e-07 6.976317e-12 3.069087e-07 clkbuf_leaf_67_v_clk
 1.506437e-07 1.560048e-07 6.976317e-12 3.066555e-07 clkbuf_leaf_52_v_clk
 1.497648e-07 1.568238e-07 6.976317e-12 3.065956e-07 clkbuf_leaf_58_v_clk
 6.441164e-08 2.418274e-07 4.722381e-12 3.062438e-07 fanout632
 1.506366e-07 1.548491e-07 6.976317e-12 3.054926e-07 clkbuf_leaf_69_v_clk
 1.505647e-07 1.549031e-07 6.976317e-12 3.054748e-07 clkbuf_leaf_75_v_clk
 1.507956e-07 1.546634e-07 6.976317e-12 3.054659e-07 clkbuf_leaf_108_v_clk
 1.507736e-07 1.543625e-07 6.976317e-12 3.051430e-07 clkbuf_leaf_105_v_clk
 1.505494e-07 1.544635e-07 6.976317e-12 3.050198e-07 clkbuf_leaf_83_v_clk
 1.267951e-07 1.768987e-07 6.957988e-12 3.037008e-07 clkbuf_leaf_79_w_clk
 1.497701e-07 1.538726e-07 6.976317e-12 3.036497e-07 clkbuf_leaf_70_v_clk
 1.497445e-07 1.529846e-07 6.976317e-12 3.027360e-07 clkbuf_leaf_71_v_clk
 1.503843e-07 1.521725e-07 6.976317e-12 3.025638e-07 clkbuf_leaf_16_v_clk
 1.507159e-07 1.516234e-07 6.976317e-12 3.023463e-07 clkbuf_leaf_159_v_clk
 1.505560e-07 1.516288e-07 6.976317e-12 3.021917e-07 clkbuf_leaf_47_v_clk
 1.497393e-07 1.517665e-07 6.976317e-12 3.015128e-07 clkbuf_leaf_63_v_clk
 3.933720e-08 2.612499e-07 7.394615e-12 3.005945e-07 fanout254
 1.511767e-07 1.493050e-07 6.976317e-12 3.004887e-07 clkbuf_leaf_44_v_clk
 3.793198e-08 2.609224e-07 1.069140e-11 2.988650e-07 fanout313
 6.021370e-08 2.384863e-07 1.375373e-11 2.987137e-07 fanout754
 1.506184e-07 1.479956e-07 6.976317e-12 2.986210e-07 clkbuf_leaf_161_v_clk
 3.721797e-08 2.611725e-07 1.091525e-11 2.984013e-07 fanout327
 1.503706e-07 1.477650e-07 6.976317e-12 2.981426e-07 clkbuf_leaf_80_v_clk
 1.506210e-07 1.473669e-07 6.976317e-12 2.979949e-07 clkbuf_leaf_166_v_clk
 1.503595e-07 1.471781e-07 6.976317e-12 2.975446e-07 clkbuf_leaf_86_v_clk
 3.609352e-08 2.611164e-07 3.941030e-12 2.972139e-07 fanout1086
 1.502330e-07 1.462767e-07 6.976317e-12 2.965167e-07 clkbuf_leaf_13_v_clk
 1.499801e-07 1.464491e-07 6.976317e-12 2.964361e-07 clkbuf_leaf_92_v_clk
 6.538154e-08 2.308226e-07 4.482236e-12 2.962086e-07 fanout1099
 6.513381e-08 2.307338e-07 4.482237e-12 2.958721e-07 fanout1055
 6.456056e-08 2.310672e-07 4.722381e-12 2.956324e-07 fanout625
 1.505328e-07 1.447947e-07 6.976317e-12 2.953345e-07 clkbuf_leaf_158_v_clk
 1.500908e-07 1.450707e-07 6.976317e-12 2.951684e-07 clkbuf_leaf_138_v_clk
 1.505415e-07 1.442541e-07 6.976317e-12 2.948026e-07 clkbuf_leaf_2_v_clk
 1.505041e-07 1.439517e-07 6.976317e-12 2.944628e-07 clkbuf_leaf_116_v_clk
 1.505494e-07 1.436776e-07 6.976317e-12 2.942340e-07 clkbuf_leaf_22_v_clk
 1.501504e-07 1.431623e-07 6.976317e-12 2.933197e-07 clkbuf_leaf_9_v_clk
 1.504432e-07 1.423374e-07 6.976317e-12 2.927875e-07 clkbuf_leaf_102_v_clk
 1.494851e-07 1.431459e-07 6.976317e-12 2.926380e-07 clkbuf_leaf_61_v_clk
 1.502819e-07 1.414252e-07 6.976317e-12 2.917140e-07 clkbuf_leaf_77_v_clk
 1.500851e-07 1.409768e-07 6.976317e-12 2.910689e-07 clkbuf_leaf_15_v_clk
 1.504750e-07 1.405187e-07 6.976317e-12 2.910007e-07 clkbuf_leaf_27_v_clk
 1.503919e-07 1.404350e-07 6.976317e-12 2.908339e-07 clkbuf_leaf_103_v_clk
 6.546973e-08 2.245507e-07 4.722381e-12 2.900252e-07 fanout631
 6.544879e-08 2.244685e-07 4.722381e-12 2.899220e-07 fanout577
 4.373153e-08 2.458499e-07 1.090318e-11 2.895923e-07 fanout473
 1.497972e-07 1.397400e-07 6.976317e-12 2.895442e-07 clkbuf_leaf_93_v_clk
 1.503775e-07 1.390092e-07 6.976317e-12 2.893937e-07 clkbuf_leaf_157_v_clk
 1.493265e-07 1.397702e-07 6.976317e-12 2.891036e-07 clkbuf_leaf_54_v_clk
 1.503794e-07 1.385270e-07 6.976317e-12 2.889134e-07 clkbuf_leaf_160_v_clk
 1.503994e-07 1.384317e-07 6.976317e-12 2.888381e-07 clkbuf_leaf_19_v_clk
 1.497610e-07 1.390682e-07 6.976317e-12 2.888361e-07 clkbuf_leaf_145_v_clk
 1.261575e-07 1.617207e-07 6.957988e-12 2.878852e-07 clkbuf_leaf_110_w_clk
 1.503199e-07 1.373179e-07 6.976317e-12 2.876448e-07 clkbuf_leaf_107_v_clk
 1.501644e-07 1.371037e-07 6.976317e-12 2.872750e-07 clkbuf_leaf_48_v_clk
 1.498482e-07 1.374076e-07 6.976317e-12 2.872627e-07 clkbuf_leaf_153_v_clk
 1.497419e-07 1.374735e-07 6.976317e-12 2.872223e-07 clkbuf_leaf_147_v_clk
 1.499834e-07 1.368739e-07 6.976317e-12 2.868643e-07 clkbuf_leaf_11_v_clk
 1.501498e-07 1.365237e-07 6.976317e-12 2.866804e-07 clkbuf_leaf_74_v_clk
 1.502883e-07 1.363353e-07 6.976317e-12 2.866305e-07 clkbuf_leaf_101_v_clk
 1.261614e-07 1.604329e-07 6.957988e-12 2.866013e-07 clkbuf_leaf_124_w_clk
 1.500718e-07 1.365039e-07 6.976317e-12 2.865826e-07 clkbuf_leaf_84_v_clk
 1.502845e-07 1.356788e-07 6.976317e-12 2.859703e-07 clkbuf_leaf_163_v_clk
 1.493083e-07 1.362224e-07 6.976317e-12 2.855376e-07 clkbuf_leaf_60_v_clk
 1.496514e-07 1.357410e-07 6.976317e-12 2.853994e-07 clkbuf_leaf_140_v_clk
 1.500315e-07 1.351884e-07 6.976317e-12 2.852269e-07 clkbuf_leaf_87_v_clk
 1.493428e-07 1.347981e-07 6.976317e-12 2.841479e-07 clkbuf_leaf_64_v_clk
 1.493549e-07 1.346898e-07 6.976317e-12 2.840517e-07 clkbuf_leaf_66_v_clk
 1.502523e-07 1.337433e-07 6.976317e-12 2.840026e-07 clkbuf_leaf_4_v_clk
 1.496117e-07 1.341106e-07 6.976317e-12 2.837293e-07 clkbuf_leaf_141_v_clk
 1.496583e-07 1.338735e-07 6.976317e-12 2.835388e-07 clkbuf_leaf_91_v_clk
 1.502042e-07 1.327798e-07 6.976317e-12 2.829910e-07 clkbuf_leaf_155_v_clk
 1.491775e-07 1.335029e-07 6.976317e-12 2.826874e-07 clkbuf_leaf_56_v_clk
 1.502104e-07 1.324183e-07 6.976317e-12 2.826356e-07 clkbuf_leaf_165_v_clk
 1.502130e-07 1.323598e-07 6.976317e-12 2.825798e-07 clkbuf_leaf_0_v_clk
 1.506766e-07 1.312658e-07 6.976317e-12 2.819494e-07 clkbuf_leaf_42_v_clk
 1.501875e-07 1.314421e-07 6.976317e-12 2.816366e-07 clkbuf_leaf_117_v_clk
 1.498388e-07 1.311739e-07 6.976317e-12 2.810197e-07 clkbuf_leaf_6_v_clk
 2.554094e-08 2.554404e-07 1.069339e-11 2.809920e-07 fanout333
 1.502639e-07 1.305888e-07 6.976317e-12 2.808597e-07 clkbuf_leaf_121_v_clk
 1.261938e-07 1.540684e-07 6.957988e-12 2.802692e-07 clkbuf_leaf_77_w_clk
 6.180232e-08 2.183369e-07 1.104102e-11 2.801503e-07 fanout992
 1.499764e-07 1.300856e-07 6.976317e-12 2.800689e-07 clkbuf_leaf_76_v_clk
 1.499830e-07 1.297585e-07 6.976317e-12 2.797484e-07 clkbuf_leaf_46_v_clk
 2.366553e-08 2.559819e-07 7.075738e-12 2.796545e-07 fanout1194
 1.501593e-07 1.287942e-07 6.976317e-12 2.789604e-07 clkbuf_leaf_23_v_clk
 1.495408e-07 1.292944e-07 6.976317e-12 2.788422e-07 clkbuf_leaf_90_v_clk
 1.497740e-07 1.287721e-07 6.976317e-12 2.785531e-07 clkbuf_leaf_7_v_clk
 1.501929e-07 1.279566e-07 6.976317e-12 2.781564e-07 clkbuf_leaf_122_v_clk
 6.435407e-08 2.134427e-07 1.330702e-11 2.778101e-07 fanout741
 1.495091e-07 1.281596e-07 6.976317e-12 2.776757e-07 clkbuf_leaf_88_v_clk
 1.497491e-07 1.278842e-07 6.976317e-12 2.776403e-07 clkbuf_leaf_14_v_clk
 1.500699e-07 1.270979e-07 6.976317e-12 2.771748e-07 clkbuf_leaf_115_v_clk
 1.261122e-07 1.508935e-07 6.957988e-12 2.770126e-07 clkbuf_leaf_76_w_clk
 1.501012e-07 1.264523e-07 6.976317e-12 2.765605e-07 clkbuf_leaf_24_v_clk
 1.491527e-07 1.272324e-07 6.976317e-12 2.763921e-07 clkbuf_leaf_65_v_clk
 1.496095e-07 1.266628e-07 6.976317e-12 2.762793e-07 clkbuf_leaf_139_v_clk
 1.501363e-07 1.258499e-07 6.976317e-12 2.759931e-07 clkbuf_leaf_126_v_clk
 1.505350e-07 1.253761e-07 6.976317e-12 2.759181e-07 clkbuf_leaf_38_v_clk
 1.266884e-07 1.492018e-07 6.957988e-12 2.758971e-07 clkbuf_leaf_107_w_clk
 1.496903e-07 1.261317e-07 6.976317e-12 2.758290e-07 clkbuf_leaf_20_v_clk
 1.490029e-07 1.266010e-07 6.976317e-12 2.756109e-07 clkbuf_leaf_55_v_clk
 1.260672e-07 1.492979e-07 6.957988e-12 2.753721e-07 clkbuf_leaf_75_w_clk
 1.494697e-07 1.253251e-07 6.976317e-12 2.748018e-07 clkbuf_leaf_144_v_clk
 1.260101e-07 1.482077e-07 6.957988e-12 2.742248e-07 clkbuf_leaf_73_w_clk
 1.258243e-07 1.481656e-07 6.957988e-12 2.739968e-07 clkbuf_leaf_121_w_clk
 1.259711e-07 1.476446e-07 6.957988e-12 2.736226e-07 clkbuf_leaf_52_w_clk
 1.495706e-07 1.239213e-07 6.976317e-12 2.734989e-07 clkbuf_leaf_127_v_clk
 3.827700e-08 2.350306e-07 7.216713e-12 2.733149e-07 fanout768
 1.496245e-07 1.231341e-07 6.976317e-12 2.727656e-07 clkbuf_leaf_12_v_clk
 1.494327e-07 1.232635e-07 6.976317e-12 2.727032e-07 clkbuf_leaf_151_v_clk
 1.500464e-07 1.226422e-07 6.976317e-12 2.726955e-07 clkbuf_leaf_124_v_clk
 1.494749e-07 1.226745e-07 6.976317e-12 2.721564e-07 clkbuf_leaf_152_v_clk
 1.489660e-07 1.224189e-07 6.976317e-12 2.713919e-07 clkbuf_leaf_62_v_clk
 3.090336e-08 2.403887e-07 1.084157e-11 2.713029e-07 fanout730
 1.499182e-07 1.212853e-07 6.976317e-12 2.712105e-07 clkbuf_leaf_113_v_clk
 1.500028e-07 1.211308e-07 6.976317e-12 2.711406e-07 clkbuf_leaf_120_v_clk
 1.499183e-07 1.209013e-07 6.976317e-12 2.708266e-07 clkbuf_leaf_18_v_clk
 1.495367e-07 1.203538e-07 6.976317e-12 2.698974e-07 clkbuf_leaf_17_v_clk
 1.492954e-07 1.201420e-07 6.976317e-12 2.694444e-07 clkbuf_leaf_95_v_clk
 1.499502e-07 1.191139e-07 6.976317e-12 2.690711e-07 clkbuf_leaf_125_v_clk
 1.494437e-07 1.192432e-07 6.976317e-12 2.686938e-07 clkbuf_leaf_134_v_clk
 1.492671e-07 1.191627e-07 6.976317e-12 2.684367e-07 clkbuf_leaf_94_v_clk
 1.258580e-07 1.425220e-07 6.957988e-12 2.683870e-07 clkbuf_leaf_74_w_clk
 3.574435e-08 2.325997e-07 7.043493e-12 2.683511e-07 hold234
 1.261695e-07 1.421592e-07 6.957988e-12 2.683356e-07 clkbuf_leaf_91_w_clk
 1.498334e-07 1.184192e-07 6.976317e-12 2.682596e-07 clkbuf_leaf_3_v_clk
 1.502677e-07 1.173885e-07 6.976317e-12 2.676632e-07 clkbuf_leaf_43_v_clk
 1.498188e-07 1.178148e-07 6.976317e-12 2.676406e-07 clkbuf_leaf_109_v_clk
 1.495806e-07 1.180472e-07 6.976317e-12 2.676347e-07 clkbuf_leaf_85_v_clk
 1.497965e-07 1.172739e-07 6.976317e-12 2.670774e-07 clkbuf_leaf_21_v_clk
 3.640627e-08 2.305088e-07 6.960774e-12 2.669220e-07 max_cap319
 1.261067e-07 1.398425e-07 6.957988e-12 2.659562e-07 clkbuf_leaf_89_w_clk
 1.496480e-07 1.159296e-07 6.976317e-12 2.655845e-07 clkbuf_leaf_114_v_clk
 1.490862e-07 1.160271e-07 6.976317e-12 2.651203e-07 clkbuf_leaf_98_v_clk
 1.492160e-07 1.155876e-07 6.976317e-12 2.648106e-07 clkbuf_leaf_131_v_clk
 1.489857e-07 1.148982e-07 6.976317e-12 2.638909e-07 clkbuf_leaf_97_v_clk
 1.493616e-07 1.145135e-07 6.976317e-12 2.638820e-07 clkbuf_leaf_73_v_clk
 1.263799e-07 1.374125e-07 6.957988e-12 2.637994e-07 clkbuf_leaf_105_w_clk
 1.491323e-07 1.145077e-07 6.976317e-12 2.636470e-07 clkbuf_leaf_129_v_clk
 1.255431e-07 1.377845e-07 6.957988e-12 2.633346e-07 clkbuf_leaf_120_w_clk
 1.263304e-07 1.369205e-07 6.957988e-12 2.632579e-07 clkbuf_leaf_29_w_clk
 1.492965e-07 1.137907e-07 6.976317e-12 2.630942e-07 clkbuf_leaf_72_v_clk
 1.490442e-07 1.138703e-07 6.976317e-12 2.629215e-07 clkbuf_leaf_137_v_clk
 1.492741e-07 1.134951e-07 6.976317e-12 2.627762e-07 clkbuf_leaf_79_v_clk
 1.260125e-07 1.362584e-07 6.957988e-12 2.622779e-07 clkbuf_leaf_88_w_clk
 1.255411e-07 1.365345e-07 6.957988e-12 2.620826e-07 clkbuf_leaf_125_w_clk
 1.492914e-07 1.120062e-07 6.976317e-12 2.613046e-07 clkbuf_leaf_154_v_clk
 1.255056e-07 1.349915e-07 6.957988e-12 2.605040e-07 clkbuf_leaf_123_w_clk
 1.490481e-07 1.113193e-07 6.976317e-12 2.603743e-07 clkbuf_leaf_50_v_clk
 1.496534e-07 1.102286e-07 6.976317e-12 2.598889e-07 clkbuf_leaf_40_v_clk
 1.489201e-07 1.093665e-07 6.976317e-12 2.582936e-07 clkbuf_leaf_68_v_clk
 1.261965e-07 1.320647e-07 6.957988e-12 2.582681e-07 clkbuf_leaf_25_w_clk
 1.255008e-07 1.322312e-07 6.957988e-12 2.577390e-07 clkbuf_leaf_63_w_clk
 3.878014e-08 2.186017e-07 7.051006e-12 2.573889e-07 fanout221
 1.253912e-07 1.318378e-07 6.957988e-12 2.572359e-07 clkbuf_leaf_118_w_clk
 1.486216e-07 1.085998e-07 6.976317e-12 2.572283e-07 clkbuf_leaf_135_v_clk
 1.485957e-07 1.082623e-07 6.976317e-12 2.568649e-07 clkbuf_leaf_133_v_clk
 1.485042e-07 1.083121e-07 6.976317e-12 2.568233e-07 clkbuf_leaf_149_v_clk
 1.487378e-07 1.077777e-07 6.976317e-12 2.565225e-07 clkbuf_leaf_51_v_clk
 1.489349e-07 1.073263e-07 6.976317e-12 2.562681e-07 clkbuf_leaf_26_v_clk
 1.255164e-07 1.304285e-07 6.957988e-12 2.559518e-07 clkbuf_leaf_40_w_clk
 1.491698e-07 1.067527e-07 6.976317e-12 2.559295e-07 clkbuf_leaf_35_v_clk
 1.256471e-07 1.298909e-07 6.957988e-12 2.555450e-07 clkbuf_leaf_128_w_clk
 1.257836e-07 1.296898e-07 6.957988e-12 2.554803e-07 clkbuf_leaf_111_w_clk
 1.483314e-07 1.070645e-07 6.976317e-12 2.554029e-07 clkbuf_leaf_96_v_clk
 1.484679e-07 1.067184e-07 6.976317e-12 2.551933e-07 clkbuf_leaf_132_v_clk
 1.488273e-07 1.063372e-07 6.976317e-12 2.551715e-07 clkbuf_leaf_110_v_clk
 1.488617e-07 1.062191e-07 6.976317e-12 2.550877e-07 clkbuf_leaf_25_v_clk
 1.258112e-07 1.290624e-07 6.957988e-12 2.548805e-07 clkbuf_leaf_95_w_clk
 5.059886e-08 2.040911e-07 1.066009e-11 2.547006e-07 max_cap417
 1.482440e-07 1.059296e-07 6.976317e-12 2.541806e-07 clkbuf_leaf_89_v_clk
 1.484473e-07 1.047006e-07 6.976317e-12 2.531548e-07 clkbuf_leaf_81_v_clk
 1.486468e-07 1.042630e-07 6.976317e-12 2.529167e-07 clkbuf_leaf_112_v_clk
 1.255707e-07 1.270059e-07 6.957988e-12 2.525836e-07 clkbuf_leaf_0_w_clk
 1.483179e-07 1.041460e-07 6.976317e-12 2.524708e-07 clkbuf_leaf_10_v_clk
 1.252709e-07 1.270324e-07 6.957988e-12 2.523103e-07 clkbuf_leaf_119_w_clk
 1.253535e-07 1.265682e-07 6.957988e-12 2.519286e-07 clkbuf_leaf_57_w_clk
 1.256243e-07 1.256981e-07 6.957988e-12 2.513294e-07 clkbuf_leaf_38_w_clk
 3.597019e-08 2.149142e-07 7.047893e-12 2.508914e-07 hold124
 1.482812e-07 1.024368e-07 6.976317e-12 2.507250e-07 clkbuf_leaf_49_v_clk
 1.487163e-07 1.016436e-07 6.976317e-12 2.503669e-07 clkbuf_leaf_33_v_clk
 1.480790e-07 1.022650e-07 6.976317e-12 2.503510e-07 clkbuf_leaf_136_v_clk
 1.486661e-07 1.010106e-07 6.976317e-12 2.496836e-07 clkbuf_leaf_30_v_clk
 1.259677e-07 1.229533e-07 6.957988e-12 2.489280e-07 clkbuf_leaf_106_w_clk
 1.253612e-07 1.231745e-07 6.957988e-12 2.485427e-07 clkbuf_leaf_54_w_clk
 4.083234e-08 2.074797e-07 1.348984e-11 2.483256e-07 fanout517
 1.251749e-07 1.227040e-07 6.957988e-12 2.478859e-07 clkbuf_leaf_122_w_clk
 1.484393e-07 9.843559e-08 6.976317e-12 2.468819e-07 clkbuf_leaf_36_v_clk
 1.476855e-07 9.907055e-08 6.976317e-12 2.467630e-07 clkbuf_leaf_148_v_clk
 1.256210e-07 1.209742e-07 6.957988e-12 2.466022e-07 clkbuf_leaf_23_w_clk
 1.477969e-07 9.860348e-08 6.976317e-12 2.464073e-07 clkbuf_leaf_128_v_clk
 1.477608e-07 9.856686e-08 6.976317e-12 2.463346e-07 clkbuf_leaf_143_v_clk
 3.933069e-08 2.068504e-07 7.394615e-12 2.461885e-07 fanout261
 1.251375e-07 1.208654e-07 6.957988e-12 2.460099e-07 clkbuf_leaf_130_w_clk
 1.250730e-07 1.208937e-07 6.957988e-12 2.459736e-07 clkbuf_leaf_7_w_clk
 1.251881e-07 1.204313e-07 6.957988e-12 2.456264e-07 clkbuf_leaf_58_w_clk
 1.253776e-07 1.198033e-07 6.957988e-12 2.451879e-07 clkbuf_leaf_135_w_clk
 1.252567e-07 1.197215e-07 6.957988e-12 2.449852e-07 clkbuf_leaf_55_w_clk
 3.472899e-08 2.102376e-07 7.047893e-12 2.449736e-07 fanout1530
 1.252085e-07 1.183074e-07 6.957988e-12 2.435228e-07 clkbuf_leaf_53_w_clk
 1.475212e-07 9.544829e-08 6.976317e-12 2.429765e-07 clkbuf_leaf_130_v_clk
 1.254498e-07 1.172270e-07 6.957988e-12 2.426838e-07 clkbuf_leaf_113_w_clk
 1.478098e-07 9.466547e-08 6.976317e-12 2.424823e-07 clkbuf_leaf_5_v_clk
 3.617074e-08 2.060608e-07 4.371863e-12 2.422360e-07 fanout609
 3.632481e-08 2.051491e-07 3.942411e-12 2.414778e-07 fanout1075
 1.250177e-07 1.163306e-07 6.957988e-12 2.413553e-07 clkbuf_leaf_129_w_clk
 1.477049e-07 9.359523e-08 6.976317e-12 2.413070e-07 clkbuf_leaf_164_v_clk
 1.253495e-07 1.154600e-07 6.957988e-12 2.408164e-07 clkbuf_leaf_37_w_clk
 1.479429e-07 9.279304e-08 6.976317e-12 2.407428e-07 clkbuf_leaf_31_v_clk
 1.471618e-07 9.318084e-08 6.976317e-12 2.403496e-07 clkbuf_leaf_146_v_clk
 1.478368e-07 9.163772e-08 6.976317e-12 2.394815e-07 clkbuf_leaf_28_v_clk
 1.257240e-07 1.134815e-07 6.957988e-12 2.392124e-07 clkbuf_leaf_102_w_clk
 1.257010e-07 1.132513e-07 6.957988e-12 2.389592e-07 clkbuf_leaf_101_w_clk
 3.606479e-08 2.027322e-07 4.371863e-12 2.388013e-07 fanout602
 1.475753e-07 9.100502e-08 6.976317e-12 2.385873e-07 clkbuf_leaf_119_v_clk
 1.256604e-07 1.126577e-07 6.957988e-12 2.383251e-07 clkbuf_leaf_26_w_clk
 3.933379e-08 1.986401e-07 7.394764e-12 2.379813e-07 fanout257
 1.248636e-07 1.128709e-07 6.957988e-12 2.377414e-07 clkbuf_leaf_6_w_clk
 1.476249e-07 8.928046e-08 6.976317e-12 2.369123e-07 clkbuf_leaf_34_v_clk
 3.001814e-08 2.067558e-07 1.076381e-11 2.367847e-07 fanout343
 1.256580e-07 1.110503e-07 6.957988e-12 2.367152e-07 clkbuf_leaf_103_w_clk
 1.255897e-07 1.108199e-07 6.957988e-12 2.364166e-07 clkbuf_leaf_28_w_clk
 1.252795e-07 1.109929e-07 6.957988e-12 2.362793e-07 clkbuf_leaf_108_w_clk
 4.673310e-08 1.894672e-07 1.089364e-11 2.362112e-07 fanout923
 1.468550e-07 8.860177e-08 6.976317e-12 2.354638e-07 clkbuf_leaf_150_v_clk
 5.276922e-08 1.818780e-07 1.107523e-11 2.346583e-07 fanout738
 1.248892e-07 1.082324e-07 6.957988e-12 2.331285e-07 clkbuf_leaf_64_w_clk
 1.251461e-07 1.078588e-07 6.957988e-12 2.330118e-07 clkbuf_leaf_35_w_clk
 1.468246e-07 8.510457e-08 6.976317e-12 2.319361e-07 clkbuf_leaf_53_v_clk
 1.470325e-07 8.474527e-08 6.976317e-12 2.317847e-07 clkbuf_leaf_123_v_clk
 1.472124e-07 8.456019e-08 6.976317e-12 2.317795e-07 clkbuf_leaf_32_v_clk
 5.405832e-08 1.771900e-07 1.332227e-11 2.312617e-07 fanout1106
 4.102802e-08 1.901722e-07 1.062576e-11 2.312108e-07 fanout723
 1.251101e-07 1.058359e-07 6.957988e-12 2.309530e-07 clkbuf_leaf_34_w_clk
 1.214945e-07 1.090456e-07 7.333003e-12 2.305474e-07 fanout910
 1.246817e-07 1.058298e-07 6.957988e-12 2.305185e-07 clkbuf_leaf_9_w_clk
 1.254787e-07 1.048221e-07 6.957988e-12 2.303078e-07 clkbuf_leaf_104_w_clk
 1.251260e-07 1.049561e-07 6.957988e-12 2.300891e-07 clkbuf_leaf_112_w_clk
 4.847072e-08 1.801690e-07 1.394655e-11 2.286536e-07 max_cap371
 3.594166e-08 1.922327e-07 7.436211e-12 2.281818e-07 hold126
 1.249970e-07 1.025063e-07 6.957988e-12 2.275103e-07 clkbuf_leaf_33_w_clk
 1.251073e-07 1.022416e-07 6.957988e-12 2.273559e-07 clkbuf_leaf_10_w_clk
 1.247066e-07 1.020380e-07 6.957988e-12 2.267516e-07 clkbuf_leaf_60_w_clk
 1.249201e-07 1.015797e-07 6.957988e-12 2.265068e-07 clkbuf_leaf_67_w_clk
 1.250765e-07 1.010624e-07 6.957988e-12 2.261459e-07 clkbuf_leaf_22_w_clk
 1.250407e-07 1.000093e-07 6.957988e-12 2.250570e-07 clkbuf_leaf_24_w_clk
 1.248501e-07 1.000308e-07 6.957988e-12 2.248878e-07 clkbuf_leaf_4_w_clk
 5.100974e-08 1.734893e-07 7.256644e-12 2.245063e-07 max_cap404
 1.248409e-07 9.960701e-08 6.957988e-12 2.244549e-07 clkbuf_leaf_132_w_clk
 1.248298e-07 9.927046e-08 6.957988e-12 2.241072e-07 clkbuf_leaf_131_w_clk
 1.252340e-07 9.862626e-08 6.957988e-12 2.238672e-07 clkbuf_leaf_96_w_clk
 1.245152e-07 9.931242e-08 6.957988e-12 2.238346e-07 clkbuf_leaf_5_w_clk
 1.252346e-07 9.852012e-08 6.957988e-12 2.237617e-07 clkbuf_leaf_98_w_clk
 3.457072e-08 1.887689e-07 7.163014e-12 2.233468e-07 fanout766
 3.635823e-08 1.869737e-07 3.941030e-12 2.233359e-07 fanout1065
 1.248775e-07 9.817816e-08 6.957988e-12 2.230626e-07 clkbuf_leaf_36_w_clk
 2.435999e-08 1.984976e-07 1.397385e-11 2.228715e-07 fanout905
 3.268476e-08 1.898200e-07 6.978982e-12 2.225118e-07 max_cap201
 2.981589e-08 1.926235e-07 7.028701e-12 2.224464e-07 fanout902
 3.618187e-08 1.862199e-07 3.942412e-12 2.224057e-07 fanout1061
 1.244974e-07 9.651007e-08 6.957988e-12 2.210144e-07 clkbuf_leaf_56_w_clk
 1.247874e-07 9.616412e-08 6.957988e-12 2.209585e-07 clkbuf_leaf_90_w_clk
 1.242288e-07 9.520717e-08 6.957988e-12 2.194430e-07 clkbuf_leaf_12_w_clk
 1.245175e-07 9.436468e-08 6.957988e-12 2.188891e-07 clkbuf_leaf_27_w_clk
 3.636181e-08 1.820373e-07 3.942411e-12 2.184031e-07 fanout1077
 1.248256e-07 9.326933e-08 6.957988e-12 2.181019e-07 clkbuf_leaf_109_w_clk
 1.457768e-07 7.101519e-08 6.976317e-12 2.167989e-07 clkbuf_leaf_111_v_clk
 2.380291e-08 1.928038e-07 6.932475e-12 2.166136e-07 fanout467
 1.242642e-07 9.200784e-08 6.957988e-12 2.162790e-07 clkbuf_leaf_136_w_clk
 2.468284e-08 1.913255e-07 1.071341e-11 2.160190e-07 hold175
 1.458453e-07 6.908920e-08 6.976317e-12 2.149414e-07 clkbuf_leaf_29_v_clk
 1.244676e-07 8.974774e-08 6.957988e-12 2.142224e-07 clkbuf_leaf_93_w_clk
 3.463202e-08 1.785604e-07 1.091048e-11 2.132033e-07 max_cap982
 2.687637e-08 1.856001e-07 7.013984e-12 2.124835e-07 fanout1517
 1.236660e-07 8.849438e-08 6.957988e-12 2.121673e-07 clkbuf_leaf_13_w_clk
 1.239449e-07 8.644545e-08 6.957988e-12 2.103973e-07 clkbuf_leaf_78_w_clk
 2.841402e-08 1.789139e-07 6.974496e-12 2.073349e-07 max_cap314
 1.236049e-07 8.334080e-08 6.957988e-12 2.069527e-07 clkbuf_leaf_32_w_clk
 1.234998e-07 8.274722e-08 6.957988e-12 2.062540e-07 clkbuf_leaf_62_w_clk
 3.588172e-08 1.701499e-07 7.047893e-12 2.060386e-07 hold101
 1.234521e-07 8.218642e-08 6.957988e-12 2.056455e-07 clkbuf_leaf_71_w_clk
 3.440000e-08 1.712270e-07 6.949865e-12 2.056340e-07 fanout987
 1.234469e-07 8.212248e-08 6.957988e-12 2.055763e-07 clkbuf_leaf_61_w_clk
 4.761829e-08 1.579451e-07 1.096929e-11 2.055744e-07 fanout997
 1.231223e-07 8.194427e-08 6.957988e-12 2.050736e-07 clkbuf_leaf_15_w_clk
 1.233109e-07 7.993166e-08 6.957988e-12 2.032495e-07 clkbuf_leaf_31_w_clk
 2.028906e-07 0.000000e+00 4.608340e-12 2.028952e-07 clkload3
 2.028315e-07 0.000000e+00 4.608340e-12 2.028361e-07 clkload11
 1.231788e-07 7.924238e-08 6.957988e-12 2.024281e-07 clkbuf_leaf_1_w_clk
 2.631171e-08 1.754165e-07 1.076217e-11 2.017389e-07 fanout508
 1.227692e-07 7.771618e-08 6.957988e-12 2.004924e-07 clkbuf_leaf_3_w_clk
 1.227434e-07 7.735800e-08 6.957988e-12 2.001083e-07 clkbuf_leaf_8_w_clk
 2.364624e-08 1.760504e-07 7.303950e-12 1.997039e-07 hold6
 3.658150e-08 1.566816e-07 3.942412e-12 1.932670e-07 fanout1040
 1.223785e-07 6.967997e-08 6.957988e-12 1.920654e-07 clkbuf_leaf_68_w_clk
 1.221553e-07 6.951094e-08 6.957988e-12 1.916732e-07 clkbuf_leaf_44_w_clk
 1.222537e-07 6.823387e-08 6.957988e-12 1.904945e-07 clkbuf_leaf_69_w_clk
 2.498618e-08 1.637919e-07 6.999503e-12 1.887851e-07 fanout1511
 1.873499e-08 1.668816e-07 6.945325e-12 1.856236e-07 max_cap206
 1.214642e-07 6.255850e-08 6.957988e-12 1.840297e-07 clkbuf_leaf_48_w_clk
 1.850048e-08 1.640768e-07 1.065579e-11 1.825880e-07 fanout424
 3.626327e-08 1.459633e-07 4.371863e-12 1.822309e-07 fanout581
 1.213843e-07 6.060432e-08 6.957988e-12 1.819956e-07 clkbuf_leaf_39_w_clk
 1.212544e-07 6.027861e-08 6.957988e-12 1.815400e-07 clkbuf_leaf_84_w_clk
 3.633813e-08 1.450455e-07 3.941030e-12 1.813876e-07 fanout1043
 2.489462e-08 1.564338e-07 6.984621e-12 1.813354e-07 fanout266
 1.215310e-07 5.963748e-08 6.957988e-12 1.811755e-07 clkbuf_leaf_70_w_clk
 3.757328e-08 1.435730e-07 1.095323e-11 1.811573e-07 fanout1004
 3.652324e-08 1.445578e-07 4.371863e-12 1.810854e-07 fanout629
 3.533787e-08 1.446750e-07 1.373473e-11 1.800266e-07 fanout981
 1.211011e-07 5.882102e-08 6.957988e-12 1.799290e-07 clkbuf_leaf_50_w_clk
 3.798035e-08 1.415841e-07 1.380333e-11 1.795782e-07 max_cap1001
 3.620488e-08 1.430803e-07 4.371863e-12 1.792895e-07 fanout624
 3.307003e-08 1.452863e-07 7.283604e-12 1.783636e-07 fanout1421
 1.211485e-07 5.716566e-08 6.957988e-12 1.783211e-07 clkbuf_leaf_116_w_clk
 2.542656e-08 1.498311e-07 7.477162e-12 1.752651e-07 fanout800
 3.628146e-08 1.387534e-07 3.942412e-12 1.750388e-07 fanout1071
 2.546532e-08 1.493829e-07 7.477162e-12 1.748557e-07 fanout833
 2.327222e-08 1.513000e-07 6.932475e-12 1.745791e-07 fanout468
 2.818106e-08 1.463768e-07 7.409507e-12 1.745652e-07 fanout1013
 3.297145e-08 1.409827e-07 7.283606e-12 1.739615e-07 fanout1440
 3.619258e-08 1.372467e-07 3.942412e-12 1.734432e-07 fanout1085
 2.246343e-08 1.481366e-07 1.399609e-11 1.706140e-07 max_cap471
 2.337632e-08 1.467008e-07 7.075570e-12 1.700842e-07 fanout1187
 2.306629e-08 1.466614e-07 7.075570e-12 1.697348e-07 fanout1193
 3.624494e-08 1.330909e-07 4.371863e-12 1.693402e-07 fanout579
 2.449974e-08 1.439749e-07 7.184887e-12 1.684819e-07 fanout247
 1.894583e-08 1.494826e-07 1.397425e-11 1.684424e-07 fanout492
 2.560826e-08 1.428216e-07 6.940335e-12 1.684368e-07 max_cap179
 2.513867e-08 1.423363e-07 6.902175e-12 1.674819e-07 fanout855
 2.418911e-08 1.419136e-07 1.057591e-11 1.661133e-07 fanout388
 3.620867e-08 1.295852e-07 4.371863e-12 1.657983e-07 fanout593
 3.076143e-08 1.343389e-07 7.033229e-12 1.651074e-07 fanout1534
 1.199939e-07 4.507966e-08 6.957988e-12 1.650805e-07 clkbuf_leaf_43_w_clk
 9.328389e-09 1.532901e-07 5.176064e-12 1.626237e-07 _16510_
 2.565344e-08 1.357078e-07 6.999503e-12 1.613683e-07 hold110
 2.297924e-08 1.374695e-07 7.075570e-12 1.604558e-07 fanout1191
 1.197309e-07 4.027013e-08 6.957988e-12 1.600079e-07 clkbuf_leaf_114_w_clk
 3.633594e-08 1.236468e-07 3.942412e-12 1.599866e-07 fanout1092
 2.327015e-08 1.365815e-07 7.303951e-12 1.598589e-07 fanout1408
 8.887818e-09 1.509244e-07 2.814628e-12 1.598150e-07 _17625_
 1.195240e-07 3.925673e-08 6.957988e-12 1.587877e-07 clkbuf_leaf_49_w_clk
 1.561343e-07 0.000000e+00 6.796955e-12 1.561411e-07 clkload17
 1.558042e-07 0.000000e+00 6.796955e-12 1.558110e-07 clkload18
 3.107716e-08 1.244775e-07 7.033229e-12 1.555617e-07 fanout1533
 1.434803e-08 1.407285e-07 4.450845e-12 1.550810e-07 hold522
 1.932545e-08 1.344300e-07 4.775442e-12 1.537602e-07 fanout525
 3.434427e-08 1.165570e-07 7.429657e-12 1.509087e-07 fanout984
 1.983791e-08 1.286686e-07 4.426628e-12 1.485110e-07 fanout263
 3.202420e-08 1.154583e-07 7.033229e-12 1.474895e-07 hold87
 2.333724e-08 1.234411e-07 7.075570e-12 1.467854e-07 fanout1185
 2.469305e-08 1.219610e-07 7.184711e-12 1.466612e-07 fanout235
 1.666199e-08 1.275958e-07 4.521106e-12 1.442623e-07 fanout1436
 2.002725e-08 1.227919e-07 6.977371e-12 1.428261e-07 fanout976
 1.407105e-07 0.000000e+00 6.976317e-12 1.407174e-07 clkload165
 1.405399e-07 0.000000e+00 6.976317e-12 1.405468e-07 clkload197
 1.404576e-07 0.000000e+00 6.976317e-12 1.404646e-07 clkload164
 1.404441e-07 0.000000e+00 6.976317e-12 1.404510e-07 clkload167
 1.402851e-07 0.000000e+00 6.976317e-12 1.402920e-07 clkload162
 1.402708e-07 0.000000e+00 6.976317e-12 1.402778e-07 clkload163
 1.402604e-07 0.000000e+00 6.976317e-12 1.402674e-07 clkload187
 1.402404e-07 0.000000e+00 6.976317e-12 1.402474e-07 clkload188
 2.322892e-08 1.170062e-07 7.303950e-12 1.402424e-07 fanout1413
 1.401945e-07 0.000000e+00 6.976317e-12 1.402015e-07 clkload223
 1.401929e-07 0.000000e+00 6.976317e-12 1.401999e-07 clkload218
 1.401794e-07 0.000000e+00 6.976317e-12 1.401864e-07 clkload191
 1.401749e-07 0.000000e+00 6.976317e-12 1.401819e-07 clkload205
 1.401747e-07 0.000000e+00 6.976317e-12 1.401817e-07 clkload185
 1.401649e-07 0.000000e+00 6.976317e-12 1.401719e-07 clkload174
 1.401616e-07 0.000000e+00 6.976317e-12 1.401686e-07 clkload161
 1.401500e-07 0.000000e+00 6.976317e-12 1.401569e-07 clkload199
 1.401487e-07 0.000000e+00 6.976317e-12 1.401557e-07 clkload195
 1.401443e-07 0.000000e+00 6.976317e-12 1.401512e-07 clkload243
 1.401388e-07 0.000000e+00 6.976317e-12 1.401457e-07 clkload150
 1.401385e-07 0.000000e+00 6.976317e-12 1.401455e-07 clkload231
 1.401323e-07 0.000000e+00 6.976317e-12 1.401392e-07 clkload183
 1.401199e-07 0.000000e+00 6.976317e-12 1.401269e-07 clkload206
 1.401059e-07 0.000000e+00 6.976317e-12 1.401128e-07 clkload196
 1.400892e-07 0.000000e+00 6.976317e-12 1.400962e-07 clkload240
 1.400882e-07 0.000000e+00 6.976317e-12 1.400952e-07 clkload158
 1.400808e-07 0.000000e+00 6.976317e-12 1.400877e-07 clkload220
 1.400785e-07 0.000000e+00 6.976317e-12 1.400854e-07 clkload178
 1.400647e-07 0.000000e+00 6.976317e-12 1.400717e-07 clkload145
 1.400637e-07 0.000000e+00 6.976317e-12 1.400707e-07 clkload241
 1.400532e-07 0.000000e+00 6.976317e-12 1.400602e-07 clkload134
 1.400041e-07 0.000000e+00 6.976317e-12 1.400111e-07 clkload251
 1.399996e-07 0.000000e+00 6.976317e-12 1.400066e-07 clkload235
 1.399860e-07 0.000000e+00 6.976317e-12 1.399930e-07 clkload227
 1.399800e-07 0.000000e+00 6.976317e-12 1.399870e-07 clkload222
 1.399473e-07 0.000000e+00 6.976317e-12 1.399543e-07 clkload212
 1.398944e-07 0.000000e+00 6.976317e-12 1.399014e-07 clkload250
 1.973323e-08 1.192102e-07 7.402379e-12 1.389508e-07 fanout932
 2.557620e-08 1.133268e-07 6.902175e-12 1.389099e-07 fanout841
 1.986216e-08 1.189284e-07 4.426754e-12 1.387950e-07 fanout255
 1.720151e-08 1.207022e-07 4.521106e-12 1.379082e-07 hold46
 1.797463e-08 1.184224e-07 4.471721e-12 1.364015e-07 hold137
 2.332883e-08 1.130591e-07 7.075570e-12 1.363950e-07 fanout1192
 2.338530e-08 1.120793e-07 7.413026e-12 1.354721e-07 fanout504
 2.324796e-08 1.121827e-07 7.303950e-12 1.354379e-07 fanout1415
 1.530030e-08 1.198738e-07 6.926448e-12 1.351810e-07 max_cap373
 1.936406e-08 1.148988e-07 4.775336e-12 1.342676e-07 fanout548
 1.937085e-08 1.124559e-07 4.775455e-12 1.318315e-07 fanout543
 2.486427e-08 1.065036e-07 6.999503e-12 1.313749e-07 fanout1462
 1.313085e-08 1.181687e-07 6.932523e-12 1.313065e-07 fanout636
 1.945899e-08 1.115268e-07 4.775336e-12 1.309905e-07 fanout530
 1.943316e-08 1.108362e-07 4.775336e-12 1.302741e-07 fanout533
 2.331499e-08 1.064079e-07 6.951864e-12 1.297298e-07 fanout998
 1.812331e-08 1.111920e-07 4.792599e-12 1.293201e-07 fanout668
 1.961096e-08 1.089368e-07 7.402379e-12 1.285551e-07 fanout933
 1.938697e-08 1.088604e-07 4.775442e-12 1.282521e-07 fanout538
 2.474097e-08 1.033991e-07 6.999503e-12 1.281470e-07 fanout1486
 2.333364e-08 1.045462e-07 7.303951e-12 1.278872e-07 fanout1407
 1.915534e-08 1.085785e-07 6.916909e-12 1.277408e-07 max_cap163
 1.938903e-08 1.081296e-07 4.775455e-12 1.275234e-07 fanout545
 2.467710e-08 1.020935e-07 7.380017e-12 1.267779e-07 fanout1129
 1.676041e-08 1.100076e-07 4.680630e-12 1.267727e-07 fanout1169
 1.950756e-08 1.072351e-07 4.775336e-12 1.267474e-07 fanout522
 2.058224e-08 1.060513e-07 7.394995e-12 1.266409e-07 fanout515
 1.937484e-08 1.071570e-07 4.775455e-12 1.265366e-07 fanout528
 2.556359e-08 1.008131e-07 6.902175e-12 1.263836e-07 fanout838
 1.817202e-08 1.079468e-07 4.792675e-12 1.261236e-07 fanout676
 1.676033e-08 1.091886e-07 4.680630e-12 1.259536e-07 fanout1176
 1.813969e-08 1.075167e-07 4.792599e-12 1.256611e-07 fanout669
 1.938696e-08 1.060245e-07 4.775455e-12 1.254162e-07 fanout529
 1.539051e-08 1.096263e-07 4.477485e-12 1.250213e-07 hold51
 2.485431e-08 9.993128e-08 6.999503e-12 1.247926e-07 fanout1450
 1.932623e-08 1.053510e-07 6.907339e-12 1.246841e-07 fanout558
 1.672290e-08 1.078693e-07 4.521106e-12 1.245968e-07 fanout1432
 1.586950e-08 1.079543e-07 4.466424e-12 1.238282e-07 hold143
 1.994048e-08 1.038693e-07 4.426628e-12 1.238142e-07 fanout259
 2.506113e-08 9.823454e-08 6.999503e-12 1.233027e-07 fanout1485
 1.969903e-08 1.026560e-07 7.402379e-12 1.223624e-07 fanout930
 1.941051e-08 1.027503e-07 4.775442e-12 1.221656e-07 fanout552
 1.827147e-08 1.033876e-07 7.415391e-12 1.216665e-07 fanout643
 1.877450e-08 1.027516e-07 6.918958e-12 1.215330e-07 fanout477
 2.475282e-08 9.630169e-08 7.380016e-12 1.210619e-07 fanout1149
 2.494171e-08 9.535026e-08 7.380016e-12 1.202993e-07 fanout1113
 1.678461e-08 1.035067e-07 4.680630e-12 1.202959e-07 fanout1173
 1.813904e-08 1.015952e-07 4.792599e-12 1.197390e-07 fanout672
 1.948118e-08 1.002311e-07 4.775455e-12 1.197170e-07 fanout536
 1.933847e-08 1.002001e-07 7.446907e-12 1.195460e-07 fanout464
 2.585776e-08 9.313872e-08 6.999503e-12 1.190035e-07 hold13
 1.814347e-08 1.005961e-07 4.792599e-12 1.187443e-07 fanout673
 1.954358e-08 9.902138e-08 4.775336e-12 1.185697e-07 fanout523
 1.956496e-08 9.857681e-08 7.402379e-12 1.181492e-07 fanout935
 2.500607e-08 9.311560e-08 7.380016e-12 1.181291e-07 fanout1121
 6.029384e-08 5.775530e-08 1.143184e-11 1.180606e-07 fanout1539
 2.482734e-08 9.287551e-08 6.999326e-12 1.177099e-07 fanout1505
 2.482983e-08 9.247792e-08 6.999503e-12 1.173147e-07 fanout1507
 1.171218e-07 0.000000e+00 6.957988e-12 1.171287e-07 clkload112
 1.171148e-07 0.000000e+00 6.957988e-12 1.171217e-07 clkload108
 2.330999e-08 9.363364e-08 7.303951e-12 1.169509e-07 fanout1405
 1.169433e-07 0.000000e+00 6.957988e-12 1.169502e-07 clkload81
 1.169369e-07 0.000000e+00 6.957988e-12 1.169438e-07 clkload66
 1.168564e-07 0.000000e+00 6.957988e-12 1.168633e-07 clkload58
 1.752710e-08 9.925041e-08 4.725186e-12 1.167822e-07 fanout1527
 1.164928e-07 0.000000e+00 6.957988e-12 1.164998e-07 clkload101
 6.583952e-08 5.063577e-08 1.151526e-11 1.164868e-07 fanout1532
 2.501792e-08 9.067917e-08 6.999503e-12 1.157041e-07 fanout1456
 1.826118e-08 9.701932e-08 7.415391e-12 1.152879e-07 fanout642
 1.680735e-08 9.809517e-08 4.680630e-12 1.149072e-07 fanout1182
 1.821991e-08 9.652827e-08 4.792675e-12 1.147530e-07 fanout665
 1.691363e-08 9.702789e-08 4.521107e-12 1.139460e-07 fanout1434
 2.481952e-08 8.871239e-08 6.999326e-12 1.135389e-07 fanout1504
 1.195127e-08 1.010900e-07 4.503812e-12 1.130458e-07 hold54
 2.481712e-08 8.776988e-08 6.999326e-12 1.125940e-07 fanout1502
 2.487302e-08 8.769042e-08 6.999326e-12 1.125704e-07 fanout1498
 2.490364e-08 8.693191e-08 6.999326e-12 1.118426e-07 fanout1493
 1.829496e-08 9.320479e-08 4.792675e-12 1.115045e-07 fanout657
 1.617749e-08 9.516334e-08 1.065374e-11 1.113515e-07 fanout475
 1.461878e-08 9.653989e-08 4.440252e-12 1.111631e-07 hold5226
 1.249471e-08 9.864767e-08 4.605010e-12 1.111470e-07 fanout233
 1.681319e-08 9.397429e-08 4.680630e-12 1.107922e-07 fanout1180
 1.955495e-08 9.059062e-08 4.775455e-12 1.101503e-07 fanout551
 1.956941e-08 9.016816e-08 4.775336e-12 1.097424e-07 fanout539
 1.823503e-08 9.095305e-08 4.792599e-12 1.091929e-07 fanout679
 1.681620e-08 9.236842e-08 4.521107e-12 1.091891e-07 fanout1430
 1.692678e-08 9.195634e-08 4.680833e-12 1.088878e-07 fanout1160
 1.829685e-08 9.055555e-08 7.415376e-12 1.088598e-07 fanout637
 2.511884e-08 8.355882e-08 6.999503e-12 1.086847e-07 fanout1443
 2.494626e-08 8.336296e-08 6.999326e-12 1.083162e-07 fanout1495
 6.551531e-08 4.261325e-08 1.149023e-11 1.081400e-07 fanout1524
 1.687515e-08 9.072885e-08 4.680630e-12 1.076087e-07 fanout1177
 1.681699e-08 9.078538e-08 4.680630e-12 1.076071e-07 fanout1175
 2.506017e-08 8.236647e-08 6.999503e-12 1.074336e-07 fanout1448
 1.952571e-08 8.720720e-08 4.775442e-12 1.067377e-07 fanout519
 1.962651e-08 8.685415e-08 7.402238e-12 1.064881e-07 fanout936
 1.682899e-08 8.826824e-08 4.521106e-12 1.051017e-07 fanout1424
 1.698578e-08 8.800475e-08 4.680630e-12 1.049952e-07 fanout1161
 6.535592e-08 3.819397e-08 1.149023e-11 1.035614e-07 fanout1526
 1.823557e-08 8.490358e-08 4.792599e-12 1.031439e-07 fanout650
 2.500416e-08 7.810615e-08 7.379837e-12 1.031177e-07 fanout1119
 2.507560e-08 7.732061e-08 6.999326e-12 1.024032e-07 fanout1484
 1.680700e-08 8.554050e-08 4.521106e-12 1.023520e-07 fanout1435
 1.043509e-08 9.130140e-08 4.347177e-12 1.017408e-07 max_cap148
 1.395169e-08 8.765326e-08 6.913486e-12 1.016119e-07 max_cap454
 1.289165e-08 8.864951e-08 4.356594e-12 1.015455e-07 fanout782
 1.828391e-08 8.291744e-08 7.415376e-12 1.012088e-07 fanout638
 8.326052e-09 9.286926e-08 1.056937e-11 1.012059e-07 fanout456
 1.492552e-08 8.537672e-08 6.927571e-12 1.003092e-07 fanout762
 1.828634e-08 8.118764e-08 4.792675e-12 9.947878e-08 fanout675
 2.496713e-08 7.402033e-08 7.379838e-12 9.899485e-08 fanout1140
 1.820519e-08 8.068221e-08 4.792718e-12 9.889220e-08 fanout648
 1.687586e-08 8.190847e-08 4.680630e-12 9.878901e-08 fanout1165
 1.415622e-08 8.462511e-08 4.842704e-12 9.878618e-08 hold102
 2.507080e-08 7.359297e-08 6.999326e-12 9.867077e-08 fanout1451
 1.688751e-08 8.037312e-08 4.680630e-12 9.726531e-08 fanout1171
 1.240648e-08 8.452849e-08 4.605160e-12 9.693957e-08 fanout245
 1.689309e-08 7.960298e-08 7.428856e-12 9.650351e-08 fanout480
 1.692683e-08 7.730930e-08 4.680630e-12 9.424081e-08 fanout1179
 1.243793e-08 8.042817e-08 4.605130e-12 9.287071e-08 fanout240
 1.264635e-08 7.842896e-08 6.909084e-12 9.108222e-08 max_cap361
 1.254274e-08 7.799378e-08 4.439162e-12 9.054096e-08 fanout1158
 5.907474e-09 8.316607e-08 4.840909e-12 8.907838e-08 fanout559
 1.246586e-08 7.633800e-08 4.605130e-12 8.880847e-08 fanout238
 1.257618e-08 7.341291e-08 4.762575e-12 8.599385e-08 fanout1501
 1.254242e-08 7.339583e-08 4.762575e-12 8.594301e-08 fanout1478
 1.245520e-08 7.293549e-08 4.605160e-12 8.539529e-08 fanout243
 3.423094e-08 5.113626e-08 7.043493e-12 8.537425e-08 hold212
 1.296695e-08 7.233796e-08 4.356439e-12 8.530927e-08 fanout816
 1.295467e-08 7.195220e-08 4.356439e-12 8.491123e-08 fanout825
 1.302427e-08 7.134324e-08 4.356439e-12 8.437188e-08 fanout822
 1.297495e-08 7.111534e-08 4.845298e-12 8.409513e-08 fanout858
 1.258705e-08 7.045810e-08 4.762575e-12 8.304991e-08 fanout1494
 1.258473e-08 7.039396e-08 4.762575e-12 8.298345e-08 fanout1467
 1.249034e-08 7.024775e-08 4.605160e-12 8.274269e-08 fanout236
 1.295613e-08 6.960315e-08 4.356439e-12 8.256364e-08 fanout792
 1.296428e-08 6.905677e-08 4.845298e-12 8.202589e-08 fanout870
 1.259463e-08 6.893305e-08 4.439163e-12 8.153213e-08 fanout1154
 1.257485e-08 6.827621e-08 4.439162e-12 8.085551e-08 fanout1123
 8.040223e-08 0.000000e+00 4.057054e-12 8.040629e-08 clkload12
 1.299043e-08 6.738462e-08 4.356595e-12 8.037941e-08 fanout811
 1.262561e-08 6.711675e-08 4.762726e-12 7.974712e-08 fanout1500
 1.312488e-08 6.645003e-08 4.356595e-12 7.957927e-08 fanout830
 1.259941e-08 6.691142e-08 4.762575e-12 7.951559e-08 fanout1496
 1.301139e-08 6.642113e-08 4.845298e-12 7.943736e-08 fanout873
 1.259989e-08 6.649873e-08 4.762575e-12 7.910338e-08 fanout1509
 1.275090e-08 6.631359e-08 4.762726e-12 7.906925e-08 fanout1455
 1.302077e-08 6.597808e-08 4.845298e-12 7.900370e-08 fanout843
 1.306568e-08 6.560211e-08 4.845298e-12 7.867263e-08 fanout869
 1.302535e-08 6.497681e-08 4.845298e-12 7.800701e-08 fanout845
 1.548975e-08 6.223480e-08 4.737758e-12 7.772930e-08 fanout903
 1.310957e-08 6.449638e-08 4.356439e-12 7.761031e-08 fanout808
 1.291927e-08 6.413821e-08 4.762575e-12 7.706224e-08 hold112
 1.307598e-08 6.394993e-08 4.402550e-12 7.703032e-08 fanout444
 1.298075e-08 6.394885e-08 4.845298e-12 7.693444e-08 fanout851
 1.291980e-08 6.398164e-08 4.762575e-12 7.690621e-08 fanout1470
 1.300498e-08 6.366482e-08 4.845298e-12 7.667465e-08 fanout862
 9.327311e-09 6.727978e-08 4.811091e-12 7.661190e-08 fanout328
 1.097377e-08 6.546144e-08 4.466866e-12 7.643968e-08 fanout540
 1.304991e-08 6.335888e-08 4.402632e-12 7.641319e-08 fanout88
 1.298005e-08 6.303956e-08 4.845298e-12 7.602445e-08 fanout849
 9.481851e-09 6.650350e-08 6.899356e-12 7.599225e-08 fanout499
 1.266644e-08 6.312496e-08 4.439163e-12 7.579585e-08 fanout1122
 1.260818e-08 6.313190e-08 4.439162e-12 7.574452e-08 fanout1141
 1.269704e-08 6.281928e-08 4.439314e-12 7.552077e-08 fanout1136
 1.096189e-08 6.447529e-08 4.467080e-12 7.544165e-08 fanout537
 1.263947e-08 6.279308e-08 4.762575e-12 7.543731e-08 fanout1476
 1.262274e-08 6.259265e-08 4.439163e-12 7.521982e-08 fanout1125
 1.341857e-08 6.175535e-08 4.356594e-12 7.517827e-08 fanout809
 1.300917e-08 6.216065e-08 4.356439e-12 7.517417e-08 fanout802
 9.949954e-09 6.494203e-08 4.781701e-12 7.489677e-08 fanout951
 1.266204e-08 6.214911e-08 4.762726e-12 7.481591e-08 fanout1466
 1.245643e-08 6.180849e-08 6.905619e-12 7.427182e-08 fanout554
 1.303225e-08 6.109084e-08 4.845298e-12 7.412794e-08 fanout877
 1.301578e-08 6.097604e-08 4.845298e-12 7.399667e-08 fanout865
 9.937275e-09 6.355197e-08 4.781581e-12 7.349403e-08 fanout958
 1.268452e-08 6.039169e-08 4.762575e-12 7.308097e-08 fanout1489
 9.942349e-09 6.290999e-08 4.781669e-12 7.285712e-08 fanout969
 1.301922e-08 5.972547e-08 4.356439e-12 7.274905e-08 fanout804
 1.313130e-08 5.958452e-08 4.356439e-12 7.272018e-08 fanout801
 7.248330e-08 0.000000e+00 4.782282e-12 7.248808e-08 clkload168
 7.246332e-08 0.000000e+00 4.782282e-12 7.246810e-08 clkload169
 7.241214e-08 0.000000e+00 4.782282e-12 7.241692e-08 clkload166
 7.238655e-08 0.000000e+00 4.782282e-12 7.239133e-08 clkload170
 7.237342e-08 0.000000e+00 4.782282e-12 7.237820e-08 clkload148
 7.234183e-08 0.000000e+00 4.782282e-12 7.234662e-08 clkload201
 7.233931e-08 0.000000e+00 4.782282e-12 7.234409e-08 clkload160
 7.233837e-08 0.000000e+00 4.782282e-12 7.234315e-08 clkload204
 7.233583e-08 0.000000e+00 4.782282e-12 7.234061e-08 clkload198
 7.233000e-08 0.000000e+00 4.782282e-12 7.233479e-08 clkload171
 7.232737e-08 0.000000e+00 4.782282e-12 7.233216e-08 clkload200
 1.305712e-08 5.926894e-08 4.845298e-12 7.233091e-08 fanout856
 7.232585e-08 0.000000e+00 4.782282e-12 7.233064e-08 clkload144
 7.232350e-08 0.000000e+00 4.782282e-12 7.232828e-08 clkload192
 7.232037e-08 0.000000e+00 4.782282e-12 7.232515e-08 clkload237
 7.231494e-08 0.000000e+00 4.782282e-12 7.231972e-08 clkload207
 7.231406e-08 0.000000e+00 4.782282e-12 7.231884e-08 clkload152
 7.230744e-08 0.000000e+00 4.782282e-12 7.231223e-08 clkload143
 7.230708e-08 0.000000e+00 4.782282e-12 7.231186e-08 clkload225
 7.230127e-08 0.000000e+00 4.782282e-12 7.230605e-08 clkload229
 7.229333e-08 0.000000e+00 4.782282e-12 7.229811e-08 clkload224
 7.229326e-08 0.000000e+00 4.782282e-12 7.229804e-08 clkload221
 7.227040e-08 0.000000e+00 4.782282e-12 7.227518e-08 clkload177
 7.226404e-08 0.000000e+00 4.782282e-12 7.226883e-08 clkload236
 7.226378e-08 0.000000e+00 4.782282e-12 7.226856e-08 clkload247
 7.225966e-08 0.000000e+00 4.782282e-12 7.226444e-08 clkload216
 7.224526e-08 0.000000e+00 4.782282e-12 7.225004e-08 clkload226
 7.221539e-08 0.000000e+00 4.782282e-12 7.222017e-08 clkload153
 7.221326e-08 0.000000e+00 4.782282e-12 7.221804e-08 clkload228
 7.221040e-08 0.000000e+00 4.782282e-12 7.221519e-08 clkload175
 1.321179e-08 5.889596e-08 4.356439e-12 7.211211e-08 fanout818
 7.178906e-08 0.000000e+00 4.782282e-12 7.179384e-08 clkload115
 7.174868e-08 0.000000e+00 4.782282e-12 7.175346e-08 clkload117
 7.055899e-09 6.435978e-08 6.899356e-12 7.142258e-08 fanout494
 1.315147e-08 5.825835e-08 4.356439e-12 7.141418e-08 fanout803
 1.094861e-08 6.035359e-08 4.467080e-12 7.130667e-08 fanout544
 1.197861e-08 5.923762e-08 4.503956e-12 7.122074e-08 fanout1404
 1.300413e-08 5.805385e-08 4.356439e-12 7.106234e-08 fanout795
 1.311334e-08 5.780793e-08 4.356594e-12 7.092563e-08 fanout786
 1.300872e-08 5.788080e-08 4.356439e-12 7.089387e-08 fanout798
 1.318860e-08 5.743257e-08 4.356595e-12 7.062552e-08 fanout814
 1.307767e-08 5.750632e-08 4.356439e-12 7.058835e-08 fanout831
 1.182934e-08 5.873578e-08 4.503814e-12 7.056963e-08 fanout1416
 1.305497e-08 5.719081e-08 4.402616e-12 7.025019e-08 fanout91
 1.313372e-08 5.703658e-08 4.402706e-12 7.017470e-08 fanout442
 9.973637e-09 6.009443e-08 4.781581e-12 7.007285e-08 fanout970
 9.923425e-09 5.980593e-08 4.781581e-12 6.973413e-08 fanout961
 1.261968e-08 5.707725e-08 4.439162e-12 6.970137e-08 fanout1132
 1.300480e-08 5.631989e-08 4.356439e-12 6.932904e-08 fanout775
 1.324275e-08 5.606028e-08 4.845298e-12 6.930788e-08 fanout860
 1.308976e-08 5.591103e-08 4.356439e-12 6.900515e-08 fanout823
 1.300221e-08 5.597714e-08 4.356439e-12 6.898371e-08 fanout821
 1.467667e-08 5.420776e-08 4.856055e-12 6.888929e-08 fanout127
 1.274538e-08 5.566254e-08 4.762575e-12 6.841268e-08 fanout1452
 8.041050e-09 6.021335e-08 4.804104e-12 6.825920e-08 fanout487
 1.448205e-08 5.358034e-08 4.856018e-12 6.806724e-08 fanout125
 1.264384e-08 5.527927e-08 4.439163e-12 6.792754e-08 fanout1156
 1.263474e-08 5.524317e-08 4.439162e-12 6.788235e-08 fanout1146
 1.309357e-08 5.477454e-08 4.356439e-12 6.787246e-08 fanout815
 1.314026e-08 5.464266e-08 4.845298e-12 6.778776e-08 fanout839
 1.313039e-08 5.433742e-08 4.356595e-12 6.747216e-08 fanout805
 1.313207e-08 5.430526e-08 4.356594e-12 6.744168e-08 fanout787
 1.301165e-08 5.435673e-08 4.356439e-12 6.737273e-08 fanout778
 1.316246e-08 5.411031e-08 4.845298e-12 6.727762e-08 fanout864
 9.978753e-09 5.695096e-08 4.781581e-12 6.693450e-08 fanout948
 1.026095e-08 5.633460e-08 4.497836e-12 6.660006e-08 fanout674
 9.985787e-09 5.660708e-08 4.781701e-12 6.659765e-08 fanout952
 1.315180e-08 5.303208e-08 4.402706e-12 6.618829e-08 fanout443
 1.310238e-08 5.296584e-08 4.356439e-12 6.607258e-08 fanout824
 1.315878e-08 5.281071e-08 4.356439e-12 6.597384e-08 fanout779
 9.958499e-09 5.580246e-08 4.781581e-12 6.576574e-08 fanout954
 9.939980e-09 5.573885e-08 4.781581e-12 6.568361e-08 fanout975
 1.271721e-08 5.288623e-08 4.762575e-12 6.560819e-08 fanout1491
 1.304241e-08 5.222145e-08 4.356594e-12 6.526821e-08 fanout785
 1.283405e-08 5.194518e-08 4.762575e-12 6.478399e-08 fanout1503
 1.303204e-08 5.173741e-08 4.356439e-12 6.477381e-08 fanout796
 1.446251e-08 5.028503e-08 4.855994e-12 6.475240e-08 fanout126
 1.322010e-08 5.141957e-08 4.356439e-12 6.464403e-08 fanout776
 1.315371e-08 5.140171e-08 4.356595e-12 6.455977e-08 fanout793
 3.327669e-08 3.092589e-08 7.047893e-12 6.420963e-08 fanout1531
 1.321065e-08 5.054462e-08 4.356439e-12 6.375962e-08 fanout820
 8.075148e-09 5.564604e-08 4.804014e-12 6.372599e-08 fanout485
 9.973295e-09 5.333868e-08 4.781581e-12 6.331676e-08 fanout946
 9.969084e-09 5.318755e-08 4.781581e-12 6.316142e-08 fanout955
 9.972693e-09 5.261963e-08 4.420156e-12 6.259675e-08 fanout929
 1.320644e-08 4.920326e-08 4.799110e-12 6.241449e-08 fanout106
 1.323294e-08 4.910627e-08 4.356595e-12 6.234357e-08 fanout789
 2.616849e-08 3.537952e-08 6.905122e-12 6.155491e-08 max_cap372
 1.272970e-08 4.841413e-08 4.439163e-12 6.114826e-08 fanout1152
 1.320196e-08 4.782161e-08 4.356439e-12 6.102793e-08 fanout771
 1.316079e-08 4.748637e-08 4.356439e-12 6.065152e-08 fanout773
 1.557101e-08 4.505146e-08 4.460972e-12 6.062693e-08 fanout437
 6.058823e-08 0.000000e+00 4.797861e-12 6.059303e-08 clkload89
 6.056638e-08 0.000000e+00 4.797861e-12 6.057117e-08 clkload87
 6.050943e-08 0.000000e+00 4.797861e-12 6.051422e-08 clkload90
 6.050065e-08 0.000000e+00 4.797861e-12 6.050545e-08 clkload88
 6.047593e-08 0.000000e+00 4.797861e-12 6.048073e-08 clkload62
 6.042821e-08 0.000000e+00 4.797861e-12 6.043301e-08 clkload107
 9.978643e-09 5.044835e-08 4.420276e-12 6.043142e-08 fanout937
 6.036221e-08 0.000000e+00 4.797861e-12 6.036701e-08 clkload82
 6.035892e-08 0.000000e+00 4.797861e-12 6.036372e-08 clkload39
 6.034662e-08 0.000000e+00 4.797861e-12 6.035142e-08 clkload42
 6.033124e-08 0.000000e+00 4.797861e-12 6.033603e-08 clkload40
 6.032823e-08 0.000000e+00 4.797861e-12 6.033302e-08 clkload70
 6.031820e-08 0.000000e+00 4.797861e-12 6.032300e-08 clkload36
 6.029666e-08 0.000000e+00 4.797861e-12 6.030145e-08 clkload78
 6.029543e-08 0.000000e+00 4.797861e-12 6.030023e-08 clkload33
 6.029273e-08 0.000000e+00 4.797861e-12 6.029753e-08 clkload59
 1.307350e-08 4.720356e-08 4.845298e-12 6.028191e-08 fanout861
 6.025316e-08 0.000000e+00 4.797861e-12 6.025796e-08 clkload76
 1.367477e-08 4.626303e-08 4.450690e-12 5.994224e-08 hold1140
 1.321460e-08 4.663814e-08 4.799110e-12 5.985753e-08 fanout110
 8.660110e-09 5.067985e-08 4.397651e-12 5.934436e-08 fanout482
 8.833271e-09 4.975093e-08 4.371632e-12 5.858858e-08 fanout143
 1.313426e-08 4.521987e-08 4.799029e-12 5.835894e-08 fanout451
 5.812616e-08 0.000000e+00 1.449185e-13 5.812631e-08 clkload2
 5.726897e-08 0.000000e+00 1.454122e-13 5.726911e-08 clkload13
 7.307434e-09 4.988058e-08 3.715315e-12 5.719173e-08 fanout130
 6.098032e-09 5.104107e-08 4.841185e-12 5.714395e-08 hold174
 1.266532e-08 4.384136e-08 4.439163e-12 5.651111e-08 fanout1157
 5.513312e-08 0.000000e+00 5.204226e-12 5.513832e-08 clkload121
 5.490359e-08 0.000000e+00 5.204226e-12 5.490880e-08 clkload120
 5.473518e-08 0.000000e+00 5.204226e-12 5.474038e-08 clkload118
 9.199741e-09 4.489941e-08 3.931109e-12 5.410309e-08 fanout433
 1.009004e-08 4.382485e-08 4.781581e-12 5.391967e-08 fanout966
 7.317186e-09 4.621891e-08 4.509652e-12 5.354060e-08 fanout448
 1.008540e-08 4.299284e-08 4.781581e-12 5.308302e-08 fanout962
 7.186250e-09 4.573080e-08 6.899372e-12 5.292395e-08 fanout496
 1.027702e-08 4.245218e-08 4.497836e-12 5.273369e-08 fanout651
 2.405119e-08 2.841882e-08 6.999503e-12 5.247701e-08 hold11
 1.098005e-08 4.134566e-08 4.466866e-12 5.233017e-08 fanout549
 9.920978e-09 4.144889e-08 3.949926e-12 5.137382e-08 fanout430
 7.827750e-09 4.307238e-08 4.830161e-12 5.090496e-08 fanout338
 3.276806e-08 1.762309e-08 7.047893e-12 5.039819e-08 hold100
 1.268285e-08 3.678340e-08 4.762726e-12 4.947101e-08 fanout1471
 8.587736e-09 4.056437e-08 3.887510e-12 4.915599e-08 fanout428
 8.830485e-09 3.914826e-08 4.371606e-12 4.798311e-08 fanout142
 1.004032e-08 3.756512e-08 4.781581e-12 4.761023e-08 fanout973
 7.347538e-09 3.986792e-08 3.715491e-12 4.721917e-08 fanout131
 7.037265e-09 4.003105e-08 4.161562e-12 4.707248e-08 fanout232
 7.341228e-09 3.964236e-08 3.715315e-12 4.698730e-08 fanout132
 2.305696e-08 2.360496e-08 1.071341e-11 4.667263e-08 fanout375
 1.668106e-08 2.995845e-08 4.521106e-12 4.664403e-08 fanout1427
 9.068462e-09 3.685408e-08 4.354026e-12 4.592689e-08 fanout160
 8.684294e-09 3.683678e-08 3.893380e-12 4.552496e-08 fanout432
 6.688493e-09 3.876701e-08 4.327982e-12 4.545982e-08 fanout1186
 7.171915e-09 3.767677e-08 6.899372e-12 4.485559e-08 fanout497
 6.344561e-09 3.755201e-08 4.842371e-12 4.390141e-08 fanout555
 7.380572e-09 3.649332e-08 3.715345e-12 4.387760e-08 fanout807
 7.402175e-09 3.570873e-08 3.715345e-12 4.311462e-08 fanout794
 7.322552e-09 3.554480e-08 3.715345e-12 4.287107e-08 fanout799
 8.687604e-09 3.412923e-08 4.834909e-12 4.282167e-08 fanout308
 7.142113e-09 3.518211e-08 3.863755e-12 4.232809e-08 fanout1116
 1.253663e-08 2.930978e-08 4.762575e-12 4.185118e-08 fanout1472
 7.323113e-09 3.449229e-08 3.715345e-12 4.181912e-08 fanout781
 2.905475e-08 1.274401e-08 7.033009e-12 4.180579e-08 fanout1538
 7.359848e-09 3.400016e-08 3.715315e-12 4.136373e-08 fanout133
 7.343922e-09 3.386589e-08 4.592381e-12 4.121441e-08 fanout836
 7.186166e-09 3.391776e-08 3.864026e-12 4.110779e-08 fanout1143
 9.056827e-09 3.191983e-08 4.847710e-12 4.098150e-08 fanout157
 7.327822e-09 3.263385e-08 3.715345e-12 3.996539e-08 fanout772
 7.366758e-09 3.246753e-08 3.715388e-12 3.983801e-08 fanout140
 7.151881e-09 3.242376e-08 4.444242e-12 3.958008e-08 fanout1481
 7.327618e-09 3.207276e-08 3.715491e-12 3.940409e-08 fanout128
 8.520524e-09 3.079722e-08 4.849458e-12 3.932260e-08 fanout98
 7.381632e-09 3.165613e-08 3.715345e-12 3.904148e-08 fanout791
 1.179314e-08 2.718019e-08 4.503812e-12 3.897784e-08 hold5
 7.414800e-09 3.153333e-08 3.715329e-12 3.895184e-08 fanout138
 7.353535e-09 3.104318e-08 4.592381e-12 3.840131e-08 fanout844
 7.408852e-09 3.097146e-08 3.798189e-12 3.838411e-08 fanout95
 7.348089e-09 3.099349e-08 4.592381e-12 3.834618e-08 fanout879
 7.174152e-09 3.112209e-08 4.443971e-12 3.830068e-08 fanout1454
 7.491842e-09 3.079657e-08 4.433351e-12 3.829284e-08 fanout438
 8.755293e-09 2.949988e-08 4.344879e-12 3.825952e-08 fanout124
 7.172096e-09 3.083589e-08 3.864026e-12 3.801185e-08 fanout1138
 7.363395e-09 3.044249e-08 3.798217e-12 3.780968e-08 fanout89
 6.697890e-09 3.109159e-08 3.979742e-12 3.779346e-08 fanout1418
 7.348528e-09 2.942476e-08 4.592381e-12 3.677788e-08 fanout872
 1.100343e-08 2.540195e-08 7.499629e-12 3.641288e-08 wire65
 5.630435e-09 2.994497e-08 4.478069e-12 3.557988e-08 fanout960
 7.398834e-09 2.786581e-08 3.715345e-12 3.526836e-08 fanout780
 7.387113e-09 2.733778e-08 3.715625e-12 3.472861e-08 fanout806
 7.330238e-09 2.726385e-08 3.715345e-12 3.459781e-08 fanout819
 3.710932e-09 3.078699e-08 3.676919e-12 3.450160e-08 wire68
 7.456591e-09 2.702048e-08 4.509372e-12 3.448158e-08 fanout450
 5.627525e-09 2.869588e-08 3.829655e-12 3.432723e-08 fanout927
 7.384034e-09 2.603994e-08 4.509418e-12 3.342848e-08 fanout104
 4.650308e-09 2.876209e-08 4.849864e-12 3.341725e-08 fanout423
 5.462898e-09 2.784864e-08 4.848294e-12 3.331638e-08 fanout566
 7.332136e-09 2.585135e-08 4.509372e-12 3.318799e-08 fanout447
 7.174864e-09 2.537553e-08 4.444242e-12 3.255484e-08 fanout1488
 7.364750e-09 2.444203e-08 3.715315e-12 3.181050e-08 fanout135
 7.444896e-09 2.418655e-08 4.509372e-12 3.163596e-08 fanout446
 5.667333e-09 2.536014e-08 3.829870e-12 3.103131e-08 fanout926
 2.979047e-08 0.000000e+00 2.653461e-12 2.979312e-08 clkload159
 2.977501e-08 0.000000e+00 2.653461e-12 2.977767e-08 clkload128
 5.486892e-09 2.423099e-08 3.700627e-12 2.972159e-08 fanout119
 2.953707e-08 0.000000e+00 2.653461e-12 2.953972e-08 clkload249
 5.455611e-09 2.387009e-08 3.700624e-12 2.932940e-08 fanout121
 2.920256e-08 0.000000e+00 2.653461e-12 2.920521e-08 clkload213
 2.917491e-08 0.000000e+00 2.653461e-12 2.917757e-08 clkload209
 5.507242e-09 2.347541e-08 3.700582e-12 2.898635e-08 fanout117
 3.105979e-09 2.519094e-08 3.681367e-12 2.830060e-08 wire67
 4.011254e-09 2.427338e-08 3.676968e-12 2.828831e-08 max_cap69
 2.277439e-08 5.480304e-09 6.999503e-12 2.826169e-08 fanout1444
 5.454468e-09 2.251663e-08 4.607225e-12 2.797571e-08 fanout113
 2.686117e-08 0.000000e+00 1.567550e-12 2.686274e-08 clkload0
 5.487546e-09 2.126447e-08 3.700627e-12 2.675571e-08 fanout118
 5.676099e-09 2.072508e-08 4.478069e-12 2.640566e-08 fanout964
 5.272801e-09 2.101309e-08 4.607235e-12 2.629050e-08 fanout112
 2.481905e-08 0.000000e+00 2.527751e-12 2.482158e-08 clkload31
 2.468397e-08 0.000000e+00 2.527751e-12 2.468650e-08 clkload83
 2.450589e-08 0.000000e+00 2.527751e-12 2.450842e-08 clkload63
 2.449129e-08 0.000000e+00 2.527751e-12 2.449381e-08 clkload85
 2.443974e-08 0.000000e+00 2.527751e-12 2.444227e-08 clkload35
 2.441980e-08 0.000000e+00 2.527751e-12 2.442233e-08 clkload79
 2.441279e-08 0.000000e+00 2.527751e-12 2.441532e-08 clkload67
 2.439983e-08 0.000000e+00 2.527751e-12 2.440236e-08 clkload100
 2.438737e-08 0.000000e+00 2.527751e-12 2.438989e-08 clkload73
 2.433208e-08 0.000000e+00 2.527751e-12 2.433461e-08 clkload55
 2.432188e-08 0.000000e+00 2.527751e-12 2.432440e-08 clkload51
 2.431890e-08 0.000000e+00 2.527751e-12 2.432143e-08 clkload93
 2.430809e-08 0.000000e+00 1.530884e-12 2.430962e-08 clkload10
 2.429799e-08 0.000000e+00 2.527751e-12 2.430051e-08 clkload48
 2.426771e-08 0.000000e+00 2.527751e-12 2.427024e-08 clkload99
 2.426609e-08 0.000000e+00 1.530884e-12 2.426762e-08 clkload7
 2.424503e-08 0.000000e+00 2.527751e-12 2.424756e-08 clkload53
 2.409603e-08 0.000000e+00 2.527751e-12 2.409856e-08 clkload29
 2.400173e-08 0.000000e+00 2.527751e-12 2.400426e-08 clkload19
 5.403544e-09 1.798367e-08 4.607115e-12 2.339183e-08 fanout115
 2.272294e-08 0.000000e+00 1.130444e-13 2.272305e-08 clkload182
 2.225377e-08 0.000000e+00 1.130444e-13 2.225388e-08 clkload135
 2.215465e-08 0.000000e+00 1.130444e-13 2.215476e-08 clkload244
 2.207682e-08 0.000000e+00 1.130444e-13 2.207694e-08 clkload151
 2.192611e-08 0.000000e+00 1.130444e-13 2.192622e-08 clkload141
 3.641877e-09 1.825864e-08 4.847680e-12 2.190537e-08 fanout498
 2.189185e-08 0.000000e+00 1.130444e-13 2.189197e-08 clkload137
 2.177723e-08 0.000000e+00 1.130444e-13 2.177734e-08 clkload254
 2.176368e-08 0.000000e+00 1.130444e-13 2.176379e-08 clkload252
 2.173041e-08 0.000000e+00 1.130444e-13 2.173052e-08 clkload210
 2.169222e-08 0.000000e+00 1.130444e-13 2.169234e-08 clkload215
 4.779499e-09 1.634640e-08 3.707947e-12 2.112961e-08 fanout101
 3.669379e-09 1.656317e-08 3.703180e-12 2.023625e-08 fanout311
 1.991108e-08 0.000000e+00 1.130444e-13 1.991120e-08 clkload114
 1.877444e-08 0.000000e+00 1.101454e-13 1.877455e-08 clkload41
 1.875556e-08 0.000000e+00 1.101454e-13 1.875567e-08 clkload64
 1.867106e-08 0.000000e+00 1.101454e-13 1.867117e-08 clkload65
 1.866393e-08 0.000000e+00 1.101454e-13 1.866404e-08 clkload45
 1.850278e-08 0.000000e+00 1.101454e-13 1.850289e-08 clkload44
 1.844600e-08 0.000000e+00 1.101454e-13 1.844611e-08 clkload37
 1.831151e-08 0.000000e+00 1.101454e-13 1.831162e-08 clkload34
 1.830174e-08 0.000000e+00 1.101454e-13 1.830185e-08 clkload32
 1.822576e-08 0.000000e+00 1.101454e-13 1.822587e-08 clkload68
 1.820292e-08 0.000000e+00 1.101454e-13 1.820303e-08 clkload61
 1.818355e-08 0.000000e+00 1.101454e-13 1.818366e-08 clkload60
 1.817721e-08 0.000000e+00 1.101454e-13 1.817732e-08 clkload71
 1.810244e-08 0.000000e+00 1.101454e-13 1.810255e-08 clkload94
 3.805797e-09 1.426303e-08 4.602930e-12 1.807343e-08 fanout87
 1.802640e-08 0.000000e+00 1.101454e-13 1.802651e-08 clkload96
 1.776684e-08 0.000000e+00 1.101454e-13 1.776695e-08 clkload105
 1.773181e-08 0.000000e+00 1.101454e-13 1.773192e-08 clkload106
 1.763639e-08 0.000000e+00 1.101454e-13 1.763650e-08 clkload46
 1.638389e-08 0.000000e+00 1.101454e-13 1.638400e-08 clkload20
 3.728895e-09 1.215858e-08 4.742480e-12 1.589222e-08 fanout894
 1.543032e-08 0.000000e+00 1.755780e-12 1.543208e-08 clkload194
 1.542872e-08 0.000000e+00 1.755780e-12 1.543047e-08 clkload149
 1.536251e-08 0.000000e+00 1.755780e-12 1.536427e-08 clkload186
 1.533046e-08 0.000000e+00 1.755780e-12 1.533221e-08 clkload193
 1.533019e-08 0.000000e+00 1.755780e-12 1.533194e-08 clkload184
 1.532092e-08 0.000000e+00 1.755780e-12 1.532268e-08 clkload147
 1.530053e-08 0.000000e+00 1.755780e-12 1.530229e-08 clkload179
 1.529160e-08 0.000000e+00 1.755780e-12 1.529336e-08 clkload190
 1.528672e-08 0.000000e+00 1.755780e-12 1.528848e-08 clkload203
 1.522803e-08 0.000000e+00 1.755780e-12 1.522978e-08 clkload172
 1.522556e-08 0.000000e+00 1.755780e-12 1.522732e-08 clkload217
 1.522288e-08 0.000000e+00 1.755780e-12 1.522464e-08 clkload189
 1.516222e-08 0.000000e+00 1.755780e-12 1.516398e-08 clkload245
 1.515711e-08 0.000000e+00 1.755780e-12 1.515887e-08 clkload126
 1.513155e-08 0.000000e+00 1.755780e-12 1.513331e-08 clkload139
 1.512900e-08 0.000000e+00 1.755780e-12 1.513076e-08 clkload233
 1.512682e-08 0.000000e+00 1.755780e-12 1.512858e-08 clkload176
 1.512555e-08 0.000000e+00 1.755780e-12 1.512731e-08 clkload239
 1.512441e-08 0.000000e+00 1.755780e-12 1.512617e-08 clkload173
 1.512238e-08 0.000000e+00 1.755780e-12 1.512413e-08 clkload124
 1.512215e-08 0.000000e+00 1.755780e-12 1.512391e-08 clkload130
 1.511858e-08 0.000000e+00 1.755780e-12 1.512033e-08 clkload127
 1.510953e-08 0.000000e+00 1.755780e-12 1.511128e-08 clkload234
 1.510931e-08 0.000000e+00 1.755780e-12 1.511107e-08 clkload232
 1.510606e-08 0.000000e+00 1.755780e-12 1.510781e-08 clkload129
 1.510440e-08 0.000000e+00 1.755780e-12 1.510615e-08 clkload154
 1.509731e-08 0.000000e+00 1.755780e-12 1.509907e-08 clkload140
 1.509097e-08 0.000000e+00 1.755780e-12 1.509273e-08 clkload125
 1.508899e-08 0.000000e+00 1.755780e-12 1.509074e-08 clkload155
 1.508710e-08 0.000000e+00 1.755780e-12 1.508885e-08 clkload230
 1.508338e-08 0.000000e+00 1.755780e-12 1.508513e-08 clkload138
 1.508250e-08 0.000000e+00 1.755780e-12 1.508426e-08 clkload131
 1.508048e-08 0.000000e+00 1.755780e-12 1.508223e-08 clkload156
 1.507968e-08 0.000000e+00 1.755780e-12 1.508143e-08 clkload248
 1.506378e-08 0.000000e+00 1.755780e-12 1.506553e-08 clkload214
 1.503941e-08 0.000000e+00 1.755780e-12 1.504117e-08 clkload157
 3.820334e-09 9.407391e-09 4.714592e-12 1.323244e-08 hold1308
 1.292737e-08 0.000000e+00 1.570895e-12 1.292894e-08 clkload109
 1.264086e-08 0.000000e+00 1.570895e-12 1.264243e-08 clkload57
 1.256909e-08 0.000000e+00 1.570895e-12 1.257066e-08 clkload86
 1.256487e-08 0.000000e+00 1.570895e-12 1.256644e-08 clkload91
 1.255283e-08 0.000000e+00 1.570895e-12 1.255440e-08 clkload52
 1.253971e-08 0.000000e+00 1.570895e-12 1.254128e-08 clkload84
 1.484488e-09 7.004394e-09 3.855088e-12 8.492737e-09 fanout897
 1.303419e-09 5.638040e-09 3.954027e-12 6.945414e-09 fanout895
 1.486614e-09 3.925573e-09 3.661705e-12 5.415849e-09 max_cap74
 1.641220e-09 3.369027e-09 4.423738e-12 5.014670e-09 hold1863
 4.076822e-10 3.566416e-09 3.659749e-12 3.977758e-09 wire77
 7.857124e-10 2.676758e-09 3.659757e-12 3.466130e-09 max_cap79
 4.121821e-10 2.537542e-09 3.659743e-12 2.953384e-09 max_cap78
 5.920003e-10 2.066798e-09 4.356126e-12 2.663154e-09 hold1422
 1.034465e-09 1.482226e-09 1.181000e-12 2.517871e-09 max_cap81
 5.232515e-10 1.947139e-09 4.451467e-12 2.474842e-09 fanout1200
 5.758894e-10 9.790335e-10 1.181000e-12 1.556104e-09 wire306
 1.975405e-10 1.117226e-09 1.413976e-11 1.328906e-09 hold24
 5.707715e-10 6.982971e-10 1.181000e-12 1.270250e-09 max_cap307
 2.877434e-10 9.430741e-10 3.885830e-12 1.234703e-09 fanout1199
 2.150157e-10 8.836282e-10 3.677890e-12 1.102322e-09 fanout892
 1.757096e-10 5.974441e-10 3.682921e-12 7.768366e-10 fanout889
 2.058796e-10 2.443163e-10 1.181000e-12 4.513769e-10 _32010_
 2.058528e-10 2.418110e-10 1.181000e-12 4.488448e-10 _32016_
 4.813513e-11 3.564298e-10 4.329330e-12 4.088943e-10 fanout1341
 4.805732e-11 3.496965e-10 4.329331e-12 4.020831e-10 fanout1244
 2.051732e-10 1.787699e-10 1.181000e-12 3.851241e-10 _32013_
 4.834971e-11 3.120594e-10 4.329331e-12 3.647385e-10 fanout1283
 4.832936e-11 3.064180e-10 4.329330e-12 3.590767e-10 fanout1314
 1.854127e-10 1.486793e-10 1.413976e-11 3.482317e-10 fanout1402
 2.044711e-10 1.300130e-10 1.181000e-12 3.356651e-10 _32018_
 2.039968e-10 1.194361e-10 1.181000e-12 3.246138e-10 _32017_
 2.038635e-10 1.165014e-10 1.181000e-12 3.215458e-10 _32012_
 2.033034e-10 1.060937e-10 1.181000e-12 3.105781e-10 _32015_
 2.031940e-10 1.035787e-10 1.181000e-12 3.079537e-10 _32014_
 4.868233e-11 2.476968e-10 4.329331e-12 3.007085e-10 fanout1381
 1.717154e-10 1.277704e-10 1.181000e-12 3.006668e-10 _32008_
 1.717122e-10 1.274750e-10 1.181000e-12 3.003683e-10 _32009_
 2.028503e-10 9.391474e-11 1.181000e-12 2.979460e-10 _32019_
 2.026144e-10 9.025580e-11 1.181000e-12 2.940512e-10 _32011_
 1.715906e-10 1.163161e-10 1.181000e-12 2.890877e-10 _32002_
 1.714708e-10 1.115680e-10 1.181000e-12 2.842198e-10 _32005_
 1.712027e-10 1.063191e-10 1.181000e-12 2.787028e-10 _32001_
 1.709407e-10 1.011896e-10 1.181000e-12 2.733113e-10 _32007_
 1.708899e-10 1.001936e-10 1.181000e-12 2.722644e-10 _32006_
 1.708517e-10 9.944517e-11 1.181000e-12 2.714779e-10 _32000_
 4.993007e-11 1.960120e-10 4.329798e-12 2.502719e-10 fanout893
 1.696454e-10 7.582463e-11 1.181000e-12 2.466510e-10 _32003_
 1.694037e-10 7.472588e-11 1.181000e-12 2.453105e-10 _32004_
 2.735498e-11 1.739077e-10 3.666711e-12 2.049294e-10 fanout1313
 2.752224e-11 1.671027e-10 3.666711e-12 1.982916e-10 fanout1380
 2.760488e-11 1.651244e-10 3.666711e-12 1.963960e-10 fanout1302
 2.734394e-11 1.648684e-10 3.666712e-12 1.958791e-10 fanout1237
 2.740395e-11 1.600193e-10 3.666711e-12 1.910899e-10 fanout1301
 2.764338e-11 1.499193e-10 3.666711e-12 1.812294e-10 fanout1288
 2.763413e-11 1.490777e-10 3.666712e-12 1.803785e-10 fanout1249
 2.748126e-11 1.485222e-10 3.666712e-12 1.796701e-10 fanout1258
 2.761555e-11 1.470946e-10 3.666712e-12 1.783769e-10 fanout1373
 2.741115e-11 1.442642e-10 3.666711e-12 1.753420e-10 fanout1270
 2.740184e-11 1.439439e-10 3.666711e-12 1.750125e-10 fanout1310
 2.763739e-11 1.434750e-10 3.666711e-12 1.747791e-10 fanout1326
 2.755717e-11 1.433300e-10 3.666712e-12 1.745539e-10 fanout1336
 2.760315e-11 1.421069e-10 3.666712e-12 1.733767e-10 fanout1369
 2.743826e-11 1.416608e-10 3.666711e-12 1.727658e-10 fanout1345
 2.747287e-11 1.402182e-10 3.666711e-12 1.713578e-10 fanout1339
 2.754563e-11 1.387585e-10 3.666711e-12 1.699709e-10 fanout1322
 2.748764e-11 1.372250e-10 3.666713e-12 1.683794e-10 fanout1223
 2.747211e-11 1.367329e-10 3.666712e-12 1.678718e-10 fanout1370
 2.775694e-11 1.357372e-10 3.666712e-12 1.671608e-10 fanout1390
 2.797161e-11 1.347851e-10 3.666712e-12 1.664234e-10 fanout1268
 2.747153e-11 1.343623e-10 3.666711e-12 1.655006e-10 fanout1399
 2.761025e-11 1.339220e-10 3.666712e-12 1.651989e-10 fanout1333
 2.747019e-11 1.325630e-10 3.666712e-12 1.636999e-10 fanout1324
 2.781333e-11 1.316898e-10 3.666712e-12 1.631698e-10 fanout1254
 2.746595e-11 1.318185e-10 3.666711e-12 1.629512e-10 fanout1300
 2.747668e-11 1.313873e-10 3.666712e-12 1.625307e-10 fanout1238
 2.784795e-11 1.309699e-10 3.666712e-12 1.624845e-10 fanout1361
 2.747094e-11 1.311145e-10 3.666712e-12 1.622522e-10 fanout1379
 2.782111e-11 1.307016e-10 3.666712e-12 1.621894e-10 fanout1365
 2.763041e-11 1.308757e-10 3.666711e-12 1.621728e-10 fanout1346
 2.773479e-11 1.303372e-10 3.666712e-12 1.617387e-10 fanout1335
 2.750823e-11 1.295902e-10 3.666712e-12 1.607651e-10 fanout1384
 2.744111e-11 1.279847e-10 3.666711e-12 1.590925e-10 fanout1332
 2.758299e-11 1.275412e-10 3.666712e-12 1.587909e-10 fanout1246
 2.768004e-11 1.274182e-10 3.666712e-12 1.587650e-10 fanout1253
 2.790202e-11 1.271345e-10 3.666711e-12 1.587032e-10 fanout1294
 2.757632e-11 1.267988e-10 3.666712e-12 1.580418e-10 fanout1266
 2.744469e-11 1.269211e-10 3.666711e-12 1.580325e-10 fanout1311
 2.748993e-11 1.265558e-10 3.666713e-12 1.577124e-10 fanout1211
 2.776816e-11 1.253429e-10 3.666712e-12 1.567778e-10 fanout1252
 2.753512e-11 1.255238e-10 3.666712e-12 1.567256e-10 fanout1281
 4.612331e-11 1.069391e-10 3.659727e-12 1.567222e-10 max_cap76
 2.748899e-11 1.251411e-10 3.666711e-12 1.562968e-10 fanout1306
 2.781480e-11 1.246515e-10 3.666990e-12 1.561332e-10 fanout884
 2.772086e-11 1.242127e-10 3.666712e-12 1.556003e-10 fanout1251
 2.781102e-11 1.238560e-10 3.666711e-12 1.553337e-10 fanout1289
 2.775702e-11 1.227164e-10 3.666711e-12 1.541402e-10 fanout1303
 2.759180e-11 1.222795e-10 3.666712e-12 1.535381e-10 fanout1383
 2.754050e-11 1.208407e-10 3.666712e-12 1.520479e-10 fanout1220
 2.749538e-11 1.207105e-10 3.666711e-12 1.518726e-10 fanout1304
 2.751926e-11 1.202200e-10 3.666713e-12 1.514060e-10 fanout1230
 2.765541e-11 1.198142e-10 3.666712e-12 1.511363e-10 fanout1338
 2.773388e-11 1.195615e-10 3.666712e-12 1.509620e-10 fanout1264
 2.751425e-11 1.193664e-10 3.666712e-12 1.505473e-10 fanout1233
 2.773338e-11 1.185982e-10 3.666712e-12 1.499983e-10 fanout1245
 2.774574e-11 1.183281e-10 3.666712e-12 1.497405e-10 fanout1277
 2.749791e-11 1.183979e-10 3.666712e-12 1.495625e-10 fanout1394
 2.776801e-11 1.171974e-10 3.666712e-12 1.486321e-10 fanout1382
 2.786315e-11 1.166994e-10 3.666712e-12 1.482292e-10 fanout1387
 2.755124e-11 1.169163e-10 3.666712e-12 1.481342e-10 fanout1219
 2.746790e-11 1.142084e-10 3.666711e-12 1.453430e-10 fanout1309
 2.751820e-11 1.114838e-10 3.666711e-12 1.426687e-10 fanout1391
 2.761074e-11 1.108418e-10 3.666711e-12 1.421192e-10 fanout1293
 2.764275e-11 1.094927e-10 3.666712e-12 1.408021e-10 fanout1319
 2.791537e-11 1.088407e-10 3.666711e-12 1.404228e-10 fanout1355
 2.754828e-11 1.092076e-10 3.666712e-12 1.404225e-10 fanout1227
 2.774298e-11 1.073485e-10 3.666711e-12 1.387581e-10 fanout1287
 2.750110e-11 1.075878e-10 3.666712e-12 1.387556e-10 fanout1360
 2.760707e-11 1.073118e-10 3.666711e-12 1.385855e-10 fanout1315
 2.751769e-11 1.069547e-10 3.666711e-12 1.381391e-10 fanout1393
 2.771688e-11 1.059529e-10 3.666711e-12 1.373365e-10 fanout1331
 2.760150e-11 1.058280e-10 3.666712e-12 1.370962e-10 fanout1247
 2.753964e-11 1.051502e-10 3.666713e-12 1.363566e-10 fanout1224
 2.749893e-11 1.049617e-10 3.666712e-12 1.361273e-10 fanout1368
 2.780720e-11 1.043615e-10 3.666712e-12 1.358354e-10 fanout1257
 2.784805e-11 1.038491e-10 3.666712e-12 1.353639e-10 fanout1366
 2.746984e-11 9.988176e-11 3.666711e-12 1.310183e-10 fanout1274
 2.779365e-11 9.897921e-11 3.666712e-12 1.304396e-10 fanout1396
 2.753402e-11 9.690324e-11 3.666713e-12 1.281040e-10 fanout1214
 2.761175e-11 9.502679e-11 3.666711e-12 1.263052e-10 fanout1296
 2.768258e-11 9.483883e-11 3.666712e-12 1.261881e-10 fanout1378
 2.758781e-11 9.439967e-11 3.666712e-12 1.256542e-10 fanout1248
 2.745518e-11 9.351877e-11 3.666712e-12 1.246407e-10 fanout1243
 1.658207e-11 1.005450e-10 4.876300e-12 1.220034e-10 fanout1206
 2.754133e-11 8.798457e-11 3.666712e-12 1.191926e-10 fanout1228
 2.759527e-11 8.081181e-11 3.666712e-12 1.120738e-10 fanout1269
 1.657148e-11 7.177831e-11 4.876300e-12 9.322609e-11 fanout1207
 1.627935e-11 7.021384e-11 4.876300e-12 9.136949e-11 fanout1209
 1.678187e-11 6.633455e-11 4.876300e-12 8.799272e-11 fanout1208
 1.675456e-11 6.169372e-11 4.876300e-12 8.332458e-11 fanout1205
 1.919816e-17 1.126085e-16 6.869365e-12 6.869497e-12 fanout1606
 9.724308e-18 5.303379e-17 4.873184e-12 4.873247e-12 fanout1615
 9.822771e-18 5.033096e-17 4.873185e-12 4.873245e-12 fanout1619
 9.714527e-18 5.147928e-17 4.873184e-12 4.873245e-12 fanout1636
 9.800695e-18 5.008867e-17 4.873184e-12 4.873244e-12 fanout1600
 9.723296e-18 4.915870e-17 4.873184e-12 4.873243e-12 fanout1629
 9.808404e-18 4.828271e-17 4.873184e-12 4.873242e-12 fanout1599
 9.723626e-18 4.855173e-17 4.873184e-12 4.873242e-12 fanout1601
 9.794209e-18 4.818610e-17 4.873184e-12 4.873242e-12 fanout1602
 9.744294e-18 4.826271e-17 4.873184e-12 4.873242e-12 fanout1612
 9.744977e-18 4.759059e-17 4.873184e-12 4.873241e-12 fanout1595
 9.718084e-18 4.772424e-17 4.873184e-12 4.873241e-12 fanout1604
 9.838412e-18 4.732101e-17 4.873184e-12 4.873241e-12 fanout1639
 9.742288e-18 4.748595e-17 4.873184e-12 4.873241e-12 fanout1642
 9.748890e-18 4.705817e-17 4.873184e-12 4.873241e-12 fanout1609
 9.747094e-18 4.704686e-17 4.873184e-12 4.873241e-12 fanout1643
 9.790370e-18 4.654003e-17 4.873184e-12 4.873240e-12 fanout1614
 9.751389e-18 4.667832e-17 4.873184e-12 4.873240e-12 fanout1648
 9.728850e-18 4.562134e-17 4.873184e-12 4.873239e-12 fanout1597
 9.823474e-18 4.561801e-17 4.873184e-12 4.873239e-12 fanout1611
 9.814983e-18 4.574433e-17 4.873184e-12 4.873239e-12 fanout1628
 9.863135e-18 4.523155e-17 4.873184e-12 4.873239e-12 fanout1626
 9.758648e-18 4.503868e-17 4.873184e-12 4.873239e-12 fanout1607
 9.799056e-18 4.467368e-17 4.873184e-12 4.873239e-12 fanout1613
 9.859166e-18 4.488680e-17 4.873184e-12 4.873239e-12 fanout1630
 9.755855e-18 4.464748e-17 4.873184e-12 4.873238e-12 fanout1617
 9.855381e-18 4.435464e-17 4.873184e-12 4.873238e-12 fanout1622
 9.763885e-18 4.384569e-17 4.873184e-12 4.873238e-12 fanout1632
 9.749836e-18 4.384676e-17 4.873184e-12 4.873238e-12 fanout1640
 9.825084e-18 4.354261e-17 4.873184e-12 4.873237e-12 fanout1623
 9.765261e-18 4.252254e-17 4.873184e-12 4.873236e-12 fanout1593
 9.821957e-18 4.248581e-17 4.873184e-12 4.873236e-12 fanout1631
 9.828259e-18 4.200871e-17 4.873184e-12 4.873236e-12 fanout1618
 9.844429e-18 4.200419e-17 4.873184e-12 4.873236e-12 fanout1641
 9.775101e-18 4.103722e-17 4.873185e-12 4.873236e-12 fanout1649
 9.842200e-18 4.160871e-17 4.873184e-12 4.873235e-12 fanout1598
 9.850704e-18 4.132199e-17 4.873184e-12 4.873235e-12 fanout1647
 9.763406e-18 4.072251e-17 4.873184e-12 4.873234e-12 fanout1638
 9.773643e-18 4.055799e-17 4.873184e-12 4.873234e-12 fanout1644
 5.477384e-18 2.935738e-17 4.642410e-12 4.642445e-12 fanout1605
 5.480589e-18 2.811985e-17 4.642410e-12 4.642444e-12 fanout1603
 5.516827e-18 2.786309e-17 4.642410e-12 4.642444e-12 fanout1635
 5.497178e-18 2.589687e-17 4.642410e-12 4.642441e-12 fanout1594
 5.504525e-18 2.416730e-17 4.642410e-12 4.642440e-12 fanout1620
 5.505797e-18 2.332071e-17 4.642410e-12 4.642439e-12 fanout1610
 8.684424e-18 1.598387e-16 4.358972e-12 4.359140e-12 _15281_
 9.660698e-18 6.698268e-17 4.328316e-12 4.328393e-12 fanout1573
 9.743518e-18 5.787239e-17 4.328316e-12 4.328384e-12 fanout1544
 9.704140e-18 5.577658e-17 4.328316e-12 4.328382e-12 fanout1589
 9.719249e-18 5.341344e-17 4.328316e-12 4.328380e-12 fanout1542
 9.809123e-18 5.184271e-17 4.328317e-12 4.328379e-12 fanout1549
 9.700708e-18 5.268929e-17 4.328316e-12 4.328379e-12 fanout1572
 9.721105e-18 5.204051e-17 4.328316e-12 4.328378e-12 fanout1546
 9.728822e-18 4.992509e-17 4.328317e-12 4.328377e-12 fanout1574
 9.723397e-18 4.966905e-17 4.328316e-12 4.328376e-12 fanout1579
 9.744579e-18 4.759018e-17 4.328317e-12 4.328374e-12 fanout1581
 9.799098e-18 4.516016e-17 4.328317e-12 4.328372e-12 fanout1571
 9.777114e-18 4.584918e-17 4.328316e-12 4.328372e-12 fanout1588
 9.729622e-18 4.507279e-17 4.328316e-12 4.328371e-12 fanout1550
 9.828598e-18 3.838017e-17 4.328317e-12 4.328365e-12 fanout1568
 9.875887e-18 3.748630e-17 4.328317e-12 4.328364e-12 fanout1570
 5.450515e-18 4.312598e-17 3.664892e-12 3.664941e-12 fanout1558
 5.470357e-18 3.744705e-17 3.664892e-12 3.664935e-12 fanout1563
 5.488269e-18 3.297151e-17 3.664891e-12 3.664929e-12 fanout1548
 5.485903e-18 3.096873e-17 3.664891e-12 3.664927e-12 fanout1587
 5.511087e-18 2.923438e-17 3.664892e-12 3.664927e-12 fanout1551
 5.518075e-18 2.862921e-17 3.664892e-12 3.664926e-12 fanout1552
 5.511468e-18 2.890014e-17 3.664892e-12 3.664926e-12 fanout1554
 5.518277e-18 2.878769e-17 3.664892e-12 3.664926e-12 fanout1555
 5.537542e-18 2.766452e-17 3.664892e-12 3.664926e-12 fanout1553
 5.537709e-18 2.761515e-17 3.664892e-12 3.664925e-12 fanout1556
 5.500461e-18 2.880629e-17 3.664891e-12 3.664925e-12 fanout1585
 5.493771e-18 2.781449e-17 3.664891e-12 3.664924e-12 fanout1591
 5.488553e-18 2.459853e-17 3.664891e-12 3.664921e-12 fanout1557
 5.513667e-18 2.247700e-17 3.664892e-12 3.664920e-12 fanout1565
 5.505036e-18 2.320416e-17 3.664891e-12 3.664919e-12 fanout1541
 5.491472e-18 2.327108e-17 3.664891e-12 3.664919e-12 fanout1567
 5.565201e-18 1.928046e-17 3.664892e-12 3.664917e-12 fanout1561
 9.759044e-16 1.749395e-15 1.181000e-12 1.183725e-12 input1
 9.949116e-16 1.592507e-15 1.181000e-12 1.183587e-12 input2
 5.806310e-16 1.835395e-15 1.181000e-12 1.183416e-12 input6
 9.854737e-16 1.427773e-15 1.181000e-12 1.183413e-12 input3
 9.035023e-16 1.240399e-15 1.181000e-12 1.183144e-12 input4
 8.375825e-16 7.242212e-16 1.181000e-12 1.182562e-12 input5
