     Internal    Switching      Leakage        Total
        Power        Power        Power        Power (Watts)
----------------------------------------------------
 8.717779e-07 3.221361e-07 1.232310e-11 1.193926e-06 clkbuf_0_clk
 8.500813e-07 2.017836e-07 1.232310e-11 1.051877e-06 clkbuf_1_0__f_clk
 8.436942e-07 1.425719e-07 1.232310e-11 9.862783e-07 clkbuf_1_1__f_clk
 1.350331e-07 6.789882e-11 9.134016e-12 1.351101e-07 u_icg
 2.686424e-08 0.000000e+00 1.567550e-12 2.686581e-08 clkload0
 6.475381e-11 5.241615e-10 1.047893e-11 5.993943e-10 clkbuf_0_v_clk
 6.291861e-11 3.999494e-10 1.047892e-11 4.733469e-10 clkbuf_0_w_clk
 9.777179e-11 2.281569e-10 1.047899e-11 3.364077e-10 clkbuf_0_core_clk
 6.590135e-11 2.204141e-10 1.047893e-11 2.967943e-10 clkbuf_3_7__f_v_clk
 6.588179e-11 2.010449e-10 1.047893e-11 2.774056e-10 clkbuf_3_6__f_v_clk
 6.585406e-11 1.897193e-10 1.047893e-11 2.660523e-10 clkbuf_3_5__f_v_clk
 6.585272e-11 1.892249e-10 1.047893e-11 2.655566e-10 clkbuf_3_4__f_v_clk
 6.590147e-11 1.842140e-10 1.047893e-11 2.605944e-10 clkbuf_3_1__f_v_clk
 6.163835e-11 1.875990e-10 1.047892e-11 2.597162e-10 clkbuf_3_7__f_w_clk
 6.162104e-11 1.843091e-10 1.047892e-11 2.564090e-10 clkbuf_3_1__f_w_clk
 6.162054e-11 1.832633e-10 1.047892e-11 2.553627e-10 clkbuf_3_0__f_w_clk
 6.588306e-11 1.654899e-10 1.047893e-11 2.418519e-10 clkbuf_3_0__f_v_clk
 6.586321e-11 1.606718e-10 1.047893e-11 2.370139e-10 clkbuf_3_3__f_v_clk
 6.152661e-11 1.631221e-10 1.047892e-11 2.351276e-10 clkbuf_3_5__f_w_clk
 6.158746e-11 1.627404e-10 1.047892e-11 2.348068e-10 clkbuf_3_6__f_w_clk
 6.159243e-11 1.583719e-10 1.047892e-11 2.304432e-10 clkbuf_3_2__f_w_clk
 6.159340e-11 1.561773e-10 1.047892e-11 2.282497e-10 clkbuf_3_3__f_w_clk
 6.584899e-11 1.462763e-10 1.047893e-11 2.226043e-10 clkbuf_3_2__f_v_clk
 6.144715e-11 1.313067e-10 1.047892e-11 2.032327e-10 clkbuf_3_4__f_w_clk
 4.889508e-11 1.264464e-10 6.865734e-12 1.822072e-10 clkbuf_4_1_0_core_clk
 4.862774e-11 1.162851e-10 6.865734e-12 1.717785e-10 clkbuf_4_15_0_core_clk
 4.852735e-11 1.125322e-10 6.865734e-12 1.679253e-10 clkbuf_4_0_0_core_clk
 4.850548e-11 1.116134e-10 6.865734e-12 1.669846e-10 clkbuf_4_12_0_core_clk
 4.842672e-11 1.087972e-10 6.865734e-12 1.640896e-10 clkbuf_4_7_0_core_clk
 4.832269e-11 1.048662e-10 6.865734e-12 1.600546e-10 clkbuf_4_6_0_core_clk
 4.827063e-11 1.027455e-10 6.865734e-12 1.578818e-10 clkbuf_4_13_0_core_clk
 4.826616e-11 1.025379e-10 6.865734e-12 1.576698e-10 clkbuf_4_9_0_core_clk
 4.815191e-11 9.838825e-11 6.865734e-12 1.534059e-10 clkbuf_4_5_0_core_clk
 3.834573e-11 1.004542e-10 8.986267e-12 1.477862e-10 u_icg_v
 4.797469e-11 9.162682e-11 6.865734e-12 1.464672e-10 clkbuf_4_2_0_core_clk
 4.794303e-11 9.033613e-11 6.865734e-12 1.451449e-10 clkbuf_4_10_0_core_clk
 4.787422e-11 8.777570e-11 6.865734e-12 1.425156e-10 clkbuf_4_14_0_core_clk
 4.782508e-11 8.587729e-11 6.865734e-12 1.405681e-10 clkbuf_4_11_0_core_clk
 4.776559e-11 8.374305e-11 6.865734e-12 1.383744e-10 clkbuf_4_4_0_core_clk
 4.772738e-11 8.216734e-11 6.865734e-12 1.367605e-10 clkbuf_4_8_0_core_clk
 4.765948e-11 7.965837e-11 6.865734e-12 1.341836e-10 clkbuf_4_3_0_core_clk
 3.775189e-11 8.539879e-11 8.986267e-12 1.321370e-10 u_icg_w
 3.138274e-11 5.496710e-11 6.865722e-12 9.321557e-11 clkbuf_2_2_0_v_clk
 3.136839e-11 5.388092e-11 6.865722e-12 9.211503e-11 clkbuf_2_3_0_v_clk
 3.133616e-11 5.137082e-11 6.865722e-12 8.957270e-11 clkbuf_2_1_0_v_clk
 3.132724e-11 5.082711e-11 6.865722e-12 8.902008e-11 clkbuf_2_0_0_v_clk
 3.166225e-11 4.774567e-11 6.865722e-12 8.627365e-11 clkbuf_leaf_67_v_clk
 9.576549e-12 6.859534e-11 7.514054e-12 8.568594e-11 fanout695
 9.576785e-12 6.788633e-11 7.514054e-12 8.497716e-11 fanout666
 3.178462e-11 4.604424e-11 6.865722e-12 8.469458e-11 clkbuf_leaf_12_v_clk
 3.157927e-11 4.472831e-11 6.865722e-12 8.317331e-11 clkbuf_leaf_72_v_clk
 3.051774e-11 4.523670e-11 6.865722e-12 8.262017e-11 clkbuf_leaf_77_w_clk
 3.045652e-11 4.450281e-11 6.865722e-12 8.182505e-11 clkbuf_leaf_32_w_clk
 3.143886e-11 4.309093e-11 6.865722e-12 8.139552e-11 clkbuf_leaf_52_v_clk
 3.043347e-11 4.362384e-11 6.865722e-12 8.092303e-11 clkbuf_leaf_31_w_clk
 3.152049e-11 4.198550e-11 6.865722e-12 8.037172e-11 clkbuf_leaf_93_v_clk
 3.054183e-11 4.267244e-11 6.865722e-12 8.007999e-11 clkbuf_leaf_54_w_clk
 3.052010e-11 4.237691e-11 6.865722e-12 7.976273e-11 clkbuf_leaf_19_w_clk
 3.039659e-11 4.194413e-11 6.865722e-12 7.920644e-11 clkbuf_leaf_40_w_clk
 3.163080e-11 4.013979e-11 6.865722e-12 7.863631e-11 clkbuf_leaf_15_v_clk
 3.148536e-11 4.024461e-11 6.865722e-12 7.859569e-11 clkbuf_leaf_103_v_clk
 3.146720e-11 4.023612e-11 6.865722e-12 7.856905e-11 clkbuf_leaf_76_v_clk
 3.147894e-11 4.013943e-11 6.865722e-12 7.848409e-11 clkbuf_leaf_94_v_clk
 3.141678e-11 4.007694e-11 6.865722e-12 7.835945e-11 clkbuf_leaf_37_v_clk
 3.136658e-11 4.004970e-11 6.865722e-12 7.828200e-11 clkbuf_leaf_50_v_clk
 3.048057e-11 4.087761e-11 6.865722e-12 7.822391e-11 clkbuf_leaf_26_w_clk
 3.136362e-11 3.989570e-11 6.865722e-12 7.812504e-11 clkbuf_leaf_54_v_clk
 3.047055e-11 4.043012e-11 6.865722e-12 7.776639e-11 clkbuf_leaf_25_w_clk
 3.160758e-11 3.927392e-11 6.865722e-12 7.774723e-11 clkbuf_leaf_18_v_clk
 3.160511e-11 3.925076e-11 6.865722e-12 7.772160e-11 clkbuf_leaf_13_v_clk
 3.035925e-11 4.015682e-11 6.865722e-12 7.738180e-11 clkbuf_leaf_35_w_clk
 3.133707e-11 3.881765e-11 6.865722e-12 7.702044e-11 clkbuf_leaf_48_v_clk
 3.046027e-11 3.945724e-11 6.865722e-12 7.678323e-11 clkbuf_leaf_53_w_clk
 3.033679e-11 3.940885e-11 6.865722e-12 7.661136e-11 clkbuf_leaf_41_w_clk
 3.132038e-11 3.824066e-11 6.865722e-12 7.642676e-11 clkbuf_leaf_58_v_clk
 3.035770e-11 3.882030e-11 6.865722e-12 7.604373e-11 clkbuf_leaf_75_w_clk
 3.141041e-11 3.761372e-11 6.865722e-12 7.588986e-11 clkbuf_leaf_92_v_clk
 3.031871e-11 3.862549e-11 6.865722e-12 7.580992e-11 clkbuf_leaf_39_w_clk
 3.130220e-11 3.754628e-11 6.865722e-12 7.571421e-11 clkbuf_leaf_65_v_clk
 3.130640e-11 3.752720e-11 6.865722e-12 7.569933e-11 clkbuf_leaf_53_v_clk
 3.129537e-11 3.723877e-11 6.865722e-12 7.539986e-11 clkbuf_leaf_64_v_clk
 3.033250e-11 3.777801e-11 6.865722e-12 7.497623e-11 clkbuf_leaf_1_w_clk
 3.128223e-11 3.658155e-11 6.865722e-12 7.472950e-11 clkbuf_leaf_56_v_clk
 3.028278e-11 3.715121e-11 6.865722e-12 7.429971e-11 clkbuf_leaf_37_w_clk
 3.136527e-11 3.592406e-11 6.865722e-12 7.415506e-11 clkbuf_leaf_63_v_clk
 3.132056e-11 3.584068e-11 6.865722e-12 7.402697e-11 clkbuf_leaf_49_v_clk
 3.039835e-11 3.670039e-11 6.865722e-12 7.396447e-11 clkbuf_leaf_57_w_clk
 3.143817e-11 3.563270e-11 6.865722e-12 7.393660e-11 clkbuf_leaf_30_v_clk
 3.037305e-11 3.663915e-11 6.865722e-12 7.387792e-11 clkbuf_leaf_21_w_clk
 3.130582e-11 3.532714e-11 6.865722e-12 7.349869e-11 clkbuf_leaf_42_v_clk
 3.129940e-11 3.521796e-11 6.865722e-12 7.338308e-11 clkbuf_leaf_39_v_clk
 3.024869e-11 3.625255e-11 6.865722e-12 7.336696e-11 clkbuf_leaf_30_w_clk
 3.135792e-11 3.513590e-11 6.865722e-12 7.335955e-11 clkbuf_leaf_102_v_clk
 3.029260e-11 3.616484e-11 6.865722e-12 7.332316e-11 clkbuf_leaf_3_w_clk
 3.134592e-11 3.500881e-11 6.865722e-12 7.322045e-11 clkbuf_leaf_69_v_clk
 3.124627e-11 3.510806e-11 6.865722e-12 7.322005e-11 clkbuf_leaf_57_v_clk
 3.129674e-11 3.498945e-11 6.865722e-12 7.315191e-11 clkbuf_leaf_43_v_clk
 3.148238e-11 3.474301e-11 6.865722e-12 7.309112e-11 clkbuf_leaf_11_v_clk
 3.133788e-11 3.467664e-11 6.865722e-12 7.288024e-11 clkbuf_leaf_96_v_clk
 3.024322e-11 3.573513e-11 6.865722e-12 7.284407e-11 clkbuf_leaf_33_w_clk
 3.024644e-11 3.566183e-11 6.865722e-12 7.277399e-11 clkbuf_leaf_38_w_clk
 3.133194e-11 3.448808e-11 6.865722e-12 7.268575e-11 clkbuf_leaf_91_v_clk
 3.027107e-11 3.538918e-11 6.865722e-12 7.252596e-11 clkbuf_leaf_71_w_clk
 3.036897e-11 3.528955e-11 6.865722e-12 7.252425e-11 clkbuf_leaf_62_w_clk
 3.126784e-11 3.408957e-11 6.865722e-12 7.222314e-11 clkbuf_leaf_34_v_clk
 3.139346e-11 3.377765e-11 6.865722e-12 7.203683e-11 clkbuf_leaf_28_v_clk
 3.032561e-11 3.482882e-11 6.865722e-12 7.202015e-11 clkbuf_leaf_49_w_clk
 3.127083e-11 3.386907e-11 6.865722e-12 7.200563e-11 clkbuf_leaf_41_v_clk
 3.032763e-11 3.468610e-11 6.865722e-12 7.187946e-11 clkbuf_leaf_46_w_clk
 3.032037e-11 3.464892e-11 6.865722e-12 7.183502e-11 clkbuf_leaf_22_w_clk
 3.024097e-11 3.460811e-11 6.865722e-12 7.171481e-11 clkbuf_leaf_6_w_clk
 3.121350e-11 3.360336e-11 6.865722e-12 7.168258e-11 clkbuf_leaf_51_v_clk
 3.031424e-11 3.441132e-11 6.865722e-12 7.159128e-11 clkbuf_leaf_27_w_clk
 3.024727e-11 3.442576e-11 6.865722e-12 7.153875e-11 clkbuf_leaf_81_w_clk
 3.024805e-11 3.440876e-11 6.865722e-12 7.152253e-11 clkbuf_leaf_80_w_clk
 3.124925e-11 3.330930e-11 6.865722e-12 7.142426e-11 clkbuf_leaf_35_v_clk
 3.129525e-11 3.325212e-11 6.865722e-12 7.141309e-11 clkbuf_leaf_71_v_clk
 3.137787e-11 3.300293e-11 6.865722e-12 7.124652e-11 clkbuf_leaf_26_v_clk
 3.143872e-11 3.293748e-11 6.865722e-12 7.124192e-11 clkbuf_leaf_16_v_clk
 3.128560e-11 3.283428e-11 6.865722e-12 7.098561e-11 clkbuf_leaf_81_v_clk
 3.030276e-11 3.365602e-11 6.865722e-12 7.082451e-11 clkbuf_leaf_44_w_clk
 3.019641e-11 3.375683e-11 6.865722e-12 7.081897e-11 clkbuf_leaf_42_w_clk
 3.128525e-11 3.257674e-11 6.865722e-12 7.072771e-11 clkbuf_leaf_97_v_clk
 3.020417e-11 3.360078e-11 6.865722e-12 7.067067e-11 clkbuf_leaf_34_w_clk
 3.021005e-11 3.354587e-11 6.865722e-12 7.062164e-11 clkbuf_leaf_5_w_clk
 3.141728e-11 3.229725e-11 6.865722e-12 7.058025e-11 clkbuf_leaf_10_v_clk
 3.134961e-11 3.232517e-11 6.865722e-12 7.054050e-11 clkbuf_leaf_5_v_clk
 3.127103e-11 3.230981e-11 6.865722e-12 7.044657e-11 clkbuf_leaf_82_v_clk
 3.122646e-11 3.232854e-11 6.865722e-12 7.042072e-11 clkbuf_leaf_36_v_clk
 3.127592e-11 3.224376e-11 6.865722e-12 7.038541e-11 clkbuf_leaf_70_v_clk
 3.141184e-11 3.195409e-11 6.865722e-12 7.023165e-11 clkbuf_leaf_20_v_clk
 3.117667e-11 3.207775e-11 6.865722e-12 7.012014e-11 clkbuf_leaf_55_v_clk
 3.021179e-11 3.304052e-11 6.865722e-12 7.011803e-11 clkbuf_leaf_78_w_clk
 3.126728e-11 3.197739e-11 6.865722e-12 7.011040e-11 clkbuf_leaf_66_v_clk
 3.139401e-11 3.132714e-11 6.865722e-12 6.958687e-11 clkbuf_leaf_14_v_clk
 3.131645e-11 3.112630e-11 6.865722e-12 6.930847e-11 clkbuf_leaf_7_v_clk
 3.025542e-11 3.208471e-11 6.865722e-12 6.920584e-11 clkbuf_leaf_23_w_clk
 3.015942e-11 3.213556e-11 6.865722e-12 6.916070e-11 clkbuf_leaf_36_w_clk
 3.125255e-11 3.098419e-11 6.865722e-12 6.910247e-11 clkbuf_leaf_101_v_clk
 3.018662e-11 3.200054e-11 6.865722e-12 6.905288e-11 clkbuf_leaf_0_w_clk
 3.124999e-11 3.087480e-11 6.865722e-12 6.899051e-11 clkbuf_leaf_100_v_clk
 3.130741e-11 3.079203e-11 6.865722e-12 6.896517e-11 clkbuf_leaf_8_v_clk
 3.137739e-11 3.065722e-11 6.865722e-12 6.890034e-11 clkbuf_leaf_17_v_clk
 3.130501e-11 3.034032e-11 6.865722e-12 6.851105e-11 clkbuf_leaf_2_v_clk
 3.016834e-11 3.122617e-11 6.865722e-12 6.826024e-11 clkbuf_leaf_69_w_clk
 3.025318e-11 3.113421e-11 6.865722e-12 6.825311e-11 clkbuf_leaf_61_w_clk
 3.116567e-11 2.992539e-11 6.865722e-12 6.795678e-11 clkbuf_leaf_33_v_clk
 3.015695e-11 3.085552e-11 6.865722e-12 6.787820e-11 clkbuf_leaf_74_w_clk
 3.121081e-11 2.964239e-11 6.865722e-12 6.771892e-11 clkbuf_leaf_77_v_clk
 3.013525e-11 3.063135e-11 6.865722e-12 6.763232e-11 clkbuf_leaf_15_w_clk
 3.127714e-11 2.940698e-11 6.865722e-12 6.754985e-11 clkbuf_leaf_29_v_clk
 3.031498e-11 3.028710e-11 6.865722e-12 6.746780e-11 clkbuf_leaf_17_w_clk
 3.127633e-11 2.924418e-11 6.865722e-12 6.738624e-11 clkbuf_leaf_108_v_clk
 3.013882e-11 3.034605e-11 6.865722e-12 6.735059e-11 clkbuf_leaf_4_w_clk
 3.110238e-11 2.905806e-11 6.865722e-12 6.702617e-11 clkbuf_leaf_59_v_clk
 3.119688e-11 2.894805e-11 6.865722e-12 6.701066e-11 clkbuf_leaf_95_v_clk
 3.013851e-11 2.998850e-11 6.865722e-12 6.699274e-11 clkbuf_leaf_9_w_clk
 3.013641e-11 2.995142e-11 6.865722e-12 6.695356e-11 clkbuf_leaf_73_w_clk
 3.110216e-11 2.895198e-11 6.865722e-12 6.691987e-11 clkbuf_leaf_46_v_clk
 3.020325e-11 2.969415e-11 6.865722e-12 6.676313e-11 clkbuf_leaf_45_w_clk
 3.126207e-11 2.856908e-11 6.865722e-12 6.669688e-11 clkbuf_leaf_22_v_clk
 3.117986e-11 2.846132e-11 6.865722e-12 6.650690e-11 clkbuf_leaf_68_v_clk
 3.118735e-11 2.839274e-11 6.865722e-12 6.644581e-11 clkbuf_leaf_98_v_clk
 3.125426e-11 2.824155e-11 6.865722e-12 6.636154e-11 clkbuf_leaf_25_v_clk
 3.125383e-11 2.824049e-11 6.865722e-12 6.636004e-11 clkbuf_leaf_21_v_clk
 3.118142e-11 2.816444e-11 6.865722e-12 6.621158e-11 clkbuf_leaf_0_v_clk
 3.011323e-11 2.911703e-11 6.865722e-12 6.609598e-11 clkbuf_leaf_72_w_clk
 3.124238e-11 2.786300e-11 6.865722e-12 6.597111e-11 clkbuf_leaf_1_v_clk
 3.111426e-11 2.766235e-11 6.865722e-12 6.564233e-11 clkbuf_leaf_38_v_clk
 3.106997e-11 2.759250e-11 6.865722e-12 6.552819e-11 clkbuf_leaf_47_v_clk
 3.115734e-11 2.720143e-11 6.865722e-12 6.522449e-11 clkbuf_leaf_104_v_clk
 3.113680e-11 2.713049e-11 6.865722e-12 6.513302e-11 clkbuf_leaf_89_v_clk
 3.113810e-11 2.700316e-11 6.865722e-12 6.500699e-11 clkbuf_leaf_80_v_clk
 3.016910e-11 2.795528e-11 6.865722e-12 6.499010e-11 clkbuf_leaf_55_w_clk
 3.016884e-11 2.782635e-11 6.865722e-12 6.486092e-11 clkbuf_leaf_63_w_clk
 3.015251e-11 2.770435e-11 6.865722e-12 6.472258e-11 clkbuf_leaf_43_w_clk
 3.109106e-11 2.667959e-11 6.865722e-12 6.463637e-11 clkbuf_leaf_44_v_clk
 3.126486e-11 2.642721e-11 6.865722e-12 6.455779e-11 clkbuf_leaf_19_v_clk
 3.007580e-11 2.753041e-11 6.865722e-12 6.447193e-11 clkbuf_leaf_79_w_clk
 3.108477e-11 2.630843e-11 6.865722e-12 6.425892e-11 clkbuf_leaf_45_v_clk
 3.111253e-11 2.608930e-11 6.865722e-12 6.406756e-11 clkbuf_leaf_86_v_clk
 3.111382e-11 2.603498e-11 6.865722e-12 6.401452e-11 clkbuf_leaf_83_v_clk
 3.118896e-11 2.592395e-11 6.865722e-12 6.397863e-11 clkbuf_leaf_105_v_clk
 3.006547e-11 2.701796e-11 6.865722e-12 6.394915e-11 clkbuf_leaf_2_w_clk
 3.110846e-11 2.595603e-11 6.865722e-12 6.393022e-11 clkbuf_leaf_87_v_clk
 3.112478e-11 2.591605e-11 6.865722e-12 6.390655e-11 clkbuf_leaf_99_v_clk
 3.014035e-11 2.677221e-11 6.865722e-12 6.377828e-11 clkbuf_leaf_65_w_clk
 3.117771e-11 2.549971e-11 6.865722e-12 6.354314e-11 clkbuf_leaf_3_v_clk
 3.012876e-11 2.631439e-11 6.865722e-12 6.330888e-11 clkbuf_leaf_67_w_clk
 3.116173e-11 2.495339e-11 6.865722e-12 6.298084e-11 clkbuf_leaf_27_v_clk
 3.108385e-11 2.499245e-11 6.865722e-12 6.294203e-11 clkbuf_leaf_88_v_clk
 3.019159e-11 2.576443e-11 6.865722e-12 6.282174e-11 clkbuf_leaf_16_w_clk
 3.011208e-11 2.560222e-11 6.865722e-12 6.258002e-11 clkbuf_leaf_68_w_clk
 3.107070e-11 2.452253e-11 6.865722e-12 6.245895e-11 clkbuf_leaf_84_v_clk
 3.010706e-11 2.546082e-11 6.865722e-12 6.243359e-11 clkbuf_leaf_66_w_clk
 3.097883e-11 2.439811e-11 6.865722e-12 6.224266e-11 clkbuf_leaf_62_v_clk
 3.105482e-11 2.428853e-11 6.865722e-12 6.220907e-11 clkbuf_leaf_74_v_clk
 3.007859e-11 2.524797e-11 6.865722e-12 6.219228e-11 clkbuf_leaf_48_w_clk
 3.107950e-11 2.366294e-11 6.865722e-12 6.160817e-11 clkbuf_leaf_23_v_clk
 3.100489e-11 2.368345e-11 6.865722e-12 6.155405e-11 clkbuf_leaf_73_v_clk
 3.016689e-11 2.451590e-11 6.865722e-12 6.154851e-11 clkbuf_leaf_29_w_clk
 3.005519e-11 2.410654e-11 6.865722e-12 6.102745e-11 clkbuf_leaf_47_w_clk
 3.101797e-11 2.296953e-11 6.865722e-12 6.085323e-11 clkbuf_leaf_109_v_clk
 3.101229e-11 2.292542e-11 6.865722e-12 6.080342e-11 clkbuf_leaf_4_v_clk
 3.004467e-11 2.379547e-11 6.865722e-12 6.070586e-11 clkbuf_leaf_50_w_clk
 3.100296e-11 2.283565e-11 6.865722e-12 6.070432e-11 clkbuf_leaf_32_v_clk
 3.005995e-11 2.374258e-11 6.865722e-12 6.066826e-11 clkbuf_leaf_60_w_clk
 3.097593e-11 2.250497e-11 6.865722e-12 6.034662e-11 clkbuf_leaf_31_v_clk
 3.092569e-11 2.187186e-11 6.865722e-12 5.966327e-11 clkbuf_leaf_106_v_clk
 2.990855e-11 2.284082e-11 6.865722e-12 5.961510e-11 clkbuf_leaf_7_w_clk
 3.003666e-11 2.253509e-11 6.865722e-12 5.943748e-11 clkbuf_leaf_18_w_clk
 3.082743e-11 2.151239e-11 6.865722e-12 5.920555e-11 clkbuf_leaf_75_v_clk
 3.089027e-11 2.143224e-11 6.865722e-12 5.918824e-11 clkbuf_leaf_107_v_clk
 3.070069e-11 1.992814e-11 6.865722e-12 5.749456e-11 clkbuf_leaf_78_v_clk
 3.067848e-11 1.888152e-11 6.865722e-12 5.642573e-11 clkbuf_leaf_24_v_clk
 3.066006e-11 1.876826e-11 6.865722e-12 5.629405e-11 clkbuf_leaf_6_v_clk
 5.112422e-12 3.309138e-11 1.416733e-11 5.237114e-11 fanout353
 7.283485e-12 2.687815e-11 1.047890e-11 4.464054e-11 fanout585
 4.833144e-12 3.300806e-11 4.325239e-12 4.216644e-11 fanout694
 4.564811e-12 3.247320e-11 4.325211e-12 4.136323e-11 fanout640
 4.866544e-12 3.135141e-11 4.325239e-12 4.054319e-11 fanout670
 4.558914e-12 2.978919e-11 4.876289e-12 3.922439e-11 fanout426
 5.051770e-12 2.301883e-11 1.047886e-11 3.854946e-11 fanout354
 2.845560e-12 2.078110e-11 1.416736e-11 3.779402e-11 fanout309
 4.569555e-12 2.775221e-11 4.876289e-12 3.719805e-11 fanout422
 4.582117e-12 2.689941e-11 4.876289e-12 3.635782e-11 fanout419
 5.102536e-12 1.695405e-11 1.416733e-11 3.622391e-11 fanout313
 2.925874e-11 0.000000e+00 6.865722e-12 3.612447e-11 clkload95
 2.924027e-11 0.000000e+00 6.865722e-12 3.610599e-11 clkload138
 2.922932e-11 0.000000e+00 6.865722e-12 3.609505e-11 clkload121
 2.922567e-11 0.000000e+00 6.865722e-12 3.609139e-11 clkload127
 2.921264e-11 0.000000e+00 6.865722e-12 3.607837e-11 clkload155
 2.921247e-11 0.000000e+00 6.865722e-12 3.607819e-11 clkload137
 2.920581e-11 0.000000e+00 6.865722e-12 3.607153e-11 clkload158
 2.920479e-11 0.000000e+00 6.865722e-12 3.607051e-11 clkload153
 2.920074e-11 0.000000e+00 6.865722e-12 3.606646e-11 clkload160
 2.919981e-11 0.000000e+00 6.865722e-12 3.606553e-11 clkload157
 2.919939e-11 0.000000e+00 6.865722e-12 3.606512e-11 clkload159
 2.919076e-11 0.000000e+00 6.865722e-12 3.605649e-11 clkload177
 2.918938e-11 0.000000e+00 6.865722e-12 3.605510e-11 clkload178
 2.918358e-11 0.000000e+00 6.865722e-12 3.604931e-11 clkload166
 2.917832e-11 0.000000e+00 6.865722e-12 3.604404e-11 clkload100
 2.916466e-11 0.000000e+00 6.865722e-12 3.603038e-11 clkload169
 2.902275e-11 0.000000e+00 6.865722e-12 3.588847e-11 clkload81
 4.578368e-12 2.638466e-11 4.876289e-12 3.583931e-11 fanout403
 5.055484e-12 1.615646e-11 1.416731e-11 3.537926e-11 fanout196
 4.586971e-12 2.570781e-11 4.876289e-12 3.517107e-11 fanout417
 2.819071e-11 0.000000e+00 6.865722e-12 3.505643e-11 clkload41
 2.817063e-11 0.000000e+00 6.865722e-12 3.503636e-11 clkload26
 2.816523e-11 0.000000e+00 6.865722e-12 3.503095e-11 clkload50
 5.085275e-12 1.546766e-11 1.416734e-11 3.472028e-11 fanout624
 5.121698e-12 1.471460e-11 1.416734e-11 3.400363e-11 fanout696
 5.104661e-12 1.472645e-11 1.416729e-11 3.399841e-11 fanout708
 4.864561e-12 2.478423e-11 4.325239e-12 3.397402e-11 fanout674
 5.103043e-12 1.435631e-11 1.416729e-11 3.362664e-11 fanout711
 5.000749e-12 1.732637e-11 1.047885e-11 3.280597e-11 fanout1002
 4.588231e-12 2.323480e-11 4.876289e-12 3.269932e-11 fanout435
 5.077052e-12 1.704536e-11 1.047887e-11 3.260128e-11 fanout194
 4.602244e-12 2.239405e-11 4.876289e-12 3.187258e-11 fanout407
 5.081453e-12 1.621602e-11 1.047889e-11 3.177637e-11 fanout565
 5.076655e-12 1.534157e-11 1.047885e-11 3.089707e-11 fanout1004
 4.616165e-12 2.139960e-11 4.876289e-12 3.089205e-11 fanout416
 2.822982e-12 1.386657e-11 1.416729e-11 3.085684e-11 fanout630
 4.630745e-12 2.025422e-11 4.876289e-12 2.976126e-11 fanout412
 2.835449e-12 1.268927e-11 1.416737e-11 2.969209e-11 fanout608
 4.602994e-12 2.010823e-11 4.876289e-12 2.958751e-11 fanout400
 5.145204e-12 1.365393e-11 1.047889e-11 2.927803e-11 fanout954
 4.613472e-12 1.964214e-11 4.876289e-12 2.913191e-11 fanout408
 4.932096e-12 1.983369e-11 4.325239e-12 2.909103e-11 fanout673
 4.895876e-12 1.981526e-11 4.325239e-12 2.903637e-11 fanout659
 4.617863e-12 1.953279e-11 4.876289e-12 2.902694e-11 fanout418
 4.658315e-12 1.914891e-11 4.876289e-12 2.868352e-11 fanout399
 4.620574e-12 1.918545e-11 4.876289e-12 2.868232e-11 fanout401
 4.642575e-12 1.840570e-11 4.876289e-12 2.792457e-11 fanout431
 2.839985e-12 1.077746e-11 1.416737e-11 2.778481e-11 fanout333
 4.650882e-12 1.796225e-11 4.876289e-12 2.748942e-11 fanout405
 4.906202e-12 1.824840e-11 4.325239e-12 2.747984e-11 fanout648
 2.873955e-12 1.029785e-11 1.416737e-11 2.733917e-11 fanout335
 2.232320e-11 0.000000e+00 4.876271e-12 2.719947e-11 clkload2
 2.805410e-12 1.021776e-11 1.416731e-11 2.719048e-11 fanout198
 2.785160e-12 1.009838e-11 1.416728e-11 2.705082e-11 fanout179
 2.596649e-12 1.711592e-11 4.647980e-12 2.436055e-11 fanout415
 2.502245e-12 1.463398e-11 6.865708e-12 2.400193e-11 fanout1006
 2.544408e-12 1.450049e-11 6.865705e-12 2.391060e-11 fanout192
 1.970694e-12 1.483786e-11 6.865759e-12 2.367432e-11 fanout249
 2.831105e-12 9.636744e-12 1.047882e-11 2.294667e-11 fanout336
 2.549335e-12 1.317867e-11 6.865709e-12 2.259371e-11 fanout341
 2.851406e-12 9.218478e-12 1.047894e-11 2.254882e-11 fanout599
 2.032904e-12 1.279088e-11 7.514054e-12 2.233784e-11 fanout574
 1.453439e-12 1.332718e-11 7.514091e-12 2.229471e-11 fanout589
 2.565667e-12 1.197808e-11 7.514081e-12 2.205783e-11 fanout717
 2.536811e-12 1.229914e-11 6.865714e-12 2.170166e-11 fanout1011
 1.714690e-11 0.000000e+00 4.330269e-12 2.147717e-11 clkload10
 2.533985e-12 1.186226e-11 6.865705e-12 2.126195e-11 fanout245
 2.581019e-12 1.465499e-11 3.659320e-12 2.089533e-11 fanout639
 2.550882e-12 1.079303e-11 7.514091e-12 2.085800e-11 fanout702
 2.558360e-12 1.116437e-11 6.865705e-12 2.058844e-11 fanout243
 2.540405e-12 1.107149e-11 6.865705e-12 2.047760e-11 fanout193
 2.543475e-12 1.018806e-11 7.514081e-12 2.024562e-11 fanout719
 2.750653e-12 1.374070e-11 3.659369e-12 2.015072e-11 fanout665
 2.751214e-12 1.368375e-11 3.659369e-12 2.009433e-11 fanout684
 1.508822e-11 0.000000e+00 4.876281e-12 1.996450e-11 clkload84
 1.508518e-11 0.000000e+00 4.876281e-12 1.996146e-11 clkload94
 1.508278e-11 0.000000e+00 4.876281e-12 1.995907e-11 clkload85
 1.508171e-11 0.000000e+00 4.876281e-12 1.995799e-11 clkload90
 1.508097e-11 0.000000e+00 4.876281e-12 1.995725e-11 clkload89
 1.507606e-11 0.000000e+00 4.876281e-12 1.995234e-11 clkload154
 1.507123e-11 0.000000e+00 4.876281e-12 1.994751e-11 clkload128
 1.507031e-11 0.000000e+00 4.876281e-12 1.994659e-11 clkload163
 1.506647e-11 0.000000e+00 4.876281e-12 1.994275e-11 clkload170
 1.506473e-11 0.000000e+00 4.876281e-12 1.994101e-11 clkload174
 2.557371e-12 9.862538e-12 7.514081e-12 1.993399e-11 fanout716
 1.505645e-11 0.000000e+00 4.876281e-12 1.993273e-11 clkload99
 2.775842e-12 1.337450e-11 3.659369e-12 1.980971e-11 fanout682
 2.547946e-12 1.031109e-11 6.865709e-12 1.972475e-11 fanout318
 2.747582e-12 1.325105e-11 3.659369e-12 1.965801e-11 fanout693
 1.456210e-11 0.000000e+00 4.876282e-12 1.943838e-11 clkload45
 1.456180e-11 0.000000e+00 4.876282e-12 1.943808e-11 clkload52
 1.456023e-11 0.000000e+00 4.876282e-12 1.943651e-11 clkload46
 1.454953e-11 0.000000e+00 4.876282e-12 1.942581e-11 clkload43
 1.454152e-11 0.000000e+00 4.876282e-12 1.941781e-11 clkload66
 1.438720e-11 0.000000e+00 4.876282e-12 1.926348e-11 clkload22
 2.763606e-12 1.270261e-11 3.659369e-12 1.912558e-11 fanout657
 2.596380e-12 1.186926e-11 4.647980e-12 1.911362e-11 fanout397
 2.534218e-12 9.615309e-12 6.865716e-12 1.901524e-11 fanout979
 2.759688e-12 1.253625e-11 3.659369e-12 1.895531e-11 fanout653
 2.772153e-12 1.251119e-11 3.659369e-12 1.894271e-11 fanout683
 2.538882e-12 8.781426e-12 7.514081e-12 1.883439e-11 fanout725
 2.610262e-12 1.149175e-11 4.647980e-12 1.875000e-11 fanout434
 2.550893e-12 9.303377e-12 6.865714e-12 1.871998e-11 fanout1010
 1.966897e-12 9.846925e-12 6.865753e-12 1.867958e-11 fanout728
 2.541323e-12 9.255834e-12 6.865716e-12 1.866287e-11 fanout952
 2.757080e-12 1.210848e-11 3.659369e-12 1.852493e-11 fanout647
 2.785284e-12 1.198723e-11 3.659369e-12 1.843188e-11 fanout685
 2.614850e-12 1.108930e-11 4.647980e-12 1.835213e-11 fanout406
 2.578455e-12 8.212999e-12 7.514081e-12 1.830553e-11 fanout707
 2.611806e-12 1.101140e-11 4.647980e-12 1.827118e-11 fanout428
 2.056728e-12 8.611015e-12 7.514044e-12 1.818179e-11 hold14
 2.751341e-12 1.168457e-11 3.659369e-12 1.809528e-11 fanout688
 2.553782e-12 7.899293e-12 7.514081e-12 1.796716e-11 fanout709
 2.573313e-12 8.419448e-12 6.865716e-12 1.785848e-11 fanout961
 2.532494e-12 8.453416e-12 6.865716e-12 1.785163e-11 fanout977
 2.583368e-12 8.341324e-12 6.865716e-12 1.779041e-11 fanout976
 2.547484e-12 8.256788e-12 6.865716e-12 1.766999e-11 fanout987
 2.776600e-12 1.111924e-11 3.659369e-12 1.755521e-11 fanout692
 2.539222e-12 8.140231e-12 6.865716e-12 1.754517e-11 fanout984
 2.773176e-12 1.090125e-11 3.659369e-12 1.733379e-11 fanout664
 1.392231e-12 8.934417e-12 6.865701e-12 1.719235e-11 fanout506
 1.418286e-12 8.007028e-12 7.514092e-12 1.693941e-11 fanout119
 1.407300e-12 8.569675e-12 6.865704e-12 1.684268e-11 fanout312
 2.756206e-12 1.039241e-11 3.659369e-12 1.680799e-11 fanout678
 1.457324e-12 8.384049e-12 6.865716e-12 1.670709e-11 fanout1021
 1.403717e-12 7.715185e-12 7.514092e-12 1.663299e-11 fanout310
 1.398339e-12 8.085607e-12 6.865709e-12 1.634965e-11 fanout267
 1.416901e-12 7.351095e-12 7.514092e-12 1.628209e-11 fanout118
 4.498345e-13 9.438182e-12 6.341417e-12 1.622943e-11 _11711_
 1.415313e-12 7.913879e-12 6.865705e-12 1.619490e-11 fanout235
 1.403599e-12 7.260528e-12 7.514087e-12 1.617822e-11 max_cap241
 1.403716e-12 7.859740e-12 6.865703e-12 1.612916e-11 fanout252
 1.399212e-12 7.815734e-12 6.865709e-12 1.608066e-11 fanout171
 8.654706e-13 8.296256e-12 6.865748e-12 1.602747e-11 fanout558
 1.969190e-12 6.867301e-12 6.865753e-12 1.570225e-11 fanout735
 1.128712e-11 0.000000e+00 4.330173e-12 1.561730e-11 clkload71
 1.125710e-11 0.000000e+00 4.330173e-12 1.558727e-11 clkload68
 1.124698e-11 0.000000e+00 4.330173e-12 1.557716e-11 clkload74
 1.123037e-11 0.000000e+00 4.330173e-12 1.556054e-11 clkload20
 1.122704e-11 0.000000e+00 4.330173e-12 1.555721e-11 clkload21
 1.120717e-11 0.000000e+00 4.330173e-12 1.553734e-11 clkload17
 1.413188e-12 7.090018e-12 6.865716e-12 1.536892e-11 fanout1020
 1.402537e-12 6.287690e-12 7.514087e-12 1.520431e-11 fanout278
 1.403248e-12 6.260419e-12 7.514087e-12 1.517775e-11 fanout275
 2.780602e-12 8.714922e-12 3.659369e-12 1.515489e-11 fanout687
 1.400612e-12 6.844503e-12 6.865712e-12 1.511083e-11 max_cap199
 1.417713e-12 6.545403e-12 6.865716e-12 1.482883e-11 fanout1015
 1.401085e-12 6.381198e-12 6.865709e-12 1.464799e-11 fanout263
 1.419109e-12 6.272307e-12 6.865716e-12 1.455713e-11 fanout1019
 1.412431e-12 6.185298e-12 6.865709e-12 1.446344e-11 fanout264
 1.450090e-12 5.986412e-12 6.865721e-12 1.430222e-11 fanout595
 1.410642e-12 4.963488e-12 7.514091e-12 1.388822e-11 fanout561
 1.289870e-12 7.687191e-12 4.876293e-12 1.385335e-11 fanout348
 1.459441e-12 5.516468e-12 6.865724e-12 1.384163e-11 fanout600
 1.003017e-12 8.425626e-12 4.325248e-12 1.375389e-11 hold13
 1.416622e-12 5.292290e-12 6.865716e-12 1.357463e-11 fanout1017
 1.287815e-12 7.388192e-12 4.876286e-12 1.355229e-11 fanout966
 1.287801e-12 7.374733e-12 4.876286e-12 1.353882e-11 fanout989
 1.001605e-12 7.613903e-12 4.876263e-12 1.349177e-11 fanout584
 8.651309e-13 5.653956e-12 6.865758e-12 1.338485e-11 fanout109
 8.424911e-13 4.961894e-12 7.514048e-12 1.331843e-11 fanout536
 8.428522e-13 4.952111e-12 7.514035e-12 1.330900e-11 fanout127
 8.507324e-13 5.407271e-12 6.865762e-12 1.312377e-11 fanout121
 1.407890e-12 4.747174e-12 6.865716e-12 1.302078e-11 fanout1014
 1.288548e-12 7.372533e-12 4.325216e-12 1.298630e-11 fanout721
 1.295026e-12 6.563267e-12 4.876286e-12 1.273458e-11 fanout969
 9.937208e-13 6.838555e-12 4.876254e-12 1.270853e-11 fanout736
 1.295735e-12 6.405999e-12 4.876286e-12 1.257802e-11 fanout965
 1.298121e-12 6.867566e-12 4.325216e-12 1.249090e-11 fanout712
 9.944212e-13 7.127081e-12 4.325239e-12 1.244674e-11 fanout570
 1.312072e-12 6.201271e-12 4.876286e-12 1.238963e-11 fanout956
 1.293233e-12 6.099392e-12 4.876294e-12 1.226892e-11 fanout1000
 1.293388e-12 6.007230e-12 4.876294e-12 1.217691e-11 fanout996
 1.283790e-12 6.551260e-12 4.325208e-12 1.216026e-11 fanout535
 1.300649e-12 5.839953e-12 4.876294e-12 1.201690e-11 fanout244
 9.983333e-13 6.067679e-12 4.876254e-12 1.194227e-11 fanout734
 1.298111e-12 6.293643e-12 4.325210e-12 1.191696e-11 fanout314
 1.298722e-12 5.725074e-12 4.876286e-12 1.190008e-11 fanout983
 1.298727e-12 5.701528e-12 4.876286e-12 1.187654e-11 fanout970
 1.003004e-12 5.944546e-12 4.876263e-12 1.182381e-11 fanout577
 9.985357e-13 5.861589e-12 4.876263e-12 1.173639e-11 fanout580
 8.441242e-13 3.978418e-12 6.865758e-12 1.168830e-11 fanout739
 8.440209e-13 3.914212e-12 6.865758e-12 1.162399e-11 fanout737
 8.380627e-13 3.819444e-12 6.865748e-12 1.152325e-11 fanout552
 5.998950e-13 8.917451e-12 1.894911e-12 1.141226e-11 _11712_
 1.302951e-12 5.178164e-12 4.876285e-12 1.135740e-11 fanout613
 1.004994e-12 5.450281e-12 4.876263e-12 1.133154e-11 fanout576
 1.295303e-12 5.704373e-12 4.325216e-12 1.132489e-11 fanout724
 1.301115e-12 5.142893e-12 4.876286e-12 1.132029e-11 fanout988
 1.297845e-12 5.128788e-12 4.876286e-12 1.130292e-11 fanout953
 1.000340e-12 5.930117e-12 4.325248e-12 1.125570e-11 fanout936
 1.301507e-12 5.070760e-12 4.876286e-12 1.124855e-11 fanout981
 1.004697e-12 5.308743e-12 4.876263e-12 1.118970e-11 fanout578
 9.994172e-13 5.836325e-12 4.325239e-12 1.116098e-11 fanout572
 1.000836e-12 5.255748e-12 4.876263e-12 1.113285e-11 fanout582
 8.505548e-13 3.313108e-12 6.865758e-12 1.102942e-11 fanout741
 1.299996e-12 5.319971e-12 4.325216e-12 1.094518e-11 fanout714
 1.001592e-12 5.616413e-12 4.325248e-12 1.094325e-11 fanout946
 1.004981e-12 5.417160e-12 4.325248e-12 1.074739e-11 fanout935
 1.304617e-12 4.347629e-12 4.876286e-12 1.052853e-11 fanout968
 1.298875e-12 4.815982e-12 4.325216e-12 1.044007e-11 fanout723
 1.011517e-12 4.486896e-12 4.876263e-12 1.037468e-11 fanout575
 1.007457e-12 4.997742e-12 4.325248e-12 1.033045e-11 fanout938
 1.004836e-12 4.962741e-12 4.325248e-12 1.029283e-11 fanout931
 1.007858e-12 4.936870e-12 4.325248e-12 1.026998e-11 fanout943
 1.012944e-12 4.760370e-12 4.325248e-12 1.009856e-11 fanout940
 7.131704e-13 4.446507e-12 4.876292e-12 1.003597e-11 fanout298
 1.833277e-12 5.686411e-13 7.514044e-12 9.915962e-12 fanout928
 7.134432e-13 4.316307e-12 4.876299e-12 9.906048e-12 fanout514
 1.010343e-12 4.527111e-12 4.325248e-12 9.862702e-12 fanout945
 7.140561e-13 4.233761e-12 4.876286e-12 9.824103e-12 fanout1016
 7.181228e-13 4.167155e-12 4.876299e-12 9.761577e-12 fanout500
 2.847019e-13 1.928034e-12 7.514097e-12 9.726833e-12 fanout162
 7.194216e-13 4.054669e-12 4.876292e-12 9.650383e-12 fanout282
 7.160580e-13 4.037921e-12 4.876292e-12 9.630271e-12 fanout293
 7.153932e-13 4.017953e-12 4.876296e-12 9.609642e-12 fanout376
 7.143837e-13 3.994283e-12 4.876299e-12 9.584965e-12 fanout508
 7.098717e-13 4.544554e-12 4.325206e-12 9.579632e-12 fanout365
 7.105130e-13 4.514984e-12 4.325208e-12 9.550705e-12 fanout588
 7.206480e-13 3.927230e-12 4.876299e-12 9.524177e-12 fanout501
 7.155238e-13 4.477474e-12 4.325206e-12 9.518204e-12 fanout117
 7.164271e-13 3.853741e-12 4.876292e-12 9.446459e-12 fanout286
 7.246157e-13 3.821542e-12 4.876299e-12 9.422456e-12 fanout492
 7.158688e-13 3.783524e-12 4.876292e-12 9.375684e-12 fanout292
 1.016262e-12 4.030705e-12 4.325248e-12 9.372215e-12 fanout941
 7.168243e-13 3.769555e-12 4.876296e-12 9.362676e-12 fanout372
 7.179743e-13 3.719791e-12 4.876299e-12 9.314063e-12 fanout510
 7.159079e-13 3.716145e-12 4.876299e-12 9.308351e-12 fanout521
 7.209425e-13 3.708188e-12 4.876296e-12 9.305426e-12 fanout370
 7.149281e-13 4.257569e-12 4.325206e-12 9.297703e-12 fanout116
 7.173629e-13 3.659991e-12 4.876296e-12 9.253650e-12 fanout367
 7.159066e-13 3.657078e-12 4.876299e-12 9.249283e-12 fanout502
 7.176114e-13 3.638459e-12 4.876296e-12 9.232367e-12 fanout374
 3.987193e-13 4.173170e-12 4.647987e-12 9.219877e-12 wire82
 7.149257e-13 4.167328e-12 4.325203e-12 9.207457e-12 fanout462
 7.177861e-13 3.607690e-12 4.876296e-12 9.201772e-12 fanout378
 7.238731e-13 3.528686e-12 4.876299e-12 9.128858e-12 fanout441
 7.215916e-13 3.492257e-12 4.876292e-12 9.090140e-12 fanout260
 7.227062e-13 3.471678e-12 4.876299e-12 9.070682e-12 fanout497
 2.806867e-13 1.173116e-12 7.514097e-12 8.967899e-12 fanout602
 7.196620e-13 3.922071e-12 4.325206e-12 8.966940e-12 fanout350
 2.803859e-13 1.811384e-12 6.865699e-12 8.957470e-12 fanout158
 7.179052e-13 3.907894e-12 4.325203e-12 8.951003e-12 fanout474
 2.776243e-13 1.796957e-12 6.865699e-12 8.940281e-12 fanout167
 5.714441e-13 3.480505e-12 4.876299e-12 8.928247e-12 fanout105
 2.832235e-13 1.107860e-12 7.514097e-12 8.905180e-12 fanout324
 7.187923e-13 3.281133e-12 4.876299e-12 8.876224e-12 fanout494
 7.168361e-13 3.832219e-12 4.325203e-12 8.874258e-12 fanout448
 7.214357e-13 3.261761e-12 4.876292e-12 8.859488e-12 fanout281
 2.803210e-13 1.682309e-12 6.865699e-12 8.828330e-12 fanout157
 7.186829e-13 3.227571e-12 4.876296e-12 8.822550e-12 fanout381
 7.175891e-13 3.218345e-12 4.876299e-12 8.812232e-12 fanout505
 7.238887e-13 3.209567e-12 4.876299e-12 8.809755e-12 fanout499
 2.802780e-13 1.659841e-12 6.865699e-12 8.805819e-12 fanout169
 9.123389e-13 4.215455e-12 3.659393e-12 8.787186e-12 fanout387
 2.824793e-13 1.623402e-12 6.865699e-12 8.771581e-12 fanout329
 7.198925e-13 3.709243e-12 4.325203e-12 8.754338e-12 fanout473
 7.191980e-13 3.142719e-12 4.876299e-12 8.738216e-12 fanout523
 2.818187e-13 1.552589e-12 6.865699e-12 8.700107e-12 fanout185
 7.268073e-13 3.088798e-12 4.876296e-12 8.691901e-12 fanout380
 2.832878e-13 1.541690e-12 6.865699e-12 8.690678e-12 fanout251
 7.194489e-13 3.624370e-12 4.325203e-12 8.669022e-12 fanout478
 7.182380e-13 3.620401e-12 4.325203e-12 8.663842e-12 fanout439
 7.245472e-13 2.961729e-12 4.876299e-12 8.562574e-12 fanout515
 9.084095e-13 3.977518e-12 3.659381e-12 8.545308e-12 fanout393
 7.207822e-13 3.496924e-12 4.325203e-12 8.542909e-12 fanout471
 2.793654e-13 1.387312e-12 6.865699e-12 8.532376e-12 fanout176
 2.818798e-13 1.318945e-12 6.865699e-12 8.466523e-12 fanout163
 7.248693e-13 3.407647e-12 4.325203e-12 8.457721e-12 fanout482
 7.267435e-13 3.374168e-12 4.325203e-12 8.426115e-12 fanout463
 5.736359e-13 2.960862e-12 4.876299e-12 8.410796e-12 fanout103
 7.206238e-13 3.332615e-12 4.325203e-12 8.378442e-12 fanout483
 7.194542e-13 3.328896e-12 4.325205e-12 8.373555e-12 fanout607
 7.313750e-13 2.951455e-12 4.647975e-12 8.330805e-12 fanout973
 7.185947e-13 3.256325e-12 4.325203e-12 8.300123e-12 fanout456
 7.213398e-13 3.138925e-12 4.325203e-12 8.185468e-12 fanout461
 7.216592e-13 3.118982e-12 4.325203e-12 8.165845e-12 fanout476
 4.822969e-13 3.997644e-12 3.659352e-12 8.139293e-12 fanout95
 6.221548e-12 0.000000e+00 1.894955e-12 8.116503e-12 clkload123
 7.194569e-13 3.071711e-12 4.325203e-12 8.116371e-12 fanout465
 6.193956e-12 0.000000e+00 1.894955e-12 8.088911e-12 clkload135
 7.196189e-13 3.032311e-12 4.325203e-12 8.077133e-12 fanout464
 7.218335e-13 3.020846e-12 4.325203e-12 8.067883e-12 fanout459
 4.259131e-13 2.757155e-12 4.876259e-12 8.059328e-12 fanout557
 7.245735e-13 3.008472e-12 4.325203e-12 8.058249e-12 fanout472
 6.160837e-12 0.000000e+00 1.894955e-12 8.055793e-12 clkload133
 4.278900e-13 2.740715e-12 4.876250e-12 8.044855e-12 fanout745
 6.117946e-12 0.000000e+00 1.894955e-12 8.012902e-12 clkload131
 7.281340e-13 2.952874e-12 4.325203e-12 8.006212e-12 fanout460
 4.252190e-13 3.247219e-12 4.325236e-12 7.997674e-12 fanout861
 6.100144e-12 0.000000e+00 1.894955e-12 7.995099e-12 clkload109
 6.094968e-12 0.000000e+00 1.894955e-12 7.989923e-12 clkload96
 6.093759e-12 0.000000e+00 1.894955e-12 7.988715e-12 clkload104
 4.319375e-13 3.230586e-12 4.325252e-12 7.987775e-12 hold9
 7.240065e-13 2.921907e-12 4.325203e-12 7.971117e-12 fanout447
 6.072174e-12 0.000000e+00 1.894955e-12 7.967129e-12 clkload171
 6.058124e-12 0.000000e+00 1.894955e-12 7.953079e-12 clkload147
 6.052966e-12 0.000000e+00 1.894955e-12 7.947922e-12 clkload144
 7.292067e-13 2.837687e-12 4.325203e-12 7.892097e-12 fanout479
 4.287236e-13 2.517455e-12 4.876259e-12 7.822437e-12 fanout553
 4.250936e-13 3.066022e-12 4.325236e-12 7.816352e-12 fanout902
 5.889304e-12 0.000000e+00 1.894950e-12 7.784254e-12 clkload47
 7.263077e-13 2.682439e-12 4.325203e-12 7.733950e-12 fanout484
 4.062780e-13 2.597898e-12 4.647997e-12 7.652174e-12 fanout504
 4.275802e-13 2.327350e-12 4.876259e-12 7.631189e-12 fanout549
 4.031193e-13 2.443730e-12 4.647997e-12 7.494847e-12 fanout490
 6.362596e-14 1.077626e-12 6.341783e-12 7.483035e-12 _14151_
 4.281873e-13 2.160085e-12 4.876259e-12 7.464531e-12 fanout542
 4.279258e-13 2.709768e-12 4.325236e-12 7.462930e-12 fanout796
 4.286144e-13 2.665895e-12 4.325256e-12 7.419766e-12 fanout125
 5.786131e-13 3.172707e-12 3.659381e-12 7.410701e-12 fanout385
 4.310969e-13 2.044979e-12 4.876259e-12 7.352335e-12 fanout547
 4.308193e-13 2.031856e-12 4.876250e-12 7.338925e-12 fanout740
 4.341512e-13 1.944606e-12 4.876259e-12 7.255016e-12 fanout551
 4.051888e-13 2.192494e-12 4.647992e-12 7.245675e-12 fanout383
 4.045837e-13 2.156172e-12 4.647985e-12 7.208741e-12 fanout287
 4.046368e-13 2.136928e-12 4.647985e-12 7.189549e-12 fanout265
 4.317310e-13 2.356953e-12 4.325252e-12 7.113935e-12 fanout903
 4.061409e-13 2.033775e-12 4.647997e-12 7.087914e-12 fanout518
 4.048133e-13 2.005716e-12 4.647985e-12 7.058514e-12 fanout297
 3.348292e-13 2.044061e-12 4.647997e-12 7.026888e-12 fanout229
 4.069740e-13 1.943673e-12 4.647992e-12 6.998640e-12 fanout371
 4.080008e-13 1.935371e-12 4.647997e-12 6.991369e-12 fanout442
 4.361426e-13 2.121348e-12 4.325252e-12 6.882742e-12 fanout916
 4.842888e-13 2.723641e-12 3.659352e-12 6.867281e-12 fanout91
 4.984320e-13 2.700839e-12 3.659352e-12 6.858623e-12 fanout102
 4.861889e-13 2.709668e-12 3.659352e-12 6.855208e-12 fanout87
 4.053823e-13 1.797019e-12 4.647985e-12 6.850387e-12 fanout295
 4.334569e-13 1.929449e-12 4.325252e-12 6.688157e-12 fanout908
 4.049686e-13 1.625985e-12 4.647997e-12 6.678950e-12 fanout493
 4.989652e-13 2.514083e-12 3.659352e-12 6.672400e-12 fanout90
 5.899050e-13 2.369741e-12 3.659385e-12 6.619031e-12 fanout389
 3.340608e-13 1.453189e-12 4.647997e-12 6.435247e-12 fanout233
 6.309191e-12 0.000000e+00 9.555448e-14 6.404745e-12 clkload6
 4.377484e-13 1.605518e-12 4.325252e-12 6.368519e-12 fanout913
 6.206223e-12 0.000000e+00 9.555448e-14 6.301778e-12 clkload15
 4.890678e-13 2.050594e-12 3.659352e-12 6.199014e-12 fanout85
 4.860978e-13 2.033485e-12 3.659352e-12 6.178935e-12 fanout93
 2.432297e-13 1.286002e-12 4.647911e-12 6.177143e-12 fanout742
 4.860708e-13 1.989891e-12 3.659352e-12 6.135314e-12 fanout94
 4.054346e-13 2.000756e-12 3.659306e-12 6.065497e-12 fanout485
 4.058455e-13 1.945246e-12 3.659306e-12 6.010397e-12 fanout458
 4.050134e-13 1.901377e-12 3.659306e-12 5.965697e-12 fanout451
 4.066827e-13 1.788980e-12 3.659306e-12 5.854969e-12 fanout455
 1.479029e-13 8.139111e-13 4.876300e-12 5.838114e-12 fanout753
 1.432653e-13 8.048930e-13 4.876300e-12 5.824458e-12 fanout177
 1.434000e-13 7.449400e-13 4.876300e-12 5.764640e-12 fanout757
 1.435838e-13 7.337150e-13 4.876300e-12 5.753599e-12 fanout160
 4.070354e-13 1.676026e-12 3.659306e-12 5.742368e-12 fanout480
 4.874357e-13 1.581232e-12 3.659352e-12 5.728019e-12 fanout97
 1.435539e-13 7.066623e-13 4.876300e-12 5.726516e-12 fanout759
 4.050691e-13 1.660254e-12 3.659311e-12 5.724634e-12 fanout364
 1.449572e-13 6.345643e-13 4.876300e-12 5.655821e-12 fanout758
 1.438831e-13 6.255018e-13 4.876300e-12 5.645685e-12 fanout754
 4.938194e-13 1.447258e-12 3.659352e-12 5.600429e-12 fanout96
 1.497168e-13 5.186054e-13 4.876300e-12 5.544622e-12 fanout531
 1.465876e-13 4.929624e-13 4.876300e-12 5.515850e-12 fanout156
 4.071369e-13 1.448897e-12 3.659306e-12 5.515340e-12 fanout446
 1.448951e-13 4.698327e-13 4.876300e-12 5.491028e-12 fanout747
 2.416715e-13 1.498128e-12 3.659365e-12 5.399165e-12 fanout877
 4.079495e-13 1.259030e-12 3.659306e-12 5.326286e-12 fanout450
 2.431593e-13 1.410119e-12 3.659393e-12 5.312671e-12 fanout919
 2.425497e-13 1.400091e-12 3.659365e-12 5.302006e-12 fanout836
 2.419934e-13 1.398627e-12 3.659365e-12 5.299985e-12 fanout860
 2.456932e-13 1.371060e-12 3.659365e-12 5.276118e-12 fanout806
 2.457645e-13 1.367685e-12 3.659365e-12 5.272815e-12 fanout803
 2.455513e-13 1.349776e-12 3.659365e-12 5.254693e-12 fanout771
 2.441109e-13 1.317422e-12 3.659365e-12 5.220898e-12 fanout875
 4.575279e-12 0.000000e+00 6.403433e-13 5.215623e-12 clkload7
 2.421482e-13 1.311173e-12 3.659365e-12 5.212687e-12 fanout896
 2.433781e-13 1.308442e-12 3.659365e-12 5.211186e-12 fanout892
 2.427420e-13 1.305468e-12 3.659365e-12 5.207575e-12 fanout834
 2.425851e-13 1.294088e-12 3.659365e-12 5.196038e-12 fanout899
 2.425513e-13 1.286619e-12 3.659365e-12 5.188536e-12 fanout767
 1.467671e-13 7.123144e-13 4.325202e-12 5.184284e-12 fanout154
 2.438950e-13 1.278413e-12 3.659365e-12 5.181673e-12 fanout879
 2.429641e-13 1.275491e-12 3.659365e-12 5.177820e-12 fanout827
 2.430612e-13 1.265480e-12 3.659365e-12 5.167906e-12 fanout856
 2.433744e-13 1.254473e-12 3.659365e-12 5.157213e-12 fanout825
 2.423884e-13 1.249145e-12 3.659365e-12 5.150899e-12 fanout848
 2.430237e-13 1.244340e-12 3.659365e-12 5.146729e-12 fanout812
 2.436293e-13 1.241778e-12 3.659365e-12 5.144773e-12 fanout833
 2.440153e-13 1.241140e-12 3.659365e-12 5.144521e-12 fanout885
 2.437693e-13 1.240301e-12 3.659365e-12 5.143436e-12 fanout894
 2.457628e-13 1.234170e-12 3.659365e-12 5.139298e-12 fanout822
 2.427651e-13 1.233813e-12 3.659365e-12 5.135944e-12 fanout819
 2.423561e-13 1.229747e-12 3.659365e-12 5.131469e-12 fanout886
 8.374903e-14 3.961715e-13 4.648000e-12 5.127920e-12 fanout748
 2.470059e-13 1.216108e-12 3.659365e-12 5.122479e-12 fanout791
 2.437965e-13 1.205800e-12 3.659365e-12 5.108961e-12 fanout897
 2.427698e-13 1.199003e-12 3.659365e-12 5.101138e-12 fanout795
 2.441191e-13 1.195318e-12 3.659365e-12 5.098802e-12 fanout813
 8.156250e-14 3.661286e-13 4.648000e-12 5.095691e-12 fanout750
 2.454496e-13 1.179816e-12 3.659365e-12 5.084631e-12 fanout872
 2.459886e-13 1.168271e-12 3.659365e-12 5.073625e-12 fanout887
 2.427915e-13 1.163028e-12 3.659365e-12 5.065185e-12 fanout864
 2.428896e-13 1.160761e-12 3.659365e-12 5.063016e-12 fanout784
 2.442957e-13 1.141585e-12 3.659365e-12 5.045246e-12 fanout884
 2.436428e-13 1.138366e-12 3.659393e-12 5.041401e-12 fanout911
 1.447915e-13 5.632808e-13 4.325202e-12 5.033274e-12 fanout152
 8.244540e-14 2.942728e-13 4.648000e-12 5.024718e-12 fanout223
 2.441786e-13 1.118372e-12 3.659365e-12 5.021916e-12 fanout826
 2.442651e-13 1.111543e-12 3.659365e-12 5.015174e-12 fanout761
 2.435155e-13 1.105426e-12 3.659365e-12 5.008307e-12 fanout853
 2.443326e-13 1.100284e-12 3.659365e-12 5.003982e-12 fanout824
 2.462079e-13 1.096745e-12 3.659365e-12 5.002318e-12 fanout793
 8.413834e-14 2.689985e-13 4.648000e-12 5.001137e-12 max_cap437
 1.477778e-13 5.241440e-13 4.325202e-12 4.997124e-12 fanout132
 2.436170e-13 1.092985e-12 3.659365e-12 4.995967e-12 fanout773
 1.464260e-13 5.213557e-13 4.325202e-12 4.992984e-12 fanout151
 2.442461e-13 1.085901e-12 3.659365e-12 4.989512e-12 fanout831
 2.440898e-13 1.074116e-12 3.659365e-12 4.977571e-12 fanout891
 2.469933e-13 1.069988e-12 3.659365e-12 4.976347e-12 fanout802
 2.431872e-13 1.070939e-12 3.659365e-12 4.973491e-12 fanout900
 8.155186e-14 2.430661e-13 4.648000e-12 4.972618e-12 fanout148
 2.460336e-13 1.064173e-12 3.659365e-12 4.969572e-12 fanout808
 2.442848e-13 1.057375e-12 3.659365e-12 4.961025e-12 fanout766
 2.462838e-13 1.053784e-12 3.659365e-12 4.959433e-12 fanout788
 2.457246e-13 1.052057e-12 3.659365e-12 4.957147e-12 fanout862
 2.450560e-13 1.043126e-12 3.659365e-12 4.947547e-12 fanout863
 2.446559e-13 1.036732e-12 3.659365e-12 4.940754e-12 fanout845
 2.436401e-13 1.036986e-12 3.659365e-12 4.939992e-12 fanout816
 2.441890e-13 1.032328e-12 3.659365e-12 4.935882e-12 fanout870
 2.440034e-13 1.028506e-12 3.659365e-12 4.931874e-12 fanout769
 2.467731e-13 1.021524e-12 3.659365e-12 4.927663e-12 fanout768
 2.468223e-13 1.014103e-12 3.659365e-12 4.920290e-12 fanout764
 2.432293e-13 1.011807e-12 3.659365e-12 4.914402e-12 fanout781
 2.441592e-13 1.009425e-12 3.659365e-12 4.912949e-12 fanout871
 2.468310e-13 9.831327e-13 3.659365e-12 4.889329e-12 fanout809
 2.453149e-13 9.786922e-13 3.659365e-12 4.883372e-12 fanout777
 5.847534e-20 2.411864e-19 4.876273e-12 4.876273e-12 fanout1050
 5.795435e-20 2.166049e-19 4.876273e-12 4.876273e-12 fanout1052
 5.723698e-20 3.122753e-19 4.876273e-12 4.876273e-12 fanout1056
 5.743935e-20 2.585670e-19 4.876273e-12 4.876273e-12 fanout1059
 5.755555e-20 2.522302e-19 4.876273e-12 4.876273e-12 fanout1060
 5.763928e-20 2.316999e-19 4.876273e-12 4.876273e-12 fanout1061
 5.801530e-20 2.608481e-19 4.876273e-12 4.876273e-12 fanout1062
 5.747941e-20 2.714728e-19 4.876273e-12 4.876273e-12 fanout1063
 5.818375e-20 2.205348e-19 4.876273e-12 4.876273e-12 fanout1065
 5.741297e-20 2.738799e-19 4.876273e-12 4.876273e-12 fanout1067
 5.765537e-20 2.326918e-19 4.876273e-12 4.876273e-12 fanout1070
 5.736616e-20 3.997961e-19 4.876273e-12 4.876273e-12 fanout1073
 5.808259e-20 2.713364e-19 4.876273e-12 4.876273e-12 fanout1075
 5.753762e-20 2.493010e-19 4.876273e-12 4.876273e-12 fanout1076
 5.748534e-20 2.622396e-19 4.876273e-12 4.876273e-12 fanout1077
 5.726623e-20 3.164755e-19 4.876273e-12 4.876273e-12 fanout1078
 5.805982e-20 2.461031e-19 4.876273e-12 4.876273e-12 fanout1083
 5.768134e-20 3.180170e-19 4.876273e-12 4.876273e-12 fanout1085
 5.793478e-20 2.628781e-19 4.876273e-12 4.876273e-12 fanout1086
 5.795618e-20 2.837407e-19 4.876273e-12 4.876273e-12 fanout1087
 5.787018e-20 1.975389e-19 4.876273e-12 4.876273e-12 fanout1089
 5.755177e-20 3.229546e-19 4.876273e-12 4.876273e-12 fanout1090
 5.787288e-20 2.495404e-19 4.876273e-12 4.876273e-12 fanout1091
 6.058334e-20 3.076142e-19 4.876273e-12 4.876273e-12 input9
 2.461727e-13 9.584700e-13 3.659365e-12 4.864008e-12 fanout854
 2.445321e-13 9.567093e-13 3.659365e-12 4.860607e-12 fanout883
 2.446718e-13 9.554970e-13 3.659365e-12 4.859534e-12 fanout790
 2.445235e-13 9.405973e-13 3.659393e-12 4.844514e-12 fanout917
 2.457011e-13 9.304798e-13 3.659365e-12 4.835546e-12 fanout797
 2.454191e-13 9.280359e-13 3.659365e-12 4.832820e-12 fanout890
 2.443926e-13 9.239177e-13 3.659365e-12 4.827676e-12 fanout823
 2.461970e-13 9.212491e-13 3.659365e-12 4.826812e-12 fanout786
 2.463233e-13 9.133777e-13 3.659365e-12 4.819066e-12 fanout785
 2.449120e-13 9.121098e-13 3.659365e-12 4.816387e-12 fanout775
 4.710656e-12 0.000000e+00 9.555269e-14 4.806209e-12 clkload88
 2.456912e-13 8.976243e-13 3.659365e-12 4.802681e-12 fanout763
 2.454146e-13 8.844619e-13 3.659365e-12 4.789242e-12 fanout765
 2.431691e-13 8.814389e-13 3.659365e-12 4.783974e-12 fanout841
 2.443605e-13 8.710408e-13 3.659365e-12 4.774767e-12 fanout810
 2.461392e-13 8.482439e-13 3.659365e-12 4.753749e-12 fanout889
 2.453834e-13 8.484039e-13 3.659365e-12 4.753153e-12 fanout858
 2.466935e-13 8.457372e-13 3.659365e-12 4.751796e-12 fanout804
 2.436356e-13 8.466726e-13 3.659365e-12 4.749674e-12 fanout807
 2.429686e-13 8.349028e-13 3.659365e-12 4.737237e-12 fanout868
 7.931595e-14 9.969695e-13 3.659303e-12 4.735589e-12 wire70
 4.576291e-12 0.000000e+00 9.555269e-14 4.671844e-12 clkload125
 4.574243e-12 0.000000e+00 9.555269e-14 4.669796e-12 clkload142
 4.564851e-12 0.000000e+00 9.555269e-14 4.660403e-12 clkload141
 4.564261e-12 0.000000e+00 9.555269e-14 4.659813e-12 clkload140
 2.444498e-13 7.548405e-13 3.659365e-12 4.658655e-12 fanout792
 4.562268e-12 0.000000e+00 9.555269e-14 4.657820e-12 clkload162
 4.558940e-12 0.000000e+00 9.555269e-14 4.654492e-12 clkload161
 3.238939e-20 1.987462e-19 4.647950e-12 4.647951e-12 fanout1055
 3.254530e-20 1.173577e-19 4.647950e-12 4.647950e-12 fanout1051
 3.255749e-20 1.242311e-19 4.647950e-12 4.647950e-12 fanout1053
 3.258885e-20 1.349118e-19 4.647950e-12 4.647950e-12 fanout1066
 3.241875e-20 1.449794e-19 4.647950e-12 4.647950e-12 fanout1071
 3.266559e-20 1.522860e-19 4.647950e-12 4.647950e-12 fanout1074
 3.247524e-20 1.397533e-19 4.647950e-12 4.647950e-12 fanout1079
 3.254467e-20 1.507847e-19 4.647950e-12 4.647950e-12 fanout1084
 3.256749e-20 1.435875e-19 4.647950e-12 4.647950e-12 fanout1088
 4.532952e-12 0.000000e+00 9.555269e-14 4.628504e-12 clkload164
 4.482556e-12 0.000000e+00 9.555269e-14 4.578109e-12 clkload168
 4.474952e-12 0.000000e+00 9.555269e-14 4.570505e-12 clkload111
 4.419902e-12 0.000000e+00 9.555256e-14 4.515454e-12 clkload42
 4.412333e-12 0.000000e+00 9.555256e-14 4.507885e-12 clkload54
 8.044671e-14 6.803711e-13 3.659303e-12 4.420121e-12 wire72
 4.257784e-12 0.000000e+00 9.555256e-14 4.353337e-12 clkload30
 8.067646e-14 6.001138e-13 3.659303e-12 4.340093e-12 max_cap76
 5.116496e-20 9.990430e-19 4.330256e-12 4.330257e-12 _11717_
 5.721381e-20 2.945026e-19 4.325227e-12 4.325228e-12 fanout1025
 5.679710e-20 3.709602e-19 4.325227e-12 4.325228e-12 fanout1028
 5.709396e-20 3.641560e-19 4.325227e-12 4.325228e-12 fanout1031
 5.689368e-20 3.684182e-19 4.325227e-12 4.325228e-12 fanout1033
 5.644595e-20 4.719290e-19 4.325227e-12 4.325228e-12 fanout1036
 5.742111e-20 2.841925e-19 4.325227e-12 4.325228e-12 fanout1037
 4.222552e-12 0.000000e+00 9.555256e-14 4.318104e-12 clkload77
 8.375408e-14 4.459611e-13 3.659303e-12 4.189018e-12 fanout130
 8.227117e-14 3.975039e-13 3.659303e-12 4.139078e-12 fanout225
 8.292244e-14 2.037371e-13 3.659303e-12 3.945963e-12 max_cap443
 3.184495e-12 0.000000e+00 6.402289e-13 3.824724e-12 clkload92
 3.173456e-12 0.000000e+00 6.402289e-13 3.813685e-12 clkload87
 3.161985e-12 0.000000e+00 6.402289e-13 3.802214e-12 clkload139
 3.160287e-12 0.000000e+00 6.402289e-13 3.800516e-12 clkload86
 3.159283e-12 0.000000e+00 6.402289e-13 3.799512e-12 clkload91
 3.155997e-12 0.000000e+00 6.402289e-13 3.796225e-12 clkload136
 3.155574e-12 0.000000e+00 6.402289e-13 3.795803e-12 clkload143
 3.153207e-12 0.000000e+00 6.402289e-13 3.793436e-12 clkload120
 3.141482e-12 0.000000e+00 6.402289e-13 3.781711e-12 clkload115
 3.138407e-12 0.000000e+00 6.402289e-13 3.778636e-12 clkload126
 3.134342e-12 0.000000e+00 6.402289e-13 3.774571e-12 clkload173
 3.130359e-12 0.000000e+00 6.402289e-13 3.770588e-12 clkload172
 3.128106e-12 0.000000e+00 6.402289e-13 3.768335e-12 clkload98
 3.124186e-12 0.000000e+00 6.402289e-13 3.764415e-12 clkload117
 3.124134e-12 0.000000e+00 6.402289e-13 3.764363e-12 clkload112
 3.120856e-12 0.000000e+00 6.402289e-13 3.761085e-12 clkload167
 3.120843e-12 0.000000e+00 6.402289e-13 3.761071e-12 clkload108
 3.111042e-12 0.000000e+00 6.402289e-13 3.751271e-12 clkload150
 3.025759e-12 0.000000e+00 6.402207e-13 3.665979e-12 clkload62
 3.242509e-20 2.037527e-19 3.659349e-12 3.659350e-12 fanout1024
 3.220068e-20 2.166453e-19 3.659349e-12 3.659350e-12 fanout1026
 3.240178e-20 1.128800e-19 3.659349e-12 3.659349e-12 fanout1035
 3.018630e-12 0.000000e+00 6.402207e-13 3.658851e-12 clkload36
 3.007788e-12 0.000000e+00 6.402207e-13 3.648009e-12 clkload59
 3.003412e-12 0.000000e+00 6.402207e-13 3.643632e-12 clkload55
 3.003007e-12 0.000000e+00 6.402207e-13 3.643227e-12 clkload48
 2.999737e-12 0.000000e+00 6.402207e-13 3.639958e-12 clkload69
 4.938026e-14 9.048682e-14 1.181000e-12 1.320867e-12 _24551_
 4.937367e-14 8.941978e-14 1.181000e-12 1.319793e-12 _24546_
 4.950805e-14 8.736963e-14 1.181000e-12 1.317878e-12 _24554_
 4.900996e-14 5.627293e-14 1.181000e-12 1.286283e-12 _24556_
 4.894145e-14 4.322694e-14 1.181000e-12 1.273168e-12 _24552_
 4.905715e-14 4.246702e-14 1.181000e-12 1.272524e-12 _24560_
 4.892103e-14 4.142773e-14 1.181000e-12 1.271349e-12 _24547_
 4.884488e-14 4.082303e-14 1.181000e-12 1.270668e-12 _24553_
 4.888664e-14 3.837485e-14 1.181000e-12 1.268261e-12 _24544_
 4.880592e-14 3.768974e-14 1.181000e-12 1.267496e-12 _24548_
 4.879726e-14 3.699108e-14 1.181000e-12 1.266788e-12 _24549_
 4.878637e-14 3.611307e-14 1.181000e-12 1.265899e-12 _24545_
 4.865573e-14 3.158580e-14 1.181000e-12 1.261242e-12 _24557_
 4.862154e-14 3.084095e-14 1.181000e-12 1.260462e-12 _24562_
 4.863470e-14 3.005301e-14 1.181000e-12 1.259688e-12 _24550_
 4.859084e-14 2.537665e-14 1.181000e-12 1.254967e-12 _24563_
 4.831040e-14 2.405794e-14 1.181000e-12 1.253368e-12 _24559_
 4.847591e-14 2.313861e-14 1.181000e-12 1.252614e-12 _24558_
 4.846035e-14 2.283539e-14 1.181000e-12 1.252296e-12 _24561_
 4.816564e-14 2.090230e-14 1.181000e-12 1.250068e-12 _24555_
 8.616249e-20 1.853829e-19 1.181000e-12 1.181000e-12 input5
 6.481170e-20 1.100106e-19 1.181000e-12 1.181000e-12 input2
 6.486889e-20 9.939564e-20 1.181000e-12 1.181000e-12 input3
 8.634494e-20 1.543263e-19 1.181000e-12 1.181000e-12 input4
 4.318815e-20 7.738290e-20 1.181000e-12 1.181000e-12 input1
 2.148841e-20 5.210181e-20 1.181000e-12 1.181000e-12 input7
 4.290156e-20 1.149766e-19 1.181000e-12 1.181000e-12 input6
