
===========================================================================
report_checks -path_delay max (Setup)
============================================================================
======================= nom_tt_025C_1v80 Corner ===================================

Startpoint: _41797_ (rising edge-triggered flip-flop clocked by clk)
Endpoint: _41872_ (rising edge-triggered flip-flop clocked by clk)
Path Group: clk
Path Type: max

Fanout         Cap        Slew       Delay        Time   Description
---------------------------------------------------------------------------------------------
                                  0.000000    0.000000   clock clk (rise edge)
                                  0.000000    0.000000   clock source latency
     2    0.011931    0.060041    0.040339    0.040339 ^ clk (in)
                                                         clk (net)
                      0.060044    0.000000    0.040339 ^ clkbuf_0_clk/A (sky130_fd_sc_hd__clkbuf_16)
     2    0.017594    0.039797    0.128537    0.168877 ^ clkbuf_0_clk/X (sky130_fd_sc_hd__clkbuf_16)
                                                         clknet_0_clk (net)
                      0.039807    0.000414    0.169290 ^ clkbuf_1_1__f_clk/A (sky130_fd_sc_hd__clkbuf_16)
     1    0.007112    0.030807    0.111151    0.280441 ^ clkbuf_1_1__f_clk/X (sky130_fd_sc_hd__clkbuf_16)
                                                         clknet_1_1__leaf_clk (net)
                      0.030808    0.000191    0.280633 ^ u_icg/CLK (sky130_fd_sc_hd__dlclkp_4)
     3    0.130604    0.395407    0.398368    0.679000 ^ u_icg/GCLK (sky130_fd_sc_hd__dlclkp_4)
                                                         core_clk (net)
                      0.396168    0.014244    0.693245 ^ clkbuf_0_core_clk/A (sky130_fd_sc_hd__clkbuf_16)
     9    0.237144    0.249253    0.367593    1.060837 ^ clkbuf_0_core_clk/X (sky130_fd_sc_hd__clkbuf_16)
                                                         clknet_0_core_clk (net)
                      0.254794    0.029526    1.090363 ^ clkbuf_2_3_0_core_clk/A (sky130_fd_sc_hd__clkbuf_8)
    17    0.242911    0.415468    0.432144    1.522507 ^ clkbuf_2_3_0_core_clk/X (sky130_fd_sc_hd__clkbuf_8)
                                                         clknet_2_3_0_core_clk (net)
                      0.423493    0.046304    1.568811 ^ clkbuf_5_27__f_core_clk/A (sky130_fd_sc_hd__clkbuf_16)
    31    0.164855    0.179183    0.331374    1.900185 ^ clkbuf_5_27__f_core_clk/X (sky130_fd_sc_hd__clkbuf_16)
                                                         clknet_5_27__leaf_core_clk (net)
                      0.179559    0.006654    1.906839 ^ clkbuf_leaf_196_core_clk/A (sky130_fd_sc_hd__clkbuf_8)
     7    0.029135    0.065984    0.189801    2.096641 ^ clkbuf_leaf_196_core_clk/X (sky130_fd_sc_hd__clkbuf_8)
                                                         clknet_leaf_196_core_clk (net)
                      0.065998    0.000922    2.097563 ^ _41797_/CLK (sky130_fd_sc_hd__dfxtp_1)
     2    0.005847    0.039121    0.311672    2.409235 v _41797_/Q (sky130_fd_sc_hd__dfxtp_1)
                                                         s_pad[6] (net)
                      0.039121    0.000148    2.409383 v hold222/A (sky130_fd_sc_hd__dlygate4sd3_1)
     2    0.005836    0.067816    0.567194    2.976577 v hold222/X (sky130_fd_sc_hd__dlygate4sd3_1)
                                                         net2617 (net)
                      0.067816    0.000155    2.976732 v _25734_/B (sky130_fd_sc_hd__or4_2)
     4    0.013422    0.141484    0.712032    3.688763 v _25734_/X (sky130_fd_sc_hd__or4_2)
                                                         _19381_ (net)
                      0.141484    0.000329    3.689092 v _25743_/B (sky130_fd_sc_hd__or4_4)
     8    0.032620    0.130238    0.617559    4.306651 v _25743_/X (sky130_fd_sc_hd__or4_4)
                                                         _19390_ (net)
                      0.130251    0.001376    4.308027 v _25749_/C (sky130_fd_sc_hd__or4_1)
     2    0.016296    0.158928    0.591327    4.899354 v _25749_/X (sky130_fd_sc_hd__or4_1)
                                                         _19396_ (net)
                      0.158929    0.000801    4.900155 v fanout691/A (sky130_fd_sc_hd__clkbuf_4)
    21    0.067976    0.137251    0.281418    5.181572 v fanout691/X (sky130_fd_sc_hd__clkbuf_4)
                                                         net691 (net)
                      0.137335    0.003181    5.184754 v _26288_/B (sky130_fd_sc_hd__or4b_4)
     7    0.036029    0.136452    0.625699    5.810453 v _26288_/X (sky130_fd_sc_hd__or4b_4)
                                                         _19815_ (net)
                      0.136479    0.001922    5.812375 v _26289_/B (sky130_fd_sc_hd__and2_1)
     2    0.014362    0.082808    0.240718    6.053093 v _26289_/X (sky130_fd_sc_hd__and2_1)
                                                         _19816_ (net)
                      0.082808    0.000323    6.053416 v fanout312/A (sky130_fd_sc_hd__clkbuf_4)
    10    0.055278    0.114909    0.229427    6.282843 v fanout312/X (sky130_fd_sc_hd__clkbuf_4)
                                                         net312 (net)
                      0.115193    0.004197    6.287039 v _30755_/A (sky130_fd_sc_hd__xnor2_4)
    10    0.050138    0.397466    0.390186    6.677226 ^ _30755_/Y (sky130_fd_sc_hd__xnor2_4)
                                                         _05392_ (net)
                      0.397478    0.001834    6.679060 ^ _31061_/A2 (sky130_fd_sc_hd__a211o_1)
     1    0.004056    0.052541    0.193451    6.872511 ^ _31061_/X (sky130_fd_sc_hd__a211o_1)
                                                         _05682_ (net)
                      0.052541    0.000133    6.872643 ^ _31063_/B1 (sky130_fd_sc_hd__o311a_1)
     1    0.004967    0.068266    0.168761    7.041405 ^ _31063_/X (sky130_fd_sc_hd__o311a_1)
                                                         _05684_ (net)
                      0.068266    0.000178    7.041583 ^ _31067_/B1 (sky130_fd_sc_hd__o21a_1)
     7    0.040188    0.378305    0.356312    7.397895 ^ _31067_/X (sky130_fd_sc_hd__o21a_1)
                                                         _05688_ (net)
                      0.378332    0.002686    7.400581 ^ fanout263/A (sky130_fd_sc_hd__clkbuf_4)
    10    0.045581    0.146186    0.310582    7.711164 ^ fanout263/X (sky130_fd_sc_hd__clkbuf_4)
                                                         net263 (net)
                      0.146186    0.000478    7.711641 ^ fanout262/A (sky130_fd_sc_hd__buf_2)
    10    0.036037    0.178859    0.238562    7.950203 ^ fanout262/X (sky130_fd_sc_hd__buf_2)
                                                         net262 (net)
                      0.178859    0.000457    7.950660 ^ _31126_/B (sky130_fd_sc_hd__xnor2_1)
     3    0.010287    0.117642    0.133739    8.084399 v _31126_/Y (sky130_fd_sc_hd__xnor2_1)
                                                         _05747_ (net)
                      0.117642    0.000246    8.084645 v _31145_/B (sky130_fd_sc_hd__or4b_1)
     1    0.003252    0.085960    0.520855    8.605500 v _31145_/X (sky130_fd_sc_hd__or4b_1)
                                                         _05766_ (net)
                      0.085960    0.000106    8.605606 v _31146_/C (sky130_fd_sc_hd__or3_1)
     3    0.014407    0.123655    0.391723    8.997330 v _31146_/X (sky130_fd_sc_hd__or3_1)
                                                         _05767_ (net)
                      0.123655    0.000568    8.997898 v _31164_/A1 (sky130_fd_sc_hd__a21o_1)
     3    0.009080    0.059205    0.211474    9.209372 v _31164_/X (sky130_fd_sc_hd__a21o_1)
                                                         _05785_ (net)
                      0.059205    0.000233    9.209604 v _31171_/A1 (sky130_fd_sc_hd__a211o_1)
     2    0.006827    0.066609    0.278698    9.488302 v _31171_/X (sky130_fd_sc_hd__a211o_1)
                                                         _05792_ (net)
                      0.066609    0.000120    9.488421 v _31173_/A1 (sky130_fd_sc_hd__a21o_1)
     1    0.002709    0.032557    0.157873    9.646295 v _31173_/X (sky130_fd_sc_hd__a21o_1)
                                                         _05794_ (net)
                      0.032557    0.000084    9.646379 v fanout123/A (sky130_fd_sc_hd__buf_2)
     9    0.041109    0.101300    0.186025    9.832404 v fanout123/X (sky130_fd_sc_hd__buf_2)
                                                         net123 (net)
                      0.101302    0.000683    9.833088 v fanout122/A (sky130_fd_sc_hd__buf_2)
    10    0.036512    0.092357    0.209708   10.042795 v fanout122/X (sky130_fd_sc_hd__buf_2)
                                                         net122 (net)
                      0.092359    0.000557   10.043352 v _31176_/A1 (sky130_fd_sc_hd__o21a_1)
     5    0.026462    0.138557    0.295629   10.338982 v _31176_/X (sky130_fd_sc_hd__o21a_1)
                                                         _05797_ (net)
                      0.138560    0.000809   10.339790 v fanout68/A (sky130_fd_sc_hd__clkbuf_4)
    10    0.050121    0.108190    0.248570   10.588361 v fanout68/X (sky130_fd_sc_hd__clkbuf_4)
                                                         net68 (net)
                      0.108221    0.001735   10.590096 v _31193_/A1 (sky130_fd_sc_hd__a22o_1)
     1    0.002658    0.039317    0.223864   10.813960 v _31193_/X (sky130_fd_sc_hd__a22o_1)
                                                         _05813_ (net)
                      0.039317    0.000075   10.814035 v _31195_/A2 (sky130_fd_sc_hd__a211oi_1)
     1    0.002768    0.180789    0.219691   11.033727 ^ _31195_/Y (sky130_fd_sc_hd__a211oi_1)
                                                         _00710_ (net)
                      0.180789    0.000060   11.033787 ^ hold937/A (sky130_fd_sc_hd__dlygate4sd3_1)
     1    0.002623    0.051358    0.568146   11.601933 ^ hold937/X (sky130_fd_sc_hd__dlygate4sd3_1)
                                                         net3332 (net)
                      0.051358    0.000079   11.602012 ^ _41872_/D (sky130_fd_sc_hd__dfxtp_2)
                                             11.602012   data arrival time

                                 20.000000   20.000000   clock clk (rise edge)
                                  0.000000   20.000000   clock source latency
     2    0.011931    0.060041    0.040339   20.040340 ^ clk (in)
                                                         clk (net)
                      0.060044    0.000000   20.040340 ^ clkbuf_0_clk/A (sky130_fd_sc_hd__clkbuf_16)
     2    0.017594    0.039797    0.128537   20.168877 ^ clkbuf_0_clk/X (sky130_fd_sc_hd__clkbuf_16)
                                                         clknet_0_clk (net)
                      0.039807    0.000414   20.169291 ^ clkbuf_1_1__f_clk/A (sky130_fd_sc_hd__clkbuf_16)
     1    0.007112    0.030807    0.111150   20.280441 ^ clkbuf_1_1__f_clk/X (sky130_fd_sc_hd__clkbuf_16)
                                                         clknet_1_1__leaf_clk (net)
                      0.030808    0.000192   20.280632 ^ u_icg/CLK (sky130_fd_sc_hd__dlclkp_4)
     3    0.130604    0.395407    0.398368   20.679001 ^ u_icg/GCLK (sky130_fd_sc_hd__dlclkp_4)
                                                         core_clk (net)
                      0.396168    0.014245   20.693245 ^ clkbuf_0_core_clk/A (sky130_fd_sc_hd__clkbuf_16)
     9    0.237144    0.249253    0.367592   21.060837 ^ clkbuf_0_core_clk/X (sky130_fd_sc_hd__clkbuf_16)
                                                         clknet_0_core_clk (net)
                      0.254794    0.029527   21.090364 ^ clkbuf_2_3_0_core_clk/A (sky130_fd_sc_hd__clkbuf_8)
    17    0.242911    0.415468    0.432143   21.522507 ^ clkbuf_2_3_0_core_clk/X (sky130_fd_sc_hd__clkbuf_8)
                                                         clknet_2_3_0_core_clk (net)
                      0.424598    0.049202   21.571709 ^ clkbuf_5_30__f_core_clk/A (sky130_fd_sc_hd__clkbuf_16)
    27    0.154130    0.168913    0.323364   21.895073 ^ clkbuf_5_30__f_core_clk/X (sky130_fd_sc_hd__clkbuf_16)
                                                         clknet_5_30__leaf_core_clk (net)
                      0.169894    0.010301   21.905375 ^ clkbuf_leaf_191_core_clk/A (sky130_fd_sc_hd__clkbuf_8)
     7    0.045422    0.091030    0.206574   22.111948 ^ clkbuf_leaf_191_core_clk/X (sky130_fd_sc_hd__clkbuf_8)
                                                         clknet_leaf_191_core_clk (net)
                      0.091035    0.000750   22.112698 ^ _41872_/CLK (sky130_fd_sc_hd__dfxtp_2)
                                 -0.250000   21.862700   clock uncertainty
                                  0.000000   21.862700   clock reconvergence pessimism
                                 -0.053537   21.809162   library setup time
                                             21.809162   data required time
---------------------------------------------------------------------------------------------
                                             21.809162   data required time
                                            -11.602012   data arrival time
---------------------------------------------------------------------------------------------
                                             10.207150   slack (MET)


Startpoint: _41797_ (rising edge-triggered flip-flop clocked by clk)
Endpoint: _41871_ (rising edge-triggered flip-flop clocked by clk)
Path Group: clk
Path Type: max

Fanout         Cap        Slew       Delay        Time   Description
---------------------------------------------------------------------------------------------
                                  0.000000    0.000000   clock clk (rise edge)
                                  0.000000    0.000000   clock source latency
     2    0.011931    0.060041    0.040339    0.040339 ^ clk (in)
                                                         clk (net)
                      0.060044    0.000000    0.040339 ^ clkbuf_0_clk/A (sky130_fd_sc_hd__clkbuf_16)
     2    0.017594    0.039797    0.128537    0.168877 ^ clkbuf_0_clk/X (sky130_fd_sc_hd__clkbuf_16)
                                                         clknet_0_clk (net)
                      0.039807    0.000414    0.169290 ^ clkbuf_1_1__f_clk/A (sky130_fd_sc_hd__clkbuf_16)
     1    0.007112    0.030807    0.111151    0.280441 ^ clkbuf_1_1__f_clk/X (sky130_fd_sc_hd__clkbuf_16)
                                                         clknet_1_1__leaf_clk (net)
                      0.030808    0.000191    0.280633 ^ u_icg/CLK (sky130_fd_sc_hd__dlclkp_4)
     3    0.130604    0.395407    0.398368    0.679000 ^ u_icg/GCLK (sky130_fd_sc_hd__dlclkp_4)
                                                         core_clk (net)
                      0.396168    0.014244    0.693245 ^ clkbuf_0_core_clk/A (sky130_fd_sc_hd__clkbuf_16)
     9    0.237144    0.249253    0.367593    1.060837 ^ clkbuf_0_core_clk/X (sky130_fd_sc_hd__clkbuf_16)
                                                         clknet_0_core_clk (net)
                      0.254794    0.029526    1.090363 ^ clkbuf_2_3_0_core_clk/A (sky130_fd_sc_hd__clkbuf_8)
    17    0.242911    0.415468    0.432144    1.522507 ^ clkbuf_2_3_0_core_clk/X (sky130_fd_sc_hd__clkbuf_8)
                                                         clknet_2_3_0_core_clk (net)
                      0.423493    0.046304    1.568811 ^ clkbuf_5_27__f_core_clk/A (sky130_fd_sc_hd__clkbuf_16)
    31    0.164855    0.179183    0.331374    1.900185 ^ clkbuf_5_27__f_core_clk/X (sky130_fd_sc_hd__clkbuf_16)
                                                         clknet_5_27__leaf_core_clk (net)
                      0.179559    0.006654    1.906839 ^ clkbuf_leaf_196_core_clk/A (sky130_fd_sc_hd__clkbuf_8)
     7    0.029135    0.065984    0.189801    2.096641 ^ clkbuf_leaf_196_core_clk/X (sky130_fd_sc_hd__clkbuf_8)
                                                         clknet_leaf_196_core_clk (net)
                      0.065998    0.000922    2.097563 ^ _41797_/CLK (sky130_fd_sc_hd__dfxtp_1)
     2    0.005847    0.039121    0.311672    2.409235 v _41797_/Q (sky130_fd_sc_hd__dfxtp_1)
                                                         s_pad[6] (net)
                      0.039121    0.000148    2.409383 v hold222/A (sky130_fd_sc_hd__dlygate4sd3_1)
     2    0.005836    0.067816    0.567194    2.976577 v hold222/X (sky130_fd_sc_hd__dlygate4sd3_1)
                                                         net2617 (net)
                      0.067816    0.000155    2.976732 v _25734_/B (sky130_fd_sc_hd__or4_2)
     4    0.013422    0.141484    0.712032    3.688763 v _25734_/X (sky130_fd_sc_hd__or4_2)
                                                         _19381_ (net)
                      0.141484    0.000329    3.689092 v _25743_/B (sky130_fd_sc_hd__or4_4)
     8    0.032620    0.130238    0.617559    4.306651 v _25743_/X (sky130_fd_sc_hd__or4_4)
                                                         _19390_ (net)
                      0.130251    0.001376    4.308027 v _25749_/C (sky130_fd_sc_hd__or4_1)
     2    0.016296    0.158928    0.591327    4.899354 v _25749_/X (sky130_fd_sc_hd__or4_1)
                                                         _19396_ (net)
                      0.158929    0.000801    4.900155 v fanout691/A (sky130_fd_sc_hd__clkbuf_4)
    21    0.067976    0.137251    0.281418    5.181572 v fanout691/X (sky130_fd_sc_hd__clkbuf_4)
                                                         net691 (net)
                      0.137335    0.003181    5.184754 v _26288_/B (sky130_fd_sc_hd__or4b_4)
     7    0.036029    0.136452    0.625699    5.810453 v _26288_/X (sky130_fd_sc_hd__or4b_4)
                                                         _19815_ (net)
                      0.136479    0.001922    5.812375 v _26289_/B (sky130_fd_sc_hd__and2_1)
     2    0.014362    0.082808    0.240718    6.053093 v _26289_/X (sky130_fd_sc_hd__and2_1)
                                                         _19816_ (net)
                      0.082808    0.000323    6.053416 v fanout312/A (sky130_fd_sc_hd__clkbuf_4)
    10    0.055278    0.114909    0.229427    6.282843 v fanout312/X (sky130_fd_sc_hd__clkbuf_4)
                                                         net312 (net)
                      0.115193    0.004197    6.287039 v _30755_/A (sky130_fd_sc_hd__xnor2_4)
    10    0.050138    0.397466    0.390186    6.677226 ^ _30755_/Y (sky130_fd_sc_hd__xnor2_4)
                                                         _05392_ (net)
                      0.397478    0.001834    6.679060 ^ _31061_/A2 (sky130_fd_sc_hd__a211o_1)
     1    0.004056    0.052541    0.193451    6.872511 ^ _31061_/X (sky130_fd_sc_hd__a211o_1)
                                                         _05682_ (net)
                      0.052541    0.000133    6.872643 ^ _31063_/B1 (sky130_fd_sc_hd__o311a_1)
     1    0.004967    0.068266    0.168761    7.041405 ^ _31063_/X (sky130_fd_sc_hd__o311a_1)
                                                         _05684_ (net)
                      0.068266    0.000178    7.041583 ^ _31067_/B1 (sky130_fd_sc_hd__o21a_1)
     7    0.040188    0.378305    0.356312    7.397895 ^ _31067_/X (sky130_fd_sc_hd__o21a_1)
                                                         _05688_ (net)
                      0.378332    0.002686    7.400581 ^ fanout263/A (sky130_fd_sc_hd__clkbuf_4)
    10    0.045581    0.146186    0.310582    7.711164 ^ fanout263/X (sky130_fd_sc_hd__clkbuf_4)
                                                         net263 (net)
                      0.146186    0.000478    7.711641 ^ fanout262/A (sky130_fd_sc_hd__buf_2)
    10    0.036037    0.178859    0.238562    7.950203 ^ fanout262/X (sky130_fd_sc_hd__buf_2)
                                                         net262 (net)
                      0.178859    0.000457    7.950660 ^ _31126_/B (sky130_fd_sc_hd__xnor2_1)
     3    0.010287    0.117642    0.133739    8.084399 v _31126_/Y (sky130_fd_sc_hd__xnor2_1)
                                                         _05747_ (net)
                      0.117642    0.000246    8.084645 v _31145_/B (sky130_fd_sc_hd__or4b_1)
     1    0.003252    0.085960    0.520855    8.605500 v _31145_/X (sky130_fd_sc_hd__or4b_1)
                                                         _05766_ (net)
                      0.085960    0.000106    8.605606 v _31146_/C (sky130_fd_sc_hd__or3_1)
     3    0.014407    0.123655    0.391723    8.997330 v _31146_/X (sky130_fd_sc_hd__or3_1)
                                                         _05767_ (net)
                      0.123655    0.000568    8.997898 v _31164_/A1 (sky130_fd_sc_hd__a21o_1)
     3    0.009080    0.059205    0.211474    9.209372 v _31164_/X (sky130_fd_sc_hd__a21o_1)
                                                         _05785_ (net)
                      0.059205    0.000233    9.209604 v _31171_/A1 (sky130_fd_sc_hd__a211o_1)
     2    0.006827    0.066609    0.278698    9.488302 v _31171_/X (sky130_fd_sc_hd__a211o_1)
                                                         _05792_ (net)
                      0.066609    0.000120    9.488421 v _31173_/A1 (sky130_fd_sc_hd__a21o_1)
     1    0.002709    0.032557    0.157873    9.646295 v _31173_/X (sky130_fd_sc_hd__a21o_1)
                                                         _05794_ (net)
                      0.032557    0.000084    9.646379 v fanout123/A (sky130_fd_sc_hd__buf_2)
     9    0.041109    0.101300    0.186025    9.832404 v fanout123/X (sky130_fd_sc_hd__buf_2)
                                                         net123 (net)
                      0.101302    0.000683    9.833088 v fanout122/A (sky130_fd_sc_hd__buf_2)
    10    0.036512    0.092357    0.209708   10.042795 v fanout122/X (sky130_fd_sc_hd__buf_2)
                                                         net122 (net)
                      0.092359    0.000557   10.043352 v _31176_/A1 (sky130_fd_sc_hd__o21a_1)
     5    0.026462    0.138557    0.295629   10.338982 v _31176_/X (sky130_fd_sc_hd__o21a_1)
                                                         _05797_ (net)
                      0.138560    0.000809   10.339790 v fanout68/A (sky130_fd_sc_hd__clkbuf_4)
    10    0.050121    0.108190    0.248570   10.588361 v fanout68/X (sky130_fd_sc_hd__clkbuf_4)
                                                         net68 (net)
                      0.108224    0.001794   10.590155 v _31184_/A1 (sky130_fd_sc_hd__a21o_1)
     1    0.003865    0.037770    0.181503   10.771658 v _31184_/X (sky130_fd_sc_hd__a21o_1)
                                                         _05805_ (net)
                      0.037770    0.000086   10.771744 v _31185_/A2 (sky130_fd_sc_hd__a21oi_1)
     1    0.002266    0.100067    0.124283   10.896027 ^ _31185_/Y (sky130_fd_sc_hd__a21oi_1)
                                                         _00709_ (net)
                      0.100067    0.000064   10.896091 ^ hold525/A (sky130_fd_sc_hd__dlygate4sd3_1)
     1    0.002527    0.050602    0.548442   11.444532 ^ hold525/X (sky130_fd_sc_hd__dlygate4sd3_1)
                                                         net2920 (net)
                      0.050602    0.000075   11.444609 ^ _41871_/D (sky130_fd_sc_hd__dfxtp_1)
                                             11.444609   data arrival time

                                 20.000000   20.000000   clock clk (rise edge)
                                  0.000000   20.000000   clock source latency
     2    0.011931    0.060041    0.040339   20.040340 ^ clk (in)
                                                         clk (net)
                      0.060044    0.000000   20.040340 ^ clkbuf_0_clk/A (sky130_fd_sc_hd__clkbuf_16)
     2    0.017594    0.039797    0.128537   20.168877 ^ clkbuf_0_clk/X (sky130_fd_sc_hd__clkbuf_16)
                                                         clknet_0_clk (net)
                      0.039807    0.000414   20.169291 ^ clkbuf_1_1__f_clk/A (sky130_fd_sc_hd__clkbuf_16)
     1    0.007112    0.030807    0.111150   20.280441 ^ clkbuf_1_1__f_clk/X (sky130_fd_sc_hd__clkbuf_16)
                                                         clknet_1_1__leaf_clk (net)
                      0.030808    0.000192   20.280632 ^ u_icg/CLK (sky130_fd_sc_hd__dlclkp_4)
     3    0.130604    0.395407    0.398368   20.679001 ^ u_icg/GCLK (sky130_fd_sc_hd__dlclkp_4)
                                                         core_clk (net)
                      0.396168    0.014245   20.693245 ^ clkbuf_0_core_clk/A (sky130_fd_sc_hd__clkbuf_16)
     9    0.237144    0.249253    0.367592   21.060837 ^ clkbuf_0_core_clk/X (sky130_fd_sc_hd__clkbuf_16)
                                                         clknet_0_core_clk (net)
                      0.254794    0.029527   21.090364 ^ clkbuf_2_3_0_core_clk/A (sky130_fd_sc_hd__clkbuf_8)
    17    0.242911    0.415468    0.432143   21.522507 ^ clkbuf_2_3_0_core_clk/X (sky130_fd_sc_hd__clkbuf_8)
                                                         clknet_2_3_0_core_clk (net)
                      0.424598    0.049202   21.571709 ^ clkbuf_5_30__f_core_clk/A (sky130_fd_sc_hd__clkbuf_16)
    27    0.154130    0.168913    0.323364   21.895073 ^ clkbuf_5_30__f_core_clk/X (sky130_fd_sc_hd__clkbuf_16)
                                                         clknet_5_30__leaf_core_clk (net)
                      0.169894    0.010301   21.905375 ^ clkbuf_leaf_191_core_clk/A (sky130_fd_sc_hd__clkbuf_8)
     7    0.045422    0.091030    0.206574   22.111948 ^ clkbuf_leaf_191_core_clk/X (sky130_fd_sc_hd__clkbuf_8)
                                                         clknet_leaf_191_core_clk (net)
                      0.091033    0.000671   22.112619 ^ _41871_/CLK (sky130_fd_sc_hd__dfxtp_1)
                                 -0.250000   21.862621   clock uncertainty
                                  0.000000   21.862621   clock reconvergence pessimism
                                 -0.048713   21.813908   library setup time
                                             21.813908   data required time
---------------------------------------------------------------------------------------------
                                             21.813908   data required time
                                            -11.444609   data arrival time
---------------------------------------------------------------------------------------------
                                             10.369300   slack (MET)


Startpoint: _41797_ (rising edge-triggered flip-flop clocked by clk)
Endpoint: _41883_ (rising edge-triggered flip-flop clocked by clk)
Path Group: clk
Path Type: max

Fanout         Cap        Slew       Delay        Time   Description
---------------------------------------------------------------------------------------------
                                  0.000000    0.000000   clock clk (rise edge)
                                  0.000000    0.000000   clock source latency
     2    0.011931    0.060041    0.040339    0.040339 ^ clk (in)
                                                         clk (net)
                      0.060044    0.000000    0.040339 ^ clkbuf_0_clk/A (sky130_fd_sc_hd__clkbuf_16)
     2    0.017594    0.039797    0.128537    0.168877 ^ clkbuf_0_clk/X (sky130_fd_sc_hd__clkbuf_16)
                                                         clknet_0_clk (net)
                      0.039807    0.000414    0.169290 ^ clkbuf_1_1__f_clk/A (sky130_fd_sc_hd__clkbuf_16)
     1    0.007112    0.030807    0.111151    0.280441 ^ clkbuf_1_1__f_clk/X (sky130_fd_sc_hd__clkbuf_16)
                                                         clknet_1_1__leaf_clk (net)
                      0.030808    0.000191    0.280633 ^ u_icg/CLK (sky130_fd_sc_hd__dlclkp_4)
     3    0.130604    0.395407    0.398368    0.679000 ^ u_icg/GCLK (sky130_fd_sc_hd__dlclkp_4)
                                                         core_clk (net)
                      0.396168    0.014244    0.693245 ^ clkbuf_0_core_clk/A (sky130_fd_sc_hd__clkbuf_16)
     9    0.237144    0.249253    0.367593    1.060837 ^ clkbuf_0_core_clk/X (sky130_fd_sc_hd__clkbuf_16)
                                                         clknet_0_core_clk (net)
                      0.254794    0.029526    1.090363 ^ clkbuf_2_3_0_core_clk/A (sky130_fd_sc_hd__clkbuf_8)
    17    0.242911    0.415468    0.432144    1.522507 ^ clkbuf_2_3_0_core_clk/X (sky130_fd_sc_hd__clkbuf_8)
                                                         clknet_2_3_0_core_clk (net)
                      0.423493    0.046304    1.568811 ^ clkbuf_5_27__f_core_clk/A (sky130_fd_sc_hd__clkbuf_16)
    31    0.164855    0.179183    0.331374    1.900185 ^ clkbuf_5_27__f_core_clk/X (sky130_fd_sc_hd__clkbuf_16)
                                                         clknet_5_27__leaf_core_clk (net)
                      0.179559    0.006654    1.906839 ^ clkbuf_leaf_196_core_clk/A (sky130_fd_sc_hd__clkbuf_8)
     7    0.029135    0.065984    0.189801    2.096641 ^ clkbuf_leaf_196_core_clk/X (sky130_fd_sc_hd__clkbuf_8)
                                                         clknet_leaf_196_core_clk (net)
                      0.065998    0.000922    2.097563 ^ _41797_/CLK (sky130_fd_sc_hd__dfxtp_1)
     2    0.005847    0.039121    0.311672    2.409235 v _41797_/Q (sky130_fd_sc_hd__dfxtp_1)
                                                         s_pad[6] (net)
                      0.039121    0.000148    2.409383 v hold222/A (sky130_fd_sc_hd__dlygate4sd3_1)
     2    0.005836    0.067816    0.567194    2.976577 v hold222/X (sky130_fd_sc_hd__dlygate4sd3_1)
                                                         net2617 (net)
                      0.067816    0.000155    2.976732 v _25734_/B (sky130_fd_sc_hd__or4_2)
     4    0.013422    0.141484    0.712032    3.688763 v _25734_/X (sky130_fd_sc_hd__or4_2)
                                                         _19381_ (net)
                      0.141484    0.000329    3.689092 v _25743_/B (sky130_fd_sc_hd__or4_4)
     8    0.032620    0.130238    0.617559    4.306651 v _25743_/X (sky130_fd_sc_hd__or4_4)
                                                         _19390_ (net)
                      0.130251    0.001376    4.308027 v _25749_/C (sky130_fd_sc_hd__or4_1)
     2    0.016296    0.158928    0.591327    4.899354 v _25749_/X (sky130_fd_sc_hd__or4_1)
                                                         _19396_ (net)
                      0.158929    0.000801    4.900155 v fanout691/A (sky130_fd_sc_hd__clkbuf_4)
    21    0.067976    0.137251    0.281418    5.181572 v fanout691/X (sky130_fd_sc_hd__clkbuf_4)
                                                         net691 (net)
                      0.137335    0.003181    5.184754 v _26288_/B (sky130_fd_sc_hd__or4b_4)
     7    0.036029    0.136452    0.625699    5.810453 v _26288_/X (sky130_fd_sc_hd__or4b_4)
                                                         _19815_ (net)
                      0.136479    0.001922    5.812375 v _26289_/B (sky130_fd_sc_hd__and2_1)
     2    0.014362    0.082808    0.240718    6.053093 v _26289_/X (sky130_fd_sc_hd__and2_1)
                                                         _19816_ (net)
                      0.082808    0.000323    6.053416 v fanout312/A (sky130_fd_sc_hd__clkbuf_4)
    10    0.055278    0.114909    0.229427    6.282843 v fanout312/X (sky130_fd_sc_hd__clkbuf_4)
                                                         net312 (net)
                      0.115193    0.004197    6.287039 v _30755_/A (sky130_fd_sc_hd__xnor2_4)
    10    0.050138    0.397466    0.390186    6.677226 ^ _30755_/Y (sky130_fd_sc_hd__xnor2_4)
                                                         _05392_ (net)
                      0.397478    0.001834    6.679060 ^ _31061_/A2 (sky130_fd_sc_hd__a211o_1)
     1    0.004056    0.052541    0.193451    6.872511 ^ _31061_/X (sky130_fd_sc_hd__a211o_1)
                                                         _05682_ (net)
                      0.052541    0.000133    6.872643 ^ _31063_/B1 (sky130_fd_sc_hd__o311a_1)
     1    0.004967    0.068266    0.168761    7.041405 ^ _31063_/X (sky130_fd_sc_hd__o311a_1)
                                                         _05684_ (net)
                      0.068266    0.000178    7.041583 ^ _31067_/B1 (sky130_fd_sc_hd__o21a_1)
     7    0.040188    0.378305    0.356312    7.397895 ^ _31067_/X (sky130_fd_sc_hd__o21a_1)
                                                         _05688_ (net)
                      0.378332    0.002686    7.400581 ^ fanout263/A (sky130_fd_sc_hd__clkbuf_4)
    10    0.045581    0.146186    0.310582    7.711164 ^ fanout263/X (sky130_fd_sc_hd__clkbuf_4)
                                                         net263 (net)
                      0.146186    0.000478    7.711641 ^ fanout262/A (sky130_fd_sc_hd__buf_2)
    10    0.036037    0.178859    0.238562    7.950203 ^ fanout262/X (sky130_fd_sc_hd__buf_2)
                                                         net262 (net)
                      0.178859    0.000457    7.950660 ^ _31126_/B (sky130_fd_sc_hd__xnor2_1)
     3    0.010287    0.117642    0.133739    8.084399 v _31126_/Y (sky130_fd_sc_hd__xnor2_1)
                                                         _05747_ (net)
                      0.117642    0.000246    8.084645 v _31145_/B (sky130_fd_sc_hd__or4b_1)
     1    0.003252    0.085960    0.520855    8.605500 v _31145_/X (sky130_fd_sc_hd__or4b_1)
